Aug 13 03:29:37 nimbus-eth1-mainnet-short-benchmark[1182723]: >>> starting cloneOrFetchBenchmarksRepo
Aug 13 03:29:37 nimbus-eth1-mainnet-short-benchmark[1182723]: >>> Fetching latest changes for nimbus-eth1-benchmarks...
Aug 13 03:29:39 nimbus-eth1-mainnet-short-benchmark[1182770]: HEAD is now at e70ec9b chore: update short benchmark Readme
Aug 13 03:29:39 nimbus-eth1-mainnet-short-benchmark[1182723]: <<< ending cloneOrFetchBenchmarksRepo (success)
Aug 13 03:29:39 nimbus-eth1-mainnet-short-benchmark[1182723]: >>> starting cloneOrFetchNimbusRepo
Aug 13 03:29:52 nimbus-eth1-mainnet-short-benchmark[1182723]: >>> Fetching latest changes for nimbus-eth1...
Aug 13 03:29:53 nimbus-eth1-mainnet-short-benchmark[1183113]: From https://github.com/status-im/nimbus-eth1
Aug 13 03:29:53 nimbus-eth1-mainnet-short-benchmark[1183113]:    f787a74bb..ac06dbf4c  master         -> origin/master
Aug 13 03:29:53 nimbus-eth1-mainnet-short-benchmark[1183113]:  * [new branch]          empty-fin      -> origin/empty-fin
Aug 13 03:29:53 nimbus-eth1-mainnet-short-benchmark[1183113]:    20dc01172..197f5ad39  focil          -> origin/focil
Aug 13 03:29:53 nimbus-eth1-mainnet-short-benchmark[1183113]:  * [new branch]          focil-devnet-0 -> origin/focil-devnet-0
Aug 13 03:29:53 nimbus-eth1-mainnet-short-benchmark[1183113]:  + 19c57a776...ac00392fa txframe        -> origin/txframe  (forced update)
Aug 13 03:29:53 nimbus-eth1-mainnet-short-benchmark[1183130]: Auto packing the repository in background for optimum performance.
Aug 13 03:29:53 nimbus-eth1-mainnet-short-benchmark[1183130]: See "git help gc" for manual housekeeping.
Aug 13 03:29:53 nimbus-eth1-mainnet-short-benchmark[1183135]: warning: unable to rmdir 'vendor/libtommath': Directory not empty
Aug 13 03:29:54 nimbus-eth1-mainnet-short-benchmark[1183135]: HEAD is now at ac06dbf4c Inline evm memory and stack helper functions (#4626)
Aug 13 03:29:54 nimbus-eth1-mainnet-short-benchmark[1182723]: >>> Found last benchmarked commit: 6f8373a4
Aug 13 03:29:54 nimbus-eth1-mainnet-short-benchmark[1182723]: >>> Using next commit: d7b587776e71ff0169256785ef21a207edfc3bfc
Aug 13 03:29:54 nimbus-eth1-mainnet-short-benchmark[1183152]: HEAD is now at d7b587776 wrap each trial's runComputation in a ledger savepoint that is always rolled back (#4475)
Aug 13 03:29:54 nimbus-eth1-mainnet-short-benchmark[1182723]: >>> Current commit: d7b587776
Aug 13 03:29:54 nimbus-eth1-mainnet-short-benchmark[1182723]: <<< ending cloneOrFetchNimbusRepo (success)
Aug 13 03:29:54 nimbus-eth1-mainnet-short-benchmark[1182723]: >>> starting buildBinaries
Aug 13 03:29:54 nimbus-eth1-mainnet-short-benchmark[1182723]: >>> Building binaries for commit d7b58777...
Aug 13 03:30:03 nimbus-eth1-mainnet-short-benchmark[1188691]: Building: Nim compiler
Aug 13 03:31:57 nimbus-eth1-mainnet-short-benchmark[1188691]: Building custom Nimble commit: 42ef70c2102a942c46f13eb76872326edd525cec
Aug 13 03:32:07 nimbus-eth1-mainnet-short-benchmark[1188691]: Building Nimble...
Aug 13 03:32:18 nimbus-eth1-mainnet-short-benchmark[1188691]: Replacing nimble binary...
Aug 13 03:32:25 nimbus-eth1-mainnet-short-benchmark[1204243]: cp: cannot stat '/data/status-im/nimbus-eth1/build/*': No such file or directory
Aug 13 03:32:25 nimbus-eth1-mainnet-short-benchmark[1204202]: ROCKSDB VERSION NOT FOUND
Aug 13 03:32:25 nimbus-eth1-mainnet-short-benchmark[1204362]: make[1]: Entering directory '/data/status-im/nimbus-eth1/vendor/nim-rocksdb/vendor/rocksdb'
Aug 13 03:32:25 nimbus-eth1-mainnet-short-benchmark[1204362]: $DEBUG_LEVEL is 0, $LIB_MODE is static
Aug 13 03:32:26 nimbus-eth1-mainnet-short-benchmark[1204362]: make[1]: Leaving directory '/data/status-im/nimbus-eth1/vendor/nim-rocksdb/vendor/rocksdb'
Aug 13 03:32:26 nimbus-eth1-mainnet-short-benchmark[1204799]: Cleaning up RocksDb build artifacts.
Aug 13 03:32:27 nimbus-eth1-mainnet-short-benchmark[1204251]: Building RocksDb static libraries.
Aug 13 03:35:40 nimbus-eth1-mainnet-short-benchmark[1208315]: Building: build/nimbus_execution_client
Aug 13 03:38:07 nimbus-eth1-mainnet-short-benchmark[1182723]: >>> renaming binaries to match commit they were built from
Aug 13 03:38:07 nimbus-eth1-mainnet-short-benchmark[1182723]: >>> creating a symbolic link to the latest version
Aug 13 03:38:07 nimbus-eth1-mainnet-short-benchmark[1182723]: >>> deleting copies that are older than N days
Aug 13 03:38:07 nimbus-eth1-mainnet-short-benchmark[1182723]: <<< ending buildBinaries (success)
Aug 13 03:38:07 nimbus-eth1-mainnet-short-benchmark[1182723]: >>> starting skipOrContinueBenchmark
Aug 13 03:38:07 nimbus-eth1-mainnet-short-benchmark[1182723]: <<< ending skipOrContinueBenchmark (success)
Aug 13 03:38:07 nimbus-eth1-mainnet-short-benchmark[1182723]: >>> starting copyTemplateDatabase
Aug 13 03:38:07 nimbus-eth1-mainnet-short-benchmark[1182723]: >>> Copying template db into nimbus data directory
Aug 13 03:41:20 nimbus-eth1-mainnet-short-benchmark[1182723]: >>> Template db copied
Aug 13 03:41:20 nimbus-eth1-mainnet-short-benchmark[1182723]: >>> making nimbus the owner of the copied files
Aug 13 03:41:20 nimbus-eth1-mainnet-short-benchmark[1182723]: <<< ending copyTemplateDatabase (success)
Aug 13 03:41:20 nimbus-eth1-mainnet-short-benchmark[1182723]: >>> starting startNimbusWithImport
Aug 13 03:41:20 nimbus-eth1-mainnet-short-benchmark[1214359]: INF 2026-08-13 03:41:20.151+00:00 Launching execution client                 version=v0.3.1-d7b58777 config="(configFile: none(InputFile), dataDirFlag: some(/data/status-im/nimbus-eth1/data/shared_mainnet_0), era1DirFlag: some(/data/era1), eraDirFlag: some(/data/era), ereDirFlag: none(OutDir), keyStoreDirFlag: none(OutDir), importKey: , trustedSetupFile: none(string), extraData: Nimbus/v0.3.1-d7b58777, gasLimit: none(uint64), maxBlobs: none(byte), network: [mainnet], customNetwork: none(NetworkParams), networkId: 1, networkParams: (config: ..., genesis: (nonce: 0x0000000000000042, timestamp: 0, extraData: [17, 187, 232, 219, 78, 52, 123, 78, 140, 147, 124, 28, 131, 112, 228, 181, 237, 51, 173, 179, 219, 105, 203, 219, 122, 56, 225, 229, 11, 27, 130, 250], gasLimit: 5000, difficulty: 17179869184, mixHash: 0x0000000000000000000000000000000000000000000000000000000000000000, coinbase: 0x0000000000000000000000000000000000000000, alloc: 8893, number: 0, gasUser: 0, parentHash: 0x0000000000000000000000000000000000000000000000000000000000000000, baseFeePerGas: none(), blobGasUsed: -1, excessBlobGas: -1, parentBeaconBlockRoot: none())), logLevel: INFO, logFormat: auto, metricsEnabled: false, metricsPort: 9093, metricsAddress: 127.0.0.1, bootstrapNodes: [], elBootstrapNodes: [], bootstrapFile: , elBootstrapFile: , staticPeers: [], staticPeersFile: , reconnectMaxRetry: 0, reconnectInterval: 15, listenAddress: ::, tcpPort: 30303, udpPortFlag: none(Port), maxPeersOpt: none(int), elMaxPeersOpt: none(int), nat: (hasExtIp: false, nat: NatAny), discv5: true, netKey: random, agentString: Nimbus/v0.3.1-d7b58777/linux-amd64/Nim-2.2.10, numThreads: 0, persistBatchSize: 4, dynamicBatchSize: false, rocksdbMaxOpenFiles: 2048, rocksdbWriteBufferSize: 67108864, rocksdbRowCacheSize: 0, rocksdbBlockCacheSize: 2147483648, rocksdbBlockCacheType: hyperclock, rdbVtxCacheSize: 536870912, rdbKeyCacheSize: 1342177280, rdbBranchCacheSize: 1073741824, rdbPrintStats: false, rewriteDatadirId: true, aristoDbMaxSnapshots: 5, parallelStateRootComputation: false, parallelSenderRecovery: true, optimisticStatePrefetch: false, balStatePrefetch: false, balStatePrefetchWorkers: 0, balParallelExecution: false, eagerStateRootCheck: false, deserializeFcState: true, statelessProvider: false, statelessWitnessValidation: false, cmd: import, maxBlocks: 1000000, chunkSize: 8192, csvStats: some("/data/host-benchmarks/short/27975cd91da14c27994f7b56ab89e5d5/blocks-import-benchmark.csv"), validation: false, fullValidation: false, storeBodies: false, storeReceipts: false, storeSlotHashes: false)"
Aug 13 03:41:20 nimbus-eth1-mainnet-short-benchmark[1214359]: WRN 2026-08-13 03:41:20.155+00:00 Data directory has insecure permissions. Correcting them. data_dir=/data/status-im/nimbus-eth1/data/shared_mainnet_0 current_permissions=0755 required_permissions=0700
Aug 13 03:41:22 nimbus-eth1-mainnet-short-benchmark[1214359]: INF 2026-08-13 03:41:22.071+00:00 Taskpool started                           numThreads=16
Aug 13 03:41:22 nimbus-eth1-mainnet-short-benchmark[1214359]: INF 2026-08-13 03:41:22.199+00:00 Writing data dir ID                        ID=0x0a036d6f6dfe59156bb6359f0243c93d5a421ed688de5aa85a62d15dca8dbd5c
Aug 13 03:41:22 nimbus-eth1-mainnet-short-benchmark[1214359]: INF 2026-08-13 03:41:22.231+00:00 Database initialized                       base="(0xd24fd73f794058a3807db926d8898c6481e902b7edb91ce0d479d6760f276183, 20000000)" finalized="(0xd24fd73f794058a3807db926d8898c6481e902b7edb91ce0d479d6760f276183, 20000000)" head="(0xd4e56740f876aef8c010b86a40d5f56745a118d0906a34e69aec8c0db1cb8fa3, 0)"
Aug 13 03:41:22 nimbus-eth1-mainnet-short-benchmark[1214359]: NTC 2026-08-13 03:41:22.231+00:00 Could not open ere database, falling back to era1/era import ereDir=/data/status-im/nimbus-eth1/data/shared_mainnet_0/ere networkName=mainnet error="No ere files found in /data/status-im/nimbus-eth1/data/shared_mainnet_0/ere"
Aug 13 03:41:22 nimbus-eth1-mainnet-short-benchmark[1214359]: NTC 2026-08-13 03:41:22.231+00:00 Importing era archive                      blockNumber=20000001 dataDir=/data/status-im/nimbus-eth1/data/shared_mainnet_0 eraDir=/data/era
Aug 13 03:41:24 nimbus-eth1-mainnet-short-benchmark[1214359]: NTC 2026-08-13 03:41:24.475+00:00 Matched block to slot number               blockNumber=20000001 slot=9204783
Aug 13 03:47:47 nimbus-eth1-mainnet-short-benchmark[1214359]: INF 2026-08-13 03:47:47.873+00:00 Imported blocks                            blockNumber=20008193 slot=9213020 blocks=8192 txs=1226966 mgas=124237 bps=21.24 tps=3181 mgps=322.2 avgBps=21.24 avgTps=3181 avgMGps=322.2 elapsed=6m25s643ms
Aug 13 03:53:30 nimbus-eth1-mainnet-short-benchmark[1214359]: INF 2026-08-13 03:53:30.696+00:00 Imported blocks                            blockNumber=20016385 slot=9221256 blocks=16384 txs=2540380 mgas=248071 bps=23.90 tps=3831 mgps=361.2 avgBps=22.49 avgTps=3487 avgMGps=340.5 elapsed=12m8s465ms
Aug 13 03:58:53 nimbus-eth1-mainnet-short-benchmark[1214359]: INF 2026-08-13 03:58:53.612+00:00 Imported blocks                            blockNumber=20024577 slot=9229485 blocks=24576 txs=3869398 mgas=372018 bps=25.37 tps=4115 mgps=383.8 avgBps=23.38 avgTps=3680 avgMGps=353.8 elapsed=17m31s379ms
Aug 13 04:03:43 nimbus-eth1-mainnet-short-benchmark[1214359]: INF 2026-08-13 04:03:43.704+00:00 Imported blocks                            blockNumber=20032769 slot=9237722 blocks=32768 txs=5222766 mgas=495797 bps=28.24 tps=4665 mgps=426.7 avgBps=24.43 avgTps=3893 avgMGps=369.6 elapsed=22m21s471ms
Aug 13 04:08:23 nimbus-eth1-mainnet-short-benchmark[1214359]: INF 2026-08-13 04:08:23.688+00:00 Imported blocks                            blockNumber=20040961 slot=9245957 blocks=40960 txs=6566802 mgas=619586 bps=29.26 tps=4800 mgps=442.1 avgBps=25.26 avgTps=4049 avgMGps=382.1 elapsed=27m1s455ms
Aug 13 04:13:25 nimbus-eth1-mainnet-short-benchmark[1214359]: INF 2026-08-13 04:13:24.995+00:00 Imported blocks                            blockNumber=20049153 slot=9254196 blocks=49152 txs=7904746 mgas=743522 bps=27.19 tps=4440 mgps=411.3 avgBps=25.56 avgTps=4111 avgMGps=386.7 elapsed=32m2s765ms
Aug 13 04:18:16 nimbus-eth1-mainnet-short-benchmark[1214359]: INF 2026-08-13 04:18:16.707+00:00 Imported blocks                            blockNumber=20057345 slot=9262435 blocks=57344 txs=9212009 mgas=867360 bps=28.08 tps=4481 mgps=424.5 avgBps=25.90 avgTps=4159 avgMGps=391.7 elapsed=36m54s477ms
Aug 13 04:22:48 nimbus-eth1-mainnet-short-benchmark[1214359]: INF 2026-08-13 04:22:48.039+00:00 Imported blocks                            blockNumber=20065537 slot=9270674 blocks=65536 txs=10559018 mgas=991371 bps=30.19 tps=4964 mgps=457.1 avgBps=26.36 avgTps=4247 avgMGps=398.8 elapsed=41m25s805ms
Aug 13 04:27:07 nimbus-eth1-mainnet-short-benchmark[1214359]: INF 2026-08-13 04:27:07.272+00:00 Imported blocks                            blockNumber=20073729 slot=9278910 blocks=73728 txs=11898676 mgas=1115111 bps=31.60 tps=5167 mgps=477.3 avgBps=26.86 avgTps=4334 avgMGps=406.2 elapsed=45m45s40ms
Aug 13 04:31:13 nimbus-eth1-mainnet-short-benchmark[1214359]: INF 2026-08-13 04:31:13.468+00:00 Imported blocks                            blockNumber=20081921 slot=9287152 blocks=81920 txs=13323263 mgas=1239150 bps=33.27 tps=5786 mgps=503.8 avgBps=27.39 avgTps=4454 avgMGps=414.3 elapsed=49m51s234ms
Aug 13 04:35:17 nimbus-eth1-mainnet-short-benchmark[1214359]: INF 2026-08-13 04:35:17.917+00:00 Imported blocks                            blockNumber=20090113 slot=9295408 blocks=90112 txs=14697082 mgas=1363113 bps=33.51 tps=5620 mgps=507.1 avgBps=27.85 avgTps=4542 avgMGps=421.3 elapsed=53m55s686ms
Aug 13 04:39:40 nimbus-eth1-mainnet-short-benchmark[1214359]: INF 2026-08-13 04:39:40.545+00:00 Imported blocks                            blockNumber=20098305 slot=9303658 blocks=98304 txs=16025683 mgas=1487146 bps=31.19 tps=5058 mgps=472.3 avgBps=28.10 avgTps=4580 avgMGps=425.1 elapsed=58m18s317ms
Aug 13 04:44:13 nimbus-eth1-mainnet-short-benchmark[1214359]: INF 2026-08-13 04:44:13.729+00:00 Imported blocks                            blockNumber=20106497 slot=9311895 blocks=106496 txs=17337157 mgas=1611066 bps=29.99 tps=4800 mgps=453.6 avgBps=28.24 avgTps=4596 avgMGps=427.2 elapsed=1h2m51s
Aug 13 04:48:31 nimbus-eth1-mainnet-short-benchmark[1214359]: INF 2026-08-13 04:48:31.773+00:00 Imported blocks                            blockNumber=20114689 slot=9320146 blocks=114688 txs=18632097 mgas=1735123 bps=31.75 tps=5018 mgps=480.8 avgBps=28.46 avgTps=4623 avgMGps=430.6 elapsed=1h7m9s
Aug 13 04:52:37 nimbus-eth1-mainnet-short-benchmark[1214359]: INF 2026-08-13 04:52:37.070+00:00 Imported blocks                            blockNumber=20122881 slot=9328409 blocks=122880 txs=19937418 mgas=1859249 bps=33.40 tps=5321 mgps=506.0 avgBps=28.74 avgTps=4663 avgMGps=434.9 elapsed=1h11m14s
Aug 13 04:56:39 nimbus-eth1-mainnet-short-benchmark[1214359]: INF 2026-08-13 04:56:39.102+00:00 Imported blocks                            blockNumber=20131073 slot=9336660 blocks=131072 txs=21214129 mgas=1983500 bps=33.85 tps=5275 mgps=513.4 avgBps=29.02 avgTps=4696 avgMGps=439.1 elapsed=1h15m16s
Aug 13 05:00:36 nimbus-eth1-mainnet-short-benchmark[1214359]: INF 2026-08-13 05:00:36.243+00:00 Imported blocks                            blockNumber=20139265 slot=9344906 blocks=139264 txs=22579079 mgas=2107571 bps=34.54 tps=5755 mgps=523.2 avgBps=29.29 avgTps=4749 avgMGps=443.3 elapsed=1h19m14s
Aug 13 05:05:20 nimbus-eth1-mainnet-short-benchmark[1214359]: INF 2026-08-13 05:05:20.439+00:00 Imported blocks                            blockNumber=20147457 slot=9353153 blocks=147456 txs=24133322 mgas=2231686 bps=28.83 tps=5468 mgps=436.7 avgBps=29.27 avgTps=4790 avgMGps=443.0 elapsed=1h23m58s
Aug 13 05:09:53 nimbus-eth1-mainnet-short-benchmark[1214359]: INF 2026-08-13 05:09:53.519+00:00 Imported blocks                            blockNumber=20155649 slot=9361407 blocks=155648 txs=25424015 mgas=2356018 bps=30.00 tps=4726 mgps=455.3 avgBps=29.31 avgTps=4786 avgMGps=443.6 elapsed=1h28m31s
Aug 13 05:14:06 nimbus-eth1-mainnet-short-benchmark[1214359]: INF 2026-08-13 05:14:06.231+00:00 Imported blocks                            blockNumber=20163841 slot=9369652 blocks=163840 txs=26749549 mgas=2480207 bps=32.42 tps=5245 mgps=491.4 avgBps=29.45 avgTps=4807 avgMGps=445.8 elapsed=1h32m44s
Aug 13 05:18:13 nimbus-eth1-mainnet-short-benchmark[1214359]: INF 2026-08-13 05:18:13.032+00:00 Imported blocks                            blockNumber=20172033 slot=9377892 blocks=172032 txs=28105316 mgas=2604026 bps=33.19 tps=5493 mgps=501.7 avgBps=29.61 avgTps=4836 avgMGps=448.1 elapsed=1h36m50s
Aug 13 05:22:26 nimbus-eth1-mainnet-short-benchmark[1214359]: INF 2026-08-13 05:22:26.032+00:00 Imported blocks                            blockNumber=20180225 slot=9386128 blocks=180224 txs=29524405 mgas=2728170 bps=32.38 tps=5609 mgps=490.7 avgBps=29.72 avgTps=4868 avgMGps=449.9 elapsed=1h41m3s
Aug 13 05:26:20 nimbus-eth1-mainnet-short-benchmark[1214359]: INF 2026-08-13 05:26:20.061+00:00 Imported blocks                            blockNumber=20188417 slot=9394365 blocks=188416 txs=30849021 mgas=2852023 bps=35.00 tps=5659 mgps=529.2 avgBps=29.92 avgTps=4898 avgMGps=452.9 elapsed=1h44m57s
Aug 13 05:30:38 nimbus-eth1-mainnet-short-benchmark[1214359]: INF 2026-08-13 05:30:38.777+00:00 Imported blocks                            blockNumber=20196609 slot=9402602 blocks=196608 txs=32174755 mgas=2976155 bps=31.66 tps=5124 mgps=479.8 avgBps=29.99 avgTps=4907 avgMGps=453.9 elapsed=1h49m16s
Aug 13 05:35:16 nimbus-eth1-mainnet-short-benchmark[1214359]: INF 2026-08-13 05:35:16.057+00:00 Imported blocks                            blockNumber=20204801 slot=9410840 blocks=204800 txs=33475942 mgas=3100410 bps=29.54 tps=4692 mgps=448.1 avgBps=29.97 avgTps=4898 avgMGps=453.7 elapsed=1h53m53s
Aug 13 05:39:28 nimbus-eth1-mainnet-short-benchmark[1214359]: INF 2026-08-13 05:39:28.569+00:00 Imported blocks                            blockNumber=20212993 slot=9419071 blocks=212992 txs=34798508 mgas=3224370 bps=32.44 tps=5237 mgps=490.9 avgBps=30.06 avgTps=4910 avgMGps=455.0 elapsed=1h58m6s
Aug 13 05:43:33 nimbus-eth1-mainnet-short-benchmark[1214359]: INF 2026-08-13 05:43:33.630+00:00 Imported blocks                            blockNumber=20221185 slot=9427313 blocks=221184 txs=36114045 mgas=3348169 bps=33.43 tps=5368 mgps=505.2 avgBps=30.17 avgTps=4925 avgMGps=456.7 elapsed=2h2m11s
Aug 13 05:47:20 nimbus-eth1-mainnet-short-benchmark[1214359]: INF 2026-08-13 05:47:20.182+00:00 Imported blocks                            blockNumber=20229377 slot=9435549 blocks=229376 txs=37421794 mgas=3472031 bps=36.16 tps=5772 mgps=546.7 avgBps=30.35 avgTps=4951 avgMGps=459.4 elapsed=2h5m57s
Aug 13 05:51:16 nimbus-eth1-mainnet-short-benchmark[1214359]: INF 2026-08-13 05:51:16.275+00:00 Imported blocks                            blockNumber=20237569 slot=9443788 blocks=237568 txs=38842064 mgas=3596351 bps=34.70 tps=6015 mgps=526.6 avgBps=30.48 avgTps=4983 avgMGps=461.4 elapsed=2h9m54s
Aug 13 05:55:32 nimbus-eth1-mainnet-short-benchmark[1214359]: INF 2026-08-13 05:55:32.107+00:00 Imported blocks                            blockNumber=20245761 slot=9452021 blocks=245760 txs=40225739 mgas=3720100 bps=32.02 tps=5408 mgps=483.7 avgBps=30.53 avgTps=4997 avgMGps=462.1 elapsed=2h14m9s
Aug 13 06:00:04 nimbus-eth1-mainnet-short-benchmark[1214359]: INF 2026-08-13 06:00:04.255+00:00 Imported blocks                            blockNumber=20253953 slot=9460253 blocks=253952 txs=41454921 mgas=3844385 bps=30.10 tps=4516 mgps=456.7 avgBps=30.52 avgTps=4981 avgMGps=462.0 elapsed=2h18m42s
Aug 13 06:04:22 nimbus-eth1-mainnet-short-benchmark[1214359]: INF 2026-08-13 06:04:22.916+00:00 Imported blocks                            blockNumber=20262145 slot=9468495 blocks=262144 txs=42726051 mgas=3968623 bps=31.67 tps=4914 mgps=480.3 avgBps=30.55 avgTps=4979 avgMGps=462.5 elapsed=2h23m682ms
Aug 13 06:08:24 nimbus-eth1-mainnet-short-benchmark[1214359]: INF 2026-08-13 06:08:24.184+00:00 Imported blocks                            blockNumber=20270337 slot=9476748 blocks=270336 txs=44050436 mgas=4092682 bps=33.95 tps=5489 mgps=514.2 avgBps=30.64 avgTps=4993 avgMGps=463.9 elapsed=2h27m1s
Aug 13 06:12:09 nimbus-eth1-mainnet-short-benchmark[1214359]: INF 2026-08-13 06:12:09.745+00:00 Imported blocks                            blockNumber=20278529 slot=9484981 blocks=278528 txs=45382368 mgas=4216487 bps=36.32 tps=5904 mgps=548.9 avgBps=30.79 avgTps=5016 avgMGps=466.0 elapsed=2h30m47s
Aug 13 06:15:59 nimbus-eth1-mainnet-short-benchmark[1214359]: INF 2026-08-13 06:15:59.278+00:00 Imported blocks                            blockNumber=20286721 slot=9493213 blocks=286720 txs=46733429 mgas=4340363 bps=35.69 tps=5886 mgps=539.7 avgBps=30.91 avgTps=5037 avgMGps=467.9 elapsed=2h34m37s
Aug 13 06:20:11 nimbus-eth1-mainnet-short-benchmark[1214359]: INF 2026-08-13 06:20:11.062+00:00 Imported blocks                            blockNumber=20294913 slot=9501453 blocks=294912 txs=48075887 mgas=4464376 bps=32.54 tps=5331 mgps=492.5 avgBps=30.95 avgTps=5045 avgMGps=468.5 elapsed=2h38m48s
Aug 13 06:24:19 nimbus-eth1-mainnet-short-benchmark[1214359]: INF 2026-08-13 06:24:19.546+00:00 Imported blocks                            blockNumber=20303105 slot=9509696 blocks=303104 txs=49379538 mgas=4588534 bps=32.97 tps=5246 mgps=499.7 avgBps=31.00 avgTps=5050 avgMGps=469.3 elapsed=2h42m57s
Aug 13 06:28:22 nimbus-eth1-mainnet-short-benchmark[1214359]: INF 2026-08-13 06:28:22.055+00:00 Imported blocks                            blockNumber=20311297 slot=9517922 blocks=311296 txs=50637672 mgas=4712596 bps=33.78 tps=5187 mgps=511.6 avgBps=31.07 avgTps=5053 avgMGps=470.3 elapsed=2h46m59s
Aug 13 06:32:14 nimbus-eth1-mainnet-short-benchmark[1214359]: INF 2026-08-13 06:32:14.227+00:00 Imported blocks                            blockNumber=20319489 slot=9526159 blocks=319488 txs=51981692 mgas=4836521 bps=35.28 tps=5788 mgps=533.8 avgBps=31.16 avgTps=5070 avgMGps=471.8 elapsed=2h50m51s
Aug 13 06:35:47 nimbus-eth1-mainnet-short-benchmark[1214359]: INF 2026-08-13 06:35:47.692+00:00 Imported blocks                            blockNumber=20327681 slot=9534381 blocks=327680 txs=53356123 mgas=4960245 bps=38.38 tps=6438 mgps=579.6 avgBps=31.31 avgTps=5098 avgMGps=474.0 elapsed=2h54m25s
Aug 13 06:39:19 nimbus-eth1-mainnet-short-benchmark[1214359]: INF 2026-08-13 06:39:19.097+00:00 Imported blocks                            blockNumber=20335873 slot=9542617 blocks=335872 txs=54719105 mgas=5084025 bps=38.75 tps=6447 mgps=585.5 avgBps=31.46 avgTps=5125 avgMGps=476.2 elapsed=2h57m56s
Aug 13 06:43:09 nimbus-eth1-mainnet-short-benchmark[1214359]: INF 2026-08-13 06:43:09.666+00:00 Imported blocks                            blockNumber=20344065 slot=9550841 blocks=344064 txs=56021853 mgas=5207843 bps=35.53 tps=5650 mgps=537.0 avgBps=31.54 avgTps=5136 avgMGps=477.5 elapsed=3h1m47s
Aug 13 06:47:31 nimbus-eth1-mainnet-short-benchmark[1214359]: INF 2026-08-13 06:47:31.390+00:00 Imported blocks                            blockNumber=20352257 slot=9559072 blocks=352256 txs=57290408 mgas=5332016 bps=31.30 tps=4846 mgps=474.4 avgBps=31.54 avgTps=5129 avgMGps=477.4 elapsed=3h6m9s
Aug 13 06:51:31 nimbus-eth1-mainnet-short-benchmark[1214359]: INF 2026-08-13 06:51:31.583+00:00 Imported blocks                            blockNumber=20360449 slot=9567308 blocks=360448 txs=58543463 mgas=5456201 bps=34.11 tps=5216 mgps=517.0 avgBps=31.59 avgTps=5131 avgMGps=478.2 elapsed=3h10m9s
Aug 13 06:55:22 nimbus-eth1-mainnet-short-benchmark[1214359]: INF 2026-08-13 06:55:22.403+00:00 Imported blocks                            blockNumber=20368641 slot=9575548 blocks=368640 txs=59874056 mgas=5580204 bps=35.49 tps=5764 mgps=537.2 avgBps=31.67 avgTps=5143 avgMGps=479.4 elapsed=3h14m170ms
Aug 13 06:59:23 nimbus-eth1-mainnet-short-benchmark[1214359]: INF 2026-08-13 06:59:23.564+00:00 Imported blocks                            blockNumber=20376833 slot=9583774 blocks=376832 txs=61167066 mgas=5704396 bps=33.97 tps=5361 mgps=515.0 avgBps=31.72 avgTps=5148 avgMGps=480.1 elapsed=3h18m1s
Aug 13 07:03:20 nimbus-eth1-mainnet-short-benchmark[1214359]: INF 2026-08-13 07:03:20.052+00:00 Imported blocks                            blockNumber=20385025 slot=9592009 blocks=385024 txs=62480333 mgas=5828235 bps=34.64 tps=5553 mgps=523.7 avgBps=31.77 avgTps=5156 avgMGps=481.0 elapsed=3h21m57s
Aug 13 07:07:16 nimbus-eth1-mainnet-short-benchmark[1214359]: INF 2026-08-13 07:07:16.221+00:00 Imported blocks                            blockNumber=20393217 slot=9600248 blocks=393216 txs=63800597 mgas=5952136 bps=34.69 tps=5590 mgps=524.6 avgBps=31.83 avgTps=5164 avgMGps=481.8 elapsed=3h25m53s
Aug 13 07:11:01 nimbus-eth1-mainnet-short-benchmark[1214359]: INF 2026-08-13 07:11:01.949+00:00 Imported blocks                            blockNumber=20401409 slot=9608486 blocks=401408 txs=65021243 mgas=6076384 bps=36.29 tps=5407 mgps=550.4 avgBps=31.91 avgTps=5168 avgMGps=483.0 elapsed=3h29m39s
Aug 13 07:15:02 nimbus-eth1-mainnet-short-benchmark[1214359]: INF 2026-08-13 07:15:02.558+00:00 Imported blocks                            blockNumber=20409601 slot=9616707 blocks=409600 txs=66199016 mgas=6200666 bps=34.05 tps=4895 mgps=516.5 avgBps=31.95 avgTps=5163 avgMGps=483.7 elapsed=3h33m40s
Aug 13 07:18:56 nimbus-eth1-mainnet-short-benchmark[1214359]: INF 2026-08-13 07:18:56.354+00:00 Imported blocks                            blockNumber=20417793 slot=9624941 blocks=417792 txs=67453930 mgas=6324823 bps=35.04 tps=5367 mgps=531.0 avgBps=32.00 avgTps=5167 avgMGps=484.5 elapsed=3h37m34s
Aug 13 07:22:22 nimbus-eth1-mainnet-short-benchmark[1214359]: INF 2026-08-13 07:22:22.091+00:00 Imported blocks                            blockNumber=20425985 slot=9633187 blocks=425984 txs=68814904 mgas=6448778 bps=39.82 tps=6615 mgps=602.5 avgBps=32.13 avgTps=5189 avgMGps=486.3 elapsed=3h40m59s
Aug 13 07:25:47 nimbus-eth1-mainnet-short-benchmark[1214359]: INF 2026-08-13 07:25:47.968+00:00 Imported blocks                            blockNumber=20434177 slot=9641422 blocks=434176 txs=70124508 mgas=6572711 bps=39.79 tps=6361 mgps=602.0 avgBps=32.24 avgTps=5207 avgMGps=488.1 elapsed=3h44m25s
Aug 13 07:29:24 nimbus-eth1-mainnet-short-benchmark[1214359]: INF 2026-08-13 07:29:24.509+00:00 Imported blocks                            blockNumber=20442369 slot=9649657 blocks=442368 txs=71403576 mgas=6696451 bps=37.83 tps=5906 mgps=571.4 avgBps=32.33 avgTps=5218 avgMGps=489.4 elapsed=3h48m2s
Aug 13 07:33:21 nimbus-eth1-mainnet-short-benchmark[1214359]: INF 2026-08-13 07:33:21.101+00:00 Imported blocks                            blockNumber=20450561 slot=9657896 blocks=450560 txs=72659905 mgas=6820521 bps=34.62 tps=5310 mgps=524.4 avgBps=32.37 avgTps=5220 avgMGps=490.0 elapsed=3h51m58s
Aug 13 07:37:37 nimbus-eth1-mainnet-short-benchmark[1214359]: INF 2026-08-13 07:37:37.562+00:00 Imported blocks                            blockNumber=20458753 slot=9666114 blocks=458752 txs=73838533 mgas=6945116 bps=31.94 tps=4595 mgps=485.8 avgBps=32.36 avgTps=5208 avgMGps=489.9 elapsed=3h56m15s
Aug 13 07:41:31 nimbus-eth1-mainnet-short-benchmark[1214359]: INF 2026-08-13 07:41:31.382+00:00 Imported blocks                            blockNumber=20466945 slot=9674343 blocks=466944 txs=75124748 mgas=7068943 bps=35.04 tps=5500 mgps=529.6 avgBps=32.41 avgTps=5213 avgMGps=490.6 elapsed=4h9s150ms
Aug 13 07:45:23 nimbus-eth1-mainnet-short-benchmark[1214359]: INF 2026-08-13 07:45:23.927+00:00 Imported blocks                            blockNumber=20475137 slot=9682575 blocks=475136 txs=76420106 mgas=7192870 bps=35.23 tps=5570 mgps=532.9 avgBps=32.45 avgTps=5219 avgMGps=491.3 elapsed=4h4m1s
Aug 13 07:49:06 nimbus-eth1-mainnet-short-benchmark[1214359]: INF 2026-08-13 07:49:06.119+00:00 Imported blocks                            blockNumber=20483329 slot=9690800 blocks=483328 txs=77675422 mgas=7316939 bps=36.87 tps=5649 mgps=558.4 avgBps=32.52 avgTps=5225 avgMGps=492.3 elapsed=4h7m43s
Aug 13 07:52:47 nimbus-eth1-mainnet-short-benchmark[1214359]: INF 2026-08-13 07:52:47.060+00:00 Imported blocks                            blockNumber=20491521 slot=9699019 blocks=491520 txs=78951232 mgas=7440784 bps=37.08 tps=5774 mgps=560.5 avgBps=32.58 avgTps=5233 avgMGps=493.3 elapsed=4h11m24s
Aug 13 07:56:42 nimbus-eth1-mainnet-short-benchmark[1214359]: INF 2026-08-13 07:56:42.245+00:00 Imported blocks                            blockNumber=20499713 slot=9707248 blocks=499712 txs=80189642 mgas=7564669 bps=34.83 tps=5265 mgps=526.8 avgBps=32.62 avgTps=5234 avgMGps=493.8 elapsed=4h15m20s
Aug 13 08:00:42 nimbus-eth1-mainnet-short-benchmark[1214359]: INF 2026-08-13 08:00:42.197+00:00 Imported blocks                            blockNumber=20507905 slot=9715488 blocks=507904 txs=81317763 mgas=7689208 bps=34.14 tps=4701 mgps=519.0 avgBps=32.64 avgTps=5226 avgMGps=494.2 elapsed=4h19m19s
Aug 13 08:04:17 nimbus-eth1-mainnet-short-benchmark[1214359]: INF 2026-08-13 08:04:17.446+00:00 Imported blocks                            blockNumber=20516097 slot=9723715 blocks=516096 txs=82520262 mgas=7813209 bps=38.06 tps=5586 mgps=576.1 avgBps=32.72 avgTps=5231 avgMGps=495.3 elapsed=4h22m55s
Aug 13 08:08:04 nimbus-eth1-mainnet-short-benchmark[1214359]: INF 2026-08-13 08:08:04.355+00:00 Imported blocks                            blockNumber=20524289 slot=9731945 blocks=524288 txs=83780075 mgas=7937233 bps=36.10 tps=5552 mgps=546.6 avgBps=32.76 avgTps=5235 avgMGps=496.0 elapsed=4h26m42s
Aug 13 08:11:53 nimbus-eth1-mainnet-short-benchmark[1214359]: INF 2026-08-13 08:11:53.080+00:00 Imported blocks                            blockNumber=20532481 slot=9740183 blocks=532480 txs=85263862 mgas=8061024 bps=35.82 tps=6487 mgps=541.2 avgBps=32.81 avgTps=5253 avgMGps=496.6 elapsed=4h30m30s
Aug 13 08:15:47 nimbus-eth1-mainnet-short-benchmark[1214359]: INF 2026-08-13 08:15:47.692+00:00 Imported blocks                            blockNumber=20540673 slot=9748418 blocks=540672 txs=86612143 mgas=8185090 bps=34.92 tps=5746 mgps=528.8 avgBps=32.84 avgTps=5260 avgMGps=497.1 elapsed=4h34m25s
Aug 13 08:19:49 nimbus-eth1-mainnet-short-benchmark[1214359]: INF 2026-08-13 08:19:49.529+00:00 Imported blocks                            blockNumber=20548865 slot=9756662 blocks=548864 txs=87802991 mgas=8309513 bps=33.87 tps=4924 mgps=514.5 avgBps=32.85 avgTps=5255 avgMGps=497.4 elapsed=4h38m27s
Aug 13 08:23:49 nimbus-eth1-mainnet-short-benchmark[1214359]: INF 2026-08-13 08:23:49.889+00:00 Imported blocks                            blockNumber=20557057 slot=9764892 blocks=557056 txs=88964987 mgas=8433956 bps=34.08 tps=4834 mgps=517.7 avgBps=32.87 avgTps=5249 avgMGps=497.6 elapsed=4h42m27s
Aug 13 08:27:37 nimbus-eth1-mainnet-short-benchmark[1214359]: INF 2026-08-13 08:27:37.866+00:00 Imported blocks                            blockNumber=20565249 slot=9773131 blocks=565248 txs=90186094 mgas=8558113 bps=35.93 tps=5356 mgps=544.6 avgBps=32.91 avgTps=5250 avgMGps=498.3 elapsed=4h46m15s
Aug 13 08:31:27 nimbus-eth1-mainnet-short-benchmark[1214359]: INF 2026-08-13 08:31:27.102+00:00 Imported blocks                            blockNumber=20573441 slot=9781369 blocks=573440 txs=91404654 mgas=8682228 bps=35.74 tps=5315 mgps=541.4 avgBps=32.95 avgTps=5251 avgMGps=498.8 elapsed=4h50m4s
Aug 13 08:35:13 nimbus-eth1-mainnet-short-benchmark[1214359]: INF 2026-08-13 08:35:13.651+00:00 Imported blocks                            blockNumber=20581633 slot=9789611 blocks=581632 txs=92628389 mgas=8806651 bps=36.16 tps=5401 mgps=549.2 avgBps=32.99 avgTps=5253 avgMGps=499.5 elapsed=4h53m51s
Aug 13 08:39:07 nimbus-eth1-mainnet-short-benchmark[1214359]: INF 2026-08-13 08:39:07.416+00:00 Imported blocks                            blockNumber=20589825 slot=9797855 blocks=589824 txs=93887208 mgas=8931023 bps=35.04 tps=5385 mgps=532.0 avgBps=33.02 avgTps=5255 avgMGps=499.9 elapsed=4h57m45s
Aug 13 08:43:03 nimbus-eth1-mainnet-short-benchmark[1214359]: INF 2026-08-13 08:43:03.688+00:00 Imported blocks                            blockNumber=20598017 slot=9806095 blocks=598016 txs=95163338 mgas=9055310 bps=34.67 tps=5401 mgps=526.0 avgBps=33.04 avgTps=5257 avgMGps=500.3 elapsed=5h1m41s
Aug 13 08:47:00 nimbus-eth1-mainnet-short-benchmark[1214359]: INF 2026-08-13 08:47:00.657+00:00 Imported blocks                            blockNumber=20606209 slot=9814347 blocks=606208 txs=96334664 mgas=9179976 bps=34.57 tps=4942 mgps=526.1 avgBps=33.06 avgTps=5253 avgMGps=500.6 elapsed=5h5m38s
Aug 13 08:50:49 nimbus-eth1-mainnet-short-benchmark[1214359]: INF 2026-08-13 08:50:49.009+00:00 Imported blocks                            blockNumber=20614401 slot=9822581 blocks=614400 txs=97573414 mgas=9304574 bps=35.87 tps=5424 mgps=545.6 avgBps=33.09 avgTps=5255 avgMGps=501.1 elapsed=5h9m26s
Aug 13 08:54:39 nimbus-eth1-mainnet-short-benchmark[1214359]: INF 2026-08-13 08:54:39.330+00:00 Imported blocks                            blockNumber=20622593 slot=9830821 blocks=622592 txs=98874772 mgas=9428835 bps=35.57 tps=5650 mgps=539.5 avgBps=33.12 avgTps=5260 avgMGps=501.6 elapsed=5h13m17s
Aug 13 08:58:21 nimbus-eth1-mainnet-short-benchmark[1214359]: INF 2026-08-13 08:58:21.299+00:00 Imported blocks                            blockNumber=20630785 slot=9839058 blocks=630784 txs=100178707 mgas=9553009 bps=36.91 tps=5874 mgps=559.4 avgBps=33.17 avgTps=5267 avgMGps=502.3 elapsed=5h16m59s
Aug 13 09:02:11 nimbus-eth1-mainnet-short-benchmark[1214359]: INF 2026-08-13 09:02:11.268+00:00 Imported blocks                            blockNumber=20638977 slot=9847313 blocks=638976 txs=101489116 mgas=9677171 bps=35.62 tps=5698 mgps=539.9 avgBps=33.20 avgTps=5272 avgMGps=502.7 elapsed=5h20m49s
Aug 13 09:05:59 nimbus-eth1-mainnet-short-benchmark[1214359]: INF 2026-08-13 09:05:59.324+00:00 Imported blocks                            blockNumber=20647169 slot=9855549 blocks=647168 txs=102730058 mgas=9801643 bps=35.92 tps=5441 mgps=545.8 avgBps=33.23 avgTps=5274 avgMGps=503.2 elapsed=5h24m37s
Aug 13 09:10:01 nimbus-eth1-mainnet-short-benchmark[1214359]: INF 2026-08-13 09:10:01.129+00:00 Imported blocks                            blockNumber=20655361 slot=9863778 blocks=655360 txs=103868002 mgas=9926541 bps=33.88 tps=4706 mgps=516.5 avgBps=33.24 avgTps=5267 avgMGps=503.4 elapsed=5h28m38s
Aug 13 09:13:46 nimbus-eth1-mainnet-short-benchmark[1214359]: INF 2026-08-13 09:13:46.577+00:00 Imported blocks                            blockNumber=20663553 slot=9872013 blocks=663552 txs=105112198 mgas=10051274 bps=36.34 tps=5518 mgps=553.3 avgBps=33.27 avgTps=5270 avgMGps=504.0 elapsed=5h32m24s
Aug 13 09:17:21 nimbus-eth1-mainnet-short-benchmark[1214359]: INF 2026-08-13 09:17:21.610+00:00 Imported blocks                            blockNumber=20671745 slot=9880241 blocks=671744 txs=106395904 mgas=10175177 bps=38.10 tps=5969 mgps=576.2 avgBps=33.32 avgTps=5277 avgMGps=504.7 elapsed=5h35m59s
Aug 13 09:21:01 nimbus-eth1-mainnet-short-benchmark[1214359]: INF 2026-08-13 09:21:01.835+00:00 Imported blocks                            blockNumber=20679937 slot=9888471 blocks=679936 txs=107674271 mgas=10299404 bps=37.20 tps=5804 mgps=564.1 avgBps=33.36 avgTps=5283 avgMGps=505.4 elapsed=5h39m39s
Aug 13 09:24:31 nimbus-eth1-mainnet-short-benchmark[1214359]: INF 2026-08-13 09:24:31.524+00:00 Imported blocks                            blockNumber=20688129 slot=9896698 blocks=688128 txs=108938536 mgas=10423298 bps=39.07 tps=6029 mgps=590.9 avgBps=33.42 avgTps=5291 avgMGps=506.2 elapsed=5h43m9s
Aug 13 09:28:14 nimbus-eth1-mainnet-short-benchmark[1214359]: INF 2026-08-13 09:28:14.665+00:00 Imported blocks                            blockNumber=20696321 slot=9904930 blocks=696320 txs=110235786 mgas=10547469 bps=36.71 tps=5813 mgps=556.5 avgBps=33.46 avgTps=5296 avgMGps=506.8 elapsed=5h46m52s
Aug 13 09:32:15 nimbus-eth1-mainnet-short-benchmark[1214359]: INF 2026-08-13 09:32:15.445+00:00 Imported blocks                            blockNumber=20704513 slot=9913154 blocks=704512 txs=111483759 mgas=10671677 bps=34.02 tps=5182 mgps=515.9 avgBps=33.46 avgTps=5295 avgMGps=506.9 elapsed=5h50m53s
Aug 13 09:36:02 nimbus-eth1-mainnet-short-benchmark[1214359]: INF 2026-08-13 09:36:02.110+00:00 Imported blocks                            blockNumber=20712705 slot=9921388 blocks=712704 txs=112764170 mgas=10795980 bps=36.14 tps=5648 mgps=548.4 avgBps=33.49 avgTps=5299 avgMGps=507.3 elapsed=5h54m39s
Aug 13 09:39:33 nimbus-eth1-mainnet-short-benchmark[1214359]: INF 2026-08-13 09:39:33.887+00:00 Imported blocks                            blockNumber=20720897 slot=9929633 blocks=720896 txs=114110517 mgas=10919926 bps=38.68 tps=6357 mgps=585.3 avgBps=33.54 avgTps=5309 avgMGps=508.1 elapsed=5h58m11s
Aug 13 09:43:12 nimbus-eth1-mainnet-short-benchmark[1214359]: INF 2026-08-13 09:43:12.872+00:00 Imported blocks                            blockNumber=20729089 slot=9937869 blocks=729088 txs=115449431 mgas=11043768 bps=37.41 tps=6114 mgps=565.5 avgBps=33.58 avgTps=5317 avgMGps=508.7 elapsed=6h1m50s
Aug 13 09:46:44 nimbus-eth1-mainnet-short-benchmark[1214359]: INF 2026-08-13 09:46:44.149+00:00 Imported blocks                            blockNumber=20737281 slot=9946108 blocks=737280 txs=116784468 mgas=11167784 bps=38.77 tps=6318 mgps=587.0 avgBps=33.63 avgTps=5327 avgMGps=509.4 elapsed=6h5m21s
Aug 13 09:50:24 nimbus-eth1-mainnet-short-benchmark[1214359]: INF 2026-08-13 09:50:24.194+00:00 Imported blocks                            blockNumber=20745473 slot=9954342 blocks=745472 txs=118101003 mgas=11291742 bps=37.23 tps=5983 mgps=563.3 avgBps=33.67 avgTps=5333 avgMGps=510.0 elapsed=6h9m1s
Aug 13 09:54:21 nimbus-eth1-mainnet-short-benchmark[1214359]: INF 2026-08-13 09:54:21.766+00:00 Imported blocks                            blockNumber=20753665 slot=9962581 blocks=753664 txs=119337525 mgas=11415859 bps=34.48 tps=5204 mgps=522.4 avgBps=33.68 avgTps=5332 avgMGps=510.1 elapsed=6h12m59s
Aug 13 09:58:08 nimbus-eth1-mainnet-short-benchmark[1214359]: INF 2026-08-13 09:58:08.995+00:00 Imported blocks                            blockNumber=20761857 slot=9970803 blocks=761856 txs=120564314 mgas=11540225 bps=36.05 tps=5398 mgps=547.3 avgBps=33.70 avgTps=5333 avgMGps=510.5 elapsed=6h16m46s
Aug 13 10:01:41 nimbus-eth1-mainnet-short-benchmark[1214359]: INF 2026-08-13 10:01:41.804+00:00 Imported blocks                            blockNumber=20770049 slot=9979058 blocks=770048 txs=121858083 mgas=11663918 bps=38.50 tps=6079 mgps=581.3 avgBps=33.75 avgTps=5340 avgMGps=511.1 elapsed=6h20m19s
Aug 13 10:05:06 nimbus-eth1-mainnet-short-benchmark[1214359]: INF 2026-08-13 10:05:06.037+00:00 Imported blocks                            blockNumber=20778241 slot=9987307 blocks=778240 txs=123161734 mgas=11787906 bps=40.11 tps=6382 mgps=607.1 avgBps=33.80 avgTps=5349 avgMGps=512.0 elapsed=6h23m43s
Aug 13 10:08:24 nimbus-eth1-mainnet-short-benchmark[1214359]: INF 2026-08-13 10:08:24.650+00:00 Imported blocks                            blockNumber=20786433 slot=9995542 blocks=786432 txs=124509456 mgas=11911612 bps=41.25 tps=6785 mgps=622.9 avgBps=33.87 avgTps=5361 avgMGps=512.9 elapsed=6h27m2s
Aug 13 10:11:49 nimbus-eth1-mainnet-short-benchmark[1214359]: INF 2026-08-13 10:11:49.227+00:00 Imported blocks                            blockNumber=20794625 slot=10003781 blocks=794624 txs=125848921 mgas=12035338 bps=40.04 tps=6547 mgps=604.8 avgBps=33.92 avgTps=5371 avgMGps=513.7 elapsed=6h30m26s
Aug 13 10:15:18 nimbus-eth1-mainnet-short-benchmark[1214359]: INF 2026-08-13 10:15:18.856+00:00 Imported blocks                            blockNumber=20802817 slot=10012028 blocks=802816 txs=127089868 mgas=12158989 bps=39.08 tps=5919 mgps=589.8 avgBps=33.96 avgTps=5376 avgMGps=514.4 elapsed=6h33m56s
Aug 13 10:18:57 nimbus-eth1-mainnet-short-benchmark[1214359]: INF 2026-08-13 10:18:57.565+00:00 Imported blocks                            blockNumber=20811009 slot=10020249 blocks=811008 txs=128299762 mgas=12282850 bps=37.46 tps=5531 mgps=566.3 avgBps=34.00 avgTps=5378 avgMGps=514.9 elapsed=6h37m35s
Aug 13 10:22:22 nimbus-eth1-mainnet-short-benchmark[1214359]: INF 2026-08-13 10:22:22.974+00:00 Imported blocks                            blockNumber=20819201 slot=10028481 blocks=819200 txs=129596319 mgas=12406594 bps=39.88 tps=6312 mgps=602.4 avgBps=34.05 avgTps=5386 avgMGps=515.6 elapsed=6h41m744ms
Aug 13 10:25:47 nimbus-eth1-mainnet-short-benchmark[1214359]: INF 2026-08-13 10:25:47.571+00:00 Imported blocks                            blockNumber=20827393 slot=10036710 blocks=827392 txs=130916729 mgas=12530249 bps=40.04 tps=6453 mgps=604.4 avgBps=34.10 avgTps=5395 avgMGps=516.4 elapsed=6h44m25s
Aug 13 10:29:11 nimbus-eth1-mainnet-short-benchmark[1214359]: INF 2026-08-13 10:29:11.312+00:00 Imported blocks                            blockNumber=20835585 slot=10044938 blocks=835584 txs=132226625 mgas=12654070 bps=40.21 tps=6429 mgps=607.7 avgBps=34.15 avgTps=5403 avgMGps=517.1 elapsed=6h47m49s
Aug 13 10:32:46 nimbus-eth1-mainnet-short-benchmark[1214359]: INF 2026-08-13 10:32:46.949+00:00 Imported blocks                            blockNumber=20843777 slot=10053164 blocks=843776 txs=133604192 mgas=12777730 bps=37.99 tps=6388 mgps=573.5 avgBps=34.18 avgTps=5412 avgMGps=517.6 elapsed=6h51m24s
Aug 13 10:36:47 nimbus-eth1-mainnet-short-benchmark[1214359]: INF 2026-08-13 10:36:47.702+00:00 Imported blocks                            blockNumber=20851969 slot=10061391 blocks=851968 txs=134900706 mgas=12901664 bps=34.03 tps=5385 mgps=514.8 avgBps=34.18 avgTps=5412 avgMGps=517.6 elapsed=6h55m25s
Aug 13 10:40:36 nimbus-eth1-mainnet-short-benchmark[1214359]: INF 2026-08-13 10:40:36.866+00:00 Imported blocks                            blockNumber=20860161 slot=10069622 blocks=860160 txs=136168750 mgas=13025603 bps=35.75 tps=5533 mgps=540.8 avgBps=34.19 avgTps=5413 avgMGps=517.8 elapsed=6h59m14s
Aug 13 10:44:23 nimbus-eth1-mainnet-short-benchmark[1214359]: INF 2026-08-13 10:44:23.203+00:00 Imported blocks                            blockNumber=20868353 slot=10077838 blocks=868352 txs=137550724 mgas=13149742 bps=36.19 tps=6105 mgps=548.5 avgBps=34.21 avgTps=5419 avgMGps=518.1 elapsed=7h3m972ms
Aug 13 10:48:07 nimbus-eth1-mainnet-short-benchmark[1214359]: INF 2026-08-13 10:48:07.756+00:00 Imported blocks                            blockNumber=20876545 slot=10086066 blocks=876544 txs=138954673 mgas=13273457 bps=36.48 tps=6252 mgps=550.9 avgBps=34.23 avgTps=5426 avgMGps=518.4 elapsed=7h6m45s
Aug 13 10:51:47 nimbus-eth1-mainnet-short-benchmark[1214359]: INF 2026-08-13 10:51:47.321+00:00 Imported blocks                            blockNumber=20884737 slot=10094286 blocks=884736 txs=140256178 mgas=13397479 bps=37.31 tps=5927 mgps=564.9 avgBps=34.26 avgTps=5431 avgMGps=518.8 elapsed=7h10m25s
Aug 13 10:55:21 nimbus-eth1-mainnet-short-benchmark[1214359]: INF 2026-08-13 10:55:21.349+00:00 Imported blocks                            blockNumber=20892929 slot=10102512 blocks=892928 txs=141581868 mgas=13521575 bps=38.28 tps=6193 mgps=579.8 avgBps=34.29 avgTps=5437 avgMGps=519.3 elapsed=7h13m59s
Aug 13 10:58:56 nimbus-eth1-mainnet-short-benchmark[1214359]: INF 2026-08-13 10:58:56.906+00:00 Imported blocks                            blockNumber=20901121 slot=10110732 blocks=901120 txs=142875889 mgas=13645572 bps=38.00 tps=6003 mgps=575.2 avgBps=34.32 avgTps=5441 avgMGps=519.7 elapsed=7h17m34s
Aug 13 11:02:31 nimbus-eth1-mainnet-short-benchmark[1214359]: INF 2026-08-13 11:02:31.415+00:00 Imported blocks                            blockNumber=20909313 slot=10118953 blocks=909312 txs=144102308 mgas=13769390 bps=38.19 tps=5717 mgps=577.2 avgBps=34.35 avgTps=5444 avgMGps=520.2 elapsed=7h21m9s
Aug 13 11:06:00 nimbus-eth1-mainnet-short-benchmark[1214359]: INF 2026-08-13 11:06:00.564+00:00 Imported blocks                            blockNumber=20917505 slot=10127176 blocks=917504 txs=145406349 mgas=13893087 bps=39.17 tps=6235 mgps=591.4 avgBps=34.39 avgTps=5450 avgMGps=520.8 elapsed=7h24m38s
Aug 13 11:09:21 nimbus-eth1-mainnet-short-benchmark[1214359]: INF 2026-08-13 11:09:21.417+00:00 Imported blocks                            blockNumber=20925697 slot=10135394 blocks=925696 txs=146718394 mgas=14016820 bps=40.78 tps=6532 mgps=616.0 avgBps=34.44 avgTps=5458 avgMGps=521.5 elapsed=7h27m59s
Aug 13 11:12:55 nimbus-eth1-mainnet-short-benchmark[1214359]: INF 2026-08-13 11:12:55.226+00:00 Imported blocks                            blockNumber=20933889 slot=10143614 blocks=933888 txs=148049109 mgas=14140625 bps=38.31 tps=6223 mgps=579.0 avgBps=34.47 avgTps=5464 avgMGps=521.9 elapsed=7h31m32s
Aug 13 11:16:21 nimbus-eth1-mainnet-short-benchmark[1214359]: INF 2026-08-13 11:16:21.503+00:00 Imported blocks                            blockNumber=20942081 slot=10151840 blocks=942080 txs=149397364 mgas=14264352 bps=39.71 tps=6536 mgps=599.8 avgBps=34.51 avgTps=5472 avgMGps=522.5 elapsed=7h34m59s
Aug 13 11:19:53 nimbus-eth1-mainnet-short-benchmark[1214359]: INF 2026-08-13 11:19:53.664+00:00 Imported blocks                            blockNumber=20950273 slot=10160098 blocks=950272 txs=150765507 mgas=14388237 bps=38.61 tps=6448 mgps=583.9 avgBps=34.54 avgTps=5480 avgMGps=523.0 elapsed=7h38m31s
Aug 13 11:23:40 nimbus-eth1-mainnet-short-benchmark[1214359]: INF 2026-08-13 11:23:40.761+00:00 Imported blocks                            blockNumber=20958465 slot=10168363 blocks=958464 txs=152044771 mgas=14511987 bps=36.07 tps=5632 mgps=544.9 avgBps=34.55 avgTps=5481 avgMGps=523.2 elapsed=7h42m18s
Aug 13 11:27:16 nimbus-eth1-mainnet-short-benchmark[1214359]: INF 2026-08-13 11:27:16.550+00:00 Imported blocks                            blockNumber=20966657 slot=10176609 blocks=966656 txs=153365296 mgas=14635804 bps=37.96 tps=6119 mgps=573.8 avgBps=34.58 avgTps=5486 avgMGps=523.6 elapsed=7h45m54s
Aug 13 11:30:50 nimbus-eth1-mainnet-short-benchmark[1214359]: INF 2026-08-13 11:30:50.259+00:00 Imported blocks                            blockNumber=20974849 slot=10184849 blocks=974848 txs=154744917 mgas=14759580 bps=38.33 tps=6455 mgps=579.2 avgBps=34.61 avgTps=5493 avgMGps=524.0 elapsed=7h49m28s
Aug 13 11:34:31 nimbus-eth1-mainnet-short-benchmark[1214359]: INF 2026-08-13 11:34:31.539+00:00 Imported blocks                            blockNumber=20983041 slot=10193086 blocks=983040 txs=156055229 mgas=14883451 bps=37.02 tps=5921 mgps=559.8 avgBps=34.63 avgTps=5496 avgMGps=524.3 elapsed=7h53m9s
Aug 13 11:37:46 nimbus-eth1-mainnet-short-benchmark[1214359]: INF 2026-08-13 11:37:46.081+00:00 Imported blocks                            blockNumber=20991233 slot=10201319 blocks=991232 txs=157563202 mgas=15007557 bps=42.11 tps=7751 mgps=637.9 avgBps=34.68 avgTps=5512 avgMGps=525.0 elapsed=7h56m23s
Aug 13 11:41:31 nimbus-eth1-mainnet-short-benchmark[1214359]: INF 2026-08-13 11:41:31.121+00:00 Imported blocks                            blockNumber=20999425 slot=10209549 blocks=999424 txs=159003277 mgas=15131383 bps=36.40 tps=6399 mgps=550.2 avgBps=34.69 avgTps=5519 avgMGps=525.2 elapsed=8h8s891ms
Aug 13 11:41:47 nimbus-eth1-mainnet-short-benchmark[1214359]: INF 2026-08-13 11:41:47.221+00:00 Imported blocks                            blockNumber=21000001 slot=10210128 blocks=1000000 txs=159109486 mgas=15140191 bps=35.78 tps=6597 mgps=547.1 avgBps=34.69 avgTps=5519 avgMGps=525.2 elapsed=8h24s990ms
Aug 13 11:41:47 nimbus-eth1-mainnet-short-benchmark[1214359]: NTC 2026-08-13 11:41:47.221+00:00 Import complete                            blockNumber=21000001 slot=10210128 blocks=1000000 txs=159109486 mgas=15140191
Aug 13 11:41:48 nimbus-eth1-mainnet-short-benchmark[1182723]: <<< ending startNimbusWithImport (success)
Aug 13 11:41:48 nimbus-eth1-mainnet-short-benchmark[1182723]: >>> starting moveBenchmarkingFileToRepo
Aug 13 11:41:48 nimbus-eth1-mainnet-short-benchmark[1182723]: >>> copying debug-csv generated by nimbus to benchmarks repo
Aug 13 11:41:48 nimbus-eth1-mainnet-short-benchmark[1182723]: <<< ending moveBenchmarkingFileToRepo (success)
Aug 13 11:41:48 nimbus-eth1-mainnet-short-benchmark[1182723]: >>> starting generateBuildEnvironmentLogFile
Aug 13 11:41:56 nimbus-eth1-mainnet-short-benchmark[1182723]: <<< ending generateBuildEnvironmentLogFile (success)
Aug 13 11:41:56 nimbus-eth1-mainnet-short-benchmark[1182723]: >>> starting generateSystemdServiceLogs
