=== System Information Report ===
>>> Generated on: Wed Oct  7 06:54:56 PM UTC 2026
==========================
>>> CPU Architecture: x86_64
>>> CPU Byte Order: Little Endian
>>> CPU Cores: 16
>>> CPU Model: AMD Ryzen 7 PRO 8700GE w/ Radeon 780M Graphics
>>> CPU Cache Information:
L1d Cache: 256 KiB (8 instances)
L1i Cache: 256 KiB (8 instances)
L2 Cache: 8 MiB (8 instances)
L3 Cache: 16 MiB (1 instance)
>>> RAM Size: 61Gi
>>> Hard Disk Information:
/dev/md2 : 437G total, 199G free
/dev/md1 : 989M total, 690M free
/dev/nvme0n1p1 : 256M total, 256M free
/dev/nvme1n1 : 1.9T total, 487G free
==========================
=== Nimbus-ETH1 Benchmarking Report ===
>>> Total time spent in benchmarking (nanoseconds): 27644779068666
>>> Total time spent in benchmarking (human readable format): 7 hours 40 minutes 44 seconds
>>> Start block number is 20000001
>>> End block number is 21000001
==========================
=== Comparison of last two benchmarks ===
sort: write failed: 'standard output': Broken pipe
sort: write error
sort: write failed: 'standard output': Broken pipe
sort: write error
python /data/status-im/nimbus-eth1/scripts/block-import-stats.py /data/status-im/nimbus-eth1-benchmarks/short-benchmark/20261007T031357_73476b48/blocks-import-benchmark.csv /data/status-im/nimbus-eth1-benchmarks/short-benchmark/20261007T110505_29c0cab3/blocks-import-benchmark.csv
blocks-import-benchmark.csv vs blocks-import-benchmark.csv
                      bps_x  bps_y     tps_x     tps_y  time_x  time_y    bpsd    tpsd   timed
block_number                                                                                  
(20000001, 20111112]  30.07  30.11  4,910.20  4,916.67  1h0m3s  59m56s   0.17%   0.17%  -0.16%
(20111112, 20222223]  33.87  33.76  5,538.13  5,520.39  56m37s  56m48s  -0.31%  -0.31%   0.32%
(20222223, 20333334]  35.98  35.79  5,831.44  5,800.53  49m32s  49m48s  -0.52%  -0.52%   0.53%
(20333334, 20444445]  37.39  37.37  5,891.90  5,888.72  51m20s  51m22s  -0.05%  -0.05%   0.05%
(20444445, 20555556]  36.78  36.64  5,667.68  5,646.63  48m22s  48m33s  -0.38%  -0.38%   0.38%
(20555556, 20666667]  36.82  36.64  5,560.52  5,534.11  51m57s  52m12s  -0.47%  -0.47%   0.48%
(20666667, 20777778]  38.74  38.65  6,096.45  6,082.12  45m54s   46m0s  -0.24%  -0.24%   0.24%
(20777778, 20888889]  39.90  39.90  6,401.17  6,401.02   48m5s   48m6s  -0.01%  -0.01%   0.01%
(20888889, 21000001]  39.94  39.91  6,583.70  6,577.48  47m55s  47m55s  -0.09%  -0.09%   0.10%

blocks: 991808, baseline: 7h39m49s, contender: 7h40m44s
Time (total): 54s, 0.20%

bpsd = blocks per sec diff (+), tpsd = txs per sec diff, timed = time to process diff (-)
+ = more is better, - = less is better
==========================
