Oct 07 11:04:44 nimbus-eth1-mainnet-short-benchmark[1881405]: >>> starting cloneOrFetchBenchmarksRepo
Oct 07 11:04:44 nimbus-eth1-mainnet-short-benchmark[1881405]: >>> Fetching latest changes for nimbus-eth1-benchmarks...
Oct 07 11:04:46 nimbus-eth1-mainnet-short-benchmark[1881479]: HEAD is now at 574fb7c chore: update short benchmark Readme
Oct 07 11:04:46 nimbus-eth1-mainnet-short-benchmark[1881405]: <<< ending cloneOrFetchBenchmarksRepo (success)
Oct 07 11:04:46 nimbus-eth1-mainnet-short-benchmark[1881405]: >>> starting cloneOrFetchNimbusRepo
Oct 07 11:04:58 nimbus-eth1-mainnet-short-benchmark[1881405]: >>> Fetching latest changes for nimbus-eth1...
Oct 07 11:05:00 nimbus-eth1-mainnet-short-benchmark[1881839]: From https://github.com/status-im/nimbus-eth1
Oct 07 11:05:00 nimbus-eth1-mainnet-short-benchmark[1881839]:    77089c389..29c0cab3d  master              -> origin/master
Oct 07 11:05:00 nimbus-eth1-mainnet-short-benchmark[1881839]:    a419bf35a..d4478044e  async-block-builder -> origin/async-block-builder
Oct 07 11:05:00 nimbus-eth1-mainnet-short-benchmark[1881839]:  * [new branch]          bal-builder-account-grouping -> origin/bal-builder-account-grouping
Oct 07 11:05:00 nimbus-eth1-mainnet-short-benchmark[1881839]:  * [new branch]          dependabot/submodules/vendor/nim-bearssl-2aee593 -> origin/dependabot/submodules/vendor/nim-bearssl-2aee593
Oct 07 11:05:00 nimbus-eth1-mainnet-short-benchmark[1881839]:  * [new branch]          dependabot/submodules/vendor/nim-blscurve-87504d0 -> origin/dependabot/submodules/vendor/nim-blscurve-87504d0
Oct 07 11:05:00 nimbus-eth1-mainnet-short-benchmark[1881839]:  * [new branch]          dependabot/submodules/vendor/nim-secp256k1-9374940 -> origin/dependabot/submodules/vendor/nim-secp256k1-9374940
Oct 07 11:05:00 nimbus-eth1-mainnet-short-benchmark[1881839]:  * [new branch]          dependabot/submodules/vendor/nim-snappy-9570f7f -> origin/dependabot/submodules/vendor/nim-snappy-9570f7f
Oct 07 11:05:00 nimbus-eth1-mainnet-short-benchmark[1881839]:  * [new branch]          dependabot/submodules/vendor/nim-testutils-617f418 -> origin/dependabot/submodules/vendor/nim-testutils-617f418
Oct 07 11:05:00 nimbus-eth1-mainnet-short-benchmark[1881839]:  + ecc897d22...3b6704a29 eip-8141            -> origin/eip-8141  (forced update)
Oct 07 11:05:00 nimbus-eth1-mainnet-short-benchmark[1881839]:    08a68d439..330a1fc20  proxy-evm-batch-requests -> origin/proxy-evm-batch-requests
Oct 07 11:05:00 nimbus-eth1-mainnet-short-benchmark[1881839]:    380711f24..291b38a64  wasm-deploy         -> origin/wasm-deploy
Oct 07 11:05:00 nimbus-eth1-mainnet-short-benchmark[1881839]: warning: c4d8b6f9c4ad8441548bc03a236ffc0dee94ccca:.gitmodules, multiple configurations found for 'submodule.vendor/nim-libplum.path'. Skipping second one!
Oct 07 11:05:00 nimbus-eth1-mainnet-short-benchmark[1881839]: warning: c4d8b6f9c4ad8441548bc03a236ffc0dee94ccca:.gitmodules, multiple configurations found for 'submodule.vendor/nim-libplum.url'. Skipping second one!
Oct 07 11:05:00 nimbus-eth1-mainnet-short-benchmark[1881839]: Fetching submodule vendor/nim-bearssl
Oct 07 11:05:01 nimbus-eth1-mainnet-short-benchmark[1881839]: From https://github.com/status-im/nim-bearssl
Oct 07 11:05:01 nimbus-eth1-mainnet-short-benchmark[1881839]:    b6c9a38..af2de21  master     -> origin/master
Oct 07 11:05:01 nimbus-eth1-mainnet-short-benchmark[1881839]:  * [new tag]         v0.2.14    -> v0.2.14
Oct 07 11:05:01 nimbus-eth1-mainnet-short-benchmark[1881839]:  * [new tag]         v0.3.0     -> v0.3.0
Oct 07 11:05:01 nimbus-eth1-mainnet-short-benchmark[1881839]: Fetching submodule vendor/nim-blscurve
Oct 07 11:05:01 nimbus-eth1-mainnet-short-benchmark[1881839]: From https://github.com/status-im/nim-blscurve
Oct 07 11:05:01 nimbus-eth1-mainnet-short-benchmark[1881839]:  * [new branch]      deps        -> origin/deps
Oct 07 11:05:01 nimbus-eth1-mainnet-short-benchmark[1881839]:    9ffb9a6..3bf3402  master      -> origin/master
Oct 07 11:05:01 nimbus-eth1-mainnet-short-benchmark[1881839]:  * [new branch]      test-minver -> origin/test-minver
Oct 07 11:05:02 nimbus-eth1-mainnet-short-benchmark[1881839]: Fetching submodule vendor/nim-secp256k1
Oct 07 11:05:02 nimbus-eth1-mainnet-short-benchmark[1881839]: From https://github.com/status-im/nim-secp256k1
Oct 07 11:05:02 nimbus-eth1-mainnet-short-benchmark[1881839]:  * [new branch]      ci/check-secp256k1-version -> origin/ci/check-secp256k1-version
Oct 07 11:05:02 nimbus-eth1-mainnet-short-benchmark[1881839]:    38b81f5..37be37f  master     -> origin/master
Oct 07 11:05:02 nimbus-eth1-mainnet-short-benchmark[1881839]:  * [new tag]         v0.7.0.8.0 -> v0.7.0.8.0
Oct 07 11:05:02 nimbus-eth1-mainnet-short-benchmark[1881839]:  * [new tag]         v0.8.0.8.0 -> v0.8.0.8.0
Oct 07 11:05:02 nimbus-eth1-mainnet-short-benchmark[1881839]: Fetching submodule vendor/nim-snappy
Oct 07 11:05:03 nimbus-eth1-mainnet-short-benchmark[1881839]: From https://github.com/status-im/nim-snappy
Oct 07 11:05:03 nimbus-eth1-mainnet-short-benchmark[1881839]:    a99d113..9570f7f  master     -> origin/master
Oct 07 11:05:03 nimbus-eth1-mainnet-short-benchmark[1881839]: Fetching submodule vendor/nim-snappy/tests/snappycpp
Oct 07 11:05:04 nimbus-eth1-mainnet-short-benchmark[1881839]: From https://github.com/google/snappy
Oct 07 11:05:04 nimbus-eth1-mainnet-short-benchmark[1881839]:    26aa88c..9c28114  main       -> origin/main
Oct 07 11:05:04 nimbus-eth1-mainnet-short-benchmark[1881839]:  * [new tag]         1.3.1      -> 1.3.1
Oct 07 11:05:04 nimbus-eth1-mainnet-short-benchmark[1881839]:  * [new tag]         1.3.0      -> 1.3.0
Oct 07 11:05:04 nimbus-eth1-mainnet-short-benchmark[1881839]: Fetching submodule vendor/nim-testutils
Oct 07 11:05:05 nimbus-eth1-mainnet-short-benchmark[1881839]: From https://github.com/status-im/nim-testutils
Oct 07 11:05:05 nimbus-eth1-mainnet-short-benchmark[1881839]:    d8b7d8c..68c28af  master     -> origin/master
Oct 07 11:05:05 nimbus-eth1-mainnet-short-benchmark[1881839]:  * [new tag]         v0.8.4     -> v0.8.4
Oct 07 11:05:05 nimbus-eth1-mainnet-short-benchmark[1881839]:  * [new tag]         v0.8.5     -> v0.8.5
Oct 07 11:05:05 nimbus-eth1-mainnet-short-benchmark[1881839]:  * [new tag]         v0.9.0     -> v0.9.0
Oct 07 11:05:05 nimbus-eth1-mainnet-short-benchmark[1881935]: HEAD is now at 29c0cab3d Snap2 sync maint update (#4925)
Oct 07 11:05:05 nimbus-eth1-mainnet-short-benchmark[1881405]: >>> Found last benchmarked commit: 73476b48
Oct 07 11:05:05 nimbus-eth1-mainnet-short-benchmark[1881405]: >>> Using next commit: 29c0cab3d7da1f486ec8c37a6eda3feafbab280b
Oct 07 11:05:05 nimbus-eth1-mainnet-short-benchmark[1881951]: HEAD is now at 29c0cab3d Snap2 sync maint update (#4925)
Oct 07 11:05:05 nimbus-eth1-mainnet-short-benchmark[1881405]: >>> Current commit: 29c0cab3d
Oct 07 11:05:05 nimbus-eth1-mainnet-short-benchmark[1881405]: <<< ending cloneOrFetchNimbusRepo (success)
Oct 07 11:05:05 nimbus-eth1-mainnet-short-benchmark[1881405]: >>> starting buildBinaries
Oct 07 11:05:05 nimbus-eth1-mainnet-short-benchmark[1881405]: >>> Building binaries for commit 29c0cab3...
Oct 07 11:05:07 nimbus-eth1-mainnet-short-benchmark[1883207]: Submodule path 'vendor/nim-json-rpc': checked out 'c188bf9798904fbcae6e8e6db5abd3a473737b66'
Oct 07 11:05:07 nimbus-eth1-mainnet-short-benchmark[1883207]: Submodule path 'vendor/nim-libp2p': checked out '9281a6d35671af70417d0d1330ce64adb3e39fdd'
Oct 07 11:05:13 nimbus-eth1-mainnet-short-benchmark[1887661]: Building: Nim compiler
Oct 07 11:08:06 nimbus-eth1-mainnet-short-benchmark[1887661]: Building custom Nimble commit: 42ef70c2102a942c46f13eb76872326edd525cec
Oct 07 11:08:16 nimbus-eth1-mainnet-short-benchmark[1887661]: Building Nimble...
Oct 07 11:08:26 nimbus-eth1-mainnet-short-benchmark[1887661]: Replacing nimble binary...
Oct 07 11:08:34 nimbus-eth1-mainnet-short-benchmark[1904596]: Building: build/generate_makefile
Oct 07 11:08:34 nimbus-eth1-mainnet-short-benchmark[1904461]: ROCKSDB CACHED VERSION: 11.8.1
Oct 07 11:08:34 nimbus-eth1-mainnet-short-benchmark[1904864]: RocksDb static libraries already built. Skipping build.
Oct 07 11:08:34 nimbus-eth1-mainnet-short-benchmark[1904596]: Build completed successfully: build/generate_makefile
Oct 07 11:08:34 nimbus-eth1-mainnet-short-benchmark[1904921]: Building: build/nimbus_execution_client
Oct 07 11:08:48 nimbus-eth1-mainnet-short-benchmark[1905039]: /data/status-im/nimbus-eth1/execution_chain/networking/p2p.nim(116, 18) template/generic instantiation of `start` from here
Oct 07 11:08:48 nimbus-eth1-mainnet-short-benchmark[1905039]: /data/status-im/nimbus-eth1/execution_chain/networking/peer_pool.nim(336, 16) template/generic instantiation of `run` from here
Oct 07 11:08:48 nimbus-eth1-mainnet-short-benchmark[1905039]: /data/status-im/nimbus-eth1/execution_chain/networking/peer_pool.nim(227, 19) Warning: Use `race` instead; one is deprecated [Deprecated]
Oct 07 11:08:48 nimbus-eth1-mainnet-short-benchmark[1905039]: /data/status-im/nimbus-eth1/execution_chain/networking/p2p.nim(116, 18) template/generic instantiation of `start` from here
Oct 07 11:08:48 nimbus-eth1-mainnet-short-benchmark[1905039]: /data/status-im/nimbus-eth1/execution_chain/networking/peer_pool.nim(336, 16) template/generic instantiation of `run` from here
Oct 07 11:08:48 nimbus-eth1-mainnet-short-benchmark[1905039]: /data/status-im/nimbus-eth1/vendor/nim-chronos/chronos/internal/asyncmacro.nim(609, 46) template/generic instantiation of `internalRaiseIfError` from here
Oct 07 11:08:48 nimbus-eth1-mainnet-short-benchmark[1905039]: /data/status-im/nimbus-eth1/execution_chain/networking/peer_pool.nim(227, 22) Warning: Use `race` instead; one is deprecated [Deprecated]
Oct 07 11:08:48 nimbus-eth1-mainnet-short-benchmark[1905039]: /data/status-im/nimbus-eth1/execution_chain/networking/p2p.nim(116, 18) template/generic instantiation of `start` from here
Oct 07 11:08:48 nimbus-eth1-mainnet-short-benchmark[1905039]: /data/status-im/nimbus-eth1/execution_chain/networking/peer_pool.nim(336, 16) template/generic instantiation of `run` from here
Oct 07 11:08:48 nimbus-eth1-mainnet-short-benchmark[1905039]: /data/status-im/nimbus-eth1/execution_chain/networking/peer_pool.nim(227, 19) Warning: Use `race` instead; one is deprecated [Deprecated]
Oct 07 11:08:57 nimbus-eth1-mainnet-short-benchmark[1905039]: /data/status-im/nimbus-eth1/execution_chain/sync/wire_protocol/eth/eth_broadcast.nim(641, 38) template/generic instantiation of `async` from here
Oct 07 11:08:57 nimbus-eth1-mainnet-short-benchmark[1905039]: /data/status-im/nimbus-eth1/execution_chain/sync/wire_protocol/eth/eth_broadcast.nim(651, 19) Warning: Use `race` instead; one is deprecated [Deprecated]
Oct 07 11:08:57 nimbus-eth1-mainnet-short-benchmark[1905039]: /data/status-im/nimbus-eth1/execution_chain/sync/wire_protocol/eth/eth_broadcast.nim(641, 38) template/generic instantiation of `async` from here
Oct 07 11:08:57 nimbus-eth1-mainnet-short-benchmark[1905039]: /data/status-im/nimbus-eth1/vendor/nim-chronos/chronos/internal/asyncmacro.nim(609, 46) template/generic instantiation of `internalRaiseIfError` from here
Oct 07 11:08:57 nimbus-eth1-mainnet-short-benchmark[1905039]: /data/status-im/nimbus-eth1/execution_chain/sync/wire_protocol/eth/eth_broadcast.nim(651, 22) Warning: Use `race` instead; one is deprecated [Deprecated]
Oct 07 11:08:57 nimbus-eth1-mainnet-short-benchmark[1905039]: /data/status-im/nimbus-eth1/execution_chain/sync/wire_protocol/eth/eth_broadcast.nim(641, 38) template/generic instantiation of `async` from here
Oct 07 11:08:57 nimbus-eth1-mainnet-short-benchmark[1905039]: /data/status-im/nimbus-eth1/execution_chain/sync/wire_protocol/eth/eth_broadcast.nim(651, 19) Warning: Use `race` instead; one is deprecated [Deprecated]
Oct 07 11:09:01 nimbus-eth1-mainnet-short-benchmark[1905039]: @["Unknown constants in file: ", "GAS_LIMIT_SCHEDULE", "GAS_LIMIT", "- EPOCH", "    GAS_LIMIT"]
Oct 07 11:09:01 nimbus-eth1-mainnet-short-benchmark[1905039]: @["Unknown constants in file: ", "GAS_LIMIT_SCHEDULE", "GAS_LIMIT", "- EPOCH", "    GAS_LIMIT"]
Oct 07 11:10:58 nimbus-eth1-mainnet-short-benchmark[1904921]: Build completed successfully: build/nimbus_execution_client
Oct 07 11:10:58 nimbus-eth1-mainnet-short-benchmark[1881405]: >>> renaming binaries to match commit they were built from
Oct 07 11:10:58 nimbus-eth1-mainnet-short-benchmark[1881405]: >>> creating a symbolic link to the latest version
Oct 07 11:10:58 nimbus-eth1-mainnet-short-benchmark[1881405]: >>> deleting copies that are older than N days
Oct 07 11:10:58 nimbus-eth1-mainnet-short-benchmark[1881405]: <<< ending buildBinaries (success)
Oct 07 11:10:58 nimbus-eth1-mainnet-short-benchmark[1881405]: >>> starting skipOrContinueBenchmark
Oct 07 11:10:58 nimbus-eth1-mainnet-short-benchmark[1881405]: <<< ending skipOrContinueBenchmark (success)
Oct 07 11:10:58 nimbus-eth1-mainnet-short-benchmark[1881405]: >>> starting copyTemplateDatabase
Oct 07 11:10:58 nimbus-eth1-mainnet-short-benchmark[1881405]: >>> Copying template db into nimbus data directory
Oct 07 11:14:08 nimbus-eth1-mainnet-short-benchmark[1881405]: >>> Template db copied
Oct 07 11:14:08 nimbus-eth1-mainnet-short-benchmark[1881405]: >>> making nimbus the owner of the copied files
Oct 07 11:14:08 nimbus-eth1-mainnet-short-benchmark[1881405]: <<< ending copyTemplateDatabase (success)
Oct 07 11:14:08 nimbus-eth1-mainnet-short-benchmark[1881405]: >>> starting startNimbusWithImport
Oct 07 11:14:08 nimbus-eth1-mainnet-short-benchmark[1911322]: INF 2026-10-07 11:14:08.303+00:00 Launching execution client                 version=v0.4.2-29c0cab3 config="(configFile: none(InputFile), dataDirFlag: some(/data/status-im/nimbus-eth1/data/shared_mainnet_0), era1DirFlag: some(/data/era1), eraDirFlag: some(/data/era), ereDirFlag: none(OutDir), keyStoreDirFlag: none(OutDir), importKey: , trustedSetupFile: none(string), extraData: Nimbus/v0.4.2-29c0cab3, gasLimit: none(uint64), maxBlobs: none(byte), network: [mainnet], logLevel: INFO, logFormat: auto, metricsEnabled: false, metricsPort: 9093, metricsAddress: 127.0.0.1, bootstrapNodes: [], elBootstrapNodes: [], bootstrapFile: , elBootstrapFile: , staticPeers: [], staticPeersFile: , reconnectMaxRetry: 0, reconnectInterval: 15, listenAddress: ::, tcpPort: 30303, udpPortFlag: none(Port), maxPeersOpt: none(int), elMaxPeersOpt: none(int), nat: (hasExtIp: false, nat: NatAny), discv5: true, netKey: random, agentString: Nimbus/v0.4.2-29c0cab3/linux-amd64/Nim-2.2.12, numThreads: 0, persistBatchSize: 4, dynamicBatchSize: false, rocksdbMaxOpenFiles: 2048, rocksdbWriteBufferSize: 67108864, rocksdbRowCacheSize: 0, rocksdbBlockCacheSize: 2147483648, rocksdbBlockCacheType: hyperclock, rdbVtxCacheSize: 684720128, rdbKeyCacheSize: 1342177280, rdbBranchCacheSize: 1395654656, accLeafCacheSize: 1310720, stoLeafCacheSize: 1441792, rdbPrintStats: false, rewriteDatadirId: true, aristoDbMaxSnapshots: 5, debugParallel: none(bool), parallelStateRootComputationFlag: false, parallelSenderRecoveryFlag: true, optimisticStatePrefetchFlag: false, balStatePrefetchFlag: false, balStatePrefetchWorkers: 0, balParallelExecutionFlag: false, balPruning: true, eagerStateRootCheck: false, deserializeFcState: true, statelessProvider: false, statelessWitnessValidation: false, cmd: import, maxBlocks: 1000000, chunkSize: 8192, csvStats: some("/data/host-benchmarks/short/2fbd180e9f0049ca9dc1438f49d4439c/blocks-import-benchmark.csv"), validation: false, fullValidation: false, storeBodies: false, storeReceipts: false, storeSlotHashes: false)"
Oct 07 11:14:08 nimbus-eth1-mainnet-short-benchmark[1911322]: WRN 2026-10-07 11:14:08.307+00:00 Data directory has insecure permissions. Correcting them. data_dir=/data/status-im/nimbus-eth1/data/shared_mainnet_0 current_permissions=0755 required_permissions=0700
Oct 07 11:14:10 nimbus-eth1-mainnet-short-benchmark[1911322]: INF 2026-10-07 11:14:10.139+00:00 Taskpool started                           numThreads=16
Oct 07 11:14:10 nimbus-eth1-mainnet-short-benchmark[1911322]: CreateIOUring failed: Invalid argument (errno=22), thread=139759147855104
Oct 07 11:14:10 nimbus-eth1-mainnet-short-benchmark[1911322]: INF 2026-10-07 11:14:10.263+00:00 Database initialized                       base="(0xd24fd73f794058a3807db926d8898c6481e902b7edb91ce0d479d6760f276183, 20000000)" finalized="(0xd24fd73f794058a3807db926d8898c6481e902b7edb91ce0d479d6760f276183, 20000000)" head="(0xd4e56740f876aef8c010b86a40d5f56745a118d0906a34e69aec8c0db1cb8fa3, 0)" startOfHistory=0
Oct 07 11:14:10 nimbus-eth1-mainnet-short-benchmark[1911322]: NTC 2026-10-07 11:14:10.263+00:00 Could not open ere database, falling back to era1/era import ereDir=/data/status-im/nimbus-eth1/data/shared_mainnet_0/ere networkName=mainnet error="No ere files found in /data/status-im/nimbus-eth1/data/shared_mainnet_0/ere"
Oct 07 11:14:10 nimbus-eth1-mainnet-short-benchmark[1911322]: NTC 2026-10-07 11:14:10.263+00:00 Importing era archive                      blockNumber=20000001 dataDir=/data/status-im/nimbus-eth1/data/shared_mainnet_0 eraDir=/data/era
Oct 07 11:14:12 nimbus-eth1-mainnet-short-benchmark[1911322]: NTC 2026-10-07 11:14:12.435+00:00 Matched block to slot number               blockNumber=20000001 slot=9204783
Oct 07 11:20:20 nimbus-eth1-mainnet-short-benchmark[1911322]: INF 2026-10-07 11:20:20.073+00:00 Imported blocks                            blockNumber=20008193 slot=9213020 blocks=8192 txs=1226966 mgas=124237 bps=22.15 tps=3317 mgps=335.9 avgBps=22.15 avgTps=3317 avgMGps=335.9 elapsed=6m9s811ms
Oct 07 11:25:46 nimbus-eth1-mainnet-short-benchmark[1911322]: INF 2026-10-07 11:25:46.853+00:00 Imported blocks                            blockNumber=20016385 slot=9221256 blocks=16384 txs=2540380 mgas=248071 bps=25.07 tps=4019 mgps=379.0 avgBps=23.52 avgTps=3646 avgMGps=356.1 elapsed=11m36s590ms
Oct 07 11:30:54 nimbus-eth1-mainnet-short-benchmark[1911322]: INF 2026-10-07 11:30:54.840+00:00 Imported blocks                            blockNumber=20024577 slot=9229485 blocks=24576 txs=3869398 mgas=372018 bps=26.60 tps=4315 mgps=402.4 avgBps=24.46 avgTps=3851 avgMGps=370.3 elapsed=16m44s580ms
Oct 07 11:35:32 nimbus-eth1-mainnet-short-benchmark[1911322]: INF 2026-10-07 11:35:32.916+00:00 Imported blocks                            blockNumber=20032769 slot=9237722 blocks=32768 txs=5222766 mgas=495797 bps=29.46 tps=4866 mgps=445.1 avgBps=25.55 avgTps=4071 avgMGps=386.5 elapsed=21m22s653ms
Oct 07 11:40:03 nimbus-eth1-mainnet-short-benchmark[1911322]: INF 2026-10-07 11:40:03.433+00:00 Imported blocks                            blockNumber=20040961 slot=9245957 blocks=40960 txs=6566802 mgas=619586 bps=30.28 tps=4968 mgps=457.6 avgBps=26.37 avgTps=4227 avgMGps=398.9 elapsed=25m53s172ms
Oct 07 11:44:52 nimbus-eth1-mainnet-short-benchmark[1911322]: INF 2026-10-07 11:44:52.380+00:00 Imported blocks                            blockNumber=20049153 slot=9254196 blocks=49152 txs=7904746 mgas=743522 bps=28.35 tps=4630 mgps=428.9 avgBps=26.68 avgTps=4291 avgMGps=403.6 elapsed=30m42s119ms
Oct 07 11:49:28 nimbus-eth1-mainnet-short-benchmark[1911322]: INF 2026-10-07 11:49:28.188+00:00 Imported blocks                            blockNumber=20057345 slot=9262435 blocks=57344 txs=9212009 mgas=867360 bps=29.70 tps=4739 mgps=449.0 avgBps=27.08 avgTps=4349 avgMGps=409.5 elapsed=35m17s928ms
Oct 07 11:53:46 nimbus-eth1-mainnet-short-benchmark[1911322]: INF 2026-10-07 11:53:46.761+00:00 Imported blocks                            blockNumber=20065537 slot=9270674 blocks=65536 txs=10559018 mgas=991371 bps=31.68 tps=5209 mgps=479.6 avgBps=27.58 avgTps=4443 avgMGps=417.2 elapsed=39m36s500ms
Oct 07 11:57:50 nimbus-eth1-mainnet-short-benchmark[1911322]: INF 2026-10-07 11:57:50.633+00:00 Imported blocks                            blockNumber=20073729 slot=9278910 blocks=73728 txs=11898676 mgas=1115111 bps=33.59 tps=5493 mgps=507.4 avgBps=28.14 avgTps=4540 avgMGps=425.6 elapsed=43m40s372ms
Oct 07 12:01:45 nimbus-eth1-mainnet-short-benchmark[1911322]: INF 2026-10-07 12:01:45.618+00:00 Imported blocks                            blockNumber=20081921 slot=9287152 blocks=81920 txs=13323263 mgas=1239150 bps=34.86 tps=6062 mgps=527.9 avgBps=28.69 avgTps=4666 avgMGps=434.0 elapsed=47m35s356ms
Oct 07 12:05:37 nimbus-eth1-mainnet-short-benchmark[1911322]: INF 2026-10-07 12:05:37.859+00:00 Imported blocks                            blockNumber=20090113 slot=9295408 blocks=90112 txs=14697082 mgas=1363113 bps=35.27 tps=5915 mgps=533.8 avgBps=29.19 avgTps=4760 avgMGps=441.5 elapsed=51m27s596ms
Oct 07 12:09:46 nimbus-eth1-mainnet-short-benchmark[1911322]: INF 2026-10-07 12:09:46.363+00:00 Imported blocks                            blockNumber=20098305 slot=9303658 blocks=98304 txs=16025683 mgas=1487146 bps=32.97 tps=5346 mgps=499.1 avgBps=29.47 avgTps=4803 avgMGps=445.8 elapsed=55m36s99ms
Oct 07 12:14:06 nimbus-eth1-mainnet-short-benchmark[1911322]: INF 2026-10-07 12:14:06.991+00:00 Imported blocks                            blockNumber=20106497 slot=9311895 blocks=106496 txs=17337157 mgas=1611066 bps=31.43 tps=5031 mgps=475.5 avgBps=29.61 avgTps=4820 avgMGps=447.9 elapsed=59m56s728ms
Oct 07 12:18:12 nimbus-eth1-mainnet-short-benchmark[1911322]: INF 2026-10-07 12:18:12.148+00:00 Imported blocks                            blockNumber=20114689 slot=9320146 blocks=114688 txs=18632097 mgas=1735123 bps=33.42 tps=5282 mgps=506.0 avgBps=29.85 avgTps=4849 avgMGps=451.6 elapsed=1h4m1s
Oct 07 12:22:04 nimbus-eth1-mainnet-short-benchmark[1911322]: INF 2026-10-07 12:22:04.760+00:00 Imported blocks                            blockNumber=20122881 slot=9328409 blocks=122880 txs=19937418 mgas=1859249 bps=35.22 tps=5611 mgps=533.6 avgBps=30.16 avgTps=4893 avgMGps=456.3 elapsed=1h7m54s
Oct 07 12:25:52 nimbus-eth1-mainnet-short-benchmark[1911322]: INF 2026-10-07 12:25:52.629+00:00 Imported blocks                            blockNumber=20131073 slot=9336660 blocks=131072 txs=21214129 mgas=1983500 bps=35.95 tps=5602 mgps=545.3 avgBps=30.47 avgTps=4930 avgMGps=461.0 elapsed=1h11m42s
Oct 07 12:29:41 nimbus-eth1-mainnet-short-benchmark[1911322]: INF 2026-10-07 12:29:41.398+00:00 Imported blocks                            blockNumber=20139265 slot=9344906 blocks=139264 txs=22579079 mgas=2107571 bps=35.81 tps=5966 mgps=542.3 avgBps=30.73 avgTps=4983 avgMGps=465.1 elapsed=1h15m31s
Oct 07 12:34:18 nimbus-eth1-mainnet-short-benchmark[1911322]: INF 2026-10-07 12:34:18.182+00:00 Imported blocks                            blockNumber=20147457 slot=9353153 blocks=147456 txs=24133322 mgas=2231686 bps=29.60 tps=5615 mgps=448.4 avgBps=30.67 avgTps=5019 avgMGps=464.2 elapsed=1h20m7s
Oct 07 12:38:39 nimbus-eth1-mainnet-short-benchmark[1911322]: INF 2026-10-07 12:38:39.214+00:00 Imported blocks                            blockNumber=20155649 slot=9361407 blocks=155648 txs=25424015 mgas=2356018 bps=31.38 tps=4944 mgps=476.3 avgBps=30.71 avgTps=5015 avgMGps=464.8 elapsed=1h24m28s
Oct 07 12:42:41 nimbus-eth1-mainnet-short-benchmark[1911322]: INF 2026-10-07 12:42:41.607+00:00 Imported blocks                            blockNumber=20163841 slot=9369652 blocks=163840 txs=26749549 mgas=2480207 bps=33.80 tps=5468 mgps=512.3 avgBps=30.85 avgTps=5036 avgMGps=467.0 elapsed=1h28m31s
Oct 07 12:46:36 nimbus-eth1-mainnet-short-benchmark[1911322]: INF 2026-10-07 12:46:36.375+00:00 Imported blocks                            blockNumber=20172033 slot=9377892 blocks=172032 txs=28105316 mgas=2604026 bps=34.89 tps=5774 mgps=527.4 avgBps=31.02 avgTps=5067 avgMGps=469.5 elapsed=1h32m26s
Oct 07 12:50:40 nimbus-eth1-mainnet-short-benchmark[1911322]: INF 2026-10-07 12:50:40.092+00:00 Imported blocks                            blockNumber=20180225 slot=9386128 blocks=180224 txs=29524405 mgas=2728170 bps=33.61 tps=5822 mgps=509.4 avgBps=31.13 avgTps=5099 avgMGps=471.2 elapsed=1h36m29s
Oct 07 12:54:24 nimbus-eth1-mainnet-short-benchmark[1911322]: INF 2026-10-07 12:54:24.573+00:00 Imported blocks                            blockNumber=20188417 slot=9394365 blocks=188416 txs=30849021 mgas=2852023 bps=36.49 tps=5900 mgps=551.7 avgBps=31.33 avgTps=5129 avgMGps=474.2 elapsed=1h40m14s
Oct 07 12:58:34 nimbus-eth1-mainnet-short-benchmark[1911322]: INF 2026-10-07 12:58:34.117+00:00 Imported blocks                            blockNumber=20196609 slot=9402602 blocks=196608 txs=32174755 mgas=2976155 bps=32.83 tps=5312 mgps=497.4 avgBps=31.39 avgTps=5136 avgMGps=475.1 elapsed=1h44m23s
Oct 07 13:02:55 nimbus-eth1-mainnet-short-benchmark[1911322]: INF 2026-10-07 13:02:55.385+00:00 Imported blocks                            blockNumber=20204801 slot=9410840 blocks=204800 txs=33475942 mgas=3100410 bps=31.35 tps=4980 mgps=475.6 avgBps=31.39 avgTps=5130 avgMGps=475.1 elapsed=1h48m45s
Oct 07 13:06:59 nimbus-eth1-mainnet-short-benchmark[1911322]: INF 2026-10-07 13:06:59.094+00:00 Imported blocks                            blockNumber=20212993 slot=9419071 blocks=212992 txs=34798508 mgas=3224370 bps=33.61 tps=5426 mgps=508.6 avgBps=31.47 avgTps=5140 avgMGps=476.4 elapsed=1h52m48s
Oct 07 13:10:55 nimbus-eth1-mainnet-short-benchmark[1911322]: INF 2026-10-07 13:10:55.031+00:00 Imported blocks                            blockNumber=20221185 slot=9427313 blocks=221184 txs=36114045 mgas=3348169 bps=34.72 tps=5575 mgps=524.7 avgBps=31.58 avgTps=5155 avgMGps=478.0 elapsed=1h56m44s
Oct 07 13:14:30 nimbus-eth1-mainnet-short-benchmark[1911322]: INF 2026-10-07 13:14:30.559+00:00 Imported blocks                            blockNumber=20229377 slot=9435549 blocks=229376 txs=37421794 mgas=3472031 bps=38.01 tps=6067 mgps=574.7 avgBps=31.77 avgTps=5182 avgMGps=480.9 elapsed=2h20s296ms
Oct 07 13:18:17 nimbus-eth1-mainnet-short-benchmark[1911322]: INF 2026-10-07 13:18:17.952+00:00 Imported blocks                            blockNumber=20237569 slot=9443788 blocks=237568 txs=38842064 mgas=3596351 bps=36.03 tps=6245 mgps=546.7 avgBps=31.90 avgTps=5215 avgMGps=482.9 elapsed=2h4m7s
Oct 07 13:22:23 nimbus-eth1-mainnet-short-benchmark[1911322]: INF 2026-10-07 13:22:23.249+00:00 Imported blocks                            blockNumber=20245761 slot=9452021 blocks=245760 txs=40225739 mgas=3720100 bps=33.40 tps=5640 mgps=504.5 avgBps=31.95 avgTps=5228 avgMGps=483.6 elapsed=2h8m12s
Oct 07 13:26:41 nimbus-eth1-mainnet-short-benchmark[1911322]: INF 2026-10-07 13:26:41.617+00:00 Imported blocks                            blockNumber=20253953 slot=9460253 blocks=253952 txs=41454921 mgas=3844385 bps=31.71 tps=4757 mgps=481.0 avgBps=31.94 avgTps=5213 avgMGps=483.5 elapsed=2h12m31s
Oct 07 13:30:48 nimbus-eth1-mainnet-short-benchmark[1911322]: INF 2026-10-07 13:30:48.202+00:00 Imported blocks                            blockNumber=20262145 slot=9468495 blocks=262144 txs=42726051 mgas=3968623 bps=33.22 tps=5154 mgps=503.8 avgBps=31.98 avgTps=5211 avgMGps=484.1 elapsed=2h16m37s
Oct 07 13:34:38 nimbus-eth1-mainnet-short-benchmark[1911322]: INF 2026-10-07 13:34:38.362+00:00 Imported blocks                            blockNumber=20270337 slot=9476748 blocks=270336 txs=44050436 mgas=4092682 bps=35.59 tps=5754 mgps=539.0 avgBps=32.08 avgTps=5226 avgMGps=485.6 elapsed=2h20m28s
Oct 07 13:38:13 nimbus-eth1-mainnet-short-benchmark[1911322]: INF 2026-10-07 13:38:13.399+00:00 Imported blocks                            blockNumber=20278529 slot=9484981 blocks=278528 txs=45382368 mgas=4216487 bps=38.10 tps=6193 mgps=575.7 avgBps=32.23 avgTps=5250 avgMGps=487.8 elapsed=2h24m3s
Oct 07 13:41:54 nimbus-eth1-mainnet-short-benchmark[1911322]: INF 2026-10-07 13:41:54.396+00:00 Imported blocks                            blockNumber=20286721 slot=9493213 blocks=286720 txs=46733429 mgas=4340363 bps=37.07 tps=6113 mgps=560.5 avgBps=32.35 avgTps=5272 avgMGps=489.7 elapsed=2h27m44s
Oct 07 13:45:55 nimbus-eth1-mainnet-short-benchmark[1911322]: INF 2026-10-07 13:45:55.853+00:00 Imported blocks                            blockNumber=20294913 slot=9501453 blocks=294912 txs=48075887 mgas=4464376 bps=33.93 tps=5559 mgps=513.6 avgBps=32.39 avgTps=5279 avgMGps=490.3 elapsed=2h31m45s
Oct 07 13:49:51 nimbus-eth1-mainnet-short-benchmark[1911322]: INF 2026-10-07 13:49:51.929+00:00 Imported blocks                            blockNumber=20303105 slot=9509696 blocks=303104 txs=49379538 mgas=4588534 bps=34.70 tps=5522 mgps=525.9 avgBps=32.45 avgTps=5285 avgMGps=491.2 elapsed=2h35m41s
Oct 07 13:53:41 nimbus-eth1-mainnet-short-benchmark[1911322]: INF 2026-10-07 13:53:41.590+00:00 Imported blocks                            blockNumber=20311297 slot=9517922 blocks=311296 txs=50637672 mgas=4712596 bps=35.67 tps=5478 mgps=540.2 avgBps=32.52 avgTps=5290 avgMGps=492.4 elapsed=2h39m31s
Oct 07 13:57:22 nimbus-eth1-mainnet-short-benchmark[1911322]: INF 2026-10-07 13:57:22.491+00:00 Imported blocks                            blockNumber=20319489 slot=9526159 blocks=319488 txs=51981692 mgas=4836521 bps=37.08 tps=6084 mgps=561.0 avgBps=32.63 avgTps=5308 avgMGps=493.9 elapsed=2h43m12s
Oct 07 14:00:43 nimbus-eth1-mainnet-short-benchmark[1911322]: INF 2026-10-07 14:00:43.612+00:00 Imported blocks                            blockNumber=20327681 slot=9534381 blocks=327680 txs=53356123 mgas=4960245 bps=40.73 tps=6833 mgps=615.2 avgBps=32.79 avgTps=5339 avgMGps=496.4 elapsed=2h46m33s
Oct 07 14:04:05 nimbus-eth1-mainnet-short-benchmark[1911322]: INF 2026-10-07 14:04:05.605+00:00 Imported blocks                            blockNumber=20335873 slot=9542617 blocks=335872 txs=54719105 mgas=5084025 bps=40.55 tps=6747 mgps=612.8 avgBps=32.94 avgTps=5367 avgMGps=498.7 elapsed=2h49m55s
Oct 07 14:07:45 nimbus-eth1-mainnet-short-benchmark[1911322]: INF 2026-10-07 14:07:45.846+00:00 Imported blocks                            blockNumber=20344065 slot=9550841 blocks=344064 txs=56021853 mgas=5207843 bps=37.20 tps=5915 mgps=562.2 avgBps=33.03 avgTps=5378 avgMGps=500.0 elapsed=2h53m35s
Oct 07 14:11:56 nimbus-eth1-mainnet-short-benchmark[1911322]: INF 2026-10-07 14:11:56.754+00:00 Imported blocks                            blockNumber=20352257 slot=9559072 blocks=352256 txs=57290408 mgas=5332016 bps=32.65 tps=5055 mgps=494.9 avgBps=33.02 avgTps=5371 avgMGps=499.9 elapsed=2h57m46s
Oct 07 14:15:45 nimbus-eth1-mainnet-short-benchmark[1911322]: INF 2026-10-07 14:15:45.583+00:00 Imported blocks                            blockNumber=20360449 slot=9567308 blocks=360448 txs=58543463 mgas=5456201 bps=35.80 tps=5476 mgps=542.7 avgBps=33.08 avgTps=5373 avgMGps=500.8 elapsed=3h1m35s
Oct 07 14:19:25 nimbus-eth1-mainnet-short-benchmark[1911322]: INF 2026-10-07 14:19:25.784+00:00 Imported blocks                            blockNumber=20368641 slot=9575548 blocks=368640 txs=59874056 mgas=5580204 bps=37.20 tps=6042 mgps=563.1 avgBps=33.16 avgTps=5386 avgMGps=502.0 elapsed=3h5m15s
Oct 07 14:23:16 nimbus-eth1-mainnet-short-benchmark[1911322]: INF 2026-10-07 14:23:16.845+00:00 Imported blocks                            blockNumber=20376833 slot=9583774 blocks=376832 txs=61167066 mgas=5704396 bps=35.45 tps=5595 mgps=537.5 avgBps=33.21 avgTps=5390 avgMGps=502.7 elapsed=3h9m6s
Oct 07 14:27:02 nimbus-eth1-mainnet-short-benchmark[1911322]: INF 2026-10-07 14:27:02.913+00:00 Imported blocks                            blockNumber=20385025 slot=9592009 blocks=385024 txs=62480333 mgas=5828235 bps=36.24 tps=5809 mgps=547.8 avgBps=33.27 avgTps=5398 avgMGps=503.6 elapsed=3h12m52s
Oct 07 14:30:49 nimbus-eth1-mainnet-short-benchmark[1911322]: INF 2026-10-07 14:30:49.414+00:00 Imported blocks                            blockNumber=20393217 slot=9600248 blocks=393216 txs=63800597 mgas=5952136 bps=36.17 tps=5828 mgps=547.0 avgBps=33.33 avgTps=5407 avgMGps=504.5 elapsed=3h16m39s
Oct 07 14:34:27 nimbus-eth1-mainnet-short-benchmark[1911322]: INF 2026-10-07 14:34:27.623+00:00 Imported blocks                            blockNumber=20401409 slot=9608486 blocks=401408 txs=65021243 mgas=6076384 bps=37.54 tps=5593 mgps=569.4 avgBps=33.40 avgTps=5410 avgMGps=505.6 elapsed=3h20m17s
Oct 07 14:38:19 nimbus-eth1-mainnet-short-benchmark[1911322]: INF 2026-10-07 14:38:19.760+00:00 Imported blocks                            blockNumber=20409601 slot=9616707 blocks=409600 txs=66199016 mgas=6200666 bps=35.29 tps=5073 mgps=535.4 avgBps=33.44 avgTps=5404 avgMGps=506.2 elapsed=3h24m9s
Oct 07 14:42:04 nimbus-eth1-mainnet-short-benchmark[1911322]: INF 2026-10-07 14:42:04.549+00:00 Imported blocks                            blockNumber=20417793 slot=9624941 blocks=417792 txs=67453930 mgas=6324823 bps=36.44 tps=5582 mgps=552.3 avgBps=33.49 avgTps=5407 avgMGps=507.0 elapsed=3h27m54s
Oct 07 14:45:22 nimbus-eth1-mainnet-short-benchmark[1911322]: INF 2026-10-07 14:45:22.210+00:00 Imported blocks                            blockNumber=20425985 slot=9633187 blocks=425984 txs=68814904 mgas=6448778 bps=41.45 tps=6885 mgps=627.1 avgBps=33.62 avgTps=5430 avgMGps=508.9 elapsed=3h31m11s
Oct 07 14:48:38 nimbus-eth1-mainnet-short-benchmark[1911322]: INF 2026-10-07 14:48:38.511+00:00 Imported blocks                            blockNumber=20434177 slot=9641422 blocks=434176 txs=70124508 mgas=6572711 bps=41.73 tps=6671 mgps=631.3 avgBps=33.74 avgTps=5449 avgMGps=510.8 elapsed=3h34m28s
Oct 07 14:52:06 nimbus-eth1-mainnet-short-benchmark[1911322]: INF 2026-10-07 14:52:06.024+00:00 Imported blocks                            blockNumber=20442369 slot=9649657 blocks=442368 txs=71403576 mgas=6696451 bps=39.48 tps=6163 mgps=596.3 avgBps=33.83 avgTps=5460 avgMGps=512.1 elapsed=3h37m55s
Oct 07 14:55:54 nimbus-eth1-mainnet-short-benchmark[1911322]: INF 2026-10-07 14:55:54.681+00:00 Imported blocks                            blockNumber=20450561 slot=9657896 blocks=450560 txs=72659905 mgas=6820521 bps=35.83 tps=5494 mgps=542.6 avgBps=33.87 avgTps=5461 avgMGps=512.7 elapsed=3h41m44s
Oct 07 15:00:02 nimbus-eth1-mainnet-short-benchmark[1911322]: INF 2026-10-07 15:00:02.681+00:00 Imported blocks                            blockNumber=20458753 slot=9666114 blocks=458752 txs=73838533 mgas=6945116 bps=33.03 tps=4752 mgps=502.4 avgBps=33.85 avgTps=5448 avgMGps=512.5 elapsed=3h45m52s
Oct 07 15:03:47 nimbus-eth1-mainnet-short-benchmark[1911322]: INF 2026-10-07 15:03:47.046+00:00 Imported blocks                            blockNumber=20466945 slot=9674343 blocks=466944 txs=75124748 mgas=7068943 bps=36.51 tps=5732 mgps=551.9 avgBps=33.89 avgTps=5452 avgMGps=513.1 elapsed=3h49m36s
Oct 07 15:07:32 nimbus-eth1-mainnet-short-benchmark[1911322]: INF 2026-10-07 15:07:32.135+00:00 Imported blocks                            blockNumber=20475137 slot=9682575 blocks=475136 txs=76420106 mgas=7192870 bps=36.39 tps=5754 mgps=550.6 avgBps=33.93 avgTps=5457 avgMGps=513.7 elapsed=3h53m21s
Oct 07 15:11:06 nimbus-eth1-mainnet-short-benchmark[1911322]: INF 2026-10-07 15:11:06.640+00:00 Imported blocks                            blockNumber=20483329 slot=9690800 blocks=483328 txs=77675422 mgas=7316939 bps=38.19 tps=5852 mgps=578.4 avgBps=34.00 avgTps=5463 avgMGps=514.7 elapsed=3h56m56s
Oct 07 15:14:36 nimbus-eth1-mainnet-short-benchmark[1911322]: INF 2026-10-07 15:14:36.109+00:00 Imported blocks                            blockNumber=20491521 slot=9699019 blocks=491520 txs=78951232 mgas=7440784 bps=39.11 tps=6090 mgps=591.2 avgBps=34.07 avgTps=5472 avgMGps=515.8 elapsed=4h25s845ms
Oct 07 15:18:20 nimbus-eth1-mainnet-short-benchmark[1911322]: INF 2026-10-07 15:18:20.690+00:00 Imported blocks                            blockNumber=20499713 slot=9707248 blocks=499712 txs=80189642 mgas=7564669 bps=36.48 tps=5514 mgps=551.6 avgBps=34.11 avgTps=5473 avgMGps=516.3 elapsed=4h4m10s
Oct 07 15:22:13 nimbus-eth1-mainnet-short-benchmark[1911322]: INF 2026-10-07 15:22:13.666+00:00 Imported blocks                            blockNumber=20507905 slot=9715488 blocks=507904 txs=81317763 mgas=7689208 bps=35.16 tps=4842 mgps=534.6 avgBps=34.13 avgTps=5463 avgMGps=516.6 elapsed=4h8m3s
Oct 07 15:25:37 nimbus-eth1-mainnet-short-benchmark[1911322]: INF 2026-10-07 15:25:37.199+00:00 Imported blocks                            blockNumber=20516097 slot=9723715 blocks=516096 txs=82520262 mgas=7813209 bps=40.25 tps=5908 mgps=609.3 avgBps=34.21 avgTps=5469 avgMGps=517.9 elapsed=4h11m26s
Oct 07 15:29:12 nimbus-eth1-mainnet-short-benchmark[1911322]: INF 2026-10-07 15:29:12.980+00:00 Imported blocks                            blockNumber=20524289 slot=9731945 blocks=524288 txs=83780075 mgas=7937233 bps=37.96 tps=5838 mgps=574.8 avgBps=34.26 avgTps=5474 avgMGps=518.7 elapsed=4h15m2s
Oct 07 15:32:55 nimbus-eth1-mainnet-short-benchmark[1911322]: INF 2026-10-07 15:32:55.861+00:00 Imported blocks                            blockNumber=20532481 slot=9740183 blocks=532480 txs=85263862 mgas=8061024 bps=36.75 tps=6657 mgps=555.4 avgBps=34.30 avgTps=5491 avgMGps=519.2 elapsed=4h18m45s
Oct 07 15:36:43 nimbus-eth1-mainnet-short-benchmark[1911322]: INF 2026-10-07 15:36:43.426+00:00 Imported blocks                            blockNumber=20540673 slot=9748418 blocks=540672 txs=86612143 mgas=8185090 bps=36.00 tps=5924 mgps=545.2 avgBps=34.32 avgTps=5498 avgMGps=519.6 elapsed=4h22m33s
Oct 07 15:40:39 nimbus-eth1-mainnet-short-benchmark[1911322]: INF 2026-10-07 15:40:39.531+00:00 Imported blocks                            blockNumber=20548865 slot=9756662 blocks=548864 txs=87802991 mgas=8309513 bps=34.70 tps=5043 mgps=527.0 avgBps=34.33 avgTps=5491 avgMGps=519.7 elapsed=4h26m29s
Oct 07 15:44:30 nimbus-eth1-mainnet-short-benchmark[1911322]: INF 2026-10-07 15:44:30.979+00:00 Imported blocks                            blockNumber=20557057 slot=9764892 blocks=557056 txs=88964987 mgas=8433956 bps=35.39 tps=5020 mgps=537.7 avgBps=34.34 avgTps=5484 avgMGps=519.9 elapsed=4h30m20s
Oct 07 15:48:11 nimbus-eth1-mainnet-short-benchmark[1911322]: INF 2026-10-07 15:48:11.348+00:00 Imported blocks                            blockNumber=20565249 slot=9773131 blocks=565248 txs=90186094 mgas=8558113 bps=37.17 tps=5541 mgps=563.4 avgBps=34.38 avgTps=5485 avgMGps=520.5 elapsed=4h34m1s
Oct 07 15:51:51 nimbus-eth1-mainnet-short-benchmark[1911322]: INF 2026-10-07 15:51:51.909+00:00 Imported blocks                            blockNumber=20573441 slot=9781369 blocks=573440 txs=91404654 mgas=8682228 bps=37.14 tps=5524 mgps=562.7 avgBps=34.42 avgTps=5485 avgMGps=521.1 elapsed=4h37m41s
Oct 07 15:55:28 nimbus-eth1-mainnet-short-benchmark[1911322]: INF 2026-10-07 15:55:28.758+00:00 Imported blocks                            blockNumber=20581633 slot=9789611 blocks=581632 txs=92628389 mgas=8806651 bps=37.78 tps=5643 mgps=573.8 avgBps=34.46 avgTps=5487 avgMGps=521.8 elapsed=4h41m18s
Oct 07 15:59:13 nimbus-eth1-mainnet-short-benchmark[1911322]: INF 2026-10-07 15:59:13.815+00:00 Imported blocks                            blockNumber=20589825 slot=9797855 blocks=589824 txs=93887208 mgas=8931023 bps=36.40 tps=5593 mgps=552.6 avgBps=34.49 avgTps=5489 avgMGps=522.2 elapsed=4h45m3s
Oct 07 16:03:04 nimbus-eth1-mainnet-short-benchmark[1911322]: INF 2026-10-07 16:03:04.063+00:00 Imported blocks                            blockNumber=20598017 slot=9806095 blocks=598016 txs=95163338 mgas=9055310 bps=35.58 tps=5542 mgps=539.8 avgBps=34.50 avgTps=5490 avgMGps=522.4 elapsed=4h48m53s
Oct 07 16:06:54 nimbus-eth1-mainnet-short-benchmark[1911322]: INF 2026-10-07 16:06:54.468+00:00 Imported blocks                            blockNumber=20606209 slot=9814347 blocks=606208 txs=96334664 mgas=9179976 bps=35.55 tps=5083 mgps=541.1 avgBps=34.51 avgTps=5484 avgMGps=522.7 elapsed=4h52m44s
Oct 07 16:10:34 nimbus-eth1-mainnet-short-benchmark[1911322]: INF 2026-10-07 16:10:34.821+00:00 Imported blocks                            blockNumber=20614401 slot=9822581 blocks=614400 txs=97573414 mgas=9304574 bps=37.18 tps=5621 mgps=565.4 avgBps=34.55 avgTps=5486 avgMGps=523.2 elapsed=4h56m24s
Oct 07 16:14:15 nimbus-eth1-mainnet-short-benchmark[1911322]: INF 2026-10-07 16:14:15.438+00:00 Imported blocks                            blockNumber=20622593 slot=9830821 blocks=622592 txs=98874772 mgas=9428835 bps=37.13 tps=5898 mgps=563.2 avgBps=34.58 avgTps=5491 avgMGps=523.7 elapsed=5h5s174ms
Oct 07 16:17:49 nimbus-eth1-mainnet-short-benchmark[1911322]: INF 2026-10-07 16:17:49.739+00:00 Imported blocks                            blockNumber=20630785 slot=9839058 blocks=630784 txs=100178707 mgas=9553009 bps=38.23 tps=6084 mgps=579.4 avgBps=34.62 avgTps=5498 avgMGps=524.3 elapsed=5h3m39s
Oct 07 16:21:35 nimbus-eth1-mainnet-short-benchmark[1911322]: INF 2026-10-07 16:21:35.327+00:00 Imported blocks                            blockNumber=20638977 slot=9847313 blocks=638976 txs=101489116 mgas=9677171 bps=36.31 tps=5808 mgps=550.4 avgBps=34.64 avgTps=5502 avgMGps=524.6 elapsed=5h7m25s
Oct 07 16:25:19 nimbus-eth1-mainnet-short-benchmark[1911322]: INF 2026-10-07 16:25:19.144+00:00 Imported blocks                            blockNumber=20647169 slot=9855549 blocks=647168 txs=102730058 mgas=9801643 bps=36.60 tps=5544 mgps=556.1 avgBps=34.67 avgTps=5502 avgMGps=525.0 elapsed=5h11m8s
Oct 07 16:29:16 nimbus-eth1-mainnet-short-benchmark[1911322]: INF 2026-10-07 16:29:16.529+00:00 Imported blocks                            blockNumber=20655361 slot=9863778 blocks=655360 txs=103868002 mgas=9926541 bps=34.51 tps=4793 mgps=526.1 avgBps=34.66 avgTps=5493 avgMGps=525.0 elapsed=5h15m6s
Oct 07 16:32:51 nimbus-eth1-mainnet-short-benchmark[1911322]: INF 2026-10-07 16:32:51.926+00:00 Imported blocks                            blockNumber=20663553 slot=9872013 blocks=663552 txs=105112198 mgas=10051274 bps=38.03 tps=5776 mgps=579.1 avgBps=34.70 avgTps=5497 avgMGps=525.6 elapsed=5h18m41s
Oct 07 16:36:17 nimbus-eth1-mainnet-short-benchmark[1911322]: INF 2026-10-07 16:36:17.107+00:00 Imported blocks                            blockNumber=20671745 slot=9880241 blocks=671744 txs=106395904 mgas=10175177 bps=39.93 tps=6256 mgps=603.9 avgBps=34.76 avgTps=5505 avgMGps=526.5 elapsed=5h22m6s
Oct 07 16:39:47 nimbus-eth1-mainnet-short-benchmark[1911322]: INF 2026-10-07 16:39:47.028+00:00 Imported blocks                            blockNumber=20679937 slot=9888471 blocks=679936 txs=107674271 mgas=10299404 bps=39.02 tps=6089 mgps=591.8 avgBps=34.80 avgTps=5511 avgMGps=527.2 elapsed=5h25m36s
Oct 07 16:43:07 nimbus-eth1-mainnet-short-benchmark[1911322]: INF 2026-10-07 16:43:07.833+00:00 Imported blocks                            blockNumber=20688129 slot=9896698 blocks=688128 txs=108938536 mgas=10423298 bps=40.80 tps=6295 mgps=617.0 avgBps=34.86 avgTps=5519 avgMGps=528.1 elapsed=5h28m57s
Oct 07 16:46:40 nimbus-eth1-mainnet-short-benchmark[1911322]: INF 2026-10-07 16:46:40.918+00:00 Imported blocks                            blockNumber=20696321 slot=9904930 blocks=696320 txs=110235786 mgas=10547469 bps=38.45 tps=6088 mgps=582.7 avgBps=34.90 avgTps=5525 avgMGps=528.7 elapsed=5h32m30s
Oct 07 16:50:32 nimbus-eth1-mainnet-short-benchmark[1911322]: INF 2026-10-07 16:50:32.883+00:00 Imported blocks                            blockNumber=20704513 slot=9913154 blocks=704512 txs=111483759 mgas=10671677 bps=35.32 tps=5379 mgps=535.5 avgBps=34.91 avgTps=5523 avgMGps=528.8 elapsed=5h36m22s
Oct 07 16:54:12 nimbus-eth1-mainnet-short-benchmark[1911322]: INF 2026-10-07 16:54:12.667+00:00 Imported blocks                            blockNumber=20712705 slot=9921388 blocks=712704 txs=112764170 mgas=10795980 bps=37.27 tps=5825 mgps=565.6 avgBps=34.93 avgTps=5527 avgMGps=529.2 elapsed=5h40m2s
Oct 07 16:57:36 nimbus-eth1-mainnet-short-benchmark[1911322]: INF 2026-10-07 16:57:36.429+00:00 Imported blocks                            blockNumber=20720897 slot=9929633 blocks=720896 txs=114110517 mgas=10919926 bps=40.20 tps=6607 mgps=608.3 avgBps=34.98 avgTps=5537 avgMGps=529.9 elapsed=5h43m26s
Oct 07 17:01:08 nimbus-eth1-mainnet-short-benchmark[1911322]: INF 2026-10-07 17:01:08.038+00:00 Imported blocks                            blockNumber=20729089 slot=9937869 blocks=729088 txs=115449431 mgas=11043768 bps=38.71 tps=6327 mgps=585.2 avgBps=35.02 avgTps=5545 avgMGps=530.5 elapsed=5h46m57s
Oct 07 17:04:30 nimbus-eth1-mainnet-short-benchmark[1911322]: INF 2026-10-07 17:04:30.299+00:00 Imported blocks                            blockNumber=20737281 slot=9946108 blocks=737280 txs=116784468 mgas=11167784 bps=40.50 tps=6600 mgps=613.2 avgBps=35.08 avgTps=5555 avgMGps=531.3 elapsed=5h50m20s
Oct 07 17:08:02 nimbus-eth1-mainnet-short-benchmark[1911322]: INF 2026-10-07 17:08:02.180+00:00 Imported blocks                            blockNumber=20745473 slot=9954342 blocks=745472 txs=118101003 mgas=11291742 bps=38.66 tps=6213 mgps=585.0 avgBps=35.11 avgTps=5562 avgMGps=531.8 elapsed=5h53m51s
Oct 07 17:11:52 nimbus-eth1-mainnet-short-benchmark[1911322]: INF 2026-10-07 17:11:52.348+00:00 Imported blocks                            blockNumber=20753665 slot=9962581 blocks=753664 txs=119337525 mgas=11415859 bps=35.59 tps=5372 mgps=539.2 avgBps=35.12 avgTps=5560 avgMGps=531.9 elapsed=5h57m42s
Oct 07 17:15:29 nimbus-eth1-mainnet-short-benchmark[1911322]: INF 2026-10-07 17:15:29.245+00:00 Imported blocks                            blockNumber=20761857 slot=9970803 blocks=761856 txs=120564314 mgas=11540225 bps=37.77 tps=5656 mgps=573.4 avgBps=35.14 avgTps=5561 avgMGps=532.3 elapsed=6h1m18s
Oct 07 17:18:52 nimbus-eth1-mainnet-short-benchmark[1911322]: INF 2026-10-07 17:18:52.850+00:00 Imported blocks                            blockNumber=20770049 slot=9979058 blocks=770048 txs=121858083 mgas=11663918 bps=40.24 tps=6354 mgps=607.5 avgBps=35.19 avgTps=5568 avgMGps=533.0 elapsed=6h4m42s
Oct 07 17:22:08 nimbus-eth1-mainnet-short-benchmark[1911322]: INF 2026-10-07 17:22:08.376+00:00 Imported blocks                            blockNumber=20778241 slot=9987307 blocks=778240 txs=123161734 mgas=11787906 bps=41.90 tps=6667 mgps=634.1 avgBps=35.25 avgTps=5578 avgMGps=533.9 elapsed=6h7m58s
Oct 07 17:25:17 nimbus-eth1-mainnet-short-benchmark[1911322]: INF 2026-10-07 17:25:17.617+00:00 Imported blocks                            blockNumber=20786433 slot=9995542 blocks=786432 txs=124509456 mgas=11911612 bps=43.29 tps=7121 mgps=653.7 avgBps=35.32 avgTps=5591 avgMGps=534.9 elapsed=6h11m7s
Oct 07 17:28:33 nimbus-eth1-mainnet-short-benchmark[1911322]: INF 2026-10-07 17:28:33.514+00:00 Imported blocks                            blockNumber=20794625 slot=10003781 blocks=794624 txs=125848921 mgas=12035338 bps=41.82 tps=6837 mgps=631.6 avgBps=35.37 avgTps=5602 avgMGps=535.8 elapsed=6h14m23s
Oct 07 17:31:55 nimbus-eth1-mainnet-short-benchmark[1911322]: INF 2026-10-07 17:31:55.091+00:00 Imported blocks                            blockNumber=20802817 slot=10012028 blocks=802816 txs=127089868 mgas=12158989 bps=40.64 tps=6156 mgps=613.4 avgBps=35.42 avgTps=5607 avgMGps=536.5 elapsed=6h17m44s
Oct 07 17:35:25 nimbus-eth1-mainnet-short-benchmark[1911322]: INF 2026-10-07 17:35:25.592+00:00 Imported blocks                            blockNumber=20811009 slot=10020249 blocks=811008 txs=128299762 mgas=12282850 bps=38.92 tps=5747 mgps=588.4 avgBps=35.45 avgTps=5608 avgMGps=536.9 elapsed=6h21m15s
Oct 07 17:38:40 nimbus-eth1-mainnet-short-benchmark[1911322]: INF 2026-10-07 17:38:40.249+00:00 Imported blocks                            blockNumber=20819201 slot=10028481 blocks=819200 txs=129596319 mgas=12406594 bps=42.08 tps=6660 mgps=635.7 avgBps=35.51 avgTps=5617 avgMGps=537.8 elapsed=6h24m29s
Oct 07 17:41:53 nimbus-eth1-mainnet-short-benchmark[1911322]: INF 2026-10-07 17:41:53.535+00:00 Imported blocks                            blockNumber=20827393 slot=10036710 blocks=827392 txs=130916729 mgas=12530249 bps=42.38 tps=6831 mgps=639.8 avgBps=35.57 avgTps=5627 avgMGps=538.6 elapsed=6h27m43s
Oct 07 17:45:07 nimbus-eth1-mainnet-short-benchmark[1911322]: INF 2026-10-07 17:45:07.604+00:00 Imported blocks                            blockNumber=20835585 slot=10044938 blocks=835584 txs=132226625 mgas=12654070 bps=42.21 tps=6749 mgps=638.0 avgBps=35.62 avgTps=5636 avgMGps=539.5 elapsed=6h30m57s
Oct 07 17:48:32 nimbus-eth1-mainnet-short-benchmark[1911322]: INF 2026-10-07 17:48:32.521+00:00 Imported blocks                            blockNumber=20843777 slot=10053164 blocks=843776 txs=133604192 mgas=12777730 bps=39.98 tps=6722 mgps=603.5 avgBps=35.66 avgTps=5646 avgMGps=540.0 elapsed=6h34m22s
Oct 07 17:52:29 nimbus-eth1-mainnet-short-benchmark[1911322]: INF 2026-10-07 17:52:29.586+00:00 Imported blocks                            blockNumber=20851969 slot=10061391 blocks=851968 txs=134900706 mgas=12901664 bps=34.56 tps=5469 mgps=522.8 avgBps=35.65 avgTps=5644 avgMGps=539.8 elapsed=6h38m19s
Oct 07 17:56:12 nimbus-eth1-mainnet-short-benchmark[1911322]: INF 2026-10-07 17:56:12.714+00:00 Imported blocks                            blockNumber=20860161 slot=10069622 blocks=860160 txs=136168750 mgas=13025603 bps=36.71 tps=5682 mgps=555.5 avgBps=35.66 avgTps=5644 avgMGps=540.0 elapsed=6h42m2s
Oct 07 17:59:52 nimbus-eth1-mainnet-short-benchmark[1911322]: INF 2026-10-07 17:59:52.307+00:00 Imported blocks                            blockNumber=20868353 slot=10077838 blocks=868352 txs=137550724 mgas=13149742 bps=37.31 tps=6293 mgps=565.3 avgBps=35.67 avgTps=5650 avgMGps=540.2 elapsed=6h45m42s
Oct 07 18:03:28 nimbus-eth1-mainnet-short-benchmark[1911322]: INF 2026-10-07 18:03:28.776+00:00 Imported blocks                            blockNumber=20876545 slot=10086066 blocks=876544 txs=138954673 mgas=13273457 bps=37.84 tps=6485 mgps=571.5 avgBps=35.69 avgTps=5658 avgMGps=540.5 elapsed=6h49m18s
Oct 07 18:06:59 nimbus-eth1-mainnet-short-benchmark[1911322]: INF 2026-10-07 18:06:59.089+00:00 Imported blocks                            blockNumber=20884737 slot=10094286 blocks=884736 txs=140256178 mgas=13397479 bps=38.95 tps=6188 mgps=589.7 avgBps=35.72 avgTps=5662 avgMGps=540.9 elapsed=6h52m48s
Oct 07 18:10:23 nimbus-eth1-mainnet-short-benchmark[1911322]: INF 2026-10-07 18:10:23.306+00:00 Imported blocks                            blockNumber=20892929 slot=10102512 blocks=892928 txs=141581868 mgas=13521575 bps=40.11 tps=6491 mgps=607.7 avgBps=35.76 avgTps=5669 avgMGps=541.4 elapsed=6h56m13s
Oct 07 18:13:49 nimbus-eth1-mainnet-short-benchmark[1911322]: INF 2026-10-07 18:13:49.019+00:00 Imported blocks                            blockNumber=20901121 slot=10110732 blocks=901120 txs=142875889 mgas=13645572 bps=39.82 tps=6290 mgps=602.8 avgBps=35.79 avgTps=5674 avgMGps=541.9 elapsed=6h59m38s
Oct 07 18:17:13 nimbus-eth1-mainnet-short-benchmark[1911322]: INF 2026-10-07 18:17:13.740+00:00 Imported blocks                            blockNumber=20909313 slot=10118953 blocks=909312 txs=144102308 mgas=13769390 bps=40.01 tps=5990 mgps=604.8 avgBps=35.82 avgTps=5677 avgMGps=542.5 elapsed=7h3m3s
Oct 07 18:20:34 nimbus-eth1-mainnet-short-benchmark[1911322]: INF 2026-10-07 18:20:34.381+00:00 Imported blocks                            blockNumber=20917505 slot=10127176 blocks=917504 txs=145406349 mgas=13893087 bps=40.83 tps=6499 mgps=616.5 avgBps=35.86 avgTps=5683 avgMGps=543.0 elapsed=7h6m24s
Oct 07 18:23:44 nimbus-eth1-mainnet-short-benchmark[1911322]: INF 2026-10-07 18:23:44.323+00:00 Imported blocks                            blockNumber=20925697 slot=10135394 blocks=925696 txs=146718394 mgas=14016820 bps=43.13 tps=6907 mgps=651.4 avgBps=35.92 avgTps=5692 avgMGps=543.8 elapsed=7h9m34s
Oct 07 18:27:09 nimbus-eth1-mainnet-short-benchmark[1911322]: INF 2026-10-07 18:27:09.112+00:00 Imported blocks                            blockNumber=20933889 slot=10143614 blocks=933888 txs=148049109 mgas=14140625 bps=40.00 tps=6498 mgps=604.5 avgBps=35.95 avgTps=5698 avgMGps=544.3 elapsed=7h12m58s
Oct 07 18:30:26 nimbus-eth1-mainnet-short-benchmark[1911322]: INF 2026-10-07 18:30:26.873+00:00 Imported blocks                            blockNumber=20942081 slot=10151840 blocks=942080 txs=149397364 mgas=14264352 bps=41.42 tps=6817 mgps=625.6 avgBps=35.99 avgTps=5707 avgMGps=544.9 elapsed=7h16m16s
Oct 07 18:33:49 nimbus-eth1-mainnet-short-benchmark[1911322]: INF 2026-10-07 18:33:49.290+00:00 Imported blocks                            blockNumber=20950273 slot=10160098 blocks=950272 txs=150765507 mgas=14388237 bps=40.47 tps=6759 mgps=612.0 avgBps=36.02 avgTps=5715 avgMGps=545.4 elapsed=7h19m39s
Oct 07 18:37:28 nimbus-eth1-mainnet-short-benchmark[1911322]: INF 2026-10-07 18:37:28.103+00:00 Imported blocks                            blockNumber=20958465 slot=10168363 blocks=958464 txs=152044771 mgas=14511987 bps=37.44 tps=5846 mgps=565.6 avgBps=36.04 avgTps=5716 avgMGps=545.6 elapsed=7h23m17s
Oct 07 18:40:54 nimbus-eth1-mainnet-short-benchmark[1911322]: INF 2026-10-07 18:40:54.840+00:00 Imported blocks                            blockNumber=20966657 slot=10176609 blocks=966656 txs=153365296 mgas=14635804 bps=39.63 tps=6387 mgps=598.9 avgBps=36.06 avgTps=5721 avgMGps=546.0 elapsed=7h26m44s
Oct 07 18:44:21 nimbus-eth1-mainnet-short-benchmark[1911322]: INF 2026-10-07 18:44:21.293+00:00 Imported blocks                            blockNumber=20974849 slot=10184849 blocks=974848 txs=154744917 mgas=14759580 bps=39.68 tps=6682 mgps=599.5 avgBps=36.09 avgTps=5728 avgMGps=546.4 elapsed=7h30m11s
Oct 07 18:47:53 nimbus-eth1-mainnet-short-benchmark[1911322]: INF 2026-10-07 18:47:53.782+00:00 Imported blocks                            blockNumber=20983041 slot=10193086 blocks=983040 txs=156055229 mgas=14883451 bps=38.55 tps=6166 mgps=583.0 avgBps=36.11 avgTps=5732 avgMGps=546.7 elapsed=7h33m43s
Oct 07 18:51:01 nimbus-eth1-mainnet-short-benchmark[1911322]: INF 2026-10-07 18:51:01.443+00:00 Imported blocks                            blockNumber=20991233 slot=10201319 blocks=991232 txs=157563202 mgas=15007557 bps=43.65 tps=8035 mgps=661.3 avgBps=36.16 avgTps=5748 avgMGps=547.5 elapsed=7h36m51s
Oct 07 18:54:39 nimbus-eth1-mainnet-short-benchmark[1911322]: INF 2026-10-07 18:54:39.132+00:00 Imported blocks                            blockNumber=20999425 slot=10209549 blocks=999424 txs=159003277 mgas=15131383 bps=37.63 tps=6615 mgps=568.8 avgBps=36.17 avgTps=5754 avgMGps=547.7 elapsed=7h40m28s
Oct 07 18:54:55 nimbus-eth1-mainnet-short-benchmark[1911322]: INF 2026-10-07 18:54:55.044+00:00 Imported blocks                            blockNumber=21000001 slot=10210128 blocks=1000000 txs=159109486 mgas=15140191 bps=36.20 tps=6674 mgps=553.5 avgBps=36.17 avgTps=5755 avgMGps=547.7 elapsed=7h40m44s
Oct 07 18:54:55 nimbus-eth1-mainnet-short-benchmark[1911322]: NTC 2026-10-07 18:54:55.044+00:00 Import complete                            blockNumber=21000001 slot=10210128 blocks=1000000 txs=159109486 mgas=15140191
Oct 07 18:54:55 nimbus-eth1-mainnet-short-benchmark[1881405]: <<< ending startNimbusWithImport (success)
Oct 07 18:54:55 nimbus-eth1-mainnet-short-benchmark[1881405]: >>> starting moveBenchmarkingFileToRepo
Oct 07 18:54:55 nimbus-eth1-mainnet-short-benchmark[1881405]: >>> copying debug-csv generated by nimbus to benchmarks repo
Oct 07 18:54:56 nimbus-eth1-mainnet-short-benchmark[1881405]: <<< ending moveBenchmarkingFileToRepo (success)
Oct 07 18:54:56 nimbus-eth1-mainnet-short-benchmark[1881405]: >>> starting generateBuildEnvironmentLogFile
Oct 07 18:55:04 nimbus-eth1-mainnet-short-benchmark[1881405]: <<< ending generateBuildEnvironmentLogFile (success)
Oct 07 18:55:04 nimbus-eth1-mainnet-short-benchmark[1881405]: >>> starting generateSystemdServiceLogs
