Oct 02 16:08:06 nimbus-eth1-mainnet-short-benchmark[3918006]: >>> starting cloneOrFetchBenchmarksRepo
Oct 02 16:08:06 nimbus-eth1-mainnet-short-benchmark[3918006]: >>> Fetching latest changes for nimbus-eth1-benchmarks...
Oct 02 16:08:08 nimbus-eth1-mainnet-short-benchmark[3918053]: HEAD is now at f16647e chore: update short benchmark Readme
Oct 02 16:08:08 nimbus-eth1-mainnet-short-benchmark[3918006]: <<< ending cloneOrFetchBenchmarksRepo (success)
Oct 02 16:08:08 nimbus-eth1-mainnet-short-benchmark[3918006]: >>> starting cloneOrFetchNimbusRepo
Oct 02 16:08:20 nimbus-eth1-mainnet-short-benchmark[3918006]: >>> Fetching latest changes for nimbus-eth1...
Oct 02 16:08:20 nimbus-eth1-mainnet-short-benchmark[3918423]: From https://github.com/status-im/nimbus-eth1
Oct 02 16:08:20 nimbus-eth1-mainnet-short-benchmark[3918423]:    fa681ae5f..7d8bd287a  master                -> origin/master
Oct 02 16:08:20 nimbus-eth1-mainnet-short-benchmark[3918423]:  * [new branch]          dependabot/submodules/vendor/nim-json-rpc-8404818 -> origin/dependabot/submodules/vendor/nim-json-rpc-8404818
Oct 02 16:08:20 nimbus-eth1-mainnet-short-benchmark[3918423]:  * [new branch]          dependabot/submodules/vendor/nim-ssz-serialization-51a257a -> origin/dependabot/submodules/vendor/nim-ssz-serialization-51a257a
Oct 02 16:08:20 nimbus-eth1-mainnet-short-benchmark[3918423]:  * [new branch]          fix-getpayloadbody-v2 -> origin/fix-getpayloadbody-v2
Oct 02 16:08:20 nimbus-eth1-mainnet-short-benchmark[3918423]: warning: 41f458ba69f177a697e7c2e752163a7ed952bc9d:.gitmodules, multiple configurations found for 'submodule.vendor/nim-libplum.path'. Skipping second one!
Oct 02 16:08:20 nimbus-eth1-mainnet-short-benchmark[3918423]: warning: 41f458ba69f177a697e7c2e752163a7ed952bc9d:.gitmodules, multiple configurations found for 'submodule.vendor/nim-libplum.url'. Skipping second one!
Oct 02 16:08:20 nimbus-eth1-mainnet-short-benchmark[3918423]: Fetching submodule vendor/nim-json-rpc
Oct 02 16:08:21 nimbus-eth1-mainnet-short-benchmark[3918423]: From https://github.com/status-im/nim-json-rpc
Oct 02 16:08:21 nimbus-eth1-mainnet-short-benchmark[3918423]:    373589c..1092aab  gh-pages   -> origin/gh-pages
Oct 02 16:08:21 nimbus-eth1-mainnet-short-benchmark[3918423]:    ac5056b..8404818  master     -> origin/master
Oct 02 16:08:21 nimbus-eth1-mainnet-short-benchmark[3918423]: Fetching submodule vendor/nim-ssz-serialization
Oct 02 16:08:22 nimbus-eth1-mainnet-short-benchmark[3918423]: From https://github.com/status-im/nim-ssz-serialization
Oct 02 16:08:22 nimbus-eth1-mainnet-short-benchmark[3918423]:    7550620..51a257a  master     -> origin/master
Oct 02 16:08:22 nimbus-eth1-mainnet-short-benchmark[3918423]: fatal: exec 'rev-list': cd to 'vendor/hashtree' failed: No such file or directory
Oct 02 16:08:22 nimbus-eth1-mainnet-short-benchmark[3918423]: Fetching submodule vendor/nim-ssz-serialization/vendor/hashtree
Oct 02 16:08:22 nimbus-eth1-mainnet-short-benchmark[3918455]: HEAD is now at 7d8bd287a docs: fix Nix setup after default.nix removal (#4887)
Oct 02 16:08:22 nimbus-eth1-mainnet-short-benchmark[3918006]: >>> Found last benchmarked commit: fa681ae5
Oct 02 16:08:22 nimbus-eth1-mainnet-short-benchmark[3918006]: >>> Using next commit: 7d8bd287a25794858091a9a2e604ed6a831260d6
Oct 02 16:08:22 nimbus-eth1-mainnet-short-benchmark[3918474]: HEAD is now at 7d8bd287a docs: fix Nix setup after default.nix removal (#4887)
Oct 02 16:08:22 nimbus-eth1-mainnet-short-benchmark[3918006]: >>> Current commit: 7d8bd287a
Oct 02 16:08:22 nimbus-eth1-mainnet-short-benchmark[3918006]: <<< ending cloneOrFetchNimbusRepo (success)
Oct 02 16:08:22 nimbus-eth1-mainnet-short-benchmark[3918006]: >>> starting buildBinaries
Oct 02 16:08:22 nimbus-eth1-mainnet-short-benchmark[3918006]: >>> Building binaries for commit 7d8bd287...
Oct 02 16:08:30 nimbus-eth1-mainnet-short-benchmark[3924189]: Building: Nim compiler
Oct 02 16:11:18 nimbus-eth1-mainnet-short-benchmark[3924189]: Building custom Nimble commit: 42ef70c2102a942c46f13eb76872326edd525cec
Oct 02 16:11:28 nimbus-eth1-mainnet-short-benchmark[3924189]: Building Nimble...
Oct 02 16:11:38 nimbus-eth1-mainnet-short-benchmark[3924189]: Replacing nimble binary...
Oct 02 16:11:45 nimbus-eth1-mainnet-short-benchmark[3941115]: Building: build/generate_makefile
Oct 02 16:11:46 nimbus-eth1-mainnet-short-benchmark[3940980]: ROCKSDB CACHED VERSION: 11.8.1
Oct 02 16:11:46 nimbus-eth1-mainnet-short-benchmark[3941383]: RocksDb static libraries already built. Skipping build.
Oct 02 16:11:46 nimbus-eth1-mainnet-short-benchmark[3941115]: Build completed successfully: build/generate_makefile
Oct 02 16:11:46 nimbus-eth1-mainnet-short-benchmark[3941437]: Building: build/nimbus_execution_client
Oct 02 16:12:13 nimbus-eth1-mainnet-short-benchmark[3941555]: @["Unknown constants in file: ", "GAS_LIMIT_SCHEDULE", "GAS_LIMIT", "- EPOCH", "    GAS_LIMIT"]
Oct 02 16:12:13 nimbus-eth1-mainnet-short-benchmark[3941555]: @["Unknown constants in file: ", "GAS_LIMIT_SCHEDULE", "GAS_LIMIT", "- EPOCH", "    GAS_LIMIT"]
Oct 02 16:14:10 nimbus-eth1-mainnet-short-benchmark[3941437]: Build completed successfully: build/nimbus_execution_client
Oct 02 16:14:10 nimbus-eth1-mainnet-short-benchmark[3918006]: >>> renaming binaries to match commit they were built from
Oct 02 16:14:10 nimbus-eth1-mainnet-short-benchmark[3918006]: >>> creating a symbolic link to the latest version
Oct 02 16:14:10 nimbus-eth1-mainnet-short-benchmark[3918006]: >>> deleting copies that are older than N days
Oct 02 16:14:10 nimbus-eth1-mainnet-short-benchmark[3918006]: <<< ending buildBinaries (success)
Oct 02 16:14:10 nimbus-eth1-mainnet-short-benchmark[3918006]: >>> starting skipOrContinueBenchmark
Oct 02 16:14:10 nimbus-eth1-mainnet-short-benchmark[3918006]: <<< ending skipOrContinueBenchmark (success)
Oct 02 16:14:10 nimbus-eth1-mainnet-short-benchmark[3918006]: >>> starting copyTemplateDatabase
Oct 02 16:14:10 nimbus-eth1-mainnet-short-benchmark[3918006]: >>> Copying template db into nimbus data directory
Oct 02 16:17:14 nimbus-eth1-mainnet-short-benchmark[3918006]: >>> Template db copied
Oct 02 16:17:14 nimbus-eth1-mainnet-short-benchmark[3918006]: >>> making nimbus the owner of the copied files
Oct 02 16:17:14 nimbus-eth1-mainnet-short-benchmark[3918006]: <<< ending copyTemplateDatabase (success)
Oct 02 16:17:14 nimbus-eth1-mainnet-short-benchmark[3918006]: >>> starting startNimbusWithImport
Oct 02 16:17:15 nimbus-eth1-mainnet-short-benchmark[3947125]: INF 2026-10-02 16:17:15.174+00:00 Launching execution client                 version=v0.4.2-7d8bd287 config="(configFile: none(InputFile), dataDirFlag: some(/data/status-im/nimbus-eth1/data/shared_mainnet_0), era1DirFlag: some(/data/era1), eraDirFlag: some(/data/era), ereDirFlag: none(OutDir), keyStoreDirFlag: none(OutDir), importKey: , trustedSetupFile: none(string), extraData: Nimbus/v0.4.2-7d8bd287, gasLimit: none(uint64), maxBlobs: none(byte), network: [mainnet], logLevel: INFO, logFormat: auto, metricsEnabled: false, metricsPort: 9093, metricsAddress: 127.0.0.1, bootstrapNodes: [], elBootstrapNodes: [], bootstrapFile: , elBootstrapFile: , staticPeers: [], staticPeersFile: , reconnectMaxRetry: 0, reconnectInterval: 15, listenAddress: ::, tcpPort: 30303, udpPortFlag: none(Port), maxPeersOpt: none(int), elMaxPeersOpt: none(int), nat: (hasExtIp: false, nat: NatAny), discv5: true, netKey: random, agentString: Nimbus/v0.4.2-7d8bd287/linux-amd64/Nim-2.2.12, numThreads: 0, persistBatchSize: 4, dynamicBatchSize: false, rocksdbMaxOpenFiles: 2048, rocksdbWriteBufferSize: 67108864, rocksdbRowCacheSize: 0, rocksdbBlockCacheSize: 2147483648, rocksdbBlockCacheType: hyperclock, rdbVtxCacheSize: 684720128, rdbKeyCacheSize: 1342177280, rdbBranchCacheSize: 1395654656, accLeafCacheSize: 1310720, stoLeafCacheSize: 1441792, rdbPrintStats: false, rewriteDatadirId: true, aristoDbMaxSnapshots: 5, debugParallel: none(bool), parallelStateRootComputationFlag: false, parallelSenderRecoveryFlag: true, optimisticStatePrefetchFlag: false, balStatePrefetchFlag: false, balStatePrefetchWorkers: 0, balParallelExecutionFlag: false, balPruning: true, eagerStateRootCheck: false, deserializeFcState: true, statelessProvider: false, statelessWitnessValidation: false, cmd: import, maxBlocks: 1000000, chunkSize: 8192, csvStats: some("/data/host-benchmarks/short/1acd83b55bc9402dbf0b242721b2f874/blocks-import-benchmark.csv"), validation: false, fullValidation: false, storeBodies: false, storeReceipts: false, storeSlotHashes: false)"
Oct 02 16:17:15 nimbus-eth1-mainnet-short-benchmark[3947125]: WRN 2026-10-02 16:17:15.182+00:00 Data directory has insecure permissions. Correcting them. data_dir=/data/status-im/nimbus-eth1/data/shared_mainnet_0 current_permissions=0755 required_permissions=0700
Oct 02 16:17:17 nimbus-eth1-mainnet-short-benchmark[3947125]: INF 2026-10-02 16:17:17.038+00:00 Taskpool started                           numThreads=16
Oct 02 16:17:17 nimbus-eth1-mainnet-short-benchmark[3947125]: CreateIOUring failed: Invalid argument (errno=22), thread=139787199573248
Oct 02 16:17:17 nimbus-eth1-mainnet-short-benchmark[3947125]: INF 2026-10-02 16:17:17.198+00:00 Database initialized                       base="(0xd24fd73f794058a3807db926d8898c6481e902b7edb91ce0d479d6760f276183, 20000000)" finalized="(0xd24fd73f794058a3807db926d8898c6481e902b7edb91ce0d479d6760f276183, 20000000)" head="(0xd4e56740f876aef8c010b86a40d5f56745a118d0906a34e69aec8c0db1cb8fa3, 0)" startOfHistory=0
Oct 02 16:17:17 nimbus-eth1-mainnet-short-benchmark[3947125]: NTC 2026-10-02 16:17:17.198+00:00 Could not open ere database, falling back to era1/era import ereDir=/data/status-im/nimbus-eth1/data/shared_mainnet_0/ere networkName=mainnet error="No ere files found in /data/status-im/nimbus-eth1/data/shared_mainnet_0/ere"
Oct 02 16:17:17 nimbus-eth1-mainnet-short-benchmark[3947125]: NTC 2026-10-02 16:17:17.198+00:00 Importing era archive                      blockNumber=20000001 dataDir=/data/status-im/nimbus-eth1/data/shared_mainnet_0 eraDir=/data/era
Oct 02 16:17:19 nimbus-eth1-mainnet-short-benchmark[3947125]: NTC 2026-10-02 16:17:19.426+00:00 Matched block to slot number               blockNumber=20000001 slot=9204783
Oct 02 16:23:17 nimbus-eth1-mainnet-short-benchmark[3947125]: INF 2026-10-02 16:23:17.097+00:00 Imported blocks                            blockNumber=20008193 slot=9213020 blocks=8192 txs=1226966 mgas=124237 bps=22.76 tps=3409 mgps=345.2 avgBps=22.76 avgTps=3409 avgMGps=345.2 elapsed=5m59s901ms
Oct 02 16:28:44 nimbus-eth1-mainnet-short-benchmark[3947125]: INF 2026-10-02 16:28:44.569+00:00 Imported blocks                            blockNumber=20016385 slot=9221256 blocks=16384 txs=2540380 mgas=248071 bps=25.02 tps=4010 mgps=378.2 avgBps=23.84 avgTps=3695 avgMGps=360.9 elapsed=11m27s373ms
Oct 02 16:33:50 nimbus-eth1-mainnet-short-benchmark[3947125]: INF 2026-10-02 16:33:50.548+00:00 Imported blocks                            blockNumber=20024577 slot=9229485 blocks=24576 txs=3869398 mgas=372018 bps=26.77 tps=4343 mgps=405.1 avgBps=24.74 avgTps=3895 avgMGps=374.5 elapsed=16m33s349ms
Oct 02 16:38:28 nimbus-eth1-mainnet-short-benchmark[3947125]: INF 2026-10-02 16:38:28.532+00:00 Imported blocks                            blockNumber=20032769 slot=9237722 blocks=32768 txs=5222766 mgas=495797 bps=29.47 tps=4868 mgps=445.3 avgBps=25.77 avgTps=4108 avgMGps=390.0 elapsed=21m11s336ms
Oct 02 16:42:53 nimbus-eth1-mainnet-short-benchmark[3947125]: INF 2026-10-02 16:42:53.000+00:00 Imported blocks                            blockNumber=20040961 slot=9245957 blocks=40960 txs=6566802 mgas=619586 bps=30.98 tps=5082 mgps=468.1 avgBps=26.67 avgTps=4275 avgMGps=403.4 elapsed=25m35s805ms
Oct 02 16:47:45 nimbus-eth1-mainnet-short-benchmark[3947125]: INF 2026-10-02 16:47:45.316+00:00 Imported blocks                            blockNumber=20049153 slot=9254196 blocks=49152 txs=7904746 mgas=743522 bps=28.02 tps=4577 mgps=424.0 avgBps=26.89 avgTps=4323 avgMGps=406.7 elapsed=30m28s123ms
Oct 02 16:52:19 nimbus-eth1-mainnet-short-benchmark[3947125]: INF 2026-10-02 16:52:19.888+00:00 Imported blocks                            blockNumber=20057345 slot=9262435 blocks=57344 txs=9212009 mgas=867360 bps=29.84 tps=4761 mgps=451.0 avgBps=27.27 avgTps=4381 avgMGps=412.5 elapsed=35m2s693ms
Oct 02 16:56:35 nimbus-eth1-mainnet-short-benchmark[3947125]: INF 2026-10-02 16:56:35.625+00:00 Imported blocks                            blockNumber=20065537 slot=9270674 blocks=65536 txs=10559018 mgas=991371 bps=32.03 tps=5267 mgps=484.9 avgBps=27.79 avgTps=4477 avgMGps=420.4 elapsed=39m18s428ms
Oct 02 17:00:37 nimbus-eth1-mainnet-short-benchmark[3947125]: INF 2026-10-02 17:00:37.117+00:00 Imported blocks                            blockNumber=20073729 slot=9278910 blocks=73728 txs=11898676 mgas=1115111 bps=33.92 tps=5547 mgps=512.4 avgBps=28.36 avgTps=4576 avgMGps=428.9 elapsed=43m19s920ms
Oct 02 17:04:30 nimbus-eth1-mainnet-short-benchmark[3947125]: INF 2026-10-02 17:04:30.566+00:00 Imported blocks                            blockNumber=20081921 slot=9287152 blocks=81920 txs=13323263 mgas=1239150 bps=35.09 tps=6102 mgps=531.3 avgBps=28.91 avgTps=4702 avgMGps=437.3 elapsed=47m13s369ms
Oct 02 17:08:21 nimbus-eth1-mainnet-short-benchmark[3947125]: INF 2026-10-02 17:08:21.983+00:00 Imported blocks                            blockNumber=20090113 slot=9295408 blocks=90112 txs=14697082 mgas=1363113 bps=35.40 tps=5936 mgps=535.7 avgBps=29.40 avgTps=4795 avgMGps=444.8 elapsed=51m4s784ms
Oct 02 17:12:29 nimbus-eth1-mainnet-short-benchmark[3947125]: INF 2026-10-02 17:12:29.251+00:00 Imported blocks                            blockNumber=20098305 slot=9303658 blocks=98304 txs=16025683 mgas=1487146 bps=33.13 tps=5373 mgps=501.6 avgBps=29.68 avgTps=4838 avgMGps=449.0 elapsed=55m12s54ms
Oct 02 17:16:48 nimbus-eth1-mainnet-short-benchmark[3947125]: INF 2026-10-02 17:16:48.228+00:00 Imported blocks                            blockNumber=20106497 slot=9311895 blocks=106496 txs=17337157 mgas=1611066 bps=31.63 tps=5064 mgps=478.5 avgBps=29.82 avgTps=4854 avgMGps=451.1 elapsed=59m31s28ms
Oct 02 17:20:52 nimbus-eth1-mainnet-short-benchmark[3947125]: INF 2026-10-02 17:20:52.268+00:00 Imported blocks                            blockNumber=20114689 slot=9320146 blocks=114688 txs=18632097 mgas=1735123 bps=33.57 tps=5306 mgps=508.3 avgBps=30.06 avgTps=4883 avgMGps=454.8 elapsed=1h3m35s
Oct 02 17:24:42 nimbus-eth1-mainnet-short-benchmark[3947125]: INF 2026-10-02 17:24:42.373+00:00 Imported blocks                            blockNumber=20122881 slot=9328409 blocks=122880 txs=19937418 mgas=1859249 bps=35.60 tps=5672 mgps=539.4 avgBps=30.38 avgTps=4928 avgMGps=459.6 elapsed=1h7m25s
Oct 02 17:28:28 nimbus-eth1-mainnet-short-benchmark[3947125]: INF 2026-10-02 17:28:28.962+00:00 Imported blocks                            blockNumber=20131073 slot=9336660 blocks=131072 txs=21214129 mgas=1983500 bps=36.15 tps=5634 mgps=548.4 avgBps=30.68 avgTps=4966 avgMGps=464.3 elapsed=1h11m11s
Oct 02 17:32:16 nimbus-eth1-mainnet-short-benchmark[3947125]: INF 2026-10-02 17:32:16.758+00:00 Imported blocks                            blockNumber=20139265 slot=9344906 blocks=139264 txs=22579079 mgas=2107571 bps=35.96 tps=5992 mgps=544.7 avgBps=30.95 avgTps=5018 avgMGps=468.4 elapsed=1h14m59s
Oct 02 17:36:49 nimbus-eth1-mainnet-short-benchmark[3947125]: INF 2026-10-02 17:36:49.407+00:00 Imported blocks                            blockNumber=20147457 slot=9353153 blocks=147456 txs=24133322 mgas=2231686 bps=30.05 tps=5700 mgps=455.2 avgBps=30.90 avgTps=5057 avgMGps=467.6 elapsed=1h19m32s
Oct 02 17:41:07 nimbus-eth1-mainnet-short-benchmark[3947125]: INF 2026-10-02 17:41:07.391+00:00 Imported blocks                            blockNumber=20155649 slot=9361407 blocks=155648 txs=25424015 mgas=2356018 bps=31.75 tps=5002 mgps=481.9 avgBps=30.94 avgTps=5054 avgMGps=468.4 elapsed=1h23m50s
Oct 02 17:45:05 nimbus-eth1-mainnet-short-benchmark[3947125]: INF 2026-10-02 17:45:05.980+00:00 Imported blocks                            blockNumber=20163841 slot=9369652 blocks=163840 txs=26749549 mgas=2480207 bps=34.33 tps=5555 mgps=520.5 avgBps=31.10 avgTps=5076 avgMGps=470.7 elapsed=1h27m48s
Oct 02 17:48:57 nimbus-eth1-mainnet-short-benchmark[3947125]: INF 2026-10-02 17:48:57.992+00:00 Imported blocks                            blockNumber=20172033 slot=9377892 blocks=172032 txs=28105316 mgas=2604026 bps=35.31 tps=5843 mgps=533.7 avgBps=31.27 avgTps=5109 avgMGps=473.4 elapsed=1h31m40s
Oct 02 17:52:59 nimbus-eth1-mainnet-short-benchmark[3947125]: INF 2026-10-02 17:52:59.313+00:00 Imported blocks                            blockNumber=20180225 slot=9386128 blocks=180224 txs=29524405 mgas=2728170 bps=33.95 tps=5880 mgps=514.4 avgBps=31.39 avgTps=5141 avgMGps=475.1 elapsed=1h35m42s
Oct 02 17:56:41 nimbus-eth1-mainnet-short-benchmark[3947125]: INF 2026-10-02 17:56:41.490+00:00 Imported blocks                            blockNumber=20188417 slot=9394365 blocks=188416 txs=30849021 mgas=2852023 bps=36.87 tps=5961 mgps=557.5 avgBps=31.59 avgTps=5172 avgMGps=478.2 elapsed=1h39m24s
Oct 02 18:00:48 nimbus-eth1-mainnet-short-benchmark[3947125]: INF 2026-10-02 18:00:48.634+00:00 Imported blocks                            blockNumber=20196609 slot=9402602 blocks=196608 txs=32174755 mgas=2976155 bps=33.15 tps=5364 mgps=502.3 avgBps=31.65 avgTps=5179 avgMGps=479.1 elapsed=1h43m31s
Oct 02 18:05:06 nimbus-eth1-mainnet-short-benchmark[3947125]: INF 2026-10-02 18:05:06.715+00:00 Imported blocks                            blockNumber=20204801 slot=9410840 blocks=204800 txs=33475942 mgas=3100410 bps=31.74 tps=5041 mgps=481.5 avgBps=31.66 avgTps=5174 avgMGps=479.2 elapsed=1h47m49s
Oct 02 18:09:05 nimbus-eth1-mainnet-short-benchmark[3947125]: INF 2026-10-02 18:09:05.115+00:00 Imported blocks                            blockNumber=20212993 slot=9419071 blocks=212992 txs=34798508 mgas=3224370 bps=34.36 tps=5547 mgps=520.0 avgBps=31.75 avgTps=5187 avgMGps=480.7 elapsed=1h51m47s
Oct 02 18:12:56 nimbus-eth1-mainnet-short-benchmark[3947125]: INF 2026-10-02 18:12:56.884+00:00 Imported blocks                            blockNumber=20221185 slot=9427313 blocks=221184 txs=36114045 mgas=3348169 bps=35.35 tps=5676 mgps=534.2 avgBps=31.87 avgTps=5203 avgMGps=482.5 elapsed=1h55m39s
Oct 02 18:16:30 nimbus-eth1-mainnet-short-benchmark[3947125]: INF 2026-10-02 18:16:30.337+00:00 Imported blocks                            blockNumber=20229377 slot=9435549 blocks=229376 txs=37421794 mgas=3472031 bps=38.38 tps=6126 mgps=580.3 avgBps=32.07 avgTps=5231 avgMGps=485.4 elapsed=1h59m13s
Oct 02 18:20:16 nimbus-eth1-mainnet-short-benchmark[3947125]: INF 2026-10-02 18:20:16.094+00:00 Imported blocks                            blockNumber=20237569 slot=9443788 blocks=237568 txs=38842064 mgas=3596351 bps=36.29 tps=6291 mgps=550.7 avgBps=32.20 avgTps=5263 avgMGps=487.4 elapsed=2h2m58s
Oct 02 18:24:17 nimbus-eth1-mainnet-short-benchmark[3947125]: INF 2026-10-02 18:24:17.378+00:00 Imported blocks                            blockNumber=20245761 slot=9452021 blocks=245760 txs=40225739 mgas=3720100 bps=33.95 tps=5734 mgps=512.9 avgBps=32.25 avgTps=5278 avgMGps=488.2 elapsed=2h7m180ms
Oct 02 18:28:33 nimbus-eth1-mainnet-short-benchmark[3947125]: INF 2026-10-02 18:28:33.023+00:00 Imported blocks                            blockNumber=20253953 slot=9460253 blocks=253952 txs=41454921 mgas=3844385 bps=32.04 tps=4808 mgps=486.2 avgBps=32.24 avgTps=5263 avgMGps=488.1 elapsed=2h11m15s
Oct 02 18:32:36 nimbus-eth1-mainnet-short-benchmark[3947125]: INF 2026-10-02 18:32:36.387+00:00 Imported blocks                            blockNumber=20262145 slot=9468495 blocks=262144 txs=42726051 mgas=3968623 bps=33.66 tps=5223 mgps=510.5 avgBps=32.29 avgTps=5262 avgMGps=488.8 elapsed=2h15m19s
Oct 02 18:36:24 nimbus-eth1-mainnet-short-benchmark[3947125]: INF 2026-10-02 18:36:24.276+00:00 Imported blocks                            blockNumber=20270337 slot=9476748 blocks=270336 txs=44050436 mgas=4092682 bps=35.95 tps=5811 mgps=544.4 avgBps=32.39 avgTps=5277 avgMGps=490.3 elapsed=2h19m7s
Oct 02 18:39:57 nimbus-eth1-mainnet-short-benchmark[3947125]: INF 2026-10-02 18:39:57.357+00:00 Imported blocks                            blockNumber=20278529 slot=9484981 blocks=278528 txs=45382368 mgas=4216487 bps=38.44 tps=6250 mgps=581.0 avgBps=32.54 avgTps=5301 avgMGps=492.6 elapsed=2h22m40s
Oct 02 18:43:35 nimbus-eth1-mainnet-short-benchmark[3947125]: INF 2026-10-02 18:43:35.018+00:00 Imported blocks                            blockNumber=20286721 slot=9493213 blocks=286720 txs=46733429 mgas=4340363 bps=37.64 tps=6207 mgps=569.1 avgBps=32.66 avgTps=5324 avgMGps=494.5 elapsed=2h26m17s
Oct 02 18:47:33 nimbus-eth1-mainnet-short-benchmark[3947125]: INF 2026-10-02 18:47:33.114+00:00 Imported blocks                            blockNumber=20294913 slot=9501453 blocks=294912 txs=48075887 mgas=4464376 bps=34.41 tps=5638 mgps=520.8 avgBps=32.71 avgTps=5332 avgMGps=495.2 elapsed=2h30m15s
Oct 02 18:51:26 nimbus-eth1-mainnet-short-benchmark[3947125]: INF 2026-10-02 18:51:26.351+00:00 Imported blocks                            blockNumber=20303105 slot=9509696 blocks=303104 txs=49379538 mgas=4588534 bps=35.12 tps=5589 mgps=532.3 avgBps=32.77 avgTps=5338 avgMGps=496.1 elapsed=2h34m9s
Oct 02 18:55:12 nimbus-eth1-mainnet-short-benchmark[3947125]: INF 2026-10-02 18:55:12.640+00:00 Imported blocks                            blockNumber=20311297 slot=9517922 blocks=311296 txs=50637672 mgas=4712596 bps=36.20 tps=5559 mgps=548.3 avgBps=32.85 avgTps=5344 avgMGps=497.3 elapsed=2h37m55s
Oct 02 18:58:50 nimbus-eth1-mainnet-short-benchmark[3947125]: INF 2026-10-02 18:58:50.449+00:00 Imported blocks                            blockNumber=20319489 slot=9526159 blocks=319488 txs=51981692 mgas=4836521 bps=37.61 tps=6170 mgps=568.9 avgBps=32.96 avgTps=5362 avgMGps=499.0 elapsed=2h41m33s
Oct 02 19:02:10 nimbus-eth1-mainnet-short-benchmark[3947125]: INF 2026-10-02 19:02:10.086+00:00 Imported blocks                            blockNumber=20327681 slot=9534381 blocks=327680 txs=53356123 mgas=4960245 bps=41.03 tps=6884 mgps=619.7 avgBps=33.12 avgTps=5393 avgMGps=501.4 elapsed=2h44m52s
Oct 02 19:05:29 nimbus-eth1-mainnet-short-benchmark[3947125]: INF 2026-10-02 19:05:29.455+00:00 Imported blocks                            blockNumber=20335873 slot=9542617 blocks=335872 txs=54719105 mgas=5084025 bps=41.09 tps=6836 mgps=620.9 avgBps=33.28 avgTps=5421 avgMGps=503.8 elapsed=2h48m12s
Oct 02 19:09:07 nimbus-eth1-mainnet-short-benchmark[3947125]: INF 2026-10-02 19:09:07.632+00:00 Imported blocks                            blockNumber=20344065 slot=9550841 blocks=344064 txs=56021853 mgas=5207843 bps=37.55 tps=5971 mgps=567.5 avgBps=33.37 avgTps=5433 avgMGps=505.1 elapsed=2h51m50s
Oct 02 19:13:14 nimbus-eth1-mainnet-short-benchmark[3947125]: INF 2026-10-02 19:13:14.873+00:00 Imported blocks                            blockNumber=20352257 slot=9559072 blocks=352256 txs=57290408 mgas=5332016 bps=33.13 tps=5130 mgps=502.2 avgBps=33.36 avgTps=5426 avgMGps=505.0 elapsed=2h55m57s
Oct 02 19:17:01 nimbus-eth1-mainnet-short-benchmark[3947125]: INF 2026-10-02 19:17:01.741+00:00 Imported blocks                            blockNumber=20360449 slot=9567308 blocks=360448 txs=58543463 mgas=5456201 bps=36.11 tps=5523 mgps=547.4 avgBps=33.42 avgTps=5428 avgMGps=505.9 elapsed=2h59m44s
Oct 02 19:20:39 nimbus-eth1-mainnet-short-benchmark[3947125]: INF 2026-10-02 19:20:39.338+00:00 Imported blocks                            blockNumber=20368641 slot=9575548 blocks=368640 txs=59874056 mgas=5580204 bps=37.65 tps=6114 mgps=569.9 avgBps=33.51 avgTps=5442 avgMGps=507.2 elapsed=3h3m22s
Oct 02 19:24:26 nimbus-eth1-mainnet-short-benchmark[3947125]: INF 2026-10-02 19:24:26.471+00:00 Imported blocks                            blockNumber=20376833 slot=9583774 blocks=376832 txs=61167066 mgas=5704396 bps=36.07 tps=5692 mgps=546.8 avgBps=33.56 avgTps=5447 avgMGps=508.0 elapsed=3h7m9s
Oct 02 19:28:10 nimbus-eth1-mainnet-short-benchmark[3947125]: INF 2026-10-02 19:28:10.384+00:00 Imported blocks                            blockNumber=20385025 slot=9592009 blocks=385024 txs=62480333 mgas=5828235 bps=36.59 tps=5865 mgps=553.1 avgBps=33.62 avgTps=5455 avgMGps=508.9 elapsed=3h10m53s
Oct 02 19:31:54 nimbus-eth1-mainnet-short-benchmark[3947125]: INF 2026-10-02 19:31:54.341+00:00 Imported blocks                            blockNumber=20393217 slot=9600248 blocks=393216 txs=63800597 mgas=5952136 bps=36.58 tps=5895 mgps=553.2 avgBps=33.67 avgTps=5463 avgMGps=509.7 elapsed=3h14m37s
Oct 02 19:35:31 nimbus-eth1-mainnet-short-benchmark[3947125]: INF 2026-10-02 19:35:31.770+00:00 Imported blocks                            blockNumber=20401409 slot=9608486 blocks=401408 txs=65021243 mgas=6076384 bps=37.68 tps=5613 mgps=571.4 avgBps=33.75 avgTps=5466 avgMGps=510.9 elapsed=3h18m14s
Oct 02 19:39:21 nimbus-eth1-mainnet-short-benchmark[3947125]: INF 2026-10-02 19:39:21.690+00:00 Imported blocks                            blockNumber=20409601 slot=9616707 blocks=409600 txs=66199016 mgas=6200666 bps=35.63 tps=5122 mgps=540.5 avgBps=33.78 avgTps=5459 avgMGps=511.4 elapsed=3h22m4s
Oct 02 19:43:03 nimbus-eth1-mainnet-short-benchmark[3947125]: INF 2026-10-02 19:43:03.571+00:00 Imported blocks                            blockNumber=20417793 slot=9624941 blocks=417792 txs=67453930 mgas=6324823 bps=36.92 tps=5655 mgps=559.6 avgBps=33.84 avgTps=5463 avgMGps=512.3 elapsed=3h25m46s
Oct 02 19:46:17 nimbus-eth1-mainnet-short-benchmark[3947125]: INF 2026-10-02 19:46:17.165+00:00 Imported blocks                            blockNumber=20425985 slot=9633187 blocks=425984 txs=68814904 mgas=6448778 bps=42.31 tps=7029 mgps=640.3 avgBps=33.97 avgTps=5487 avgMGps=514.3 elapsed=3h28m59s
Oct 02 19:49:31 nimbus-eth1-mainnet-short-benchmark[3947125]: INF 2026-10-02 19:49:31.390+00:00 Imported blocks                            blockNumber=20434177 slot=9641422 blocks=434176 txs=70124508 mgas=6572711 bps=42.18 tps=6742 mgps=638.1 avgBps=34.10 avgTps=5506 avgMGps=516.1 elapsed=3h32m14s
Oct 02 19:52:55 nimbus-eth1-mainnet-short-benchmark[3947125]: INF 2026-10-02 19:52:55.199+00:00 Imported blocks                            blockNumber=20442369 slot=9649657 blocks=442368 txs=71403576 mgas=6696451 bps=40.19 tps=6275 mgps=607.1 avgBps=34.19 avgTps=5518 avgMGps=517.6 elapsed=3h35m38s
Oct 02 19:56:41 nimbus-eth1-mainnet-short-benchmark[3947125]: INF 2026-10-02 19:56:41.112+00:00 Imported blocks                            blockNumber=20450561 slot=9657896 blocks=450560 txs=72659905 mgas=6820521 bps=36.26 tps=5561 mgps=549.2 avgBps=34.23 avgTps=5519 avgMGps=518.1 elapsed=3h39m23s
Oct 02 20:00:45 nimbus-eth1-mainnet-short-benchmark[3947125]: INF 2026-10-02 20:00:45.724+00:00 Imported blocks                            blockNumber=20458753 slot=9666114 blocks=458752 txs=73838533 mgas=6945116 bps=33.49 tps=4818 mgps=509.4 avgBps=34.21 avgTps=5506 avgMGps=518.0 elapsed=3h43m28s
Oct 02 20:04:25 nimbus-eth1-mainnet-short-benchmark[3947125]: INF 2026-10-02 20:04:25.545+00:00 Imported blocks                            blockNumber=20466945 slot=9674343 blocks=466944 txs=75124748 mgas=7068943 bps=37.27 tps=5851 mgps=563.3 avgBps=34.26 avgTps=5512 avgMGps=518.7 elapsed=3h47m8s
Oct 02 20:08:07 nimbus-eth1-mainnet-short-benchmark[3947125]: INF 2026-10-02 20:08:07.978+00:00 Imported blocks                            blockNumber=20475137 slot=9682575 blocks=475136 txs=76420106 mgas=7192870 bps=36.83 tps=5823 mgps=557.1 avgBps=34.30 avgTps=5517 avgMGps=519.3 elapsed=3h50m50s
Oct 02 20:11:38 nimbus-eth1-mainnet-short-benchmark[3947125]: INF 2026-10-02 20:11:38.715+00:00 Imported blocks                            blockNumber=20483329 slot=9690800 blocks=483328 txs=77675422 mgas=7316939 bps=38.87 tps=5956 mgps=588.7 avgBps=34.37 avgTps=5523 avgMGps=520.4 elapsed=3h54m21s
Oct 02 20:15:04 nimbus-eth1-mainnet-short-benchmark[3947125]: INF 2026-10-02 20:15:04.812+00:00 Imported blocks                            blockNumber=20491521 slot=9699019 blocks=491520 txs=78951232 mgas=7440784 bps=39.75 tps=6190 mgps=600.9 avgBps=34.45 avgTps=5533 avgMGps=521.5 elapsed=3h57m47s
Oct 02 20:18:46 nimbus-eth1-mainnet-short-benchmark[3947125]: INF 2026-10-02 20:18:46.281+00:00 Imported blocks                            blockNumber=20499713 slot=9707248 blocks=499712 txs=80189642 mgas=7564669 bps=36.99 tps=5591 mgps=559.4 avgBps=34.49 avgTps=5534 avgMGps=522.1 elapsed=4h1m29s
Oct 02 20:22:37 nimbus-eth1-mainnet-short-benchmark[3947125]: INF 2026-10-02 20:22:37.082+00:00 Imported blocks                            blockNumber=20507905 slot=9715488 blocks=507904 txs=81317763 mgas=7689208 bps=35.49 tps=4887 mgps=539.6 avgBps=34.50 avgTps=5524 avgMGps=522.4 elapsed=4h5m19s
Oct 02 20:25:58 nimbus-eth1-mainnet-short-benchmark[3947125]: INF 2026-10-02 20:25:58.339+00:00 Imported blocks                            blockNumber=20516097 slot=9723715 blocks=516096 txs=82520262 mgas=7813209 bps=40.70 tps=5974 mgps=616.1 avgBps=34.59 avgTps=5530 avgMGps=523.6 elapsed=4h8m41s
Oct 02 20:29:32 nimbus-eth1-mainnet-short-benchmark[3947125]: INF 2026-10-02 20:29:32.348+00:00 Imported blocks                            blockNumber=20524289 slot=9731945 blocks=524288 txs=83780075 mgas=7937233 bps=38.28 tps=5886 mgps=579.5 avgBps=34.64 avgTps=5535 avgMGps=524.4 elapsed=4h12m15s
Oct 02 20:33:11 nimbus-eth1-mainnet-short-benchmark[3947125]: INF 2026-10-02 20:33:11.277+00:00 Imported blocks                            blockNumber=20532481 slot=9740183 blocks=532480 txs=85263862 mgas=8061024 bps=37.42 tps=6777 mgps=565.4 avgBps=34.68 avgTps=5553 avgMGps=525.0 elapsed=4h15m54s
Oct 02 20:36:54 nimbus-eth1-mainnet-short-benchmark[3947125]: INF 2026-10-02 20:36:54.261+00:00 Imported blocks                            blockNumber=20540673 slot=9748418 blocks=540672 txs=86612143 mgas=8185090 bps=36.74 tps=6046 mgps=556.4 avgBps=34.71 avgTps=5560 avgMGps=525.5 elapsed=4h19m37s
Oct 02 20:40:46 nimbus-eth1-mainnet-short-benchmark[3947125]: INF 2026-10-02 20:40:46.310+00:00 Imported blocks                            blockNumber=20548865 slot=9756662 blocks=548864 txs=87802991 mgas=8309513 bps=35.30 tps=5131 mgps=536.2 avgBps=34.72 avgTps=5553 avgMGps=525.6 elapsed=4h23m29s
Oct 02 20:44:33 nimbus-eth1-mainnet-short-benchmark[3947125]: INF 2026-10-02 20:44:33.635+00:00 Imported blocks                            blockNumber=20557057 slot=9764892 blocks=557056 txs=88964987 mgas=8433956 bps=36.04 tps=5111 mgps=547.4 avgBps=34.74 avgTps=5547 avgMGps=525.9 elapsed=4h27m16s
Oct 02 20:48:11 nimbus-eth1-mainnet-short-benchmark[3947125]: INF 2026-10-02 20:48:11.660+00:00 Imported blocks                            blockNumber=20565249 slot=9773131 blocks=565248 txs=90186094 mgas=8558113 bps=37.57 tps=5600 mgps=569.5 avgBps=34.77 avgTps=5548 avgMGps=526.5 elapsed=4h30m54s
Oct 02 20:51:50 nimbus-eth1-mainnet-short-benchmark[3947125]: INF 2026-10-02 20:51:50.105+00:00 Imported blocks                            blockNumber=20573441 slot=9781369 blocks=573440 txs=91404654 mgas=8682228 bps=37.50 tps=5578 mgps=568.2 avgBps=34.81 avgTps=5548 avgMGps=527.1 elapsed=4h34m32s
Oct 02 20:55:22 nimbus-eth1-mainnet-short-benchmark[3947125]: INF 2026-10-02 20:55:22.670+00:00 Imported blocks                            blockNumber=20581633 slot=9789611 blocks=581632 txs=92628389 mgas=8806651 bps=38.54 tps=5757 mgps=585.3 avgBps=34.86 avgTps=5551 avgMGps=527.8 elapsed=4h38m5s
Oct 02 20:59:05 nimbus-eth1-mainnet-short-benchmark[3947125]: INF 2026-10-02 20:59:05.283+00:00 Imported blocks                            blockNumber=20589825 slot=9797855 blocks=589824 txs=93887208 mgas=8931023 bps=36.80 tps=5654 mgps=558.7 avgBps=34.88 avgTps=5552 avgMGps=528.2 elapsed=4h41m48s
Oct 02 21:02:52 nimbus-eth1-mainnet-short-benchmark[3947125]: INF 2026-10-02 21:02:52.351+00:00 Imported blocks                            blockNumber=20598017 slot=9806095 blocks=598016 txs=95163338 mgas=9055310 bps=36.08 tps=5620 mgps=547.4 avgBps=34.90 avgTps=5553 avgMGps=528.5 elapsed=4h45m35s
Oct 02 21:06:39 nimbus-eth1-mainnet-short-benchmark[3947125]: INF 2026-10-02 21:06:39.064+00:00 Imported blocks                            blockNumber=20606209 slot=9814347 blocks=606208 txs=96334664 mgas=9179976 bps=36.13 tps=5166 mgps=549.9 avgBps=34.92 avgTps=5548 avgMGps=528.7 elapsed=4h49m21s
Oct 02 21:10:17 nimbus-eth1-mainnet-short-benchmark[3947125]: INF 2026-10-02 21:10:17.973+00:00 Imported blocks                            blockNumber=20614401 slot=9822581 blocks=614400 txs=97573414 mgas=9304574 bps=37.42 tps=5658 mgps=569.2 avgBps=34.95 avgTps=5550 avgMGps=529.2 elapsed=4h53m779ms
Oct 02 21:13:55 nimbus-eth1-mainnet-short-benchmark[3947125]: INF 2026-10-02 21:13:55.542+00:00 Imported blocks                            blockNumber=20622593 slot=9830821 blocks=622592 txs=98874772 mgas=9428835 bps=37.65 tps=5981 mgps=571.1 avgBps=34.98 avgTps=5555 avgMGps=529.8 elapsed=4h56m38s
Oct 02 21:17:26 nimbus-eth1-mainnet-short-benchmark[3947125]: INF 2026-10-02 21:17:26.411+00:00 Imported blocks                            blockNumber=20630785 slot=9839058 blocks=630784 txs=100178707 mgas=9553009 bps=38.85 tps=6183 mgps=588.9 avgBps=35.03 avgTps=5562 avgMGps=530.5 elapsed=5h9s212ms
Oct 02 21:21:08 nimbus-eth1-mainnet-short-benchmark[3947125]: INF 2026-10-02 21:21:08.252+00:00 Imported blocks                            blockNumber=20638977 slot=9847313 blocks=638976 txs=101489116 mgas=9677171 bps=36.93 tps=5906 mgps=559.7 avgBps=35.05 avgTps=5566 avgMGps=530.8 elapsed=5h3m51s
Oct 02 21:24:48 nimbus-eth1-mainnet-short-benchmark[3947125]: INF 2026-10-02 21:24:48.273+00:00 Imported blocks                            blockNumber=20647169 slot=9855549 blocks=647168 txs=102730058 mgas=9801643 bps=37.23 tps=5640 mgps=565.7 avgBps=35.07 avgTps=5567 avgMGps=531.2 elapsed=5h7m31s
Oct 02 21:28:43 nimbus-eth1-mainnet-short-benchmark[3947125]: INF 2026-10-02 21:28:43.065+00:00 Imported blocks                            blockNumber=20655361 slot=9863778 blocks=655360 txs=103868002 mgas=9926541 bps=34.89 tps=4846 mgps=531.9 avgBps=35.07 avgTps=5558 avgMGps=531.2 elapsed=5h11m25s
Oct 02 21:32:16 nimbus-eth1-mainnet-short-benchmark[3947125]: INF 2026-10-02 21:32:16.282+00:00 Imported blocks                            blockNumber=20663553 slot=9872013 blocks=663552 txs=105112198 mgas=10051274 bps=38.42 tps=5835 mgps=585.0 avgBps=35.11 avgTps=5561 avgMGps=531.8 elapsed=5h14m59s
Oct 02 21:35:37 nimbus-eth1-mainnet-short-benchmark[3947125]: INF 2026-10-02 21:35:37.755+00:00 Imported blocks                            blockNumber=20671745 slot=9880241 blocks=671744 txs=106395904 mgas=10175177 bps=40.66 tps=6371 mgps=615.0 avgBps=35.17 avgTps=5570 avgMGps=532.7 elapsed=5h18m20s
Oct 02 21:39:04 nimbus-eth1-mainnet-short-benchmark[3947125]: INF 2026-10-02 21:39:04.304+00:00 Imported blocks                            blockNumber=20679937 slot=9888471 blocks=679936 txs=107674271 mgas=10299404 bps=39.66 tps=6189 mgps=601.4 avgBps=35.22 avgTps=5576 avgMGps=533.5 elapsed=5h21m47s
Oct 02 21:42:22 nimbus-eth1-mainnet-short-benchmark[3947125]: INF 2026-10-02 21:42:22.054+00:00 Imported blocks                            blockNumber=20688129 slot=9896698 blocks=688128 txs=108938536 mgas=10423298 bps=41.43 tps=6393 mgps=626.5 avgBps=35.28 avgTps=5585 avgMGps=534.4 elapsed=5h25m4s
Oct 02 21:45:52 nimbus-eth1-mainnet-short-benchmark[3947125]: INF 2026-10-02 21:45:52.679+00:00 Imported blocks                            blockNumber=20696321 slot=9904930 blocks=696320 txs=110235786 mgas=10547469 bps=38.89 tps=6158 mgps=589.5 avgBps=35.32 avgTps=5591 avgMGps=535.0 elapsed=5h28m35s
Oct 02 21:49:41 nimbus-eth1-mainnet-short-benchmark[3947125]: INF 2026-10-02 21:49:41.751+00:00 Imported blocks                            blockNumber=20704513 slot=9913154 blocks=704512 txs=111483759 mgas=10671677 bps=35.76 tps=5447 mgps=542.2 avgBps=35.32 avgTps=5589 avgMGps=535.1 elapsed=5h32m24s
Oct 02 21:53:17 nimbus-eth1-mainnet-short-benchmark[3947125]: INF 2026-10-02 21:53:17.224+00:00 Imported blocks                            blockNumber=20712705 slot=9921388 blocks=712704 txs=112764170 mgas=10795980 bps=38.02 tps=5942 mgps=576.9 avgBps=35.35 avgTps=5593 avgMGps=535.5 elapsed=5h36m31ms
Oct 02 21:56:37 nimbus-eth1-mainnet-short-benchmark[3947125]: INF 2026-10-02 21:56:37.326+00:00 Imported blocks                            blockNumber=20720897 slot=9929633 blocks=720896 txs=114110517 mgas=10919926 bps=40.94 tps=6728 mgps=619.4 avgBps=35.41 avgTps=5604 avgMGps=536.3 elapsed=5h39m20s
Oct 02 22:00:05 nimbus-eth1-mainnet-short-benchmark[3947125]: INF 2026-10-02 22:00:05.631+00:00 Imported blocks                            blockNumber=20729089 slot=9937869 blocks=729088 txs=115449431 mgas=11043768 bps=39.33 tps=6427 mgps=594.5 avgBps=35.45 avgTps=5612 avgMGps=536.9 elapsed=5h42m48s
Oct 02 22:03:25 nimbus-eth1-mainnet-short-benchmark[3947125]: INF 2026-10-02 22:03:25.720+00:00 Imported blocks                            blockNumber=20737281 slot=9946108 blocks=737280 txs=116784468 mgas=11167784 bps=40.94 tps=6672 mgps=619.8 avgBps=35.50 avgTps=5623 avgMGps=537.7 elapsed=5h46m8s
Oct 02 22:06:55 nimbus-eth1-mainnet-short-benchmark[3947125]: INF 2026-10-02 22:06:55.705+00:00 Imported blocks                            blockNumber=20745473 slot=9954342 blocks=745472 txs=118101003 mgas=11291742 bps=39.01 tps=6269 mgps=590.3 avgBps=35.54 avgTps=5629 avgMGps=538.3 elapsed=5h49m38s
Oct 02 22:10:42 nimbus-eth1-mainnet-short-benchmark[3947125]: INF 2026-10-02 22:10:42.002+00:00 Imported blocks                            blockNumber=20753665 slot=9962581 blocks=753664 txs=119337525 mgas=11415859 bps=36.20 tps=5464 mgps=548.5 avgBps=35.54 avgTps=5627 avgMGps=538.4 elapsed=5h53m24s
Oct 02 22:14:15 nimbus-eth1-mainnet-short-benchmark[3947125]: INF 2026-10-02 22:14:15.059+00:00 Imported blocks                            blockNumber=20761857 slot=9970803 blocks=761856 txs=120564314 mgas=11540225 bps=38.45 tps=5758 mgps=583.7 avgBps=35.57 avgTps=5629 avgMGps=538.8 elapsed=5h56m57s
Oct 02 22:17:35 nimbus-eth1-mainnet-short-benchmark[3947125]: INF 2026-10-02 22:17:35.972+00:00 Imported blocks                            blockNumber=20770049 slot=9979058 blocks=770048 txs=121858083 mgas=11663918 bps=40.77 tps=6439 mgps=615.7 avgBps=35.62 avgTps=5636 avgMGps=539.5 elapsed=6h18s774ms
Oct 02 22:20:48 nimbus-eth1-mainnet-short-benchmark[3947125]: INF 2026-10-02 22:20:48.849+00:00 Imported blocks                            blockNumber=20778241 slot=9987307 blocks=778240 txs=123161734 mgas=11787906 bps=42.47 tps=6758 mgps=642.8 avgBps=35.68 avgTps=5646 avgMGps=540.4 elapsed=6h3m31s
Oct 02 22:23:56 nimbus-eth1-mainnet-short-benchmark[3947125]: INF 2026-10-02 22:23:56.126+00:00 Imported blocks                            blockNumber=20786433 slot=9995542 blocks=786432 txs=124509456 mgas=11911612 bps=43.74 tps=7196 mgps=660.6 avgBps=35.75 avgTps=5659 avgMGps=541.5 elapsed=6h6m38s
Oct 02 22:27:11 nimbus-eth1-mainnet-short-benchmark[3947125]: INF 2026-10-02 22:27:11.492+00:00 Imported blocks                            blockNumber=20794625 slot=10003781 blocks=794624 txs=125848921 mgas=12035338 bps=41.93 tps=6856 mgps=633.3 avgBps=35.80 avgTps=5670 avgMGps=542.3 elapsed=6h9m54s
Oct 02 22:30:29 nimbus-eth1-mainnet-short-benchmark[3947125]: INF 2026-10-02 22:30:29.841+00:00 Imported blocks                            blockNumber=20802817 slot=10012028 blocks=802816 txs=127089868 mgas=12158989 bps=41.30 tps=6256 mgps=623.4 avgBps=35.85 avgTps=5675 avgMGps=543.0 elapsed=6h13m12s
Oct 02 22:33:54 nimbus-eth1-mainnet-short-benchmark[3947125]: INF 2026-10-02 22:33:54.782+00:00 Imported blocks                            blockNumber=20811009 slot=10020249 blocks=811008 txs=128299762 mgas=12282850 bps=39.97 tps=5903 mgps=604.4 avgBps=35.89 avgTps=5677 avgMGps=543.5 elapsed=6h16m37s
Oct 02 22:37:06 nimbus-eth1-mainnet-short-benchmark[3947125]: INF 2026-10-02 22:37:06.451+00:00 Imported blocks                            blockNumber=20819201 slot=10028481 blocks=819200 txs=129596319 mgas=12406594 bps=42.74 tps=6764 mgps=645.6 avgBps=35.95 avgTps=5686 avgMGps=544.4 elapsed=6h19m49s
Oct 02 22:40:19 nimbus-eth1-mainnet-short-benchmark[3947125]: INF 2026-10-02 22:40:19.092+00:00 Imported blocks                            blockNumber=20827393 slot=10036710 blocks=827392 txs=130916729 mgas=12530249 bps=42.52 tps=6854 mgps=641.9 avgBps=36.00 avgTps=5696 avgMGps=545.2 elapsed=6h23m1s
Oct 02 22:43:31 nimbus-eth1-mainnet-short-benchmark[3947125]: INF 2026-10-02 22:43:31.870+00:00 Imported blocks                            blockNumber=20835585 slot=10044938 blocks=835584 txs=132226625 mgas=12654070 bps=42.50 tps=6794 mgps=642.3 avgBps=36.06 avgTps=5705 avgMGps=546.0 elapsed=6h26m14s
Oct 02 22:46:55 nimbus-eth1-mainnet-short-benchmark[3947125]: INF 2026-10-02 22:46:55.003+00:00 Imported blocks                            blockNumber=20843777 slot=10053164 blocks=843776 txs=133604192 mgas=12777730 bps=40.33 tps=6781 mgps=608.8 avgBps=36.09 avgTps=5715 avgMGps=546.6 elapsed=6h29m37s
Oct 02 22:50:47 nimbus-eth1-mainnet-short-benchmark[3947125]: INF 2026-10-02 22:50:47.907+00:00 Imported blocks                            blockNumber=20851969 slot=10061391 blocks=851968 txs=134900706 mgas=12901664 bps=35.17 tps=5566 mgps=532.1 avgBps=36.08 avgTps=5713 avgMGps=546.4 elapsed=6h33m30s
Oct 02 22:54:27 nimbus-eth1-mainnet-short-benchmark[3947125]: INF 2026-10-02 22:54:27.916+00:00 Imported blocks                            blockNumber=20860161 slot=10069622 blocks=860160 txs=136168750 mgas=13025603 bps=37.23 tps=5763 mgps=563.3 avgBps=36.09 avgTps=5713 avgMGps=546.6 elapsed=6h37m10s
Oct 02 22:58:04 nimbus-eth1-mainnet-short-benchmark[3947125]: INF 2026-10-02 22:58:04.781+00:00 Imported blocks                            blockNumber=20868353 slot=10077838 blocks=868352 txs=137550724 mgas=13149742 bps=37.78 tps=6372 mgps=572.4 avgBps=36.11 avgTps=5719 avgMGps=546.8 elapsed=6h40m47s
Oct 02 23:01:38 nimbus-eth1-mainnet-short-benchmark[3947125]: INF 2026-10-02 23:01:38.418+00:00 Imported blocks                            blockNumber=20876545 slot=10086066 blocks=876544 txs=138954673 mgas=13273457 bps=38.35 tps=6571 mgps=579.1 avgBps=36.13 avgTps=5727 avgMGps=547.1 elapsed=6h44m21s
Oct 02 23:05:06 nimbus-eth1-mainnet-short-benchmark[3947125]: INF 2026-10-02 23:05:06.471+00:00 Imported blocks                            blockNumber=20884737 slot=10094286 blocks=884736 txs=140256178 mgas=13397479 bps=39.37 tps=6255 mgps=596.1 avgBps=36.16 avgTps=5731 avgMGps=547.5 elapsed=6h47m49s
Oct 02 23:08:28 nimbus-eth1-mainnet-short-benchmark[3947125]: INF 2026-10-02 23:08:28.764+00:00 Imported blocks                            blockNumber=20892929 slot=10102512 blocks=892928 txs=141581868 mgas=13521575 bps=40.50 tps=6553 mgps=613.4 avgBps=36.19 avgTps=5738 avgMGps=548.1 elapsed=6h51m11s
Oct 02 23:11:52 nimbus-eth1-mainnet-short-benchmark[3947125]: INF 2026-10-02 23:11:52.666+00:00 Imported blocks                            blockNumber=20901121 slot=10110732 blocks=901120 txs=142875889 mgas=13645572 bps=40.18 tps=6346 mgps=608.1 avgBps=36.23 avgTps=5743 avgMGps=548.6 elapsed=6h54m35s
Oct 02 23:15:13 nimbus-eth1-mainnet-short-benchmark[3947125]: INF 2026-10-02 23:15:13.895+00:00 Imported blocks                            blockNumber=20909313 slot=10118953 blocks=909312 txs=144102308 mgas=13769390 bps=40.71 tps=6094 mgps=615.3 avgBps=36.26 avgTps=5746 avgMGps=549.1 elapsed=6h57m56s
Oct 02 23:18:31 nimbus-eth1-mainnet-short-benchmark[3947125]: INF 2026-10-02 23:18:31.888+00:00 Imported blocks                            blockNumber=20917505 slot=10127176 blocks=917504 txs=145406349 mgas=13893087 bps=41.38 tps=6586 mgps=624.8 avgBps=36.30 avgTps=5753 avgMGps=549.7 elapsed=7h1m14s
Oct 02 23:21:39 nimbus-eth1-mainnet-short-benchmark[3947125]: INF 2026-10-02 23:21:38.997+00:00 Imported blocks                            blockNumber=20925697 slot=10135394 blocks=925696 txs=146718394 mgas=14016820 bps=43.78 tps=7012 mgps=661.3 avgBps=36.36 avgTps=5762 avgMGps=550.5 elapsed=7h4m21s
Oct 02 23:25:02 nimbus-eth1-mainnet-short-benchmark[3947125]: INF 2026-10-02 23:25:02.030+00:00 Imported blocks                            blockNumber=20933889 slot=10143614 blocks=933888 txs=148049109 mgas=14140625 bps=40.35 tps=6554 mgps=609.8 avgBps=36.39 avgTps=5768 avgMGps=551.0 elapsed=7h7m44s
Oct 02 23:28:15 nimbus-eth1-mainnet-short-benchmark[3947125]: INF 2026-10-02 23:28:15.868+00:00 Imported blocks                            blockNumber=20942081 slot=10151840 blocks=942080 txs=149397364 mgas=14264352 bps=42.26 tps=6955 mgps=638.3 avgBps=36.43 avgTps=5777 avgMGps=551.6 elapsed=7h10m58s
Oct 02 23:31:35 nimbus-eth1-mainnet-short-benchmark[3947125]: INF 2026-10-02 23:31:35.289+00:00 Imported blocks                            blockNumber=20950273 slot=10160098 blocks=950272 txs=150765507 mgas=14388237 bps=41.08 tps=6860 mgps=621.2 avgBps=36.47 avgTps=5785 avgMGps=552.2 elapsed=7h14m18s
Oct 02 23:35:10 nimbus-eth1-mainnet-short-benchmark[3947125]: INF 2026-10-02 23:35:10.062+00:00 Imported blocks                            blockNumber=20958465 slot=10168363 blocks=958464 txs=152044771 mgas=14511987 bps=38.14 tps=5956 mgps=576.2 avgBps=36.48 avgTps=5787 avgMGps=552.4 elapsed=7h17m52s
Oct 02 23:38:34 nimbus-eth1-mainnet-short-benchmark[3947125]: INF 2026-10-02 23:38:34.775+00:00 Imported blocks                            blockNumber=20966657 slot=10176609 blocks=966656 txs=153365296 mgas=14635804 bps=40.02 tps=6450 mgps=604.8 avgBps=36.51 avgTps=5792 avgMGps=552.8 elapsed=7h21m17s
Oct 02 23:41:58 nimbus-eth1-mainnet-short-benchmark[3947125]: INF 2026-10-02 23:41:58.184+00:00 Imported blocks                            blockNumber=20974849 slot=10184849 blocks=974848 txs=154744917 mgas=14759580 bps=40.27 tps=6782 mgps=608.5 avgBps=36.54 avgTps=5799 avgMGps=553.2 elapsed=7h24m40s
Oct 02 23:45:26 nimbus-eth1-mainnet-short-benchmark[3947125]: INF 2026-10-02 23:45:26.909+00:00 Imported blocks                            blockNumber=20983041 slot=10193086 blocks=983040 txs=156055229 mgas=14883451 bps=39.25 tps=6277 mgps=593.5 avgBps=36.56 avgTps=5803 avgMGps=553.5 elapsed=7h28m9s
Oct 02 23:48:33 nimbus-eth1-mainnet-short-benchmark[3947125]: INF 2026-10-02 23:48:33.790+00:00 Imported blocks                            blockNumber=20991233 slot=10201319 blocks=991232 txs=157563202 mgas=15007557 bps=43.83 tps=8069 mgps=664.1 avgBps=36.61 avgTps=5819 avgMGps=554.3 elapsed=7h31m16s
Oct 02 23:52:08 nimbus-eth1-mainnet-short-benchmark[3947125]: INF 2026-10-02 23:52:08.739+00:00 Imported blocks                            blockNumber=20999425 slot=10209549 blocks=999424 txs=159003277 mgas=15131383 bps=38.11 tps=6699 mgps=576.1 avgBps=36.62 avgTps=5826 avgMGps=554.4 elapsed=7h34m51s
Oct 02 23:52:24 nimbus-eth1-mainnet-short-benchmark[3947125]: INF 2026-10-02 23:52:24.463+00:00 Imported blocks                            blockNumber=21000001 slot=10210128 blocks=1000000 txs=159109486 mgas=15140191 bps=36.63 tps=6754 mgps=560.1 avgBps=36.62 avgTps=5826 avgMGps=554.4 elapsed=7h35m7s
Oct 02 23:52:24 nimbus-eth1-mainnet-short-benchmark[3947125]: NTC 2026-10-02 23:52:24.463+00:00 Import complete                            blockNumber=21000001 slot=10210128 blocks=1000000 txs=159109486 mgas=15140191
Oct 02 23:52:25 nimbus-eth1-mainnet-short-benchmark[3918006]: <<< ending startNimbusWithImport (success)
Oct 02 23:52:25 nimbus-eth1-mainnet-short-benchmark[3918006]: >>> starting moveBenchmarkingFileToRepo
Oct 02 23:52:25 nimbus-eth1-mainnet-short-benchmark[3918006]: >>> copying debug-csv generated by nimbus to benchmarks repo
Oct 02 23:52:25 nimbus-eth1-mainnet-short-benchmark[3918006]: <<< ending moveBenchmarkingFileToRepo (success)
Oct 02 23:52:25 nimbus-eth1-mainnet-short-benchmark[3918006]: >>> starting generateBuildEnvironmentLogFile
Oct 02 23:52:34 nimbus-eth1-mainnet-short-benchmark[3918006]: <<< ending generateBuildEnvironmentLogFile (success)
Oct 02 23:52:34 nimbus-eth1-mainnet-short-benchmark[3918006]: >>> starting generateSystemdServiceLogs
