Oct 01 08:42:00 nimbus-eth1-mainnet-short-benchmark[3495754]: >>> starting cloneOrFetchBenchmarksRepo
Oct 01 08:42:00 nimbus-eth1-mainnet-short-benchmark[3495754]: >>> Fetching latest changes for nimbus-eth1-benchmarks...
Oct 01 08:42:02 nimbus-eth1-mainnet-short-benchmark[3495804]: HEAD is now at 8a2a264 chore: update short benchmark Readme
Oct 01 08:42:02 nimbus-eth1-mainnet-short-benchmark[3495754]: <<< ending cloneOrFetchBenchmarksRepo (success)
Oct 01 08:42:02 nimbus-eth1-mainnet-short-benchmark[3495754]: >>> starting cloneOrFetchNimbusRepo
Oct 01 08:42:12 nimbus-eth1-mainnet-short-benchmark[3495754]: >>> Fetching latest changes for nimbus-eth1...
Oct 01 08:42:14 nimbus-eth1-mainnet-short-benchmark[3496188]: From https://github.com/status-im/nimbus-eth1
Oct 01 08:42:14 nimbus-eth1-mainnet-short-benchmark[3496188]:    de28e835d..f249c6316  master      -> origin/master
Oct 01 08:42:14 nimbus-eth1-mainnet-short-benchmark[3496188]:    84c172da2..bfa4f8e92  wasm-deploy -> origin/wasm-deploy
Oct 01 08:42:14 nimbus-eth1-mainnet-short-benchmark[3496197]: HEAD is now at f249c6316 Make leaf cache sizes configurable (#4880)
Oct 01 08:42:14 nimbus-eth1-mainnet-short-benchmark[3495754]: >>> Found last benchmarked commit: de28e835
Oct 01 08:42:14 nimbus-eth1-mainnet-short-benchmark[3495754]: >>> Using next commit: f249c631650187b5b0abe7ee4931e7c7af041c49
Oct 01 08:42:14 nimbus-eth1-mainnet-short-benchmark[3496213]: HEAD is now at f249c6316 Make leaf cache sizes configurable (#4880)
Oct 01 08:42:14 nimbus-eth1-mainnet-short-benchmark[3495754]: >>> Current commit: f249c6316
Oct 01 08:42:14 nimbus-eth1-mainnet-short-benchmark[3495754]: <<< ending cloneOrFetchNimbusRepo (success)
Oct 01 08:42:14 nimbus-eth1-mainnet-short-benchmark[3495754]: >>> starting buildBinaries
Oct 01 08:42:14 nimbus-eth1-mainnet-short-benchmark[3495754]: >>> Building binaries for commit f249c631...
Oct 01 08:42:22 nimbus-eth1-mainnet-short-benchmark[3501926]: Building: Nim compiler
Oct 01 08:45:12 nimbus-eth1-mainnet-short-benchmark[3501926]: Building custom Nimble commit: 42ef70c2102a942c46f13eb76872326edd525cec
Oct 01 08:45:24 nimbus-eth1-mainnet-short-benchmark[3501926]: Building Nimble...
Oct 01 08:45:34 nimbus-eth1-mainnet-short-benchmark[3501926]: Replacing nimble binary...
Oct 01 08:45:42 nimbus-eth1-mainnet-short-benchmark[3518847]: Building: build/generate_makefile
Oct 01 08:45:42 nimbus-eth1-mainnet-short-benchmark[3518712]: ROCKSDB CACHED VERSION: 11.8.1
Oct 01 08:45:42 nimbus-eth1-mainnet-short-benchmark[3519128]: RocksDb static libraries already built. Skipping build.
Oct 01 08:45:42 nimbus-eth1-mainnet-short-benchmark[3518847]: Build completed successfully: build/generate_makefile
Oct 01 08:45:42 nimbus-eth1-mainnet-short-benchmark[3519182]: Building: build/nimbus_execution_client
Oct 01 08:46:09 nimbus-eth1-mainnet-short-benchmark[3519300]: @["Unknown constants in file: ", "GAS_LIMIT_SCHEDULE", "GAS_LIMIT", "- EPOCH", "    GAS_LIMIT"]
Oct 01 08:46:09 nimbus-eth1-mainnet-short-benchmark[3519300]: @["Unknown constants in file: ", "GAS_LIMIT_SCHEDULE", "GAS_LIMIT", "- EPOCH", "    GAS_LIMIT"]
Oct 01 08:48:05 nimbus-eth1-mainnet-short-benchmark[3519182]: Build completed successfully: build/nimbus_execution_client
Oct 01 08:48:05 nimbus-eth1-mainnet-short-benchmark[3495754]: >>> renaming binaries to match commit they were built from
Oct 01 08:48:05 nimbus-eth1-mainnet-short-benchmark[3495754]: >>> creating a symbolic link to the latest version
Oct 01 08:48:05 nimbus-eth1-mainnet-short-benchmark[3495754]: >>> deleting copies that are older than N days
Oct 01 08:48:05 nimbus-eth1-mainnet-short-benchmark[3495754]: <<< ending buildBinaries (success)
Oct 01 08:48:05 nimbus-eth1-mainnet-short-benchmark[3495754]: >>> starting skipOrContinueBenchmark
Oct 01 08:48:05 nimbus-eth1-mainnet-short-benchmark[3495754]: <<< ending skipOrContinueBenchmark (success)
Oct 01 08:48:05 nimbus-eth1-mainnet-short-benchmark[3495754]: >>> starting copyTemplateDatabase
Oct 01 08:48:05 nimbus-eth1-mainnet-short-benchmark[3495754]: >>> Copying template db into nimbus data directory
Oct 01 08:51:21 nimbus-eth1-mainnet-short-benchmark[3495754]: >>> Template db copied
Oct 01 08:51:21 nimbus-eth1-mainnet-short-benchmark[3495754]: >>> making nimbus the owner of the copied files
Oct 01 08:51:21 nimbus-eth1-mainnet-short-benchmark[3495754]: <<< ending copyTemplateDatabase (success)
Oct 01 08:51:21 nimbus-eth1-mainnet-short-benchmark[3495754]: >>> starting startNimbusWithImport
Oct 01 08:51:21 nimbus-eth1-mainnet-short-benchmark[3524877]: INF 2026-10-01 08:51:21.995+00:00 Launching execution client                 version=v0.4.2-f249c631 config="(configFile: none(InputFile), dataDirFlag: some(/data/status-im/nimbus-eth1/data/shared_mainnet_0), era1DirFlag: some(/data/era1), eraDirFlag: some(/data/era), ereDirFlag: none(OutDir), keyStoreDirFlag: none(OutDir), importKey: , trustedSetupFile: none(string), extraData: Nimbus/v0.4.2-f249c631, gasLimit: none(uint64), maxBlobs: none(byte), network: [mainnet], logLevel: INFO, logFormat: auto, metricsEnabled: false, metricsPort: 9093, metricsAddress: 127.0.0.1, bootstrapNodes: [], elBootstrapNodes: [], bootstrapFile: , elBootstrapFile: , staticPeers: [], staticPeersFile: , reconnectMaxRetry: 0, reconnectInterval: 15, listenAddress: ::, tcpPort: 30303, udpPortFlag: none(Port), maxPeersOpt: none(int), elMaxPeersOpt: none(int), nat: (hasExtIp: false, nat: NatAny), discv5: true, netKey: random, agentString: Nimbus/v0.4.2-f249c631/linux-amd64/Nim-2.2.12, numThreads: 0, persistBatchSize: 4, dynamicBatchSize: false, rocksdbMaxOpenFiles: 2048, rocksdbWriteBufferSize: 67108864, rocksdbRowCacheSize: 0, rocksdbBlockCacheSize: 2147483648, rocksdbBlockCacheType: hyperclock, rdbVtxCacheSize: 684720128, rdbKeyCacheSize: 1342177280, rdbBranchCacheSize: 1395654656, accLeafCacheSize: 1310720, stoLeafCacheSize: 1441792, rdbPrintStats: false, rewriteDatadirId: true, aristoDbMaxSnapshots: 5, debugParallel: none(bool), parallelStateRootComputationFlag: false, parallelSenderRecoveryFlag: true, optimisticStatePrefetchFlag: false, balStatePrefetchFlag: false, balStatePrefetchWorkers: 0, balParallelExecutionFlag: false, balPruning: true, eagerStateRootCheck: false, deserializeFcState: true, statelessProvider: false, statelessWitnessValidation: false, cmd: import, maxBlocks: 1000000, chunkSize: 8192, csvStats: some("/data/host-benchmarks/short/50480c889bea477d8fa62bb11978ede5/blocks-import-benchmark.csv"), validation: false, fullValidation: false, storeBodies: false, storeReceipts: false, storeSlotHashes: false)"
Oct 01 08:51:22 nimbus-eth1-mainnet-short-benchmark[3524877]: WRN 2026-10-01 08:51:21.999+00:00 Data directory has insecure permissions. Correcting them. data_dir=/data/status-im/nimbus-eth1/data/shared_mainnet_0 current_permissions=0755 required_permissions=0700
Oct 01 08:51:23 nimbus-eth1-mainnet-short-benchmark[3524877]: INF 2026-10-01 08:51:23.827+00:00 Taskpool started                           numThreads=16
Oct 01 08:51:23 nimbus-eth1-mainnet-short-benchmark[3524877]: CreateIOUring failed: Invalid argument (errno=22), thread=139956615572736
Oct 01 08:51:23 nimbus-eth1-mainnet-short-benchmark[3524877]: INF 2026-10-01 08:51:23.975+00:00 Database initialized                       base="(0xd24fd73f794058a3807db926d8898c6481e902b7edb91ce0d479d6760f276183, 20000000)" finalized="(0xd24fd73f794058a3807db926d8898c6481e902b7edb91ce0d479d6760f276183, 20000000)" head="(0xd4e56740f876aef8c010b86a40d5f56745a118d0906a34e69aec8c0db1cb8fa3, 0)" startOfHistory=0
Oct 01 08:51:23 nimbus-eth1-mainnet-short-benchmark[3524877]: NTC 2026-10-01 08:51:23.975+00:00 Could not open ere database, falling back to era1/era import ereDir=/data/status-im/nimbus-eth1/data/shared_mainnet_0/ere networkName=mainnet error="No ere files found in /data/status-im/nimbus-eth1/data/shared_mainnet_0/ere"
Oct 01 08:51:23 nimbus-eth1-mainnet-short-benchmark[3524877]: NTC 2026-10-01 08:51:23.975+00:00 Importing era archive                      blockNumber=20000001 dataDir=/data/status-im/nimbus-eth1/data/shared_mainnet_0 eraDir=/data/era
Oct 01 08:51:26 nimbus-eth1-mainnet-short-benchmark[3524877]: NTC 2026-10-01 08:51:26.171+00:00 Matched block to slot number               blockNumber=20000001 slot=9204783
Oct 01 08:57:37 nimbus-eth1-mainnet-short-benchmark[3524877]: INF 2026-10-01 08:57:37.978+00:00 Imported blocks                            blockNumber=20008193 slot=9213020 blocks=8192 txs=1226966 mgas=124237 bps=21.90 tps=3280 mgps=332.2 avgBps=21.90 avgTps=3280 avgMGps=332.2 elapsed=6m14s3ms
Oct 01 09:03:04 nimbus-eth1-mainnet-short-benchmark[3524877]: INF 2026-10-01 09:03:04.889+00:00 Imported blocks                            blockNumber=20016385 slot=9221256 blocks=16384 txs=2540380 mgas=248071 bps=25.06 tps=4017 mgps=378.8 avgBps=23.38 avgTps=3624 avgMGps=353.9 elapsed=11m40s917ms
Oct 01 09:08:13 nimbus-eth1-mainnet-short-benchmark[3524877]: INF 2026-10-01 09:08:13.229+00:00 Imported blocks                            blockNumber=20024577 slot=9229485 blocks=24576 txs=3869398 mgas=372018 bps=26.57 tps=4310 mgps=402.0 avgBps=24.35 avgTps=3833 avgMGps=368.6 elapsed=16m49s257ms
Oct 01 09:12:51 nimbus-eth1-mainnet-short-benchmark[3524877]: INF 2026-10-01 09:12:51.413+00:00 Imported blocks                            blockNumber=20032769 slot=9237722 blocks=32768 txs=5222766 mgas=495797 bps=29.45 tps=4865 mgps=445.0 avgBps=25.45 avgTps=4056 avgMGps=385.1 elapsed=21m27s441ms
Oct 01 09:17:19 nimbus-eth1-mainnet-short-benchmark[3524877]: INF 2026-10-01 09:17:19.605+00:00 Imported blocks                            blockNumber=20040961 slot=9245957 blocks=40960 txs=6566802 mgas=619586 bps=30.55 tps=5011 mgps=461.6 avgBps=26.33 avgTps=4221 avgMGps=398.3 elapsed=25m55s631ms
Oct 01 09:22:08 nimbus-eth1-mainnet-short-benchmark[3524877]: INF 2026-10-01 09:22:08.381+00:00 Imported blocks                            blockNumber=20049153 slot=9254196 blocks=49152 txs=7904746 mgas=743522 bps=28.37 tps=4633 mgps=429.2 avgBps=26.65 avgTps=4285 avgMGps=403.1 elapsed=30m44s409ms
Oct 01 09:26:47 nimbus-eth1-mainnet-short-benchmark[3524877]: INF 2026-10-01 09:26:47.713+00:00 Imported blocks                            blockNumber=20057345 slot=9262435 blocks=57344 txs=9212009 mgas=867360 bps=29.33 tps=4680 mgps=443.3 avgBps=27.00 avgTps=4337 avgMGps=408.4 elapsed=35m23s737ms
Oct 01 09:31:05 nimbus-eth1-mainnet-short-benchmark[3524877]: INF 2026-10-01 09:31:05.813+00:00 Imported blocks                            blockNumber=20065537 slot=9270674 blocks=65536 txs=10559018 mgas=991371 bps=31.74 tps=5218 mgps=480.5 avgBps=27.51 avgTps=4433 avgMGps=416.2 elapsed=39m41s841ms
Oct 01 09:35:09 nimbus-eth1-mainnet-short-benchmark[3524877]: INF 2026-10-01 09:35:09.750+00:00 Imported blocks                            blockNumber=20073729 slot=9278910 blocks=73728 txs=11898676 mgas=1115111 bps=33.58 tps=5491 mgps=507.3 avgBps=28.08 avgTps=4531 avgMGps=424.7 elapsed=43m45s777ms
Oct 01 09:39:05 nimbus-eth1-mainnet-short-benchmark[3524877]: INF 2026-10-01 09:39:05.286+00:00 Imported blocks                            blockNumber=20081921 slot=9287152 blocks=81920 txs=13323263 mgas=1239150 bps=34.78 tps=6048 mgps=526.6 avgBps=28.63 avgTps=4656 avgMGps=433.1 elapsed=47m41s311ms
Oct 01 09:42:57 nimbus-eth1-mainnet-short-benchmark[3524877]: INF 2026-10-01 09:42:57.767+00:00 Imported blocks                            blockNumber=20090113 slot=9295408 blocks=90112 txs=14697082 mgas=1363113 bps=35.24 tps=5909 mgps=533.2 avgBps=29.13 avgTps=4750 avgMGps=440.6 elapsed=51m33s791ms
Oct 01 09:47:07 nimbus-eth1-mainnet-short-benchmark[3524877]: INF 2026-10-01 09:47:07.171+00:00 Imported blocks                            blockNumber=20098305 slot=9303658 blocks=98304 txs=16025683 mgas=1487146 bps=32.85 tps=5327 mgps=497.3 avgBps=29.40 avgTps=4793 avgMGps=444.8 elapsed=55m43s197ms
Oct 01 09:51:28 nimbus-eth1-mainnet-short-benchmark[3524877]: INF 2026-10-01 09:51:28.772+00:00 Imported blocks                            blockNumber=20106497 slot=9311895 blocks=106496 txs=17337157 mgas=1611066 bps=31.31 tps=5013 mgps=473.7 avgBps=29.54 avgTps=4809 avgMGps=446.9 elapsed=1h4s797ms
Oct 01 09:55:33 nimbus-eth1-mainnet-short-benchmark[3524877]: INF 2026-10-01 09:55:33.680+00:00 Imported blocks                            blockNumber=20114689 slot=9320146 blocks=114688 txs=18632097 mgas=1735123 bps=33.45 tps=5287 mgps=506.5 avgBps=29.79 avgTps=4839 avgMGps=450.7 elapsed=1h4m9s
Oct 01 09:59:24 nimbus-eth1-mainnet-short-benchmark[3524877]: INF 2026-10-01 09:59:24.381+00:00 Imported blocks                            blockNumber=20122881 slot=9328409 blocks=122880 txs=19937418 mgas=1859249 bps=35.51 tps=5658 mgps=538.0 avgBps=30.11 avgTps=4886 avgMGps=455.7 elapsed=1h8m405ms
Oct 01 10:03:12 nimbus-eth1-mainnet-short-benchmark[3524877]: INF 2026-10-01 10:03:12.270+00:00 Imported blocks                            blockNumber=20131073 slot=9336660 blocks=131072 txs=21214129 mgas=1983500 bps=35.95 tps=5602 mgps=545.2 avgBps=30.42 avgTps=4924 avgMGps=460.4 elapsed=1h11m48s
Oct 01 10:07:00 nimbus-eth1-mainnet-short-benchmark[3524877]: INF 2026-10-01 10:07:00.062+00:00 Imported blocks                            blockNumber=20139265 slot=9344906 blocks=139264 txs=22579079 mgas=2107571 bps=35.96 tps=5992 mgps=544.7 avgBps=30.70 avgTps=4977 avgMGps=464.6 elapsed=1h15m36s
Oct 01 10:11:33 nimbus-eth1-mainnet-short-benchmark[3524877]: INF 2026-10-01 10:11:33.926+00:00 Imported blocks                            blockNumber=20147457 slot=9353153 blocks=147456 txs=24133322 mgas=2231686 bps=29.91 tps=5675 mgps=453.2 avgBps=30.66 avgTps=5017 avgMGps=464.0 elapsed=1h20m9s
Oct 01 10:15:55 nimbus-eth1-mainnet-short-benchmark[3524877]: INF 2026-10-01 10:15:55.887+00:00 Imported blocks                            blockNumber=20155649 slot=9361407 blocks=155648 txs=25424015 mgas=2356018 bps=31.27 tps=4927 mgps=474.6 avgBps=30.69 avgTps=5012 avgMGps=464.5 elapsed=1h24m31s
Oct 01 10:19:56 nimbus-eth1-mainnet-short-benchmark[3524877]: INF 2026-10-01 10:19:56.167+00:00 Imported blocks                            blockNumber=20163841 slot=9369652 blocks=163840 txs=26749549 mgas=2480207 bps=34.09 tps=5516 mgps=516.8 avgBps=30.84 avgTps=5035 avgMGps=466.9 elapsed=1h28m32s
Oct 01 10:23:49 nimbus-eth1-mainnet-short-benchmark[3524877]: INF 2026-10-01 10:23:49.908+00:00 Imported blocks                            blockNumber=20172033 slot=9377892 blocks=172032 txs=28105316 mgas=2604026 bps=35.05 tps=5800 mgps=529.7 avgBps=31.02 avgTps=5067 avgMGps=469.5 elapsed=1h32m25s
Oct 01 10:27:49 nimbus-eth1-mainnet-short-benchmark[3524877]: INF 2026-10-01 10:27:49.661+00:00 Imported blocks                            blockNumber=20180225 slot=9386128 blocks=180224 txs=29524405 mgas=2728170 bps=34.17 tps=5918 mgps=517.8 avgBps=31.15 avgTps=5103 avgMGps=471.5 elapsed=1h36m25s
Oct 01 10:31:32 nimbus-eth1-mainnet-short-benchmark[3524877]: INF 2026-10-01 10:31:32.765+00:00 Imported blocks                            blockNumber=20188417 slot=9394365 blocks=188416 txs=30849021 mgas=2852023 bps=36.72 tps=5937 mgps=555.1 avgBps=31.36 avgTps=5133 avgMGps=474.6 elapsed=1h40m8s
Oct 01 10:35:42 nimbus-eth1-mainnet-short-benchmark[3524877]: INF 2026-10-01 10:35:42.334+00:00 Imported blocks                            blockNumber=20196609 slot=9402602 blocks=196608 txs=32174755 mgas=2976155 bps=32.82 tps=5312 mgps=497.4 avgBps=31.42 avgTps=5141 avgMGps=475.5 elapsed=1h44m18s
Oct 01 10:40:04 nimbus-eth1-mainnet-short-benchmark[3524877]: INF 2026-10-01 10:40:04.158+00:00 Imported blocks                            blockNumber=20204801 slot=9410840 blocks=204800 txs=33475942 mgas=3100410 bps=31.29 tps=4969 mgps=474.6 avgBps=31.41 avgTps=5134 avgMGps=475.5 elapsed=1h48m40s
Oct 01 10:44:05 nimbus-eth1-mainnet-short-benchmark[3524877]: INF 2026-10-01 10:44:05.903+00:00 Imported blocks                            blockNumber=20212993 slot=9419071 blocks=212992 txs=34798508 mgas=3224370 bps=33.89 tps=5470 mgps=512.8 avgBps=31.50 avgTps=5146 avgMGps=476.8 elapsed=1h52m41s
Oct 01 10:47:59 nimbus-eth1-mainnet-short-benchmark[3524877]: INF 2026-10-01 10:47:59.535+00:00 Imported blocks                            blockNumber=20221185 slot=9427313 blocks=221184 txs=36114045 mgas=3348169 bps=35.06 tps=5630 mgps=529.9 avgBps=31.62 avgTps=5162 avgMGps=478.6 elapsed=1h56m35s
Oct 01 10:51:33 nimbus-eth1-mainnet-short-benchmark[3524877]: INF 2026-10-01 10:51:33.684+00:00 Imported blocks                            blockNumber=20229377 slot=9435549 blocks=229376 txs=37421794 mgas=3472031 bps=38.25 tps=6106 mgps=578.4 avgBps=31.81 avgTps=5190 avgMGps=481.6 elapsed=2h9s706ms
Oct 01 10:55:18 nimbus-eth1-mainnet-short-benchmark[3524877]: INF 2026-10-01 10:55:18.685+00:00 Imported blocks                            blockNumber=20237569 slot=9443788 blocks=237568 txs=38842064 mgas=3596351 bps=36.41 tps=6312 mgps=552.5 avgBps=31.95 avgTps=5224 avgMGps=483.7 elapsed=2h3m54s
Oct 01 10:59:21 nimbus-eth1-mainnet-short-benchmark[3524877]: INF 2026-10-01 10:59:21.874+00:00 Imported blocks                            blockNumber=20245761 slot=9452021 blocks=245760 txs=40225739 mgas=3720100 bps=33.69 tps=5689 mgps=508.9 avgBps=32.01 avgTps=5239 avgMGps=484.5 elapsed=2h7m57s
Oct 01 11:03:40 nimbus-eth1-mainnet-short-benchmark[3524877]: INF 2026-10-01 11:03:40.974+00:00 Imported blocks                            blockNumber=20253953 slot=9460253 blocks=253952 txs=41454921 mgas=3844385 bps=31.62 tps=4744 mgps=479.7 avgBps=32.00 avgTps=5222 avgMGps=484.4 elapsed=2h12m16s
Oct 01 11:07:46 nimbus-eth1-mainnet-short-benchmark[3524877]: INF 2026-10-01 11:07:46.566+00:00 Imported blocks                            blockNumber=20262145 slot=9468495 blocks=262144 txs=42726051 mgas=3968623 bps=33.36 tps=5175 mgps=505.9 avgBps=32.04 avgTps=5221 avgMGps=485.0 elapsed=2h16m22s
Oct 01 11:11:36 nimbus-eth1-mainnet-short-benchmark[3524877]: INF 2026-10-01 11:11:36.159+00:00 Imported blocks                            blockNumber=20270337 slot=9476748 blocks=270336 txs=44050436 mgas=4092682 bps=35.68 tps=5768 mgps=540.3 avgBps=32.14 avgTps=5236 avgMGps=486.5 elapsed=2h20m12s
Oct 01 11:15:10 nimbus-eth1-mainnet-short-benchmark[3524877]: INF 2026-10-01 11:15:10.284+00:00 Imported blocks                            blockNumber=20278529 slot=9484981 blocks=278528 txs=45382368 mgas=4216487 bps=38.26 tps=6220 mgps=578.2 avgBps=32.29 avgTps=5260 avgMGps=488.8 elapsed=2h23m46s
Oct 01 11:18:48 nimbus-eth1-mainnet-short-benchmark[3524877]: INF 2026-10-01 11:18:48.873+00:00 Imported blocks                            blockNumber=20286721 slot=9493213 blocks=286720 txs=46733429 mgas=4340363 bps=37.48 tps=6180 mgps=566.7 avgBps=32.42 avgTps=5283 avgMGps=490.7 elapsed=2h27m24s
Oct 01 11:22:49 nimbus-eth1-mainnet-short-benchmark[3524877]: INF 2026-10-01 11:22:49.237+00:00 Imported blocks                            blockNumber=20294913 slot=9501453 blocks=294912 txs=48075887 mgas=4464376 bps=34.08 tps=5585 mgps=515.9 avgBps=32.46 avgTps=5291 avgMGps=491.4 elapsed=2h31m25s
Oct 01 11:26:45 nimbus-eth1-mainnet-short-benchmark[3524877]: INF 2026-10-01 11:26:45.374+00:00 Imported blocks                            blockNumber=20303105 slot=9509696 blocks=303104 txs=49379538 mgas=4588534 bps=34.69 tps=5520 mgps=525.8 avgBps=32.52 avgTps=5297 avgMGps=492.3 elapsed=2h35m21s
Oct 01 11:30:35 nimbus-eth1-mainnet-short-benchmark[3524877]: INF 2026-10-01 11:30:35.071+00:00 Imported blocks                            blockNumber=20311297 slot=9517922 blocks=311296 txs=50637672 mgas=4712596 bps=35.66 tps=5477 mgps=540.1 avgBps=32.59 avgTps=5301 avgMGps=493.4 elapsed=2h39m11s
Oct 01 11:34:14 nimbus-eth1-mainnet-short-benchmark[3524877]: INF 2026-10-01 11:34:14.608+00:00 Imported blocks                            blockNumber=20319489 slot=9526159 blocks=319488 txs=51981692 mgas=4836521 bps=37.31 tps=6122 mgps=564.5 avgBps=32.70 avgTps=5320 avgMGps=495.0 elapsed=2h42m50s
Oct 01 11:37:36 nimbus-eth1-mainnet-short-benchmark[3524877]: INF 2026-10-01 11:37:36.881+00:00 Imported blocks                            blockNumber=20327681 slot=9534381 blocks=327680 txs=53356123 mgas=4960245 bps=40.50 tps=6794 mgps=611.7 avgBps=32.86 avgTps=5350 avgMGps=497.4 elapsed=2h46m12s
Oct 01 11:40:58 nimbus-eth1-mainnet-short-benchmark[3524877]: INF 2026-10-01 11:40:58.794+00:00 Imported blocks                            blockNumber=20335873 slot=9542617 blocks=335872 txs=54719105 mgas=5084025 bps=40.57 tps=6750 mgps=613.0 avgBps=33.01 avgTps=5377 avgMGps=499.7 elapsed=2h49m34s
Oct 01 11:44:40 nimbus-eth1-mainnet-short-benchmark[3524877]: INF 2026-10-01 11:44:40.495+00:00 Imported blocks                            blockNumber=20344065 slot=9550841 blocks=344064 txs=56021853 mgas=5207843 bps=36.95 tps=5876 mgps=558.5 avgBps=33.09 avgTps=5388 avgMGps=500.9 elapsed=2h53m16s
Oct 01 11:48:51 nimbus-eth1-mainnet-short-benchmark[3524877]: INF 2026-10-01 11:48:51.959+00:00 Imported blocks                            blockNumber=20352257 slot=9559072 blocks=352256 txs=57290408 mgas=5332016 bps=32.58 tps=5044 mgps=493.8 avgBps=33.08 avgTps=5380 avgMGps=500.8 elapsed=2h57m27s
Oct 01 11:52:40 nimbus-eth1-mainnet-short-benchmark[3524877]: INF 2026-10-01 11:52:40.920+00:00 Imported blocks                            blockNumber=20360449 slot=9567308 blocks=360448 txs=58543463 mgas=5456201 bps=35.78 tps=5472 mgps=542.4 avgBps=33.14 avgTps=5382 avgMGps=501.6 elapsed=3h1m16s
Oct 01 11:56:23 nimbus-eth1-mainnet-short-benchmark[3524877]: INF 2026-10-01 11:56:23.269+00:00 Imported blocks                            blockNumber=20368641 slot=9575548 blocks=368640 txs=59874056 mgas=5580204 bps=36.84 tps=5984 mgps=557.7 avgBps=33.21 avgTps=5394 avgMGps=502.8 elapsed=3h4m59s
Oct 01 12:00:13 nimbus-eth1-mainnet-short-benchmark[3524877]: INF 2026-10-01 12:00:13.030+00:00 Imported blocks                            blockNumber=20376833 slot=9583774 blocks=376832 txs=61167066 mgas=5704396 bps=35.65 tps=5627 mgps=540.5 avgBps=33.26 avgTps=5399 avgMGps=503.5 elapsed=3h8m49s
Oct 01 12:03:58 nimbus-eth1-mainnet-short-benchmark[3524877]: INF 2026-10-01 12:03:58.439+00:00 Imported blocks                            blockNumber=20385025 slot=9592009 blocks=385024 txs=62480333 mgas=5828235 bps=36.34 tps=5826 mgps=549.4 avgBps=33.32 avgTps=5407 avgMGps=504.4 elapsed=3h12m34s
Oct 01 12:07:42 nimbus-eth1-mainnet-short-benchmark[3524877]: INF 2026-10-01 12:07:42.932+00:00 Imported blocks                            blockNumber=20393217 slot=9600248 blocks=393216 txs=63800597 mgas=5952136 bps=36.49 tps=5881 mgps=551.9 avgBps=33.38 avgTps=5416 avgMGps=505.3 elapsed=3h16m18s
Oct 01 12:11:22 nimbus-eth1-mainnet-short-benchmark[3524877]: INF 2026-10-01 12:11:22.225+00:00 Imported blocks                            blockNumber=20401409 slot=9608486 blocks=401408 txs=65021243 mgas=6076384 bps=37.36 tps=5566 mgps=566.6 avgBps=33.46 avgTps=5419 avgMGps=506.4 elapsed=3h19m58s
Oct 01 12:15:13 nimbus-eth1-mainnet-short-benchmark[3524877]: INF 2026-10-01 12:15:13.733+00:00 Imported blocks                            blockNumber=20409601 slot=9616707 blocks=409600 txs=66199016 mgas=6200666 bps=35.39 tps=5087 mgps=536.8 avgBps=33.49 avgTps=5412 avgMGps=507.0 elapsed=3h23m49s
Oct 01 12:18:58 nimbus-eth1-mainnet-short-benchmark[3524877]: INF 2026-10-01 12:18:58.222+00:00 Imported blocks                            blockNumber=20417793 slot=9624941 blocks=417792 txs=67453930 mgas=6324823 bps=36.49 tps=5590 mgps=553.1 avgBps=33.55 avgTps=5416 avgMGps=507.8 elapsed=3h27m34s
Oct 01 12:22:15 nimbus-eth1-mainnet-short-benchmark[3524877]: INF 2026-10-01 12:22:15.003+00:00 Imported blocks                            blockNumber=20425985 slot=9633187 blocks=425984 txs=68814904 mgas=6448778 bps=41.63 tps=6916 mgps=629.9 avgBps=33.67 avgTps=5439 avgMGps=509.7 elapsed=3h30m51s
Oct 01 12:25:30 nimbus-eth1-mainnet-short-benchmark[3524877]: INF 2026-10-01 12:25:30.516+00:00 Imported blocks                            blockNumber=20434177 slot=9641422 blocks=434176 txs=70124508 mgas=6572711 bps=41.90 tps=6698 mgps=633.9 avgBps=33.80 avgTps=5458 avgMGps=511.6 elapsed=3h34m6s
Oct 01 12:28:57 nimbus-eth1-mainnet-short-benchmark[3524877]: INF 2026-10-01 12:28:57.826+00:00 Imported blocks                            blockNumber=20442369 slot=9649657 blocks=442368 txs=71403576 mgas=6696451 bps=39.52 tps=6169 mgps=596.9 avgBps=33.89 avgTps=5469 avgMGps=513.0 elapsed=3h37m33s
Oct 01 12:32:45 nimbus-eth1-mainnet-short-benchmark[3524877]: INF 2026-10-01 12:32:45.958+00:00 Imported blocks                            blockNumber=20450561 slot=9657896 blocks=450560 txs=72659905 mgas=6820521 bps=35.91 tps=5507 mgps=543.9 avgBps=33.92 avgTps=5470 avgMGps=513.5 elapsed=3h41m21s
Oct 01 12:36:53 nimbus-eth1-mainnet-short-benchmark[3524877]: INF 2026-10-01 12:36:53.183+00:00 Imported blocks                            blockNumber=20458753 slot=9666114 blocks=458752 txs=73838533 mgas=6945116 bps=33.14 tps=4767 mgps=504.0 avgBps=33.91 avgTps=5457 avgMGps=513.3 elapsed=3h45m29s
Oct 01 12:40:37 nimbus-eth1-mainnet-short-benchmark[3524877]: INF 2026-10-01 12:40:37.416+00:00 Imported blocks                            blockNumber=20466945 slot=9674343 blocks=466944 txs=75124748 mgas=7068943 bps=36.53 tps=5736 mgps=552.2 avgBps=33.95 avgTps=5462 avgMGps=514.0 elapsed=3h49m13s
Oct 01 12:44:21 nimbus-eth1-mainnet-short-benchmark[3524877]: INF 2026-10-01 12:44:21.928+00:00 Imported blocks                            blockNumber=20475137 slot=9682575 blocks=475136 txs=76420106 mgas=7192870 bps=36.49 tps=5769 mgps=552.0 avgBps=33.99 avgTps=5467 avgMGps=514.6 elapsed=3h52m57s
Oct 01 12:47:55 nimbus-eth1-mainnet-short-benchmark[3524877]: INF 2026-10-01 12:47:55.365+00:00 Imported blocks                            blockNumber=20483329 slot=9690800 blocks=483328 txs=77675422 mgas=7316939 bps=38.38 tps=5881 mgps=581.3 avgBps=34.06 avgTps=5473 avgMGps=515.6 elapsed=3h56m31s
Oct 01 12:51:25 nimbus-eth1-mainnet-short-benchmark[3524877]: INF 2026-10-01 12:51:25.146+00:00 Imported blocks                            blockNumber=20491521 slot=9699019 blocks=491520 txs=78951232 mgas=7440784 bps=39.05 tps=6081 mgps=590.4 avgBps=34.13 avgTps=5482 avgMGps=516.7 elapsed=4h1s170ms
Oct 01 12:55:09 nimbus-eth1-mainnet-short-benchmark[3524877]: INF 2026-10-01 12:55:09.615+00:00 Imported blocks                            blockNumber=20499713 slot=9707248 blocks=499712 txs=80189642 mgas=7564669 bps=36.50 tps=5517 mgps=551.9 avgBps=34.17 avgTps=5482 avgMGps=517.2 elapsed=4h3m45s
Oct 01 12:59:00 nimbus-eth1-mainnet-short-benchmark[3524877]: INF 2026-10-01 12:59:00.776+00:00 Imported blocks                            blockNumber=20507905 slot=9715488 blocks=507904 txs=81317763 mgas=7689208 bps=35.44 tps=4880 mgps=538.8 avgBps=34.19 avgTps=5473 avgMGps=517.6 elapsed=4h7m36s
Oct 01 13:02:24 nimbus-eth1-mainnet-short-benchmark[3524877]: INF 2026-10-01 13:02:24.765+00:00 Imported blocks                            blockNumber=20516097 slot=9723715 blocks=516096 txs=82520262 mgas=7813209 bps=40.16 tps=5894 mgps=607.9 avgBps=34.27 avgTps=5479 avgMGps=518.8 elapsed=4h11m793ms
Oct 01 13:05:59 nimbus-eth1-mainnet-short-benchmark[3524877]: INF 2026-10-01 13:05:59.562+00:00 Imported blocks                            blockNumber=20524289 slot=9731945 blocks=524288 txs=83780075 mgas=7937233 bps=38.14 tps=5865 mgps=577.4 avgBps=34.32 avgTps=5484 avgMGps=519.6 elapsed=4h14m35s
Oct 01 13:09:41 nimbus-eth1-mainnet-short-benchmark[3524877]: INF 2026-10-01 13:09:41.159+00:00 Imported blocks                            blockNumber=20532481 slot=9740183 blocks=532480 txs=85263862 mgas=8061024 bps=36.97 tps=6695 mgps=558.6 avgBps=34.36 avgTps=5501 avgMGps=520.2 elapsed=4h18m17s
Oct 01 13:13:26 nimbus-eth1-mainnet-short-benchmark[3524877]: INF 2026-10-01 13:13:26.808+00:00 Imported blocks                            blockNumber=20540673 slot=9748418 blocks=540672 txs=86612143 mgas=8185090 bps=36.30 tps=5975 mgps=549.8 avgBps=34.39 avgTps=5508 avgMGps=520.6 elapsed=4h22m2s
Oct 01 13:17:20 nimbus-eth1-mainnet-short-benchmark[3524877]: INF 2026-10-01 13:17:20.952+00:00 Imported blocks                            blockNumber=20548865 slot=9756662 blocks=548864 txs=87802991 mgas=8309513 bps=34.99 tps=5085 mgps=531.4 avgBps=34.40 avgTps=5502 avgMGps=520.7 elapsed=4h25m56s
Oct 01 13:21:12 nimbus-eth1-mainnet-short-benchmark[3524877]: INF 2026-10-01 13:21:12.761+00:00 Imported blocks                            blockNumber=20557057 slot=9764892 blocks=557056 txs=88964987 mgas=8433956 bps=35.34 tps=5012 mgps=536.8 avgBps=34.41 avgTps=5495 avgMGps=521.0 elapsed=4h29m48s
Oct 01 13:24:50 nimbus-eth1-mainnet-short-benchmark[3524877]: INF 2026-10-01 13:24:50.926+00:00 Imported blocks                            blockNumber=20565249 slot=9773131 blocks=565248 txs=90186094 mgas=8558113 bps=37.55 tps=5597 mgps=569.1 avgBps=34.45 avgTps=5496 avgMGps=521.6 elapsed=4h33m26s
Oct 01 13:28:32 nimbus-eth1-mainnet-short-benchmark[3524877]: INF 2026-10-01 13:28:32.419+00:00 Imported blocks                            blockNumber=20573441 slot=9781369 blocks=573440 txs=91404654 mgas=8682228 bps=36.99 tps=5501 mgps=560.4 avgBps=34.49 avgTps=5496 avgMGps=522.1 elapsed=4h37m8s
Oct 01 13:32:08 nimbus-eth1-mainnet-short-benchmark[3524877]: INF 2026-10-01 13:32:08.596+00:00 Imported blocks                            blockNumber=20581633 slot=9789611 blocks=581632 txs=92628389 mgas=8806651 bps=37.90 tps=5660 mgps=575.6 avgBps=34.53 avgTps=5498 avgMGps=522.8 elapsed=4h40m44s
Oct 01 13:35:54 nimbus-eth1-mainnet-short-benchmark[3524877]: INF 2026-10-01 13:35:54.252+00:00 Imported blocks                            blockNumber=20589825 slot=9797855 blocks=589824 txs=93887208 mgas=8931023 bps=36.30 tps=5578 mgps=551.1 avgBps=34.55 avgTps=5500 avgMGps=523.2 elapsed=4h44m30s
Oct 01 13:39:44 nimbus-eth1-mainnet-short-benchmark[3524877]: INF 2026-10-01 13:39:44.105+00:00 Imported blocks                            blockNumber=20598017 slot=9806095 blocks=598016 txs=95163338 mgas=9055310 bps=35.64 tps=5551 mgps=540.7 avgBps=34.57 avgTps=5500 avgMGps=523.4 elapsed=4h48m20s
Oct 01 13:43:32 nimbus-eth1-mainnet-short-benchmark[3524877]: INF 2026-10-01 13:43:32.158+00:00 Imported blocks                            blockNumber=20606209 slot=9814347 blocks=606208 txs=96334664 mgas=9179976 bps=35.92 tps=5136 mgps=546.7 avgBps=34.58 avgTps=5495 avgMGps=523.7 elapsed=4h52m8s
Oct 01 13:47:12 nimbus-eth1-mainnet-short-benchmark[3524877]: INF 2026-10-01 13:47:12.659+00:00 Imported blocks                            blockNumber=20614401 slot=9822581 blocks=614400 txs=97573414 mgas=9304574 bps=37.15 tps=5617 mgps=565.1 avgBps=34.62 avgTps=5497 avgMGps=524.2 elapsed=4h55m48s
Oct 01 13:50:51 nimbus-eth1-mainnet-short-benchmark[3524877]: INF 2026-10-01 13:50:51.956+00:00 Imported blocks                            blockNumber=20622593 slot=9830821 blocks=622592 txs=98874772 mgas=9428835 bps=37.36 tps=5934 mgps=566.6 avgBps=34.65 avgTps=5502 avgMGps=524.8 elapsed=4h59m27s
Oct 01 13:54:24 nimbus-eth1-mainnet-short-benchmark[3524877]: INF 2026-10-01 13:54:24.153+00:00 Imported blocks                            blockNumber=20630785 slot=9839058 blocks=630784 txs=100178707 mgas=9553009 bps=38.61 tps=6144 mgps=585.2 avgBps=34.70 avgTps=5510 avgMGps=525.5 elapsed=5h3m178ms
Oct 01 13:58:08 nimbus-eth1-mainnet-short-benchmark[3524877]: INF 2026-10-01 13:58:08.345+00:00 Imported blocks                            blockNumber=20638977 slot=9847313 blocks=638976 txs=101489116 mgas=9677171 bps=36.54 tps=5844 mgps=553.8 avgBps=34.72 avgTps=5514 avgMGps=525.8 elapsed=5h6m44s
Oct 01 14:01:50 nimbus-eth1-mainnet-short-benchmark[3524877]: INF 2026-10-01 14:01:50.322+00:00 Imported blocks                            blockNumber=20647169 slot=9855549 blocks=647168 txs=102730058 mgas=9801643 bps=36.91 tps=5590 mgps=560.8 avgBps=34.74 avgTps=5515 avgMGps=526.2 elapsed=5h10m26s
Oct 01 14:05:45 nimbus-eth1-mainnet-short-benchmark[3524877]: INF 2026-10-01 14:05:45.691+00:00 Imported blocks                            blockNumber=20655361 slot=9863778 blocks=655360 txs=103868002 mgas=9926541 bps=34.80 tps=4834 mgps=530.6 avgBps=34.75 avgTps=5506 avgMGps=526.3 elapsed=5h14m21s
Oct 01 14:09:24 nimbus-eth1-mainnet-short-benchmark[3524877]: INF 2026-10-01 14:09:24.376+00:00 Imported blocks                            blockNumber=20663553 slot=9872013 blocks=663552 txs=105112198 mgas=10051274 bps=37.46 tps=5689 mgps=570.4 avgBps=34.78 avgTps=5508 avgMGps=526.8 elapsed=5h18m400ms
Oct 01 14:12:48 nimbus-eth1-mainnet-short-benchmark[3524877]: INF 2026-10-01 14:12:48.897+00:00 Imported blocks                            blockNumber=20671745 slot=9880241 blocks=671744 txs=106395904 mgas=10175177 bps=40.05 tps=6276 mgps=605.8 avgBps=34.83 avgTps=5517 avgMGps=527.6 elapsed=5h21m24s
Oct 01 14:16:17 nimbus-eth1-mainnet-short-benchmark[3524877]: INF 2026-10-01 14:16:17.494+00:00 Imported blocks                            blockNumber=20679937 slot=9888471 blocks=679936 txs=107674271 mgas=10299404 bps=39.27 tps=6128 mgps=595.5 avgBps=34.88 avgTps=5523 avgMGps=528.4 elapsed=5h24m53s
Oct 01 14:19:36 nimbus-eth1-mainnet-short-benchmark[3524877]: INF 2026-10-01 14:19:36.019+00:00 Imported blocks                            blockNumber=20688129 slot=9896698 blocks=688128 txs=108938536 mgas=10423298 bps=41.26 tps=6368 mgps=624.1 avgBps=34.94 avgTps=5532 avgMGps=529.3 elapsed=5h28m12s
Oct 01 14:23:08 nimbus-eth1-mainnet-short-benchmark[3524877]: INF 2026-10-01 14:23:08.500+00:00 Imported blocks                            blockNumber=20696321 slot=9904930 blocks=696320 txs=110235786 mgas=10547469 bps=38.55 tps=6105 mgps=584.4 avgBps=34.98 avgTps=5538 avgMGps=529.9 elapsed=5h31m44s
Oct 01 14:27:00 nimbus-eth1-mainnet-short-benchmark[3524877]: INF 2026-10-01 14:27:00.309+00:00 Imported blocks                            blockNumber=20704513 slot=9913154 blocks=704512 txs=111483759 mgas=10671677 bps=35.34 tps=5383 mgps=535.8 avgBps=34.99 avgTps=5536 avgMGps=530.0 elapsed=5h35m36s
Oct 01 14:30:37 nimbus-eth1-mainnet-short-benchmark[3524877]: INF 2026-10-01 14:30:37.046+00:00 Imported blocks                            blockNumber=20712705 slot=9921388 blocks=712704 txs=112764170 mgas=10795980 bps=37.80 tps=5907 mgps=573.5 avgBps=35.02 avgTps=5540 avgMGps=530.4 elapsed=5h39m13s
Oct 01 14:33:59 nimbus-eth1-mainnet-short-benchmark[3524877]: INF 2026-10-01 14:33:59.287+00:00 Imported blocks                            blockNumber=20720897 slot=9929633 blocks=720896 txs=114110517 mgas=10919926 bps=40.51 tps=6657 mgps=612.9 avgBps=35.07 avgTps=5551 avgMGps=531.2 elapsed=5h42m35s
Oct 01 14:37:29 nimbus-eth1-mainnet-short-benchmark[3524877]: INF 2026-10-01 14:37:29.324+00:00 Imported blocks                            blockNumber=20729089 slot=9937869 blocks=729088 txs=115449431 mgas=11043768 bps=39.00 tps=6374 mgps=589.6 avgBps=35.11 avgTps=5559 avgMGps=531.8 elapsed=5h46m5s
Oct 01 14:40:51 nimbus-eth1-mainnet-short-benchmark[3524877]: INF 2026-10-01 14:40:51.245+00:00 Imported blocks                            blockNumber=20737281 slot=9946108 blocks=737280 txs=116784468 mgas=11167784 bps=40.57 tps=6611 mgps=614.2 avgBps=35.16 avgTps=5569 avgMGps=532.6 elapsed=5h49m27s
Oct 01 14:44:23 nimbus-eth1-mainnet-short-benchmark[3524877]: INF 2026-10-01 14:44:23.418+00:00 Imported blocks                            blockNumber=20745473 slot=9954342 blocks=745472 txs=118101003 mgas=11291742 bps=38.61 tps=6205 mgps=584.2 avgBps=35.20 avgTps=5576 avgMGps=533.1 elapsed=5h52m59s
Oct 01 14:48:12 nimbus-eth1-mainnet-short-benchmark[3524877]: INF 2026-10-01 14:48:12.775+00:00 Imported blocks                            blockNumber=20753665 slot=9962581 blocks=753664 txs=119337525 mgas=11415859 bps=35.72 tps=5391 mgps=541.1 avgBps=35.20 avgTps=5574 avgMGps=533.2 elapsed=5h56m48s
Oct 01 14:51:48 nimbus-eth1-mainnet-short-benchmark[3524877]: INF 2026-10-01 14:51:48.188+00:00 Imported blocks                            blockNumber=20761857 slot=9970803 blocks=761856 txs=120564314 mgas=11540225 bps=38.03 tps=5695 mgps=577.3 avgBps=35.23 avgTps=5575 avgMGps=533.7 elapsed=6h24s212ms
Oct 01 14:55:11 nimbus-eth1-mainnet-short-benchmark[3524877]: INF 2026-10-01 14:55:11.105+00:00 Imported blocks                            blockNumber=20770049 slot=9979058 blocks=770048 txs=121858083 mgas=11663918 bps=40.37 tps=6375 mgps=609.6 avgBps=35.28 avgTps=5582 avgMGps=534.4 elapsed=6h3m47s
Oct 01 14:58:26 nimbus-eth1-mainnet-short-benchmark[3524877]: INF 2026-10-01 14:58:26.338+00:00 Imported blocks                            blockNumber=20778241 slot=9987307 blocks=778240 txs=123161734 mgas=11787906 bps=41.96 tps=6677 mgps=635.1 avgBps=35.34 avgTps=5592 avgMGps=535.3 elapsed=6h7m2s
Oct 01 15:01:34 nimbus-eth1-mainnet-short-benchmark[3524877]: INF 2026-10-01 15:01:34.927+00:00 Imported blocks                            blockNumber=20786433 slot=9995542 blocks=786432 txs=124509456 mgas=11911612 bps=43.44 tps=7146 mgps=656.0 avgBps=35.41 avgTps=5605 avgMGps=536.3 elapsed=6h10m10s
Oct 01 15:04:50 nimbus-eth1-mainnet-short-benchmark[3524877]: INF 2026-10-01 15:04:50.448+00:00 Imported blocks                            blockNumber=20794625 slot=10003781 blocks=794624 txs=125848921 mgas=12035338 bps=41.90 tps=6850 mgps=632.8 avgBps=35.46 avgTps=5616 avgMGps=537.1 elapsed=6h13m26s
Oct 01 15:08:10 nimbus-eth1-mainnet-short-benchmark[3524877]: INF 2026-10-01 15:08:10.922+00:00 Imported blocks                            blockNumber=20802817 slot=10012028 blocks=802816 txs=127089868 mgas=12158989 bps=40.86 tps=6190 mgps=616.8 avgBps=35.51 avgTps=5621 avgMGps=537.8 elapsed=6h16m46s
Oct 01 15:11:40 nimbus-eth1-mainnet-short-benchmark[3524877]: INF 2026-10-01 15:11:40.931+00:00 Imported blocks                            blockNumber=20811009 slot=10020249 blocks=811008 txs=128299762 mgas=12282850 bps=39.01 tps=5761 mgps=589.8 avgBps=35.54 avgTps=5623 avgMGps=538.3 elapsed=6h20m16s
Oct 01 15:14:54 nimbus-eth1-mainnet-short-benchmark[3524877]: INF 2026-10-01 15:14:54.756+00:00 Imported blocks                            blockNumber=20819201 slot=10028481 blocks=819200 txs=129596319 mgas=12406594 bps=42.27 tps=6689 mgps=638.4 avgBps=35.60 avgTps=5631 avgMGps=539.2 elapsed=6h23m30s
Oct 01 15:18:07 nimbus-eth1-mainnet-short-benchmark[3524877]: INF 2026-10-01 15:18:07.545+00:00 Imported blocks                            blockNumber=20827393 slot=10036710 blocks=827392 txs=130916729 mgas=12530249 bps=42.49 tps=6848 mgps=641.4 avgBps=35.66 avgTps=5642 avgMGps=540.0 elapsed=6h26m43s
Oct 01 15:21:21 nimbus-eth1-mainnet-short-benchmark[3524877]: INF 2026-10-01 15:21:21.746+00:00 Imported blocks                            blockNumber=20835585 slot=10044938 blocks=835584 txs=132226625 mgas=12654070 bps=42.18 tps=6745 mgps=637.6 avgBps=35.71 avgTps=5651 avgMGps=540.8 elapsed=6h29m57s
Oct 01 15:24:48 nimbus-eth1-mainnet-short-benchmark[3524877]: INF 2026-10-01 15:24:48.067+00:00 Imported blocks                            blockNumber=20843777 slot=10053164 blocks=843776 txs=133604192 mgas=12777730 bps=39.71 tps=6676 mgps=599.4 avgBps=35.75 avgTps=5660 avgMGps=541.3 elapsed=6h33m24s
Oct 01 15:28:45 nimbus-eth1-mainnet-short-benchmark[3524877]: INF 2026-10-01 15:28:45.268+00:00 Imported blocks                            blockNumber=20851969 slot=10061391 blocks=851968 txs=134900706 mgas=12901664 bps=34.54 tps=5465 mgps=522.5 avgBps=35.73 avgTps=5658 avgMGps=541.1 elapsed=6h37m21s
Oct 01 15:32:27 nimbus-eth1-mainnet-short-benchmark[3524877]: INF 2026-10-01 15:32:27.765+00:00 Imported blocks                            blockNumber=20860161 slot=10069622 blocks=860160 txs=136168750 mgas=13025603 bps=36.82 tps=5699 mgps=557.0 avgBps=35.74 avgTps=5658 avgMGps=541.3 elapsed=6h41m3s
Oct 01 15:36:07 nimbus-eth1-mainnet-short-benchmark[3524877]: INF 2026-10-01 15:36:07.518+00:00 Imported blocks                            blockNumber=20868353 slot=10077838 blocks=868352 txs=137550724 mgas=13149742 bps=37.28 tps=6288 mgps=564.9 avgBps=35.76 avgTps=5664 avgMGps=541.5 elapsed=6h44m43s
Oct 01 15:39:44 nimbus-eth1-mainnet-short-benchmark[3524877]: INF 2026-10-01 15:39:44.015+00:00 Imported blocks                            blockNumber=20876545 slot=10086066 blocks=876544 txs=138954673 mgas=13273457 bps=37.84 tps=6484 mgps=571.4 avgBps=35.78 avgTps=5671 avgMGps=541.8 elapsed=6h48m20s
Oct 01 15:43:14 nimbus-eth1-mainnet-short-benchmark[3524877]: INF 2026-10-01 15:43:14.092+00:00 Imported blocks                            blockNumber=20884737 slot=10094286 blocks=884736 txs=140256178 mgas=13397479 bps=39.00 tps=6195 mgps=590.4 avgBps=35.80 avgTps=5676 avgMGps=542.2 elapsed=6h51m50s
Oct 01 15:46:38 nimbus-eth1-mainnet-short-benchmark[3524877]: INF 2026-10-01 15:46:38.077+00:00 Imported blocks                            blockNumber=20892929 slot=10102512 blocks=892928 txs=141581868 mgas=13521575 bps=40.16 tps=6498 mgps=608.3 avgBps=35.84 avgTps=5682 avgMGps=542.7 elapsed=6h55m14s
Oct 01 15:50:01 nimbus-eth1-mainnet-short-benchmark[3524877]: INF 2026-10-01 15:50:01.890+00:00 Imported blocks                            blockNumber=20901121 slot=10110732 blocks=901120 txs=142875889 mgas=13645572 bps=40.19 tps=6349 mgps=608.4 avgBps=35.88 avgTps=5688 avgMGps=543.3 elapsed=6h58m37s
Oct 01 15:53:25 nimbus-eth1-mainnet-short-benchmark[3524877]: INF 2026-10-01 15:53:25.471+00:00 Imported blocks                            blockNumber=20909313 slot=10118953 blocks=909312 txs=144102308 mgas=13769390 bps=40.24 tps=6024 mgps=608.2 avgBps=35.91 avgTps=5690 avgMGps=543.8 elapsed=7h2m1s
Oct 01 15:56:44 nimbus-eth1-mainnet-short-benchmark[3524877]: INF 2026-10-01 15:56:44.544+00:00 Imported blocks                            blockNumber=20917505 slot=10127176 blocks=917504 txs=145406349 mgas=13893087 bps=41.15 tps=6550 mgps=621.4 avgBps=35.95 avgTps=5697 avgMGps=544.4 elapsed=7h5m20s
Oct 01 15:59:54 nimbus-eth1-mainnet-short-benchmark[3524877]: INF 2026-10-01 15:59:54.961+00:00 Imported blocks                            blockNumber=20925697 slot=10135394 blocks=925696 txs=146718394 mgas=14016820 bps=43.02 tps=6890 mgps=649.8 avgBps=36.00 avgTps=5706 avgMGps=545.2 elapsed=7h8m30s
Oct 01 16:03:19 nimbus-eth1-mainnet-short-benchmark[3524877]: INF 2026-10-01 16:03:19.483+00:00 Imported blocks                            blockNumber=20933889 slot=10143614 blocks=933888 txs=148049109 mgas=14140625 bps=40.06 tps=6506 mgps=605.3 avgBps=36.04 avgTps=5712 avgMGps=545.6 elapsed=7h11m55s
Oct 01 16:06:37 nimbus-eth1-mainnet-short-benchmark[3524877]: INF 2026-10-01 16:06:37.180+00:00 Imported blocks                            blockNumber=20942081 slot=10151840 blocks=942080 txs=149397364 mgas=14264352 bps=41.44 tps=6819 mgps=625.8 avgBps=36.08 avgTps=5721 avgMGps=546.3 elapsed=7h15m13s
Oct 01 16:09:58 nimbus-eth1-mainnet-short-benchmark[3524877]: INF 2026-10-01 16:09:58.697+00:00 Imported blocks                            blockNumber=20950273 slot=10160098 blocks=950272 txs=150765507 mgas=14388237 bps=40.65 tps=6789 mgps=614.8 avgBps=36.11 avgTps=5729 avgMGps=546.8 elapsed=7h18m34s
Oct 01 16:13:36 nimbus-eth1-mainnet-short-benchmark[3524877]: INF 2026-10-01 16:13:36.642+00:00 Imported blocks                            blockNumber=20958465 slot=10168363 blocks=958464 txs=152044771 mgas=14511987 bps=37.59 tps=5869 mgps=567.8 avgBps=36.12 avgTps=5730 avgMGps=546.9 elapsed=7h22m12s
Oct 01 16:17:04 nimbus-eth1-mainnet-short-benchmark[3524877]: INF 2026-10-01 16:17:04.335+00:00 Imported blocks                            blockNumber=20966657 slot=10176609 blocks=966656 txs=153365296 mgas=14635804 bps=39.44 tps=6358 mgps=596.2 avgBps=36.15 avgTps=5735 avgMGps=547.3 elapsed=7h25m40s
Oct 01 16:20:32 nimbus-eth1-mainnet-short-benchmark[3524877]: INF 2026-10-01 16:20:32.548+00:00 Imported blocks                            blockNumber=20974849 slot=10184849 blocks=974848 txs=154744917 mgas=14759580 bps=39.34 tps=6626 mgps=594.5 avgBps=36.17 avgTps=5742 avgMGps=547.7 elapsed=7h29m8s
Oct 01 16:24:04 nimbus-eth1-mainnet-short-benchmark[3524877]: INF 2026-10-01 16:24:04.433+00:00 Imported blocks                            blockNumber=20983041 slot=10193086 blocks=983040 txs=156055229 mgas=14883451 bps=38.66 tps=6183 mgps=584.6 avgBps=36.19 avgTps=5745 avgMGps=548.0 elapsed=7h32m40s
Oct 01 16:27:12 nimbus-eth1-mainnet-short-benchmark[3524877]: INF 2026-10-01 16:27:12.358+00:00 Imported blocks                            blockNumber=20991233 slot=10201319 blocks=991232 txs=157563202 mgas=15007557 bps=43.59 tps=8024 mgps=660.4 avgBps=36.24 avgTps=5761 avgMGps=548.8 elapsed=7h35m48s
Oct 01 16:30:50 nimbus-eth1-mainnet-short-benchmark[3524877]: INF 2026-10-01 16:30:50.439+00:00 Imported blocks                            blockNumber=20999425 slot=10209549 blocks=999424 txs=159003277 mgas=15131383 bps=37.56 tps=6603 mgps=567.8 avgBps=36.26 avgTps=5767 avgMGps=548.9 elapsed=7h39m26s
Oct 01 16:31:06 nimbus-eth1-mainnet-short-benchmark[3524877]: INF 2026-10-01 16:31:06.187+00:00 Imported blocks                            blockNumber=21000001 slot=10210128 blocks=1000000 txs=159109486 mgas=15140191 bps=36.58 tps=6744 mgps=559.3 avgBps=36.26 avgTps=5768 avgMGps=548.9 elapsed=7h39m42s
Oct 01 16:31:06 nimbus-eth1-mainnet-short-benchmark[3524877]: NTC 2026-10-01 16:31:06.187+00:00 Import complete                            blockNumber=21000001 slot=10210128 blocks=1000000 txs=159109486 mgas=15140191
Oct 01 16:31:07 nimbus-eth1-mainnet-short-benchmark[3495754]: <<< ending startNimbusWithImport (success)
Oct 01 16:31:07 nimbus-eth1-mainnet-short-benchmark[3495754]: >>> starting moveBenchmarkingFileToRepo
Oct 01 16:31:07 nimbus-eth1-mainnet-short-benchmark[3495754]: >>> copying debug-csv generated by nimbus to benchmarks repo
Oct 01 16:31:07 nimbus-eth1-mainnet-short-benchmark[3495754]: <<< ending moveBenchmarkingFileToRepo (success)
Oct 01 16:31:07 nimbus-eth1-mainnet-short-benchmark[3495754]: >>> starting generateBuildEnvironmentLogFile
Oct 01 16:31:16 nimbus-eth1-mainnet-short-benchmark[3495754]: <<< ending generateBuildEnvironmentLogFile (success)
Oct 01 16:31:16 nimbus-eth1-mainnet-short-benchmark[3495754]: >>> starting generateSystemdServiceLogs
