Aug 25 05:17:38 nimbus-eth1-mainnet-short-benchmark[3673374]: >>> starting cloneOrFetchBenchmarksRepo
Aug 25 05:17:38 nimbus-eth1-mainnet-short-benchmark[3673374]: >>> Fetching latest changes for nimbus-eth1-benchmarks...
Aug 25 05:17:40 nimbus-eth1-mainnet-short-benchmark[3673434]: HEAD is now at 9b1c830 chore: update short benchmark Readme
Aug 25 05:17:40 nimbus-eth1-mainnet-short-benchmark[3673374]: <<< ending cloneOrFetchBenchmarksRepo (success)
Aug 25 05:17:40 nimbus-eth1-mainnet-short-benchmark[3673374]: >>> starting cloneOrFetchNimbusRepo
Aug 25 05:17:52 nimbus-eth1-mainnet-short-benchmark[3673374]: >>> Fetching latest changes for nimbus-eth1...
Aug 25 05:17:53 nimbus-eth1-mainnet-short-benchmark[3673792]: From https://github.com/status-im/nimbus-eth1
Aug 25 05:17:53 nimbus-eth1-mainnet-short-benchmark[3673792]:    741f55fce..585d3c771  master     -> origin/master
Aug 25 05:17:53 nimbus-eth1-mainnet-short-benchmark[3673792]:    abb589fa4..0f7ed4280  ssz-rest   -> origin/ssz-rest
Aug 25 05:17:53 nimbus-eth1-mainnet-short-benchmark[3673792]: Fetching submodule vendor/nimbus-eth2
Aug 25 05:17:54 nimbus-eth1-mainnet-short-benchmark[3673792]: From https://github.com/status-im/nimbus-eth2
Aug 25 05:17:54 nimbus-eth1-mainnet-short-benchmark[3673792]:  * [new branch]          dependabot/submodules/unstable/vendor/glamsterdam-devnets-7c99bf8 -> origin/dependabot/submodules/unstable/vendor/glamsterdam-devnets-7c99bf8
Aug 25 05:17:54 nimbus-eth1-mainnet-short-benchmark[3673792]:  * [new branch]          dependabot/submodules/unstable/vendor/nim-boringssl-346429e -> origin/dependabot/submodules/unstable/vendor/nim-boringssl-346429e
Aug 25 05:17:54 nimbus-eth1-mainnet-short-benchmark[3673792]:  * [new branch]          dependabot/submodules/unstable/vendor/nim-ssz-serialization-aa43e33 -> origin/dependabot/submodules/unstable/vendor/nim-ssz-serialization-aa43e33
Aug 25 05:17:54 nimbus-eth1-mainnet-short-benchmark[3673792]:  + 019f47fba...8800f030b dev/etan/ae-returnstrain -> origin/dev/etan/ae-returnstrain  (forced update)
Aug 25 05:17:54 nimbus-eth1-mainnet-short-benchmark[3673792]:    ecfd3dd10..20fc4392c  dev/etan/vc-deprootcache -> origin/dev/etan/vc-deprootcache
Aug 25 05:17:54 nimbus-eth1-mainnet-short-benchmark[3673792]:    0e8f1c5ab..209531690  engine-ssz-api -> origin/engine-ssz-api
Aug 25 05:17:54 nimbus-eth1-mainnet-short-benchmark[3673792]:    8716df371..d1d130707  pm             -> origin/pm
Aug 25 05:17:54 nimbus-eth1-mainnet-short-benchmark[3673792]:  * [new branch]          psk            -> origin/psk
Aug 25 05:17:54 nimbus-eth1-mainnet-short-benchmark[3673792]:    0ed4c1b20..79fda84dd  tcq            -> origin/tcq
Aug 25 05:17:54 nimbus-eth1-mainnet-short-benchmark[3673792]:  * [new branch]          test-boringssl -> origin/test-boringssl
Aug 25 05:17:54 nimbus-eth1-mainnet-short-benchmark[3673792]:    bb3dda034..06fee180e  testing        -> origin/testing
Aug 25 05:17:54 nimbus-eth1-mainnet-short-benchmark[3673792]:    8d42ae17d..7acd21113  unstable       -> origin/unstable
Aug 25 05:17:54 nimbus-eth1-mainnet-short-benchmark[3673792]: fatal: exec 'rev-list': cd to 'vendor/nim-eth' failed: No such file or directory
Aug 25 05:17:54 nimbus-eth1-mainnet-short-benchmark[3673792]: fatal: exec 'rev-list': cd to 'vendor/nim-json-rpc' failed: No such file or directory
Aug 25 05:17:55 nimbus-eth1-mainnet-short-benchmark[3673792]: Fetching submodule vendor/nimbus-eth2/vendor/nim-boringssl
Aug 25 05:17:55 nimbus-eth1-mainnet-short-benchmark[3673792]: From https://github.com/vacp2p/nim-boringssl
Aug 25 05:17:55 nimbus-eth1-mainnet-short-benchmark[3673792]:  * [new branch]      fix/boringssl-use-asm -> origin/fix/boringssl-use-asm
Aug 25 05:17:55 nimbus-eth1-mainnet-short-benchmark[3673792]:  * [new branch]      fix/downstream-compat-ci -> origin/fix/downstream-compat-ci
Aug 25 05:17:55 nimbus-eth1-mainnet-short-benchmark[3673792]:    c8d41fc..346429e  master                -> origin/master
Aug 25 05:17:55 nimbus-eth1-mainnet-short-benchmark[3673792]:  * [new tag]         v0.0.11               -> v0.0.11
Aug 25 05:17:55 nimbus-eth1-mainnet-short-benchmark[3673792]: Fetching submodule vendor/nimbus-eth2/vendor/nim-chronos
Aug 25 05:17:57 nimbus-eth1-mainnet-short-benchmark[3673792]: From https://github.com/status-im/nim-chronos
Aug 25 05:17:57 nimbus-eth1-mainnet-short-benchmark[3673792]:  * [new branch]      dev/etan/ae-fddup2 -> origin/dev/etan/ae-fddup2
Aug 25 05:17:57 nimbus-eth1-mainnet-short-benchmark[3673792]:    efe7248..1b3c95e  dev/etan/ae-returnstrain -> origin/dev/etan/ae-returnstrain
Aug 25 05:17:57 nimbus-eth1-mainnet-short-benchmark[3673792]:  + 9a24aee...fbfefc5 gh-pages           -> origin/gh-pages  (forced update)
Aug 25 05:17:57 nimbus-eth1-mainnet-short-benchmark[3673792]:    ebb6468..44742ad  master             -> origin/master
Aug 25 05:17:57 nimbus-eth1-mainnet-short-benchmark[3673792]:  * [new branch]      test-minver        -> origin/test-minver
Aug 25 05:17:57 nimbus-eth1-mainnet-short-benchmark[3673792]:  * [new branch]      update-deps        -> origin/update-deps
Aug 25 05:17:57 nimbus-eth1-mainnet-short-benchmark[3673792]:  * [new branch]      update-deps-4.0    -> origin/update-deps-4.0
Aug 25 05:17:57 nimbus-eth1-mainnet-short-benchmark[3673792]:  * [new branch]      update-deps-4.2    -> origin/update-deps-4.2
Aug 25 05:17:57 nimbus-eth1-mainnet-short-benchmark[3673792]: Fetching submodule vendor/nimbus-eth2/vendor/nim-eth
Aug 25 05:17:58 nimbus-eth1-mainnet-short-benchmark[3673792]: From https://github.com/status-im/nim-eth
Aug 25 05:17:58 nimbus-eth1-mainnet-short-benchmark[3673792]:    3cda902..c3d1ad4  master      -> origin/master
Aug 25 05:17:58 nimbus-eth1-mainnet-short-benchmark[3673792]:  * [new branch]      test-minver -> origin/test-minver
Aug 25 05:17:58 nimbus-eth1-mainnet-short-benchmark[3673792]:  * [new tag]         v0.9.1      -> v0.9.1
Aug 25 05:17:58 nimbus-eth1-mainnet-short-benchmark[3673792]: Fetching submodule vendor/nimbus-eth2/vendor/nim-json-rpc
Aug 25 05:17:59 nimbus-eth1-mainnet-short-benchmark[3673792]: From https://github.com/status-im/nim-json-rpc
Aug 25 05:17:59 nimbus-eth1-mainnet-short-benchmark[3673792]:  * [new branch]      test-minver -> origin/test-minver
Aug 25 05:17:59 nimbus-eth1-mainnet-short-benchmark[3673792]: Fetching submodule vendor/nimbus-eth2/vendor/nim-libp2p
Aug 25 05:18:00 nimbus-eth1-mainnet-short-benchmark[3673792]: From https://github.com/vacp2p/nim-libp2p
Aug 25 05:18:00 nimbus-eth1-mainnet-short-benchmark[3673792]:  * [new branch]          fix-message-encode -> origin/fix-message-encode
Aug 25 05:18:00 nimbus-eth1-mainnet-short-benchmark[3673792]:    5751a60f1..91c4b30b7  gh-pages           -> origin/gh-pages
Aug 25 05:18:00 nimbus-eth1-mainnet-short-benchmark[3673792]:    c7bed9bef..d1b1ad814  master             -> origin/master
Aug 25 05:18:00 nimbus-eth1-mainnet-short-benchmark[3673792]:    7d779190d..5724d66cf  release/v2.1       -> origin/release/v2.1
Aug 25 05:18:00 nimbus-eth1-mainnet-short-benchmark[3673792]:    95d3925db..d6c4f7f2c  release/v2.2       -> origin/release/v2.2
Aug 25 05:18:00 nimbus-eth1-mainnet-short-benchmark[3673792]:    15af9c59b..fc4169749  release/v2.3       -> origin/release/v2.3
Aug 25 05:18:00 nimbus-eth1-mainnet-short-benchmark[3673792]:  * [new branch]          test-autotls-13    -> origin/test-autotls-13
Aug 25 05:18:00 nimbus-eth1-mainnet-short-benchmark[3673792]:  * [new branch]          test-autotls-14    -> origin/test-autotls-14
Aug 25 05:18:00 nimbus-eth1-mainnet-short-benchmark[3673792]:  * [new branch]          test-nimble        -> origin/test-nimble
Aug 25 05:18:00 nimbus-eth1-mainnet-short-benchmark[3673792]: Fetching submodule vendor/nimbus-eth2/vendor/nim-ssz-serialization
Aug 25 05:18:01 nimbus-eth1-mainnet-short-benchmark[3673792]: From https://github.com/status-im/nim-ssz-serialization
Aug 25 05:18:01 nimbus-eth1-mainnet-short-benchmark[3673792]:    a7a00c8..aa43e33  master     -> origin/master
Aug 25 05:18:01 nimbus-eth1-mainnet-short-benchmark[3673896]: HEAD is now at 585d3c771 build(deps): bump vendor/nim-json-rpc from `6f1fff8` to `07a7e2f` (#4669)
Aug 25 05:18:01 nimbus-eth1-mainnet-short-benchmark[3673374]: >>> Found last benchmarked commit: 3d47c509
Aug 25 05:18:01 nimbus-eth1-mainnet-short-benchmark[3673374]: >>> Using next commit: 490c7b3fe4a4ecebdf0972a13b57949320120531
Aug 25 05:18:01 nimbus-eth1-mainnet-short-benchmark[3673912]: HEAD is now at 490c7b3fe Stateless: align SSZ types with progressive-list updated specs (#4585)
Aug 25 05:18:01 nimbus-eth1-mainnet-short-benchmark[3673374]: >>> Current commit: 490c7b3fe
Aug 25 05:18:01 nimbus-eth1-mainnet-short-benchmark[3673374]: <<< ending cloneOrFetchNimbusRepo (success)
Aug 25 05:18:01 nimbus-eth1-mainnet-short-benchmark[3673374]: >>> starting buildBinaries
Aug 25 05:18:01 nimbus-eth1-mainnet-short-benchmark[3673374]: >>> Building binaries for commit 490c7b3f...
Aug 25 05:18:15 nimbus-eth1-mainnet-short-benchmark[3679410]: Building: Nim compiler
Aug 25 05:21:09 nimbus-eth1-mainnet-short-benchmark[3679410]: Building custom Nimble commit: 42ef70c2102a942c46f13eb76872326edd525cec
Aug 25 05:21:19 nimbus-eth1-mainnet-short-benchmark[3679410]: Building Nimble...
Aug 25 05:21:29 nimbus-eth1-mainnet-short-benchmark[3679410]: Replacing nimble binary...
Aug 25 05:21:36 nimbus-eth1-mainnet-short-benchmark[3695755]: cp: cannot stat '/data/status-im/nimbus-eth1/build/*': No such file or directory
Aug 25 05:21:36 nimbus-eth1-mainnet-short-benchmark[3695732]: ROCKSDB VERSION NOT FOUND
Aug 25 05:21:36 nimbus-eth1-mainnet-short-benchmark[3695884]: make[1]: Entering directory '/data/status-im/nimbus-eth1/vendor/nim-rocksdb/vendor/rocksdb'
Aug 25 05:21:36 nimbus-eth1-mainnet-short-benchmark[3695884]: $DEBUG_LEVEL is 0, $LIB_MODE is static
Aug 25 05:21:37 nimbus-eth1-mainnet-short-benchmark[3695884]: make[1]: Leaving directory '/data/status-im/nimbus-eth1/vendor/nim-rocksdb/vendor/rocksdb'
Aug 25 05:21:37 nimbus-eth1-mainnet-short-benchmark[3696329]: Cleaning up RocksDb build artifacts.
Aug 25 05:21:38 nimbus-eth1-mainnet-short-benchmark[3695758]: Building RocksDb static libraries.
Aug 25 05:24:50 nimbus-eth1-mainnet-short-benchmark[3699866]: Building: build/nimbus_execution_client
Aug 25 05:27:24 nimbus-eth1-mainnet-short-benchmark[3673374]: >>> renaming binaries to match commit they were built from
Aug 25 05:27:24 nimbus-eth1-mainnet-short-benchmark[3673374]: >>> creating a symbolic link to the latest version
Aug 25 05:27:24 nimbus-eth1-mainnet-short-benchmark[3673374]: >>> deleting copies that are older than N days
Aug 25 05:27:24 nimbus-eth1-mainnet-short-benchmark[3673374]: <<< ending buildBinaries (success)
Aug 25 05:27:24 nimbus-eth1-mainnet-short-benchmark[3673374]: >>> starting skipOrContinueBenchmark
Aug 25 05:27:24 nimbus-eth1-mainnet-short-benchmark[3673374]: <<< ending skipOrContinueBenchmark (success)
Aug 25 05:27:24 nimbus-eth1-mainnet-short-benchmark[3673374]: >>> starting copyTemplateDatabase
Aug 25 05:27:24 nimbus-eth1-mainnet-short-benchmark[3673374]: >>> Copying template db into nimbus data directory
Aug 25 05:30:29 nimbus-eth1-mainnet-short-benchmark[3673374]: >>> Template db copied
Aug 25 05:30:29 nimbus-eth1-mainnet-short-benchmark[3673374]: >>> making nimbus the owner of the copied files
Aug 25 05:30:29 nimbus-eth1-mainnet-short-benchmark[3673374]: <<< ending copyTemplateDatabase (success)
Aug 25 05:30:29 nimbus-eth1-mainnet-short-benchmark[3673374]: >>> starting startNimbusWithImport
Aug 25 05:30:29 nimbus-eth1-mainnet-short-benchmark[3705530]: INF 2026-08-25 05:30:29.403+00:00 Launching execution client                 version=v0.4.0-490c7b3f config="(configFile: none(InputFile), dataDirFlag: some(/data/status-im/nimbus-eth1/data/shared_mainnet_0), era1DirFlag: some(/data/era1), eraDirFlag: some(/data/era), ereDirFlag: none(OutDir), keyStoreDirFlag: none(OutDir), importKey: , trustedSetupFile: none(string), extraData: Nimbus/v0.4.0-490c7b3f, gasLimit: none(uint64), maxBlobs: none(byte), network: [mainnet], logLevel: INFO, logFormat: auto, metricsEnabled: false, metricsPort: 9093, metricsAddress: 127.0.0.1, bootstrapNodes: [], elBootstrapNodes: [], bootstrapFile: , elBootstrapFile: , staticPeers: [], staticPeersFile: , reconnectMaxRetry: 0, reconnectInterval: 15, listenAddress: ::, tcpPort: 30303, udpPortFlag: none(Port), maxPeersOpt: none(int), elMaxPeersOpt: none(int), nat: (hasExtIp: false, nat: NatAny), discv5: true, netKey: random, agentString: Nimbus/v0.4.0-490c7b3f/linux-amd64/Nim-2.2.10, numThreads: 0, persistBatchSize: 4, dynamicBatchSize: false, rocksdbMaxOpenFiles: 2048, rocksdbWriteBufferSize: 67108864, rocksdbRowCacheSize: 0, rocksdbBlockCacheSize: 2147483648, rocksdbBlockCacheType: hyperclock, rdbVtxCacheSize: 536870912, rdbKeyCacheSize: 1342177280, rdbBranchCacheSize: 1073741824, rdbPrintStats: false, rewriteDatadirId: true, aristoDbMaxSnapshots: 5, parallelStateRootComputation: false, parallelSenderRecovery: true, optimisticStatePrefetch: false, balStatePrefetch: false, balStatePrefetchWorkers: 0, balParallelExecution: false, eagerStateRootCheck: false, deserializeFcState: true, statelessProvider: false, statelessWitnessValidation: false, cmd: import, maxBlocks: 1000000, chunkSize: 8192, csvStats: some("/data/host-benchmarks/short/1fd19a58294140d996c5e960dde42048/blocks-import-benchmark.csv"), validation: false, fullValidation: false, storeBodies: false, storeReceipts: false, storeSlotHashes: false)"
Aug 25 05:30:29 nimbus-eth1-mainnet-short-benchmark[3705530]: WRN 2026-08-25 05:30:29.407+00:00 Data directory has insecure permissions. Correcting them. data_dir=/data/status-im/nimbus-eth1/data/shared_mainnet_0 current_permissions=0755 required_permissions=0700
Aug 25 05:30:31 nimbus-eth1-mainnet-short-benchmark[3705530]: INF 2026-08-25 05:30:31.323+00:00 Taskpool started                           numThreads=16
Aug 25 05:30:31 nimbus-eth1-mainnet-short-benchmark[3705530]: INF 2026-08-25 05:30:31.451+00:00 Writing data dir ID                        ID=0x0a036d6f6dfe59156bb6359f0243c93d5a421ed688de5aa85a62d15dca8dbd5c
Aug 25 05:30:31 nimbus-eth1-mainnet-short-benchmark[3705530]: INF 2026-08-25 05:30:31.475+00:00 Database initialized                       base="(0xd24fd73f794058a3807db926d8898c6481e902b7edb91ce0d479d6760f276183, 20000000)" finalized="(0xd24fd73f794058a3807db926d8898c6481e902b7edb91ce0d479d6760f276183, 20000000)" head="(0xd4e56740f876aef8c010b86a40d5f56745a118d0906a34e69aec8c0db1cb8fa3, 0)"
Aug 25 05:30:31 nimbus-eth1-mainnet-short-benchmark[3705530]: NTC 2026-08-25 05:30:31.479+00:00 Could not open ere database, falling back to era1/era import ereDir=/data/status-im/nimbus-eth1/data/shared_mainnet_0/ere networkName=mainnet error="No ere files found in /data/status-im/nimbus-eth1/data/shared_mainnet_0/ere"
Aug 25 05:30:31 nimbus-eth1-mainnet-short-benchmark[3705530]: NTC 2026-08-25 05:30:31.479+00:00 Importing era archive                      blockNumber=20000001 dataDir=/data/status-im/nimbus-eth1/data/shared_mainnet_0 eraDir=/data/era
Aug 25 05:30:33 nimbus-eth1-mainnet-short-benchmark[3705530]: NTC 2026-08-25 05:30:33.771+00:00 Matched block to slot number               blockNumber=20000001 slot=9204783
Aug 25 05:36:49 nimbus-eth1-mainnet-short-benchmark[3705530]: INF 2026-08-25 05:36:49.029+00:00 Imported blocks                            blockNumber=20008193 slot=9213020 blocks=8192 txs=1226966 mgas=124237 bps=21.70 tps=3249 mgps=329.1 avgBps=21.70 avgTps=3249 avgMGps=329.1 elapsed=6m17s555ms
Aug 25 05:42:25 nimbus-eth1-mainnet-short-benchmark[3705530]: INF 2026-08-25 05:42:25.261+00:00 Imported blocks                            blockNumber=20016385 slot=9221256 blocks=16384 txs=2540380 mgas=248071 bps=24.36 tps=3906 mgps=368.3 avgBps=22.95 avgTps=3559 avgMGps=347.5 elapsed=11m53s788ms
Aug 25 05:47:44 nimbus-eth1-mainnet-short-benchmark[3705530]: INF 2026-08-25 05:47:44.384+00:00 Imported blocks                            blockNumber=20024577 slot=9229485 blocks=24576 txs=3869398 mgas=372018 bps=25.67 tps=4164 mgps=388.4 avgBps=23.79 avgTps=3746 avgMGps=360.2 elapsed=17m12s904ms
Aug 25 05:52:32 nimbus-eth1-mainnet-short-benchmark[3705530]: INF 2026-08-25 05:52:32.044+00:00 Imported blocks                            blockNumber=20032769 slot=9237722 blocks=32768 txs=5222766 mgas=495797 bps=28.48 tps=4704 mgps=430.3 avgBps=24.81 avgTps=3954 avgMGps=375.4 elapsed=22m564ms322us
Aug 25 05:57:10 nimbus-eth1-mainnet-short-benchmark[3705530]: INF 2026-08-25 05:57:10.656+00:00 Imported blocks                            blockNumber=20040961 slot=9245957 blocks=40960 txs=6566802 mgas=619586 bps=29.40 tps=4824 mgps=444.3 avgBps=25.61 avgTps=4106 avgMGps=387.4 elapsed=26m39s178ms
Aug 25 06:02:05 nimbus-eth1-mainnet-short-benchmark[3705530]: INF 2026-08-25 06:02:05.172+00:00 Imported blocks                            blockNumber=20049153 slot=9254196 blocks=49152 txs=7904746 mgas=743522 bps=27.82 tps=4542 mgps=420.8 avgBps=25.96 avgTps=4174 avgMGps=392.6 elapsed=31m33s696ms
Aug 25 06:06:50 nimbus-eth1-mainnet-short-benchmark[3705530]: INF 2026-08-25 06:06:50.464+00:00 Imported blocks                            blockNumber=20057345 slot=9262435 blocks=57344 txs=9212009 mgas=867360 bps=28.71 tps=4582 mgps=434.1 avgBps=26.32 avgTps=4227 avgMGps=398.1 elapsed=36m18s985ms
Aug 25 06:11:17 nimbus-eth1-mainnet-short-benchmark[3705530]: INF 2026-08-25 06:11:17.328+00:00 Imported blocks                            blockNumber=20065537 slot=9270674 blocks=65536 txs=10559018 mgas=991371 bps=30.70 tps=5047 mgps=464.7 avgBps=26.79 avgTps=4317 avgMGps=405.3 elapsed=40m45s848ms
Aug 25 06:15:31 nimbus-eth1-mainnet-short-benchmark[3705530]: INF 2026-08-25 06:15:31.484+00:00 Imported blocks                            blockNumber=20073729 slot=9278910 blocks=73728 txs=11898676 mgas=1115111 bps=32.23 tps=5270 mgps=486.9 avgBps=27.31 avgTps=4406 avgMGps=413.0 elapsed=45m9ms107us
Aug 25 06:19:33 nimbus-eth1-mainnet-short-benchmark[3705530]: INF 2026-08-25 06:19:33.377+00:00 Imported blocks                            blockNumber=20081921 slot=9287152 blocks=81920 txs=13323263 mgas=1239150 bps=33.87 tps=5889 mgps=512.8 avgBps=27.85 avgTps=4528 avgMGps=421.2 elapsed=49m1s902ms
Aug 25 06:23:34 nimbus-eth1-mainnet-short-benchmark[3705530]: INF 2026-08-25 06:23:34.346+00:00 Imported blocks                            blockNumber=20090113 slot=9295408 blocks=90112 txs=14697082 mgas=1363113 bps=34.00 tps=5701 mgps=514.4 avgBps=28.31 avgTps=4617 avgMGps=428.3 elapsed=53m2s869ms
Aug 25 06:27:51 nimbus-eth1-mainnet-short-benchmark[3705530]: INF 2026-08-25 06:27:51.710+00:00 Imported blocks                            blockNumber=20098305 slot=9303658 blocks=98304 txs=16025683 mgas=1487146 bps=31.83 tps=5162 mgps=481.9 avgBps=28.57 avgTps=4658 avgMGps=432.3 elapsed=57m20s235ms
Aug 25 06:32:19 nimbus-eth1-mainnet-short-benchmark[3705530]: INF 2026-08-25 06:32:19.102+00:00 Imported blocks                            blockNumber=20106497 slot=9311895 blocks=106496 txs=17337157 mgas=1611066 bps=30.64 tps=4904 mgps=463.4 avgBps=28.72 avgTps=4676 avgMGps=434.5 elapsed=1h1m47s
Aug 25 06:36:31 nimbus-eth1-mainnet-short-benchmark[3705530]: INF 2026-08-25 06:36:31.730+00:00 Imported blocks                            blockNumber=20114689 slot=9320146 blocks=114688 txs=18632097 mgas=1735123 bps=32.43 tps=5125 mgps=491.1 avgBps=28.96 avgTps=4704 avgMGps=438.1 elapsed=1h6m255ms
Aug 25 06:40:32 nimbus-eth1-mainnet-short-benchmark[3705530]: INF 2026-08-25 06:40:32.091+00:00 Imported blocks                            blockNumber=20122881 slot=9328409 blocks=122880 txs=19937418 mgas=1859249 bps=34.08 tps=5430 mgps=516.4 avgBps=29.25 avgTps=4746 avgMGps=442.6 elapsed=1h10m615ms
Aug 25 06:44:29 nimbus-eth1-mainnet-short-benchmark[3705530]: INF 2026-08-25 06:44:29.128+00:00 Imported blocks                            blockNumber=20131073 slot=9336660 blocks=131072 txs=21214129 mgas=1983500 bps=34.56 tps=5386 mgps=524.2 avgBps=29.54 avgTps=4780 avgMGps=447.0 elapsed=1h13m57s
Aug 25 06:48:23 nimbus-eth1-mainnet-short-benchmark[3705530]: INF 2026-08-25 06:48:23.420+00:00 Imported blocks                            blockNumber=20139265 slot=9344906 blocks=139264 txs=22579079 mgas=2107571 bps=34.96 tps=5825 mgps=529.5 avgBps=29.81 avgTps=4832 avgMGps=451.1 elapsed=1h17m51s
Aug 25 06:53:02 nimbus-eth1-mainnet-short-benchmark[3705530]: INF 2026-08-25 06:53:02.704+00:00 Imported blocks                            blockNumber=20147457 slot=9353153 blocks=147456 txs=24133322 mgas=2231686 bps=29.33 tps=5565 mgps=444.4 avgBps=29.78 avgTps=4874 avgMGps=450.7 elapsed=1h22m31s
Aug 25 06:57:33 nimbus-eth1-mainnet-short-benchmark[3705530]: INF 2026-08-25 06:57:33.141+00:00 Imported blocks                            blockNumber=20155649 slot=9361407 blocks=155648 txs=25424015 mgas=2356018 bps=30.29 tps=4772 mgps=459.8 avgBps=29.81 avgTps=4868 avgMGps=451.2 elapsed=1h27m1s
Aug 25 07:01:41 nimbus-eth1-mainnet-short-benchmark[3705530]: INF 2026-08-25 07:01:41.373+00:00 Imported blocks                            blockNumber=20163841 slot=9369652 blocks=163840 txs=26749549 mgas=2480207 bps=33.00 tps=5339 mgps=500.3 avgBps=29.95 avgTps=4890 avgMGps=453.4 elapsed=1h31m9s
Aug 25 07:05:43 nimbus-eth1-mainnet-short-benchmark[3705530]: INF 2026-08-25 07:05:43.566+00:00 Imported blocks                            blockNumber=20172033 slot=9377892 blocks=172032 txs=28105316 mgas=2604026 bps=33.82 tps=5597 mgps=511.2 avgBps=30.12 avgTps=4920 avgMGps=455.9 elapsed=1h35m12s
Aug 25 07:09:50 nimbus-eth1-mainnet-short-benchmark[3705530]: INF 2026-08-25 07:09:50.470+00:00 Imported blocks                            blockNumber=20180225 slot=9386128 blocks=180224 txs=29524405 mgas=2728170 bps=33.18 tps=5747 mgps=502.8 avgBps=30.24 avgTps=4954 avgMGps=457.8 elapsed=1h39m18s
Aug 25 07:13:39 nimbus-eth1-mainnet-short-benchmark[3705530]: INF 2026-08-25 07:13:39.915+00:00 Imported blocks                            blockNumber=20188417 slot=9394365 blocks=188416 txs=30849021 mgas=2852023 bps=35.70 tps=5773 mgps=539.8 avgBps=30.45 avgTps=4984 avgMGps=460.9 elapsed=1h43m8s
Aug 25 07:17:55 nimbus-eth1-mainnet-short-benchmark[3705530]: INF 2026-08-25 07:17:55.519+00:00 Imported blocks                            blockNumber=20196609 slot=9402602 blocks=196608 txs=32174755 mgas=2976155 bps=32.05 tps=5186 mgps=485.6 avgBps=30.51 avgTps=4992 avgMGps=461.8 elapsed=1h47m24s
Aug 25 07:22:26 nimbus-eth1-mainnet-short-benchmark[3705530]: INF 2026-08-25 07:22:26.223+00:00 Imported blocks                            blockNumber=20204801 slot=9410840 blocks=204800 txs=33475942 mgas=3100410 bps=30.26 tps=4806 mgps=459.0 avgBps=30.50 avgTps=4985 avgMGps=461.7 elapsed=1h51m54s
Aug 25 07:26:34 nimbus-eth1-mainnet-short-benchmark[3705530]: INF 2026-08-25 07:26:34.936+00:00 Imported blocks                            blockNumber=20212993 slot=9419071 blocks=212992 txs=34798508 mgas=3224370 bps=32.94 tps=5317 mgps=498.4 avgBps=30.59 avgTps=4997 avgMGps=463.0 elapsed=1h56m3s
Aug 25 07:30:38 nimbus-eth1-mainnet-short-benchmark[3705530]: INF 2026-08-25 07:30:38.928+00:00 Imported blocks                            blockNumber=20221185 slot=9427313 blocks=221184 txs=36114045 mgas=3348169 bps=33.57 tps=5391 mgps=507.4 avgBps=30.69 avgTps=5010 avgMGps=464.5 elapsed=2h7s452ms
Aug 25 07:34:22 nimbus-eth1-mainnet-short-benchmark[3705530]: INF 2026-08-25 07:34:22.325+00:00 Imported blocks                            blockNumber=20229377 slot=9435549 blocks=229376 txs=37421794 mgas=3472031 bps=36.67 tps=5853 mgps=554.4 avgBps=30.87 avgTps=5036 avgMGps=467.2 elapsed=2h3m50s
Aug 25 07:38:16 nimbus-eth1-mainnet-short-benchmark[3705530]: INF 2026-08-25 07:38:16.294+00:00 Imported blocks                            blockNumber=20237569 slot=9443788 blocks=237568 txs=38842064 mgas=3596351 bps=35.01 tps=6070 mgps=531.4 avgBps=30.99 avgTps=5067 avgMGps=469.2 elapsed=2h7m44s
Aug 25 07:42:28 nimbus-eth1-mainnet-short-benchmark[3705530]: INF 2026-08-25 07:42:28.406+00:00 Imported blocks                            blockNumber=20245761 slot=9452021 blocks=245760 txs=40225739 mgas=3720100 bps=32.49 tps=5488 mgps=490.9 avgBps=31.04 avgTps=5080 avgMGps=469.9 elapsed=2h11m56s
Aug 25 07:46:58 nimbus-eth1-mainnet-short-benchmark[3705530]: INF 2026-08-25 07:46:58.210+00:00 Imported blocks                            blockNumber=20253953 slot=9460253 blocks=253952 txs=41454921 mgas=3844385 bps=30.36 tps=4555 mgps=460.7 avgBps=31.02 avgTps=5063 avgMGps=469.6 elapsed=2h16m26s
Aug 25 07:51:13 nimbus-eth1-mainnet-short-benchmark[3705530]: INF 2026-08-25 07:51:13.511+00:00 Imported blocks                            blockNumber=20262145 slot=9468495 blocks=262144 txs=42726051 mgas=3968623 bps=32.09 tps=4978 mgps=486.6 avgBps=31.05 avgTps=5061 avgMGps=470.1 elapsed=2h20m42s
Aug 25 07:55:11 nimbus-eth1-mainnet-short-benchmark[3705530]: INF 2026-08-25 07:55:11.943+00:00 Imported blocks                            blockNumber=20270337 slot=9476748 blocks=270336 txs=44050436 mgas=4092682 bps=34.36 tps=5554 mgps=520.3 avgBps=31.14 avgTps=5074 avgMGps=471.5 elapsed=2h24m40s
Aug 25 07:58:54 nimbus-eth1-mainnet-short-benchmark[3705530]: INF 2026-08-25 07:58:54.076+00:00 Imported blocks                            blockNumber=20278529 slot=9484981 blocks=278528 txs=45382368 mgas=4216487 bps=36.88 tps=5996 mgps=557.3 avgBps=31.29 avgTps=5097 avgMGps=473.6 elapsed=2h28m22s
Aug 25 08:02:42 nimbus-eth1-mainnet-short-benchmark[3705530]: INF 2026-08-25 08:02:42.337+00:00 Imported blocks                            blockNumber=20286721 slot=9493213 blocks=286720 txs=46733429 mgas=4340363 bps=35.89 tps=5918 mgps=542.7 avgBps=31.40 avgTps=5118 avgMGps=475.4 elapsed=2h32m10s
Aug 25 08:06:52 nimbus-eth1-mainnet-short-benchmark[3705530]: INF 2026-08-25 08:06:52.457+00:00 Imported blocks                            blockNumber=20294913 slot=9501453 blocks=294912 txs=48075887 mgas=4464376 bps=32.75 tps=5367 mgps=495.8 avgBps=31.44 avgTps=5124 avgMGps=475.9 elapsed=2h36m20s
Aug 25 08:10:57 nimbus-eth1-mainnet-short-benchmark[3705530]: INF 2026-08-25 08:10:57.586+00:00 Imported blocks                            blockNumber=20303105 slot=9509696 blocks=303104 txs=49379538 mgas=4588534 bps=33.42 tps=5318 mgps=506.5 avgBps=31.49 avgTps=5129 avgMGps=476.7 elapsed=2h40m26s
Aug 25 08:14:56 nimbus-eth1-mainnet-short-benchmark[3705530]: INF 2026-08-25 08:14:56.594+00:00 Imported blocks                            blockNumber=20311297 slot=9517922 blocks=311296 txs=50637672 mgas=4712596 bps=34.28 tps=5264 mgps=519.1 avgBps=31.56 avgTps=5133 avgMGps=477.7 elapsed=2h44m25s
Aug 25 08:18:44 nimbus-eth1-mainnet-short-benchmark[3705530]: INF 2026-08-25 08:18:44.467+00:00 Imported blocks                            blockNumber=20319489 slot=9526159 blocks=319488 txs=51981692 mgas=4836521 bps=35.95 tps=5898 mgps=543.8 avgBps=31.65 avgTps=5150 avgMGps=479.2 elapsed=2h48m12s
Aug 25 08:22:14 nimbus-eth1-mainnet-short-benchmark[3705530]: INF 2026-08-25 08:22:14.852+00:00 Imported blocks                            blockNumber=20327681 slot=9534381 blocks=327680 txs=53356123 mgas=4960245 bps=38.94 tps=6533 mgps=588.1 avgBps=31.80 avgTps=5178 avgMGps=481.4 elapsed=2h51m43s
Aug 25 08:25:45 nimbus-eth1-mainnet-short-benchmark[3705530]: INF 2026-08-25 08:25:45.365+00:00 Imported blocks                            blockNumber=20335873 slot=9542617 blocks=335872 txs=54719105 mgas=5084025 bps=38.91 tps=6474 mgps=588.0 avgBps=31.95 avgTps=5204 avgMGps=483.6 elapsed=2h55m13s
Aug 25 08:29:33 nimbus-eth1-mainnet-short-benchmark[3705530]: INF 2026-08-25 08:29:33.102+00:00 Imported blocks                            blockNumber=20344065 slot=9550841 blocks=344064 txs=56021853 mgas=5207843 bps=35.97 tps=5720 mgps=543.7 avgBps=32.03 avgTps=5215 avgMGps=484.8 elapsed=2h59m1s
Aug 25 08:33:55 nimbus-eth1-mainnet-short-benchmark[3705530]: INF 2026-08-25 08:33:55.950+00:00 Imported blocks                            blockNumber=20352257 slot=9559072 blocks=352256 txs=57290408 mgas=5332016 bps=31.17 tps=4826 mgps=472.4 avgBps=32.01 avgTps=5206 avgMGps=484.5 elapsed=3h3m24s
Aug 25 08:37:54 nimbus-eth1-mainnet-short-benchmark[3705530]: INF 2026-08-25 08:37:54.535+00:00 Imported blocks                            blockNumber=20360449 slot=9567308 blocks=360448 txs=58543463 mgas=5456201 bps=34.34 tps=5252 mgps=520.5 avgBps=32.06 avgTps=5207 avgMGps=485.3 elapsed=3h7m23s
Aug 25 08:41:43 nimbus-eth1-mainnet-short-benchmark[3705530]: INF 2026-08-25 08:41:43.716+00:00 Imported blocks                            blockNumber=20368641 slot=9575548 blocks=368640 txs=59874056 mgas=5580204 bps=35.74 tps=5805 mgps=541.1 avgBps=32.13 avgTps=5219 avgMGps=486.4 elapsed=3h11m12s
Aug 25 08:45:41 nimbus-eth1-mainnet-short-benchmark[3705530]: INF 2026-08-25 08:45:41.564+00:00 Imported blocks                            blockNumber=20376833 slot=9583774 blocks=376832 txs=61167066 mgas=5704396 bps=34.44 tps=5436 mgps=522.1 avgBps=32.18 avgTps=5223 avgMGps=487.1 elapsed=3h15m10s
Aug 25 08:49:33 nimbus-eth1-mainnet-short-benchmark[3705530]: INF 2026-08-25 08:49:33.741+00:00 Imported blocks                            blockNumber=20385025 slot=9592009 blocks=385024 txs=62480333 mgas=5828235 bps=35.28 tps=5656 mgps=533.4 avgBps=32.24 avgTps=5231 avgMGps=488.0 elapsed=3h19m2s
Aug 25 08:53:24 nimbus-eth1-mainnet-short-benchmark[3705530]: INF 2026-08-25 08:53:24.942+00:00 Imported blocks                            blockNumber=20393217 slot=9600248 blocks=393216 txs=63800597 mgas=5952136 bps=35.43 tps=5710 mgps=535.9 avgBps=32.30 avgTps=5240 avgMGps=488.9 elapsed=3h22m53s
Aug 25 08:57:08 nimbus-eth1-mainnet-short-benchmark[3705530]: INF 2026-08-25 08:57:08.090+00:00 Imported blocks                            blockNumber=20401409 slot=9608486 blocks=401408 txs=65021243 mgas=6076384 bps=36.71 tps=5470 mgps=556.8 avgBps=32.38 avgTps=5245 avgMGps=490.2 elapsed=3h26m36s
Aug 25 09:01:05 nimbus-eth1-mainnet-short-benchmark[3705530]: INF 2026-08-25 09:01:05.447+00:00 Imported blocks                            blockNumber=20409601 slot=9616707 blocks=409600 txs=66199016 mgas=6200666 bps=34.51 tps=4961 mgps=523.6 avgBps=32.42 avgTps=5239 avgMGps=490.8 elapsed=3h30m33s
Aug 25 09:04:54 nimbus-eth1-mainnet-short-benchmark[3705530]: INF 2026-08-25 09:04:54.932+00:00 Imported blocks                            blockNumber=20417793 slot=9624941 blocks=417792 txs=67453930 mgas=6324823 bps=35.70 tps=5468 mgps=541.0 avgBps=32.48 avgTps=5243 avgMGps=491.7 elapsed=3h34m23s
Aug 25 09:08:16 nimbus-eth1-mainnet-short-benchmark[3705530]: INF 2026-08-25 09:08:16.949+00:00 Imported blocks                            blockNumber=20425985 slot=9633187 blocks=425984 txs=68814904 mgas=6448778 bps=40.55 tps=6736 mgps=613.6 avgBps=32.60 avgTps=5266 avgMGps=493.6 elapsed=3h37m45s
Aug 25 09:11:39 nimbus-eth1-mainnet-short-benchmark[3705530]: INF 2026-08-25 09:11:39.978+00:00 Imported blocks                            blockNumber=20434177 slot=9641422 blocks=434176 txs=70124508 mgas=6572711 bps=40.35 tps=6450 mgps=610.4 avgBps=32.72 avgTps=5285 avgMGps=495.4 elapsed=3h41m8s
Aug 25 09:15:12 nimbus-eth1-mainnet-short-benchmark[3705530]: INF 2026-08-25 09:15:12.451+00:00 Imported blocks                            blockNumber=20442369 slot=9649657 blocks=442368 txs=71403576 mgas=6696451 bps=38.56 tps=6019 mgps=582.4 avgBps=32.81 avgTps=5296 avgMGps=496.7 elapsed=3h44m40s
Aug 25 09:19:06 nimbus-eth1-mainnet-short-benchmark[3705530]: INF 2026-08-25 09:19:06.524+00:00 Imported blocks                            blockNumber=20450561 slot=9657896 blocks=450560 txs=72659905 mgas=6820521 bps=35.00 tps=5367 mgps=530.1 avgBps=32.85 avgTps=5297 avgMGps=497.3 elapsed=3h48m35s
Aug 25 09:23:20 nimbus-eth1-mainnet-short-benchmark[3705530]: INF 2026-08-25 09:23:20.552+00:00 Imported blocks                            blockNumber=20458753 slot=9666114 blocks=458752 txs=73838533 mgas=6945116 bps=32.25 tps=4639 mgps=490.5 avgBps=32.84 avgTps=5285 avgMGps=497.2 elapsed=3h52m49s
Aug 25 09:27:12 nimbus-eth1-mainnet-short-benchmark[3705530]: INF 2026-08-25 09:27:12.021+00:00 Imported blocks                            blockNumber=20466945 slot=9674343 blocks=466944 txs=75124748 mgas=7068943 bps=35.39 tps=5556 mgps=534.9 avgBps=32.88 avgTps=5290 avgMGps=497.8 elapsed=3h56m40s
Aug 25 09:31:00 nimbus-eth1-mainnet-short-benchmark[3705530]: INF 2026-08-25 09:31:00.589+00:00 Imported blocks                            blockNumber=20475137 slot=9682575 blocks=475136 txs=76420106 mgas=7192870 bps=35.84 tps=5667 mgps=542.2 avgBps=32.93 avgTps=5296 avgMGps=498.5 elapsed=4h29s115ms
Aug 25 09:34:40 nimbus-eth1-mainnet-short-benchmark[3705530]: INF 2026-08-25 09:34:40.202+00:00 Imported blocks                            blockNumber=20483329 slot=9690800 blocks=483328 txs=77675422 mgas=7316939 bps=37.30 tps=5716 mgps=564.9 avgBps=32.99 avgTps=5302 avgMGps=499.5 elapsed=4h4m8s
Aug 25 09:38:16 nimbus-eth1-mainnet-short-benchmark[3705530]: INF 2026-08-25 09:38:16.667+00:00 Imported blocks                            blockNumber=20491521 slot=9699019 blocks=491520 txs=78951232 mgas=7440784 bps=37.84 tps=5893 mgps=572.1 avgBps=33.07 avgTps=5311 avgMGps=500.6 elapsed=4h7m45s
Aug 25 09:42:09 nimbus-eth1-mainnet-short-benchmark[3705530]: INF 2026-08-25 09:42:09.104+00:00 Imported blocks                            blockNumber=20499713 slot=9707248 blocks=499712 txs=80189642 mgas=7564669 bps=35.24 tps=5327 mgps=533.0 avgBps=33.10 avgTps=5311 avgMGps=501.1 elapsed=4h11m37s
Aug 25 09:46:07 nimbus-eth1-mainnet-short-benchmark[3705530]: INF 2026-08-25 09:46:07.001+00:00 Imported blocks                            blockNumber=20507905 slot=9715488 blocks=507904 txs=81317763 mgas=7689208 bps=34.43 tps=4741 mgps=523.5 avgBps=33.12 avgTps=5302 avgMGps=501.4 elapsed=4h15m35s
Aug 25 09:49:38 nimbus-eth1-mainnet-short-benchmark[3705530]: INF 2026-08-25 09:49:38.074+00:00 Imported blocks                            blockNumber=20516097 slot=9723715 blocks=516096 txs=82520262 mgas=7813209 bps=38.81 tps=5697 mgps=587.5 avgBps=33.20 avgTps=5307 avgMGps=502.6 elapsed=4h19m6s
Aug 25 09:53:22 nimbus-eth1-mainnet-short-benchmark[3705530]: INF 2026-08-25 09:53:22.098+00:00 Imported blocks                            blockNumber=20524289 slot=9731945 blocks=524288 txs=83780075 mgas=7937233 bps=36.57 tps=5623 mgps=553.6 avgBps=33.24 avgTps=5312 avgMGps=503.3 elapsed=4h22m50s
Aug 25 09:57:06 nimbus-eth1-mainnet-short-benchmark[3705530]: INF 2026-08-25 09:57:06.963+00:00 Imported blocks                            blockNumber=20532481 slot=9740183 blocks=532480 txs=85263862 mgas=8061024 bps=36.43 tps=6598 mgps=550.5 avgBps=33.29 avgTps=5330 avgMGps=504.0 elapsed=4h26m35s
Aug 25 10:00:59 nimbus-eth1-mainnet-short-benchmark[3705530]: INF 2026-08-25 10:00:59.244+00:00 Imported blocks                            blockNumber=20540673 slot=9748418 blocks=540672 txs=86612143 mgas=8185090 bps=35.27 tps=5804 mgps=534.1 avgBps=33.32 avgTps=5337 avgMGps=504.4 elapsed=4h30m27s
Aug 25 10:04:58 nimbus-eth1-mainnet-short-benchmark[3705530]: INF 2026-08-25 10:04:58.768+00:00 Imported blocks                            blockNumber=20548865 slot=9756662 blocks=548864 txs=87802991 mgas=8309513 bps=34.20 tps=4971 mgps=519.5 avgBps=33.33 avgTps=5331 avgMGps=504.6 elapsed=4h34m27s
Aug 25 10:08:56 nimbus-eth1-mainnet-short-benchmark[3705530]: INF 2026-08-25 10:08:56.497+00:00 Imported blocks                            blockNumber=20557057 slot=9764892 blocks=557056 txs=88964987 mgas=8433956 bps=34.46 tps=4887 mgps=523.5 avgBps=33.35 avgTps=5325 avgMGps=504.9 elapsed=4h38m25s
Aug 25 10:12:42 nimbus-eth1-mainnet-short-benchmark[3705530]: INF 2026-08-25 10:12:42.418+00:00 Imported blocks                            blockNumber=20565249 slot=9773131 blocks=565248 txs=90186094 mgas=8558113 bps=36.26 tps=5405 mgps=549.6 avgBps=33.39 avgTps=5326 avgMGps=505.5 elapsed=4h42m10s
Aug 25 10:16:28 nimbus-eth1-mainnet-short-benchmark[3705530]: INF 2026-08-25 10:16:28.231+00:00 Imported blocks                            blockNumber=20573441 slot=9781369 blocks=573440 txs=91404654 mgas=8682228 bps=36.28 tps=5396 mgps=549.6 avgBps=33.42 avgTps=5327 avgMGps=506.1 elapsed=4h45m56s
Aug 25 10:20:09 nimbus-eth1-mainnet-short-benchmark[3705530]: INF 2026-08-25 10:20:09.867+00:00 Imported blocks                            blockNumber=20581633 slot=9789611 blocks=581632 txs=92628389 mgas=8806651 bps=36.96 tps=5521 mgps=561.4 avgBps=33.47 avgTps=5330 avgMGps=506.8 elapsed=4h49m38s
Aug 25 10:23:57 nimbus-eth1-mainnet-short-benchmark[3705530]: INF 2026-08-25 10:23:57.504+00:00 Imported blocks                            blockNumber=20589825 slot=9797855 blocks=589824 txs=93887208 mgas=8931023 bps=35.99 tps=5529 mgps=546.4 avgBps=33.50 avgTps=5332 avgMGps=507.3 elapsed=4h53m26s
Aug 25 10:27:51 nimbus-eth1-mainnet-short-benchmark[3705530]: INF 2026-08-25 10:27:51.053+00:00 Imported blocks                            blockNumber=20598017 slot=9806095 blocks=598016 txs=95163338 mgas=9055310 bps=35.08 tps=5463 mgps=532.2 avgBps=33.52 avgTps=5334 avgMGps=507.6 elapsed=4h57m19s
Aug 25 10:31:45 nimbus-eth1-mainnet-short-benchmark[3705530]: INF 2026-08-25 10:31:45.677+00:00 Imported blocks                            blockNumber=20606209 slot=9814347 blocks=606208 txs=96334664 mgas=9179976 bps=34.92 tps=4992 mgps=531.3 avgBps=33.54 avgTps=5329 avgMGps=507.9 elapsed=5h1m14s
Aug 25 10:35:31 nimbus-eth1-mainnet-short-benchmark[3705530]: INF 2026-08-25 10:35:31.114+00:00 Imported blocks                            blockNumber=20614401 slot=9822581 blocks=614400 txs=97573414 mgas=9304574 bps=36.34 tps=5494 mgps=552.7 avgBps=33.57 avgTps=5331 avgMGps=508.5 elapsed=5h4m59s
Aug 25 10:39:16 nimbus-eth1-mainnet-short-benchmark[3705530]: INF 2026-08-25 10:39:16.471+00:00 Imported blocks                            blockNumber=20622593 slot=9830821 blocks=622592 txs=98874772 mgas=9428835 bps=36.35 tps=5774 mgps=551.4 avgBps=33.61 avgTps=5337 avgMGps=509.0 elapsed=5h8m44s
Aug 25 10:42:55 nimbus-eth1-mainnet-short-benchmark[3705530]: INF 2026-08-25 10:42:55.780+00:00 Imported blocks                            blockNumber=20630785 slot=9839058 blocks=630784 txs=100178707 mgas=9553009 bps=37.35 tps=5945 mgps=566.2 avgBps=33.65 avgTps=5344 avgMGps=509.6 elapsed=5h12m24s
Aug 25 10:46:42 nimbus-eth1-mainnet-short-benchmark[3705530]: INF 2026-08-25 10:46:42.741+00:00 Imported blocks                            blockNumber=20638977 slot=9847313 blocks=638976 txs=101489116 mgas=9677171 bps=36.09 tps=5773 mgps=547.1 avgBps=33.68 avgTps=5349 avgMGps=510.1 elapsed=5h16m11s
Aug 25 10:50:27 nimbus-eth1-mainnet-short-benchmark[3705530]: INF 2026-08-25 10:50:27.157+00:00 Imported blocks                            blockNumber=20647169 slot=9855549 blocks=647168 txs=102730058 mgas=9801643 bps=36.50 tps=5529 mgps=554.6 avgBps=33.71 avgTps=5351 avgMGps=510.6 elapsed=5h19m55s
Aug 25 10:54:26 nimbus-eth1-mainnet-short-benchmark[3705530]: INF 2026-08-25 10:54:26.418+00:00 Imported blocks                            blockNumber=20655361 slot=9863778 blocks=655360 txs=103868002 mgas=9926541 bps=34.24 tps=4756 mgps=522.0 avgBps=33.72 avgTps=5344 avgMGps=510.8 elapsed=5h23m54s
Aug 25 10:58:07 nimbus-eth1-mainnet-short-benchmark[3705530]: INF 2026-08-25 10:58:07.203+00:00 Imported blocks                            blockNumber=20663553 slot=9872013 blocks=663552 txs=105112198 mgas=10051274 bps=37.10 tps=5635 mgps=565.0 avgBps=33.76 avgTps=5347 avgMGps=511.4 elapsed=5h27m35s
Aug 25 11:01:37 nimbus-eth1-mainnet-short-benchmark[3705530]: INF 2026-08-25 11:01:37.560+00:00 Imported blocks                            blockNumber=20671745 slot=9880241 blocks=671744 txs=106395904 mgas=10175177 bps=38.94 tps=6102 mgps=589.0 avgBps=33.81 avgTps=5355 avgMGps=512.2 elapsed=5h31m6s
Aug 25 11:05:12 nimbus-eth1-mainnet-short-benchmark[3705530]: INF 2026-08-25 11:05:12.721+00:00 Imported blocks                            blockNumber=20679937 slot=9888471 blocks=679936 txs=107674271 mgas=10299404 bps=38.07 tps=5941 mgps=577.4 avgBps=33.86 avgTps=5361 avgMGps=512.9 elapsed=5h34m41s
Aug 25 11:08:39 nimbus-eth1-mainnet-short-benchmark[3705530]: INF 2026-08-25 11:08:39.418+00:00 Imported blocks                            blockNumber=20688129 slot=9896698 blocks=688128 txs=108938536 mgas=10423298 bps=39.63 tps=6116 mgps=599.4 avgBps=33.92 avgTps=5369 avgMGps=513.8 elapsed=5h38m7s
Aug 25 11:12:20 nimbus-eth1-mainnet-short-benchmark[3705530]: INF 2026-08-25 11:12:20.111+00:00 Imported blocks                            blockNumber=20696321 slot=9904930 blocks=696320 txs=110235786 mgas=10547469 bps=37.12 tps=5878 mgps=562.6 avgBps=33.95 avgTps=5375 avgMGps=514.3 elapsed=5h41m48s
Aug 25 11:16:17 nimbus-eth1-mainnet-short-benchmark[3705530]: INF 2026-08-25 11:16:17.231+00:00 Imported blocks                            blockNumber=20704513 slot=9913154 blocks=704512 txs=111483759 mgas=10671677 bps=34.55 tps=5263 mgps=523.8 avgBps=33.96 avgTps=5373 avgMGps=514.4 elapsed=5h45m45s
Aug 25 11:19:59 nimbus-eth1-mainnet-short-benchmark[3705530]: INF 2026-08-25 11:19:59.548+00:00 Imported blocks                            blockNumber=20712705 slot=9921388 blocks=712704 txs=112764170 mgas=10795980 bps=36.85 tps=5759 mgps=559.1 avgBps=33.99 avgTps=5377 avgMGps=514.9 elapsed=5h49m28s
Aug 25 11:23:28 nimbus-eth1-mainnet-short-benchmark[3705530]: INF 2026-08-25 11:23:28.145+00:00 Imported blocks                            blockNumber=20720897 slot=9929633 blocks=720896 txs=114110517 mgas=10919926 bps=39.27 tps=6454 mgps=594.2 avgBps=34.04 avgTps=5388 avgMGps=515.7 elapsed=5h52m56s
Aug 25 11:27:03 nimbus-eth1-mainnet-short-benchmark[3705530]: INF 2026-08-25 11:27:03.898+00:00 Imported blocks                            blockNumber=20729089 slot=9937869 blocks=729088 txs=115449431 mgas=11043768 bps=37.97 tps=6205 mgps=574.0 avgBps=34.08 avgTps=5396 avgMGps=516.2 elapsed=5h56m32s
Aug 25 11:30:33 nimbus-eth1-mainnet-short-benchmark[3705530]: INF 2026-08-25 11:30:33.895+00:00 Imported blocks                            blockNumber=20737281 slot=9946108 blocks=737280 txs=116784468 mgas=11167784 bps=39.01 tps=6357 mgps=590.6 avgBps=34.13 avgTps=5406 avgMGps=517.0 elapsed=6h2s420ms
Aug 25 11:34:11 nimbus-eth1-mainnet-short-benchmark[3705530]: INF 2026-08-25 11:34:11.315+00:00 Imported blocks                            blockNumber=20745473 slot=9954342 blocks=745472 txs=118101003 mgas=11291742 bps=37.68 tps=6055 mgps=570.1 avgBps=34.16 avgTps=5412 avgMGps=517.5 elapsed=6h3m39s
Aug 25 11:38:06 nimbus-eth1-mainnet-short-benchmark[3705530]: INF 2026-08-25 11:38:06.412+00:00 Imported blocks                            blockNumber=20753665 slot=9962581 blocks=753664 txs=119337525 mgas=11415859 bps=34.85 tps=5259 mgps=528.0 avgBps=34.17 avgTps=5410 avgMGps=517.6 elapsed=6h7m34s
Aug 25 11:41:49 nimbus-eth1-mainnet-short-benchmark[3705530]: INF 2026-08-25 11:41:49.817+00:00 Imported blocks                            blockNumber=20761857 slot=9970803 blocks=761856 txs=120564314 mgas=11540225 bps=36.67 tps=5491 mgps=556.7 avgBps=34.20 avgTps=5411 avgMGps=518.0 elapsed=6h11m18s
Aug 25 11:45:18 nimbus-eth1-mainnet-short-benchmark[3705530]: INF 2026-08-25 11:45:18.266+00:00 Imported blocks                            blockNumber=20770049 slot=9979058 blocks=770048 txs=121858083 mgas=11663918 bps=39.30 tps=6206 mgps=593.4 avgBps=34.24 avgTps=5419 avgMGps=518.7 elapsed=6h14m46s
Aug 25 11:48:38 nimbus-eth1-mainnet-short-benchmark[3705530]: INF 2026-08-25 11:48:38.627+00:00 Imported blocks                            blockNumber=20778241 slot=9987307 blocks=778240 txs=123161734 mgas=11787906 bps=40.89 tps=6506 mgps=618.8 avgBps=34.30 avgTps=5428 avgMGps=519.6 elapsed=6h18m7s
Aug 25 11:51:54 nimbus-eth1-mainnet-short-benchmark[3705530]: INF 2026-08-25 11:51:54.012+00:00 Imported blocks                            blockNumber=20786433 slot=9995542 blocks=786432 txs=124509456 mgas=11911612 bps=41.93 tps=6897 mgps=633.1 avgBps=34.37 avgTps=5441 avgMGps=520.6 elapsed=6h21m22s
Aug 25 11:55:17 nimbus-eth1-mainnet-short-benchmark[3705530]: INF 2026-08-25 11:55:17.353+00:00 Imported blocks                            blockNumber=20794625 slot=10003781 blocks=794624 txs=125848921 mgas=12035338 bps=40.29 tps=6587 mgps=608.5 avgBps=34.42 avgTps=5451 avgMGps=521.3 elapsed=6h24m45s
Aug 25 11:58:44 nimbus-eth1-mainnet-short-benchmark[3705530]: INF 2026-08-25 11:58:44.782+00:00 Imported blocks                            blockNumber=20802817 slot=10012028 blocks=802816 txs=127089868 mgas=12158989 bps=39.49 tps=5982 mgps=596.1 avgBps=34.47 avgTps=5456 avgMGps=522.0 elapsed=6h28m13s
Aug 25 12:02:19 nimbus-eth1-mainnet-short-benchmark[3705530]: INF 2026-08-25 12:02:19.231+00:00 Imported blocks                            blockNumber=20811009 slot=10020249 blocks=811008 txs=128299762 mgas=12282850 bps=38.20 tps=5641 mgps=577.6 avgBps=34.50 avgTps=5457 avgMGps=522.5 elapsed=6h31m47s
Aug 25 12:05:40 nimbus-eth1-mainnet-short-benchmark[3705530]: INF 2026-08-25 12:05:40.852+00:00 Imported blocks                            blockNumber=20819201 slot=10028481 blocks=819200 txs=129596319 mgas=12406594 bps=40.63 tps=6430 mgps=613.7 avgBps=34.55 avgTps=5466 avgMGps=523.3 elapsed=6h35m9s
Aug 25 12:09:00 nimbus-eth1-mainnet-short-benchmark[3705530]: INF 2026-08-25 12:09:00.510+00:00 Imported blocks                            blockNumber=20827393 slot=10036710 blocks=827392 txs=130916729 mgas=12530249 bps=41.03 tps=6613 mgps=619.3 avgBps=34.61 avgTps=5475 avgMGps=524.1 elapsed=6h38m29s
Aug 25 12:12:20 nimbus-eth1-mainnet-short-benchmark[3705530]: INF 2026-08-25 12:12:20.039+00:00 Imported blocks                            blockNumber=20835585 slot=10044938 blocks=835584 txs=132226625 mgas=12654070 bps=41.06 tps=6564 mgps=620.6 avgBps=34.66 avgTps=5484 avgMGps=524.9 elapsed=6h41m48s
Aug 25 12:15:54 nimbus-eth1-mainnet-short-benchmark[3705530]: INF 2026-08-25 12:15:54.072+00:00 Imported blocks                            blockNumber=20843777 slot=10053164 blocks=843776 txs=133604192 mgas=12777730 bps=38.27 tps=6436 mgps=577.8 avgBps=34.69 avgTps=5493 avgMGps=525.3 elapsed=6h45m22s
Aug 25 12:19:50 nimbus-eth1-mainnet-short-benchmark[3705530]: INF 2026-08-25 12:19:50.720+00:00 Imported blocks                            blockNumber=20851969 slot=10061391 blocks=851968 txs=134900706 mgas=12901664 bps=34.62 tps=5478 mgps=523.7 avgBps=34.69 avgTps=5492 avgMGps=525.3 elapsed=6h49m19s
Aug 25 12:23:36 nimbus-eth1-mainnet-short-benchmark[3705530]: INF 2026-08-25 12:23:36.037+00:00 Imported blocks                            blockNumber=20860161 slot=10069622 blocks=860160 txs=136168750 mgas=13025603 bps=36.36 tps=5627 mgps=550.1 avgBps=34.71 avgTps=5494 avgMGps=525.6 elapsed=6h53m4s
Aug 25 12:27:18 nimbus-eth1-mainnet-short-benchmark[3705530]: INF 2026-08-25 12:27:18.086+00:00 Imported blocks                            blockNumber=20868353 slot=10077838 blocks=868352 txs=137550724 mgas=13149742 bps=36.89 tps=6223 mgps=559.1 avgBps=34.72 avgTps=5500 avgMGps=525.9 elapsed=6h56m46s
Aug 25 12:30:59 nimbus-eth1-mainnet-short-benchmark[3705530]: INF 2026-08-25 12:30:59.974+00:00 Imported blocks                            blockNumber=20876545 slot=10086066 blocks=876544 txs=138954673 mgas=13273457 bps=36.92 tps=6327 mgps=557.6 avgBps=34.74 avgTps=5507 avgMGps=526.1 elapsed=7h28s497ms
Aug 25 12:34:36 nimbus-eth1-mainnet-short-benchmark[3705530]: INF 2026-08-25 12:34:36.107+00:00 Imported blocks                            blockNumber=20884737 slot=10094286 blocks=884736 txs=140256178 mgas=13397479 bps=37.90 tps=6021 mgps=573.8 avgBps=34.77 avgTps=5512 avgMGps=526.5 elapsed=7h4m4s
Aug 25 12:38:06 nimbus-eth1-mainnet-short-benchmark[3705530]: INF 2026-08-25 12:38:06.376+00:00 Imported blocks                            blockNumber=20892929 slot=10102512 blocks=892928 txs=141581868 mgas=13521575 bps=38.96 tps=6304 mgps=590.2 avgBps=34.81 avgTps=5518 avgMGps=527.1 elapsed=7h7m34s
Aug 25 12:41:38 nimbus-eth1-mainnet-short-benchmark[3705530]: INF 2026-08-25 12:41:38.085+00:00 Imported blocks                            blockNumber=20901121 slot=10110732 blocks=901120 txs=142875889 mgas=13645572 bps=38.69 tps=6112 mgps=585.7 avgBps=34.84 avgTps=5523 avgMGps=527.5 elapsed=7h11m6s
Aug 25 12:45:08 nimbus-eth1-mainnet-short-benchmark[3705530]: INF 2026-08-25 12:45:08.710+00:00 Imported blocks                            blockNumber=20909313 slot=10118953 blocks=909312 txs=144102308 mgas=13769390 bps=38.89 tps=5822 mgps=587.9 avgBps=34.87 avgTps=5525 avgMGps=528.0 elapsed=7h14m37s
Aug 25 12:48:34 nimbus-eth1-mainnet-short-benchmark[3705530]: INF 2026-08-25 12:48:34.723+00:00 Imported blocks                            blockNumber=20917505 slot=10127176 blocks=917504 txs=145406349 mgas=13893087 bps=39.76 tps=6329 mgps=600.4 avgBps=34.91 avgTps=5532 avgMGps=528.6 elapsed=7h18m3s
Aug 25 12:51:51 nimbus-eth1-mainnet-short-benchmark[3705530]: INF 2026-08-25 12:51:51.804+00:00 Imported blocks                            blockNumber=20925697 slot=10135394 blocks=925696 txs=146718394 mgas=14016820 bps=41.57 tps=6657 mgps=627.8 avgBps=34.96 avgTps=5540 avgMGps=529.3 elapsed=7h21m20s
Aug 25 12:55:22 nimbus-eth1-mainnet-short-benchmark[3705530]: INF 2026-08-25 12:55:22.384+00:00 Imported blocks                            blockNumber=20933889 slot=10143614 blocks=933888 txs=148049109 mgas=14140625 bps=38.90 tps=6319 mgps=587.9 avgBps=34.99 avgTps=5546 avgMGps=529.8 elapsed=7h24m50s
Aug 25 12:58:45 nimbus-eth1-mainnet-short-benchmark[3705530]: INF 2026-08-25 12:58:45.353+00:00 Imported blocks                            blockNumber=20942081 slot=10151840 blocks=942080 txs=149397364 mgas=14264352 bps=40.36 tps=6642 mgps=609.6 avgBps=35.03 avgTps=5555 avgMGps=530.4 elapsed=7h28m13s
Aug 25 13:02:12 nimbus-eth1-mainnet-short-benchmark[3705530]: INF 2026-08-25 13:02:12.438+00:00 Imported blocks                            blockNumber=20950273 slot=10160098 blocks=950272 txs=150765507 mgas=14388237 bps=39.56 tps=6606 mgps=598.2 avgBps=35.06 avgTps=5563 avgMGps=530.9 elapsed=7h31m40s
Aug 25 13:05:55 nimbus-eth1-mainnet-short-benchmark[3705530]: INF 2026-08-25 13:05:55.299+00:00 Imported blocks                            blockNumber=20958465 slot=10168363 blocks=958464 txs=152044771 mgas=14511987 bps=36.76 tps=5740 mgps=555.3 avgBps=35.08 avgTps=5564 avgMGps=531.1 elapsed=7h35m23s
Aug 25 13:09:28 nimbus-eth1-mainnet-short-benchmark[3705530]: INF 2026-08-25 13:09:28.788+00:00 Imported blocks                            blockNumber=20966657 slot=10176609 blocks=966656 txs=153365296 mgas=14635804 bps=38.37 tps=6185 mgps=580.0 avgBps=35.10 avgTps=5569 avgMGps=531.5 elapsed=7h38m57s
Aug 25 13:12:58 nimbus-eth1-mainnet-short-benchmark[3705530]: INF 2026-08-25 13:12:58.625+00:00 Imported blocks                            blockNumber=20974849 slot=10184849 blocks=974848 txs=154744917 mgas=14759580 bps=39.04 tps=6574 mgps=589.9 avgBps=35.13 avgTps=5576 avgMGps=531.9 elapsed=7h42m27s
Aug 25 13:16:35 nimbus-eth1-mainnet-short-benchmark[3705530]: INF 2026-08-25 13:16:35.490+00:00 Imported blocks                            blockNumber=20983041 slot=10193086 blocks=983040 txs=156055229 mgas=14883451 bps=37.78 tps=6042 mgps=571.2 avgBps=35.15 avgTps=5580 avgMGps=532.2 elapsed=7h46m4s
Aug 25 13:19:46 nimbus-eth1-mainnet-short-benchmark[3705530]: INF 2026-08-25 13:19:46.599+00:00 Imported blocks                            blockNumber=20991233 slot=10201319 blocks=991232 txs=157563202 mgas=15007557 bps=42.87 tps=7890 mgps=649.4 avgBps=35.21 avgTps=5596 avgMGps=533.0 elapsed=7h49m15s
Aug 25 13:23:27 nimbus-eth1-mainnet-short-benchmark[3705530]: INF 2026-08-25 13:23:27.772+00:00 Imported blocks                            blockNumber=20999425 slot=10209549 blocks=999424 txs=159003277 mgas=15131383 bps=37.04 tps=6511 mgps=559.9 avgBps=35.22 avgTps=5603 avgMGps=533.2 elapsed=7h52m56s
Aug 25 13:23:43 nimbus-eth1-mainnet-short-benchmark[3705530]: INF 2026-08-25 13:23:43.764+00:00 Imported blocks                            blockNumber=21000001 slot=10210128 blocks=1000000 txs=159109486 mgas=15140191 bps=36.01 tps=6640 mgps=550.7 avgBps=35.22 avgTps=5603 avgMGps=533.3 elapsed=7h53m12s
Aug 25 13:23:43 nimbus-eth1-mainnet-short-benchmark[3705530]: NTC 2026-08-25 13:23:43.764+00:00 Import complete                            blockNumber=21000001 slot=10210128 blocks=1000000 txs=159109486 mgas=15140191
Aug 25 13:23:44 nimbus-eth1-mainnet-short-benchmark[3673374]: <<< ending startNimbusWithImport (success)
Aug 25 13:23:44 nimbus-eth1-mainnet-short-benchmark[3673374]: >>> starting moveBenchmarkingFileToRepo
Aug 25 13:23:44 nimbus-eth1-mainnet-short-benchmark[3673374]: >>> copying debug-csv generated by nimbus to benchmarks repo
Aug 25 13:23:44 nimbus-eth1-mainnet-short-benchmark[3673374]: <<< ending moveBenchmarkingFileToRepo (success)
Aug 25 13:23:44 nimbus-eth1-mainnet-short-benchmark[3673374]: >>> starting generateBuildEnvironmentLogFile
Aug 25 13:23:53 nimbus-eth1-mainnet-short-benchmark[3673374]: <<< ending generateBuildEnvironmentLogFile (success)
Aug 25 13:23:53 nimbus-eth1-mainnet-short-benchmark[3673374]: >>> starting generateSystemdServiceLogs
