=== System Information Report ===
>>> Generated on: Fri Aug 21 11:30:30 AM UTC 2026
==========================
>>> CPU Architecture: x86_64
>>> CPU Byte Order: Little Endian
>>> CPU Cores: 16
>>> CPU Model: AMD Ryzen 7 PRO 8700GE w/ Radeon 780M Graphics
>>> CPU Cache Information:
L1d Cache: 256 KiB (8 instances)
L1i Cache: 256 KiB (8 instances)
L2 Cache: 8 MiB (8 instances)
L3 Cache: 16 MiB (1 instance)
>>> RAM Size: 61Gi
>>> Hard Disk Information:
/dev/md2 : 437G total, 199G free
/dev/md1 : 989M total, 690M free
/dev/nvme0n1p1 : 256M total, 256M free
/dev/nvme1n1 : 1.9T total, 486G free
==========================
=== Nimbus-ETH1 Benchmarking Report ===
>>> Total time spent in benchmarking (nanoseconds): 28907185766604
>>> Total time spent in benchmarking (human readable format): 8 hours 1 minutes 47 seconds
>>> Start block number is 20000001
>>> End block number is 21000001
==========================
=== Comparison of last two benchmarks ===
sort: write failed: 'standard output': Broken pipe
sort: write error
sort: write failed: 'standard output': Broken pipe
sort: write error
python /data/status-im/nimbus-eth1/scripts/block-import-stats.py /data/status-im/nimbus-eth1-benchmarks/short-benchmark/20260820T190010_ceac1963/blocks-import-benchmark.csv /data/status-im/nimbus-eth1-benchmarks/short-benchmark/20260821T031610_6648ce1b/blocks-import-benchmark.csv
blocks-import-benchmark.csv vs blocks-import-benchmark.csv
                      bps_x  bps_y     tps_x     tps_y   time_x   time_y    bpsd    tpsd   timed
block_number                                                                                    
(20000001, 20111112]  28.74  28.71  4,692.14  4,689.09  1h2m41s  1h2m50s  -0.15%  -0.15%   0.17%
(20111112, 20222223]  32.27  32.24  5,278.58  5,273.69   59m23s   59m27s  -0.09%  -0.09%   0.10%
(20222223, 20333334]  34.02  33.97  5,515.13  5,506.00   52m22s   52m28s  -0.17%  -0.17%   0.17%
(20333334, 20444445]  35.87  35.66  5,651.06  5,617.68   53m31s   53m50s  -0.58%  -0.58%   0.59%
(20444445, 20555556]  35.18  35.23  5,420.30  5,429.36   50m33s   50m28s   0.16%   0.16%  -0.16%
(20555556, 20666667]  35.26  35.45  5,325.72  5,353.13   54m13s   53m57s   0.51%   0.51%  -0.51%
(20666667, 20777778]  36.75  36.87  5,782.61  5,801.25   48m22s   48m13s   0.33%   0.33%  -0.33%
(20777778, 20888889]  38.03  38.15  6,101.45  6,119.14   50m24s   50m15s   0.31%   0.31%  -0.31%
(20888889, 21000001]  38.13  38.10  6,286.92  6,281.53   50m11s   50m15s  -0.09%  -0.09%   0.09%

blocks: 991808, baseline: 8h1m45s, contender: 8h1m47s
Time (total): 1s, 0.01%

bpsd = blocks per sec diff (+), tpsd = txs per sec diff, timed = time to process diff (-)
+ = more is better, - = less is better
==========================
