=== System Information Report ===
>>> Generated on: Tue Sep  8 12:23:11 AM UTC 2026
==========================
>>> CPU Architecture: x86_64
>>> CPU Byte Order: Little Endian
>>> CPU Cores: 16
>>> CPU Model: AMD Ryzen 7 PRO 8700GE w/ Radeon 780M Graphics
>>> CPU Cache Information:
L1d Cache: 256 KiB (8 instances)
L1i Cache: 256 KiB (8 instances)
L2 Cache: 8 MiB (8 instances)
L3 Cache: 16 MiB (1 instance)
>>> RAM Size: 61Gi
>>> Hard Disk Information:
/dev/md2 : 437G total, 199G free
/dev/md1 : 989M total, 690M free
/dev/nvme0n1p1 : 256M total, 256M free
/dev/nvme1n1 : 1.9T total, 487G free
==========================
=== Nimbus-ETH1 Benchmarking Report ===
>>> Total time spent in benchmarking (nanoseconds): 26861704615136
>>> Total time spent in benchmarking (human readable format): 7 hours 27 minutes 41 seconds
>>> Start block number is 20000001
>>> End block number is 21000001
==========================
=== Comparison of last two benchmarks ===
sort: write failed: 'standard output': Broken pipe
sort: write error
sort: write failed: 'standard output': Broken pipe
sort: write error
python /data/status-im/nimbus-eth1/scripts/block-import-stats.py /data/status-im/nimbus-eth1-benchmarks/short-benchmark/20260907T090113_c4bfecfb/blocks-import-benchmark.csv /data/status-im/nimbus-eth1-benchmarks/short-benchmark/20260907T164614_36e75fb4/blocks-import-benchmark.csv
blocks-import-benchmark.csv vs blocks-import-benchmark.csv
                      bps_x  bps_y     tps_x     tps_y  time_x  time_y   bpsd   tpsd   timed
block_number                                                                                
(20000001, 20111112]  30.40  30.58  4,964.78  4,993.91  59m23s  58m58s  0.65%  0.65%  -0.64%
(20111112, 20222223]  34.45  34.49  5,633.43  5,640.27  55m40s  55m37s  0.11%  0.11%  -0.10%
(20222223, 20333334]  36.24  36.39  5,875.17  5,899.60  49m10s  48m59s  0.39%  0.39%  -0.39%
(20333334, 20444445]  38.32  38.35  6,037.61  6,042.72   50m6s   50m4s  0.08%  0.08%  -0.07%
(20444445, 20555556]  37.74  37.96  5,817.10  5,850.01   47m8s  46m51s  0.58%  0.58%  -0.57%
(20555556, 20666667]  37.91  38.12  5,724.91  5,757.46  50m27s  50m10s  0.57%  0.57%  -0.57%
(20666667, 20777778]  39.63  40.03  6,235.14  6,299.24  44m52s  44m25s  1.01%  1.01%  -0.99%
(20777778, 20888889]  40.96  41.44  6,571.18  6,647.80  46m50s  46m17s  1.17%  1.17%  -1.15%
(20888889, 21000001]  40.88  41.37  6,738.58  6,820.41  46m47s  46m17s  1.22%  1.22%  -1.20%

blocks: 991808, baseline: 7h30m25s, contender: 7h27m41s
Time (total): -2m43s, -0.61%

bpsd = blocks per sec diff (+), tpsd = txs per sec diff, timed = time to process diff (-)
+ = more is better, - = less is better
==========================
