=== System Information Report ===
>>> Generated on: Sat Aug 22 06:46:27 PM UTC 2026
==========================
>>> CPU Architecture: x86_64
>>> CPU Byte Order: Little Endian
>>> CPU Cores: 16
>>> CPU Model: AMD Ryzen 7 PRO 8700GE w/ Radeon 780M Graphics
>>> CPU Cache Information:
L1d Cache: 256 KiB (8 instances)
L1i Cache: 256 KiB (8 instances)
L2 Cache: 8 MiB (8 instances)
L3 Cache: 16 MiB (1 instance)
>>> RAM Size: 61Gi
>>> Hard Disk Information:
/dev/md2 : 437G total, 243G free
/dev/md1 : 989M total, 690M free
/dev/nvme0n1p1 : 256M total, 256M free
/dev/nvme1n1 : 1.9T total, 644G free
==========================
=== Nimbus-ETH1 Benchmarking Report ===
>>> Total time spent in benchmarking (nanoseconds): 351440002678251
>>> Total time spent in benchmarking (human readable format): 4 days 1 hours 37 minutes 20 seconds
tail: error writing 'standard output': Broken pipe
>>> Start block number is 1
>>> End block number is 21005282
==========================
=== Comparison of last two benchmarks ===
python /data/status-im/nimbus-eth1/scripts/block-import-stats.py /data/status-im/nimbus-eth1-benchmarks/long-benchmark/20260814T154450_abf3d3bd/blocks-import-benchmark.csv /data/status-im/nimbus-eth1-benchmarks/long-benchmark/20260818T170039_8d3b8eea/blocks-import-benchmark.csv
blocks-import-benchmark.csv vs blocks-import-benchmark.csv
                         bps_x     bps_y      tps_x      tps_y     time_x     time_y    bpsd    tpsd   timed
block_number                                                                                                
(499713, 2778109]     5,484.07  5,498.37  26,906.40  26,981.46     26m36s     26m39s   0.16%   0.16%  -0.13%
(2778109, 5056506]    1,739.20  1,752.11  31,139.93  31,286.34   1h29m48s   1h29m32s   0.52%   0.52%  -0.41%
(5056506, 7334902]      142.15    142.30  15,218.06  15,231.59   4h30m21s    4h30m5s   0.10%   0.10%  -0.10%
(7334902, 9613299]      118.17    118.47  12,776.76  12,812.03   5h26m20s   5h25m32s   0.25%   0.25%  -0.25%
(9613299, 11891695]      66.13     66.00  10,369.92  10,349.54   9h48m43s   9h49m51s  -0.20%  -0.20%   0.20%
(11891695, 14170092]     42.62     42.52   8,365.54   8,345.36   15h2m13s   15h4m50s  -0.27%  -0.27%   0.27%
(14170092, 16448488]     37.53     37.47   6,305.58   6,293.67  16h54m31s  16h56m13s  -0.17%  -0.17%   0.17%
(16448488, 18726885]     30.69     30.38   4,501.41   4,456.41   21h1m10s  21h16m36s  -1.11%  -1.11%   1.13%
(18726885, 21005282]     28.78     28.58   4,668.65   4,635.46  22h24m51s  22h37m28s  -0.79%  -0.79%   0.82%

blocks: 20497377, baseline: 97h4m36s, contender: 97h36m50s
Time (total): 32m13s, 0.55%

bpsd = blocks per sec diff (+), tpsd = txs per sec diff, timed = time to process diff (-)
+ = more is better, - = less is better
==========================
