Aug 12 02:41:43 nimbus-eth1-mainnet-short-benchmark[868635]: >>> starting cloneOrFetchBenchmarksRepo
Aug 12 02:41:43 nimbus-eth1-mainnet-short-benchmark[868635]: >>> Fetching latest changes for nimbus-eth1-benchmarks...
Aug 12 02:41:45 nimbus-eth1-mainnet-short-benchmark[868683]: HEAD is now at 9eee624 chore: update short benchmark Readme
Aug 12 02:41:45 nimbus-eth1-mainnet-short-benchmark[868635]: <<< ending cloneOrFetchBenchmarksRepo (success)
Aug 12 02:41:45 nimbus-eth1-mainnet-short-benchmark[868635]: >>> starting cloneOrFetchNimbusRepo
Aug 12 02:41:56 nimbus-eth1-mainnet-short-benchmark[868635]: >>> Fetching latest changes for nimbus-eth1...
Aug 12 02:41:57 nimbus-eth1-mainnet-short-benchmark[869042]: From https://github.com/status-im/nimbus-eth1
Aug 12 02:41:57 nimbus-eth1-mainnet-short-benchmark[869042]:    eb14e37c8..f787a74bb  master     -> origin/master
Aug 12 02:41:57 nimbus-eth1-mainnet-short-benchmark[869051]: warning: unable to rmdir 'vendor/libtommath': Directory not empty
Aug 12 02:41:57 nimbus-eth1-mainnet-short-benchmark[869051]: HEAD is now at f787a74bb close db properly (#4630)
Aug 12 02:41:57 nimbus-eth1-mainnet-short-benchmark[868635]: >>> Found last benchmarked commit: 680a4a65
Aug 12 02:41:57 nimbus-eth1-mainnet-short-benchmark[868635]: >>> Using next commit: 37744efc11d86b7aced492a4278c1e56f300d90f
Aug 12 02:41:57 nimbus-eth1-mainnet-short-benchmark[869067]: HEAD is now at 37744efc1 Do not dial nodes advertising TCP port 0 over RLPx + skip malformed bootstrap entries (#4515)
Aug 12 02:41:57 nimbus-eth1-mainnet-short-benchmark[868635]: >>> Current commit: 37744efc1
Aug 12 02:41:57 nimbus-eth1-mainnet-short-benchmark[868635]: <<< ending cloneOrFetchNimbusRepo (success)
Aug 12 02:41:57 nimbus-eth1-mainnet-short-benchmark[868635]: >>> starting buildBinaries
Aug 12 02:41:57 nimbus-eth1-mainnet-short-benchmark[868635]: >>> Building binaries for commit 37744efc...
Aug 12 02:41:59 nimbus-eth1-mainnet-short-benchmark[870273]: Submodule path 'vendor/nim-chronos': checked out '0e98cc39934ba9051c09381ff5fc08479aa4774b'
Aug 12 02:41:59 nimbus-eth1-mainnet-short-benchmark[870273]: Submodule path 'vendor/nim-eth': checked out 'f185c530fa01a1cb54884d32a57400e3fdc2dd0f'
Aug 12 02:42:05 nimbus-eth1-mainnet-short-benchmark[874585]: Building: Nim compiler
Aug 12 02:43:59 nimbus-eth1-mainnet-short-benchmark[874585]: Building custom Nimble commit: 42ef70c2102a942c46f13eb76872326edd525cec
Aug 12 02:44:09 nimbus-eth1-mainnet-short-benchmark[874585]: Building Nimble...
Aug 12 02:44:19 nimbus-eth1-mainnet-short-benchmark[874585]: Replacing nimble binary...
Aug 12 02:44:26 nimbus-eth1-mainnet-short-benchmark[890102]: cp: cannot stat '/data/status-im/nimbus-eth1/build/*': No such file or directory
Aug 12 02:44:26 nimbus-eth1-mainnet-short-benchmark[890077]: ROCKSDB VERSION NOT FOUND
Aug 12 02:44:26 nimbus-eth1-mainnet-short-benchmark[890229]: make[1]: Entering directory '/data/status-im/nimbus-eth1/vendor/nim-rocksdb/vendor/rocksdb'
Aug 12 02:44:26 nimbus-eth1-mainnet-short-benchmark[890229]: $DEBUG_LEVEL is 0, $LIB_MODE is static
Aug 12 02:44:27 nimbus-eth1-mainnet-short-benchmark[890229]: make[1]: Leaving directory '/data/status-im/nimbus-eth1/vendor/nim-rocksdb/vendor/rocksdb'
Aug 12 02:44:27 nimbus-eth1-mainnet-short-benchmark[890674]: Cleaning up RocksDb build artifacts.
Aug 12 02:44:28 nimbus-eth1-mainnet-short-benchmark[890106]: Building RocksDb static libraries.
Aug 12 02:47:41 nimbus-eth1-mainnet-short-benchmark[894212]: Building: build/nimbus_execution_client
Aug 12 02:50:10 nimbus-eth1-mainnet-short-benchmark[868635]: >>> renaming binaries to match commit they were built from
Aug 12 02:50:10 nimbus-eth1-mainnet-short-benchmark[868635]: >>> creating a symbolic link to the latest version
Aug 12 02:50:10 nimbus-eth1-mainnet-short-benchmark[868635]: >>> deleting copies that are older than N days
Aug 12 02:50:10 nimbus-eth1-mainnet-short-benchmark[868635]: <<< ending buildBinaries (success)
Aug 12 02:50:10 nimbus-eth1-mainnet-short-benchmark[868635]: >>> starting skipOrContinueBenchmark
Aug 12 02:50:10 nimbus-eth1-mainnet-short-benchmark[868635]: <<< ending skipOrContinueBenchmark (success)
Aug 12 02:50:10 nimbus-eth1-mainnet-short-benchmark[868635]: >>> starting copyTemplateDatabase
Aug 12 02:50:10 nimbus-eth1-mainnet-short-benchmark[868635]: >>> Copying template db into nimbus data directory
Aug 12 02:53:13 nimbus-eth1-mainnet-short-benchmark[868635]: >>> Template db copied
Aug 12 02:53:13 nimbus-eth1-mainnet-short-benchmark[868635]: >>> making nimbus the owner of the copied files
Aug 12 02:53:13 nimbus-eth1-mainnet-short-benchmark[868635]: <<< ending copyTemplateDatabase (success)
Aug 12 02:53:13 nimbus-eth1-mainnet-short-benchmark[868635]: >>> starting startNimbusWithImport
Aug 12 02:53:13 nimbus-eth1-mainnet-short-benchmark[900072]: INF 2026-08-12 02:53:13.118+00:00 Launching execution client                 version=v0.3.1-37744efc config="(configFile: none(InputFile), dataDirFlag: some(/data/status-im/nimbus-eth1/data/shared_mainnet_0), era1DirFlag: some(/data/era1), eraDirFlag: some(/data/era), ereDirFlag: none(OutDir), keyStoreDirFlag: none(OutDir), importKey: , trustedSetupFile: none(string), extraData: Nimbus/v0.3.1-37744efc, gasLimit: none(uint64), maxBlobs: none(byte), network: [mainnet], customNetwork: none(NetworkParams), networkId: 1, networkParams: (config: ..., genesis: (nonce: 0x0000000000000042, timestamp: 0, extraData: [17, 187, 232, 219, 78, 52, 123, 78, 140, 147, 124, 28, 131, 112, 228, 181, 237, 51, 173, 179, 219, 105, 203, 219, 122, 56, 225, 229, 11, 27, 130, 250], gasLimit: 5000, difficulty: 17179869184, mixHash: 0x0000000000000000000000000000000000000000000000000000000000000000, coinbase: 0x0000000000000000000000000000000000000000, alloc: 8893, number: 0, gasUser: 0, parentHash: 0x0000000000000000000000000000000000000000000000000000000000000000, baseFeePerGas: none(), blobGasUsed: -1, excessBlobGas: -1, parentBeaconBlockRoot: none())), logLevel: INFO, logFormat: auto, metricsEnabled: false, metricsPort: 9093, metricsAddress: 127.0.0.1, bootstrapNodes: [], elBootstrapNodes: [], bootstrapFile: , elBootstrapFile: , staticPeers: [], staticPeersFile: , reconnectMaxRetry: 0, reconnectInterval: 15, listenAddress: ::, tcpPort: 30303, udpPortFlag: none(Port), maxPeersOpt: none(int), elMaxPeersOpt: none(int), nat: (hasExtIp: false, nat: NatAny), discv5: true, netKey: random, agentString: Nimbus/v0.3.1-37744efc/linux-amd64/Nim-2.2.10, numThreads: 0, persistBatchSize: 4, dynamicBatchSize: false, rocksdbMaxOpenFiles: 2048, rocksdbWriteBufferSize: 67108864, rocksdbRowCacheSize: 0, rocksdbBlockCacheSize: 2147483648, rocksdbBlockCacheType: hyperclock, rdbVtxCacheSize: 536870912, rdbKeyCacheSize: 1342177280, rdbBranchCacheSize: 1073741824, rdbPrintStats: false, rewriteDatadirId: true, aristoDbMaxSnapshots: 5, parallelStateRootComputation: false, parallelSenderRecovery: true, optimisticStatePrefetch: false, balStatePrefetch: false, balStatePrefetchWorkers: 0, balParallelExecution: false, eagerStateRootCheck: false, deserializeFcState: true, statelessProvider: false, statelessWitnessValidation: false, cmd: import, maxBlocks: 1000000, chunkSize: 8192, csvStats: some("/data/host-benchmarks/short/d29777ff99614abfbfa55326854221ef/blocks-import-benchmark.csv"), validation: false, fullValidation: false, storeBodies: false, storeReceipts: false, storeSlotHashes: false)"
Aug 12 02:53:13 nimbus-eth1-mainnet-short-benchmark[900072]: WRN 2026-08-12 02:53:13.118+00:00 Data directory has insecure permissions. Correcting them. data_dir=/data/status-im/nimbus-eth1/data/shared_mainnet_0 current_permissions=0755 required_permissions=0700
Aug 12 02:53:15 nimbus-eth1-mainnet-short-benchmark[900072]: INF 2026-08-12 02:53:15.034+00:00 Taskpool started                           numThreads=16
Aug 12 02:53:15 nimbus-eth1-mainnet-short-benchmark[900072]: INF 2026-08-12 02:53:15.158+00:00 Writing data dir ID                        ID=0x0a036d6f6dfe59156bb6359f0243c93d5a421ed688de5aa85a62d15dca8dbd5c
Aug 12 02:53:15 nimbus-eth1-mainnet-short-benchmark[900072]: INF 2026-08-12 02:53:15.178+00:00 Database initialized                       base="(0xd24fd73f794058a3807db926d8898c6481e902b7edb91ce0d479d6760f276183, 20000000)" finalized="(0xd24fd73f794058a3807db926d8898c6481e902b7edb91ce0d479d6760f276183, 20000000)" head="(0xd4e56740f876aef8c010b86a40d5f56745a118d0906a34e69aec8c0db1cb8fa3, 0)"
Aug 12 02:53:15 nimbus-eth1-mainnet-short-benchmark[900072]: NTC 2026-08-12 02:53:15.178+00:00 Could not open ere database, falling back to era1/era import ereDir=/data/status-im/nimbus-eth1/data/shared_mainnet_0/ere networkName=mainnet error="No ere files found in /data/status-im/nimbus-eth1/data/shared_mainnet_0/ere"
Aug 12 02:53:15 nimbus-eth1-mainnet-short-benchmark[900072]: NTC 2026-08-12 02:53:15.178+00:00 Importing era archive                      blockNumber=20000001 dataDir=/data/status-im/nimbus-eth1/data/shared_mainnet_0 eraDir=/data/era
Aug 12 02:53:17 nimbus-eth1-mainnet-short-benchmark[900072]: NTC 2026-08-12 02:53:17.402+00:00 Matched block to slot number               blockNumber=20000001 slot=9204783
Aug 12 02:59:38 nimbus-eth1-mainnet-short-benchmark[900072]: INF 2026-08-12 02:59:38.804+00:00 Imported blocks                            blockNumber=20008193 slot=9213020 blocks=8192 txs=1226966 mgas=124237 bps=21.35 tps=3198 mgps=323.8 avgBps=21.35 avgTps=3198 avgMGps=323.8 elapsed=6m23s627ms
Aug 12 03:05:20 nimbus-eth1-mainnet-short-benchmark[900072]: INF 2026-08-12 03:05:20.803+00:00 Imported blocks                            blockNumber=20016385 slot=9221256 blocks=16384 txs=2540380 mgas=248071 bps=23.95 tps=3840 mgps=362.1 avgBps=22.58 avgTps=3500 avgMGps=341.9 elapsed=12m5s623ms
Aug 12 03:10:43 nimbus-eth1-mainnet-short-benchmark[900072]: INF 2026-08-12 03:10:43.439+00:00 Imported blocks                            blockNumber=20024577 slot=9229485 blocks=24576 txs=3869398 mgas=372018 bps=25.39 tps=4119 mgps=384.2 avgBps=23.44 avgTps=3691 avgMGps=354.9 elapsed=17m28s260ms
Aug 12 03:15:33 nimbus-eth1-mainnet-short-benchmark[900072]: INF 2026-08-12 03:15:33.903+00:00 Imported blocks                            blockNumber=20032769 slot=9237722 blocks=32768 txs=5222766 mgas=495797 bps=28.20 tps=4659 mgps=426.1 avgBps=24.48 avgTps=3901 avgMGps=370.4 elapsed=22m18s723ms
Aug 12 03:20:12 nimbus-eth1-mainnet-short-benchmark[900072]: INF 2026-08-12 03:20:12.023+00:00 Imported blocks                            blockNumber=20040961 slot=9245957 blocks=40960 txs=6566802 mgas=619586 bps=29.45 tps=4832 mgps=445.1 avgBps=25.33 avgTps=4061 avgMGps=383.2 elapsed=26m56s843ms
Aug 12 03:25:12 nimbus-eth1-mainnet-short-benchmark[900072]: INF 2026-08-12 03:25:12.575+00:00 Imported blocks                            blockNumber=20049153 slot=9254196 blocks=49152 txs=7904746 mgas=743522 bps=27.26 tps=4451 mgps=412.4 avgBps=25.63 avgTps=4122 avgMGps=387.8 elapsed=31m57s396ms
Aug 12 03:30:04 nimbus-eth1-mainnet-short-benchmark[900072]: INF 2026-08-12 03:30:04.066+00:00 Imported blocks                            blockNumber=20057345 slot=9262435 blocks=57344 txs=9212009 mgas=867360 bps=28.10 tps=4484 mgps=424.8 avgBps=25.96 avgTps=4170 avgMGps=392.7 elapsed=36m48s886ms
Aug 12 03:34:35 nimbus-eth1-mainnet-short-benchmark[900072]: INF 2026-08-12 03:34:35.515+00:00 Imported blocks                            blockNumber=20065537 slot=9270674 blocks=65536 txs=10559018 mgas=991371 bps=30.18 tps=4962 mgps=456.8 avgBps=26.42 avgTps=4257 avgMGps=399.7 elapsed=41m20s335ms
Aug 12 03:38:54 nimbus-eth1-mainnet-short-benchmark[900072]: INF 2026-08-12 03:38:54.907+00:00 Imported blocks                            blockNumber=20073729 slot=9278910 blocks=73728 txs=11898676 mgas=1115111 bps=31.58 tps=5164 mgps=477.0 avgBps=26.91 avgTps=4343 avgMGps=407.0 elapsed=45m39s728ms
Aug 12 03:43:00 nimbus-eth1-mainnet-short-benchmark[900072]: INF 2026-08-12 03:43:00.943+00:00 Imported blocks                            blockNumber=20081921 slot=9287152 blocks=81920 txs=13323263 mgas=1239150 bps=33.30 tps=5790 mgps=504.2 avgBps=27.44 avgTps=4462 avgMGps=415.0 elapsed=49m45s762ms
Aug 12 03:47:06 nimbus-eth1-mainnet-short-benchmark[900072]: INF 2026-08-12 03:47:06.396+00:00 Imported blocks                            blockNumber=20090113 slot=9295408 blocks=90112 txs=14697082 mgas=1363113 bps=33.37 tps=5597 mgps=505.0 avgBps=27.89 avgTps=4548 avgMGps=421.9 elapsed=53m51s217ms
Aug 12 03:51:29 nimbus-eth1-mainnet-short-benchmark[900072]: INF 2026-08-12 03:51:29.332+00:00 Imported blocks                            blockNumber=20098305 slot=9303658 blocks=98304 txs=16025683 mgas=1487146 bps=31.16 tps=5052 mgps=471.7 avgBps=28.13 avgTps=4586 avgMGps=425.6 elapsed=58m14s151ms
Aug 12 03:56:02 nimbus-eth1-mainnet-short-benchmark[900072]: INF 2026-08-12 03:56:02.924+00:00 Imported blocks                            blockNumber=20106497 slot=9311895 blocks=106496 txs=17337157 mgas=1611066 bps=29.94 tps=4793 mgps=452.9 avgBps=28.27 avgTps=4601 avgMGps=427.6 elapsed=1h2m47s
Aug 12 04:00:21 nimbus-eth1-mainnet-short-benchmark[900072]: INF 2026-08-12 04:00:21.165+00:00 Imported blocks                            blockNumber=20114689 slot=9320146 blocks=114688 txs=18632097 mgas=1735123 bps=31.72 tps=5014 mgps=480.4 avgBps=28.49 avgTps=4627 avgMGps=431.0 elapsed=1h7m5s
Aug 12 04:04:25 nimbus-eth1-mainnet-short-benchmark[900072]: INF 2026-08-12 04:04:25.985+00:00 Imported blocks                            blockNumber=20122881 slot=9328409 blocks=122880 txs=19937418 mgas=1859249 bps=33.46 tps=5331 mgps=507.0 avgBps=28.77 avgTps=4668 avgMGps=435.3 elapsed=1h11m10s
Aug 12 04:08:28 nimbus-eth1-mainnet-short-benchmark[900072]: INF 2026-08-12 04:08:27.998+00:00 Imported blocks                            blockNumber=20131073 slot=9336660 blocks=131072 txs=21214129 mgas=1983500 bps=33.85 tps=5275 mgps=513.4 avgBps=29.04 avgTps=4700 avgMGps=439.5 elapsed=1h15m12s
Aug 12 04:12:26 nimbus-eth1-mainnet-short-benchmark[900072]: INF 2026-08-12 04:12:26.006+00:00 Imported blocks                            blockNumber=20139265 slot=9344906 blocks=139264 txs=22579079 mgas=2107571 bps=34.42 tps=5734 mgps=521.3 avgBps=29.31 avgTps=4752 avgMGps=443.6 elapsed=1h19m10s
Aug 12 04:17:07 nimbus-eth1-mainnet-short-benchmark[900072]: INF 2026-08-12 04:17:07.786+00:00 Imported blocks                            blockNumber=20147457 slot=9353153 blocks=147456 txs=24133322 mgas=2231686 bps=29.07 tps=5515 mgps=440.5 avgBps=29.30 avgTps=4795 avgMGps=443.4 elapsed=1h23m52s
Aug 12 04:21:43 nimbus-eth1-mainnet-short-benchmark[900072]: INF 2026-08-12 04:21:43.154+00:00 Imported blocks                            blockNumber=20155649 slot=9361407 blocks=155648 txs=25424015 mgas=2356018 bps=29.75 tps=4687 mgps=451.5 avgBps=29.32 avgTps=4789 avgMGps=443.9 elapsed=1h28m27s
Aug 12 04:25:58 nimbus-eth1-mainnet-short-benchmark[900072]: INF 2026-08-12 04:25:58.523+00:00 Imported blocks                            blockNumber=20163841 slot=9369652 blocks=163840 txs=26749549 mgas=2480207 bps=32.08 tps=5190 mgps=486.3 avgBps=29.45 avgTps=4808 avgMGps=445.8 elapsed=1h32m43s
Aug 12 04:30:05 nimbus-eth1-mainnet-short-benchmark[900072]: INF 2026-08-12 04:30:05.311+00:00 Imported blocks                            blockNumber=20172033 slot=9377892 blocks=172032 txs=28105316 mgas=2604026 bps=33.19 tps=5493 mgps=501.7 avgBps=29.61 avgTps=4837 avgMGps=448.2 elapsed=1h36m50s
Aug 12 04:34:17 nimbus-eth1-mainnet-short-benchmark[900072]: INF 2026-08-12 04:34:17.100+00:00 Imported blocks                            blockNumber=20180225 slot=9386128 blocks=180224 txs=29524405 mgas=2728170 bps=32.54 tps=5636 mgps=493.1 avgBps=29.73 avgTps=4870 avgMGps=450.1 elapsed=1h41m1s
Aug 12 04:38:12 nimbus-eth1-mainnet-short-benchmark[900072]: INF 2026-08-12 04:38:12.156+00:00 Imported blocks                            blockNumber=20188417 slot=9394365 blocks=188416 txs=30849021 mgas=2852023 bps=34.85 tps=5635 mgps=526.9 avgBps=29.92 avgTps=4899 avgMGps=452.9 elapsed=1h44m56s
Aug 12 04:42:31 nimbus-eth1-mainnet-short-benchmark[900072]: INF 2026-08-12 04:42:31.945+00:00 Imported blocks                            blockNumber=20196609 slot=9402602 blocks=196608 txs=32174755 mgas=2976155 bps=31.53 tps=5103 mgps=477.8 avgBps=29.99 avgTps=4907 avgMGps=453.9 elapsed=1h49m16s
Aug 12 04:47:08 nimbus-eth1-mainnet-short-benchmark[900072]: INF 2026-08-12 04:47:08.301+00:00 Imported blocks                            blockNumber=20204801 slot=9410840 blocks=204800 txs=33475942 mgas=3100410 bps=29.64 tps=4708 mgps=449.6 avgBps=29.97 avgTps=4899 avgMGps=453.7 elapsed=1h53m53s
Aug 12 04:51:20 nimbus-eth1-mainnet-short-benchmark[900072]: INF 2026-08-12 04:51:20.825+00:00 Imported blocks                            blockNumber=20212993 slot=9419071 blocks=212992 txs=34798508 mgas=3224370 bps=32.44 tps=5237 mgps=490.9 avgBps=30.06 avgTps=4911 avgMGps=455.1 elapsed=1h58m5s
Aug 12 04:55:29 nimbus-eth1-mainnet-short-benchmark[900072]: INF 2026-08-12 04:55:29.349+00:00 Imported blocks                            blockNumber=20221185 slot=9427313 blocks=221184 txs=36114045 mgas=3348169 bps=32.96 tps=5293 mgps=498.1 avgBps=30.16 avgTps=4924 avgMGps=456.5 elapsed=2h2m14s
Aug 12 04:59:17 nimbus-eth1-mainnet-short-benchmark[900072]: INF 2026-08-12 04:59:17.670+00:00 Imported blocks                            blockNumber=20229377 slot=9435549 blocks=229376 txs=37421794 mgas=3472031 bps=35.88 tps=5727 mgps=542.5 avgBps=30.33 avgTps=4948 avgMGps=459.1 elapsed=2h6m2s
Aug 12 05:03:15 nimbus-eth1-mainnet-short-benchmark[900072]: INF 2026-08-12 05:03:15.331+00:00 Imported blocks                            blockNumber=20237569 slot=9443788 blocks=237568 txs=38842064 mgas=3596351 bps=34.47 tps=5976 mgps=523.1 avgBps=30.46 avgTps=4979 avgMGps=461.1 elapsed=2h10m150ms
Aug 12 05:07:32 nimbus-eth1-mainnet-short-benchmark[900072]: INF 2026-08-12 05:07:32.779+00:00 Imported blocks                            blockNumber=20245761 slot=9452021 blocks=245760 txs=40225739 mgas=3720100 bps=31.82 tps=5374 mgps=480.7 avgBps=30.50 avgTps=4992 avgMGps=461.7 elapsed=2h14m17s
Aug 12 05:12:05 nimbus-eth1-mainnet-short-benchmark[900072]: INF 2026-08-12 05:12:05.135+00:00 Imported blocks                            blockNumber=20253953 slot=9460253 blocks=253952 txs=41454921 mgas=3844385 bps=30.08 tps=4513 mgps=456.3 avgBps=30.49 avgTps=4976 avgMGps=461.5 elapsed=2h18m49s
Aug 12 05:16:25 nimbus-eth1-mainnet-short-benchmark[900072]: INF 2026-08-12 05:16:25.360+00:00 Imported blocks                            blockNumber=20262145 slot=9468495 blocks=262144 txs=42726051 mgas=3968623 bps=31.48 tps=4884 mgps=477.4 avgBps=30.52 avgTps=4973 avgMGps=462.0 elapsed=2h23m10s
Aug 12 05:20:28 nimbus-eth1-mainnet-short-benchmark[900072]: INF 2026-08-12 05:20:28.472+00:00 Imported blocks                            blockNumber=20270337 slot=9476748 blocks=270336 txs=44050436 mgas=4092682 bps=33.70 tps=5447 mgps=510.3 avgBps=30.60 avgTps=4986 avgMGps=463.3 elapsed=2h27m13s
Aug 12 05:24:16 nimbus-eth1-mainnet-short-benchmark[900072]: INF 2026-08-12 05:24:16.677+00:00 Imported blocks                            blockNumber=20278529 slot=9484981 blocks=278528 txs=45382368 mgas=4216487 bps=35.90 tps=5836 mgps=542.5 avgBps=30.74 avgTps=5008 avgMGps=465.3 elapsed=2h31m1s
Aug 12 05:28:09 nimbus-eth1-mainnet-short-benchmark[900072]: INF 2026-08-12 05:28:09.942+00:00 Imported blocks                            blockNumber=20286721 slot=9493213 blocks=286720 txs=46733429 mgas=4340363 bps=35.12 tps=5792 mgps=531.1 avgBps=30.85 avgTps=5027 avgMGps=467.0 elapsed=2h34m54s
Aug 12 05:32:24 nimbus-eth1-mainnet-short-benchmark[900072]: INF 2026-08-12 05:32:24.430+00:00 Imported blocks                            blockNumber=20294913 slot=9501453 blocks=294912 txs=48075887 mgas=4464376 bps=32.19 tps=5275 mgps=487.3 avgBps=30.88 avgTps=5034 avgMGps=467.5 elapsed=2h39m9s
Aug 12 05:36:34 nimbus-eth1-mainnet-short-benchmark[900072]: INF 2026-08-12 05:36:34.830+00:00 Imported blocks                            blockNumber=20303105 slot=9509696 blocks=303104 txs=49379538 mgas=4588534 bps=32.72 tps=5206 mgps=495.8 avgBps=30.93 avgTps=5038 avgMGps=468.2 elapsed=2h43m19s
Aug 12 05:40:36 nimbus-eth1-mainnet-short-benchmark[900072]: INF 2026-08-12 05:40:36.991+00:00 Imported blocks                            blockNumber=20311297 slot=9517922 blocks=311296 txs=50637672 mgas=4712596 bps=33.83 tps=5195 mgps=512.3 avgBps=31.00 avgTps=5042 avgMGps=469.3 elapsed=2h47m21s
Aug 12 05:44:30 nimbus-eth1-mainnet-short-benchmark[900072]: INF 2026-08-12 05:44:30.576+00:00 Imported blocks                            blockNumber=20319489 slot=9526159 blocks=319488 txs=51981692 mgas=4836521 bps=35.07 tps=5753 mgps=530.5 avgBps=31.09 avgTps=5058 avgMGps=470.7 elapsed=2h51m15s
Aug 12 05:48:04 nimbus-eth1-mainnet-short-benchmark[900072]: INF 2026-08-12 05:48:04.889+00:00 Imported blocks                            blockNumber=20327681 slot=9534381 blocks=327680 txs=53356123 mgas=4960245 bps=38.22 tps=6413 mgps=577.3 avgBps=31.24 avgTps=5086 avgMGps=472.9 elapsed=2h54m49s
Aug 12 05:51:37 nimbus-eth1-mainnet-short-benchmark[900072]: INF 2026-08-12 05:51:37.930+00:00 Imported blocks                            blockNumber=20335873 slot=9542617 blocks=335872 txs=54719105 mgas=5084025 bps=38.45 tps=6397 mgps=581.0 avgBps=31.38 avgTps=5112 avgMGps=475.0 elapsed=2h58m22s
Aug 12 05:55:31 nimbus-eth1-mainnet-short-benchmark[900072]: INF 2026-08-12 05:55:31.570+00:00 Imported blocks                            blockNumber=20344065 slot=9550841 blocks=344064 txs=56021853 mgas=5207843 bps=35.06 tps=5575 mgps=530.0 avgBps=31.46 avgTps=5122 avgMGps=476.2 elapsed=3h2m16s
Aug 12 05:59:56 nimbus-eth1-mainnet-short-benchmark[900072]: INF 2026-08-12 05:59:56.242+00:00 Imported blocks                            blockNumber=20352257 slot=9559072 blocks=352256 txs=57290408 mgas=5332016 bps=30.95 tps=4792 mgps=469.2 avgBps=31.45 avgTps=5114 avgMGps=476.0 elapsed=3h6m41s
Aug 12 06:03:58 nimbus-eth1-mainnet-short-benchmark[900072]: INF 2026-08-12 06:03:58.675+00:00 Imported blocks                            blockNumber=20360449 slot=9567308 blocks=360448 txs=58543463 mgas=5456201 bps=33.79 tps=5168 mgps=512.2 avgBps=31.50 avgTps=5115 avgMGps=476.8 elapsed=3h10m43s
Aug 12 06:07:52 nimbus-eth1-mainnet-short-benchmark[900072]: INF 2026-08-12 06:07:52.212+00:00 Imported blocks                            blockNumber=20368641 slot=9575548 blocks=368640 txs=59874056 mgas=5580204 bps=35.08 tps=5697 mgps=531.0 avgBps=31.57 avgTps=5127 avgMGps=477.9 elapsed=3h14m37s
Aug 12 06:11:55 nimbus-eth1-mainnet-short-benchmark[900072]: INF 2026-08-12 06:11:55.020+00:00 Imported blocks                            blockNumber=20376833 slot=9583774 blocks=376832 txs=61167066 mgas=5704396 bps=33.74 tps=5325 mgps=511.5 avgBps=31.61 avgTps=5131 avgMGps=478.6 elapsed=3h18m39s
Aug 12 06:15:53 nimbus-eth1-mainnet-short-benchmark[900072]: INF 2026-08-12 06:15:53.085+00:00 Imported blocks                            blockNumber=20385025 slot=9592009 blocks=385024 txs=62480333 mgas=5828235 bps=34.41 tps=5516 mgps=520.2 avgBps=31.67 avgTps=5139 avgMGps=479.4 elapsed=3h22m37s
Aug 12 06:19:47 nimbus-eth1-mainnet-short-benchmark[900072]: INF 2026-08-12 06:19:47.673+00:00 Imported blocks                            blockNumber=20393217 slot=9600248 blocks=393216 txs=63800597 mgas=5952136 bps=34.92 tps=5627 mgps=528.2 avgBps=31.73 avgTps=5148 avgMGps=480.3 elapsed=3h26m32s
Aug 12 06:23:33 nimbus-eth1-mainnet-short-benchmark[900072]: INF 2026-08-12 06:23:33.794+00:00 Imported blocks                            blockNumber=20401409 slot=9608486 blocks=401408 txs=65021243 mgas=6076384 bps=36.23 tps=5398 mgps=549.5 avgBps=31.81 avgTps=5152 avgMGps=481.5 elapsed=3h30m18s
Aug 12 06:27:34 nimbus-eth1-mainnet-short-benchmark[900072]: INF 2026-08-12 06:27:34.963+00:00 Imported blocks                            blockNumber=20409601 slot=9616707 blocks=409600 txs=66199016 mgas=6200666 bps=33.97 tps=4883 mgps=515.3 avgBps=31.85 avgTps=5147 avgMGps=482.2 elapsed=3h34m19s
Aug 12 06:31:28 nimbus-eth1-mainnet-short-benchmark[900072]: INF 2026-08-12 06:31:28.995+00:00 Imported blocks                            blockNumber=20417793 slot=9624941 blocks=417792 txs=67453930 mgas=6324823 bps=35.00 tps=5362 mgps=530.5 avgBps=31.91 avgTps=5151 avgMGps=483.0 elapsed=3h38m13s
Aug 12 06:34:56 nimbus-eth1-mainnet-short-benchmark[900072]: INF 2026-08-12 06:34:56.604+00:00 Imported blocks                            blockNumber=20425985 slot=9633187 blocks=425984 txs=68814904 mgas=6448778 bps=39.46 tps=6555 mgps=597.1 avgBps=32.03 avgTps=5173 avgMGps=484.8 elapsed=3h41m41s
Aug 12 06:38:23 nimbus-eth1-mainnet-short-benchmark[900072]: INF 2026-08-12 06:38:23.122+00:00 Imported blocks                            blockNumber=20434177 slot=9641422 blocks=434176 txs=70124508 mgas=6572711 bps=39.67 tps=6341 mgps=600.1 avgBps=32.14 avgTps=5191 avgMGps=486.6 elapsed=3h45m7s
Aug 12 06:42:01 nimbus-eth1-mainnet-short-benchmark[900072]: INF 2026-08-12 06:42:01.794+00:00 Imported blocks                            blockNumber=20442369 slot=9649657 blocks=442368 txs=71403576 mgas=6696451 bps=37.46 tps=5849 mgps=565.9 avgBps=32.23 avgTps=5201 avgMGps=487.8 elapsed=3h48m46s
Aug 12 06:46:00 nimbus-eth1-mainnet-short-benchmark[900072]: INF 2026-08-12 06:46:00.699+00:00 Imported blocks                            blockNumber=20450561 slot=9657896 blocks=450560 txs=72659905 mgas=6820521 bps=34.29 tps=5258 mgps=519.3 avgBps=32.26 avgTps=5202 avgMGps=488.4 elapsed=3h52m45s
Aug 12 06:50:18 nimbus-eth1-mainnet-short-benchmark[900072]: INF 2026-08-12 06:50:18.703+00:00 Imported blocks                            blockNumber=20458753 slot=9666114 blocks=458752 txs=73838533 mgas=6945116 bps=31.75 tps=4568 mgps=482.9 avgBps=32.25 avgTps=5191 avgMGps=488.3 elapsed=3h57m3s
Aug 12 06:54:15 nimbus-eth1-mainnet-short-benchmark[900072]: INF 2026-08-12 06:54:15.400+00:00 Imported blocks                            blockNumber=20466945 slot=9674343 blocks=466944 txs=75124748 mgas=7068943 bps=34.61 tps=5433 mgps=523.1 avgBps=32.29 avgTps=5195 avgMGps=488.9 elapsed=4h1m221ms
Aug 12 06:58:07 nimbus-eth1-mainnet-short-benchmark[900072]: INF 2026-08-12 06:58:07.189+00:00 Imported blocks                            blockNumber=20475137 slot=9682575 blocks=475136 txs=76420106 mgas=7192870 bps=35.34 tps=5588 mgps=534.7 avgBps=32.34 avgTps=5201 avgMGps=489.6 elapsed=4h4m52s
Aug 12 07:01:49 nimbus-eth1-mainnet-short-benchmark[900072]: INF 2026-08-12 07:01:49.117+00:00 Imported blocks                            blockNumber=20483329 slot=9690800 blocks=483328 txs=77675422 mgas=7316939 bps=36.91 tps=5656 mgps=559.0 avgBps=32.41 avgTps=5208 avgMGps=490.6 elapsed=4h8m33s
Aug 12 07:05:29 nimbus-eth1-mainnet-short-benchmark[900072]: INF 2026-08-12 07:05:29.318+00:00 Imported blocks                            blockNumber=20491521 slot=9699019 blocks=491520 txs=78951232 mgas=7440784 bps=37.20 tps=5793 mgps=562.4 avgBps=32.48 avgTps=5216 avgMGps=491.7 elapsed=4h12m14s
Aug 12 07:09:24 nimbus-eth1-mainnet-short-benchmark[900072]: INF 2026-08-12 07:09:24.943+00:00 Imported blocks                            blockNumber=20499713 slot=9707248 blocks=499712 txs=80189642 mgas=7564669 bps=34.77 tps=5255 mgps=525.8 avgBps=32.51 avgTps=5217 avgMGps=492.2 elapsed=4h16m9s
Aug 12 07:13:25 nimbus-eth1-mainnet-short-benchmark[900072]: INF 2026-08-12 07:13:25.364+00:00 Imported blocks                            blockNumber=20507905 slot=9715488 blocks=507904 txs=81317763 mgas=7689208 bps=34.07 tps=4692 mgps=518.0 avgBps=32.54 avgTps=5209 avgMGps=492.6 elapsed=4h20m10s
Aug 12 07:17:00 nimbus-eth1-mainnet-short-benchmark[900072]: INF 2026-08-12 07:17:00.808+00:00 Imported blocks                            blockNumber=20516097 slot=9723715 blocks=516096 txs=82520262 mgas=7813209 bps=38.02 tps=5581 mgps=575.6 avgBps=32.61 avgTps=5214 avgMGps=493.7 elapsed=4h23m45s
Aug 12 07:20:46 nimbus-eth1-mainnet-short-benchmark[900072]: INF 2026-08-12 07:20:46.945+00:00 Imported blocks                            blockNumber=20524289 slot=9731945 blocks=524288 txs=83780075 mgas=7937233 bps=36.23 tps=5570 mgps=548.4 avgBps=32.66 avgTps=5219 avgMGps=494.5 elapsed=4h27m31s
Aug 12 07:24:36 nimbus-eth1-mainnet-short-benchmark[900072]: INF 2026-08-12 07:24:36.262+00:00 Imported blocks                            blockNumber=20532481 slot=9740183 blocks=532480 txs=85263862 mgas=8061024 bps=35.72 tps=6470 mgps=539.8 avgBps=32.71 avgTps=5236 avgMGps=495.1 elapsed=4h31m21s
Aug 12 07:28:34 nimbus-eth1-mainnet-short-benchmark[900072]: INF 2026-08-12 07:28:34.863+00:00 Imported blocks                            blockNumber=20540673 slot=9748418 blocks=540672 txs=86612143 mgas=8185090 bps=34.33 tps=5650 mgps=520.0 avgBps=32.73 avgTps=5242 avgMGps=495.5 elapsed=4h35m19s
Aug 12 07:32:37 nimbus-eth1-mainnet-short-benchmark[900072]: INF 2026-08-12 07:32:37.195+00:00 Imported blocks                            blockNumber=20548865 slot=9756662 blocks=548864 txs=87802991 mgas=8309513 bps=33.81 tps=4914 mgps=513.4 avgBps=32.74 avgTps=5238 avgMGps=495.7 elapsed=4h39m22s
Aug 12 07:36:38 nimbus-eth1-mainnet-short-benchmark[900072]: INF 2026-08-12 07:36:38.788+00:00 Imported blocks                            blockNumber=20557057 slot=9764892 blocks=557056 txs=88964987 mgas=8433956 bps=33.91 tps=4809 mgps=515.1 avgBps=32.76 avgTps=5232 avgMGps=496.0 elapsed=4h43m23s
Aug 12 07:40:28 nimbus-eth1-mainnet-short-benchmark[900072]: INF 2026-08-12 07:40:28.736+00:00 Imported blocks                            blockNumber=20565249 slot=9773131 blocks=565248 txs=90186094 mgas=8558113 bps=35.62 tps=5310 mgps=539.9 avgBps=32.80 avgTps=5233 avgMGps=496.6 elapsed=4h47m13s
Aug 12 07:44:21 nimbus-eth1-mainnet-short-benchmark[900072]: INF 2026-08-12 07:44:21.221+00:00 Imported blocks                            blockNumber=20573441 slot=9781369 blocks=573440 txs=91404654 mgas=8682228 bps=35.24 tps=5241 mgps=533.9 avgBps=32.83 avgTps=5233 avgMGps=497.1 elapsed=4h51m6s
Aug 12 07:48:08 nimbus-eth1-mainnet-short-benchmark[900072]: INF 2026-08-12 07:48:08.074+00:00 Imported blocks                            blockNumber=20581633 slot=9789611 blocks=581632 txs=92628389 mgas=8806651 bps=36.11 tps=5394 mgps=548.5 avgBps=32.87 avgTps=5235 avgMGps=497.8 elapsed=4h54m52s
Aug 12 07:52:01 nimbus-eth1-mainnet-short-benchmark[900072]: INF 2026-08-12 07:52:01.646+00:00 Imported blocks                            blockNumber=20589825 slot=9797855 blocks=589824 txs=93887208 mgas=8931023 bps=35.07 tps=5389 mgps=532.5 avgBps=32.90 avgTps=5237 avgMGps=498.2 elapsed=4h58m46s
Aug 12 07:55:58 nimbus-eth1-mainnet-short-benchmark[900072]: INF 2026-08-12 07:55:58.151+00:00 Imported blocks                            blockNumber=20598017 slot=9806095 blocks=598016 txs=95163338 mgas=9055310 bps=34.64 tps=5395 mgps=525.5 avgBps=32.93 avgTps=5239 avgMGps=498.6 elapsed=5h2m42s
Aug 12 07:59:58 nimbus-eth1-mainnet-short-benchmark[900072]: INF 2026-08-12 07:59:58.276+00:00 Imported blocks                            blockNumber=20606209 slot=9814347 blocks=606208 txs=96334664 mgas=9179976 bps=34.12 tps=4878 mgps=519.2 avgBps=32.94 avgTps=5234 avgMGps=498.8 elapsed=5h6m43s
Aug 12 08:03:45 nimbus-eth1-mainnet-short-benchmark[900072]: INF 2026-08-12 08:03:45.900+00:00 Imported blocks                            blockNumber=20614401 slot=9822581 blocks=614400 txs=97573414 mgas=9304574 bps=35.99 tps=5441 mgps=547.4 avgBps=32.98 avgTps=5237 avgMGps=499.4 elapsed=5h10m30s
Aug 12 08:07:35 nimbus-eth1-mainnet-short-benchmark[900072]: INF 2026-08-12 08:07:35.421+00:00 Imported blocks                            blockNumber=20622593 slot=9830821 blocks=622592 txs=98874772 mgas=9428835 bps=35.69 tps=5669 mgps=541.4 avgBps=33.01 avgTps=5242 avgMGps=499.9 elapsed=5h14m20s
Aug 12 08:11:17 nimbus-eth1-mainnet-short-benchmark[900072]: INF 2026-08-12 08:11:17.250+00:00 Imported blocks                            blockNumber=20630785 slot=9839058 blocks=630784 txs=100178707 mgas=9553009 bps=36.93 tps=5878 mgps=559.8 avgBps=33.06 avgTps=5249 avgMGps=500.6 elapsed=5h18m2s
Aug 12 08:15:09 nimbus-eth1-mainnet-short-benchmark[900072]: INF 2026-08-12 08:15:09.759+00:00 Imported blocks                            blockNumber=20638977 slot=9847313 blocks=638976 txs=101489116 mgas=9677171 bps=35.23 tps=5635 mgps=534.0 avgBps=33.08 avgTps=5254 avgMGps=501.0 elapsed=5h21m54s
Aug 12 08:18:59 nimbus-eth1-mainnet-short-benchmark[900072]: INF 2026-08-12 08:18:59.275+00:00 Imported blocks                            blockNumber=20647169 slot=9855549 blocks=647168 txs=102730058 mgas=9801643 bps=35.69 tps=5406 mgps=542.3 avgBps=33.11 avgTps=5256 avgMGps=501.5 elapsed=5h25m44s
Aug 12 08:23:01 nimbus-eth1-mainnet-short-benchmark[900072]: INF 2026-08-12 08:23:01.008+00:00 Imported blocks                            blockNumber=20655361 slot=9863778 blocks=655360 txs=103868002 mgas=9926541 bps=33.89 tps=4707 mgps=516.7 avgBps=33.12 avgTps=5249 avgMGps=501.7 elapsed=5h29m45s
Aug 12 08:26:46 nimbus-eth1-mainnet-short-benchmark[900072]: INF 2026-08-12 08:26:46.337+00:00 Imported blocks                            blockNumber=20663553 slot=9872013 blocks=663552 txs=105112198 mgas=10051274 bps=36.36 tps=5521 mgps=553.5 avgBps=33.16 avgTps=5252 avgMGps=502.3 elapsed=5h33m31s
Aug 12 08:30:21 nimbus-eth1-mainnet-short-benchmark[900072]: INF 2026-08-12 08:30:21.978+00:00 Imported blocks                            blockNumber=20671745 slot=9880241 blocks=671744 txs=106395904 mgas=10175177 bps=37.99 tps=5953 mgps=574.6 avgBps=33.21 avgTps=5260 avgMGps=503.1 elapsed=5h37m6s
Aug 12 08:34:02 nimbus-eth1-mainnet-short-benchmark[900072]: INF 2026-08-12 08:34:02.566+00:00 Imported blocks                            blockNumber=20679937 slot=9888471 blocks=679936 txs=107674271 mgas=10299404 bps=37.14 tps=5795 mgps=563.2 avgBps=33.25 avgTps=5265 avgMGps=503.7 elapsed=5h40m47s
Aug 12 08:37:33 nimbus-eth1-mainnet-short-benchmark[900072]: INF 2026-08-12 08:37:33.515+00:00 Imported blocks                            blockNumber=20688129 slot=9896698 blocks=688128 txs=108938536 mgas=10423298 bps=38.83 tps=5993 mgps=587.3 avgBps=33.31 avgTps=5273 avgMGps=504.6 elapsed=5h44m18s
Aug 12 08:41:17 nimbus-eth1-mainnet-short-benchmark[900072]: INF 2026-08-12 08:41:17.976+00:00 Imported blocks                            blockNumber=20696321 slot=9904930 blocks=696320 txs=110235786 mgas=10547469 bps=36.50 tps=5779 mgps=553.2 avgBps=33.34 avgTps=5278 avgMGps=505.1 elapsed=5h48m2s
Aug 12 08:45:19 nimbus-eth1-mainnet-short-benchmark[900072]: INF 2026-08-12 08:45:19.181+00:00 Imported blocks                            blockNumber=20704513 slot=9913154 blocks=704512 txs=111483759 mgas=10671677 bps=33.96 tps=5173 mgps=514.9 avgBps=33.35 avgTps=5277 avgMGps=505.2 elapsed=5h52m4s
Aug 12 08:49:07 nimbus-eth1-mainnet-short-benchmark[900072]: INF 2026-08-12 08:49:07.397+00:00 Imported blocks                            blockNumber=20712705 slot=9921388 blocks=712704 txs=112764170 mgas=10795980 bps=35.90 tps=5610 mgps=544.7 avgBps=33.38 avgTps=5281 avgMGps=505.6 elapsed=5h55m52s
Aug 12 08:52:40 nimbus-eth1-mainnet-short-benchmark[900072]: INF 2026-08-12 08:52:40.538+00:00 Imported blocks                            blockNumber=20720897 slot=9929633 blocks=720896 txs=114110517 mgas=10919926 bps=38.43 tps=6316 mgps=581.5 avgBps=33.43 avgTps=5291 avgMGps=506.4 elapsed=5h59m25s
Aug 12 08:56:20 nimbus-eth1-mainnet-short-benchmark[900072]: INF 2026-08-12 08:56:20.675+00:00 Imported blocks                            blockNumber=20729089 slot=9937869 blocks=729088 txs=115449431 mgas=11043768 bps=37.21 tps=6082 mgps=562.6 avgBps=33.47 avgTps=5299 avgMGps=506.9 elapsed=6h3m5s
Aug 12 08:59:52 nimbus-eth1-mainnet-short-benchmark[900072]: INF 2026-08-12 08:59:52.908+00:00 Imported blocks                            blockNumber=20737281 slot=9946108 blocks=737280 txs=116784468 mgas=11167784 bps=38.60 tps=6290 mgps=584.3 avgBps=33.52 avgTps=5308 avgMGps=507.7 elapsed=6h6m37s
Aug 12 09:03:34 nimbus-eth1-mainnet-short-benchmark[900072]: INF 2026-08-12 09:03:34.665+00:00 Imported blocks                            blockNumber=20745473 slot=9954342 blocks=745472 txs=118101003 mgas=11291742 bps=36.94 tps=5936 mgps=559.0 avgBps=33.55 avgTps=5315 avgMGps=508.2 elapsed=6h10m19s
Aug 12 09:07:33 nimbus-eth1-mainnet-short-benchmark[900072]: INF 2026-08-12 09:07:33.021+00:00 Imported blocks                            blockNumber=20753665 slot=9962581 blocks=753664 txs=119337525 mgas=11415859 bps=34.37 tps=5187 mgps=520.7 avgBps=33.56 avgTps=5313 avgMGps=508.3 elapsed=6h14m17s
Aug 12 09:11:21 nimbus-eth1-mainnet-short-benchmark[900072]: INF 2026-08-12 09:11:21.714+00:00 Imported blocks                            blockNumber=20761857 slot=9970803 blocks=761856 txs=120564314 mgas=11540225 bps=35.82 tps=5364 mgps=543.8 avgBps=33.58 avgTps=5314 avgMGps=508.7 elapsed=6h18m6s
Aug 12 09:14:55 nimbus-eth1-mainnet-short-benchmark[900072]: INF 2026-08-12 09:14:55.695+00:00 Imported blocks                            blockNumber=20770049 slot=9979058 blocks=770048 txs=121858083 mgas=11663918 bps=38.28 tps=6046 mgps=578.1 avgBps=33.63 avgTps=5321 avgMGps=509.3 elapsed=6h21m40s
Aug 12 09:18:20 nimbus-eth1-mainnet-short-benchmark[900072]: INF 2026-08-12 09:18:20.456+00:00 Imported blocks                            blockNumber=20778241 slot=9987307 blocks=778240 txs=123161734 mgas=11787906 bps=40.01 tps=6366 mgps=605.5 avgBps=33.68 avgTps=5330 avgMGps=510.2 elapsed=6h25m5s
Aug 12 09:21:40 nimbus-eth1-mainnet-short-benchmark[900072]: INF 2026-08-12 09:21:40.509+00:00 Imported blocks                            blockNumber=20786433 slot=9995542 blocks=786432 txs=124509456 mgas=11911612 bps=40.95 tps=6736 mgps=618.3 avgBps=33.74 avgTps=5342 avgMGps=511.1 elapsed=6h28m25s
Aug 12 09:25:05 nimbus-eth1-mainnet-short-benchmark[900072]: INF 2026-08-12 09:25:05.754+00:00 Imported blocks                            blockNumber=20794625 slot=10003781 blocks=794624 txs=125848921 mgas=12035338 bps=39.91 tps=6526 mgps=602.8 avgBps=33.80 avgTps=5352 avgMGps=511.9 elapsed=6h31m50s
Aug 12 09:28:36 nimbus-eth1-mainnet-short-benchmark[900072]: INF 2026-08-12 09:28:36.243+00:00 Imported blocks                            blockNumber=20802817 slot=10012028 blocks=802816 txs=127089868 mgas=12158989 bps=38.92 tps=5895 mgps=587.4 avgBps=33.84 avgTps=5357 avgMGps=512.6 elapsed=6h35m21s
Aug 12 09:32:15 nimbus-eth1-mainnet-short-benchmark[900072]: INF 2026-08-12 09:32:15.200+00:00 Imported blocks                            blockNumber=20811009 slot=10020249 blocks=811008 txs=128299762 mgas=12282850 bps=37.41 tps=5525 mgps=565.7 avgBps=33.88 avgTps=5359 avgMGps=513.1 elapsed=6h39m18ms
Aug 12 09:35:39 nimbus-eth1-mainnet-short-benchmark[900072]: INF 2026-08-12 09:35:39.781+00:00 Imported blocks                            blockNumber=20819201 slot=10028481 blocks=819200 txs=129596319 mgas=12406594 bps=40.04 tps=6337 mgps=604.9 avgBps=33.93 avgTps=5367 avgMGps=513.8 elapsed=6h42m24s
Aug 12 09:39:03 nimbus-eth1-mainnet-short-benchmark[900072]: INF 2026-08-12 09:39:03.830+00:00 Imported blocks                            blockNumber=20827393 slot=10036710 blocks=827392 txs=130916729 mgas=12530249 bps=40.15 tps=6471 mgps=606.0 avgBps=33.98 avgTps=5376 avgMGps=514.6 elapsed=6h45m48s
Aug 12 09:42:28 nimbus-eth1-mainnet-short-benchmark[900072]: INF 2026-08-12 09:42:28.119+00:00 Imported blocks                            blockNumber=20835585 slot=10044938 blocks=835584 txs=132226625 mgas=12654070 bps=40.10 tps=6412 mgps=606.1 avgBps=34.03 avgTps=5385 avgMGps=515.4 elapsed=6h49m12s
Aug 12 09:46:07 nimbus-eth1-mainnet-short-benchmark[900072]: INF 2026-08-12 09:46:07.264+00:00 Imported blocks                            blockNumber=20843777 slot=10053164 blocks=843776 txs=133604192 mgas=12777730 bps=37.38 tps=6286 mgps=564.3 avgBps=34.06 avgTps=5393 avgMGps=515.8 elapsed=6h52m52s
Aug 12 09:50:10 nimbus-eth1-mainnet-short-benchmark[900072]: INF 2026-08-12 09:50:10.321+00:00 Imported blocks                            blockNumber=20851969 slot=10061391 blocks=851968 txs=134900706 mgas=12901664 bps=33.70 tps=5334 mgps=509.9 avgBps=34.06 avgTps=5392 avgMGps=515.8 elapsed=6h56m55s
Aug 12 09:54:01 nimbus-eth1-mainnet-short-benchmark[900072]: INF 2026-08-12 09:54:01.665+00:00 Imported blocks                            blockNumber=20860161 slot=10069622 blocks=860160 txs=136168750 mgas=13025603 bps=35.41 tps=5481 mgps=535.7 avgBps=34.07 avgTps=5393 avgMGps=515.9 elapsed=7h46s488ms
Aug 12 09:57:49 nimbus-eth1-mainnet-short-benchmark[900072]: INF 2026-08-12 09:57:49.170+00:00 Imported blocks                            blockNumber=20868353 slot=10077838 blocks=868352 txs=137550724 mgas=13149742 bps=36.01 tps=6074 mgps=545.7 avgBps=34.09 avgTps=5399 avgMGps=516.2 elapsed=7h4m33s
Aug 12 10:01:34 nimbus-eth1-mainnet-short-benchmark[900072]: INF 2026-08-12 10:01:34.395+00:00 Imported blocks                            blockNumber=20876545 slot=10086066 blocks=876544 txs=138954673 mgas=13273457 bps=36.37 tps=6233 mgps=549.3 avgBps=34.11 avgTps=5406 avgMGps=516.5 elapsed=7h8m19s
Aug 12 10:05:15 nimbus-eth1-mainnet-short-benchmark[900072]: INF 2026-08-12 10:05:15.744+00:00 Imported blocks                            blockNumber=20884737 slot=10094286 blocks=884736 txs=140256178 mgas=13397479 bps=37.01 tps=5879 mgps=560.3 avgBps=34.13 avgTps=5411 avgMGps=516.9 elapsed=7h12m563ms
Aug 12 10:08:50 nimbus-eth1-mainnet-short-benchmark[900072]: INF 2026-08-12 10:08:50.428+00:00 Imported blocks                            blockNumber=20892929 slot=10102512 blocks=892928 txs=141581868 mgas=13521575 bps=38.16 tps=6174 mgps=578.0 avgBps=34.17 avgTps=5417 avgMGps=517.4 elapsed=7h15m35s
Aug 12 10:12:25 nimbus-eth1-mainnet-short-benchmark[900072]: INF 2026-08-12 10:12:25.869+00:00 Imported blocks                            blockNumber=20901121 slot=10110732 blocks=901120 txs=142875889 mgas=13645572 bps=38.02 tps=6006 mgps=575.6 avgBps=34.20 avgTps=5422 avgMGps=517.8 elapsed=7h19m10s
Aug 12 10:16:01 nimbus-eth1-mainnet-short-benchmark[900072]: INF 2026-08-12 10:16:01.158+00:00 Imported blocks                            blockNumber=20909313 slot=10118953 blocks=909312 txs=144102308 mgas=13769390 bps=38.05 tps=5696 mgps=575.1 avgBps=34.23 avgTps=5424 avgMGps=518.3 elapsed=7h22m45s
Aug 12 10:19:31 nimbus-eth1-mainnet-short-benchmark[900072]: INF 2026-08-12 10:19:31.359+00:00 Imported blocks                            blockNumber=20917505 slot=10127176 blocks=917504 txs=145406349 mgas=13893087 bps=38.97 tps=6203 mgps=588.5 avgBps=34.27 avgTps=5430 avgMGps=518.9 elapsed=7h26m16s
Aug 12 10:22:53 nimbus-eth1-mainnet-short-benchmark[900072]: INF 2026-08-12 10:22:53.540+00:00 Imported blocks                            blockNumber=20925697 slot=10135394 blocks=925696 txs=146718394 mgas=14016820 bps=40.52 tps=6489 mgps=612.0 avgBps=34.31 avgTps=5438 avgMGps=519.6 elapsed=7h29m38s
Aug 12 10:26:27 nimbus-eth1-mainnet-short-benchmark[900072]: INF 2026-08-12 10:26:27.133+00:00 Imported blocks                            blockNumber=20933889 slot=10143614 blocks=933888 txs=148049109 mgas=14140625 bps=38.35 tps=6230 mgps=579.6 avgBps=34.34 avgTps=5444 avgMGps=520.0 elapsed=7h33m11s
Aug 12 10:29:54 nimbus-eth1-mainnet-short-benchmark[900072]: INF 2026-08-12 10:29:54.966+00:00 Imported blocks                            blockNumber=20942081 slot=10151840 blocks=942080 txs=149397364 mgas=14264352 bps=39.42 tps=6487 mgps=595.3 avgBps=34.38 avgTps=5452 avgMGps=520.6 elapsed=7h36m39s
Aug 12 10:33:27 nimbus-eth1-mainnet-short-benchmark[900072]: INF 2026-08-12 10:33:27.915+00:00 Imported blocks                            blockNumber=20950273 slot=10160098 blocks=950272 txs=150765507 mgas=14388237 bps=38.47 tps=6424 mgps=581.8 avgBps=34.41 avgTps=5459 avgMGps=521.1 elapsed=7h40m12s
Aug 12 10:37:14 nimbus-eth1-mainnet-short-benchmark[900072]: INF 2026-08-12 10:37:14.796+00:00 Imported blocks                            blockNumber=20958465 slot=10168363 blocks=958464 txs=152044771 mgas=14511987 bps=36.11 tps=5638 mgps=545.4 avgBps=34.43 avgTps=5461 avgMGps=521.3 elapsed=7h43m59s
Aug 12 10:40:52 nimbus-eth1-mainnet-short-benchmark[900072]: INF 2026-08-12 10:40:52.629+00:00 Imported blocks                            blockNumber=20966657 slot=10176609 blocks=966656 txs=153365296 mgas=14635804 bps=37.61 tps=6062 mgps=568.4 avgBps=34.45 avgTps=5466 avgMGps=521.6 elapsed=7h47m37s
Aug 12 10:44:27 nimbus-eth1-mainnet-short-benchmark[900072]: INF 2026-08-12 10:44:27.686+00:00 Imported blocks                            blockNumber=20974849 slot=10184849 blocks=974848 txs=154744917 mgas=14759580 bps=38.09 tps=6415 mgps=575.6 avgBps=34.48 avgTps=5473 avgMGps=522.0 elapsed=7h51m12s
Aug 12 10:48:11 nimbus-eth1-mainnet-short-benchmark[900072]: INF 2026-08-12 10:48:11.278+00:00 Imported blocks                            blockNumber=20983041 slot=10193086 blocks=983040 txs=156055229 mgas=14883451 bps=36.64 tps=5860 mgps=554.0 avgBps=34.50 avgTps=5476 avgMGps=522.3 elapsed=7h54m56s
Aug 12 10:51:26 nimbus-eth1-mainnet-short-benchmark[900072]: INF 2026-08-12 10:51:26.404+00:00 Imported blocks                            blockNumber=20991233 slot=10201319 blocks=991232 txs=157563202 mgas=15007557 bps=41.98 tps=7728 mgps=636.0 avgBps=34.55 avgTps=5491 avgMGps=523.1 elapsed=7h58m11s
Aug 12 10:55:12 nimbus-eth1-mainnet-short-benchmark[900072]: INF 2026-08-12 10:55:12.208+00:00 Imported blocks                            blockNumber=20999425 slot=10209549 blocks=999424 txs=159003277 mgas=15131383 bps=36.28 tps=6377 mgps=548.4 avgBps=34.56 avgTps=5498 avgMGps=523.3 elapsed=8h1m57s
Aug 12 10:55:28 nimbus-eth1-mainnet-short-benchmark[900072]: INF 2026-08-12 10:55:28.516+00:00 Imported blocks                            blockNumber=21000001 slot=10210128 blocks=1000000 txs=159109486 mgas=15140191 bps=35.33 tps=6515 mgps=540.3 avgBps=34.56 avgTps=5499 avgMGps=523.3 elapsed=8h2m13s
Aug 12 10:55:28 nimbus-eth1-mainnet-short-benchmark[900072]: NTC 2026-08-12 10:55:28.516+00:00 Import complete                            blockNumber=21000001 slot=10210128 blocks=1000000 txs=159109486 mgas=15140191
Aug 12 10:55:29 nimbus-eth1-mainnet-short-benchmark[868635]: <<< ending startNimbusWithImport (success)
Aug 12 10:55:29 nimbus-eth1-mainnet-short-benchmark[868635]: >>> starting moveBenchmarkingFileToRepo
Aug 12 10:55:29 nimbus-eth1-mainnet-short-benchmark[868635]: >>> copying debug-csv generated by nimbus to benchmarks repo
Aug 12 10:55:29 nimbus-eth1-mainnet-short-benchmark[868635]: <<< ending moveBenchmarkingFileToRepo (success)
Aug 12 10:55:29 nimbus-eth1-mainnet-short-benchmark[868635]: >>> starting generateBuildEnvironmentLogFile
Aug 12 10:55:38 nimbus-eth1-mainnet-short-benchmark[868635]: <<< ending generateBuildEnvironmentLogFile (success)
Aug 12 10:55:38 nimbus-eth1-mainnet-short-benchmark[868635]: >>> starting generateSystemdServiceLogs
