=== System Information Report ===
>>> Generated on: Tue Aug 25 05:15:50 AM UTC 2026
==========================
>>> CPU Architecture: x86_64
>>> CPU Byte Order: Little Endian
>>> CPU Cores: 16
>>> CPU Model: AMD Ryzen 7 PRO 8700GE w/ Radeon 780M Graphics
>>> CPU Cache Information:
L1d Cache: 256 KiB (8 instances)
L1i Cache: 256 KiB (8 instances)
L2 Cache: 8 MiB (8 instances)
L3 Cache: 16 MiB (1 instance)
>>> RAM Size: 61Gi
>>> Hard Disk Information:
/dev/md2 : 437G total, 199G free
/dev/md1 : 989M total, 690M free
/dev/nvme0n1p1 : 256M total, 256M free
/dev/nvme1n1 : 1.9T total, 486G free
==========================
=== Nimbus-ETH1 Benchmarking Report ===
>>> Total time spent in benchmarking (nanoseconds): 28598001404779
>>> Total time spent in benchmarking (human readable format): 7 hours 56 minutes 38 seconds
>>> Start block number is 20000001
>>> End block number is 21000001
==========================
=== Comparison of last two benchmarks ===
sort: write failed: 'standard output': Broken pipe
sort: write error
sort: write failed: 'standard output': Broken pipe
sort: write error
python /data/status-im/nimbus-eth1/scripts/block-import-stats.py /data/status-im/nimbus-eth1-benchmarks/short-benchmark/20260824T125935_bdd25396/blocks-import-benchmark.csv /data/status-im/nimbus-eth1-benchmarks/short-benchmark/20260824T210624_3d47c509/blocks-import-benchmark.csv
blocks-import-benchmark.csv vs blocks-import-benchmark.csv
                      bps_x  bps_y     tps_x     tps_y   time_x   time_y    bpsd    tpsd  timed
block_number                                                                                   
(20000001, 20111112]  29.27  28.98  4,779.05  4,731.24  1h1m36s  1h2m12s  -0.98%  -0.98%  1.00%
(20111112, 20222223]  32.89  32.67  5,380.20  5,343.25   58m16s   58m40s  -0.68%  -0.68%  0.69%
(20222223, 20333334]  34.59  34.42  5,606.16  5,578.96   51m31s   51m47s  -0.50%  -0.50%  0.51%
(20333334, 20444445]  36.44  36.07  5,741.43  5,683.04   52m42s   53m13s  -1.00%  -1.00%  1.01%
(20444445, 20555556]  35.90  35.68  5,533.54  5,499.32   49m33s   49m51s  -0.61%  -0.61%  0.61%
(20555556, 20666667]  36.01  35.61  5,438.82  5,378.80    53m7s   53m42s  -1.10%  -1.10%  1.12%
(20666667, 20777778]  37.59  37.32  5,915.25  5,873.45   47m18s   47m38s  -0.70%  -0.70%  0.71%
(20777778, 20888889]  38.97  38.54  6,251.64  6,182.11   49m11s   49m46s  -1.14%  -1.14%  1.15%
(20888889, 21000001]  39.00  38.51  6,428.74  6,350.16    49m5s   49m43s  -1.21%  -1.21%  1.25%

blocks: 991808, baseline: 7h52m24s, contender: 7h56m38s
Time (total): 4m13s, 0.89%

bpsd = blocks per sec diff (+), tpsd = txs per sec diff, timed = time to process diff (-)
+ = more is better, - = less is better
==========================
