Oct 02 00:23:39 nimbus-eth1-mainnet-short-benchmark[3706446]: >>> starting cloneOrFetchBenchmarksRepo
Oct 02 00:23:39 nimbus-eth1-mainnet-short-benchmark[3706446]: >>> Fetching latest changes for nimbus-eth1-benchmarks...
Oct 02 00:23:40 nimbus-eth1-mainnet-short-benchmark[3706495]: HEAD is now at b6312d2 chore: update short benchmark Readme
Oct 02 00:23:41 nimbus-eth1-mainnet-short-benchmark[3706446]: <<< ending cloneOrFetchBenchmarksRepo (success)
Oct 02 00:23:41 nimbus-eth1-mainnet-short-benchmark[3706446]: >>> starting cloneOrFetchNimbusRepo
Oct 02 00:23:55 nimbus-eth1-mainnet-short-benchmark[3706446]: >>> Fetching latest changes for nimbus-eth1...
Oct 02 00:23:56 nimbus-eth1-mainnet-short-benchmark[3706873]: From https://github.com/status-im/nimbus-eth1
Oct 02 00:23:56 nimbus-eth1-mainnet-short-benchmark[3706873]:    50c1eec7c..455a7ab28  master     -> origin/master
Oct 02 00:23:56 nimbus-eth1-mainnet-short-benchmark[3706873]: warning: 455a7ab28609a4af2e34e4750bb0f168175a39a9:.gitmodules, multiple configurations found for 'submodule.vendor/nim-libplum.path'. Skipping second one!
Oct 02 00:23:56 nimbus-eth1-mainnet-short-benchmark[3706873]: warning: 455a7ab28609a4af2e34e4750bb0f168175a39a9:.gitmodules, multiple configurations found for 'submodule.vendor/nim-libplum.url'. Skipping second one!
Oct 02 00:23:57 nimbus-eth1-mainnet-short-benchmark[3706885]: HEAD is now at 455a7ab28 build(deps): bump vendor/nim-libp2p from `ab49dc9` to `05e8dfe` (#4864)
Oct 02 00:23:57 nimbus-eth1-mainnet-short-benchmark[3706446]: >>> Found last benchmarked commit: 50c1eec7
Oct 02 00:23:57 nimbus-eth1-mainnet-short-benchmark[3706446]: >>> Using next commit: 455a7ab28609a4af2e34e4750bb0f168175a39a9
Oct 02 00:23:57 nimbus-eth1-mainnet-short-benchmark[3706901]: HEAD is now at 455a7ab28 build(deps): bump vendor/nim-libp2p from `ab49dc9` to `05e8dfe` (#4864)
Oct 02 00:23:57 nimbus-eth1-mainnet-short-benchmark[3706446]: >>> Current commit: 455a7ab28
Oct 02 00:23:57 nimbus-eth1-mainnet-short-benchmark[3706446]: <<< ending cloneOrFetchNimbusRepo (success)
Oct 02 00:23:57 nimbus-eth1-mainnet-short-benchmark[3706446]: >>> starting buildBinaries
Oct 02 00:23:57 nimbus-eth1-mainnet-short-benchmark[3706446]: >>> Building binaries for commit 455a7ab2...
Oct 02 00:23:59 nimbus-eth1-mainnet-short-benchmark[3708177]: Submodule path 'vendor/nim-libp2p': checked out '05e8dfea23ce355b81c9ffc7df7dffdf9ce8106d'
Oct 02 00:24:05 nimbus-eth1-mainnet-short-benchmark[3712648]: Building: Nim compiler
Oct 02 00:26:51 nimbus-eth1-mainnet-short-benchmark[3712648]: Building custom Nimble commit: 42ef70c2102a942c46f13eb76872326edd525cec
Oct 02 00:27:02 nimbus-eth1-mainnet-short-benchmark[3712648]: Building Nimble...
Oct 02 00:27:12 nimbus-eth1-mainnet-short-benchmark[3712648]: Replacing nimble binary...
Oct 02 00:27:19 nimbus-eth1-mainnet-short-benchmark[3729854]: Building: build/generate_makefile
Oct 02 00:27:20 nimbus-eth1-mainnet-short-benchmark[3729718]: ROCKSDB CACHED VERSION: 11.8.1
Oct 02 00:27:20 nimbus-eth1-mainnet-short-benchmark[3730121]: RocksDb static libraries already built. Skipping build.
Oct 02 00:27:20 nimbus-eth1-mainnet-short-benchmark[3729854]: Build completed successfully: build/generate_makefile
Oct 02 00:27:20 nimbus-eth1-mainnet-short-benchmark[3730177]: Building: build/nimbus_execution_client
Oct 02 00:27:48 nimbus-eth1-mainnet-short-benchmark[3730295]: @["Unknown constants in file: ", "GAS_LIMIT_SCHEDULE", "GAS_LIMIT", "- EPOCH", "    GAS_LIMIT"]
Oct 02 00:27:48 nimbus-eth1-mainnet-short-benchmark[3730295]: @["Unknown constants in file: ", "GAS_LIMIT_SCHEDULE", "GAS_LIMIT", "- EPOCH", "    GAS_LIMIT"]
Oct 02 00:29:45 nimbus-eth1-mainnet-short-benchmark[3730177]: Build completed successfully: build/nimbus_execution_client
Oct 02 00:29:45 nimbus-eth1-mainnet-short-benchmark[3706446]: >>> renaming binaries to match commit they were built from
Oct 02 00:29:45 nimbus-eth1-mainnet-short-benchmark[3706446]: >>> creating a symbolic link to the latest version
Oct 02 00:29:45 nimbus-eth1-mainnet-short-benchmark[3706446]: >>> deleting copies that are older than N days
Oct 02 00:29:45 nimbus-eth1-mainnet-short-benchmark[3706446]: <<< ending buildBinaries (success)
Oct 02 00:29:45 nimbus-eth1-mainnet-short-benchmark[3706446]: >>> starting skipOrContinueBenchmark
Oct 02 00:29:45 nimbus-eth1-mainnet-short-benchmark[3706446]: <<< ending skipOrContinueBenchmark (success)
Oct 02 00:29:45 nimbus-eth1-mainnet-short-benchmark[3706446]: >>> starting copyTemplateDatabase
Oct 02 00:29:45 nimbus-eth1-mainnet-short-benchmark[3706446]: >>> Copying template db into nimbus data directory
Oct 02 00:32:49 nimbus-eth1-mainnet-short-benchmark[3706446]: >>> Template db copied
Oct 02 00:32:49 nimbus-eth1-mainnet-short-benchmark[3706446]: >>> making nimbus the owner of the copied files
Oct 02 00:32:49 nimbus-eth1-mainnet-short-benchmark[3706446]: <<< ending copyTemplateDatabase (success)
Oct 02 00:32:49 nimbus-eth1-mainnet-short-benchmark[3706446]: >>> starting startNimbusWithImport
Oct 02 00:32:49 nimbus-eth1-mainnet-short-benchmark[3736216]: INF 2026-10-02 00:32:49.536+00:00 Launching execution client                 version=v0.4.2-455a7ab2 config="(configFile: none(InputFile), dataDirFlag: some(/data/status-im/nimbus-eth1/data/shared_mainnet_0), era1DirFlag: some(/data/era1), eraDirFlag: some(/data/era), ereDirFlag: none(OutDir), keyStoreDirFlag: none(OutDir), importKey: , trustedSetupFile: none(string), extraData: Nimbus/v0.4.2-455a7ab2, gasLimit: none(uint64), maxBlobs: none(byte), network: [mainnet], logLevel: INFO, logFormat: auto, metricsEnabled: false, metricsPort: 9093, metricsAddress: 127.0.0.1, bootstrapNodes: [], elBootstrapNodes: [], bootstrapFile: , elBootstrapFile: , staticPeers: [], staticPeersFile: , reconnectMaxRetry: 0, reconnectInterval: 15, listenAddress: ::, tcpPort: 30303, udpPortFlag: none(Port), maxPeersOpt: none(int), elMaxPeersOpt: none(int), nat: (hasExtIp: false, nat: NatAny), discv5: true, netKey: random, agentString: Nimbus/v0.4.2-455a7ab2/linux-amd64/Nim-2.2.12, numThreads: 0, persistBatchSize: 4, dynamicBatchSize: false, rocksdbMaxOpenFiles: 2048, rocksdbWriteBufferSize: 67108864, rocksdbRowCacheSize: 0, rocksdbBlockCacheSize: 2147483648, rocksdbBlockCacheType: hyperclock, rdbVtxCacheSize: 684720128, rdbKeyCacheSize: 1342177280, rdbBranchCacheSize: 1395654656, accLeafCacheSize: 1310720, stoLeafCacheSize: 1441792, rdbPrintStats: false, rewriteDatadirId: true, aristoDbMaxSnapshots: 5, debugParallel: none(bool), parallelStateRootComputationFlag: false, parallelSenderRecoveryFlag: true, optimisticStatePrefetchFlag: false, balStatePrefetchFlag: false, balStatePrefetchWorkers: 0, balParallelExecutionFlag: false, balPruning: true, eagerStateRootCheck: false, deserializeFcState: true, statelessProvider: false, statelessWitnessValidation: false, cmd: import, maxBlocks: 1000000, chunkSize: 8192, csvStats: some("/data/host-benchmarks/short/983fabf36d3a46d39e91f0166ed77d44/blocks-import-benchmark.csv"), validation: false, fullValidation: false, storeBodies: false, storeReceipts: false, storeSlotHashes: false)"
Oct 02 00:32:49 nimbus-eth1-mainnet-short-benchmark[3736216]: WRN 2026-10-02 00:32:49.540+00:00 Data directory has insecure permissions. Correcting them. data_dir=/data/status-im/nimbus-eth1/data/shared_mainnet_0 current_permissions=0755 required_permissions=0700
Oct 02 00:32:51 nimbus-eth1-mainnet-short-benchmark[3736216]: INF 2026-10-02 00:32:51.372+00:00 Taskpool started                           numThreads=16
Oct 02 00:32:51 nimbus-eth1-mainnet-short-benchmark[3736216]: CreateIOUring failed: Invalid argument (errno=22), thread=140113727556864
Oct 02 00:32:51 nimbus-eth1-mainnet-short-benchmark[3736216]: INF 2026-10-02 00:32:51.508+00:00 Database initialized                       base="(0xd24fd73f794058a3807db926d8898c6481e902b7edb91ce0d479d6760f276183, 20000000)" finalized="(0xd24fd73f794058a3807db926d8898c6481e902b7edb91ce0d479d6760f276183, 20000000)" head="(0xd4e56740f876aef8c010b86a40d5f56745a118d0906a34e69aec8c0db1cb8fa3, 0)" startOfHistory=0
Oct 02 00:32:51 nimbus-eth1-mainnet-short-benchmark[3736216]: NTC 2026-10-02 00:32:51.508+00:00 Could not open ere database, falling back to era1/era import ereDir=/data/status-im/nimbus-eth1/data/shared_mainnet_0/ere networkName=mainnet error="No ere files found in /data/status-im/nimbus-eth1/data/shared_mainnet_0/ere"
Oct 02 00:32:51 nimbus-eth1-mainnet-short-benchmark[3736216]: NTC 2026-10-02 00:32:51.508+00:00 Importing era archive                      blockNumber=20000001 dataDir=/data/status-im/nimbus-eth1/data/shared_mainnet_0 eraDir=/data/era
Oct 02 00:32:53 nimbus-eth1-mainnet-short-benchmark[3736216]: NTC 2026-10-02 00:32:53.780+00:00 Matched block to slot number               blockNumber=20000001 slot=9204783
Oct 02 00:38:53 nimbus-eth1-mainnet-short-benchmark[3736216]: INF 2026-10-02 00:38:53.555+00:00 Imported blocks                            blockNumber=20008193 slot=9213020 blocks=8192 txs=1226966 mgas=124237 bps=22.63 tps=3388 mgps=343.2 avgBps=22.63 avgTps=3388 avgMGps=343.2 elapsed=6m2s44ms
Oct 02 00:44:20 nimbus-eth1-mainnet-short-benchmark[3736216]: INF 2026-10-02 00:44:20.286+00:00 Imported blocks                            blockNumber=20016385 slot=9221256 blocks=16384 txs=2540380 mgas=248071 bps=25.07 tps=4019 mgps=379.0 avgBps=23.79 avgTps=3688 avgMGps=360.2 elapsed=11m28s779ms
Oct 02 00:49:29 nimbus-eth1-mainnet-short-benchmark[3736216]: INF 2026-10-02 00:49:29.146+00:00 Imported blocks                            blockNumber=20024577 slot=9229485 blocks=24576 txs=3869398 mgas=372018 bps=26.52 tps=4302 mgps=401.3 avgBps=24.63 avgTps=3878 avgMGps=372.9 elapsed=16m37s638ms
Oct 02 00:54:08 nimbus-eth1-mainnet-short-benchmark[3736216]: INF 2026-10-02 00:54:08.378+00:00 Imported blocks                            blockNumber=20032769 slot=9237722 blocks=32768 txs=5222766 mgas=495797 bps=29.34 tps=4846 mgps=443.3 avgBps=25.66 avgTps=4090 avgMGps=388.3 elapsed=21m16s869ms
Oct 02 00:58:34 nimbus-eth1-mainnet-short-benchmark[3736216]: INF 2026-10-02 00:58:34.814+00:00 Imported blocks                            blockNumber=20040961 slot=9245957 blocks=40960 txs=6566802 mgas=619586 bps=30.75 tps=5044 mgps=464.6 avgBps=26.54 avgTps=4255 avgMGps=401.5 elapsed=25m43s306ms
Oct 02 01:03:22 nimbus-eth1-mainnet-short-benchmark[3736216]: INF 2026-10-02 01:03:22.750+00:00 Imported blocks                            blockNumber=20049153 slot=9254196 blocks=49152 txs=7904746 mgas=743522 bps=28.45 tps=4646 mgps=430.4 avgBps=26.84 avgTps=4316 avgMGps=406.0 elapsed=30m31s243ms
Oct 02 01:08:03 nimbus-eth1-mainnet-short-benchmark[3736216]: INF 2026-10-02 01:08:03.146+00:00 Imported blocks                            blockNumber=20057345 slot=9262435 blocks=57344 txs=9212009 mgas=867360 bps=29.22 tps=4662 mgps=441.7 avgBps=27.16 avgTps=4362 avgMGps=410.8 elapsed=35m11s639ms
Oct 02 01:12:19 nimbus-eth1-mainnet-short-benchmark[3736216]: INF 2026-10-02 01:12:19.806+00:00 Imported blocks                            blockNumber=20065537 slot=9270674 blocks=65536 txs=10559018 mgas=991371 bps=31.92 tps=5248 mgps=483.2 avgBps=27.67 avgTps=4458 avgMGps=418.6 elapsed=39m28s298ms
Oct 02 01:16:24 nimbus-eth1-mainnet-short-benchmark[3736216]: INF 2026-10-02 01:16:23.999+00:00 Imported blocks                            blockNumber=20073729 slot=9278910 blocks=73728 txs=11898676 mgas=1115111 bps=33.55 tps=5486 mgps=506.7 avgBps=28.22 avgTps=4554 avgMGps=426.8 elapsed=43m32s490ms
Oct 02 01:20:20 nimbus-eth1-mainnet-short-benchmark[3736216]: INF 2026-10-02 01:20:20.104+00:00 Imported blocks                            blockNumber=20081921 slot=9287152 blocks=81920 txs=13323263 mgas=1239150 bps=34.70 tps=6033 mgps=525.4 avgBps=28.76 avgTps=4677 avgMGps=435.0 elapsed=47m28s595ms
Oct 02 01:24:14 nimbus-eth1-mainnet-short-benchmark[3736216]: INF 2026-10-02 01:24:14.468+00:00 Imported blocks                            blockNumber=20090113 slot=9295408 blocks=90112 txs=14697082 mgas=1363113 bps=34.95 tps=5861 mgps=528.9 avgBps=29.23 avgTps=4767 avgMGps=442.1 elapsed=51m22s956ms
Oct 02 01:28:23 nimbus-eth1-mainnet-short-benchmark[3736216]: INF 2026-10-02 01:28:23.561+00:00 Imported blocks                            blockNumber=20098305 slot=9303658 blocks=98304 txs=16025683 mgas=1487146 bps=32.89 tps=5333 mgps=497.9 avgBps=29.50 avgTps=4809 avgMGps=446.3 elapsed=55m32s54ms
Oct 02 01:32:43 nimbus-eth1-mainnet-short-benchmark[3736216]: INF 2026-10-02 01:32:43.505+00:00 Imported blocks                            blockNumber=20106497 slot=9311895 blocks=106496 txs=17337157 mgas=1611066 bps=31.51 tps=5045 mgps=476.7 avgBps=29.65 avgTps=4826 avgMGps=448.5 elapsed=59m51s996ms
Oct 02 01:36:49 nimbus-eth1-mainnet-short-benchmark[3736216]: INF 2026-10-02 01:36:49.425+00:00 Imported blocks                            blockNumber=20114689 slot=9320146 blocks=114688 txs=18632097 mgas=1735123 bps=33.31 tps=5265 mgps=504.5 avgBps=29.88 avgTps=4854 avgMGps=452.1 elapsed=1h3m57s
Oct 02 01:40:40 nimbus-eth1-mainnet-short-benchmark[3736216]: INF 2026-10-02 01:40:40.470+00:00 Imported blocks                            blockNumber=20122881 slot=9328409 blocks=122880 txs=19937418 mgas=1859249 bps=35.46 tps=5649 mgps=537.2 avgBps=30.20 avgTps=4899 avgMGps=456.9 elapsed=1h7m48s
Oct 02 01:44:29 nimbus-eth1-mainnet-short-benchmark[3736216]: INF 2026-10-02 01:44:29.407+00:00 Imported blocks                            blockNumber=20131073 slot=9336660 blocks=131072 txs=21214129 mgas=1983500 bps=35.78 tps=5576 mgps=542.7 avgBps=30.50 avgTps=4935 avgMGps=461.5 elapsed=1h11m37s
Oct 02 01:48:18 nimbus-eth1-mainnet-short-benchmark[3736216]: INF 2026-10-02 01:48:18.824+00:00 Imported blocks                            blockNumber=20139265 slot=9344906 blocks=139264 txs=22579079 mgas=2107571 bps=35.71 tps=5949 mgps=540.8 avgBps=30.76 avgTps=4987 avgMGps=465.5 elapsed=1h15m27s
Oct 02 01:52:53 nimbus-eth1-mainnet-short-benchmark[3736216]: INF 2026-10-02 01:52:53.188+00:00 Imported blocks                            blockNumber=20147457 slot=9353153 blocks=147456 txs=24133322 mgas=2231686 bps=29.86 tps=5664 mgps=452.4 avgBps=30.71 avgTps=5026 avgMGps=464.8 elapsed=1h20m1s
Oct 02 01:57:16 nimbus-eth1-mainnet-short-benchmark[3736216]: INF 2026-10-02 01:57:16.052+00:00 Imported blocks                            blockNumber=20155649 slot=9361407 blocks=155648 txs=25424015 mgas=2356018 bps=31.16 tps=4910 mgps=473.0 avgBps=30.73 avgTps=5020 avgMGps=465.2 elapsed=1h24m24s
Oct 02 02:01:18 nimbus-eth1-mainnet-short-benchmark[3736216]: INF 2026-10-02 02:01:18.169+00:00 Imported blocks                            blockNumber=20163841 slot=9369652 blocks=163840 txs=26749549 mgas=2480207 bps=33.83 tps=5474 mgps=512.9 avgBps=30.87 avgTps=5040 avgMGps=467.4 elapsed=1h28m26s
Oct 02 02:05:13 nimbus-eth1-mainnet-short-benchmark[3736216]: INF 2026-10-02 02:05:13.421+00:00 Imported blocks                            blockNumber=20172033 slot=9377892 blocks=172032 txs=28105316 mgas=2604026 bps=34.82 tps=5762 mgps=526.3 avgBps=31.04 avgTps=5071 avgMGps=469.9 elapsed=1h32m21s
Oct 02 02:09:15 nimbus-eth1-mainnet-short-benchmark[3736216]: INF 2026-10-02 02:09:15.522+00:00 Imported blocks                            blockNumber=20180225 slot=9386128 blocks=180224 txs=29524405 mgas=2728170 bps=33.84 tps=5861 mgps=512.8 avgBps=31.16 avgTps=5104 avgMGps=471.7 elapsed=1h36m24s
Oct 02 02:12:59 nimbus-eth1-mainnet-short-benchmark[3736216]: INF 2026-10-02 02:12:59.511+00:00 Imported blocks                            blockNumber=20188417 slot=9394365 blocks=188416 txs=30849021 mgas=2852023 bps=36.57 tps=5913 mgps=552.9 avgBps=31.36 avgTps=5134 avgMGps=474.7 elapsed=1h40m8s
Oct 02 02:17:10 nimbus-eth1-mainnet-short-benchmark[3736216]: INF 2026-10-02 02:17:10.835+00:00 Imported blocks                            blockNumber=20196609 slot=9402602 blocks=196608 txs=32174755 mgas=2976155 bps=32.60 tps=5275 mgps=493.9 avgBps=31.41 avgTps=5140 avgMGps=475.5 elapsed=1h44m19s
Oct 02 02:21:31 nimbus-eth1-mainnet-short-benchmark[3736216]: INF 2026-10-02 02:21:31.331+00:00 Imported blocks                            blockNumber=20204801 slot=9410840 blocks=204800 txs=33475942 mgas=3100410 bps=31.45 tps=4995 mgps=477.0 avgBps=31.41 avgTps=5134 avgMGps=475.5 elapsed=1h48m39s
Oct 02 02:25:32 nimbus-eth1-mainnet-short-benchmark[3736216]: INF 2026-10-02 02:25:32.224+00:00 Imported blocks                            blockNumber=20212993 slot=9419071 blocks=212992 txs=34798508 mgas=3224370 bps=34.01 tps=5490 mgps=514.6 avgBps=31.50 avgTps=5147 avgMGps=476.9 elapsed=1h52m40s
Oct 02 02:29:28 nimbus-eth1-mainnet-short-benchmark[3736216]: INF 2026-10-02 02:29:28.305+00:00 Imported blocks                            blockNumber=20221185 slot=9427313 blocks=221184 txs=36114045 mgas=3348169 bps=34.70 tps=5572 mgps=524.4 avgBps=31.61 avgTps=5161 avgMGps=478.5 elapsed=1h56m36s
Oct 02 02:33:05 nimbus-eth1-mainnet-short-benchmark[3736216]: INF 2026-10-02 02:33:05.585+00:00 Imported blocks                            blockNumber=20229377 slot=9435549 blocks=229376 txs=37421794 mgas=3472031 bps=37.70 tps=6018 mgps=570.1 avgBps=31.80 avgTps=5187 avgMGps=481.3 elapsed=2h14s79ms
Oct 02 02:36:51 nimbus-eth1-mainnet-short-benchmark[3736216]: INF 2026-10-02 02:36:51.878+00:00 Imported blocks                            blockNumber=20237569 slot=9443788 blocks=237568 txs=38842064 mgas=3596351 bps=36.20 tps=6276 mgps=549.4 avgBps=31.93 avgTps=5220 avgMGps=483.4 elapsed=2h4m371ms
Oct 02 02:40:57 nimbus-eth1-mainnet-short-benchmark[3736216]: INF 2026-10-02 02:40:57.883+00:00 Imported blocks                            blockNumber=20245761 slot=9452021 blocks=245760 txs=40225739 mgas=3720100 bps=33.30 tps=5624 mgps=503.0 avgBps=31.97 avgTps=5233 avgMGps=484.0 elapsed=2h8m6s
Oct 02 02:45:14 nimbus-eth1-mainnet-short-benchmark[3736216]: INF 2026-10-02 02:45:14.715+00:00 Imported blocks                            blockNumber=20253953 slot=9460253 blocks=253952 txs=41454921 mgas=3844385 bps=31.90 tps=4785 mgps=483.9 avgBps=31.97 avgTps=5218 avgMGps=484.0 elapsed=2h12m23s
Oct 02 02:49:20 nimbus-eth1-mainnet-short-benchmark[3736216]: INF 2026-10-02 02:49:20.620+00:00 Imported blocks                            blockNumber=20262145 slot=9468495 blocks=262144 txs=42726051 mgas=3968623 bps=33.31 tps=5169 mgps=505.2 avgBps=32.01 avgTps=5217 avgMGps=484.6 elapsed=2h16m29s
Oct 02 02:53:11 nimbus-eth1-mainnet-short-benchmark[3736216]: INF 2026-10-02 02:53:11.916+00:00 Imported blocks                            blockNumber=20270337 slot=9476748 blocks=270336 txs=44050436 mgas=4092682 bps=35.42 tps=5725 mgps=536.4 avgBps=32.10 avgTps=5231 avgMGps=486.0 elapsed=2h20m20s
Oct 02 02:56:48 nimbus-eth1-mainnet-short-benchmark[3736216]: INF 2026-10-02 02:56:48.593+00:00 Imported blocks                            blockNumber=20278529 slot=9484981 blocks=278528 txs=45382368 mgas=4216487 bps=37.81 tps=6146 mgps=571.4 avgBps=32.25 avgTps=5254 avgMGps=488.2 elapsed=2h23m57s
Oct 02 03:00:29 nimbus-eth1-mainnet-short-benchmark[3736216]: INF 2026-10-02 03:00:29.830+00:00 Imported blocks                            blockNumber=20286721 slot=9493213 blocks=286720 txs=46733429 mgas=4340363 bps=37.03 tps=6106 mgps=559.9 avgBps=32.37 avgTps=5275 avgMGps=490.0 elapsed=2h27m38s
Oct 02 03:04:31 nimbus-eth1-mainnet-short-benchmark[3736216]: INF 2026-10-02 03:04:31.771+00:00 Imported blocks                            blockNumber=20294913 slot=9501453 blocks=294912 txs=48075887 mgas=4464376 bps=33.86 tps=5548 mgps=512.6 avgBps=32.41 avgTps=5282 avgMGps=490.6 elapsed=2h31m40s
Oct 02 03:08:28 nimbus-eth1-mainnet-short-benchmark[3736216]: INF 2026-10-02 03:08:28.991+00:00 Imported blocks                            blockNumber=20303105 slot=9509696 blocks=303104 txs=49379538 mgas=4588534 bps=34.53 tps=5495 mgps=523.4 avgBps=32.46 avgTps=5288 avgMGps=491.4 elapsed=2h35m37s
Oct 02 03:12:20 nimbus-eth1-mainnet-short-benchmark[3736216]: INF 2026-10-02 03:12:20.576+00:00 Imported blocks                            blockNumber=20311297 slot=9517922 blocks=311296 txs=50637672 mgas=4712596 bps=35.37 tps=5432 mgps=535.7 avgBps=32.53 avgTps=5291 avgMGps=492.5 elapsed=2h39m29s
Oct 02 03:16:02 nimbus-eth1-mainnet-short-benchmark[3736216]: INF 2026-10-02 03:16:02.841+00:00 Imported blocks                            blockNumber=20319489 slot=9526159 blocks=319488 txs=51981692 mgas=4836521 bps=36.86 tps=6046 mgps=557.5 avgBps=32.63 avgTps=5308 avgMGps=494.0 elapsed=2h43m11s
Oct 02 03:19:25 nimbus-eth1-mainnet-short-benchmark[3736216]: INF 2026-10-02 03:19:25.878+00:00 Imported blocks                            blockNumber=20327681 slot=9534381 blocks=327680 txs=53356123 mgas=4960245 bps=40.35 tps=6769 mgps=609.4 avgBps=32.79 avgTps=5338 avgMGps=496.3 elapsed=2h46m34s
Oct 02 03:22:48 nimbus-eth1-mainnet-short-benchmark[3736216]: INF 2026-10-02 03:22:48.247+00:00 Imported blocks                            blockNumber=20335873 slot=9542617 blocks=335872 txs=54719105 mgas=5084025 bps=40.48 tps=6735 mgps=611.7 avgBps=32.94 avgTps=5366 avgMGps=498.6 elapsed=2h49m56s
Oct 02 03:26:29 nimbus-eth1-mainnet-short-benchmark[3736216]: INF 2026-10-02 03:26:29.364+00:00 Imported blocks                            blockNumber=20344065 slot=9550841 blocks=344064 txs=56021853 mgas=5207843 bps=37.05 tps=5891 mgps=560.0 avgBps=33.03 avgTps=5377 avgMGps=499.9 elapsed=2h53m37s
Oct 02 03:30:43 nimbus-eth1-mainnet-short-benchmark[3736216]: INF 2026-10-02 03:30:43.776+00:00 Imported blocks                            blockNumber=20352257 slot=9559072 blocks=352256 txs=57290408 mgas=5332016 bps=32.20 tps=4986 mgps=488.1 avgBps=33.01 avgTps=5368 avgMGps=499.6 elapsed=2h57m52s
Oct 02 03:34:33 nimbus-eth1-mainnet-short-benchmark[3736216]: INF 2026-10-02 03:34:33.753+00:00 Imported blocks                            blockNumber=20360449 slot=9567308 blocks=360448 txs=58543463 mgas=5456201 bps=35.62 tps=5448 mgps=540.0 avgBps=33.06 avgTps=5369 avgMGps=500.5 elapsed=3h1m42s
Oct 02 03:38:15 nimbus-eth1-mainnet-short-benchmark[3736216]: INF 2026-10-02 03:38:15.878+00:00 Imported blocks                            blockNumber=20368641 slot=9575548 blocks=368640 txs=59874056 mgas=5580204 bps=36.88 tps=5990 mgps=558.3 avgBps=33.14 avgTps=5382 avgMGps=501.6 elapsed=3h5m24s
Oct 02 03:42:08 nimbus-eth1-mainnet-short-benchmark[3736216]: INF 2026-10-02 03:42:08.719+00:00 Imported blocks                            blockNumber=20376833 slot=9583774 blocks=376832 txs=61167066 mgas=5704396 bps=35.18 tps=5553 mgps=533.4 avgBps=33.18 avgTps=5385 avgMGps=502.3 elapsed=3h9m17s
Oct 02 03:45:58 nimbus-eth1-mainnet-short-benchmark[3736216]: INF 2026-10-02 03:45:58.103+00:00 Imported blocks                            blockNumber=20385025 slot=9592009 blocks=385024 txs=62480333 mgas=5828235 bps=35.71 tps=5725 mgps=539.9 avgBps=33.23 avgTps=5392 avgMGps=503.0 elapsed=3h13m6s
Oct 02 03:49:44 nimbus-eth1-mainnet-short-benchmark[3736216]: INF 2026-10-02 03:49:44.096+00:00 Imported blocks                            blockNumber=20393217 slot=9600248 blocks=393216 txs=63800597 mgas=5952136 bps=36.25 tps=5842 mgps=548.3 avgBps=33.29 avgTps=5401 avgMGps=503.9 elapsed=3h16m52s
Oct 02 03:53:22 nimbus-eth1-mainnet-short-benchmark[3736216]: INF 2026-10-02 03:53:22.581+00:00 Imported blocks                            blockNumber=20401409 slot=9608486 blocks=401408 txs=65021243 mgas=6076384 bps=37.49 tps=5586 mgps=568.7 avgBps=33.36 avgTps=5404 avgMGps=505.1 elapsed=3h20m31s
Oct 02 03:57:15 nimbus-eth1-mainnet-short-benchmark[3736216]: INF 2026-10-02 03:57:15.114+00:00 Imported blocks                            blockNumber=20409601 slot=9616707 blocks=409600 txs=66199016 mgas=6200666 bps=35.23 tps=5064 mgps=534.5 avgBps=33.40 avgTps=5398 avgMGps=505.6 elapsed=3h24m23s
Oct 02 04:01:02 nimbus-eth1-mainnet-short-benchmark[3736216]: INF 2026-10-02 04:01:02.086+00:00 Imported blocks                            blockNumber=20417793 slot=9624941 blocks=417792 txs=67453930 mgas=6324823 bps=36.09 tps=5528 mgps=547.0 avgBps=33.45 avgTps=5400 avgMGps=506.4 elapsed=3h28m10s
Oct 02 04:04:19 nimbus-eth1-mainnet-short-benchmark[3736216]: INF 2026-10-02 04:04:19.112+00:00 Imported blocks                            blockNumber=20425985 slot=9633187 blocks=425984 txs=68814904 mgas=6448778 bps=41.58 tps=6907 mgps=629.1 avgBps=33.57 avgTps=5423 avgMGps=508.3 elapsed=3h31m27s
Oct 02 04:07:36 nimbus-eth1-mainnet-short-benchmark[3736216]: INF 2026-10-02 04:07:36.421+00:00 Imported blocks                            blockNumber=20434177 slot=9641422 blocks=434176 txs=70124508 mgas=6572711 bps=41.52 tps=6637 mgps=628.1 avgBps=33.70 avgTps=5442 avgMGps=510.1 elapsed=3h34m44s
Oct 02 04:11:06 nimbus-eth1-mainnet-short-benchmark[3736216]: INF 2026-10-02 04:11:06.274+00:00 Imported blocks                            blockNumber=20442369 slot=9649657 blocks=442368 txs=71403576 mgas=6696451 bps=39.04 tps=6095 mgps=589.7 avgBps=33.78 avgTps=5452 avgMGps=511.4 elapsed=3h38m14s
Oct 02 04:14:54 nimbus-eth1-mainnet-short-benchmark[3736216]: INF 2026-10-02 04:14:54.603+00:00 Imported blocks                            blockNumber=20450561 slot=9657896 blocks=450560 txs=72659905 mgas=6820521 bps=35.88 tps=5502 mgps=543.4 avgBps=33.82 avgTps=5453 avgMGps=511.9 elapsed=3h42m3s
Oct 02 04:19:03 nimbus-eth1-mainnet-short-benchmark[3736216]: INF 2026-10-02 04:19:03.079+00:00 Imported blocks                            blockNumber=20458753 slot=9666114 blocks=458752 txs=73838533 mgas=6945116 bps=32.97 tps=4743 mgps=501.4 avgBps=33.80 avgTps=5440 avgMGps=511.7 elapsed=3h46m11s
Oct 02 04:22:47 nimbus-eth1-mainnet-short-benchmark[3736216]: INF 2026-10-02 04:22:47.824+00:00 Imported blocks                            blockNumber=20466945 slot=9674343 blocks=466944 txs=75124748 mgas=7068943 bps=36.45 tps=5723 mgps=551.0 avgBps=33.85 avgTps=5445 avgMGps=512.4 elapsed=3h49m56s
Oct 02 04:26:31 nimbus-eth1-mainnet-short-benchmark[3736216]: INF 2026-10-02 04:26:31.597+00:00 Imported blocks                            blockNumber=20475137 slot=9682575 blocks=475136 txs=76420106 mgas=7192870 bps=36.61 tps=5788 mgps=553.8 avgBps=33.89 avgTps=5450 avgMGps=513.0 elapsed=3h53m40s
Oct 02 04:30:04 nimbus-eth1-mainnet-short-benchmark[3736216]: INF 2026-10-02 04:30:04.234+00:00 Imported blocks                            blockNumber=20483329 slot=9690800 blocks=483328 txs=77675422 mgas=7316939 bps=38.53 tps=5903 mgps=583.5 avgBps=33.96 avgTps=5457 avgMGps=514.1 elapsed=3h57m12s
Oct 02 04:33:35 nimbus-eth1-mainnet-short-benchmark[3736216]: INF 2026-10-02 04:33:35.739+00:00 Imported blocks                            blockNumber=20491521 slot=9699019 blocks=491520 txs=78951232 mgas=7440784 bps=38.73 tps=6032 mgps=585.5 avgBps=34.03 avgTps=5465 avgMGps=515.1 elapsed=4h44s231ms
Oct 02 04:37:20 nimbus-eth1-mainnet-short-benchmark[3736216]: INF 2026-10-02 04:37:20.319+00:00 Imported blocks                            blockNumber=20499713 slot=9707248 blocks=499712 txs=80189642 mgas=7564669 bps=36.48 tps=5514 mgps=551.6 avgBps=34.07 avgTps=5466 avgMGps=515.7 elapsed=4h4m28s
Oct 02 04:41:12 nimbus-eth1-mainnet-short-benchmark[3736216]: INF 2026-10-02 04:41:12.896+00:00 Imported blocks                            blockNumber=20507905 slot=9715488 blocks=507904 txs=81317763 mgas=7689208 bps=35.22 tps=4850 mgps=535.5 avgBps=34.08 avgTps=5457 avgMGps=516.0 elapsed=4h8m21s
Oct 02 04:44:38 nimbus-eth1-mainnet-short-benchmark[3736216]: INF 2026-10-02 04:44:37.997+00:00 Imported blocks                            blockNumber=20516097 slot=9723715 blocks=516096 txs=82520262 mgas=7813209 bps=39.94 tps=5862 mgps=604.6 avgBps=34.16 avgTps=5462 avgMGps=517.2 elapsed=4h11m46s
Oct 02 04:48:14 nimbus-eth1-mainnet-short-benchmark[3736216]: INF 2026-10-02 04:48:14.658+00:00 Imported blocks                            blockNumber=20524289 slot=9731945 blocks=524288 txs=83780075 mgas=7937233 bps=37.81 tps=5814 mgps=572.4 avgBps=34.22 avgTps=5467 avgMGps=518.0 elapsed=4h15m23s
Oct 02 04:51:57 nimbus-eth1-mainnet-short-benchmark[3736216]: INF 2026-10-02 04:51:56.995+00:00 Imported blocks                            blockNumber=20532481 slot=9740183 blocks=532480 txs=85263862 mgas=8061024 bps=36.84 tps=6673 mgps=556.8 avgBps=34.25 avgTps=5484 avgMGps=518.5 elapsed=4h19m5s
Oct 02 04:55:43 nimbus-eth1-mainnet-short-benchmark[3736216]: INF 2026-10-02 04:55:43.560+00:00 Imported blocks                            blockNumber=20540673 slot=9748418 blocks=540672 txs=86612143 mgas=8185090 bps=36.16 tps=5951 mgps=547.6 avgBps=34.28 avgTps=5491 avgMGps=519.0 elapsed=4h22m52s
Oct 02 04:59:37 nimbus-eth1-mainnet-short-benchmark[3736216]: INF 2026-10-02 04:59:37.356+00:00 Imported blocks                            blockNumber=20548865 slot=9756662 blocks=548864 txs=87802991 mgas=8309513 bps=35.04 tps=5093 mgps=532.2 avgBps=34.29 avgTps=5485 avgMGps=519.2 elapsed=4h26m45s
Oct 02 05:03:27 nimbus-eth1-mainnet-short-benchmark[3736216]: INF 2026-10-02 05:03:27.069+00:00 Imported blocks                            blockNumber=20557057 slot=9764892 blocks=557056 txs=88964987 mgas=8433956 bps=35.66 tps=5058 mgps=541.7 avgBps=34.31 avgTps=5479 avgMGps=519.5 elapsed=4h30m35s
Oct 02 05:07:07 nimbus-eth1-mainnet-short-benchmark[3736216]: INF 2026-10-02 05:07:07.202+00:00 Imported blocks                            blockNumber=20565249 slot=9773131 blocks=565248 txs=90186094 mgas=8558113 bps=37.21 tps=5547 mgps=564.0 avgBps=34.35 avgTps=5480 avgMGps=520.1 elapsed=4h34m15s
Oct 02 05:10:49 nimbus-eth1-mainnet-short-benchmark[3736216]: INF 2026-10-02 05:10:49.231+00:00 Imported blocks                            blockNumber=20573441 slot=9781369 blocks=573440 txs=91404654 mgas=8682228 bps=36.90 tps=5488 mgps=559.0 avgBps=34.38 avgTps=5480 avgMGps=520.6 elapsed=4h37m57s
Oct 02 05:14:26 nimbus-eth1-mainnet-short-benchmark[3736216]: INF 2026-10-02 05:14:26.928+00:00 Imported blocks                            blockNumber=20581633 slot=9789611 blocks=581632 txs=92628389 mgas=8806651 bps=37.63 tps=5621 mgps=571.6 avgBps=34.43 avgTps=5482 avgMGps=521.2 elapsed=4h41m35s
Oct 02 05:18:10 nimbus-eth1-mainnet-short-benchmark[3736216]: INF 2026-10-02 05:18:10.653+00:00 Imported blocks                            blockNumber=20589825 slot=9797855 blocks=589824 txs=93887208 mgas=8931023 bps=36.62 tps=5626 mgps=555.9 avgBps=34.45 avgTps=5484 avgMGps=521.7 elapsed=4h45m19s
Oct 02 05:21:59 nimbus-eth1-mainnet-short-benchmark[3736216]: INF 2026-10-02 05:21:59.681+00:00 Imported blocks                            blockNumber=20598017 slot=9806095 blocks=598016 txs=95163338 mgas=9055310 bps=35.77 tps=5571 mgps=542.7 avgBps=34.47 avgTps=5485 avgMGps=522.0 elapsed=4h49m8s
Oct 02 05:25:50 nimbus-eth1-mainnet-short-benchmark[3736216]: INF 2026-10-02 05:25:50.586+00:00 Imported blocks                            blockNumber=20606209 slot=9814347 blocks=606208 txs=96334664 mgas=9179976 bps=35.48 tps=5072 mgps=539.9 avgBps=34.48 avgTps=5480 avgMGps=522.2 elapsed=4h52m59s
Oct 02 05:29:31 nimbus-eth1-mainnet-short-benchmark[3736216]: INF 2026-10-02 05:29:31.195+00:00 Imported blocks                            blockNumber=20614401 slot=9822581 blocks=614400 txs=97573414 mgas=9304574 bps=37.13 tps=5615 mgps=564.8 avgBps=34.52 avgTps=5481 avgMGps=522.7 elapsed=4h56m39s
Oct 02 05:33:13 nimbus-eth1-mainnet-short-benchmark[3736216]: INF 2026-10-02 05:33:13.180+00:00 Imported blocks                            blockNumber=20622593 slot=9830821 blocks=622592 txs=98874772 mgas=9428835 bps=36.90 tps=5862 mgps=559.8 avgBps=34.55 avgTps=5486 avgMGps=523.2 elapsed=5h21s669ms
Oct 02 05:36:49 nimbus-eth1-mainnet-short-benchmark[3736216]: INF 2026-10-02 05:36:49.165+00:00 Imported blocks                            blockNumber=20630785 slot=9839058 blocks=630784 txs=100178707 mgas=9553009 bps=37.93 tps=6037 mgps=574.9 avgBps=34.59 avgTps=5492 avgMGps=523.8 elapsed=5h3m57s
Oct 02 05:40:34 nimbus-eth1-mainnet-short-benchmark[3736216]: INF 2026-10-02 05:40:34.750+00:00 Imported blocks                            blockNumber=20638977 slot=9847313 blocks=638976 txs=101489116 mgas=9677171 bps=36.31 tps=5808 mgps=550.4 avgBps=34.61 avgTps=5496 avgMGps=524.1 elapsed=5h7m43s
Oct 02 05:44:17 nimbus-eth1-mainnet-short-benchmark[3736216]: INF 2026-10-02 05:44:17.186+00:00 Imported blocks                            blockNumber=20647169 slot=9855549 blocks=647168 txs=102730058 mgas=9801643 bps=36.83 tps=5578 mgps=559.6 avgBps=34.63 avgTps=5497 avgMGps=524.6 elapsed=5h11m25s
Oct 02 05:48:13 nimbus-eth1-mainnet-short-benchmark[3736216]: INF 2026-10-02 05:48:13.883+00:00 Imported blocks                            blockNumber=20655361 slot=9863778 blocks=655360 txs=103868002 mgas=9926541 bps=34.61 tps=4807 mgps=527.7 avgBps=34.63 avgTps=5489 avgMGps=524.6 elapsed=5h15m22s
Oct 02 05:51:49 nimbus-eth1-mainnet-short-benchmark[3736216]: INF 2026-10-02 05:51:49.688+00:00 Imported blocks                            blockNumber=20663553 slot=9872013 blocks=663552 txs=105112198 mgas=10051274 bps=37.96 tps=5765 mgps=578.0 avgBps=34.67 avgTps=5492 avgMGps=525.2 elapsed=5h18m58s
Oct 02 05:55:14 nimbus-eth1-mainnet-short-benchmark[3736216]: INF 2026-10-02 05:55:14.485+00:00 Imported blocks                            blockNumber=20671745 slot=9880241 blocks=671744 txs=106395904 mgas=10175177 bps=40.00 tps=6268 mgps=605.0 avgBps=34.73 avgTps=5500 avgMGps=526.0 elapsed=5h22m22s
Oct 02 05:58:44 nimbus-eth1-mainnet-short-benchmark[3736216]: INF 2026-10-02 05:58:44.154+00:00 Imported blocks                            blockNumber=20679937 slot=9888471 blocks=679936 txs=107674271 mgas=10299404 bps=39.07 tps=6097 mgps=592.5 avgBps=34.77 avgTps=5506 avgMGps=526.8 elapsed=5h25m52s
Oct 02 06:02:06 nimbus-eth1-mainnet-short-benchmark[3736216]: INF 2026-10-02 06:02:06.251+00:00 Imported blocks                            blockNumber=20688129 slot=9896698 blocks=688128 txs=108938536 mgas=10423298 bps=40.54 tps=6255 mgps=613.0 avgBps=34.83 avgTps=5514 avgMGps=527.6 elapsed=5h29m14s
Oct 02 06:05:41 nimbus-eth1-mainnet-short-benchmark[3736216]: INF 2026-10-02 06:05:41.116+00:00 Imported blocks                            blockNumber=20696321 slot=9904930 blocks=696320 txs=110235786 mgas=10547469 bps=38.13 tps=6037 mgps=577.9 avgBps=34.87 avgTps=5520 avgMGps=528.2 elapsed=5h32m49s
Oct 02 06:09:34 nimbus-eth1-mainnet-short-benchmark[3736216]: INF 2026-10-02 06:09:34.705+00:00 Imported blocks                            blockNumber=20704513 slot=9913154 blocks=704512 txs=111483759 mgas=10671677 bps=35.07 tps=5342 mgps=531.7 avgBps=34.87 avgTps=5518 avgMGps=528.2 elapsed=5h36m43s
Oct 02 06:13:13 nimbus-eth1-mainnet-short-benchmark[3736216]: INF 2026-10-02 06:13:13.766+00:00 Imported blocks                            blockNumber=20712705 slot=9921388 blocks=712704 txs=112764170 mgas=10795980 bps=37.40 tps=5845 mgps=567.4 avgBps=34.90 avgTps=5521 avgMGps=528.6 elapsed=5h40m22s
Oct 02 06:16:38 nimbus-eth1-mainnet-short-benchmark[3736216]: INF 2026-10-02 06:16:38.719+00:00 Imported blocks                            blockNumber=20720897 slot=9929633 blocks=720896 txs=114110517 mgas=10919926 bps=39.97 tps=6569 mgps=604.8 avgBps=34.95 avgTps=5532 avgMGps=529.4 elapsed=5h43m47s
Oct 02 06:20:11 nimbus-eth1-mainnet-short-benchmark[3736216]: INF 2026-10-02 06:20:11.840+00:00 Imported blocks                            blockNumber=20729089 slot=9937869 blocks=729088 txs=115449431 mgas=11043768 bps=38.44 tps=6282 mgps=581.1 avgBps=34.98 avgTps=5539 avgMGps=529.9 elapsed=5h47m20s
Oct 02 06:23:34 nimbus-eth1-mainnet-short-benchmark[3736216]: INF 2026-10-02 06:23:34.645+00:00 Imported blocks                            blockNumber=20737281 slot=9946108 blocks=737280 txs=116784468 mgas=11167784 bps=40.39 tps=6582 mgps=611.5 avgBps=35.04 avgTps=5549 avgMGps=530.7 elapsed=5h50m43s
Oct 02 06:27:07 nimbus-eth1-mainnet-short-benchmark[3736216]: INF 2026-10-02 06:27:07.918+00:00 Imported blocks                            blockNumber=20745473 slot=9954342 blocks=745472 txs=118101003 mgas=11291742 bps=38.41 tps=6173 mgps=581.2 avgBps=35.07 avgTps=5556 avgMGps=531.2 elapsed=5h54m16s
Oct 02 06:30:58 nimbus-eth1-mainnet-short-benchmark[3736216]: INF 2026-10-02 06:30:58.027+00:00 Imported blocks                            blockNumber=20753665 slot=9962581 blocks=753664 txs=119337525 mgas=11415859 bps=35.60 tps=5373 mgps=539.4 avgBps=35.08 avgTps=5554 avgMGps=531.3 elapsed=5h58m6s
Oct 02 06:34:34 nimbus-eth1-mainnet-short-benchmark[3736216]: INF 2026-10-02 06:34:34.643+00:00 Imported blocks                            blockNumber=20761857 slot=9970803 blocks=761856 txs=120564314 mgas=11540225 bps=37.82 tps=5663 mgps=574.1 avgBps=35.10 avgTps=5555 avgMGps=531.7 elapsed=6h1m43s
Oct 02 06:37:58 nimbus-eth1-mainnet-short-benchmark[3736216]: INF 2026-10-02 06:37:58.633+00:00 Imported blocks                            blockNumber=20770049 slot=9979058 blocks=770048 txs=121858083 mgas=11663918 bps=40.16 tps=6342 mgps=606.4 avgBps=35.15 avgTps=5562 avgMGps=532.4 elapsed=6h5m7s
Oct 02 06:41:15 nimbus-eth1-mainnet-short-benchmark[3736216]: INF 2026-10-02 06:41:15.538+00:00 Imported blocks                            blockNumber=20778241 slot=9987307 blocks=778240 txs=123161734 mgas=11787906 bps=41.60 tps=6620 mgps=629.7 avgBps=35.21 avgTps=5571 avgMGps=533.3 elapsed=6h8m24s
Oct 02 06:44:26 nimbus-eth1-mainnet-short-benchmark[3736216]: INF 2026-10-02 06:44:26.331+00:00 Imported blocks                            blockNumber=20786433 slot=9995542 blocks=786432 txs=124509456 mgas=11911612 bps=42.94 tps=7063 mgps=648.4 avgBps=35.27 avgTps=5584 avgMGps=534.3 elapsed=6h11m34s
Oct 02 06:47:41 nimbus-eth1-mainnet-short-benchmark[3736216]: INF 2026-10-02 06:47:41.596+00:00 Imported blocks                            blockNumber=20794625 slot=10003781 blocks=794624 txs=125848921 mgas=12035338 bps=41.95 tps=6859 mgps=633.6 avgBps=35.33 avgTps=5595 avgMGps=535.1 elapsed=6h14m50s
Oct 02 06:51:02 nimbus-eth1-mainnet-short-benchmark[3736216]: INF 2026-10-02 06:51:02.693+00:00 Imported blocks                            blockNumber=20802817 slot=10012028 blocks=802816 txs=127089868 mgas=12158989 bps=40.74 tps=6170 mgps=614.9 avgBps=35.38 avgTps=5600 avgMGps=535.8 elapsed=6h18m11s
Oct 02 06:54:33 nimbus-eth1-mainnet-short-benchmark[3736216]: INF 2026-10-02 06:54:33.630+00:00 Imported blocks                            blockNumber=20811009 slot=10020249 blocks=811008 txs=128299762 mgas=12282850 bps=38.84 tps=5735 mgps=587.2 avgBps=35.41 avgTps=5602 avgMGps=536.3 elapsed=6h21m42s
Oct 02 06:57:47 nimbus-eth1-mainnet-short-benchmark[3736216]: INF 2026-10-02 06:57:47.124+00:00 Imported blocks                            blockNumber=20819201 slot=10028481 blocks=819200 txs=129596319 mgas=12406594 bps=42.34 tps=6700 mgps=639.5 avgBps=35.47 avgTps=5611 avgMGps=537.2 elapsed=6h24m55s
Oct 02 07:01:02 nimbus-eth1-mainnet-short-benchmark[3736216]: INF 2026-10-02 07:01:02.309+00:00 Imported blocks                            blockNumber=20827393 slot=10036710 blocks=827392 txs=130916729 mgas=12530249 bps=41.97 tps=6764 mgps=633.5 avgBps=35.52 avgTps=5620 avgMGps=538.0 elapsed=6h28m10s
Oct 02 07:04:16 nimbus-eth1-mainnet-short-benchmark[3736216]: INF 2026-10-02 07:04:16.886+00:00 Imported blocks                            blockNumber=20835585 slot=10044938 blocks=835584 txs=132226625 mgas=12654070 bps=42.10 tps=6731 mgps=636.4 avgBps=35.58 avgTps=5630 avgMGps=538.8 elapsed=6h31m25s
Oct 02 07:07:45 nimbus-eth1-mainnet-short-benchmark[3736216]: INF 2026-10-02 07:07:45.635+00:00 Imported blocks                            blockNumber=20843777 slot=10053164 blocks=843776 txs=133604192 mgas=12777730 bps=39.24 tps=6599 mgps=592.4 avgBps=35.61 avgTps=5638 avgMGps=539.3 elapsed=6h34m54s
Oct 02 07:11:43 nimbus-eth1-mainnet-short-benchmark[3736216]: INF 2026-10-02 07:11:43.364+00:00 Imported blocks                            blockNumber=20851969 slot=10061391 blocks=851968 txs=134900706 mgas=12901664 bps=34.46 tps=5453 mgps=521.3 avgBps=35.60 avgTps=5636 avgMGps=539.1 elapsed=6h38m51s
Oct 02 07:15:27 nimbus-eth1-mainnet-short-benchmark[3736216]: INF 2026-10-02 07:15:27.733+00:00 Imported blocks                            blockNumber=20860161 slot=10069622 blocks=860160 txs=136168750 mgas=13025603 bps=36.51 tps=5651 mgps=552.4 avgBps=35.61 avgTps=5637 avgMGps=539.2 elapsed=6h42m36s
Oct 02 07:19:08 nimbus-eth1-mainnet-short-benchmark[3736216]: INF 2026-10-02 07:19:08.186+00:00 Imported blocks                            blockNumber=20868353 slot=10077838 blocks=868352 txs=137550724 mgas=13149742 bps=37.16 tps=6268 mgps=563.1 avgBps=35.62 avgTps=5642 avgMGps=539.4 elapsed=6h46m16s
Oct 02 07:22:43 nimbus-eth1-mainnet-short-benchmark[3736216]: INF 2026-10-02 07:22:43.934+00:00 Imported blocks                            blockNumber=20876545 slot=10086066 blocks=876544 txs=138954673 mgas=13273457 bps=37.97 tps=6507 mgps=573.4 avgBps=35.64 avgTps=5650 avgMGps=539.7 elapsed=6h49m52s
Oct 02 07:26:16 nimbus-eth1-mainnet-short-benchmark[3736216]: INF 2026-10-02 07:26:16.275+00:00 Imported blocks                            blockNumber=20884737 slot=10094286 blocks=884736 txs=140256178 mgas=13397479 bps=38.58 tps=6129 mgps=584.1 avgBps=35.67 avgTps=5654 avgMGps=540.1 elapsed=6h53m24s
Oct 02 07:29:40 nimbus-eth1-mainnet-short-benchmark[3736216]: INF 2026-10-02 07:29:40.205+00:00 Imported blocks                            blockNumber=20892929 slot=10102512 blocks=892928 txs=141581868 mgas=13521575 bps=40.17 tps=6500 mgps=608.5 avgBps=35.70 avgTps=5661 avgMGps=540.7 elapsed=6h56m48s
Oct 02 07:33:06 nimbus-eth1-mainnet-short-benchmark[3736216]: INF 2026-10-02 07:33:06.314+00:00 Imported blocks                            blockNumber=20901121 slot=10110732 blocks=901120 txs=142875889 mgas=13645572 bps=39.75 tps=6278 mgps=601.6 avgBps=35.74 avgTps=5666 avgMGps=541.2 elapsed=7h14s805ms
Oct 02 07:36:32 nimbus-eth1-mainnet-short-benchmark[3736216]: INF 2026-10-02 07:36:32.915+00:00 Imported blocks                            blockNumber=20909313 slot=10118953 blocks=909312 txs=144102308 mgas=13769390 bps=39.65 tps=5936 mgps=599.3 avgBps=35.77 avgTps=5668 avgMGps=541.6 elapsed=7h3m41s
Oct 02 07:39:53 nimbus-eth1-mainnet-short-benchmark[3736216]: INF 2026-10-02 07:39:53.380+00:00 Imported blocks                            blockNumber=20917505 slot=10127176 blocks=917504 txs=145406349 mgas=13893087 bps=40.87 tps=6505 mgps=617.1 avgBps=35.81 avgTps=5675 avgMGps=542.2 elapsed=7h7m1s
Oct 02 07:43:05 nimbus-eth1-mainnet-short-benchmark[3736216]: INF 2026-10-02 07:43:05.393+00:00 Imported blocks                            blockNumber=20925697 slot=10135394 blocks=925696 txs=146718394 mgas=14016820 bps=42.66 tps=6832 mgps=644.4 avgBps=35.86 avgTps=5683 avgMGps=543.0 elapsed=7h10m13s
Oct 02 07:46:31 nimbus-eth1-mainnet-short-benchmark[3736216]: INF 2026-10-02 07:46:31.206+00:00 Imported blocks                            blockNumber=20933889 slot=10143614 blocks=933888 txs=148049109 mgas=14140625 bps=39.80 tps=6465 mgps=601.5 avgBps=35.89 avgTps=5689 avgMGps=543.5 elapsed=7h13m39s
Oct 02 07:49:49 nimbus-eth1-mainnet-short-benchmark[3736216]: INF 2026-10-02 07:49:49.655+00:00 Imported blocks                            blockNumber=20942081 slot=10151840 blocks=942080 txs=149397364 mgas=14264352 bps=41.28 tps=6793 mgps=623.5 avgBps=35.93 avgTps=5698 avgMGps=544.1 elapsed=7h16m58s
Oct 02 07:53:13 nimbus-eth1-mainnet-short-benchmark[3736216]: INF 2026-10-02 07:53:13.912+00:00 Imported blocks                            blockNumber=20950273 slot=10160098 blocks=950272 txs=150765507 mgas=14388237 bps=40.11 tps=6698 mgps=606.5 avgBps=35.96 avgTps=5705 avgMGps=544.5 elapsed=7h20m22s
Oct 02 07:56:51 nimbus-eth1-mainnet-short-benchmark[3736216]: INF 2026-10-02 07:56:51.289+00:00 Imported blocks                            blockNumber=20958465 slot=10168363 blocks=958464 txs=152044771 mgas=14511987 bps=37.69 tps=5885 mgps=569.3 avgBps=35.98 avgTps=5707 avgMGps=544.7 elapsed=7h23m59s
Oct 02 08:00:20 nimbus-eth1-mainnet-short-benchmark[3736216]: INF 2026-10-02 08:00:20.730+00:00 Imported blocks                            blockNumber=20966657 slot=10176609 blocks=966656 txs=153365296 mgas=14635804 bps=39.11 tps=6304 mgps=591.2 avgBps=36.00 avgTps=5712 avgMGps=545.1 elapsed=7h27m29s
Oct 02 08:03:48 nimbus-eth1-mainnet-short-benchmark[3736216]: INF 2026-10-02 08:03:48.215+00:00 Imported blocks                            blockNumber=20974849 slot=10184849 blocks=974848 txs=154744917 mgas=14759580 bps=39.48 tps=6649 mgps=596.6 avgBps=36.03 avgTps=5719 avgMGps=545.5 elapsed=7h30m56s
Oct 02 08:07:22 nimbus-eth1-mainnet-short-benchmark[3736216]: INF 2026-10-02 08:07:22.760+00:00 Imported blocks                            blockNumber=20983041 slot=10193086 blocks=983040 txs=156055229 mgas=14883451 bps=38.18 tps=6107 mgps=577.4 avgBps=36.05 avgTps=5722 avgMGps=545.8 elapsed=7h34m31s
Oct 02 08:10:32 nimbus-eth1-mainnet-short-benchmark[3736216]: INF 2026-10-02 08:10:32.150+00:00 Imported blocks                            blockNumber=20991233 slot=10201319 blocks=991232 txs=157563202 mgas=15007557 bps=43.26 tps=7962 mgps=655.3 avgBps=36.10 avgTps=5737 avgMGps=546.5 elapsed=7h37m40s
Oct 02 08:14:11 nimbus-eth1-mainnet-short-benchmark[3736216]: INF 2026-10-02 08:14:11.451+00:00 Imported blocks                            blockNumber=20999425 slot=10209549 blocks=999424 txs=159003277 mgas=15131383 bps=37.36 tps=6566 mgps=564.6 avgBps=36.11 avgTps=5744 avgMGps=546.7 elapsed=7h41m19s
Oct 02 08:14:27 nimbus-eth1-mainnet-short-benchmark[3736216]: INF 2026-10-02 08:14:27.190+00:00 Imported blocks                            blockNumber=21000001 slot=10210128 blocks=1000000 txs=159109486 mgas=15140191 bps=36.59 tps=6747 mgps=559.6 avgBps=36.11 avgTps=5744 avgMGps=546.7 elapsed=7h41m35s
Oct 02 08:14:27 nimbus-eth1-mainnet-short-benchmark[3736216]: NTC 2026-10-02 08:14:27.190+00:00 Import complete                            blockNumber=21000001 slot=10210128 blocks=1000000 txs=159109486 mgas=15140191
Oct 02 08:14:28 nimbus-eth1-mainnet-short-benchmark[3706446]: <<< ending startNimbusWithImport (success)
Oct 02 08:14:28 nimbus-eth1-mainnet-short-benchmark[3706446]: >>> starting moveBenchmarkingFileToRepo
Oct 02 08:14:28 nimbus-eth1-mainnet-short-benchmark[3706446]: >>> copying debug-csv generated by nimbus to benchmarks repo
Oct 02 08:14:28 nimbus-eth1-mainnet-short-benchmark[3706446]: <<< ending moveBenchmarkingFileToRepo (success)
Oct 02 08:14:28 nimbus-eth1-mainnet-short-benchmark[3706446]: >>> starting generateBuildEnvironmentLogFile
Oct 02 08:14:37 nimbus-eth1-mainnet-short-benchmark[3706446]: <<< ending generateBuildEnvironmentLogFile (success)
Oct 02 08:14:37 nimbus-eth1-mainnet-short-benchmark[3706446]: >>> starting generateSystemdServiceLogs
