=== System Information Report ===
>>> Generated on: Mon Aug 10 02:03:53 PM UTC 2026
==========================
>>> CPU Architecture: x86_64
>>> CPU Byte Order: Little Endian
>>> CPU Cores: 16
>>> CPU Model: AMD Ryzen 7 PRO 8700GE w/ Radeon 780M Graphics
>>> CPU Cache Information:
L1d Cache: 256 KiB (8 instances)
L1i Cache: 256 KiB (8 instances)
L2 Cache: 8 MiB (8 instances)
L3 Cache: 16 MiB (1 instance)
>>> RAM Size: 61Gi
>>> Hard Disk Information:
/dev/md2 : 437G total, 243G free
/dev/md1 : 989M total, 690M free
/dev/nvme0n1p1 : 256M total, 256M free
/dev/nvme1n1 : 1.9T total, 644G free
==========================
=== Nimbus-ETH1 Benchmarking Report ===
>>> Total time spent in benchmarking (nanoseconds): 349468433775387
>>> Total time spent in benchmarking (human readable format): 4 days 1 hours 4 minutes 28 seconds
tail: error writing 'standard output': Broken pipe
>>> Start block number is 1
>>> End block number is 21005282
==========================
=== Comparison of last two benchmarks ===
python /data/status-im/nimbus-eth1/scripts/block-import-stats.py /data/status-im/nimbus-eth1-benchmarks/long-benchmark/20260802T114544_9741f942/blocks-import-benchmark.csv /data/status-im/nimbus-eth1-benchmarks/long-benchmark/20260806T125105_43762789/blocks-import-benchmark.csv
blocks-import-benchmark.csv vs blocks-import-benchmark.csv
                         bps_x     bps_y      tps_x      tps_y     time_x     time_y    bpsd    tpsd   timed
block_number                                                                                                
(499713, 2778109]     5,508.37  5,470.83  27,048.61  26,791.68     26m44s     26m48s  -0.81%  -0.81%   0.85%
(2778109, 5056506]    1,756.86  1,731.82  31,422.38  31,072.42    1h29m2s   1h29m37s  -1.03%  -1.03%   1.08%
(5056506, 7334902]      142.64    142.05  15,269.98  15,210.75   4h29m23s   4h30m33s  -0.42%  -0.42%   0.43%
(7334902, 9613299]      118.32    117.96  12,796.39  12,755.04   5h25m55s   5h26m55s  -0.30%  -0.30%   0.31%
(9613299, 11891695]      66.07     65.91  10,360.41  10,334.88    9h49m9s   9h50m36s  -0.24%  -0.24%   0.25%
(11891695, 14170092]     42.58     42.46   8,357.73   8,334.47   15h3m14s   15h5m55s  -0.29%  -0.29%   0.29%
(14170092, 16448488]     37.52     37.38   6,302.19   6,278.86  16h54m53s  16h58m26s  -0.35%  -0.35%   0.36%
(16448488, 18726885]     30.75     30.70   4,510.55   4,502.69  20h58m35s   21h0m43s  -0.17%  -0.17%   0.17%
(18726885, 21005282]     28.96     29.04   4,697.35   4,710.04  22h17m31s  22h14m21s   0.26%   0.26%  -0.25%

blocks: 20497377, baseline: 96h54m31s, contender: 97h3m58s
Time (total): 9m27s, 0.16%

bpsd = blocks per sec diff (+), tpsd = txs per sec diff, timed = time to process diff (-)
+ = more is better, - = less is better
==========================
