=== System Information Report ===
>>> Generated on: Thu Oct  1 12:47:48 AM UTC 2026
==========================
>>> CPU Architecture: x86_64
>>> CPU Byte Order: Little Endian
>>> CPU Cores: 16
>>> CPU Model: AMD Ryzen 7 PRO 8700GE w/ Radeon 780M Graphics
>>> CPU Cache Information:
L1d Cache: 256 KiB (8 instances)
L1i Cache: 256 KiB (8 instances)
L2 Cache: 8 MiB (8 instances)
L3 Cache: 16 MiB (1 instance)
>>> RAM Size: 61Gi
>>> Hard Disk Information:
/dev/md2 : 437G total, 199G free
/dev/md1 : 989M total, 690M free
/dev/nvme0n1p1 : 256M total, 256M free
/dev/nvme1n1 : 1.9T total, 486G free
==========================
=== Nimbus-ETH1 Benchmarking Report ===
>>> Total time spent in benchmarking (nanoseconds): 27572320447270
>>> Total time spent in benchmarking (human readable format): 7 hours 39 minutes 32 seconds
>>> Start block number is 20000001
>>> End block number is 21000001
==========================
=== Comparison of last two benchmarks ===
sort: write failed: 'standard output': Broken pipe
sort: write error
sort: write failed: 'standard output': Broken pipe
sort: write error
python /data/status-im/nimbus-eth1/scripts/block-import-stats.py /data/status-im/nimbus-eth1-benchmarks/short-benchmark/20260930T090412_ceccea71/blocks-import-benchmark.csv /data/status-im/nimbus-eth1-benchmarks/short-benchmark/20260930T165849_4772f522/blocks-import-benchmark.csv
blocks-import-benchmark.csv vs blocks-import-benchmark.csv
                      bps_x  bps_y     tps_x     tps_y  time_x  time_y   bpsd   tpsd   timed
block_number                                                                                
(20000001, 20111112]  30.01  30.12  4,900.71  4,917.96  1h0m7s  59m52s  0.38%  0.38%  -0.38%
(20111112, 20222223]  33.67  33.92  5,506.33  5,546.69  56m57s  56m31s  0.75%  0.75%  -0.74%
(20222223, 20333334]  35.54  35.88  5,761.02  5,814.87   50m9s  49m40s  0.96%  0.96%  -0.95%
(20333334, 20444445]  37.11  37.39  5,847.48  5,891.28  51m44s  51m21s  0.74%  0.74%  -0.73%
(20444445, 20555556]  36.49  36.81  5,622.00  5,672.13  48m45s  48m19s  0.88%  0.88%  -0.87%
(20555556, 20666667]  36.55  36.85  5,519.42  5,564.58  52m20s  51m54s  0.82%  0.82%  -0.81%
(20666667, 20777778]  38.37  38.72  6,037.79  6,093.07  46m21s  45m55s  0.92%  0.92%  -0.91%
(20777778, 20888889]  39.70  39.92  6,367.94  6,403.74  48m19s   48m4s  0.55%  0.55%  -0.54%
(20888889, 21000001]  39.45  39.99  6,501.92  6,591.37  48m28s  47m51s  1.36%  1.36%  -1.34%

blocks: 991808, baseline: 7h43m14s, contender: 7h39m32s
Time (total): -3m41s, -0.80%

bpsd = blocks per sec diff (+), tpsd = txs per sec diff, timed = time to process diff (-)
+ = more is better, - = less is better
==========================
