Sep 05 18:32:41 nimbus-eth1-mainnet-short-benchmark[4084418]: >>> starting cloneOrFetchBenchmarksRepo
Sep 05 18:32:41 nimbus-eth1-mainnet-short-benchmark[4084418]: >>> Fetching latest changes for nimbus-eth1-benchmarks...
Sep 05 18:32:42 nimbus-eth1-mainnet-short-benchmark[4084466]: HEAD is now at 915a824 chore: update short benchmark Readme
Sep 05 18:32:43 nimbus-eth1-mainnet-short-benchmark[4084418]: <<< ending cloneOrFetchBenchmarksRepo (success)
Sep 05 18:32:43 nimbus-eth1-mainnet-short-benchmark[4084418]: >>> starting cloneOrFetchNimbusRepo
Sep 05 18:32:53 nimbus-eth1-mainnet-short-benchmark[4084418]: >>> Fetching latest changes for nimbus-eth1...
Sep 05 18:32:54 nimbus-eth1-mainnet-short-benchmark[4084809]: From https://github.com/status-im/nimbus-eth1
Sep 05 18:32:54 nimbus-eth1-mainnet-short-benchmark[4084809]:    93e575507..37305b4b9  leaf-derived-vids -> origin/leaf-derived-vids
Sep 05 18:32:54 nimbus-eth1-mainnet-short-benchmark[4084817]: HEAD is now at c78423a22 fix pruned db rpc fetch request (#4716)
Sep 05 18:32:54 nimbus-eth1-mainnet-short-benchmark[4084418]: >>> Found last benchmarked commit: 13f52d09
Sep 05 18:32:54 nimbus-eth1-mainnet-short-benchmark[4084418]: >>> Using next commit: 0ec5836c80412190b26d635bf864bf5c43ba3018
Sep 05 18:32:54 nimbus-eth1-mainnet-short-benchmark[4084833]: HEAD is now at 0ec5836c8 nix: add --falback to handle unavailable substituters (#4679)
Sep 05 18:32:54 nimbus-eth1-mainnet-short-benchmark[4084418]: >>> Current commit: 0ec5836c8
Sep 05 18:32:54 nimbus-eth1-mainnet-short-benchmark[4084418]: <<< ending cloneOrFetchNimbusRepo (success)
Sep 05 18:32:54 nimbus-eth1-mainnet-short-benchmark[4084418]: >>> starting buildBinaries
Sep 05 18:32:54 nimbus-eth1-mainnet-short-benchmark[4084418]: >>> Building binaries for commit 0ec5836c...
Sep 05 18:33:02 nimbus-eth1-mainnet-short-benchmark[4090313]: Building: Nim compiler
Sep 05 18:35:58 nimbus-eth1-mainnet-short-benchmark[4090313]: Building custom Nimble commit: 42ef70c2102a942c46f13eb76872326edd525cec
Sep 05 18:36:08 nimbus-eth1-mainnet-short-benchmark[4090313]: Building Nimble...
Sep 05 18:36:18 nimbus-eth1-mainnet-short-benchmark[4090313]: Replacing nimble binary...
Sep 05 18:36:25 nimbus-eth1-mainnet-short-benchmark[4106800]: Building: build/generate_makefile
Sep 05 18:36:26 nimbus-eth1-mainnet-short-benchmark[4106665]: ROCKSDB CACHED VERSION: 10.10.1
Sep 05 18:36:26 nimbus-eth1-mainnet-short-benchmark[4107064]: RocksDb static libraries already built. Skipping build.
Sep 05 18:36:26 nimbus-eth1-mainnet-short-benchmark[4106800]: Build completed successfully: build/generate_makefile
Sep 05 18:36:26 nimbus-eth1-mainnet-short-benchmark[4107115]: Building: build/nimbus_execution_client
Sep 05 18:38:49 nimbus-eth1-mainnet-short-benchmark[4107115]: Build completed successfully: build/nimbus_execution_client
Sep 05 18:38:49 nimbus-eth1-mainnet-short-benchmark[4084418]: >>> renaming binaries to match commit they were built from
Sep 05 18:38:49 nimbus-eth1-mainnet-short-benchmark[4084418]: >>> creating a symbolic link to the latest version
Sep 05 18:38:49 nimbus-eth1-mainnet-short-benchmark[4084418]: >>> deleting copies that are older than N days
Sep 05 18:38:49 nimbus-eth1-mainnet-short-benchmark[4084418]: <<< ending buildBinaries (success)
Sep 05 18:38:49 nimbus-eth1-mainnet-short-benchmark[4084418]: >>> starting skipOrContinueBenchmark
Sep 05 18:38:49 nimbus-eth1-mainnet-short-benchmark[4084418]: <<< ending skipOrContinueBenchmark (success)
Sep 05 18:38:49 nimbus-eth1-mainnet-short-benchmark[4084418]: >>> starting copyTemplateDatabase
Sep 05 18:38:49 nimbus-eth1-mainnet-short-benchmark[4084418]: >>> Copying template db into nimbus data directory
Sep 05 18:42:00 nimbus-eth1-mainnet-short-benchmark[4084418]: >>> Template db copied
Sep 05 18:42:00 nimbus-eth1-mainnet-short-benchmark[4084418]: >>> making nimbus the owner of the copied files
Sep 05 18:42:00 nimbus-eth1-mainnet-short-benchmark[4084418]: <<< ending copyTemplateDatabase (success)
Sep 05 18:42:00 nimbus-eth1-mainnet-short-benchmark[4084418]: >>> starting startNimbusWithImport
Sep 05 18:42:00 nimbus-eth1-mainnet-short-benchmark[4112784]: INF 2026-09-05 18:42:00.230+00:00 Launching execution client                 version=v0.4.0-0ec5836c config="(configFile: none(InputFile), dataDirFlag: some(/data/status-im/nimbus-eth1/data/shared_mainnet_0), era1DirFlag: some(/data/era1), eraDirFlag: some(/data/era), ereDirFlag: none(OutDir), keyStoreDirFlag: none(OutDir), importKey: , trustedSetupFile: none(string), extraData: Nimbus/v0.4.0-0ec5836c, gasLimit: none(uint64), maxBlobs: none(byte), network: [mainnet], logLevel: INFO, logFormat: auto, metricsEnabled: false, metricsPort: 9093, metricsAddress: 127.0.0.1, bootstrapNodes: [], elBootstrapNodes: [], bootstrapFile: , elBootstrapFile: , staticPeers: [], staticPeersFile: , reconnectMaxRetry: 0, reconnectInterval: 15, listenAddress: ::, tcpPort: 30303, udpPortFlag: none(Port), maxPeersOpt: none(int), elMaxPeersOpt: none(int), nat: (hasExtIp: false, nat: NatAny), discv5: true, netKey: random, agentString: Nimbus/v0.4.0-0ec5836c/linux-amd64/Nim-2.2.10, numThreads: 0, persistBatchSize: 4, dynamicBatchSize: false, rocksdbMaxOpenFiles: 2048, rocksdbWriteBufferSize: 67108864, rocksdbRowCacheSize: 0, rocksdbBlockCacheSize: 2147483648, rocksdbBlockCacheType: hyperclock, rdbVtxCacheSize: 536870912, rdbKeyCacheSize: 1342177280, rdbBranchCacheSize: 1073741824, rdbPrintStats: false, rewriteDatadirId: true, aristoDbMaxSnapshots: 5, parallelStateRootComputation: false, parallelSenderRecovery: true, optimisticStatePrefetch: false, balStatePrefetch: false, balStatePrefetchWorkers: 0, balParallelExecution: false, balPruning: true, eagerStateRootCheck: false, deserializeFcState: true, statelessProvider: false, statelessWitnessValidation: false, cmd: import, maxBlocks: 1000000, chunkSize: 8192, csvStats: some("/data/host-benchmarks/short/133e6bdd1f764d3cb3e88e9fc99fa9c4/blocks-import-benchmark.csv"), validation: false, fullValidation: false, storeBodies: false, storeReceipts: false, storeSlotHashes: false)"
Sep 05 18:42:00 nimbus-eth1-mainnet-short-benchmark[4112784]: WRN 2026-09-05 18:42:00.234+00:00 Data directory has insecure permissions. Correcting them. data_dir=/data/status-im/nimbus-eth1/data/shared_mainnet_0 current_permissions=0755 required_permissions=0700
Sep 05 18:42:02 nimbus-eth1-mainnet-short-benchmark[4112784]: INF 2026-09-05 18:42:02.066+00:00 Taskpool started                           numThreads=16
Sep 05 18:42:02 nimbus-eth1-mainnet-short-benchmark[4112784]: INF 2026-09-05 18:42:02.186+00:00 Database initialized                       base="(0xd24fd73f794058a3807db926d8898c6481e902b7edb91ce0d479d6760f276183, 20000000)" finalized="(0xd24fd73f794058a3807db926d8898c6481e902b7edb91ce0d479d6760f276183, 20000000)" head="(0xd4e56740f876aef8c010b86a40d5f56745a118d0906a34e69aec8c0db1cb8fa3, 0)"
Sep 05 18:42:02 nimbus-eth1-mainnet-short-benchmark[4112784]: NTC 2026-09-05 18:42:02.186+00:00 Could not open ere database, falling back to era1/era import ereDir=/data/status-im/nimbus-eth1/data/shared_mainnet_0/ere networkName=mainnet error="No ere files found in /data/status-im/nimbus-eth1/data/shared_mainnet_0/ere"
Sep 05 18:42:02 nimbus-eth1-mainnet-short-benchmark[4112784]: NTC 2026-09-05 18:42:02.186+00:00 Importing era archive                      blockNumber=20000001 dataDir=/data/status-im/nimbus-eth1/data/shared_mainnet_0 eraDir=/data/era
Sep 05 18:42:04 nimbus-eth1-mainnet-short-benchmark[4112784]: NTC 2026-09-05 18:42:04.357+00:00 Matched block to slot number               blockNumber=20000001 slot=9204783
Sep 05 18:48:04 nimbus-eth1-mainnet-short-benchmark[4112784]: INF 2026-09-05 18:48:04.704+00:00 Imported blocks                            blockNumber=20008193 slot=9213020 blocks=8192 txs=1226966 mgas=124237 bps=22.60 tps=3384 mgps=342.7 avgBps=22.60 avgTps=3384 avgMGps=342.7 elapsed=6m2s521ms
Sep 05 18:53:28 nimbus-eth1-mainnet-short-benchmark[4112784]: INF 2026-09-05 18:53:28.068+00:00 Imported blocks                            blockNumber=20016385 slot=9221256 blocks=16384 txs=2540380 mgas=248071 bps=25.33 tps=4061 mgps=383.0 avgBps=23.89 avgTps=3703 avgMGps=361.7 elapsed=11m25s881ms
Sep 05 18:58:39 nimbus-eth1-mainnet-short-benchmark[4112784]: INF 2026-09-05 18:58:39.375+00:00 Imported blocks                            blockNumber=20024577 slot=9229485 blocks=24576 txs=3869398 mgas=372018 bps=26.31 tps=4269 mgps=398.2 avgBps=24.65 avgTps=3880 avgMGps=373.1 elapsed=16m37s190ms
Sep 05 19:03:13 nimbus-eth1-mainnet-short-benchmark[4112784]: INF 2026-09-05 19:03:13.291+00:00 Imported blocks                            blockNumber=20032769 slot=9237722 blocks=32768 txs=5222766 mgas=495797 bps=29.91 tps=4940 mgps=451.9 avgBps=25.78 avgTps=4108 avgMGps=390.1 elapsed=21m11s105ms
Sep 05 19:07:35 nimbus-eth1-mainnet-short-benchmark[4112784]: INF 2026-09-05 19:07:35.584+00:00 Imported blocks                            blockNumber=20040961 slot=9245957 blocks=40960 txs=6566802 mgas=619586 bps=31.23 tps=5124 mgps=472.0 avgBps=26.71 avgTps=4282 avgMGps=404.1 elapsed=25m33s395ms
Sep 05 19:12:20 nimbus-eth1-mainnet-short-benchmark[4112784]: INF 2026-09-05 19:12:20.564+00:00 Imported blocks                            blockNumber=20049153 slot=9254196 blocks=49152 txs=7904746 mgas=743522 bps=28.75 tps=4694 mgps=434.9 avgBps=27.03 avgTps=4347 avgMGps=408.9 elapsed=30m18s377ms
Sep 05 19:16:55 nimbus-eth1-mainnet-short-benchmark[4112784]: INF 2026-09-05 19:16:55.156+00:00 Imported blocks                            blockNumber=20057345 slot=9262435 blocks=57344 txs=9212009 mgas=867360 bps=29.83 tps=4760 mgps=451.0 avgBps=27.40 avgTps=4401 avgMGps=414.4 elapsed=34m52s969ms
Sep 05 19:21:09 nimbus-eth1-mainnet-short-benchmark[4112784]: INF 2026-09-05 19:21:09.424+00:00 Imported blocks                            blockNumber=20065537 slot=9270674 blocks=65536 txs=10559018 mgas=991371 bps=32.22 tps=5297 mgps=487.7 avgBps=27.92 avgTps=4498 avgMGps=422.4 elapsed=39m7s237ms
Sep 05 19:25:09 nimbus-eth1-mainnet-short-benchmark[4112784]: INF 2026-09-05 19:25:09.425+00:00 Imported blocks                            blockNumber=20073729 slot=9278910 blocks=73728 txs=11898676 mgas=1115111 bps=34.13 tps=5581 mgps=515.6 avgBps=28.50 avgTps=4598 avgMGps=431.0 elapsed=43m7s241ms
Sep 05 19:28:59 nimbus-eth1-mainnet-short-benchmark[4112784]: INF 2026-09-05 19:28:59.461+00:00 Imported blocks                            blockNumber=20081921 slot=9287152 blocks=81920 txs=13323263 mgas=1239150 bps=35.61 tps=6192 mgps=539.2 avgBps=29.08 avgTps=4729 avgMGps=439.8 elapsed=46m57s277ms
Sep 05 19:32:48 nimbus-eth1-mainnet-short-benchmark[4112784]: INF 2026-09-05 19:32:48.878+00:00 Imported blocks                            blockNumber=20090113 slot=9295408 blocks=90112 txs=14697082 mgas=1363113 bps=35.71 tps=5988 mgps=540.3 avgBps=29.58 avgTps=4823 avgMGps=447.4 elapsed=50m46s691ms
Sep 05 19:36:55 nimbus-eth1-mainnet-short-benchmark[4112784]: INF 2026-09-05 19:36:55.307+00:00 Imported blocks                            blockNumber=20098305 slot=9303658 blocks=98304 txs=16025683 mgas=1487146 bps=33.24 tps=5391 mgps=503.3 avgBps=29.85 avgTps=4866 avgMGps=451.6 elapsed=54m53s119ms
Sep 05 19:41:10 nimbus-eth1-mainnet-short-benchmark[4112784]: INF 2026-09-05 19:41:10.963+00:00 Imported blocks                            blockNumber=20106497 slot=9311895 blocks=106496 txs=17337157 mgas=1611066 bps=32.04 tps=5129 mgps=484.7 avgBps=30.01 avgTps=4885 avgMGps=454.0 elapsed=59m8s778ms
Sep 05 19:45:11 nimbus-eth1-mainnet-short-benchmark[4112784]: INF 2026-09-05 19:45:11.636+00:00 Imported blocks                            blockNumber=20114689 slot=9320146 blocks=114688 txs=18632097 mgas=1735123 bps=34.04 tps=5380 mgps=515.5 avgBps=30.27 avgTps=4916 avgMGps=457.9 elapsed=1h3m9s
Sep 05 19:49:00 nimbus-eth1-mainnet-short-benchmark[4112784]: INF 2026-09-05 19:49:00.144+00:00 Imported blocks                            blockNumber=20122881 slot=9328409 blocks=122880 txs=19937418 mgas=1859249 bps=35.85 tps=5712 mgps=543.2 avgBps=30.58 avgTps=4962 avgMGps=462.7 elapsed=1h6m57s
Sep 05 19:52:45 nimbus-eth1-mainnet-short-benchmark[4112784]: INF 2026-09-05 19:52:45.969+00:00 Imported blocks                            blockNumber=20131073 slot=9336660 blocks=131072 txs=21214129 mgas=1983500 bps=36.28 tps=5653 mgps=550.2 avgBps=30.89 avgTps=4998 avgMGps=467.4 elapsed=1h10m43s
Sep 05 19:56:30 nimbus-eth1-mainnet-short-benchmark[4112784]: INF 2026-09-05 19:56:30.434+00:00 Imported blocks                            blockNumber=20139265 slot=9344906 blocks=139264 txs=22579079 mgas=2107571 bps=36.50 tps=6080 mgps=552.7 avgBps=31.17 avgTps=5053 avgMGps=471.7 elapsed=1h14m28s
Sep 05 20:00:58 nimbus-eth1-mainnet-short-benchmark[4112784]: INF 2026-09-05 20:00:58.310+00:00 Imported blocks                            blockNumber=20147457 slot=9353153 blocks=147456 txs=24133322 mgas=2231686 bps=30.58 tps=5802 mgps=463.3 avgBps=31.13 avgTps=5095 avgMGps=471.2 elapsed=1h18m56s
Sep 05 20:05:15 nimbus-eth1-mainnet-short-benchmark[4112784]: INF 2026-09-05 20:05:15.363+00:00 Imported blocks                            blockNumber=20155649 slot=9361407 blocks=155648 txs=25424015 mgas=2356018 bps=31.87 tps=5021 mgps=483.7 avgBps=31.17 avgTps=5091 avgMGps=471.8 elapsed=1h23m13s
Sep 05 20:09:12 nimbus-eth1-mainnet-short-benchmark[4112784]: INF 2026-09-05 20:09:12.923+00:00 Imported blocks                            blockNumber=20163841 slot=9369652 blocks=163840 txs=26749549 mgas=2480207 bps=34.48 tps=5579 mgps=522.8 avgBps=31.32 avgTps=5113 avgMGps=474.2 elapsed=1h27m10s
Sep 05 20:13:05 nimbus-eth1-mainnet-short-benchmark[4112784]: INF 2026-09-05 20:13:05.564+00:00 Imported blocks                            blockNumber=20172033 slot=9377892 blocks=172032 txs=28105316 mgas=2604026 bps=35.21 tps=5827 mgps=532.2 avgBps=31.49 avgTps=5144 avgMGps=476.6 elapsed=1h31m3s
Sep 05 20:17:01 nimbus-eth1-mainnet-short-benchmark[4112784]: INF 2026-09-05 20:17:01.733+00:00 Imported blocks                            blockNumber=20180225 slot=9386128 blocks=180224 txs=29524405 mgas=2728170 bps=34.69 tps=6008 mgps=525.6 avgBps=31.62 avgTps=5180 avgMGps=478.7 elapsed=1h34m59s
Sep 05 20:20:41 nimbus-eth1-mainnet-short-benchmark[4112784]: INF 2026-09-05 20:20:41.701+00:00 Imported blocks                            blockNumber=20188417 slot=9394365 blocks=188416 txs=30849021 mgas=2852023 bps=37.24 tps=6021 mgps=563.1 avgBps=31.83 avgTps=5211 avgMGps=481.8 elapsed=1h38m39s
Sep 05 20:24:46 nimbus-eth1-mainnet-short-benchmark[4112784]: INF 2026-09-05 20:24:46.162+00:00 Imported blocks                            blockNumber=20196609 slot=9402602 blocks=196608 txs=32174755 mgas=2976155 bps=33.51 tps=5423 mgps=507.8 avgBps=31.90 avgTps=5219 avgMGps=482.8 elapsed=1h42m43s
Sep 05 20:29:05 nimbus-eth1-mainnet-short-benchmark[4112784]: INF 2026-09-05 20:29:05.082+00:00 Imported blocks                            blockNumber=20204801 slot=9410840 blocks=204800 txs=33475942 mgas=3100410 bps=31.64 tps=5025 mgps=479.9 avgBps=31.89 avgTps=5211 avgMGps=482.7 elapsed=1h47m2s
Sep 05 20:33:04 nimbus-eth1-mainnet-short-benchmark[4112784]: INF 2026-09-05 20:33:04.543+00:00 Imported blocks                            blockNumber=20212993 slot=9419071 blocks=212992 txs=34798508 mgas=3224370 bps=34.21 tps=5523 mgps=517.7 avgBps=31.97 avgTps=5223 avgMGps=484.0 elapsed=1h51m2s
Sep 05 20:36:54 nimbus-eth1-mainnet-short-benchmark[4112784]: INF 2026-09-05 20:36:54.968+00:00 Imported blocks                            blockNumber=20221185 slot=9427313 blocks=221184 txs=36114045 mgas=3348169 bps=35.55 tps=5709 mgps=537.3 avgBps=32.09 avgTps=5239 avgMGps=485.8 elapsed=1h54m52s
Sep 05 20:40:29 nimbus-eth1-mainnet-short-benchmark[4112784]: INF 2026-09-05 20:40:29.173+00:00 Imported blocks                            blockNumber=20229377 slot=9435549 blocks=229376 txs=37421794 mgas=3472031 bps=38.24 tps=6105 mgps=578.2 avgBps=32.27 avgTps=5265 avgMGps=488.5 elapsed=1h58m26s
Sep 05 20:44:12 nimbus-eth1-mainnet-short-benchmark[4112784]: INF 2026-09-05 20:44:12.713+00:00 Imported blocks                            blockNumber=20237569 slot=9443788 blocks=237568 txs=38842064 mgas=3596351 bps=36.65 tps=6353 mgps=556.1 avgBps=32.41 avgTps=5298 avgMGps=490.6 elapsed=2h2m10s
Sep 05 20:48:13 nimbus-eth1-mainnet-short-benchmark[4112784]: INF 2026-09-05 20:48:13.622+00:00 Imported blocks                            blockNumber=20245761 slot=9452021 blocks=245760 txs=40225739 mgas=3720100 bps=34.00 tps=5743 mgps=513.7 avgBps=32.46 avgTps=5312 avgMGps=491.3 elapsed=2h6m11s
Sep 05 20:52:31 nimbus-eth1-mainnet-short-benchmark[4112784]: INF 2026-09-05 20:52:31.566+00:00 Imported blocks                            blockNumber=20253953 slot=9460253 blocks=253952 txs=41454921 mgas=3844385 bps=31.76 tps=4765 mgps=481.8 avgBps=32.44 avgTps=5294 avgMGps=491.0 elapsed=2h10m29s
Sep 05 20:56:35 nimbus-eth1-mainnet-short-benchmark[4112784]: INF 2026-09-05 20:56:35.415+00:00 Imported blocks                            blockNumber=20262145 slot=9468495 blocks=262144 txs=42726051 mgas=3968623 bps=33.59 tps=5212 mgps=509.5 avgBps=32.47 avgTps=5292 avgMGps=491.6 elapsed=2h14m33s
Sep 05 21:00:24 nimbus-eth1-mainnet-short-benchmark[4112784]: INF 2026-09-05 21:00:24.064+00:00 Imported blocks                            blockNumber=20270337 slot=9476748 blocks=270336 txs=44050436 mgas=4092682 bps=35.83 tps=5792 mgps=542.6 avgBps=32.56 avgTps=5306 avgMGps=493.0 elapsed=2h18m21s
Sep 05 21:03:57 nimbus-eth1-mainnet-short-benchmark[4112784]: INF 2026-09-05 21:03:57.585+00:00 Imported blocks                            blockNumber=20278529 slot=9484981 blocks=278528 txs=45382368 mgas=4216487 bps=38.37 tps=6237 mgps=579.8 avgBps=32.71 avgTps=5329 avgMGps=495.2 elapsed=2h21m55s
Sep 05 21:07:35 nimbus-eth1-mainnet-short-benchmark[4112784]: INF 2026-09-05 21:07:35.021+00:00 Imported blocks                            blockNumber=20286721 slot=9493213 blocks=286720 txs=46733429 mgas=4340363 bps=37.68 tps=6213 mgps=569.7 avgBps=32.83 avgTps=5351 avgMGps=497.0 elapsed=2h25m32s
Sep 05 21:11:34 nimbus-eth1-mainnet-short-benchmark[4112784]: INF 2026-09-05 21:11:34.282+00:00 Imported blocks                            blockNumber=20294913 slot=9501453 blocks=294912 txs=48075887 mgas=4464376 bps=34.24 tps=5610 mgps=518.3 avgBps=32.87 avgTps=5358 avgMGps=497.6 elapsed=2h29m32s
Sep 05 21:15:27 nimbus-eth1-mainnet-short-benchmark[4112784]: INF 2026-09-05 21:15:27.511+00:00 Imported blocks                            blockNumber=20303105 slot=9509696 blocks=303104 txs=49379538 mgas=4588534 bps=35.12 tps=5589 mgps=532.3 avgBps=32.93 avgTps=5364 avgMGps=498.5 elapsed=2h33m25s
Sep 05 21:19:13 nimbus-eth1-mainnet-short-benchmark[4112784]: INF 2026-09-05 21:19:13.864+00:00 Imported blocks                            blockNumber=20311297 slot=9517922 blocks=311296 txs=50637672 mgas=4712596 bps=36.19 tps=5558 mgps=548.1 avgBps=33.01 avgTps=5368 avgMGps=499.7 elapsed=2h37m11s
Sep 05 21:22:53 nimbus-eth1-mainnet-short-benchmark[4112784]: INF 2026-09-05 21:22:53.200+00:00 Imported blocks                            blockNumber=20319489 slot=9526159 blocks=319488 txs=51981692 mgas=4836521 bps=37.35 tps=6127 mgps=565.0 avgBps=33.10 avgTps=5386 avgMGps=501.1 elapsed=2h40m51s
Sep 05 21:26:12 nimbus-eth1-mainnet-short-benchmark[4112784]: INF 2026-09-05 21:26:12.874+00:00 Imported blocks                            blockNumber=20327681 slot=9534381 blocks=327680 txs=53356123 mgas=4960245 bps=41.03 tps=6883 mgps=619.6 avgBps=33.26 avgTps=5416 avgMGps=503.5 elapsed=2h44m10s
Sep 05 21:29:31 nimbus-eth1-mainnet-short-benchmark[4112784]: INF 2026-09-05 21:29:31.683+00:00 Imported blocks                            blockNumber=20335873 slot=9542617 blocks=335872 txs=54719105 mgas=5084025 bps=41.21 tps=6855 mgps=622.6 avgBps=33.42 avgTps=5444 avgMGps=505.9 elapsed=2h47m29s
Sep 05 21:33:09 nimbus-eth1-mainnet-short-benchmark[4112784]: INF 2026-09-05 21:33:09.584+00:00 Imported blocks                            blockNumber=20344065 slot=9550841 blocks=344064 txs=56021853 mgas=5207843 bps=37.60 tps=5978 mgps=568.2 avgBps=33.51 avgTps=5456 avgMGps=507.2 elapsed=2h51m7s
Sep 05 21:37:18 nimbus-eth1-mainnet-short-benchmark[4112784]: INF 2026-09-05 21:37:18.560+00:00 Imported blocks                            blockNumber=20352257 slot=9559072 blocks=352256 txs=57290408 mgas=5332016 bps=32.90 tps=5095 mgps=498.7 avgBps=33.50 avgTps=5447 avgMGps=507.0 elapsed=2h55m16s
Sep 05 21:41:04 nimbus-eth1-mainnet-short-benchmark[4112784]: INF 2026-09-05 21:41:04.009+00:00 Imported blocks                            blockNumber=20360449 slot=9567308 blocks=360448 txs=58543463 mgas=5456201 bps=36.34 tps=5557 mgps=550.8 avgBps=33.56 avgTps=5450 avgMGps=507.9 elapsed=2h59m1s
Sep 05 21:44:41 nimbus-eth1-mainnet-short-benchmark[4112784]: INF 2026-09-05 21:44:41.642+00:00 Imported blocks                            blockNumber=20368641 slot=9575548 blocks=368640 txs=59874056 mgas=5580204 bps=37.64 tps=6113 mgps=569.8 avgBps=33.64 avgTps=5463 avgMGps=509.2 elapsed=3h2m39s
Sep 05 21:48:28 nimbus-eth1-mainnet-short-benchmark[4112784]: INF 2026-09-05 21:48:28.727+00:00 Imported blocks                            blockNumber=20376833 slot=9583774 blocks=376832 txs=61167066 mgas=5704396 bps=36.08 tps=5694 mgps=546.9 avgBps=33.69 avgTps=5467 avgMGps=509.9 elapsed=3h6m26s
Sep 05 21:52:09 nimbus-eth1-mainnet-short-benchmark[4112784]: INF 2026-09-05 21:52:09.120+00:00 Imported blocks                            blockNumber=20385025 slot=9592009 blocks=385024 txs=62480333 mgas=5828235 bps=37.17 tps=5958 mgps=561.9 avgBps=33.75 avgTps=5477 avgMGps=510.9 elapsed=3h10m6s
Sep 05 21:55:50 nimbus-eth1-mainnet-short-benchmark[4112784]: INF 2026-09-05 21:55:50.760+00:00 Imported blocks                            blockNumber=20393217 slot=9600248 blocks=393216 txs=63800597 mgas=5952136 bps=36.96 tps=5956 mgps=559.0 avgBps=33.81 avgTps=5486 avgMGps=511.9 elapsed=3h13m48s
Sep 05 21:59:21 nimbus-eth1-mainnet-short-benchmark[4112784]: INF 2026-09-05 21:59:21.621+00:00 Imported blocks                            blockNumber=20401409 slot=9608486 blocks=401408 txs=65021243 mgas=6076384 bps=38.85 tps=5788 mgps=589.2 avgBps=33.90 avgTps=5491 avgMGps=513.2 elapsed=3h17m19s
Sep 05 22:03:06 nimbus-eth1-mainnet-short-benchmark[4112784]: INF 2026-09-05 22:03:06.718+00:00 Imported blocks                            blockNumber=20409601 slot=9616707 blocks=409600 txs=66199016 mgas=6200666 bps=36.39 tps=5232 mgps=552.1 avgBps=33.95 avgTps=5487 avgMGps=514.0 elapsed=3h21m4s
Sep 05 22:06:45 nimbus-eth1-mainnet-short-benchmark[4112784]: INF 2026-09-05 22:06:45.003+00:00 Imported blocks                            blockNumber=20417793 slot=9624941 blocks=417792 txs=67453930 mgas=6324823 bps=37.53 tps=5749 mgps=568.8 avgBps=34.01 avgTps=5491 avgMGps=514.9 elapsed=3h24m42s
Sep 05 22:09:57 nimbus-eth1-mainnet-short-benchmark[4112784]: INF 2026-09-05 22:09:57.496+00:00 Imported blocks                            blockNumber=20425985 slot=9633187 blocks=425984 txs=68814904 mgas=6448778 bps=42.56 tps=7070 mgps=643.9 avgBps=34.15 avgTps=5516 avgMGps=516.9 elapsed=3h27m55s
Sep 05 22:13:09 nimbus-eth1-mainnet-short-benchmark[4112784]: INF 2026-09-05 22:13:09.538+00:00 Imported blocks                            blockNumber=20434177 slot=9641422 blocks=434176 txs=70124508 mgas=6572711 bps=42.66 tps=6819 mgps=645.3 avgBps=34.28 avgTps=5535 avgMGps=518.9 elapsed=3h31m7s
Sep 05 22:16:30 nimbus-eth1-mainnet-short-benchmark[4112784]: INF 2026-09-05 22:16:30.283+00:00 Imported blocks                            blockNumber=20442369 slot=9649657 blocks=442368 txs=71403576 mgas=6696451 bps=40.81 tps=6371 mgps=616.4 avgBps=34.38 avgTps=5548 avgMGps=520.4 elapsed=3h34m28s
Sep 05 22:20:09 nimbus-eth1-mainnet-short-benchmark[4112784]: INF 2026-09-05 22:20:09.272+00:00 Imported blocks                            blockNumber=20450561 slot=9657896 blocks=450560 txs=72659905 mgas=6820521 bps=37.41 tps=5736 mgps=566.6 avgBps=34.43 avgTps=5552 avgMGps=521.2 elapsed=3h38m7s
Sep 05 22:24:10 nimbus-eth1-mainnet-short-benchmark[4112784]: INF 2026-09-05 22:24:10.196+00:00 Imported blocks                            blockNumber=20458753 slot=9666114 blocks=458752 txs=73838533 mgas=6945116 bps=34.00 tps=4892 mgps=517.2 avgBps=34.42 avgTps=5540 avgMGps=521.1 elapsed=3h42m8s
Sep 05 22:27:50 nimbus-eth1-mainnet-short-benchmark[4112784]: INF 2026-09-05 22:27:50.189+00:00 Imported blocks                            blockNumber=20466945 slot=9674343 blocks=466944 txs=75124748 mgas=7068943 bps=37.24 tps=5846 mgps=562.9 avgBps=34.47 avgTps=5545 avgMGps=521.8 elapsed=3h45m48s
Sep 05 22:31:28 nimbus-eth1-mainnet-short-benchmark[4112784]: INF 2026-09-05 22:31:28.526+00:00 Imported blocks                            blockNumber=20475137 slot=9682575 blocks=475136 txs=76420106 mgas=7192870 bps=37.52 tps=5932 mgps=567.6 avgBps=34.51 avgTps=5551 avgMGps=522.5 elapsed=3h49m26s
Sep 05 22:34:54 nimbus-eth1-mainnet-short-benchmark[4112784]: INF 2026-09-05 22:34:54.727+00:00 Imported blocks                            blockNumber=20483329 slot=9690800 blocks=483328 txs=77675422 mgas=7316939 bps=39.73 tps=6087 mgps=601.7 avgBps=34.59 avgTps=5559 avgMGps=523.7 elapsed=3h52m52s
Sep 05 22:38:19 nimbus-eth1-mainnet-short-benchmark[4112784]: INF 2026-09-05 22:38:19.008+00:00 Imported blocks                            blockNumber=20491521 slot=9699019 blocks=491520 txs=78951232 mgas=7440784 bps=40.10 tps=6245 mgps=606.3 avgBps=34.67 avgTps=5569 avgMGps=524.9 elapsed=3h56m16s
Sep 05 22:41:58 nimbus-eth1-mainnet-short-benchmark[4112784]: INF 2026-09-05 22:41:58.453+00:00 Imported blocks                            blockNumber=20499713 slot=9707248 blocks=499712 txs=80189642 mgas=7564669 bps=37.33 tps=5643 mgps=564.5 avgBps=34.71 avgTps=5570 avgMGps=525.5 elapsed=3h59m56s
Sep 05 22:45:45 nimbus-eth1-mainnet-short-benchmark[4112784]: INF 2026-09-05 22:45:45.166+00:00 Imported blocks                            blockNumber=20507905 slot=9715488 blocks=507904 txs=81317763 mgas=7689208 bps=36.13 tps=4976 mgps=549.3 avgBps=34.73 avgTps=5560 avgMGps=525.8 elapsed=4h3m42s
Sep 05 22:49:04 nimbus-eth1-mainnet-short-benchmark[4112784]: INF 2026-09-05 22:49:04.083+00:00 Imported blocks                            blockNumber=20516097 slot=9723715 blocks=516096 txs=82520262 mgas=7813209 bps=41.18 tps=6045 mgps=623.4 avgBps=34.82 avgTps=5567 avgMGps=527.1 elapsed=4h7m1s
Sep 05 22:52:34 nimbus-eth1-mainnet-short-benchmark[4112784]: INF 2026-09-05 22:52:34.896+00:00 Imported blocks                            blockNumber=20524289 slot=9731945 blocks=524288 txs=83780075 mgas=7937233 bps=38.86 tps=5975 mgps=588.3 avgBps=34.88 avgTps=5573 avgMGps=528.0 elapsed=4h10m32s
Sep 05 22:56:10 nimbus-eth1-mainnet-short-benchmark[4112784]: INF 2026-09-05 22:56:10.865+00:00 Imported blocks                            blockNumber=20532481 slot=9740183 blocks=532480 txs=85263862 mgas=8061024 bps=37.93 tps=6870 mgps=573.2 avgBps=34.92 avgTps=5591 avgMGps=528.6 elapsed=4h14m8s
Sep 05 22:59:51 nimbus-eth1-mainnet-short-benchmark[4112784]: INF 2026-09-05 22:59:51.934+00:00 Imported blocks                            blockNumber=20540673 slot=9748418 blocks=540672 txs=86612143 mgas=8185090 bps=37.06 tps=6098 mgps=561.2 avgBps=34.95 avgTps=5598 avgMGps=529.1 elapsed=4h17m49s
Sep 05 23:03:40 nimbus-eth1-mainnet-short-benchmark[4112784]: INF 2026-09-05 23:03:40.079+00:00 Imported blocks                            blockNumber=20548865 slot=9756662 blocks=548864 txs=87802991 mgas=8309513 bps=35.91 tps=5219 mgps=545.4 avgBps=34.96 avgTps=5593 avgMGps=529.3 elapsed=4h21m37s
Sep 05 23:07:24 nimbus-eth1-mainnet-short-benchmark[4112784]: INF 2026-09-05 23:07:24.395+00:00 Imported blocks                            blockNumber=20557057 slot=9764892 blocks=557056 txs=88964987 mgas=8433956 bps=36.52 tps=5180 mgps=554.8 avgBps=34.99 avgTps=5587 avgMGps=529.7 elapsed=4h25m22s
Sep 05 23:10:58 nimbus-eth1-mainnet-short-benchmark[4112784]: INF 2026-09-05 23:10:58.596+00:00 Imported blocks                            blockNumber=20565249 slot=9773131 blocks=565248 txs=90186094 mgas=8558113 bps=38.24 tps=5700 mgps=579.6 avgBps=35.03 avgTps=5588 avgMGps=530.4 elapsed=4h28m56s
Sep 05 23:14:34 nimbus-eth1-mainnet-short-benchmark[4112784]: INF 2026-09-05 23:14:34.029+00:00 Imported blocks                            blockNumber=20573441 slot=9781369 blocks=573440 txs=91404654 mgas=8682228 bps=38.03 tps=5656 mgps=576.1 avgBps=35.07 avgTps=5589 avgMGps=531.0 elapsed=4h32m31s
Sep 05 23:18:03 nimbus-eth1-mainnet-short-benchmark[4112784]: INF 2026-09-05 23:18:03.926+00:00 Imported blocks                            blockNumber=20581633 slot=9789611 blocks=581632 txs=92628389 mgas=8806651 bps=39.03 tps=5830 mgps=592.8 avgBps=35.12 avgTps=5592 avgMGps=531.7 elapsed=4h36m1s
Sep 05 23:21:40 nimbus-eth1-mainnet-short-benchmark[4112784]: INF 2026-09-05 23:21:40.203+00:00 Imported blocks                            blockNumber=20589825 slot=9797855 blocks=589824 txs=93887208 mgas=8931023 bps=37.88 tps=5820 mgps=575.1 avgBps=35.15 avgTps=5595 avgMGps=532.3 elapsed=4h39m38s
Sep 05 23:25:21 nimbus-eth1-mainnet-short-benchmark[4112784]: INF 2026-09-05 23:25:21.708+00:00 Imported blocks                            blockNumber=20598017 slot=9806095 blocks=598016 txs=95163338 mgas=9055310 bps=36.98 tps=5761 mgps=561.1 avgBps=35.18 avgTps=5598 avgMGps=532.7 elapsed=4h43m19s
Sep 05 23:29:03 nimbus-eth1-mainnet-short-benchmark[4112784]: INF 2026-09-05 23:29:03.773+00:00 Imported blocks                            blockNumber=20606209 slot=9814347 blocks=606208 txs=96334664 mgas=9179976 bps=36.89 tps=5274 mgps=561.4 avgBps=35.20 avgTps=5593 avgMGps=533.1 elapsed=4h47m1s
Sep 05 23:32:37 nimbus-eth1-mainnet-short-benchmark[4112784]: INF 2026-09-05 23:32:37.654+00:00 Imported blocks                            blockNumber=20614401 slot=9822581 blocks=614400 txs=97573414 mgas=9304574 bps=38.30 tps=5791 mgps=582.6 avgBps=35.24 avgTps=5596 avgMGps=533.7 elapsed=4h50m35s
Sep 05 23:36:12 nimbus-eth1-mainnet-short-benchmark[4112784]: INF 2026-09-05 23:36:12.199+00:00 Imported blocks                            blockNumber=20622593 slot=9830821 blocks=622592 txs=98874772 mgas=9428835 bps=38.18 tps=6065 mgps=579.2 avgBps=35.27 avgTps=5601 avgMGps=534.2 elapsed=4h54m10s
Sep 05 23:39:40 nimbus-eth1-mainnet-short-benchmark[4112784]: INF 2026-09-05 23:39:40.712+00:00 Imported blocks                            blockNumber=20630785 slot=9839058 blocks=630784 txs=100178707 mgas=9553009 bps=39.29 tps=6253 mgps=595.5 avgBps=35.32 avgTps=5609 avgMGps=534.9 elapsed=4h57m38s
Sep 05 23:43:16 nimbus-eth1-mainnet-short-benchmark[4112784]: INF 2026-09-05 23:43:16.901+00:00 Imported blocks                            blockNumber=20638977 slot=9847313 blocks=638976 txs=101489116 mgas=9677171 bps=37.89 tps=6061 mgps=574.3 avgBps=35.35 avgTps=5614 avgMGps=535.4 elapsed=5h1m14s
Sep 05 23:46:50 nimbus-eth1-mainnet-short-benchmark[4112784]: INF 2026-09-05 23:46:50.650+00:00 Imported blocks                            blockNumber=20647169 slot=9855549 blocks=647168 txs=102730058 mgas=9801643 bps=38.33 tps=5805 mgps=582.3 avgBps=35.39 avgTps=5617 avgMGps=535.9 elapsed=5h4m48s
Sep 05 23:50:38 nimbus-eth1-mainnet-short-benchmark[4112784]: INF 2026-09-05 23:50:38.546+00:00 Imported blocks                            blockNumber=20655361 slot=9863778 blocks=655360 txs=103868002 mgas=9926541 bps=35.95 tps=4993 mgps=548.0 avgBps=35.39 avgTps=5609 avgMGps=536.1 elapsed=5h8m36s
Sep 05 23:54:08 nimbus-eth1-mainnet-short-benchmark[4112784]: INF 2026-09-05 23:54:08.895+00:00 Imported blocks                            blockNumber=20663553 slot=9872013 blocks=663552 txs=105112198 mgas=10051274 bps=38.95 tps=5914 mgps=593.0 avgBps=35.43 avgTps=5612 avgMGps=536.7 elapsed=5h12m6s
Sep 05 23:57:29 nimbus-eth1-mainnet-short-benchmark[4112784]: INF 2026-09-05 23:57:29.157+00:00 Imported blocks                            blockNumber=20671745 slot=9880241 blocks=671744 txs=106395904 mgas=10175177 bps=40.91 tps=6410 mgps=618.7 avgBps=35.49 avgTps=5621 avgMGps=537.6 elapsed=5h15m26s
Sep 06 00:00:52 nimbus-eth1-mainnet-short-benchmark[4112784]: INF 2026-09-06 00:00:52.686+00:00 Imported blocks                            blockNumber=20679937 slot=9888471 blocks=679936 txs=107674271 mgas=10299404 bps=40.25 tps=6281 mgps=610.4 avgBps=35.54 avgTps=5628 avgMGps=538.4 elapsed=5h18m50s
Sep 06 00:04:09 nimbus-eth1-mainnet-short-benchmark[4112784]: INF 2026-09-06 00:04:09.463+00:00 Imported blocks                            blockNumber=20688129 slot=9896698 blocks=688128 txs=108938536 mgas=10423298 bps=41.63 tps=6424 mgps=629.6 avgBps=35.60 avgTps=5636 avgMGps=539.3 elapsed=5h22m7s
Sep 06 00:07:38 nimbus-eth1-mainnet-short-benchmark[4112784]: INF 2026-09-06 00:07:38.640+00:00 Imported blocks                            blockNumber=20696321 slot=9904930 blocks=696320 txs=110235786 mgas=10547469 bps=39.16 tps=6201 mgps=593.6 avgBps=35.64 avgTps=5642 avgMGps=539.9 elapsed=5h25m36s
Sep 06 00:11:24 nimbus-eth1-mainnet-short-benchmark[4112784]: INF 2026-09-06 00:11:24.613+00:00 Imported blocks                            blockNumber=20704513 slot=9913154 blocks=704512 txs=111483759 mgas=10671677 bps=36.25 tps=5522 mgps=549.6 avgBps=35.65 avgTps=5641 avgMGps=540.0 elapsed=5h29m22s
Sep 06 00:14:57 nimbus-eth1-mainnet-short-benchmark[4112784]: INF 2026-09-06 00:14:57.026+00:00 Imported blocks                            blockNumber=20712705 slot=9921388 blocks=712704 txs=112764170 mgas=10795980 bps=38.57 tps=6028 mgps=585.2 avgBps=35.68 avgTps=5645 avgMGps=540.5 elapsed=5h32m54s
Sep 06 00:18:14 nimbus-eth1-mainnet-short-benchmark[4112784]: INF 2026-09-06 00:18:14.591+00:00 Imported blocks                            blockNumber=20720897 slot=9929633 blocks=720896 txs=114110517 mgas=10919926 bps=41.46 tps=6814 mgps=627.4 avgBps=35.74 avgTps=5656 avgMGps=541.3 elapsed=5h36m12s
Sep 06 00:21:39 nimbus-eth1-mainnet-short-benchmark[4112784]: INF 2026-09-06 00:21:39.816+00:00 Imported blocks                            blockNumber=20729089 slot=9937869 blocks=729088 txs=115449431 mgas=11043768 bps=39.92 tps=6524 mgps=603.5 avgBps=35.78 avgTps=5665 avgMGps=542.0 elapsed=5h39m37s
Sep 06 00:24:56 nimbus-eth1-mainnet-short-benchmark[4112784]: INF 2026-09-06 00:24:56.529+00:00 Imported blocks                            blockNumber=20737281 slot=9946108 blocks=737280 txs=116784468 mgas=11167784 bps=41.64 tps=6786 mgps=630.4 avgBps=35.83 avgTps=5676 avgMGps=542.8 elapsed=5h42m54s
Sep 06 00:28:22 nimbus-eth1-mainnet-short-benchmark[4112784]: INF 2026-09-06 00:28:22.482+00:00 Imported blocks                            blockNumber=20745473 slot=9954342 blocks=745472 txs=118101003 mgas=11291742 bps=39.78 tps=6392 mgps=601.9 avgBps=35.87 avgTps=5683 avgMGps=543.4 elapsed=5h46m20s
Sep 06 00:32:04 nimbus-eth1-mainnet-short-benchmark[4112784]: INF 2026-09-06 00:32:04.903+00:00 Imported blocks                            blockNumber=20753665 slot=9962581 blocks=753664 txs=119337525 mgas=11415859 bps=36.83 tps=5559 mgps=558.0 avgBps=35.88 avgTps=5682 avgMGps=543.5 elapsed=5h50m2s
Sep 06 00:35:35 nimbus-eth1-mainnet-short-benchmark[4112784]: INF 2026-09-06 00:35:35.204+00:00 Imported blocks                            blockNumber=20761857 slot=9970803 blocks=761856 txs=120564314 mgas=11540225 bps=38.95 tps=5833 mgps=591.4 avgBps=35.91 avgTps=5683 avgMGps=544.0 elapsed=5h53m33s
Sep 06 00:38:53 nimbus-eth1-mainnet-short-benchmark[4112784]: INF 2026-09-06 00:38:53.841+00:00 Imported blocks                            blockNumber=20770049 slot=9979058 blocks=770048 txs=121858083 mgas=11663918 bps=41.24 tps=6513 mgps=622.7 avgBps=35.96 avgTps=5691 avgMGps=544.7 elapsed=5h56m51s
Sep 06 00:42:02 nimbus-eth1-mainnet-short-benchmark[4112784]: INF 2026-09-06 00:42:02.659+00:00 Imported blocks                            blockNumber=20778241 slot=9987307 blocks=778240 txs=123161734 mgas=11787906 bps=43.39 tps=6904 mgps=656.7 avgBps=36.03 avgTps=5701 avgMGps=545.7 elapsed=6h473ms593us
Sep 06 00:45:07 nimbus-eth1-mainnet-short-benchmark[4112784]: INF 2026-09-06 00:45:07.012+00:00 Imported blocks                            blockNumber=20786433 slot=9995542 blocks=786432 txs=124509456 mgas=11911612 bps=44.44 tps=7310 mgps=671.0 avgBps=36.10 avgTps=5715 avgMGps=546.8 elapsed=6h3m4s
Sep 06 00:48:15 nimbus-eth1-mainnet-short-benchmark[4112784]: INF 2026-09-06 00:48:15.213+00:00 Imported blocks                            blockNumber=20794625 slot=10003781 blocks=794624 txs=125848921 mgas=12035338 bps=43.53 tps=7117 mgps=657.4 avgBps=36.16 avgTps=5727 avgMGps=547.7 elapsed=6h6m13s
Sep 06 00:51:30 nimbus-eth1-mainnet-short-benchmark[4112784]: INF 2026-09-06 00:51:30.234+00:00 Imported blocks                            blockNumber=20802817 slot=10012028 blocks=802816 txs=127089868 mgas=12158989 bps=42.01 tps=6363 mgps=634.0 avgBps=36.22 avgTps=5733 avgMGps=548.5 elapsed=6h9m28s
Sep 06 00:54:54 nimbus-eth1-mainnet-short-benchmark[4112784]: INF 2026-09-06 00:54:54.856+00:00 Imported blocks                            blockNumber=20811009 slot=10020249 blocks=811008 txs=128299762 mgas=12282850 bps=40.04 tps=5912 mgps=605.3 avgBps=36.25 avgTps=5734 avgMGps=549.0 elapsed=6h12m52s
Sep 06 00:58:04 nimbus-eth1-mainnet-short-benchmark[4112784]: INF 2026-09-06 00:58:04.777+00:00 Imported blocks                            blockNumber=20819201 slot=10028481 blocks=819200 txs=129596319 mgas=12406594 bps=43.13 tps=6826 mgps=651.5 avgBps=36.31 avgTps=5743 avgMGps=549.9 elapsed=6h16m2s
Sep 06 01:01:14 nimbus-eth1-mainnet-short-benchmark[4112784]: INF 2026-09-06 01:01:14.210+00:00 Imported blocks                            blockNumber=20827393 slot=10036710 blocks=827392 txs=130916729 mgas=12530249 bps=43.25 tps=6970 mgps=652.8 avgBps=36.37 avgTps=5754 avgMGps=550.7 elapsed=6h19m12s
Sep 06 01:04:24 nimbus-eth1-mainnet-short-benchmark[4112784]: INF 2026-09-06 01:04:24.759+00:00 Imported blocks                            blockNumber=20835585 slot=10044938 blocks=835584 txs=132226625 mgas=12654070 bps=42.99 tps=6874 mgps=649.8 avgBps=36.42 avgTps=5763 avgMGps=551.6 elapsed=6h22m22s
Sep 06 01:07:46 nimbus-eth1-mainnet-short-benchmark[4112784]: INF 2026-09-06 01:07:46.541+00:00 Imported blocks                            blockNumber=20843777 slot=10053164 blocks=843776 txs=133604192 mgas=12777730 bps=40.60 tps=6826 mgps=612.8 avgBps=36.46 avgTps=5772 avgMGps=552.1 elapsed=6h25m44s
Sep 06 01:11:33 nimbus-eth1-mainnet-short-benchmark[4112784]: INF 2026-09-06 01:11:33.721+00:00 Imported blocks                            blockNumber=20851969 slot=10061391 blocks=851968 txs=134900706 mgas=12901664 bps=36.06 tps=5706 mgps=545.5 avgBps=36.45 avgTps=5772 avgMGps=552.0 elapsed=6h29m31s
Sep 06 01:15:07 nimbus-eth1-mainnet-short-benchmark[4112784]: INF 2026-09-06 01:15:07.446+00:00 Imported blocks                            blockNumber=20860161 slot=10069622 blocks=860160 txs=136168750 mgas=13025603 bps=38.33 tps=5933 mgps=579.9 avgBps=36.47 avgTps=5773 avgMGps=552.3 elapsed=6h33m5s
Sep 06 01:18:39 nimbus-eth1-mainnet-short-benchmark[4112784]: INF 2026-09-06 01:18:39.467+00:00 Imported blocks                            blockNumber=20868353 slot=10077838 blocks=868352 txs=137550724 mgas=13149742 bps=38.64 tps=6518 mgps=585.5 avgBps=36.49 avgTps=5780 avgMGps=552.6 elapsed=6h36m37s
Sep 06 01:22:08 nimbus-eth1-mainnet-short-benchmark[4112784]: INF 2026-09-06 01:22:08.884+00:00 Imported blocks                            blockNumber=20876545 slot=10086066 blocks=876544 txs=138954673 mgas=13273457 bps=39.12 tps=6704 mgps=590.8 avgBps=36.51 avgTps=5788 avgMGps=552.9 elapsed=6h40m6s
Sep 06 01:25:33 nimbus-eth1-mainnet-short-benchmark[4112784]: INF 2026-09-06 01:25:33.857+00:00 Imported blocks                            blockNumber=20884737 slot=10094286 blocks=884736 txs=140256178 mgas=13397479 bps=39.97 tps=6349 mgps=605.1 avgBps=36.54 avgTps=5792 avgMGps=553.3 elapsed=6h43m31s
Sep 06 01:28:52 nimbus-eth1-mainnet-short-benchmark[4112784]: INF 2026-09-06 01:28:52.114+00:00 Imported blocks                            blockNumber=20892929 slot=10102512 blocks=892928 txs=141581868 mgas=13521575 bps=41.32 tps=6686 mgps=625.9 avgBps=36.58 avgTps=5800 avgMGps=553.9 elapsed=6h46m49s
Sep 06 01:32:12 nimbus-eth1-mainnet-short-benchmark[4112784]: INF 2026-09-06 01:32:12.456+00:00 Imported blocks                            blockNumber=20901121 slot=10110732 blocks=901120 txs=142875889 mgas=13645572 bps=40.89 tps=6459 mgps=618.9 avgBps=36.62 avgTps=5805 avgMGps=554.5 elapsed=6h50m10s
Sep 06 01:35:31 nimbus-eth1-mainnet-short-benchmark[4112784]: INF 2026-09-06 01:35:31.965+00:00 Imported blocks                            blockNumber=20909313 slot=10118953 blocks=909312 txs=144102308 mgas=13769390 bps=41.06 tps=6147 mgps=620.6 avgBps=36.65 avgTps=5808 avgMGps=555.0 elapsed=6h53m29s
Sep 06 01:38:46 nimbus-eth1-mainnet-short-benchmark[4112784]: INF 2026-09-06 01:38:46.174+00:00 Imported blocks                            blockNumber=20917505 slot=10127176 blocks=917504 txs=145406349 mgas=13893087 bps=42.18 tps=6714 mgps=636.9 avgBps=36.69 avgTps=5815 avgMGps=555.6 elapsed=6h56m43s
Sep 06 01:41:50 nimbus-eth1-mainnet-short-benchmark[4112784]: INF 2026-09-06 01:41:50.727+00:00 Imported blocks                            blockNumber=20925697 slot=10135394 blocks=925696 txs=146718394 mgas=14016820 bps=44.39 tps=7109 mgps=670.5 avgBps=36.75 avgTps=5824 avgMGps=556.5 elapsed=6h59m48s
Sep 06 01:45:09 nimbus-eth1-mainnet-short-benchmark[4112784]: INF 2026-09-06 01:45:09.872+00:00 Imported blocks                            blockNumber=20933889 slot=10143614 blocks=933888 txs=148049109 mgas=14140625 bps=41.14 tps=6682 mgps=621.7 avgBps=36.79 avgTps=5831 avgMGps=557.0 elapsed=7h3m7s
Sep 06 01:48:22 nimbus-eth1-mainnet-short-benchmark[4112784]: INF 2026-09-06 01:48:22.002+00:00 Imported blocks                            blockNumber=20942081 slot=10151840 blocks=942080 txs=149397364 mgas=14264352 bps=42.64 tps=7017 mgps=644.0 avgBps=36.83 avgTps=5840 avgMGps=557.6 elapsed=7h6m19s
Sep 06 01:51:40 nimbus-eth1-mainnet-short-benchmark[4112784]: INF 2026-09-06 01:51:40.067+00:00 Imported blocks                            blockNumber=20950273 slot=10160098 blocks=950272 txs=150765507 mgas=14388237 bps=41.36 tps=6907 mgps=625.5 avgBps=36.86 avgTps=5848 avgMGps=558.2 elapsed=7h9m37s
Sep 06 01:55:08 nimbus-eth1-mainnet-short-benchmark[4112784]: INF 2026-09-06 01:55:08.508+00:00 Imported blocks                            blockNumber=20958465 slot=10168363 blocks=958464 txs=152044771 mgas=14511987 bps=39.30 tps=6137 mgps=593.7 avgBps=36.88 avgTps=5850 avgMGps=558.4 elapsed=7h13m6s
Sep 06 01:58:29 nimbus-eth1-mainnet-short-benchmark[4112784]: INF 2026-09-06 01:58:29.881+00:00 Imported blocks                            blockNumber=20966657 slot=10176609 blocks=966656 txs=153365296 mgas=14635804 bps=40.68 tps=6557 mgps=614.9 avgBps=36.91 avgTps=5856 avgMGps=558.9 elapsed=7h16m27s
Sep 06 02:01:49 nimbus-eth1-mainnet-short-benchmark[4112784]: INF 2026-09-06 02:01:49.978+00:00 Imported blocks                            blockNumber=20974849 slot=10184849 blocks=974848 txs=154744917 mgas=14759580 bps=40.94 tps=6894 mgps=618.6 avgBps=36.94 avgTps=5864 avgMGps=559.3 elapsed=7h19m47s
Sep 06 02:05:16 nimbus-eth1-mainnet-short-benchmark[4112784]: INF 2026-09-06 02:05:16.735+00:00 Imported blocks                            blockNumber=20983041 slot=10193086 blocks=983040 txs=156055229 mgas=14883451 bps=39.62 tps=6337 mgps=599.1 avgBps=36.96 avgTps=5867 avgMGps=559.6 elapsed=7h23m14s
Sep 06 02:08:17 nimbus-eth1-mainnet-short-benchmark[4112784]: INF 2026-09-06 02:08:17.673+00:00 Imported blocks                            blockNumber=20991233 slot=10201319 blocks=991232 txs=157563202 mgas=15007557 bps=45.27 tps=8334 mgps=685.9 avgBps=37.02 avgTps=5884 avgMGps=560.5 elapsed=7h26m15s
Sep 06 02:11:48 nimbus-eth1-mainnet-short-benchmark[4112784]: INF 2026-09-06 02:11:48.162+00:00 Imported blocks                            blockNumber=20999425 slot=10209549 blocks=999424 txs=159003277 mgas=15131383 bps=38.92 tps=6841 mgps=588.3 avgBps=37.03 avgTps=5892 avgMGps=560.7 elapsed=7h29m45s
Sep 06 02:12:03 nimbus-eth1-mainnet-short-benchmark[4112784]: INF 2026-09-06 02:12:03.589+00:00 Imported blocks                            blockNumber=21000001 slot=10210128 blocks=1000000 txs=159109486 mgas=15140191 bps=37.33 tps=6884 mgps=570.9 avgBps=37.04 avgTps=5892 avgMGps=560.7 elapsed=7h30m1s
Sep 06 02:12:03 nimbus-eth1-mainnet-short-benchmark[4112784]: NTC 2026-09-06 02:12:03.589+00:00 Import complete                            blockNumber=21000001 slot=10210128 blocks=1000000 txs=159109486 mgas=15140191
Sep 06 02:12:04 nimbus-eth1-mainnet-short-benchmark[4084418]: <<< ending startNimbusWithImport (success)
Sep 06 02:12:04 nimbus-eth1-mainnet-short-benchmark[4084418]: >>> starting moveBenchmarkingFileToRepo
Sep 06 02:12:04 nimbus-eth1-mainnet-short-benchmark[4084418]: >>> copying debug-csv generated by nimbus to benchmarks repo
Sep 06 02:12:04 nimbus-eth1-mainnet-short-benchmark[4084418]: <<< ending moveBenchmarkingFileToRepo (success)
Sep 06 02:12:04 nimbus-eth1-mainnet-short-benchmark[4084418]: >>> starting generateBuildEnvironmentLogFile
Sep 06 02:12:13 nimbus-eth1-mainnet-short-benchmark[4084418]: <<< ending generateBuildEnvironmentLogFile (success)
Sep 06 02:12:13 nimbus-eth1-mainnet-short-benchmark[4084418]: >>> starting generateSystemdServiceLogs
