Sep 09 07:11:37 nimbus-eth1-mainnet-short-benchmark[1012843]: >>> starting cloneOrFetchBenchmarksRepo
Sep 09 07:11:37 nimbus-eth1-mainnet-short-benchmark[1012843]: >>> Fetching latest changes for nimbus-eth1-benchmarks...
Sep 09 07:11:39 nimbus-eth1-mainnet-short-benchmark[1012890]: HEAD is now at 23b61f6 chore: update short benchmark Readme
Sep 09 07:11:39 nimbus-eth1-mainnet-short-benchmark[1012843]: <<< ending cloneOrFetchBenchmarksRepo (success)
Sep 09 07:11:39 nimbus-eth1-mainnet-short-benchmark[1012843]: >>> starting cloneOrFetchNimbusRepo
Sep 09 07:11:51 nimbus-eth1-mainnet-short-benchmark[1012843]: >>> Fetching latest changes for nimbus-eth1...
Sep 09 07:11:52 nimbus-eth1-mainnet-short-benchmark[1013266]: From https://github.com/status-im/nimbus-eth1
Sep 09 07:11:52 nimbus-eth1-mainnet-short-benchmark[1013266]:    74bf6dd8d..8b63aacb7  master      -> origin/master
Sep 09 07:11:52 nimbus-eth1-mainnet-short-benchmark[1013266]:    38797ccb4..2df845d28  wasm-deploy -> origin/wasm-deploy
Sep 09 07:11:52 nimbus-eth1-mainnet-short-benchmark[1013266]:  * [new branch]          wpG         -> origin/wpG
Sep 09 07:11:52 nimbus-eth1-mainnet-short-benchmark[1013266]: Fetching submodule vendor/nim-web3
Sep 09 07:11:52 nimbus-eth1-mainnet-short-benchmark[1013266]: Fetching submodule vendor/nimbus-build-system
Sep 09 07:11:53 nimbus-eth1-mainnet-short-benchmark[1013266]: From https://github.com/status-im/nimbus-build-system
Sep 09 07:11:53 nimbus-eth1-mainnet-short-benchmark[1013266]:    cb9cfbd..d82132f  master     -> origin/master
Sep 09 07:11:53 nimbus-eth1-mainnet-short-benchmark[1013266]: Fetching submodule vendor/nimbus-build-system/vendor/Nim
Sep 09 07:11:56 nimbus-eth1-mainnet-short-benchmark[1013266]: From https://github.com/nim-lang/Nim
Sep 09 07:11:56 nimbus-eth1-mainnet-short-benchmark[1013266]:  * [new branch]          araq-fixes-25830        -> origin/araq-fixes-25830
Sep 09 07:11:56 nimbus-eth1-mainnet-short-benchmark[1013266]:  * [new branch]          araq-ic-batch           -> origin/araq-ic-batch
Sep 09 07:11:56 nimbus-eth1-mainnet-short-benchmark[1013266]:  * [new branch]          araq-ic-drift4          -> origin/araq-ic-drift4
Sep 09 07:11:56 nimbus-eth1-mainnet-short-benchmark[1013266]:  * [new branch]          araq-ic-fixes2          -> origin/araq-ic-fixes2
Sep 09 07:11:56 nimbus-eth1-mainnet-short-benchmark[1013266]:  * [new branch]          araq-ic-mem-comsumption -> origin/araq-ic-mem-comsumption
Sep 09 07:11:56 nimbus-eth1-mainnet-short-benchmark[1013266]:  * [new branch]          araq-move-in-closure    -> origin/araq-move-in-closure
Sep 09 07:11:56 nimbus-eth1-mainnet-short-benchmark[1013266]:  * [new branch]          araq-ptype-refactor     -> origin/araq-ptype-refactor
Sep 09 07:11:56 nimbus-eth1-mainnet-short-benchmark[1013266]:  * [new branch]          araq-yield-vs-scope-exit -> origin/araq-yield-vs-scope-exit
Sep 09 07:11:56 nimbus-eth1-mainnet-short-benchmark[1013266]:    b73908a36..1109fc4f8  devel                   -> origin/devel
Sep 09 07:11:56 nimbus-eth1-mainnet-short-benchmark[1013266]:  + 473a93652...6e08b47cc gh-pages                -> origin/gh-pages  (forced update)
Sep 09 07:11:56 nimbus-eth1-mainnet-short-benchmark[1013266]:  * [new branch]          pr_alea2                -> origin/pr_alea2
Sep 09 07:11:56 nimbus-eth1-mainnet-short-benchmark[1013266]:    7b03b8a61..af5bf7f87  pr_disable_sink         -> origin/pr_disable_sink
Sep 09 07:11:56 nimbus-eth1-mainnet-short-benchmark[1013266]:  * [new branch]          pr_djd                  -> origin/pr_djd
Sep 09 07:11:56 nimbus-eth1-mainnet-short-benchmark[1013266]:  * [new branch]          pr_djdj                 -> origin/pr_djdj
Sep 09 07:11:56 nimbus-eth1-mainnet-short-benchmark[1013266]:  * [new branch]          pr_dnj                  -> origin/pr_dnj
Sep 09 07:11:56 nimbus-eth1-mainnet-short-benchmark[1013266]:  * [new branch]          pr_dot                  -> origin/pr_dot
Sep 09 07:11:56 nimbus-eth1-mainnet-short-benchmark[1013266]:  * [new branch]          pr_dsj                  -> origin/pr_dsj
Sep 09 07:11:56 nimbus-eth1-mainnet-short-benchmark[1013266]:  * [new branch]          pr_edhjfhn              -> origin/pr_edhjfhn
Sep 09 07:11:56 nimbus-eth1-mainnet-short-benchmark[1013266]:  * [new branch]          pr_ehui                 -> origin/pr_ehui
Sep 09 07:11:56 nimbus-eth1-mainnet-short-benchmark[1013266]:  * [new branch]          pr_extend_enum          -> origin/pr_extend_enum
Sep 09 07:11:56 nimbus-eth1-mainnet-short-benchmark[1013266]:  * [new branch]          pr_field                -> origin/pr_field
Sep 09 07:11:56 nimbus-eth1-mainnet-short-benchmark[1013266]:  * [new branch]          pr_mumu                 -> origin/pr_mumu
Sep 09 07:11:56 nimbus-eth1-mainnet-short-benchmark[1013266]:  * [new branch]          pr_oi                   -> origin/pr_oi
Sep 09 07:11:56 nimbus-eth1-mainnet-short-benchmark[1013266]:  * [new branch]          pr_oi2                  -> origin/pr_oi2
Sep 09 07:11:56 nimbus-eth1-mainnet-short-benchmark[1013266]:  * [new branch]          pr_orc                  -> origin/pr_orc
Sep 09 07:11:56 nimbus-eth1-mainnet-short-benchmark[1013266]:  * [new branch]          pr_secur9e              -> origin/pr_secur9e
Sep 09 07:11:56 nimbus-eth1-mainnet-short-benchmark[1013266]:  * [new branch]          pr_sigei                -> origin/pr_sigei
Sep 09 07:11:56 nimbus-eth1-mainnet-short-benchmark[1013266]:    790df938d..fbec8cd8d  pr_when_typ             -> origin/pr_when_typ
Sep 09 07:11:56 nimbus-eth1-mainnet-short-benchmark[1013266]:  * [new branch]          str-mutation-hoist      -> origin/str-mutation-hoist
Sep 09 07:11:56 nimbus-eth1-mainnet-short-benchmark[1013266]:  * [new branch]          test-ssz                -> origin/test-ssz
Sep 09 07:11:56 nimbus-eth1-mainnet-short-benchmark[1013266]:    ec324ad07..5a598a494  version-1-6             -> origin/version-1-6
Sep 09 07:11:56 nimbus-eth1-mainnet-short-benchmark[1013266]:    a837ee780..336dc9d82  version-2-0             -> origin/version-2-0
Sep 09 07:11:56 nimbus-eth1-mainnet-short-benchmark[1013266]:    bfeb3146d..8e8fbf606  version-2-2             -> origin/version-2-2
Sep 09 07:11:56 nimbus-eth1-mainnet-short-benchmark[1013266]:  * [new branch]          version-2-4             -> origin/version-2-4
Sep 09 07:11:56 nimbus-eth1-mainnet-short-benchmark[1013266]:    5daa18684..f0210dd5b  version-22-staging      -> origin/version-22-staging
Sep 09 07:11:56 nimbus-eth1-mainnet-short-benchmark[1013266]:  * [new tag]             v2.2.12                 -> v2.2.12
Sep 09 07:11:56 nimbus-eth1-mainnet-short-benchmark[1013307]: HEAD is now at 8b63aacb7 Codebytes optimizations (#4762)
Sep 09 07:11:56 nimbus-eth1-mainnet-short-benchmark[1012843]: >>> Found last benchmarked commit: 05ea0129
Sep 09 07:11:56 nimbus-eth1-mainnet-short-benchmark[1012843]: >>> Using next commit: a22c4e908ca75ad180e4b56327d230c8e0d7b3b0
Sep 09 07:11:56 nimbus-eth1-mainnet-short-benchmark[1013323]: HEAD is now at a22c4e908 Snap2 sync lock while downloading (#4728)
Sep 09 07:11:56 nimbus-eth1-mainnet-short-benchmark[1012843]: >>> Current commit: a22c4e908
Sep 09 07:11:56 nimbus-eth1-mainnet-short-benchmark[1012843]: <<< ending cloneOrFetchNimbusRepo (success)
Sep 09 07:11:56 nimbus-eth1-mainnet-short-benchmark[1012843]: >>> starting buildBinaries
Sep 09 07:11:56 nimbus-eth1-mainnet-short-benchmark[1012843]: >>> Building binaries for commit a22c4e90...
Sep 09 07:11:59 nimbus-eth1-mainnet-short-benchmark[1014537]: Submodule path 'vendor/nim-rocksdb': checked out '183cb82697e41e22c9085df31605a341f965f392'
Sep 09 07:11:59 nimbus-eth1-mainnet-short-benchmark[1015020]: Submodule path 'vendor/nim-rocksdb/vendor/rocksdb': checked out 'abeebd9630f11bd08c28b7bd43c7bdfc62050654'
Sep 09 07:11:59 nimbus-eth1-mainnet-short-benchmark[1015020]: Submodule path 'vendor/nim-rocksdb/vendor/vcpkg': checked out '30ef65cad98f08e7197c9a1656fbd871bcb72f2d'
Sep 09 07:12:04 nimbus-eth1-mainnet-short-benchmark[1018894]: Building: Nim compiler
Sep 09 07:15:04 nimbus-eth1-mainnet-short-benchmark[1018894]: Building custom Nimble commit: 42ef70c2102a942c46f13eb76872326edd525cec
Sep 09 07:15:15 nimbus-eth1-mainnet-short-benchmark[1018894]: Building Nimble...
Sep 09 07:15:25 nimbus-eth1-mainnet-short-benchmark[1018894]: Replacing nimble binary...
Sep 09 07:15:32 nimbus-eth1-mainnet-short-benchmark[1035455]: Building: build/generate_makefile
Sep 09 07:15:32 nimbus-eth1-mainnet-short-benchmark[1035320]: ROCKSDB CACHED VERSION: 11.1.2
Sep 09 07:15:32 nimbus-eth1-mainnet-short-benchmark[1035768]: make[1]: Entering directory '/data/status-im/nimbus-eth1/vendor/nim-rocksdb/vendor/rocksdb'
Sep 09 07:15:32 nimbus-eth1-mainnet-short-benchmark[1035768]: $DEBUG_LEVEL is 0, $LIB_MODE is static
Sep 09 07:15:33 nimbus-eth1-mainnet-short-benchmark[1035455]: Build completed successfully: build/generate_makefile
Sep 09 07:15:33 nimbus-eth1-mainnet-short-benchmark[1035768]: make[1]: Leaving directory '/data/status-im/nimbus-eth1/vendor/nim-rocksdb/vendor/rocksdb'
Sep 09 07:15:33 nimbus-eth1-mainnet-short-benchmark[1036050]: Cleaning up RocksDb build artifacts.
Sep 09 07:15:34 nimbus-eth1-mainnet-short-benchmark[1035721]: Building RocksDb static libraries.
Sep 09 07:19:08 nimbus-eth1-mainnet-short-benchmark[1039899]: Building: build/nimbus_execution_client
Sep 09 07:21:29 nimbus-eth1-mainnet-short-benchmark[1039899]: Build completed successfully: build/nimbus_execution_client
Sep 09 07:21:29 nimbus-eth1-mainnet-short-benchmark[1012843]: >>> renaming binaries to match commit they were built from
Sep 09 07:21:29 nimbus-eth1-mainnet-short-benchmark[1012843]: >>> creating a symbolic link to the latest version
Sep 09 07:21:29 nimbus-eth1-mainnet-short-benchmark[1012843]: >>> deleting copies that are older than N days
Sep 09 07:21:29 nimbus-eth1-mainnet-short-benchmark[1012843]: <<< ending buildBinaries (success)
Sep 09 07:21:29 nimbus-eth1-mainnet-short-benchmark[1012843]: >>> starting skipOrContinueBenchmark
Sep 09 07:21:29 nimbus-eth1-mainnet-short-benchmark[1012843]: <<< ending skipOrContinueBenchmark (success)
Sep 09 07:21:29 nimbus-eth1-mainnet-short-benchmark[1012843]: >>> starting copyTemplateDatabase
Sep 09 07:21:29 nimbus-eth1-mainnet-short-benchmark[1012843]: >>> Copying template db into nimbus data directory
Sep 09 07:24:35 nimbus-eth1-mainnet-short-benchmark[1012843]: >>> Template db copied
Sep 09 07:24:35 nimbus-eth1-mainnet-short-benchmark[1012843]: >>> making nimbus the owner of the copied files
Sep 09 07:24:35 nimbus-eth1-mainnet-short-benchmark[1012843]: <<< ending copyTemplateDatabase (success)
Sep 09 07:24:35 nimbus-eth1-mainnet-short-benchmark[1012843]: >>> starting startNimbusWithImport
Sep 09 07:24:35 nimbus-eth1-mainnet-short-benchmark[1045621]: INF 2026-09-09 07:24:35.213+00:00 Launching execution client                 version=v0.4.0-a22c4e90 config="(configFile: none(InputFile), dataDirFlag: some(/data/status-im/nimbus-eth1/data/shared_mainnet_0), era1DirFlag: some(/data/era1), eraDirFlag: some(/data/era), ereDirFlag: none(OutDir), keyStoreDirFlag: none(OutDir), importKey: , trustedSetupFile: none(string), extraData: Nimbus/v0.4.0-a22c4e90, gasLimit: none(uint64), maxBlobs: none(byte), network: [mainnet], logLevel: INFO, logFormat: auto, metricsEnabled: false, metricsPort: 9093, metricsAddress: 127.0.0.1, bootstrapNodes: [], elBootstrapNodes: [], bootstrapFile: , elBootstrapFile: , staticPeers: [], staticPeersFile: , reconnectMaxRetry: 0, reconnectInterval: 15, listenAddress: ::, tcpPort: 30303, udpPortFlag: none(Port), maxPeersOpt: none(int), elMaxPeersOpt: none(int), nat: (hasExtIp: false, nat: NatAny), discv5: true, netKey: random, agentString: Nimbus/v0.4.0-a22c4e90/linux-amd64/Nim-2.2.10, numThreads: 0, persistBatchSize: 4, dynamicBatchSize: false, rocksdbMaxOpenFiles: 2048, rocksdbWriteBufferSize: 67108864, rocksdbRowCacheSize: 0, rocksdbBlockCacheSize: 2147483648, rocksdbBlockCacheType: hyperclock, rdbVtxCacheSize: 536870912, rdbKeyCacheSize: 1342177280, rdbBranchCacheSize: 1073741824, rdbPrintStats: false, rewriteDatadirId: true, aristoDbMaxSnapshots: 5, parallelStateRootComputation: false, parallelSenderRecovery: true, optimisticStatePrefetch: false, balStatePrefetch: false, balStatePrefetchWorkers: 0, balParallelExecution: false, balPruning: true, eagerStateRootCheck: false, deserializeFcState: true, statelessProvider: false, statelessWitnessValidation: false, cmd: import, maxBlocks: 1000000, chunkSize: 8192, csvStats: some("/data/host-benchmarks/short/6ce6b536d87e41a8a37e77c908e990ec/blocks-import-benchmark.csv"), validation: false, fullValidation: false, storeBodies: false, storeReceipts: false, storeSlotHashes: false)"
Sep 09 07:24:35 nimbus-eth1-mainnet-short-benchmark[1045621]: WRN 2026-09-09 07:24:35.213+00:00 Data directory has insecure permissions. Correcting them. data_dir=/data/status-im/nimbus-eth1/data/shared_mainnet_0 current_permissions=0755 required_permissions=0700
Sep 09 07:24:37 nimbus-eth1-mainnet-short-benchmark[1045621]: INF 2026-09-09 07:24:37.053+00:00 Taskpool started                           numThreads=16
Sep 09 07:24:37 nimbus-eth1-mainnet-short-benchmark[1045621]: CreateIOUring failed: Invalid argument (errno=22), thread=139636130733312
Sep 09 07:24:37 nimbus-eth1-mainnet-short-benchmark[1045621]: INF 2026-09-09 07:24:37.197+00:00 Database initialized                       base="(0xd24fd73f794058a3807db926d8898c6481e902b7edb91ce0d479d6760f276183, 20000000)" finalized="(0xd24fd73f794058a3807db926d8898c6481e902b7edb91ce0d479d6760f276183, 20000000)" head="(0xd4e56740f876aef8c010b86a40d5f56745a118d0906a34e69aec8c0db1cb8fa3, 0)"
Sep 09 07:24:37 nimbus-eth1-mainnet-short-benchmark[1045621]: NTC 2026-09-09 07:24:37.197+00:00 Could not open ere database, falling back to era1/era import ereDir=/data/status-im/nimbus-eth1/data/shared_mainnet_0/ere networkName=mainnet error="No ere files found in /data/status-im/nimbus-eth1/data/shared_mainnet_0/ere"
Sep 09 07:24:37 nimbus-eth1-mainnet-short-benchmark[1045621]: NTC 2026-09-09 07:24:37.197+00:00 Importing era archive                      blockNumber=20000001 dataDir=/data/status-im/nimbus-eth1/data/shared_mainnet_0 eraDir=/data/era
Sep 09 07:24:39 nimbus-eth1-mainnet-short-benchmark[1045621]: NTC 2026-09-09 07:24:39.469+00:00 Matched block to slot number               blockNumber=20000001 slot=9204783
Sep 09 07:30:40 nimbus-eth1-mainnet-short-benchmark[1045621]: INF 2026-09-09 07:30:40.284+00:00 Imported blocks                            blockNumber=20008193 slot=9213020 blocks=8192 txs=1226966 mgas=124237 bps=22.56 tps=3379 mgps=342.2 avgBps=22.56 avgTps=3379 avgMGps=342.2 elapsed=6m3s84ms
Sep 09 07:36:03 nimbus-eth1-mainnet-short-benchmark[1045621]: INF 2026-09-09 07:36:03.015+00:00 Imported blocks                            blockNumber=20016385 slot=9221256 blocks=16384 txs=2540380 mgas=248071 bps=25.38 tps=4069 mgps=383.7 avgBps=23.89 avgTps=3704 avgMGps=361.7 elapsed=11m25s817ms
Sep 09 07:41:11 nimbus-eth1-mainnet-short-benchmark[1045621]: INF 2026-09-09 07:41:11.891+00:00 Imported blocks                            blockNumber=20024577 slot=9229485 blocks=24576 txs=3869398 mgas=372018 bps=26.52 tps=4302 mgps=401.3 avgBps=24.71 avgTps=3890 avgMGps=374.0 elapsed=16m34s689ms
Sep 09 07:45:50 nimbus-eth1-mainnet-short-benchmark[1045621]: INF 2026-09-09 07:45:50.303+00:00 Imported blocks                            blockNumber=20032769 slot=9237722 blocks=32768 txs=5222766 mgas=495797 bps=29.42 tps=4860 mgps=444.6 avgBps=25.74 avgTps=4102 avgMGps=389.4 elapsed=21m13s104ms
Sep 09 07:50:19 nimbus-eth1-mainnet-short-benchmark[1045621]: INF 2026-09-09 07:50:19.339+00:00 Imported blocks                            blockNumber=20040961 slot=9245957 blocks=40960 txs=6566802 mgas=619586 bps=30.45 tps=4995 mgps=460.1 avgBps=26.56 avgTps=4258 avgMGps=401.8 elapsed=25m42s140ms
Sep 09 07:55:06 nimbus-eth1-mainnet-short-benchmark[1045621]: INF 2026-09-09 07:55:06.051+00:00 Imported blocks                            blockNumber=20049153 slot=9254196 blocks=49152 txs=7904746 mgas=743522 bps=28.57 tps=4666 mgps=432.3 avgBps=26.88 avgTps=4322 avgMGps=406.6 elapsed=30m28s852ms
Sep 09 07:59:43 nimbus-eth1-mainnet-short-benchmark[1045621]: INF 2026-09-09 07:59:43.287+00:00 Imported blocks                            blockNumber=20057345 slot=9262435 blocks=57344 txs=9212009 mgas=867360 bps=29.55 tps=4715 mgps=446.7 avgBps=27.23 avgTps=4373 avgMGps=411.8 elapsed=35m6s86ms
Sep 09 08:03:59 nimbus-eth1-mainnet-short-benchmark[1045621]: INF 2026-09-09 08:03:59.864+00:00 Imported blocks                            blockNumber=20065537 slot=9270674 blocks=65536 txs=10559018 mgas=991371 bps=31.93 tps=5249 mgps=483.3 avgBps=27.74 avgTps=4469 avgMGps=419.6 elapsed=39m22s662ms
Sep 09 08:08:04 nimbus-eth1-mainnet-short-benchmark[1045621]: INF 2026-09-09 08:08:04.536+00:00 Imported blocks                            blockNumber=20073729 slot=9278910 blocks=73728 txs=11898676 mgas=1115111 bps=33.48 tps=5475 mgps=505.7 avgBps=28.28 avgTps=4563 avgMGps=427.7 elapsed=43m27s336ms
Sep 09 08:11:56 nimbus-eth1-mainnet-short-benchmark[1045621]: INF 2026-09-09 08:11:56.145+00:00 Imported blocks                            blockNumber=20081921 slot=9287152 blocks=81920 txs=13323263 mgas=1239150 bps=35.37 tps=6150 mgps=535.6 avgBps=28.86 avgTps=4693 avgMGps=436.5 elapsed=47m18s945ms
Sep 09 08:15:47 nimbus-eth1-mainnet-short-benchmark[1045621]: INF 2026-09-09 08:15:47.238+00:00 Imported blocks                            blockNumber=20090113 slot=9295408 blocks=90112 txs=14697082 mgas=1363113 bps=35.45 tps=5944 mgps=536.4 avgBps=29.35 avgTps=4787 avgMGps=444.0 elapsed=51m10s38ms
Sep 09 08:19:54 nimbus-eth1-mainnet-short-benchmark[1045621]: INF 2026-09-09 08:19:54.634+00:00 Imported blocks                            blockNumber=20098305 slot=9303658 blocks=98304 txs=16025683 mgas=1487146 bps=33.11 tps=5370 mgps=501.3 avgBps=29.63 avgTps=4830 avgMGps=448.3 elapsed=55m17s437ms
Sep 09 08:24:10 nimbus-eth1-mainnet-short-benchmark[1045621]: INF 2026-09-09 08:24:10.482+00:00 Imported blocks                            blockNumber=20106497 slot=9311895 blocks=106496 txs=17337157 mgas=1611066 bps=32.02 tps=5126 mgps=484.3 avgBps=29.80 avgTps=4851 avgMGps=450.9 elapsed=59m33s284ms
Sep 09 08:28:12 nimbus-eth1-mainnet-short-benchmark[1045621]: INF 2026-09-09 08:28:12.491+00:00 Imported blocks                            blockNumber=20114689 slot=9320146 blocks=114688 txs=18632097 mgas=1735123 bps=33.85 tps=5350 mgps=512.6 avgBps=30.06 avgTps=4883 avgMGps=454.8 elapsed=1h3m35s
Sep 09 08:32:02 nimbus-eth1-mainnet-short-benchmark[1045621]: INF 2026-09-09 08:32:02.176+00:00 Imported blocks                            blockNumber=20122881 slot=9328409 blocks=122880 txs=19937418 mgas=1859249 bps=35.67 tps=5683 mgps=540.4 avgBps=30.38 avgTps=4928 avgMGps=459.6 elapsed=1h7m24s
Sep 09 08:35:48 nimbus-eth1-mainnet-short-benchmark[1045621]: INF 2026-09-09 08:35:48.037+00:00 Imported blocks                            blockNumber=20131073 slot=9336660 blocks=131072 txs=21214129 mgas=1983500 bps=36.27 tps=5652 mgps=550.1 avgBps=30.69 avgTps=4967 avgMGps=464.4 elapsed=1h11m10s
Sep 09 08:39:31 nimbus-eth1-mainnet-short-benchmark[1045621]: INF 2026-09-09 08:39:31.213+00:00 Imported blocks                            blockNumber=20139265 slot=9344906 blocks=139264 txs=22579079 mgas=2107571 bps=36.71 tps=6116 mgps=555.9 avgBps=30.99 avgTps=5024 avgMGps=469.0 elapsed=1h14m54s
Sep 09 08:44:00 nimbus-eth1-mainnet-short-benchmark[1045621]: INF 2026-09-09 08:44:00.642+00:00 Imported blocks                            blockNumber=20147457 slot=9353153 blocks=147456 txs=24133322 mgas=2231686 bps=30.41 tps=5768 mgps=460.7 avgBps=30.96 avgTps=5066 avgMGps=468.5 elapsed=1h19m23s
Sep 09 08:48:19 nimbus-eth1-mainnet-short-benchmark[1045621]: INF 2026-09-09 08:48:19.190+00:00 Imported blocks                            blockNumber=20155649 slot=9361407 blocks=155648 txs=25424015 mgas=2356018 bps=31.68 tps=4992 mgps=480.9 avgBps=30.99 avgTps=5062 avgMGps=469.1 elapsed=1h23m41s
Sep 09 08:52:17 nimbus-eth1-mainnet-short-benchmark[1045621]: INF 2026-09-09 08:52:17.443+00:00 Imported blocks                            blockNumber=20163841 slot=9369652 blocks=163840 txs=26749549 mgas=2480207 bps=34.38 tps=5563 mgps=521.2 avgBps=31.15 avgTps=5085 avgMGps=471.5 elapsed=1h27m40s
Sep 09 08:56:10 nimbus-eth1-mainnet-short-benchmark[1045621]: INF 2026-09-09 08:56:10.807+00:00 Imported blocks                            blockNumber=20172033 slot=9377892 blocks=172032 txs=28105316 mgas=2604026 bps=35.10 tps=5809 mgps=530.6 avgBps=31.31 avgTps=5116 avgMGps=474.0 elapsed=1h31m33s
Sep 09 09:00:07 nimbus-eth1-mainnet-short-benchmark[1045621]: INF 2026-09-09 09:00:07.304+00:00 Imported blocks                            blockNumber=20180225 slot=9386128 blocks=180224 txs=29524405 mgas=2728170 bps=34.64 tps=6000 mgps=524.9 avgBps=31.45 avgTps=5152 avgMGps=476.1 elapsed=1h35m30s
Sep 09 09:03:47 nimbus-eth1-mainnet-short-benchmark[1045621]: INF 2026-09-09 09:03:47.173+00:00 Imported blocks                            blockNumber=20188417 slot=9394365 blocks=188416 txs=30849021 mgas=2852023 bps=37.26 tps=6024 mgps=563.3 avgBps=31.67 avgTps=5184 avgMGps=479.3 elapsed=1h39m9s
Sep 09 09:07:51 nimbus-eth1-mainnet-short-benchmark[1045621]: INF 2026-09-09 09:07:51.685+00:00 Imported blocks                            blockNumber=20196609 slot=9402602 blocks=196608 txs=32174755 mgas=2976155 bps=33.50 tps=5421 mgps=507.7 avgBps=31.74 avgTps=5194 avgMGps=480.5 elapsed=1h43m14s
Sep 09 09:12:12 nimbus-eth1-mainnet-short-benchmark[1045621]: INF 2026-09-09 09:12:12.070+00:00 Imported blocks                            blockNumber=20204801 slot=9410840 blocks=204800 txs=33475942 mgas=3100410 bps=31.46 tps=4997 mgps=477.2 avgBps=31.73 avgTps=5186 avgMGps=480.3 elapsed=1h47m34s
Sep 09 09:16:09 nimbus-eth1-mainnet-short-benchmark[1045621]: INF 2026-09-09 09:16:09.890+00:00 Imported blocks                            blockNumber=20212993 slot=9419071 blocks=212992 txs=34798508 mgas=3224370 bps=34.45 tps=5561 mgps=521.2 avgBps=31.82 avgTps=5199 avgMGps=481.8 elapsed=1h51m32s
Sep 09 09:20:02 nimbus-eth1-mainnet-short-benchmark[1045621]: INF 2026-09-09 09:20:02.087+00:00 Imported blocks                            blockNumber=20221185 slot=9427313 blocks=221184 txs=36114045 mgas=3348169 bps=35.28 tps=5665 mgps=533.2 avgBps=31.94 avgTps=5215 avgMGps=483.5 elapsed=1h55m24s
Sep 09 09:23:35 nimbus-eth1-mainnet-short-benchmark[1045621]: INF 2026-09-09 09:23:35.300+00:00 Imported blocks                            blockNumber=20229377 slot=9435549 blocks=229376 txs=37421794 mgas=3472031 bps=38.42 tps=6133 mgps=580.9 avgBps=32.13 avgTps=5242 avgMGps=486.4 elapsed=1h58m58s
Sep 09 09:27:19 nimbus-eth1-mainnet-short-benchmark[1045621]: INF 2026-09-09 09:27:19.225+00:00 Imported blocks                            blockNumber=20237569 slot=9443788 blocks=237568 txs=38842064 mgas=3596351 bps=36.58 tps=6342 mgps=555.2 avgBps=32.27 avgTps=5276 avgMGps=488.5 elapsed=2h2m42s
Sep 09 09:31:19 nimbus-eth1-mainnet-short-benchmark[1045621]: INF 2026-09-09 09:31:19.342+00:00 Imported blocks                            blockNumber=20245761 slot=9452021 blocks=245760 txs=40225739 mgas=3720100 bps=34.12 tps=5762 mgps=515.4 avgBps=32.33 avgTps=5291 avgMGps=489.3 elapsed=2h6m42s
Sep 09 09:35:34 nimbus-eth1-mainnet-short-benchmark[1045621]: INF 2026-09-09 09:35:34.962+00:00 Imported blocks                            blockNumber=20253953 slot=9460253 blocks=253952 txs=41454921 mgas=3844385 bps=32.05 tps=4808 mgps=486.2 avgBps=32.32 avgTps=5275 avgMGps=489.2 elapsed=2h10m57s
Sep 09 09:39:38 nimbus-eth1-mainnet-short-benchmark[1045621]: INF 2026-09-09 09:39:38.343+00:00 Imported blocks                            blockNumber=20262145 slot=9468495 blocks=262144 txs=42726051 mgas=3968623 bps=33.66 tps=5222 mgps=510.5 avgBps=32.36 avgTps=5274 avgMGps=489.9 elapsed=2h15m1s
Sep 09 09:43:26 nimbus-eth1-mainnet-short-benchmark[1045621]: INF 2026-09-09 09:43:26.875+00:00 Imported blocks                            blockNumber=20270337 slot=9476748 blocks=270336 txs=44050436 mgas=4092682 bps=35.85 tps=5795 mgps=542.8 avgBps=32.45 avgTps=5288 avgMGps=491.3 elapsed=2h18m49s
Sep 09 09:46:58 nimbus-eth1-mainnet-short-benchmark[1045621]: INF 2026-09-09 09:46:58.716+00:00 Imported blocks                            blockNumber=20278529 slot=9484981 blocks=278528 txs=45382368 mgas=4216487 bps=38.67 tps=6287 mgps=584.4 avgBps=32.61 avgTps=5313 avgMGps=493.6 elapsed=2h22m21s
Sep 09 09:50:34 nimbus-eth1-mainnet-short-benchmark[1045621]: INF 2026-09-09 09:50:34.385+00:00 Imported blocks                            blockNumber=20286721 slot=9493213 blocks=286720 txs=46733429 mgas=4340363 bps=37.98 tps=6264 mgps=574.4 avgBps=32.74 avgTps=5336 avgMGps=495.6 elapsed=2h25m57s
Sep 09 09:54:33 nimbus-eth1-mainnet-short-benchmark[1045621]: INF 2026-09-09 09:54:33.082+00:00 Imported blocks                            blockNumber=20294913 slot=9501453 blocks=294912 txs=48075887 mgas=4464376 bps=34.32 tps=5624 mgps=519.5 avgBps=32.78 avgTps=5344 avgMGps=496.3 elapsed=2h29m55s
Sep 09 09:58:26 nimbus-eth1-mainnet-short-benchmark[1045621]: INF 2026-09-09 09:58:26.187+00:00 Imported blocks                            blockNumber=20303105 slot=9509696 blocks=303104 txs=49379538 mgas=4588534 bps=35.14 tps=5592 mgps=532.6 avgBps=32.84 avgTps=5350 avgMGps=497.2 elapsed=2h33m48s
Sep 09 10:02:12 nimbus-eth1-mainnet-short-benchmark[1045621]: INF 2026-09-09 10:02:12.487+00:00 Imported blocks                            blockNumber=20311297 slot=9517922 blocks=311296 txs=50637672 mgas=4712596 bps=36.20 tps=5559 mgps=548.2 avgBps=32.92 avgTps=5355 avgMGps=498.4 elapsed=2h37m35s
Sep 09 10:05:50 nimbus-eth1-mainnet-short-benchmark[1045621]: INF 2026-09-09 10:05:50.500+00:00 Imported blocks                            blockNumber=20319489 slot=9526159 blocks=319488 txs=51981692 mgas=4836521 bps=37.58 tps=6164 mgps=568.4 avgBps=33.03 avgTps=5373 avgMGps=500.0 elapsed=2h41m13s
Sep 09 10:09:10 nimbus-eth1-mainnet-short-benchmark[1045621]: INF 2026-09-09 10:09:10.782+00:00 Imported blocks                            blockNumber=20327681 slot=9534381 blocks=327680 txs=53356123 mgas=4960245 bps=40.90 tps=6862 mgps=617.8 avgBps=33.19 avgTps=5403 avgMGps=502.4 elapsed=2h44m33s
Sep 09 10:12:29 nimbus-eth1-mainnet-short-benchmark[1045621]: INF 2026-09-09 10:12:29.511+00:00 Imported blocks                            blockNumber=20335873 slot=9542617 blocks=335872 txs=54719105 mgas=5084025 bps=41.22 tps=6858 mgps=622.9 avgBps=33.35 avgTps=5432 avgMGps=504.8 elapsed=2h47m52s
Sep 09 10:16:07 nimbus-eth1-mainnet-short-benchmark[1045621]: INF 2026-09-09 10:16:07.436+00:00 Imported blocks                            blockNumber=20344065 slot=9550841 blocks=344064 txs=56021853 mgas=5207843 bps=37.59 tps=5978 mgps=568.2 avgBps=33.44 avgTps=5444 avgMGps=506.1 elapsed=2h51m30s
Sep 09 10:20:17 nimbus-eth1-mainnet-short-benchmark[1045621]: INF 2026-09-09 10:20:17.568+00:00 Imported blocks                            blockNumber=20352257 slot=9559072 blocks=352256 txs=57290408 mgas=5332016 bps=32.75 tps=5071 mgps=496.4 avgBps=33.42 avgTps=5435 avgMGps=505.9 elapsed=2h55m40s
Sep 09 10:24:03 nimbus-eth1-mainnet-short-benchmark[1045621]: INF 2026-09-09 10:24:03.409+00:00 Imported blocks                            blockNumber=20360449 slot=9567308 blocks=360448 txs=58543463 mgas=5456201 bps=36.27 tps=5548 mgps=549.9 avgBps=33.48 avgTps=5437 avgMGps=506.8 elapsed=2h59m26s
Sep 09 10:27:41 nimbus-eth1-mainnet-short-benchmark[1045621]: INF 2026-09-09 10:27:41.962+00:00 Imported blocks                            blockNumber=20368641 slot=9575548 blocks=368640 txs=59874056 mgas=5580204 bps=37.48 tps=6088 mgps=567.4 avgBps=33.56 avgTps=5450 avgMGps=508.0 elapsed=3h3m4s
Sep 09 10:31:31 nimbus-eth1-mainnet-short-benchmark[1045621]: INF 2026-09-09 10:31:31.571+00:00 Imported blocks                            blockNumber=20376833 slot=9583774 blocks=376832 txs=61167066 mgas=5704396 bps=35.68 tps=5631 mgps=540.9 avgBps=33.60 avgTps=5454 avgMGps=508.7 elapsed=3h6m54s
Sep 09 10:35:11 nimbus-eth1-mainnet-short-benchmark[1045621]: INF 2026-09-09 10:35:11.640+00:00 Imported blocks                            blockNumber=20385025 slot=9592009 blocks=385024 txs=62480333 mgas=5828235 bps=37.22 tps=5967 mgps=562.7 avgBps=33.67 avgTps=5464 avgMGps=509.7 elapsed=3h10m34s
Sep 09 10:38:53 nimbus-eth1-mainnet-short-benchmark[1045621]: INF 2026-09-09 10:38:53.389+00:00 Imported blocks                            blockNumber=20393217 slot=9600248 blocks=393216 txs=63800597 mgas=5952136 bps=36.94 tps=5953 mgps=558.7 avgBps=33.73 avgTps=5473 avgMGps=510.6 elapsed=3h14m16s
Sep 09 10:42:25 nimbus-eth1-mainnet-short-benchmark[1045621]: INF 2026-09-09 10:42:25.318+00:00 Imported blocks                            blockNumber=20401409 slot=9608486 blocks=401408 txs=65021243 mgas=6076384 bps=38.65 tps=5759 mgps=586.3 avgBps=33.82 avgTps=5478 avgMGps=512.0 elapsed=3h17m48s
Sep 09 10:46:11 nimbus-eth1-mainnet-short-benchmark[1045621]: INF 2026-09-09 10:46:11.258+00:00 Imported blocks                            blockNumber=20409601 slot=9616707 blocks=409600 txs=66199016 mgas=6200666 bps=36.26 tps=5212 mgps=550.1 avgBps=33.87 avgTps=5473 avgMGps=512.7 elapsed=3h21m34s
Sep 09 10:49:49 nimbus-eth1-mainnet-short-benchmark[1045621]: INF 2026-09-09 10:49:49.331+00:00 Imported blocks                            blockNumber=20417793 slot=9624941 blocks=417792 txs=67453930 mgas=6324823 bps=37.57 tps=5754 mgps=569.3 avgBps=33.93 avgTps=5478 avgMGps=513.7 elapsed=3h25m12s
Sep 09 10:53:03 nimbus-eth1-mainnet-short-benchmark[1045621]: INF 2026-09-09 10:53:03.645+00:00 Imported blocks                            blockNumber=20425985 slot=9633187 blocks=425984 txs=68814904 mgas=6448778 bps=42.16 tps=7003 mgps=637.9 avgBps=34.06 avgTps=5502 avgMGps=515.6 elapsed=3h28m26s
Sep 09 10:56:15 nimbus-eth1-mainnet-short-benchmark[1045621]: INF 2026-09-09 10:56:15.874+00:00 Imported blocks                            blockNumber=20434177 slot=9641422 blocks=434176 txs=70124508 mgas=6572711 bps=42.62 tps=6812 mgps=644.7 avgBps=34.19 avgTps=5522 avgMGps=517.6 elapsed=3h31m38s
Sep 09 10:59:37 nimbus-eth1-mainnet-short-benchmark[1045621]: INF 2026-09-09 10:59:37.591+00:00 Imported blocks                            blockNumber=20442369 slot=9649657 blocks=442368 txs=71403576 mgas=6696451 bps=40.61 tps=6340 mgps=613.4 avgBps=34.29 avgTps=5534 avgMGps=519.1 elapsed=3h35m389ms
Sep 09 11:03:19 nimbus-eth1-mainnet-short-benchmark[1045621]: INF 2026-09-09 11:03:19.300+00:00 Imported blocks                            blockNumber=20450561 slot=9657896 blocks=450560 txs=72659905 mgas=6820521 bps=36.95 tps=5666 mgps=559.6 avgBps=34.34 avgTps=5537 avgMGps=519.8 elapsed=3h38m42s
Sep 09 11:07:21 nimbus-eth1-mainnet-short-benchmark[1045621]: INF 2026-09-09 11:07:21.517+00:00 Imported blocks                            blockNumber=20458753 slot=9666114 blocks=458752 txs=73838533 mgas=6945116 bps=33.82 tps=4865 mgps=514.4 avgBps=34.33 avgTps=5525 avgMGps=519.7 elapsed=3h42m44s
Sep 09 11:11:00 nimbus-eth1-mainnet-short-benchmark[1045621]: INF 2026-09-09 11:11:00.542+00:00 Imported blocks                            blockNumber=20466945 slot=9674343 blocks=466944 txs=75124748 mgas=7068943 bps=37.40 tps=5872 mgps=565.4 avgBps=34.38 avgTps=5530 avgMGps=520.4 elapsed=3h46m23s
Sep 09 11:14:37 nimbus-eth1-mainnet-short-benchmark[1045621]: INF 2026-09-09 11:14:37.898+00:00 Imported blocks                            blockNumber=20475137 slot=9682575 blocks=475136 txs=76420106 mgas=7192870 bps=37.69 tps=5959 mgps=570.2 avgBps=34.43 avgTps=5537 avgMGps=521.2 elapsed=3h50m698ms
Sep 09 11:18:04 nimbus-eth1-mainnet-short-benchmark[1045621]: INF 2026-09-09 11:18:04.096+00:00 Imported blocks                            blockNumber=20483329 slot=9690800 blocks=483328 txs=77675422 mgas=7316939 bps=39.73 tps=6087 mgps=601.7 avgBps=34.51 avgTps=5545 avgMGps=522.4 elapsed=3h53m26s
Sep 09 11:21:30 nimbus-eth1-mainnet-short-benchmark[1045621]: INF 2026-09-09 11:21:30.321+00:00 Imported blocks                            blockNumber=20491521 slot=9699019 blocks=491520 txs=78951232 mgas=7440784 bps=39.72 tps=6186 mgps=600.5 avgBps=34.58 avgTps=5554 avgMGps=523.5 elapsed=3h56m53s
Sep 09 11:25:13 nimbus-eth1-mainnet-short-benchmark[1045621]: INF 2026-09-09 11:25:13.042+00:00 Imported blocks                            blockNumber=20499713 slot=9707248 blocks=499712 txs=80189642 mgas=7564669 bps=36.78 tps=5560 mgps=556.2 avgBps=34.62 avgTps=5554 avgMGps=524.0 elapsed=4h35s844ms
Sep 09 11:28:59 nimbus-eth1-mainnet-short-benchmark[1045621]: INF 2026-09-09 11:28:59.074+00:00 Imported blocks                            blockNumber=20507905 slot=9715488 blocks=507904 txs=81317763 mgas=7689208 bps=36.24 tps=4991 mgps=551.0 avgBps=34.64 avgTps=5546 avgMGps=524.4 elapsed=4h4m21s
Sep 09 11:32:18 nimbus-eth1-mainnet-short-benchmark[1045621]: INF 2026-09-09 11:32:18.956+00:00 Imported blocks                            blockNumber=20516097 slot=9723715 blocks=516096 txs=82520262 mgas=7813209 bps=40.98 tps=6016 mgps=620.4 avgBps=34.73 avgTps=5552 avgMGps=525.7 elapsed=4h7m41s
Sep 09 11:35:50 nimbus-eth1-mainnet-short-benchmark[1045621]: INF 2026-09-09 11:35:50.869+00:00 Imported blocks                            blockNumber=20524289 slot=9731945 blocks=524288 txs=83780075 mgas=7937233 bps=38.66 tps=5944 mgps=585.3 avgBps=34.78 avgTps=5558 avgMGps=526.6 elapsed=4h11m13s
Sep 09 11:39:25 nimbus-eth1-mainnet-short-benchmark[1045621]: INF 2026-09-09 11:39:25.778+00:00 Imported blocks                            blockNumber=20532481 slot=9740183 blocks=532480 txs=85263862 mgas=8061024 bps=38.12 tps=6904 mgps=576.0 avgBps=34.83 avgTps=5576 avgMGps=527.3 elapsed=4h14m48s
Sep 09 11:43:06 nimbus-eth1-mainnet-short-benchmark[1045621]: INF 2026-09-09 11:43:06.927+00:00 Imported blocks                            blockNumber=20540673 slot=9748418 blocks=540672 txs=86612143 mgas=8185090 bps=37.04 tps=6096 mgps=561.0 avgBps=34.86 avgTps=5584 avgMGps=527.7 elapsed=4h18m29s
Sep 09 11:46:54 nimbus-eth1-mainnet-short-benchmark[1045621]: INF 2026-09-09 11:46:54.359+00:00 Imported blocks                            blockNumber=20548865 slot=9756662 blocks=548864 txs=87802991 mgas=8309513 bps=36.02 tps=5236 mgps=547.1 avgBps=34.88 avgTps=5579 avgMGps=528.0 elapsed=4h22m17s
Sep 09 11:50:40 nimbus-eth1-mainnet-short-benchmark[1045621]: INF 2026-09-09 11:50:40.344+00:00 Imported blocks                            blockNumber=20557057 slot=9764892 blocks=557056 txs=88964987 mgas=8433956 bps=36.25 tps=5141 mgps=550.7 avgBps=34.90 avgTps=5573 avgMGps=528.3 elapsed=4h26m3s
Sep 09 11:54:14 nimbus-eth1-mainnet-short-benchmark[1045621]: INF 2026-09-09 11:54:14.869+00:00 Imported blocks                            blockNumber=20565249 slot=9773131 blocks=565248 txs=90186094 mgas=8558113 bps=38.19 tps=5692 mgps=578.7 avgBps=34.94 avgTps=5574 avgMGps=529.0 elapsed=4h29m37s
Sep 09 11:57:51 nimbus-eth1-mainnet-short-benchmark[1045621]: INF 2026-09-09 11:57:51.922+00:00 Imported blocks                            blockNumber=20573441 slot=9781369 blocks=573440 txs=91404654 mgas=8682228 bps=37.74 tps=5614 mgps=571.8 avgBps=34.98 avgTps=5575 avgMGps=529.6 elapsed=4h33m14s
Sep 09 12:01:22 nimbus-eth1-mainnet-short-benchmark[1045621]: INF 2026-09-09 12:01:22.043+00:00 Imported blocks                            blockNumber=20581633 slot=9789611 blocks=581632 txs=92628389 mgas=8806651 bps=38.99 tps=5824 mgps=592.2 avgBps=35.03 avgTps=5578 avgMGps=530.4 elapsed=4h36m44s
Sep 09 12:04:59 nimbus-eth1-mainnet-short-benchmark[1045621]: INF 2026-09-09 12:04:59.996+00:00 Imported blocks                            blockNumber=20589825 slot=9797855 blocks=589824 txs=93887208 mgas=8931023 bps=37.59 tps=5775 mgps=570.6 avgBps=35.06 avgTps=5580 avgMGps=530.9 elapsed=4h40m22s
Sep 09 12:08:42 nimbus-eth1-mainnet-short-benchmark[1045621]: INF 2026-09-09 12:08:42.401+00:00 Imported blocks                            blockNumber=20598017 slot=9806095 blocks=598016 txs=95163338 mgas=9055310 bps=36.83 tps=5737 mgps=558.8 avgBps=35.08 avgTps=5582 avgMGps=531.3 elapsed=4h44m5s
Sep 09 12:12:26 nimbus-eth1-mainnet-short-benchmark[1045621]: INF 2026-09-09 12:12:26.906+00:00 Imported blocks                            blockNumber=20606209 slot=9814347 blocks=606208 txs=96334664 mgas=9179976 bps=36.49 tps=5217 mgps=555.3 avgBps=35.10 avgTps=5578 avgMGps=531.6 elapsed=4h47m49s
Sep 09 12:16:04 nimbus-eth1-mainnet-short-benchmark[1045621]: INF 2026-09-09 12:16:04.679+00:00 Imported blocks                            blockNumber=20614401 slot=9822581 blocks=614400 txs=97573414 mgas=9304574 bps=37.62 tps=5688 mgps=572.2 avgBps=35.13 avgTps=5579 avgMGps=532.1 elapsed=4h51m27s
Sep 09 12:19:40 nimbus-eth1-mainnet-short-benchmark[1045621]: INF 2026-09-09 12:19:40.940+00:00 Imported blocks                            blockNumber=20622593 slot=9830821 blocks=622592 txs=98874772 mgas=9428835 bps=37.88 tps=6017 mgps=574.6 avgBps=35.17 avgTps=5584 avgMGps=532.6 elapsed=4h55m3s
Sep 09 12:23:08 nimbus-eth1-mainnet-short-benchmark[1045621]: INF 2026-09-09 12:23:08.917+00:00 Imported blocks                            blockNumber=20630785 slot=9839058 blocks=630784 txs=100178707 mgas=9553009 bps=39.39 tps=6269 mgps=597.0 avgBps=35.22 avgTps=5592 avgMGps=533.3 elapsed=4h58m31s
Sep 09 12:26:43 nimbus-eth1-mainnet-short-benchmark[1045621]: INF 2026-09-09 12:26:43.838+00:00 Imported blocks                            blockNumber=20638977 slot=9847313 blocks=638976 txs=101489116 mgas=9677171 bps=38.12 tps=6097 mgps=577.7 avgBps=35.25 avgTps=5598 avgMGps=533.9 elapsed=5h2m6s
Sep 09 12:30:17 nimbus-eth1-mainnet-short-benchmark[1045621]: INF 2026-09-09 12:30:17.451+00:00 Imported blocks                            blockNumber=20647169 slot=9855549 blocks=647168 txs=102730058 mgas=9801643 bps=38.35 tps=5809 mgps=582.7 avgBps=35.29 avgTps=5601 avgMGps=534.4 elapsed=5h5m40s
Sep 09 12:34:05 nimbus-eth1-mainnet-short-benchmark[1045621]: INF 2026-09-09 12:34:05.720+00:00 Imported blocks                            blockNumber=20655361 slot=9863778 blocks=655360 txs=103868002 mgas=9926541 bps=35.89 tps=4985 mgps=547.2 avgBps=35.29 avgTps=5593 avgMGps=534.6 elapsed=5h9m28s
Sep 09 12:37:37 nimbus-eth1-mainnet-short-benchmark[1045621]: INF 2026-09-09 12:37:37.589+00:00 Imported blocks                            blockNumber=20663553 slot=9872013 blocks=663552 txs=105112198 mgas=10051274 bps=38.66 tps=5872 mgps=588.7 avgBps=35.33 avgTps=5596 avgMGps=535.2 elapsed=5h13m391ms
Sep 09 12:40:58 nimbus-eth1-mainnet-short-benchmark[1045621]: INF 2026-09-09 12:40:58.306+00:00 Imported blocks                            blockNumber=20671745 slot=9880241 blocks=671744 txs=106395904 mgas=10175177 bps=40.81 tps=6395 mgps=617.3 avgBps=35.39 avgTps=5605 avgMGps=536.1 elapsed=5h16m21s
Sep 09 12:44:23 nimbus-eth1-mainnet-short-benchmark[1045621]: INF 2026-09-09 12:44:23.439+00:00 Imported blocks                            blockNumber=20679937 slot=9888471 blocks=679936 txs=107674271 mgas=10299404 bps=39.94 tps=6231 mgps=605.6 avgBps=35.44 avgTps=5612 avgMGps=536.8 elapsed=5h19m46s
Sep 09 12:47:40 nimbus-eth1-mainnet-short-benchmark[1045621]: INF 2026-09-09 12:47:40.420+00:00 Imported blocks                            blockNumber=20688129 slot=9896698 blocks=688128 txs=108938536 mgas=10423298 bps=41.59 tps=6418 mgps=629.0 avgBps=35.50 avgTps=5620 avgMGps=537.7 elapsed=5h23m3s
Sep 09 12:51:09 nimbus-eth1-mainnet-short-benchmark[1045621]: INF 2026-09-09 12:51:09.625+00:00 Imported blocks                            blockNumber=20696321 slot=9904930 blocks=696320 txs=110235786 mgas=10547469 bps=39.16 tps=6200 mgps=593.5 avgBps=35.54 avgTps=5626 avgMGps=538.3 elapsed=5h26m32s
Sep 09 12:54:56 nimbus-eth1-mainnet-short-benchmark[1045621]: INF 2026-09-09 12:54:56.286+00:00 Imported blocks                            blockNumber=20704513 slot=9913154 blocks=704512 txs=111483759 mgas=10671677 bps=36.14 tps=5505 mgps=548.0 avgBps=35.55 avgTps=5625 avgMGps=538.5 elapsed=5h30m19s
Sep 09 12:58:29 nimbus-eth1-mainnet-short-benchmark[1045621]: INF 2026-09-09 12:58:29.691+00:00 Imported blocks                            blockNumber=20712705 slot=9921388 blocks=712704 txs=112764170 mgas=10795980 bps=38.39 tps=5999 mgps=582.5 avgBps=35.58 avgTps=5629 avgMGps=538.9 elapsed=5h33m52s
Sep 09 13:01:48 nimbus-eth1-mainnet-short-benchmark[1045621]: INF 2026-09-09 13:01:48.492+00:00 Imported blocks                            blockNumber=20720897 slot=9929633 blocks=720896 txs=114110517 mgas=10919926 bps=41.21 tps=6772 mgps=623.5 avgBps=35.63 avgTps=5640 avgMGps=539.8 elapsed=5h37m11s
Sep 09 13:05:13 nimbus-eth1-mainnet-short-benchmark[1045621]: INF 2026-09-09 13:05:13.941+00:00 Imported blocks                            blockNumber=20729089 slot=9937869 blocks=729088 txs=115449431 mgas=11043768 bps=39.87 tps=6516 mgps=602.8 avgBps=35.68 avgTps=5649 avgMGps=540.4 elapsed=5h40m36s
Sep 09 13:08:31 nimbus-eth1-mainnet-short-benchmark[1045621]: INF 2026-09-09 13:08:31.487+00:00 Imported blocks                            blockNumber=20737281 slot=9946108 blocks=737280 txs=116784468 mgas=11167784 bps=41.47 tps=6758 mgps=627.8 avgBps=35.73 avgTps=5659 avgMGps=541.2 elapsed=5h43m54s
Sep 09 13:11:58 nimbus-eth1-mainnet-short-benchmark[1045621]: INF 2026-09-09 13:11:58.380+00:00 Imported blocks                            blockNumber=20745473 slot=9954342 blocks=745472 txs=118101003 mgas=11291742 bps=39.60 tps=6363 mgps=599.1 avgBps=35.77 avgTps=5666 avgMGps=541.8 elapsed=5h47m21s
Sep 09 13:15:41 nimbus-eth1-mainnet-short-benchmark[1045621]: INF 2026-09-09 13:15:41.769+00:00 Imported blocks                            blockNumber=20753665 slot=9962581 blocks=753664 txs=119337525 mgas=11415859 bps=36.67 tps=5535 mgps=555.6 avgBps=35.78 avgTps=5665 avgMGps=541.9 elapsed=5h51m4s
Sep 09 13:19:13 nimbus-eth1-mainnet-short-benchmark[1045621]: INF 2026-09-09 13:19:13.062+00:00 Imported blocks                            blockNumber=20761857 slot=9970803 blocks=761856 txs=120564314 mgas=11540225 bps=38.77 tps=5806 mgps=588.6 avgBps=35.81 avgTps=5666 avgMGps=542.4 elapsed=5h54m35s
Sep 09 13:22:33 nimbus-eth1-mainnet-short-benchmark[1045621]: INF 2026-09-09 13:22:33.407+00:00 Imported blocks                            blockNumber=20770049 slot=9979058 blocks=770048 txs=121858083 mgas=11663918 bps=40.89 tps=6457 mgps=617.4 avgBps=35.86 avgTps=5674 avgMGps=543.1 elapsed=5h57m56s
Sep 09 13:25:44 nimbus-eth1-mainnet-short-benchmark[1045621]: INF 2026-09-09 13:25:44.288+00:00 Imported blocks                            blockNumber=20778241 slot=9987307 blocks=778240 txs=123161734 mgas=11787906 bps=42.92 tps=6829 mgps=649.6 avgBps=35.92 avgTps=5684 avgMGps=544.0 elapsed=6h1m7s
Sep 09 13:28:49 nimbus-eth1-mainnet-short-benchmark[1045621]: INF 2026-09-09 13:28:49.929+00:00 Imported blocks                            blockNumber=20786433 slot=9995542 blocks=786432 txs=124509456 mgas=11911612 bps=44.13 tps=7259 mgps=666.4 avgBps=35.99 avgTps=5697 avgMGps=545.1 elapsed=6h4m12s
Sep 09 13:32:00 nimbus-eth1-mainnet-short-benchmark[1045621]: INF 2026-09-09 13:32:00.331+00:00 Imported blocks                            blockNumber=20794625 slot=10003781 blocks=794624 txs=125848921 mgas=12035338 bps=43.02 tps=7034 mgps=649.8 avgBps=36.05 avgTps=5709 avgMGps=546.0 elapsed=6h7m23s
Sep 09 13:35:17 nimbus-eth1-mainnet-short-benchmark[1045621]: INF 2026-09-09 13:35:17.260+00:00 Imported blocks                            blockNumber=20802817 slot=10012028 blocks=802816 txs=127089868 mgas=12158989 bps=41.60 tps=6301 mgps=627.9 avgBps=36.10 avgTps=5714 avgMGps=546.7 elapsed=6h10m40s
Sep 09 13:38:42 nimbus-eth1-mainnet-short-benchmark[1045621]: INF 2026-09-09 13:38:42.045+00:00 Imported blocks                            blockNumber=20811009 slot=10020249 blocks=811008 txs=128299762 mgas=12282850 bps=40.00 tps=5908 mgps=604.8 avgBps=36.13 avgTps=5716 avgMGps=547.2 elapsed=6h14m4s
Sep 09 13:41:52 nimbus-eth1-mainnet-short-benchmark[1045621]: INF 2026-09-09 13:41:52.718+00:00 Imported blocks                            blockNumber=20819201 slot=10028481 blocks=819200 txs=129596319 mgas=12406594 bps=42.96 tps=6799 mgps=649.0 avgBps=36.19 avgTps=5725 avgMGps=548.1 elapsed=6h17m15s
Sep 09 13:45:02 nimbus-eth1-mainnet-short-benchmark[1045621]: INF 2026-09-09 13:45:02.672+00:00 Imported blocks                            blockNumber=20827393 slot=10036710 blocks=827392 txs=130916729 mgas=12530249 bps=43.13 tps=6951 mgps=651.0 avgBps=36.25 avgTps=5735 avgMGps=549.0 elapsed=6h20m25s
Sep 09 13:48:13 nimbus-eth1-mainnet-short-benchmark[1045621]: INF 2026-09-09 13:48:13.257+00:00 Imported blocks                            blockNumber=20835585 slot=10044938 blocks=835584 txs=132226625 mgas=12654070 bps=42.98 tps=6872 mgps=649.7 avgBps=36.30 avgTps=5744 avgMGps=549.8 elapsed=6h23m36s
Sep 09 13:51:35 nimbus-eth1-mainnet-short-benchmark[1045621]: INF 2026-09-09 13:51:35.542+00:00 Imported blocks                            blockNumber=20843777 slot=10053164 blocks=843776 txs=133604192 mgas=12777730 bps=40.50 tps=6810 mgps=611.3 avgBps=36.34 avgTps=5754 avgMGps=550.3 elapsed=6h26m58s
Sep 09 13:55:22 nimbus-eth1-mainnet-short-benchmark[1045621]: INF 2026-09-09 13:55:22.655+00:00 Imported blocks                            blockNumber=20851969 slot=10061391 blocks=851968 txs=134900706 mgas=12901664 bps=36.07 tps=5708 mgps=545.7 avgBps=36.34 avgTps=5753 avgMGps=550.3 elapsed=6h30m45s
Sep 09 13:58:59 nimbus-eth1-mainnet-short-benchmark[1045621]: INF 2026-09-09 13:58:59.192+00:00 Imported blocks                            blockNumber=20860161 slot=10069622 blocks=860160 txs=136168750 mgas=13025603 bps=37.83 tps=5856 mgps=572.4 avgBps=36.35 avgTps=5754 avgMGps=550.5 elapsed=6h34m21s
Sep 09 14:02:33 nimbus-eth1-mainnet-short-benchmark[1045621]: INF 2026-09-09 14:02:33.805+00:00 Imported blocks                            blockNumber=20868353 slot=10077838 blocks=868352 txs=137550724 mgas=13149742 bps=38.17 tps=6439 mgps=578.4 avgBps=36.37 avgTps=5760 avgMGps=550.7 elapsed=6h37m56s
Sep 09 14:06:04 nimbus-eth1-mainnet-short-benchmark[1045621]: INF 2026-09-09 14:06:04.518+00:00 Imported blocks                            blockNumber=20876545 slot=10086066 blocks=876544 txs=138954673 mgas=13273457 bps=38.88 tps=6662 mgps=587.1 avgBps=36.39 avgTps=5768 avgMGps=551.1 elapsed=6h41m27s
Sep 09 14:09:31 nimbus-eth1-mainnet-short-benchmark[1045621]: INF 2026-09-09 14:09:31.559+00:00 Imported blocks                            blockNumber=20884737 slot=10094286 blocks=884736 txs=140256178 mgas=13397479 bps=39.57 tps=6286 mgps=599.0 avgBps=36.42 avgTps=5773 avgMGps=551.5 elapsed=6h44m54s
Sep 09 14:12:53 nimbus-eth1-mainnet-short-benchmark[1045621]: INF 2026-09-09 14:12:53.568+00:00 Imported blocks                            blockNumber=20892929 slot=10102512 blocks=892928 txs=141581868 mgas=13521575 bps=40.55 tps=6562 mgps=614.3 avgBps=36.45 avgTps=5779 avgMGps=552.0 elapsed=6h48m16s
Sep 09 14:16:14 nimbus-eth1-mainnet-short-benchmark[1045621]: INF 2026-09-09 14:16:14.750+00:00 Imported blocks                            blockNumber=20901121 slot=10110732 blocks=901120 txs=142875889 mgas=13645572 bps=40.72 tps=6432 mgps=616.4 avgBps=36.49 avgTps=5785 avgMGps=552.5 elapsed=6h51m37s
Sep 09 14:19:34 nimbus-eth1-mainnet-short-benchmark[1045621]: INF 2026-09-09 14:19:34.667+00:00 Imported blocks                            blockNumber=20909313 slot=10118953 blocks=909312 txs=144102308 mgas=13769390 bps=40.98 tps=6134 mgps=619.4 avgBps=36.52 avgTps=5787 avgMGps=553.0 elapsed=6h54m57s
Sep 09 14:22:51 nimbus-eth1-mainnet-short-benchmark[1045621]: INF 2026-09-09 14:22:51.112+00:00 Imported blocks                            blockNumber=20917505 slot=10127176 blocks=917504 txs=145406349 mgas=13893087 bps=41.70 tps=6638 mgps=629.7 avgBps=36.56 avgTps=5794 avgMGps=553.6 elapsed=6h58m13s
Sep 09 14:25:58 nimbus-eth1-mainnet-short-benchmark[1045621]: INF 2026-09-09 14:25:58.285+00:00 Imported blocks                            blockNumber=20925697 slot=10135394 blocks=925696 txs=146718394 mgas=14016820 bps=43.77 tps=7009 mgps=661.1 avgBps=36.62 avgTps=5803 avgMGps=554.4 elapsed=7h1m21s
Sep 09 14:29:19 nimbus-eth1-mainnet-short-benchmark[1045621]: INF 2026-09-09 14:29:19.063+00:00 Imported blocks                            blockNumber=20933889 slot=10143614 blocks=933888 txs=148049109 mgas=14140625 bps=40.80 tps=6627 mgps=616.6 avgBps=36.65 avgTps=5809 avgMGps=554.9 elapsed=7h4m41s
Sep 09 14:32:31 nimbus-eth1-mainnet-short-benchmark[1045621]: INF 2026-09-09 14:32:31.724+00:00 Imported blocks                            blockNumber=20942081 slot=10151840 blocks=942080 txs=149397364 mgas=14264352 bps=42.52 tps=6998 mgps=642.2 avgBps=36.69 avgTps=5818 avgMGps=555.6 elapsed=7h7m54s
Sep 09 14:35:50 nimbus-eth1-mainnet-short-benchmark[1045621]: INF 2026-09-09 14:35:50.165+00:00 Imported blocks                            blockNumber=20950273 slot=10160098 blocks=950272 txs=150765507 mgas=14388237 bps=41.28 tps=6894 mgps=624.3 avgBps=36.73 avgTps=5827 avgMGps=556.1 elapsed=7h11m12s
Sep 09 14:39:21 nimbus-eth1-mainnet-short-benchmark[1045621]: INF 2026-09-09 14:39:21.634+00:00 Imported blocks                            blockNumber=20958465 slot=10168363 blocks=958464 txs=152044771 mgas=14511987 bps=38.74 tps=6049 mgps=585.2 avgBps=36.74 avgTps=5828 avgMGps=556.3 elapsed=7h14m44s
Sep 09 14:42:44 nimbus-eth1-mainnet-short-benchmark[1045621]: INF 2026-09-09 14:42:44.443+00:00 Imported blocks                            blockNumber=20966657 slot=10176609 blocks=966656 txs=153365296 mgas=14635804 bps=40.39 tps=6511 mgps=610.5 avgBps=36.77 avgTps=5834 avgMGps=556.8 elapsed=7h18m7s
Sep 09 14:46:06 nimbus-eth1-mainnet-short-benchmark[1045621]: INF 2026-09-09 14:46:06.364+00:00 Imported blocks                            blockNumber=20974849 slot=10184849 blocks=974848 txs=154744917 mgas=14759580 bps=40.57 tps=6832 mgps=613.0 avgBps=36.80 avgTps=5841 avgMGps=557.2 elapsed=7h21m29s
Sep 09 14:49:33 nimbus-eth1-mainnet-short-benchmark[1045621]: INF 2026-09-09 14:49:33.337+00:00 Imported blocks                            blockNumber=20983041 slot=10193086 blocks=983040 txs=156055229 mgas=14883451 bps=39.58 tps=6330 mgps=598.5 avgBps=36.82 avgTps=5845 avgMGps=557.5 elapsed=7h24m56s
Sep 09 14:52:36 nimbus-eth1-mainnet-short-benchmark[1045621]: INF 2026-09-09 14:52:36.099+00:00 Imported blocks                            blockNumber=20991233 slot=10201319 blocks=991232 txs=157563202 mgas=15007557 bps=44.82 tps=8251 mgps=679.1 avgBps=36.88 avgTps=5861 avgMGps=558.3 elapsed=7h27m58s
Sep 09 14:56:08 nimbus-eth1-mainnet-short-benchmark[1045621]: INF 2026-09-09 14:56:08.496+00:00 Imported blocks                            blockNumber=20999425 slot=10209549 blocks=999424 txs=159003277 mgas=15131383 bps=38.57 tps=6780 mgps=583.0 avgBps=36.89 avgTps=5869 avgMGps=558.5 elapsed=7h31m31s
Sep 09 14:56:24 nimbus-eth1-mainnet-short-benchmark[1045621]: INF 2026-09-09 14:56:24.100+00:00 Imported blocks                            blockNumber=21000001 slot=10210128 blocks=1000000 txs=159109486 mgas=15140191 bps=36.91 tps=6805 mgps=564.3 avgBps=36.89 avgTps=5869 avgMGps=558.5 elapsed=7h31m46s
Sep 09 14:56:24 nimbus-eth1-mainnet-short-benchmark[1045621]: NTC 2026-09-09 14:56:24.100+00:00 Import complete                            blockNumber=21000001 slot=10210128 blocks=1000000 txs=159109486 mgas=15140191
Sep 09 14:56:25 nimbus-eth1-mainnet-short-benchmark[1012843]: <<< ending startNimbusWithImport (success)
Sep 09 14:56:25 nimbus-eth1-mainnet-short-benchmark[1012843]: >>> starting moveBenchmarkingFileToRepo
Sep 09 14:56:25 nimbus-eth1-mainnet-short-benchmark[1012843]: >>> copying debug-csv generated by nimbus to benchmarks repo
Sep 09 14:56:25 nimbus-eth1-mainnet-short-benchmark[1012843]: <<< ending moveBenchmarkingFileToRepo (success)
Sep 09 14:56:25 nimbus-eth1-mainnet-short-benchmark[1012843]: >>> starting generateBuildEnvironmentLogFile
Sep 09 14:56:33 nimbus-eth1-mainnet-short-benchmark[1012843]: <<< ending generateBuildEnvironmentLogFile (success)
Sep 09 14:56:33 nimbus-eth1-mainnet-short-benchmark[1012843]: >>> starting generateSystemdServiceLogs
