Sep 30 09:04:08 nimbus-eth1-mainnet-short-benchmark[3181161]: >>> starting cloneOrFetchBenchmarksRepo
Sep 30 09:04:08 nimbus-eth1-mainnet-short-benchmark[3181161]: >>> Fetching latest changes for nimbus-eth1-benchmarks...
Sep 30 09:04:10 nimbus-eth1-mainnet-short-benchmark[3181209]: HEAD is now at 96c534a chore: update short benchmark Readme
Sep 30 09:04:10 nimbus-eth1-mainnet-short-benchmark[3181161]: <<< ending cloneOrFetchBenchmarksRepo (success)
Sep 30 09:04:10 nimbus-eth1-mainnet-short-benchmark[3181161]: >>> starting cloneOrFetchNimbusRepo
Sep 30 09:04:11 nimbus-eth1-mainnet-short-benchmark[3181161]: >>> Fetching latest changes for nimbus-eth1...
Sep 30 09:04:12 nimbus-eth1-mainnet-short-benchmark[3181560]: From https://github.com/status-im/nimbus-eth1
Sep 30 09:04:12 nimbus-eth1-mainnet-short-benchmark[3181560]:    705f4d9ac..ceccea71b  master     -> origin/master
Sep 30 09:04:12 nimbus-eth1-mainnet-short-benchmark[3181560]: warning: ceccea71b65d0df43df59ae8e91decb6ae66b96e:.gitmodules, multiple configurations found for 'submodule.vendor/nim-libplum.path'. Skipping second one!
Sep 30 09:04:12 nimbus-eth1-mainnet-short-benchmark[3181560]: warning: ceccea71b65d0df43df59ae8e91decb6ae66b96e:.gitmodules, multiple configurations found for 'submodule.vendor/nim-libplum.url'. Skipping second one!
Sep 30 09:04:12 nimbus-eth1-mainnet-short-benchmark[3181570]: HEAD is now at ceccea71b build(deps): bump vendor/nim-lsquic from `fb29383` to `f156ed7` (#4848)
Sep 30 09:04:12 nimbus-eth1-mainnet-short-benchmark[3181161]: >>> Found last benchmarked commit: 705f4d9a
Sep 30 09:04:12 nimbus-eth1-mainnet-short-benchmark[3181161]: >>> Using next commit: ceccea71b65d0df43df59ae8e91decb6ae66b96e
Sep 30 09:04:12 nimbus-eth1-mainnet-short-benchmark[3181586]: HEAD is now at ceccea71b build(deps): bump vendor/nim-lsquic from `fb29383` to `f156ed7` (#4848)
Sep 30 09:04:12 nimbus-eth1-mainnet-short-benchmark[3181161]: >>> Current commit: ceccea71b
Sep 30 09:04:12 nimbus-eth1-mainnet-short-benchmark[3181161]: <<< ending cloneOrFetchNimbusRepo (success)
Sep 30 09:04:12 nimbus-eth1-mainnet-short-benchmark[3181161]: >>> starting buildBinaries
Sep 30 09:04:12 nimbus-eth1-mainnet-short-benchmark[3181161]: >>> Building binaries for commit ceccea71...
Sep 30 09:04:14 nimbus-eth1-mainnet-short-benchmark[3182842]: Submodule path 'vendor/nim-lsquic': checked out 'f156ed72554d16e925ed654833e7f37e8c8e7f8f'
Sep 30 09:04:19 nimbus-eth1-mainnet-short-benchmark[3187295]: Building: Nim compiler
Sep 30 09:07:24 nimbus-eth1-mainnet-short-benchmark[3187295]: Building custom Nimble commit: 42ef70c2102a942c46f13eb76872326edd525cec
Sep 30 09:07:35 nimbus-eth1-mainnet-short-benchmark[3187295]: Building Nimble...
Sep 30 09:07:45 nimbus-eth1-mainnet-short-benchmark[3187295]: Replacing nimble binary...
Sep 30 09:07:53 nimbus-eth1-mainnet-short-benchmark[3204225]: Building: build/generate_makefile
Sep 30 09:07:53 nimbus-eth1-mainnet-short-benchmark[3204089]: ROCKSDB CACHED VERSION: 11.8.1
Sep 30 09:07:53 nimbus-eth1-mainnet-short-benchmark[3204492]: RocksDb static libraries already built. Skipping build.
Sep 30 09:07:53 nimbus-eth1-mainnet-short-benchmark[3204225]: Build completed successfully: build/generate_makefile
Sep 30 09:07:53 nimbus-eth1-mainnet-short-benchmark[3204546]: Building: build/nimbus_execution_client
Sep 30 09:08:19 nimbus-eth1-mainnet-short-benchmark[3204664]: @["Unknown constants in file: ", "GAS_LIMIT_SCHEDULE", "GAS_LIMIT", "- EPOCH", "    GAS_LIMIT"]
Sep 30 09:08:19 nimbus-eth1-mainnet-short-benchmark[3204664]: @["Unknown constants in file: ", "GAS_LIMIT_SCHEDULE", "GAS_LIMIT", "- EPOCH", "    GAS_LIMIT"]
Sep 30 09:10:15 nimbus-eth1-mainnet-short-benchmark[3204546]: Build completed successfully: build/nimbus_execution_client
Sep 30 09:10:15 nimbus-eth1-mainnet-short-benchmark[3181161]: >>> renaming binaries to match commit they were built from
Sep 30 09:10:15 nimbus-eth1-mainnet-short-benchmark[3181161]: >>> creating a symbolic link to the latest version
Sep 30 09:10:15 nimbus-eth1-mainnet-short-benchmark[3181161]: >>> deleting copies that are older than N days
Sep 30 09:10:15 nimbus-eth1-mainnet-short-benchmark[3181161]: <<< ending buildBinaries (success)
Sep 30 09:10:15 nimbus-eth1-mainnet-short-benchmark[3181161]: >>> starting skipOrContinueBenchmark
Sep 30 09:10:15 nimbus-eth1-mainnet-short-benchmark[3181161]: <<< ending skipOrContinueBenchmark (success)
Sep 30 09:10:15 nimbus-eth1-mainnet-short-benchmark[3181161]: >>> starting copyTemplateDatabase
Sep 30 09:10:15 nimbus-eth1-mainnet-short-benchmark[3181161]: >>> Copying template db into nimbus data directory
Sep 30 09:13:26 nimbus-eth1-mainnet-short-benchmark[3181161]: >>> Template db copied
Sep 30 09:13:26 nimbus-eth1-mainnet-short-benchmark[3181161]: >>> making nimbus the owner of the copied files
Sep 30 09:13:26 nimbus-eth1-mainnet-short-benchmark[3181161]: <<< ending copyTemplateDatabase (success)
Sep 30 09:13:26 nimbus-eth1-mainnet-short-benchmark[3181161]: >>> starting startNimbusWithImport
Sep 30 09:13:26 nimbus-eth1-mainnet-short-benchmark[3210244]: INF 2026-09-30 09:13:26.490+00:00 Launching execution client                 version=v0.4.2-ceccea71 config="(configFile: none(InputFile), dataDirFlag: some(/data/status-im/nimbus-eth1/data/shared_mainnet_0), era1DirFlag: some(/data/era1), eraDirFlag: some(/data/era), ereDirFlag: none(OutDir), keyStoreDirFlag: none(OutDir), importKey: , trustedSetupFile: none(string), extraData: Nimbus/v0.4.2-ceccea71, gasLimit: none(uint64), maxBlobs: none(byte), network: [mainnet], logLevel: INFO, logFormat: auto, metricsEnabled: false, metricsPort: 9093, metricsAddress: 127.0.0.1, bootstrapNodes: [], elBootstrapNodes: [], bootstrapFile: , elBootstrapFile: , staticPeers: [], staticPeersFile: , reconnectMaxRetry: 0, reconnectInterval: 15, listenAddress: ::, tcpPort: 30303, udpPortFlag: none(Port), maxPeersOpt: none(int), elMaxPeersOpt: none(int), nat: (hasExtIp: false, nat: NatAny), discv5: true, netKey: random, agentString: Nimbus/v0.4.2-ceccea71/linux-amd64/Nim-2.2.12, numThreads: 0, persistBatchSize: 4, dynamicBatchSize: false, rocksdbMaxOpenFiles: 2048, rocksdbWriteBufferSize: 67108864, rocksdbRowCacheSize: 0, rocksdbBlockCacheSize: 2147483648, rocksdbBlockCacheType: hyperclock, rdbVtxCacheSize: 536870912, rdbKeyCacheSize: 1342177280, rdbBranchCacheSize: 1312817152, rdbPrintStats: false, rewriteDatadirId: true, aristoDbMaxSnapshots: 5, debugParallel: none(bool), parallelStateRootComputationFlag: false, parallelSenderRecoveryFlag: true, optimisticStatePrefetchFlag: false, balStatePrefetchFlag: false, balStatePrefetchWorkers: 0, balParallelExecutionFlag: false, balPruning: true, eagerStateRootCheck: false, deserializeFcState: true, statelessProvider: false, statelessWitnessValidation: false, cmd: import, maxBlocks: 1000000, chunkSize: 8192, csvStats: some("/data/host-benchmarks/short/2218ef50609643c5a2f5b115da19960f/blocks-import-benchmark.csv"), validation: false, fullValidation: false, storeBodies: false, storeReceipts: false, storeSlotHashes: false)"
Sep 30 09:13:26 nimbus-eth1-mainnet-short-benchmark[3210244]: WRN 2026-09-30 09:13:26.494+00:00 Data directory has insecure permissions. Correcting them. data_dir=/data/status-im/nimbus-eth1/data/shared_mainnet_0 current_permissions=0755 required_permissions=0700
Sep 30 09:13:28 nimbus-eth1-mainnet-short-benchmark[3210244]: INF 2026-09-30 09:13:28.326+00:00 Taskpool started                           numThreads=16
Sep 30 09:13:28 nimbus-eth1-mainnet-short-benchmark[3210244]: CreateIOUring failed: Invalid argument (errno=22), thread=140519579491584
Sep 30 09:13:28 nimbus-eth1-mainnet-short-benchmark[3210244]: INF 2026-09-30 09:13:28.434+00:00 Database initialized                       base="(0xd24fd73f794058a3807db926d8898c6481e902b7edb91ce0d479d6760f276183, 20000000)" finalized="(0xd24fd73f794058a3807db926d8898c6481e902b7edb91ce0d479d6760f276183, 20000000)" head="(0xd4e56740f876aef8c010b86a40d5f56745a118d0906a34e69aec8c0db1cb8fa3, 0)" startOfHistory=0
Sep 30 09:13:28 nimbus-eth1-mainnet-short-benchmark[3210244]: NTC 2026-09-30 09:13:28.434+00:00 Could not open ere database, falling back to era1/era import ereDir=/data/status-im/nimbus-eth1/data/shared_mainnet_0/ere networkName=mainnet error="No ere files found in /data/status-im/nimbus-eth1/data/shared_mainnet_0/ere"
Sep 30 09:13:28 nimbus-eth1-mainnet-short-benchmark[3210244]: NTC 2026-09-30 09:13:28.434+00:00 Importing era archive                      blockNumber=20000001 dataDir=/data/status-im/nimbus-eth1/data/shared_mainnet_0 eraDir=/data/era
Sep 30 09:13:30 nimbus-eth1-mainnet-short-benchmark[3210244]: NTC 2026-09-30 09:13:30.626+00:00 Matched block to slot number               blockNumber=20000001 slot=9204783
Sep 30 09:19:37 nimbus-eth1-mainnet-short-benchmark[3210244]: INF 2026-09-30 09:19:37.265+00:00 Imported blocks                            blockNumber=20008193 slot=9213020 blocks=8192 txs=1226966 mgas=124237 bps=22.21 tps=3326 mgps=336.8 avgBps=22.21 avgTps=3326 avgMGps=336.8 elapsed=6m8s831ms
Sep 30 09:25:05 nimbus-eth1-mainnet-short-benchmark[3210244]: INF 2026-09-30 09:25:05.152+00:00 Imported blocks                            blockNumber=20016385 slot=9221256 blocks=16384 txs=2540380 mgas=248071 bps=24.98 tps=4005 mgps=377.7 avgBps=23.52 avgTps=3646 avgMGps=356.1 elapsed=11m36s717ms
Sep 30 09:30:15 nimbus-eth1-mainnet-short-benchmark[3210244]: INF 2026-09-30 09:30:15.583+00:00 Imported blocks                            blockNumber=20024577 slot=9229485 blocks=24576 txs=3869398 mgas=372018 bps=26.39 tps=4281 mgps=399.3 avgBps=24.40 avgTps=3841 avgMGps=369.4 elapsed=16m47s150ms
Sep 30 09:34:54 nimbus-eth1-mainnet-short-benchmark[3210244]: INF 2026-09-30 09:34:54.491+00:00 Imported blocks                            blockNumber=20032769 slot=9237722 blocks=32768 txs=5222766 mgas=495797 bps=29.37 tps=4852 mgps=443.8 avgBps=25.48 avgTps=4061 avgMGps=385.5 elapsed=21m26s56ms
Sep 30 09:39:24 nimbus-eth1-mainnet-short-benchmark[3210244]: INF 2026-09-30 09:39:24.496+00:00 Imported blocks                            blockNumber=20040961 slot=9245957 blocks=40960 txs=6566802 mgas=619586 bps=30.34 tps=4977 mgps=458.5 avgBps=26.32 avgTps=4220 avgMGps=398.2 elapsed=25m56s62ms
Sep 30 09:44:13 nimbus-eth1-mainnet-short-benchmark[3210244]: INF 2026-09-30 09:44:13.863+00:00 Imported blocks                            blockNumber=20049153 slot=9254196 blocks=49152 txs=7904746 mgas=743522 bps=28.31 tps=4623 mgps=428.3 avgBps=26.63 avgTps=4283 avgMGps=402.9 elapsed=30m45s430ms
Sep 30 09:48:50 nimbus-eth1-mainnet-short-benchmark[3210244]: INF 2026-09-30 09:48:50.844+00:00 Imported blocks                            blockNumber=20057345 slot=9262435 blocks=57344 txs=9212009 mgas=867360 bps=29.58 tps=4719 mgps=447.1 avgBps=27.02 avgTps=4340 avgMGps=408.7 elapsed=35m22s409ms
Sep 30 09:53:09 nimbus-eth1-mainnet-short-benchmark[3210244]: INF 2026-09-30 09:53:09.564+00:00 Imported blocks                            blockNumber=20065537 slot=9270674 blocks=65536 txs=10559018 mgas=991371 bps=31.66 tps=5206 mgps=479.3 avgBps=27.52 avgTps=4434 avgMGps=416.3 elapsed=39m41s128ms
Sep 30 09:57:14 nimbus-eth1-mainnet-short-benchmark[3210244]: INF 2026-09-30 09:57:14.008+00:00 Imported blocks                            blockNumber=20073729 slot=9278910 blocks=73728 txs=11898676 mgas=1115111 bps=33.51 tps=5480 mgps=506.2 avgBps=28.08 avgTps=4531 avgMGps=424.7 elapsed=43m45s578ms
Sep 30 10:01:09 nimbus-eth1-mainnet-short-benchmark[3210244]: INF 2026-09-30 10:01:09.869+00:00 Imported blocks                            blockNumber=20081921 slot=9287152 blocks=81920 txs=13323263 mgas=1239150 bps=34.73 tps=6040 mgps=525.9 avgBps=28.63 avgTps=4656 avgMGps=433.1 elapsed=47m41s435ms
Sep 30 10:05:04 nimbus-eth1-mainnet-short-benchmark[3210244]: INF 2026-09-30 10:05:04.178+00:00 Imported blocks                            blockNumber=20090113 slot=9295408 blocks=90112 txs=14697082 mgas=1363113 bps=34.96 tps=5863 mgps=529.1 avgBps=29.11 avgTps=4747 avgMGps=440.3 elapsed=51m35s746ms
Sep 30 10:09:13 nimbus-eth1-mainnet-short-benchmark[3210244]: INF 2026-09-30 10:09:13.642+00:00 Imported blocks                            blockNumber=20098305 slot=9303658 blocks=98304 txs=16025683 mgas=1487146 bps=32.84 tps=5325 mgps=497.2 avgBps=29.39 avgTps=4790 avgMGps=444.6 elapsed=55m45s208ms
Sep 30 10:13:35 nimbus-eth1-mainnet-short-benchmark[3210244]: INF 2026-09-30 10:13:35.606+00:00 Imported blocks                            blockNumber=20106497 slot=9311895 blocks=106496 txs=17337157 mgas=1611066 bps=31.27 tps=5006 mgps=473.0 avgBps=29.52 avgTps=4806 avgMGps=446.6 elapsed=1h7s174ms
Sep 30 10:17:44 nimbus-eth1-mainnet-short-benchmark[3210244]: INF 2026-09-30 10:17:44.319+00:00 Imported blocks                            blockNumber=20114689 slot=9320146 blocks=114688 txs=18632097 mgas=1735123 bps=32.94 tps=5206 mgps=498.8 avgBps=29.74 avgTps=4832 avgMGps=450.0 elapsed=1h4m15s
Sep 30 10:21:35 nimbus-eth1-mainnet-short-benchmark[3210244]: INF 2026-09-30 10:21:35.379+00:00 Imported blocks                            blockNumber=20122881 slot=9328409 blocks=122880 txs=19937418 mgas=1859249 bps=35.45 tps=5649 mgps=537.2 avgBps=30.07 avgTps=4878 avgMGps=454.9 elapsed=1h8m6s
Sep 30 10:25:23 nimbus-eth1-mainnet-short-benchmark[3210244]: INF 2026-09-30 10:25:23.968+00:00 Imported blocks                            blockNumber=20131073 slot=9336660 blocks=131072 txs=21214129 mgas=1983500 bps=35.84 tps=5585 mgps=543.6 avgBps=30.37 avgTps=4915 avgMGps=459.6 elapsed=1h11m55s
Sep 30 10:29:13 nimbus-eth1-mainnet-short-benchmark[3210244]: INF 2026-09-30 10:29:13.817+00:00 Imported blocks                            blockNumber=20139265 slot=9344906 blocks=139264 txs=22579079 mgas=2107571 bps=35.64 tps=5938 mgps=539.8 avgBps=30.64 avgTps=4967 avgMGps=463.7 elapsed=1h15m45s
Sep 30 10:33:48 nimbus-eth1-mainnet-short-benchmark[3210244]: INF 2026-09-30 10:33:48.269+00:00 Imported blocks                            blockNumber=20147457 slot=9353153 blocks=147456 txs=24133322 mgas=2231686 bps=29.85 tps=5663 mgps=452.2 avgBps=30.59 avgTps=5007 avgMGps=463.0 elapsed=1h20m19s
Sep 30 10:38:11 nimbus-eth1-mainnet-short-benchmark[3210244]: INF 2026-09-30 10:38:11.637+00:00 Imported blocks                            blockNumber=20155649 slot=9361407 blocks=155648 txs=25424015 mgas=2356018 bps=31.10 tps=4900 mgps=472.1 avgBps=30.62 avgTps=5001 avgMGps=463.5 elapsed=1h24m43s
Sep 30 10:42:13 nimbus-eth1-mainnet-short-benchmark[3210244]: INF 2026-09-30 10:42:13.358+00:00 Imported blocks                            blockNumber=20163841 slot=9369652 blocks=163840 txs=26749549 mgas=2480207 bps=33.89 tps=5483 mgps=513.8 avgBps=30.77 avgTps=5023 avgMGps=465.8 elapsed=1h28m44s
Sep 30 10:46:09 nimbus-eth1-mainnet-short-benchmark[3210244]: INF 2026-09-30 10:46:09.350+00:00 Imported blocks                            blockNumber=20172033 slot=9377892 blocks=172032 txs=28105316 mgas=2604026 bps=34.71 tps=5744 mgps=524.7 avgBps=30.94 avgTps=5054 avgMGps=468.3 elapsed=1h32m40s
Sep 30 10:50:11 nimbus-eth1-mainnet-short-benchmark[3210244]: INF 2026-09-30 10:50:11.967+00:00 Imported blocks                            blockNumber=20180225 slot=9386128 blocks=180224 txs=29524405 mgas=2728170 bps=33.77 tps=5849 mgps=511.7 avgBps=31.05 avgTps=5087 avgMGps=470.1 elapsed=1h36m43s
Sep 30 10:53:56 nimbus-eth1-mainnet-short-benchmark[3210244]: INF 2026-09-30 10:53:56.704+00:00 Imported blocks                            blockNumber=20188417 slot=9394365 blocks=188416 txs=30849021 mgas=2852023 bps=36.45 tps=5894 mgps=551.1 avgBps=31.26 avgTps=5117 avgMGps=473.1 elapsed=1h40m28s
Sep 30 10:58:08 nimbus-eth1-mainnet-short-benchmark[3210244]: INF 2026-09-30 10:58:08.260+00:00 Imported blocks                            blockNumber=20196609 slot=9402602 blocks=196608 txs=32174755 mgas=2976155 bps=32.56 tps=5270 mgps=493.5 avgBps=31.31 avgTps=5123 avgMGps=473.9 elapsed=1h44m39s
Sep 30 11:02:31 nimbus-eth1-mainnet-short-benchmark[3210244]: INF 2026-09-30 11:02:31.953+00:00 Imported blocks                            blockNumber=20204801 slot=9410840 blocks=204800 txs=33475942 mgas=3100410 bps=31.07 tps=4934 mgps=471.2 avgBps=31.30 avgTps=5115 avgMGps=473.8 elapsed=1h49m3s
Sep 30 11:06:36 nimbus-eth1-mainnet-short-benchmark[3210244]: INF 2026-09-30 11:06:36.525+00:00 Imported blocks                            blockNumber=20212993 slot=9419071 blocks=212992 txs=34798508 mgas=3224370 bps=33.50 tps=5407 mgps=506.8 avgBps=31.38 avgTps=5126 avgMGps=475.0 elapsed=1h53m8s
Sep 30 11:10:33 nimbus-eth1-mainnet-short-benchmark[3210244]: INF 2026-09-30 11:10:33.082+00:00 Imported blocks                            blockNumber=20221185 slot=9427313 blocks=221184 txs=36114045 mgas=3348169 bps=34.63 tps=5561 mgps=523.3 avgBps=31.49 avgTps=5141 avgMGps=476.6 elapsed=1h57m4s
Sep 30 11:14:10 nimbus-eth1-mainnet-short-benchmark[3210244]: INF 2026-09-30 11:14:10.395+00:00 Imported blocks                            blockNumber=20229377 slot=9435549 blocks=229376 txs=37421794 mgas=3472031 bps=37.70 tps=6017 mgps=570.0 avgBps=31.67 avgTps=5167 avgMGps=479.4 elapsed=2h41s962ms
Sep 30 11:17:58 nimbus-eth1-mainnet-short-benchmark[3210244]: INF 2026-09-30 11:17:58.679+00:00 Imported blocks                            blockNumber=20237569 slot=9443788 blocks=237568 txs=38842064 mgas=3596351 bps=35.89 tps=6221 mgps=544.6 avgBps=31.80 avgTps=5199 avgMGps=481.4 elapsed=2h4m30s
Sep 30 11:22:05 nimbus-eth1-mainnet-short-benchmark[3210244]: INF 2026-09-30 11:22:05.744+00:00 Imported blocks                            blockNumber=20245761 slot=9452021 blocks=245760 txs=40225739 mgas=3720100 bps=33.16 tps=5600 mgps=500.9 avgBps=31.85 avgTps=5212 avgMGps=482.0 elapsed=2h8m37s
Sep 30 11:26:26 nimbus-eth1-mainnet-short-benchmark[3210244]: INF 2026-09-30 11:26:26.072+00:00 Imported blocks                            blockNumber=20253953 slot=9460253 blocks=253952 txs=41454921 mgas=3844385 bps=31.47 tps=4721 mgps=477.4 avgBps=31.83 avgTps=5196 avgMGps=481.9 elapsed=2h12m57s
Sep 30 11:30:33 nimbus-eth1-mainnet-short-benchmark[3210244]: INF 2026-09-30 11:30:33.909+00:00 Imported blocks                            blockNumber=20262145 slot=9468495 blocks=262144 txs=42726051 mgas=3968623 bps=33.05 tps=5128 mgps=501.3 avgBps=31.87 avgTps=5194 avgMGps=482.5 elapsed=2h17m5s
Sep 30 11:34:26 nimbus-eth1-mainnet-short-benchmark[3210244]: INF 2026-09-30 11:34:26.357+00:00 Imported blocks                            blockNumber=20270337 slot=9476748 blocks=270336 txs=44050436 mgas=4092682 bps=35.24 tps=5697 mgps=533.7 avgBps=31.96 avgTps=5208 avgMGps=483.9 elapsed=2h20m57s
Sep 30 11:38:02 nimbus-eth1-mainnet-short-benchmark[3210244]: INF 2026-09-30 11:38:02.878+00:00 Imported blocks                            blockNumber=20278529 slot=9484981 blocks=278528 txs=45382368 mgas=4216487 bps=37.83 tps=6151 mgps=571.8 avgBps=32.11 avgTps=5231 avgMGps=486.1 elapsed=2h24m34s
Sep 30 11:41:44 nimbus-eth1-mainnet-short-benchmark[3210244]: INF 2026-09-30 11:41:44.623+00:00 Imported blocks                            blockNumber=20286721 slot=9493213 blocks=286720 txs=46733429 mgas=4340363 bps=36.94 tps=6092 mgps=558.6 avgBps=32.23 avgTps=5253 avgMGps=487.9 elapsed=2h28m16s
Sep 30 11:45:50 nimbus-eth1-mainnet-short-benchmark[3210244]: INF 2026-09-30 11:45:50.863+00:00 Imported blocks                            blockNumber=20294913 slot=9501453 blocks=294912 txs=48075887 mgas=4464376 bps=33.27 tps=5451 mgps=503.6 avgBps=32.26 avgTps=5258 avgMGps=488.3 elapsed=2h32m22s
Sep 30 11:49:47 nimbus-eth1-mainnet-short-benchmark[3210244]: INF 2026-09-30 11:49:47.396+00:00 Imported blocks                            blockNumber=20303105 slot=9509696 blocks=303104 txs=49379538 mgas=4588534 bps=34.63 tps=5511 mgps=524.9 avgBps=32.32 avgTps=5264 avgMGps=489.2 elapsed=2h36m18s
Sep 30 11:53:38 nimbus-eth1-mainnet-short-benchmark[3210244]: INF 2026-09-30 11:53:38.397+00:00 Imported blocks                            blockNumber=20311297 slot=9517922 blocks=311296 txs=50637672 mgas=4712596 bps=35.46 tps=5446 mgps=537.1 avgBps=32.39 avgTps=5269 avgMGps=490.4 elapsed=2h40m9s
Sep 30 11:57:19 nimbus-eth1-mainnet-short-benchmark[3210244]: INF 2026-09-30 11:57:19.794+00:00 Imported blocks                            blockNumber=20319489 slot=9526159 blocks=319488 txs=51981692 mgas=4836521 bps=37.00 tps=6070 mgps=559.7 avgBps=32.50 avgTps=5287 avgMGps=491.9 elapsed=2h43m51s
Sep 30 12:00:42 nimbus-eth1-mainnet-short-benchmark[3210244]: INF 2026-09-30 12:00:42.495+00:00 Imported blocks                            blockNumber=20327681 slot=9534381 blocks=327680 txs=53356123 mgas=4960245 bps=40.41 tps=6780 mgps=610.4 avgBps=32.66 avgTps=5317 avgMGps=494.3 elapsed=2h47m14s
Sep 30 12:04:05 nimbus-eth1-mainnet-short-benchmark[3210244]: INF 2026-09-30 12:04:05.472+00:00 Imported blocks                            blockNumber=20335873 slot=9542617 blocks=335872 txs=54719105 mgas=5084025 bps=40.36 tps=6714 mgps=609.8 avgBps=32.81 avgTps=5345 avgMGps=496.6 elapsed=2h50m37s
Sep 30 12:07:47 nimbus-eth1-mainnet-short-benchmark[3210244]: INF 2026-09-30 12:07:47.401+00:00 Imported blocks                            blockNumber=20344065 slot=9550841 blocks=344064 txs=56021853 mgas=5207843 bps=36.91 tps=5870 mgps=557.9 avgBps=32.90 avgTps=5356 avgMGps=497.9 elapsed=2h54m18s
Sep 30 12:12:00 nimbus-eth1-mainnet-short-benchmark[3210244]: INF 2026-09-30 12:12:00.445+00:00 Imported blocks                            blockNumber=20352257 slot=9559072 blocks=352256 txs=57290408 mgas=5332016 bps=32.37 tps=5013 mgps=490.7 avgBps=32.88 avgTps=5348 avgMGps=497.8 elapsed=2h58m32s
Sep 30 12:15:52 nimbus-eth1-mainnet-short-benchmark[3210244]: INF 2026-09-30 12:15:52.318+00:00 Imported blocks                            blockNumber=20360449 slot=9567308 blocks=360448 txs=58543463 mgas=5456201 bps=35.33 tps=5404 mgps=535.6 avgBps=32.94 avgTps=5349 avgMGps=498.6 elapsed=3h2m23s
Sep 30 12:19:36 nimbus-eth1-mainnet-short-benchmark[3210244]: INF 2026-09-30 12:19:36.142+00:00 Imported blocks                            blockNumber=20368641 slot=9575548 blocks=368640 txs=59874056 mgas=5580204 bps=36.60 tps=5944 mgps=554.0 avgBps=33.01 avgTps=5361 avgMGps=499.7 elapsed=3h6m7s
Sep 30 12:23:30 nimbus-eth1-mainnet-short-benchmark[3210244]: INF 2026-09-30 12:23:30.015+00:00 Imported blocks                            blockNumber=20376833 slot=9583774 blocks=376832 txs=61167066 mgas=5704396 bps=35.03 tps=5528 mgps=531.0 avgBps=33.05 avgTps=5364 avgMGps=500.3 elapsed=3h10m1s
Sep 30 12:27:17 nimbus-eth1-mainnet-short-benchmark[3210244]: INF 2026-09-30 12:27:17.092+00:00 Imported blocks                            blockNumber=20385025 slot=9592009 blocks=385024 txs=62480333 mgas=5828235 bps=36.08 tps=5783 mgps=545.4 avgBps=33.11 avgTps=5372 avgMGps=501.2 elapsed=3h13m48s
Sep 30 12:31:03 nimbus-eth1-mainnet-short-benchmark[3210244]: INF 2026-09-30 12:31:03.577+00:00 Imported blocks                            blockNumber=20393217 slot=9600248 blocks=393216 txs=63800597 mgas=5952136 bps=36.17 tps=5829 mgps=547.1 avgBps=33.17 avgTps=5381 avgMGps=502.1 elapsed=3h17m35s
Sep 30 12:34:41 nimbus-eth1-mainnet-short-benchmark[3210244]: INF 2026-09-30 12:34:41.654+00:00 Imported blocks                            blockNumber=20401409 slot=9608486 blocks=401408 txs=65021243 mgas=6076384 bps=37.56 tps=5597 mgps=569.7 avgBps=33.25 avgTps=5385 avgMGps=503.3 elapsed=3h21m13s
Sep 30 12:38:35 nimbus-eth1-mainnet-short-benchmark[3210244]: INF 2026-09-30 12:38:35.666+00:00 Imported blocks                            blockNumber=20409601 slot=9616707 blocks=409600 txs=66199016 mgas=6200666 bps=35.01 tps=5033 mgps=531.1 avgBps=33.28 avgTps=5378 avgMGps=503.8 elapsed=3h25m7s
Sep 30 12:42:20 nimbus-eth1-mainnet-short-benchmark[3210244]: INF 2026-09-30 12:42:20.895+00:00 Imported blocks                            blockNumber=20417793 slot=9624941 blocks=417792 txs=67453930 mgas=6324823 bps=36.37 tps=5571 mgps=551.2 avgBps=33.34 avgTps=5382 avgMGps=504.7 elapsed=3h28m52s
Sep 30 12:45:40 nimbus-eth1-mainnet-short-benchmark[3210244]: INF 2026-09-30 12:45:40.136+00:00 Imported blocks                            blockNumber=20425985 slot=9633187 blocks=425984 txs=68814904 mgas=6448778 bps=41.12 tps=6830 mgps=622.1 avgBps=33.46 avgTps=5405 avgMGps=506.5 elapsed=3h32m11s
Sep 30 12:48:57 nimbus-eth1-mainnet-short-benchmark[3210244]: INF 2026-09-30 12:48:57.513+00:00 Imported blocks                            blockNumber=20434177 slot=9641422 blocks=434176 txs=70124508 mgas=6572711 bps=41.50 tps=6634 mgps=627.9 avgBps=33.58 avgTps=5423 avgMGps=508.4 elapsed=3h35m29s
Sep 30 12:52:26 nimbus-eth1-mainnet-short-benchmark[3210244]: INF 2026-09-30 12:52:26.910+00:00 Imported blocks                            blockNumber=20442369 slot=9649657 blocks=442368 txs=71403576 mgas=6696451 bps=39.12 tps=6108 mgps=590.9 avgBps=33.67 avgTps=5434 avgMGps=509.7 elapsed=3h38m58s
Sep 30 12:56:15 nimbus-eth1-mainnet-short-benchmark[3210244]: INF 2026-09-30 12:56:15.119+00:00 Imported blocks                            blockNumber=20450561 slot=9657896 blocks=450560 txs=72659905 mgas=6820521 bps=35.90 tps=5505 mgps=543.7 avgBps=33.71 avgTps=5435 avgMGps=510.3 elapsed=3h42m46s
Sep 30 13:00:25 nimbus-eth1-mainnet-short-benchmark[3210244]: INF 2026-09-30 13:00:25.195+00:00 Imported blocks                            blockNumber=20458753 slot=9666114 blocks=458752 txs=73838533 mgas=6945116 bps=32.76 tps=4713 mgps=498.2 avgBps=33.69 avgTps=5422 avgMGps=510.0 elapsed=3h46m56s
Sep 30 13:04:11 nimbus-eth1-mainnet-short-benchmark[3210244]: INF 2026-09-30 13:04:11.604+00:00 Imported blocks                            blockNumber=20466945 slot=9674343 blocks=466944 txs=75124748 mgas=7068943 bps=36.18 tps=5680 mgps=546.9 avgBps=33.73 avgTps=5426 avgMGps=510.6 elapsed=3h50m43s
Sep 30 13:07:56 nimbus-eth1-mainnet-short-benchmark[3210244]: INF 2026-09-30 13:07:56.173+00:00 Imported blocks                            blockNumber=20475137 slot=9682575 blocks=475136 txs=76420106 mgas=7192870 bps=36.48 tps=5768 mgps=551.8 avgBps=33.77 avgTps=5432 avgMGps=511.3 elapsed=3h54m27s
Sep 30 13:11:30 nimbus-eth1-mainnet-short-benchmark[3210244]: INF 2026-09-30 13:11:30.562+00:00 Imported blocks                            blockNumber=20483329 slot=9690800 blocks=483328 txs=77675422 mgas=7316939 bps=38.21 tps=5855 mgps=578.7 avgBps=33.84 avgTps=5438 avgMGps=512.3 elapsed=3h58m2s
Sep 30 13:15:03 nimbus-eth1-mainnet-short-benchmark[3210244]: INF 2026-09-30 13:15:03.075+00:00 Imported blocks                            blockNumber=20491521 slot=9699019 blocks=491520 txs=78951232 mgas=7440784 bps=38.55 tps=6003 mgps=582.8 avgBps=33.91 avgTps=5446 avgMGps=513.3 elapsed=4h1m34s
Sep 30 13:18:49 nimbus-eth1-mainnet-short-benchmark[3210244]: INF 2026-09-30 13:18:49.616+00:00 Imported blocks                            blockNumber=20499713 slot=9707248 blocks=499712 txs=80189642 mgas=7564669 bps=36.16 tps=5466 mgps=546.9 avgBps=33.95 avgTps=5447 avgMGps=513.9 elapsed=4h5m21s
Sep 30 13:22:42 nimbus-eth1-mainnet-short-benchmark[3210244]: INF 2026-09-30 13:22:42.248+00:00 Imported blocks                            blockNumber=20507905 slot=9715488 blocks=507904 txs=81317763 mgas=7689208 bps=35.21 tps=4849 mgps=535.3 avgBps=33.96 avgTps=5437 avgMGps=514.2 elapsed=4h9m13s
Sep 30 13:26:07 nimbus-eth1-mainnet-short-benchmark[3210244]: INF 2026-09-30 13:26:07.741+00:00 Imported blocks                            blockNumber=20516097 slot=9723715 blocks=516096 txs=82520262 mgas=7813209 bps=39.87 tps=5851 mgps=603.4 avgBps=34.04 avgTps=5443 avgMGps=515.4 elapsed=4h12m39s
Sep 30 13:29:45 nimbus-eth1-mainnet-short-benchmark[3210244]: INF 2026-09-30 13:29:45.534+00:00 Imported blocks                            blockNumber=20524289 slot=9731945 blocks=524288 txs=83780075 mgas=7937233 bps=37.61 tps=5784 mgps=569.5 avgBps=34.10 avgTps=5448 avgMGps=516.2 elapsed=4h16m17s
Sep 30 13:33:29 nimbus-eth1-mainnet-short-benchmark[3210244]: INF 2026-09-30 13:33:29.283+00:00 Imported blocks                            blockNumber=20532481 slot=9740183 blocks=532480 txs=85263862 mgas=8061024 bps=36.61 tps=6631 mgps=553.3 avgBps=34.13 avgTps=5465 avgMGps=516.7 elapsed=4h20m847ms
Sep 30 13:37:17 nimbus-eth1-mainnet-short-benchmark[3210244]: INF 2026-09-30 13:37:17.652+00:00 Imported blocks                            blockNumber=20540673 slot=9748418 blocks=540672 txs=86612143 mgas=8185090 bps=35.87 tps=5903 mgps=543.3 avgBps=34.16 avgTps=5471 avgMGps=517.1 elapsed=4h23m49s
Sep 30 13:41:12 nimbus-eth1-mainnet-short-benchmark[3210244]: INF 2026-09-30 13:41:12.428+00:00 Imported blocks                            blockNumber=20548865 slot=9756662 blocks=548864 txs=87802991 mgas=8309513 bps=34.89 tps=5072 mgps=530.0 avgBps=34.17 avgTps=5465 avgMGps=517.3 elapsed=4h27m43s
Sep 30 13:45:02 nimbus-eth1-mainnet-short-benchmark[3210244]: INF 2026-09-30 13:45:02.857+00:00 Imported blocks                            blockNumber=20557057 slot=9764892 blocks=557056 txs=88964987 mgas=8433956 bps=35.55 tps=5042 mgps=540.0 avgBps=34.19 avgTps=5459 avgMGps=517.6 elapsed=4h31m34s
Sep 30 13:48:44 nimbus-eth1-mainnet-short-benchmark[3210244]: INF 2026-09-30 13:48:44.774+00:00 Imported blocks                            blockNumber=20565249 slot=9773131 blocks=565248 txs=90186094 mgas=8558113 bps=36.91 tps=5502 mgps=559.5 avgBps=34.22 avgTps=5460 avgMGps=518.2 elapsed=4h35m16s
Sep 30 13:52:26 nimbus-eth1-mainnet-short-benchmark[3210244]: INF 2026-09-30 13:52:26.563+00:00 Imported blocks                            blockNumber=20573441 slot=9781369 blocks=573440 txs=91404654 mgas=8682228 bps=36.94 tps=5494 mgps=559.6 avgBps=34.26 avgTps=5460 avgMGps=518.7 elapsed=4h38m58s
Sep 30 13:56:03 nimbus-eth1-mainnet-short-benchmark[3210244]: INF 2026-09-30 13:56:03.352+00:00 Imported blocks                            blockNumber=20581633 slot=9789611 blocks=581632 txs=92628389 mgas=8806651 bps=37.79 tps=5644 mgps=573.9 avgBps=34.30 avgTps=5463 avgMGps=519.4 elapsed=4h42m34s
Sep 30 13:59:49 nimbus-eth1-mainnet-short-benchmark[3210244]: INF 2026-09-30 13:59:49.381+00:00 Imported blocks                            blockNumber=20589825 slot=9797855 blocks=589824 txs=93887208 mgas=8931023 bps=36.24 tps=5569 mgps=550.2 avgBps=34.33 avgTps=5464 avgMGps=519.8 elapsed=4h46m20s
Sep 30 14:03:39 nimbus-eth1-mainnet-short-benchmark[3210244]: INF 2026-09-30 14:03:39.254+00:00 Imported blocks                            blockNumber=20598017 slot=9806095 blocks=598016 txs=95163338 mgas=9055310 bps=35.64 tps=5551 mgps=540.7 avgBps=34.35 avgTps=5465 avgMGps=520.1 elapsed=4h50m10s
Sep 30 14:07:29 nimbus-eth1-mainnet-short-benchmark[3210244]: INF 2026-09-30 14:07:29.879+00:00 Imported blocks                            blockNumber=20606209 slot=9814347 blocks=606208 txs=96334664 mgas=9179976 bps=35.52 tps=5078 mgps=540.6 avgBps=34.36 avgTps=5460 avgMGps=520.4 elapsed=4h54m1s
Sep 30 14:11:12 nimbus-eth1-mainnet-short-benchmark[3210244]: INF 2026-09-30 14:11:12.520+00:00 Imported blocks                            blockNumber=20614401 slot=9822581 blocks=614400 txs=97573414 mgas=9304574 bps=36.79 tps=5563 mgps=559.6 avgBps=34.39 avgTps=5461 avgMGps=520.9 elapsed=4h57m44s
Sep 30 14:14:53 nimbus-eth1-mainnet-short-benchmark[3210244]: INF 2026-09-30 14:14:53.744+00:00 Imported blocks                            blockNumber=20622593 slot=9830821 blocks=622592 txs=98874772 mgas=9428835 bps=37.03 tps=5882 mgps=561.7 avgBps=34.43 avgTps=5467 avgMGps=521.4 elapsed=5h1m25s
Sep 30 14:18:28 nimbus-eth1-mainnet-short-benchmark[3210244]: INF 2026-09-30 14:18:28.949+00:00 Imported blocks                            blockNumber=20630785 slot=9839058 blocks=630784 txs=100178707 mgas=9553009 bps=38.07 tps=6059 mgps=577.0 avgBps=34.47 avgTps=5474 avgMGps=522.0 elapsed=5h5m516ms
Sep 30 14:22:13 nimbus-eth1-mainnet-short-benchmark[3210244]: INF 2026-09-30 14:22:13.990+00:00 Imported blocks                            blockNumber=20638977 slot=9847313 blocks=638976 txs=101489116 mgas=9677171 bps=36.40 tps=5823 mgps=551.7 avgBps=34.49 avgTps=5478 avgMGps=522.4 elapsed=5h8m45s
Sep 30 14:25:57 nimbus-eth1-mainnet-short-benchmark[3210244]: INF 2026-09-30 14:25:57.783+00:00 Imported blocks                            blockNumber=20647169 slot=9855549 blocks=647168 txs=102730058 mgas=9801643 bps=36.61 tps=5545 mgps=556.2 avgBps=34.52 avgTps=5479 avgMGps=522.8 elapsed=5h12m29s
Sep 30 14:29:55 nimbus-eth1-mainnet-short-benchmark[3210244]: INF 2026-09-30 14:29:55.428+00:00 Imported blocks                            blockNumber=20655361 slot=9863778 blocks=655360 txs=103868002 mgas=9926541 bps=34.47 tps=4788 mgps=525.6 avgBps=34.52 avgTps=5470 avgMGps=522.8 elapsed=5h16m26s
Sep 30 14:33:32 nimbus-eth1-mainnet-short-benchmark[3210244]: INF 2026-09-30 14:33:32.716+00:00 Imported blocks                            blockNumber=20663553 slot=9872013 blocks=663552 txs=105112198 mgas=10051274 bps=37.70 tps=5725 mgps=574.0 avgBps=34.55 avgTps=5473 avgMGps=523.4 elapsed=5h20m4s
Sep 30 14:36:59 nimbus-eth1-mainnet-short-benchmark[3210244]: INF 2026-09-30 14:36:59.893+00:00 Imported blocks                            blockNumber=20671745 slot=9880241 blocks=671744 txs=106395904 mgas=10175177 bps=39.54 tps=6196 mgps=598.1 avgBps=34.61 avgTps=5481 avgMGps=524.2 elapsed=5h23m31s
Sep 30 14:40:30 nimbus-eth1-mainnet-short-benchmark[3210244]: INF 2026-09-30 14:40:30.218+00:00 Imported blocks                            blockNumber=20679937 slot=9888471 blocks=679936 txs=107674271 mgas=10299404 bps=38.95 tps=6078 mgps=590.7 avgBps=34.65 avgTps=5487 avgMGps=524.9 elapsed=5h27m1s
Sep 30 14:43:53 nimbus-eth1-mainnet-short-benchmark[3210244]: INF 2026-09-30 14:43:53.180+00:00 Imported blocks                            blockNumber=20688129 slot=9896698 blocks=688128 txs=108938536 mgas=10423298 bps=40.36 tps=6229 mgps=610.4 avgBps=34.71 avgTps=5495 avgMGps=525.8 elapsed=5h30m24s
Sep 30 14:47:29 nimbus-eth1-mainnet-short-benchmark[3210244]: INF 2026-09-30 14:47:29.261+00:00 Imported blocks                            blockNumber=20696321 slot=9904930 blocks=696320 txs=110235786 mgas=10547469 bps=37.91 tps=6003 mgps=574.6 avgBps=34.75 avgTps=5500 avgMGps=526.3 elapsed=5h34m830ms
Sep 30 14:51:23 nimbus-eth1-mainnet-short-benchmark[3210244]: INF 2026-09-30 14:51:23.757+00:00 Imported blocks                            blockNumber=20704513 slot=9913154 blocks=704512 txs=111483759 mgas=10671677 bps=34.93 tps=5321 mgps=529.7 avgBps=34.75 avgTps=5498 avgMGps=526.3 elapsed=5h37m55s
Sep 30 14:55:03 nimbus-eth1-mainnet-short-benchmark[3210244]: INF 2026-09-30 14:55:03.906+00:00 Imported blocks                            blockNumber=20712705 slot=9921388 blocks=712704 txs=112764170 mgas=10795980 bps=37.21 tps=5816 mgps=564.6 avgBps=34.77 avgTps=5501 avgMGps=526.7 elapsed=5h41m35s
Sep 30 14:58:27 nimbus-eth1-mainnet-short-benchmark[3210244]: INF 2026-09-30 14:58:27.947+00:00 Imported blocks                            blockNumber=20720897 slot=9929633 blocks=720896 txs=114110517 mgas=10919926 bps=40.15 tps=6598 mgps=607.5 avgBps=34.83 avgTps=5512 avgMGps=527.5 elapsed=5h44m59s
Sep 30 15:01:59 nimbus-eth1-mainnet-short-benchmark[3210244]: INF 2026-09-30 15:01:59.832+00:00 Imported blocks                            blockNumber=20729089 slot=9937869 blocks=729088 txs=115449431 mgas=11043768 bps=38.66 tps=6319 mgps=584.5 avgBps=34.87 avgTps=5520 avgMGps=528.1 elapsed=5h48m31s
Sep 30 15:05:23 nimbus-eth1-mainnet-short-benchmark[3210244]: INF 2026-09-30 15:05:23.353+00:00 Imported blocks                            blockNumber=20737281 slot=9946108 blocks=737280 txs=116784468 mgas=11167784 bps=40.25 tps=6559 mgps=609.3 avgBps=34.92 avgTps=5530 avgMGps=528.9 elapsed=5h51m54s
Sep 30 15:08:57 nimbus-eth1-mainnet-short-benchmark[3210244]: INF 2026-09-30 15:08:57.706+00:00 Imported blocks                            blockNumber=20745473 slot=9954342 blocks=745472 txs=118101003 mgas=11291742 bps=38.22 tps=6141 mgps=578.3 avgBps=34.95 avgTps=5537 avgMGps=529.4 elapsed=5h55m29s
Sep 30 15:12:49 nimbus-eth1-mainnet-short-benchmark[3210244]: INF 2026-09-30 15:12:49.147+00:00 Imported blocks                            blockNumber=20753665 slot=9962581 blocks=753664 txs=119337525 mgas=11415859 bps=35.40 tps=5342 mgps=536.3 avgBps=34.96 avgTps=5534 avgMGps=529.5 elapsed=5h59m20s
Sep 30 15:16:26 nimbus-eth1-mainnet-short-benchmark[3210244]: INF 2026-09-30 15:16:26.931+00:00 Imported blocks                            blockNumber=20761857 slot=9970803 blocks=761856 txs=120564314 mgas=11540225 bps=37.62 tps=5633 mgps=571.1 avgBps=34.98 avgTps=5535 avgMGps=529.9 elapsed=6h2m58s
Sep 30 15:19:53 nimbus-eth1-mainnet-short-benchmark[3210244]: INF 2026-09-30 15:19:53.880+00:00 Imported blocks                            blockNumber=20770049 slot=9979058 blocks=770048 txs=121858083 mgas=11663918 bps=39.58 tps=6251 mgps=597.7 avgBps=35.03 avgTps=5542 avgMGps=530.5 elapsed=6h6m25s
Sep 30 15:23:10 nimbus-eth1-mainnet-short-benchmark[3210244]: INF 2026-09-30 15:23:10.218+00:00 Imported blocks                            blockNumber=20778241 slot=9987307 blocks=778240 txs=123161734 mgas=11787906 bps=41.72 tps=6639 mgps=631.5 avgBps=35.08 avgTps=5552 avgMGps=531.4 elapsed=6h9m41s
Sep 30 15:26:20 nimbus-eth1-mainnet-short-benchmark[3210244]: INF 2026-09-30 15:26:20.775+00:00 Imported blocks                            blockNumber=20786433 slot=9995542 blocks=786432 txs=124509456 mgas=11911612 bps=42.99 tps=7072 mgps=649.2 avgBps=35.15 avgTps=5565 avgMGps=532.4 elapsed=6h12m52s
Sep 30 15:29:37 nimbus-eth1-mainnet-short-benchmark[3210244]: INF 2026-09-30 15:29:37.860+00:00 Imported blocks                            blockNumber=20794625 slot=10003781 blocks=794624 txs=125848921 mgas=12035338 bps=41.57 tps=6796 mgps=627.8 avgBps=35.21 avgTps=5576 avgMGps=533.3 elapsed=6h16m9s
Sep 30 15:32:58 nimbus-eth1-mainnet-short-benchmark[3210244]: INF 2026-09-30 15:32:58.685+00:00 Imported blocks                            blockNumber=20802817 slot=10012028 blocks=802816 txs=127089868 mgas=12158989 bps=40.79 tps=6179 mgps=615.7 avgBps=35.26 avgTps=5581 avgMGps=534.0 elapsed=6h19m30s
Sep 30 15:36:28 nimbus-eth1-mainnet-short-benchmark[3210244]: INF 2026-09-30 15:36:28.618+00:00 Imported blocks                            blockNumber=20811009 slot=10020249 blocks=811008 txs=128299762 mgas=12282850 bps=39.02 tps=5763 mgps=590.0 avgBps=35.29 avgTps=5583 avgMGps=534.5 elapsed=6h23m184ms
Sep 30 15:39:44 nimbus-eth1-mainnet-short-benchmark[3210244]: INF 2026-09-30 15:39:44.631+00:00 Imported blocks                            blockNumber=20819201 slot=10028481 blocks=819200 txs=129596319 mgas=12406594 bps=41.79 tps=6614 mgps=631.3 avgBps=35.35 avgTps=5591 avgMGps=535.3 elapsed=6h26m16s
Sep 30 15:42:59 nimbus-eth1-mainnet-short-benchmark[3210244]: INF 2026-09-30 15:42:59.516+00:00 Imported blocks                            blockNumber=20827393 slot=10036710 blocks=827392 txs=130916729 mgas=12530249 bps=42.03 tps=6775 mgps=634.5 avgBps=35.40 avgTps=5601 avgMGps=536.1 elapsed=6h29m31s
Sep 30 15:46:15 nimbus-eth1-mainnet-short-benchmark[3210244]: INF 2026-09-30 15:46:15.678+00:00 Imported blocks                            blockNumber=20835585 slot=10044938 blocks=835584 txs=132226625 mgas=12654070 bps=41.76 tps=6677 mgps=631.2 avgBps=35.46 avgTps=5610 avgMGps=536.9 elapsed=6h32m47s
Sep 30 15:49:43 nimbus-eth1-mainnet-short-benchmark[3210244]: INF 2026-09-30 15:49:43.715+00:00 Imported blocks                            blockNumber=20843777 slot=10053164 blocks=843776 txs=133604192 mgas=12777730 bps=39.38 tps=6621 mgps=594.4 avgBps=35.49 avgTps=5619 avgMGps=537.4 elapsed=6h36m15s
Sep 30 15:53:38 nimbus-eth1-mainnet-short-benchmark[3210244]: INF 2026-09-30 15:53:38.959+00:00 Imported blocks                            blockNumber=20851969 slot=10061391 blocks=851968 txs=134900706 mgas=12901664 bps=34.82 tps=5511 mgps=526.8 avgBps=35.48 avgTps=5618 avgMGps=537.3 elapsed=6h40m10s
Sep 30 15:57:22 nimbus-eth1-mainnet-short-benchmark[3210244]: INF 2026-09-30 15:57:22.892+00:00 Imported blocks                            blockNumber=20860161 slot=10069622 blocks=860160 txs=136168750 mgas=13025603 bps=36.58 tps=5662 mgps=553.5 avgBps=35.49 avgTps=5618 avgMGps=537.5 elapsed=6h43m54s
Sep 30 16:01:03 nimbus-eth1-mainnet-short-benchmark[3210244]: INF 2026-09-30 16:01:03.721+00:00 Imported blocks                            blockNumber=20868353 slot=10077838 blocks=868352 txs=137550724 mgas=13149742 bps=37.10 tps=6258 mgps=562.1 avgBps=35.51 avgTps=5624 avgMGps=537.7 elapsed=6h47m35s
Sep 30 16:04:41 nimbus-eth1-mainnet-short-benchmark[3210244]: INF 2026-09-30 16:04:41.922+00:00 Imported blocks                            blockNumber=20876545 slot=10086066 blocks=876544 txs=138954673 mgas=13273457 bps=37.54 tps=6434 mgps=567.0 avgBps=35.53 avgTps=5631 avgMGps=538.0 elapsed=6h51m13s
Sep 30 16:08:13 nimbus-eth1-mainnet-short-benchmark[3210244]: INF 2026-09-30 16:08:13.747+00:00 Imported blocks                            blockNumber=20884737 slot=10094286 blocks=884736 txs=140256178 mgas=13397479 bps=38.67 tps=6144 mgps=585.5 avgBps=35.55 avgTps=5636 avgMGps=538.4 elapsed=6h54m45s
Sep 30 16:11:40 nimbus-eth1-mainnet-short-benchmark[3210244]: INF 2026-09-30 16:11:40.300+00:00 Imported blocks                            blockNumber=20892929 slot=10102512 blocks=892928 txs=141581868 mgas=13521575 bps=39.66 tps=6418 mgps=600.8 avgBps=35.59 avgTps=5642 avgMGps=538.9 elapsed=6h58m11s
Sep 30 16:15:08 nimbus-eth1-mainnet-short-benchmark[3210244]: INF 2026-09-30 16:15:08.297+00:00 Imported blocks                            blockNumber=20901121 slot=10110732 blocks=901120 txs=142875889 mgas=13645572 bps=39.38 tps=6221 mgps=596.1 avgBps=35.62 avgTps=5647 avgMGps=539.4 elapsed=7h1m39s
Sep 30 16:18:35 nimbus-eth1-mainnet-short-benchmark[3210244]: INF 2026-09-30 16:18:35.450+00:00 Imported blocks                            blockNumber=20909313 slot=10118953 blocks=909312 txs=144102308 mgas=13769390 bps=39.55 tps=5920 mgps=597.7 avgBps=35.65 avgTps=5649 avgMGps=539.8 elapsed=7h5m7s
Sep 30 16:21:59 nimbus-eth1-mainnet-short-benchmark[3210244]: INF 2026-09-30 16:21:59.887+00:00 Imported blocks                            blockNumber=20917505 slot=10127176 blocks=917504 txs=145406349 mgas=13893087 bps=40.07 tps=6378 mgps=605.1 avgBps=35.68 avgTps=5655 avgMGps=540.3 elapsed=7h8m31s
Sep 30 16:25:12 nimbus-eth1-mainnet-short-benchmark[3210244]: INF 2026-09-30 16:25:12.912+00:00 Imported blocks                            blockNumber=20925697 slot=10135394 blocks=925696 txs=146718394 mgas=14016820 bps=42.44 tps=6797 mgps=641.0 avgBps=35.73 avgTps=5663 avgMGps=541.1 elapsed=7h11m44s
Sep 30 16:28:39 nimbus-eth1-mainnet-short-benchmark[3210244]: INF 2026-09-30 16:28:39.270+00:00 Imported blocks                            blockNumber=20933889 slot=10143614 blocks=933888 txs=148049109 mgas=14140625 bps=39.70 tps=6448 mgps=600.0 avgBps=35.77 avgTps=5670 avgMGps=541.6 elapsed=7h15m10s
Sep 30 16:31:59 nimbus-eth1-mainnet-short-benchmark[3210244]: INF 2026-09-30 16:31:59.419+00:00 Imported blocks                            blockNumber=20942081 slot=10151840 blocks=942080 txs=149397364 mgas=14264352 bps=40.93 tps=6736 mgps=618.2 avgBps=35.81 avgTps=5678 avgMGps=542.1 elapsed=7h18m30s
Sep 30 16:35:24 nimbus-eth1-mainnet-short-benchmark[3210244]: INF 2026-09-30 16:35:24.644+00:00 Imported blocks                            blockNumber=20950273 slot=10160098 blocks=950272 txs=150765507 mgas=14388237 bps=39.92 tps=6666 mgps=603.7 avgBps=35.84 avgTps=5685 avgMGps=542.6 elapsed=7h21m56s
Sep 30 16:39:03 nimbus-eth1-mainnet-short-benchmark[3210244]: INF 2026-09-30 16:39:03.273+00:00 Imported blocks                            blockNumber=20958465 slot=10168363 blocks=958464 txs=152044771 mgas=14511987 bps=37.47 tps=5851 mgps=566.0 avgBps=35.85 avgTps=5687 avgMGps=542.8 elapsed=7h25m34s
Sep 30 16:42:33 nimbus-eth1-mainnet-short-benchmark[3210244]: INF 2026-09-30 16:42:33.682+00:00 Imported blocks                            blockNumber=20966657 slot=10176609 blocks=966656 txs=153365296 mgas=14635804 bps=38.93 tps=6276 mgps=588.5 avgBps=35.87 avgTps=5691 avgMGps=543.2 elapsed=7h29m5s
Sep 30 16:46:02 nimbus-eth1-mainnet-short-benchmark[3210244]: INF 2026-09-30 16:46:02.451+00:00 Imported blocks                            blockNumber=20974849 slot=10184849 blocks=974848 txs=154744917 mgas=14759580 bps=39.24 tps=6608 mgps=592.9 avgBps=35.90 avgTps=5698 avgMGps=543.6 elapsed=7h32m34s
Sep 30 16:49:36 nimbus-eth1-mainnet-short-benchmark[3210244]: INF 2026-09-30 16:49:36.076+00:00 Imported blocks                            blockNumber=20983041 slot=10193086 blocks=983040 txs=156055229 mgas=14883451 bps=38.35 tps=6133 mgps=579.9 avgBps=35.92 avgTps=5702 avgMGps=543.8 elapsed=7h36m7s
Sep 30 16:52:46 nimbus-eth1-mainnet-short-benchmark[3210244]: INF 2026-09-30 16:52:46.749+00:00 Imported blocks                            blockNumber=20991233 slot=10201319 blocks=991232 txs=157563202 mgas=15007557 bps=42.96 tps=7908 mgps=650.9 avgBps=35.97 avgTps=5717 avgMGps=544.6 elapsed=7h39m18s
Sep 30 16:56:26 nimbus-eth1-mainnet-short-benchmark[3210244]: INF 2026-09-30 16:56:26.370+00:00 Imported blocks                            blockNumber=20999425 slot=10209549 blocks=999424 txs=159003277 mgas=15131383 bps=37.30 tps=6557 mgps=563.8 avgBps=35.98 avgTps=5724 avgMGps=544.7 elapsed=7h42m57s
Sep 30 16:56:42 nimbus-eth1-mainnet-short-benchmark[3210244]: INF 2026-09-30 16:56:42.446+00:00 Imported blocks                            blockNumber=21000001 slot=10210128 blocks=1000000 txs=159109486 mgas=15140191 bps=35.83 tps=6606 mgps=547.9 avgBps=35.98 avgTps=5724 avgMGps=544.7 elapsed=7h43m14s
Sep 30 16:56:42 nimbus-eth1-mainnet-short-benchmark[3210244]: NTC 2026-09-30 16:56:42.446+00:00 Import complete                            blockNumber=21000001 slot=10210128 blocks=1000000 txs=159109486 mgas=15140191
Sep 30 16:56:43 nimbus-eth1-mainnet-short-benchmark[3181161]: <<< ending startNimbusWithImport (success)
Sep 30 16:56:43 nimbus-eth1-mainnet-short-benchmark[3181161]: >>> starting moveBenchmarkingFileToRepo
Sep 30 16:56:43 nimbus-eth1-mainnet-short-benchmark[3181161]: >>> copying debug-csv generated by nimbus to benchmarks repo
Sep 30 16:56:43 nimbus-eth1-mainnet-short-benchmark[3181161]: <<< ending moveBenchmarkingFileToRepo (success)
Sep 30 16:56:43 nimbus-eth1-mainnet-short-benchmark[3181161]: >>> starting generateBuildEnvironmentLogFile
Sep 30 16:56:52 nimbus-eth1-mainnet-short-benchmark[3181161]: <<< ending generateBuildEnvironmentLogFile (success)
Sep 30 16:56:52 nimbus-eth1-mainnet-short-benchmark[3181161]: >>> starting generateSystemdServiceLogs
