=== System Information Report ===
>>> Generated on: Mon Sep 28 08:44:43 AM UTC 2026
==========================
>>> CPU Architecture: x86_64
>>> CPU Byte Order: Little Endian
>>> CPU Cores: 16
>>> CPU Model: AMD Ryzen 7 PRO 8700GE w/ Radeon 780M Graphics
>>> CPU Cache Information:
L1d Cache: 256 KiB (8 instances)
L1i Cache: 256 KiB (8 instances)
L2 Cache: 8 MiB (8 instances)
L3 Cache: 16 MiB (1 instance)
>>> RAM Size: 61Gi
>>> Hard Disk Information:
/dev/md2 : 437G total, 199G free
/dev/md1 : 989M total, 690M free
/dev/nvme0n1p1 : 256M total, 256M free
/dev/nvme1n1 : 1.9T total, 486G free
==========================
=== Nimbus-ETH1 Benchmarking Report ===
>>> Total time spent in benchmarking (nanoseconds): 27840168231359
>>> Total time spent in benchmarking (human readable format): 7 hours 44 minutes
>>> Start block number is 20000001
>>> End block number is 21000001
==========================
=== Comparison of last two benchmarks ===
sort: write failed: 'standard output': Broken pipe
sort: write error
sort: write failed: 'standard output': Broken pipe
sort: write error
python /data/status-im/nimbus-eth1/scripts/block-import-stats.py /data/status-im/nimbus-eth1-benchmarks/short-benchmark/20260927T141933_4504661d/blocks-import-benchmark.csv /data/status-im/nimbus-eth1-benchmarks/short-benchmark/20260928T005123_d9bd0a2f/blocks-import-benchmark.csv
blocks-import-benchmark.csv vs blocks-import-benchmark.csv
                      bps_x  bps_y     tps_x     tps_y   time_x   time_y   bpsd   tpsd   timed
block_number                                                                                  
(20000001, 20111112]  29.83  29.92  4,871.57  4,885.84  1h0m29s  1h0m23s  0.22%  0.22%  -0.21%
(20111112, 20222223]  33.52  33.60  5,482.33  5,495.13   57m12s    57m3s  0.24%  0.24%  -0.24%
(20222223, 20333334]  35.51  35.57  5,755.26  5,764.99   50m11s    50m7s  0.15%  0.15%  -0.15%
(20333334, 20444445]  36.92  36.95  5,816.88  5,821.83   51m59s   51m57s  0.07%  0.07%  -0.07%
(20444445, 20555556]  36.40  36.43  5,610.12  5,613.71   48m52s   48m50s  0.08%  0.08%  -0.07%
(20555556, 20666667]  36.53  36.59  5,516.06  5,525.85   52m22s   52m16s  0.19%  0.19%  -0.19%
(20666667, 20777778]  38.24  38.36  6,017.00  6,036.27   46m30s   46m21s  0.32%  0.32%  -0.32%
(20777778, 20888889]  39.48  39.57  6,333.45  6,348.53   48m35s   48m28s  0.24%  0.24%  -0.23%
(20888889, 21000001]  39.37  39.48  6,489.60  6,508.79   48m35s   48m28s  0.29%  0.29%  -0.29%

blocks: 991808, baseline: 7h44m50s, contender: 7h44m0s
Time (total): -50s, -0.18%

bpsd = blocks per sec diff (+), tpsd = txs per sec diff, timed = time to process diff (-)
+ = more is better, - = less is better
==========================
