Sep 09 22:42:13 nimbus-eth1-mainnet-short-benchmark[1225893]: >>> starting cloneOrFetchBenchmarksRepo
Sep 09 22:42:13 nimbus-eth1-mainnet-short-benchmark[1225893]: >>> Fetching latest changes for nimbus-eth1-benchmarks...
Sep 09 22:42:15 nimbus-eth1-mainnet-short-benchmark[1225940]: HEAD is now at 7884370 chore: update short benchmark Readme
Sep 09 22:42:15 nimbus-eth1-mainnet-short-benchmark[1225893]: <<< ending cloneOrFetchBenchmarksRepo (success)
Sep 09 22:42:15 nimbus-eth1-mainnet-short-benchmark[1225893]: >>> starting cloneOrFetchNimbusRepo
Sep 09 22:42:25 nimbus-eth1-mainnet-short-benchmark[1225893]: >>> Fetching latest changes for nimbus-eth1...
Sep 09 22:42:26 nimbus-eth1-mainnet-short-benchmark[1226289]: From https://github.com/status-im/nimbus-eth1
Sep 09 22:42:26 nimbus-eth1-mainnet-short-benchmark[1226289]:    8b63aacb7..351257840  master              -> origin/master
Sep 09 22:42:26 nimbus-eth1-mainnet-short-benchmark[1226289]:  * [new branch]          static-storage-vids -> origin/static-storage-vids
Sep 09 22:42:26 nimbus-eth1-mainnet-short-benchmark[1226309]: HEAD is now at 351257840 Snap2 beacon sync error handling and maint update (#4770)
Sep 09 22:42:26 nimbus-eth1-mainnet-short-benchmark[1225893]: >>> Found last benchmarked commit: eb9c0a23
Sep 09 22:42:26 nimbus-eth1-mainnet-short-benchmark[1225893]: >>> Using next commit: 5671d7854a8b849200c340933419bda91a4ae623
Sep 09 22:42:26 nimbus-eth1-mainnet-short-benchmark[1226325]: HEAD is now at 5671d7854 Do not call computeStateRoot when genesis have no accounts (#4634)
Sep 09 22:42:26 nimbus-eth1-mainnet-short-benchmark[1225893]: >>> Current commit: 5671d7854
Sep 09 22:42:26 nimbus-eth1-mainnet-short-benchmark[1225893]: <<< ending cloneOrFetchNimbusRepo (success)
Sep 09 22:42:26 nimbus-eth1-mainnet-short-benchmark[1225893]: >>> starting buildBinaries
Sep 09 22:42:26 nimbus-eth1-mainnet-short-benchmark[1225893]: >>> Building binaries for commit 5671d785...
Sep 09 22:42:28 nimbus-eth1-mainnet-short-benchmark[1227539]: Submodule path 'vendor/nim-minilru': checked out '6a6929edaf365bf032f00e5cd197d0eeb7a0467e'
Sep 09 22:42:28 nimbus-eth1-mainnet-short-benchmark[1227539]: Submodule path 'vendor/nim-stew': checked out 'c75502ceedb5ed2a37b7b5e4744fc71313682859'
Sep 09 22:42:28 nimbus-eth1-mainnet-short-benchmark[1227539]: Submodule path 'vendor/nim-stint': checked out '8ae0b5f3cdc04e68aa2eb9e7aa468a2edb5b0a99'
Sep 09 22:42:34 nimbus-eth1-mainnet-short-benchmark[1231871]: Building: Nim compiler
Sep 09 22:45:37 nimbus-eth1-mainnet-short-benchmark[1231871]: Building custom Nimble commit: 42ef70c2102a942c46f13eb76872326edd525cec
Sep 09 22:45:47 nimbus-eth1-mainnet-short-benchmark[1231871]: Building Nimble...
Sep 09 22:45:57 nimbus-eth1-mainnet-short-benchmark[1231871]: Replacing nimble binary...
Sep 09 22:46:05 nimbus-eth1-mainnet-short-benchmark[1248519]: Building: build/generate_makefile
Sep 09 22:46:05 nimbus-eth1-mainnet-short-benchmark[1248383]: ROCKSDB CACHED VERSION: 11.8.1
Sep 09 22:46:05 nimbus-eth1-mainnet-short-benchmark[1248784]: RocksDb static libraries already built. Skipping build.
Sep 09 22:46:05 nimbus-eth1-mainnet-short-benchmark[1248519]: Build completed successfully: build/generate_makefile
Sep 09 22:46:05 nimbus-eth1-mainnet-short-benchmark[1248838]: Building: build/nimbus_execution_client
Sep 09 22:48:29 nimbus-eth1-mainnet-short-benchmark[1248838]: Build completed successfully: build/nimbus_execution_client
Sep 09 22:48:29 nimbus-eth1-mainnet-short-benchmark[1225893]: >>> renaming binaries to match commit they were built from
Sep 09 22:48:29 nimbus-eth1-mainnet-short-benchmark[1225893]: >>> creating a symbolic link to the latest version
Sep 09 22:48:29 nimbus-eth1-mainnet-short-benchmark[1225893]: >>> deleting copies that are older than N days
Sep 09 22:48:29 nimbus-eth1-mainnet-short-benchmark[1225893]: <<< ending buildBinaries (success)
Sep 09 22:48:29 nimbus-eth1-mainnet-short-benchmark[1225893]: >>> starting skipOrContinueBenchmark
Sep 09 22:48:29 nimbus-eth1-mainnet-short-benchmark[1225893]: <<< ending skipOrContinueBenchmark (success)
Sep 09 22:48:29 nimbus-eth1-mainnet-short-benchmark[1225893]: >>> starting copyTemplateDatabase
Sep 09 22:48:29 nimbus-eth1-mainnet-short-benchmark[1225893]: >>> Copying template db into nimbus data directory
Sep 09 22:51:44 nimbus-eth1-mainnet-short-benchmark[1225893]: >>> Template db copied
Sep 09 22:51:44 nimbus-eth1-mainnet-short-benchmark[1225893]: >>> making nimbus the owner of the copied files
Sep 09 22:51:44 nimbus-eth1-mainnet-short-benchmark[1225893]: <<< ending copyTemplateDatabase (success)
Sep 09 22:51:44 nimbus-eth1-mainnet-short-benchmark[1225893]: >>> starting startNimbusWithImport
Sep 09 22:51:45 nimbus-eth1-mainnet-short-benchmark[1254689]: INF 2026-09-09 22:51:45.023+00:00 Launching execution client                 version=v0.4.0-5671d785 config="(configFile: none(InputFile), dataDirFlag: some(/data/status-im/nimbus-eth1/data/shared_mainnet_0), era1DirFlag: some(/data/era1), eraDirFlag: some(/data/era), ereDirFlag: none(OutDir), keyStoreDirFlag: none(OutDir), importKey: , trustedSetupFile: none(string), extraData: Nimbus/v0.4.0-5671d785, gasLimit: none(uint64), maxBlobs: none(byte), network: [mainnet], logLevel: INFO, logFormat: auto, metricsEnabled: false, metricsPort: 9093, metricsAddress: 127.0.0.1, bootstrapNodes: [], elBootstrapNodes: [], bootstrapFile: , elBootstrapFile: , staticPeers: [], staticPeersFile: , reconnectMaxRetry: 0, reconnectInterval: 15, listenAddress: ::, tcpPort: 30303, udpPortFlag: none(Port), maxPeersOpt: none(int), elMaxPeersOpt: none(int), nat: (hasExtIp: false, nat: NatAny), discv5: true, netKey: random, agentString: Nimbus/v0.4.0-5671d785/linux-amd64/Nim-2.2.10, numThreads: 0, persistBatchSize: 4, dynamicBatchSize: false, rocksdbMaxOpenFiles: 2048, rocksdbWriteBufferSize: 67108864, rocksdbRowCacheSize: 0, rocksdbBlockCacheSize: 2147483648, rocksdbBlockCacheType: hyperclock, rdbVtxCacheSize: 536870912, rdbKeyCacheSize: 1342177280, rdbBranchCacheSize: 1073741824, rdbPrintStats: false, rewriteDatadirId: true, aristoDbMaxSnapshots: 5, parallelStateRootComputation: false, parallelSenderRecovery: true, optimisticStatePrefetch: false, balStatePrefetch: false, balStatePrefetchWorkers: 0, balParallelExecution: false, balPruning: true, eagerStateRootCheck: false, deserializeFcState: true, statelessProvider: false, statelessWitnessValidation: false, cmd: import, maxBlocks: 1000000, chunkSize: 8192, csvStats: some("/data/host-benchmarks/short/e86f9cdf0fed4c2aa1fb8052b239e0fa/blocks-import-benchmark.csv"), validation: false, fullValidation: false, storeBodies: false, storeReceipts: false, storeSlotHashes: false)"
Sep 09 22:51:45 nimbus-eth1-mainnet-short-benchmark[1254689]: WRN 2026-09-09 22:51:45.031+00:00 Data directory has insecure permissions. Correcting them. data_dir=/data/status-im/nimbus-eth1/data/shared_mainnet_0 current_permissions=0755 required_permissions=0700
Sep 09 22:51:46 nimbus-eth1-mainnet-short-benchmark[1254689]: INF 2026-09-09 22:51:46.863+00:00 Taskpool started                           numThreads=16
Sep 09 22:51:47 nimbus-eth1-mainnet-short-benchmark[1254689]: CreateIOUring failed: Invalid argument (errno=22), thread=140292333141248
Sep 09 22:51:47 nimbus-eth1-mainnet-short-benchmark[1254689]: INF 2026-09-09 22:51:47.019+00:00 Database initialized                       base="(0xd24fd73f794058a3807db926d8898c6481e902b7edb91ce0d479d6760f276183, 20000000)" finalized="(0xd24fd73f794058a3807db926d8898c6481e902b7edb91ce0d479d6760f276183, 20000000)" head="(0xd4e56740f876aef8c010b86a40d5f56745a118d0906a34e69aec8c0db1cb8fa3, 0)"
Sep 09 22:51:47 nimbus-eth1-mainnet-short-benchmark[1254689]: NTC 2026-09-09 22:51:47.019+00:00 Could not open ere database, falling back to era1/era import ereDir=/data/status-im/nimbus-eth1/data/shared_mainnet_0/ere networkName=mainnet error="No ere files found in /data/status-im/nimbus-eth1/data/shared_mainnet_0/ere"
Sep 09 22:51:47 nimbus-eth1-mainnet-short-benchmark[1254689]: NTC 2026-09-09 22:51:47.019+00:00 Importing era archive                      blockNumber=20000001 dataDir=/data/status-im/nimbus-eth1/data/shared_mainnet_0 eraDir=/data/era
Sep 09 22:51:49 nimbus-eth1-mainnet-short-benchmark[1254689]: NTC 2026-09-09 22:51:49.231+00:00 Matched block to slot number               blockNumber=20000001 slot=9204783
Sep 09 22:57:55 nimbus-eth1-mainnet-short-benchmark[1254689]: INF 2026-09-09 22:57:55.014+00:00 Imported blocks                            blockNumber=20008193 slot=9213020 blocks=8192 txs=1226966 mgas=124237 bps=22.26 tps=3334 mgps=337.6 avgBps=22.26 avgTps=3334 avgMGps=337.6 elapsed=6m7s996ms
Sep 09 23:03:18 nimbus-eth1-mainnet-short-benchmark[1254689]: INF 2026-09-09 23:03:18.229+00:00 Imported blocks                            blockNumber=20016385 slot=9221256 blocks=16384 txs=2540380 mgas=248071 bps=25.35 tps=4063 mgps=383.1 avgBps=23.70 avgTps=3675 avgMGps=358.9 elapsed=11m31s212ms
Sep 09 23:08:23 nimbus-eth1-mainnet-short-benchmark[1254689]: INF 2026-09-09 23:08:23.189+00:00 Imported blocks                            blockNumber=20024577 slot=9229485 blocks=24576 txs=3869398 mgas=372018 bps=26.86 tps=4358 mgps=406.4 avgBps=24.67 avgTps=3884 avgMGps=373.4 elapsed=16m36s171ms
Sep 09 23:12:58 nimbus-eth1-mainnet-short-benchmark[1254689]: INF 2026-09-09 23:12:58.965+00:00 Imported blocks                            blockNumber=20032769 slot=9237722 blocks=32768 txs=5222766 mgas=495797 bps=29.71 tps=4907 mgps=448.8 avgBps=25.76 avgTps=4106 avgMGps=389.8 elapsed=21m11s948ms
Sep 09 23:17:23 nimbus-eth1-mainnet-short-benchmark[1254689]: INF 2026-09-09 23:17:23.469+00:00 Imported blocks                            blockNumber=20040961 slot=9245957 blocks=40960 txs=6566802 mgas=619586 bps=30.97 tps=5081 mgps=468.0 avgBps=26.66 avgTps=4274 avgMGps=403.3 elapsed=25m36s451ms
Sep 09 23:22:08 nimbus-eth1-mainnet-short-benchmark[1254689]: INF 2026-09-09 23:22:08.737+00:00 Imported blocks                            blockNumber=20049153 slot=9254196 blocks=49152 txs=7904746 mgas=743522 bps=28.72 tps=4690 mgps=434.5 avgBps=26.98 avgTps=4339 avgMGps=408.1 elapsed=30m21s719ms
Sep 09 23:26:44 nimbus-eth1-mainnet-short-benchmark[1254689]: INF 2026-09-09 23:26:44.201+00:00 Imported blocks                            blockNumber=20057345 slot=9262435 blocks=57344 txs=9212009 mgas=867360 bps=29.74 tps=4745 mgps=449.6 avgBps=27.34 avgTps=4392 avgMGps=413.6 elapsed=34m57s183ms
Sep 09 23:30:59 nimbus-eth1-mainnet-short-benchmark[1254689]: INF 2026-09-09 23:30:59.118+00:00 Imported blocks                            blockNumber=20065537 slot=9270674 blocks=65536 txs=10559018 mgas=991371 bps=32.14 tps=5284 mgps=486.5 avgBps=27.86 avgTps=4489 avgMGps=421.5 elapsed=39m12s100ms
Sep 09 23:35:00 nimbus-eth1-mainnet-short-benchmark[1254689]: INF 2026-09-09 23:34:59.994+00:00 Imported blocks                            blockNumber=20073729 slot=9278910 blocks=73728 txs=11898676 mgas=1115111 bps=34.01 tps=5561 mgps=513.7 avgBps=28.43 avgTps=4588 avgMGps=430.1 elapsed=43m12s977ms
Sep 09 23:38:53 nimbus-eth1-mainnet-short-benchmark[1254689]: INF 2026-09-09 23:38:53.599+00:00 Imported blocks                            blockNumber=20081921 slot=9287152 blocks=81920 txs=13323263 mgas=1239150 bps=35.07 tps=6098 mgps=531.0 avgBps=28.98 avgTps=4713 avgMGps=438.4 elapsed=47m6s581ms
Sep 09 23:42:45 nimbus-eth1-mainnet-short-benchmark[1254689]: INF 2026-09-09 23:42:45.692+00:00 Imported blocks                            blockNumber=20090113 slot=9295408 blocks=90112 txs=14697082 mgas=1363113 bps=35.30 tps=5919 mgps=534.1 avgBps=29.46 avgTps=4805 avgMGps=445.7 elapsed=50m58s670ms
Sep 09 23:46:52 nimbus-eth1-mainnet-short-benchmark[1254689]: INF 2026-09-09 23:46:52.096+00:00 Imported blocks                            blockNumber=20098305 slot=9303658 blocks=98304 txs=16025683 mgas=1487146 bps=33.25 tps=5391 mgps=503.4 avgBps=29.74 avgTps=4848 avgMGps=450.0 elapsed=55m5s77ms
Sep 09 23:51:06 nimbus-eth1-mainnet-short-benchmark[1254689]: INF 2026-09-09 23:51:06.881+00:00 Imported blocks                            blockNumber=20106497 slot=9311895 blocks=106496 txs=17337157 mgas=1611066 bps=32.15 tps=5147 mgps=486.4 avgBps=29.92 avgTps=4870 avgMGps=452.6 elapsed=59m19s862ms
Sep 09 23:55:09 nimbus-eth1-mainnet-short-benchmark[1254689]: INF 2026-09-09 23:55:09.109+00:00 Imported blocks                            blockNumber=20114689 slot=9320146 blocks=114688 txs=18632097 mgas=1735123 bps=33.82 tps=5345 mgps=512.1 avgBps=30.16 avgTps=4900 avgMGps=456.4 elapsed=1h3m22s
Sep 09 23:58:59 nimbus-eth1-mainnet-short-benchmark[1254689]: INF 2026-09-09 23:58:59.226+00:00 Imported blocks                            blockNumber=20122881 slot=9328409 blocks=122880 txs=19937418 mgas=1859249 bps=35.60 tps=5672 mgps=539.4 avgBps=30.47 avgTps=4944 avgMGps=461.1 elapsed=1h7m12s
Sep 10 00:02:45 nimbus-eth1-mainnet-short-benchmark[1254689]: INF 2026-09-10 00:02:45.399+00:00 Imported blocks                            blockNumber=20131073 slot=9336660 blocks=131072 txs=21214129 mgas=1983500 bps=36.22 tps=5644 mgps=549.4 avgBps=30.78 avgTps=4981 avgMGps=465.8 elapsed=1h10m58s
Sep 10 00:06:30 nimbus-eth1-mainnet-short-benchmark[1254689]: INF 2026-09-10 00:06:30.568+00:00 Imported blocks                            blockNumber=20139265 slot=9344906 blocks=139264 txs=22579079 mgas=2107571 bps=36.38 tps=6061 mgps=551.0 avgBps=31.06 avgTps=5035 avgMGps=470.1 elapsed=1h14m43s
Sep 10 00:11:01 nimbus-eth1-mainnet-short-benchmark[1254689]: INF 2026-09-10 00:11:01.436+00:00 Imported blocks                            blockNumber=20147457 slot=9353153 blocks=147456 txs=24133322 mgas=2231686 bps=30.24 tps=5737 mgps=458.2 avgBps=31.01 avgTps=5075 avgMGps=469.4 elapsed=1h19m14s
Sep 10 00:15:22 nimbus-eth1-mainnet-short-benchmark[1254689]: INF 2026-09-10 00:15:22.176+00:00 Imported blocks                            blockNumber=20155649 slot=9361407 blocks=155648 txs=25424015 mgas=2356018 bps=31.42 tps=4950 mgps=476.8 avgBps=31.04 avgTps=5069 avgMGps=469.8 elapsed=1h23m35s
Sep 10 00:19:21 nimbus-eth1-mainnet-short-benchmark[1254689]: INF 2026-09-10 00:19:21.413+00:00 Imported blocks                            blockNumber=20163841 slot=9369652 blocks=163840 txs=26749549 mgas=2480207 bps=34.24 tps=5540 mgps=519.1 avgBps=31.18 avgTps=5090 avgMGps=472.0 elapsed=1h27m34s
Sep 10 00:23:14 nimbus-eth1-mainnet-short-benchmark[1254689]: INF 2026-09-10 00:23:14.238+00:00 Imported blocks                            blockNumber=20172033 slot=9377892 blocks=172032 txs=28105316 mgas=2604026 bps=35.19 tps=5823 mgps=531.8 avgBps=31.35 avgTps=5121 avgMGps=474.6 elapsed=1h31m27s
Sep 10 00:27:11 nimbus-eth1-mainnet-short-benchmark[1254689]: INF 2026-09-10 00:27:11.854+00:00 Imported blocks                            blockNumber=20180225 slot=9386128 blocks=180224 txs=29524405 mgas=2728170 bps=34.48 tps=5972 mgps=522.5 avgBps=31.48 avgTps=5157 avgMGps=476.5 elapsed=1h35m24s
Sep 10 00:30:54 nimbus-eth1-mainnet-short-benchmark[1254689]: INF 2026-09-10 00:30:54.383+00:00 Imported blocks                            blockNumber=20188417 slot=9394365 blocks=188416 txs=30849021 mgas=2852023 bps=36.81 tps=5952 mgps=556.6 avgBps=31.68 avgTps=5187 avgMGps=479.5 elapsed=1h39m7s
Sep 10 00:35:00 nimbus-eth1-mainnet-short-benchmark[1254689]: INF 2026-09-10 00:35:00.388+00:00 Imported blocks                            blockNumber=20196609 slot=9402602 blocks=196608 txs=32174755 mgas=2976155 bps=33.30 tps=5389 mgps=504.6 avgBps=31.74 avgTps=5195 avgMGps=480.5 elapsed=1h43m13s
Sep 10 00:39:18 nimbus-eth1-mainnet-short-benchmark[1254689]: INF 2026-09-10 00:39:18.676+00:00 Imported blocks                            blockNumber=20204801 slot=9410840 blocks=204800 txs=33475942 mgas=3100410 bps=31.72 tps=5037 mgps=481.1 avgBps=31.74 avgTps=5188 avgMGps=480.6 elapsed=1h47m31s
Sep 10 00:43:17 nimbus-eth1-mainnet-short-benchmark[1254689]: INF 2026-09-10 00:43:17.485+00:00 Imported blocks                            blockNumber=20212993 slot=9419071 blocks=212992 txs=34798508 mgas=3224370 bps=34.30 tps=5538 mgps=519.1 avgBps=31.84 avgTps=5201 avgMGps=481.9 elapsed=1h51m30s
Sep 10 00:47:11 nimbus-eth1-mainnet-short-benchmark[1254689]: INF 2026-09-10 00:47:11.322+00:00 Imported blocks                            blockNumber=20221185 slot=9427313 blocks=221184 txs=36114045 mgas=3348169 bps=35.03 tps=5625 mgps=529.4 avgBps=31.94 avgTps=5215 avgMGps=483.5 elapsed=1h55m24s
Sep 10 00:50:46 nimbus-eth1-mainnet-short-benchmark[1254689]: INF 2026-09-10 00:50:46.303+00:00 Imported blocks                            blockNumber=20229377 slot=9435549 blocks=229376 txs=37421794 mgas=3472031 bps=38.11 tps=6083 mgps=576.1 avgBps=32.13 avgTps=5241 avgMGps=486.3 elapsed=1h58m59s
Sep 10 00:54:31 nimbus-eth1-mainnet-short-benchmark[1254689]: INF 2026-09-10 00:54:31.511+00:00 Imported blocks                            blockNumber=20237569 slot=9443788 blocks=237568 txs=38842064 mgas=3596351 bps=36.38 tps=6306 mgps=552.0 avgBps=32.26 avgTps=5274 avgMGps=488.3 elapsed=2h2m44s
Sep 10 00:58:35 nimbus-eth1-mainnet-short-benchmark[1254689]: INF 2026-09-10 00:58:35.896+00:00 Imported blocks                            blockNumber=20245761 slot=9452021 blocks=245760 txs=40225739 mgas=3720100 bps=33.52 tps=5661 mgps=506.4 avgBps=32.30 avgTps=5286 avgMGps=488.9 elapsed=2h6m48s
Sep 10 01:02:54 nimbus-eth1-mainnet-short-benchmark[1254689]: INF 2026-09-10 01:02:54.468+00:00 Imported blocks                            blockNumber=20253953 slot=9460253 blocks=253952 txs=41454921 mgas=3844385 bps=31.68 tps=4753 mgps=480.6 avgBps=32.28 avgTps=5269 avgMGps=488.6 elapsed=2h11m7s
Sep 10 01:07:00 nimbus-eth1-mainnet-short-benchmark[1254689]: INF 2026-09-10 01:07:00.257+00:00 Imported blocks                            blockNumber=20262145 slot=9468495 blocks=262144 txs=42726051 mgas=3968623 bps=33.33 tps=5171 mgps=505.5 avgBps=32.31 avgTps=5266 avgMGps=489.2 elapsed=2h15m13s
Sep 10 01:10:50 nimbus-eth1-mainnet-short-benchmark[1254689]: INF 2026-09-10 01:10:50.126+00:00 Imported blocks                            blockNumber=20270337 slot=9476748 blocks=270336 txs=44050436 mgas=4092682 bps=35.64 tps=5761 mgps=539.7 avgBps=32.40 avgTps=5279 avgMGps=490.5 elapsed=2h19m3s
Sep 10 01:14:24 nimbus-eth1-mainnet-short-benchmark[1254689]: INF 2026-09-10 01:14:24.031+00:00 Imported blocks                            blockNumber=20278529 slot=9484981 blocks=278528 txs=45382368 mgas=4216487 bps=38.30 tps=6226 mgps=578.8 avgBps=32.55 avgTps=5303 avgMGps=492.8 elapsed=2h22m37s
Sep 10 01:18:03 nimbus-eth1-mainnet-short-benchmark[1254689]: INF 2026-09-10 01:18:03.748+00:00 Imported blocks                            blockNumber=20286721 slot=9493213 blocks=286720 txs=46733429 mgas=4340363 bps=37.28 tps=6149 mgps=563.8 avgBps=32.67 avgTps=5324 avgMGps=494.5 elapsed=2h26m16s
Sep 10 01:22:04 nimbus-eth1-mainnet-short-benchmark[1254689]: INF 2026-09-10 01:22:04.049+00:00 Imported blocks                            blockNumber=20294913 slot=9501453 blocks=294912 txs=48075887 mgas=4464376 bps=34.09 tps=5586 mgps=516.1 avgBps=32.71 avgTps=5331 avgMGps=495.1 elapsed=2h30m17s
Sep 10 01:26:00 nimbus-eth1-mainnet-short-benchmark[1254689]: INF 2026-09-10 01:26:00.377+00:00 Imported blocks                            blockNumber=20303105 slot=9509696 blocks=303104 txs=49379538 mgas=4588534 bps=34.66 tps=5516 mgps=525.4 avgBps=32.76 avgTps=5336 avgMGps=495.9 elapsed=2h34m13s
Sep 10 01:29:49 nimbus-eth1-mainnet-short-benchmark[1254689]: INF 2026-09-10 01:29:49.986+00:00 Imported blocks                            blockNumber=20311297 slot=9517922 blocks=311296 txs=50637672 mgas=4712596 bps=35.68 tps=5479 mgps=540.3 avgBps=32.83 avgTps=5339 avgMGps=497.0 elapsed=2h38m2s
Sep 10 01:33:30 nimbus-eth1-mainnet-short-benchmark[1254689]: INF 2026-09-10 01:33:30.687+00:00 Imported blocks                            blockNumber=20319489 slot=9526159 blocks=319488 txs=51981692 mgas=4836521 bps=37.12 tps=6089 mgps=561.5 avgBps=32.92 avgTps=5356 avgMGps=498.4 elapsed=2h41m43s
Sep 10 01:36:52 nimbus-eth1-mainnet-short-benchmark[1254689]: INF 2026-09-10 01:36:52.468+00:00 Imported blocks                            blockNumber=20327681 slot=9534381 blocks=327680 txs=53356123 mgas=4960245 bps=40.60 tps=6811 mgps=613.2 avgBps=33.08 avgTps=5386 avgMGps=500.8 elapsed=2h45m5s
Sep 10 01:40:11 nimbus-eth1-mainnet-short-benchmark[1254689]: INF 2026-09-10 01:40:11.477+00:00 Imported blocks                            blockNumber=20335873 slot=9542617 blocks=335872 txs=54719105 mgas=5084025 bps=41.16 tps=6848 mgps=622.0 avgBps=33.24 avgTps=5415 avgMGps=503.1 elapsed=2h48m24s
Sep 10 01:43:50 nimbus-eth1-mainnet-short-benchmark[1254689]: INF 2026-09-10 01:43:50.666+00:00 Imported blocks                            blockNumber=20344065 slot=9550841 blocks=344064 txs=56021853 mgas=5207843 bps=37.37 tps=5943 mgps=564.9 avgBps=33.33 avgTps=5426 avgMGps=504.5 elapsed=2h52m3s
Sep 10 01:48:00 nimbus-eth1-mainnet-short-benchmark[1254689]: INF 2026-09-10 01:48:00.067+00:00 Imported blocks                            blockNumber=20352257 slot=9559072 blocks=352256 txs=57290408 mgas=5332016 bps=32.85 tps=5086 mgps=497.9 avgBps=33.32 avgTps=5418 avgMGps=504.3 elapsed=2h56m13s
Sep 10 01:51:47 nimbus-eth1-mainnet-short-benchmark[1254689]: INF 2026-09-10 01:51:47.104+00:00 Imported blocks                            blockNumber=20360449 slot=9567308 blocks=360448 txs=58543463 mgas=5456201 bps=36.08 tps=5519 mgps=547.0 avgBps=33.37 avgTps=5420 avgMGps=505.2 elapsed=3h84ms740us
Sep 10 01:55:26 nimbus-eth1-mainnet-short-benchmark[1254689]: INF 2026-09-10 01:55:26.980+00:00 Imported blocks                            blockNumber=20368641 slot=9575548 blocks=368640 txs=59874056 mgas=5580204 bps=37.26 tps=6051 mgps=564.0 avgBps=33.45 avgTps=5433 avgMGps=506.4 elapsed=3h3m39s
Sep 10 01:59:15 nimbus-eth1-mainnet-short-benchmark[1254689]: INF 2026-09-10 01:59:15.697+00:00 Imported blocks                            blockNumber=20376833 slot=9583774 blocks=376832 txs=61167066 mgas=5704396 bps=35.82 tps=5653 mgps=543.0 avgBps=33.50 avgTps=5437 avgMGps=507.1 elapsed=3h7m28s
Sep 10 02:02:59 nimbus-eth1-mainnet-short-benchmark[1254689]: INF 2026-09-10 02:02:59.426+00:00 Imported blocks                            blockNumber=20385025 slot=9592009 blocks=385024 txs=62480333 mgas=5828235 bps=36.62 tps=5869 mgps=553.5 avgBps=33.56 avgTps=5446 avgMGps=508.0 elapsed=3h11m12s
Sep 10 02:06:41 nimbus-eth1-mainnet-short-benchmark[1254689]: INF 2026-09-10 02:06:41.175+00:00 Imported blocks                            blockNumber=20393217 slot=9600248 blocks=393216 txs=63800597 mgas=5952136 bps=36.94 tps=5953 mgps=558.7 avgBps=33.63 avgTps=5455 avgMGps=509.0 elapsed=3h14m54s
Sep 10 02:10:13 nimbus-eth1-mainnet-short-benchmark[1254689]: INF 2026-09-10 02:10:13.456+00:00 Imported blocks                            blockNumber=20401409 slot=9608486 blocks=401408 txs=65021243 mgas=6076384 bps=38.59 tps=5750 mgps=585.3 avgBps=33.71 avgTps=5461 avgMGps=510.3 elapsed=3h18m26s
Sep 10 02:14:00 nimbus-eth1-mainnet-short-benchmark[1254689]: INF 2026-09-10 02:14:00.197+00:00 Imported blocks                            blockNumber=20409601 slot=9616707 blocks=409600 txs=66199016 mgas=6200666 bps=36.13 tps=5194 mgps=548.1 avgBps=33.76 avgTps=5456 avgMGps=511.1 elapsed=3h22m13s
Sep 10 02:17:41 nimbus-eth1-mainnet-short-benchmark[1254689]: INF 2026-09-10 02:17:41.190+00:00 Imported blocks                            blockNumber=20417793 slot=9624941 blocks=417792 txs=67453930 mgas=6324823 bps=37.07 tps=5678 mgps=561.8 avgBps=33.82 avgTps=5460 avgMGps=512.0 elapsed=3h25m54s
Sep 10 02:20:56 nimbus-eth1-mainnet-short-benchmark[1254689]: INF 2026-09-10 02:20:56.735+00:00 Imported blocks                            blockNumber=20425985 slot=9633187 blocks=425984 txs=68814904 mgas=6448778 bps=41.89 tps=6959 mgps=633.9 avgBps=33.94 avgTps=5483 avgMGps=513.9 elapsed=3h29m9s
Sep 10 02:24:08 nimbus-eth1-mainnet-short-benchmark[1254689]: INF 2026-09-10 02:24:08.548+00:00 Imported blocks                            blockNumber=20434177 slot=9641422 blocks=434176 txs=70124508 mgas=6572711 bps=42.71 tps=6827 mgps=646.1 avgBps=34.08 avgTps=5503 avgMGps=515.8 elapsed=3h32m21s
Sep 10 02:27:32 nimbus-eth1-mainnet-short-benchmark[1254689]: INF 2026-09-10 02:27:32.781+00:00 Imported blocks                            blockNumber=20442369 slot=9649657 blocks=442368 txs=71403576 mgas=6696451 bps=40.11 tps=6262 mgps=605.9 avgBps=34.17 avgTps=5515 avgMGps=517.3 elapsed=3h35m45s
Sep 10 02:31:13 nimbus-eth1-mainnet-short-benchmark[1254689]: INF 2026-09-10 02:31:13.978+00:00 Imported blocks                            blockNumber=20450561 slot=9657896 blocks=450560 txs=72659905 mgas=6820521 bps=37.03 tps=5679 mgps=560.9 avgBps=34.22 avgTps=5518 avgMGps=518.0 elapsed=3h39m26s
Sep 10 02:35:16 nimbus-eth1-mainnet-short-benchmark[1254689]: INF 2026-09-10 02:35:15.999+00:00 Imported blocks                            blockNumber=20458753 slot=9666114 blocks=458752 txs=73838533 mgas=6945116 bps=33.85 tps=4869 mgps=514.8 avgBps=34.21 avgTps=5506 avgMGps=517.9 elapsed=3h43m28s
Sep 10 02:38:56 nimbus-eth1-mainnet-short-benchmark[1254689]: INF 2026-09-10 02:38:56.884+00:00 Imported blocks                            blockNumber=20466945 slot=9674343 blocks=466944 txs=75124748 mgas=7068943 bps=37.09 tps=5823 mgps=560.6 avgBps=34.26 avgTps=5511 avgMGps=518.6 elapsed=3h47m9s
Sep 10 02:42:36 nimbus-eth1-mainnet-short-benchmark[1254689]: INF 2026-09-10 02:42:36.241+00:00 Imported blocks                            blockNumber=20475137 slot=9682575 blocks=475136 txs=76420106 mgas=7192870 bps=37.34 tps=5905 mgps=564.9 avgBps=34.31 avgTps=5518 avgMGps=519.4 elapsed=3h50m49s
Sep 10 02:46:03 nimbus-eth1-mainnet-short-benchmark[1254689]: INF 2026-09-10 02:46:03.382+00:00 Imported blocks                            blockNumber=20483329 slot=9690800 blocks=483328 txs=77675422 mgas=7316939 bps=39.55 tps=6060 mgps=599.0 avgBps=34.38 avgTps=5525 avgMGps=520.5 elapsed=3h54m16s
Sep 10 02:49:29 nimbus-eth1-mainnet-short-benchmark[1254689]: INF 2026-09-10 02:49:29.479+00:00 Imported blocks                            blockNumber=20491521 slot=9699019 blocks=491520 txs=78951232 mgas=7440784 bps=39.75 tps=6190 mgps=600.9 avgBps=34.46 avgTps=5535 avgMGps=521.7 elapsed=3h57m42s
Sep 10 02:53:08 nimbus-eth1-mainnet-short-benchmark[1254689]: INF 2026-09-10 02:53:08.156+00:00 Imported blocks                            blockNumber=20499713 slot=9707248 blocks=499712 txs=80189642 mgas=7564669 bps=37.46 tps=5663 mgps=566.5 avgBps=34.51 avgTps=5537 avgMGps=522.4 elapsed=4h1m21s
Sep 10 02:56:54 nimbus-eth1-mainnet-short-benchmark[1254689]: INF 2026-09-10 02:56:54.837+00:00 Imported blocks                            blockNumber=20507905 slot=9715488 blocks=507904 txs=81317763 mgas=7689208 bps=36.14 tps=4976 mgps=549.4 avgBps=34.53 avgTps=5528 avgMGps=522.8 elapsed=4h5m7s
Sep 10 03:00:15 nimbus-eth1-mainnet-short-benchmark[1254689]: INF 2026-09-10 03:00:15.166+00:00 Imported blocks                            blockNumber=20516097 slot=9723715 blocks=516096 txs=82520262 mgas=7813209 bps=40.89 tps=6002 mgps=619.0 avgBps=34.62 avgTps=5535 avgMGps=524.1 elapsed=4h8m28s
Sep 10 03:03:47 nimbus-eth1-mainnet-short-benchmark[1254689]: INF 2026-09-10 03:03:47.159+00:00 Imported blocks                            blockNumber=20524289 slot=9731945 blocks=524288 txs=83780075 mgas=7937233 bps=38.64 tps=5942 mgps=585.0 avgBps=34.67 avgTps=5540 avgMGps=524.9 elapsed=4h12m138ms
Sep 10 03:07:25 nimbus-eth1-mainnet-short-benchmark[1254689]: INF 2026-09-10 03:07:25.308+00:00 Imported blocks                            blockNumber=20532481 slot=9740183 blocks=532480 txs=85263862 mgas=8061024 bps=37.55 tps=6801 mgps=567.5 avgBps=34.72 avgTps=5558 avgMGps=525.5 elapsed=4h15m38s
Sep 10 03:11:07 nimbus-eth1-mainnet-short-benchmark[1254689]: INF 2026-09-10 03:11:07.693+00:00 Imported blocks                            blockNumber=20540673 slot=9748418 blocks=540672 txs=86612143 mgas=8185090 bps=36.84 tps=6062 mgps=557.9 avgBps=34.75 avgTps=5566 avgMGps=526.0 elapsed=4h19m20s
Sep 10 03:14:56 nimbus-eth1-mainnet-short-benchmark[1254689]: INF 2026-09-10 03:14:56.221+00:00 Imported blocks                            blockNumber=20548865 slot=9756662 blocks=548864 txs=87802991 mgas=8309513 bps=35.85 tps=5210 mgps=544.5 avgBps=34.76 avgTps=5560 avgMGps=526.3 elapsed=4h23m9s
Sep 10 03:18:42 nimbus-eth1-mainnet-short-benchmark[1254689]: INF 2026-09-10 03:18:42.094+00:00 Imported blocks                            blockNumber=20557057 slot=9764892 blocks=557056 txs=88964987 mgas=8433956 bps=36.27 tps=5144 mgps=550.9 avgBps=34.78 avgTps=5555 avgMGps=526.6 elapsed=4h26m55s
Sep 10 03:22:18 nimbus-eth1-mainnet-short-benchmark[1254689]: INF 2026-09-10 03:22:18.511+00:00 Imported blocks                            blockNumber=20565249 slot=9773131 blocks=565248 txs=90186094 mgas=8558113 bps=37.85 tps=5642 mgps=573.7 avgBps=34.82 avgTps=5556 avgMGps=527.3 elapsed=4h30m31s
Sep 10 03:25:55 nimbus-eth1-mainnet-short-benchmark[1254689]: INF 2026-09-10 03:25:55.736+00:00 Imported blocks                            blockNumber=20573441 slot=9781369 blocks=573440 txs=91404654 mgas=8682228 bps=37.71 tps=5609 mgps=571.4 avgBps=34.86 avgTps=5556 avgMGps=527.8 elapsed=4h34m8s
Sep 10 03:29:27 nimbus-eth1-mainnet-short-benchmark[1254689]: INF 2026-09-10 03:29:27.421+00:00 Imported blocks                            blockNumber=20581633 slot=9789611 blocks=581632 txs=92628389 mgas=8806651 bps=38.70 tps=5780 mgps=587.8 avgBps=34.91 avgTps=5559 avgMGps=528.6 elapsed=4h37m40s
Sep 10 03:33:06 nimbus-eth1-mainnet-short-benchmark[1254689]: INF 2026-09-10 03:33:06.926+00:00 Imported blocks                            blockNumber=20589825 slot=9797855 blocks=589824 txs=93887208 mgas=8931023 bps=37.32 tps=5734 mgps=566.6 avgBps=34.94 avgTps=5562 avgMGps=529.1 elapsed=4h41m19s
Sep 10 03:36:50 nimbus-eth1-mainnet-short-benchmark[1254689]: INF 2026-09-10 03:36:50.427+00:00 Imported blocks                            blockNumber=20598017 slot=9806095 blocks=598016 txs=95163338 mgas=9055310 bps=36.65 tps=5709 mgps=556.1 avgBps=34.96 avgTps=5563 avgMGps=529.4 elapsed=4h45m3s
Sep 10 03:40:34 nimbus-eth1-mainnet-short-benchmark[1254689]: INF 2026-09-10 03:40:34.708+00:00 Imported blocks                            blockNumber=20606209 slot=9814347 blocks=606208 txs=96334664 mgas=9179976 bps=36.53 tps=5222 mgps=555.9 avgBps=34.98 avgTps=5559 avgMGps=529.8 elapsed=4h48m47s
Sep 10 03:44:08 nimbus-eth1-mainnet-short-benchmark[1254689]: INF 2026-09-10 03:44:08.361+00:00 Imported blocks                            blockNumber=20614401 slot=9822581 blocks=614400 txs=97573414 mgas=9304574 bps=38.34 tps=5797 mgps=583.2 avgBps=35.03 avgTps=5562 avgMGps=530.4 elapsed=4h52m21s
Sep 10 03:47:43 nimbus-eth1-mainnet-short-benchmark[1254689]: INF 2026-09-10 03:47:43.942+00:00 Imported blocks                            blockNumber=20622593 slot=9830821 blocks=622592 txs=98874772 mgas=9428835 bps=38.00 tps=6036 mgps=576.4 avgBps=35.06 avgTps=5568 avgMGps=531.0 elapsed=4h55m56s
Sep 10 03:51:13 nimbus-eth1-mainnet-short-benchmark[1254689]: INF 2026-09-10 03:51:13.311+00:00 Imported blocks                            blockNumber=20630785 slot=9839058 blocks=630784 txs=100178707 mgas=9553009 bps=39.13 tps=6227 mgps=593.1 avgBps=35.11 avgTps=5575 avgMGps=531.7 elapsed=4h59m26s
Sep 10 03:54:51 nimbus-eth1-mainnet-short-benchmark[1254689]: INF 2026-09-10 03:54:51.676+00:00 Imported blocks                            blockNumber=20638977 slot=9847313 blocks=638976 txs=101489116 mgas=9677171 bps=37.52 tps=6001 mgps=568.6 avgBps=35.14 avgTps=5581 avgMGps=532.2 elapsed=5h3m4s
Sep 10 03:58:26 nimbus-eth1-mainnet-short-benchmark[1254689]: INF 2026-09-10 03:58:26.385+00:00 Imported blocks                            blockNumber=20647169 slot=9855549 blocks=647168 txs=102730058 mgas=9801643 bps=38.15 tps=5779 mgps=579.7 avgBps=35.17 avgTps=5583 avgMGps=532.7 elapsed=5h6m39s
Sep 10 04:02:15 nimbus-eth1-mainnet-short-benchmark[1254689]: INF 2026-09-10 04:02:15.289+00:00 Imported blocks                            blockNumber=20655361 slot=9863778 blocks=655360 txs=103868002 mgas=9926541 bps=35.79 tps=4971 mgps=545.6 avgBps=35.18 avgTps=5575 avgMGps=532.9 elapsed=5h10m28s
Sep 10 04:05:47 nimbus-eth1-mainnet-short-benchmark[1254689]: INF 2026-09-10 04:05:47.562+00:00 Imported blocks                            blockNumber=20663553 slot=9872013 blocks=663552 txs=105112198 mgas=10051274 bps=38.59 tps=5861 mgps=587.6 avgBps=35.22 avgTps=5579 avgMGps=533.5 elapsed=5h14m542ms
Sep 10 04:09:09 nimbus-eth1-mainnet-short-benchmark[1254689]: INF 2026-09-10 04:09:09.308+00:00 Imported blocks                            blockNumber=20671745 slot=9880241 blocks=671744 txs=106395904 mgas=10175177 bps=40.61 tps=6362 mgps=614.2 avgBps=35.28 avgTps=5587 avgMGps=534.3 elapsed=5h17m22s
Sep 10 04:12:35 nimbus-eth1-mainnet-short-benchmark[1254689]: INF 2026-09-10 04:12:35.493+00:00 Imported blocks                            blockNumber=20679937 slot=9888471 blocks=679936 txs=107674271 mgas=10299404 bps=39.73 tps=6200 mgps=602.5 avgBps=35.32 avgTps=5593 avgMGps=535.1 elapsed=5h20m48s
Sep 10 04:15:53 nimbus-eth1-mainnet-short-benchmark[1254689]: INF 2026-09-10 04:15:53.706+00:00 Imported blocks                            blockNumber=20688129 slot=9896698 blocks=688128 txs=108938536 mgas=10423298 bps=41.33 tps=6378 mgps=625.1 avgBps=35.39 avgTps=5601 avgMGps=536.0 elapsed=5h24m6s
Sep 10 04:19:24 nimbus-eth1-mainnet-short-benchmark[1254689]: INF 2026-09-10 04:19:24.435+00:00 Imported blocks                            blockNumber=20696321 slot=9904930 blocks=696320 txs=110235786 mgas=10547469 bps=38.88 tps=6156 mgps=589.3 avgBps=35.42 avgTps=5607 avgMGps=536.6 elapsed=5h27m37s
Sep 10 04:23:12 nimbus-eth1-mainnet-short-benchmark[1254689]: INF 2026-09-10 04:23:12.916+00:00 Imported blocks                            blockNumber=20704513 slot=9913154 blocks=704512 txs=111483759 mgas=10671677 bps=35.85 tps=5462 mgps=543.6 avgBps=35.43 avgTps=5606 avgMGps=536.6 elapsed=5h31m25s
Sep 10 04:26:45 nimbus-eth1-mainnet-short-benchmark[1254689]: INF 2026-09-10 04:26:45.469+00:00 Imported blocks                            blockNumber=20712705 slot=9921388 blocks=712704 txs=112764170 mgas=10795980 bps=38.54 tps=6023 mgps=584.8 avgBps=35.46 avgTps=5610 avgMGps=537.2 elapsed=5h34m58s
Sep 10 04:30:05 nimbus-eth1-mainnet-short-benchmark[1254689]: INF 2026-09-10 04:30:05.062+00:00 Imported blocks                            blockNumber=20720897 slot=9929633 blocks=720896 txs=114110517 mgas=10919926 bps=41.04 tps=6745 mgps=621.0 avgBps=35.52 avgTps=5621 avgMGps=538.0 elapsed=5h38m18s
Sep 10 04:33:33 nimbus-eth1-mainnet-short-benchmark[1254689]: INF 2026-09-10 04:33:33.279+00:00 Imported blocks                            blockNumber=20729089 slot=9937869 blocks=729088 txs=115449431 mgas=11043768 bps=39.34 tps=6430 mgps=594.8 avgBps=35.55 avgTps=5629 avgMGps=538.6 elapsed=5h41m46s
Sep 10 04:36:51 nimbus-eth1-mainnet-short-benchmark[1254689]: INF 2026-09-10 04:36:51.080+00:00 Imported blocks                            blockNumber=20737281 slot=9946108 blocks=737280 txs=116784468 mgas=11167784 bps=41.42 tps=6749 mgps=627.0 avgBps=35.61 avgTps=5640 avgMGps=539.4 elapsed=5h45m4s
Sep 10 04:40:18 nimbus-eth1-mainnet-short-benchmark[1254689]: INF 2026-09-10 04:40:18.937+00:00 Imported blocks                            blockNumber=20745473 slot=9954342 blocks=745472 txs=118101003 mgas=11291742 bps=39.41 tps=6333 mgps=596.4 avgBps=35.65 avgTps=5647 avgMGps=540.0 elapsed=5h48m31s
Sep 10 04:44:03 nimbus-eth1-mainnet-short-benchmark[1254689]: INF 2026-09-10 04:44:03.530+00:00 Imported blocks                            blockNumber=20753665 slot=9962581 blocks=753664 txs=119337525 mgas=11415859 bps=36.48 tps=5505 mgps=552.6 avgBps=35.66 avgTps=5646 avgMGps=540.1 elapsed=5h52m16s
Sep 10 04:47:37 nimbus-eth1-mainnet-short-benchmark[1254689]: INF 2026-09-10 04:47:37.159+00:00 Imported blocks                            blockNumber=20761857 slot=9970803 blocks=761856 txs=120564314 mgas=11540225 bps=38.35 tps=5742 mgps=582.2 avgBps=35.68 avgTps=5647 avgMGps=540.5 elapsed=5h55m50s
Sep 10 04:50:58 nimbus-eth1-mainnet-short-benchmark[1254689]: INF 2026-09-10 04:50:58.012+00:00 Imported blocks                            blockNumber=20770049 slot=9979058 blocks=770048 txs=121858083 mgas=11663918 bps=40.79 tps=6441 mgps=615.8 avgBps=35.73 avgTps=5654 avgMGps=541.2 elapsed=5h59m10s
Sep 10 04:54:08 nimbus-eth1-mainnet-short-benchmark[1254689]: INF 2026-09-10 04:54:08.946+00:00 Imported blocks                            blockNumber=20778241 slot=9987307 blocks=778240 txs=123161734 mgas=11787906 bps=42.91 tps=6827 mgps=649.4 avgBps=35.79 avgTps=5664 avgMGps=542.2 elapsed=6h2m21s
Sep 10 04:57:15 nimbus-eth1-mainnet-short-benchmark[1254689]: INF 2026-09-10 04:57:15.039+00:00 Imported blocks                            blockNumber=20786433 slot=9995542 blocks=786432 txs=124509456 mgas=11911612 bps=44.02 tps=7242 mgps=664.8 avgBps=35.86 avgTps=5678 avgMGps=543.2 elapsed=6h5m28s
Sep 10 05:00:26 nimbus-eth1-mainnet-short-benchmark[1254689]: INF 2026-09-10 05:00:26.944+00:00 Imported blocks                            blockNumber=20794625 slot=10003781 blocks=794624 txs=125848921 mgas=12035338 bps=42.69 tps=6979 mgps=644.7 avgBps=35.92 avgTps=5689 avgMGps=544.1 elapsed=6h8m39s
Sep 10 05:03:44 nimbus-eth1-mainnet-short-benchmark[1254689]: INF 2026-09-10 05:03:44.225+00:00 Imported blocks                            blockNumber=20802817 slot=10012028 blocks=802816 txs=127089868 mgas=12158989 bps=41.52 tps=6290 mgps=626.8 avgBps=35.97 avgTps=5694 avgMGps=544.8 elapsed=6h11m57s
Sep 10 05:07:08 nimbus-eth1-mainnet-short-benchmark[1254689]: INF 2026-09-10 05:07:08.539+00:00 Imported blocks                            blockNumber=20811009 slot=10020249 blocks=811008 txs=128299762 mgas=12282850 bps=40.10 tps=5921 mgps=606.2 avgBps=36.01 avgTps=5696 avgMGps=545.4 elapsed=6h15m21s
Sep 10 05:10:19 nimbus-eth1-mainnet-short-benchmark[1254689]: INF 2026-09-10 05:10:19.132+00:00 Imported blocks                            blockNumber=20819201 slot=10028481 blocks=819200 txs=129596319 mgas=12406594 bps=42.98 tps=6802 mgps=649.3 avgBps=36.07 avgTps=5706 avgMGps=546.3 elapsed=6h18m32s
Sep 10 05:13:29 nimbus-eth1-mainnet-short-benchmark[1254689]: INF 2026-09-10 05:13:29.321+00:00 Imported blocks                            blockNumber=20827393 slot=10036710 blocks=827392 txs=130916729 mgas=12530249 bps=43.07 tps=6942 mgps=650.2 avgBps=36.13 avgTps=5716 avgMGps=547.1 elapsed=6h21m42s
Sep 10 05:16:40 nimbus-eth1-mainnet-short-benchmark[1254689]: INF 2026-09-10 05:16:40.730+00:00 Imported blocks                            blockNumber=20835585 slot=10044938 blocks=835584 txs=132226625 mgas=12654070 bps=42.80 tps=6843 mgps=646.9 avgBps=36.18 avgTps=5725 avgMGps=547.9 elapsed=6h24m53s
Sep 10 05:20:05 nimbus-eth1-mainnet-short-benchmark[1254689]: INF 2026-09-10 05:20:05.132+00:00 Imported blocks                            blockNumber=20843777 slot=10053164 blocks=843776 txs=133604192 mgas=12777730 bps=40.08 tps=6739 mgps=605.0 avgBps=36.22 avgTps=5734 avgMGps=548.4 elapsed=6h28m18s
Sep 10 05:23:53 nimbus-eth1-mainnet-short-benchmark[1254689]: INF 2026-09-10 05:23:53.292+00:00 Imported blocks                            blockNumber=20851969 slot=10061391 blocks=851968 txs=134900706 mgas=12901664 bps=35.90 tps=5682 mgps=543.2 avgBps=36.21 avgTps=5734 avgMGps=548.4 elapsed=6h32m6s
Sep 10 05:27:30 nimbus-eth1-mainnet-short-benchmark[1254689]: INF 2026-09-10 05:27:30.341+00:00 Imported blocks                            blockNumber=20860161 slot=10069622 blocks=860160 txs=136168750 mgas=13025603 bps=37.74 tps=5842 mgps=571.0 avgBps=36.23 avgTps=5735 avgMGps=548.6 elapsed=6h35m43s
Sep 10 05:31:03 nimbus-eth1-mainnet-short-benchmark[1254689]: INF 2026-09-10 05:31:03.750+00:00 Imported blocks                            blockNumber=20868353 slot=10077838 blocks=868352 txs=137550724 mgas=13149742 bps=38.39 tps=6475 mgps=581.7 avgBps=36.25 avgTps=5741 avgMGps=548.9 elapsed=6h39m16s
Sep 10 05:34:36 nimbus-eth1-mainnet-short-benchmark[1254689]: INF 2026-09-10 05:34:36.523+00:00 Imported blocks                            blockNumber=20876545 slot=10086066 blocks=876544 txs=138954673 mgas=13273457 bps=38.50 tps=6598 mgps=581.4 avgBps=36.27 avgTps=5749 avgMGps=549.2 elapsed=6h42m49s
Sep 10 05:38:02 nimbus-eth1-mainnet-short-benchmark[1254689]: INF 2026-09-10 05:38:02.840+00:00 Imported blocks                            blockNumber=20884737 slot=10094286 blocks=884736 txs=140256178 mgas=13397479 bps=39.71 tps=6308 mgps=601.1 avgBps=36.30 avgTps=5753 avgMGps=549.6 elapsed=6h46m15s
Sep 10 05:41:24 nimbus-eth1-mainnet-short-benchmark[1254689]: INF 2026-09-10 05:41:24.322+00:00 Imported blocks                            blockNumber=20892929 slot=10102512 blocks=892928 txs=141581868 mgas=13521575 bps=40.66 tps=6579 mgps=615.9 avgBps=36.33 avgTps=5760 avgMGps=550.2 elapsed=6h49m37s
Sep 10 05:44:48 nimbus-eth1-mainnet-short-benchmark[1254689]: INF 2026-09-10 05:44:48.487+00:00 Imported blocks                            blockNumber=20901121 slot=10110732 blocks=901120 txs=142875889 mgas=13645572 bps=40.13 tps=6338 mgps=607.3 avgBps=36.36 avgTps=5765 avgMGps=550.6 elapsed=6h53m1s
Sep 10 05:48:09 nimbus-eth1-mainnet-short-benchmark[1254689]: INF 2026-09-10 05:48:09.764+00:00 Imported blocks                            blockNumber=20909313 slot=10118953 blocks=909312 txs=144102308 mgas=13769390 bps=40.70 tps=6093 mgps=615.2 avgBps=36.40 avgTps=5768 avgMGps=551.2 elapsed=6h56m22s
Sep 10 05:51:26 nimbus-eth1-mainnet-short-benchmark[1254689]: INF 2026-09-10 05:51:26.569+00:00 Imported blocks                            blockNumber=20917505 slot=10127176 blocks=917504 txs=145406349 mgas=13893087 bps=41.62 tps=6625 mgps=628.5 avgBps=36.44 avgTps=5774 avgMGps=551.8 elapsed=6h59m39s
Sep 10 05:54:33 nimbus-eth1-mainnet-short-benchmark[1254689]: INF 2026-09-10 05:54:33.062+00:00 Imported blocks                            blockNumber=20925697 slot=10135394 blocks=925696 txs=146718394 mgas=14016820 bps=43.93 tps=7035 mgps=663.5 avgBps=36.49 avgTps=5784 avgMGps=552.6 elapsed=7h2m46s
Sep 10 05:57:54 nimbus-eth1-mainnet-short-benchmark[1254689]: INF 2026-09-10 05:57:54.912+00:00 Imported blocks                            blockNumber=20933889 slot=10143614 blocks=933888 txs=148049109 mgas=14140625 bps=40.58 tps=6592 mgps=613.3 avgBps=36.53 avgTps=5790 avgMGps=553.1 elapsed=7h6m7s
Sep 10 06:01:10 nimbus-eth1-mainnet-short-benchmark[1254689]: INF 2026-09-10 06:01:10.345+00:00 Imported blocks                            blockNumber=20942081 slot=10151840 blocks=942080 txs=149397364 mgas=14264352 bps=41.92 tps=6898 mgps=633.1 avgBps=36.57 avgTps=5798 avgMGps=553.7 elapsed=7h9m23s
Sep 10 06:04:29 nimbus-eth1-mainnet-short-benchmark[1254689]: INF 2026-09-10 06:04:29.958+00:00 Imported blocks                            blockNumber=20950273 slot=10160098 blocks=950272 txs=150765507 mgas=14388237 bps=41.04 tps=6854 mgps=620.6 avgBps=36.60 avgTps=5806 avgMGps=554.2 elapsed=7h12m42s
Sep 10 06:08:01 nimbus-eth1-mainnet-short-benchmark[1254689]: INF 2026-09-10 06:08:01.899+00:00 Imported blocks                            blockNumber=20958465 slot=10168363 blocks=958464 txs=152044771 mgas=14511987 bps=38.65 tps=6035 mgps=583.9 avgBps=36.62 avgTps=5808 avgMGps=554.4 elapsed=7h16m14s
Sep 10 06:11:25 nimbus-eth1-mainnet-short-benchmark[1254689]: INF 2026-09-10 06:11:25.568+00:00 Imported blocks                            blockNumber=20966657 slot=10176609 blocks=966656 txs=153365296 mgas=14635804 bps=40.22 tps=6483 mgps=607.9 avgBps=36.65 avgTps=5814 avgMGps=554.8 elapsed=7h19m38s
Sep 10 06:14:48 nimbus-eth1-mainnet-short-benchmark[1254689]: INF 2026-09-10 06:14:48.689+00:00 Imported blocks                            blockNumber=20974849 slot=10184849 blocks=974848 txs=154744917 mgas=14759580 bps=40.33 tps=6792 mgps=609.4 avgBps=36.67 avgTps=5821 avgMGps=555.3 elapsed=7h23m1s
Sep 10 06:18:16 nimbus-eth1-mainnet-short-benchmark[1254689]: INF 2026-09-10 06:18:16.050+00:00 Imported blocks                            blockNumber=20983041 slot=10193086 blocks=983040 txs=156055229 mgas=14883451 bps=39.51 tps=6318 mgps=597.4 avgBps=36.70 avgTps=5825 avgMGps=555.6 elapsed=7h26m29s
Sep 10 06:21:20 nimbus-eth1-mainnet-short-benchmark[1254689]: INF 2026-09-10 06:21:20.276+00:00 Imported blocks                            blockNumber=20991233 slot=10201319 blocks=991232 txs=157563202 mgas=15007557 bps=44.47 tps=8185 mgps=673.7 avgBps=36.75 avgTps=5841 avgMGps=556.4 elapsed=7h29m33s
Sep 10 06:24:53 nimbus-eth1-mainnet-short-benchmark[1254689]: INF 2026-09-10 06:24:53.125+00:00 Imported blocks                            blockNumber=20999425 slot=10209549 blocks=999424 txs=159003277 mgas=15131383 bps=38.49 tps=6765 mgps=581.8 avgBps=36.76 avgTps=5848 avgMGps=556.6 elapsed=7h33m6s
Sep 10 06:25:08 nimbus-eth1-mainnet-short-benchmark[1254689]: INF 2026-09-10 06:25:08.517+00:00 Imported blocks                            blockNumber=21000001 slot=10210128 blocks=1000000 txs=159109486 mgas=15140191 bps=37.42 tps=6900 mgps=572.2 avgBps=36.76 avgTps=5849 avgMGps=556.6 elapsed=7h33m21s
Sep 10 06:25:08 nimbus-eth1-mainnet-short-benchmark[1254689]: NTC 2026-09-10 06:25:08.517+00:00 Import complete                            blockNumber=21000001 slot=10210128 blocks=1000000 txs=159109486 mgas=15140191
Sep 10 06:25:09 nimbus-eth1-mainnet-short-benchmark[1225893]: <<< ending startNimbusWithImport (success)
Sep 10 06:25:09 nimbus-eth1-mainnet-short-benchmark[1225893]: >>> starting moveBenchmarkingFileToRepo
Sep 10 06:25:09 nimbus-eth1-mainnet-short-benchmark[1225893]: >>> copying debug-csv generated by nimbus to benchmarks repo
Sep 10 06:25:09 nimbus-eth1-mainnet-short-benchmark[1225893]: <<< ending moveBenchmarkingFileToRepo (success)
Sep 10 06:25:09 nimbus-eth1-mainnet-short-benchmark[1225893]: >>> starting generateBuildEnvironmentLogFile
Sep 10 06:25:18 nimbus-eth1-mainnet-short-benchmark[1225893]: <<< ending generateBuildEnvironmentLogFile (success)
Sep 10 06:25:18 nimbus-eth1-mainnet-short-benchmark[1225893]: >>> starting generateSystemdServiceLogs
