=== System Information Report ===
>>> Generated on: Fri Sep  4 03:53:58 AM UTC 2026
==========================
>>> CPU Architecture: x86_64
>>> CPU Byte Order: Little Endian
>>> CPU Cores: 16
>>> CPU Model: AMD Ryzen 7 PRO 8700GE w/ Radeon 780M Graphics
>>> CPU Cache Information:
L1d Cache: 256 KiB (8 instances)
L1i Cache: 256 KiB (8 instances)
L2 Cache: 8 MiB (8 instances)
L3 Cache: 16 MiB (1 instance)
>>> RAM Size: 61Gi
>>> Hard Disk Information:
/dev/md2 : 437G total, 199G free
/dev/md1 : 989M total, 690M free
/dev/nvme0n1p1 : 256M total, 256M free
/dev/nvme1n1 : 1.9T total, 487G free
==========================
=== Nimbus-ETH1 Benchmarking Report ===
>>> Total time spent in benchmarking (nanoseconds): 27177764866409
>>> Total time spent in benchmarking (human readable format): 7 hours 32 minutes 57 seconds
>>> Start block number is 20000001
>>> End block number is 21000001
==========================
=== Comparison of last two benchmarks ===
sort: write failed: 'standard output': Broken pipe
sort: write error
sort: write failed: 'standard output': Broken pipe
sort: write error
python /data/status-im/nimbus-eth1/scripts/block-import-stats.py /data/status-im/nimbus-eth1-benchmarks/short-benchmark/20260903T122738_e3c7ae3d/blocks-import-benchmark.csv /data/status-im/nimbus-eth1-benchmarks/short-benchmark/20260903T201205_7365dc1d/blocks-import-benchmark.csv
blocks-import-benchmark.csv vs blocks-import-benchmark.csv
                      bps_x  bps_y     tps_x     tps_y  time_x  time_y    bpsd    tpsd   timed
block_number                                                                                  
(20000001, 20111112]  30.46  30.47  4,973.73  4,974.95  59m13s  59m14s  -0.00%  -0.00%   0.00%
(20111112, 20222223]  34.24  34.33  5,600.10  5,614.45   56m0s  55m51s   0.25%   0.25%  -0.24%
(20222223, 20333334]  35.91  35.99  5,820.74  5,834.34  49m36s  49m31s   0.21%   0.21%  -0.21%
(20333334, 20444445]  37.86  37.99  5,965.50  5,985.08  50m42s  50m33s   0.31%   0.31%  -0.31%
(20444445, 20555556]  37.48  37.47  5,775.17  5,774.58  47m27s  47m28s  -0.03%  -0.03%   0.03%
(20555556, 20666667]  37.62  37.55  5,681.56  5,670.14  50m50s  50m57s  -0.20%  -0.20%   0.21%
(20666667, 20777778]  39.42  39.40  6,203.62  6,200.35   45m6s   45m7s  -0.05%  -0.05%   0.05%
(20777778, 20888889]  40.64  40.70  6,519.34  6,528.24  47m12s   47m8s   0.14%   0.14%  -0.14%
(20888889, 21000001]  40.84  40.65  6,732.64  6,700.34  46m52s   47m4s  -0.48%  -0.48%   0.48%

blocks: 991808, baseline: 7h33m2s, contender: 7h32m57s
Time (total): -4s, -0.02%

bpsd = blocks per sec diff (+), tpsd = txs per sec diff, timed = time to process diff (-)
+ = more is better, - = less is better
==========================
