=== System Information Report ===
>>> Generated on: Mon Aug 24 09:04:24 PM UTC 2026
==========================
>>> CPU Architecture: x86_64
>>> CPU Byte Order: Little Endian
>>> CPU Cores: 16
>>> CPU Model: AMD Ryzen 7 PRO 8700GE w/ Radeon 780M Graphics
>>> CPU Cache Information:
L1d Cache: 256 KiB (8 instances)
L1i Cache: 256 KiB (8 instances)
L2 Cache: 8 MiB (8 instances)
L3 Cache: 16 MiB (1 instance)
>>> RAM Size: 61Gi
>>> Hard Disk Information:
/dev/md2 : 437G total, 199G free
/dev/md1 : 989M total, 690M free
/dev/nvme0n1p1 : 256M total, 256M free
/dev/nvme1n1 : 1.9T total, 486G free
==========================
=== Nimbus-ETH1 Benchmarking Report ===
>>> Total time spent in benchmarking (nanoseconds): 28344505871701
>>> Total time spent in benchmarking (human readable format): 7 hours 52 minutes 24 seconds
>>> Start block number is 20000001
>>> End block number is 21000001
==========================
=== Comparison of last two benchmarks ===
sort: write failed: 'standard output': Broken pipe
sort: write error
sort: write failed: 'standard output': Broken pipe
sort: write error
python /data/status-im/nimbus-eth1/scripts/block-import-stats.py /data/status-im/nimbus-eth1-benchmarks/short-benchmark/20260824T045017_2ed51252/blocks-import-benchmark.csv /data/status-im/nimbus-eth1-benchmarks/short-benchmark/20260824T125935_bdd25396/blocks-import-benchmark.csv
blocks-import-benchmark.csv vs blocks-import-benchmark.csv
                      bps_x  bps_y     tps_x     tps_y   time_x   time_y   bpsd   tpsd   timed
block_number                                                                                  
(20000001, 20111112]  29.18  29.27  4,764.53  4,779.05  1h1m47s  1h1m36s  0.30%  0.30%  -0.28%
(20111112, 20222223]  32.72  32.89  5,351.46  5,380.20   58m35s   58m16s  0.53%  0.53%  -0.52%
(20222223, 20333334]  34.37  34.59  5,571.96  5,606.16   51m50s   51m31s  0.63%  0.63%  -0.62%
(20333334, 20444445]  36.17  36.44  5,699.56  5,741.43    53m5s   52m42s  0.73%  0.73%  -0.72%
(20444445, 20555556]  35.72  35.90  5,505.41  5,533.54   49m48s   49m33s  0.51%  0.51%  -0.50%
(20555556, 20666667]  35.72  36.01  5,394.04  5,438.82   53m33s    53m7s  0.82%  0.82%  -0.81%
(20666667, 20777778]  37.47  37.59  5,897.30  5,915.25   47m27s   47m18s  0.31%  0.31%  -0.30%
(20777778, 20888889]  38.78  38.97  6,221.42  6,251.64   49m27s   49m11s  0.50%  0.50%  -0.50%
(20888889, 21000001]  38.83  39.00  6,402.43  6,428.74   49m17s    49m5s  0.42%  0.42%  -0.41%

blocks: 991808, baseline: 7h54m52s, contender: 7h52m24s
Time (total): -2m27s, -0.52%

bpsd = blocks per sec diff (+), tpsd = txs per sec diff, timed = time to process diff (-)
+ = more is better, - = less is better
==========================
