=== System Information Report ===
>>> Generated on: Mon Aug 31 10:08:55 PM UTC 2026
==========================
>>> CPU Architecture: x86_64
>>> CPU Byte Order: Little Endian
>>> CPU Cores: 16
>>> CPU Model: AMD Ryzen 7 PRO 8700GE w/ Radeon 780M Graphics
>>> CPU Cache Information:
L1d Cache: 256 KiB (8 instances)
L1i Cache: 256 KiB (8 instances)
L2 Cache: 8 MiB (8 instances)
L3 Cache: 16 MiB (1 instance)
>>> RAM Size: 61Gi
>>> Hard Disk Information:
/dev/md2 : 437G total, 199G free
/dev/md1 : 989M total, 690M free
/dev/nvme0n1p1 : 256M total, 256M free
/dev/nvme1n1 : 1.9T total, 486G free
==========================
=== Nimbus-ETH1 Benchmarking Report ===
>>> Total time spent in benchmarking (nanoseconds): 27012022100122
>>> Total time spent in benchmarking (human readable format): 7 hours 30 minutes 12 seconds
>>> Start block number is 20000001
>>> End block number is 21000001
==========================
=== Comparison of last two benchmarks ===
sort: write failed: 'standard output': Broken pipe
sort: write error
sort: write failed: 'standard output': Broken pipe
sort: write error
python /data/status-im/nimbus-eth1/scripts/block-import-stats.py /data/status-im/nimbus-eth1-benchmarks/short-benchmark/20260831T064033_618b0e54/blocks-import-benchmark.csv /data/status-im/nimbus-eth1-benchmarks/short-benchmark/20260831T142610_3498b6a2/blocks-import-benchmark.csv
blocks-import-benchmark.csv vs blocks-import-benchmark.csv
                      bps_x  bps_y     tps_x     tps_y  time_x  time_y    bpsd    tpsd   timed
block_number                                                                                  
(20000001, 20111112]  30.58  30.54  4,994.64  4,986.66   59m0s  58m59s  -0.04%  -0.04%   0.07%
(20111112, 20222223]  34.43  34.32  5,630.88  5,613.14  55m41s  55m51s  -0.31%  -0.31%   0.31%
(20222223, 20333334]  36.34  36.24  5,889.93  5,873.60   49m3s  49m10s  -0.27%  -0.27%   0.27%
(20333334, 20444445]  38.19  38.27  6,017.82  6,029.81  50m16s  50m11s   0.19%   0.19%  -0.18%
(20444445, 20555556]  37.62  37.73  5,797.64  5,814.04  47m17s   47m9s   0.28%   0.28%  -0.28%
(20555556, 20666667]  37.80  37.86  5,709.03  5,717.12  50m36s  50m31s   0.14%   0.14%  -0.14%
(20666667, 20777778]  39.67  39.76  6,242.36  6,255.87  44m49s  44m43s   0.22%   0.22%  -0.22%
(20777778, 20888889]  40.95  40.97  6,569.41  6,571.87  46m49s  46m49s   0.04%   0.04%  -0.03%
(20888889, 21000001]  40.78  40.93  6,722.20  6,746.15  46m54s  46m45s   0.36%   0.36%  -0.36%

blocks: 991808, baseline: 7h30m28s, contender: 7h30m12s
Time (total): -16s, -0.06%

bpsd = blocks per sec diff (+), tpsd = txs per sec diff, timed = time to process diff (-)
+ = more is better, - = less is better
==========================
