=== System Information Report ===
>>> Generated on: Thu Aug 27 01:47:58 PM UTC 2026
==========================
>>> CPU Architecture: x86_64
>>> CPU Byte Order: Little Endian
>>> CPU Cores: 16
>>> CPU Model: AMD Ryzen 7 PRO 8700GE w/ Radeon 780M Graphics
>>> CPU Cache Information:
L1d Cache: 256 KiB (8 instances)
L1i Cache: 256 KiB (8 instances)
L2 Cache: 8 MiB (8 instances)
L3 Cache: 16 MiB (1 instance)
>>> RAM Size: 61Gi
>>> Hard Disk Information:
/dev/md2 : 437G total, 199G free
/dev/md1 : 989M total, 690M free
/dev/nvme0n1p1 : 256M total, 256M free
/dev/nvme1n1 : 1.9T total, 486G free
==========================
=== Nimbus-ETH1 Benchmarking Report ===
>>> Total time spent in benchmarking (nanoseconds): 28151738025819
>>> Total time spent in benchmarking (human readable format): 7 hours 49 minutes 11 seconds
>>> Start block number is 20000001
>>> End block number is 21000001
==========================
=== Comparison of last two benchmarks ===
sort: write failed: 'standard output': Broken pipe
sort: write error
sort: write failed: 'standard output': Broken pipe
sort: write error
python /data/status-im/nimbus-eth1/scripts/block-import-stats.py /data/status-im/nimbus-eth1-benchmarks/short-benchmark/20260826T214241_d84f5993/blocks-import-benchmark.csv /data/status-im/nimbus-eth1-benchmarks/short-benchmark/20260827T054615_77288105/blocks-import-benchmark.csv
blocks-import-benchmark.csv vs blocks-import-benchmark.csv
                      bps_x  bps_y     tps_x     tps_y   time_x   time_y    bpsd    tpsd   timed
block_number                                                                                    
(20000001, 20111112]  29.57  29.35  4,827.75  4,792.03  1h0m56s  1h1m29s  -0.82%  -0.82%   0.83%
(20111112, 20222223]  33.24  33.17  5,436.21  5,425.48   57m41s   57m48s  -0.20%  -0.20%   0.20%
(20222223, 20333334]  34.93  34.95  5,661.76  5,664.94    51m1s   50m59s   0.06%   0.06%  -0.06%
(20333334, 20444445]  36.70  36.76  5,782.44  5,792.49   52m19s   52m13s   0.17%   0.17%  -0.17%
(20444445, 20555556]  36.13  36.12  5,568.88  5,567.03   49m14s   49m14s  -0.02%  -0.02%   0.02%
(20555556, 20666667]  36.11  36.11  5,453.78  5,453.29   52m58s   52m57s   0.01%   0.01%  -0.01%
(20666667, 20777778]  37.94  38.01  5,969.59  5,981.42   46m52s   46m46s   0.20%   0.20%  -0.20%
(20777778, 20888889]  39.24  39.23  6,295.04  6,293.37   48m52s   48m52s  -0.01%  -0.01%   0.02%
(20888889, 21000001]  39.18  39.22  6,460.19  6,466.11   48m53s   48m48s   0.11%   0.11%  -0.10%

blocks: 991808, baseline: 7h48m48s, contender: 7h49m11s
Time (total): 23s, 0.08%

bpsd = blocks per sec diff (+), tpsd = txs per sec diff, timed = time to process diff (-)
+ = more is better, - = less is better
==========================
