Aug 27 05:45:59 nimbus-eth1-mainnet-short-benchmark[113674]: >>> starting cloneOrFetchBenchmarksRepo
Aug 27 05:45:59 nimbus-eth1-mainnet-short-benchmark[113674]: >>> Fetching latest changes for nimbus-eth1-benchmarks...
Aug 27 05:46:01 nimbus-eth1-mainnet-short-benchmark[113746]: HEAD is now at db74024 chore: update short benchmark Readme
Aug 27 05:46:01 nimbus-eth1-mainnet-short-benchmark[113674]: <<< ending cloneOrFetchBenchmarksRepo (success)
Aug 27 05:46:01 nimbus-eth1-mainnet-short-benchmark[113674]: >>> starting cloneOrFetchNimbusRepo
Aug 27 05:46:14 nimbus-eth1-mainnet-short-benchmark[113674]: >>> Fetching latest changes for nimbus-eth1...
Aug 27 05:46:15 nimbus-eth1-mainnet-short-benchmark[114096]: From https://github.com/status-im/nimbus-eth1
Aug 27 05:46:15 nimbus-eth1-mainnet-short-benchmark[114096]:    745f6483d..584cbcd2d  master     -> origin/master
Aug 27 05:46:15 nimbus-eth1-mainnet-short-benchmark[114105]: HEAD is now at 584cbcd2d build(deps): bump vendor/nim-boringssl from `c8d41fc` to `346429e` (#4678)
Aug 27 05:46:15 nimbus-eth1-mainnet-short-benchmark[113674]: >>> Found last benchmarked commit: d84f5993
Aug 27 05:46:15 nimbus-eth1-mainnet-short-benchmark[113674]: >>> Using next commit: 772881056d7d4cde1e0a6ccb934c2d8b7a157c0e
Aug 27 05:46:15 nimbus-eth1-mainnet-short-benchmark[114121]: HEAD is now at 772881056 Add eest benchmark tests (#4604)
Aug 27 05:46:15 nimbus-eth1-mainnet-short-benchmark[113674]: >>> Current commit: 772881056
Aug 27 05:46:15 nimbus-eth1-mainnet-short-benchmark[113674]: <<< ending cloneOrFetchNimbusRepo (success)
Aug 27 05:46:15 nimbus-eth1-mainnet-short-benchmark[113674]: >>> starting buildBinaries
Aug 27 05:46:15 nimbus-eth1-mainnet-short-benchmark[113674]: >>> Building binaries for commit 77288105...
Aug 27 05:46:17 nimbus-eth1-mainnet-short-benchmark[115339]: Submodule path 'vendor/nim-protobuf-serialization': checked out '24ddb65800b351268412840b19a33c6b61bb3046'
Aug 27 05:46:22 nimbus-eth1-mainnet-short-benchmark[119616]: Building: Nim compiler
Aug 27 05:49:15 nimbus-eth1-mainnet-short-benchmark[119616]: Building custom Nimble commit: 42ef70c2102a942c46f13eb76872326edd525cec
Aug 27 05:49:26 nimbus-eth1-mainnet-short-benchmark[119616]: Building Nimble...
Aug 27 05:49:36 nimbus-eth1-mainnet-short-benchmark[119616]: Replacing nimble binary...
Aug 27 05:49:43 nimbus-eth1-mainnet-short-benchmark[135985]: cp: cannot stat '/data/status-im/nimbus-eth1/build/*': No such file or directory
Aug 27 05:49:43 nimbus-eth1-mainnet-short-benchmark[135944]: ROCKSDB VERSION NOT FOUND
Aug 27 05:49:43 nimbus-eth1-mainnet-short-benchmark[136102]: make[1]: Entering directory '/data/status-im/nimbus-eth1/vendor/nim-rocksdb/vendor/rocksdb'
Aug 27 05:49:43 nimbus-eth1-mainnet-short-benchmark[136102]: $DEBUG_LEVEL is 0, $LIB_MODE is static
Aug 27 05:49:44 nimbus-eth1-mainnet-short-benchmark[136102]: make[1]: Leaving directory '/data/status-im/nimbus-eth1/vendor/nim-rocksdb/vendor/rocksdb'
Aug 27 05:49:44 nimbus-eth1-mainnet-short-benchmark[136541]: Cleaning up RocksDb build artifacts.
Aug 27 05:49:45 nimbus-eth1-mainnet-short-benchmark[135991]: Building RocksDb static libraries.
Aug 27 05:52:58 nimbus-eth1-mainnet-short-benchmark[140049]: Building: build/nimbus_execution_client
Aug 27 05:55:31 nimbus-eth1-mainnet-short-benchmark[113674]: >>> renaming binaries to match commit they were built from
Aug 27 05:55:31 nimbus-eth1-mainnet-short-benchmark[113674]: >>> creating a symbolic link to the latest version
Aug 27 05:55:31 nimbus-eth1-mainnet-short-benchmark[113674]: >>> deleting copies that are older than N days
Aug 27 05:55:31 nimbus-eth1-mainnet-short-benchmark[113674]: <<< ending buildBinaries (success)
Aug 27 05:55:31 nimbus-eth1-mainnet-short-benchmark[113674]: >>> starting skipOrContinueBenchmark
Aug 27 05:55:31 nimbus-eth1-mainnet-short-benchmark[113674]: <<< ending skipOrContinueBenchmark (success)
Aug 27 05:55:31 nimbus-eth1-mainnet-short-benchmark[113674]: >>> starting copyTemplateDatabase
Aug 27 05:55:31 nimbus-eth1-mainnet-short-benchmark[113674]: >>> Copying template db into nimbus data directory
Aug 27 05:58:43 nimbus-eth1-mainnet-short-benchmark[113674]: >>> Template db copied
Aug 27 05:58:43 nimbus-eth1-mainnet-short-benchmark[113674]: >>> making nimbus the owner of the copied files
Aug 27 05:58:43 nimbus-eth1-mainnet-short-benchmark[113674]: <<< ending copyTemplateDatabase (success)
Aug 27 05:58:43 nimbus-eth1-mainnet-short-benchmark[113674]: >>> starting startNimbusWithImport
Aug 27 05:58:43 nimbus-eth1-mainnet-short-benchmark[145749]: INF 2026-08-27 05:58:43.426+00:00 Launching execution client                 version=v0.4.0-77288105 config="(configFile: none(InputFile), dataDirFlag: some(/data/status-im/nimbus-eth1/data/shared_mainnet_0), era1DirFlag: some(/data/era1), eraDirFlag: some(/data/era), ereDirFlag: none(OutDir), keyStoreDirFlag: none(OutDir), importKey: , trustedSetupFile: none(string), extraData: Nimbus/v0.4.0-77288105, gasLimit: none(uint64), maxBlobs: none(byte), network: [mainnet], logLevel: INFO, logFormat: auto, metricsEnabled: false, metricsPort: 9093, metricsAddress: 127.0.0.1, bootstrapNodes: [], elBootstrapNodes: [], bootstrapFile: , elBootstrapFile: , staticPeers: [], staticPeersFile: , reconnectMaxRetry: 0, reconnectInterval: 15, listenAddress: ::, tcpPort: 30303, udpPortFlag: none(Port), maxPeersOpt: none(int), elMaxPeersOpt: none(int), nat: (hasExtIp: false, nat: NatAny), discv5: true, netKey: random, agentString: Nimbus/v0.4.0-77288105/linux-amd64/Nim-2.2.10, numThreads: 0, persistBatchSize: 4, dynamicBatchSize: false, rocksdbMaxOpenFiles: 2048, rocksdbWriteBufferSize: 67108864, rocksdbRowCacheSize: 0, rocksdbBlockCacheSize: 2147483648, rocksdbBlockCacheType: hyperclock, rdbVtxCacheSize: 536870912, rdbKeyCacheSize: 1342177280, rdbBranchCacheSize: 1073741824, rdbPrintStats: false, rewriteDatadirId: true, aristoDbMaxSnapshots: 5, parallelStateRootComputation: false, parallelSenderRecovery: true, optimisticStatePrefetch: false, balStatePrefetch: false, balStatePrefetchWorkers: 0, balParallelExecution: false, eagerStateRootCheck: false, deserializeFcState: true, statelessProvider: false, statelessWitnessValidation: false, cmd: import, maxBlocks: 1000000, chunkSize: 8192, csvStats: some("/data/host-benchmarks/short/0bc1f6435aff42ef9803368494f7ef8f/blocks-import-benchmark.csv"), validation: false, fullValidation: false, storeBodies: false, storeReceipts: false, storeSlotHashes: false)"
Aug 27 05:58:43 nimbus-eth1-mainnet-short-benchmark[145749]: WRN 2026-08-27 05:58:43.434+00:00 Data directory has insecure permissions. Correcting them. data_dir=/data/status-im/nimbus-eth1/data/shared_mainnet_0 current_permissions=0755 required_permissions=0700
Aug 27 05:58:45 nimbus-eth1-mainnet-short-benchmark[145749]: INF 2026-08-27 05:58:45.262+00:00 Taskpool started                           numThreads=16
Aug 27 05:58:45 nimbus-eth1-mainnet-short-benchmark[145749]: INF 2026-08-27 05:58:45.370+00:00 Writing data dir ID                        ID=0x0a036d6f6dfe59156bb6359f0243c93d5a421ed688de5aa85a62d15dca8dbd5c
Aug 27 05:58:45 nimbus-eth1-mainnet-short-benchmark[145749]: INF 2026-08-27 05:58:45.386+00:00 Database initialized                       base="(0xd24fd73f794058a3807db926d8898c6481e902b7edb91ce0d479d6760f276183, 20000000)" finalized="(0xd24fd73f794058a3807db926d8898c6481e902b7edb91ce0d479d6760f276183, 20000000)" head="(0xd4e56740f876aef8c010b86a40d5f56745a118d0906a34e69aec8c0db1cb8fa3, 0)"
Aug 27 05:58:45 nimbus-eth1-mainnet-short-benchmark[145749]: NTC 2026-08-27 05:58:45.386+00:00 Could not open ere database, falling back to era1/era import ereDir=/data/status-im/nimbus-eth1/data/shared_mainnet_0/ere networkName=mainnet error="No ere files found in /data/status-im/nimbus-eth1/data/shared_mainnet_0/ere"
Aug 27 05:58:45 nimbus-eth1-mainnet-short-benchmark[145749]: NTC 2026-08-27 05:58:45.386+00:00 Importing era archive                      blockNumber=20000001 dataDir=/data/status-im/nimbus-eth1/data/shared_mainnet_0 eraDir=/data/era
Aug 27 05:58:47 nimbus-eth1-mainnet-short-benchmark[145749]: NTC 2026-08-27 05:58:47.650+00:00 Matched block to slot number               blockNumber=20000001 slot=9204783
Aug 27 06:05:06 nimbus-eth1-mainnet-short-benchmark[145749]: INF 2026-08-27 06:05:06.345+00:00 Imported blocks                            blockNumber=20008193 slot=9213020 blocks=8192 txs=1226966 mgas=124237 bps=21.50 tps=3220 mgps=326.1 avgBps=21.50 avgTps=3220 avgMGps=326.1 elapsed=6m20s958ms
Aug 27 06:10:40 nimbus-eth1-mainnet-short-benchmark[145749]: INF 2026-08-27 06:10:40.284+00:00 Imported blocks                            blockNumber=20016385 slot=9221256 blocks=16384 txs=2540380 mgas=248071 bps=24.53 tps=3933 mgps=370.8 avgBps=22.92 avgTps=3553 avgMGps=347.0 elapsed=11m54s899ms
Aug 27 06:15:55 nimbus-eth1-mainnet-short-benchmark[145749]: INF 2026-08-27 06:15:55.940+00:00 Imported blocks                            blockNumber=20024577 slot=9229485 blocks=24576 txs=3869398 mgas=372018 bps=25.95 tps=4210 mgps=392.7 avgBps=23.85 avgTps=3754 avgMGps=361.0 elapsed=17m10s552ms
Aug 27 06:20:41 nimbus-eth1-mainnet-short-benchmark[145749]: INF 2026-08-27 06:20:41.456+00:00 Imported blocks                            blockNumber=20032769 slot=9237722 blocks=32768 txs=5222766 mgas=495797 bps=28.69 tps=4740 mgps=433.5 avgBps=24.90 avgTps=3968 avgMGps=376.7 elapsed=21m56s68ms
Aug 27 06:25:18 nimbus-eth1-mainnet-short-benchmark[145749]: INF 2026-08-27 06:25:18.400+00:00 Imported blocks                            blockNumber=20040961 slot=9245957 blocks=40960 txs=6566802 mgas=619586 bps=29.58 tps=4853 mgps=447.0 avgBps=25.71 avgTps=4122 avgMGps=388.9 elapsed=26m33s13ms
Aug 27 06:30:13 nimbus-eth1-mainnet-short-benchmark[145749]: INF 2026-08-27 06:30:13.208+00:00 Imported blocks                            blockNumber=20049153 slot=9254196 blocks=49152 txs=7904746 mgas=743522 bps=27.79 tps=4538 mgps=420.4 avgBps=26.04 avgTps=4187 avgMGps=393.9 elapsed=31m27s819ms
Aug 27 06:34:55 nimbus-eth1-mainnet-short-benchmark[145749]: INF 2026-08-27 06:34:55.604+00:00 Imported blocks                            blockNumber=20057345 slot=9262435 blocks=57344 txs=9212009 mgas=867360 bps=29.01 tps=4629 mgps=438.5 avgBps=26.42 avgTps=4244 avgMGps=399.7 elapsed=36m10s214ms
Aug 27 06:39:20 nimbus-eth1-mainnet-short-benchmark[145749]: INF 2026-08-27 06:39:20.448+00:00 Imported blocks                            blockNumber=20065537 slot=9270674 blocks=65536 txs=10559018 mgas=991371 bps=30.93 tps=5086 mgps=468.2 avgBps=26.91 avgTps=4336 avgMGps=407.1 elapsed=40m35s60ms
Aug 27 06:43:33 nimbus-eth1-mainnet-short-benchmark[145749]: INF 2026-08-27 06:43:33.864+00:00 Imported blocks                            blockNumber=20073729 slot=9278910 blocks=73728 txs=11898676 mgas=1115111 bps=32.33 tps=5286 mgps=488.3 avgBps=27.42 avgTps=4425 avgMGps=414.8 elapsed=44m48s480ms
Aug 27 06:47:34 nimbus-eth1-mainnet-short-benchmark[145749]: INF 2026-08-27 06:47:34.549+00:00 Imported blocks                            blockNumber=20081921 slot=9287152 blocks=81920 txs=13323263 mgas=1239150 bps=34.04 tps=5918 mgps=515.4 avgBps=27.97 avgTps=4548 avgMGps=423.0 elapsed=48m49s163ms
Aug 27 06:51:33 nimbus-eth1-mainnet-short-benchmark[145749]: INF 2026-08-27 06:51:33.709+00:00 Imported blocks                            blockNumber=20090113 slot=9295408 blocks=90112 txs=14697082 mgas=1363113 bps=34.25 tps=5744 mgps=518.3 avgBps=28.44 avgTps=4638 avgMGps=430.2 elapsed=52m48s324ms
Aug 27 06:55:49 nimbus-eth1-mainnet-short-benchmark[145749]: INF 2026-08-27 06:55:49.926+00:00 Imported blocks                            blockNumber=20098305 slot=9303658 blocks=98304 txs=16025683 mgas=1487146 bps=31.97 tps=5185 mgps=484.1 avgBps=28.71 avgTps=4679 avgMGps=434.3 elapsed=57m4s539ms
Aug 27 07:00:14 nimbus-eth1-mainnet-short-benchmark[145749]: INF 2026-08-27 07:00:14.850+00:00 Imported blocks                            blockNumber=20106497 slot=9311895 blocks=106496 txs=17337157 mgas=1611066 bps=30.92 tps=4950 mgps=467.8 avgBps=28.86 avgTps=4699 avgMGps=436.7 elapsed=1h1m29s
Aug 27 07:04:25 nimbus-eth1-mainnet-short-benchmark[145749]: INF 2026-08-27 07:04:25.958+00:00 Imported blocks                            blockNumber=20114689 slot=9320146 blocks=114688 txs=18632097 mgas=1735123 bps=32.62 tps=5156 mgps=494.0 avgBps=29.10 avgTps=4728 avgMGps=440.3 elapsed=1h5m40s
Aug 27 07:08:24 nimbus-eth1-mainnet-short-benchmark[145749]: INF 2026-08-27 07:08:24.539+00:00 Imported blocks                            blockNumber=20122881 slot=9328409 blocks=122880 txs=19937418 mgas=1859249 bps=34.34 tps=5471 mgps=520.3 avgBps=29.40 avgTps=4770 avgMGps=444.9 elapsed=1h9m39s
Aug 27 07:12:20 nimbus-eth1-mainnet-short-benchmark[145749]: INF 2026-08-27 07:12:20.244+00:00 Imported blocks                            blockNumber=20131073 slot=9336660 blocks=131072 txs=21214129 mgas=1983500 bps=34.76 tps=5416 mgps=527.1 avgBps=29.69 avgTps=4805 avgMGps=449.3 elapsed=1h13m34s
Aug 27 07:16:12 nimbus-eth1-mainnet-short-benchmark[145749]: INF 2026-08-27 07:16:12.108+00:00 Imported blocks                            blockNumber=20139265 slot=9344906 blocks=139264 txs=22579079 mgas=2107571 bps=35.33 tps=5886 mgps=535.1 avgBps=29.97 avgTps=4859 avgMGps=453.6 elapsed=1h17m26s
Aug 27 07:20:47 nimbus-eth1-mainnet-short-benchmark[145749]: INF 2026-08-27 07:20:47.784+00:00 Imported blocks                            blockNumber=20147457 slot=9353153 blocks=147456 txs=24133322 mgas=2231686 bps=29.72 tps=5637 mgps=450.2 avgBps=29.96 avgTps=4902 avgMGps=453.4 elapsed=1h22m2s
Aug 27 07:25:15 nimbus-eth1-mainnet-short-benchmark[145749]: INF 2026-08-27 07:25:15.577+00:00 Imported blocks                            blockNumber=20155649 slot=9361407 blocks=155648 txs=25424015 mgas=2356018 bps=30.59 tps=4819 mgps=464.3 avgBps=29.99 avgTps=4898 avgMGps=453.9 elapsed=1h26m30s
Aug 27 07:29:21 nimbus-eth1-mainnet-short-benchmark[145749]: INF 2026-08-27 07:29:21.289+00:00 Imported blocks                            blockNumber=20163841 slot=9369652 blocks=163840 txs=26749549 mgas=2480207 bps=33.34 tps=5394 mgps=505.4 avgBps=30.14 avgTps=4920 avgMGps=456.3 elapsed=1h30m35s
Aug 27 07:33:22 nimbus-eth1-mainnet-short-benchmark[145749]: INF 2026-08-27 07:33:22.330+00:00 Imported blocks                            blockNumber=20172033 slot=9377892 blocks=172032 txs=28105316 mgas=2604026 bps=33.99 tps=5624 mgps=513.7 avgBps=30.30 avgTps=4950 avgMGps=458.7 elapsed=1h34m36s
Aug 27 07:37:27 nimbus-eth1-mainnet-short-benchmark[145749]: INF 2026-08-27 07:37:27.906+00:00 Imported blocks                            blockNumber=20180225 slot=9386128 blocks=180224 txs=29524405 mgas=2728170 bps=33.36 tps=5778 mgps=505.5 avgBps=30.43 avgTps=4985 avgMGps=460.6 elapsed=1h38m42s
Aug 27 07:41:15 nimbus-eth1-mainnet-short-benchmark[145749]: INF 2026-08-27 07:41:15.739+00:00 Imported blocks                            blockNumber=20188417 slot=9394365 blocks=188416 txs=30849021 mgas=2852023 bps=35.96 tps=5813 mgps=543.6 avgBps=30.63 avgTps=5015 avgMGps=463.7 elapsed=1h42m30s
Aug 27 07:45:28 nimbus-eth1-mainnet-short-benchmark[145749]: INF 2026-08-27 07:45:28.631+00:00 Imported blocks                            blockNumber=20196609 slot=9402602 blocks=196608 txs=32174755 mgas=2976155 bps=32.39 tps=5242 mgps=490.9 avgBps=30.70 avgTps=5024 avgMGps=464.8 elapsed=1h46m43s
Aug 27 07:49:58 nimbus-eth1-mainnet-short-benchmark[145749]: INF 2026-08-27 07:49:58.263+00:00 Imported blocks                            blockNumber=20204801 slot=9410840 blocks=204800 txs=33475942 mgas=3100410 bps=30.38 tps=4825 mgps=460.8 avgBps=30.69 avgTps=5016 avgMGps=464.6 elapsed=1h51m12s
Aug 27 07:54:03 nimbus-eth1-mainnet-short-benchmark[145749]: INF 2026-08-27 07:54:03.796+00:00 Imported blocks                            blockNumber=20212993 slot=9419071 blocks=212992 txs=34798508 mgas=3224370 bps=33.36 tps=5386 mgps=504.9 avgBps=30.79 avgTps=5029 avgMGps=466.1 elapsed=1h55m18s
Aug 27 07:58:02 nimbus-eth1-mainnet-short-benchmark[145749]: INF 2026-08-27 07:58:02.937+00:00 Imported blocks                            blockNumber=20221185 slot=9427313 blocks=221184 txs=36114045 mgas=3348169 bps=34.26 tps=5500 mgps=517.7 avgBps=30.90 avgTps=5045 avgMGps=467.8 elapsed=1h59m17s
Aug 27 08:01:43 nimbus-eth1-mainnet-short-benchmark[145749]: INF 2026-08-27 08:01:43.505+00:00 Imported blocks                            blockNumber=20229377 slot=9435549 blocks=229376 txs=37421794 mgas=3472031 bps=37.14 tps=5929 mgps=561.6 avgBps=31.09 avgTps=5071 avgMGps=470.6 elapsed=2h2m58s
Aug 27 08:05:35 nimbus-eth1-mainnet-short-benchmark[145749]: INF 2026-08-27 08:05:35.850+00:00 Imported blocks                            blockNumber=20237569 slot=9443788 blocks=237568 txs=38842064 mgas=3596351 bps=35.26 tps=6112 mgps=535.1 avgBps=31.22 avgTps=5103 avgMGps=472.6 elapsed=2h6m50s
Aug 27 08:09:46 nimbus-eth1-mainnet-short-benchmark[145749]: INF 2026-08-27 08:09:46.431+00:00 Imported blocks                            blockNumber=20245761 slot=9452021 blocks=245760 txs=40225739 mgas=3720100 bps=32.69 tps=5521 mgps=493.8 avgBps=31.26 avgTps=5117 avgMGps=473.2 elapsed=2h11m1s
Aug 27 08:14:11 nimbus-eth1-mainnet-short-benchmark[145749]: INF 2026-08-27 08:14:11.243+00:00 Imported blocks                            blockNumber=20253953 slot=9460253 blocks=253952 txs=41454921 mgas=3844385 bps=30.94 tps=4641 mgps=469.3 avgBps=31.25 avgTps=5101 avgMGps=473.1 elapsed=2h15m25s
Aug 27 08:18:24 nimbus-eth1-mainnet-short-benchmark[145749]: INF 2026-08-27 08:18:24.787+00:00 Imported blocks                            blockNumber=20262145 slot=9468495 blocks=262144 txs=42726051 mgas=3968623 bps=32.31 tps=5013 mgps=490.0 avgBps=31.28 avgTps=5098 avgMGps=473.6 elapsed=2h19m39s
Aug 27 08:22:23 nimbus-eth1-mainnet-short-benchmark[145749]: INF 2026-08-27 08:22:23.364+00:00 Imported blocks                            blockNumber=20270337 slot=9476748 blocks=270336 txs=44050436 mgas=4092682 bps=34.34 tps=5551 mgps=520.0 avgBps=31.37 avgTps=5111 avgMGps=474.9 elapsed=2h23m37s
Aug 27 08:26:02 nimbus-eth1-mainnet-short-benchmark[145749]: INF 2026-08-27 08:26:02.461+00:00 Imported blocks                            blockNumber=20278529 slot=9484981 blocks=278528 txs=45382368 mgas=4216487 bps=37.39 tps=6079 mgps=565.1 avgBps=31.52 avgTps=5135 avgMGps=477.1 elapsed=2h27m17s
Aug 27 08:29:46 nimbus-eth1-mainnet-short-benchmark[145749]: INF 2026-08-27 08:29:46.641+00:00 Imported blocks                            blockNumber=20286721 slot=9493213 blocks=286720 txs=46733429 mgas=4340363 bps=36.54 tps=6026 mgps=552.6 avgBps=31.64 avgTps=5157 avgMGps=479.0 elapsed=2h31m1s
Aug 27 08:33:52 nimbus-eth1-mainnet-short-benchmark[145749]: INF 2026-08-27 08:33:52.038+00:00 Imported blocks                            blockNumber=20294913 slot=9501453 blocks=294912 txs=48075887 mgas=4464376 bps=33.38 tps=5470 mgps=505.4 avgBps=31.69 avgTps=5165 avgMGps=479.7 elapsed=2h35m6s
Aug 27 08:37:53 nimbus-eth1-mainnet-short-benchmark[145749]: INF 2026-08-27 08:37:53.934+00:00 Imported blocks                            blockNumber=20303105 slot=9509696 blocks=303104 txs=49379538 mgas=4588534 bps=33.87 tps=5389 mgps=513.3 avgBps=31.74 avgTps=5171 avgMGps=480.5 elapsed=2h39m8s
Aug 27 08:41:48 nimbus-eth1-mainnet-short-benchmark[145749]: INF 2026-08-27 08:41:48.707+00:00 Imported blocks                            blockNumber=20311297 slot=9517922 blocks=311296 txs=50637672 mgas=4712596 bps=34.89 tps=5358 mgps=528.4 avgBps=31.82 avgTps=5175 avgMGps=481.7 elapsed=2h43m3s
Aug 27 08:45:34 nimbus-eth1-mainnet-short-benchmark[145749]: INF 2026-08-27 08:45:34.692+00:00 Imported blocks                            blockNumber=20319489 slot=9526159 blocks=319488 txs=51981692 mgas=4836521 bps=36.25 tps=5947 mgps=548.4 avgBps=31.92 avgTps=5193 avgMGps=483.2 elapsed=2h46m49s
Aug 27 08:49:02 nimbus-eth1-mainnet-short-benchmark[145749]: INF 2026-08-27 08:49:02.869+00:00 Imported blocks                            blockNumber=20327681 slot=9534381 blocks=327680 txs=53356123 mgas=4960245 bps=39.35 tps=6602 mgps=594.3 avgBps=32.07 avgTps=5222 avgMGps=485.5 elapsed=2h50m17s
Aug 27 08:52:28 nimbus-eth1-mainnet-short-benchmark[145749]: INF 2026-08-27 08:52:28.094+00:00 Imported blocks                            blockNumber=20335873 slot=9542617 blocks=335872 txs=54719105 mgas=5084025 bps=39.92 tps=6641 mgps=603.1 avgBps=32.23 avgTps=5249 avgMGps=487.8 elapsed=2h53m42s
Aug 27 08:56:12 nimbus-eth1-mainnet-short-benchmark[145749]: INF 2026-08-27 08:56:12.515+00:00 Imported blocks                            blockNumber=20344065 slot=9550841 blocks=344064 txs=56021853 mgas=5207843 bps=36.50 tps=5804 mgps=551.7 avgBps=32.32 avgTps=5261 avgMGps=489.1 elapsed=2h57m27s
Aug 27 09:00:28 nimbus-eth1-mainnet-short-benchmark[145749]: INF 2026-08-27 09:00:28.659+00:00 Imported blocks                            blockNumber=20352257 slot=9559072 blocks=352256 txs=57290408 mgas=5332016 bps=31.98 tps=4952 mgps=484.8 avgBps=32.31 avgTps=5254 avgMGps=489.0 elapsed=3h1m43s
Aug 27 09:04:24 nimbus-eth1-mainnet-short-benchmark[145749]: INF 2026-08-27 09:04:24.312+00:00 Imported blocks                            blockNumber=20360449 slot=9567308 blocks=360448 txs=58543463 mgas=5456201 bps=34.76 tps=5317 mgps=527.0 avgBps=32.36 avgTps=5255 avgMGps=489.8 elapsed=3h5m38s
Aug 27 09:08:10 nimbus-eth1-mainnet-short-benchmark[145749]: INF 2026-08-27 09:08:10.085+00:00 Imported blocks                            blockNumber=20368641 slot=9575548 blocks=368640 txs=59874056 mgas=5580204 bps=36.28 tps=5893 mgps=549.2 avgBps=32.44 avgTps=5268 avgMGps=491.0 elapsed=3h9m24s
Aug 27 09:12:04 nimbus-eth1-mainnet-short-benchmark[145749]: INF 2026-08-27 09:12:04.701+00:00 Imported blocks                            blockNumber=20376833 slot=9583774 blocks=376832 txs=61167066 mgas=5704396 bps=34.92 tps=5511 mgps=529.3 avgBps=32.49 avgTps=5273 avgMGps=491.8 elapsed=3h13m19s
Aug 27 09:15:53 nimbus-eth1-mainnet-short-benchmark[145749]: INF 2026-08-27 09:15:53.878+00:00 Imported blocks                            blockNumber=20385025 slot=9592009 blocks=385024 txs=62480333 mgas=5828235 bps=35.75 tps=5730 mgps=540.4 avgBps=32.55 avgTps=5282 avgMGps=492.7 elapsed=3h17m8s
Aug 27 09:19:42 nimbus-eth1-mainnet-short-benchmark[145749]: INF 2026-08-27 09:19:42.727+00:00 Imported blocks                            blockNumber=20393217 slot=9600248 blocks=393216 txs=63800597 mgas=5952136 bps=35.80 tps=5769 mgps=541.4 avgBps=32.61 avgTps=5291 avgMGps=493.7 elapsed=3h20m57s
Aug 27 09:23:23 nimbus-eth1-mainnet-short-benchmark[145749]: INF 2026-08-27 09:23:23.464+00:00 Imported blocks                            blockNumber=20401409 slot=9608486 blocks=401408 txs=65021243 mgas=6076384 bps=37.11 tps=5529 mgps=562.9 avgBps=32.69 avgTps=5295 avgMGps=494.9 elapsed=3h24m38s
Aug 27 09:27:18 nimbus-eth1-mainnet-short-benchmark[145749]: INF 2026-08-27 09:27:18.232+00:00 Imported blocks                            blockNumber=20409601 slot=9616707 blocks=409600 txs=66199016 mgas=6200666 bps=34.89 tps=5016 mgps=529.4 avgBps=32.73 avgTps=5290 avgMGps=495.5 elapsed=3h28m32s
Aug 27 09:31:04 nimbus-eth1-mainnet-short-benchmark[145749]: INF 2026-08-27 09:31:04.505+00:00 Imported blocks                            blockNumber=20417793 slot=9624941 blocks=417792 txs=67453930 mgas=6324823 bps=36.20 tps=5545 mgps=548.7 avgBps=32.80 avgTps=5295 avgMGps=496.5 elapsed=3h32m19s
Aug 27 09:34:24 nimbus-eth1-mainnet-short-benchmark[145749]: INF 2026-08-27 09:34:24.338+00:00 Imported blocks                            blockNumber=20425985 slot=9633187 blocks=425984 txs=68814904 mgas=6448778 bps=40.99 tps=6810 mgps=620.3 avgBps=32.92 avgTps=5318 avgMGps=498.4 elapsed=3h35m38s
Aug 27 09:37:44 nimbus-eth1-mainnet-short-benchmark[145749]: INF 2026-08-27 09:37:44.727+00:00 Imported blocks                            blockNumber=20434177 slot=9641422 blocks=434176 txs=70124508 mgas=6572711 bps=40.88 tps=6535 mgps=618.5 avgBps=33.04 avgTps=5336 avgMGps=500.2 elapsed=3h38m59s
Aug 27 09:41:16 nimbus-eth1-mainnet-short-benchmark[145749]: INF 2026-08-27 09:41:16.636+00:00 Imported blocks                            blockNumber=20442369 slot=9649657 blocks=442368 txs=71403576 mgas=6696451 bps=38.66 tps=6035 mgps=583.9 avgBps=33.13 avgTps=5348 avgMGps=501.6 elapsed=3h42m31s
Aug 27 09:45:07 nimbus-eth1-mainnet-short-benchmark[145749]: INF 2026-08-27 09:45:07.685+00:00 Imported blocks                            blockNumber=20450561 slot=9657896 blocks=450560 txs=72659905 mgas=6820521 bps=35.46 tps=5437 mgps=537.0 avgBps=33.17 avgTps=5349 avgMGps=502.2 elapsed=3h46m22s
Aug 27 09:49:20 nimbus-eth1-mainnet-short-benchmark[145749]: INF 2026-08-27 09:49:20.069+00:00 Imported blocks                            blockNumber=20458753 slot=9666114 blocks=458752 txs=73838533 mgas=6945116 bps=32.46 tps=4670 mgps=493.7 avgBps=33.16 avgTps=5337 avgMGps=502.0 elapsed=3h50m34s
Aug 27 09:53:08 nimbus-eth1-mainnet-short-benchmark[145749]: INF 2026-08-27 09:53:08.742+00:00 Imported blocks                            blockNumber=20466945 slot=9674343 blocks=466944 txs=75124748 mgas=7068943 bps=35.82 tps=5624 mgps=541.5 avgBps=33.20 avgTps=5341 avgMGps=502.6 elapsed=3h54m23s
Aug 27 09:56:55 nimbus-eth1-mainnet-short-benchmark[145749]: INF 2026-08-27 09:56:55.019+00:00 Imported blocks                            blockNumber=20475137 slot=9682575 blocks=475136 txs=76420106 mgas=7192870 bps=36.20 tps=5724 mgps=547.7 avgBps=33.25 avgTps=5347 avgMGps=503.4 elapsed=3h58m9s
Aug 27 10:00:31 nimbus-eth1-mainnet-short-benchmark[145749]: INF 2026-08-27 10:00:31.796+00:00 Imported blocks                            blockNumber=20483329 slot=9690800 blocks=483328 txs=77675422 mgas=7316939 bps=37.79 tps=5790 mgps=572.3 avgBps=33.32 avgTps=5354 avgMGps=504.4 elapsed=4h1m46s
Aug 27 10:04:06 nimbus-eth1-mainnet-short-benchmark[145749]: INF 2026-08-27 10:04:06.241+00:00 Imported blocks                            blockNumber=20491521 slot=9699019 blocks=491520 txs=78951232 mgas=7440784 bps=38.20 tps=5949 mgps=577.5 avgBps=33.39 avgTps=5363 avgMGps=505.5 elapsed=4h5m20s
Aug 27 10:07:55 nimbus-eth1-mainnet-short-benchmark[145749]: INF 2026-08-27 10:07:55.822+00:00 Imported blocks                            blockNumber=20499713 slot=9707248 blocks=499712 txs=80189642 mgas=7564669 bps=35.68 tps=5394 mgps=539.6 avgBps=33.42 avgTps=5363 avgMGps=506.0 elapsed=4h9m10s
Aug 27 10:11:50 nimbus-eth1-mainnet-short-benchmark[145749]: INF 2026-08-27 10:11:50.450+00:00 Imported blocks                            blockNumber=20507905 slot=9715488 blocks=507904 txs=81317763 mgas=7689208 bps=34.91 tps=4808 mgps=530.8 avgBps=33.45 avgTps=5355 avgMGps=506.4 elapsed=4h13m5s
Aug 27 10:15:18 nimbus-eth1-mainnet-short-benchmark[145749]: INF 2026-08-27 10:15:18.183+00:00 Imported blocks                            blockNumber=20516097 slot=9723715 blocks=516096 txs=82520262 mgas=7813209 bps=39.44 tps=5788 mgps=596.9 avgBps=33.53 avgTps=5360 avgMGps=507.6 elapsed=4h16m32s
Aug 27 10:18:59 nimbus-eth1-mainnet-short-benchmark[145749]: INF 2026-08-27 10:18:59.712+00:00 Imported blocks                            blockNumber=20524289 slot=9731945 blocks=524288 txs=83780075 mgas=7937233 bps=36.98 tps=5686 mgps=559.9 avgBps=33.58 avgTps=5365 avgMGps=508.3 elapsed=4h20m14s
Aug 27 10:22:43 nimbus-eth1-mainnet-short-benchmark[145749]: INF 2026-08-27 10:22:43.417+00:00 Imported blocks                            blockNumber=20532481 slot=9740183 blocks=532480 txs=85263862 mgas=8061024 bps=36.62 tps=6632 mgps=553.4 avgBps=33.62 avgTps=5383 avgMGps=509.0 elapsed=4h23m58s
Aug 27 10:26:33 nimbus-eth1-mainnet-short-benchmark[145749]: INF 2026-08-27 10:26:33.298+00:00 Imported blocks                            blockNumber=20540673 slot=9748418 blocks=540672 txs=86612143 mgas=8185090 bps=35.64 tps=5865 mgps=539.7 avgBps=33.65 avgTps=5390 avgMGps=509.4 elapsed=4h27m47s
Aug 27 10:30:31 nimbus-eth1-mainnet-short-benchmark[145749]: INF 2026-08-27 10:30:31.534+00:00 Imported blocks                            blockNumber=20548865 slot=9756662 blocks=548864 txs=87802991 mgas=8309513 bps=34.39 tps=4998 mgps=522.3 avgBps=33.66 avgTps=5384 avgMGps=509.6 elapsed=4h31m46s
Aug 27 10:34:26 nimbus-eth1-mainnet-short-benchmark[145749]: INF 2026-08-27 10:34:26.703+00:00 Imported blocks                            blockNumber=20557057 slot=9764892 blocks=557056 txs=88964987 mgas=8433956 bps=34.83 tps=4941 mgps=529.2 avgBps=33.68 avgTps=5378 avgMGps=509.9 elapsed=4h35m41s
Aug 27 10:38:11 nimbus-eth1-mainnet-short-benchmark[145749]: INF 2026-08-27 10:38:11.360+00:00 Imported blocks                            blockNumber=20565249 slot=9773131 blocks=565248 txs=90186094 mgas=8558113 bps=36.47 tps=5435 mgps=552.7 avgBps=33.71 avgTps=5379 avgMGps=510.4 elapsed=4h39m25s
Aug 27 10:41:58 nimbus-eth1-mainnet-short-benchmark[145749]: INF 2026-08-27 10:41:58.612+00:00 Imported blocks                            blockNumber=20573441 slot=9781369 blocks=573440 txs=91404654 mgas=8682228 bps=36.05 tps=5362 mgps=546.1 avgBps=33.75 avgTps=5378 avgMGps=510.9 elapsed=4h43m13s
Aug 27 10:45:39 nimbus-eth1-mainnet-short-benchmark[145749]: INF 2026-08-27 10:45:39.469+00:00 Imported blocks                            blockNumber=20581633 slot=9789611 blocks=581632 txs=92628389 mgas=8806651 bps=37.09 tps=5540 mgps=563.4 avgBps=33.79 avgTps=5380 avgMGps=511.6 elapsed=4h46m54s
Aug 27 10:49:27 nimbus-eth1-mainnet-short-benchmark[145749]: INF 2026-08-27 10:49:27.158+00:00 Imported blocks                            blockNumber=20589825 slot=9797855 blocks=589824 txs=93887208 mgas=8931023 bps=35.98 tps=5528 mgps=546.2 avgBps=33.82 avgTps=5382 avgMGps=512.0 elapsed=4h50m41s
Aug 27 10:53:21 nimbus-eth1-mainnet-short-benchmark[145749]: INF 2026-08-27 10:53:21.091+00:00 Imported blocks                            blockNumber=20598017 slot=9806095 blocks=598016 txs=95163338 mgas=9055310 bps=35.02 tps=5455 mgps=531.3 avgBps=33.83 avgTps=5383 avgMGps=512.3 elapsed=4h54m35s
Aug 27 10:57:14 nimbus-eth1-mainnet-short-benchmark[145749]: INF 2026-08-27 10:57:14.567+00:00 Imported blocks                            blockNumber=20606209 slot=9814347 blocks=606208 txs=96334664 mgas=9179976 bps=35.09 tps=5016 mgps=534.0 avgBps=33.85 avgTps=5379 avgMGps=512.6 elapsed=4h58m29s
Aug 27 11:00:59 nimbus-eth1-mainnet-short-benchmark[145749]: INF 2026-08-27 11:00:59.068+00:00 Imported blocks                            blockNumber=20614401 slot=9822581 blocks=614400 txs=97573414 mgas=9304574 bps=36.49 tps=5517 mgps=555.0 avgBps=33.88 avgTps=5380 avgMGps=513.1 elapsed=5h2m13s
Aug 27 11:04:44 nimbus-eth1-mainnet-short-benchmark[145749]: INF 2026-08-27 11:04:44.557+00:00 Imported blocks                            blockNumber=20622593 slot=9830821 blocks=622592 txs=98874772 mgas=9428835 bps=36.33 tps=5771 mgps=551.1 avgBps=33.91 avgTps=5385 avgMGps=513.6 elapsed=5h5m59s
Aug 27 11:08:21 nimbus-eth1-mainnet-short-benchmark[145749]: INF 2026-08-27 11:08:21.838+00:00 Imported blocks                            blockNumber=20630785 slot=9839058 blocks=630784 txs=100178707 mgas=9553009 bps=37.70 tps=6001 mgps=571.5 avgBps=33.96 avgTps=5392 avgMGps=514.3 elapsed=5h9m36s
Aug 27 11:12:08 nimbus-eth1-mainnet-short-benchmark[145749]: INF 2026-08-27 11:12:08.699+00:00 Imported blocks                            blockNumber=20638977 slot=9847313 blocks=638976 txs=101489116 mgas=9677171 bps=36.11 tps=5776 mgps=547.3 avgBps=33.98 avgTps=5397 avgMGps=514.7 elapsed=5h13m23s
Aug 27 11:15:52 nimbus-eth1-mainnet-short-benchmark[145749]: INF 2026-08-27 11:15:52.903+00:00 Imported blocks                            blockNumber=20647169 slot=9855549 blocks=647168 txs=102730058 mgas=9801643 bps=36.54 tps=5534 mgps=555.2 avgBps=34.01 avgTps=5399 avgMGps=515.1 elapsed=5h17m7s
Aug 27 11:19:49 nimbus-eth1-mainnet-short-benchmark[145749]: INF 2026-08-27 11:19:49.168+00:00 Imported blocks                            blockNumber=20655361 slot=9863778 blocks=655360 txs=103868002 mgas=9926541 bps=34.67 tps=4816 mgps=528.6 avgBps=34.02 avgTps=5391 avgMGps=515.3 elapsed=5h21m3s
Aug 27 11:23:29 nimbus-eth1-mainnet-short-benchmark[145749]: INF 2026-08-27 11:23:29.457+00:00 Imported blocks                            blockNumber=20663553 slot=9872013 blocks=663552 txs=105112198 mgas=10051274 bps=37.19 tps=5648 mgps=566.2 avgBps=34.06 avgTps=5394 avgMGps=515.9 elapsed=5h24m44s
Aug 27 11:26:58 nimbus-eth1-mainnet-short-benchmark[145749]: INF 2026-08-27 11:26:58.766+00:00 Imported blocks                            blockNumber=20671745 slot=9880241 blocks=671744 txs=106395904 mgas=10175177 bps=39.14 tps=6132 mgps=592.0 avgBps=34.11 avgTps=5402 avgMGps=516.7 elapsed=5h28m13s
Aug 27 11:30:34 nimbus-eth1-mainnet-short-benchmark[145749]: INF 2026-08-27 11:30:34.243+00:00 Imported blocks                            blockNumber=20679937 slot=9888471 blocks=679936 txs=107674271 mgas=10299404 bps=38.02 tps=5932 mgps=576.5 avgBps=34.15 avgTps=5408 avgMGps=517.3 elapsed=5h31m48s
Aug 27 11:34:00 nimbus-eth1-mainnet-short-benchmark[145749]: INF 2026-08-27 11:34:00.004+00:00 Imported blocks                            blockNumber=20688129 slot=9896698 blocks=688128 txs=108938536 mgas=10423298 bps=39.81 tps=6144 mgps=602.1 avgBps=34.21 avgTps=5415 avgMGps=518.2 elapsed=5h35m14s
Aug 27 11:37:38 nimbus-eth1-mainnet-short-benchmark[145749]: INF 2026-08-27 11:37:38.341+00:00 Imported blocks                            blockNumber=20696321 slot=9904930 blocks=696320 txs=110235786 mgas=10547469 bps=37.52 tps=5941 mgps=568.7 avgBps=34.25 avgTps=5421 avgMGps=518.7 elapsed=5h38m52s
Aug 27 11:41:33 nimbus-eth1-mainnet-short-benchmark[145749]: INF 2026-08-27 11:41:33.870+00:00 Imported blocks                            blockNumber=20704513 slot=9913154 blocks=704512 txs=111483759 mgas=10671677 bps=34.78 tps=5298 mgps=527.4 avgBps=34.25 avgTps=5420 avgMGps=518.8 elapsed=5h42m48s
Aug 27 11:45:15 nimbus-eth1-mainnet-short-benchmark[145749]: INF 2026-08-27 11:45:15.182+00:00 Imported blocks                            blockNumber=20712705 slot=9921388 blocks=712704 txs=112764170 mgas=10795980 bps=37.02 tps=5785 mgps=561.7 avgBps=34.28 avgTps=5424 avgMGps=519.3 elapsed=5h46m29s
Aug 27 11:48:42 nimbus-eth1-mainnet-short-benchmark[145749]: INF 2026-08-27 11:48:42.031+00:00 Imported blocks                            blockNumber=20720897 slot=9929633 blocks=720896 txs=114110517 mgas=10919926 bps=39.60 tps=6508 mgps=599.2 avgBps=34.33 avgTps=5434 avgMGps=520.1 elapsed=5h49m56s
Aug 27 11:52:15 nimbus-eth1-mainnet-short-benchmark[145749]: INF 2026-08-27 11:52:15.528+00:00 Imported blocks                            blockNumber=20729089 slot=9937869 blocks=729088 txs=115449431 mgas=11043768 bps=38.37 tps=6271 mgps=580.1 avgBps=34.37 avgTps=5443 avgMGps=520.7 elapsed=5h53m30s
Aug 27 11:55:41 nimbus-eth1-mainnet-short-benchmark[145749]: INF 2026-08-27 11:55:41.293+00:00 Imported blocks                            blockNumber=20737281 slot=9946108 blocks=737280 txs=116784468 mgas=11167784 bps=39.81 tps=6488 mgps=602.7 avgBps=34.43 avgTps=5453 avgMGps=521.5 elapsed=5h56m55s
Aug 27 11:59:17 nimbus-eth1-mainnet-short-benchmark[145749]: INF 2026-08-27 11:59:17.442+00:00 Imported blocks                            blockNumber=20745473 slot=9954342 blocks=745472 txs=118101003 mgas=11291742 bps=37.90 tps=6090 mgps=573.5 avgBps=34.46 avgTps=5459 avgMGps=522.0 elapsed=6h32s55ms
Aug 27 12:03:08 nimbus-eth1-mainnet-short-benchmark[145749]: INF 2026-08-27 12:03:08.815+00:00 Imported blocks                            blockNumber=20753665 slot=9962581 blocks=753664 txs=119337525 mgas=11415859 bps=35.41 tps=5344 mgps=536.4 avgBps=34.47 avgTps=5458 avgMGps=522.1 elapsed=6h4m23s
Aug 27 12:06:47 nimbus-eth1-mainnet-short-benchmark[145749]: INF 2026-08-27 12:06:47.776+00:00 Imported blocks                            blockNumber=20761857 slot=9970803 blocks=761856 txs=120564314 mgas=11540225 bps=37.41 tps=5602 mgps=568.0 avgBps=34.50 avgTps=5459 avgMGps=522.6 elapsed=6h8m2s
Aug 27 12:10:15 nimbus-eth1-mainnet-short-benchmark[145749]: INF 2026-08-27 12:10:15.897+00:00 Imported blocks                            blockNumber=20770049 slot=9979058 blocks=770048 txs=121858083 mgas=11663918 bps=39.36 tps=6216 mgps=594.3 avgBps=34.55 avgTps=5466 avgMGps=523.3 elapsed=6h11m30s
Aug 27 12:13:35 nimbus-eth1-mainnet-short-benchmark[145749]: INF 2026-08-27 12:13:35.662+00:00 Imported blocks                            blockNumber=20778241 slot=9987307 blocks=778240 txs=123161734 mgas=11787906 bps=41.01 tps=6525 mgps=620.7 avgBps=34.60 avgTps=5476 avgMGps=524.1 elapsed=6h14m50s
Aug 27 12:16:49 nimbus-eth1-mainnet-short-benchmark[145749]: INF 2026-08-27 12:16:49.539+00:00 Imported blocks                            blockNumber=20786433 slot=9995542 blocks=786432 txs=124509456 mgas=11911612 bps=42.25 tps=6951 mgps=638.1 avgBps=34.67 avgTps=5488 avgMGps=525.1 elapsed=6h18m4s
Aug 27 12:20:09 nimbus-eth1-mainnet-short-benchmark[145749]: INF 2026-08-27 12:20:09.004+00:00 Imported blocks                            blockNumber=20794625 slot=10003781 blocks=794624 txs=125848921 mgas=12035338 bps=41.07 tps=6715 mgps=620.3 avgBps=34.72 avgTps=5499 avgMGps=525.9 elapsed=6h21m23s
Aug 27 12:23:32 nimbus-eth1-mainnet-short-benchmark[145749]: INF 2026-08-27 12:23:32.949+00:00 Imported blocks                            blockNumber=20802817 slot=10012028 blocks=802816 txs=127089868 mgas=12158989 bps=40.17 tps=6084 mgps=606.3 avgBps=34.77 avgTps=5504 avgMGps=526.6 elapsed=6h24m47s
Aug 27 12:27:06 nimbus-eth1-mainnet-short-benchmark[145749]: INF 2026-08-27 12:27:06.922+00:00 Imported blocks                            blockNumber=20811009 slot=10020249 blocks=811008 txs=128299762 mgas=12282850 bps=38.29 tps=5654 mgps=578.9 avgBps=34.80 avgTps=5506 avgMGps=527.1 elapsed=6h28m21s
Aug 27 12:30:25 nimbus-eth1-mainnet-short-benchmark[145749]: INF 2026-08-27 12:30:25.651+00:00 Imported blocks                            blockNumber=20819201 slot=10028481 blocks=819200 txs=129596319 mgas=12406594 bps=41.22 tps=6524 mgps=622.7 avgBps=34.86 avgTps=5514 avgMGps=527.9 elapsed=6h31m40s
Aug 27 12:33:43 nimbus-eth1-mainnet-short-benchmark[145749]: INF 2026-08-27 12:33:43.424+00:00 Imported blocks                            blockNumber=20827393 slot=10036710 blocks=827392 txs=130916729 mgas=12530249 bps=41.42 tps=6676 mgps=625.2 avgBps=34.91 avgTps=5524 avgMGps=528.7 elapsed=6h34m58s
Aug 27 12:37:01 nimbus-eth1-mainnet-short-benchmark[145749]: INF 2026-08-27 12:37:01.158+00:00 Imported blocks                            blockNumber=20835585 slot=10044938 blocks=835584 txs=132226625 mgas=12654070 bps=41.43 tps=6624 mgps=626.2 avgBps=34.97 avgTps=5533 avgMGps=529.6 elapsed=6h38m15s
Aug 27 12:40:32 nimbus-eth1-mainnet-short-benchmark[145749]: INF 2026-08-27 12:40:32.991+00:00 Imported blocks                            blockNumber=20843777 slot=10053164 blocks=843776 txs=133604192 mgas=12777730 bps=38.67 tps=6503 mgps=583.8 avgBps=35.00 avgTps=5541 avgMGps=530.0 elapsed=6h41m47s
Aug 27 12:44:28 nimbus-eth1-mainnet-short-benchmark[145749]: INF 2026-08-27 12:44:28.267+00:00 Imported blocks                            blockNumber=20851969 slot=10061391 blocks=851968 txs=134900706 mgas=12901664 bps=34.82 tps=5510 mgps=526.8 avgBps=35.00 avgTps=5541 avgMGps=530.0 elapsed=6h45m42s
Aug 27 12:48:12 nimbus-eth1-mainnet-short-benchmark[145749]: INF 2026-08-27 12:48:12.616+00:00 Imported blocks                            blockNumber=20860161 slot=10069622 blocks=860160 txs=136168750 mgas=13025603 bps=36.51 tps=5652 mgps=552.4 avgBps=35.01 avgTps=5542 avgMGps=530.2 elapsed=6h49m27s
Aug 27 12:51:54 nimbus-eth1-mainnet-short-benchmark[145749]: INF 2026-08-27 12:51:54.353+00:00 Imported blocks                            blockNumber=20868353 slot=10077838 blocks=868352 txs=137550724 mgas=13149742 bps=36.94 tps=6232 mgps=559.8 avgBps=35.03 avgTps=5548 avgMGps=530.5 elapsed=6h53m8s
Aug 27 12:55:34 nimbus-eth1-mainnet-short-benchmark[145749]: INF 2026-08-27 12:55:34.182+00:00 Imported blocks                            blockNumber=20876545 slot=10086066 blocks=876544 txs=138954673 mgas=13273457 bps=37.27 tps=6386 mgps=562.8 avgBps=35.05 avgTps=5556 avgMGps=530.8 elapsed=6h56m48s
Aug 27 12:59:08 nimbus-eth1-mainnet-short-benchmark[145749]: INF 2026-08-27 12:59:08.763+00:00 Imported blocks                            blockNumber=20884737 slot=10094286 blocks=884736 txs=140256178 mgas=13397479 bps=38.18 tps=6065 mgps=578.0 avgBps=35.08 avgTps=5560 avgMGps=531.2 elapsed=7h23s375ms
Aug 27 13:02:37 nimbus-eth1-mainnet-short-benchmark[145749]: INF 2026-08-27 13:02:37.904+00:00 Imported blocks                            blockNumber=20892929 slot=10102512 blocks=892928 txs=141581868 mgas=13521575 bps=39.17 tps=6338 mgps=593.4 avgBps=35.11 avgTps=5566 avgMGps=531.7 elapsed=7h3m52s
Aug 27 13:06:08 nimbus-eth1-mainnet-short-benchmark[145749]: INF 2026-08-27 13:06:08.901+00:00 Imported blocks                            blockNumber=20901121 slot=10110732 blocks=901120 txs=142875889 mgas=13645572 bps=38.82 tps=6132 mgps=587.7 avgBps=35.14 avgTps=5571 avgMGps=532.1 elapsed=7h7m23s
Aug 27 13:09:37 nimbus-eth1-mainnet-short-benchmark[145749]: INF 2026-08-27 13:09:37.674+00:00 Imported blocks                            blockNumber=20909313 slot=10118953 blocks=909312 txs=144102308 mgas=13769390 bps=39.24 tps=5874 mgps=593.1 avgBps=35.17 avgTps=5574 avgMGps=532.6 elapsed=7h10m52s
Aug 27 13:13:00 nimbus-eth1-mainnet-short-benchmark[145749]: INF 2026-08-27 13:13:00.979+00:00 Imported blocks                            blockNumber=20917505 slot=10127176 blocks=917504 txs=145406349 mgas=13893087 bps=40.29 tps=6414 mgps=608.4 avgBps=35.21 avgTps=5580 avgMGps=533.2 elapsed=7h14m15s
Aug 27 13:16:16 nimbus-eth1-mainnet-short-benchmark[145749]: INF 2026-08-27 13:16:16.376+00:00 Imported blocks                            blockNumber=20925697 slot=10135394 blocks=925696 txs=146718394 mgas=14016820 bps=41.93 tps=6714 mgps=633.2 avgBps=35.26 avgTps=5589 avgMGps=534.0 elapsed=7h17m30s
Aug 27 13:19:45 nimbus-eth1-mainnet-short-benchmark[145749]: INF 2026-08-27 13:19:45.097+00:00 Imported blocks                            blockNumber=20933889 slot=10143614 blocks=933888 txs=148049109 mgas=14140625 bps=39.25 tps=6375 mgps=593.1 avgBps=35.29 avgTps=5595 avgMGps=534.4 elapsed=7h20m59s
Aug 27 13:23:05 nimbus-eth1-mainnet-short-benchmark[145749]: INF 2026-08-27 13:23:05.726+00:00 Imported blocks                            blockNumber=20942081 slot=10151840 blocks=942080 txs=149397364 mgas=14264352 bps=40.83 tps=6720 mgps=616.7 avgBps=35.34 avgTps=5603 avgMGps=535.0 elapsed=7h24m20s
Aug 27 13:26:31 nimbus-eth1-mainnet-short-benchmark[145749]: INF 2026-08-27 13:26:31.343+00:00 Imported blocks                            blockNumber=20950273 slot=10160098 blocks=950272 txs=150765507 mgas=14388237 bps=39.84 tps=6653 mgps=602.5 avgBps=35.37 avgTps=5611 avgMGps=535.6 elapsed=7h27m45s
Aug 27 13:30:13 nimbus-eth1-mainnet-short-benchmark[145749]: INF 2026-08-27 13:30:13.156+00:00 Imported blocks                            blockNumber=20958465 slot=10168363 blocks=958464 txs=152044771 mgas=14511987 bps=36.93 tps=5767 mgps=557.9 avgBps=35.38 avgTps=5613 avgMGps=535.7 elapsed=7h31m27s
Aug 27 13:33:45 nimbus-eth1-mainnet-short-benchmark[145749]: INF 2026-08-27 13:33:45.653+00:00 Imported blocks                            blockNumber=20966657 slot=10176609 blocks=966656 txs=153365296 mgas=14635804 bps=38.55 tps=6214 mgps=582.7 avgBps=35.41 avgTps=5617 avgMGps=536.1 elapsed=7h35m269ms
Aug 27 13:37:13 nimbus-eth1-mainnet-short-benchmark[145749]: INF 2026-08-27 13:37:13.926+00:00 Imported blocks                            blockNumber=20974849 slot=10184849 blocks=974848 txs=154744917 mgas=14759580 bps=39.33 tps=6624 mgps=594.3 avgBps=35.44 avgTps=5625 avgMGps=536.5 elapsed=7h38m28s
Aug 27 13:40:50 nimbus-eth1-mainnet-short-benchmark[145749]: INF 2026-08-27 13:40:50.595+00:00 Imported blocks                            blockNumber=20983041 slot=10193086 blocks=983040 txs=156055229 mgas=14883451 bps=37.81 tps=6047 mgps=571.7 avgBps=35.46 avgTps=5628 avgMGps=536.8 elapsed=7h42m5s
Aug 27 13:44:01 nimbus-eth1-mainnet-short-benchmark[145749]: INF 2026-08-27 13:44:01.300+00:00 Imported blocks                            blockNumber=20991233 slot=10201319 blocks=991232 txs=157563202 mgas=15007557 bps=42.96 tps=7907 mgps=650.8 avgBps=35.51 avgTps=5644 avgMGps=537.6 elapsed=7h45m15s
Aug 27 13:47:41 nimbus-eth1-mainnet-short-benchmark[145749]: INF 2026-08-27 13:47:41.169+00:00 Imported blocks                            blockNumber=20999425 slot=10209549 blocks=999424 txs=159003277 mgas=15131383 bps=37.26 tps=6549 mgps=563.2 avgBps=35.52 avgTps=5651 avgMGps=537.8 elapsed=7h48m55s
Aug 27 13:47:57 nimbus-eth1-mainnet-short-benchmark[145749]: INF 2026-08-27 13:47:57.125+00:00 Imported blocks                            blockNumber=21000001 slot=10210128 blocks=1000000 txs=159109486 mgas=15140191 bps=36.10 tps=6656 mgps=552.0 avgBps=35.52 avgTps=5651 avgMGps=537.8 elapsed=7h49m11s
Aug 27 13:47:57 nimbus-eth1-mainnet-short-benchmark[145749]: NTC 2026-08-27 13:47:57.125+00:00 Import complete                            blockNumber=21000001 slot=10210128 blocks=1000000 txs=159109486 mgas=15140191
Aug 27 13:47:58 nimbus-eth1-mainnet-short-benchmark[113674]: <<< ending startNimbusWithImport (success)
Aug 27 13:47:58 nimbus-eth1-mainnet-short-benchmark[113674]: >>> starting moveBenchmarkingFileToRepo
Aug 27 13:47:58 nimbus-eth1-mainnet-short-benchmark[113674]: >>> copying debug-csv generated by nimbus to benchmarks repo
Aug 27 13:47:58 nimbus-eth1-mainnet-short-benchmark[113674]: <<< ending moveBenchmarkingFileToRepo (success)
Aug 27 13:47:58 nimbus-eth1-mainnet-short-benchmark[113674]: >>> starting generateBuildEnvironmentLogFile
Aug 27 13:48:06 nimbus-eth1-mainnet-short-benchmark[113674]: <<< ending generateBuildEnvironmentLogFile (success)
Aug 27 13:48:06 nimbus-eth1-mainnet-short-benchmark[113674]: >>> starting generateSystemdServiceLogs
