Aug 25 21:32:53 nimbus-eth1-mainnet-short-benchmark[3883806]: >>> starting cloneOrFetchBenchmarksRepo
Aug 25 21:32:53 nimbus-eth1-mainnet-short-benchmark[3883806]: >>> Fetching latest changes for nimbus-eth1-benchmarks...
Aug 25 21:32:55 nimbus-eth1-mainnet-short-benchmark[3883853]: HEAD is now at 4dc487f chore: update short benchmark Readme
Aug 25 21:32:55 nimbus-eth1-mainnet-short-benchmark[3883806]: <<< ending cloneOrFetchBenchmarksRepo (success)
Aug 25 21:32:55 nimbus-eth1-mainnet-short-benchmark[3883806]: >>> starting cloneOrFetchNimbusRepo
Aug 25 21:33:04 nimbus-eth1-mainnet-short-benchmark[3883806]: >>> Fetching latest changes for nimbus-eth1...
Aug 25 21:33:05 nimbus-eth1-mainnet-short-benchmark[3884211]: From https://github.com/status-im/nimbus-eth1
Aug 25 21:33:05 nimbus-eth1-mainnet-short-benchmark[3884211]:    fd0ad03c9..b6a7bbc12  master                  -> origin/master
Aug 25 21:33:05 nimbus-eth1-mainnet-short-benchmark[3884211]:  * [new branch]          stateroot-larger-queues -> origin/stateroot-larger-queues
Aug 25 21:33:05 nimbus-eth1-mainnet-short-benchmark[3884211]:    f04d87666..4a8dcb323  wasm-deploy             -> origin/wasm-deploy
Aug 25 21:33:05 nimbus-eth1-mainnet-short-benchmark[3884222]: HEAD is now at b6a7bbc12 stateless: split JSON witness tests into a separate test module (#4684)
Aug 25 21:33:05 nimbus-eth1-mainnet-short-benchmark[3883806]: >>> Found last benchmarked commit: a90ef467
Aug 25 21:33:05 nimbus-eth1-mainnet-short-benchmark[3883806]: >>> Using next commit: 0322100b59506f4a16b107f980e38e25a7783e4e
Aug 25 21:33:05 nimbus-eth1-mainnet-short-benchmark[3884238]: HEAD is now at 0322100b5 avoid expensive, pointless proof blob computation (#4594)
Aug 25 21:33:05 nimbus-eth1-mainnet-short-benchmark[3883806]: >>> Current commit: 0322100b5
Aug 25 21:33:05 nimbus-eth1-mainnet-short-benchmark[3883806]: <<< ending cloneOrFetchNimbusRepo (success)
Aug 25 21:33:05 nimbus-eth1-mainnet-short-benchmark[3883806]: >>> starting buildBinaries
Aug 25 21:33:05 nimbus-eth1-mainnet-short-benchmark[3883806]: >>> Building binaries for commit 0322100b...
Aug 25 21:33:13 nimbus-eth1-mainnet-short-benchmark[3889729]: Building: Nim compiler
Aug 25 21:36:04 nimbus-eth1-mainnet-short-benchmark[3889729]: Building custom Nimble commit: 42ef70c2102a942c46f13eb76872326edd525cec
Aug 25 21:36:14 nimbus-eth1-mainnet-short-benchmark[3889729]: Building Nimble...
Aug 25 21:36:24 nimbus-eth1-mainnet-short-benchmark[3889729]: Replacing nimble binary...
Aug 25 21:36:31 nimbus-eth1-mainnet-short-benchmark[3906073]: cp: cannot stat '/data/status-im/nimbus-eth1/build/*': No such file or directory
Aug 25 21:36:31 nimbus-eth1-mainnet-short-benchmark[3906043]: ROCKSDB VERSION NOT FOUND
Aug 25 21:36:32 nimbus-eth1-mainnet-short-benchmark[3906196]: make[1]: Entering directory '/data/status-im/nimbus-eth1/vendor/nim-rocksdb/vendor/rocksdb'
Aug 25 21:36:32 nimbus-eth1-mainnet-short-benchmark[3906196]: $DEBUG_LEVEL is 0, $LIB_MODE is static
Aug 25 21:36:32 nimbus-eth1-mainnet-short-benchmark[3906196]: make[1]: Leaving directory '/data/status-im/nimbus-eth1/vendor/nim-rocksdb/vendor/rocksdb'
Aug 25 21:36:32 nimbus-eth1-mainnet-short-benchmark[3906641]: Cleaning up RocksDb build artifacts.
Aug 25 21:36:33 nimbus-eth1-mainnet-short-benchmark[3906079]: Building RocksDb static libraries.
Aug 25 21:39:46 nimbus-eth1-mainnet-short-benchmark[3910162]: Building: build/nimbus_execution_client
Aug 25 21:42:18 nimbus-eth1-mainnet-short-benchmark[3883806]: >>> renaming binaries to match commit they were built from
Aug 25 21:42:18 nimbus-eth1-mainnet-short-benchmark[3883806]: >>> creating a symbolic link to the latest version
Aug 25 21:42:18 nimbus-eth1-mainnet-short-benchmark[3883806]: >>> deleting copies that are older than N days
Aug 25 21:42:18 nimbus-eth1-mainnet-short-benchmark[3883806]: <<< ending buildBinaries (success)
Aug 25 21:42:18 nimbus-eth1-mainnet-short-benchmark[3883806]: >>> starting skipOrContinueBenchmark
Aug 25 21:42:18 nimbus-eth1-mainnet-short-benchmark[3883806]: <<< ending skipOrContinueBenchmark (success)
Aug 25 21:42:18 nimbus-eth1-mainnet-short-benchmark[3883806]: >>> starting copyTemplateDatabase
Aug 25 21:42:18 nimbus-eth1-mainnet-short-benchmark[3883806]: >>> Copying template db into nimbus data directory
Aug 25 21:45:31 nimbus-eth1-mainnet-short-benchmark[3883806]: >>> Template db copied
Aug 25 21:45:31 nimbus-eth1-mainnet-short-benchmark[3883806]: >>> making nimbus the owner of the copied files
Aug 25 21:45:31 nimbus-eth1-mainnet-short-benchmark[3883806]: <<< ending copyTemplateDatabase (success)
Aug 25 21:45:31 nimbus-eth1-mainnet-short-benchmark[3883806]: >>> starting startNimbusWithImport
Aug 25 21:45:31 nimbus-eth1-mainnet-short-benchmark[3915836]: INF 2026-08-25 21:45:31.716+00:00 Launching execution client                 version=v0.4.0-0322100b config="(configFile: none(InputFile), dataDirFlag: some(/data/status-im/nimbus-eth1/data/shared_mainnet_0), era1DirFlag: some(/data/era1), eraDirFlag: some(/data/era), ereDirFlag: none(OutDir), keyStoreDirFlag: none(OutDir), importKey: , trustedSetupFile: none(string), extraData: Nimbus/v0.4.0-0322100b, gasLimit: none(uint64), maxBlobs: none(byte), network: [mainnet], logLevel: INFO, logFormat: auto, metricsEnabled: false, metricsPort: 9093, metricsAddress: 127.0.0.1, bootstrapNodes: [], elBootstrapNodes: [], bootstrapFile: , elBootstrapFile: , staticPeers: [], staticPeersFile: , reconnectMaxRetry: 0, reconnectInterval: 15, listenAddress: ::, tcpPort: 30303, udpPortFlag: none(Port), maxPeersOpt: none(int), elMaxPeersOpt: none(int), nat: (hasExtIp: false, nat: NatAny), discv5: true, netKey: random, agentString: Nimbus/v0.4.0-0322100b/linux-amd64/Nim-2.2.10, numThreads: 0, persistBatchSize: 4, dynamicBatchSize: false, rocksdbMaxOpenFiles: 2048, rocksdbWriteBufferSize: 67108864, rocksdbRowCacheSize: 0, rocksdbBlockCacheSize: 2147483648, rocksdbBlockCacheType: hyperclock, rdbVtxCacheSize: 536870912, rdbKeyCacheSize: 1342177280, rdbBranchCacheSize: 1073741824, rdbPrintStats: false, rewriteDatadirId: true, aristoDbMaxSnapshots: 5, parallelStateRootComputation: false, parallelSenderRecovery: true, optimisticStatePrefetch: false, balStatePrefetch: false, balStatePrefetchWorkers: 0, balParallelExecution: false, eagerStateRootCheck: false, deserializeFcState: true, statelessProvider: false, statelessWitnessValidation: false, cmd: import, maxBlocks: 1000000, chunkSize: 8192, csvStats: some("/data/host-benchmarks/short/62f6a13e45484f5f9e2a9b7552e1d374/blocks-import-benchmark.csv"), validation: false, fullValidation: false, storeBodies: false, storeReceipts: false, storeSlotHashes: false)"
Aug 25 21:45:31 nimbus-eth1-mainnet-short-benchmark[3915836]: WRN 2026-08-25 21:45:31.732+00:00 Data directory has insecure permissions. Correcting them. data_dir=/data/status-im/nimbus-eth1/data/shared_mainnet_0 current_permissions=0755 required_permissions=0700
Aug 25 21:45:33 nimbus-eth1-mainnet-short-benchmark[3915836]: INF 2026-08-25 21:45:33.592+00:00 Taskpool started                           numThreads=16
Aug 25 21:45:33 nimbus-eth1-mainnet-short-benchmark[3915836]: INF 2026-08-25 21:45:33.720+00:00 Writing data dir ID                        ID=0x0a036d6f6dfe59156bb6359f0243c93d5a421ed688de5aa85a62d15dca8dbd5c
Aug 25 21:45:33 nimbus-eth1-mainnet-short-benchmark[3915836]: INF 2026-08-25 21:45:33.744+00:00 Database initialized                       base="(0xd24fd73f794058a3807db926d8898c6481e902b7edb91ce0d479d6760f276183, 20000000)" finalized="(0xd24fd73f794058a3807db926d8898c6481e902b7edb91ce0d479d6760f276183, 20000000)" head="(0xd4e56740f876aef8c010b86a40d5f56745a118d0906a34e69aec8c0db1cb8fa3, 0)"
Aug 25 21:45:33 nimbus-eth1-mainnet-short-benchmark[3915836]: NTC 2026-08-25 21:45:33.744+00:00 Could not open ere database, falling back to era1/era import ereDir=/data/status-im/nimbus-eth1/data/shared_mainnet_0/ere networkName=mainnet error="No ere files found in /data/status-im/nimbus-eth1/data/shared_mainnet_0/ere"
Aug 25 21:45:33 nimbus-eth1-mainnet-short-benchmark[3915836]: NTC 2026-08-25 21:45:33.744+00:00 Importing era archive                      blockNumber=20000001 dataDir=/data/status-im/nimbus-eth1/data/shared_mainnet_0 eraDir=/data/era
Aug 25 21:45:36 nimbus-eth1-mainnet-short-benchmark[3915836]: NTC 2026-08-25 21:45:36.027+00:00 Matched block to slot number               blockNumber=20000001 slot=9204783
Aug 25 21:51:46 nimbus-eth1-mainnet-short-benchmark[3915836]: INF 2026-08-25 21:51:46.526+00:00 Imported blocks                            blockNumber=20008193 slot=9213020 blocks=8192 txs=1226966 mgas=124237 bps=21.98 tps=3291 mgps=333.3 avgBps=21.98 avgTps=3291 avgMGps=333.3 elapsed=6m12s785ms
Aug 25 21:57:20 nimbus-eth1-mainnet-short-benchmark[3915836]: INF 2026-08-25 21:57:20.425+00:00 Imported blocks                            blockNumber=20016385 slot=9221256 blocks=16384 txs=2540380 mgas=248071 bps=24.53 tps=3933 mgps=370.9 avgBps=23.18 avgTps=3594 avgMGps=351.0 elapsed=11m46s685ms
Aug 25 22:02:39 nimbus-eth1-mainnet-short-benchmark[3915836]: INF 2026-08-25 22:02:39.881+00:00 Imported blocks                            blockNumber=20024577 slot=9229485 blocks=24576 txs=3869398 mgas=372018 bps=25.64 tps=4160 mgps=388.0 avgBps=23.95 avgTps=3770 avgMGps=362.5 elapsed=17m6s140ms
Aug 25 22:07:26 nimbus-eth1-mainnet-short-benchmark[3915836]: INF 2026-08-25 22:07:26.317+00:00 Imported blocks                            blockNumber=20032769 slot=9237722 blocks=32768 txs=5222766 mgas=495797 bps=28.60 tps=4724 mgps=432.1 avgBps=24.96 avgTps=3979 avgMGps=377.7 elapsed=21m52s575ms
Aug 25 22:12:00 nimbus-eth1-mainnet-short-benchmark[3915836]: INF 2026-08-25 22:12:00.737+00:00 Imported blocks                            blockNumber=20040961 slot=9245957 blocks=40960 txs=6566802 mgas=619586 bps=29.85 tps=4897 mgps=451.1 avgBps=25.81 avgTps=4137 avgMGps=390.4 elapsed=26m26s997ms
Aug 25 22:16:57 nimbus-eth1-mainnet-short-benchmark[3915836]: INF 2026-08-25 22:16:57.117+00:00 Imported blocks                            blockNumber=20049153 slot=9254196 blocks=49152 txs=7904746 mgas=743522 bps=27.64 tps=4514 mgps=418.2 avgBps=26.10 avgTps=4197 avgMGps=394.8 elapsed=31m23s375ms
Aug 25 22:21:43 nimbus-eth1-mainnet-short-benchmark[3915836]: INF 2026-08-25 22:21:43.913+00:00 Imported blocks                            blockNumber=20057345 slot=9262435 blocks=57344 txs=9212009 mgas=867360 bps=28.56 tps=4558 mgps=431.8 avgBps=26.42 avgTps=4244 avgMGps=399.7 elapsed=36m10s172ms
Aug 25 22:26:09 nimbus-eth1-mainnet-short-benchmark[3915836]: INF 2026-08-25 22:26:09.725+00:00 Imported blocks                            blockNumber=20065537 slot=9270674 blocks=65536 txs=10559018 mgas=991371 bps=30.82 tps=5067 mgps=466.5 avgBps=26.90 avgTps=4334 avgMGps=407.0 elapsed=40m35s985ms
Aug 25 22:30:20 nimbus-eth1-mainnet-short-benchmark[3915836]: INF 2026-08-25 22:30:20.309+00:00 Imported blocks                            blockNumber=20073729 slot=9278910 blocks=73728 txs=11898676 mgas=1115111 bps=32.69 tps=5346 mgps=493.8 avgBps=27.44 avgTps=4428 avgMGps=415.1 elapsed=44m46s568ms
Aug 25 22:34:20 nimbus-eth1-mainnet-short-benchmark[3915836]: INF 2026-08-25 22:34:20.930+00:00 Imported blocks                            blockNumber=20081921 slot=9287152 blocks=81920 txs=13323263 mgas=1239150 bps=34.05 tps=5920 mgps=515.5 avgBps=27.99 avgTps=4551 avgMGps=423.3 elapsed=48m47s189ms
Aug 25 22:38:22 nimbus-eth1-mainnet-short-benchmark[3915836]: INF 2026-08-25 22:38:22.718+00:00 Imported blocks                            blockNumber=20090113 slot=9295408 blocks=90112 txs=14697082 mgas=1363113 bps=33.88 tps=5681 mgps=512.7 avgBps=28.44 avgTps=4637 avgMGps=430.1 elapsed=52m48s976ms
Aug 25 22:42:40 nimbus-eth1-mainnet-short-benchmark[3915836]: INF 2026-08-25 22:42:40.147+00:00 Imported blocks                            blockNumber=20098305 slot=9303658 blocks=98304 txs=16025683 mgas=1487146 bps=31.82 tps=5161 mgps=481.8 avgBps=28.69 avgTps=4677 avgMGps=434.0 elapsed=57m6s403ms
Aug 25 22:47:05 nimbus-eth1-mainnet-short-benchmark[3915836]: INF 2026-08-25 22:47:05.607+00:00 Imported blocks                            blockNumber=20106497 slot=9311895 blocks=106496 txs=17337157 mgas=1611066 bps=30.86 tps=4940 mgps=466.8 avgBps=28.85 avgTps=4696 avgMGps=436.4 elapsed=1h1m31s
Aug 25 22:51:17 nimbus-eth1-mainnet-short-benchmark[3915836]: INF 2026-08-25 22:51:17.935+00:00 Imported blocks                            blockNumber=20114689 slot=9320146 blocks=114688 txs=18632097 mgas=1735123 bps=32.47 tps=5131 mgps=491.6 avgBps=29.08 avgTps=4723 avgMGps=439.9 elapsed=1h5m44s
Aug 25 22:55:15 nimbus-eth1-mainnet-short-benchmark[3915836]: INF 2026-08-25 22:55:15.464+00:00 Imported blocks                            blockNumber=20122881 slot=9328409 blocks=122880 txs=19937418 mgas=1859249 bps=34.49 tps=5495 mgps=522.6 avgBps=29.39 avgTps=4767 avgMGps=444.6 elapsed=1h9m41s
Aug 25 22:59:11 nimbus-eth1-mainnet-short-benchmark[3915836]: INF 2026-08-25 22:59:11.901+00:00 Imported blocks                            blockNumber=20131073 slot=9336660 blocks=131072 txs=21214129 mgas=1983500 bps=34.65 tps=5399 mgps=525.5 avgBps=29.67 avgTps=4801 avgMGps=448.9 elapsed=1h13m38s
Aug 25 23:03:04 nimbus-eth1-mainnet-short-benchmark[3915836]: INF 2026-08-25 23:03:04.389+00:00 Imported blocks                            blockNumber=20139265 slot=9344906 blocks=139264 txs=22579079 mgas=2107571 bps=35.24 tps=5870 mgps=533.7 avgBps=29.95 avgTps=4855 avgMGps=453.2 elapsed=1h17m30s
Aug 25 23:07:41 nimbus-eth1-mainnet-short-benchmark[3915836]: INF 2026-08-25 23:07:41.729+00:00 Imported blocks                            blockNumber=20147457 slot=9353153 blocks=147456 txs=24133322 mgas=2231686 bps=29.54 tps=5604 mgps=447.5 avgBps=29.92 avgTps=4897 avgMGps=452.9 elapsed=1h22m7s
Aug 25 23:12:09 nimbus-eth1-mainnet-short-benchmark[3915836]: INF 2026-08-25 23:12:09.205+00:00 Imported blocks                            blockNumber=20155649 slot=9361407 blocks=155648 txs=25424015 mgas=2356018 bps=30.63 tps=4825 mgps=464.8 avgBps=29.96 avgTps=4893 avgMGps=453.5 elapsed=1h26m35s
Aug 25 23:16:15 nimbus-eth1-mainnet-short-benchmark[3915836]: INF 2026-08-25 23:16:15.526+00:00 Imported blocks                            blockNumber=20163841 slot=9369652 blocks=163840 txs=26749549 mgas=2480207 bps=33.26 tps=5381 mgps=504.2 avgBps=30.11 avgTps=4915 avgMGps=455.8 elapsed=1h30m41s
Aug 25 23:20:16 nimbus-eth1-mainnet-short-benchmark[3915836]: INF 2026-08-25 23:20:16.302+00:00 Imported blocks                            blockNumber=20172033 slot=9377892 blocks=172032 txs=28105316 mgas=2604026 bps=34.02 tps=5630 mgps=514.3 avgBps=30.27 avgTps=4945 avgMGps=458.2 elapsed=1h34m42s
Aug 25 23:24:23 nimbus-eth1-mainnet-short-benchmark[3915836]: INF 2026-08-25 23:24:22.999+00:00 Imported blocks                            blockNumber=20180225 slot=9386128 blocks=180224 txs=29524405 mgas=2728170 bps=33.21 tps=5752 mgps=503.2 avgBps=30.40 avgTps=4979 avgMGps=460.1 elapsed=1h38m49s
Aug 25 23:28:11 nimbus-eth1-mainnet-short-benchmark[3915836]: INF 2026-08-25 23:28:11.384+00:00 Imported blocks                            blockNumber=20188417 slot=9394365 blocks=188416 txs=30849021 mgas=2852023 bps=35.87 tps=5799 mgps=542.3 avgBps=30.60 avgTps=5009 avgMGps=463.2 elapsed=1h42m37s
Aug 25 23:32:23 nimbus-eth1-mainnet-short-benchmark[3915836]: INF 2026-08-25 23:32:23.760+00:00 Imported blocks                            blockNumber=20196609 slot=9402602 blocks=196608 txs=32174755 mgas=2976155 bps=32.46 tps=5253 mgps=491.9 avgBps=30.67 avgTps=5019 avgMGps=464.3 elapsed=1h46m50s
Aug 25 23:36:53 nimbus-eth1-mainnet-short-benchmark[3915836]: INF 2026-08-25 23:36:53.616+00:00 Imported blocks                            blockNumber=20204801 slot=9410840 blocks=204800 txs=33475942 mgas=3100410 bps=30.36 tps=4821 mgps=460.5 avgBps=30.66 avgTps=5011 avgMGps=464.1 elapsed=1h51m19s
Aug 25 23:41:01 nimbus-eth1-mainnet-short-benchmark[3915836]: INF 2026-08-25 23:41:01.457+00:00 Imported blocks                            blockNumber=20212993 slot=9419071 blocks=212992 txs=34798508 mgas=3224370 bps=33.05 tps=5336 mgps=500.2 avgBps=30.74 avgTps=5023 avgMGps=465.4 elapsed=1h55m27s
Aug 25 23:45:02 nimbus-eth1-mainnet-short-benchmark[3915836]: INF 2026-08-25 23:45:02.989+00:00 Imported blocks                            blockNumber=20221185 slot=9427313 blocks=221184 txs=36114045 mgas=3348169 bps=33.92 tps=5446 mgps=512.6 avgBps=30.85 avgTps=5037 avgMGps=467.0 elapsed=1h59m29s
Aug 25 23:48:45 nimbus-eth1-mainnet-short-benchmark[3915836]: INF 2026-08-25 23:48:45.122+00:00 Imported blocks                            blockNumber=20229377 slot=9435549 blocks=229376 txs=37421794 mgas=3472031 bps=36.88 tps=5887 mgps=557.6 avgBps=31.03 avgTps=5062 avgMGps=469.7 elapsed=2h3m11s
Aug 25 23:52:36 nimbus-eth1-mainnet-short-benchmark[3915836]: INF 2026-08-25 23:52:36.755+00:00 Imported blocks                            blockNumber=20237569 slot=9443788 blocks=237568 txs=38842064 mgas=3596351 bps=35.37 tps=6131 mgps=536.7 avgBps=31.16 avgTps=5095 avgMGps=471.8 elapsed=2h7m3s
Aug 25 23:56:45 nimbus-eth1-mainnet-short-benchmark[3915836]: INF 2026-08-25 23:56:45.675+00:00 Imported blocks                            blockNumber=20245761 slot=9452021 blocks=245760 txs=40225739 mgas=3720100 bps=32.91 tps=5558 mgps=497.1 avgBps=31.22 avgTps=5110 avgMGps=472.6 elapsed=2h11m11s
Aug 26 00:01:12 nimbus-eth1-mainnet-short-benchmark[3915836]: INF 2026-08-26 00:01:12.795+00:00 Imported blocks                            blockNumber=20253953 slot=9460253 blocks=253952 txs=41454921 mgas=3844385 bps=30.67 tps=4601 mgps=465.3 avgBps=31.20 avgTps=5093 avgMGps=472.3 elapsed=2h15m39s
Aug 26 00:05:26 nimbus-eth1-mainnet-short-benchmark[3915836]: INF 2026-08-26 00:05:26.776+00:00 Imported blocks                            blockNumber=20262145 slot=9468495 blocks=262144 txs=42726051 mgas=3968623 bps=32.25 tps=5004 mgps=489.2 avgBps=31.23 avgTps=5090 avgMGps=472.8 elapsed=2h19m53s
Aug 26 00:09:22 nimbus-eth1-mainnet-short-benchmark[3915836]: INF 2026-08-26 00:09:22.528+00:00 Imported blocks                            blockNumber=20270337 slot=9476748 blocks=270336 txs=44050436 mgas=4092682 bps=34.75 tps=5617 mgps=526.2 avgBps=31.33 avgTps=5105 avgMGps=474.3 elapsed=2h23m48s
Aug 26 00:13:03 nimbus-eth1-mainnet-short-benchmark[3915836]: INF 2026-08-26 00:13:03.045+00:00 Imported blocks                            blockNumber=20278529 slot=9484981 blocks=278528 txs=45382368 mgas=4216487 bps=37.15 tps=6040 mgps=561.4 avgBps=31.47 avgTps=5128 avgMGps=476.5 elapsed=2h27m29s
Aug 26 00:16:48 nimbus-eth1-mainnet-short-benchmark[3915836]: INF 2026-08-26 00:16:48.078+00:00 Imported blocks                            blockNumber=20286721 slot=9493213 blocks=286720 txs=46733429 mgas=4340363 bps=36.40 tps=6003 mgps=550.5 avgBps=31.60 avgTps=5150 avgMGps=478.3 elapsed=2h31m14s
Aug 26 00:20:54 nimbus-eth1-mainnet-short-benchmark[3915836]: INF 2026-08-26 00:20:54.823+00:00 Imported blocks                            blockNumber=20294913 slot=9501453 blocks=294912 txs=48075887 mgas=4464376 bps=33.20 tps=5440 mgps=502.6 avgBps=31.64 avgTps=5157 avgMGps=479.0 elapsed=2h35m21s
Aug 26 00:24:58 nimbus-eth1-mainnet-short-benchmark[3915836]: INF 2026-08-26 00:24:58.315+00:00 Imported blocks                            blockNumber=20303105 slot=9509696 blocks=303104 txs=49379538 mgas=4588534 bps=33.64 tps=5353 mgps=509.9 avgBps=31.69 avgTps=5162 avgMGps=479.7 elapsed=2h39m24s
Aug 26 00:28:54 nimbus-eth1-mainnet-short-benchmark[3915836]: INF 2026-08-26 00:28:54.364+00:00 Imported blocks                            blockNumber=20311297 slot=9517922 blocks=311296 txs=50637672 mgas=4712596 bps=34.70 tps=5329 mgps=525.6 avgBps=31.76 avgTps=5166 avgMGps=480.8 elapsed=2h43m20s
Aug 26 00:32:40 nimbus-eth1-mainnet-short-benchmark[3915836]: INF 2026-08-26 00:32:40.756+00:00 Imported blocks                            blockNumber=20319489 slot=9526159 blocks=319488 txs=51981692 mgas=4836521 bps=36.18 tps=5936 mgps=547.4 avgBps=31.86 avgTps=5184 avgMGps=482.3 elapsed=2h47m7s
Aug 26 00:36:09 nimbus-eth1-mainnet-short-benchmark[3915836]: INF 2026-08-26 00:36:09.478+00:00 Imported blocks                            blockNumber=20327681 slot=9534381 blocks=327680 txs=53356123 mgas=4960245 bps=39.25 tps=6585 mgps=592.8 avgBps=32.01 avgTps=5212 avgMGps=484.6 elapsed=2h50m35s
Aug 26 00:39:38 nimbus-eth1-mainnet-short-benchmark[3915836]: INF 2026-08-26 00:39:38.083+00:00 Imported blocks                            blockNumber=20335873 slot=9542617 blocks=335872 txs=54719105 mgas=5084025 bps=39.27 tps=6533 mgps=593.4 avgBps=32.16 avgTps=5239 avgMGps=486.8 elapsed=2h54m4s
Aug 26 00:43:23 nimbus-eth1-mainnet-short-benchmark[3915836]: INF 2026-08-26 00:43:23.883+00:00 Imported blocks                            blockNumber=20344065 slot=9550841 blocks=344064 txs=56021853 mgas=5207843 bps=36.28 tps=5769 mgps=548.4 avgBps=32.25 avgTps=5250 avgMGps=488.1 elapsed=2h57m50s
Aug 26 00:47:41 nimbus-eth1-mainnet-short-benchmark[3915836]: INF 2026-08-26 00:47:41.632+00:00 Imported blocks                            blockNumber=20352257 slot=9559072 blocks=352256 txs=57290408 mgas=5332016 bps=31.78 tps=4921 mgps=481.8 avgBps=32.23 avgTps=5242 avgMGps=487.9 elapsed=3h2m7s
Aug 26 00:51:36 nimbus-eth1-mainnet-short-benchmark[3915836]: INF 2026-08-26 00:51:36.800+00:00 Imported blocks                            blockNumber=20360449 slot=9567308 blocks=360448 txs=58543463 mgas=5456201 bps=34.83 tps=5328 mgps=528.1 avgBps=32.29 avgTps=5244 avgMGps=488.8 elapsed=3h6m3s
Aug 26 00:55:23 nimbus-eth1-mainnet-short-benchmark[3915836]: INF 2026-08-26 00:55:23.237+00:00 Imported blocks                            blockNumber=20368641 slot=9575548 blocks=368640 txs=59874056 mgas=5580204 bps=36.18 tps=5876 mgps=547.6 avgBps=32.37 avgTps=5256 avgMGps=489.9 elapsed=3h9m49s
Aug 26 00:59:18 nimbus-eth1-mainnet-short-benchmark[3915836]: INF 2026-08-26 00:59:18.106+00:00 Imported blocks                            blockNumber=20376833 slot=9583774 blocks=376832 txs=61167066 mgas=5704396 bps=34.88 tps=5505 mgps=528.8 avgBps=32.42 avgTps=5261 avgMGps=490.7 elapsed=3h13m44s
Aug 26 01:03:10 nimbus-eth1-mainnet-short-benchmark[3915836]: INF 2026-08-26 01:03:10.942+00:00 Imported blocks                            blockNumber=20385025 slot=9592009 blocks=385024 txs=62480333 mgas=5828235 bps=35.18 tps=5640 mgps=531.9 avgBps=32.47 avgTps=5269 avgMGps=491.5 elapsed=3h17m37s
Aug 26 01:07:01 nimbus-eth1-mainnet-short-benchmark[3915836]: INF 2026-08-26 01:07:01.479+00:00 Imported blocks                            blockNumber=20393217 slot=9600248 blocks=393216 txs=63800597 mgas=5952136 bps=35.53 tps=5726 mgps=537.4 avgBps=32.53 avgTps=5278 avgMGps=492.4 elapsed=3h21m27s
Aug 26 01:10:43 nimbus-eth1-mainnet-short-benchmark[3915836]: INF 2026-08-26 01:10:43.388+00:00 Imported blocks                            blockNumber=20401409 slot=9608486 blocks=401408 txs=65021243 mgas=6076384 bps=36.92 tps=5500 mgps=559.9 avgBps=32.61 avgTps=5282 avgMGps=493.6 elapsed=3h25m9s
Aug 26 01:14:39 nimbus-eth1-mainnet-short-benchmark[3915836]: INF 2026-08-26 01:14:39.453+00:00 Imported blocks                            blockNumber=20409601 slot=9616707 blocks=409600 txs=66199016 mgas=6200666 bps=34.70 tps=4989 mgps=526.5 avgBps=32.65 avgTps=5276 avgMGps=494.2 elapsed=3h29m5s
Aug 26 01:18:28 nimbus-eth1-mainnet-short-benchmark[3915836]: INF 2026-08-26 01:18:28.617+00:00 Imported blocks                            blockNumber=20417793 slot=9624941 blocks=417792 txs=67453930 mgas=6324823 bps=35.75 tps=5476 mgps=541.8 avgBps=32.70 avgTps=5280 avgMGps=495.1 elapsed=3h32m54s
Aug 26 01:21:49 nimbus-eth1-mainnet-short-benchmark[3915836]: INF 2026-08-26 01:21:49.938+00:00 Imported blocks                            blockNumber=20425985 slot=9633187 blocks=425984 txs=68814904 mgas=6448778 bps=40.69 tps=6760 mgps=615.7 avgBps=32.83 avgTps=5303 avgMGps=497.0 elapsed=3h36m16s
Aug 26 01:25:11 nimbus-eth1-mainnet-short-benchmark[3915836]: INF 2026-08-26 01:25:11.308+00:00 Imported blocks                            blockNumber=20434177 slot=9641422 blocks=434176 txs=70124508 mgas=6572711 bps=40.68 tps=6503 mgps=615.5 avgBps=32.95 avgTps=5321 avgMGps=498.8 elapsed=3h39m37s
Aug 26 01:28:41 nimbus-eth1-mainnet-short-benchmark[3915836]: INF 2026-08-26 01:28:41.933+00:00 Imported blocks                            blockNumber=20442369 slot=9649657 blocks=442368 txs=71403576 mgas=6696451 bps=38.89 tps=6072 mgps=587.5 avgBps=33.04 avgTps=5333 avgMGps=500.2 elapsed=3h43m8s
Aug 26 01:32:35 nimbus-eth1-mainnet-short-benchmark[3915836]: INF 2026-08-26 01:32:35.797+00:00 Imported blocks                            blockNumber=20450561 slot=9657896 blocks=450560 txs=72659905 mgas=6820521 bps=35.03 tps=5372 mgps=530.5 avgBps=33.08 avgTps=5333 avgMGps=500.7 elapsed=3h47m2s
Aug 26 01:36:47 nimbus-eth1-mainnet-short-benchmark[3915836]: INF 2026-08-26 01:36:47.726+00:00 Imported blocks                            blockNumber=20458753 slot=9666114 blocks=458752 txs=73838533 mgas=6945116 bps=32.52 tps=4678 mgps=494.6 avgBps=33.07 avgTps=5322 avgMGps=500.6 elapsed=3h51m13s
Aug 26 01:40:37 nimbus-eth1-mainnet-short-benchmark[3915836]: INF 2026-08-26 01:40:37.434+00:00 Imported blocks                            blockNumber=20466945 slot=9674343 blocks=466944 txs=75124748 mgas=7068943 bps=35.66 tps=5599 mgps=539.1 avgBps=33.11 avgTps=5326 avgMGps=501.2 elapsed=3h55m3s
Aug 26 01:44:23 nimbus-eth1-mainnet-short-benchmark[3915836]: INF 2026-08-26 01:44:23.855+00:00 Imported blocks                            blockNumber=20475137 slot=9682575 blocks=475136 txs=76420106 mgas=7192870 bps=36.18 tps=5721 mgps=547.3 avgBps=33.16 avgTps=5332 avgMGps=501.9 elapsed=3h58m50s
Aug 26 01:48:00 nimbus-eth1-mainnet-short-benchmark[3915836]: INF 2026-08-26 01:48:00.332+00:00 Imported blocks                            blockNumber=20483329 slot=9690800 blocks=483328 txs=77675422 mgas=7316939 bps=37.84 tps=5798 mgps=573.1 avgBps=33.23 avgTps=5339 avgMGps=503.0 elapsed=4h2m26s
Aug 26 01:51:35 nimbus-eth1-mainnet-short-benchmark[3915836]: INF 2026-08-26 01:51:35.157+00:00 Imported blocks                            blockNumber=20491521 slot=9699019 blocks=491520 txs=78951232 mgas=7440784 bps=38.13 tps=5938 mgps=576.5 avgBps=33.30 avgTps=5348 avgMGps=504.1 elapsed=4h6m1s
Aug 26 01:55:25 nimbus-eth1-mainnet-short-benchmark[3915836]: INF 2026-08-26 01:55:25.406+00:00 Imported blocks                            blockNumber=20499713 slot=9707248 blocks=499712 txs=80189642 mgas=7564669 bps=35.58 tps=5378 mgps=538.1 avgBps=33.33 avgTps=5348 avgMGps=504.6 elapsed=4h9m51s
Aug 26 01:59:21 nimbus-eth1-mainnet-short-benchmark[3915836]: INF 2026-08-26 01:59:21.766+00:00 Imported blocks                            blockNumber=20507905 slot=9715488 blocks=507904 txs=81317763 mgas=7689208 bps=34.66 tps=4772 mgps=526.9 avgBps=33.35 avgTps=5340 avgMGps=504.9 elapsed=4h13m48s
Aug 26 02:02:51 nimbus-eth1-mainnet-short-benchmark[3915836]: INF 2026-08-26 02:02:51.179+00:00 Imported blocks                            blockNumber=20516097 slot=9723715 blocks=516096 txs=82520262 mgas=7813209 bps=39.12 tps=5742 mgps=592.1 avgBps=33.43 avgTps=5345 avgMGps=506.1 elapsed=4h17m17s
Aug 26 02:06:32 nimbus-eth1-mainnet-short-benchmark[3915836]: INF 2026-08-26 02:06:32.568+00:00 Imported blocks                            blockNumber=20524289 slot=9731945 blocks=524288 txs=83780075 mgas=7937233 bps=37.00 tps=5690 mgps=560.2 avgBps=33.48 avgTps=5350 avgMGps=506.9 elapsed=4h20m58s
Aug 26 02:10:16 nimbus-eth1-mainnet-short-benchmark[3915836]: INF 2026-08-26 02:10:16.957+00:00 Imported blocks                            blockNumber=20532481 slot=9740183 blocks=532480 txs=85263862 mgas=8061024 bps=36.51 tps=6612 mgps=551.7 avgBps=33.52 avgTps=5368 avgMGps=507.5 elapsed=4h24m43s
Aug 26 02:14:08 nimbus-eth1-mainnet-short-benchmark[3915836]: INF 2026-08-26 02:14:07.998+00:00 Imported blocks                            blockNumber=20540673 slot=9748418 blocks=540672 txs=86612143 mgas=8185090 bps=35.46 tps=5835 mgps=537.0 avgBps=33.55 avgTps=5374 avgMGps=507.9 elapsed=4h28m34s
Aug 26 02:18:06 nimbus-eth1-mainnet-short-benchmark[3915836]: INF 2026-08-26 02:18:06.354+00:00 Imported blocks                            blockNumber=20548865 slot=9756662 blocks=548864 txs=87802991 mgas=8309513 bps=34.37 tps=4996 mgps=522.0 avgBps=33.56 avgTps=5369 avgMGps=508.1 elapsed=4h32m32s
Aug 26 02:22:03 nimbus-eth1-mainnet-short-benchmark[3915836]: INF 2026-08-26 02:22:03.219+00:00 Imported blocks                            blockNumber=20557057 slot=9764892 blocks=557056 txs=88964987 mgas=8433956 bps=34.58 tps=4905 mgps=525.4 avgBps=33.58 avgTps=5362 avgMGps=508.4 elapsed=4h36m29s
Aug 26 02:25:47 nimbus-eth1-mainnet-short-benchmark[3915836]: INF 2026-08-26 02:25:47.524+00:00 Imported blocks                            blockNumber=20565249 slot=9773131 blocks=565248 txs=90186094 mgas=8558113 bps=36.52 tps=5444 mgps=553.5 avgBps=33.62 avgTps=5363 avgMGps=509.0 elapsed=4h40m13s
Aug 26 02:29:34 nimbus-eth1-mainnet-short-benchmark[3915836]: INF 2026-08-26 02:29:34.473+00:00 Imported blocks                            blockNumber=20573441 slot=9781369 blocks=573440 txs=91404654 mgas=8682228 bps=36.10 tps=5369 mgps=546.9 avgBps=33.65 avgTps=5363 avgMGps=509.5 elapsed=4h44m731ms
Aug 26 02:33:16 nimbus-eth1-mainnet-short-benchmark[3915836]: INF 2026-08-26 02:33:16.501+00:00 Imported blocks                            blockNumber=20581633 slot=9789611 blocks=581632 txs=92628389 mgas=8806651 bps=36.90 tps=5511 mgps=560.4 avgBps=33.69 avgTps=5365 avgMGps=510.2 elapsed=4h47m42s
Aug 26 02:37:05 nimbus-eth1-mainnet-short-benchmark[3915836]: INF 2026-08-26 02:37:05.366+00:00 Imported blocks                            blockNumber=20589825 slot=9797855 blocks=589824 txs=93887208 mgas=8931023 bps=35.79 tps=5500 mgps=543.4 avgBps=33.72 avgTps=5367 avgMGps=510.6 elapsed=4h51m31s
Aug 26 02:41:00 nimbus-eth1-mainnet-short-benchmark[3915836]: INF 2026-08-26 02:41:00.059+00:00 Imported blocks                            blockNumber=20598017 slot=9806095 blocks=598016 txs=95163338 mgas=9055310 bps=34.91 tps=5437 mgps=529.6 avgBps=33.74 avgTps=5368 avgMGps=510.8 elapsed=4h55m26s
Aug 26 02:44:54 nimbus-eth1-mainnet-short-benchmark[3915836]: INF 2026-08-26 02:44:54.395+00:00 Imported blocks                            blockNumber=20606209 slot=9814347 blocks=606208 txs=96334664 mgas=9179976 bps=34.96 tps=4998 mgps=532.0 avgBps=33.75 avgTps=5363 avgMGps=511.1 elapsed=4h59m20s
Aug 26 02:48:37 nimbus-eth1-mainnet-short-benchmark[3915836]: INF 2026-08-26 02:48:37.332+00:00 Imported blocks                            blockNumber=20614401 slot=9822581 blocks=614400 txs=97573414 mgas=9304574 bps=36.75 tps=5556 mgps=558.9 avgBps=33.79 avgTps=5366 avgMGps=511.7 elapsed=5h3m3s
Aug 26 02:52:22 nimbus-eth1-mainnet-short-benchmark[3915836]: INF 2026-08-26 02:52:22.749+00:00 Imported blocks                            blockNumber=20622593 slot=9830821 blocks=622592 txs=98874772 mgas=9428835 bps=36.34 tps=5773 mgps=551.3 avgBps=33.82 avgTps=5370 avgMGps=512.2 elapsed=5h6m49s
Aug 26 02:55:58 nimbus-eth1-mainnet-short-benchmark[3915836]: INF 2026-08-26 02:55:58.830+00:00 Imported blocks                            blockNumber=20630785 slot=9839058 blocks=630784 txs=100178707 mgas=9553009 bps=37.91 tps=6034 mgps=574.7 avgBps=33.87 avgTps=5378 avgMGps=512.9 elapsed=5h10m25s
Aug 26 02:59:45 nimbus-eth1-mainnet-short-benchmark[3915836]: INF 2026-08-26 02:59:45.259+00:00 Imported blocks                            blockNumber=20638977 slot=9847313 blocks=638976 txs=101489116 mgas=9677171 bps=36.18 tps=5787 mgps=548.4 avgBps=33.90 avgTps=5383 avgMGps=513.3 elapsed=5h14m11s
Aug 26 03:03:30 nimbus-eth1-mainnet-short-benchmark[3915836]: INF 2026-08-26 03:03:30.420+00:00 Imported blocks                            blockNumber=20647169 slot=9855549 blocks=647168 txs=102730058 mgas=9801643 bps=36.38 tps=5511 mgps=552.8 avgBps=33.92 avgTps=5385 avgMGps=513.8 elapsed=5h17m56s
Aug 26 03:07:29 nimbus-eth1-mainnet-short-benchmark[3915836]: INF 2026-08-26 03:07:29.448+00:00 Imported blocks                            blockNumber=20655361 slot=9863778 blocks=655360 txs=103868002 mgas=9926541 bps=34.27 tps=4760 mgps=522.5 avgBps=33.93 avgTps=5377 avgMGps=513.9 elapsed=5h21m55s
Aug 26 03:11:09 nimbus-eth1-mainnet-short-benchmark[3915836]: INF 2026-08-26 03:11:09.533+00:00 Imported blocks                            blockNumber=20663553 slot=9872013 blocks=663552 txs=105112198 mgas=10051274 bps=37.22 tps=5653 mgps=566.7 avgBps=33.97 avgTps=5380 avgMGps=514.5 elapsed=5h25m35s
Aug 26 03:14:40 nimbus-eth1-mainnet-short-benchmark[3915836]: INF 2026-08-26 03:14:40.294+00:00 Imported blocks                            blockNumber=20671745 slot=9880241 blocks=671744 txs=106395904 mgas=10175177 bps=38.87 tps=6090 mgps=587.9 avgBps=34.02 avgTps=5388 avgMGps=515.3 elapsed=5h29m6s
Aug 26 03:18:16 nimbus-eth1-mainnet-short-benchmark[3915836]: INF 2026-08-26 03:18:16.315+00:00 Imported blocks                            blockNumber=20679937 slot=9888471 blocks=679936 txs=107674271 mgas=10299404 bps=37.92 tps=5917 mgps=575.1 avgBps=34.06 avgTps=5393 avgMGps=515.9 elapsed=5h32m42s
Aug 26 03:21:42 nimbus-eth1-mainnet-short-benchmark[3915836]: INF 2026-08-26 03:21:42.144+00:00 Imported blocks                            blockNumber=20688129 slot=9896698 blocks=688128 txs=108938536 mgas=10423298 bps=39.80 tps=6142 mgps=601.9 avgBps=34.12 avgTps=5401 avgMGps=516.8 elapsed=5h36m8s
Aug 26 03:25:20 nimbus-eth1-mainnet-short-benchmark[3915836]: INF 2026-08-26 03:25:20.477+00:00 Imported blocks                            blockNumber=20696321 slot=9904930 blocks=696320 txs=110235786 mgas=10547469 bps=37.52 tps=5941 mgps=568.7 avgBps=34.16 avgTps=5407 avgMGps=517.4 elapsed=5h39m46s
Aug 26 03:29:15 nimbus-eth1-mainnet-short-benchmark[3915836]: INF 2026-08-26 03:29:15.254+00:00 Imported blocks                            blockNumber=20704513 slot=9913154 blocks=704512 txs=111483759 mgas=10671677 bps=34.89 tps=5315 mgps=529.1 avgBps=34.16 avgTps=5406 avgMGps=517.5 elapsed=5h43m41s
Aug 26 03:32:56 nimbus-eth1-mainnet-short-benchmark[3915836]: INF 2026-08-26 03:32:56.786+00:00 Imported blocks                            blockNumber=20712705 slot=9921388 blocks=712704 txs=112764170 mgas=10795980 bps=36.98 tps=5779 mgps=561.1 avgBps=34.19 avgTps=5410 avgMGps=518.0 elapsed=5h47m23s
Aug 26 03:36:24 nimbus-eth1-mainnet-short-benchmark[3915836]: INF 2026-08-26 03:36:24.163+00:00 Imported blocks                            blockNumber=20720897 slot=9929633 blocks=720896 txs=114110517 mgas=10919926 bps=39.50 tps=6492 mgps=597.7 avgBps=34.25 avgTps=5420 avgMGps=518.8 elapsed=5h50m50s
Aug 26 03:39:57 nimbus-eth1-mainnet-short-benchmark[3915836]: INF 2026-08-26 03:39:57.896+00:00 Imported blocks                            blockNumber=20729089 slot=9937869 blocks=729088 txs=115449431 mgas=11043768 bps=38.33 tps=6264 mgps=579.4 avgBps=34.29 avgTps=5429 avgMGps=519.4 elapsed=5h54m24s
Aug 26 03:43:24 nimbus-eth1-mainnet-short-benchmark[3915836]: INF 2026-08-26 03:43:24.861+00:00 Imported blocks                            blockNumber=20737281 slot=9946108 blocks=737280 txs=116784468 mgas=11167784 bps=39.58 tps=6450 mgps=599.2 avgBps=34.34 avgTps=5439 avgMGps=520.1 elapsed=5h57m51s
Aug 26 03:47:00 nimbus-eth1-mainnet-short-benchmark[3915836]: INF 2026-08-26 03:47:00.470+00:00 Imported blocks                            blockNumber=20745473 slot=9954342 blocks=745472 txs=118101003 mgas=11291742 bps=37.99 tps=6106 mgps=574.9 avgBps=34.37 avgTps=5445 avgMGps=520.7 elapsed=6h1m26s
Aug 26 03:50:53 nimbus-eth1-mainnet-short-benchmark[3915836]: INF 2026-08-26 03:50:53.035+00:00 Imported blocks                            blockNumber=20753665 slot=9962581 blocks=753664 txs=119337525 mgas=11415859 bps=35.22 tps=5316 mgps=533.7 avgBps=34.38 avgTps=5444 avgMGps=520.8 elapsed=6h5m19s
Aug 26 03:54:33 nimbus-eth1-mainnet-short-benchmark[3915836]: INF 2026-08-26 03:54:33.540+00:00 Imported blocks                            blockNumber=20761857 slot=9970803 blocks=761856 txs=120564314 mgas=11540225 bps=37.15 tps=5563 mgps=564.0 avgBps=34.41 avgTps=5445 avgMGps=521.2 elapsed=6h8m59s
Aug 26 03:58:00 nimbus-eth1-mainnet-short-benchmark[3915836]: INF 2026-08-26 03:58:00.609+00:00 Imported blocks                            blockNumber=20770049 slot=9979058 blocks=770048 txs=121858083 mgas=11663918 bps=39.56 tps=6247 mgps=597.3 avgBps=34.46 avgTps=5453 avgMGps=521.9 elapsed=6h12m26s
Aug 26 04:01:19 nimbus-eth1-mainnet-short-benchmark[3915836]: INF 2026-08-26 04:01:19.794+00:00 Imported blocks                            blockNumber=20778241 slot=9987307 blocks=778240 txs=123161734 mgas=11787906 bps=41.13 tps=6545 mgps=622.5 avgBps=34.52 avgTps=5462 avgMGps=522.8 elapsed=6h15m46s
Aug 26 04:04:34 nimbus-eth1-mainnet-short-benchmark[3915836]: INF 2026-08-26 04:04:34.595+00:00 Imported blocks                            blockNumber=20786433 slot=9995542 blocks=786432 txs=124509456 mgas=11911612 bps=42.05 tps=6918 mgps=635.0 avgBps=34.58 avgTps=5475 avgMGps=523.8 elapsed=6h19m853ms
Aug 26 04:07:53 nimbus-eth1-mainnet-short-benchmark[3915836]: INF 2026-08-26 04:07:53.825+00:00 Imported blocks                            blockNumber=20794625 slot=10003781 blocks=794624 txs=125848921 mgas=12035338 bps=41.12 tps=6723 mgps=621.0 avgBps=34.64 avgTps=5485 avgMGps=524.6 elapsed=6h22m20s
Aug 26 04:11:18 nimbus-eth1-mainnet-short-benchmark[3915836]: INF 2026-08-26 04:11:18.198+00:00 Imported blocks                            blockNumber=20802817 slot=10012028 blocks=802816 txs=127089868 mgas=12158989 bps=40.08 tps=6071 mgps=605.0 avgBps=34.69 avgTps=5491 avgMGps=525.4 elapsed=6h25m44s
Aug 26 04:14:51 nimbus-eth1-mainnet-short-benchmark[3915836]: INF 2026-08-26 04:14:51.095+00:00 Imported blocks                            blockNumber=20811009 slot=10020249 blocks=811008 txs=128299762 mgas=12282850 bps=38.48 tps=5683 mgps=581.8 avgBps=34.72 avgTps=5492 avgMGps=525.9 elapsed=6h29m17s
Aug 26 04:18:10 nimbus-eth1-mainnet-short-benchmark[3915836]: INF 2026-08-26 04:18:10.724+00:00 Imported blocks                            blockNumber=20819201 slot=10028481 blocks=819200 txs=129596319 mgas=12406594 bps=41.04 tps=6494 mgps=619.9 avgBps=34.78 avgTps=5501 avgMGps=526.7 elapsed=6h32m36s
Aug 26 04:21:28 nimbus-eth1-mainnet-short-benchmark[3915836]: INF 2026-08-26 04:21:28.765+00:00 Imported blocks                            blockNumber=20827393 slot=10036710 blocks=827392 txs=130916729 mgas=12530249 bps=41.36 tps=6667 mgps=624.4 avgBps=34.83 avgTps=5511 avgMGps=527.5 elapsed=6h35m55s
Aug 26 04:24:46 nimbus-eth1-mainnet-short-benchmark[3915836]: INF 2026-08-26 04:24:46.394+00:00 Imported blocks                            blockNumber=20835585 slot=10044938 blocks=835584 txs=132226625 mgas=12654070 bps=41.45 tps=6628 mgps=626.5 avgBps=34.88 avgTps=5520 avgMGps=528.3 elapsed=6h39m12s
Aug 26 04:28:17 nimbus-eth1-mainnet-short-benchmark[3915836]: INF 2026-08-26 04:28:17.095+00:00 Imported blocks                            blockNumber=20843777 slot=10053164 blocks=843776 txs=133604192 mgas=12777730 bps=38.88 tps=6538 mgps=586.9 avgBps=34.92 avgTps=5529 avgMGps=528.8 elapsed=6h42m43s
Aug 26 04:32:12 nimbus-eth1-mainnet-short-benchmark[3915836]: INF 2026-08-26 04:32:12.368+00:00 Imported blocks                            blockNumber=20851969 slot=10061391 blocks=851968 txs=134900706 mgas=12901664 bps=34.82 tps=5510 mgps=526.8 avgBps=34.92 avgTps=5529 avgMGps=528.8 elapsed=6h46m38s
Aug 26 04:35:56 nimbus-eth1-mainnet-short-benchmark[3915836]: INF 2026-08-26 04:35:56.489+00:00 Imported blocks                            blockNumber=20860161 slot=10069622 blocks=860160 txs=136168750 mgas=13025603 bps=36.55 tps=5657 mgps=553.0 avgBps=34.93 avgTps=5530 avgMGps=529.0 elapsed=6h50m22s
Aug 26 04:39:38 nimbus-eth1-mainnet-short-benchmark[3915836]: INF 2026-08-26 04:39:38.501+00:00 Imported blocks                            blockNumber=20868353 slot=10077838 blocks=868352 txs=137550724 mgas=13149742 bps=36.90 tps=6224 mgps=559.2 avgBps=34.95 avgTps=5536 avgMGps=529.3 elapsed=6h54m4s
Aug 26 04:43:17 nimbus-eth1-mainnet-short-benchmark[3915836]: INF 2026-08-26 04:43:17.910+00:00 Imported blocks                            blockNumber=20876545 slot=10086066 blocks=876544 txs=138954673 mgas=13273457 bps=37.34 tps=6398 mgps=563.9 avgBps=34.97 avgTps=5543 avgMGps=529.6 elapsed=6h57m44s
Aug 26 04:46:52 nimbus-eth1-mainnet-short-benchmark[3915836]: INF 2026-08-26 04:46:52.571+00:00 Imported blocks                            blockNumber=20884737 slot=10094286 blocks=884736 txs=140256178 mgas=13397479 bps=38.16 tps=6063 mgps=577.8 avgBps=35.00 avgTps=5548 avgMGps=530.0 elapsed=7h1m18s
Aug 26 04:50:21 nimbus-eth1-mainnet-short-benchmark[3915836]: INF 2026-08-26 04:50:21.252+00:00 Imported blocks                            blockNumber=20892929 slot=10102512 blocks=892928 txs=141581868 mgas=13521575 bps=39.26 tps=6352 mgps=594.7 avgBps=35.03 avgTps=5554 avgMGps=530.5 elapsed=7h4m47s
Aug 26 04:53:50 nimbus-eth1-mainnet-short-benchmark[3915836]: INF 2026-08-26 04:53:50.717+00:00 Imported blocks                            blockNumber=20901121 slot=10110732 blocks=901120 txs=142875889 mgas=13645572 bps=39.11 tps=6177 mgps=592.0 avgBps=35.07 avgTps=5560 avgMGps=531.0 elapsed=7h8m16s
Aug 26 04:57:21 nimbus-eth1-mainnet-short-benchmark[3915836]: INF 2026-08-26 04:57:21.258+00:00 Imported blocks                            blockNumber=20909313 slot=10118953 blocks=909312 txs=144102308 mgas=13769390 bps=38.91 tps=5825 mgps=588.1 avgBps=35.10 avgTps=5562 avgMGps=531.5 elapsed=7h11m47s
Aug 26 05:00:46 nimbus-eth1-mainnet-short-benchmark[3915836]: INF 2026-08-26 05:00:46.263+00:00 Imported blocks                            blockNumber=20917505 slot=10127176 blocks=917504 txs=145406349 mgas=13893087 bps=39.96 tps=6361 mgps=603.4 avgBps=35.14 avgTps=5568 avgMGps=532.0 elapsed=7h15m12s
Aug 26 05:04:01 nimbus-eth1-mainnet-short-benchmark[3915836]: INF 2026-08-26 05:04:01.673+00:00 Imported blocks                            blockNumber=20925697 slot=10135394 blocks=925696 txs=146718394 mgas=14016820 bps=41.92 tps=6714 mgps=633.2 avgBps=35.19 avgTps=5576 avgMGps=532.8 elapsed=7h18m27s
Aug 26 05:07:31 nimbus-eth1-mainnet-short-benchmark[3915836]: INF 2026-08-26 05:07:31.418+00:00 Imported blocks                            blockNumber=20933889 slot=10143614 blocks=933888 txs=148049109 mgas=14140625 bps=39.06 tps=6344 mgps=590.3 avgBps=35.22 avgTps=5583 avgMGps=533.3 elapsed=7h21m57s
Aug 26 05:10:52 nimbus-eth1-mainnet-short-benchmark[3915836]: INF 2026-08-26 05:10:52.403+00:00 Imported blocks                            blockNumber=20942081 slot=10151840 blocks=942080 txs=149397364 mgas=14264352 bps=40.76 tps=6708 mgps=615.6 avgBps=35.26 avgTps=5591 avgMGps=533.9 elapsed=7h25m18s
Aug 26 05:14:17 nimbus-eth1-mainnet-short-benchmark[3915836]: INF 2026-08-26 05:14:17.912+00:00 Imported blocks                            blockNumber=20950273 slot=10160098 blocks=950272 txs=150765507 mgas=14388237 bps=39.86 tps=6657 mgps=602.8 avgBps=35.29 avgTps=5599 avgMGps=534.4 elapsed=7h28m44s
Aug 26 05:17:59 nimbus-eth1-mainnet-short-benchmark[3915836]: INF 2026-08-26 05:17:59.673+00:00 Imported blocks                            blockNumber=20958465 slot=10168363 blocks=958464 txs=152044771 mgas=14511987 bps=36.94 tps=5768 mgps=558.0 avgBps=35.31 avgTps=5601 avgMGps=534.6 elapsed=7h32m25s
Aug 26 05:21:31 nimbus-eth1-mainnet-short-benchmark[3915836]: INF 2026-08-26 05:21:31.978+00:00 Imported blocks                            blockNumber=20966657 slot=10176609 blocks=966656 txs=153365296 mgas=14635804 bps=38.59 tps=6219 mgps=583.2 avgBps=35.33 avgTps=5605 avgMGps=535.0 elapsed=7h35m58s
Aug 26 05:24:59 nimbus-eth1-mainnet-short-benchmark[3915836]: INF 2026-08-26 05:24:59.367+00:00 Imported blocks                            blockNumber=20974849 slot=10184849 blocks=974848 txs=154744917 mgas=14759580 bps=39.50 tps=6652 mgps=596.8 avgBps=35.36 avgTps=5613 avgMGps=535.4 elapsed=7h39m25s
Aug 26 05:28:33 nimbus-eth1-mainnet-short-benchmark[3915836]: INF 2026-08-26 05:28:33.936+00:00 Imported blocks                            blockNumber=20983041 slot=10193086 blocks=983040 txs=156055229 mgas=14883451 bps=38.18 tps=6106 mgps=577.3 avgBps=35.39 avgTps=5617 avgMGps=535.8 elapsed=7h43m194ms
Aug 26 05:31:44 nimbus-eth1-mainnet-short-benchmark[3915836]: INF 2026-08-26 05:31:44.457+00:00 Imported blocks                            blockNumber=20991233 slot=10201319 blocks=991232 txs=157563202 mgas=15007557 bps=43.00 tps=7914 mgps=651.4 avgBps=35.44 avgTps=5633 avgMGps=536.5 elapsed=7h46m10s
Aug 26 05:35:24 nimbus-eth1-mainnet-short-benchmark[3915836]: INF 2026-08-26 05:35:24.254+00:00 Imported blocks                            blockNumber=20999425 slot=10209549 blocks=999424 txs=159003277 mgas=15131383 bps=37.27 tps=6551 mgps=563.4 avgBps=35.45 avgTps=5640 avgMGps=536.8 elapsed=7h49m50s
Aug 26 05:35:40 nimbus-eth1-mainnet-short-benchmark[3915836]: INF 2026-08-26 05:35:40.062+00:00 Imported blocks                            blockNumber=21000001 slot=10210128 blocks=1000000 txs=159109486 mgas=15140191 bps=36.44 tps=6719 mgps=557.2 avgBps=35.45 avgTps=5640 avgMGps=536.8 elapsed=7h50m6s
Aug 26 05:35:40 nimbus-eth1-mainnet-short-benchmark[3915836]: NTC 2026-08-26 05:35:40.062+00:00 Import complete                            blockNumber=21000001 slot=10210128 blocks=1000000 txs=159109486 mgas=15140191
Aug 26 05:35:40 nimbus-eth1-mainnet-short-benchmark[3883806]: <<< ending startNimbusWithImport (success)
Aug 26 05:35:40 nimbus-eth1-mainnet-short-benchmark[3883806]: >>> starting moveBenchmarkingFileToRepo
Aug 26 05:35:40 nimbus-eth1-mainnet-short-benchmark[3883806]: >>> copying debug-csv generated by nimbus to benchmarks repo
Aug 26 05:35:41 nimbus-eth1-mainnet-short-benchmark[3883806]: <<< ending moveBenchmarkingFileToRepo (success)
Aug 26 05:35:41 nimbus-eth1-mainnet-short-benchmark[3883806]: >>> starting generateBuildEnvironmentLogFile
Aug 26 05:35:49 nimbus-eth1-mainnet-short-benchmark[3883806]: <<< ending generateBuildEnvironmentLogFile (success)
Aug 26 05:35:49 nimbus-eth1-mainnet-short-benchmark[3883806]: >>> starting generateSystemdServiceLogs
