Sep 12 04:47:06 nimbus-eth1-mainnet-short-benchmark[1972112]: >>> starting cloneOrFetchBenchmarksRepo
Sep 12 04:47:06 nimbus-eth1-mainnet-short-benchmark[1972112]: >>> Fetching latest changes for nimbus-eth1-benchmarks...
Sep 12 04:47:08 nimbus-eth1-mainnet-short-benchmark[1972172]: HEAD is now at c8826ab chore: update short benchmark Readme
Sep 12 04:47:08 nimbus-eth1-mainnet-short-benchmark[1972112]: <<< ending cloneOrFetchBenchmarksRepo (success)
Sep 12 04:47:08 nimbus-eth1-mainnet-short-benchmark[1972112]: >>> starting cloneOrFetchNimbusRepo
Sep 12 04:47:18 nimbus-eth1-mainnet-short-benchmark[1972112]: >>> Fetching latest changes for nimbus-eth1...
Sep 12 04:47:19 nimbus-eth1-mainnet-short-benchmark[1972518]: From https://github.com/status-im/nimbus-eth1
Sep 12 04:47:19 nimbus-eth1-mainnet-short-benchmark[1972518]:    15f9bf04a..7f13c2e20  master     -> origin/master
Sep 12 04:47:19 nimbus-eth1-mainnet-short-benchmark[1972528]: HEAD is now at 7f13c2e20 engine_api: getBlobsV4 should check against Amsterdam fork, not Osaka (#4778)
Sep 12 04:47:19 nimbus-eth1-mainnet-short-benchmark[1972112]: >>> Found last benchmarked commit: 5de8f6bb
Sep 12 04:47:19 nimbus-eth1-mainnet-short-benchmark[1972112]: >>> Using next commit: 319c64880fd4f68ac11ec5a2adcc509cda0acfad
Sep 12 04:47:19 nimbus-eth1-mainnet-short-benchmark[1972544]: HEAD is now at 319c64880 build(deps): bump vendor/nim-presto from `8549aa9` to `e07ae5d` (#4734)
Sep 12 04:47:19 nimbus-eth1-mainnet-short-benchmark[1972112]: >>> Current commit: 319c64880
Sep 12 04:47:19 nimbus-eth1-mainnet-short-benchmark[1972112]: <<< ending cloneOrFetchNimbusRepo (success)
Sep 12 04:47:19 nimbus-eth1-mainnet-short-benchmark[1972112]: >>> starting buildBinaries
Sep 12 04:47:19 nimbus-eth1-mainnet-short-benchmark[1972112]: >>> Building binaries for commit 319c6488...
Sep 12 04:47:21 nimbus-eth1-mainnet-short-benchmark[1973760]: Submodule path 'vendor/nim-presto': checked out 'e07ae5ddfe6ae17e238a0cd7a366e1ee6886bec0'
Sep 12 04:47:27 nimbus-eth1-mainnet-short-benchmark[1978078]: Building: Nim compiler
Sep 12 04:50:23 nimbus-eth1-mainnet-short-benchmark[1978078]: Building custom Nimble commit: 42ef70c2102a942c46f13eb76872326edd525cec
Sep 12 04:50:33 nimbus-eth1-mainnet-short-benchmark[1978078]: Building Nimble...
Sep 12 04:50:43 nimbus-eth1-mainnet-short-benchmark[1978078]: Replacing nimble binary...
Sep 12 04:50:50 nimbus-eth1-mainnet-short-benchmark[1994758]: Building: build/generate_makefile
Sep 12 04:50:50 nimbus-eth1-mainnet-short-benchmark[1994624]: ROCKSDB CACHED VERSION: 11.8.1
Sep 12 04:50:50 nimbus-eth1-mainnet-short-benchmark[1995024]: RocksDb static libraries already built. Skipping build.
Sep 12 04:50:51 nimbus-eth1-mainnet-short-benchmark[1994758]: Build completed successfully: build/generate_makefile
Sep 12 04:50:51 nimbus-eth1-mainnet-short-benchmark[1995081]: Building: build/nimbus_execution_client
Sep 12 04:53:13 nimbus-eth1-mainnet-short-benchmark[1995081]: Build completed successfully: build/nimbus_execution_client
Sep 12 04:53:13 nimbus-eth1-mainnet-short-benchmark[1972112]: >>> renaming binaries to match commit they were built from
Sep 12 04:53:13 nimbus-eth1-mainnet-short-benchmark[1972112]: >>> creating a symbolic link to the latest version
Sep 12 04:53:13 nimbus-eth1-mainnet-short-benchmark[1972112]: >>> deleting copies that are older than N days
Sep 12 04:53:13 nimbus-eth1-mainnet-short-benchmark[1972112]: <<< ending buildBinaries (success)
Sep 12 04:53:13 nimbus-eth1-mainnet-short-benchmark[1972112]: >>> starting skipOrContinueBenchmark
Sep 12 04:53:13 nimbus-eth1-mainnet-short-benchmark[1972112]: <<< ending skipOrContinueBenchmark (success)
Sep 12 04:53:13 nimbus-eth1-mainnet-short-benchmark[1972112]: >>> starting copyTemplateDatabase
Sep 12 04:53:13 nimbus-eth1-mainnet-short-benchmark[1972112]: >>> Copying template db into nimbus data directory
Sep 12 04:56:20 nimbus-eth1-mainnet-short-benchmark[1972112]: >>> Template db copied
Sep 12 04:56:20 nimbus-eth1-mainnet-short-benchmark[1972112]: >>> making nimbus the owner of the copied files
Sep 12 04:56:20 nimbus-eth1-mainnet-short-benchmark[1972112]: <<< ending copyTemplateDatabase (success)
Sep 12 04:56:20 nimbus-eth1-mainnet-short-benchmark[1972112]: >>> starting startNimbusWithImport
Sep 12 04:56:21 nimbus-eth1-mainnet-short-benchmark[2000748]: INF 2026-09-12 04:56:21.148+00:00 Launching execution client                 version=v0.4.0-319c6488 config="(configFile: none(InputFile), dataDirFlag: some(/data/status-im/nimbus-eth1/data/shared_mainnet_0), era1DirFlag: some(/data/era1), eraDirFlag: some(/data/era), ereDirFlag: none(OutDir), keyStoreDirFlag: none(OutDir), importKey: , trustedSetupFile: none(string), extraData: Nimbus/v0.4.0-319c6488, gasLimit: none(uint64), maxBlobs: none(byte), network: [mainnet], logLevel: INFO, logFormat: auto, metricsEnabled: false, metricsPort: 9093, metricsAddress: 127.0.0.1, bootstrapNodes: [], elBootstrapNodes: [], bootstrapFile: , elBootstrapFile: , staticPeers: [], staticPeersFile: , reconnectMaxRetry: 0, reconnectInterval: 15, listenAddress: ::, tcpPort: 30303, udpPortFlag: none(Port), maxPeersOpt: none(int), elMaxPeersOpt: none(int), nat: (hasExtIp: false, nat: NatAny), discv5: true, netKey: random, agentString: Nimbus/v0.4.0-319c6488/linux-amd64/Nim-2.2.12, numThreads: 0, persistBatchSize: 4, dynamicBatchSize: false, rocksdbMaxOpenFiles: 2048, rocksdbWriteBufferSize: 67108864, rocksdbRowCacheSize: 0, rocksdbBlockCacheSize: 2147483648, rocksdbBlockCacheType: hyperclock, rdbVtxCacheSize: 536870912, rdbKeyCacheSize: 1342177280, rdbBranchCacheSize: 1073741824, rdbPrintStats: false, rewriteDatadirId: true, aristoDbMaxSnapshots: 5, parallelStateRootComputation: false, parallelSenderRecovery: true, optimisticStatePrefetch: false, balStatePrefetch: false, balStatePrefetchWorkers: 0, balParallelExecution: false, balPruning: true, eagerStateRootCheck: false, deserializeFcState: true, statelessProvider: false, statelessWitnessValidation: false, cmd: import, maxBlocks: 1000000, chunkSize: 8192, csvStats: some("/data/host-benchmarks/short/a3ad6df304464b5a8f0ac440f43087e0/blocks-import-benchmark.csv"), validation: false, fullValidation: false, storeBodies: false, storeReceipts: false, storeSlotHashes: false)"
Sep 12 04:56:21 nimbus-eth1-mainnet-short-benchmark[2000748]: WRN 2026-09-12 04:56:21.164+00:00 Data directory has insecure permissions. Correcting them. data_dir=/data/status-im/nimbus-eth1/data/shared_mainnet_0 current_permissions=0755 required_permissions=0700
Sep 12 04:56:23 nimbus-eth1-mainnet-short-benchmark[2000748]: INF 2026-09-12 04:56:23.036+00:00 Taskpool started                           numThreads=16
Sep 12 04:56:23 nimbus-eth1-mainnet-short-benchmark[2000748]: CreateIOUring failed: Invalid argument (errno=22), thread=140276143140096
Sep 12 04:56:23 nimbus-eth1-mainnet-short-benchmark[2000748]: INF 2026-09-12 04:56:23.160+00:00 Database initialized                       base="(0xd24fd73f794058a3807db926d8898c6481e902b7edb91ce0d479d6760f276183, 20000000)" finalized="(0xd24fd73f794058a3807db926d8898c6481e902b7edb91ce0d479d6760f276183, 20000000)" head="(0xd4e56740f876aef8c010b86a40d5f56745a118d0906a34e69aec8c0db1cb8fa3, 0)"
Sep 12 04:56:23 nimbus-eth1-mainnet-short-benchmark[2000748]: NTC 2026-09-12 04:56:23.160+00:00 Could not open ere database, falling back to era1/era import ereDir=/data/status-im/nimbus-eth1/data/shared_mainnet_0/ere networkName=mainnet error="No ere files found in /data/status-im/nimbus-eth1/data/shared_mainnet_0/ere"
Sep 12 04:56:23 nimbus-eth1-mainnet-short-benchmark[2000748]: NTC 2026-09-12 04:56:23.160+00:00 Importing era archive                      blockNumber=20000001 dataDir=/data/status-im/nimbus-eth1/data/shared_mainnet_0 eraDir=/data/era
Sep 12 04:56:25 nimbus-eth1-mainnet-short-benchmark[2000748]: NTC 2026-09-12 04:56:25.568+00:00 Matched block to slot number               blockNumber=20000001 slot=9204783
Sep 12 05:02:28 nimbus-eth1-mainnet-short-benchmark[2000748]: INF 2026-09-12 05:02:28.567+00:00 Imported blocks                            blockNumber=20008193 slot=9213020 blocks=8192 txs=1226966 mgas=124237 bps=22.42 tps=3357 mgps=340.0 avgBps=22.42 avgTps=3357 avgMGps=340.0 elapsed=6m5s405ms
Sep 12 05:07:52 nimbus-eth1-mainnet-short-benchmark[2000748]: INF 2026-09-12 05:07:52.366+00:00 Imported blocks                            blockNumber=20016385 slot=9221256 blocks=16384 txs=2540380 mgas=248071 bps=25.30 tps=4056 mgps=382.4 avgBps=23.77 avgTps=3685 avgMGps=359.9 elapsed=11m29s206ms
Sep 12 05:13:00 nimbus-eth1-mainnet-short-benchmark[2000748]: INF 2026-09-12 05:13:00.726+00:00 Imported blocks                            blockNumber=20024577 slot=9229485 blocks=24576 txs=3869398 mgas=372018 bps=26.57 tps=4309 mgps=402.0 avgBps=24.64 avgTps=3878 avgMGps=372.9 elapsed=16m37s566ms
Sep 12 05:17:39 nimbus-eth1-mainnet-short-benchmark[2000748]: INF 2026-09-12 05:17:39.126+00:00 Imported blocks                            blockNumber=20032769 slot=9237722 blocks=32768 txs=5222766 mgas=495797 bps=29.43 tps=4861 mgps=444.6 avgBps=25.68 avgTps=4093 avgMGps=388.6 elapsed=21m15s966ms
Sep 12 05:22:05 nimbus-eth1-mainnet-short-benchmark[2000748]: INF 2026-09-12 05:22:05.926+00:00 Imported blocks                            blockNumber=20040961 slot=9245957 blocks=40960 txs=6566802 mgas=619586 bps=30.70 tps=5037 mgps=464.0 avgBps=26.55 avgTps=4256 avgMGps=401.6 elapsed=25m42s765ms
Sep 12 05:26:54 nimbus-eth1-mainnet-short-benchmark[2000748]: INF 2026-09-12 05:26:54.222+00:00 Imported blocks                            blockNumber=20049153 slot=9254196 blocks=49152 txs=7904746 mgas=743522 bps=28.42 tps=4640 mgps=429.9 avgBps=26.84 avgTps=4317 avgMGps=406.1 elapsed=30m31s62ms
Sep 12 05:31:33 nimbus-eth1-mainnet-short-benchmark[2000748]: INF 2026-09-12 05:31:33.578+00:00 Imported blocks                            blockNumber=20057345 slot=9262435 blocks=57344 txs=9212009 mgas=867360 bps=29.32 tps=4679 mgps=443.3 avgBps=27.17 avgTps=4365 avgMGps=411.0 elapsed=35m10s418ms
Sep 12 05:35:51 nimbus-eth1-mainnet-short-benchmark[2000748]: INF 2026-09-12 05:35:51.134+00:00 Imported blocks                            blockNumber=20065537 slot=9270674 blocks=65536 txs=10559018 mgas=991371 bps=31.81 tps=5229 mgps=481.5 avgBps=27.68 avgTps=4459 avgMGps=418.7 elapsed=39m27s975ms
Sep 12 05:39:54 nimbus-eth1-mainnet-short-benchmark[2000748]: INF 2026-09-12 05:39:54.535+00:00 Imported blocks                            blockNumber=20073729 slot=9278910 blocks=73728 txs=11898676 mgas=1115111 bps=33.66 tps=5503 mgps=508.4 avgBps=28.23 avgTps=4556 avgMGps=427.0 elapsed=43m31s374ms
Sep 12 05:43:48 nimbus-eth1-mainnet-short-benchmark[2000748]: INF 2026-09-12 05:43:48.043+00:00 Imported blocks                            blockNumber=20081921 slot=9287152 blocks=81920 txs=13323263 mgas=1239150 bps=35.08 tps=6100 mgps=531.2 avgBps=28.80 avgTps=4683 avgMGps=435.6 elapsed=47m24s884ms
Sep 12 05:47:39 nimbus-eth1-mainnet-short-benchmark[2000748]: INF 2026-09-12 05:47:39.956+00:00 Imported blocks                            blockNumber=20090113 slot=9295408 blocks=90112 txs=14697082 mgas=1363113 bps=35.32 tps=5923 mgps=534.5 avgBps=29.29 avgTps=4776 avgMGps=443.0 elapsed=51m16s793ms
Sep 12 05:51:49 nimbus-eth1-mainnet-short-benchmark[2000748]: INF 2026-09-12 05:51:49.344+00:00 Imported blocks                            blockNumber=20098305 slot=9303658 blocks=98304 txs=16025683 mgas=1487146 bps=32.85 tps=5327 mgps=497.3 avgBps=29.55 avgTps=4818 avgMGps=447.1 elapsed=55m26s188ms
Sep 12 05:56:07 nimbus-eth1-mainnet-short-benchmark[2000748]: INF 2026-09-12 05:56:07.105+00:00 Imported blocks                            blockNumber=20106497 slot=9311895 blocks=106496 txs=17337157 mgas=1611066 bps=31.78 tps=5087 mgps=480.8 avgBps=29.71 avgTps=4837 avgMGps=449.5 elapsed=59m43s947ms
Sep 12 06:00:10 nimbus-eth1-mainnet-short-benchmark[2000748]: INF 2026-09-12 06:00:10.877+00:00 Imported blocks                            blockNumber=20114689 slot=9320146 blocks=114688 txs=18632097 mgas=1735123 bps=33.61 tps=5312 mgps=508.9 avgBps=29.96 avgTps=4867 avgMGps=453.3 elapsed=1h3m47s
Sep 12 06:04:02 nimbus-eth1-mainnet-short-benchmark[2000748]: INF 2026-09-12 06:04:02.550+00:00 Imported blocks                            blockNumber=20122881 slot=9328409 blocks=122880 txs=19937418 mgas=1859249 bps=35.36 tps=5634 mgps=535.8 avgBps=30.27 avgTps=4911 avgMGps=458.0 elapsed=1h7m39s
Sep 12 06:07:50 nimbus-eth1-mainnet-short-benchmark[2000748]: INF 2026-09-12 06:07:50.691+00:00 Imported blocks                            blockNumber=20131073 slot=9336660 blocks=131072 txs=21214129 mgas=1983500 bps=35.91 tps=5596 mgps=544.6 avgBps=30.57 avgTps=4947 avgMGps=462.6 elapsed=1h11m27s
Sep 12 06:11:37 nimbus-eth1-mainnet-short-benchmark[2000748]: INF 2026-09-12 06:11:37.359+00:00 Imported blocks                            blockNumber=20139265 slot=9344906 blocks=139264 txs=22579079 mgas=2107571 bps=36.14 tps=6021 mgps=547.4 avgBps=30.85 avgTps=5001 avgMGps=466.9 elapsed=1h15m14s
Sep 12 06:16:09 nimbus-eth1-mainnet-short-benchmark[2000748]: INF 2026-09-12 06:16:09.235+00:00 Imported blocks                            blockNumber=20147457 slot=9353153 blocks=147456 txs=24133322 mgas=2231686 bps=30.13 tps=5716 mgps=456.5 avgBps=30.81 avgTps=5042 avgMGps=466.3 elapsed=1h19m46s
Sep 12 06:20:30 nimbus-eth1-mainnet-short-benchmark[2000748]: INF 2026-09-12 06:20:30.488+00:00 Imported blocks                            blockNumber=20155649 slot=9361407 blocks=155648 txs=25424015 mgas=2356018 bps=31.36 tps=4940 mgps=475.9 avgBps=30.84 avgTps=5037 avgMGps=466.8 elapsed=1h24m7s
Sep 12 06:24:31 nimbus-eth1-mainnet-short-benchmark[2000748]: INF 2026-09-12 06:24:31.416+00:00 Imported blocks                            blockNumber=20163841 slot=9369652 blocks=163840 txs=26749549 mgas=2480207 bps=34.00 tps=5501 mgps=515.5 avgBps=30.98 avgTps=5058 avgMGps=469.0 elapsed=1h28m8s
Sep 12 06:28:25 nimbus-eth1-mainnet-short-benchmark[2000748]: INF 2026-09-12 06:28:25.685+00:00 Imported blocks                            blockNumber=20172033 slot=9377892 blocks=172032 txs=28105316 mgas=2604026 bps=34.97 tps=5787 mgps=528.5 avgBps=31.15 avgTps=5089 avgMGps=471.5 elapsed=1h32m2s
Sep 12 06:32:26 nimbus-eth1-mainnet-short-benchmark[2000748]: INF 2026-09-12 06:32:26.489+00:00 Imported blocks                            blockNumber=20180225 slot=9386128 blocks=180224 txs=29524405 mgas=2728170 bps=34.02 tps=5893 mgps=515.5 avgBps=31.27 avgTps=5122 avgMGps=473.4 elapsed=1h36m3s
Sep 12 06:36:07 nimbus-eth1-mainnet-short-benchmark[2000748]: INF 2026-09-12 06:36:07.982+00:00 Imported blocks                            blockNumber=20188417 slot=9394365 blocks=188416 txs=30849021 mgas=2852023 bps=36.99 tps=5980 mgps=559.2 avgBps=31.48 avgTps=5154 avgMGps=476.5 elapsed=1h39m44s
Sep 12 06:40:15 nimbus-eth1-mainnet-short-benchmark[2000748]: INF 2026-09-12 06:40:15.067+00:00 Imported blocks                            blockNumber=20196609 slot=9402602 blocks=196608 txs=32174755 mgas=2976155 bps=33.15 tps=5365 mgps=502.4 avgBps=31.55 avgTps=5162 avgMGps=477.6 elapsed=1h43m51s
Sep 12 06:44:35 nimbus-eth1-mainnet-short-benchmark[2000748]: INF 2026-09-12 06:44:35.363+00:00 Imported blocks                            blockNumber=20204801 slot=9410840 blocks=204800 txs=33475942 mgas=3100410 bps=31.47 tps=4998 mgps=477.4 avgBps=31.55 avgTps=5156 avgMGps=477.6 elapsed=1h48m12s
Sep 12 06:48:37 nimbus-eth1-mainnet-short-benchmark[2000748]: INF 2026-09-12 06:48:37.144+00:00 Imported blocks                            blockNumber=20212993 slot=9419071 blocks=212992 txs=34798508 mgas=3224370 bps=33.88 tps=5470 mgps=512.7 avgBps=31.63 avgTps=5167 avgMGps=478.8 elapsed=1h52m13s
Sep 12 06:52:33 nimbus-eth1-mainnet-short-benchmark[2000748]: INF 2026-09-12 06:52:33.180+00:00 Imported blocks                            blockNumber=20221185 slot=9427313 blocks=221184 txs=36114045 mgas=3348169 bps=34.71 tps=5573 mgps=524.5 avgBps=31.73 avgTps=5181 avgMGps=480.4 elapsed=1h56m10s
Sep 12 06:56:10 nimbus-eth1-mainnet-short-benchmark[2000748]: INF 2026-09-12 06:56:10.101+00:00 Imported blocks                            blockNumber=20229377 slot=9435549 blocks=229376 txs=37421794 mgas=3472031 bps=37.76 tps=6028 mgps=571.0 avgBps=31.92 avgTps=5206 avgMGps=483.1 elapsed=1h59m46s
Sep 12 06:59:56 nimbus-eth1-mainnet-short-benchmark[2000748]: INF 2026-09-12 06:59:56.714+00:00 Imported blocks                            blockNumber=20237569 slot=9443788 blocks=237568 txs=38842064 mgas=3596351 bps=36.15 tps=6267 mgps=548.6 avgBps=32.05 avgTps=5239 avgMGps=485.1 elapsed=2h3m33s
Sep 12 07:03:59 nimbus-eth1-mainnet-short-benchmark[2000748]: INF 2026-09-12 07:03:59.590+00:00 Imported blocks                            blockNumber=20245761 slot=9452021 blocks=245760 txs=40225739 mgas=3720100 bps=33.73 tps=5697 mgps=509.5 avgBps=32.10 avgTps=5253 avgMGps=485.9 elapsed=2h7m36s
Sep 12 07:08:20 nimbus-eth1-mainnet-short-benchmark[2000748]: INF 2026-09-12 07:08:20.299+00:00 Imported blocks                            blockNumber=20253953 slot=9460253 blocks=253952 txs=41454921 mgas=3844385 bps=31.42 tps=4714 mgps=476.7 avgBps=32.08 avgTps=5236 avgMGps=485.6 elapsed=2h11m57s
Sep 12 07:12:26 nimbus-eth1-mainnet-short-benchmark[2000748]: INF 2026-09-12 07:12:26.443+00:00 Imported blocks                            blockNumber=20262145 slot=9468495 blocks=262144 txs=42726051 mgas=3968623 bps=33.28 tps=5164 mgps=504.7 avgBps=32.11 avgTps=5233 avgMGps=486.2 elapsed=2h16m3s
Sep 12 07:16:16 nimbus-eth1-mainnet-short-benchmark[2000748]: INF 2026-09-12 07:16:16.176+00:00 Imported blocks                            blockNumber=20270337 slot=9476748 blocks=270336 txs=44050436 mgas=4092682 bps=35.66 tps=5764 mgps=540.0 avgBps=32.21 avgTps=5248 avgMGps=487.6 elapsed=2h19m53s
Sep 12 07:19:51 nimbus-eth1-mainnet-short-benchmark[2000748]: INF 2026-09-12 07:19:51.205+00:00 Imported blocks                            blockNumber=20278529 slot=9484981 blocks=278528 txs=45382368 mgas=4216487 bps=38.10 tps=6194 mgps=575.7 avgBps=32.36 avgTps=5272 avgMGps=489.8 elapsed=2h23m28s
Sep 12 07:23:30 nimbus-eth1-mainnet-short-benchmark[2000748]: INF 2026-09-12 07:23:30.650+00:00 Imported blocks                            blockNumber=20286721 slot=9493213 blocks=286720 txs=46733429 mgas=4340363 bps=37.33 tps=6156 mgps=564.5 avgBps=32.48 avgTps=5294 avgMGps=491.7 elapsed=2h27m7s
Sep 12 07:27:31 nimbus-eth1-mainnet-short-benchmark[2000748]: INF 2026-09-12 07:27:31.158+00:00 Imported blocks                            blockNumber=20294913 slot=9501453 blocks=294912 txs=48075887 mgas=4464376 bps=34.06 tps=5581 mgps=515.6 avgBps=32.52 avgTps=5301 avgMGps=492.3 elapsed=2h31m7s
Sep 12 07:31:25 nimbus-eth1-mainnet-short-benchmark[2000748]: INF 2026-09-12 07:31:25.879+00:00 Imported blocks                            blockNumber=20303105 slot=9509696 blocks=303104 txs=49379538 mgas=4588534 bps=34.90 tps=5554 mgps=529.0 avgBps=32.58 avgTps=5308 avgMGps=493.2 elapsed=2h35m2s
Sep 12 07:35:15 nimbus-eth1-mainnet-short-benchmark[2000748]: INF 2026-09-12 07:35:15.472+00:00 Imported blocks                            blockNumber=20311297 slot=9517922 blocks=311296 txs=50637672 mgas=4712596 bps=35.68 tps=5479 mgps=540.4 avgBps=32.66 avgTps=5312 avgMGps=494.4 elapsed=2h38m52s
Sep 12 07:38:56 nimbus-eth1-mainnet-short-benchmark[2000748]: INF 2026-09-12 07:38:56.736+00:00 Imported blocks                            blockNumber=20319489 slot=9526159 blocks=319488 txs=51981692 mgas=4836521 bps=37.02 tps=6074 mgps=560.1 avgBps=32.76 avgTps=5329 avgMGps=495.9 elapsed=2h42m33s
Sep 12 07:42:18 nimbus-eth1-mainnet-short-benchmark[2000748]: INF 2026-09-12 07:42:18.797+00:00 Imported blocks                            blockNumber=20327681 slot=9534381 blocks=327680 txs=53356123 mgas=4960245 bps=40.54 tps=6802 mgps=612.3 avgBps=32.91 avgTps=5359 avgMGps=498.2 elapsed=2h45m55s
Sep 12 07:45:37 nimbus-eth1-mainnet-short-benchmark[2000748]: INF 2026-09-12 07:45:37.994+00:00 Imported blocks                            blockNumber=20335873 slot=9542617 blocks=335872 txs=54719105 mgas=5084025 bps=41.13 tps=6842 mgps=621.4 avgBps=33.08 avgTps=5388 avgMGps=500.7 elapsed=2h49m14s
Sep 12 07:49:18 nimbus-eth1-mainnet-short-benchmark[2000748]: INF 2026-09-12 07:49:18.919+00:00 Imported blocks                            blockNumber=20344065 slot=9550841 blocks=344064 txs=56021853 mgas=5207843 bps=37.08 tps=5896 mgps=560.5 avgBps=33.16 avgTps=5399 avgMGps=501.9 elapsed=2h52m55s
Sep 12 07:53:30 nimbus-eth1-mainnet-short-benchmark[2000748]: INF 2026-09-12 07:53:30.603+00:00 Imported blocks                            blockNumber=20352257 slot=9559072 blocks=352256 txs=57290408 mgas=5332016 bps=32.55 tps=5040 mgps=493.4 avgBps=33.15 avgTps=5390 avgMGps=501.7 elapsed=2h57m7s
Sep 12 07:57:18 nimbus-eth1-mainnet-short-benchmark[2000748]: INF 2026-09-12 07:57:18.988+00:00 Imported blocks                            blockNumber=20360449 slot=9567308 blocks=360448 txs=58543463 mgas=5456201 bps=35.87 tps=5486 mgps=543.8 avgBps=33.20 avgTps=5392 avgMGps=502.6 elapsed=3h55s827ms
Sep 12 08:00:59 nimbus-eth1-mainnet-short-benchmark[2000748]: INF 2026-09-12 08:00:59.093+00:00 Imported blocks                            blockNumber=20368641 slot=9575548 blocks=368640 txs=59874056 mgas=5580204 bps=37.22 tps=6045 mgps=563.4 avgBps=33.28 avgTps=5405 avgMGps=503.8 elapsed=3h4m35s
Sep 12 08:04:49 nimbus-eth1-mainnet-short-benchmark[2000748]: INF 2026-09-12 08:04:49.446+00:00 Imported blocks                            blockNumber=20376833 slot=9583774 blocks=376832 txs=61167066 mgas=5704396 bps=35.56 tps=5613 mgps=539.1 avgBps=33.33 avgTps=5410 avgMGps=504.5 elapsed=3h8m26s
Sep 12 08:08:33 nimbus-eth1-mainnet-short-benchmark[2000748]: INF 2026-09-12 08:08:33.682+00:00 Imported blocks                            blockNumber=20385025 slot=9592009 blocks=385024 txs=62480333 mgas=5828235 bps=36.53 tps=5856 mgps=552.3 avgBps=33.39 avgTps=5418 avgMGps=505.5 elapsed=3h12m10s
Sep 12 08:12:17 nimbus-eth1-mainnet-short-benchmark[2000748]: INF 2026-09-12 08:12:17.287+00:00 Imported blocks                            blockNumber=20393217 slot=9600248 blocks=393216 txs=63800597 mgas=5952136 bps=36.64 tps=5904 mgps=554.1 avgBps=33.45 avgTps=5427 avgMGps=506.4 elapsed=3h15m54s
Sep 12 08:15:52 nimbus-eth1-mainnet-short-benchmark[2000748]: INF 2026-09-12 08:15:52.448+00:00 Imported blocks                            blockNumber=20401409 slot=9608486 blocks=401408 txs=65021243 mgas=6076384 bps=38.07 tps=5673 mgps=577.5 avgBps=33.54 avgTps=5432 avgMGps=507.7 elapsed=3h19m29s
Sep 12 08:19:40 nimbus-eth1-mainnet-short-benchmark[2000748]: INF 2026-09-12 08:19:40.697+00:00 Imported blocks                            blockNumber=20409601 slot=9616707 blocks=409600 txs=66199016 mgas=6200666 bps=35.89 tps=5159 mgps=544.5 avgBps=33.58 avgTps=5427 avgMGps=508.4 elapsed=3h23m17s
Sep 12 08:23:21 nimbus-eth1-mainnet-short-benchmark[2000748]: INF 2026-09-12 08:23:21.946+00:00 Imported blocks                            blockNumber=20417793 slot=9624941 blocks=417792 txs=67453930 mgas=6324823 bps=37.03 tps=5672 mgps=561.2 avgBps=33.64 avgTps=5431 avgMGps=509.3 elapsed=3h26m58s
Sep 12 08:26:34 nimbus-eth1-mainnet-short-benchmark[2000748]: INF 2026-09-12 08:26:34.947+00:00 Imported blocks                            blockNumber=20425985 slot=9633187 blocks=425984 txs=68814904 mgas=6448778 bps=42.45 tps=7051 mgps=642.2 avgBps=33.78 avgTps=5456 avgMGps=511.3 elapsed=3h30m11s
Sep 12 08:29:49 nimbus-eth1-mainnet-short-benchmark[2000748]: INF 2026-09-12 08:29:49.648+00:00 Imported blocks                            blockNumber=20434177 slot=9641422 blocks=434176 txs=70124508 mgas=6572711 bps=42.07 tps=6726 mgps=636.5 avgBps=33.90 avgTps=5475 avgMGps=513.2 elapsed=3h33m26s
Sep 12 08:33:14 nimbus-eth1-mainnet-short-benchmark[2000748]: INF 2026-09-12 08:33:14.265+00:00 Imported blocks                            blockNumber=20442369 slot=9649657 blocks=442368 txs=71403576 mgas=6696451 bps=40.04 tps=6251 mgps=604.7 avgBps=34.00 avgTps=5487 avgMGps=514.7 elapsed=3h36m51s
Sep 12 08:36:58 nimbus-eth1-mainnet-short-benchmark[2000748]: INF 2026-09-12 08:36:58.134+00:00 Imported blocks                            blockNumber=20450561 slot=9657896 blocks=450560 txs=72659905 mgas=6820521 bps=36.59 tps=5611 mgps=554.2 avgBps=34.04 avgTps=5489 avgMGps=515.3 elapsed=3h40m34s
Sep 12 08:41:02 nimbus-eth1-mainnet-short-benchmark[2000748]: INF 2026-09-12 08:41:02.182+00:00 Imported blocks                            blockNumber=20458753 slot=9666114 blocks=458752 txs=73838533 mgas=6945116 bps=33.57 tps=4829 mgps=510.5 avgBps=34.03 avgTps=5478 avgMGps=515.3 elapsed=3h44m39s
Sep 12 08:44:44 nimbus-eth1-mainnet-short-benchmark[2000748]: INF 2026-09-12 08:44:44.007+00:00 Imported blocks                            blockNumber=20466945 slot=9674343 blocks=466944 txs=75124748 mgas=7068943 bps=36.93 tps=5798 mgps=558.2 avgBps=34.08 avgTps=5483 avgMGps=515.9 elapsed=3h48m20s
Sep 12 08:48:24 nimbus-eth1-mainnet-short-benchmark[2000748]: INF 2026-09-12 08:48:24.096+00:00 Imported blocks                            blockNumber=20475137 slot=9682575 blocks=475136 txs=76420106 mgas=7192870 bps=37.22 tps=5885 mgps=563.1 avgBps=34.13 avgTps=5489 avgMGps=516.7 elapsed=3h52m935ms
Sep 12 08:51:52 nimbus-eth1-mainnet-short-benchmark[2000748]: INF 2026-09-12 08:51:52.265+00:00 Imported blocks                            blockNumber=20483329 slot=9690800 blocks=483328 txs=77675422 mgas=7316939 bps=39.35 tps=6030 mgps=596.0 avgBps=34.21 avgTps=5497 avgMGps=517.9 elapsed=3h55m29s
Sep 12 08:55:16 nimbus-eth1-mainnet-short-benchmark[2000748]: INF 2026-09-12 08:55:16.562+00:00 Imported blocks                            blockNumber=20491521 slot=9699019 blocks=491520 txs=78951232 mgas=7440784 bps=40.10 tps=6244 mgps=606.2 avgBps=34.29 avgTps=5508 avgMGps=519.1 elapsed=3h58m53s
Sep 12 08:58:57 nimbus-eth1-mainnet-short-benchmark[2000748]: INF 2026-09-12 08:58:57.543+00:00 Imported blocks                            blockNumber=20499713 slot=9707248 blocks=499712 txs=80189642 mgas=7564669 bps=37.07 tps=5604 mgps=560.6 avgBps=34.33 avgTps=5509 avgMGps=519.8 elapsed=4h2m34s
Sep 12 09:02:44 nimbus-eth1-mainnet-short-benchmark[2000748]: INF 2026-09-12 09:02:44.828+00:00 Imported blocks                            blockNumber=20507905 slot=9715488 blocks=507904 txs=81317763 mgas=7689208 bps=36.04 tps=4963 mgps=547.9 avgBps=34.36 avgTps=5501 avgMGps=520.2 elapsed=4h6m21s
Sep 12 09:06:06 nimbus-eth1-mainnet-short-benchmark[2000748]: INF 2026-09-12 09:06:06.317+00:00 Imported blocks                            blockNumber=20516097 slot=9723715 blocks=516096 txs=82520262 mgas=7813209 bps=40.66 tps=5968 mgps=615.4 avgBps=34.45 avgTps=5507 avgMGps=521.5 elapsed=4h9m43s
Sep 12 09:09:41 nimbus-eth1-mainnet-short-benchmark[2000748]: INF 2026-09-12 09:09:41.334+00:00 Imported blocks                            blockNumber=20524289 slot=9731945 blocks=524288 txs=83780075 mgas=7937233 bps=38.10 tps=5859 mgps=576.8 avgBps=34.50 avgTps=5512 avgMGps=522.2 elapsed=4h13m18s
Sep 12 09:13:19 nimbus-eth1-mainnet-short-benchmark[2000748]: INF 2026-09-12 09:13:19.267+00:00 Imported blocks                            blockNumber=20532481 slot=9740183 blocks=532480 txs=85263862 mgas=8061024 bps=37.59 tps=6808 mgps=568.0 avgBps=34.54 avgTps=5530 avgMGps=522.9 elapsed=4h16m56s
Sep 12 09:17:02 nimbus-eth1-mainnet-short-benchmark[2000748]: INF 2026-09-12 09:17:02.343+00:00 Imported blocks                            blockNumber=20540673 slot=9748418 blocks=540672 txs=86612143 mgas=8185090 bps=36.72 tps=6044 mgps=556.2 avgBps=34.57 avgTps=5538 avgMGps=523.4 elapsed=4h20m39s
Sep 12 09:20:52 nimbus-eth1-mainnet-short-benchmark[2000748]: INF 2026-09-12 09:20:52.460+00:00 Imported blocks                            blockNumber=20548865 slot=9756662 blocks=548864 txs=87802991 mgas=8309513 bps=35.60 tps=5175 mgps=540.7 avgBps=34.59 avgTps=5532 avgMGps=523.6 elapsed=4h24m29s
Sep 12 09:24:43 nimbus-eth1-mainnet-short-benchmark[2000748]: INF 2026-09-12 09:24:43.209+00:00 Imported blocks                            blockNumber=20557057 slot=9764892 blocks=557056 txs=88964987 mgas=8433956 bps=35.50 tps=5035 mgps=539.3 avgBps=34.60 avgTps=5525 avgMGps=523.8 elapsed=4h28m20s
Sep 12 09:28:20 nimbus-eth1-mainnet-short-benchmark[2000748]: INF 2026-09-12 09:28:20.426+00:00 Imported blocks                            blockNumber=20565249 slot=9773131 blocks=565248 txs=90186094 mgas=8558113 bps=37.71 tps=5621 mgps=571.6 avgBps=34.64 avgTps=5527 avgMGps=524.5 elapsed=4h31m57s
Sep 12 09:31:57 nimbus-eth1-mainnet-short-benchmark[2000748]: INF 2026-09-12 09:31:57.879+00:00 Imported blocks                            blockNumber=20573441 slot=9781369 blocks=573440 txs=91404654 mgas=8682228 bps=37.67 tps=5603 mgps=570.8 avgBps=34.68 avgTps=5528 avgMGps=525.1 elapsed=4h35m34s
Sep 12 09:35:31 nimbus-eth1-mainnet-short-benchmark[2000748]: INF 2026-09-12 09:35:31.032+00:00 Imported blocks                            blockNumber=20581633 slot=9789611 blocks=581632 txs=92628389 mgas=8806651 bps=38.43 tps=5741 mgps=583.7 avgBps=34.73 avgTps=5530 avgMGps=525.8 elapsed=4h39m7s
Sep 12 09:39:13 nimbus-eth1-mainnet-short-benchmark[2000748]: INF 2026-09-12 09:39:13.296+00:00 Imported blocks                            blockNumber=20589825 slot=9797855 blocks=589824 txs=93887208 mgas=8931023 bps=36.86 tps=5663 mgps=559.6 avgBps=34.76 avgTps=5532 avgMGps=526.3 elapsed=4h42m50s
Sep 12 09:42:57 nimbus-eth1-mainnet-short-benchmark[2000748]: INF 2026-09-12 09:42:57.101+00:00 Imported blocks                            blockNumber=20598017 slot=9806095 blocks=598016 txs=95163338 mgas=9055310 bps=36.60 tps=5702 mgps=555.3 avgBps=34.78 avgTps=5534 avgMGps=526.7 elapsed=4h46m33s
Sep 12 09:46:41 nimbus-eth1-mainnet-short-benchmark[2000748]: INF 2026-09-12 09:46:41.418+00:00 Imported blocks                            blockNumber=20606209 slot=9814347 blocks=606208 txs=96334664 mgas=9179976 bps=36.52 tps=5221 mgps=555.8 avgBps=34.80 avgTps=5530 avgMGps=527.0 elapsed=4h50m18s
Sep 12 09:50:17 nimbus-eth1-mainnet-short-benchmark[2000748]: INF 2026-09-12 09:50:17.491+00:00 Imported blocks                            blockNumber=20614401 slot=9822581 blocks=614400 txs=97573414 mgas=9304574 bps=37.91 tps=5733 mgps=576.6 avgBps=34.84 avgTps=5533 avgMGps=527.6 elapsed=4h53m54s
Sep 12 09:53:54 nimbus-eth1-mainnet-short-benchmark[2000748]: INF 2026-09-12 09:53:54.772+00:00 Imported blocks                            blockNumber=20622593 slot=9830821 blocks=622592 txs=98874772 mgas=9428835 bps=37.70 tps=5989 mgps=571.9 avgBps=34.88 avgTps=5538 avgMGps=528.2 elapsed=4h57m31s
Sep 12 09:57:24 nimbus-eth1-mainnet-short-benchmark[2000748]: INF 2026-09-12 09:57:24.749+00:00 Imported blocks                            blockNumber=20630785 slot=9839058 blocks=630784 txs=100178707 mgas=9553009 bps=39.01 tps=6209 mgps=591.4 avgBps=34.92 avgTps=5546 avgMGps=528.9 elapsed=5h1m1s
Sep 12 10:01:02 nimbus-eth1-mainnet-short-benchmark[2000748]: INF 2026-09-12 10:01:02.662+00:00 Imported blocks                            blockNumber=20638977 slot=9847313 blocks=638976 txs=101489116 mgas=9677171 bps=37.59 tps=6013 mgps=569.8 avgBps=34.96 avgTps=5552 avgMGps=529.4 elapsed=5h4m39s
Sep 12 10:04:39 nimbus-eth1-mainnet-short-benchmark[2000748]: INF 2026-09-12 10:04:39.378+00:00 Imported blocks                            blockNumber=20647169 slot=9855549 blocks=647168 txs=102730058 mgas=9801643 bps=37.80 tps=5726 mgps=574.4 avgBps=34.99 avgTps=5554 avgMGps=529.9 elapsed=5h8m16s
Sep 12 10:08:29 nimbus-eth1-mainnet-short-benchmark[2000748]: INF 2026-09-12 10:08:29.059+00:00 Imported blocks                            blockNumber=20655361 slot=9863778 blocks=655360 txs=103868002 mgas=9926541 bps=35.67 tps=4954 mgps=543.8 avgBps=35.00 avgTps=5546 avgMGps=530.1 elapsed=5h12m5s
Sep 12 10:12:03 nimbus-eth1-mainnet-short-benchmark[2000748]: INF 2026-09-12 10:12:03.332+00:00 Imported blocks                            blockNumber=20663553 slot=9872013 blocks=663552 txs=105112198 mgas=10051274 bps=38.23 tps=5806 mgps=582.1 avgBps=35.03 avgTps=5549 avgMGps=530.7 elapsed=5h15m40s
Sep 12 10:15:25 nimbus-eth1-mainnet-short-benchmark[2000748]: INF 2026-09-12 10:15:25.897+00:00 Imported blocks                            blockNumber=20671745 slot=9880241 blocks=671744 txs=106395904 mgas=10175177 bps=40.44 tps=6337 mgps=611.7 avgBps=35.09 avgTps=5558 avgMGps=531.5 elapsed=5h19m2s
Sep 12 10:18:52 nimbus-eth1-mainnet-short-benchmark[2000748]: INF 2026-09-12 10:18:52.634+00:00 Imported blocks                            blockNumber=20679937 slot=9888471 blocks=679936 txs=107674271 mgas=10299404 bps=39.63 tps=6183 mgps=600.9 avgBps=35.14 avgTps=5564 avgMGps=532.3 elapsed=5h22m29s
Sep 12 10:22:12 nimbus-eth1-mainnet-short-benchmark[2000748]: INF 2026-09-12 10:22:12.547+00:00 Imported blocks                            blockNumber=20688129 slot=9896698 blocks=688128 txs=108938536 mgas=10423298 bps=40.98 tps=6324 mgps=619.7 avgBps=35.20 avgTps=5572 avgMGps=533.2 elapsed=5h25m49s
Sep 12 10:25:43 nimbus-eth1-mainnet-short-benchmark[2000748]: INF 2026-09-12 10:25:43.816+00:00 Imported blocks                            blockNumber=20696321 slot=9904930 blocks=696320 txs=110235786 mgas=10547469 bps=38.77 tps=6140 mgps=587.7 avgBps=35.24 avgTps=5578 avgMGps=533.8 elapsed=5h29m20s
Sep 12 10:29:32 nimbus-eth1-mainnet-short-benchmark[2000748]: INF 2026-09-12 10:29:32.433+00:00 Imported blocks                            blockNumber=20704513 slot=9913154 blocks=704512 txs=111483759 mgas=10671677 bps=35.83 tps=5458 mgps=543.3 avgBps=35.24 avgTps=5577 avgMGps=533.9 elapsed=5h33m9s
Sep 12 10:33:06 nimbus-eth1-mainnet-short-benchmark[2000748]: INF 2026-09-12 10:33:06.910+00:00 Imported blocks                            blockNumber=20712705 slot=9921388 blocks=712704 txs=112764170 mgas=10795980 bps=38.20 tps=5970 mgps=579.6 avgBps=35.28 avgTps=5581 avgMGps=534.4 elapsed=5h36m43s
Sep 12 10:36:26 nimbus-eth1-mainnet-short-benchmark[2000748]: INF 2026-09-12 10:36:26.987+00:00 Imported blocks                            blockNumber=20720897 slot=9929633 blocks=720896 txs=114110517 mgas=10919926 bps=40.94 tps=6729 mgps=619.5 avgBps=35.33 avgTps=5592 avgMGps=535.2 elapsed=5h40m3s
Sep 12 10:39:55 nimbus-eth1-mainnet-short-benchmark[2000748]: INF 2026-09-12 10:39:55.588+00:00 Imported blocks                            blockNumber=20729089 slot=9937869 blocks=729088 txs=115449431 mgas=11043768 bps=39.27 tps=6418 mgps=593.7 avgBps=35.37 avgTps=5600 avgMGps=535.8 elapsed=5h43m32s
Sep 12 10:43:13 nimbus-eth1-mainnet-short-benchmark[2000748]: INF 2026-09-12 10:43:13.745+00:00 Imported blocks                            blockNumber=20737281 slot=9946108 blocks=737280 txs=116784468 mgas=11167784 bps=41.34 tps=6737 mgps=625.8 avgBps=35.43 avgTps=5611 avgMGps=536.6 elapsed=5h46m50s
Sep 12 10:46:42 nimbus-eth1-mainnet-short-benchmark[2000748]: INF 2026-09-12 10:46:42.462+00:00 Imported blocks                            blockNumber=20745473 slot=9954342 blocks=745472 txs=118101003 mgas=11291742 bps=39.25 tps=6307 mgps=593.9 avgBps=35.47 avgTps=5618 avgMGps=537.2 elapsed=5h50m19s
Sep 12 10:50:27 nimbus-eth1-mainnet-short-benchmark[2000748]: INF 2026-09-12 10:50:27.267+00:00 Imported blocks                            blockNumber=20753665 slot=9962581 blocks=753664 txs=119337525 mgas=11415859 bps=36.44 tps=5500 mgps=552.1 avgBps=35.48 avgTps=5617 avgMGps=537.4 elapsed=5h54m4s
Sep 12 10:54:01 nimbus-eth1-mainnet-short-benchmark[2000748]: INF 2026-09-12 10:54:01.652+00:00 Imported blocks                            blockNumber=20761857 slot=9970803 blocks=761856 txs=120564314 mgas=11540225 bps=38.21 tps=5722 mgps=580.1 avgBps=35.50 avgTps=5618 avgMGps=537.8 elapsed=5h57m38s
Sep 12 10:57:23 nimbus-eth1-mainnet-short-benchmark[2000748]: INF 2026-09-12 10:57:23.401+00:00 Imported blocks                            blockNumber=20770049 slot=9979058 blocks=770048 txs=121858083 mgas=11663918 bps=40.60 tps=6412 mgps=613.1 avgBps=35.55 avgTps=5625 avgMGps=538.5 elapsed=6h1m243ms
Sep 12 11:00:35 nimbus-eth1-mainnet-short-benchmark[2000748]: INF 2026-09-12 11:00:35.322+00:00 Imported blocks                            blockNumber=20778241 slot=9987307 blocks=778240 txs=123161734 mgas=11787906 bps=42.68 tps=6792 mgps=646.0 avgBps=35.61 avgTps=5636 avgMGps=539.4 elapsed=6h4m12s
Sep 12 11:03:41 nimbus-eth1-mainnet-short-benchmark[2000748]: INF 2026-09-12 11:03:41.568+00:00 Imported blocks                            blockNumber=20786433 slot=9995542 blocks=786432 txs=124509456 mgas=11911612 bps=43.99 tps=7236 mgps=664.2 avgBps=35.68 avgTps=5649 avgMGps=540.5 elapsed=6h7m18s
Sep 12 11:06:53 nimbus-eth1-mainnet-short-benchmark[2000748]: INF 2026-09-12 11:06:53.817+00:00 Imported blocks                            blockNumber=20794625 slot=10003781 blocks=794624 txs=125848921 mgas=12035338 bps=42.61 tps=6967 mgps=643.6 avgBps=35.74 avgTps=5661 avgMGps=541.4 elapsed=6h10m30s
Sep 12 11:10:12 nimbus-eth1-mainnet-short-benchmark[2000748]: INF 2026-09-12 11:10:12.898+00:00 Imported blocks                            blockNumber=20802817 slot=10012028 blocks=802816 txs=127089868 mgas=12158989 bps=41.15 tps=6233 mgps=621.1 avgBps=35.79 avgTps=5666 avgMGps=542.1 elapsed=6h13m49s
Sep 12 11:13:38 nimbus-eth1-mainnet-short-benchmark[2000748]: INF 2026-09-12 11:13:38.619+00:00 Imported blocks                            blockNumber=20811009 slot=10020249 blocks=811008 txs=128299762 mgas=12282850 bps=39.82 tps=5881 mgps=602.1 avgBps=35.83 avgTps=5668 avgMGps=542.6 elapsed=6h17m15s
Sep 12 11:16:51 nimbus-eth1-mainnet-short-benchmark[2000748]: INF 2026-09-12 11:16:51.640+00:00 Imported blocks                            blockNumber=20819201 slot=10028481 blocks=819200 txs=129596319 mgas=12406594 bps=42.44 tps=6717 mgps=641.1 avgBps=35.88 avgTps=5676 avgMGps=543.5 elapsed=6h20m28s
Sep 12 11:20:03 nimbus-eth1-mainnet-short-benchmark[2000748]: INF 2026-09-12 11:20:03.622+00:00 Imported blocks                            blockNumber=20827393 slot=10036710 blocks=827392 txs=130916729 mgas=12530249 bps=42.67 tps=6877 mgps=644.1 avgBps=35.94 avgTps=5686 avgMGps=544.3 elapsed=6h23m40s
Sep 12 11:23:16 nimbus-eth1-mainnet-short-benchmark[2000748]: INF 2026-09-12 11:23:16.991+00:00 Imported blocks                            blockNumber=20835585 slot=10044938 blocks=835584 txs=132226625 mgas=12654070 bps=42.36 tps=6774 mgps=640.3 avgBps=36.00 avgTps=5696 avgMGps=545.1 elapsed=6h26m53s
Sep 12 11:26:42 nimbus-eth1-mainnet-short-benchmark[2000748]: INF 2026-09-12 11:26:42.096+00:00 Imported blocks                            blockNumber=20843777 slot=10053164 blocks=843776 txs=133604192 mgas=12777730 bps=39.94 tps=6716 mgps=602.9 avgBps=36.03 avgTps=5704 avgMGps=545.6 elapsed=6h30m18s
Sep 12 11:30:32 nimbus-eth1-mainnet-short-benchmark[2000748]: INF 2026-09-12 11:30:32.745+00:00 Imported blocks                            blockNumber=20851969 slot=10061391 blocks=851968 txs=134900706 mgas=12901664 bps=35.52 tps=5621 mgps=537.3 avgBps=36.02 avgTps=5704 avgMGps=545.5 elapsed=6h34m9s
Sep 12 11:34:12 nimbus-eth1-mainnet-short-benchmark[2000748]: INF 2026-09-12 11:34:12.133+00:00 Imported blocks                            blockNumber=20860161 slot=10069622 blocks=860160 txs=136168750 mgas=13025603 bps=37.34 tps=5779 mgps=564.9 avgBps=36.04 avgTps=5704 avgMGps=545.7 elapsed=6h37m48s
Sep 12 11:37:45 nimbus-eth1-mainnet-short-benchmark[2000748]: INF 2026-09-12 11:37:45.722+00:00 Imported blocks                            blockNumber=20868353 slot=10077838 blocks=868352 txs=137550724 mgas=13149742 bps=38.35 tps=6470 mgps=581.2 avgBps=36.06 avgTps=5711 avgMGps=546.0 elapsed=6h41m22s
Sep 12 11:41:18 nimbus-eth1-mainnet-short-benchmark[2000748]: INF 2026-09-12 11:41:18.279+00:00 Imported blocks                            blockNumber=20876545 slot=10086066 blocks=876544 txs=138954673 mgas=13273457 bps=38.54 tps=6605 mgps=582.0 avgBps=36.08 avgTps=5719 avgMGps=546.3 elapsed=6h44m55s
Sep 12 11:44:45 nimbus-eth1-mainnet-short-benchmark[2000748]: INF 2026-09-12 11:44:45.048+00:00 Imported blocks                            blockNumber=20884737 slot=10094286 blocks=884736 txs=140256178 mgas=13397479 bps=39.62 tps=6294 mgps=599.8 avgBps=36.11 avgTps=5724 avgMGps=546.8 elapsed=6h48m21s
Sep 12 11:48:08 nimbus-eth1-mainnet-short-benchmark[2000748]: INF 2026-09-12 11:48:08.893+00:00 Imported blocks                            blockNumber=20892929 slot=10102512 blocks=892928 txs=141581868 mgas=13521575 bps=40.19 tps=6503 mgps=608.8 avgBps=36.14 avgTps=5730 avgMGps=547.3 elapsed=6h51m45s
Sep 12 11:51:32 nimbus-eth1-mainnet-short-benchmark[2000748]: INF 2026-09-12 11:51:32.014+00:00 Imported blocks                            blockNumber=20901121 slot=10110732 blocks=901120 txs=142875889 mgas=13645572 bps=40.33 tps=6370 mgps=610.5 avgBps=36.18 avgTps=5735 avgMGps=547.8 elapsed=6h55m8s
Sep 12 11:54:53 nimbus-eth1-mainnet-short-benchmark[2000748]: INF 2026-09-12 11:54:53.560+00:00 Imported blocks                            blockNumber=20909313 slot=10118953 blocks=909312 txs=144102308 mgas=13769390 bps=40.65 tps=6085 mgps=614.3 avgBps=36.21 avgTps=5738 avgMGps=548.4 elapsed=6h58m30s
Sep 12 11:58:10 nimbus-eth1-mainnet-short-benchmark[2000748]: INF 2026-09-12 11:58:10.865+00:00 Imported blocks                            blockNumber=20917505 slot=10127176 blocks=917504 txs=145406349 mgas=13893087 bps=41.52 tps=6609 mgps=626.9 avgBps=36.25 avgTps=5745 avgMGps=549.0 elapsed=7h1m47s
Sep 12 12:01:19 nimbus-eth1-mainnet-short-benchmark[2000748]: INF 2026-09-12 12:01:19.170+00:00 Imported blocks                            blockNumber=20925697 slot=10135394 blocks=925696 txs=146718394 mgas=14016820 bps=43.50 tps=6967 mgps=657.1 avgBps=36.31 avgTps=5754 avgMGps=549.8 elapsed=7h4m56s
Sep 12 12:04:41 nimbus-eth1-mainnet-short-benchmark[2000748]: INF 2026-09-12 12:04:41.855+00:00 Imported blocks                            blockNumber=20933889 slot=10143614 blocks=933888 txs=148049109 mgas=14140625 bps=40.42 tps=6565 mgps=610.8 avgBps=36.34 avgTps=5760 avgMGps=550.2 elapsed=7h8m18s
Sep 12 12:08:00 nimbus-eth1-mainnet-short-benchmark[2000748]: INF 2026-09-12 12:08:00.048+00:00 Imported blocks                            blockNumber=20942081 slot=10151840 blocks=942080 txs=149397364 mgas=14264352 bps=41.33 tps=6802 mgps=624.3 avgBps=36.38 avgTps=5768 avgMGps=550.8 elapsed=7h11m36s
Sep 12 12:11:20 nimbus-eth1-mainnet-short-benchmark[2000748]: INF 2026-09-12 12:11:20.481+00:00 Imported blocks                            blockNumber=20950273 slot=10160098 blocks=950272 txs=150765507 mgas=14388237 bps=40.87 tps=6825 mgps=618.1 avgBps=36.41 avgTps=5777 avgMGps=551.3 elapsed=7h14m57s
Sep 12 12:14:53 nimbus-eth1-mainnet-short-benchmark[2000748]: INF 2026-09-12 12:14:53.550+00:00 Imported blocks                            blockNumber=20958465 slot=10168363 blocks=958464 txs=152044771 mgas=14511987 bps=38.45 tps=6003 mgps=580.8 avgBps=36.43 avgTps=5778 avgMGps=551.6 elapsed=7h18m30s
Sep 12 12:18:18 nimbus-eth1-mainnet-short-benchmark[2000748]: INF 2026-09-12 12:18:18.567+00:00 Imported blocks                            blockNumber=20966657 slot=10176609 blocks=966656 txs=153365296 mgas=14635804 bps=39.96 tps=6441 mgps=603.9 avgBps=36.46 avgTps=5784 avgMGps=552.0 elapsed=7h21m55s
Sep 12 12:21:42 nimbus-eth1-mainnet-short-benchmark[2000748]: INF 2026-09-12 12:21:42.168+00:00 Imported blocks                            blockNumber=20974849 slot=10184849 blocks=974848 txs=154744917 mgas=14759580 bps=40.23 tps=6775 mgps=607.9 avgBps=36.49 avgTps=5791 avgMGps=552.4 elapsed=7h25m19s
Sep 12 12:25:12 nimbus-eth1-mainnet-short-benchmark[2000748]: INF 2026-09-12 12:25:12.545+00:00 Imported blocks                            blockNumber=20983041 slot=10193086 blocks=983040 txs=156055229 mgas=14883451 bps=38.94 tps=6228 mgps=588.8 avgBps=36.50 avgTps=5794 avgMGps=552.7 elapsed=7h28m49s
Sep 12 12:28:17 nimbus-eth1-mainnet-short-benchmark[2000748]: INF 2026-09-12 12:28:17.175+00:00 Imported blocks                            blockNumber=20991233 slot=10201319 blocks=991232 txs=157563202 mgas=15007557 bps=44.37 tps=8167 mgps=672.2 avgBps=36.56 avgTps=5811 avgMGps=553.5 elapsed=7h31m54s
Sep 12 12:31:50 nimbus-eth1-mainnet-short-benchmark[2000748]: INF 2026-09-12 12:31:50.292+00:00 Imported blocks                            blockNumber=20999425 slot=10209549 blocks=999424 txs=159003277 mgas=15131383 bps=38.44 tps=6757 mgps=581.0 avgBps=36.57 avgTps=5818 avgMGps=553.7 elapsed=7h35m27s
Sep 12 12:32:05 nimbus-eth1-mainnet-short-benchmark[2000748]: INF 2026-09-12 12:32:05.836+00:00 Imported blocks                            blockNumber=21000001 slot=10210128 blocks=1000000 txs=159109486 mgas=15140191 bps=37.05 tps=6832 mgps=566.6 avgBps=36.57 avgTps=5819 avgMGps=553.7 elapsed=7h35m42s
Sep 12 12:32:05 nimbus-eth1-mainnet-short-benchmark[2000748]: NTC 2026-09-12 12:32:05.836+00:00 Import complete                            blockNumber=21000001 slot=10210128 blocks=1000000 txs=159109486 mgas=15140191
Sep 12 12:32:06 nimbus-eth1-mainnet-short-benchmark[1972112]: <<< ending startNimbusWithImport (success)
Sep 12 12:32:06 nimbus-eth1-mainnet-short-benchmark[1972112]: >>> starting moveBenchmarkingFileToRepo
Sep 12 12:32:06 nimbus-eth1-mainnet-short-benchmark[1972112]: >>> copying debug-csv generated by nimbus to benchmarks repo
Sep 12 12:32:06 nimbus-eth1-mainnet-short-benchmark[1972112]: <<< ending moveBenchmarkingFileToRepo (success)
Sep 12 12:32:06 nimbus-eth1-mainnet-short-benchmark[1972112]: >>> starting generateBuildEnvironmentLogFile
Sep 12 12:32:15 nimbus-eth1-mainnet-short-benchmark[1972112]: <<< ending generateBuildEnvironmentLogFile (success)
Sep 12 12:32:15 nimbus-eth1-mainnet-short-benchmark[1972112]: >>> starting generateSystemdServiceLogs
