Sep 18 19:04:32 nimbus-eth1-mainnet-short-benchmark[2466787]: >>> starting cloneOrFetchBenchmarksRepo
Sep 18 19:04:32 nimbus-eth1-mainnet-short-benchmark[2466787]: >>> Fetching latest changes for nimbus-eth1-benchmarks...
Sep 18 19:04:34 nimbus-eth1-mainnet-short-benchmark[2466835]: HEAD is now at ef0e57d chore: update short benchmark Readme
Sep 18 19:04:34 nimbus-eth1-mainnet-short-benchmark[2466787]: <<< ending cloneOrFetchBenchmarksRepo (success)
Sep 18 19:04:34 nimbus-eth1-mainnet-short-benchmark[2466787]: >>> starting cloneOrFetchNimbusRepo
Sep 18 19:04:43 nimbus-eth1-mainnet-short-benchmark[2466787]: >>> Fetching latest changes for nimbus-eth1...
Sep 18 19:04:44 nimbus-eth1-mainnet-short-benchmark[2467181]: From https://github.com/status-im/nimbus-eth1
Sep 18 19:04:44 nimbus-eth1-mainnet-short-benchmark[2467181]:    925bcc20c..2e2b76b36  master                  -> origin/master
Sep 18 19:04:44 nimbus-eth1-mainnet-short-benchmark[2467181]:  * [new branch]          bump-nix-job-timeout    -> origin/bump-nix-job-timeout
Sep 18 19:04:44 nimbus-eth1-mainnet-short-benchmark[2467181]:    9ae1c5c0e..acddf9d76  fix-inbound-connections -> origin/fix-inbound-connections
Sep 18 19:04:44 nimbus-eth1-mainnet-short-benchmark[2467190]: HEAD is now at 2e2b76b36 Snap2 sync maint update (#4821)
Sep 18 19:04:44 nimbus-eth1-mainnet-short-benchmark[2466787]: >>> Found last benchmarked commit: 925bcc20
Sep 18 19:04:44 nimbus-eth1-mainnet-short-benchmark[2466787]: >>> Using next commit: 2e2b76b365e60eb03d6164abfd19e768f45e9c59
Sep 18 19:04:44 nimbus-eth1-mainnet-short-benchmark[2467206]: HEAD is now at 2e2b76b36 Snap2 sync maint update (#4821)
Sep 18 19:04:44 nimbus-eth1-mainnet-short-benchmark[2466787]: >>> Current commit: 2e2b76b36
Sep 18 19:04:44 nimbus-eth1-mainnet-short-benchmark[2466787]: <<< ending cloneOrFetchNimbusRepo (success)
Sep 18 19:04:44 nimbus-eth1-mainnet-short-benchmark[2466787]: >>> starting buildBinaries
Sep 18 19:04:44 nimbus-eth1-mainnet-short-benchmark[2466787]: >>> Building binaries for commit 2e2b76b3...
Sep 18 19:04:46 nimbus-eth1-mainnet-short-benchmark[2468423]: Submodule path 'vendor/nim-bearssl': checked out 'b6c9a38964a574f6bc51f69efaf8fb2fedea905e'
Sep 18 19:04:52 nimbus-eth1-mainnet-short-benchmark[2472726]: Building: Nim compiler
Sep 18 19:07:49 nimbus-eth1-mainnet-short-benchmark[2472726]: Building custom Nimble commit: 42ef70c2102a942c46f13eb76872326edd525cec
Sep 18 19:07:59 nimbus-eth1-mainnet-short-benchmark[2472726]: Building Nimble...
Sep 18 19:08:09 nimbus-eth1-mainnet-short-benchmark[2472726]: Replacing nimble binary...
Sep 18 19:08:17 nimbus-eth1-mainnet-short-benchmark[2489390]: Building: build/generate_makefile
Sep 18 19:08:17 nimbus-eth1-mainnet-short-benchmark[2489255]: ROCKSDB CACHED VERSION: 11.8.1
Sep 18 19:08:17 nimbus-eth1-mainnet-short-benchmark[2489659]: RocksDb static libraries already built. Skipping build.
Sep 18 19:08:17 nimbus-eth1-mainnet-short-benchmark[2489390]: Build completed successfully: build/generate_makefile
Sep 18 19:08:17 nimbus-eth1-mainnet-short-benchmark[2489713]: Building: build/nimbus_execution_client
Sep 18 19:10:40 nimbus-eth1-mainnet-short-benchmark[2489713]: Build completed successfully: build/nimbus_execution_client
Sep 18 19:10:40 nimbus-eth1-mainnet-short-benchmark[2466787]: >>> renaming binaries to match commit they were built from
Sep 18 19:10:40 nimbus-eth1-mainnet-short-benchmark[2466787]: >>> creating a symbolic link to the latest version
Sep 18 19:10:40 nimbus-eth1-mainnet-short-benchmark[2466787]: >>> deleting copies that are older than N days
Sep 18 19:10:40 nimbus-eth1-mainnet-short-benchmark[2466787]: <<< ending buildBinaries (success)
Sep 18 19:10:40 nimbus-eth1-mainnet-short-benchmark[2466787]: >>> starting skipOrContinueBenchmark
Sep 18 19:10:40 nimbus-eth1-mainnet-short-benchmark[2466787]: <<< ending skipOrContinueBenchmark (success)
Sep 18 19:10:40 nimbus-eth1-mainnet-short-benchmark[2466787]: >>> starting copyTemplateDatabase
Sep 18 19:10:40 nimbus-eth1-mainnet-short-benchmark[2466787]: >>> Copying template db into nimbus data directory
Sep 18 19:13:45 nimbus-eth1-mainnet-short-benchmark[2466787]: >>> Template db copied
Sep 18 19:13:45 nimbus-eth1-mainnet-short-benchmark[2466787]: >>> making nimbus the owner of the copied files
Sep 18 19:13:45 nimbus-eth1-mainnet-short-benchmark[2466787]: <<< ending copyTemplateDatabase (success)
Sep 18 19:13:45 nimbus-eth1-mainnet-short-benchmark[2466787]: >>> starting startNimbusWithImport
Sep 18 19:13:45 nimbus-eth1-mainnet-short-benchmark[2495399]: INF 2026-09-18 19:13:45.120+00:00 Launching execution client                 version=v0.4.1-2e2b76b3 config="(configFile: none(InputFile), dataDirFlag: some(/data/status-im/nimbus-eth1/data/shared_mainnet_0), era1DirFlag: some(/data/era1), eraDirFlag: some(/data/era), ereDirFlag: none(OutDir), keyStoreDirFlag: none(OutDir), importKey: , trustedSetupFile: none(string), extraData: Nimbus/v0.4.1-2e2b76b3, gasLimit: none(uint64), maxBlobs: none(byte), network: [mainnet], logLevel: INFO, logFormat: auto, metricsEnabled: false, metricsPort: 9093, metricsAddress: 127.0.0.1, bootstrapNodes: [], elBootstrapNodes: [], bootstrapFile: , elBootstrapFile: , staticPeers: [], staticPeersFile: , reconnectMaxRetry: 0, reconnectInterval: 15, listenAddress: ::, tcpPort: 30303, udpPortFlag: none(Port), maxPeersOpt: none(int), elMaxPeersOpt: none(int), nat: (hasExtIp: false, nat: NatAny), discv5: true, netKey: random, agentString: Nimbus/v0.4.1-2e2b76b3/linux-amd64/Nim-2.2.12, numThreads: 0, persistBatchSize: 4, dynamicBatchSize: false, rocksdbMaxOpenFiles: 2048, rocksdbWriteBufferSize: 67108864, rocksdbRowCacheSize: 0, rocksdbBlockCacheSize: 2147483648, rocksdbBlockCacheType: hyperclock, rdbVtxCacheSize: 536870912, rdbKeyCacheSize: 1342177280, rdbBranchCacheSize: 1073741824, rdbPrintStats: false, rewriteDatadirId: true, aristoDbMaxSnapshots: 5, debugParallel: none(bool), parallelStateRootComputationFlag: false, parallelSenderRecoveryFlag: true, optimisticStatePrefetchFlag: false, balStatePrefetchFlag: false, balStatePrefetchWorkers: 0, balParallelExecutionFlag: false, balPruning: true, eagerStateRootCheck: false, deserializeFcState: true, statelessProvider: false, statelessWitnessValidation: false, cmd: import, maxBlocks: 1000000, chunkSize: 8192, csvStats: some("/data/host-benchmarks/short/34aeb7fd79204b75bd6c270692839bf7/blocks-import-benchmark.csv"), validation: false, fullValidation: false, storeBodies: false, storeReceipts: false, storeSlotHashes: false)"
Sep 18 19:13:45 nimbus-eth1-mainnet-short-benchmark[2495399]: WRN 2026-09-18 19:13:45.124+00:00 Data directory has insecure permissions. Correcting them. data_dir=/data/status-im/nimbus-eth1/data/shared_mainnet_0 current_permissions=0755 required_permissions=0700
Sep 18 19:13:46 nimbus-eth1-mainnet-short-benchmark[2495399]: INF 2026-09-18 19:13:46.960+00:00 Taskpool started                           numThreads=16
Sep 18 19:13:47 nimbus-eth1-mainnet-short-benchmark[2495399]: CreateIOUring failed: Invalid argument (errno=22), thread=139658984688896
Sep 18 19:13:47 nimbus-eth1-mainnet-short-benchmark[2495399]: INF 2026-09-18 19:13:47.120+00:00 Database initialized                       base="(0xd24fd73f794058a3807db926d8898c6481e902b7edb91ce0d479d6760f276183, 20000000)" finalized="(0xd24fd73f794058a3807db926d8898c6481e902b7edb91ce0d479d6760f276183, 20000000)" head="(0xd4e56740f876aef8c010b86a40d5f56745a118d0906a34e69aec8c0db1cb8fa3, 0)"
Sep 18 19:13:47 nimbus-eth1-mainnet-short-benchmark[2495399]: NTC 2026-09-18 19:13:47.120+00:00 Could not open ere database, falling back to era1/era import ereDir=/data/status-im/nimbus-eth1/data/shared_mainnet_0/ere networkName=mainnet error="No ere files found in /data/status-im/nimbus-eth1/data/shared_mainnet_0/ere"
Sep 18 19:13:47 nimbus-eth1-mainnet-short-benchmark[2495399]: NTC 2026-09-18 19:13:47.120+00:00 Importing era archive                      blockNumber=20000001 dataDir=/data/status-im/nimbus-eth1/data/shared_mainnet_0 eraDir=/data/era
Sep 18 19:13:49 nimbus-eth1-mainnet-short-benchmark[2495399]: NTC 2026-09-18 19:13:49.388+00:00 Matched block to slot number               blockNumber=20000001 slot=9204783
Sep 18 19:19:55 nimbus-eth1-mainnet-short-benchmark[2495399]: INF 2026-09-18 19:19:55.831+00:00 Imported blocks                            blockNumber=20008193 slot=9213020 blocks=8192 txs=1226966 mgas=124237 bps=22.22 tps=3327 mgps=336.9 avgBps=22.22 avgTps=3327 avgMGps=336.9 elapsed=6m8s712ms
Sep 18 19:25:17 nimbus-eth1-mainnet-short-benchmark[2495399]: INF 2026-09-18 19:25:17.790+00:00 Imported blocks                            blockNumber=20016385 slot=9221256 blocks=16384 txs=2540380 mgas=248071 bps=25.44 tps=4079 mgps=384.6 avgBps=23.72 avgTps=3678 avgMGps=359.2 elapsed=11m30s671ms
Sep 18 19:30:23 nimbus-eth1-mainnet-short-benchmark[2495399]: INF 2026-09-18 19:30:23.530+00:00 Imported blocks                            blockNumber=20024577 slot=9229485 blocks=24576 txs=3869398 mgas=372018 bps=26.79 tps=4346 mgps=405.4 avgBps=24.66 avgTps=3883 avgMGps=373.4 elapsed=16m36s414ms
Sep 18 19:35:00 nimbus-eth1-mainnet-short-benchmark[2495399]: INF 2026-09-18 19:35:00.202+00:00 Imported blocks                            blockNumber=20032769 slot=9237722 blocks=32768 txs=5222766 mgas=495797 bps=29.61 tps=4891 mgps=447.4 avgBps=25.74 avgTps=4102 avgMGps=389.4 elapsed=21m13s85ms
Sep 18 19:39:24 nimbus-eth1-mainnet-short-benchmark[2495399]: INF 2026-09-18 19:39:24.422+00:00 Imported blocks                            blockNumber=20040961 slot=9245957 blocks=40960 txs=6566802 mgas=619586 bps=31.00 tps=5086 mgps=468.5 avgBps=26.64 avgTps=4271 avgMGps=403.0 elapsed=25m37s304ms
Sep 18 19:44:09 nimbus-eth1-mainnet-short-benchmark[2495399]: INF 2026-09-18 19:44:09.946+00:00 Imported blocks                            blockNumber=20049153 slot=9254196 blocks=49152 txs=7904746 mgas=743522 bps=28.69 tps=4685 mgps=434.1 avgBps=26.96 avgTps=4336 avgMGps=407.9 elapsed=30m22s830ms
Sep 18 19:48:44 nimbus-eth1-mainnet-short-benchmark[2495399]: INF 2026-09-18 19:48:44.950+00:00 Imported blocks                            blockNumber=20057345 slot=9262435 blocks=57344 txs=9212009 mgas=867360 bps=29.79 tps=4753 mgps=450.3 avgBps=27.33 avgTps=4391 avgMGps=413.5 elapsed=34m57s832ms
Sep 18 19:52:59 nimbus-eth1-mainnet-short-benchmark[2495399]: INF 2026-09-18 19:52:59.727+00:00 Imported blocks                            blockNumber=20065537 slot=9270674 blocks=65536 txs=10559018 mgas=991371 bps=32.15 tps=5287 mgps=486.7 avgBps=27.86 avgTps=4488 avgMGps=421.4 elapsed=39m12s608ms
Sep 18 19:57:00 nimbus-eth1-mainnet-short-benchmark[2495399]: INF 2026-09-18 19:57:00.139+00:00 Imported blocks                            blockNumber=20073729 slot=9278910 blocks=73728 txs=11898676 mgas=1115111 bps=34.07 tps=5572 mgps=514.7 avgBps=28.43 avgTps=4588 avgMGps=430.0 elapsed=43m13s21ms
Sep 18 20:00:51 nimbus-eth1-mainnet-short-benchmark[2495399]: INF 2026-09-18 20:00:51.632+00:00 Imported blocks                            blockNumber=20081921 slot=9287152 blocks=81920 txs=13323263 mgas=1239150 bps=35.39 tps=6153 mgps=535.8 avgBps=29.00 avgTps=4717 avgMGps=438.7 elapsed=47m4s514ms
Sep 18 20:04:42 nimbus-eth1-mainnet-short-benchmark[2495399]: INF 2026-09-18 20:04:42.137+00:00 Imported blocks                            blockNumber=20090113 slot=9295408 blocks=90112 txs=14697082 mgas=1363113 bps=35.54 tps=5959 mgps=537.8 avgBps=29.50 avgTps=4810 avgMGps=446.2 elapsed=50m55s22ms
Sep 18 20:08:48 nimbus-eth1-mainnet-short-benchmark[2495399]: INF 2026-09-18 20:08:48.125+00:00 Imported blocks                            blockNumber=20098305 slot=9303658 blocks=98304 txs=16025683 mgas=1487146 bps=33.30 tps=5401 mgps=504.2 avgBps=29.78 avgTps=4854 avgMGps=450.5 elapsed=55m1s9ms
Sep 18 20:13:04 nimbus-eth1-mainnet-short-benchmark[2495399]: INF 2026-09-18 20:13:04.102+00:00 Imported blocks                            blockNumber=20106497 slot=9311895 blocks=106496 txs=17337157 mgas=1611066 bps=32.00 tps=5123 mgps=484.1 avgBps=29.94 avgTps=4874 avgMGps=452.9 elapsed=59m16s984ms
Sep 18 20:17:05 nimbus-eth1-mainnet-short-benchmark[2495399]: INF 2026-09-18 20:17:05.986+00:00 Imported blocks                            blockNumber=20114689 slot=9320146 blocks=114688 txs=18632097 mgas=1735123 bps=33.87 tps=5353 mgps=512.9 avgBps=30.19 avgTps=4904 avgMGps=456.7 elapsed=1h3m18s
Sep 18 20:20:54 nimbus-eth1-mainnet-short-benchmark[2495399]: INF 2026-09-18 20:20:54.903+00:00 Imported blocks                            blockNumber=20122881 slot=9328409 blocks=122880 txs=19937418 mgas=1859249 bps=35.79 tps=5702 mgps=542.2 avgBps=30.51 avgTps=4949 avgMGps=461.6 elapsed=1h7m7s
Sep 18 20:24:40 nimbus-eth1-mainnet-short-benchmark[2495399]: INF 2026-09-18 20:24:40.948+00:00 Imported blocks                            blockNumber=20131073 slot=9336660 blocks=131072 txs=21214129 mgas=1983500 bps=36.24 tps=5648 mgps=549.7 avgBps=30.81 avgTps=4987 avgMGps=466.3 elapsed=1h10m53s
Sep 18 20:28:26 nimbus-eth1-mainnet-short-benchmark[2495399]: INF 2026-09-18 20:28:26.948+00:00 Imported blocks                            blockNumber=20139265 slot=9344906 blocks=139264 txs=22579079 mgas=2107571 bps=36.25 tps=6039 mgps=549.0 avgBps=31.09 avgTps=5040 avgMGps=470.5 elapsed=1h14m39s
Sep 18 20:32:56 nimbus-eth1-mainnet-short-benchmark[2495399]: INF 2026-09-18 20:32:56.621+00:00 Imported blocks                            blockNumber=20147457 slot=9353153 blocks=147456 txs=24133322 mgas=2231686 bps=30.38 tps=5763 mgps=460.2 avgBps=31.05 avgTps=5081 avgMGps=469.9 elapsed=1h19m9s
Sep 18 20:37:14 nimbus-eth1-mainnet-short-benchmark[2495399]: INF 2026-09-18 20:37:14.361+00:00 Imported blocks                            blockNumber=20155649 slot=9361407 blocks=155648 txs=25424015 mgas=2356018 bps=31.78 tps=5007 mgps=482.4 avgBps=31.08 avgTps=5077 avgMGps=470.5 elapsed=1h23m27s
Sep 18 20:41:12 nimbus-eth1-mainnet-short-benchmark[2495399]: INF 2026-09-18 20:41:12.378+00:00 Imported blocks                            blockNumber=20163841 slot=9369652 blocks=163840 txs=26749549 mgas=2480207 bps=34.42 tps=5569 mgps=521.8 avgBps=31.24 avgTps=5099 avgMGps=472.8 elapsed=1h27m25s
Sep 18 20:45:03 nimbus-eth1-mainnet-short-benchmark[2495399]: INF 2026-09-18 20:45:03.898+00:00 Imported blocks                            blockNumber=20172033 slot=9377892 blocks=172032 txs=28105316 mgas=2604026 bps=35.38 tps=5855 mgps=534.8 avgBps=31.41 avgTps=5131 avgMGps=475.5 elapsed=1h31m16s
Sep 18 20:49:01 nimbus-eth1-mainnet-short-benchmark[2495399]: INF 2026-09-18 20:49:01.043+00:00 Imported blocks                            blockNumber=20180225 slot=9386128 blocks=180224 txs=29524405 mgas=2728170 bps=34.54 tps=5984 mgps=523.5 avgBps=31.54 avgTps=5167 avgMGps=477.5 elapsed=1h35m13s
Sep 18 20:52:40 nimbus-eth1-mainnet-short-benchmark[2495399]: INF 2026-09-18 20:52:40.828+00:00 Imported blocks                            blockNumber=20188417 slot=9394365 blocks=188416 txs=30849021 mgas=2852023 bps=37.27 tps=6026 mgps=563.5 avgBps=31.75 avgTps=5198 avgMGps=480.6 elapsed=1h38m53s
Sep 18 20:56:47 nimbus-eth1-mainnet-short-benchmark[2495399]: INF 2026-09-18 20:56:47.052+00:00 Imported blocks                            blockNumber=20196609 slot=9402602 blocks=196608 txs=32174755 mgas=2976155 bps=33.27 tps=5384 mgps=504.1 avgBps=31.81 avgTps=5206 avgMGps=481.6 elapsed=1h42m59s
Sep 18 21:01:05 nimbus-eth1-mainnet-short-benchmark[2495399]: INF 2026-09-18 21:01:05.249+00:00 Imported blocks                            blockNumber=20204801 slot=9410840 blocks=204800 txs=33475942 mgas=3100410 bps=31.73 tps=5039 mgps=481.2 avgBps=31.81 avgTps=5199 avgMGps=481.6 elapsed=1h47m18s
Sep 18 21:05:03 nimbus-eth1-mainnet-short-benchmark[2495399]: INF 2026-09-18 21:05:03.793+00:00 Imported blocks                            blockNumber=20212993 slot=9419071 blocks=212992 txs=34798508 mgas=3224370 bps=34.34 tps=5544 mgps=519.6 avgBps=31.90 avgTps=5211 avgMGps=482.9 elapsed=1h51m16s
Sep 18 21:08:56 nimbus-eth1-mainnet-short-benchmark[2495399]: INF 2026-09-18 21:08:56.294+00:00 Imported blocks                            blockNumber=20221185 slot=9427313 blocks=221184 txs=36114045 mgas=3348169 bps=35.23 tps=5658 mgps=532.5 avgBps=32.01 avgTps=5226 avgMGps=484.6 elapsed=1h55m9s
Sep 18 21:12:30 nimbus-eth1-mainnet-short-benchmark[2495399]: INF 2026-09-18 21:12:30.351+00:00 Imported blocks                            blockNumber=20229377 slot=9435549 blocks=229376 txs=37421794 mgas=3472031 bps=38.27 tps=6109 mgps=578.6 avgBps=32.20 avgTps=5253 avgMGps=487.4 elapsed=1h58m43s
Sep 18 21:16:13 nimbus-eth1-mainnet-short-benchmark[2495399]: INF 2026-09-18 21:16:13.100+00:00 Imported blocks                            blockNumber=20237569 slot=9443788 blocks=237568 txs=38842064 mgas=3596351 bps=36.78 tps=6376 mgps=558.1 avgBps=32.34 avgTps=5287 avgMGps=489.6 elapsed=2h2m25s
Sep 18 21:20:14 nimbus-eth1-mainnet-short-benchmark[2495399]: INF 2026-09-18 21:20:14.561+00:00 Imported blocks                            blockNumber=20245761 slot=9452021 blocks=245760 txs=40225739 mgas=3720100 bps=33.93 tps=5730 mgps=512.5 avgBps=32.39 avgTps=5301 avgMGps=490.3 elapsed=2h6m27s
Sep 18 21:24:32 nimbus-eth1-mainnet-short-benchmark[2495399]: INF 2026-09-18 21:24:32.937+00:00 Imported blocks                            blockNumber=20253953 slot=9460253 blocks=253952 txs=41454921 mgas=3844385 bps=31.71 tps=4757 mgps=481.0 avgBps=32.37 avgTps=5283 avgMGps=490.0 elapsed=2h10m45s
Sep 18 21:28:37 nimbus-eth1-mainnet-short-benchmark[2495399]: INF 2026-09-18 21:28:37.173+00:00 Imported blocks                            blockNumber=20262145 slot=9468495 blocks=262144 txs=42726051 mgas=3968623 bps=33.54 tps=5204 mgps=508.7 avgBps=32.40 avgTps=5281 avgMGps=490.6 elapsed=2h14m50s
Sep 18 21:32:25 nimbus-eth1-mainnet-short-benchmark[2495399]: INF 2026-09-18 21:32:25.838+00:00 Imported blocks                            blockNumber=20270337 slot=9476748 blocks=270336 txs=44050436 mgas=4092682 bps=35.83 tps=5791 mgps=542.5 avgBps=32.50 avgTps=5295 avgMGps=492.0 elapsed=2h18m38s
Sep 18 21:35:59 nimbus-eth1-mainnet-short-benchmark[2495399]: INF 2026-09-18 21:35:59.579+00:00 Imported blocks                            blockNumber=20278529 slot=9484981 blocks=278528 txs=45382368 mgas=4216487 bps=38.33 tps=6231 mgps=579.2 avgBps=32.64 avgTps=5318 avgMGps=494.2 elapsed=2h22m12s
Sep 18 21:39:37 nimbus-eth1-mainnet-short-benchmark[2495399]: INF 2026-09-18 21:39:37.080+00:00 Imported blocks                            blockNumber=20286721 slot=9493213 blocks=286720 txs=46733429 mgas=4340363 bps=37.66 tps=6211 mgps=569.5 avgBps=32.77 avgTps=5340 avgMGps=496.0 elapsed=2h25m49s
Sep 18 21:43:34 nimbus-eth1-mainnet-short-benchmark[2495399]: INF 2026-09-18 21:43:34.665+00:00 Imported blocks                            blockNumber=20294913 slot=9501453 blocks=294912 txs=48075887 mgas=4464376 bps=34.48 tps=5650 mgps=522.0 avgBps=32.81 avgTps=5349 avgMGps=496.7 elapsed=2h29m47s
Sep 18 21:47:28 nimbus-eth1-mainnet-short-benchmark[2495399]: INF 2026-09-18 21:47:28.657+00:00 Imported blocks                            blockNumber=20303105 slot=9509696 blocks=303104 txs=49379538 mgas=4588534 bps=35.01 tps=5571 mgps=530.6 avgBps=32.87 avgTps=5354 avgMGps=497.6 elapsed=2h33m41s
Sep 18 21:51:15 nimbus-eth1-mainnet-short-benchmark[2495399]: INF 2026-09-18 21:51:15.302+00:00 Imported blocks                            blockNumber=20311297 slot=9517922 blocks=311296 txs=50637672 mgas=4712596 bps=36.15 tps=5551 mgps=547.4 avgBps=32.95 avgTps=5359 avgMGps=498.8 elapsed=2h37m28s
Sep 18 21:54:53 nimbus-eth1-mainnet-short-benchmark[2495399]: INF 2026-09-18 21:54:53.427+00:00 Imported blocks                            blockNumber=20319489 slot=9526159 blocks=319488 txs=51981692 mgas=4836521 bps=37.56 tps=6161 mgps=568.1 avgBps=33.05 avgTps=5377 avgMGps=500.3 elapsed=2h41m6s
Sep 18 21:58:12 nimbus-eth1-mainnet-short-benchmark[2495399]: INF 2026-09-18 21:58:12.676+00:00 Imported blocks                            blockNumber=20327681 slot=9534381 blocks=327680 txs=53356123 mgas=4960245 bps=41.11 tps=6898 mgps=620.9 avgBps=33.21 avgTps=5408 avgMGps=502.8 elapsed=2h44m25s
Sep 18 22:01:30 nimbus-eth1-mainnet-short-benchmark[2495399]: INF 2026-09-18 22:01:30.250+00:00 Imported blocks                            blockNumber=20335873 slot=9542617 blocks=335872 txs=54719105 mgas=5084025 bps=41.46 tps=6898 mgps=626.5 avgBps=33.38 avgTps=5437 avgMGps=505.2 elapsed=2h47m43s
Sep 18 22:05:08 nimbus-eth1-mainnet-short-benchmark[2495399]: INF 2026-09-18 22:05:08.611+00:00 Imported blocks                            blockNumber=20344065 slot=9550841 blocks=344064 txs=56021853 mgas=5207843 bps=37.52 tps=5966 mgps=567.0 avgBps=33.46 avgTps=5448 avgMGps=506.5 elapsed=2h51m21s
Sep 18 22:09:17 nimbus-eth1-mainnet-short-benchmark[2495399]: INF 2026-09-18 22:09:17.335+00:00 Imported blocks                            blockNumber=20352257 slot=9559072 blocks=352256 txs=57290408 mgas=5332016 bps=32.94 tps=5100 mgps=499.2 avgBps=33.45 avgTps=5440 avgMGps=506.4 elapsed=2h55m30s
Sep 18 22:13:04 nimbus-eth1-mainnet-short-benchmark[2495399]: INF 2026-09-18 22:13:04.456+00:00 Imported blocks                            blockNumber=20360449 slot=9567308 blocks=360448 txs=58543463 mgas=5456201 bps=36.07 tps=5517 mgps=546.8 avgBps=33.51 avgTps=5442 avgMGps=507.2 elapsed=2h59m17s
Sep 18 22:16:40 nimbus-eth1-mainnet-short-benchmark[2495399]: INF 2026-09-18 22:16:40.693+00:00 Imported blocks                            blockNumber=20368641 slot=9575548 blocks=368640 txs=59874056 mgas=5580204 bps=37.88 tps=6153 mgps=573.4 avgBps=33.59 avgTps=5456 avgMGps=508.5 elapsed=3h2m53s
Sep 18 22:20:27 nimbus-eth1-mainnet-short-benchmark[2495399]: INF 2026-09-18 22:20:27.274+00:00 Imported blocks                            blockNumber=20376833 slot=9583774 blocks=376832 txs=61167066 mgas=5704396 bps=36.16 tps=5706 mgps=548.1 avgBps=33.65 avgTps=5461 avgMGps=509.3 elapsed=3h6m40s
Sep 18 22:24:07 nimbus-eth1-mainnet-short-benchmark[2495399]: INF 2026-09-18 22:24:07.631+00:00 Imported blocks                            blockNumber=20385025 slot=9592009 blocks=385024 txs=62480333 mgas=5828235 bps=37.18 tps=5959 mgps=562.0 avgBps=33.71 avgTps=5470 avgMGps=510.3 elapsed=3h10m20s
Sep 18 22:27:49 nimbus-eth1-mainnet-short-benchmark[2495399]: INF 2026-09-18 22:27:49.279+00:00 Imported blocks                            blockNumber=20393217 slot=9600248 blocks=393216 txs=63800597 mgas=5952136 bps=36.96 tps=5956 mgps=559.0 avgBps=33.78 avgTps=5480 avgMGps=511.3 elapsed=3h14m2s
Sep 18 22:31:19 nimbus-eth1-mainnet-short-benchmark[2495399]: INF 2026-09-18 22:31:19.949+00:00 Imported blocks                            blockNumber=20401409 slot=9608486 blocks=401408 txs=65021243 mgas=6076384 bps=38.89 tps=5794 mgps=589.8 avgBps=33.87 avgTps=5485 avgMGps=512.7 elapsed=3h17m32s
Sep 18 22:35:06 nimbus-eth1-mainnet-short-benchmark[2495399]: INF 2026-09-18 22:35:06.301+00:00 Imported blocks                            blockNumber=20409601 slot=9616707 blocks=409600 txs=66199016 mgas=6200666 bps=36.19 tps=5203 mgps=549.1 avgBps=33.91 avgTps=5480 avgMGps=513.3 elapsed=3h21m19s
Sep 18 22:38:45 nimbus-eth1-mainnet-short-benchmark[2495399]: INF 2026-09-18 22:38:45.054+00:00 Imported blocks                            blockNumber=20417793 slot=9624941 blocks=417792 txs=67453930 mgas=6324823 bps=37.45 tps=5736 mgps=567.6 avgBps=33.97 avgTps=5484 avgMGps=514.3 elapsed=3h24m57s
Sep 18 22:41:57 nimbus-eth1-mainnet-short-benchmark[2495399]: INF 2026-09-18 22:41:57.496+00:00 Imported blocks                            blockNumber=20425985 slot=9633187 blocks=425984 txs=68814904 mgas=6448778 bps=42.57 tps=7072 mgps=644.1 avgBps=34.10 avgTps=5509 avgMGps=516.3 elapsed=3h28m10s
Sep 18 22:45:08 nimbus-eth1-mainnet-short-benchmark[2495399]: INF 2026-09-18 22:45:08.469+00:00 Imported blocks                            blockNumber=20434177 slot=9641422 blocks=434176 txs=70124508 mgas=6572711 bps=42.90 tps=6857 mgps=649.0 avgBps=34.24 avgTps=5529 avgMGps=518.3 elapsed=3h31m21s
Sep 18 22:48:30 nimbus-eth1-mainnet-short-benchmark[2495399]: INF 2026-09-18 22:48:30.606+00:00 Imported blocks                            blockNumber=20442369 slot=9649657 blocks=442368 txs=71403576 mgas=6696451 bps=40.53 tps=6327 mgps=612.2 avgBps=34.34 avgTps=5542 avgMGps=519.8 elapsed=3h34m43s
Sep 18 22:52:11 nimbus-eth1-mainnet-short-benchmark[2495399]: INF 2026-09-18 22:52:11.959+00:00 Imported blocks                            blockNumber=20450561 slot=9657896 blocks=450560 txs=72659905 mgas=6820521 bps=37.01 tps=5675 mgps=560.5 avgBps=34.38 avgTps=5544 avgMGps=520.5 elapsed=3h38m24s
Sep 18 22:56:14 nimbus-eth1-mainnet-short-benchmark[2495399]: INF 2026-09-18 22:56:14.067+00:00 Imported blocks                            blockNumber=20458753 slot=9666114 blocks=458752 txs=73838533 mgas=6945116 bps=33.84 tps=4868 mgps=514.6 avgBps=34.37 avgTps=5532 avgMGps=520.4 elapsed=3h42m26s
Sep 18 22:59:53 nimbus-eth1-mainnet-short-benchmark[2495399]: INF 2026-09-18 22:59:53.972+00:00 Imported blocks                            blockNumber=20466945 slot=9674343 blocks=466944 txs=75124748 mgas=7068943 bps=37.25 tps=5848 mgps=563.1 avgBps=34.42 avgTps=5537 avgMGps=521.0 elapsed=3h46m6s
Sep 18 23:03:31 nimbus-eth1-mainnet-short-benchmark[2495399]: INF 2026-09-18 23:03:31.377+00:00 Imported blocks                            blockNumber=20475137 slot=9682575 blocks=475136 txs=76420106 mgas=7192870 bps=37.68 tps=5958 mgps=570.0 avgBps=34.47 avgTps=5544 avgMGps=521.8 elapsed=3h49m44s
Sep 18 23:06:58 nimbus-eth1-mainnet-short-benchmark[2495399]: INF 2026-09-18 23:06:58.170+00:00 Imported blocks                            blockNumber=20483329 slot=9690800 blocks=483328 txs=77675422 mgas=7316939 bps=39.61 tps=6070 mgps=600.0 avgBps=34.55 avgTps=5551 avgMGps=523.0 elapsed=3h53m11s
Sep 18 23:10:22 nimbus-eth1-mainnet-short-benchmark[2495399]: INF 2026-09-18 23:10:22.979+00:00 Imported blocks                            blockNumber=20491521 slot=9699019 blocks=491520 txs=78951232 mgas=7440784 bps=40.00 tps=6229 mgps=604.7 avgBps=34.62 avgTps=5561 avgMGps=524.2 elapsed=3h56m35s
Sep 18 23:14:02 nimbus-eth1-mainnet-short-benchmark[2495399]: INF 2026-09-18 23:14:02.236+00:00 Imported blocks                            blockNumber=20499713 slot=9707248 blocks=499712 txs=80189642 mgas=7564669 bps=37.36 tps=5648 mgps=565.0 avgBps=34.67 avgTps=5562 avgMGps=524.8 elapsed=4h15s122ms
Sep 18 23:17:47 nimbus-eth1-mainnet-short-benchmark[2495399]: INF 2026-09-18 23:17:47.889+00:00 Imported blocks                            blockNumber=20507905 slot=9715488 blocks=507904 txs=81317763 mgas=7689208 bps=36.30 tps=4999 mgps=551.9 avgBps=34.69 avgTps=5554 avgMGps=525.2 elapsed=4h4m772ms
Sep 18 23:21:07 nimbus-eth1-mainnet-short-benchmark[2495399]: INF 2026-09-18 23:21:07.246+00:00 Imported blocks                            blockNumber=20516097 slot=9723715 blocks=516096 txs=82520262 mgas=7813209 bps=41.09 tps=6031 mgps=622.0 avgBps=34.78 avgTps=5560 avgMGps=526.5 elapsed=4h7m20s
Sep 18 23:24:38 nimbus-eth1-mainnet-short-benchmark[2495399]: INF 2026-09-18 23:24:38.935+00:00 Imported blocks                            blockNumber=20524289 slot=9731945 blocks=524288 txs=83780075 mgas=7937233 bps=38.70 tps=5951 mgps=585.9 avgBps=34.83 avgTps=5566 avgMGps=527.3 elapsed=4h10m51s
Sep 18 23:28:14 nimbus-eth1-mainnet-short-benchmark[2495399]: INF 2026-09-18 23:28:14.560+00:00 Imported blocks                            blockNumber=20532481 slot=9740183 blocks=532480 txs=85263862 mgas=8061024 bps=37.99 tps=6881 mgps=574.1 avgBps=34.88 avgTps=5584 avgMGps=528.0 elapsed=4h14m27s
Sep 18 23:31:56 nimbus-eth1-mainnet-short-benchmark[2495399]: INF 2026-09-18 23:31:56.041+00:00 Imported blocks                            blockNumber=20540673 slot=9748418 blocks=540672 txs=86612143 mgas=8185090 bps=36.99 tps=6087 mgps=560.2 avgBps=34.91 avgTps=5591 avgMGps=528.4 elapsed=4h18m8s
Sep 18 23:35:44 nimbus-eth1-mainnet-short-benchmark[2495399]: INF 2026-09-18 23:35:44.818+00:00 Imported blocks                            blockNumber=20548865 slot=9756662 blocks=548864 txs=87802991 mgas=8309513 bps=35.81 tps=5205 mgps=543.9 avgBps=34.92 avgTps=5586 avgMGps=528.7 elapsed=4h21m57s
Sep 18 23:39:29 nimbus-eth1-mainnet-short-benchmark[2495399]: INF 2026-09-18 23:39:29.531+00:00 Imported blocks                            blockNumber=20557057 slot=9764892 blocks=557056 txs=88964987 mgas=8433956 bps=36.46 tps=5171 mgps=553.8 avgBps=34.94 avgTps=5580 avgMGps=529.0 elapsed=4h25m42s
Sep 18 23:43:02 nimbus-eth1-mainnet-short-benchmark[2495399]: INF 2026-09-18 23:43:02.892+00:00 Imported blocks                            blockNumber=20565249 slot=9773131 blocks=565248 txs=90186094 mgas=8558113 bps=38.40 tps=5723 mgps=581.9 avgBps=34.99 avgTps=5582 avgMGps=529.7 elapsed=4h29m15s
Sep 18 23:46:38 nimbus-eth1-mainnet-short-benchmark[2495399]: INF 2026-09-18 23:46:38.365+00:00 Imported blocks                            blockNumber=20573441 slot=9781369 blocks=573440 txs=91404654 mgas=8682228 bps=38.02 tps=5655 mgps=576.0 avgBps=35.03 avgTps=5583 avgMGps=530.3 elapsed=4h32m51s
Sep 18 23:50:08 nimbus-eth1-mainnet-short-benchmark[2495399]: INF 2026-09-18 23:50:08.086+00:00 Imported blocks                            blockNumber=20581633 slot=9789611 blocks=581632 txs=92628389 mgas=8806651 bps=39.06 tps=5835 mgps=593.3 avgBps=35.08 avgTps=5586 avgMGps=531.1 elapsed=4h36m20s
Sep 18 23:53:46 nimbus-eth1-mainnet-short-benchmark[2495399]: INF 2026-09-18 23:53:46.111+00:00 Imported blocks                            blockNumber=20589825 slot=9797855 blocks=589824 txs=93887208 mgas=8931023 bps=37.57 tps=5773 mgps=570.5 avgBps=35.11 avgTps=5588 avgMGps=531.6 elapsed=4h39m58s
Sep 18 23:57:27 nimbus-eth1-mainnet-short-benchmark[2495399]: INF 2026-09-18 23:57:27.159+00:00 Imported blocks                            blockNumber=20598017 slot=9806095 blocks=598016 txs=95163338 mgas=9055310 bps=37.06 tps=5773 mgps=562.3 avgBps=35.14 avgTps=5591 avgMGps=532.0 elapsed=4h43m40s
Sep 19 00:01:10 nimbus-eth1-mainnet-short-benchmark[2495399]: INF 2026-09-19 00:01:10.132+00:00 Imported blocks                            blockNumber=20606209 slot=9814347 blocks=606208 txs=96334664 mgas=9179976 bps=36.74 tps=5253 mgps=559.1 avgBps=35.16 avgTps=5586 avgMGps=532.4 elapsed=4h47m23s
Sep 19 00:04:44 nimbus-eth1-mainnet-short-benchmark[2495399]: INF 2026-09-19 00:04:44.117+00:00 Imported blocks                            blockNumber=20614401 slot=9822581 blocks=614400 txs=97573414 mgas=9304574 bps=38.28 tps=5789 mgps=582.3 avgBps=35.20 avgTps=5589 avgMGps=533.0 elapsed=4h50m57s
Sep 19 00:08:19 nimbus-eth1-mainnet-short-benchmark[2495399]: INF 2026-09-19 00:08:19.154+00:00 Imported blocks                            blockNumber=20622593 slot=9830821 blocks=622592 txs=98874772 mgas=9428835 bps=38.10 tps=6051 mgps=577.9 avgBps=35.23 avgTps=5594 avgMGps=533.5 elapsed=4h54m32s
Sep 19 00:11:46 nimbus-eth1-mainnet-short-benchmark[2495399]: INF 2026-09-19 00:11:46.727+00:00 Imported blocks                            blockNumber=20630785 slot=9839058 blocks=630784 txs=100178707 mgas=9553009 bps=39.47 tps=6281 mgps=598.2 avgBps=35.28 avgTps=5602 avgMGps=534.3 elapsed=4h57m59s
Sep 19 00:15:23 nimbus-eth1-mainnet-short-benchmark[2495399]: INF 2026-09-19 00:15:23.288+00:00 Imported blocks                            blockNumber=20638977 slot=9847313 blocks=638976 txs=101489116 mgas=9677171 bps=37.83 tps=6050 mgps=573.3 avgBps=35.31 avgTps=5608 avgMGps=534.8 elapsed=5h1m36s
Sep 19 00:18:56 nimbus-eth1-mainnet-short-benchmark[2495399]: INF 2026-09-19 00:18:56.801+00:00 Imported blocks                            blockNumber=20647169 slot=9855549 blocks=647168 txs=102730058 mgas=9801643 bps=38.37 tps=5812 mgps=583.0 avgBps=35.35 avgTps=5610 avgMGps=535.3 elapsed=5h5m9s
Sep 19 00:22:44 nimbus-eth1-mainnet-short-benchmark[2495399]: INF 2026-09-19 00:22:44.722+00:00 Imported blocks                            blockNumber=20655361 slot=9863778 blocks=655360 txs=103868002 mgas=9926541 bps=35.94 tps=4992 mgps=548.0 avgBps=35.35 avgTps=5603 avgMGps=535.5 elapsed=5h8m57s
Sep 19 00:26:15 nimbus-eth1-mainnet-short-benchmark[2495399]: INF 2026-09-19 00:26:15.387+00:00 Imported blocks                            blockNumber=20663553 slot=9872013 blocks=663552 txs=105112198 mgas=10051274 bps=38.89 tps=5906 mgps=592.1 avgBps=35.39 avgTps=5606 avgMGps=536.1 elapsed=5h12m28s
Sep 19 00:29:34 nimbus-eth1-mainnet-short-benchmark[2495399]: INF 2026-09-19 00:29:34.592+00:00 Imported blocks                            blockNumber=20671745 slot=9880241 blocks=671744 txs=106395904 mgas=10175177 bps=41.12 tps=6444 mgps=622.0 avgBps=35.45 avgTps=5615 avgMGps=537.0 elapsed=5h15m47s
Sep 19 00:32:59 nimbus-eth1-mainnet-short-benchmark[2495399]: INF 2026-09-19 00:32:59.445+00:00 Imported blocks                            blockNumber=20679937 slot=9888471 blocks=679936 txs=107674271 mgas=10299404 bps=39.99 tps=6240 mgps=606.4 avgBps=35.50 avgTps=5621 avgMGps=537.8 elapsed=5h19m12s
Sep 19 00:36:15 nimbus-eth1-mainnet-short-benchmark[2495399]: INF 2026-09-19 00:36:15.319+00:00 Imported blocks                            blockNumber=20688129 slot=9896698 blocks=688128 txs=108938536 mgas=10423298 bps=41.82 tps=6454 mgps=632.5 avgBps=35.57 avgTps=5630 avgMGps=538.7 elapsed=5h22m28s
Sep 19 00:39:43 nimbus-eth1-mainnet-short-benchmark[2495399]: INF 2026-09-19 00:39:43.808+00:00 Imported blocks                            blockNumber=20696321 slot=9904930 blocks=696320 txs=110235786 mgas=10547469 bps=39.29 tps=6222 mgps=595.6 avgBps=35.61 avgTps=5636 avgMGps=539.3 elapsed=5h25m56s
Sep 19 00:43:29 nimbus-eth1-mainnet-short-benchmark[2495399]: INF 2026-09-19 00:43:29.772+00:00 Imported blocks                            blockNumber=20704513 slot=9913154 blocks=704512 txs=111483759 mgas=10671677 bps=36.25 tps=5522 mgps=549.7 avgBps=35.61 avgTps=5635 avgMGps=539.4 elapsed=5h29m42s
Sep 19 00:47:03 nimbus-eth1-mainnet-short-benchmark[2495399]: INF 2026-09-19 00:47:03.209+00:00 Imported blocks                            blockNumber=20712705 slot=9921388 blocks=712704 txs=112764170 mgas=10795980 bps=38.38 tps=5999 mgps=582.4 avgBps=35.64 avgTps=5639 avgMGps=539.9 elapsed=5h33m16s
Sep 19 00:50:21 nimbus-eth1-mainnet-short-benchmark[2495399]: INF 2026-09-19 00:50:21.203+00:00 Imported blocks                            blockNumber=20720897 slot=9929633 blocks=720896 txs=114110517 mgas=10919926 bps=41.38 tps=6800 mgps=626.0 avgBps=35.70 avgTps=5650 avgMGps=540.7 elapsed=5h36m34s
Sep 19 00:53:45 nimbus-eth1-mainnet-short-benchmark[2495399]: INF 2026-09-19 00:53:45.692+00:00 Imported blocks                            blockNumber=20729089 slot=9937869 blocks=729088 txs=115449431 mgas=11043768 bps=40.06 tps=6547 mgps=605.6 avgBps=35.74 avgTps=5659 avgMGps=541.4 elapsed=5h39m58s
Sep 19 00:57:02 nimbus-eth1-mainnet-short-benchmark[2495399]: INF 2026-09-19 00:57:02.837+00:00 Imported blocks                            blockNumber=20737281 slot=9946108 blocks=737280 txs=116784468 mgas=11167784 bps=41.55 tps=6771 mgps=629.0 avgBps=35.80 avgTps=5670 avgMGps=542.2 elapsed=5h43m15s
Sep 19 01:00:29 nimbus-eth1-mainnet-short-benchmark[2495399]: INF 2026-09-19 01:00:29.482+00:00 Imported blocks                            blockNumber=20745473 slot=9954342 blocks=745472 txs=118101003 mgas=11291742 bps=39.64 tps=6371 mgps=599.9 avgBps=35.84 avgTps=5677 avgMGps=542.8 elapsed=5h46m42s
Sep 19 01:04:12 nimbus-eth1-mainnet-short-benchmark[2495399]: INF 2026-09-19 01:04:12.419+00:00 Imported blocks                            blockNumber=20753665 slot=9962581 blocks=753664 txs=119337525 mgas=11415859 bps=36.75 tps=5546 mgps=556.7 avgBps=35.85 avgTps=5675 avgMGps=543.0 elapsed=5h50m25s
Sep 19 01:07:43 nimbus-eth1-mainnet-short-benchmark[2495399]: INF 2026-09-19 01:07:43.148+00:00 Imported blocks                            blockNumber=20761857 slot=9970803 blocks=761856 txs=120564314 mgas=11540225 bps=38.87 tps=5821 mgps=590.2 avgBps=35.88 avgTps=5677 avgMGps=543.4 elapsed=5h53m56s
Sep 19 01:11:02 nimbus-eth1-mainnet-short-benchmark[2495399]: INF 2026-09-19 01:11:02.189+00:00 Imported blocks                            blockNumber=20770049 slot=9979058 blocks=770048 txs=121858083 mgas=11663918 bps=41.16 tps=6499 mgps=621.4 avgBps=35.92 avgTps=5684 avgMGps=544.2 elapsed=5h57m15s
Sep 19 01:14:10 nimbus-eth1-mainnet-short-benchmark[2495399]: INF 2026-09-19 01:14:10.750+00:00 Imported blocks                            blockNumber=20778241 slot=9987307 blocks=778240 txs=123161734 mgas=11787906 bps=43.45 tps=6913 mgps=657.6 avgBps=35.99 avgTps=5695 avgMGps=545.1 elapsed=6h23s634ms
Sep 19 01:17:16 nimbus-eth1-mainnet-short-benchmark[2495399]: INF 2026-09-19 01:17:16.040+00:00 Imported blocks                            blockNumber=20786433 slot=9995542 blocks=786432 txs=124509456 mgas=11911612 bps=44.21 tps=7273 mgps=667.6 avgBps=36.06 avgTps=5709 avgMGps=546.2 elapsed=6h3m28s
Sep 19 01:20:26 nimbus-eth1-mainnet-short-benchmark[2495399]: INF 2026-09-19 01:20:26.701+00:00 Imported blocks                            blockNumber=20794625 slot=10003781 blocks=794624 txs=125848921 mgas=12035338 bps=42.97 tps=7025 mgps=648.9 avgBps=36.12 avgTps=5720 avgMGps=547.1 elapsed=6h6m39s
Sep 19 01:23:41 nimbus-eth1-mainnet-short-benchmark[2495399]: INF 2026-09-19 01:23:41.874+00:00 Imported blocks                            blockNumber=20802817 slot=10012028 blocks=802816 txs=127089868 mgas=12158989 bps=41.97 tps=6358 mgps=633.6 avgBps=36.17 avgTps=5726 avgMGps=547.8 elapsed=6h9m54s
Sep 19 01:27:05 nimbus-eth1-mainnet-short-benchmark[2495399]: INF 2026-09-19 01:27:05.396+00:00 Imported blocks                            blockNumber=20811009 slot=10020249 blocks=811008 txs=128299762 mgas=12282850 bps=40.25 tps=5944 mgps=608.6 avgBps=36.21 avgTps=5728 avgMGps=548.4 elapsed=6h13m18s
Sep 19 01:30:15 nimbus-eth1-mainnet-short-benchmark[2495399]: INF 2026-09-19 01:30:15.109+00:00 Imported blocks                            blockNumber=20819201 slot=10028481 blocks=819200 txs=129596319 mgas=12406594 bps=43.18 tps=6834 mgps=652.3 avgBps=36.27 avgTps=5737 avgMGps=549.3 elapsed=6h16m27s
Sep 19 01:33:24 nimbus-eth1-mainnet-short-benchmark[2495399]: INF 2026-09-19 01:33:24.286+00:00 Imported blocks                            blockNumber=20827393 slot=10036710 blocks=827392 txs=130916729 mgas=12530249 bps=43.30 tps=6979 mgps=653.7 avgBps=36.33 avgTps=5747 avgMGps=550.1 elapsed=6h19m37s
Sep 19 01:36:34 nimbus-eth1-mainnet-short-benchmark[2495399]: INF 2026-09-19 01:36:34.180+00:00 Imported blocks                            blockNumber=20835585 slot=10044938 blocks=835584 txs=132226625 mgas=12654070 bps=43.14 tps=6898 mgps=652.1 avgBps=36.38 avgTps=5757 avgMGps=551.0 elapsed=6h22m47s
Sep 19 01:39:55 nimbus-eth1-mainnet-short-benchmark[2495399]: INF 2026-09-19 01:39:55.853+00:00 Imported blocks                            blockNumber=20843777 slot=10053164 blocks=843776 txs=133604192 mgas=12777730 bps=40.62 tps=6830 mgps=613.2 avgBps=36.42 avgTps=5766 avgMGps=551.5 elapsed=6h26m8s
Sep 19 01:43:43 nimbus-eth1-mainnet-short-benchmark[2495399]: INF 2026-09-19 01:43:43.677+00:00 Imported blocks                            blockNumber=20851969 slot=10061391 blocks=851968 txs=134900706 mgas=12901664 bps=35.96 tps=5690 mgps=544.0 avgBps=36.41 avgTps=5765 avgMGps=551.4 elapsed=6h29m56s
Sep 19 01:47:18 nimbus-eth1-mainnet-short-benchmark[2495399]: INF 2026-09-19 01:47:18.678+00:00 Imported blocks                            blockNumber=20860161 slot=10069622 blocks=860160 txs=136168750 mgas=13025603 bps=38.10 tps=5897 mgps=576.5 avgBps=36.43 avgTps=5767 avgMGps=551.7 elapsed=6h33m31s
Sep 19 01:50:51 nimbus-eth1-mainnet-short-benchmark[2495399]: INF 2026-09-19 01:50:51.747+00:00 Imported blocks                            blockNumber=20868353 slot=10077838 blocks=868352 txs=137550724 mgas=13149742 bps=38.45 tps=6486 mgps=582.6 avgBps=36.45 avgTps=5773 avgMGps=551.9 elapsed=6h37m4s
Sep 19 01:54:23 nimbus-eth1-mainnet-short-benchmark[2495399]: INF 2026-09-19 01:54:23.892+00:00 Imported blocks                            blockNumber=20876545 slot=10086066 blocks=876544 txs=138954673 mgas=13273457 bps=38.61 tps=6617 mgps=583.2 avgBps=36.47 avgTps=5780 avgMGps=552.2 elapsed=6h40m36s
Sep 19 01:57:49 nimbus-eth1-mainnet-short-benchmark[2495399]: INF 2026-09-19 01:57:49.174+00:00 Imported blocks                            blockNumber=20884737 slot=10094286 blocks=884736 txs=140256178 mgas=13397479 bps=39.91 tps=6340 mgps=604.2 avgBps=36.50 avgTps=5785 avgMGps=552.7 elapsed=6h44m2s
Sep 19 02:01:09 nimbus-eth1-mainnet-short-benchmark[2495399]: INF 2026-09-19 02:01:09.303+00:00 Imported blocks                            blockNumber=20892929 slot=10102512 blocks=892928 txs=141581868 mgas=13521575 bps=40.93 tps=6624 mgps=620.1 avgBps=36.53 avgTps=5792 avgMGps=553.2 elapsed=6h47m22s
Sep 19 02:04:30 nimbus-eth1-mainnet-short-benchmark[2495399]: INF 2026-09-19 02:04:30.568+00:00 Imported blocks                            blockNumber=20901121 slot=10110732 blocks=901120 txs=142875889 mgas=13645572 bps=40.70 tps=6429 mgps=616.1 avgBps=36.57 avgTps=5797 avgMGps=553.7 elapsed=6h50m43s
Sep 19 02:07:51 nimbus-eth1-mainnet-short-benchmark[2495399]: INF 2026-09-19 02:07:51.229+00:00 Imported blocks                            blockNumber=20909313 slot=10118953 blocks=909312 txs=144102308 mgas=13769390 bps=40.83 tps=6111 mgps=617.0 avgBps=36.60 avgTps=5800 avgMGps=554.2 elapsed=6h54m4s
Sep 19 02:11:07 nimbus-eth1-mainnet-short-benchmark[2495399]: INF 2026-09-19 02:11:07.410+00:00 Imported blocks                            blockNumber=20917505 slot=10127176 blocks=917504 txs=145406349 mgas=13893087 bps=41.76 tps=6647 mgps=630.5 avgBps=36.64 avgTps=5806 avgMGps=554.8 elapsed=6h57m20s
Sep 19 02:14:13 nimbus-eth1-mainnet-short-benchmark[2495399]: INF 2026-09-19 02:14:13.560+00:00 Imported blocks                            blockNumber=20925697 slot=10135394 blocks=925696 txs=146718394 mgas=14016820 bps=44.01 tps=7048 mgps=664.7 avgBps=36.70 avgTps=5816 avgMGps=555.6 elapsed=7h26s443ms
Sep 19 02:17:33 nimbus-eth1-mainnet-short-benchmark[2495399]: INF 2026-09-19 02:17:33.453+00:00 Imported blocks                            blockNumber=20933889 slot=10143614 blocks=933888 txs=148049109 mgas=14140625 bps=40.98 tps=6657 mgps=619.4 avgBps=36.73 avgTps=5822 avgMGps=556.1 elapsed=7h3m46s
Sep 19 02:20:46 nimbus-eth1-mainnet-short-benchmark[2495399]: INF 2026-09-19 02:20:46.550+00:00 Imported blocks                            blockNumber=20942081 slot=10151840 blocks=942080 txs=149397364 mgas=14264352 bps=42.42 tps=6982 mgps=640.8 avgBps=36.77 avgTps=5831 avgMGps=556.8 elapsed=7h6m59s
Sep 19 02:24:04 nimbus-eth1-mainnet-short-benchmark[2495399]: INF 2026-09-19 02:24:04.871+00:00 Imported blocks                            blockNumber=20950273 slot=10160098 blocks=950272 txs=150765507 mgas=14388237 bps=41.31 tps=6898 mgps=624.7 avgBps=36.81 avgTps=5839 avgMGps=557.3 elapsed=7h10m17s
Sep 19 02:27:35 nimbus-eth1-mainnet-short-benchmark[2495399]: INF 2026-09-19 02:27:35.660+00:00 Imported blocks                            blockNumber=20958465 slot=10168363 blocks=958464 txs=152044771 mgas=14511987 bps=38.86 tps=6068 mgps=587.1 avgBps=36.82 avgTps=5841 avgMGps=557.5 elapsed=7h13m48s
Sep 19 02:30:57 nimbus-eth1-mainnet-short-benchmark[2495399]: INF 2026-09-19 02:30:57.569+00:00 Imported blocks                            blockNumber=20966657 slot=10176609 blocks=966656 txs=153365296 mgas=14635804 bps=40.57 tps=6540 mgps=613.2 avgBps=36.85 avgTps=5846 avgMGps=558.0 elapsed=7h17m10s
Sep 19 02:34:18 nimbus-eth1-mainnet-short-benchmark[2495399]: INF 2026-09-19 02:34:18.399+00:00 Imported blocks                            blockNumber=20974849 slot=10184849 blocks=974848 txs=154744917 mgas=14759580 bps=40.79 tps=6869 mgps=616.3 avgBps=36.88 avgTps=5854 avgMGps=558.4 elapsed=7h20m31s
Sep 19 02:37:45 nimbus-eth1-mainnet-short-benchmark[2495399]: INF 2026-09-19 02:37:45.772+00:00 Imported blocks                            blockNumber=20983041 slot=10193086 blocks=983040 txs=156055229 mgas=14883451 bps=39.50 tps=6318 mgps=597.3 avgBps=36.90 avgTps=5858 avgMGps=558.7 elapsed=7h23m58s
Sep 19 02:40:48 nimbus-eth1-mainnet-short-benchmark[2495399]: INF 2026-09-19 02:40:48.257+00:00 Imported blocks                            blockNumber=20991233 slot=10201319 blocks=991232 txs=157563202 mgas=15007557 bps=44.89 tps=8263 mgps=680.1 avgBps=36.96 avgTps=5874 avgMGps=559.5 elapsed=7h27m1s
Sep 19 02:44:19 nimbus-eth1-mainnet-short-benchmark[2495399]: INF 2026-09-19 02:44:19.890+00:00 Imported blocks                            blockNumber=20999425 slot=10209549 blocks=999424 txs=159003277 mgas=15131383 bps=38.71 tps=6804 mgps=585.1 avgBps=36.97 avgTps=5881 avgMGps=559.7 elapsed=7h30m32s
Sep 19 02:44:35 nimbus-eth1-mainnet-short-benchmark[2495399]: INF 2026-09-19 02:44:35.050+00:00 Imported blocks                            blockNumber=21000001 slot=10210128 blocks=1000000 txs=159109486 mgas=15140191 bps=37.99 tps=7005 mgps=580.9 avgBps=36.97 avgTps=5882 avgMGps=559.8 elapsed=7h30m47s
Sep 19 02:44:35 nimbus-eth1-mainnet-short-benchmark[2495399]: NTC 2026-09-19 02:44:35.050+00:00 Import complete                            blockNumber=21000001 slot=10210128 blocks=1000000 txs=159109486 mgas=15140191
Sep 19 02:44:36 nimbus-eth1-mainnet-short-benchmark[2466787]: <<< ending startNimbusWithImport (success)
Sep 19 02:44:36 nimbus-eth1-mainnet-short-benchmark[2466787]: >>> starting moveBenchmarkingFileToRepo
Sep 19 02:44:36 nimbus-eth1-mainnet-short-benchmark[2466787]: >>> copying debug-csv generated by nimbus to benchmarks repo
Sep 19 02:44:36 nimbus-eth1-mainnet-short-benchmark[2466787]: <<< ending moveBenchmarkingFileToRepo (success)
Sep 19 02:44:36 nimbus-eth1-mainnet-short-benchmark[2466787]: >>> starting generateBuildEnvironmentLogFile
Sep 19 02:44:44 nimbus-eth1-mainnet-short-benchmark[2466787]: <<< ending generateBuildEnvironmentLogFile (success)
Sep 19 02:44:44 nimbus-eth1-mainnet-short-benchmark[2466787]: >>> starting generateSystemdServiceLogs
