=== System Information Report ===
>>> Generated on: Sat Aug 22 08:07:51 PM UTC 2026
==========================
>>> CPU Architecture: x86_64
>>> CPU Byte Order: Little Endian
>>> CPU Cores: 16
>>> CPU Model: AMD Ryzen 7 PRO 8700GE w/ Radeon 780M Graphics
>>> CPU Cache Information:
L1d Cache: 256 KiB (8 instances)
L1i Cache: 256 KiB (8 instances)
L2 Cache: 8 MiB (8 instances)
L3 Cache: 16 MiB (1 instance)
>>> RAM Size: 61Gi
>>> Hard Disk Information:
/dev/md2 : 437G total, 199G free
/dev/md1 : 989M total, 690M free
/dev/nvme0n1p1 : 256M total, 256M free
/dev/nvme1n1 : 1.9T total, 486G free
==========================
=== Nimbus-ETH1 Benchmarking Report ===
>>> Total time spent in benchmarking (nanoseconds): 28540245452455
>>> Total time spent in benchmarking (human readable format): 7 hours 55 minutes 40 seconds
>>> Start block number is 20000001
>>> End block number is 21000001
==========================
=== Comparison of last two benchmarks ===
sort: write failed: 'standard output': Broken pipe
sort: write error
sort: write failed: 'standard output': Broken pipe
sort: write error
python /data/status-im/nimbus-eth1/scripts/block-import-stats.py /data/status-im/nimbus-eth1-benchmarks/short-benchmark/20260822T035058_a8f02b0c/blocks-import-benchmark.csv /data/status-im/nimbus-eth1-benchmarks/short-benchmark/20260822T115927_65db025c/blocks-import-benchmark.csv
blocks-import-benchmark.csv vs blocks-import-benchmark.csv
                      bps_x  bps_y     tps_x     tps_y   time_x   time_y    bpsd    tpsd  timed
block_number                                                                                   
(20000001, 20111112]  29.11  29.08  4,753.30  4,748.21  1h1m59s  1h1m59s  -0.06%  -0.06%  0.07%
(20111112, 20222223]  32.75  32.73  5,356.97  5,353.57   58m31s   58m34s  -0.07%  -0.07%  0.07%
(20222223, 20333334]  34.55  34.38  5,600.00  5,573.63   51m35s   51m50s  -0.47%  -0.47%  0.47%
(20333334, 20444445]  36.27  36.09  5,714.88  5,687.04   52m57s   53m12s  -0.47%  -0.47%  0.48%
(20444445, 20555556]  35.79  35.55  5,516.26  5,479.37   49m42s    50m1s  -0.65%  -0.65%  0.66%
(20555556, 20666667]  35.90  35.68  5,422.95  5,388.67   53m16s   53m36s  -0.62%  -0.62%  0.63%
(20666667, 20777778]  37.60  37.46  5,916.26  5,894.72   47m17s   47m28s  -0.37%  -0.37%  0.38%
(20777778, 20888889]  38.84  38.74  6,230.93  6,215.03   49m21s   49m29s  -0.26%  -0.26%  0.27%
(20888889, 21000001]  38.94  38.72  6,419.68  6,383.45   49m10s   49m27s  -0.56%  -0.56%  0.57%

blocks: 991808, baseline: 7h53m53s, contender: 7h55m40s
Time (total): 1m46s, 0.38%

bpsd = blocks per sec diff (+), tpsd = txs per sec diff, timed = time to process diff (-)
+ = more is better, - = less is better
==========================
