Jul 26 23:36:03 nimbus-eth1-mainnet-short-benchmark[3437247]: >>> starting cloneOrFetchBenchmarksRepo
Jul 26 23:36:03 nimbus-eth1-mainnet-short-benchmark[3437247]: >>> Fetching latest changes for nimbus-eth1-benchmarks...
Jul 26 23:36:04 nimbus-eth1-mainnet-short-benchmark[3437296]: HEAD is now at c1cc160 chore: update short benchmark Readme
Jul 26 23:36:05 nimbus-eth1-mainnet-short-benchmark[3437247]: <<< ending cloneOrFetchBenchmarksRepo (success)
Jul 26 23:36:05 nimbus-eth1-mainnet-short-benchmark[3437247]: >>> starting cloneOrFetchNimbusRepo
Jul 26 23:36:13 nimbus-eth1-mainnet-short-benchmark[3437247]: >>> Fetching latest changes for nimbus-eth1...
Jul 26 23:36:14 nimbus-eth1-mainnet-short-benchmark[3437636]: From https://github.com/status-im/nimbus-eth1
Jul 26 23:36:14 nimbus-eth1-mainnet-short-benchmark[3437636]:  * [new branch]          bls12-miller -> origin/bls12-miller
Jul 26 23:36:14 nimbus-eth1-mainnet-short-benchmark[3437644]: warning: unable to rmdir 'vendor/libtommath': Directory not empty
Jul 26 23:36:14 nimbus-eth1-mainnet-short-benchmark[3437644]: HEAD is now at 65db025cf build(deps): bump vendor/nim-presto from `b687ef7` to `8549aa9` (#4542)
Jul 26 23:36:14 nimbus-eth1-mainnet-short-benchmark[3437247]: >>> Found last benchmarked commit: b6fdbd5b
Jul 26 23:36:14 nimbus-eth1-mainnet-short-benchmark[3437247]: >>> Using next commit: eecc9ad296a2e9a742c8a6313bb6506f31fd7fdf
Jul 26 23:36:14 nimbus-eth1-mainnet-short-benchmark[3437654]: HEAD is now at eecc9ad29 Beacon sync maint update (#4385)
Jul 26 23:36:14 nimbus-eth1-mainnet-short-benchmark[3437247]: >>> Current commit: eecc9ad29
Jul 26 23:36:14 nimbus-eth1-mainnet-short-benchmark[3437247]: <<< ending cloneOrFetchNimbusRepo (success)
Jul 26 23:36:14 nimbus-eth1-mainnet-short-benchmark[3437247]: >>> starting buildBinaries
Jul 26 23:36:14 nimbus-eth1-mainnet-short-benchmark[3437247]: >>> Building binaries for commit eecc9ad2...
Jul 26 23:36:22 nimbus-eth1-mainnet-short-benchmark[3442999]: Building: Nim compiler
Jul 26 23:38:16 nimbus-eth1-mainnet-short-benchmark[3442999]: Building custom Nimble commit: 42ef70c2102a942c46f13eb76872326edd525cec
Jul 26 23:38:25 nimbus-eth1-mainnet-short-benchmark[3442999]: Building Nimble...
Jul 26 23:38:36 nimbus-eth1-mainnet-short-benchmark[3442999]: Replacing nimble binary...
Jul 26 23:38:36 nimbus-eth1-mainnet-short-benchmark[3451905]: cp: cannot stat '/data/status-im/nimbus-eth1/build/*': No such file or directory
Jul 26 23:38:36 nimbus-eth1-mainnet-short-benchmark[3451882]: ROCKSDB VERSION NOT FOUND
Jul 26 23:38:36 nimbus-eth1-mainnet-short-benchmark[3452030]: make[1]: Entering directory '/data/status-im/nimbus-eth1/vendor/nim-rocksdb/vendor/rocksdb'
Jul 26 23:38:36 nimbus-eth1-mainnet-short-benchmark[3452030]: $DEBUG_LEVEL is 0, $LIB_MODE is static
Jul 26 23:38:37 nimbus-eth1-mainnet-short-benchmark[3452030]: make[1]: Leaving directory '/data/status-im/nimbus-eth1/vendor/nim-rocksdb/vendor/rocksdb'
Jul 26 23:38:37 nimbus-eth1-mainnet-short-benchmark[3452480]: Cleaning up RocksDb build artifacts.
Jul 26 23:38:37 nimbus-eth1-mainnet-short-benchmark[3451911]: Building RocksDb static libraries.
Jul 26 23:41:50 nimbus-eth1-mainnet-short-benchmark[3455994]: Building: build/nimbus_execution_client
Jul 26 23:44:16 nimbus-eth1-mainnet-short-benchmark[3437247]: >>> renaming binaries to match commit they were built from
Jul 26 23:44:16 nimbus-eth1-mainnet-short-benchmark[3437247]: >>> creating a symbolic link to the latest version
Jul 26 23:44:16 nimbus-eth1-mainnet-short-benchmark[3437247]: >>> deleting copies that are older than N days
Jul 26 23:44:16 nimbus-eth1-mainnet-short-benchmark[3437247]: <<< ending buildBinaries (success)
Jul 26 23:44:16 nimbus-eth1-mainnet-short-benchmark[3437247]: >>> starting skipOrContinueBenchmark
Jul 26 23:44:16 nimbus-eth1-mainnet-short-benchmark[3437247]: <<< ending skipOrContinueBenchmark (success)
Jul 26 23:44:16 nimbus-eth1-mainnet-short-benchmark[3437247]: >>> starting copyTemplateDatabase
Jul 26 23:44:16 nimbus-eth1-mainnet-short-benchmark[3437247]: >>> Copying template db into nimbus data directory
Jul 26 23:47:25 nimbus-eth1-mainnet-short-benchmark[3437247]: >>> Template db copied
Jul 26 23:47:25 nimbus-eth1-mainnet-short-benchmark[3437247]: >>> making nimbus the owner of the copied files
Jul 26 23:47:25 nimbus-eth1-mainnet-short-benchmark[3437247]: <<< ending copyTemplateDatabase (success)
Jul 26 23:47:25 nimbus-eth1-mainnet-short-benchmark[3437247]: >>> starting startNimbusWithImport
Jul 26 23:47:25 nimbus-eth1-mainnet-short-benchmark[3461803]: INF 2026-07-26 23:47:25.366+00:00 Launching execution client                 version=v0.3.1-eecc9ad2 config="(configFile: none(InputFile), dataDirFlag: some(/data/status-im/nimbus-eth1/data/shared_mainnet_0), era1DirFlag: some(/data/era1), eraDirFlag: some(/data/era), ereDirFlag: none(OutDir), keyStoreDirFlag: none(OutDir), importKey: , trustedSetupFile: none(string), extraData: Nimbus/v0.3.1-eecc9ad2, gasLimit: 60000000, maxBlobs: none(byte), network: [mainnet], customNetwork: none(NetworkParams), networkId: 1, networkParams: (config: ..., genesis: (nonce: 0x0000000000000042, timestamp: 0, extraData: [17, 187, 232, 219, 78, 52, 123, 78, 140, 147, 124, 28, 131, 112, 228, 181, 237, 51, 173, 179, 219, 105, 203, 219, 122, 56, 225, 229, 11, 27, 130, 250], gasLimit: 5000, difficulty: 17179869184, mixHash: 0x0000000000000000000000000000000000000000000000000000000000000000, coinbase: 0x0000000000000000000000000000000000000000, alloc: 8893, number: 0, gasUser: 0, parentHash: 0x0000000000000000000000000000000000000000000000000000000000000000, baseFeePerGas: none(), blobGasUsed: -1, excessBlobGas: -1, parentBeaconBlockRoot: none())), logLevel: INFO, logFormat: auto, metricsEnabled: false, metricsPort: 9093, metricsAddress: 127.0.0.1, bootstrapNodes: [], bootstrapFile: , staticPeers: [], staticPeersFile: , reconnectMaxRetry: 0, reconnectInterval: 15, listenAddress: ::, tcpPort: 30303, udpPortFlag: none(Port), maxPeers: 25, nat: (hasExtIp: false, nat: NatAny), discovery: [V4, V5], netKey: random, agentString: Nimbus/v0.3.1-eecc9ad2/linux-amd64/Nim-2.2.10, numThreads: 0, persistBatchSize: 4, dynamicBatchSize: false, rocksdbMaxOpenFiles: 2048, rocksdbWriteBufferSize: 67108864, rocksdbRowCacheSize: 0, rocksdbBlockCacheSize: 2147483648, rocksdbBlockCacheType: hyperclock, rdbVtxCacheSize: 536870912, rdbKeyCacheSize: 1342177280, rdbBranchCacheSize: 1073741824, rdbPrintStats: false, rewriteDatadirId: true, aristoDbMaxSnapshots: 5, parallelStateRootComputation: false, optimisticStatePrefetch: false, balStatePrefetch: false, balStatePrefetchWorkers: 0, eagerStateRootCheck: false, deserializeFcState: true, statelessProviderEnabled: false, statelessWitnessValidation: false, cmd: import, maxBlocks: 1000000, chunkSize: 8192, csvStats: some("/data/host-benchmarks/short/802748fcdc414c5e9ac1cc3dba6cd0b7/blocks-import-benchmark.csv"), validation: false, fullValidation: false, storeBodies: false, storeReceipts: false, storeSlotHashes: false)"
Jul 26 23:47:25 nimbus-eth1-mainnet-short-benchmark[3461803]: WRN 2026-07-26 23:47:25.370+00:00 Data directory has insecure permissions. Correcting them. data_dir=/data/status-im/nimbus-eth1/data/shared_mainnet_0 current_permissions=0755 required_permissions=0700
Jul 26 23:47:27 nimbus-eth1-mainnet-short-benchmark[3461803]: INF 2026-07-26 23:47:27.282+00:00 Taskpool started                           numThreads=16
Jul 26 23:47:27 nimbus-eth1-mainnet-short-benchmark[3461803]: INF 2026-07-26 23:47:27.382+00:00 Writing data dir ID                        ID=0x0a036d6f6dfe59156bb6359f0243c93d5a421ed688de5aa85a62d15dca8dbd5c
Jul 26 23:47:27 nimbus-eth1-mainnet-short-benchmark[3461803]: INF 2026-07-26 23:47:27.402+00:00 Database initialized                       base="(0xd24fd73f794058a3807db926d8898c6481e902b7edb91ce0d479d6760f276183, 20000000)" finalized="(0xd24fd73f794058a3807db926d8898c6481e902b7edb91ce0d479d6760f276183, 20000000)" head="(0xd4e56740f876aef8c010b86a40d5f56745a118d0906a34e69aec8c0db1cb8fa3, 0)"
Jul 26 23:47:27 nimbus-eth1-mainnet-short-benchmark[3461803]: NTC 2026-07-26 23:47:27.402+00:00 Could not open ere database, falling back to era1/era import ereDir=/data/status-im/nimbus-eth1/data/shared_mainnet_0/ere networkName=mainnet error="No ere files found in /data/status-im/nimbus-eth1/data/shared_mainnet_0/ere"
Jul 26 23:47:27 nimbus-eth1-mainnet-short-benchmark[3461803]: NTC 2026-07-26 23:47:27.402+00:00 Importing era archive                      blockNumber=20000001 dataDir=/data/status-im/nimbus-eth1/data/shared_mainnet_0 eraDir=/data/era
Jul 26 23:47:29 nimbus-eth1-mainnet-short-benchmark[3461803]: NTC 2026-07-26 23:47:29.678+00:00 Matched block to slot number               blockNumber=20000001 slot=9204783
Jul 26 23:53:54 nimbus-eth1-mainnet-short-benchmark[3461803]: INF 2026-07-26 23:53:54.380+00:00 Imported blocks                            blockNumber=20008193 slot=9213020 blocks=8192 txs=1226966 mgas=124237 bps=21.17 tps=3170 mgps=321.0 avgBps=21.17 avgTps=3170 avgMGps=321.0 elapsed=6m26s979ms
Jul 26 23:59:41 nimbus-eth1-mainnet-short-benchmark[3461803]: INF 2026-07-26 23:59:41.147+00:00 Imported blocks                            blockNumber=20016385 slot=9221256 blocks=16384 txs=2540380 mgas=248071 bps=23.62 tps=3787 mgps=357.1 avgBps=22.33 avgTps=3462 avgMGps=338.1 elapsed=12m13s741ms
Jul 27 00:05:13 nimbus-eth1-mainnet-short-benchmark[3461803]: INF 2026-07-27 00:05:13.779+00:00 Imported blocks                            blockNumber=20024577 slot=9229485 blocks=24576 txs=3869398 mgas=372018 bps=24.63 tps=3995 mgps=372.6 avgBps=23.05 avgTps=3628 avgMGps=348.9 elapsed=17m46s374ms
Jul 27 00:10:04 nimbus-eth1-mainnet-short-benchmark[3461803]: INF 2026-07-27 00:10:04.215+00:00 Imported blocks                            blockNumber=20032769 slot=9237722 blocks=32768 txs=5222766 mgas=495797 bps=28.21 tps=4659 mgps=426.2 avgBps=24.15 avgTps=3849 avgMGps=365.4 elapsed=22m36s811ms
Jul 27 00:14:45 nimbus-eth1-mainnet-short-benchmark[3461803]: INF 2026-07-27 00:14:45.319+00:00 Imported blocks                            blockNumber=20040961 slot=9245957 blocks=40960 txs=6566802 mgas=619586 bps=29.14 tps=4781 mgps=440.4 avgBps=25.01 avgTps=4009 avgMGps=378.3 elapsed=27m17s915ms
Jul 27 00:19:47 nimbus-eth1-mainnet-short-benchmark[3461803]: INF 2026-07-27 00:19:47.106+00:00 Imported blocks                            blockNumber=20049153 slot=9254196 blocks=49152 txs=7904746 mgas=743522 bps=27.14 tps=4433 mgps=410.7 avgBps=25.34 avgTps=4075 avgMGps=383.3 elapsed=32m19s703ms
Jul 27 00:24:38 nimbus-eth1-mainnet-short-benchmark[3461803]: INF 2026-07-27 00:24:38.666+00:00 Imported blocks                            blockNumber=20057345 slot=9262435 blocks=57344 txs=9212009 mgas=867360 bps=28.10 tps=4483 mgps=424.7 avgBps=25.70 avgTps=4128 avgMGps=388.7 elapsed=37m11s261ms
Jul 27 00:29:09 nimbus-eth1-mainnet-short-benchmark[3461803]: INF 2026-07-27 00:29:09.986+00:00 Imported blocks                            blockNumber=20065537 slot=9270674 blocks=65536 txs=10559018 mgas=991371 bps=30.19 tps=4964 mgps=457.1 avgBps=26.19 avgTps=4219 avgMGps=396.1 elapsed=41m42s583ms
Jul 27 00:33:29 nimbus-eth1-mainnet-short-benchmark[3461803]: INF 2026-07-27 00:33:29.943+00:00 Imported blocks                            blockNumber=20073729 slot=9278910 blocks=73728 txs=11898676 mgas=1115111 bps=31.51 tps=5153 mgps=476.0 avgBps=26.69 avgTps=4307 avgMGps=403.7 elapsed=46m2s540ms
Jul 27 00:37:38 nimbus-eth1-mainnet-short-benchmark[3461803]: INF 2026-07-27 00:37:38.803+00:00 Imported blocks                            blockNumber=20081921 slot=9287152 blocks=81920 txs=13323263 mgas=1239150 bps=32.92 tps=5724 mgps=498.4 avgBps=27.20 avgTps=4424 avgMGps=411.5 elapsed=50m11s399ms
Jul 27 00:41:46 nimbus-eth1-mainnet-short-benchmark[3461803]: INF 2026-07-27 00:41:46.216+00:00 Imported blocks                            blockNumber=20090113 slot=9295408 blocks=90112 txs=14697082 mgas=1363113 bps=33.11 tps=5552 mgps=501.0 avgBps=27.65 avgTps=4509 avgMGps=418.3 elapsed=54m18s809ms
Jul 27 00:46:09 nimbus-eth1-mainnet-short-benchmark[3461803]: INF 2026-07-27 00:46:09.476+00:00 Imported blocks                            blockNumber=20098305 slot=9303658 blocks=98304 txs=16025683 mgas=1487146 bps=31.12 tps=5046 mgps=471.1 avgBps=27.91 avgTps=4550 avgMGps=422.2 elapsed=58m42s71ms
Jul 27 00:50:41 nimbus-eth1-mainnet-short-benchmark[3461803]: INF 2026-07-27 00:50:41.068+00:00 Imported blocks                            blockNumber=20106497 slot=9311895 blocks=106496 txs=17337157 mgas=1611066 bps=30.16 tps=4828 mgps=456.3 avgBps=28.07 avgTps=4570 avgMGps=424.7 elapsed=1h3m13s
Jul 27 00:54:59 nimbus-eth1-mainnet-short-benchmark[3461803]: INF 2026-07-27 00:54:59.848+00:00 Imported blocks                            blockNumber=20114689 slot=9320146 blocks=114688 txs=18632097 mgas=1735123 bps=31.66 tps=5003 mgps=479.4 avgBps=28.30 avgTps=4597 avgMGps=428.2 elapsed=1h7m32s
Jul 27 00:59:03 nimbus-eth1-mainnet-short-benchmark[3461803]: INF 2026-07-27 00:59:03.721+00:00 Imported blocks                            blockNumber=20122881 slot=9328409 blocks=122880 txs=19937418 mgas=1859249 bps=33.59 tps=5352 mgps=509.0 avgBps=28.60 avgTps=4640 avgMGps=432.8 elapsed=1h11m36s
Jul 27 01:03:06 nimbus-eth1-mainnet-short-benchmark[3461803]: INF 2026-07-27 01:03:06.482+00:00 Imported blocks                            blockNumber=20131073 slot=9336660 blocks=131072 txs=21214129 mgas=1983500 bps=33.75 tps=5259 mgps=511.8 avgBps=28.88 avgTps=4673 avgMGps=437.0 elapsed=1h15m39s
Jul 27 01:07:04 nimbus-eth1-mainnet-short-benchmark[3461803]: INF 2026-07-27 01:07:04.870+00:00 Imported blocks                            blockNumber=20139265 slot=9344906 blocks=139264 txs=22579079 mgas=2107571 bps=34.36 tps=5725 mgps=520.5 avgBps=29.15 avgTps=4726 avgMGps=441.1 elapsed=1h19m37s
Jul 27 01:11:47 nimbus-eth1-mainnet-short-benchmark[3461803]: INF 2026-07-27 01:11:47.774+00:00 Imported blocks                            blockNumber=20147457 slot=9353153 blocks=147456 txs=24133322 mgas=2231686 bps=28.96 tps=5493 mgps=438.7 avgBps=29.14 avgTps=4769 avgMGps=441.0 elapsed=1h24m20s
Jul 27 01:16:21 nimbus-eth1-mainnet-short-benchmark[3461803]: INF 2026-07-27 01:16:21.914+00:00 Imported blocks                            blockNumber=20155649 slot=9361407 blocks=155648 txs=25424015 mgas=2356018 bps=29.88 tps=4708 mgps=453.5 avgBps=29.18 avgTps=4765 avgMGps=441.7 elapsed=1h28m54s
Jul 27 01:20:34 nimbus-eth1-mainnet-short-benchmark[3461803]: INF 2026-07-27 01:20:34.879+00:00 Imported blocks                            blockNumber=20163841 slot=9369652 blocks=163840 txs=26749549 mgas=2480207 bps=32.38 tps=5240 mgps=490.9 avgBps=29.32 avgTps=4787 avgMGps=443.9 elapsed=1h33m7s
Jul 27 01:24:40 nimbus-eth1-mainnet-short-benchmark[3461803]: INF 2026-07-27 01:24:40.579+00:00 Imported blocks                            blockNumber=20172033 slot=9377892 blocks=172032 txs=28105316 mgas=2604026 bps=33.34 tps=5517 mgps=503.9 avgBps=29.49 avgTps=4818 avgMGps=446.4 elapsed=1h37m13s
Jul 27 01:28:54 nimbus-eth1-mainnet-short-benchmark[3461803]: INF 2026-07-27 01:28:54.168+00:00 Imported blocks                            blockNumber=20180225 slot=9386128 blocks=180224 txs=29524405 mgas=2728170 bps=32.30 tps=5596 mgps=489.5 avgBps=29.61 avgTps=4850 avgMGps=448.2 elapsed=1h41m26s
Jul 27 01:32:48 nimbus-eth1-mainnet-short-benchmark[3461803]: INF 2026-07-27 01:32:48.356+00:00 Imported blocks                            blockNumber=20188417 slot=9394365 blocks=188416 txs=30849021 mgas=2852023 bps=34.98 tps=5656 mgps=528.9 avgBps=29.81 avgTps=4880 avgMGps=451.2 elapsed=1h45m20s
Jul 27 01:37:07 nimbus-eth1-mainnet-short-benchmark[3461803]: INF 2026-07-27 01:37:07.329+00:00 Imported blocks                            blockNumber=20196609 slot=9402602 blocks=196608 txs=32174755 mgas=2976155 bps=31.63 tps=5119 mgps=479.3 avgBps=29.88 avgTps=4889 avgMGps=452.3 elapsed=1h49m39s
Jul 27 01:41:42 nimbus-eth1-mainnet-short-benchmark[3461803]: INF 2026-07-27 01:41:42.421+00:00 Imported blocks                            blockNumber=20204801 slot=9410840 blocks=204800 txs=33475942 mgas=3100410 bps=29.78 tps=4729 mgps=451.7 avgBps=29.88 avgTps=4883 avgMGps=452.3 elapsed=1h54m15s
Jul 27 01:45:54 nimbus-eth1-mainnet-short-benchmark[3461803]: INF 2026-07-27 01:45:54.217+00:00 Imported blocks                            blockNumber=20212993 slot=9419071 blocks=212992 txs=34798508 mgas=3224370 bps=32.53 tps=5252 mgps=492.3 avgBps=29.97 avgTps=4896 avgMGps=453.7 elapsed=1h58m26s
Jul 27 01:50:02 nimbus-eth1-mainnet-short-benchmark[3461803]: INF 2026-07-27 01:50:02.014+00:00 Imported blocks                            blockNumber=20221185 slot=9427313 blocks=221184 txs=36114045 mgas=3348169 bps=33.06 tps=5308 mgps=499.6 avgBps=30.07 avgTps=4910 avgMGps=455.2 elapsed=2h2m34s
Jul 27 01:53:48 nimbus-eth1-mainnet-short-benchmark[3461803]: INF 2026-07-27 01:53:48.991+00:00 Imported blocks                            blockNumber=20229377 slot=9435549 blocks=229376 txs=37421794 mgas=3472031 bps=36.09 tps=5761 mgps=545.7 avgBps=30.25 avgTps=4935 avgMGps=458.0 elapsed=2h6m21s
Jul 27 01:57:45 nimbus-eth1-mainnet-short-benchmark[3461803]: INF 2026-07-27 01:57:45.039+00:00 Imported blocks                            blockNumber=20237569 slot=9443788 blocks=237568 txs=38842064 mgas=3596351 bps=34.70 tps=6016 mgps=526.7 avgBps=30.39 avgTps=4968 avgMGps=460.0 elapsed=2h10m17s
Jul 27 02:02:01 nimbus-eth1-mainnet-short-benchmark[3461803]: INF 2026-07-27 02:02:01.144+00:00 Imported blocks                            blockNumber=20245761 slot=9452021 blocks=245760 txs=40225739 mgas=3720100 bps=31.99 tps=5402 mgps=483.2 avgBps=30.44 avgTps=4982 avgMGps=460.8 elapsed=2h14m33s
Jul 27 02:06:33 nimbus-eth1-mainnet-short-benchmark[3461803]: INF 2026-07-27 02:06:33.248+00:00 Imported blocks                            blockNumber=20253953 slot=9460253 blocks=253952 txs=41454921 mgas=3844385 bps=30.11 tps=4517 mgps=456.8 avgBps=30.43 avgTps=4967 avgMGps=460.6 elapsed=2h19m5s
Jul 27 02:10:53 nimbus-eth1-mainnet-short-benchmark[3461803]: INF 2026-07-27 02:10:53.408+00:00 Imported blocks                            blockNumber=20262145 slot=9468495 blocks=262144 txs=42726051 mgas=3968623 bps=31.49 tps=4885 mgps=477.5 avgBps=30.46 avgTps=4964 avgMGps=461.1 elapsed=2h23m26s
Jul 27 02:14:57 nimbus-eth1-mainnet-short-benchmark[3461803]: INF 2026-07-27 02:14:57.225+00:00 Imported blocks                            blockNumber=20270337 slot=9476748 blocks=270336 txs=44050436 mgas=4092682 bps=33.60 tps=5431 mgps=508.8 avgBps=30.55 avgTps=4977 avgMGps=462.5 elapsed=2h27m29s
Jul 27 02:18:41 nimbus-eth1-mainnet-short-benchmark[3461803]: INF 2026-07-27 02:18:41.933+00:00 Imported blocks                            blockNumber=20278529 slot=9484981 blocks=278528 txs=45382368 mgas=4216487 bps=36.46 tps=5927 mgps=551.0 avgBps=30.69 avgTps=5001 avgMGps=464.7 elapsed=2h31m14s
Jul 27 02:22:32 nimbus-eth1-mainnet-short-benchmark[3461803]: INF 2026-07-27 02:22:32.122+00:00 Imported blocks                            blockNumber=20286721 slot=9493213 blocks=286720 txs=46733429 mgas=4340363 bps=35.59 tps=5869 mgps=538.2 avgBps=30.81 avgTps=5022 avgMGps=466.5 elapsed=2h35m4s
Jul 27 02:26:43 nimbus-eth1-mainnet-short-benchmark[3461803]: INF 2026-07-27 02:26:43.651+00:00 Imported blocks                            blockNumber=20294913 slot=9501453 blocks=294912 txs=48075887 mgas=4464376 bps=32.57 tps=5337 mgps=493.0 avgBps=30.86 avgTps=5030 avgMGps=467.2 elapsed=2h39m16s
Jul 27 02:30:51 nimbus-eth1-mainnet-short-benchmark[3461803]: INF 2026-07-27 02:30:51.391+00:00 Imported blocks                            blockNumber=20303105 slot=9509696 blocks=303104 txs=49379538 mgas=4588534 bps=33.07 tps=5262 mgps=501.2 avgBps=30.92 avgTps=5036 avgMGps=468.0 elapsed=2h43m23s
Jul 27 02:34:54 nimbus-eth1-mainnet-short-benchmark[3461803]: INF 2026-07-27 02:34:54.008+00:00 Imported blocks                            blockNumber=20311297 slot=9517922 blocks=311296 txs=50637672 mgas=4712596 bps=33.77 tps=5185 mgps=511.3 avgBps=30.99 avgTps=5040 avgMGps=469.1 elapsed=2h47m26s
Jul 27 02:38:46 nimbus-eth1-mainnet-short-benchmark[3461803]: INF 2026-07-27 02:38:46.736+00:00 Imported blocks                            blockNumber=20319489 slot=9526159 blocks=319488 txs=51981692 mgas=4836521 bps=35.20 tps=5774 mgps=532.5 avgBps=31.08 avgTps=5056 avgMGps=470.5 elapsed=2h51m19s
Jul 27 02:42:19 nimbus-eth1-mainnet-short-benchmark[3461803]: INF 2026-07-27 02:42:19.005+00:00 Imported blocks                            blockNumber=20327681 slot=9534381 blocks=327680 txs=53356123 mgas=4960245 bps=38.59 tps=6474 mgps=582.9 avgBps=31.23 avgTps=5085 avgMGps=472.8 elapsed=2h54m51s
Jul 27 02:45:49 nimbus-eth1-mainnet-short-benchmark[3461803]: INF 2026-07-27 02:45:49.694+00:00 Imported blocks                            blockNumber=20335873 slot=9542617 blocks=335872 txs=54719105 mgas=5084025 bps=38.88 tps=6469 mgps=587.5 avgBps=31.38 avgTps=5112 avgMGps=475.0 elapsed=2h58m22s
Jul 27 02:49:39 nimbus-eth1-mainnet-short-benchmark[3461803]: INF 2026-07-27 02:49:39.231+00:00 Imported blocks                            blockNumber=20344065 slot=9550841 blocks=344064 txs=56021853 mgas=5207843 bps=35.69 tps=5675 mgps=539.4 avgBps=31.47 avgTps=5124 avgMGps=476.4 elapsed=3h2m11s
Jul 27 02:54:00 nimbus-eth1-mainnet-short-benchmark[3461803]: INF 2026-07-27 02:54:00.591+00:00 Imported blocks                            blockNumber=20352257 slot=9559072 blocks=352256 txs=57290408 mgas=5332016 bps=31.34 tps=4853 mgps=475.1 avgBps=31.47 avgTps=5118 avgMGps=476.4 elapsed=3h6m33s
Jul 27 02:58:00 nimbus-eth1-mainnet-short-benchmark[3461803]: INF 2026-07-27 02:58:00.544+00:00 Imported blocks                            blockNumber=20360449 slot=9567308 blocks=360448 txs=58543463 mgas=5456201 bps=34.14 tps=5222 mgps=517.5 avgBps=31.53 avgTps=5120 avgMGps=477.2 elapsed=3h10m33s
Jul 27 03:01:50 nimbus-eth1-mainnet-short-benchmark[3461803]: INF 2026-07-27 03:01:50.937+00:00 Imported blocks                            blockNumber=20368641 slot=9575548 blocks=368640 txs=59874056 mgas=5580204 bps=35.56 tps=5775 mgps=538.2 avgBps=31.61 avgTps=5133 avgMGps=478.4 elapsed=3h14m23s
Jul 27 03:05:52 nimbus-eth1-mainnet-short-benchmark[3461803]: INF 2026-07-27 03:05:52.385+00:00 Imported blocks                            blockNumber=20376833 slot=9583774 blocks=376832 txs=61167066 mgas=5704396 bps=33.93 tps=5355 mgps=514.4 avgBps=31.65 avgTps=5137 avgMGps=479.2 elapsed=3h18m24s
Jul 27 03:09:47 nimbus-eth1-mainnet-short-benchmark[3461803]: INF 2026-07-27 03:09:47.898+00:00 Imported blocks                            blockNumber=20385025 slot=9592009 blocks=385024 txs=62480333 mgas=5828235 bps=34.78 tps=5576 mgps=525.8 avgBps=31.71 avgTps=5146 avgMGps=480.1 elapsed=3h22m20s
Jul 27 03:13:41 nimbus-eth1-mainnet-short-benchmark[3461803]: INF 2026-07-27 03:13:41.455+00:00 Imported blocks                            blockNumber=20393217 slot=9600248 blocks=393216 txs=63800597 mgas=5952136 bps=35.07 tps=5652 mgps=530.5 avgBps=31.78 avgTps=5155 avgMGps=481.0 elapsed=3h26m14s
Jul 27 03:17:27 nimbus-eth1-mainnet-short-benchmark[3461803]: INF 2026-07-27 03:17:27.311+00:00 Imported blocks                            blockNumber=20401409 slot=9608486 blocks=401408 txs=65021243 mgas=6076384 bps=36.27 tps=5404 mgps=550.1 avgBps=31.86 avgTps=5160 avgMGps=482.3 elapsed=3h29m59s
Jul 27 03:21:25 nimbus-eth1-mainnet-short-benchmark[3461803]: INF 2026-07-27 03:21:25.476+00:00 Imported blocks                            blockNumber=20409601 slot=9616707 blocks=409600 txs=66199016 mgas=6200666 bps=34.40 tps=4945 mgps=521.8 avgBps=31.91 avgTps=5156 avgMGps=483.0 elapsed=3h33m58s
Jul 27 03:25:17 nimbus-eth1-mainnet-short-benchmark[3461803]: INF 2026-07-27 03:25:17.589+00:00 Imported blocks                            blockNumber=20417793 slot=9624941 blocks=417792 txs=67453930 mgas=6324823 bps=35.29 tps=5406 mgps=534.9 avgBps=31.97 avgTps=5160 avgMGps=483.9 elapsed=3h37m50s
Jul 27 03:28:42 nimbus-eth1-mainnet-short-benchmark[3461803]: INF 2026-07-27 03:28:42.746+00:00 Imported blocks                            blockNumber=20425985 slot=9633187 blocks=425984 txs=68814904 mgas=6448778 bps=39.93 tps=6633 mgps=604.2 avgBps=32.09 avgTps=5183 avgMGps=485.8 elapsed=3h41m15s
Jul 27 03:32:09 nimbus-eth1-mainnet-short-benchmark[3461803]: INF 2026-07-27 03:32:09.851+00:00 Imported blocks                            blockNumber=20434177 slot=9641422 blocks=434176 txs=70124508 mgas=6572711 bps=39.56 tps=6323 mgps=598.4 avgBps=32.20 avgTps=5201 avgMGps=487.5 elapsed=3h44m42s
Jul 27 03:35:45 nimbus-eth1-mainnet-short-benchmark[3461803]: INF 2026-07-27 03:35:45.152+00:00 Imported blocks                            blockNumber=20442369 slot=9649657 blocks=442368 txs=71403576 mgas=6696451 bps=38.05 tps=5940 mgps=574.7 avgBps=32.29 avgTps=5212 avgMGps=488.9 elapsed=3h48m17s
Jul 27 03:39:42 nimbus-eth1-mainnet-short-benchmark[3461803]: INF 2026-07-27 03:39:42.773+00:00 Imported blocks                            blockNumber=20450561 slot=9657896 blocks=450560 txs=72659905 mgas=6820521 bps=34.47 tps=5287 mgps=522.1 avgBps=32.33 avgTps=5214 avgMGps=489.4 elapsed=3h52m15s
Jul 27 03:43:59 nimbus-eth1-mainnet-short-benchmark[3461803]: INF 2026-07-27 03:43:59.497+00:00 Imported blocks                            blockNumber=20458753 slot=9666114 blocks=458752 txs=73838533 mgas=6945116 bps=31.91 tps=4591 mgps=485.3 avgBps=32.32 avgTps=5202 avgMGps=489.4 elapsed=3h56m32s
Jul 27 03:47:52 nimbus-eth1-mainnet-short-benchmark[3461803]: INF 2026-07-27 03:47:52.886+00:00 Imported blocks                            blockNumber=20466945 slot=9674343 blocks=466944 txs=75124748 mgas=7068943 bps=35.10 tps=5511 mgps=530.6 avgBps=32.37 avgTps=5207 avgMGps=490.0 elapsed=4h25s481ms
Jul 27 03:51:45 nimbus-eth1-mainnet-short-benchmark[3461803]: INF 2026-07-27 03:51:45.014+00:00 Imported blocks                            blockNumber=20475137 slot=9682575 blocks=475136 txs=76420106 mgas=7192870 bps=35.29 tps=5580 mgps=533.9 avgBps=32.42 avgTps=5213 avgMGps=490.7 elapsed=4h4m17s
Jul 27 03:55:27 nimbus-eth1-mainnet-short-benchmark[3461803]: INF 2026-07-27 03:55:27.875+00:00 Imported blocks                            blockNumber=20483329 slot=9690800 blocks=483328 txs=77675422 mgas=7316939 bps=36.76 tps=5632 mgps=556.7 avgBps=32.48 avgTps=5219 avgMGps=491.7 elapsed=4h8m469ms
Jul 27 03:59:05 nimbus-eth1-mainnet-short-benchmark[3461803]: INF 2026-07-27 03:59:05.320+00:00 Imported blocks                            blockNumber=20491521 slot=9699019 blocks=491520 txs=78951232 mgas=7440784 bps=37.67 tps=5867 mgps=569.5 avgBps=32.56 avgTps=5229 avgMGps=492.8 elapsed=4h11m37s
Jul 27 04:03:00 nimbus-eth1-mainnet-short-benchmark[3461803]: INF 2026-07-27 04:03:00.873+00:00 Imported blocks                            blockNumber=20499713 slot=9707248 blocks=499712 txs=80189642 mgas=7564669 bps=34.78 tps=5257 mgps=525.9 avgBps=32.59 avgTps=5229 avgMGps=493.3 elapsed=4h15m33s
Jul 27 04:06:59 nimbus-eth1-mainnet-short-benchmark[3461803]: INF 2026-07-27 04:06:59.613+00:00 Imported blocks                            blockNumber=20507905 slot=9715488 blocks=507904 txs=81317763 mgas=7689208 bps=34.31 tps=4725 mgps=521.6 avgBps=32.62 avgTps=5221 avgMGps=493.8 elapsed=4h19m32s
Jul 27 04:10:34 nimbus-eth1-mainnet-short-benchmark[3461803]: INF 2026-07-27 04:10:34.390+00:00 Imported blocks                            blockNumber=20516097 slot=9723715 blocks=516096 txs=82520262 mgas=7813209 bps=38.14 tps=5598 mgps=577.4 avgBps=32.69 avgTps=5227 avgMGps=494.9 elapsed=4h23m6s
Jul 27 04:14:19 nimbus-eth1-mainnet-short-benchmark[3461803]: INF 2026-07-27 04:14:19.171+00:00 Imported blocks                            blockNumber=20524289 slot=9731945 blocks=524288 txs=83780075 mgas=7937233 bps=36.44 tps=5604 mgps=551.8 avgBps=32.74 avgTps=5232 avgMGps=495.7 elapsed=4h26m51s
Jul 27 04:18:07 nimbus-eth1-mainnet-short-benchmark[3461803]: INF 2026-07-27 04:18:07.800+00:00 Imported blocks                            blockNumber=20532481 slot=9740183 blocks=532480 txs=85263862 mgas=8061024 bps=35.83 tps=6489 mgps=541.4 avgBps=32.79 avgTps=5250 avgMGps=496.4 elapsed=4h30m40s
Jul 27 04:22:03 nimbus-eth1-mainnet-short-benchmark[3461803]: INF 2026-07-27 04:22:03.817+00:00 Imported blocks                            blockNumber=20540673 slot=9748418 blocks=540672 txs=86612143 mgas=8185090 bps=34.71 tps=5712 mgps=525.7 avgBps=32.81 avgTps=5256 avgMGps=496.8 elapsed=4h34m36s
Jul 27 04:26:06 nimbus-eth1-mainnet-short-benchmark[3461803]: INF 2026-07-27 04:26:06.649+00:00 Imported blocks                            blockNumber=20548865 slot=9756662 blocks=548864 txs=87802991 mgas=8309513 bps=33.73 tps=4903 mgps=512.4 avgBps=32.83 avgTps=5251 avgMGps=497.0 elapsed=4h38m39s
Jul 27 04:30:06 nimbus-eth1-mainnet-short-benchmark[3461803]: INF 2026-07-27 04:30:06.742+00:00 Imported blocks                            blockNumber=20557057 slot=9764892 blocks=557056 txs=88964987 mgas=8433956 bps=34.12 tps=4839 mgps=518.3 avgBps=32.85 avgTps=5245 avgMGps=497.3 elapsed=4h42m39s
Jul 27 04:33:56 nimbus-eth1-mainnet-short-benchmark[3461803]: INF 2026-07-27 04:33:56.747+00:00 Imported blocks                            blockNumber=20565249 slot=9773131 blocks=565248 txs=90186094 mgas=8558113 bps=35.62 tps=5309 mgps=539.8 avgBps=32.88 avgTps=5246 avgMGps=497.9 elapsed=4h46m29s
Jul 27 04:37:48 nimbus-eth1-mainnet-short-benchmark[3461803]: INF 2026-07-27 04:37:48.007+00:00 Imported blocks                            blockNumber=20573441 slot=9781369 blocks=573440 txs=91404654 mgas=8682228 bps=35.42 tps=5269 mgps=536.7 avgBps=32.92 avgTps=5246 avgMGps=498.4 elapsed=4h50m20s
Jul 27 04:41:34 nimbus-eth1-mainnet-short-benchmark[3461803]: INF 2026-07-27 04:41:34.832+00:00 Imported blocks                            blockNumber=20581633 slot=9789611 blocks=581632 txs=92628389 mgas=8806651 bps=36.12 tps=5395 mgps=548.5 avgBps=32.96 avgTps=5248 avgMGps=499.0 elapsed=4h54m7s
Jul 27 04:45:26 nimbus-eth1-mainnet-short-benchmark[3461803]: INF 2026-07-27 04:45:26.593+00:00 Imported blocks                            blockNumber=20589825 slot=9797855 blocks=589824 txs=93887208 mgas=8931023 bps=35.35 tps=5431 mgps=536.6 avgBps=32.99 avgTps=5251 avgMGps=499.5 elapsed=4h57m59s
Jul 27 04:49:23 nimbus-eth1-mainnet-short-benchmark[3461803]: INF 2026-07-27 04:49:23.453+00:00 Imported blocks                            blockNumber=20598017 slot=9806095 blocks=598016 txs=95163338 mgas=9055310 bps=34.59 tps=5387 mgps=524.7 avgBps=33.01 avgTps=5252 avgMGps=499.9 elapsed=5h1m56s
Jul 27 04:53:18 nimbus-eth1-mainnet-short-benchmark[3461803]: INF 2026-07-27 04:53:18.894+00:00 Imported blocks                            blockNumber=20606209 slot=9814347 blocks=606208 txs=96334664 mgas=9179976 bps=34.79 tps=4975 mgps=529.5 avgBps=33.03 avgTps=5249 avgMGps=500.2 elapsed=5h5m51s
Jul 27 04:57:06 nimbus-eth1-mainnet-short-benchmark[3461803]: INF 2026-07-27 04:57:06.611+00:00 Imported blocks                            blockNumber=20614401 slot=9822581 blocks=614400 txs=97573414 mgas=9304574 bps=35.97 tps=5439 mgps=547.2 avgBps=33.07 avgTps=5251 avgMGps=500.8 elapsed=5h9m39s
Jul 27 05:00:54 nimbus-eth1-mainnet-short-benchmark[3461803]: INF 2026-07-27 05:00:54.592+00:00 Imported blocks                            blockNumber=20622593 slot=9830821 blocks=622592 txs=98874772 mgas=9428835 bps=35.93 tps=5708 mgps=545.1 avgBps=33.10 avgTps=5257 avgMGps=501.3 elapsed=5h13m27s
Jul 27 05:04:35 nimbus-eth1-mainnet-short-benchmark[3461803]: INF 2026-07-27 05:04:35.889+00:00 Imported blocks                            blockNumber=20630785 slot=9839058 blocks=630784 txs=100178707 mgas=9553009 bps=37.02 tps=5892 mgps=561.1 avgBps=33.15 avgTps=5264 avgMGps=502.0 elapsed=5h17m8s
Jul 27 05:08:26 nimbus-eth1-mainnet-short-benchmark[3461803]: INF 2026-07-27 05:08:26.993+00:00 Imported blocks                            blockNumber=20638977 slot=9847313 blocks=638976 txs=101489116 mgas=9677171 bps=35.45 tps=5670 mgps=537.3 avgBps=33.18 avgTps=5269 avgMGps=502.5 elapsed=5h20m59s
Jul 27 05:12:16 nimbus-eth1-mainnet-short-benchmark[3461803]: INF 2026-07-27 05:12:16.338+00:00 Imported blocks                            blockNumber=20647169 slot=9855549 blocks=647168 txs=102730058 mgas=9801643 bps=35.72 tps=5410 mgps=542.7 avgBps=33.21 avgTps=5271 avgMGps=502.9 elapsed=5h24m48s
Jul 27 05:16:17 nimbus-eth1-mainnet-short-benchmark[3461803]: INF 2026-07-27 05:16:17.863+00:00 Imported blocks                            blockNumber=20655361 slot=9863778 blocks=655360 txs=103868002 mgas=9926541 bps=33.92 tps=4711 mgps=517.1 avgBps=33.22 avgTps=5264 avgMGps=503.1 elapsed=5h28m50s
Jul 27 05:20:03 nimbus-eth1-mainnet-short-benchmark[3461803]: INF 2026-07-27 05:20:03.663+00:00 Imported blocks                            blockNumber=20663553 slot=9872013 blocks=663552 txs=105112198 mgas=10051274 bps=36.28 tps=5510 mgps=552.4 avgBps=33.25 avgTps=5267 avgMGps=503.7 elapsed=5h32m36s
Jul 27 05:23:39 nimbus-eth1-mainnet-short-benchmark[3461803]: INF 2026-07-27 05:23:39.084+00:00 Imported blocks                            blockNumber=20671745 slot=9880241 blocks=671744 txs=106395904 mgas=10175177 bps=38.03 tps=5958 mgps=575.2 avgBps=33.30 avgTps=5274 avgMGps=504.4 elapsed=5h36m11s
Jul 27 05:27:20 nimbus-eth1-mainnet-short-benchmark[3461803]: INF 2026-07-27 05:27:20.297+00:00 Imported blocks                            blockNumber=20679937 slot=9888471 blocks=679936 txs=107674271 mgas=10299404 bps=37.03 tps=5778 mgps=561.6 avgBps=33.34 avgTps=5279 avgMGps=505.0 elapsed=5h39m52s
Jul 27 05:30:50 nimbus-eth1-mainnet-short-benchmark[3461803]: INF 2026-07-27 05:30:50.126+00:00 Imported blocks                            blockNumber=20688129 slot=9896698 blocks=688128 txs=108938536 mgas=10423298 bps=39.04 tps=6025 mgps=590.5 avgBps=33.40 avgTps=5287 avgMGps=505.9 elapsed=5h43m22s
Jul 27 05:34:34 nimbus-eth1-mainnet-short-benchmark[3461803]: INF 2026-07-27 05:34:34.731+00:00 Imported blocks                            blockNumber=20696321 slot=9904930 blocks=696320 txs=110235786 mgas=10547469 bps=36.47 tps=5775 mgps=552.8 avgBps=33.43 avgTps=5292 avgMGps=506.4 elapsed=5h47m7s
Jul 27 05:38:36 nimbus-eth1-mainnet-short-benchmark[3461803]: INF 2026-07-27 05:38:36.376+00:00 Imported blocks                            blockNumber=20704513 slot=9913154 blocks=704512 txs=111483759 mgas=10671677 bps=33.90 tps=5164 mgps=514.0 avgBps=33.44 avgTps=5291 avgMGps=506.5 elapsed=5h51m8s
Jul 27 05:42:23 nimbus-eth1-mainnet-short-benchmark[3461803]: INF 2026-07-27 05:42:23.620+00:00 Imported blocks                            blockNumber=20712705 slot=9921388 blocks=712704 txs=112764170 mgas=10795980 bps=36.05 tps=5634 mgps=547.0 avgBps=33.47 avgTps=5295 avgMGps=506.9 elapsed=5h54m56s
Jul 27 05:45:55 nimbus-eth1-mainnet-short-benchmark[3461803]: INF 2026-07-27 05:45:55.505+00:00 Imported blocks                            blockNumber=20720897 slot=9929633 blocks=720896 txs=114110517 mgas=10919926 bps=38.66 tps=6354 mgps=585.0 avgBps=33.52 avgTps=5305 avgMGps=507.7 elapsed=5h58m28s
Jul 27 05:49:36 nimbus-eth1-mainnet-short-benchmark[3461803]: INF 2026-07-27 05:49:36.158+00:00 Imported blocks                            blockNumber=20729089 slot=9937869 blocks=729088 txs=115449431 mgas=11043768 bps=37.13 tps=6067 mgps=561.3 avgBps=33.55 avgTps=5313 avgMGps=508.3 elapsed=6h2m8s
Jul 27 05:53:07 nimbus-eth1-mainnet-short-benchmark[3461803]: INF 2026-07-27 05:53:07.615+00:00 Imported blocks                            blockNumber=20737281 slot=9946108 blocks=737280 txs=116784468 mgas=11167784 bps=38.74 tps=6313 mgps=586.5 avgBps=33.60 avgTps=5322 avgMGps=509.0 elapsed=6h5m40s
Jul 27 05:56:48 nimbus-eth1-mainnet-short-benchmark[3461803]: INF 2026-07-27 05:56:48.904+00:00 Imported blocks                            blockNumber=20745473 slot=9954342 blocks=745472 txs=118101003 mgas=11291742 bps=37.02 tps=5949 mgps=560.2 avgBps=33.64 avgTps=5329 avgMGps=509.5 elapsed=6h9m21s
Jul 27 06:00:45 nimbus-eth1-mainnet-short-benchmark[3461803]: INF 2026-07-27 06:00:45.317+00:00 Imported blocks                            blockNumber=20753665 slot=9962581 blocks=753664 txs=119337525 mgas=11415859 bps=34.65 tps=5230 mgps=525.0 avgBps=33.65 avgTps=5328 avgMGps=509.7 elapsed=6h13m17s
Jul 27 06:04:32 nimbus-eth1-mainnet-short-benchmark[3461803]: INF 2026-07-27 06:04:32.522+00:00 Imported blocks                            blockNumber=20761857 slot=9970803 blocks=761856 txs=120564314 mgas=11540225 bps=36.06 tps=5399 mgps=547.4 avgBps=33.67 avgTps=5328 avgMGps=510.1 elapsed=6h17m5s
Jul 27 06:08:04 nimbus-eth1-mainnet-short-benchmark[3461803]: INF 2026-07-27 06:08:04.863+00:00 Imported blocks                            blockNumber=20770049 slot=9979058 blocks=770048 txs=121858083 mgas=11663918 bps=38.58 tps=6093 mgps=582.5 avgBps=33.72 avgTps=5335 avgMGps=510.7 elapsed=6h20m37s
Jul 27 06:11:30 nimbus-eth1-mainnet-short-benchmark[3461803]: INF 2026-07-27 06:11:30.400+00:00 Imported blocks                            blockNumber=20778241 slot=9987307 blocks=778240 txs=123161734 mgas=11787906 bps=39.86 tps=6342 mgps=603.2 avgBps=33.77 avgTps=5344 avgMGps=511.6 elapsed=6h24m2s
Jul 27 06:14:49 nimbus-eth1-mainnet-short-benchmark[3461803]: INF 2026-07-27 06:14:49.061+00:00 Imported blocks                            blockNumber=20786433 slot=9995542 blocks=786432 txs=124509456 mgas=11911612 bps=41.24 tps=6783 mgps=622.7 avgBps=33.84 avgTps=5357 avgMGps=512.5 elapsed=6h27m21s
Jul 27 06:18:13 nimbus-eth1-mainnet-short-benchmark[3461803]: INF 2026-07-27 06:18:13.606+00:00 Imported blocks                            blockNumber=20794625 slot=10003781 blocks=794624 txs=125848921 mgas=12035338 bps=40.05 tps=6548 mgps=604.9 avgBps=33.89 avgTps=5367 avgMGps=513.3 elapsed=6h30m46s
Jul 27 06:21:42 nimbus-eth1-mainnet-short-benchmark[3461803]: INF 2026-07-27 06:21:42.927+00:00 Imported blocks                            blockNumber=20802817 slot=10012028 blocks=802816 txs=127089868 mgas=12158989 bps=39.14 tps=5928 mgps=590.7 avgBps=33.94 avgTps=5372 avgMGps=514.0 elapsed=6h34m15s
Jul 27 06:25:20 nimbus-eth1-mainnet-short-benchmark[3461803]: INF 2026-07-27 06:25:20.788+00:00 Imported blocks                            blockNumber=20811009 slot=10020249 blocks=811008 txs=128299762 mgas=12282850 bps=37.60 tps=5553 mgps=568.5 avgBps=33.97 avgTps=5374 avgMGps=514.5 elapsed=6h37m53s
Jul 27 06:28:46 nimbus-eth1-mainnet-short-benchmark[3461803]: INF 2026-07-27 06:28:46.197+00:00 Imported blocks                            blockNumber=20819201 slot=10028481 blocks=819200 txs=129596319 mgas=12406594 bps=39.88 tps=6312 mgps=602.4 avgBps=34.02 avgTps=5382 avgMGps=515.2 elapsed=6h41m18s
Jul 27 06:32:10 nimbus-eth1-mainnet-short-benchmark[3461803]: INF 2026-07-27 06:32:10.286+00:00 Imported blocks                            blockNumber=20827393 slot=10036710 blocks=827392 txs=130916729 mgas=12530249 bps=40.14 tps=6469 mgps=605.9 avgBps=34.07 avgTps=5391 avgMGps=516.0 elapsed=6h44m42s
Jul 27 06:35:32 nimbus-eth1-mainnet-short-benchmark[3461803]: INF 2026-07-27 06:35:32.919+00:00 Imported blocks                            blockNumber=20835585 slot=10044938 blocks=835584 txs=132226625 mgas=12654070 bps=40.43 tps=6464 mgps=611.1 avgBps=34.13 avgTps=5400 avgMGps=516.8 elapsed=6h48m5s
Jul 27 06:39:08 nimbus-eth1-mainnet-short-benchmark[3461803]: INF 2026-07-27 06:39:08.936+00:00 Imported blocks                            blockNumber=20843777 slot=10053164 blocks=843776 txs=133604192 mgas=12777730 bps=37.92 tps=6377 mgps=572.5 avgBps=34.16 avgTps=5408 avgMGps=517.3 elapsed=6h51m41s
Jul 27 06:43:09 nimbus-eth1-mainnet-short-benchmark[3461803]: INF 2026-07-27 06:43:09.317+00:00 Imported blocks                            blockNumber=20851969 slot=10061391 blocks=851968 txs=134900706 mgas=12901664 bps=34.08 tps=5393 mgps=515.6 avgBps=34.16 avgTps=5408 avgMGps=517.3 elapsed=6h55m41s
Jul 27 06:47:00 nimbus-eth1-mainnet-short-benchmark[3461803]: INF 2026-07-27 06:47:00.162+00:00 Imported blocks                            blockNumber=20860161 slot=10069622 blocks=860160 txs=136168750 mgas=13025603 bps=35.49 tps=5493 mgps=536.9 avgBps=34.17 avgTps=5409 avgMGps=517.4 elapsed=6h59m32s
Jul 27 06:50:45 nimbus-eth1-mainnet-short-benchmark[3461803]: INF 2026-07-27 06:50:45.146+00:00 Imported blocks                            blockNumber=20868353 slot=10077838 blocks=868352 txs=137550724 mgas=13149742 bps=36.41 tps=6142 mgps=551.8 avgBps=34.19 avgTps=5415 avgMGps=517.8 elapsed=7h3m17s
Jul 27 06:54:30 nimbus-eth1-mainnet-short-benchmark[3461803]: INF 2026-07-27 06:54:30.155+00:00 Imported blocks                            blockNumber=20876545 slot=10086066 blocks=876544 txs=138954673 mgas=13273457 bps=36.41 tps=6239 mgps=549.8 avgBps=34.21 avgTps=5423 avgMGps=518.0 elapsed=7h7m2s
Jul 27 06:58:09 nimbus-eth1-mainnet-short-benchmark[3461803]: INF 2026-07-27 06:58:09.580+00:00 Imported blocks                            blockNumber=20884737 slot=10094286 blocks=884736 txs=140256178 mgas=13397479 bps=37.33 tps=5931 mgps=565.2 avgBps=34.24 avgTps=5427 avgMGps=518.4 elapsed=7h10m42s
Jul 27 07:01:42 nimbus-eth1-mainnet-short-benchmark[3461803]: INF 2026-07-27 07:01:42.745+00:00 Imported blocks                            blockNumber=20892929 slot=10102512 blocks=892928 txs=141581868 mgas=13521575 bps=38.43 tps=6218 mgps=582.2 avgBps=34.27 avgTps=5433 avgMGps=519.0 elapsed=7h14m15s
Jul 27 07:05:15 nimbus-eth1-mainnet-short-benchmark[3461803]: INF 2026-07-27 07:05:15.966+00:00 Imported blocks                            blockNumber=20901121 slot=10110732 blocks=901120 txs=142875889 mgas=13645572 bps=38.42 tps=6068 mgps=581.5 avgBps=34.30 avgTps=5439 avgMGps=519.5 elapsed=7h17m48s
Jul 27 07:08:50 nimbus-eth1-mainnet-short-benchmark[3461803]: INF 2026-07-27 07:08:50.787+00:00 Imported blocks                            blockNumber=20909313 slot=10118953 blocks=909312 txs=144102308 mgas=13769390 bps=38.13 tps=5709 mgps=576.4 avgBps=34.34 avgTps=5441 avgMGps=519.9 elapsed=7h21m23s
Jul 27 07:12:21 nimbus-eth1-mainnet-short-benchmark[3461803]: INF 2026-07-27 07:12:21.428+00:00 Imported blocks                            blockNumber=20917505 slot=10127176 blocks=917504 txs=145406349 mgas=13893087 bps=38.89 tps=6190 mgps=587.2 avgBps=34.37 avgTps=5447 avgMGps=520.5 elapsed=7h24m54s
Jul 27 07:15:42 nimbus-eth1-mainnet-short-benchmark[3461803]: INF 2026-07-27 07:15:42.381+00:00 Imported blocks                            blockNumber=20925697 slot=10135394 blocks=925696 txs=146718394 mgas=14016820 bps=40.77 tps=6529 mgps=615.7 avgBps=34.42 avgTps=5455 avgMGps=521.2 elapsed=7h28m14s
Jul 27 07:19:16 nimbus-eth1-mainnet-short-benchmark[3461803]: INF 2026-07-27 07:19:16.054+00:00 Imported blocks                            blockNumber=20933889 slot=10143614 blocks=933888 txs=148049109 mgas=14140625 bps=38.34 tps=6227 mgps=579.4 avgBps=34.45 avgTps=5461 avgMGps=521.6 elapsed=7h31m48s
Jul 27 07:22:42 nimbus-eth1-mainnet-short-benchmark[3461803]: INF 2026-07-27 07:22:42.583+00:00 Imported blocks                            blockNumber=20942081 slot=10151840 blocks=942080 txs=149397364 mgas=14264352 bps=39.67 tps=6528 mgps=599.1 avgBps=34.49 avgTps=5469 avgMGps=522.2 elapsed=7h35m15s
Jul 27 07:26:13 nimbus-eth1-mainnet-short-benchmark[3461803]: INF 2026-07-27 07:26:13.860+00:00 Imported blocks                            blockNumber=20950273 slot=10160098 blocks=950272 txs=150765507 mgas=14388237 bps=38.77 tps=6475 mgps=586.4 avgBps=34.52 avgTps=5477 avgMGps=522.7 elapsed=7h38m46s
Jul 27 07:30:00 nimbus-eth1-mainnet-short-benchmark[3461803]: INF 2026-07-27 07:30:00.413+00:00 Imported blocks                            blockNumber=20958465 slot=10168363 blocks=958464 txs=152044771 mgas=14511987 bps=36.16 tps=5646 mgps=546.2 avgBps=34.54 avgTps=5478 avgMGps=522.9 elapsed=7h42m33s
Jul 27 07:33:36 nimbus-eth1-mainnet-short-benchmark[3461803]: INF 2026-07-27 07:33:36.222+00:00 Imported blocks                            blockNumber=20966657 slot=10176609 blocks=966656 txs=153365296 mgas=14635804 bps=37.96 tps=6118 mgps=573.7 avgBps=34.56 avgTps=5483 avgMGps=523.3 elapsed=7h46m8s
Jul 27 07:37:11 nimbus-eth1-mainnet-short-benchmark[3461803]: INF 2026-07-27 07:37:11.315+00:00 Imported blocks                            blockNumber=20974849 slot=10184849 blocks=974848 txs=154744917 mgas=14759580 bps=38.09 tps=6414 mgps=575.5 avgBps=34.59 avgTps=5490 avgMGps=523.7 elapsed=7h49m43s
Jul 27 07:40:51 nimbus-eth1-mainnet-short-benchmark[3461803]: INF 2026-07-27 07:40:51.344+00:00 Imported blocks                            blockNumber=20983041 slot=10193086 blocks=983040 txs=156055229 mgas=14883451 bps=37.23 tps=5955 mgps=563.0 avgBps=34.61 avgTps=5494 avgMGps=524.0 elapsed=7h53m23s
Jul 27 07:44:05 nimbus-eth1-mainnet-short-benchmark[3461803]: INF 2026-07-27 07:44:05.717+00:00 Imported blocks                            blockNumber=20991233 slot=10201319 blocks=991232 txs=157563202 mgas=15007557 bps=42.14 tps=7757 mgps=638.5 avgBps=34.66 avgTps=5509 avgMGps=524.8 elapsed=7h56m38s
Jul 27 07:47:48 nimbus-eth1-mainnet-short-benchmark[3461803]: INF 2026-07-27 07:47:48.910+00:00 Imported blocks                            blockNumber=20999425 slot=10209549 blocks=999424 txs=159003277 mgas=15131383 bps=36.70 tps=6452 mgps=554.8 avgBps=34.68 avgTps=5516 avgMGps=525.0 elapsed=8h21s508ms
Jul 27 07:48:05 nimbus-eth1-mainnet-short-benchmark[3461803]: INF 2026-07-27 07:48:05.442+00:00 Imported blocks                            blockNumber=21000001 slot=10210128 blocks=1000000 txs=159109486 mgas=15140191 bps=34.84 tps=6424 mgps=532.8 avgBps=34.68 avgTps=5517 avgMGps=525.0 elapsed=8h38s39ms
Jul 27 07:48:05 nimbus-eth1-mainnet-short-benchmark[3461803]: NTC 2026-07-27 07:48:05.442+00:00 Import complete                            blockNumber=21000001 slot=10210128 blocks=1000000 txs=159109486 mgas=15140191
Jul 27 07:48:06 nimbus-eth1-mainnet-short-benchmark[3437247]: <<< ending startNimbusWithImport (success)
Jul 27 07:48:06 nimbus-eth1-mainnet-short-benchmark[3437247]: >>> starting moveBenchmarkingFileToRepo
Jul 27 07:48:06 nimbus-eth1-mainnet-short-benchmark[3437247]: >>> copying debug-csv generated by nimbus to benchmarks repo
Jul 27 07:48:06 nimbus-eth1-mainnet-short-benchmark[3437247]: <<< ending moveBenchmarkingFileToRepo (success)
Jul 27 07:48:06 nimbus-eth1-mainnet-short-benchmark[3437247]: >>> starting generateBuildEnvironmentLogFile
Jul 27 07:48:15 nimbus-eth1-mainnet-short-benchmark[3437247]: <<< ending generateBuildEnvironmentLogFile (success)
Jul 27 07:48:15 nimbus-eth1-mainnet-short-benchmark[3437247]: >>> starting generateSystemdServiceLogs
