=== System Information Report ===
>>> Generated on: Wed Jul 29 01:13:41 AM UTC 2026
==========================
>>> CPU Architecture: x86_64
>>> CPU Byte Order: Little Endian
>>> CPU Cores: 16
>>> CPU Model: AMD Ryzen 7 PRO 8700GE w/ Radeon 780M Graphics
>>> CPU Cache Information:
L1d Cache: 256 KiB (8 instances)
L1i Cache: 256 KiB (8 instances)
L2 Cache: 8 MiB (8 instances)
L3 Cache: 16 MiB (1 instance)
>>> RAM Size: 61Gi
>>> Hard Disk Information:
/dev/md2 : 437G total, 199G free
/dev/md1 : 989M total, 690M free
/dev/nvme0n1p1 : 256M total, 256M free
/dev/nvme1n1 : 1.9T total, 482G free
==========================
=== Nimbus-ETH1 Benchmarking Report ===
>>> Total time spent in benchmarking (nanoseconds): 28907741362180
>>> Total time spent in benchmarking (human readable format): 8 hours 1 minutes 47 seconds
>>> Start block number is 20000001
>>> End block number is 21000001
==========================
=== Comparison of last two benchmarks ===
sort: write failed: 'standard output': Broken pipe
sort: write error
sort: write failed: 'standard output': Broken pipe
sort: write error
python /data/status-im/nimbus-eth1/scripts/block-import-stats.py /data/status-im/nimbus-eth1-benchmarks/short-benchmark/20260728T084405_c6f84c77/blocks-import-benchmark.csv /data/status-im/nimbus-eth1-benchmarks/short-benchmark/20260728T170040_55f5de18/blocks-import-benchmark.csv
blocks-import-benchmark.csv vs blocks-import-benchmark.csv
                      bps_x  bps_y     tps_x     tps_y   time_x   time_y    bpsd    tpsd   timed
block_number                                                                                    
(20000001, 20111112]  28.48  28.51  4,650.35  4,655.52  1h3m20s  1h3m17s   0.10%   0.10%  -0.09%
(20111112, 20222223]  32.17  32.23  5,261.51  5,270.69   59m34s   59m28s   0.18%   0.18%  -0.18%
(20222223, 20333334]  33.97  33.95  5,505.86  5,503.61   52m28s   52m29s  -0.03%  -0.03%   0.04%
(20333334, 20444445]  35.58  35.75  5,605.71  5,631.87   53m57s   53m42s   0.47%   0.47%  -0.46%
(20444445, 20555556]  35.07  35.29  5,405.08  5,439.79   50m42s   50m23s   0.65%   0.65%  -0.64%
(20555556, 20666667]  35.19  35.36  5,314.44  5,340.10   54m20s    54m5s   0.47%   0.47%  -0.47%
(20666667, 20777778]  36.86  37.11  5,799.42  5,839.47   48m13s   47m54s   0.68%   0.68%  -0.68%
(20777778, 20888889]  38.02  38.17  6,099.72  6,122.57   50m25s   50m14s   0.36%   0.36%  -0.36%
(20888889, 21000001]  37.96  38.13  6,258.45  6,286.14   50m26s   50m11s   0.46%   0.46%  -0.45%

blocks: 991808, baseline: 8h3m30s, contender: 8h1m47s
Time (total): -1m42s, -0.35%

bpsd = blocks per sec diff (+), tpsd = txs per sec diff, timed = time to process diff (-)
+ = more is better, - = less is better
==========================
