Jul 28 17:00:27 nimbus-eth1-mainnet-short-benchmark[3925062]: >>> starting cloneOrFetchBenchmarksRepo
Jul 28 17:00:28 nimbus-eth1-mainnet-short-benchmark[3925062]: >>> Fetching latest changes for nimbus-eth1-benchmarks...
Jul 28 17:00:29 nimbus-eth1-mainnet-short-benchmark[3925111]: HEAD is now at 3a0c165 chore: update short benchmark Readme
Jul 28 17:00:29 nimbus-eth1-mainnet-short-benchmark[3925062]: <<< ending cloneOrFetchBenchmarksRepo (success)
Jul 28 17:00:29 nimbus-eth1-mainnet-short-benchmark[3925062]: >>> starting cloneOrFetchNimbusRepo
Jul 28 17:00:39 nimbus-eth1-mainnet-short-benchmark[3925062]: >>> Fetching latest changes for nimbus-eth1...
Jul 28 17:00:40 nimbus-eth1-mainnet-short-benchmark[3925454]: From https://github.com/status-im/nimbus-eth1
Jul 28 17:00:40 nimbus-eth1-mainnet-short-benchmark[3925454]:    6072ac642..e5364d58c  master     -> origin/master
Jul 28 17:00:40 nimbus-eth1-mainnet-short-benchmark[3925454]: Fetching submodule vendor/nim-lsquic
Jul 28 17:00:40 nimbus-eth1-mainnet-short-benchmark[3925454]: From https://github.com/vacp2p/nim-lsquic
Jul 28 17:00:40 nimbus-eth1-mainnet-short-benchmark[3925454]:  * [new branch]      fix/quic-rcvbuf-issue-108 -> origin/fix/quic-rcvbuf-issue-108
Jul 28 17:00:40 nimbus-eth1-mainnet-short-benchmark[3925454]:  * [new branch]      fix/udp-copy -> origin/fix/udp-copy
Jul 28 17:00:40 nimbus-eth1-mainnet-short-benchmark[3925454]:  * [new branch]      gso          -> origin/gso
Jul 28 17:00:40 nimbus-eth1-mainnet-short-benchmark[3925454]:    cae7a45..e8ff654  main         -> origin/main
Jul 28 17:00:40 nimbus-eth1-mainnet-short-benchmark[3925454]:  * [new branch]      snd          -> origin/snd
Jul 28 17:00:40 nimbus-eth1-mainnet-short-benchmark[3925454]:  * [new branch]      test-5       -> origin/test-5
Jul 28 17:00:40 nimbus-eth1-mainnet-short-benchmark[3925454]:  * [new branch]      test-7       -> origin/test-7
Jul 28 17:00:40 nimbus-eth1-mainnet-short-benchmark[3925454]:  * [new tag]         v0.7.0       -> v0.7.0
Jul 28 17:00:40 nimbus-eth1-mainnet-short-benchmark[3925480]: warning: unable to rmdir 'vendor/libtommath': Directory not empty
Jul 28 17:00:40 nimbus-eth1-mainnet-short-benchmark[3925480]: HEAD is now at e5364d58c build(deps): bump vendor/nim-lsquic from `d6d8f81` to `e8ff654` (#4579)
Jul 28 17:00:40 nimbus-eth1-mainnet-short-benchmark[3925062]: >>> Found last benchmarked commit: c6f84c77
Jul 28 17:00:40 nimbus-eth1-mainnet-short-benchmark[3925062]: >>> Using next commit: 55f5de189335168d3e5c72b427352369eea2f288
Jul 28 17:00:40 nimbus-eth1-mainnet-short-benchmark[3925496]: HEAD is now at 55f5de189 include import, trustedNodeSync, deposits to the unified client --help (#4395)
Jul 28 17:00:40 nimbus-eth1-mainnet-short-benchmark[3925062]: >>> Current commit: 55f5de189
Jul 28 17:00:40 nimbus-eth1-mainnet-short-benchmark[3925062]: <<< ending cloneOrFetchNimbusRepo (success)
Jul 28 17:00:40 nimbus-eth1-mainnet-short-benchmark[3925062]: >>> starting buildBinaries
Jul 28 17:00:40 nimbus-eth1-mainnet-short-benchmark[3925062]: >>> Building binaries for commit 55f5de18...
Jul 28 17:00:48 nimbus-eth1-mainnet-short-benchmark[3930860]: Building: Nim compiler
Jul 28 17:02:42 nimbus-eth1-mainnet-short-benchmark[3930860]: Building custom Nimble commit: 42ef70c2102a942c46f13eb76872326edd525cec
Jul 28 17:02:51 nimbus-eth1-mainnet-short-benchmark[3930860]: Building Nimble...
Jul 28 17:03:01 nimbus-eth1-mainnet-short-benchmark[3930860]: Replacing nimble binary...
Jul 28 17:03:02 nimbus-eth1-mainnet-short-benchmark[3939761]: cp: cannot stat '/data/status-im/nimbus-eth1/build/*': No such file or directory
Jul 28 17:03:02 nimbus-eth1-mainnet-short-benchmark[3939740]: ROCKSDB VERSION NOT FOUND
Jul 28 17:03:02 nimbus-eth1-mainnet-short-benchmark[3939892]: make[1]: Entering directory '/data/status-im/nimbus-eth1/vendor/nim-rocksdb/vendor/rocksdb'
Jul 28 17:03:02 nimbus-eth1-mainnet-short-benchmark[3939892]: $DEBUG_LEVEL is 0, $LIB_MODE is static
Jul 28 17:03:02 nimbus-eth1-mainnet-short-benchmark[3939892]: make[1]: Leaving directory '/data/status-im/nimbus-eth1/vendor/nim-rocksdb/vendor/rocksdb'
Jul 28 17:03:02 nimbus-eth1-mainnet-short-benchmark[3940337]: Cleaning up RocksDb build artifacts.
Jul 28 17:03:03 nimbus-eth1-mainnet-short-benchmark[3939767]: Building RocksDb static libraries.
Jul 28 17:06:16 nimbus-eth1-mainnet-short-benchmark[3943882]: Building: build/nimbus_execution_client
Jul 28 17:08:41 nimbus-eth1-mainnet-short-benchmark[3925062]: >>> renaming binaries to match commit they were built from
Jul 28 17:08:41 nimbus-eth1-mainnet-short-benchmark[3925062]: >>> creating a symbolic link to the latest version
Jul 28 17:08:41 nimbus-eth1-mainnet-short-benchmark[3925062]: >>> deleting copies that are older than N days
Jul 28 17:08:41 nimbus-eth1-mainnet-short-benchmark[3925062]: <<< ending buildBinaries (success)
Jul 28 17:08:41 nimbus-eth1-mainnet-short-benchmark[3925062]: >>> starting skipOrContinueBenchmark
Jul 28 17:08:41 nimbus-eth1-mainnet-short-benchmark[3925062]: <<< ending skipOrContinueBenchmark (success)
Jul 28 17:08:41 nimbus-eth1-mainnet-short-benchmark[3925062]: >>> starting copyTemplateDatabase
Jul 28 17:08:41 nimbus-eth1-mainnet-short-benchmark[3925062]: >>> Copying template db into nimbus data directory
Jul 28 17:11:50 nimbus-eth1-mainnet-short-benchmark[3925062]: >>> Template db copied
Jul 28 17:11:50 nimbus-eth1-mainnet-short-benchmark[3925062]: >>> making nimbus the owner of the copied files
Jul 28 17:11:50 nimbus-eth1-mainnet-short-benchmark[3925062]: <<< ending copyTemplateDatabase (success)
Jul 28 17:11:50 nimbus-eth1-mainnet-short-benchmark[3925062]: >>> starting startNimbusWithImport
Jul 28 17:11:50 nimbus-eth1-mainnet-short-benchmark[3949694]: INF 2026-07-28 17:11:50.191+00:00 Launching execution client                 version=v0.3.1-55f5de18 config="(configFile: none(InputFile), dataDirFlag: some(/data/status-im/nimbus-eth1/data/shared_mainnet_0), era1DirFlag: some(/data/era1), eraDirFlag: some(/data/era), ereDirFlag: none(OutDir), keyStoreDirFlag: none(OutDir), importKey: , trustedSetupFile: none(string), extraData: Nimbus/v0.3.1-55f5de18, gasLimit: 60000000, maxBlobs: none(byte), network: [mainnet], customNetwork: none(NetworkParams), networkId: 1, networkParams: (config: ..., genesis: (nonce: 0x0000000000000042, timestamp: 0, extraData: [17, 187, 232, 219, 78, 52, 123, 78, 140, 147, 124, 28, 131, 112, 228, 181, 237, 51, 173, 179, 219, 105, 203, 219, 122, 56, 225, 229, 11, 27, 130, 250], gasLimit: 5000, difficulty: 17179869184, mixHash: 0x0000000000000000000000000000000000000000000000000000000000000000, coinbase: 0x0000000000000000000000000000000000000000, alloc: 8893, number: 0, gasUser: 0, parentHash: 0x0000000000000000000000000000000000000000000000000000000000000000, baseFeePerGas: none(), blobGasUsed: -1, excessBlobGas: -1, parentBeaconBlockRoot: none())), logLevel: INFO, logFormat: auto, metricsEnabled: false, metricsPort: 9093, metricsAddress: 127.0.0.1, bootstrapNodes: [], bootstrapFile: , staticPeers: [], staticPeersFile: , reconnectMaxRetry: 0, reconnectInterval: 15, listenAddress: ::, tcpPort: 30303, udpPortFlag: none(Port), maxPeers: 25, nat: (hasExtIp: false, nat: NatAny), discovery: [V4, V5], netKey: random, agentString: Nimbus/v0.3.1-55f5de18/linux-amd64/Nim-2.2.10, numThreads: 0, persistBatchSize: 4, dynamicBatchSize: false, rocksdbMaxOpenFiles: 2048, rocksdbWriteBufferSize: 67108864, rocksdbRowCacheSize: 0, rocksdbBlockCacheSize: 2147483648, rocksdbBlockCacheType: hyperclock, rdbVtxCacheSize: 536870912, rdbKeyCacheSize: 1342177280, rdbBranchCacheSize: 1073741824, rdbPrintStats: false, rewriteDatadirId: true, aristoDbMaxSnapshots: 5, parallelStateRootComputation: false, optimisticStatePrefetch: false, balStatePrefetch: false, balStatePrefetchWorkers: 0, eagerStateRootCheck: false, deserializeFcState: true, statelessProviderEnabled: false, statelessWitnessValidation: false, cmd: import, maxBlocks: 1000000, chunkSize: 8192, csvStats: some("/data/host-benchmarks/short/b3d9311e88db4acc840b53be2fd84363/blocks-import-benchmark.csv"), validation: false, fullValidation: false, storeBodies: false, storeReceipts: false, storeSlotHashes: false)"
Jul 28 17:11:50 nimbus-eth1-mainnet-short-benchmark[3949694]: WRN 2026-07-28 17:11:50.191+00:00 Data directory has insecure permissions. Correcting them. data_dir=/data/status-im/nimbus-eth1/data/shared_mainnet_0 current_permissions=0755 required_permissions=0700
Jul 28 17:11:52 nimbus-eth1-mainnet-short-benchmark[3949694]: INF 2026-07-28 17:11:52.111+00:00 Taskpool started                           numThreads=16
Jul 28 17:11:52 nimbus-eth1-mainnet-short-benchmark[3949694]: INF 2026-07-28 17:11:52.223+00:00 Writing data dir ID                        ID=0x0a036d6f6dfe59156bb6359f0243c93d5a421ed688de5aa85a62d15dca8dbd5c
Jul 28 17:11:52 nimbus-eth1-mainnet-short-benchmark[3949694]: INF 2026-07-28 17:11:52.251+00:00 Database initialized                       base="(0xd24fd73f794058a3807db926d8898c6481e902b7edb91ce0d479d6760f276183, 20000000)" finalized="(0xd24fd73f794058a3807db926d8898c6481e902b7edb91ce0d479d6760f276183, 20000000)" head="(0xd4e56740f876aef8c010b86a40d5f56745a118d0906a34e69aec8c0db1cb8fa3, 0)"
Jul 28 17:11:52 nimbus-eth1-mainnet-short-benchmark[3949694]: NTC 2026-07-28 17:11:52.251+00:00 Could not open ere database, falling back to era1/era import ereDir=/data/status-im/nimbus-eth1/data/shared_mainnet_0/ere networkName=mainnet error="No ere files found in /data/status-im/nimbus-eth1/data/shared_mainnet_0/ere"
Jul 28 17:11:52 nimbus-eth1-mainnet-short-benchmark[3949694]: NTC 2026-07-28 17:11:52.251+00:00 Importing era archive                      blockNumber=20000001 dataDir=/data/status-im/nimbus-eth1/data/shared_mainnet_0 eraDir=/data/era
Jul 28 17:11:54 nimbus-eth1-mainnet-short-benchmark[3949694]: NTC 2026-07-28 17:11:54.463+00:00 Matched block to slot number               blockNumber=20000001 slot=9204783
Jul 28 17:18:25 nimbus-eth1-mainnet-short-benchmark[3949694]: INF 2026-07-28 17:18:25.625+00:00 Imported blocks                            blockNumber=20008193 slot=9213020 blocks=8192 txs=1226966 mgas=124237 bps=20.82 tps=3119 mgps=315.8 avgBps=20.82 avgTps=3119 avgMGps=315.8 elapsed=6m33s378ms
Jul 28 17:24:10 nimbus-eth1-mainnet-short-benchmark[3949694]: INF 2026-07-28 17:24:10.356+00:00 Imported blocks                            blockNumber=20016385 slot=9221256 blocks=16384 txs=2540380 mgas=248071 bps=23.76 tps=3810 mgps=359.2 avgBps=22.20 avgTps=3441 avgMGps=336.1 elapsed=12m18s105ms
Jul 28 17:29:33 nimbus-eth1-mainnet-short-benchmark[3949694]: INF 2026-07-28 17:29:33.584+00:00 Imported blocks                            blockNumber=20024577 slot=9229485 blocks=24576 txs=3869398 mgas=372018 bps=25.34 tps=4111 mgps=383.5 avgBps=23.16 avgTps=3645 avgMGps=350.5 elapsed=17m41s334ms
Jul 28 17:34:26 nimbus-eth1-mainnet-short-benchmark[3949694]: INF 2026-07-28 17:34:26.135+00:00 Imported blocks                            blockNumber=20032769 slot=9237722 blocks=32768 txs=5222766 mgas=495797 bps=28.00 tps=4626 mgps=423.1 avgBps=24.20 avgTps=3857 avgMGps=366.2 elapsed=22m33s885ms
Jul 28 17:39:11 nimbus-eth1-mainnet-short-benchmark[3949694]: INF 2026-07-28 17:39:11.127+00:00 Imported blocks                            blockNumber=20040961 slot=9245957 blocks=40960 txs=6566802 mgas=619586 bps=28.74 tps=4716 mgps=434.4 avgBps=24.99 avgTps=4006 avgMGps=378.1 elapsed=27m18s877ms
Jul 28 17:44:14 nimbus-eth1-mainnet-short-benchmark[3949694]: INF 2026-07-28 17:44:14.215+00:00 Imported blocks                            blockNumber=20049153 slot=9254196 blocks=49152 txs=7904746 mgas=743522 bps=27.03 tps=4414 mgps=408.9 avgBps=25.31 avgTps=4070 avgMGps=382.9 elapsed=32m21s963ms
Jul 28 17:49:05 nimbus-eth1-mainnet-short-benchmark[3949694]: INF 2026-07-28 17:49:05.967+00:00 Imported blocks                            blockNumber=20057345 slot=9262435 blocks=57344 txs=9212009 mgas=867360 bps=28.08 tps=4480 mgps=424.5 avgBps=25.67 avgTps=4124 avgMGps=388.3 elapsed=37m13s717ms
Jul 28 17:53:38 nimbus-eth1-mainnet-short-benchmark[3949694]: INF 2026-07-28 17:53:38.411+00:00 Imported blocks                            blockNumber=20065537 slot=9270674 blocks=65536 txs=10559018 mgas=991371 bps=30.07 tps=4944 mgps=455.2 avgBps=26.15 avgTps=4213 avgMGps=395.6 elapsed=41m46s162ms
Jul 28 17:57:58 nimbus-eth1-mainnet-short-benchmark[3949694]: INF 2026-07-28 17:57:58.835+00:00 Imported blocks                            blockNumber=20073729 slot=9278910 blocks=73728 txs=11898676 mgas=1115111 bps=31.46 tps=5144 mgps=475.2 avgBps=26.65 avgTps=4300 avgMGps=403.1 elapsed=46m6s584ms
Jul 28 18:02:06 nimbus-eth1-mainnet-short-benchmark[3949694]: INF 2026-07-28 18:02:06.784+00:00 Imported blocks                            blockNumber=20081921 slot=9287152 blocks=81920 txs=13323263 mgas=1239150 bps=33.04 tps=5745 mgps=500.3 avgBps=27.18 avgTps=4419 avgMGps=411.1 elapsed=50m14s533ms
Jul 28 18:06:13 nimbus-eth1-mainnet-short-benchmark[3949694]: INF 2026-07-28 18:06:13.576+00:00 Imported blocks                            blockNumber=20090113 slot=9295408 blocks=90112 txs=14697082 mgas=1363113 bps=33.19 tps=5566 mgps=502.3 avgBps=27.63 avgTps=4506 avgMGps=418.0 elapsed=54m21s326ms
Jul 28 18:10:38 nimbus-eth1-mainnet-short-benchmark[3949694]: INF 2026-07-28 18:10:38.556+00:00 Imported blocks                            blockNumber=20098305 slot=9303658 blocks=98304 txs=16025683 mgas=1487146 bps=30.92 tps=5013 mgps=468.1 avgBps=27.88 avgTps=4544 avgMGps=421.7 elapsed=58m46s307ms
Jul 28 18:15:10 nimbus-eth1-mainnet-short-benchmark[3949694]: INF 2026-07-28 18:15:10.125+00:00 Imported blocks                            blockNumber=20106497 slot=9311895 blocks=106496 txs=17337157 mgas=1611066 bps=30.17 tps=4829 mgps=456.3 avgBps=28.04 avgTps=4564 avgMGps=424.2 elapsed=1h3m17s
Jul 28 18:19:28 nimbus-eth1-mainnet-short-benchmark[3949694]: INF 2026-07-28 18:19:28.585+00:00 Imported blocks                            blockNumber=20114689 slot=9320146 blocks=114688 txs=18632097 mgas=1735123 bps=31.70 tps=5010 mgps=480.0 avgBps=28.27 avgTps=4593 avgMGps=427.8 elapsed=1h7m36s
Jul 28 18:23:33 nimbus-eth1-mainnet-short-benchmark[3949694]: INF 2026-07-28 18:23:33.561+00:00 Imported blocks                            blockNumber=20122881 slot=9328409 blocks=122880 txs=19937418 mgas=1859249 bps=33.44 tps=5328 mgps=506.7 avgBps=28.57 avgTps=4635 avgMGps=432.3 elapsed=1h11m41s
Jul 28 18:27:36 nimbus-eth1-mainnet-short-benchmark[3949694]: INF 2026-07-28 18:27:36.198+00:00 Imported blocks                            blockNumber=20131073 slot=9336660 blocks=131072 txs=21214129 mgas=1983500 bps=33.76 tps=5261 mgps=512.1 avgBps=28.85 avgTps=4668 avgMGps=436.5 elapsed=1h15m43s
Jul 28 18:31:36 nimbus-eth1-mainnet-short-benchmark[3949694]: INF 2026-07-28 18:31:36.563+00:00 Imported blocks                            blockNumber=20139265 slot=9344906 blocks=139264 txs=22579079 mgas=2107571 bps=34.08 tps=5678 mgps=516.2 avgBps=29.11 avgTps=4719 avgMGps=440.5 elapsed=1h19m44s
Jul 28 18:36:22 nimbus-eth1-mainnet-short-benchmark[3949694]: INF 2026-07-28 18:36:22.074+00:00 Imported blocks                            blockNumber=20147457 slot=9353153 blocks=147456 txs=24133322 mgas=2231686 bps=28.69 tps=5443 mgps=434.7 avgBps=29.09 avgTps=4760 avgMGps=440.2 elapsed=1h24m29s
Jul 28 18:40:55 nimbus-eth1-mainnet-short-benchmark[3949694]: INF 2026-07-28 18:40:55.391+00:00 Imported blocks                            blockNumber=20155649 slot=9361407 blocks=155648 txs=25424015 mgas=2356018 bps=29.97 tps=4722 mgps=454.9 avgBps=29.13 avgTps=4758 avgMGps=440.9 elapsed=1h29m3s
Jul 28 18:45:08 nimbus-eth1-mainnet-short-benchmark[3949694]: INF 2026-07-28 18:45:08.671+00:00 Imported blocks                            blockNumber=20163841 slot=9369652 blocks=163840 txs=26749549 mgas=2480207 bps=32.34 tps=5233 mgps=490.3 avgBps=29.28 avgTps=4779 avgMGps=443.2 elapsed=1h33m16s
Jul 28 18:49:16 nimbus-eth1-mainnet-short-benchmark[3949694]: INF 2026-07-28 18:49:16.067+00:00 Imported blocks                            blockNumber=20172033 slot=9377892 blocks=172032 txs=28105316 mgas=2604026 bps=33.11 tps=5480 mgps=500.5 avgBps=29.44 avgTps=4809 avgMGps=445.6 elapsed=1h37m23s
Jul 28 18:53:28 nimbus-eth1-mainnet-short-benchmark[3949694]: INF 2026-07-28 18:53:28.240+00:00 Imported blocks                            blockNumber=20180225 slot=9386128 blocks=180224 txs=29524405 mgas=2728170 bps=32.49 tps=5627 mgps=492.3 avgBps=29.56 avgTps=4843 avgMGps=447.5 elapsed=1h41m35s
Jul 28 18:57:24 nimbus-eth1-mainnet-short-benchmark[3949694]: INF 2026-07-28 18:57:24.261+00:00 Imported blocks                            blockNumber=20188417 slot=9394365 blocks=188416 txs=30849021 mgas=2852023 bps=34.71 tps=5612 mgps=524.7 avgBps=29.76 avgTps=4871 avgMGps=450.4 elapsed=1h45m32s
Jul 28 19:01:44 nimbus-eth1-mainnet-short-benchmark[3949694]: INF 2026-07-28 19:01:44.141+00:00 Imported blocks                            blockNumber=20196609 slot=9402602 blocks=196608 txs=32174755 mgas=2976155 bps=31.52 tps=5101 mgps=477.7 avgBps=29.83 avgTps=4880 avgMGps=451.5 elapsed=1h49m51s
Jul 28 19:06:17 nimbus-eth1-mainnet-short-benchmark[3949694]: INF 2026-07-28 19:06:17.705+00:00 Imported blocks                            blockNumber=20204801 slot=9410840 blocks=204800 txs=33475942 mgas=3100410 bps=29.95 tps=4756 mgps=454.2 avgBps=29.83 avgTps=4875 avgMGps=451.6 elapsed=1h54m25s
Jul 28 19:10:30 nimbus-eth1-mainnet-short-benchmark[3949694]: INF 2026-07-28 19:10:30.397+00:00 Imported blocks                            blockNumber=20212993 slot=9419071 blocks=212992 txs=34798508 mgas=3224370 bps=32.42 tps=5233 mgps=490.6 avgBps=29.92 avgTps=4888 avgMGps=453.0 elapsed=1h58m38s
Jul 28 19:14:38 nimbus-eth1-mainnet-short-benchmark[3949694]: INF 2026-07-28 19:14:38.634+00:00 Imported blocks                            blockNumber=20221185 slot=9427313 blocks=221184 txs=36114045 mgas=3348169 bps=33.00 tps=5299 mgps=498.7 avgBps=30.03 avgTps=4902 avgMGps=454.5 elapsed=2h2m46s
Jul 28 19:18:28 nimbus-eth1-mainnet-short-benchmark[3949694]: INF 2026-07-28 19:18:28.107+00:00 Imported blocks                            blockNumber=20229377 slot=9435549 blocks=229376 txs=37421794 mgas=3472031 bps=35.70 tps=5698 mgps=539.8 avgBps=30.20 avgTps=4926 avgMGps=457.1 elapsed=2h6m35s
Jul 28 19:22:27 nimbus-eth1-mainnet-short-benchmark[3949694]: INF 2026-07-28 19:22:27.487+00:00 Imported blocks                            blockNumber=20237569 slot=9443788 blocks=237568 txs=38842064 mgas=3596351 bps=34.22 tps=5933 mgps=519.3 avgBps=30.32 avgTps=4957 avgMGps=459.0 elapsed=2h10m35s
Jul 28 19:26:41 nimbus-eth1-mainnet-short-benchmark[3949694]: INF 2026-07-28 19:26:41.911+00:00 Imported blocks                            blockNumber=20245761 slot=9452021 blocks=245760 txs=40225739 mgas=3720100 bps=32.20 tps=5438 mgps=486.4 avgBps=30.38 avgTps=4972 avgMGps=459.9 elapsed=2h14m49s
Jul 28 19:31:16 nimbus-eth1-mainnet-short-benchmark[3949694]: INF 2026-07-28 19:31:16.024+00:00 Imported blocks                            blockNumber=20253953 slot=9460253 blocks=253952 txs=41454921 mgas=3844385 bps=29.89 tps=4484 mgps=453.4 avgBps=30.36 avgTps=4956 avgMGps=459.6 elapsed=2h19m23s
Jul 28 19:35:35 nimbus-eth1-mainnet-short-benchmark[3949694]: INF 2026-07-28 19:35:35.492+00:00 Imported blocks                            blockNumber=20262145 slot=9468495 blocks=262144 txs=42726051 mgas=3968623 bps=31.57 tps=4899 mgps=478.8 avgBps=30.40 avgTps=4954 avgMGps=460.2 elapsed=2h23m43s
Jul 28 19:39:36 nimbus-eth1-mainnet-short-benchmark[3949694]: INF 2026-07-28 19:39:36.916+00:00 Imported blocks                            blockNumber=20270337 slot=9476748 blocks=270336 txs=44050436 mgas=4092682 bps=33.93 tps=5485 mgps=513.8 avgBps=30.50 avgTps=4969 avgMGps=461.7 elapsed=2h27m44s
Jul 28 19:43:22 nimbus-eth1-mainnet-short-benchmark[3949694]: INF 2026-07-28 19:43:22.685+00:00 Imported blocks                            blockNumber=20278529 slot=9484981 blocks=278528 txs=45382368 mgas=4216487 bps=36.29 tps=5899 mgps=548.4 avgBps=30.64 avgTps=4992 avgMGps=463.8 elapsed=2h31m30s
Jul 28 19:47:15 nimbus-eth1-mainnet-short-benchmark[3949694]: INF 2026-07-28 19:47:15.526+00:00 Imported blocks                            blockNumber=20286721 slot=9493213 blocks=286720 txs=46733429 mgas=4340363 bps=35.18 tps=5802 mgps=532.0 avgBps=30.75 avgTps=5012 avgMGps=465.5 elapsed=2h35m23s
Jul 28 19:51:27 nimbus-eth1-mainnet-short-benchmark[3949694]: INF 2026-07-28 19:51:27.542+00:00 Imported blocks                            blockNumber=20294913 slot=9501453 blocks=294912 txs=48075887 mgas=4464376 bps=32.51 tps=5326 mgps=492.1 avgBps=30.80 avgTps=5020 avgMGps=466.2 elapsed=2h39m35s
Jul 28 19:55:37 nimbus-eth1-mainnet-short-benchmark[3949694]: INF 2026-07-28 19:55:37.487+00:00 Imported blocks                            blockNumber=20303105 slot=9509696 blocks=303104 txs=49379538 mgas=4588534 bps=32.78 tps=5215 mgps=496.7 avgBps=30.85 avgTps=5025 avgMGps=467.0 elapsed=2h43m45s
Jul 28 19:59:40 nimbus-eth1-mainnet-short-benchmark[3949694]: INF 2026-07-28 19:59:40.891+00:00 Imported blocks                            blockNumber=20311297 slot=9517922 blocks=311296 txs=50637672 mgas=4712596 bps=33.66 tps=5168 mgps=509.7 avgBps=30.92 avgTps=5029 avgMGps=468.0 elapsed=2h47m48s
Jul 28 20:03:34 nimbus-eth1-mainnet-short-benchmark[3949694]: INF 2026-07-28 20:03:34.244+00:00 Imported blocks                            blockNumber=20319489 slot=9526159 blocks=319488 txs=51981692 mgas=4836521 bps=35.11 tps=5759 mgps=531.1 avgBps=31.01 avgTps=5045 avgMGps=469.5 elapsed=2h51m41s
Jul 28 20:07:07 nimbus-eth1-mainnet-short-benchmark[3949694]: INF 2026-07-28 20:07:07.853+00:00 Imported blocks                            blockNumber=20327681 slot=9534381 blocks=327680 txs=53356123 mgas=4960245 bps=38.35 tps=6434 mgps=579.2 avgBps=31.16 avgTps=5073 avgMGps=471.7 elapsed=2h55m15s
Jul 28 20:10:40 nimbus-eth1-mainnet-short-benchmark[3949694]: INF 2026-07-28 20:10:40.094+00:00 Imported blocks                            blockNumber=20335873 slot=9542617 blocks=335872 txs=54719105 mgas=5084025 bps=38.60 tps=6421 mgps=583.2 avgBps=31.31 avgTps=5100 avgMGps=473.9 elapsed=2h58m47s
Jul 28 20:14:30 nimbus-eth1-mainnet-short-benchmark[3949694]: INF 2026-07-28 20:14:30.987+00:00 Imported blocks                            blockNumber=20344065 slot=9550841 blocks=344064 txs=56021853 mgas=5207843 bps=35.48 tps=5642 mgps=536.3 avgBps=31.40 avgTps=5112 avgMGps=475.2 elapsed=3h2m38s
Jul 28 20:18:54 nimbus-eth1-mainnet-short-benchmark[3949694]: INF 2026-07-28 20:18:54.131+00:00 Imported blocks                            blockNumber=20352257 slot=9559072 blocks=352256 txs=57290408 mgas=5332016 bps=31.13 tps=4820 mgps=471.9 avgBps=31.39 avgTps=5105 avgMGps=475.1 elapsed=3h7m1s
Jul 28 20:22:54 nimbus-eth1-mainnet-short-benchmark[3949694]: INF 2026-07-28 20:22:54.175+00:00 Imported blocks                            blockNumber=20360449 slot=9567308 blocks=360448 txs=58543463 mgas=5456201 bps=34.13 tps=5220 mgps=517.3 avgBps=31.45 avgTps=5107 avgMGps=476.0 elapsed=3h11m1s
Jul 28 20:26:46 nimbus-eth1-mainnet-short-benchmark[3949694]: INF 2026-07-28 20:26:46.252+00:00 Imported blocks                            blockNumber=20368641 slot=9575548 blocks=368640 txs=59874056 mgas=5580204 bps=35.30 tps=5733 mgps=534.3 avgBps=31.52 avgTps=5120 avgMGps=477.2 elapsed=3h14m54s
Jul 28 20:30:47 nimbus-eth1-mainnet-short-benchmark[3949694]: INF 2026-07-28 20:30:47.729+00:00 Imported blocks                            blockNumber=20376833 slot=9583774 blocks=376832 txs=61167066 mgas=5704396 bps=33.92 tps=5354 mgps=514.3 avgBps=31.57 avgTps=5124 avgMGps=477.9 elapsed=3h18m55s
Jul 28 20:34:43 nimbus-eth1-mainnet-short-benchmark[3949694]: INF 2026-07-28 20:34:43.909+00:00 Imported blocks                            blockNumber=20385025 slot=9592009 blocks=385024 txs=62480333 mgas=5828235 bps=34.69 tps=5560 mgps=524.3 avgBps=31.63 avgTps=5133 avgMGps=478.8 elapsed=3h22m51s
Jul 28 20:38:40 nimbus-eth1-mainnet-short-benchmark[3949694]: INF 2026-07-28 20:38:40.598+00:00 Imported blocks                            blockNumber=20393217 slot=9600248 blocks=393216 txs=63800597 mgas=5952136 bps=34.61 tps=5578 mgps=523.5 avgBps=31.69 avgTps=5141 avgMGps=479.7 elapsed=3h26m48s
Jul 28 20:42:27 nimbus-eth1-mainnet-short-benchmark[3949694]: INF 2026-07-28 20:42:27.511+00:00 Imported blocks                            blockNumber=20401409 slot=9608486 blocks=401408 txs=65021243 mgas=6076384 bps=36.10 tps=5379 mgps=547.6 avgBps=31.77 avgTps=5146 avgMGps=480.9 elapsed=3h30m35s
Jul 28 20:46:27 nimbus-eth1-mainnet-short-benchmark[3949694]: INF 2026-07-28 20:46:27.943+00:00 Imported blocks                            blockNumber=20409601 slot=9616707 blocks=409600 txs=66199016 mgas=6200666 bps=34.07 tps=4898 mgps=516.9 avgBps=31.81 avgTps=5141 avgMGps=481.6 elapsed=3h34m35s
Jul 28 20:50:20 nimbus-eth1-mainnet-short-benchmark[3949694]: INF 2026-07-28 20:50:20.404+00:00 Imported blocks                            blockNumber=20417793 slot=9624941 blocks=417792 txs=67453930 mgas=6324823 bps=35.24 tps=5398 mgps=534.1 avgBps=31.87 avgTps=5145 avgMGps=482.5 elapsed=3h38m28s
Jul 28 20:53:46 nimbus-eth1-mainnet-short-benchmark[3949694]: INF 2026-07-28 20:53:46.453+00:00 Imported blocks                            blockNumber=20425985 slot=9633187 blocks=425984 txs=68814904 mgas=6448778 bps=39.76 tps=6604 mgps=601.6 avgBps=31.99 avgTps=5168 avgMGps=484.4 elapsed=3h41m54s
Jul 28 20:57:13 nimbus-eth1-mainnet-short-benchmark[3949694]: INF 2026-07-28 20:57:13.594+00:00 Imported blocks                            blockNumber=20434177 slot=9641422 blocks=434176 txs=70124508 mgas=6572711 bps=39.55 tps=6322 mgps=598.3 avgBps=32.11 avgTps=5186 avgMGps=486.1 elapsed=3h45m21s
Jul 28 21:00:49 nimbus-eth1-mainnet-short-benchmark[3949694]: INF 2026-07-28 21:00:49.983+00:00 Imported blocks                            blockNumber=20442369 slot=9649657 blocks=442368 txs=71403576 mgas=6696451 bps=37.86 tps=5911 mgps=571.8 avgBps=32.20 avgTps=5197 avgMGps=487.4 elapsed=3h48m57s
Jul 28 21:04:46 nimbus-eth1-mainnet-short-benchmark[3949694]: INF 2026-07-28 21:04:46.400+00:00 Imported blocks                            blockNumber=20450561 slot=9657896 blocks=450560 txs=72659905 mgas=6820521 bps=34.65 tps=5314 mgps=524.8 avgBps=32.24 avgTps=5199 avgMGps=488.1 elapsed=3h52m54s
Jul 28 21:09:02 nimbus-eth1-mainnet-short-benchmark[3949694]: INF 2026-07-28 21:09:02.848+00:00 Imported blocks                            blockNumber=20458753 slot=9666114 blocks=458752 txs=73838533 mgas=6945116 bps=31.94 tps=4595 mgps=485.8 avgBps=32.24 avgTps=5188 avgMGps=488.0 elapsed=3h57m10s
Jul 28 21:12:56 nimbus-eth1-mainnet-short-benchmark[3949694]: INF 2026-07-28 21:12:56.517+00:00 Imported blocks                            blockNumber=20466945 slot=9674343 blocks=466944 txs=75124748 mgas=7068943 bps=35.06 tps=5504 mgps=529.9 avgBps=32.28 avgTps=5193 avgMGps=488.7 elapsed=4h1m4s
Jul 28 21:16:48 nimbus-eth1-mainnet-short-benchmark[3949694]: INF 2026-07-28 21:16:48.509+00:00 Imported blocks                            blockNumber=20475137 slot=9682575 blocks=475136 txs=76420106 mgas=7192870 bps=35.31 tps=5583 mgps=534.2 avgBps=32.33 avgTps=5199 avgMGps=489.4 elapsed=4h4m56s
Jul 28 21:20:29 nimbus-eth1-mainnet-short-benchmark[3949694]: INF 2026-07-28 21:20:29.270+00:00 Imported blocks                            blockNumber=20483329 slot=9690800 blocks=483328 txs=77675422 mgas=7316939 bps=37.11 tps=5686 mgps=562.0 avgBps=32.40 avgTps=5207 avgMGps=490.5 elapsed=4h8m37s
Jul 28 21:24:08 nimbus-eth1-mainnet-short-benchmark[3949694]: INF 2026-07-28 21:24:08.723+00:00 Imported blocks                            blockNumber=20491521 slot=9699019 blocks=491520 txs=78951232 mgas=7440784 bps=37.33 tps=5813 mgps=564.3 avgBps=32.47 avgTps=5215 avgMGps=491.6 elapsed=4h12m16s
Jul 28 21:28:05 nimbus-eth1-mainnet-short-benchmark[3949694]: INF 2026-07-28 21:28:05.408+00:00 Imported blocks                            blockNumber=20499713 slot=9707248 blocks=499712 txs=80189642 mgas=7564669 bps=34.61 tps=5232 mgps=523.4 avgBps=32.51 avgTps=5216 avgMGps=492.1 elapsed=4h16m13s
Jul 28 21:32:05 nimbus-eth1-mainnet-short-benchmark[3949694]: INF 2026-07-28 21:32:05.828+00:00 Imported blocks                            blockNumber=20507905 slot=9715488 blocks=507904 txs=81317763 mgas=7689208 bps=34.07 tps=4692 mgps=518.0 avgBps=32.53 avgTps=5208 avgMGps=492.5 elapsed=4h20m13s
Jul 28 21:35:40 nimbus-eth1-mainnet-short-benchmark[3949694]: INF 2026-07-28 21:35:40.901+00:00 Imported blocks                            blockNumber=20516097 slot=9723715 blocks=516096 txs=82520262 mgas=7813209 bps=38.09 tps=5591 mgps=576.6 avgBps=32.61 avgTps=5213 avgMGps=493.6 elapsed=4h23m48s
Jul 28 21:39:27 nimbus-eth1-mainnet-short-benchmark[3949694]: INF 2026-07-28 21:39:27.590+00:00 Imported blocks                            blockNumber=20524289 slot=9731945 blocks=524288 txs=83780075 mgas=7937233 bps=36.14 tps=5557 mgps=547.1 avgBps=32.66 avgTps=5218 avgMGps=494.4 elapsed=4h27m35s
Jul 28 21:43:16 nimbus-eth1-mainnet-short-benchmark[3949694]: INF 2026-07-28 21:43:16.491+00:00 Imported blocks                            blockNumber=20532481 slot=9740183 blocks=532480 txs=85263862 mgas=8061024 bps=35.79 tps=6482 mgps=540.8 avgBps=32.70 avgTps=5235 avgMGps=495.0 elapsed=4h31m24s
Jul 28 21:47:10 nimbus-eth1-mainnet-short-benchmark[3949694]: INF 2026-07-28 21:47:10.335+00:00 Imported blocks                            blockNumber=20540673 slot=9748418 blocks=540672 txs=86612143 mgas=8185090 bps=35.03 tps=5765 mgps=530.5 avgBps=32.73 avgTps=5243 avgMGps=495.5 elapsed=4h35m18s
Jul 28 21:51:13 nimbus-eth1-mainnet-short-benchmark[3949694]: INF 2026-07-28 21:51:13.460+00:00 Imported blocks                            blockNumber=20548865 slot=9756662 blocks=548864 txs=87802991 mgas=8309513 bps=33.69 tps=4898 mgps=511.8 avgBps=32.75 avgTps=5238 avgMGps=495.8 elapsed=4h39m21s
Jul 28 21:55:14 nimbus-eth1-mainnet-short-benchmark[3949694]: INF 2026-07-28 21:55:14.653+00:00 Imported blocks                            blockNumber=20557057 slot=9764892 blocks=557056 txs=88964987 mgas=8433956 bps=33.96 tps=4817 mgps=515.9 avgBps=32.76 avgTps=5232 avgMGps=496.0 elapsed=4h43m22s
Jul 28 21:59:03 nimbus-eth1-mainnet-short-benchmark[3949694]: INF 2026-07-28 21:59:03.097+00:00 Imported blocks                            blockNumber=20565249 slot=9773131 blocks=565248 txs=90186094 mgas=8558113 bps=35.86 tps=5345 mgps=543.5 avgBps=32.80 avgTps=5233 avgMGps=496.7 elapsed=4h47m10s
Jul 28 22:02:54 nimbus-eth1-mainnet-short-benchmark[3949694]: INF 2026-07-28 22:02:54.638+00:00 Imported blocks                            blockNumber=20573441 slot=9781369 blocks=573440 txs=91404654 mgas=8682228 bps=35.38 tps=5262 mgps=536.0 avgBps=32.84 avgTps=5234 avgMGps=497.2 elapsed=4h51m2s
Jul 28 22:06:41 nimbus-eth1-mainnet-short-benchmark[3949694]: INF 2026-07-28 22:06:41.927+00:00 Imported blocks                            blockNumber=20581633 slot=9789611 blocks=581632 txs=92628389 mgas=8806651 bps=36.04 tps=5384 mgps=547.4 avgBps=32.88 avgTps=5236 avgMGps=497.8 elapsed=4h54m49s
Jul 28 22:10:35 nimbus-eth1-mainnet-short-benchmark[3949694]: INF 2026-07-28 22:10:35.120+00:00 Imported blocks                            blockNumber=20589825 slot=9797855 blocks=589824 txs=93887208 mgas=8931023 bps=35.13 tps=5398 mgps=533.3 avgBps=32.91 avgTps=5238 avgMGps=498.3 elapsed=4h58m42s
Jul 28 22:14:31 nimbus-eth1-mainnet-short-benchmark[3949694]: INF 2026-07-28 22:14:31.812+00:00 Imported blocks                            blockNumber=20598017 slot=9806095 blocks=598016 txs=95163338 mgas=9055310 bps=34.61 tps=5391 mgps=525.1 avgBps=32.93 avgTps=5240 avgMGps=498.7 elapsed=5h2m39s
Jul 28 22:18:30 nimbus-eth1-mainnet-short-benchmark[3949694]: INF 2026-07-28 22:18:30.909+00:00 Imported blocks                            blockNumber=20606209 slot=9814347 blocks=606208 txs=96334664 mgas=9179976 bps=34.26 tps=4898 mgps=521.4 avgBps=32.95 avgTps=5235 avgMGps=498.9 elapsed=5h6m38s
Jul 28 22:22:18 nimbus-eth1-mainnet-short-benchmark[3949694]: INF 2026-07-28 22:22:18.817+00:00 Imported blocks                            blockNumber=20614401 slot=9822581 blocks=614400 txs=97573414 mgas=9304574 bps=35.94 tps=5435 mgps=546.7 avgBps=32.99 avgTps=5238 avgMGps=499.5 elapsed=5h10m26s
Jul 28 22:26:07 nimbus-eth1-mainnet-short-benchmark[3949694]: INF 2026-07-28 22:26:07.546+00:00 Imported blocks                            blockNumber=20622593 slot=9830821 blocks=622592 txs=98874772 mgas=9428835 bps=35.82 tps=5689 mgps=543.3 avgBps=33.02 avgTps=5243 avgMGps=500.1 elapsed=5h14m15s
Jul 28 22:29:51 nimbus-eth1-mainnet-short-benchmark[3949694]: INF 2026-07-28 22:29:51.463+00:00 Imported blocks                            blockNumber=20630785 slot=9839058 blocks=630784 txs=100178707 mgas=9553009 bps=36.59 tps=5823 mgps=554.6 avgBps=33.06 avgTps=5250 avgMGps=500.7 elapsed=5h17m59s
Jul 28 22:33:43 nimbus-eth1-mainnet-short-benchmark[3949694]: INF 2026-07-28 22:33:43.092+00:00 Imported blocks                            blockNumber=20638977 slot=9847313 blocks=638976 txs=101489116 mgas=9677171 bps=35.37 tps=5657 mgps=536.0 avgBps=33.09 avgTps=5255 avgMGps=501.1 elapsed=5h21m50s
Jul 28 22:37:32 nimbus-eth1-mainnet-short-benchmark[3949694]: INF 2026-07-28 22:37:32.372+00:00 Imported blocks                            blockNumber=20647169 slot=9855549 blocks=647168 txs=102730058 mgas=9801643 bps=35.73 tps=5412 mgps=542.9 avgBps=33.12 avgTps=5257 avgMGps=501.6 elapsed=5h25m40s
Jul 28 22:41:34 nimbus-eth1-mainnet-short-benchmark[3949694]: INF 2026-07-28 22:41:34.805+00:00 Imported blocks                            blockNumber=20655361 slot=9863778 blocks=655360 txs=103868002 mgas=9926541 bps=33.79 tps=4693 mgps=515.2 avgBps=33.13 avgTps=5250 avgMGps=501.8 elapsed=5h29m42s
Jul 28 22:45:18 nimbus-eth1-mainnet-short-benchmark[3949694]: INF 2026-07-28 22:45:18.934+00:00 Imported blocks                            blockNumber=20663553 slot=9872013 blocks=663552 txs=105112198 mgas=10051274 bps=36.55 tps=5551 mgps=556.5 avgBps=33.17 avgTps=5253 avgMGps=502.4 elapsed=5h33m26s
Jul 28 22:48:53 nimbus-eth1-mainnet-short-benchmark[3949694]: INF 2026-07-28 22:48:53.471+00:00 Imported blocks                            blockNumber=20671745 slot=9880241 blocks=671744 txs=106395904 mgas=10175177 bps=38.19 tps=5983 mgps=577.5 avgBps=33.22 avgTps=5261 avgMGps=503.2 elapsed=5h37m1s
Jul 28 22:52:33 nimbus-eth1-mainnet-short-benchmark[3949694]: INF 2026-07-28 22:52:33.084+00:00 Imported blocks                            blockNumber=20679937 slot=9888471 blocks=679936 txs=107674271 mgas=10299404 bps=37.30 tps=5820 mgps=565.7 avgBps=33.26 avgTps=5267 avgMGps=503.9 elapsed=5h40m40s
Jul 28 22:56:03 nimbus-eth1-mainnet-short-benchmark[3949694]: INF 2026-07-28 22:56:03.613+00:00 Imported blocks                            blockNumber=20688129 slot=9896698 blocks=688128 txs=108938536 mgas=10423298 bps=38.91 tps=6005 mgps=588.5 avgBps=33.32 avgTps=5275 avgMGps=504.7 elapsed=5h44m11s
Jul 28 22:59:47 nimbus-eth1-mainnet-short-benchmark[3949694]: INF 2026-07-28 22:59:47.961+00:00 Imported blocks                            blockNumber=20696321 slot=9904930 blocks=696320 txs=110235786 mgas=10547469 bps=36.51 tps=5782 mgps=553.5 avgBps=33.36 avgTps=5280 avgMGps=505.3 elapsed=5h47m55s
Jul 28 23:03:47 nimbus-eth1-mainnet-short-benchmark[3949694]: INF 2026-07-28 23:03:47.910+00:00 Imported blocks                            blockNumber=20704513 slot=9913154 blocks=704512 txs=111483759 mgas=10671677 bps=34.14 tps=5201 mgps=517.6 avgBps=33.36 avgTps=5279 avgMGps=505.4 elapsed=5h51m55s
Jul 28 23:07:34 nimbus-eth1-mainnet-short-benchmark[3949694]: INF 2026-07-28 23:07:34.071+00:00 Imported blocks                            blockNumber=20712705 slot=9921388 blocks=712704 txs=112764170 mgas=10795980 bps=36.22 tps=5661 mgps=549.6 avgBps=33.39 avgTps=5283 avgMGps=505.9 elapsed=5h55m41s
Jul 28 23:11:05 nimbus-eth1-mainnet-short-benchmark[3949694]: INF 2026-07-28 23:11:05.276+00:00 Imported blocks                            blockNumber=20720897 slot=9929633 blocks=720896 txs=114110517 mgas=10919926 bps=38.79 tps=6374 mgps=586.9 avgBps=33.45 avgTps=5294 avgMGps=506.7 elapsed=5h59m13s
Jul 28 23:14:45 nimbus-eth1-mainnet-short-benchmark[3949694]: INF 2026-07-28 23:14:45.361+00:00 Imported blocks                            blockNumber=20729089 slot=9937869 blocks=729088 txs=115449431 mgas=11043768 bps=37.22 tps=6083 mgps=562.7 avgBps=33.49 avgTps=5302 avgMGps=507.2 elapsed=6h2m53s
Jul 28 23:18:16 nimbus-eth1-mainnet-short-benchmark[3949694]: INF 2026-07-28 23:18:16.802+00:00 Imported blocks                            blockNumber=20737281 slot=9946108 blocks=737280 txs=116784468 mgas=11167784 bps=38.74 tps=6313 mgps=586.5 avgBps=33.54 avgTps=5312 avgMGps=508.0 elapsed=6h6m24s
Jul 28 23:21:58 nimbus-eth1-mainnet-short-benchmark[3949694]: INF 2026-07-28 23:21:58.391+00:00 Imported blocks                            blockNumber=20745473 slot=9954342 blocks=745472 txs=118101003 mgas=11291742 bps=36.97 tps=5941 mgps=559.4 avgBps=33.57 avgTps=5318 avgMGps=508.5 elapsed=6h10m6s
Jul 28 23:25:55 nimbus-eth1-mainnet-short-benchmark[3949694]: INF 2026-07-28 23:25:55.031+00:00 Imported blocks                            blockNumber=20753665 slot=9962581 blocks=753664 txs=119337525 mgas=11415859 bps=34.62 tps=5225 mgps=524.5 avgBps=33.58 avgTps=5317 avgMGps=508.7 elapsed=6h14m2s
Jul 28 23:29:40 nimbus-eth1-mainnet-short-benchmark[3949694]: INF 2026-07-28 23:29:40.248+00:00 Imported blocks                            blockNumber=20761857 slot=9970803 blocks=761856 txs=120564314 mgas=11540225 bps=36.37 tps=5447 mgps=552.2 avgBps=33.61 avgTps=5318 avgMGps=509.1 elapsed=6h17m47s
Jul 28 23:33:13 nimbus-eth1-mainnet-short-benchmark[3949694]: INF 2026-07-28 23:33:13.301+00:00 Imported blocks                            blockNumber=20770049 slot=9979058 blocks=770048 txs=121858083 mgas=11663918 bps=38.45 tps=6072 mgps=580.6 avgBps=33.65 avgTps=5325 avgMGps=509.8 elapsed=6h21m21s
Jul 28 23:36:38 nimbus-eth1-mainnet-short-benchmark[3949694]: INF 2026-07-28 23:36:38.110+00:00 Imported blocks                            blockNumber=20778241 slot=9987307 blocks=778240 txs=123161734 mgas=11787906 bps=40.00 tps=6365 mgps=605.4 avgBps=33.71 avgTps=5334 avgMGps=510.6 elapsed=6h24m45s
Jul 28 23:39:58 nimbus-eth1-mainnet-short-benchmark[3949694]: INF 2026-07-28 23:39:58.511+00:00 Imported blocks                            blockNumber=20786433 slot=9995542 blocks=786432 txs=124509456 mgas=11911612 bps=40.88 tps=6725 mgps=617.3 avgBps=33.77 avgTps=5346 avgMGps=511.5 elapsed=6h28m6s
Jul 28 23:43:22 nimbus-eth1-mainnet-short-benchmark[3949694]: INF 2026-07-28 23:43:22.960+00:00 Imported blocks                            blockNumber=20794625 slot=10003781 blocks=794624 txs=125848921 mgas=12035338 bps=40.07 tps=6551 mgps=605.2 avgBps=33.83 avgTps=5357 avgMGps=512.3 elapsed=6h31m30s
Jul 28 23:46:52 nimbus-eth1-mainnet-short-benchmark[3949694]: INF 2026-07-28 23:46:52.969+00:00 Imported blocks                            blockNumber=20802817 slot=10012028 blocks=802816 txs=127089868 mgas=12158989 bps=39.01 tps=5909 mgps=588.8 avgBps=33.87 avgTps=5362 avgMGps=513.0 elapsed=6h35m719ms
Jul 28 23:50:30 nimbus-eth1-mainnet-short-benchmark[3949694]: INF 2026-07-28 23:50:30.842+00:00 Imported blocks                            blockNumber=20811009 slot=10020249 blocks=811008 txs=128299762 mgas=12282850 bps=37.60 tps=5553 mgps=568.5 avgBps=33.91 avgTps=5364 avgMGps=513.5 elapsed=6h38m38s
Jul 28 23:53:56 nimbus-eth1-mainnet-short-benchmark[3949694]: INF 2026-07-28 23:53:56.235+00:00 Imported blocks                            blockNumber=20819201 slot=10028481 blocks=819200 txs=129596319 mgas=12406594 bps=39.88 tps=6312 mgps=602.5 avgBps=33.96 avgTps=5372 avgMGps=514.3 elapsed=6h42m3s
Jul 28 23:57:19 nimbus-eth1-mainnet-short-benchmark[3949694]: INF 2026-07-28 23:57:19.756+00:00 Imported blocks                            blockNumber=20827393 slot=10036710 blocks=827392 txs=130916729 mgas=12530249 bps=40.25 tps=6487 mgps=607.6 avgBps=34.01 avgTps=5381 avgMGps=515.1 elapsed=6h45m27s
Jul 29 00:00:44 nimbus-eth1-mainnet-short-benchmark[3949694]: INF 2026-07-29 00:00:44.461+00:00 Imported blocks                            blockNumber=20835585 slot=10044938 blocks=835584 txs=132226625 mgas=12654070 bps=40.02 tps=6398 mgps=604.9 avgBps=34.06 avgTps=5389 avgMGps=515.8 elapsed=6h48m52s
Jul 29 00:04:19 nimbus-eth1-mainnet-short-benchmark[3949694]: INF 2026-07-29 00:04:19.722+00:00 Imported blocks                            blockNumber=20843777 slot=10053164 blocks=843776 txs=133604192 mgas=12777730 bps=38.06 tps=6399 mgps=574.5 avgBps=34.10 avgTps=5398 avgMGps=516.3 elapsed=6h52m27s
Jul 29 00:08:23 nimbus-eth1-mainnet-short-benchmark[3949694]: INF 2026-07-29 00:08:23.803+00:00 Imported blocks                            blockNumber=20851969 slot=10061391 blocks=851968 txs=134900706 mgas=12901664 bps=33.56 tps=5311 mgps=507.8 avgBps=34.09 avgTps=5397 avgMGps=516.2 elapsed=6h56m31s
Jul 29 00:12:15 nimbus-eth1-mainnet-short-benchmark[3949694]: INF 2026-07-29 00:12:15.080+00:00 Imported blocks                            blockNumber=20860161 slot=10069622 blocks=860160 txs=136168750 mgas=13025603 bps=35.42 tps=5482 mgps=535.9 avgBps=34.10 avgTps=5398 avgMGps=516.4 elapsed=7h22s829ms
Jul 29 00:16:00 nimbus-eth1-mainnet-short-benchmark[3949694]: INF 2026-07-29 00:16:00.796+00:00 Imported blocks                            blockNumber=20868353 slot=10077838 blocks=868352 txs=137550724 mgas=13149742 bps=36.29 tps=6122 mgps=550.0 avgBps=34.12 avgTps=5405 avgMGps=516.7 elapsed=7h4m8s
Jul 29 00:19:46 nimbus-eth1-mainnet-short-benchmark[3949694]: INF 2026-07-29 00:19:46.077+00:00 Imported blocks                            blockNumber=20876545 slot=10086066 blocks=876544 txs=138954673 mgas=13273457 bps=36.36 tps=6232 mgps=549.2 avgBps=34.14 avgTps=5412 avgMGps=517.0 elapsed=7h7m53s
Jul 29 00:23:28 nimbus-eth1-mainnet-short-benchmark[3949694]: INF 2026-07-29 00:23:28.038+00:00 Imported blocks                            blockNumber=20884737 slot=10094286 blocks=884736 txs=140256178 mgas=13397479 bps=36.91 tps=5863 mgps=558.8 avgBps=34.17 avgTps=5416 avgMGps=517.4 elapsed=7h11m35s
Jul 29 00:27:03 nimbus-eth1-mainnet-short-benchmark[3949694]: INF 2026-07-29 00:27:03.367+00:00 Imported blocks                            blockNumber=20892929 slot=10102512 blocks=892928 txs=141581868 mgas=13521575 bps=38.04 tps=6156 mgps=576.3 avgBps=34.20 avgTps=5422 avgMGps=517.8 elapsed=7h15m11s
Jul 29 00:30:37 nimbus-eth1-mainnet-short-benchmark[3949694]: INF 2026-07-29 00:30:37.856+00:00 Imported blocks                            blockNumber=20901121 slot=10110732 blocks=901120 txs=142875889 mgas=13645572 bps=38.19 tps=6033 mgps=578.1 avgBps=34.23 avgTps=5427 avgMGps=518.3 elapsed=7h18m45s
Jul 29 00:34:12 nimbus-eth1-mainnet-short-benchmark[3949694]: INF 2026-07-29 00:34:12.333+00:00 Imported blocks                            blockNumber=20909313 slot=10118953 blocks=909312 txs=144102308 mgas=13769390 bps=38.19 tps=5718 mgps=577.3 avgBps=34.26 avgTps=5429 avgMGps=518.8 elapsed=7h22m20s
Jul 29 00:37:41 nimbus-eth1-mainnet-short-benchmark[3949694]: INF 2026-07-29 00:37:41.450+00:00 Imported blocks                            blockNumber=20917505 slot=10127176 blocks=917504 txs=145406349 mgas=13893087 bps=39.17 tps=6235 mgps=591.5 avgBps=34.30 avgTps=5435 avgMGps=519.4 elapsed=7h25m49s
Jul 29 00:41:03 nimbus-eth1-mainnet-short-benchmark[3949694]: INF 2026-07-29 00:41:03.763+00:00 Imported blocks                            blockNumber=20925697 slot=10135394 blocks=925696 txs=146718394 mgas=14016820 bps=40.49 tps=6485 mgps=611.6 avgBps=34.35 avgTps=5443 avgMGps=520.1 elapsed=7h29m11s
Jul 29 00:44:38 nimbus-eth1-mainnet-short-benchmark[3949694]: INF 2026-07-29 00:44:38.668+00:00 Imported blocks                            blockNumber=20933889 slot=10143614 blocks=933888 txs=148049109 mgas=14140625 bps=38.12 tps=6192 mgps=576.1 avgBps=34.38 avgTps=5449 avgMGps=520.5 elapsed=7h32m46s
Jul 29 00:48:06 nimbus-eth1-mainnet-short-benchmark[3949694]: INF 2026-07-29 00:48:06.493+00:00 Imported blocks                            blockNumber=20942081 slot=10151840 blocks=942080 txs=149397364 mgas=14264352 bps=39.42 tps=6487 mgps=595.3 avgBps=34.41 avgTps=5457 avgMGps=521.1 elapsed=7h36m14s
Jul 29 00:51:38 nimbus-eth1-mainnet-short-benchmark[3949694]: INF 2026-07-29 00:51:38.506+00:00 Imported blocks                            blockNumber=20950273 slot=10160098 blocks=950272 txs=150765507 mgas=14388237 bps=38.64 tps=6453 mgps=584.3 avgBps=34.45 avgTps=5465 avgMGps=521.6 elapsed=7h39m46s
Jul 29 00:55:25 nimbus-eth1-mainnet-short-benchmark[3949694]: INF 2026-07-29 00:55:25.755+00:00 Imported blocks                            blockNumber=20958465 slot=10168363 blocks=958464 txs=152044771 mgas=14511987 bps=36.05 tps=5629 mgps=544.6 avgBps=34.46 avgTps=5466 avgMGps=521.8 elapsed=7h43m33s
Jul 29 00:59:03 nimbus-eth1-mainnet-short-benchmark[3949694]: INF 2026-07-29 00:59:03.568+00:00 Imported blocks                            blockNumber=20966657 slot=10176609 blocks=966656 txs=153365296 mgas=14635804 bps=37.61 tps=6062 mgps=568.5 avgBps=34.48 avgTps=5471 avgMGps=522.1 elapsed=7h47m11s
Jul 29 01:02:37 nimbus-eth1-mainnet-short-benchmark[3949694]: INF 2026-07-29 01:02:37.417+00:00 Imported blocks                            blockNumber=20974849 slot=10184849 blocks=974848 txs=154744917 mgas=14759580 bps=38.31 tps=6451 mgps=578.8 avgBps=34.51 avgTps=5478 avgMGps=522.6 elapsed=7h50m45s
Jul 29 01:06:21 nimbus-eth1-mainnet-short-benchmark[3949694]: INF 2026-07-29 01:06:21.269+00:00 Imported blocks                            blockNumber=20983041 slot=10193086 blocks=983040 txs=156055229 mgas=14883451 bps=36.60 tps=5853 mgps=553.4 avgBps=34.53 avgTps=5481 avgMGps=522.8 elapsed=7h54m29s
Jul 29 01:09:38 nimbus-eth1-mainnet-short-benchmark[3949694]: INF 2026-07-29 01:09:38.131+00:00 Imported blocks                            blockNumber=20991233 slot=10201319 blocks=991232 txs=157563202 mgas=15007557 bps=41.61 tps=7660 mgps=630.4 avgBps=34.58 avgTps=5496 avgMGps=523.5 elapsed=7h57m45s
Jul 29 01:13:23 nimbus-eth1-mainnet-short-benchmark[3949694]: INF 2026-07-29 01:13:23.619+00:00 Imported blocks                            blockNumber=20999425 slot=10209549 blocks=999424 txs=159003277 mgas=15131383 bps=36.33 tps=6386 mgps=549.1 avgBps=34.59 avgTps=5503 avgMGps=523.7 elapsed=8h1m31s
Jul 29 01:13:39 nimbus-eth1-mainnet-short-benchmark[3949694]: INF 2026-07-29 01:13:39.991+00:00 Imported blocks                            blockNumber=21000001 slot=10210128 blocks=1000000 txs=159109486 mgas=15140191 bps=35.18 tps=6487 mgps=537.9 avgBps=34.59 avgTps=5504 avgMGps=523.7 elapsed=8h1m47s
Jul 29 01:13:39 nimbus-eth1-mainnet-short-benchmark[3949694]: NTC 2026-07-29 01:13:39.991+00:00 Import complete                            blockNumber=21000001 slot=10210128 blocks=1000000 txs=159109486 mgas=15140191
Jul 29 01:13:40 nimbus-eth1-mainnet-short-benchmark[3925062]: <<< ending startNimbusWithImport (success)
Jul 29 01:13:40 nimbus-eth1-mainnet-short-benchmark[3925062]: >>> starting moveBenchmarkingFileToRepo
Jul 29 01:13:40 nimbus-eth1-mainnet-short-benchmark[3925062]: >>> copying debug-csv generated by nimbus to benchmarks repo
Jul 29 01:13:40 nimbus-eth1-mainnet-short-benchmark[3925062]: <<< ending moveBenchmarkingFileToRepo (success)
Jul 29 01:13:40 nimbus-eth1-mainnet-short-benchmark[3925062]: >>> starting generateBuildEnvironmentLogFile
Jul 29 01:13:49 nimbus-eth1-mainnet-short-benchmark[3925062]: <<< ending generateBuildEnvironmentLogFile (success)
Jul 29 01:13:49 nimbus-eth1-mainnet-short-benchmark[3925062]: >>> starting generateSystemdServiceLogs
