Aug 31 22:10:44 nimbus-eth1-mainnet-short-benchmark[1598698]: >>> starting cloneOrFetchBenchmarksRepo
Aug 31 22:10:44 nimbus-eth1-mainnet-short-benchmark[1598698]: >>> Fetching latest changes for nimbus-eth1-benchmarks...
Aug 31 22:10:46 nimbus-eth1-mainnet-short-benchmark[1598745]: HEAD is now at 37a367b chore: update short benchmark Readme
Aug 31 22:10:46 nimbus-eth1-mainnet-short-benchmark[1598698]: <<< ending cloneOrFetchBenchmarksRepo (success)
Aug 31 22:10:46 nimbus-eth1-mainnet-short-benchmark[1598698]: >>> starting cloneOrFetchNimbusRepo
Aug 31 22:11:01 nimbus-eth1-mainnet-short-benchmark[1598698]: >>> Fetching latest changes for nimbus-eth1...
Aug 31 22:11:02 nimbus-eth1-mainnet-short-benchmark[1599112]: HEAD is now at 2c3baf53e Use multiGet to fetch branch keys in stateroot computation (#4709)
Aug 31 22:11:02 nimbus-eth1-mainnet-short-benchmark[1598698]: >>> Found last benchmarked commit: 3498b6a2
Aug 31 22:11:02 nimbus-eth1-mainnet-short-benchmark[1598698]: >>> Using next commit: 324928cdd0657e90d7122814f8afd3eacc87b557
Aug 31 22:11:02 nimbus-eth1-mainnet-short-benchmark[1599128]: HEAD is now at 324928cdd Snap sync provide snap2 (#4644)
Aug 31 22:11:02 nimbus-eth1-mainnet-short-benchmark[1598698]: >>> Current commit: 324928cdd
Aug 31 22:11:02 nimbus-eth1-mainnet-short-benchmark[1598698]: <<< ending cloneOrFetchNimbusRepo (success)
Aug 31 22:11:02 nimbus-eth1-mainnet-short-benchmark[1598698]: >>> starting buildBinaries
Aug 31 22:11:02 nimbus-eth1-mainnet-short-benchmark[1598698]: >>> Building binaries for commit 324928cd...
Aug 31 22:11:04 nimbus-eth1-mainnet-short-benchmark[1600333]: Submodule path 'vendor/nim-lsquic': checked out 'c9acf6a37347b24ba158f53ff4851e68245950b7'
Aug 31 22:11:10 nimbus-eth1-mainnet-short-benchmark[1604615]: Building: Nim compiler
Aug 31 22:14:13 nimbus-eth1-mainnet-short-benchmark[1604615]: Building custom Nimble commit: 42ef70c2102a942c46f13eb76872326edd525cec
Aug 31 22:14:23 nimbus-eth1-mainnet-short-benchmark[1604615]: Building Nimble...
Aug 31 22:14:34 nimbus-eth1-mainnet-short-benchmark[1604615]: Replacing nimble binary...
Aug 31 22:14:41 nimbus-eth1-mainnet-short-benchmark[1620972]: cp: cannot stat '/data/status-im/nimbus-eth1/build/*': No such file or directory
Aug 31 22:14:41 nimbus-eth1-mainnet-short-benchmark[1620944]: ROCKSDB VERSION NOT FOUND
Aug 31 22:14:41 nimbus-eth1-mainnet-short-benchmark[1621099]: make[1]: Entering directory '/data/status-im/nimbus-eth1/vendor/nim-rocksdb/vendor/rocksdb'
Aug 31 22:14:41 nimbus-eth1-mainnet-short-benchmark[1621099]: $DEBUG_LEVEL is 0, $LIB_MODE is static
Aug 31 22:14:41 nimbus-eth1-mainnet-short-benchmark[1621099]: make[1]: Leaving directory '/data/status-im/nimbus-eth1/vendor/nim-rocksdb/vendor/rocksdb'
Aug 31 22:14:41 nimbus-eth1-mainnet-short-benchmark[1621542]: Cleaning up RocksDb build artifacts.
Aug 31 22:14:42 nimbus-eth1-mainnet-short-benchmark[1620977]: Building RocksDb static libraries.
Aug 31 22:17:54 nimbus-eth1-mainnet-short-benchmark[1625061]: Building: build/nimbus_execution_client
Aug 31 22:20:28 nimbus-eth1-mainnet-short-benchmark[1598698]: >>> renaming binaries to match commit they were built from
Aug 31 22:20:28 nimbus-eth1-mainnet-short-benchmark[1598698]: >>> creating a symbolic link to the latest version
Aug 31 22:20:28 nimbus-eth1-mainnet-short-benchmark[1598698]: >>> deleting copies that are older than N days
Aug 31 22:20:28 nimbus-eth1-mainnet-short-benchmark[1598698]: <<< ending buildBinaries (success)
Aug 31 22:20:28 nimbus-eth1-mainnet-short-benchmark[1598698]: >>> starting skipOrContinueBenchmark
Aug 31 22:20:28 nimbus-eth1-mainnet-short-benchmark[1598698]: <<< ending skipOrContinueBenchmark (success)
Aug 31 22:20:28 nimbus-eth1-mainnet-short-benchmark[1598698]: >>> starting copyTemplateDatabase
Aug 31 22:20:28 nimbus-eth1-mainnet-short-benchmark[1598698]: >>> Copying template db into nimbus data directory
Aug 31 22:23:40 nimbus-eth1-mainnet-short-benchmark[1598698]: >>> Template db copied
Aug 31 22:23:40 nimbus-eth1-mainnet-short-benchmark[1598698]: >>> making nimbus the owner of the copied files
Aug 31 22:23:40 nimbus-eth1-mainnet-short-benchmark[1598698]: <<< ending copyTemplateDatabase (success)
Aug 31 22:23:40 nimbus-eth1-mainnet-short-benchmark[1598698]: >>> starting startNimbusWithImport
Aug 31 22:23:40 nimbus-eth1-mainnet-short-benchmark[1630753]: INF 2026-08-31 22:23:40.862+00:00 Launching execution client                 version=v0.4.0-324928cd config="(configFile: none(InputFile), dataDirFlag: some(/data/status-im/nimbus-eth1/data/shared_mainnet_0), era1DirFlag: some(/data/era1), eraDirFlag: some(/data/era), ereDirFlag: none(OutDir), keyStoreDirFlag: none(OutDir), importKey: , trustedSetupFile: none(string), extraData: Nimbus/v0.4.0-324928cd, gasLimit: none(uint64), maxBlobs: none(byte), network: [mainnet], logLevel: INFO, logFormat: auto, metricsEnabled: false, metricsPort: 9093, metricsAddress: 127.0.0.1, bootstrapNodes: [], elBootstrapNodes: [], bootstrapFile: , elBootstrapFile: , staticPeers: [], staticPeersFile: , reconnectMaxRetry: 0, reconnectInterval: 15, listenAddress: ::, tcpPort: 30303, udpPortFlag: none(Port), maxPeersOpt: none(int), elMaxPeersOpt: none(int), nat: (hasExtIp: false, nat: NatAny), discv5: true, netKey: random, agentString: Nimbus/v0.4.0-324928cd/linux-amd64/Nim-2.2.10, numThreads: 0, persistBatchSize: 4, dynamicBatchSize: false, rocksdbMaxOpenFiles: 2048, rocksdbWriteBufferSize: 67108864, rocksdbRowCacheSize: 0, rocksdbBlockCacheSize: 2147483648, rocksdbBlockCacheType: hyperclock, rdbVtxCacheSize: 536870912, rdbKeyCacheSize: 1342177280, rdbBranchCacheSize: 1073741824, rdbPrintStats: false, rewriteDatadirId: true, aristoDbMaxSnapshots: 5, parallelStateRootComputation: false, parallelSenderRecovery: true, optimisticStatePrefetch: false, balStatePrefetch: false, balStatePrefetchWorkers: 0, balParallelExecution: false, balPruning: true, eagerStateRootCheck: false, deserializeFcState: true, statelessProvider: false, statelessWitnessValidation: false, cmd: import, maxBlocks: 1000000, chunkSize: 8192, csvStats: some("/data/host-benchmarks/short/5f8c9859a1fe4a2a83ef44bc0b3507b1/blocks-import-benchmark.csv"), validation: false, fullValidation: false, storeBodies: false, storeReceipts: false, storeSlotHashes: false)"
Aug 31 22:23:40 nimbus-eth1-mainnet-short-benchmark[1630753]: WRN 2026-08-31 22:23:40.866+00:00 Data directory has insecure permissions. Correcting them. data_dir=/data/status-im/nimbus-eth1/data/shared_mainnet_0 current_permissions=0755 required_permissions=0700
Aug 31 22:23:42 nimbus-eth1-mainnet-short-benchmark[1630753]: INF 2026-08-31 22:23:42.702+00:00 Taskpool started                           numThreads=16
Aug 31 22:23:42 nimbus-eth1-mainnet-short-benchmark[1630753]: INF 2026-08-31 22:23:42.858+00:00 Database initialized                       base="(0xd24fd73f794058a3807db926d8898c6481e902b7edb91ce0d479d6760f276183, 20000000)" finalized="(0xd24fd73f794058a3807db926d8898c6481e902b7edb91ce0d479d6760f276183, 20000000)" head="(0xd4e56740f876aef8c010b86a40d5f56745a118d0906a34e69aec8c0db1cb8fa3, 0)"
Aug 31 22:23:42 nimbus-eth1-mainnet-short-benchmark[1630753]: NTC 2026-08-31 22:23:42.858+00:00 Could not open ere database, falling back to era1/era import ereDir=/data/status-im/nimbus-eth1/data/shared_mainnet_0/ere networkName=mainnet error="No ere files found in /data/status-im/nimbus-eth1/data/shared_mainnet_0/ere"
Aug 31 22:23:42 nimbus-eth1-mainnet-short-benchmark[1630753]: NTC 2026-08-31 22:23:42.858+00:00 Importing era archive                      blockNumber=20000001 dataDir=/data/status-im/nimbus-eth1/data/shared_mainnet_0 eraDir=/data/era
Aug 31 22:23:45 nimbus-eth1-mainnet-short-benchmark[1630753]: NTC 2026-08-31 22:23:45.130+00:00 Matched block to slot number               blockNumber=20000001 slot=9204783
Aug 31 22:29:50 nimbus-eth1-mainnet-short-benchmark[1630753]: INF 2026-08-31 22:29:50.497+00:00 Imported blocks                            blockNumber=20008193 slot=9213020 blocks=8192 txs=1226966 mgas=124237 bps=22.28 tps=3337 mgps=337.9 avgBps=22.28 avgTps=3337 avgMGps=337.9 elapsed=6m7s643ms
Aug 31 22:35:17 nimbus-eth1-mainnet-short-benchmark[1630753]: INF 2026-08-31 22:35:17.536+00:00 Imported blocks                            blockNumber=20016385 slot=9221256 blocks=16384 txs=2540380 mgas=248071 bps=25.05 tps=4016 mgps=378.7 avgBps=23.59 avgTps=3656 avgMGps=357.1 elapsed=11m34s677ms
Aug 31 22:40:23 nimbus-eth1-mainnet-short-benchmark[1630753]: INF 2026-08-31 22:40:23.048+00:00 Imported blocks                            blockNumber=20024577 slot=9229485 blocks=24576 txs=3869398 mgas=372018 bps=26.81 tps=4350 mgps=405.7 avgBps=24.57 avgTps=3868 avgMGps=371.9 elapsed=16m40s190ms
Aug 31 22:44:57 nimbus-eth1-mainnet-short-benchmark[1630753]: INF 2026-08-31 22:44:57.724+00:00 Imported blocks                            blockNumber=20032769 slot=9237722 blocks=32768 txs=5222766 mgas=495797 bps=29.82 tps=4927 mgps=450.6 avgBps=25.70 avgTps=4096 avgMGps=388.9 elapsed=21m14s867ms
Aug 31 22:49:20 nimbus-eth1-mainnet-short-benchmark[1630753]: INF 2026-08-31 22:49:20.484+00:00 Imported blocks                            blockNumber=20040961 slot=9245957 blocks=40960 txs=6566802 mgas=619586 bps=31.18 tps=5115 mgps=471.1 avgBps=26.64 avgTps=4270 avgMGps=403.0 elapsed=25m37s624ms
Aug 31 22:54:04 nimbus-eth1-mainnet-short-benchmark[1630753]: INF 2026-08-31 22:54:04.048+00:00 Imported blocks                            blockNumber=20049153 slot=9254196 blocks=49152 txs=7904746 mgas=743522 bps=28.89 tps=4718 mgps=437.1 avgBps=26.99 avgTps=4340 avgMGps=408.3 elapsed=30m21s189ms
Aug 31 22:58:36 nimbus-eth1-mainnet-short-benchmark[1630753]: INF 2026-08-31 22:58:36.220+00:00 Imported blocks                            blockNumber=20057345 slot=9262435 blocks=57344 txs=9212009 mgas=867360 bps=30.10 tps=4803 mgps=455.0 avgBps=27.39 avgTps=4400 avgMGps=414.3 elapsed=34m53s361ms
Aug 31 23:02:50 nimbus-eth1-mainnet-short-benchmark[1630753]: INF 2026-08-31 23:02:50.437+00:00 Imported blocks                            blockNumber=20065537 slot=9270674 blocks=65536 txs=10559018 mgas=991371 bps=32.22 tps=5298 mgps=487.8 avgBps=27.92 avgTps=4497 avgMGps=422.3 elapsed=39m7s581ms
Aug 31 23:06:50 nimbus-eth1-mainnet-short-benchmark[1630753]: INF 2026-08-31 23:06:50.425+00:00 Imported blocks                            blockNumber=20073729 slot=9278910 blocks=73728 txs=11898676 mgas=1115111 bps=34.13 tps=5582 mgps=515.6 avgBps=28.49 avgTps=4598 avgMGps=430.9 elapsed=43m7s570ms
Aug 31 23:10:40 nimbus-eth1-mainnet-short-benchmark[1630753]: INF 2026-08-31 23:10:40.758+00:00 Imported blocks                            blockNumber=20081921 slot=9287152 blocks=81920 txs=13323263 mgas=1239150 bps=35.57 tps=6184 mgps=538.5 avgBps=29.07 avgTps=4728 avgMGps=439.7 elapsed=46m57s901ms
Aug 31 23:14:28 nimbus-eth1-mainnet-short-benchmark[1630753]: INF 2026-08-31 23:14:28.703+00:00 Imported blocks                            blockNumber=20090113 slot=9295408 blocks=90112 txs=14697082 mgas=1363113 bps=35.94 tps=6026 mgps=543.8 avgBps=29.59 avgTps=4825 avgMGps=447.5 elapsed=50m45s845ms
Aug 31 23:18:33 nimbus-eth1-mainnet-short-benchmark[1630753]: INF 2026-08-31 23:18:33.895+00:00 Imported blocks                            blockNumber=20098305 slot=9303658 blocks=98304 txs=16025683 mgas=1487146 bps=33.41 tps=5418 mgps=505.9 avgBps=29.87 avgTps=4869 avgMGps=451.9 elapsed=54m51s38ms
Aug 31 23:22:48 nimbus-eth1-mainnet-short-benchmark[1630753]: INF 2026-08-31 23:22:48.656+00:00 Imported blocks                            blockNumber=20106497 slot=9311895 blocks=106496 txs=17337157 mgas=1611066 bps=32.16 tps=5147 mgps=486.4 avgBps=30.03 avgTps=4889 avgMGps=454.4 elapsed=59m5s796ms
Aug 31 23:26:49 nimbus-eth1-mainnet-short-benchmark[1630753]: INF 2026-08-31 23:26:49.104+00:00 Imported blocks                            blockNumber=20114689 slot=9320146 blocks=114688 txs=18632097 mgas=1735123 bps=34.07 tps=5385 mgps=515.9 avgBps=30.29 avgTps=4920 avgMGps=458.3 elapsed=1h3m6s
Aug 31 23:30:36 nimbus-eth1-mainnet-short-benchmark[1630753]: INF 2026-08-31 23:30:36.625+00:00 Imported blocks                            blockNumber=20122881 slot=9328409 blocks=122880 txs=19937418 mgas=1859249 bps=36.01 tps=5737 mgps=545.6 avgBps=30.61 avgTps=4967 avgMGps=463.2 elapsed=1h6m53s
Aug 31 23:34:21 nimbus-eth1-mainnet-short-benchmark[1630753]: INF 2026-08-31 23:34:21.798+00:00 Imported blocks                            blockNumber=20131073 slot=9336660 blocks=131072 txs=21214129 mgas=1983500 bps=36.38 tps=5669 mgps=551.8 avgBps=30.92 avgTps=5004 avgMGps=467.9 elapsed=1h10m38s
Aug 31 23:38:03 nimbus-eth1-mainnet-short-benchmark[1630753]: INF 2026-08-31 23:38:03.575+00:00 Imported blocks                            blockNumber=20139265 slot=9344906 blocks=139264 txs=22579079 mgas=2107571 bps=36.94 tps=6154 mgps=559.4 avgBps=31.22 avgTps=5061 avgMGps=472.5 elapsed=1h14m20s
Aug 31 23:42:31 nimbus-eth1-mainnet-short-benchmark[1630753]: INF 2026-08-31 23:42:31.219+00:00 Imported blocks                            blockNumber=20147457 slot=9353153 blocks=147456 txs=24133322 mgas=2231686 bps=30.61 tps=5807 mgps=463.7 avgBps=31.19 avgTps=5103 avgMGps=472.0 elapsed=1h18m48s
Aug 31 23:46:48 nimbus-eth1-mainnet-short-benchmark[1630753]: INF 2026-08-31 23:46:48.692+00:00 Imported blocks                            blockNumber=20155649 slot=9361407 blocks=155648 txs=25424015 mgas=2356018 bps=31.82 tps=5013 mgps=482.9 avgBps=31.22 avgTps=5099 avgMGps=472.5 elapsed=1h23m5s
Aug 31 23:50:45 nimbus-eth1-mainnet-short-benchmark[1630753]: INF 2026-08-31 23:50:45.792+00:00 Imported blocks                            blockNumber=20163841 slot=9369652 blocks=163840 txs=26749549 mgas=2480207 bps=34.55 tps=5590 mgps=523.8 avgBps=31.37 avgTps=5121 avgMGps=474.9 elapsed=1h27m2s
Aug 31 23:54:35 nimbus-eth1-mainnet-short-benchmark[1630753]: INF 2026-08-31 23:54:35.873+00:00 Imported blocks                            blockNumber=20172033 slot=9377892 blocks=172032 txs=28105316 mgas=2604026 bps=35.60 tps=5892 mgps=538.2 avgBps=31.55 avgTps=5154 avgMGps=477.5 elapsed=1h30m53s
Aug 31 23:58:31 nimbus-eth1-mainnet-short-benchmark[1630753]: INF 2026-08-31 23:58:31.638+00:00 Imported blocks                            blockNumber=20180225 slot=9386128 blocks=180224 txs=29524405 mgas=2728170 bps=34.75 tps=6019 mgps=526.6 avgBps=31.68 avgTps=5189 avgMGps=479.6 elapsed=1h34m48s
Sep 01 00:02:09 nimbus-eth1-mainnet-short-benchmark[1630753]: INF 2026-09-01 00:02:09.579+00:00 Imported blocks                            blockNumber=20188417 slot=9394365 blocks=188416 txs=30849021 mgas=2852023 bps=37.59 tps=6077 mgps=568.3 avgBps=31.90 avgTps=5222 avgMGps=482.8 elapsed=1h38m26s
Sep 01 00:06:13 nimbus-eth1-mainnet-short-benchmark[1630753]: INF 2026-09-01 00:06:13.187+00:00 Imported blocks                            blockNumber=20196609 slot=9402602 blocks=196608 txs=32174755 mgas=2976155 bps=33.63 tps=5442 mgps=509.6 avgBps=31.97 avgTps=5231 avgMGps=483.9 elapsed=1h42m30s
Sep 01 00:10:31 nimbus-eth1-mainnet-short-benchmark[1630753]: INF 2026-09-01 00:10:31.340+00:00 Imported blocks                            blockNumber=20204801 slot=9410840 blocks=204800 txs=33475942 mgas=3100410 bps=31.73 tps=5040 mgps=481.3 avgBps=31.96 avgTps=5223 avgMGps=483.8 elapsed=1h46m48s
Sep 01 00:14:26 nimbus-eth1-mainnet-short-benchmark[1630753]: INF 2026-09-01 00:14:26.636+00:00 Imported blocks                            blockNumber=20212993 slot=9419071 blocks=212992 txs=34798508 mgas=3224370 bps=34.82 tps=5620 mgps=526.8 avgBps=32.06 avgTps=5237 avgMGps=485.3 elapsed=1h50m43s
Sep 01 00:18:16 nimbus-eth1-mainnet-short-benchmark[1630753]: INF 2026-09-01 00:18:16.189+00:00 Imported blocks                            blockNumber=20221185 slot=9427313 blocks=221184 txs=36114045 mgas=3348169 bps=35.69 tps=5730 mgps=539.3 avgBps=32.18 avgTps=5254 avgMGps=487.1 elapsed=1h54m33s
Sep 01 00:21:48 nimbus-eth1-mainnet-short-benchmark[1630753]: INF 2026-09-01 00:21:48.574+00:00 Imported blocks                            blockNumber=20229377 slot=9435549 blocks=229376 txs=37421794 mgas=3472031 bps=38.57 tps=6157 mgps=583.2 avgBps=32.37 avgTps=5281 avgMGps=490.0 elapsed=1h58m5s
Sep 01 00:25:29 nimbus-eth1-mainnet-short-benchmark[1630753]: INF 2026-09-01 00:25:29.519+00:00 Imported blocks                            blockNumber=20237569 slot=9443788 blocks=237568 txs=38842064 mgas=3596351 bps=37.08 tps=6428 mgps=562.7 avgBps=32.51 avgTps=5315 avgMGps=492.2 elapsed=2h1m46s
Sep 01 00:29:29 nimbus-eth1-mainnet-short-benchmark[1630753]: INF 2026-09-01 00:29:28.996+00:00 Imported blocks                            blockNumber=20245761 slot=9452021 blocks=245760 txs=40225739 mgas=3720100 bps=34.21 tps=5777 mgps=516.7 avgBps=32.57 avgTps=5330 avgMGps=493.0 elapsed=2h5m46s
Sep 01 00:33:45 nimbus-eth1-mainnet-short-benchmark[1630753]: INF 2026-09-01 00:33:45.580+00:00 Imported blocks                            blockNumber=20253953 slot=9460253 blocks=253952 txs=41454921 mgas=3844385 bps=31.93 tps=4790 mgps=484.4 avgBps=32.55 avgTps=5312 avgMGps=492.7 elapsed=2h10m2s
Sep 01 00:37:48 nimbus-eth1-mainnet-short-benchmark[1630753]: INF 2026-09-01 00:37:48.053+00:00 Imported blocks                            blockNumber=20262145 slot=9468495 blocks=262144 txs=42726051 mgas=3968623 bps=33.79 tps=5242 mgps=512.4 avgBps=32.58 avgTps=5310 avgMGps=493.3 elapsed=2h14m5s
Sep 01 00:41:33 nimbus-eth1-mainnet-short-benchmark[1630753]: INF 2026-09-01 00:41:33.857+00:00 Imported blocks                            blockNumber=20270337 slot=9476748 blocks=270336 txs=44050436 mgas=4092682 bps=36.28 tps=5865 mgps=549.4 avgBps=32.68 avgTps=5325 avgMGps=494.8 elapsed=2h17m51s
Sep 01 00:45:04 nimbus-eth1-mainnet-short-benchmark[1630753]: INF 2026-09-01 00:45:04.174+00:00 Imported blocks                            blockNumber=20278529 slot=9484981 blocks=278528 txs=45382368 mgas=4216487 bps=38.95 tps=6332 mgps=588.7 avgBps=32.84 avgTps=5350 avgMGps=497.1 elapsed=2h21m21s
Sep 01 00:48:39 nimbus-eth1-mainnet-short-benchmark[1630753]: INF 2026-09-01 00:48:39.215+00:00 Imported blocks                            blockNumber=20286721 slot=9493213 blocks=286720 txs=46733429 mgas=4340363 bps=38.10 tps=6282 mgps=576.1 avgBps=32.97 avgTps=5373 avgMGps=499.1 elapsed=2h24m56s
Sep 01 00:52:37 nimbus-eth1-mainnet-short-benchmark[1630753]: INF 2026-09-01 00:52:37.832+00:00 Imported blocks                            blockNumber=20294913 slot=9501453 blocks=294912 txs=48075887 mgas=4464376 bps=34.33 tps=5625 mgps=519.7 avgBps=33.01 avgTps=5380 avgMGps=499.7 elapsed=2h28m54s
Sep 01 00:56:29 nimbus-eth1-mainnet-short-benchmark[1630753]: INF 2026-09-01 00:56:29.137+00:00 Imported blocks                            blockNumber=20303105 slot=9509696 blocks=303104 txs=49379538 mgas=4588534 bps=35.42 tps=5636 mgps=536.8 avgBps=33.07 avgTps=5387 avgMGps=500.6 elapsed=2h32m46s
Sep 01 01:00:13 nimbus-eth1-mainnet-short-benchmark[1630753]: INF 2026-09-01 01:00:13.706+00:00 Imported blocks                            blockNumber=20311297 slot=9517922 blocks=311296 txs=50637672 mgas=4712596 bps=36.48 tps=5602 mgps=552.4 avgBps=33.15 avgTps=5392 avgMGps=501.8 elapsed=2h36m30s
Sep 01 01:03:49 nimbus-eth1-mainnet-short-benchmark[1630753]: INF 2026-09-01 01:03:49.975+00:00 Imported blocks                            blockNumber=20319489 slot=9526159 blocks=319488 txs=51981692 mgas=4836521 bps=37.88 tps=6214 mgps=573.0 avgBps=33.26 avgTps=5410 avgMGps=503.4 elapsed=2h40m7s
Sep 01 01:07:08 nimbus-eth1-mainnet-short-benchmark[1630753]: INF 2026-09-01 01:07:08.020+00:00 Imported blocks                            blockNumber=20327681 slot=9534381 blocks=327680 txs=53356123 mgas=4960245 bps=41.36 tps=6939 mgps=624.7 avgBps=33.42 avgTps=5441 avgMGps=505.9 elapsed=2h43m25s
Sep 01 01:10:24 nimbus-eth1-mainnet-short-benchmark[1630753]: INF 2026-09-01 01:10:24.005+00:00 Imported blocks                            blockNumber=20335873 slot=9542617 blocks=335872 txs=54719105 mgas=5084025 bps=41.80 tps=6954 mgps=631.6 avgBps=33.58 avgTps=5471 avgMGps=508.3 elapsed=2h46m41s
Sep 01 01:14:01 nimbus-eth1-mainnet-short-benchmark[1630753]: INF 2026-09-01 01:14:01.682+00:00 Imported blocks                            blockNumber=20344065 slot=9550841 blocks=344064 txs=56021853 mgas=5207843 bps=37.63 tps=5984 mgps=568.8 avgBps=33.67 avgTps=5482 avgMGps=509.6 elapsed=2h50m18s
Sep 01 01:18:08 nimbus-eth1-mainnet-short-benchmark[1630753]: INF 2026-09-01 01:18:08.187+00:00 Imported blocks                            blockNumber=20352257 slot=9559072 blocks=352256 txs=57290408 mgas=5332016 bps=33.23 tps=5146 mgps=503.7 avgBps=33.66 avgTps=5474 avgMGps=509.5 elapsed=2h54m25s
Sep 01 01:21:52 nimbus-eth1-mainnet-short-benchmark[1630753]: INF 2026-09-01 01:21:52.439+00:00 Imported blocks                            blockNumber=20360449 slot=9567308 blocks=360448 txs=58543463 mgas=5456201 bps=36.53 tps=5587 mgps=553.8 avgBps=33.72 avgTps=5476 avgMGps=510.4 elapsed=2h58m9s
Sep 01 01:25:28 nimbus-eth1-mainnet-short-benchmark[1630753]: INF 2026-09-01 01:25:28.252+00:00 Imported blocks                            blockNumber=20368641 slot=9575548 blocks=368640 txs=59874056 mgas=5580204 bps=37.96 tps=6165 mgps=574.6 avgBps=33.80 avgTps=5490 avgMGps=511.7 elapsed=3h1m45s
Sep 01 01:29:14 nimbus-eth1-mainnet-short-benchmark[1630753]: INF 2026-09-01 01:29:14.157+00:00 Imported blocks                            blockNumber=20376833 slot=9583774 blocks=376832 txs=61167066 mgas=5704396 bps=36.26 tps=5723 mgps=549.7 avgBps=33.85 avgTps=5495 avgMGps=512.5 elapsed=3h5m31s
Sep 01 01:32:54 nimbus-eth1-mainnet-short-benchmark[1630753]: INF 2026-09-01 01:32:54.898+00:00 Imported blocks                            blockNumber=20385025 slot=9592009 blocks=385024 txs=62480333 mgas=5828235 bps=37.11 tps=5949 mgps=561.0 avgBps=33.92 avgTps=5503 avgMGps=513.4 elapsed=3h9m12s
Sep 01 01:36:33 nimbus-eth1-mainnet-short-benchmark[1630753]: INF 2026-09-01 01:36:33.767+00:00 Imported blocks                            blockNumber=20393217 slot=9600248 blocks=393216 txs=63800597 mgas=5952136 bps=37.43 tps=6032 mgps=566.1 avgBps=33.98 avgTps=5513 avgMGps=514.4 elapsed=3h12m50s
Sep 01 01:40:04 nimbus-eth1-mainnet-short-benchmark[1630753]: INF 2026-09-01 01:40:04.172+00:00 Imported blocks                            blockNumber=20401409 slot=9608486 blocks=401408 txs=65021243 mgas=6076384 bps=38.93 tps=5801 mgps=590.5 avgBps=34.07 avgTps=5519 avgMGps=515.8 elapsed=3h16m21s
Sep 01 01:43:48 nimbus-eth1-mainnet-short-benchmark[1630753]: INF 2026-09-01 01:43:48.949+00:00 Imported blocks                            blockNumber=20409601 slot=9616707 blocks=409600 txs=66199016 mgas=6200666 bps=36.44 tps=5239 mgps=552.9 avgBps=34.12 avgTps=5513 avgMGps=516.5 elapsed=3h20m6s
Sep 01 01:47:24 nimbus-eth1-mainnet-short-benchmark[1630753]: INF 2026-09-01 01:47:24.622+00:00 Imported blocks                            blockNumber=20417793 slot=9624941 blocks=417792 txs=67453930 mgas=6324823 bps=37.98 tps=5818 mgps=575.7 avgBps=34.18 avgTps=5519 avgMGps=517.5 elapsed=3h23m41s
Sep 01 01:50:36 nimbus-eth1-mainnet-short-benchmark[1630753]: INF 2026-09-01 01:50:36.347+00:00 Imported blocks                            blockNumber=20425985 slot=9633187 blocks=425984 txs=68814904 mgas=6448778 bps=42.73 tps=7098 mgps=646.5 avgBps=34.32 avgTps=5543 avgMGps=519.5 elapsed=3h26m53s
Sep 01 01:53:46 nimbus-eth1-mainnet-short-benchmark[1630753]: INF 2026-09-01 01:53:46.728+00:00 Imported blocks                            blockNumber=20434177 slot=9641422 blocks=434176 txs=70124508 mgas=6572711 bps=43.03 tps=6878 mgps=651.0 avgBps=34.45 avgTps=5563 avgMGps=521.5 elapsed=3h30m3s
Sep 01 01:57:06 nimbus-eth1-mainnet-short-benchmark[1630753]: INF 2026-09-01 01:57:06.814+00:00 Imported blocks                            blockNumber=20442369 slot=9649657 blocks=442368 txs=71403576 mgas=6696451 bps=40.94 tps=6392 mgps=618.4 avgBps=34.55 avgTps=5576 avgMGps=523.0 elapsed=3h33m23s
Sep 01 02:00:47 nimbus-eth1-mainnet-short-benchmark[1630753]: INF 2026-09-01 02:00:47.235+00:00 Imported blocks                            blockNumber=20450561 slot=9657896 blocks=450560 txs=72659905 mgas=6820521 bps=37.17 tps=5699 mgps=562.9 avgBps=34.59 avgTps=5578 avgMGps=523.7 elapsed=3h37m4s
Sep 01 02:04:47 nimbus-eth1-mainnet-short-benchmark[1630753]: INF 2026-09-01 02:04:47.775+00:00 Imported blocks                            blockNumber=20458753 slot=9666114 blocks=458752 txs=73838533 mgas=6945116 bps=34.06 tps=4899 mgps=518.0 avgBps=34.58 avgTps=5566 avgMGps=523.6 elapsed=3h41m4s
Sep 01 02:08:24 nimbus-eth1-mainnet-short-benchmark[1630753]: INF 2026-09-01 02:08:24.128+00:00 Imported blocks                            blockNumber=20466945 slot=9674343 blocks=466944 txs=75124748 mgas=7068943 bps=37.86 tps=5945 mgps=572.3 avgBps=34.64 avgTps=5572 avgMGps=524.4 elapsed=3h44m41s
Sep 01 02:11:59 nimbus-eth1-mainnet-short-benchmark[1630753]: INF 2026-09-01 02:11:59.225+00:00 Imported blocks                            blockNumber=20475137 slot=9682575 blocks=475136 txs=76420106 mgas=7192870 bps=38.08 tps=6022 mgps=576.1 avgBps=34.69 avgTps=5579 avgMGps=525.2 elapsed=3h48m16s
Sep 01 02:15:24 nimbus-eth1-mainnet-short-benchmark[1630753]: INF 2026-09-01 02:15:24.874+00:00 Imported blocks                            blockNumber=20483329 slot=9690800 blocks=483328 txs=77675422 mgas=7316939 bps=39.83 tps=6104 mgps=603.3 avgBps=34.77 avgTps=5587 avgMGps=526.3 elapsed=3h51m42s
Sep 01 02:18:48 nimbus-eth1-mainnet-short-benchmark[1630753]: INF 2026-09-01 02:18:48.967+00:00 Imported blocks                            blockNumber=20491521 slot=9699019 blocks=491520 txs=78951232 mgas=7440784 bps=40.14 tps=6251 mgps=606.8 avgBps=34.84 avgTps=5596 avgMGps=527.5 elapsed=3h55m6s
Sep 01 02:22:29 nimbus-eth1-mainnet-short-benchmark[1630753]: INF 2026-09-01 02:22:29.412+00:00 Imported blocks                            blockNumber=20499713 slot=9707248 blocks=499712 txs=80189642 mgas=7564669 bps=37.16 tps=5617 mgps=562.0 avgBps=34.88 avgTps=5597 avgMGps=528.0 elapsed=3h58m46s
Sep 01 02:26:12 nimbus-eth1-mainnet-short-benchmark[1630753]: INF 2026-09-01 02:26:12.205+00:00 Imported blocks                            blockNumber=20507905 slot=9715488 blocks=507904 txs=81317763 mgas=7689208 bps=36.77 tps=5063 mgps=559.0 avgBps=34.91 avgTps=5589 avgMGps=528.5 elapsed=4h2m29s
Sep 01 02:29:30 nimbus-eth1-mainnet-short-benchmark[1630753]: INF 2026-09-01 02:29:30.406+00:00 Imported blocks                            blockNumber=20516097 slot=9723715 blocks=516096 txs=82520262 mgas=7813209 bps=41.33 tps=6067 mgps=625.6 avgBps=35.00 avgTps=5595 avgMGps=529.8 elapsed=4h5m47s
Sep 01 02:32:59 nimbus-eth1-mainnet-short-benchmark[1630753]: INF 2026-09-01 02:32:59.671+00:00 Imported blocks                            blockNumber=20524289 slot=9731945 blocks=524288 txs=83780075 mgas=7937233 bps=39.15 tps=6020 mgps=592.7 avgBps=35.05 avgTps=5601 avgMGps=530.7 elapsed=4h9m16s
Sep 01 02:36:34 nimbus-eth1-mainnet-short-benchmark[1630753]: INF 2026-09-01 02:36:34.024+00:00 Imported blocks                            blockNumber=20532481 slot=9740183 blocks=532480 txs=85263862 mgas=8061024 bps=38.22 tps=6922 mgps=577.5 avgBps=35.10 avgTps=5620 avgMGps=531.3 elapsed=4h12m51s
Sep 01 02:40:15 nimbus-eth1-mainnet-short-benchmark[1630753]: INF 2026-09-01 02:40:15.133+00:00 Imported blocks                            blockNumber=20540673 slot=9748418 blocks=540672 txs=86612143 mgas=8185090 bps=37.05 tps=6097 mgps=561.1 avgBps=35.13 avgTps=5626 avgMGps=531.8 elapsed=4h16m32s
Sep 01 02:44:01 nimbus-eth1-mainnet-short-benchmark[1630753]: INF 2026-09-01 02:44:01.966+00:00 Imported blocks                            blockNumber=20548865 slot=9756662 blocks=548864 txs=87802991 mgas=8309513 bps=36.11 tps=5249 mgps=548.5 avgBps=35.14 avgTps=5621 avgMGps=532.0 elapsed=4h20m19s
Sep 01 02:47:47 nimbus-eth1-mainnet-short-benchmark[1630753]: INF 2026-09-01 02:47:47.915+00:00 Imported blocks                            blockNumber=20557057 slot=9764892 blocks=557056 txs=88964987 mgas=8433956 bps=36.26 tps=5142 mgps=550.8 avgBps=35.16 avgTps=5614 avgMGps=532.3 elapsed=4h24m5s
Sep 01 02:51:21 nimbus-eth1-mainnet-short-benchmark[1630753]: INF 2026-09-01 02:51:21.916+00:00 Imported blocks                            blockNumber=20565249 slot=9773131 blocks=565248 txs=90186094 mgas=8558113 bps=38.28 tps=5706 mgps=580.2 avgBps=35.20 avgTps=5615 avgMGps=532.9 elapsed=4h27m39s
Sep 01 02:54:57 nimbus-eth1-mainnet-short-benchmark[1630753]: INF 2026-09-01 02:54:57.193+00:00 Imported blocks                            blockNumber=20573441 slot=9781369 blocks=573440 txs=91404654 mgas=8682228 bps=38.05 tps=5660 mgps=576.5 avgBps=35.24 avgTps=5616 avgMGps=533.5 elapsed=4h31m14s
Sep 01 02:58:28 nimbus-eth1-mainnet-short-benchmark[1630753]: INF 2026-09-01 02:58:28.038+00:00 Imported blocks                            blockNumber=20581633 slot=9789611 blocks=581632 txs=92628389 mgas=8806651 bps=38.85 tps=5804 mgps=590.1 avgBps=35.28 avgTps=5618 avgMGps=534.2 elapsed=4h34m45s
Sep 01 03:02:06 nimbus-eth1-mainnet-short-benchmark[1630753]: INF 2026-09-01 03:02:06.443+00:00 Imported blocks                            blockNumber=20589825 slot=9797855 blocks=589824 txs=93887208 mgas=8931023 bps=37.51 tps=5763 mgps=569.5 avgBps=35.31 avgTps=5620 avgMGps=534.7 elapsed=4h38m23s
Sep 01 03:05:48 nimbus-eth1-mainnet-short-benchmark[1630753]: INF 2026-09-01 03:05:48.636+00:00 Imported blocks                            blockNumber=20598017 slot=9806095 blocks=598016 txs=95163338 mgas=9055310 bps=36.87 tps=5743 mgps=559.4 avgBps=35.33 avgTps=5622 avgMGps=535.0 elapsed=4h42m5s
Sep 01 03:09:33 nimbus-eth1-mainnet-short-benchmark[1630753]: INF 2026-09-01 03:09:33.252+00:00 Imported blocks                            blockNumber=20606209 slot=9814347 blocks=606208 txs=96334664 mgas=9179976 bps=36.47 tps=5214 mgps=555.0 avgBps=35.35 avgTps=5617 avgMGps=535.3 elapsed=4h45m50s
Sep 01 03:13:06 nimbus-eth1-mainnet-short-benchmark[1630753]: INF 2026-09-01 03:13:06.037+00:00 Imported blocks                            blockNumber=20614401 slot=9822581 blocks=614400 txs=97573414 mgas=9304574 bps=38.50 tps=5821 mgps=585.6 avgBps=35.39 avgTps=5619 avgMGps=535.9 elapsed=4h49m23s
Sep 01 03:16:39 nimbus-eth1-mainnet-short-benchmark[1630753]: INF 2026-09-01 03:16:39.466+00:00 Imported blocks                            blockNumber=20622593 slot=9830821 blocks=622592 txs=98874772 mgas=9428835 bps=38.38 tps=6097 mgps=582.2 avgBps=35.42 avgTps=5625 avgMGps=536.4 elapsed=4h52m56s
Sep 01 03:20:05 nimbus-eth1-mainnet-short-benchmark[1630753]: INF 2026-09-01 03:20:05.104+00:00 Imported blocks                            blockNumber=20630785 slot=9839058 blocks=630784 txs=100178707 mgas=9553009 bps=39.84 tps=6341 mgps=603.9 avgBps=35.47 avgTps=5633 avgMGps=537.2 elapsed=4h56m22s
Sep 01 03:23:41 nimbus-eth1-mainnet-short-benchmark[1630753]: INF 2026-09-01 03:23:41.368+00:00 Imported blocks                            blockNumber=20638977 slot=9847313 blocks=638976 txs=101489116 mgas=9677171 bps=37.88 tps=6059 mgps=574.1 avgBps=35.50 avgTps=5638 avgMGps=537.7 elapsed=4h59m58s
Sep 01 03:27:13 nimbus-eth1-mainnet-short-benchmark[1630753]: INF 2026-09-01 03:27:13.422+00:00 Imported blocks                            blockNumber=20647169 slot=9855549 blocks=647168 txs=102730058 mgas=9801643 bps=38.63 tps=5852 mgps=587.0 avgBps=35.54 avgTps=5641 avgMGps=538.2 elapsed=5h3m30s
Sep 01 03:31:00 nimbus-eth1-mainnet-short-benchmark[1630753]: INF 2026-09-01 03:31:00.158+00:00 Imported blocks                            blockNumber=20655361 slot=9863778 blocks=655360 txs=103868002 mgas=9926541 bps=36.13 tps=5018 mgps=550.8 avgBps=35.55 avgTps=5633 avgMGps=538.4 elapsed=5h7m17s
Sep 01 03:34:29 nimbus-eth1-mainnet-short-benchmark[1630753]: INF 2026-09-01 03:34:29.019+00:00 Imported blocks                            blockNumber=20663553 slot=9872013 blocks=663552 txs=105112198 mgas=10051274 bps=39.22 tps=5957 mgps=597.2 avgBps=35.59 avgTps=5637 avgMGps=539.1 elapsed=5h10m46s
Sep 01 03:37:48 nimbus-eth1-mainnet-short-benchmark[1630753]: INF 2026-09-01 03:37:48.625+00:00 Imported blocks                            blockNumber=20671745 slot=9880241 blocks=671744 txs=106395904 mgas=10175177 bps=41.04 tps=6431 mgps=620.7 avgBps=35.64 avgTps=5645 avgMGps=539.9 elapsed=5h14m5s
Sep 01 03:41:11 nimbus-eth1-mainnet-short-benchmark[1630753]: INF 2026-09-01 03:41:11.346+00:00 Imported blocks                            blockNumber=20679937 slot=9888471 blocks=679936 txs=107674271 mgas=10299404 bps=40.41 tps=6306 mgps=612.8 avgBps=35.70 avgTps=5652 avgMGps=540.7 elapsed=5h17m28s
Sep 01 03:44:26 nimbus-eth1-mainnet-short-benchmark[1630753]: INF 2026-09-01 03:44:26.735+00:00 Imported blocks                            blockNumber=20688129 slot=9896698 blocks=688128 txs=108938536 mgas=10423298 bps=41.93 tps=6470 mgps=634.1 avgBps=35.76 avgTps=5660 avgMGps=541.6 elapsed=5h20m43s
Sep 01 03:47:54 nimbus-eth1-mainnet-short-benchmark[1630753]: INF 2026-09-01 03:47:54.700+00:00 Imported blocks                            blockNumber=20696321 slot=9904930 blocks=696320 txs=110235786 mgas=10547469 bps=39.39 tps=6237 mgps=597.1 avgBps=35.80 avgTps=5667 avgMGps=542.2 elapsed=5h24m11s
Sep 01 03:51:38 nimbus-eth1-mainnet-short-benchmark[1630753]: INF 2026-09-01 03:51:38.901+00:00 Imported blocks                            blockNumber=20704513 slot=9913154 blocks=704512 txs=111483759 mgas=10671677 bps=36.54 tps=5566 mgps=554.0 avgBps=35.81 avgTps=5665 avgMGps=542.4 elapsed=5h27m56s
Sep 01 03:55:09 nimbus-eth1-mainnet-short-benchmark[1630753]: INF 2026-09-01 03:55:09.646+00:00 Imported blocks                            blockNumber=20712705 slot=9921388 blocks=712704 txs=112764170 mgas=10795980 bps=38.87 tps=6075 mgps=589.8 avgBps=35.84 avgTps=5670 avgMGps=542.9 elapsed=5h31m26s
Sep 01 03:58:26 nimbus-eth1-mainnet-short-benchmark[1630753]: INF 2026-09-01 03:58:26.787+00:00 Imported blocks                            blockNumber=20720897 slot=9929633 blocks=720896 txs=114110517 mgas=10919926 bps=41.55 tps=6829 mgps=628.7 avgBps=35.89 avgTps=5681 avgMGps=543.7 elapsed=5h34m43s
Sep 01 04:01:51 nimbus-eth1-mainnet-short-benchmark[1630753]: INF 2026-09-01 04:01:51.604+00:00 Imported blocks                            blockNumber=20729089 slot=9937869 blocks=729088 txs=115449431 mgas=11043768 bps=40.00 tps=6537 mgps=604.6 avgBps=35.94 avgTps=5690 avgMGps=544.3 elapsed=5h38m8s
Sep 01 04:05:07 nimbus-eth1-mainnet-short-benchmark[1630753]: INF 2026-09-01 04:05:07.665+00:00 Imported blocks                            blockNumber=20737281 slot=9946108 blocks=737280 txs=116784468 mgas=11167784 bps=41.78 tps=6809 mgps=632.5 avgBps=35.99 avgTps=5701 avgMGps=545.2 elapsed=5h41m24s
Sep 01 04:08:32 nimbus-eth1-mainnet-short-benchmark[1630753]: INF 2026-09-01 04:08:32.803+00:00 Imported blocks                            blockNumber=20745473 slot=9954342 blocks=745472 txs=118101003 mgas=11291742 bps=39.94 tps=6417 mgps=604.3 avgBps=36.03 avgTps=5708 avgMGps=545.8 elapsed=5h44m49s
Sep 01 04:12:14 nimbus-eth1-mainnet-short-benchmark[1630753]: INF 2026-09-01 04:12:14.491+00:00 Imported blocks                            blockNumber=20753665 slot=9962581 blocks=753664 txs=119337525 mgas=11415859 bps=36.95 tps=5577 mgps=559.9 avgBps=36.04 avgTps=5706 avgMGps=545.9 elapsed=5h48m31s
Sep 01 04:15:45 nimbus-eth1-mainnet-short-benchmark[1630753]: INF 2026-09-01 04:15:45.492+00:00 Imported blocks                            blockNumber=20761857 slot=9970803 blocks=761856 txs=120564314 mgas=11540225 bps=38.82 tps=5813 mgps=589.4 avgBps=36.07 avgTps=5707 avgMGps=546.3 elapsed=5h52m2s
Sep 01 04:19:02 nimbus-eth1-mainnet-short-benchmark[1630753]: INF 2026-09-01 04:19:02.442+00:00 Imported blocks                            blockNumber=20770049 slot=9979058 blocks=770048 txs=121858083 mgas=11663918 bps=41.60 tps=6569 mgps=628.1 avgBps=36.12 avgTps=5715 avgMGps=547.1 elapsed=5h55m19s
Sep 01 04:22:11 nimbus-eth1-mainnet-short-benchmark[1630753]: INF 2026-09-01 04:22:11.055+00:00 Imported blocks                            blockNumber=20778241 slot=9987307 blocks=778240 txs=123161734 mgas=11787906 bps=43.43 tps=6911 mgps=657.4 avgBps=36.18 avgTps=5726 avgMGps=548.1 elapsed=5h58m28s
Sep 01 04:25:14 nimbus-eth1-mainnet-short-benchmark[1630753]: INF 2026-09-01 04:25:14.492+00:00 Imported blocks                            blockNumber=20786433 slot=9995542 blocks=786432 txs=124509456 mgas=11911612 bps=44.66 tps=7346 mgps=674.4 avgBps=36.26 avgTps=5739 avgMGps=549.1 elapsed=6h1m31s
Sep 01 04:28:23 nimbus-eth1-mainnet-short-benchmark[1630753]: INF 2026-09-01 04:28:23.714+00:00 Imported blocks                            blockNumber=20794625 slot=10003781 blocks=794624 txs=125848921 mgas=12035338 bps=43.29 tps=7078 mgps=653.9 avgBps=36.32 avgTps=5751 avgMGps=550.0 elapsed=6h4m40s
Sep 01 04:31:38 nimbus-eth1-mainnet-short-benchmark[1630753]: INF 2026-09-01 04:31:38.315+00:00 Imported blocks                            blockNumber=20802817 slot=10012028 blocks=802816 txs=127089868 mgas=12158989 bps=42.10 tps=6376 mgps=635.4 avgBps=36.37 avgTps=5757 avgMGps=550.8 elapsed=6h7m55s
Sep 01 04:35:00 nimbus-eth1-mainnet-short-benchmark[1630753]: INF 2026-09-01 04:35:00.220+00:00 Imported blocks                            blockNumber=20811009 slot=10020249 blocks=811008 txs=128299762 mgas=12282850 bps=40.57 tps=5992 mgps=613.5 avgBps=36.41 avgTps=5759 avgMGps=551.4 elapsed=6h11m17s
Sep 01 04:38:09 nimbus-eth1-mainnet-short-benchmark[1630753]: INF 2026-09-01 04:38:09.638+00:00 Imported blocks                            blockNumber=20819201 slot=10028481 blocks=819200 txs=129596319 mgas=12406594 bps=43.25 tps=6844 mgps=653.3 avgBps=36.46 avgTps=5768 avgMGps=552.2 elapsed=6h14m26s
Sep 01 04:41:17 nimbus-eth1-mainnet-short-benchmark[1630753]: INF 2026-09-01 04:41:17.455+00:00 Imported blocks                            blockNumber=20827393 slot=10036710 blocks=827392 txs=130916729 mgas=12530249 bps=43.62 tps=7030 mgps=658.4 avgBps=36.52 avgTps=5778 avgMGps=553.1 elapsed=6h17m34s
Sep 01 04:44:25 nimbus-eth1-mainnet-short-benchmark[1630753]: INF 2026-09-01 04:44:25.560+00:00 Imported blocks                            blockNumber=20835585 slot=10044938 blocks=835584 txs=132226625 mgas=12654070 bps=43.55 tps=6963 mgps=658.3 avgBps=36.58 avgTps=5788 avgMGps=554.0 elapsed=6h20m42s
Sep 01 04:47:48 nimbus-eth1-mainnet-short-benchmark[1630753]: INF 2026-09-01 04:47:48.073+00:00 Imported blocks                            blockNumber=20843777 slot=10053164 blocks=843776 txs=133604192 mgas=12777730 bps=40.45 tps=6802 mgps=610.6 avgBps=36.61 avgTps=5797 avgMGps=554.5 elapsed=6h24m5s
Sep 01 04:51:36 nimbus-eth1-mainnet-short-benchmark[1630753]: INF 2026-09-01 04:51:36.802+00:00 Imported blocks                            blockNumber=20851969 slot=10061391 blocks=851968 txs=134900706 mgas=12901664 bps=35.82 tps=5668 mgps=541.8 avgBps=36.61 avgTps=5796 avgMGps=554.3 elapsed=6h27m53s
Sep 01 04:55:11 nimbus-eth1-mainnet-short-benchmark[1630753]: INF 2026-09-01 04:55:11.483+00:00 Imported blocks                            blockNumber=20860161 slot=10069622 blocks=860160 txs=136168750 mgas=13025603 bps=38.16 tps=5906 mgps=577.3 avgBps=36.62 avgTps=5797 avgMGps=554.5 elapsed=6h31m28s
Sep 01 04:58:42 nimbus-eth1-mainnet-short-benchmark[1630753]: INF 2026-09-01 04:58:42.916+00:00 Imported blocks                            blockNumber=20868353 slot=10077838 blocks=868352 txs=137550724 mgas=13149742 bps=38.75 tps=6536 mgps=587.1 avgBps=36.64 avgTps=5803 avgMGps=554.8 elapsed=6h35m57ms
Sep 01 05:02:11 nimbus-eth1-mainnet-short-benchmark[1630753]: INF 2026-09-01 05:02:11.701+00:00 Imported blocks                            blockNumber=20876545 slot=10086066 blocks=876544 txs=138954673 mgas=13273457 bps=39.24 tps=6724 mgps=592.5 avgBps=36.66 avgTps=5811 avgMGps=555.2 elapsed=6h38m28s
Sep 01 05:05:35 nimbus-eth1-mainnet-short-benchmark[1630753]: INF 2026-09-01 05:05:35.238+00:00 Imported blocks                            blockNumber=20884737 slot=10094286 blocks=884736 txs=140256178 mgas=13397479 bps=40.25 tps=6394 mgps=609.3 avgBps=36.69 avgTps=5816 avgMGps=555.6 elapsed=6h41m52s
Sep 01 05:08:54 nimbus-eth1-mainnet-short-benchmark[1630753]: INF 2026-09-01 05:08:54.119+00:00 Imported blocks                            blockNumber=20892929 slot=10102512 blocks=892928 txs=141581868 mgas=13521575 bps=41.19 tps=6665 mgps=624.0 avgBps=36.73 avgTps=5823 avgMGps=556.2 elapsed=6h45m11s
Sep 01 05:12:13 nimbus-eth1-mainnet-short-benchmark[1630753]: INF 2026-09-01 05:12:13.165+00:00 Imported blocks                            blockNumber=20901121 slot=10110732 blocks=901120 txs=142875889 mgas=13645572 bps=41.16 tps=6501 mgps=622.9 avgBps=36.76 avgTps=5829 avgMGps=556.7 elapsed=6h48m30s
Sep 01 05:15:31 nimbus-eth1-mainnet-short-benchmark[1630753]: INF 2026-09-01 05:15:31.810+00:00 Imported blocks                            blockNumber=20909313 slot=10118953 blocks=909312 txs=144102308 mgas=13769390 bps=41.24 tps=6173 mgps=623.3 avgBps=36.80 avgTps=5831 avgMGps=557.3 elapsed=6h51m48s
Sep 01 05:18:45 nimbus-eth1-mainnet-short-benchmark[1630753]: INF 2026-09-01 05:18:45.503+00:00 Imported blocks                            blockNumber=20917505 slot=10127176 blocks=917504 txs=145406349 mgas=13893087 bps=42.29 tps=6732 mgps=638.6 avgBps=36.84 avgTps=5838 avgMGps=557.9 elapsed=6h55m2s
Sep 01 05:21:49 nimbus-eth1-mainnet-short-benchmark[1630753]: INF 2026-09-01 05:21:49.437+00:00 Imported blocks                            blockNumber=20925697 slot=10135394 blocks=925696 txs=146718394 mgas=14016820 bps=44.54 tps=7133 mgps=672.7 avgBps=36.90 avgTps=5848 avgMGps=558.7 elapsed=6h58m6s
Sep 01 05:25:08 nimbus-eth1-mainnet-short-benchmark[1630753]: INF 2026-09-01 05:25:08.310+00:00 Imported blocks                            blockNumber=20933889 slot=10143614 blocks=933888 txs=148049109 mgas=14140625 bps=41.19 tps=6691 mgps=622.5 avgBps=36.93 avgTps=5855 avgMGps=559.2 elapsed=7h1m25s
Sep 01 05:28:22 nimbus-eth1-mainnet-short-benchmark[1630753]: INF 2026-09-01 05:28:22.639+00:00 Imported blocks                            blockNumber=20942081 slot=10151840 blocks=942080 txs=149397364 mgas=14264352 bps=42.16 tps=6938 mgps=636.7 avgBps=36.97 avgTps=5863 avgMGps=559.8 elapsed=7h4m39s
Sep 01 05:31:39 nimbus-eth1-mainnet-short-benchmark[1630753]: INF 2026-09-01 05:31:39.540+00:00 Imported blocks                            blockNumber=20950273 slot=10160098 blocks=950272 txs=150765507 mgas=14388237 bps=41.60 tps=6948 mgps=629.2 avgBps=37.01 avgTps=5871 avgMGps=560.4 elapsed=7h7m56s
Sep 01 05:35:08 nimbus-eth1-mainnet-short-benchmark[1630753]: INF 2026-09-01 05:35:08.981+00:00 Imported blocks                            blockNumber=20958465 slot=10168363 blocks=958464 txs=152044771 mgas=14511987 bps=39.11 tps=6107 mgps=590.8 avgBps=37.03 avgTps=5873 avgMGps=560.6 elapsed=7h11m26s
Sep 01 05:38:30 nimbus-eth1-mainnet-short-benchmark[1630753]: INF 2026-09-01 05:38:30.230+00:00 Imported blocks                            blockNumber=20966657 slot=10176609 blocks=966656 txs=153365296 mgas=14635804 bps=40.71 tps=6561 mgps=615.2 avgBps=37.05 avgTps=5878 avgMGps=561.0 elapsed=7h14m47s
Sep 01 05:41:51 nimbus-eth1-mainnet-short-benchmark[1630753]: INF 2026-09-01 05:41:51.260+00:00 Imported blocks                            blockNumber=20974849 slot=10184849 blocks=974848 txs=154744917 mgas=14759580 bps=40.75 tps=6862 mgps=615.7 avgBps=37.08 avgTps=5886 avgMGps=561.4 elapsed=7h18m8s
Sep 01 05:45:18 nimbus-eth1-mainnet-short-benchmark[1630753]: INF 2026-09-01 05:45:18.713+00:00 Imported blocks                            blockNumber=20983041 slot=10193086 blocks=983040 txs=156055229 mgas=14883451 bps=39.49 tps=6316 mgps=597.1 avgBps=37.10 avgTps=5889 avgMGps=561.7 elapsed=7h21m35s
Sep 01 05:48:20 nimbus-eth1-mainnet-short-benchmark[1630753]: INF 2026-09-01 05:48:20.882+00:00 Imported blocks                            blockNumber=20991233 slot=10201319 blocks=991232 txs=157563202 mgas=15007557 bps=44.97 tps=8277 mgps=681.3 avgBps=37.16 avgTps=5906 avgMGps=562.5 elapsed=7h24m38s
Sep 01 05:51:50 nimbus-eth1-mainnet-short-benchmark[1630753]: INF 2026-09-01 05:51:50.995+00:00 Imported blocks                            blockNumber=20999425 slot=10209549 blocks=999424 txs=159003277 mgas=15131383 bps=38.99 tps=6853 mgps=589.3 avgBps=37.17 avgTps=5913 avgMGps=562.8 elapsed=7h28m8s
Sep 01 05:52:06 nimbus-eth1-mainnet-short-benchmark[1630753]: INF 2026-09-01 05:52:06.307+00:00 Imported blocks                            blockNumber=21000001 slot=10210128 blocks=1000000 txs=159109486 mgas=15140191 bps=37.61 tps=6935 mgps=575.1 avgBps=37.17 avgTps=5914 avgMGps=562.8 elapsed=7h28m23s
Sep 01 05:52:06 nimbus-eth1-mainnet-short-benchmark[1630753]: NTC 2026-09-01 05:52:06.307+00:00 Import complete                            blockNumber=21000001 slot=10210128 blocks=1000000 txs=159109486 mgas=15140191
Sep 01 05:52:07 nimbus-eth1-mainnet-short-benchmark[1598698]: <<< ending startNimbusWithImport (success)
Sep 01 05:52:07 nimbus-eth1-mainnet-short-benchmark[1598698]: >>> starting moveBenchmarkingFileToRepo
Sep 01 05:52:07 nimbus-eth1-mainnet-short-benchmark[1598698]: >>> copying debug-csv generated by nimbus to benchmarks repo
Sep 01 05:52:07 nimbus-eth1-mainnet-short-benchmark[1598698]: <<< ending moveBenchmarkingFileToRepo (success)
Sep 01 05:52:07 nimbus-eth1-mainnet-short-benchmark[1598698]: >>> starting generateBuildEnvironmentLogFile
Sep 01 05:52:16 nimbus-eth1-mainnet-short-benchmark[1598698]: <<< ending generateBuildEnvironmentLogFile (success)
Sep 01 05:52:16 nimbus-eth1-mainnet-short-benchmark[1598698]: >>> starting generateSystemdServiceLogs
