=== System Information Report ===
>>> Generated on: Sat Jul 25 06:14:13 AM UTC 2026
==========================
>>> CPU Architecture: x86_64
>>> CPU Byte Order: Little Endian
>>> CPU Cores: 16
>>> CPU Model: AMD Ryzen 7 PRO 8700GE w/ Radeon 780M Graphics
>>> CPU Cache Information:
L1d Cache: 256 KiB (8 instances)
L1i Cache: 256 KiB (8 instances)
L2 Cache: 8 MiB (8 instances)
L3 Cache: 16 MiB (1 instance)
>>> RAM Size: 61Gi
>>> Hard Disk Information:
/dev/md2 : 437G total, 199G free
/dev/md1 : 989M total, 690M free
/dev/nvme0n1p1 : 256M total, 256M free
/dev/nvme1n1 : 1.9T total, 482G free
==========================
=== Nimbus-ETH1 Benchmarking Report ===
>>> Total time spent in benchmarking (nanoseconds): 28674953696349
>>> Total time spent in benchmarking (human readable format): 7 hours 57 minutes 54 seconds
>>> Start block number is 20000001
>>> End block number is 21000001
==========================
=== Comparison of last two benchmarks ===
sort: write failed: 'standard output': Broken pipe
sort: write error
python /data/status-im/nimbus-eth1/scripts/block-import-stats.py /data/status-im/nimbus-eth1-benchmarks/short-benchmark/20260724T135206_babb9b65/blocks-import-benchmark.csv /data/status-im/nimbus-eth1-benchmarks/short-benchmark/20260724T220509_dab03825/blocks-import-benchmark.csv
blocks-import-benchmark.csv vs blocks-import-benchmark.csv
                      bps_x  bps_y     tps_x     tps_y   time_x   time_y   bpsd   tpsd   timed
block_number                                                                                  
(20000001, 20111112]  28.72  28.79  4,688.70  4,701.19  1h2m48s  1h2m38s  0.27%  0.27%  -0.26%
(20111112, 20222223]  32.47  32.52  5,311.48  5,319.49    59m2s   58m55s  0.17%  0.17%  -0.16%
(20222223, 20333334]  34.24  34.33  5,550.79  5,563.87    52m2s   51m54s  0.25%  0.25%  -0.25%
(20333334, 20444445]  35.91  36.06  5,657.11  5,680.89   53m26s   53m13s  0.41%  0.41%  -0.40%
(20444445, 20555556]  35.27  35.55  5,435.72  5,479.56   50m25s    50m1s  0.79%  0.79%  -0.78%
(20555556, 20666667]  35.43  35.65  5,351.59  5,383.65   53m58s   53m39s  0.61%  0.61%  -0.60%
(20666667, 20777778]  37.05  37.32  5,829.87  5,871.95   47m59s   47m38s  0.72%  0.72%  -0.71%
(20777778, 20888889]  38.22  38.35  6,131.83  6,151.17    50m9s    50m0s  0.31%  0.31%  -0.31%
(20888889, 21000001]  38.36  38.41  6,324.68  6,333.37   49m57s   49m53s  0.12%  0.12%  -0.12%

blocks: 991808, baseline: 7h59m49s, contender: 7h57m54s
Time (total): -1m54s, -0.40%

bpsd = blocks per sec diff (+), tpsd = txs per sec diff, timed = time to process diff (-)
+ = more is better, - = less is better
==========================
