=== System Information Report ===
>>> Generated on: Wed Aug 12 07:11:51 PM UTC 2026
==========================
>>> CPU Architecture: x86_64
>>> CPU Byte Order: Little Endian
>>> CPU Cores: 16
>>> CPU Model: AMD Ryzen 7 PRO 8700GE w/ Radeon 780M Graphics
>>> CPU Cache Information:
L1d Cache: 256 KiB (8 instances)
L1i Cache: 256 KiB (8 instances)
L2 Cache: 8 MiB (8 instances)
L3 Cache: 16 MiB (1 instance)
>>> RAM Size: 61Gi
>>> Hard Disk Information:
/dev/md2 : 437G total, 199G free
/dev/md1 : 989M total, 690M free
/dev/nvme0n1p1 : 256M total, 256M free
/dev/nvme1n1 : 1.9T total, 481G free
==========================
=== Nimbus-ETH1 Benchmarking Report ===
>>> Total time spent in benchmarking (nanoseconds): 28971914439555
>>> Total time spent in benchmarking (human readable format): 8 hours 2 minutes 51 seconds
>>> Start block number is 20000001
>>> End block number is 21000001
==========================
=== Comparison of last two benchmarks ===
sort: write failed: 'standard output': Broken pipe
sort: write error
sort: write failed: 'standard output': Broken pipe
sort: write error
python /data/status-im/nimbus-eth1/scripts/block-import-stats.py /data/status-im/nimbus-eth1-benchmarks/short-benchmark/20260812T024157_37744efc/blocks-import-benchmark.csv /data/status-im/nimbus-eth1-benchmarks/short-benchmark/20260812T105730_27534c4f/blocks-import-benchmark.csv
blocks-import-benchmark.csv vs blocks-import-benchmark.csv
                      bps_x  bps_y     tps_x     tps_y   time_x  time_y    bpsd    tpsd   timed
block_number                                                                                   
(20000001, 20111112]  28.71  28.61  4,688.22  4,671.68  1h2m47s  1h3m1s  -0.36%  -0.36%   0.36%
(20111112, 20222223]  32.25  32.19  5,275.53  5,265.14   59m26s  59m32s  -0.18%  -0.18%   0.18%
(20222223, 20333334]  33.88  33.91  5,492.02  5,496.85   52m35s  52m33s   0.07%   0.07%  -0.07%
(20333334, 20444445]  35.59  35.66  5,606.61  5,617.96   53m56s  53m51s   0.19%   0.19%  -0.19%
(20444445, 20555556]  35.16  35.07  5,418.13  5,405.14   50m35s  50m42s  -0.25%  -0.25%   0.25%
(20555556, 20666667]  35.32  35.14  5,334.36  5,307.29    54m9s  54m25s  -0.50%  -0.50%   0.51%
(20666667, 20777778]  36.92  36.84  5,809.99  5,797.46    48m9s  48m14s  -0.20%  -0.20%   0.20%
(20777778, 20888889]  38.10  38.05  6,111.50  6,103.55   50m20s  50m24s  -0.14%  -0.14%   0.14%
(20888889, 21000001]  38.13  38.22  6,287.35  6,301.88   50m12s   50m5s   0.24%   0.24%  -0.24%

blocks: 991808, baseline: 8h2m13s, contender: 8h2m51s
Time (total): 38s, 0.13%

bpsd = blocks per sec diff (+), tpsd = txs per sec diff, timed = time to process diff (-)
+ = more is better, - = less is better
==========================
