Jul 28 08:43:53 nimbus-eth1-mainnet-short-benchmark[3826659]: >>> starting cloneOrFetchBenchmarksRepo
Jul 28 08:43:53 nimbus-eth1-mainnet-short-benchmark[3826659]: >>> Fetching latest changes for nimbus-eth1-benchmarks...
Jul 28 08:43:55 nimbus-eth1-mainnet-short-benchmark[3826706]: HEAD is now at e10d66c chore: update short benchmark Readme
Jul 28 08:43:55 nimbus-eth1-mainnet-short-benchmark[3826659]: <<< ending cloneOrFetchBenchmarksRepo (success)
Jul 28 08:43:55 nimbus-eth1-mainnet-short-benchmark[3826659]: >>> starting cloneOrFetchNimbusRepo
Jul 28 08:44:03 nimbus-eth1-mainnet-short-benchmark[3826659]: >>> Fetching latest changes for nimbus-eth1...
Jul 28 08:44:04 nimbus-eth1-mainnet-short-benchmark[3827063]: From https://github.com/status-im/nimbus-eth1
Jul 28 08:44:04 nimbus-eth1-mainnet-short-benchmark[3827063]:    f5b8f9adf..6072ac642  master                  -> origin/master
Jul 28 08:44:04 nimbus-eth1-mainnet-short-benchmark[3827063]:    30fb0ba70..6b2d2399a  bls-pairing-multi-miller-loop -> origin/bls-pairing-multi-miller-loop
Jul 28 08:44:04 nimbus-eth1-mainnet-short-benchmark[3827063]:    9abc52848..5dfa3019b  bn256-ecadd-affine      -> origin/bn256-ecadd-affine
Jul 28 08:44:04 nimbus-eth1-mainnet-short-benchmark[3827063]:  + 2fa5500d9...63ad1eb73 fix-eth-enr-entry-encoding -> origin/fix-eth-enr-entry-encoding  (forced update)
Jul 28 08:44:04 nimbus-eth1-mainnet-short-benchmark[3827063]:  * [new branch]          keccak256-sha3-fastpath -> origin/keccak256-sha3-fastpath
Jul 28 08:44:04 nimbus-eth1-mainnet-short-benchmark[3827063]:  + eb57ab9e1...56074060c simulate-v1             -> origin/simulate-v1  (forced update)
Jul 28 08:44:04 nimbus-eth1-mainnet-short-benchmark[3827063]:    54f419d06..1c7ef83ec  wasm-deploy             -> origin/wasm-deploy
Jul 28 08:44:05 nimbus-eth1-mainnet-short-benchmark[3827063]: Fetching submodule vendor/nim-eth
Jul 28 08:44:05 nimbus-eth1-mainnet-short-benchmark[3827063]: From https://github.com/status-im/nim-eth
Jul 28 08:44:05 nimbus-eth1-mainnet-short-benchmark[3827063]:    f185c53..a7b34d3  master     -> origin/master
Jul 28 08:44:05 nimbus-eth1-mainnet-short-benchmark[3827096]: warning: unable to rmdir 'vendor/libtommath': Directory not empty
Jul 28 08:44:05 nimbus-eth1-mainnet-short-benchmark[3827096]: HEAD is now at 6072ac642 ecPairing precompile miller loop batching (#4564)
Jul 28 08:44:05 nimbus-eth1-mainnet-short-benchmark[3826659]: >>> Found last benchmarked commit: 0b73ec7c
Jul 28 08:44:05 nimbus-eth1-mainnet-short-benchmark[3826659]: >>> Using next commit: c6f84c77d20b944b8e1221c426f25242f238eabc
Jul 28 08:44:05 nimbus-eth1-mainnet-short-benchmark[3827106]: HEAD is now at c6f84c77d Bump nim-bearssl to fix broken nightly build (#4396)
Jul 28 08:44:05 nimbus-eth1-mainnet-short-benchmark[3826659]: >>> Current commit: c6f84c77d
Jul 28 08:44:05 nimbus-eth1-mainnet-short-benchmark[3826659]: <<< ending cloneOrFetchNimbusRepo (success)
Jul 28 08:44:05 nimbus-eth1-mainnet-short-benchmark[3826659]: >>> starting buildBinaries
Jul 28 08:44:05 nimbus-eth1-mainnet-short-benchmark[3826659]: >>> Building binaries for commit c6f84c77...
Jul 28 08:44:07 nimbus-eth1-mainnet-short-benchmark[3828241]: Submodule path 'vendor/nim-bearssl': checked out 'fd07c5ee4c06e46baeff1889a1307cd2a3aa7252'
Jul 28 08:44:13 nimbus-eth1-mainnet-short-benchmark[3832463]: Building: Nim compiler
Jul 28 08:46:06 nimbus-eth1-mainnet-short-benchmark[3832463]: Building custom Nimble commit: 42ef70c2102a942c46f13eb76872326edd525cec
Jul 28 08:46:17 nimbus-eth1-mainnet-short-benchmark[3832463]: Building Nimble...
Jul 28 08:46:27 nimbus-eth1-mainnet-short-benchmark[3832463]: Replacing nimble binary...
Jul 28 08:46:27 nimbus-eth1-mainnet-short-benchmark[3841387]: cp: cannot stat '/data/status-im/nimbus-eth1/build/*': No such file or directory
Jul 28 08:46:27 nimbus-eth1-mainnet-short-benchmark[3841348]: ROCKSDB VERSION NOT FOUND
Jul 28 08:46:27 nimbus-eth1-mainnet-short-benchmark[3841508]: make[1]: Entering directory '/data/status-im/nimbus-eth1/vendor/nim-rocksdb/vendor/rocksdb'
Jul 28 08:46:27 nimbus-eth1-mainnet-short-benchmark[3841508]: $DEBUG_LEVEL is 0, $LIB_MODE is static
Jul 28 08:46:28 nimbus-eth1-mainnet-short-benchmark[3841508]: make[1]: Leaving directory '/data/status-im/nimbus-eth1/vendor/nim-rocksdb/vendor/rocksdb'
Jul 28 08:46:28 nimbus-eth1-mainnet-short-benchmark[3841945]: Cleaning up RocksDb build artifacts.
Jul 28 08:46:28 nimbus-eth1-mainnet-short-benchmark[3841392]: Building RocksDb static libraries.
Jul 28 08:49:42 nimbus-eth1-mainnet-short-benchmark[3845483]: Building: build/nimbus_execution_client
Jul 28 08:52:07 nimbus-eth1-mainnet-short-benchmark[3826659]: >>> renaming binaries to match commit they were built from
Jul 28 08:52:07 nimbus-eth1-mainnet-short-benchmark[3826659]: >>> creating a symbolic link to the latest version
Jul 28 08:52:07 nimbus-eth1-mainnet-short-benchmark[3826659]: >>> deleting copies that are older than N days
Jul 28 08:52:07 nimbus-eth1-mainnet-short-benchmark[3826659]: <<< ending buildBinaries (success)
Jul 28 08:52:07 nimbus-eth1-mainnet-short-benchmark[3826659]: >>> starting skipOrContinueBenchmark
Jul 28 08:52:07 nimbus-eth1-mainnet-short-benchmark[3826659]: <<< ending skipOrContinueBenchmark (success)
Jul 28 08:52:07 nimbus-eth1-mainnet-short-benchmark[3826659]: >>> starting copyTemplateDatabase
Jul 28 08:52:07 nimbus-eth1-mainnet-short-benchmark[3826659]: >>> Copying template db into nimbus data directory
Jul 28 08:55:08 nimbus-eth1-mainnet-short-benchmark[3826659]: >>> Template db copied
Jul 28 08:55:08 nimbus-eth1-mainnet-short-benchmark[3826659]: >>> making nimbus the owner of the copied files
Jul 28 08:55:08 nimbus-eth1-mainnet-short-benchmark[3826659]: <<< ending copyTemplateDatabase (success)
Jul 28 08:55:08 nimbus-eth1-mainnet-short-benchmark[3826659]: >>> starting startNimbusWithImport
Jul 28 08:55:08 nimbus-eth1-mainnet-short-benchmark[3851280]: INF 2026-07-28 08:55:08.499+00:00 Launching execution client                 version=v0.3.1-c6f84c77 config="(configFile: none(InputFile), dataDirFlag: some(/data/status-im/nimbus-eth1/data/shared_mainnet_0), era1DirFlag: some(/data/era1), eraDirFlag: some(/data/era), ereDirFlag: none(OutDir), keyStoreDirFlag: none(OutDir), importKey: , trustedSetupFile: none(string), extraData: Nimbus/v0.3.1-c6f84c77, gasLimit: 60000000, maxBlobs: none(byte), network: [mainnet], customNetwork: none(NetworkParams), networkId: 1, networkParams: (config: ..., genesis: (nonce: 0x0000000000000042, timestamp: 0, extraData: [17, 187, 232, 219, 78, 52, 123, 78, 140, 147, 124, 28, 131, 112, 228, 181, 237, 51, 173, 179, 219, 105, 203, 219, 122, 56, 225, 229, 11, 27, 130, 250], gasLimit: 5000, difficulty: 17179869184, mixHash: 0x0000000000000000000000000000000000000000000000000000000000000000, coinbase: 0x0000000000000000000000000000000000000000, alloc: 8893, number: 0, gasUser: 0, parentHash: 0x0000000000000000000000000000000000000000000000000000000000000000, baseFeePerGas: none(), blobGasUsed: -1, excessBlobGas: -1, parentBeaconBlockRoot: none())), logLevel: INFO, logFormat: auto, metricsEnabled: false, metricsPort: 9093, metricsAddress: 127.0.0.1, bootstrapNodes: [], bootstrapFile: , staticPeers: [], staticPeersFile: , reconnectMaxRetry: 0, reconnectInterval: 15, listenAddress: ::, tcpPort: 30303, udpPortFlag: none(Port), maxPeers: 25, nat: (hasExtIp: false, nat: NatAny), discovery: [V4, V5], netKey: random, agentString: Nimbus/v0.3.1-c6f84c77/linux-amd64/Nim-2.2.10, numThreads: 0, persistBatchSize: 4, dynamicBatchSize: false, rocksdbMaxOpenFiles: 2048, rocksdbWriteBufferSize: 67108864, rocksdbRowCacheSize: 0, rocksdbBlockCacheSize: 2147483648, rocksdbBlockCacheType: hyperclock, rdbVtxCacheSize: 536870912, rdbKeyCacheSize: 1342177280, rdbBranchCacheSize: 1073741824, rdbPrintStats: false, rewriteDatadirId: true, aristoDbMaxSnapshots: 5, parallelStateRootComputation: false, optimisticStatePrefetch: false, balStatePrefetch: false, balStatePrefetchWorkers: 0, eagerStateRootCheck: false, deserializeFcState: true, statelessProviderEnabled: false, statelessWitnessValidation: false, cmd: import, maxBlocks: 1000000, chunkSize: 8192, csvStats: some("/data/host-benchmarks/short/8af3b12006db4b3ea537227c1b790979/blocks-import-benchmark.csv"), validation: false, fullValidation: false, storeBodies: false, storeReceipts: false, storeSlotHashes: false)"
Jul 28 08:55:08 nimbus-eth1-mainnet-short-benchmark[3851280]: WRN 2026-07-28 08:55:08.499+00:00 Data directory has insecure permissions. Correcting them. data_dir=/data/status-im/nimbus-eth1/data/shared_mainnet_0 current_permissions=0755 required_permissions=0700
Jul 28 08:55:10 nimbus-eth1-mainnet-short-benchmark[3851280]: INF 2026-07-28 08:55:10.415+00:00 Taskpool started                           numThreads=16
Jul 28 08:55:10 nimbus-eth1-mainnet-short-benchmark[3851280]: INF 2026-07-28 08:55:10.551+00:00 Writing data dir ID                        ID=0x0a036d6f6dfe59156bb6359f0243c93d5a421ed688de5aa85a62d15dca8dbd5c
Jul 28 08:55:10 nimbus-eth1-mainnet-short-benchmark[3851280]: INF 2026-07-28 08:55:10.571+00:00 Database initialized                       base="(0xd24fd73f794058a3807db926d8898c6481e902b7edb91ce0d479d6760f276183, 20000000)" finalized="(0xd24fd73f794058a3807db926d8898c6481e902b7edb91ce0d479d6760f276183, 20000000)" head="(0xd4e56740f876aef8c010b86a40d5f56745a118d0906a34e69aec8c0db1cb8fa3, 0)"
Jul 28 08:55:10 nimbus-eth1-mainnet-short-benchmark[3851280]: NTC 2026-07-28 08:55:10.571+00:00 Could not open ere database, falling back to era1/era import ereDir=/data/status-im/nimbus-eth1/data/shared_mainnet_0/ere networkName=mainnet error="No ere files found in /data/status-im/nimbus-eth1/data/shared_mainnet_0/ere"
Jul 28 08:55:10 nimbus-eth1-mainnet-short-benchmark[3851280]: NTC 2026-07-28 08:55:10.571+00:00 Importing era archive                      blockNumber=20000001 dataDir=/data/status-im/nimbus-eth1/data/shared_mainnet_0 eraDir=/data/era
Jul 28 08:55:12 nimbus-eth1-mainnet-short-benchmark[3851280]: NTC 2026-07-28 08:55:12.755+00:00 Matched block to slot number               blockNumber=20000001 slot=9204783
Jul 28 09:01:40 nimbus-eth1-mainnet-short-benchmark[3851280]: INF 2026-07-28 09:01:40.029+00:00 Imported blocks                            blockNumber=20008193 slot=9213020 blocks=8192 txs=1226966 mgas=124237 bps=21.03 tps=3150 mgps=319.0 avgBps=21.03 avgTps=3150 avgMGps=319.0 elapsed=6m29s456ms
Jul 28 09:07:26 nimbus-eth1-mainnet-short-benchmark[3851280]: INF 2026-07-28 09:07:26.805+00:00 Imported blocks                            blockNumber=20016385 slot=9221256 blocks=16384 txs=2540380 mgas=248071 bps=23.62 tps=3787 mgps=357.1 avgBps=22.25 avgTps=3450 avgMGps=336.9 elapsed=12m16s233ms
Jul 28 09:12:51 nimbus-eth1-mainnet-short-benchmark[3851280]: INF 2026-07-28 09:12:51.060+00:00 Imported blocks                            blockNumber=20024577 slot=9229485 blocks=24576 txs=3869398 mgas=372018 bps=25.26 tps=4098 mgps=382.3 avgBps=23.17 avgTps=3648 avgMGps=350.8 elapsed=17m40s488ms
Jul 28 09:17:44 nimbus-eth1-mainnet-short-benchmark[3851280]: INF 2026-07-28 09:17:44.368+00:00 Imported blocks                            blockNumber=20032769 slot=9237722 blocks=32768 txs=5222766 mgas=495797 bps=27.93 tps=4614 mgps=422.0 avgBps=24.20 avgTps=3857 avgMGps=366.2 elapsed=22m33s795ms
Jul 28 09:22:29 nimbus-eth1-mainnet-short-benchmark[3851280]: INF 2026-07-28 09:22:29.872+00:00 Imported blocks                            blockNumber=20040961 slot=9245957 blocks=40960 txs=6566802 mgas=619586 bps=28.69 tps=4707 mgps=433.6 avgBps=24.99 avgTps=4005 avgMGps=378.0 elapsed=27m19s300ms
Jul 28 09:27:33 nimbus-eth1-mainnet-short-benchmark[3851280]: INF 2026-07-28 09:27:33.391+00:00 Imported blocks                            blockNumber=20049153 slot=9254196 blocks=49152 txs=7904746 mgas=743522 bps=26.99 tps=4408 mgps=408.3 avgBps=25.30 avgTps=4068 avgMGps=382.7 elapsed=32m22s818ms
Jul 28 09:32:26 nimbus-eth1-mainnet-short-benchmark[3851280]: INF 2026-07-28 09:32:26.003+00:00 Imported blocks                            blockNumber=20057345 slot=9262435 blocks=57344 txs=9212009 mgas=867360 bps=28.00 tps=4467 mgps=423.2 avgBps=25.65 avgTps=4120 avgMGps=388.0 elapsed=37m15s432ms
Jul 28 09:36:59 nimbus-eth1-mainnet-short-benchmark[3851280]: INF 2026-07-28 09:36:59.299+00:00 Imported blocks                            blockNumber=20065537 slot=9270674 blocks=65536 txs=10559018 mgas=991371 bps=29.98 tps=4928 mgps=453.8 avgBps=26.12 avgTps=4208 avgMGps=395.2 elapsed=41m48s725ms
Jul 28 09:41:19 nimbus-eth1-mainnet-short-benchmark[3851280]: INF 2026-07-28 09:41:19.243+00:00 Imported blocks                            blockNumber=20073729 slot=9278910 blocks=73728 txs=11898676 mgas=1115111 bps=31.51 tps=5153 mgps=476.0 avgBps=26.63 avgTps=4297 avgMGps=402.8 elapsed=46m8s672ms
Jul 28 09:45:27 nimbus-eth1-mainnet-short-benchmark[3851280]: INF 2026-07-28 09:45:27.364+00:00 Imported blocks                            blockNumber=20081921 slot=9287152 blocks=81920 txs=13323263 mgas=1239150 bps=33.02 tps=5741 mgps=499.9 avgBps=27.15 avgTps=4416 avgMGps=410.8 elapsed=50m16s789ms
Jul 28 09:49:34 nimbus-eth1-mainnet-short-benchmark[3851280]: INF 2026-07-28 09:49:34.716+00:00 Imported blocks                            blockNumber=20090113 slot=9295408 blocks=90112 txs=14697082 mgas=1363113 bps=33.12 tps=5554 mgps=501.2 avgBps=27.61 avgTps=4502 avgMGps=417.6 elapsed=54m24s145ms
Jul 28 09:53:58 nimbus-eth1-mainnet-short-benchmark[3851280]: INF 2026-07-28 09:53:58.333+00:00 Imported blocks                            blockNumber=20098305 slot=9303658 blocks=98304 txs=16025683 mgas=1487146 bps=31.08 tps=5039 mgps=470.5 avgBps=27.87 avgTps=4542 avgMGps=421.6 elapsed=58m47s764ms
Jul 28 09:58:31 nimbus-eth1-mainnet-short-benchmark[3851280]: INF 2026-07-28 09:58:31.405+00:00 Imported blocks                            blockNumber=20106497 slot=9311895 blocks=106496 txs=17337157 mgas=1611066 bps=30.00 tps=4802 mgps=453.8 avgBps=28.02 avgTps=4561 avgMGps=423.9 elapsed=1h3m20s
Jul 28 10:02:50 nimbus-eth1-mainnet-short-benchmark[3851280]: INF 2026-07-28 10:02:50.193+00:00 Imported blocks                            blockNumber=20114689 slot=9320146 blocks=114688 txs=18632097 mgas=1735123 bps=31.66 tps=5003 mgps=479.4 avgBps=28.25 avgTps=4589 avgMGps=427.4 elapsed=1h7m39s
Jul 28 10:06:56 nimbus-eth1-mainnet-short-benchmark[3851280]: INF 2026-07-28 10:06:56.409+00:00 Imported blocks                            blockNumber=20122881 slot=9328409 blocks=122880 txs=19937418 mgas=1859249 bps=33.27 tps=5301 mgps=504.1 avgBps=28.54 avgTps=4630 avgMGps=431.8 elapsed=1h11m45s
Jul 28 10:11:00 nimbus-eth1-mainnet-short-benchmark[3851280]: INF 2026-07-28 10:11:00.706+00:00 Imported blocks                            blockNumber=20131073 slot=9336660 blocks=131072 txs=21214129 mgas=1983500 bps=33.53 tps=5226 mgps=508.6 avgBps=28.81 avgTps=4662 avgMGps=435.9 elapsed=1h15m50s
Jul 28 10:15:01 nimbus-eth1-mainnet-short-benchmark[3851280]: INF 2026-07-28 10:15:01.463+00:00 Imported blocks                            blockNumber=20139265 slot=9344906 blocks=139264 txs=22579079 mgas=2107571 bps=34.03 tps=5669 mgps=515.3 avgBps=29.07 avgTps=4712 avgMGps=439.9 elapsed=1h19m50s
Jul 28 10:19:45 nimbus-eth1-mainnet-short-benchmark[3851280]: INF 2026-07-28 10:19:45.090+00:00 Imported blocks                            blockNumber=20147457 slot=9353153 blocks=147456 txs=24133322 mgas=2231686 bps=28.88 tps=5479 mgps=437.6 avgBps=29.06 avgTps=4755 avgMGps=439.8 elapsed=1h24m34s
Jul 28 10:24:18 nimbus-eth1-mainnet-short-benchmark[3851280]: INF 2026-07-28 10:24:18.955+00:00 Imported blocks                            blockNumber=20155649 slot=9361407 blocks=155648 txs=25424015 mgas=2356018 bps=29.91 tps=4712 mgps=454.0 avgBps=29.10 avgTps=4753 avgMGps=440.5 elapsed=1h29m8s
Jul 28 10:28:32 nimbus-eth1-mainnet-short-benchmark[3851280]: INF 2026-07-28 10:28:32.139+00:00 Imported blocks                            blockNumber=20163841 slot=9369652 blocks=163840 txs=26749549 mgas=2480207 bps=32.36 tps=5235 mgps=490.5 avgBps=29.25 avgTps=4775 avgMGps=442.8 elapsed=1h33m21s
Jul 28 10:32:38 nimbus-eth1-mainnet-short-benchmark[3851280]: INF 2026-07-28 10:32:38.495+00:00 Imported blocks                            blockNumber=20172033 slot=9377892 blocks=172032 txs=28105316 mgas=2604026 bps=33.25 tps=5503 mgps=502.6 avgBps=29.42 avgTps=4806 avgMGps=445.3 elapsed=1h37m27s
Jul 28 10:36:52 nimbus-eth1-mainnet-short-benchmark[3851280]: INF 2026-07-28 10:36:52.960+00:00 Imported blocks                            blockNumber=20180225 slot=9386128 blocks=180224 txs=29524405 mgas=2728170 bps=32.19 tps=5576 mgps=487.9 avgBps=29.53 avgTps=4838 avgMGps=447.1 elapsed=1h41m42s
Jul 28 10:40:49 nimbus-eth1-mainnet-short-benchmark[3851280]: INF 2026-07-28 10:40:49.652+00:00 Imported blocks                            blockNumber=20188417 slot=9394365 blocks=188416 txs=30849021 mgas=2852023 bps=34.61 tps=5596 mgps=523.3 avgBps=29.72 avgTps=4866 avgMGps=449.9 elapsed=1h45m39s
Jul 28 10:45:09 nimbus-eth1-mainnet-short-benchmark[3851280]: INF 2026-07-28 10:45:09.057+00:00 Imported blocks                            blockNumber=20196609 slot=9402602 blocks=196608 txs=32174755 mgas=2976155 bps=31.58 tps=5110 mgps=478.5 avgBps=29.80 avgTps=4876 avgMGps=451.0 elapsed=1h49m58s
Jul 28 10:49:44 nimbus-eth1-mainnet-short-benchmark[3851280]: INF 2026-07-28 10:49:44.545+00:00 Imported blocks                            blockNumber=20204801 slot=9410840 blocks=204800 txs=33475942 mgas=3100410 bps=29.74 tps=4723 mgps=451.0 avgBps=29.79 avgTps=4869 avgMGps=451.0 elapsed=1h54m33s
Jul 28 10:53:57 nimbus-eth1-mainnet-short-benchmark[3851280]: INF 2026-07-28 10:53:57.185+00:00 Imported blocks                            blockNumber=20212993 slot=9419071 blocks=212992 txs=34798508 mgas=3224370 bps=32.43 tps=5234 mgps=490.7 avgBps=29.89 avgTps=4882 avgMGps=452.4 elapsed=1h58m46s
Jul 28 10:58:06 nimbus-eth1-mainnet-short-benchmark[3851280]: INF 2026-07-28 10:58:06.018+00:00 Imported blocks                            blockNumber=20221185 slot=9427313 blocks=221184 txs=36114045 mgas=3348169 bps=32.92 tps=5286 mgps=497.5 avgBps=29.99 avgTps=4896 avgMGps=454.0 elapsed=2h2m55s
Jul 28 11:01:52 nimbus-eth1-mainnet-short-benchmark[3851280]: INF 2026-07-28 11:01:52.974+00:00 Imported blocks                            blockNumber=20229377 slot=9435549 blocks=229376 txs=37421794 mgas=3472031 bps=36.09 tps=5762 mgps=545.7 avgBps=30.17 avgTps=4922 avgMGps=456.7 elapsed=2h6m42s
Jul 28 11:05:50 nimbus-eth1-mainnet-short-benchmark[3851280]: INF 2026-07-28 11:05:50.163+00:00 Imported blocks                            blockNumber=20237569 slot=9443788 blocks=237568 txs=38842064 mgas=3596351 bps=34.54 tps=5988 mgps=524.1 avgBps=30.30 avgTps=4954 avgMGps=458.7 elapsed=2h10m39s
Jul 28 11:10:06 nimbus-eth1-mainnet-short-benchmark[3851280]: INF 2026-07-28 11:10:06.295+00:00 Imported blocks                            blockNumber=20245761 slot=9452021 blocks=245760 txs=40225739 mgas=3720100 bps=31.98 tps=5402 mgps=483.1 avgBps=30.36 avgTps=4968 avgMGps=459.5 elapsed=2h14m55s
Jul 28 11:14:40 nimbus-eth1-mainnet-short-benchmark[3851280]: INF 2026-07-28 11:14:40.924+00:00 Imported blocks                            blockNumber=20253953 slot=9460253 blocks=253952 txs=41454921 mgas=3844385 bps=29.83 tps=4475 mgps=452.6 avgBps=30.34 avgTps=4952 avgMGps=459.3 elapsed=2h19m30s
Jul 28 11:19:00 nimbus-eth1-mainnet-short-benchmark[3851280]: INF 2026-07-28 11:19:00.100+00:00 Imported blocks                            blockNumber=20262145 slot=9468495 blocks=262144 txs=42726051 mgas=3968623 bps=31.61 tps=4904 mgps=479.4 avgBps=30.38 avgTps=4951 avgMGps=459.9 elapsed=2h23m49s
Jul 28 11:23:01 nimbus-eth1-mainnet-short-benchmark[3851280]: INF 2026-07-28 11:23:01.708+00:00 Imported blocks                            blockNumber=20270337 slot=9476748 blocks=270336 txs=44050436 mgas=4092682 bps=33.91 tps=5481 mgps=513.5 avgBps=30.47 avgTps=4965 avgMGps=461.3 elapsed=2h27m51s
Jul 28 11:26:47 nimbus-eth1-mainnet-short-benchmark[3851280]: INF 2026-07-28 11:26:47.773+00:00 Imported blocks                            blockNumber=20278529 slot=9484981 blocks=278528 txs=45382368 mgas=4216487 bps=36.24 tps=5891 mgps=547.7 avgBps=30.62 avgTps=4988 avgMGps=463.5 elapsed=2h31m37s
Jul 28 11:30:40 nimbus-eth1-mainnet-short-benchmark[3851280]: INF 2026-07-28 11:30:40.302+00:00 Imported blocks                            blockNumber=20286721 slot=9493213 blocks=286720 txs=46733429 mgas=4340363 bps=35.23 tps=5810 mgps=532.7 avgBps=30.73 avgTps=5009 avgMGps=465.2 elapsed=2h35m29s
Jul 28 11:34:53 nimbus-eth1-mainnet-short-benchmark[3851280]: INF 2026-07-28 11:34:53.614+00:00 Imported blocks                            blockNumber=20294913 slot=9501453 blocks=294912 txs=48075887 mgas=4464376 bps=32.34 tps=5299 mgps=489.6 avgBps=30.77 avgTps=5016 avgMGps=465.9 elapsed=2h39m43s
Jul 28 11:39:02 nimbus-eth1-mainnet-short-benchmark[3851280]: INF 2026-07-28 11:39:02.919+00:00 Imported blocks                            blockNumber=20303105 slot=9509696 blocks=303104 txs=49379538 mgas=4588534 bps=32.86 tps=5229 mgps=498.0 avgBps=30.83 avgTps=5022 avgMGps=466.7 elapsed=2h43m52s
Jul 28 11:43:06 nimbus-eth1-mainnet-short-benchmark[3851280]: INF 2026-07-28 11:43:06.583+00:00 Imported blocks                            blockNumber=20311297 slot=9517922 blocks=311296 txs=50637672 mgas=4712596 bps=33.62 tps=5163 mgps=509.2 avgBps=30.89 avgTps=5025 avgMGps=467.7 elapsed=2h47m56s
Jul 28 11:46:59 nimbus-eth1-mainnet-short-benchmark[3851280]: INF 2026-07-28 11:46:59.488+00:00 Imported blocks                            blockNumber=20319489 slot=9526159 blocks=319488 txs=51981692 mgas=4836521 bps=35.17 tps=5770 mgps=532.1 avgBps=30.99 avgTps=5042 avgMGps=469.2 elapsed=2h51m48s
Jul 28 11:50:34 nimbus-eth1-mainnet-short-benchmark[3851280]: INF 2026-07-28 11:50:34.337+00:00 Imported blocks                            blockNumber=20327681 slot=9534381 blocks=327680 txs=53356123 mgas=4960245 bps=38.13 tps=6397 mgps=575.9 avgBps=31.14 avgTps=5070 avgMGps=471.3 elapsed=2h55m23s
Jul 28 11:54:08 nimbus-eth1-mainnet-short-benchmark[3851280]: INF 2026-07-28 11:54:08.490+00:00 Imported blocks                            blockNumber=20335873 slot=9542617 blocks=335872 txs=54719105 mgas=5084025 bps=38.25 tps=6364 mgps=578.0 avgBps=31.28 avgTps=5095 avgMGps=473.5 elapsed=2h58m57s
Jul 28 11:58:00 nimbus-eth1-mainnet-short-benchmark[3851280]: INF 2026-07-28 11:58:00.803+00:00 Imported blocks                            blockNumber=20344065 slot=9550841 blocks=344064 txs=56021853 mgas=5207843 bps=35.26 tps=5607 mgps=533.0 avgBps=31.36 avgTps=5106 avgMGps=474.7 elapsed=3h2m50s
Jul 28 12:02:25 nimbus-eth1-mainnet-short-benchmark[3851280]: INF 2026-07-28 12:02:25.103+00:00 Imported blocks                            blockNumber=20352257 slot=9559072 blocks=352256 txs=57290408 mgas=5332016 bps=31.00 tps=4799 mgps=469.8 avgBps=31.35 avgTps=5099 avgMGps=474.6 elapsed=3h7m14s
Jul 28 12:06:27 nimbus-eth1-mainnet-short-benchmark[3851280]: INF 2026-07-28 12:06:27.535+00:00 Imported blocks                            blockNumber=20360449 slot=9567308 blocks=360448 txs=58543463 mgas=5456201 bps=33.79 tps=5168 mgps=512.2 avgBps=31.41 avgTps=5100 avgMGps=475.4 elapsed=3h11m16s
Jul 28 12:10:20 nimbus-eth1-mainnet-short-benchmark[3851280]: INF 2026-07-28 12:10:20.356+00:00 Imported blocks                            blockNumber=20368641 slot=9575548 blocks=368640 txs=59874056 mgas=5580204 bps=35.19 tps=5715 mgps=532.6 avgBps=31.48 avgTps=5113 avgMGps=476.5 elapsed=3h15m9s
Jul 28 12:14:24 nimbus-eth1-mainnet-short-benchmark[3851280]: INF 2026-07-28 12:14:24.137+00:00 Imported blocks                            blockNumber=20376833 slot=9583774 blocks=376832 txs=61167066 mgas=5704396 bps=33.60 tps=5303 mgps=509.4 avgBps=31.52 avgTps=5117 avgMGps=477.2 elapsed=3h19m13s
Jul 28 12:18:21 nimbus-eth1-mainnet-short-benchmark[3851280]: INF 2026-07-28 12:18:21.153+00:00 Imported blocks                            blockNumber=20385025 slot=9592009 blocks=385024 txs=62480333 mgas=5828235 bps=34.56 tps=5540 mgps=522.5 avgBps=31.58 avgTps=5125 avgMGps=478.1 elapsed=3h23m10s
Jul 28 12:22:16 nimbus-eth1-mainnet-short-benchmark[3851280]: INF 2026-07-28 12:22:16.126+00:00 Imported blocks                            blockNumber=20393217 slot=9600248 blocks=393216 txs=63800597 mgas=5952136 bps=34.86 tps=5618 mgps=527.3 avgBps=31.65 avgTps=5134 avgMGps=479.0 elapsed=3h27m5s
Jul 28 12:26:03 nimbus-eth1-mainnet-short-benchmark[3851280]: INF 2026-07-28 12:26:03.299+00:00 Imported blocks                            blockNumber=20401409 slot=9608486 blocks=401408 txs=65021243 mgas=6076384 bps=36.06 tps=5373 mgps=546.9 avgBps=31.73 avgTps=5138 avgMGps=480.2 elapsed=3h30m52s
Jul 28 12:30:04 nimbus-eth1-mainnet-short-benchmark[3851280]: INF 2026-07-28 12:30:04.767+00:00 Imported blocks                            blockNumber=20409601 slot=9616707 blocks=409600 txs=66199016 mgas=6200666 bps=33.93 tps=4877 mgps=514.7 avgBps=31.77 avgTps=5134 avgMGps=480.9 elapsed=3h34m54s
Jul 28 12:33:59 nimbus-eth1-mainnet-short-benchmark[3851280]: INF 2026-07-28 12:33:59.620+00:00 Imported blocks                            blockNumber=20417793 slot=9624941 blocks=417792 txs=67453930 mgas=6324823 bps=34.88 tps=5343 mgps=528.7 avgBps=31.82 avgTps=5137 avgMGps=481.7 elapsed=3h38m49s
Jul 28 12:37:26 nimbus-eth1-mainnet-short-benchmark[3851280]: INF 2026-07-28 12:37:26.821+00:00 Imported blocks                            blockNumber=20425985 slot=9633187 blocks=425984 txs=68814904 mgas=6448778 bps=39.54 tps=6568 mgps=598.2 avgBps=31.94 avgTps=5159 avgMGps=483.6 elapsed=3h42m16s
Jul 28 12:40:54 nimbus-eth1-mainnet-short-benchmark[3851280]: INF 2026-07-28 12:40:54.482+00:00 Imported blocks                            blockNumber=20434177 slot=9641422 blocks=434176 txs=70124508 mgas=6572711 bps=39.45 tps=6306 mgps=596.8 avgBps=32.06 avgTps=5177 avgMGps=485.3 elapsed=3h45m43s
Jul 28 12:44:31 nimbus-eth1-mainnet-short-benchmark[3851280]: INF 2026-07-28 12:44:31.579+00:00 Imported blocks                            blockNumber=20442369 slot=9649657 blocks=442368 txs=71403576 mgas=6696451 bps=37.73 tps=5891 mgps=570.0 avgBps=32.15 avgTps=5188 avgMGps=486.6 elapsed=3h49m21s
Jul 28 12:48:32 nimbus-eth1-mainnet-short-benchmark[3851280]: INF 2026-07-28 12:48:32.323+00:00 Imported blocks                            blockNumber=20450561 slot=9657896 blocks=450560 txs=72659905 mgas=6820521 bps=34.03 tps=5218 mgps=515.4 avgBps=32.18 avgTps=5189 avgMGps=487.1 elapsed=3h53m21s
Jul 28 12:52:50 nimbus-eth1-mainnet-short-benchmark[3851280]: INF 2026-07-28 12:52:50.600+00:00 Imported blocks                            blockNumber=20458753 slot=9666114 blocks=458752 txs=73838533 mgas=6945116 bps=31.72 tps=4563 mgps=482.4 avgBps=32.17 avgTps=5178 avgMGps=487.0 elapsed=3h57m40s
Jul 28 12:56:45 nimbus-eth1-mainnet-short-benchmark[3851280]: INF 2026-07-28 12:56:45.008+00:00 Imported blocks                            blockNumber=20466945 slot=9674343 blocks=466944 txs=75124748 mgas=7068943 bps=34.95 tps=5486 mgps=528.2 avgBps=32.22 avgTps=5183 avgMGps=487.7 elapsed=4h1m34s
Jul 28 13:00:38 nimbus-eth1-mainnet-short-benchmark[3851280]: INF 2026-07-28 13:00:38.097+00:00 Imported blocks                            blockNumber=20475137 slot=9682575 blocks=475136 txs=76420106 mgas=7192870 bps=35.15 tps=5557 mgps=531.7 avgBps=32.26 avgTps=5188 avgMGps=488.4 elapsed=4h5m27s
Jul 28 13:04:21 nimbus-eth1-mainnet-short-benchmark[3851280]: INF 2026-07-28 13:04:21.730+00:00 Imported blocks                            blockNumber=20483329 slot=9690800 blocks=483328 txs=77675422 mgas=7316939 bps=36.63 tps=5613 mgps=554.8 avgBps=32.33 avgTps=5195 avgMGps=489.4 elapsed=4h9m11s
Jul 28 13:08:02 nimbus-eth1-mainnet-short-benchmark[3851280]: INF 2026-07-28 13:08:02.171+00:00 Imported blocks                            blockNumber=20491521 slot=9699019 blocks=491520 txs=78951232 mgas=7440784 bps=37.16 tps=5787 mgps=561.8 avgBps=32.40 avgTps=5203 avgMGps=490.4 elapsed=4h12m51s
Jul 28 13:11:59 nimbus-eth1-mainnet-short-benchmark[3851280]: INF 2026-07-28 13:11:59.051+00:00 Imported blocks                            blockNumber=20499713 slot=9707248 blocks=499712 txs=80189642 mgas=7564669 bps=34.58 tps=5228 mgps=523.0 avgBps=32.43 avgTps=5204 avgMGps=490.9 elapsed=4h16m48s
Jul 28 13:15:59 nimbus-eth1-mainnet-short-benchmark[3851280]: INF 2026-07-28 13:15:59.628+00:00 Imported blocks                            blockNumber=20507905 slot=9715488 blocks=507904 txs=81317763 mgas=7689208 bps=34.05 tps=4689 mgps=517.7 avgBps=32.46 avgTps=5196 avgMGps=491.4 elapsed=4h20m49s
Jul 28 13:19:36 nimbus-eth1-mainnet-short-benchmark[3851280]: INF 2026-07-28 13:19:36.197+00:00 Imported blocks                            blockNumber=20516097 slot=9723715 blocks=516096 txs=82520262 mgas=7813209 bps=37.83 tps=5552 mgps=572.6 avgBps=32.53 avgTps=5201 avgMGps=492.5 elapsed=4h24m25s
Jul 28 13:23:23 nimbus-eth1-mainnet-short-benchmark[3851280]: INF 2026-07-28 13:23:23.974+00:00 Imported blocks                            blockNumber=20524289 slot=9731945 blocks=524288 txs=83780075 mgas=7937233 bps=35.97 tps=5530 mgps=544.5 avgBps=32.58 avgTps=5205 avgMGps=493.2 elapsed=4h28m13s
Jul 28 13:27:12 nimbus-eth1-mainnet-short-benchmark[3851280]: INF 2026-07-28 13:27:12.910+00:00 Imported blocks                            blockNumber=20532481 slot=9740183 blocks=532480 txs=85263862 mgas=8061024 bps=35.78 tps=6481 mgps=540.7 avgBps=32.62 avgTps=5223 avgMGps=493.9 elapsed=4h32m2s
Jul 28 13:31:09 nimbus-eth1-mainnet-short-benchmark[3851280]: INF 2026-07-28 13:31:09.787+00:00 Imported blocks                            blockNumber=20540673 slot=9748418 blocks=540672 txs=86612143 mgas=8185090 bps=34.58 tps=5691 mgps=523.8 avgBps=32.65 avgTps=5230 avgMGps=494.3 elapsed=4h35m59s
Jul 28 13:35:14 nimbus-eth1-mainnet-short-benchmark[3851280]: INF 2026-07-28 13:35:14.568+00:00 Imported blocks                            blockNumber=20548865 slot=9756662 blocks=548864 txs=87802991 mgas=8309513 bps=33.47 tps=4865 mgps=508.3 avgBps=32.66 avgTps=5225 avgMGps=494.5 elapsed=4h40m3s
Jul 28 13:39:16 nimbus-eth1-mainnet-short-benchmark[3851280]: INF 2026-07-28 13:39:16.868+00:00 Imported blocks                            blockNumber=20557057 slot=9764892 blocks=557056 txs=88964987 mgas=8433956 bps=33.81 tps=4795 mgps=513.6 avgBps=32.68 avgTps=5219 avgMGps=494.8 elapsed=4h44m6s
Jul 28 13:43:07 nimbus-eth1-mainnet-short-benchmark[3851280]: INF 2026-07-28 13:43:07.217+00:00 Imported blocks                            blockNumber=20565249 slot=9773131 blocks=565248 txs=90186094 mgas=8558113 bps=35.56 tps=5301 mgps=539.0 avgBps=32.72 avgTps=5220 avgMGps=495.4 elapsed=4h47m56s
Jul 28 13:47:00 nimbus-eth1-mainnet-short-benchmark[3851280]: INF 2026-07-28 13:47:00.798+00:00 Imported blocks                            blockNumber=20573441 slot=9781369 blocks=573440 txs=91404654 mgas=8682228 bps=35.07 tps=5216 mgps=531.4 avgBps=32.75 avgTps=5220 avgMGps=495.8 elapsed=4h51m50s
Jul 28 13:50:49 nimbus-eth1-mainnet-short-benchmark[3851280]: INF 2026-07-28 13:50:49.814+00:00 Imported blocks                            blockNumber=20581633 slot=9789611 blocks=581632 txs=92628389 mgas=8806651 bps=35.77 tps=5343 mgps=543.3 avgBps=32.79 avgTps=5221 avgMGps=496.5 elapsed=4h55m39s
Jul 28 13:54:44 nimbus-eth1-mainnet-short-benchmark[3851280]: INF 2026-07-28 13:54:44.847+00:00 Imported blocks                            blockNumber=20589825 slot=9797855 blocks=589824 txs=93887208 mgas=8931023 bps=34.86 tps=5355 mgps=529.2 avgBps=32.81 avgTps=5223 avgMGps=496.9 elapsed=4h59m34s
Jul 28 13:58:42 nimbus-eth1-mainnet-short-benchmark[3851280]: INF 2026-07-28 13:58:42.580+00:00 Imported blocks                            blockNumber=20598017 slot=9806095 blocks=598016 txs=95163338 mgas=9055310 bps=34.46 tps=5367 mgps=522.8 avgBps=32.84 avgTps=5225 avgMGps=497.2 elapsed=5h3m32s
Jul 28 14:02:40 nimbus-eth1-mainnet-short-benchmark[3851280]: INF 2026-07-28 14:02:40.556+00:00 Imported blocks                            blockNumber=20606209 slot=9814347 blocks=606208 txs=96334664 mgas=9179976 bps=34.42 tps=4921 mgps=523.9 avgBps=32.86 avgTps=5221 avgMGps=497.6 elapsed=5h7m29s
Jul 28 14:06:29 nimbus-eth1-mainnet-short-benchmark[3851280]: INF 2026-07-28 14:06:29.561+00:00 Imported blocks                            blockNumber=20614401 slot=9822581 blocks=614400 txs=97573414 mgas=9304574 bps=35.77 tps=5409 mgps=544.1 avgBps=32.89 avgTps=5223 avgMGps=498.1 elapsed=5h11m18s
Jul 28 14:10:20 nimbus-eth1-mainnet-short-benchmark[3851280]: INF 2026-07-28 14:10:20.474+00:00 Imported blocks                            blockNumber=20622593 slot=9830821 blocks=622592 txs=98874772 mgas=9428835 bps=35.48 tps=5635 mgps=538.1 avgBps=32.92 avgTps=5228 avgMGps=498.6 elapsed=5h15m9s
Jul 28 14:14:04 nimbus-eth1-mainnet-short-benchmark[3851280]: INF 2026-07-28 14:14:04.491+00:00 Imported blocks                            blockNumber=20630785 slot=9839058 blocks=630784 txs=100178707 mgas=9553009 bps=36.57 tps=5820 mgps=554.3 avgBps=32.97 avgTps=5235 avgMGps=499.3 elapsed=5h18m53s
Jul 28 14:17:56 nimbus-eth1-mainnet-short-benchmark[3851280]: INF 2026-07-28 14:17:56.535+00:00 Imported blocks                            blockNumber=20638977 slot=9847313 blocks=638976 txs=101489116 mgas=9677171 bps=35.30 tps=5647 mgps=535.1 avgBps=32.99 avgTps=5240 avgMGps=499.7 elapsed=5h22m45s
Jul 28 14:21:47 nimbus-eth1-mainnet-short-benchmark[3851280]: INF 2026-07-28 14:21:47.264+00:00 Imported blocks                            blockNumber=20647169 slot=9855549 blocks=647168 txs=102730058 mgas=9801643 bps=35.50 tps=5378 mgps=539.5 avgBps=33.02 avgTps=5242 avgMGps=500.2 elapsed=5h26m36s
Jul 28 14:25:49 nimbus-eth1-mainnet-short-benchmark[3851280]: INF 2026-07-28 14:25:49.321+00:00 Imported blocks                            blockNumber=20655361 slot=9863778 blocks=655360 txs=103868002 mgas=9926541 bps=33.84 tps=4701 mgps=516.0 avgBps=33.03 avgTps=5235 avgMGps=500.4 elapsed=5h30m38s
Jul 28 14:29:35 nimbus-eth1-mainnet-short-benchmark[3851280]: INF 2026-07-28 14:29:35.257+00:00 Imported blocks                            blockNumber=20663553 slot=9872013 blocks=663552 txs=105112198 mgas=10051274 bps=36.26 tps=5506 mgps=552.1 avgBps=33.07 avgTps=5238 avgMGps=500.9 elapsed=5h34m24s
Jul 28 14:33:11 nimbus-eth1-mainnet-short-benchmark[3851280]: INF 2026-07-28 14:33:11.982+00:00 Imported blocks                            blockNumber=20671745 slot=9880241 blocks=671744 txs=106395904 mgas=10175177 bps=37.80 tps=5923 mgps=571.7 avgBps=33.12 avgTps=5245 avgMGps=501.7 elapsed=5h38m1s
Jul 28 14:36:53 nimbus-eth1-mainnet-short-benchmark[3851280]: INF 2026-07-28 14:36:53.879+00:00 Imported blocks                            blockNumber=20679937 slot=9888471 blocks=679936 txs=107674271 mgas=10299404 bps=36.92 tps=5761 mgps=559.8 avgBps=33.16 avgTps=5251 avgMGps=502.3 elapsed=5h41m43s
Jul 28 14:40:26 nimbus-eth1-mainnet-short-benchmark[3851280]: INF 2026-07-28 14:40:26.492+00:00 Imported blocks                            blockNumber=20688129 slot=9896698 blocks=688128 txs=108938536 mgas=10423298 bps=38.53 tps=5946 mgps=582.7 avgBps=33.22 avgTps=5258 avgMGps=503.2 elapsed=5h45m15s
Jul 28 14:44:11 nimbus-eth1-mainnet-short-benchmark[3851280]: INF 2026-07-28 14:44:11.869+00:00 Imported blocks                            blockNumber=20696321 slot=9904930 blocks=696320 txs=110235786 mgas=10547469 bps=36.35 tps=5755 mgps=550.9 avgBps=33.25 avgTps=5264 avgMGps=503.7 elapsed=5h49m1s
Jul 28 14:48:12 nimbus-eth1-mainnet-short-benchmark[3851280]: INF 2026-07-28 14:48:12.689+00:00 Imported blocks                            blockNumber=20704513 slot=9913154 blocks=704512 txs=111483759 mgas=10671677 bps=34.02 tps=5182 mgps=515.8 avgBps=33.26 avgTps=5263 avgMGps=503.8 elapsed=5h53m2s
Jul 28 14:51:59 nimbus-eth1-mainnet-short-benchmark[3851280]: INF 2026-07-28 14:51:59.246+00:00 Imported blocks                            blockNumber=20712705 slot=9921388 blocks=712704 txs=112764170 mgas=10795980 bps=36.16 tps=5651 mgps=548.7 avgBps=33.29 avgTps=5267 avgMGps=504.3 elapsed=5h56m48s
Jul 28 14:55:32 nimbus-eth1-mainnet-short-benchmark[3851280]: INF 2026-07-28 14:55:32.847+00:00 Imported blocks                            blockNumber=20720897 slot=9929633 blocks=720896 txs=114110517 mgas=10919926 bps=38.35 tps=6303 mgps=580.3 avgBps=33.34 avgTps=5277 avgMGps=505.0 elapsed=6h22s273ms
Jul 28 14:59:14 nimbus-eth1-mainnet-short-benchmark[3851280]: INF 2026-07-28 14:59:14.068+00:00 Imported blocks                            blockNumber=20729089 slot=9937869 blocks=729088 txs=115449431 mgas=11043768 bps=37.03 tps=6052 mgps=559.8 avgBps=33.38 avgTps=5285 avgMGps=505.6 elapsed=6h4m3s
Jul 28 15:02:47 nimbus-eth1-mainnet-short-benchmark[3851280]: INF 2026-07-28 15:02:47.377+00:00 Imported blocks                            blockNumber=20737281 slot=9946108 blocks=737280 txs=116784468 mgas=11167784 bps=38.40 tps=6258 mgps=581.4 avgBps=33.43 avgTps=5294 avgMGps=506.3 elapsed=6h7m36s
Jul 28 15:06:29 nimbus-eth1-mainnet-short-benchmark[3851280]: INF 2026-07-28 15:06:29.754+00:00 Imported blocks                            blockNumber=20745473 slot=9954342 blocks=745472 txs=118101003 mgas=11291742 bps=36.84 tps=5920 mgps=557.4 avgBps=33.46 avgTps=5300 avgMGps=506.8 elapsed=6h11m19s
Jul 28 15:10:28 nimbus-eth1-mainnet-short-benchmark[3851280]: INF 2026-07-28 15:10:28.706+00:00 Imported blocks                            blockNumber=20753665 slot=9962581 blocks=753664 txs=119337525 mgas=11415859 bps=34.28 tps=5174 mgps=519.4 avgBps=33.47 avgTps=5299 avgMGps=507.0 elapsed=6h15m18s
Jul 28 15:14:14 nimbus-eth1-mainnet-short-benchmark[3851280]: INF 2026-07-28 15:14:14.407+00:00 Imported blocks                            blockNumber=20761857 slot=9970803 blocks=761856 txs=120564314 mgas=11540225 bps=36.30 tps=5435 mgps=551.0 avgBps=33.50 avgTps=5300 avgMGps=507.4 elapsed=6h19m3s
Jul 28 15:17:49 nimbus-eth1-mainnet-short-benchmark[3851280]: INF 2026-07-28 15:17:49.056+00:00 Imported blocks                            blockNumber=20770049 slot=9979058 blocks=770048 txs=121858083 mgas=11663918 bps=38.16 tps=6027 mgps=576.3 avgBps=33.54 avgTps=5307 avgMGps=508.0 elapsed=6h22m38s
Jul 28 15:21:14 nimbus-eth1-mainnet-short-benchmark[3851280]: INF 2026-07-28 15:21:14.433+00:00 Imported blocks                            blockNumber=20778241 slot=9987307 blocks=778240 txs=123161734 mgas=11787906 bps=39.89 tps=6347 mgps=603.7 avgBps=33.60 avgTps=5316 avgMGps=508.9 elapsed=6h26m3s
Jul 28 15:24:35 nimbus-eth1-mainnet-short-benchmark[3851280]: INF 2026-07-28 15:24:35.226+00:00 Imported blocks                            blockNumber=20786433 slot=9995542 blocks=786432 txs=124509456 mgas=11911612 bps=40.80 tps=6712 mgps=616.1 avgBps=33.66 avgTps=5328 avgMGps=509.8 elapsed=6h29m24s
Jul 28 15:28:01 nimbus-eth1-mainnet-short-benchmark[3851280]: INF 2026-07-28 15:28:01.563+00:00 Imported blocks                            blockNumber=20794625 slot=10003781 blocks=794624 txs=125848921 mgas=12035338 bps=39.70 tps=6491 mgps=599.6 avgBps=33.71 avgTps=5339 avgMGps=510.6 elapsed=6h32m50s
Jul 28 15:31:32 nimbus-eth1-mainnet-short-benchmark[3851280]: INF 2026-07-28 15:31:32.816+00:00 Imported blocks                            blockNumber=20802817 slot=10012028 blocks=802816 txs=127089868 mgas=12158989 bps=38.78 tps=5874 mgps=585.3 avgBps=33.76 avgTps=5343 avgMGps=511.3 elapsed=6h36m22s
Jul 28 15:35:12 nimbus-eth1-mainnet-short-benchmark[3851280]: INF 2026-07-28 15:35:12.857+00:00 Imported blocks                            blockNumber=20811009 slot=10020249 blocks=811008 txs=128299762 mgas=12282850 bps=37.23 tps=5498 mgps=562.9 avgBps=33.79 avgTps=5345 avgMGps=511.7 elapsed=6h40m2s
Jul 28 15:38:37 nimbus-eth1-mainnet-short-benchmark[3851280]: INF 2026-07-28 15:38:37.590+00:00 Imported blocks                            blockNumber=20819201 slot=10028481 blocks=819200 txs=129596319 mgas=12406594 bps=40.01 tps=6332 mgps=604.4 avgBps=33.84 avgTps=5353 avgMGps=512.5 elapsed=6h43m27s
Jul 28 15:42:03 nimbus-eth1-mainnet-short-benchmark[3851280]: INF 2026-07-28 15:42:03.031+00:00 Imported blocks                            blockNumber=20827393 slot=10036710 blocks=827392 txs=130916729 mgas=12530249 bps=39.88 tps=6427 mgps=601.9 avgBps=33.89 avgTps=5362 avgMGps=513.3 elapsed=6h46m52s
Jul 28 15:45:28 nimbus-eth1-mainnet-short-benchmark[3851280]: INF 2026-07-28 15:45:28.364+00:00 Imported blocks                            blockNumber=20835585 slot=10044938 blocks=835584 txs=132226625 mgas=12654070 bps=39.90 tps=6379 mgps=603.0 avgBps=33.94 avgTps=5371 avgMGps=514.0 elapsed=6h50m17s
Jul 28 15:49:04 nimbus-eth1-mainnet-short-benchmark[3851280]: INF 2026-07-28 15:49:04.273+00:00 Imported blocks                            blockNumber=20843777 slot=10053164 blocks=843776 txs=133604192 mgas=12777730 bps=37.94 tps=6380 mgps=572.7 avgBps=33.98 avgTps=5379 avgMGps=514.5 elapsed=6h53m53s
Jul 28 15:53:05 nimbus-eth1-mainnet-short-benchmark[3851280]: INF 2026-07-28 15:53:05.442+00:00 Imported blocks                            blockNumber=20851969 slot=10061391 blocks=851968 txs=134900706 mgas=12901664 bps=33.97 tps=5375 mgps=513.9 avgBps=33.98 avgTps=5379 avgMGps=514.5 elapsed=6h57m54s
Jul 28 15:56:57 nimbus-eth1-mainnet-short-benchmark[3851280]: INF 2026-07-28 15:56:57.543+00:00 Imported blocks                            blockNumber=20860161 slot=10069622 blocks=860160 txs=136168750 mgas=13025603 bps=35.30 tps=5463 mgps=534.0 avgBps=33.99 avgTps=5380 avgMGps=514.7 elapsed=7h1m46s
Jul 28 16:00:45 nimbus-eth1-mainnet-short-benchmark[3851280]: INF 2026-07-28 16:00:45.799+00:00 Imported blocks                            blockNumber=20868353 slot=10077838 blocks=868352 txs=137550724 mgas=13149742 bps=35.89 tps=6054 mgps=543.9 avgBps=34.01 avgTps=5386 avgMGps=515.0 elapsed=7h5m35s
Jul 28 16:04:33 nimbus-eth1-mainnet-short-benchmark[3851280]: INF 2026-07-28 16:04:33.132+00:00 Imported blocks                            blockNumber=20876545 slot=10086066 blocks=876544 txs=138954673 mgas=13273457 bps=36.04 tps=6175 mgps=544.2 avgBps=34.02 avgTps=5393 avgMGps=515.2 elapsed=7h9m22s
Jul 28 16:08:14 nimbus-eth1-mainnet-short-benchmark[3851280]: INF 2026-07-28 16:08:14.365+00:00 Imported blocks                            blockNumber=20884737 slot=10094286 blocks=884736 txs=140256178 mgas=13397479 bps=37.03 tps=5882 mgps=560.6 avgBps=34.05 avgTps=5397 avgMGps=515.6 elapsed=7h13m3s
Jul 28 16:11:49 nimbus-eth1-mainnet-short-benchmark[3851280]: INF 2026-07-28 16:11:49.954+00:00 Imported blocks                            blockNumber=20892929 slot=10102512 blocks=892928 txs=141581868 mgas=13521575 bps=38.00 tps=6149 mgps=575.6 avgBps=34.08 avgTps=5404 avgMGps=516.1 elapsed=7h16m39s
Jul 28 16:15:26 nimbus-eth1-mainnet-short-benchmark[3851280]: INF 2026-07-28 16:15:26.471+00:00 Imported blocks                            blockNumber=20901121 slot=10110732 blocks=901120 txs=142875889 mgas=13645572 bps=37.84 tps=5976 mgps=572.7 avgBps=34.11 avgTps=5408 avgMGps=516.6 elapsed=7h20m15s
Jul 28 16:19:03 nimbus-eth1-mainnet-short-benchmark[3851280]: INF 2026-07-28 16:19:03.176+00:00 Imported blocks                            blockNumber=20909313 slot=10118953 blocks=909312 txs=144102308 mgas=13769390 bps=37.80 tps=5659 mgps=571.4 avgBps=34.14 avgTps=5410 avgMGps=517.0 elapsed=7h23m52s
Jul 28 16:22:34 nimbus-eth1-mainnet-short-benchmark[3851280]: INF 2026-07-28 16:22:34.601+00:00 Imported blocks                            blockNumber=20917505 slot=10127176 blocks=917504 txs=145406349 mgas=13893087 bps=38.75 tps=6167 mgps=585.1 avgBps=34.18 avgTps=5416 avgMGps=517.5 elapsed=7h27m24s
Jul 28 16:25:57 nimbus-eth1-mainnet-short-benchmark[3851280]: INF 2026-07-28 16:25:57.330+00:00 Imported blocks                            blockNumber=20925697 slot=10135394 blocks=925696 txs=146718394 mgas=14016820 bps=40.41 tps=6471 mgps=610.3 avgBps=34.23 avgTps=5424 avgMGps=518.2 elapsed=7h30m46s
Jul 28 16:29:32 nimbus-eth1-mainnet-short-benchmark[3851280]: INF 2026-07-28 16:29:32.903+00:00 Imported blocks                            blockNumber=20933889 slot=10143614 blocks=933888 txs=148049109 mgas=14140625 bps=38.00 tps=6172 mgps=574.3 avgBps=34.26 avgTps=5430 avgMGps=518.7 elapsed=7h34m22s
Jul 28 16:33:02 nimbus-eth1-mainnet-short-benchmark[3851280]: INF 2026-07-28 16:33:02.032+00:00 Imported blocks                            blockNumber=20942081 slot=10151840 blocks=942080 txs=149397364 mgas=14264352 bps=39.17 tps=6447 mgps=591.6 avgBps=34.29 avgTps=5438 avgMGps=519.2 elapsed=7h37m51s
Jul 28 16:36:35 nimbus-eth1-mainnet-short-benchmark[3851280]: INF 2026-07-28 16:36:35.805+00:00 Imported blocks                            blockNumber=20950273 slot=10160098 blocks=950272 txs=150765507 mgas=14388237 bps=38.32 tps=6399 mgps=579.5 avgBps=34.32 avgTps=5445 avgMGps=519.7 elapsed=7h41m25s
Jul 28 16:40:24 nimbus-eth1-mainnet-short-benchmark[3851280]: INF 2026-07-28 16:40:24.578+00:00 Imported blocks                            blockNumber=20958465 slot=10168363 blocks=958464 txs=152044771 mgas=14511987 bps=35.81 tps=5591 mgps=540.9 avgBps=34.34 avgTps=5446 avgMGps=519.9 elapsed=7h45m14s
Jul 28 16:44:03 nimbus-eth1-mainnet-short-benchmark[3851280]: INF 2026-07-28 16:44:03.938+00:00 Imported blocks                            blockNumber=20966657 slot=10176609 blocks=966656 txs=153365296 mgas=14635804 bps=37.34 tps=6019 mgps=564.4 avgBps=34.36 avgTps=5451 avgMGps=520.2 elapsed=7h48m53s
Jul 28 16:47:40 nimbus-eth1-mainnet-short-benchmark[3851280]: INF 2026-07-28 16:47:40.083+00:00 Imported blocks                            blockNumber=20974849 slot=10184849 blocks=974848 txs=154744917 mgas=14759580 bps=37.90 tps=6382 mgps=572.7 avgBps=34.39 avgTps=5458 avgMGps=520.6 elapsed=7h52m29s
Jul 28 16:51:22 nimbus-eth1-mainnet-short-benchmark[3851280]: INF 2026-07-28 16:51:22.060+00:00 Imported blocks                            blockNumber=20983041 slot=10193086 blocks=983040 txs=156055229 mgas=14883451 bps=36.91 tps=5902 mgps=558.0 avgBps=34.41 avgTps=5461 avgMGps=520.9 elapsed=7h56m11s
Jul 28 16:54:37 nimbus-eth1-mainnet-short-benchmark[3851280]: INF 2026-07-28 16:54:37.861+00:00 Imported blocks                            blockNumber=20991233 slot=10201319 blocks=991232 txs=157563202 mgas=15007557 bps=41.84 tps=7701 mgps=633.8 avgBps=34.46 avgTps=5477 avgMGps=521.7 elapsed=7h59m27s
Jul 28 16:58:24 nimbus-eth1-mainnet-short-benchmark[3851280]: INF 2026-07-28 16:58:24.190+00:00 Imported blocks                            blockNumber=20999425 slot=10209549 blocks=999424 txs=159003277 mgas=15131383 bps=36.20 tps=6362 mgps=547.1 avgBps=34.47 avgTps=5484 avgMGps=521.9 elapsed=8h3m13s
Jul 28 16:58:40 nimbus-eth1-mainnet-short-benchmark[3851280]: INF 2026-07-28 16:58:40.606+00:00 Imported blocks                            blockNumber=21000001 slot=10210128 blocks=1000000 txs=159109486 mgas=15140191 bps=35.09 tps=6470 mgps=536.5 avgBps=34.47 avgTps=5484 avgMGps=521.9 elapsed=8h3m30s
Jul 28 16:58:40 nimbus-eth1-mainnet-short-benchmark[3851280]: NTC 2026-07-28 16:58:40.606+00:00 Import complete                            blockNumber=21000001 slot=10210128 blocks=1000000 txs=159109486 mgas=15140191
Jul 28 16:58:41 nimbus-eth1-mainnet-short-benchmark[3826659]: <<< ending startNimbusWithImport (success)
Jul 28 16:58:41 nimbus-eth1-mainnet-short-benchmark[3826659]: >>> starting moveBenchmarkingFileToRepo
Jul 28 16:58:41 nimbus-eth1-mainnet-short-benchmark[3826659]: >>> copying debug-csv generated by nimbus to benchmarks repo
Jul 28 16:58:41 nimbus-eth1-mainnet-short-benchmark[3826659]: <<< ending moveBenchmarkingFileToRepo (success)
Jul 28 16:58:41 nimbus-eth1-mainnet-short-benchmark[3826659]: >>> starting generateBuildEnvironmentLogFile
Jul 28 16:58:50 nimbus-eth1-mainnet-short-benchmark[3826659]: <<< ending generateBuildEnvironmentLogFile (success)
Jul 28 16:58:50 nimbus-eth1-mainnet-short-benchmark[3826659]: >>> starting generateSystemdServiceLogs
