Aug 27 13:49:45 nimbus-eth1-mainnet-short-benchmark[218488]: >>> starting cloneOrFetchBenchmarksRepo
Aug 27 13:49:45 nimbus-eth1-mainnet-short-benchmark[218488]: >>> Fetching latest changes for nimbus-eth1-benchmarks...
Aug 27 13:49:47 nimbus-eth1-mainnet-short-benchmark[218537]: HEAD is now at d3f9e5d chore: update short benchmark Readme
Aug 27 13:49:47 nimbus-eth1-mainnet-short-benchmark[218488]: <<< ending cloneOrFetchBenchmarksRepo (success)
Aug 27 13:49:47 nimbus-eth1-mainnet-short-benchmark[218488]: >>> starting cloneOrFetchNimbusRepo
Aug 27 13:49:58 nimbus-eth1-mainnet-short-benchmark[218488]: >>> Fetching latest changes for nimbus-eth1...
Aug 27 13:49:59 nimbus-eth1-mainnet-short-benchmark[218891]: From https://github.com/status-im/nimbus-eth1
Aug 27 13:49:59 nimbus-eth1-mainnet-short-benchmark[218891]:  * [new branch]          dependabot/submodules/vendor/nim-chronicles-45c823b -> origin/dependabot/submodules/vendor/nim-chronicles-45c823b
Aug 27 13:49:59 nimbus-eth1-mainnet-short-benchmark[218891]:  * [new branch]          dependabot/submodules/vendor/nim-normalize-354594f -> origin/dependabot/submodules/vendor/nim-normalize-354594f
Aug 27 13:49:59 nimbus-eth1-mainnet-short-benchmark[218891]:  * [new branch]          dependabot/submodules/vendor/nim-serialization-b547356 -> origin/dependabot/submodules/vendor/nim-serialization-b547356
Aug 27 13:49:59 nimbus-eth1-mainnet-short-benchmark[218891]:  * [new branch]          dependabot/submodules/vendor/nim-unicodedb-b70aac1 -> origin/dependabot/submodules/vendor/nim-unicodedb-b70aac1
Aug 27 13:49:59 nimbus-eth1-mainnet-short-benchmark[218891]:    aec54798b..c4afe3972  wasm-deploy -> origin/wasm-deploy
Aug 27 13:49:59 nimbus-eth1-mainnet-short-benchmark[218891]: Fetching submodule vendor/nim-normalize
Aug 27 13:49:59 nimbus-eth1-mainnet-short-benchmark[218891]: From https://github.com/nitely/nim-normalize
Aug 27 13:49:59 nimbus-eth1-mainnet-short-benchmark[218891]:    1c51c44..354594f  master     -> origin/master
Aug 27 13:49:59 nimbus-eth1-mainnet-short-benchmark[218891]: Fetching submodule vendor/nim-serialization
Aug 27 13:50:00 nimbus-eth1-mainnet-short-benchmark[218891]: From https://github.com/status-im/nim-serialization
Aug 27 13:50:00 nimbus-eth1-mainnet-short-benchmark[218891]:    4092500..b547356  master      -> origin/master
Aug 27 13:50:00 nimbus-eth1-mainnet-short-benchmark[218891]:  * [new branch]      test-minver -> origin/test-minver
Aug 27 13:50:00 nimbus-eth1-mainnet-short-benchmark[218891]:  * [new tag]         v0.5.4      -> v0.5.4
Aug 27 13:50:00 nimbus-eth1-mainnet-short-benchmark[218891]: Fetching submodule vendor/nim-unicodedb
Aug 27 13:50:01 nimbus-eth1-mainnet-short-benchmark[218891]: From https://github.com/nitely/nim-unicodedb
Aug 27 13:50:01 nimbus-eth1-mainnet-short-benchmark[218891]:    66f2458..b70aac1  master     -> origin/master
Aug 27 13:50:01 nimbus-eth1-mainnet-short-benchmark[218891]:  * [new tag]         v0.14.1    -> v0.14.1
Aug 27 13:50:01 nimbus-eth1-mainnet-short-benchmark[218891]:  * [new tag]         v0.14.0    -> v0.14.0
Aug 27 13:50:01 nimbus-eth1-mainnet-short-benchmark[218935]: HEAD is now at 584cbcd2d build(deps): bump vendor/nim-boringssl from `c8d41fc` to `346429e` (#4678)
Aug 27 13:50:01 nimbus-eth1-mainnet-short-benchmark[218488]: >>> Found last benchmarked commit: 77288105
Aug 27 13:50:01 nimbus-eth1-mainnet-short-benchmark[218488]: >>> Using next commit: 199412761127a645be12df76a55ef99e161b85ae
Aug 27 13:50:01 nimbus-eth1-mainnet-short-benchmark[218951]: HEAD is now at 199412761 remove compaction from pruner (#4606)
Aug 27 13:50:01 nimbus-eth1-mainnet-short-benchmark[218488]: >>> Current commit: 199412761
Aug 27 13:50:01 nimbus-eth1-mainnet-short-benchmark[218488]: <<< ending cloneOrFetchNimbusRepo (success)
Aug 27 13:50:01 nimbus-eth1-mainnet-short-benchmark[218488]: >>> starting buildBinaries
Aug 27 13:50:01 nimbus-eth1-mainnet-short-benchmark[218488]: >>> Building binaries for commit 19941276...
Aug 27 13:50:09 nimbus-eth1-mainnet-short-benchmark[224441]: Building: Nim compiler
Aug 27 13:53:07 nimbus-eth1-mainnet-short-benchmark[224441]: Building custom Nimble commit: 42ef70c2102a942c46f13eb76872326edd525cec
Aug 27 13:53:16 nimbus-eth1-mainnet-short-benchmark[224441]: Building Nimble...
Aug 27 13:53:27 nimbus-eth1-mainnet-short-benchmark[224441]: Replacing nimble binary...
Aug 27 13:53:34 nimbus-eth1-mainnet-short-benchmark[240836]: cp: cannot stat '/data/status-im/nimbus-eth1/build/*': No such file or directory
Aug 27 13:53:34 nimbus-eth1-mainnet-short-benchmark[240814]: ROCKSDB VERSION NOT FOUND
Aug 27 13:53:34 nimbus-eth1-mainnet-short-benchmark[240962]: make[1]: Entering directory '/data/status-im/nimbus-eth1/vendor/nim-rocksdb/vendor/rocksdb'
Aug 27 13:53:34 nimbus-eth1-mainnet-short-benchmark[240962]: $DEBUG_LEVEL is 0, $LIB_MODE is static
Aug 27 13:53:34 nimbus-eth1-mainnet-short-benchmark[240962]: make[1]: Leaving directory '/data/status-im/nimbus-eth1/vendor/nim-rocksdb/vendor/rocksdb'
Aug 27 13:53:34 nimbus-eth1-mainnet-short-benchmark[241411]: Cleaning up RocksDb build artifacts.
Aug 27 13:53:35 nimbus-eth1-mainnet-short-benchmark[240840]: Building RocksDb static libraries.
Aug 27 13:56:48 nimbus-eth1-mainnet-short-benchmark[244956]: Building: build/nimbus_execution_client
Aug 27 13:59:21 nimbus-eth1-mainnet-short-benchmark[218488]: >>> renaming binaries to match commit they were built from
Aug 27 13:59:21 nimbus-eth1-mainnet-short-benchmark[218488]: >>> creating a symbolic link to the latest version
Aug 27 13:59:21 nimbus-eth1-mainnet-short-benchmark[218488]: >>> deleting copies that are older than N days
Aug 27 13:59:21 nimbus-eth1-mainnet-short-benchmark[218488]: <<< ending buildBinaries (success)
Aug 27 13:59:21 nimbus-eth1-mainnet-short-benchmark[218488]: >>> starting skipOrContinueBenchmark
Aug 27 13:59:21 nimbus-eth1-mainnet-short-benchmark[218488]: <<< ending skipOrContinueBenchmark (success)
Aug 27 13:59:21 nimbus-eth1-mainnet-short-benchmark[218488]: >>> starting copyTemplateDatabase
Aug 27 13:59:21 nimbus-eth1-mainnet-short-benchmark[218488]: >>> Copying template db into nimbus data directory
Aug 27 14:02:24 nimbus-eth1-mainnet-short-benchmark[218488]: >>> Template db copied
Aug 27 14:02:24 nimbus-eth1-mainnet-short-benchmark[218488]: >>> making nimbus the owner of the copied files
Aug 27 14:02:24 nimbus-eth1-mainnet-short-benchmark[218488]: <<< ending copyTemplateDatabase (success)
Aug 27 14:02:24 nimbus-eth1-mainnet-short-benchmark[218488]: >>> starting startNimbusWithImport
Aug 27 14:02:24 nimbus-eth1-mainnet-short-benchmark[250668]: INF 2026-08-27 14:02:24.588+00:00 Launching execution client                 version=v0.4.0-19941276 config="(configFile: none(InputFile), dataDirFlag: some(/data/status-im/nimbus-eth1/data/shared_mainnet_0), era1DirFlag: some(/data/era1), eraDirFlag: some(/data/era), ereDirFlag: none(OutDir), keyStoreDirFlag: none(OutDir), importKey: , trustedSetupFile: none(string), extraData: Nimbus/v0.4.0-19941276, gasLimit: none(uint64), maxBlobs: none(byte), network: [mainnet], logLevel: INFO, logFormat: auto, metricsEnabled: false, metricsPort: 9093, metricsAddress: 127.0.0.1, bootstrapNodes: [], elBootstrapNodes: [], bootstrapFile: , elBootstrapFile: , staticPeers: [], staticPeersFile: , reconnectMaxRetry: 0, reconnectInterval: 15, listenAddress: ::, tcpPort: 30303, udpPortFlag: none(Port), maxPeersOpt: none(int), elMaxPeersOpt: none(int), nat: (hasExtIp: false, nat: NatAny), discv5: true, netKey: random, agentString: Nimbus/v0.4.0-19941276/linux-amd64/Nim-2.2.10, numThreads: 0, persistBatchSize: 4, dynamicBatchSize: false, rocksdbMaxOpenFiles: 2048, rocksdbWriteBufferSize: 67108864, rocksdbRowCacheSize: 0, rocksdbBlockCacheSize: 2147483648, rocksdbBlockCacheType: hyperclock, rdbVtxCacheSize: 536870912, rdbKeyCacheSize: 1342177280, rdbBranchCacheSize: 1073741824, rdbPrintStats: false, rewriteDatadirId: true, aristoDbMaxSnapshots: 5, parallelStateRootComputation: false, parallelSenderRecovery: true, optimisticStatePrefetch: false, balStatePrefetch: false, balStatePrefetchWorkers: 0, balParallelExecution: false, eagerStateRootCheck: false, deserializeFcState: true, statelessProvider: false, statelessWitnessValidation: false, cmd: import, maxBlocks: 1000000, chunkSize: 8192, csvStats: some("/data/host-benchmarks/short/d4eacab458a24b04a42273ca46573aeb/blocks-import-benchmark.csv"), validation: false, fullValidation: false, storeBodies: false, storeReceipts: false, storeSlotHashes: false)"
Aug 27 14:02:24 nimbus-eth1-mainnet-short-benchmark[250668]: WRN 2026-08-27 14:02:24.592+00:00 Data directory has insecure permissions. Correcting them. data_dir=/data/status-im/nimbus-eth1/data/shared_mainnet_0 current_permissions=0755 required_permissions=0700
Aug 27 14:02:26 nimbus-eth1-mainnet-short-benchmark[250668]: INF 2026-08-27 14:02:26.428+00:00 Taskpool started                           numThreads=16
Aug 27 14:02:26 nimbus-eth1-mainnet-short-benchmark[250668]: INF 2026-08-27 14:02:26.544+00:00 Writing data dir ID                        ID=0x0a036d6f6dfe59156bb6359f0243c93d5a421ed688de5aa85a62d15dca8dbd5c
Aug 27 14:02:26 nimbus-eth1-mainnet-short-benchmark[250668]: INF 2026-08-27 14:02:26.564+00:00 Database initialized                       base="(0xd24fd73f794058a3807db926d8898c6481e902b7edb91ce0d479d6760f276183, 20000000)" finalized="(0xd24fd73f794058a3807db926d8898c6481e902b7edb91ce0d479d6760f276183, 20000000)" head="(0xd4e56740f876aef8c010b86a40d5f56745a118d0906a34e69aec8c0db1cb8fa3, 0)"
Aug 27 14:02:26 nimbus-eth1-mainnet-short-benchmark[250668]: NTC 2026-08-27 14:02:26.564+00:00 Could not open ere database, falling back to era1/era import ereDir=/data/status-im/nimbus-eth1/data/shared_mainnet_0/ere networkName=mainnet error="No ere files found in /data/status-im/nimbus-eth1/data/shared_mainnet_0/ere"
Aug 27 14:02:26 nimbus-eth1-mainnet-short-benchmark[250668]: NTC 2026-08-27 14:02:26.564+00:00 Importing era archive                      blockNumber=20000001 dataDir=/data/status-im/nimbus-eth1/data/shared_mainnet_0 eraDir=/data/era
Aug 27 14:02:28 nimbus-eth1-mainnet-short-benchmark[250668]: NTC 2026-08-27 14:02:28.792+00:00 Matched block to slot number               blockNumber=20000001 slot=9204783
Aug 27 14:08:41 nimbus-eth1-mainnet-short-benchmark[250668]: INF 2026-08-27 14:08:41.531+00:00 Imported blocks                            blockNumber=20008193 slot=9213020 blocks=8192 txs=1226966 mgas=124237 bps=21.85 tps=3272 mgps=331.3 avgBps=21.85 avgTps=3272 avgMGps=331.3 elapsed=6m14s962ms
Aug 27 14:14:16 nimbus-eth1-mainnet-short-benchmark[250668]: INF 2026-08-27 14:14:16.746+00:00 Imported blocks                            blockNumber=20016385 slot=9221256 blocks=16384 txs=2540380 mgas=248071 bps=24.44 tps=3918 mgps=369.4 avgBps=23.07 avgTps=3577 avgMGps=349.3 elapsed=11m50s181ms
Aug 27 14:19:33 nimbus-eth1-mainnet-short-benchmark[250668]: INF 2026-08-27 14:19:33.650+00:00 Imported blocks                            blockNumber=20024577 slot=9229485 blocks=24576 txs=3869398 mgas=372018 bps=25.85 tps=4193 mgps=391.1 avgBps=23.93 avgTps=3767 avgMGps=362.2 elapsed=17m7s84ms
Aug 27 14:24:20 nimbus-eth1-mainnet-short-benchmark[250668]: INF 2026-08-27 14:24:20.946+00:00 Imported blocks                            blockNumber=20032769 slot=9237722 blocks=32768 txs=5222766 mgas=495797 bps=28.51 tps=4710 mgps=430.8 avgBps=24.93 avgTps=3973 avgMGps=377.2 elapsed=21m54s379ms
Aug 27 14:28:58 nimbus-eth1-mainnet-short-benchmark[250668]: INF 2026-08-27 14:28:58.838+00:00 Imported blocks                            blockNumber=20040961 slot=9245957 blocks=40960 txs=6566802 mgas=619586 bps=29.48 tps=4836 mgps=445.5 avgBps=25.72 avgTps=4124 avgMGps=389.1 elapsed=26m32s272ms
Aug 27 14:33:55 nimbus-eth1-mainnet-short-benchmark[250668]: INF 2026-08-27 14:33:55.701+00:00 Imported blocks                            blockNumber=20049153 slot=9254196 blocks=49152 txs=7904746 mgas=743522 bps=27.60 tps=4506 mgps=417.5 avgBps=26.02 avgTps=4184 avgMGps=393.6 elapsed=31m29s136ms
Aug 27 14:38:36 nimbus-eth1-mainnet-short-benchmark[250668]: INF 2026-08-27 14:38:36.929+00:00 Imported blocks                            blockNumber=20057345 slot=9262435 blocks=57344 txs=9212009 mgas=867360 bps=29.13 tps=4648 mgps=440.3 avgBps=26.42 avgTps=4244 avgMGps=399.6 elapsed=36m10s365ms
Aug 27 14:43:02 nimbus-eth1-mainnet-short-benchmark[250668]: INF 2026-08-27 14:43:02.666+00:00 Imported blocks                            blockNumber=20065537 slot=9270674 blocks=65536 txs=10559018 mgas=991371 bps=30.83 tps=5068 mgps=466.7 avgBps=26.90 avgTps=4334 avgMGps=406.9 elapsed=40m36s100ms
Aug 27 14:47:14 nimbus-eth1-mainnet-short-benchmark[250668]: INF 2026-08-27 14:47:14.814+00:00 Imported blocks                            blockNumber=20073729 slot=9278910 blocks=73728 txs=11898676 mgas=1115111 bps=32.49 tps=5313 mgps=490.7 avgBps=27.43 avgTps=4426 avgMGps=414.8 elapsed=44m48s247ms
Aug 27 14:51:15 nimbus-eth1-mainnet-short-benchmark[250668]: INF 2026-08-27 14:51:15.739+00:00 Imported blocks                            blockNumber=20081921 slot=9287152 blocks=81920 txs=13323263 mgas=1239150 bps=34.00 tps=5913 mgps=514.9 avgBps=27.97 avgTps=4548 avgMGps=423.0 elapsed=48m49s171ms
Aug 27 14:55:16 nimbus-eth1-mainnet-short-benchmark[250668]: INF 2026-08-27 14:55:16.011+00:00 Imported blocks                            blockNumber=20090113 slot=9295408 blocks=90112 txs=14697082 mgas=1363113 bps=34.09 tps=5717 mgps=515.9 avgBps=28.43 avgTps=4637 avgMGps=430.1 elapsed=52m49s444ms
Aug 27 14:59:32 nimbus-eth1-mainnet-short-benchmark[250668]: INF 2026-08-27 14:59:32.876+00:00 Imported blocks                            blockNumber=20098305 slot=9303658 blocks=98304 txs=16025683 mgas=1487146 bps=31.89 tps=5172 mgps=482.9 avgBps=28.69 avgTps=4677 avgMGps=434.0 elapsed=57m6s308ms
Aug 27 15:03:59 nimbus-eth1-mainnet-short-benchmark[250668]: INF 2026-08-27 15:03:59.116+00:00 Imported blocks                            blockNumber=20106497 slot=9311895 blocks=106496 txs=17337157 mgas=1611066 bps=30.77 tps=4925 mgps=465.4 avgBps=28.84 avgTps=4695 avgMGps=436.3 elapsed=1h1m32s
Aug 27 15:08:11 nimbus-eth1-mainnet-short-benchmark[250668]: INF 2026-08-27 15:08:11.124+00:00 Imported blocks                            blockNumber=20114689 slot=9320146 blocks=114688 txs=18632097 mgas=1735123 bps=32.51 tps=5138 mgps=492.3 avgBps=29.08 avgTps=4723 avgMGps=439.9 elapsed=1h5m44s
Aug 27 15:12:10 nimbus-eth1-mainnet-short-benchmark[250668]: INF 2026-08-27 15:12:10.341+00:00 Imported blocks                            blockNumber=20122881 slot=9328409 blocks=122880 txs=19937418 mgas=1859249 bps=34.24 tps=5456 mgps=518.9 avgBps=29.37 avgTps=4765 avgMGps=444.4 elapsed=1h9m43s
Aug 27 15:16:06 nimbus-eth1-mainnet-short-benchmark[250668]: INF 2026-08-27 15:16:06.825+00:00 Imported blocks                            blockNumber=20131073 slot=9336660 blocks=131072 txs=21214129 mgas=1983500 bps=34.64 tps=5398 mgps=525.4 avgBps=29.65 avgTps=4799 avgMGps=448.7 elapsed=1h13m40s
Aug 27 15:19:59 nimbus-eth1-mainnet-short-benchmark[250668]: INF 2026-08-27 15:19:59.874+00:00 Imported blocks                            blockNumber=20139265 slot=9344906 blocks=139264 txs=22579079 mgas=2107571 bps=35.15 tps=5856 mgps=532.4 avgBps=29.93 avgTps=4852 avgMGps=452.9 elapsed=1h17m33s
Aug 27 15:24:38 nimbus-eth1-mainnet-short-benchmark[250668]: INF 2026-08-27 15:24:38.110+00:00 Imported blocks                            blockNumber=20147457 slot=9353153 blocks=147456 txs=24133322 mgas=2231686 bps=29.44 tps=5586 mgps=446.1 avgBps=29.90 avgTps=4893 avgMGps=452.5 elapsed=1h22m11s
Aug 27 15:29:06 nimbus-eth1-mainnet-short-benchmark[250668]: INF 2026-08-27 15:29:06.226+00:00 Imported blocks                            blockNumber=20155649 slot=9361407 blocks=155648 txs=25424015 mgas=2356018 bps=30.55 tps=4813 mgps=463.7 avgBps=29.93 avgTps=4889 avgMGps=453.1 elapsed=1h26m39s
Aug 27 15:33:15 nimbus-eth1-mainnet-short-benchmark[250668]: INF 2026-08-27 15:33:15.095+00:00 Imported blocks                            blockNumber=20163841 slot=9369652 blocks=163840 txs=26749549 mgas=2480207 bps=32.92 tps=5326 mgps=499.0 avgBps=30.07 avgTps=4909 avgMGps=455.2 elapsed=1h30m48s
Aug 27 15:37:17 nimbus-eth1-mainnet-short-benchmark[250668]: INF 2026-08-27 15:37:17.847+00:00 Imported blocks                            blockNumber=20172033 slot=9377892 blocks=172032 txs=28105316 mgas=2604026 bps=33.75 tps=5584 mgps=510.1 avgBps=30.23 avgTps=4938 avgMGps=457.5 elapsed=1h34m51s
Aug 27 15:41:26 nimbus-eth1-mainnet-short-benchmark[250668]: INF 2026-08-27 15:41:26.740+00:00 Imported blocks                            blockNumber=20180225 slot=9386128 blocks=180224 txs=29524405 mgas=2728170 bps=32.91 tps=5701 mgps=498.8 avgBps=30.34 avgTps=4970 avgMGps=459.3 elapsed=1h39m172ms
Aug 27 15:45:17 nimbus-eth1-mainnet-short-benchmark[250668]: INF 2026-08-27 15:45:17.757+00:00 Imported blocks                            blockNumber=20188417 slot=9394365 blocks=188416 txs=30849021 mgas=2852023 bps=35.46 tps=5733 mgps=536.1 avgBps=30.53 avgTps=4998 avgMGps=462.2 elapsed=1h42m51s
Aug 27 15:49:32 nimbus-eth1-mainnet-short-benchmark[250668]: INF 2026-08-27 15:49:32.605+00:00 Imported blocks                            blockNumber=20196609 slot=9402602 blocks=196608 txs=32174755 mgas=2976155 bps=32.14 tps=5202 mgps=487.1 avgBps=30.60 avgTps=5006 avgMGps=463.1 elapsed=1h47m6s
Aug 27 15:54:03 nimbus-eth1-mainnet-short-benchmark[250668]: INF 2026-08-27 15:54:03.157+00:00 Imported blocks                            blockNumber=20204801 slot=9410840 blocks=204800 txs=33475942 mgas=3100410 bps=30.28 tps=4809 mgps=459.3 avgBps=30.58 avgTps=4998 avgMGps=463.0 elapsed=1h51m36s
Aug 27 15:58:10 nimbus-eth1-mainnet-short-benchmark[250668]: INF 2026-08-27 15:58:10.434+00:00 Imported blocks                            blockNumber=20212993 slot=9419071 blocks=212992 txs=34798508 mgas=3224370 bps=33.13 tps=5348 mgps=501.3 avgBps=30.67 avgTps=5011 avgMGps=464.3 elapsed=1h55m43s
Aug 27 16:02:12 nimbus-eth1-mainnet-short-benchmark[250668]: INF 2026-08-27 16:02:12.226+00:00 Imported blocks                            blockNumber=20221185 slot=9427313 blocks=221184 txs=36114045 mgas=3348169 bps=33.88 tps=5440 mgps=512.0 avgBps=30.78 avgTps=5025 avgMGps=466.0 elapsed=1h59m45s
Aug 27 16:05:55 nimbus-eth1-mainnet-short-benchmark[250668]: INF 2026-08-27 16:05:55.243+00:00 Imported blocks                            blockNumber=20229377 slot=9435549 blocks=229376 txs=37421794 mgas=3472031 bps=36.73 tps=5863 mgps=555.4 avgBps=30.96 avgTps=5051 avgMGps=468.6 elapsed=2h3m28s
Aug 27 16:09:48 nimbus-eth1-mainnet-short-benchmark[250668]: INF 2026-08-27 16:09:48.108+00:00 Imported blocks                            blockNumber=20237569 slot=9443788 blocks=237568 txs=38842064 mgas=3596351 bps=35.18 tps=6099 mgps=533.9 avgBps=31.09 avgTps=5083 avgMGps=470.6 elapsed=2h7m21s
Aug 27 16:13:58 nimbus-eth1-mainnet-short-benchmark[250668]: INF 2026-08-27 16:13:58.728+00:00 Imported blocks                            blockNumber=20245761 slot=9452021 blocks=245760 txs=40225739 mgas=3720100 bps=32.69 tps=5520 mgps=493.8 avgBps=31.14 avgTps=5096 avgMGps=471.4 elapsed=2h11m32s
Aug 27 16:18:25 nimbus-eth1-mainnet-short-benchmark[250668]: INF 2026-08-27 16:18:25.812+00:00 Imported blocks                            blockNumber=20253953 slot=9460253 blocks=253952 txs=41454921 mgas=3844385 bps=30.67 tps=4602 mgps=465.3 avgBps=31.12 avgTps=5080 avgMGps=471.2 elapsed=2h15m59s
Aug 27 16:22:40 nimbus-eth1-mainnet-short-benchmark[250668]: INF 2026-08-27 16:22:40.697+00:00 Imported blocks                            blockNumber=20262145 slot=9468495 blocks=262144 txs=42726051 mgas=3968623 bps=32.14 tps=4987 mgps=487.4 avgBps=31.16 avgTps=5077 avgMGps=471.7 elapsed=2h20m14s
Aug 27 16:26:38 nimbus-eth1-mainnet-short-benchmark[250668]: INF 2026-08-27 16:26:38.905+00:00 Imported blocks                            blockNumber=20270337 slot=9476748 blocks=270336 txs=44050436 mgas=4092682 bps=34.39 tps=5559 mgps=520.8 avgBps=31.24 avgTps=5091 avgMGps=473.0 elapsed=2h24m12s
Aug 27 16:30:21 nimbus-eth1-mainnet-short-benchmark[250668]: INF 2026-08-27 16:30:21.078+00:00 Imported blocks                            blockNumber=20278529 slot=9484981 blocks=278528 txs=45382368 mgas=4216487 bps=36.87 tps=5995 mgps=557.2 avgBps=31.39 avgTps=5113 avgMGps=475.1 elapsed=2h27m54s
Aug 27 16:34:09 nimbus-eth1-mainnet-short-benchmark[250668]: INF 2026-08-27 16:34:09.083+00:00 Imported blocks                            blockNumber=20286721 slot=9493213 blocks=286720 txs=46733429 mgas=4340363 bps=35.93 tps=5925 mgps=543.3 avgBps=31.50 avgTps=5134 avgMGps=476.8 elapsed=2h31m42s
Aug 27 16:38:17 nimbus-eth1-mainnet-short-benchmark[250668]: INF 2026-08-27 16:38:17.255+00:00 Imported blocks                            blockNumber=20294913 slot=9501453 blocks=294912 txs=48075887 mgas=4464376 bps=33.01 tps=5409 mgps=499.7 avgBps=31.54 avgTps=5141 avgMGps=477.4 elapsed=2h35m50s
Aug 27 16:42:21 nimbus-eth1-mainnet-short-benchmark[250668]: INF 2026-08-27 16:42:21.460+00:00 Imported blocks                            blockNumber=20303105 slot=9509696 blocks=303104 txs=49379538 mgas=4588534 bps=33.55 tps=5338 mgps=508.4 avgBps=31.59 avgTps=5146 avgMGps=478.2 elapsed=2h39m54s
Aug 27 16:46:19 nimbus-eth1-mainnet-short-benchmark[250668]: INF 2026-08-27 16:46:19.141+00:00 Imported blocks                            blockNumber=20311297 slot=9517922 blocks=311296 txs=50637672 mgas=4712596 bps=34.47 tps=5293 mgps=522.0 avgBps=31.66 avgTps=5149 avgMGps=479.3 elapsed=2h43m52s
Aug 27 16:50:08 nimbus-eth1-mainnet-short-benchmark[250668]: INF 2026-08-27 16:50:08.217+00:00 Imported blocks                            blockNumber=20319489 slot=9526159 blocks=319488 txs=51981692 mgas=4836521 bps=35.76 tps=5867 mgps=541.0 avgBps=31.75 avgTps=5166 avgMGps=480.7 elapsed=2h47m41s
Aug 27 16:53:37 nimbus-eth1-mainnet-short-benchmark[250668]: INF 2026-08-27 16:53:37.334+00:00 Imported blocks                            blockNumber=20327681 slot=9534381 blocks=327680 txs=53356123 mgas=4960245 bps=39.17 tps=6572 mgps=591.7 avgBps=31.90 avgTps=5194 avgMGps=482.9 elapsed=2h51m10s
Aug 27 16:57:04 nimbus-eth1-mainnet-short-benchmark[250668]: INF 2026-08-27 16:57:04.520+00:00 Imported blocks                            blockNumber=20335873 slot=9542617 blocks=335872 txs=54719105 mgas=5084025 bps=39.54 tps=6578 mgps=597.4 avgBps=32.06 avgTps=5222 avgMGps=485.2 elapsed=2h54m37s
Aug 27 17:00:50 nimbus-eth1-mainnet-short-benchmark[250668]: INF 2026-08-27 17:00:50.072+00:00 Imported blocks                            blockNumber=20344065 slot=9550841 blocks=344064 txs=56021853 mgas=5207843 bps=36.32 tps=5775 mgps=548.9 avgBps=32.14 avgTps=5233 avgMGps=486.6 elapsed=2h58m23s
Aug 27 17:05:09 nimbus-eth1-mainnet-short-benchmark[250668]: INF 2026-08-27 17:05:09.189+00:00 Imported blocks                            blockNumber=20352257 slot=9559072 blocks=352256 txs=57290408 mgas=5332016 bps=31.62 tps=4895 mgps=479.2 avgBps=32.13 avgTps=5225 avgMGps=486.4 elapsed=3h2m42s
Aug 27 17:09:06 nimbus-eth1-mainnet-short-benchmark[250668]: INF 2026-08-27 17:09:06.833+00:00 Imported blocks                            blockNumber=20360449 slot=9567308 blocks=360448 txs=58543463 mgas=5456201 bps=34.47 tps=5272 mgps=522.6 avgBps=32.18 avgTps=5226 avgMGps=487.1 elapsed=3h6m40s
Aug 27 17:12:53 nimbus-eth1-mainnet-short-benchmark[250668]: INF 2026-08-27 17:12:53.742+00:00 Imported blocks                            blockNumber=20368641 slot=9575548 blocks=368640 txs=59874056 mgas=5580204 bps=36.10 tps=5863 mgps=546.5 avgBps=32.26 avgTps=5239 avgMGps=488.3 elapsed=3h10m27s
Aug 27 17:16:50 nimbus-eth1-mainnet-short-benchmark[250668]: INF 2026-08-27 17:16:50.291+00:00 Imported blocks                            blockNumber=20376833 slot=9583774 blocks=376832 txs=61167066 mgas=5704396 bps=34.63 tps=5466 mgps=525.0 avgBps=32.31 avgTps=5244 avgMGps=489.1 elapsed=3h14m23s
Aug 27 17:20:42 nimbus-eth1-mainnet-short-benchmark[250668]: INF 2026-08-27 17:20:42.631+00:00 Imported blocks                            blockNumber=20385025 slot=9592009 blocks=385024 txs=62480333 mgas=5828235 bps=35.26 tps=5652 mgps=533.0 avgBps=32.37 avgTps=5252 avgMGps=489.9 elapsed=3h18m16s
Aug 27 17:24:35 nimbus-eth1-mainnet-short-benchmark[250668]: INF 2026-08-27 17:24:35.232+00:00 Imported blocks                            blockNumber=20393217 slot=9600248 blocks=393216 txs=63800597 mgas=5952136 bps=35.22 tps=5676 mgps=532.7 avgBps=32.42 avgTps=5260 avgMGps=490.7 elapsed=3h22m8s
Aug 27 17:28:17 nimbus-eth1-mainnet-short-benchmark[250668]: INF 2026-08-27 17:28:17.717+00:00 Imported blocks                            blockNumber=20401409 slot=9608486 blocks=401408 txs=65021243 mgas=6076384 bps=36.82 tps=5486 mgps=558.4 avgBps=32.50 avgTps=5264 avgMGps=492.0 elapsed=3h25m51s
Aug 27 17:32:14 nimbus-eth1-mainnet-short-benchmark[250668]: INF 2026-08-27 17:32:14.406+00:00 Imported blocks                            blockNumber=20409601 slot=9616707 blocks=409600 txs=66199016 mgas=6200666 bps=34.61 tps=4976 mgps=525.1 avgBps=32.54 avgTps=5258 avgMGps=492.6 elapsed=3h29m47s
Aug 27 17:36:03 nimbus-eth1-mainnet-short-benchmark[250668]: INF 2026-08-27 17:36:03.322+00:00 Imported blocks                            blockNumber=20417793 slot=9624941 blocks=417792 txs=67453930 mgas=6324823 bps=35.79 tps=5482 mgps=542.4 avgBps=32.60 avgTps=5262 avgMGps=493.5 elapsed=3h33m36s
Aug 27 17:39:25 nimbus-eth1-mainnet-short-benchmark[250668]: INF 2026-08-27 17:39:25.607+00:00 Imported blocks                            blockNumber=20425985 slot=9633187 blocks=425984 txs=68814904 mgas=6448778 bps=40.50 tps=6727 mgps=612.8 avgBps=32.72 avgTps=5285 avgMGps=495.3 elapsed=3h36m59s
Aug 27 17:42:47 nimbus-eth1-mainnet-short-benchmark[250668]: INF 2026-08-27 17:42:47.237+00:00 Imported blocks                            blockNumber=20434177 slot=9641422 blocks=434176 txs=70124508 mgas=6572711 bps=40.63 tps=6495 mgps=614.6 avgBps=32.84 avgTps=5304 avgMGps=497.2 elapsed=3h40m20s
Aug 27 17:46:19 nimbus-eth1-mainnet-short-benchmark[250668]: INF 2026-08-27 17:46:19.210+00:00 Imported blocks                            blockNumber=20442369 slot=9649657 blocks=442368 txs=71403576 mgas=6696451 bps=38.65 tps=6034 mgps=583.8 avgBps=32.93 avgTps=5315 avgMGps=498.5 elapsed=3h43m52s
Aug 27 17:50:14 nimbus-eth1-mainnet-short-benchmark[250668]: INF 2026-08-27 17:50:14.514+00:00 Imported blocks                            blockNumber=20450561 slot=9657896 blocks=450560 txs=72659905 mgas=6820521 bps=34.81 tps=5339 mgps=527.3 avgBps=32.96 avgTps=5316 avgMGps=499.0 elapsed=3h47m47s
Aug 27 17:54:28 nimbus-eth1-mainnet-short-benchmark[250668]: INF 2026-08-27 17:54:28.515+00:00 Imported blocks                            blockNumber=20458753 slot=9666114 blocks=458752 txs=73838533 mgas=6945116 bps=32.25 tps=4640 mgps=490.5 avgBps=32.95 avgTps=5303 avgMGps=498.9 elapsed=3h52m1s
Aug 27 17:58:17 nimbus-eth1-mainnet-short-benchmark[250668]: INF 2026-08-27 17:58:17.595+00:00 Imported blocks                            blockNumber=20466945 slot=9674343 blocks=466944 txs=75124748 mgas=7068943 bps=35.76 tps=5614 mgps=540.5 avgBps=33.00 avgTps=5308 avgMGps=499.5 elapsed=3h55m51s
Aug 27 18:02:04 nimbus-eth1-mainnet-short-benchmark[250668]: INF 2026-08-27 18:02:04.344+00:00 Imported blocks                            blockNumber=20475137 slot=9682575 blocks=475136 txs=76420106 mgas=7192870 bps=36.13 tps=5712 mgps=546.5 avgBps=33.05 avgTps=5315 avgMGps=500.3 elapsed=3h59m37s
Aug 27 18:05:41 nimbus-eth1-mainnet-short-benchmark[250668]: INF 2026-08-27 18:05:41.109+00:00 Imported blocks                            blockNumber=20483329 slot=9690800 blocks=483328 txs=77675422 mgas=7316939 bps=37.79 tps=5791 mgps=572.4 avgBps=33.12 avgTps=5322 avgMGps=501.3 elapsed=4h3m14s
Aug 27 18:09:17 nimbus-eth1-mainnet-short-benchmark[250668]: INF 2026-08-27 18:09:17.122+00:00 Imported blocks                            blockNumber=20491521 slot=9699019 blocks=491520 txs=78951232 mgas=7440784 bps=37.92 tps=5906 mgps=573.3 avgBps=33.19 avgTps=5330 avgMGps=502.4 elapsed=4h6m50s
Aug 27 18:13:09 nimbus-eth1-mainnet-short-benchmark[250668]: INF 2026-08-27 18:13:09.495+00:00 Imported blocks                            blockNumber=20499713 slot=9707248 blocks=499712 txs=80189642 mgas=7564669 bps=35.25 tps=5329 mgps=533.1 avgBps=33.22 avgTps=5330 avgMGps=502.9 elapsed=4h10m42s
Aug 27 18:17:06 nimbus-eth1-mainnet-short-benchmark[250668]: INF 2026-08-27 18:17:06.195+00:00 Imported blocks                            blockNumber=20507905 slot=9715488 blocks=507904 txs=81317763 mgas=7689208 bps=34.61 tps=4766 mgps=526.1 avgBps=33.24 avgTps=5321 avgMGps=503.2 elapsed=4h14m39s
Aug 27 18:20:37 nimbus-eth1-mainnet-short-benchmark[250668]: INF 2026-08-27 18:20:37.004+00:00 Imported blocks                            blockNumber=20516097 slot=9723715 blocks=516096 txs=82520262 mgas=7813209 bps=38.86 tps=5704 mgps=588.2 avgBps=33.32 avgTps=5327 avgMGps=504.4 elapsed=4h18m10s
Aug 27 18:24:20 nimbus-eth1-mainnet-short-benchmark[250668]: INF 2026-08-27 18:24:20.165+00:00 Imported blocks                            blockNumber=20524289 slot=9731945 blocks=524288 txs=83780075 mgas=7937233 bps=36.71 tps=5645 mgps=555.8 avgBps=33.37 avgTps=5331 avgMGps=505.1 elapsed=4h21m53s
Aug 27 18:28:04 nimbus-eth1-mainnet-short-benchmark[250668]: INF 2026-08-27 18:28:04.950+00:00 Imported blocks                            blockNumber=20532481 slot=9740183 blocks=532480 txs=85263862 mgas=8061024 bps=36.44 tps=6600 mgps=550.7 avgBps=33.41 avgTps=5349 avgMGps=505.8 elapsed=4h25m38s
Aug 27 18:31:56 nimbus-eth1-mainnet-short-benchmark[250668]: INF 2026-08-27 18:31:56.267+00:00 Imported blocks                            blockNumber=20540673 slot=9748418 blocks=540672 txs=86612143 mgas=8185090 bps=35.41 tps=5828 mgps=536.3 avgBps=33.44 avgTps=5356 avgMGps=506.2 elapsed=4h29m29s
Aug 27 18:35:57 nimbus-eth1-mainnet-short-benchmark[250668]: INF 2026-08-27 18:35:57.639+00:00 Imported blocks                            blockNumber=20548865 slot=9756662 blocks=548864 txs=87802991 mgas=8309513 bps=33.94 tps=4933 mgps=515.5 avgBps=33.44 avgTps=5350 avgMGps=506.3 elapsed=4h33m31s
Aug 27 18:39:54 nimbus-eth1-mainnet-short-benchmark[250668]: INF 2026-08-27 18:39:54.964+00:00 Imported blocks                            blockNumber=20557057 slot=9764892 blocks=557056 txs=88964987 mgas=8433956 bps=34.52 tps=4896 mgps=524.4 avgBps=33.46 avgTps=5343 avgMGps=506.6 elapsed=4h37m28s
Aug 27 18:43:41 nimbus-eth1-mainnet-short-benchmark[250668]: INF 2026-08-27 18:43:41.097+00:00 Imported blocks                            blockNumber=20565249 slot=9773131 blocks=565248 txs=90186094 mgas=8558113 bps=36.23 tps=5399 mgps=549.0 avgBps=33.50 avgTps=5344 avgMGps=507.2 elapsed=4h41m14s
Aug 27 18:47:27 nimbus-eth1-mainnet-short-benchmark[250668]: INF 2026-08-27 18:47:27.462+00:00 Imported blocks                            blockNumber=20573441 slot=9781369 blocks=573440 txs=91404654 mgas=8682228 bps=36.19 tps=5383 mgps=548.3 avgBps=33.53 avgTps=5345 avgMGps=507.7 elapsed=4h45m895ms
Aug 27 18:51:10 nimbus-eth1-mainnet-short-benchmark[250668]: INF 2026-08-27 18:51:10.154+00:00 Imported blocks                            blockNumber=20581633 slot=9789611 blocks=581632 txs=92628389 mgas=8806651 bps=36.79 tps=5495 mgps=558.7 avgBps=33.57 avgTps=5346 avgMGps=508.4 elapsed=4h48m43s
Aug 27 18:55:00 nimbus-eth1-mainnet-short-benchmark[250668]: INF 2026-08-27 18:55:00.539+00:00 Imported blocks                            blockNumber=20589825 slot=9797855 blocks=589824 txs=93887208 mgas=8931023 bps=35.56 tps=5464 mgps=539.8 avgBps=33.60 avgTps=5348 avgMGps=508.8 elapsed=4h52m33s
Aug 27 18:58:52 nimbus-eth1-mainnet-short-benchmark[250668]: INF 2026-08-27 18:58:52.340+00:00 Imported blocks                            blockNumber=20598017 slot=9806095 blocks=598016 txs=95163338 mgas=9055310 bps=35.34 tps=5505 mgps=536.2 avgBps=33.62 avgTps=5350 avgMGps=509.1 elapsed=4h56m25s
Aug 27 19:02:46 nimbus-eth1-mainnet-short-benchmark[250668]: INF 2026-08-27 19:02:46.681+00:00 Imported blocks                            blockNumber=20606209 slot=9814347 blocks=606208 txs=96334664 mgas=9179976 bps=34.96 tps=4998 mgps=532.0 avgBps=33.64 avgTps=5345 avgMGps=509.4 elapsed=5h20s114ms
Aug 27 19:06:31 nimbus-eth1-mainnet-short-benchmark[250668]: INF 2026-08-27 19:06:31.697+00:00 Imported blocks                            blockNumber=20614401 slot=9822581 blocks=614400 txs=97573414 mgas=9304574 bps=36.41 tps=5505 mgps=553.7 avgBps=33.67 avgTps=5347 avgMGps=510.0 elapsed=5h4m5s
Aug 27 19:10:19 nimbus-eth1-mainnet-short-benchmark[250668]: INF 2026-08-27 19:10:19.938+00:00 Imported blocks                            blockNumber=20622593 slot=9830821 blocks=622592 txs=98874772 mgas=9428835 bps=35.89 tps=5701 mgps=544.4 avgBps=33.70 avgTps=5352 avgMGps=510.4 elapsed=5h7m53s
Aug 27 19:13:58 nimbus-eth1-mainnet-short-benchmark[250668]: INF 2026-08-27 19:13:58.911+00:00 Imported blocks                            blockNumber=20630785 slot=9839058 blocks=630784 txs=100178707 mgas=9553009 bps=37.41 tps=5954 mgps=567.1 avgBps=33.75 avgTps=5359 avgMGps=511.1 elapsed=5h11m32s
Aug 27 19:17:46 nimbus-eth1-mainnet-short-benchmark[250668]: INF 2026-08-27 19:17:46.524+00:00 Imported blocks                            blockNumber=20638977 slot=9847313 blocks=638976 txs=101489116 mgas=9677171 bps=35.99 tps=5757 mgps=545.5 avgBps=33.77 avgTps=5364 avgMGps=511.5 elapsed=5h15m19s
Aug 27 19:21:30 nimbus-eth1-mainnet-short-benchmark[250668]: INF 2026-08-27 19:21:30.049+00:00 Imported blocks                            blockNumber=20647169 slot=9855549 blocks=647168 txs=102730058 mgas=9801643 bps=36.65 tps=5551 mgps=556.9 avgBps=33.81 avgTps=5366 avgMGps=512.0 elapsed=5h19m3s
Aug 27 19:25:27 nimbus-eth1-mainnet-short-benchmark[250668]: INF 2026-08-27 19:25:27.313+00:00 Imported blocks                            blockNumber=20655361 slot=9863778 blocks=655360 txs=103868002 mgas=9926541 bps=34.53 tps=4796 mgps=526.4 avgBps=33.81 avgTps=5359 avgMGps=512.2 elapsed=5h23m749ms
Aug 27 19:29:07 nimbus-eth1-mainnet-short-benchmark[250668]: INF 2026-08-27 19:29:07.662+00:00 Imported blocks                            blockNumber=20663553 slot=9872013 blocks=663552 txs=105112198 mgas=10051274 bps=37.18 tps=5646 mgps=566.1 avgBps=33.85 avgTps=5362 avgMGps=512.8 elapsed=5h26m41s
Aug 27 19:32:38 nimbus-eth1-mainnet-short-benchmark[250668]: INF 2026-08-27 19:32:38.583+00:00 Imported blocks                            blockNumber=20671745 slot=9880241 blocks=671744 txs=106395904 mgas=10175177 bps=38.84 tps=6086 mgps=587.4 avgBps=33.91 avgTps=5370 avgMGps=513.6 elapsed=5h30m12s
Aug 27 19:36:14 nimbus-eth1-mainnet-short-benchmark[250668]: INF 2026-08-27 19:36:14.208+00:00 Imported blocks                            blockNumber=20679937 slot=9888471 blocks=679936 txs=107674271 mgas=10299404 bps=37.99 tps=5928 mgps=576.1 avgBps=33.95 avgTps=5376 avgMGps=514.3 elapsed=5h33m47s
Aug 27 19:39:40 nimbus-eth1-mainnet-short-benchmark[250668]: INF 2026-08-27 19:39:40.341+00:00 Imported blocks                            blockNumber=20688129 slot=9896698 blocks=688128 txs=108938536 mgas=10423298 bps=39.74 tps=6133 mgps=601.0 avgBps=34.01 avgTps=5383 avgMGps=515.1 elapsed=5h37m13s
Aug 27 19:43:21 nimbus-eth1-mainnet-short-benchmark[250668]: INF 2026-08-27 19:43:21.106+00:00 Imported blocks                            blockNumber=20696321 slot=9904930 blocks=696320 txs=110235786 mgas=10547469 bps=37.11 tps=5876 mgps=562.5 avgBps=34.04 avgTps=5389 avgMGps=515.7 elapsed=5h40m54s
Aug 27 19:47:17 nimbus-eth1-mainnet-short-benchmark[250668]: INF 2026-08-27 19:47:17.187+00:00 Imported blocks                            blockNumber=20704513 slot=9913154 blocks=704512 txs=111483759 mgas=10671677 bps=34.70 tps=5286 mgps=526.1 avgBps=34.05 avgTps=5388 avgMGps=515.8 elapsed=5h44m50s
Aug 27 19:50:59 nimbus-eth1-mainnet-short-benchmark[250668]: INF 2026-08-27 19:50:59.903+00:00 Imported blocks                            blockNumber=20712705 slot=9921388 blocks=712704 txs=112764170 mgas=10795980 bps=36.78 tps=5749 mgps=558.1 avgBps=34.08 avgTps=5391 avgMGps=516.2 elapsed=5h48m33s
Aug 27 19:54:28 nimbus-eth1-mainnet-short-benchmark[250668]: INF 2026-08-27 19:54:28.192+00:00 Imported blocks                            blockNumber=20720897 slot=9929633 blocks=720896 txs=114110517 mgas=10919926 bps=39.33 tps=6463 mgps=595.1 avgBps=34.13 avgTps=5402 avgMGps=517.0 elapsed=5h52m1s
Aug 27 19:58:02 nimbus-eth1-mainnet-short-benchmark[250668]: INF 2026-08-27 19:58:02.529+00:00 Imported blocks                            blockNumber=20729089 slot=9937869 blocks=729088 txs=115449431 mgas=11043768 bps=38.22 tps=6246 mgps=577.8 avgBps=34.17 avgTps=5411 avgMGps=517.6 elapsed=5h55m35s
Aug 27 20:01:29 nimbus-eth1-mainnet-short-benchmark[250668]: INF 2026-08-27 20:01:29.750+00:00 Imported blocks                            blockNumber=20737281 slot=9946108 blocks=737280 txs=116784468 mgas=11167784 bps=39.53 tps=6442 mgps=598.5 avgBps=34.22 avgTps=5420 avgMGps=518.4 elapsed=5h59m3s
Aug 27 20:05:06 nimbus-eth1-mainnet-short-benchmark[250668]: INF 2026-08-27 20:05:06.695+00:00 Imported blocks                            blockNumber=20745473 slot=9954342 blocks=745472 txs=118101003 mgas=11291742 bps=37.76 tps=6068 mgps=571.4 avgBps=34.26 avgTps=5427 avgMGps=518.9 elapsed=6h2m40s
Aug 27 20:08:59 nimbus-eth1-mainnet-short-benchmark[250668]: INF 2026-08-27 20:08:59.876+00:00 Imported blocks                            blockNumber=20753665 slot=9962581 blocks=753664 txs=119337525 mgas=11415859 bps=35.13 tps=5302 mgps=532.3 avgBps=34.27 avgTps=5426 avgMGps=519.1 elapsed=6h6m33s
Aug 27 20:12:40 nimbus-eth1-mainnet-short-benchmark[250668]: INF 2026-08-27 20:12:40.509+00:00 Imported blocks                            blockNumber=20761857 slot=9970803 blocks=761856 txs=120564314 mgas=11540225 bps=37.13 tps=5560 mgps=563.7 avgBps=34.30 avgTps=5427 avgMGps=519.5 elapsed=6h10m13s
Aug 27 20:16:08 nimbus-eth1-mainnet-short-benchmark[250668]: INF 2026-08-27 20:16:08.746+00:00 Imported blocks                            blockNumber=20770049 slot=9979058 blocks=770048 txs=121858083 mgas=11663918 bps=39.34 tps=6212 mgps=594.0 avgBps=34.34 avgTps=5434 avgMGps=520.2 elapsed=6h13m42s
Aug 27 20:19:27 nimbus-eth1-mainnet-short-benchmark[250668]: INF 2026-08-27 20:19:27.515+00:00 Imported blocks                            blockNumber=20778241 slot=9987307 blocks=778240 txs=123161734 mgas=11787906 bps=41.21 tps=6558 mgps=623.8 avgBps=34.40 avgTps=5444 avgMGps=521.1 elapsed=6h17m946ms
Aug 27 20:22:42 nimbus-eth1-mainnet-short-benchmark[250668]: INF 2026-08-27 20:22:42.312+00:00 Imported blocks                            blockNumber=20786433 slot=9995542 blocks=786432 txs=124509456 mgas=11911612 bps=42.05 tps=6918 mgps=635.0 avgBps=34.47 avgTps=5457 avgMGps=522.1 elapsed=6h20m15s
Aug 27 20:26:03 nimbus-eth1-mainnet-short-benchmark[250668]: INF 2026-08-27 20:26:03.722+00:00 Imported blocks                            blockNumber=20794625 slot=10003781 blocks=794624 txs=125848921 mgas=12035338 bps=40.67 tps=6650 mgps=614.3 avgBps=34.52 avgTps=5467 avgMGps=522.9 elapsed=6h23m37s
Aug 27 20:29:30 nimbus-eth1-mainnet-short-benchmark[250668]: INF 2026-08-27 20:29:30.375+00:00 Imported blocks                            blockNumber=20802817 slot=10012028 blocks=802816 txs=127089868 mgas=12158989 bps=39.64 tps=6004 mgps=598.3 avgBps=34.57 avgTps=5472 avgMGps=523.6 elapsed=6h27m3s
Aug 27 20:33:04 nimbus-eth1-mainnet-short-benchmark[250668]: INF 2026-08-27 20:33:04.272+00:00 Imported blocks                            blockNumber=20811009 slot=10020249 blocks=811008 txs=128299762 mgas=12282850 bps=38.30 tps=5656 mgps=579.1 avgBps=34.60 avgTps=5474 avgMGps=524.1 elapsed=6h30m37s
Aug 27 20:36:23 nimbus-eth1-mainnet-short-benchmark[250668]: INF 2026-08-27 20:36:23.797+00:00 Imported blocks                            blockNumber=20819201 slot=10028481 blocks=819200 txs=129596319 mgas=12406594 bps=41.06 tps=6498 mgps=620.2 avgBps=34.66 avgTps=5482 avgMGps=524.9 elapsed=6h33m57s
Aug 27 20:39:44 nimbus-eth1-mainnet-short-benchmark[250668]: INF 2026-08-27 20:39:44.242+00:00 Imported blocks                            blockNumber=20827393 slot=10036710 blocks=827392 txs=130916729 mgas=12530249 bps=40.87 tps=6587 mgps=616.9 avgBps=34.71 avgTps=5492 avgMGps=525.6 elapsed=6h37m17s
Aug 27 20:43:03 nimbus-eth1-mainnet-short-benchmark[250668]: INF 2026-08-27 20:43:03.475+00:00 Imported blocks                            blockNumber=20835585 slot=10044938 blocks=835584 txs=132226625 mgas=12654070 bps=41.12 tps=6574 mgps=621.5 avgBps=34.76 avgTps=5500 avgMGps=526.4 elapsed=6h40m36s
Aug 27 20:46:34 nimbus-eth1-mainnet-short-benchmark[250668]: INF 2026-08-27 20:46:34.676+00:00 Imported blocks                            blockNumber=20843777 slot=10053164 blocks=843776 txs=133604192 mgas=12777730 bps=38.79 tps=6522 mgps=585.5 avgBps=34.80 avgTps=5509 avgMGps=527.0 elapsed=6h44m8s
Aug 27 20:50:32 nimbus-eth1-mainnet-short-benchmark[250668]: INF 2026-08-27 20:50:32.885+00:00 Imported blocks                            blockNumber=20851969 slot=10061391 blocks=851968 txs=134900706 mgas=12901664 bps=34.39 tps=5442 mgps=520.3 avgBps=34.79 avgTps=5509 avgMGps=526.9 elapsed=6h48m6s
Aug 27 20:54:18 nimbus-eth1-mainnet-short-benchmark[250668]: INF 2026-08-27 20:54:18.005+00:00 Imported blocks                            blockNumber=20860161 slot=10069622 blocks=860160 txs=136168750 mgas=13025603 bps=36.39 tps=5632 mgps=550.5 avgBps=34.81 avgTps=5510 avgMGps=527.1 elapsed=6h51m51s
Aug 27 20:58:00 nimbus-eth1-mainnet-short-benchmark[250668]: INF 2026-08-27 20:58:00.206+00:00 Imported blocks                            blockNumber=20868353 slot=10077838 blocks=868352 txs=137550724 mgas=13149742 bps=36.87 tps=6219 mgps=558.7 avgBps=34.83 avgTps=5516 avgMGps=527.4 elapsed=6h55m33s
Aug 27 21:01:41 nimbus-eth1-mainnet-short-benchmark[250668]: INF 2026-08-27 21:01:41.455+00:00 Imported blocks                            blockNumber=20876545 slot=10086066 blocks=876544 txs=138954673 mgas=13273457 bps=37.03 tps=6345 mgps=559.2 avgBps=34.85 avgTps=5523 avgMGps=527.7 elapsed=6h59m14s
Aug 27 21:05:17 nimbus-eth1-mainnet-short-benchmark[250668]: INF 2026-08-27 21:05:17.480+00:00 Imported blocks                            blockNumber=20884737 slot=10094286 blocks=884736 txs=140256178 mgas=13397479 bps=37.92 tps=6024 mgps=574.1 avgBps=34.87 avgTps=5528 avgMGps=528.1 elapsed=7h2m50s
Aug 27 21:08:48 nimbus-eth1-mainnet-short-benchmark[250668]: INF 2026-08-27 21:08:48.073+00:00 Imported blocks                            blockNumber=20892929 slot=10102512 blocks=892928 txs=141581868 mgas=13521575 bps=38.90 tps=6295 mgps=589.3 avgBps=34.91 avgTps=5534 avgMGps=528.6 elapsed=7h6m21s
Aug 27 21:12:18 nimbus-eth1-mainnet-short-benchmark[250668]: INF 2026-08-27 21:12:18.570+00:00 Imported blocks                            blockNumber=20901121 slot=10110732 blocks=901120 txs=142875889 mgas=13645572 bps=38.92 tps=6147 mgps=589.1 avgBps=34.94 avgTps=5539 avgMGps=529.1 elapsed=7h9m52s
Aug 27 21:15:48 nimbus-eth1-mainnet-short-benchmark[250668]: INF 2026-08-27 21:15:48.491+00:00 Imported blocks                            blockNumber=20909313 slot=10118953 blocks=909312 txs=144102308 mgas=13769390 bps=39.02 tps=5842 mgps=589.8 avgBps=34.97 avgTps=5541 avgMGps=529.6 elapsed=7h13m21s
Aug 27 21:19:13 nimbus-eth1-mainnet-short-benchmark[250668]: INF 2026-08-27 21:19:13.936+00:00 Imported blocks                            blockNumber=20917505 slot=10127176 blocks=917504 txs=145406349 mgas=13893087 bps=39.87 tps=6347 mgps=602.1 avgBps=35.01 avgTps=5548 avgMGps=530.1 elapsed=7h16m47s
Aug 27 21:22:30 nimbus-eth1-mainnet-short-benchmark[250668]: INF 2026-08-27 21:22:30.133+00:00 Imported blocks                            blockNumber=20925697 slot=10135394 blocks=925696 txs=146718394 mgas=14016820 bps=41.75 tps=6687 mgps=630.7 avgBps=35.06 avgTps=5556 avgMGps=530.9 elapsed=7h20m3s
Aug 27 21:25:58 nimbus-eth1-mainnet-short-benchmark[250668]: INF 2026-08-27 21:25:58.686+00:00 Imported blocks                            blockNumber=20933889 slot=10143614 blocks=933888 txs=148049109 mgas=14140625 bps=39.28 tps=6380 mgps=593.6 avgBps=35.09 avgTps=5563 avgMGps=531.4 elapsed=7h23m32s
Aug 27 21:29:21 nimbus-eth1-mainnet-short-benchmark[250668]: INF 2026-08-27 21:29:21.675+00:00 Imported blocks                            blockNumber=20942081 slot=10151840 blocks=942080 txs=149397364 mgas=14264352 bps=40.36 tps=6642 mgps=609.5 avgBps=35.13 avgTps=5571 avgMGps=532.0 elapsed=7h26m55s
Aug 27 21:32:48 nimbus-eth1-mainnet-short-benchmark[250668]: INF 2026-08-27 21:32:48.125+00:00 Imported blocks                            blockNumber=20950273 slot=10160098 blocks=950272 txs=150765507 mgas=14388237 bps=39.68 tps=6626 mgps=600.1 avgBps=35.17 avgTps=5579 avgMGps=532.5 elapsed=7h30m21s
Aug 27 21:36:29 nimbus-eth1-mainnet-short-benchmark[250668]: INF 2026-08-27 21:36:29.801+00:00 Imported blocks                            blockNumber=20958465 slot=10168363 blocks=958464 txs=152044771 mgas=14511987 bps=36.96 tps=5770 mgps=558.3 avgBps=35.18 avgTps=5581 avgMGps=532.7 elapsed=7h34m3s
Aug 27 21:40:03 nimbus-eth1-mainnet-short-benchmark[250668]: INF 2026-08-27 21:40:03.790+00:00 Imported blocks                            blockNumber=20966657 slot=10176609 blocks=966656 txs=153365296 mgas=14635804 bps=38.28 tps=6171 mgps=578.6 avgBps=35.21 avgTps=5585 avgMGps=533.0 elapsed=7h37m37s
Aug 27 21:43:34 nimbus-eth1-mainnet-short-benchmark[250668]: INF 2026-08-27 21:43:34.023+00:00 Imported blocks                            blockNumber=20974849 slot=10184849 blocks=974848 txs=154744917 mgas=14759580 bps=38.97 tps=6562 mgps=588.8 avgBps=35.23 avgTps=5593 avgMGps=533.5 elapsed=7h41m7s
Aug 27 21:47:11 nimbus-eth1-mainnet-short-benchmark[250668]: INF 2026-08-27 21:47:11.140+00:00 Imported blocks                            blockNumber=20983041 slot=10193086 blocks=983040 txs=156055229 mgas=14883451 bps=37.73 tps=6034 mgps=570.5 avgBps=35.25 avgTps=5596 avgMGps=533.8 elapsed=7h44m44s
Aug 27 21:50:22 nimbus-eth1-mainnet-short-benchmark[250668]: INF 2026-08-27 21:50:22.322+00:00 Imported blocks                            blockNumber=20991233 slot=10201319 blocks=991232 txs=157563202 mgas=15007557 bps=42.85 tps=7887 mgps=649.2 avgBps=35.31 avgTps=5612 avgMGps=534.5 elapsed=7h47m55s
Aug 27 21:54:02 nimbus-eth1-mainnet-short-benchmark[250668]: INF 2026-08-27 21:54:02.002+00:00 Imported blocks                            blockNumber=20999425 slot=10209549 blocks=999424 txs=159003277 mgas=15131383 bps=37.29 tps=6555 mgps=563.7 avgBps=35.32 avgTps=5619 avgMGps=534.8 elapsed=7h51m35s
Aug 27 21:54:17 nimbus-eth1-mainnet-short-benchmark[250668]: INF 2026-08-27 21:54:17.990+00:00 Imported blocks                            blockNumber=21000001 slot=10210128 blocks=1000000 txs=159109486 mgas=15140191 bps=36.03 tps=6642 mgps=550.9 avgBps=35.32 avgTps=5619 avgMGps=534.8 elapsed=7h51m51s
Aug 27 21:54:18 nimbus-eth1-mainnet-short-benchmark[250668]: NTC 2026-08-27 21:54:17.994+00:00 Import complete                            blockNumber=21000001 slot=10210128 blocks=1000000 txs=159109486 mgas=15140191
Aug 27 21:54:18 nimbus-eth1-mainnet-short-benchmark[218488]: <<< ending startNimbusWithImport (success)
Aug 27 21:54:18 nimbus-eth1-mainnet-short-benchmark[218488]: >>> starting moveBenchmarkingFileToRepo
Aug 27 21:54:18 nimbus-eth1-mainnet-short-benchmark[218488]: >>> copying debug-csv generated by nimbus to benchmarks repo
Aug 27 21:54:18 nimbus-eth1-mainnet-short-benchmark[218488]: <<< ending moveBenchmarkingFileToRepo (success)
Aug 27 21:54:19 nimbus-eth1-mainnet-short-benchmark[218488]: >>> starting generateBuildEnvironmentLogFile
Aug 27 21:54:27 nimbus-eth1-mainnet-short-benchmark[218488]: <<< ending generateBuildEnvironmentLogFile (success)
Aug 27 21:54:27 nimbus-eth1-mainnet-short-benchmark[218488]: >>> starting generateSystemdServiceLogs
