Jul 27 16:06:38 nimbus-eth1-mainnet-short-benchmark[3631232]: >>> starting cloneOrFetchBenchmarksRepo
Jul 27 16:06:39 nimbus-eth1-mainnet-short-benchmark[3631232]: >>> Fetching latest changes for nimbus-eth1-benchmarks...
Jul 27 16:06:40 nimbus-eth1-mainnet-short-benchmark[3631292]: HEAD is now at 0b4a4c3 chore: update short benchmark Readme
Jul 27 16:06:40 nimbus-eth1-mainnet-short-benchmark[3631232]: <<< ending cloneOrFetchBenchmarksRepo (success)
Jul 27 16:06:40 nimbus-eth1-mainnet-short-benchmark[3631232]: >>> starting cloneOrFetchNimbusRepo
Jul 27 16:06:52 nimbus-eth1-mainnet-short-benchmark[3631232]: >>> Fetching latest changes for nimbus-eth1...
Jul 27 16:06:53 nimbus-eth1-mainnet-short-benchmark[3631663]: From https://github.com/status-im/nimbus-eth1
Jul 27 16:06:53 nimbus-eth1-mainnet-short-benchmark[3631663]:    65db025cf..e6e60f981  master                 -> origin/master
Jul 27 16:06:53 nimbus-eth1-mainnet-short-benchmark[3631663]:    1d6a0df2b..61fac90d0  bn256-pairing-batching -> origin/bn256-pairing-batching
Jul 27 16:06:53 nimbus-eth1-mainnet-short-benchmark[3631663]:    bce0053ae..e245ab9b9  bn256-pairing-fast-subgroup -> origin/bn256-pairing-fast-subgroup
Jul 27 16:06:53 nimbus-eth1-mainnet-short-benchmark[3631663]:  * [new branch]          fast-blake             -> origin/fast-blake
Jul 27 16:06:53 nimbus-eth1-mainnet-short-benchmark[3631663]:  * [new branch]          fix-eth-enr-entry-encoding -> origin/fix-eth-enr-entry-encoding
Jul 27 16:06:53 nimbus-eth1-mainnet-short-benchmark[3631663]:  * [new branch]          networkparams          -> origin/networkparams
Jul 27 16:06:53 nimbus-eth1-mainnet-short-benchmark[3631663]:  * [new branch]          rpc-issue              -> origin/rpc-issue
Jul 27 16:06:53 nimbus-eth1-mainnet-short-benchmark[3631663]:  + da5b954eb...3428e7558 stateless-guest-baremetal -> origin/stateless-guest-baremetal  (forced update)
Jul 27 16:06:53 nimbus-eth1-mainnet-short-benchmark[3631663]:    33a92aa93..f284378fa  syncer-stall           -> origin/syncer-stall
Jul 27 16:06:54 nimbus-eth1-mainnet-short-benchmark[3631663]: Fetching submodule vendor/nim-chronos
Jul 27 16:06:54 nimbus-eth1-mainnet-short-benchmark[3631663]: From https://github.com/status-im/nim-chronos
Jul 27 16:06:54 nimbus-eth1-mainnet-short-benchmark[3631663]:  + 8c93f09...038a805 support-bare-metal-timer -> origin/support-bare-metal-timer  (forced update)
Jul 27 16:06:54 nimbus-eth1-mainnet-short-benchmark[3631663]: Fetching submodule vendor/nim-eth
Jul 27 16:06:55 nimbus-eth1-mainnet-short-benchmark[3631663]: From https://github.com/status-im/nim-eth
Jul 27 16:06:55 nimbus-eth1-mainnet-short-benchmark[3631663]:  * [new branch]      enr-rlp-list -> origin/enr-rlp-list
Jul 27 16:06:55 nimbus-eth1-mainnet-short-benchmark[3631663]: Fetching submodule vendor/nim-mcl
Jul 27 16:06:56 nimbus-eth1-mainnet-short-benchmark[3631663]: From https://github.com/status-im/nim-mcl
Jul 27 16:06:56 nimbus-eth1-mainnet-short-benchmark[3631663]:  * [new branch]      bn256-pairing-fast-subgroup -> origin/bn256-pairing-fast-subgroup
Jul 27 16:06:56 nimbus-eth1-mainnet-short-benchmark[3631663]: Fetching submodule vendor/nim-stint
Jul 27 16:06:56 nimbus-eth1-mainnet-short-benchmark[3631663]: From https://github.com/status-im/nim-stint
Jul 27 16:06:56 nimbus-eth1-mainnet-short-benchmark[3631663]:  * [new branch]      bugfix/fix_nimble_test -> origin/bugfix/fix_nimble_test
Jul 27 16:06:56 nimbus-eth1-mainnet-short-benchmark[3631663]:    c836a83..14b7c1c  gh-pages               -> origin/gh-pages
Jul 27 16:06:56 nimbus-eth1-mainnet-short-benchmark[3631663]:    d4359be..91277c9  master                 -> origin/master
Jul 27 16:06:56 nimbus-eth1-mainnet-short-benchmark[3631663]:  * [new tag]         v0.9.0                 -> v0.9.0
Jul 27 16:06:56 nimbus-eth1-mainnet-short-benchmark[3631663]: Fetching submodule vendor/nimbus-eth2
Jul 27 16:06:57 nimbus-eth1-mainnet-short-benchmark[3631663]: From https://github.com/status-im/nimbus-eth2
Jul 27 16:06:57 nimbus-eth1-mainnet-short-benchmark[3631663]:    7404c2209..9de850c64  bsa         -> origin/bsa
Jul 27 16:06:57 nimbus-eth1-mainnet-short-benchmark[3631663]:  * [new branch]          dependabot/submodules/unstable/vendor/nim-kzg4844-94fba95 -> origin/dependabot/submodules/unstable/vendor/nim-kzg4844-94fba95
Jul 27 16:06:57 nimbus-eth1-mainnet-short-benchmark[3631663]:  * [new branch]          dependabot/submodules/unstable/vendor/nim-lsquic-d6d8f81 -> origin/dependabot/submodules/unstable/vendor/nim-lsquic-d6d8f81
Jul 27 16:06:57 nimbus-eth1-mainnet-short-benchmark[3631663]:  * [new branch]          dependabot/submodules/unstable/vendor/nim-sqlite3-abi-9645cad -> origin/dependabot/submodules/unstable/vendor/nim-sqlite3-abi-9645cad
Jul 27 16:06:57 nimbus-eth1-mainnet-short-benchmark[3631663]:    6f8515c6f..3eb73f1c3  gtY         -> origin/gtY
Jul 27 16:06:57 nimbus-eth1-mainnet-short-benchmark[3631663]:  * [new branch]          kfg         -> origin/kfg
Jul 27 16:06:57 nimbus-eth1-mainnet-short-benchmark[3631663]:    0a9f4d547..3b14a7124  pfr         -> origin/pfr
Jul 27 16:06:57 nimbus-eth1-mainnet-short-benchmark[3631663]:  * [new branch]          sam/payload -> origin/sam/payload
Jul 27 16:06:57 nimbus-eth1-mainnet-short-benchmark[3631663]:  + 7b6c0d181...7a98fbff0 syncv3      -> origin/syncv3  (forced update)
Jul 27 16:06:57 nimbus-eth1-mainnet-short-benchmark[3631663]:    f5eacfbaf..31b321558  unstable    -> origin/unstable
Jul 27 16:06:57 nimbus-eth1-mainnet-short-benchmark[3631663]: fatal: exec 'rev-list': cd to 'vendor/nim-bearssl' failed: No such file or directory
Jul 27 16:06:57 nimbus-eth1-mainnet-short-benchmark[3631663]: Fetching submodule vendor/nimbus-eth2/vendor/nim-bearssl
Jul 27 16:06:58 nimbus-eth1-mainnet-short-benchmark[3631663]: Fetching submodule vendor/nimbus-eth2/vendor/nim-kzg4844
Jul 27 16:06:58 nimbus-eth1-mainnet-short-benchmark[3631663]: From https://github.com/status-im/nim-kzg4844
Jul 27 16:06:58 nimbus-eth1-mainnet-short-benchmark[3631663]:    6cfb836..94fba95  master     -> origin/master
Jul 27 16:06:58 nimbus-eth1-mainnet-short-benchmark[3631663]: Fetching submodule vendor/nimbus-eth2/vendor/nim-lsquic
Jul 27 16:06:59 nimbus-eth1-mainnet-short-benchmark[3631663]: From https://github.com/vacp2p/nim-lsquic
Jul 27 16:06:59 nimbus-eth1-mainnet-short-benchmark[3631663]:  * [new branch]      fix/quic-rcvbuf-issue-108 -> origin/fix/quic-rcvbuf-issue-108
Jul 27 16:06:59 nimbus-eth1-mainnet-short-benchmark[3631663]:  * [new branch]      fix/udp-copy -> origin/fix/udp-copy
Jul 27 16:06:59 nimbus-eth1-mainnet-short-benchmark[3631663]:    23f84f8..34a5d61  main         -> origin/main
Jul 27 16:06:59 nimbus-eth1-mainnet-short-benchmark[3631663]:  * [new branch]      snd          -> origin/snd
Jul 27 16:06:59 nimbus-eth1-mainnet-short-benchmark[3631663]:  * [new branch]      test-5       -> origin/test-5
Jul 27 16:06:59 nimbus-eth1-mainnet-short-benchmark[3631663]:  * [new tag]         v0.6.0       -> v0.6.0
Jul 27 16:06:59 nimbus-eth1-mainnet-short-benchmark[3631663]: Fetching submodule vendor/nimbus-eth2/vendor/nim-sqlite3-abi
Jul 27 16:07:00 nimbus-eth1-mainnet-short-benchmark[3631663]: From https://github.com/arnetheduck/nim-sqlite3-abi
Jul 27 16:07:00 nimbus-eth1-mainnet-short-benchmark[3631663]:    a4d052e..9645cad  master     -> origin/master
Jul 27 16:07:00 nimbus-eth1-mainnet-short-benchmark[3631663]:  * [new tag]         v3.53.4.0  -> v3.53.4.0
Jul 27 16:07:00 nimbus-eth1-mainnet-short-benchmark[3631774]: warning: unable to rmdir 'vendor/libtommath': Directory not empty
Jul 27 16:07:00 nimbus-eth1-mainnet-short-benchmark[3631774]: HEAD is now at e6e60f981 update topNum when blocks imported are behind base (#4574)
Jul 27 16:07:00 nimbus-eth1-mainnet-short-benchmark[3631232]: >>> Found last benchmarked commit: b83526d7
Jul 27 16:07:00 nimbus-eth1-mainnet-short-benchmark[3631232]: >>> Using next commit: b4809857f45838e54befccdc66fe3f598ac5522a
Jul 27 16:07:00 nimbus-eth1-mainnet-short-benchmark[3631784]: HEAD is now at b4809857f include eest_devnet in gitignore (#4394)
Jul 27 16:07:00 nimbus-eth1-mainnet-short-benchmark[3631232]: >>> Current commit: b4809857f
Jul 27 16:07:00 nimbus-eth1-mainnet-short-benchmark[3631232]: <<< ending cloneOrFetchNimbusRepo (success)
Jul 27 16:07:00 nimbus-eth1-mainnet-short-benchmark[3631232]: >>> starting buildBinaries
Jul 27 16:07:00 nimbus-eth1-mainnet-short-benchmark[3631232]: >>> Building binaries for commit b4809857...
Jul 27 16:07:08 nimbus-eth1-mainnet-short-benchmark[3637137]: Building: Nim compiler
Jul 27 16:09:01 nimbus-eth1-mainnet-short-benchmark[3637137]: Building custom Nimble commit: 42ef70c2102a942c46f13eb76872326edd525cec
Jul 27 16:09:11 nimbus-eth1-mainnet-short-benchmark[3637137]: Building Nimble...
Jul 27 16:09:21 nimbus-eth1-mainnet-short-benchmark[3637137]: Replacing nimble binary...
Jul 27 16:09:21 nimbus-eth1-mainnet-short-benchmark[3646070]: cp: cannot stat '/data/status-im/nimbus-eth1/build/*': No such file or directory
Jul 27 16:09:21 nimbus-eth1-mainnet-short-benchmark[3646026]: ROCKSDB VERSION NOT FOUND
Jul 27 16:09:21 nimbus-eth1-mainnet-short-benchmark[3646191]: make[1]: Entering directory '/data/status-im/nimbus-eth1/vendor/nim-rocksdb/vendor/rocksdb'
Jul 27 16:09:21 nimbus-eth1-mainnet-short-benchmark[3646191]: $DEBUG_LEVEL is 0, $LIB_MODE is static
Jul 27 16:09:22 nimbus-eth1-mainnet-short-benchmark[3646191]: make[1]: Leaving directory '/data/status-im/nimbus-eth1/vendor/nim-rocksdb/vendor/rocksdb'
Jul 27 16:09:22 nimbus-eth1-mainnet-short-benchmark[3646628]: Cleaning up RocksDb build artifacts.
Jul 27 16:09:23 nimbus-eth1-mainnet-short-benchmark[3646075]: Building RocksDb static libraries.
Jul 27 16:12:36 nimbus-eth1-mainnet-short-benchmark[3650138]: Building: build/nimbus_execution_client
Jul 27 16:15:00 nimbus-eth1-mainnet-short-benchmark[3631232]: >>> renaming binaries to match commit they were built from
Jul 27 16:15:00 nimbus-eth1-mainnet-short-benchmark[3631232]: >>> creating a symbolic link to the latest version
Jul 27 16:15:00 nimbus-eth1-mainnet-short-benchmark[3631232]: >>> deleting copies that are older than N days
Jul 27 16:15:00 nimbus-eth1-mainnet-short-benchmark[3631232]: <<< ending buildBinaries (success)
Jul 27 16:15:00 nimbus-eth1-mainnet-short-benchmark[3631232]: >>> starting skipOrContinueBenchmark
Jul 27 16:15:00 nimbus-eth1-mainnet-short-benchmark[3631232]: <<< ending skipOrContinueBenchmark (success)
Jul 27 16:15:00 nimbus-eth1-mainnet-short-benchmark[3631232]: >>> starting copyTemplateDatabase
Jul 27 16:15:00 nimbus-eth1-mainnet-short-benchmark[3631232]: >>> Copying template db into nimbus data directory
Jul 27 16:18:01 nimbus-eth1-mainnet-short-benchmark[3631232]: >>> Template db copied
Jul 27 16:18:01 nimbus-eth1-mainnet-short-benchmark[3631232]: >>> making nimbus the owner of the copied files
Jul 27 16:18:01 nimbus-eth1-mainnet-short-benchmark[3631232]: <<< ending copyTemplateDatabase (success)
Jul 27 16:18:01 nimbus-eth1-mainnet-short-benchmark[3631232]: >>> starting startNimbusWithImport
Jul 27 16:18:01 nimbus-eth1-mainnet-short-benchmark[3656577]: INF 2026-07-27 16:18:01.248+00:00 Launching execution client                 version=v0.3.1-b4809857 config="(configFile: none(InputFile), dataDirFlag: some(/data/status-im/nimbus-eth1/data/shared_mainnet_0), era1DirFlag: some(/data/era1), eraDirFlag: some(/data/era), ereDirFlag: none(OutDir), keyStoreDirFlag: none(OutDir), importKey: , trustedSetupFile: none(string), extraData: Nimbus/v0.3.1-b4809857, gasLimit: 60000000, maxBlobs: none(byte), network: [mainnet], customNetwork: none(NetworkParams), networkId: 1, networkParams: (config: ..., genesis: (nonce: 0x0000000000000042, timestamp: 0, extraData: [17, 187, 232, 219, 78, 52, 123, 78, 140, 147, 124, 28, 131, 112, 228, 181, 237, 51, 173, 179, 219, 105, 203, 219, 122, 56, 225, 229, 11, 27, 130, 250], gasLimit: 5000, difficulty: 17179869184, mixHash: 0x0000000000000000000000000000000000000000000000000000000000000000, coinbase: 0x0000000000000000000000000000000000000000, alloc: 8893, number: 0, gasUser: 0, parentHash: 0x0000000000000000000000000000000000000000000000000000000000000000, baseFeePerGas: none(), blobGasUsed: -1, excessBlobGas: -1, parentBeaconBlockRoot: none())), logLevel: INFO, logFormat: auto, metricsEnabled: false, metricsPort: 9093, metricsAddress: 127.0.0.1, bootstrapNodes: [], bootstrapFile: , staticPeers: [], staticPeersFile: , reconnectMaxRetry: 0, reconnectInterval: 15, listenAddress: ::, tcpPort: 30303, udpPortFlag: none(Port), maxPeers: 25, nat: (hasExtIp: false, nat: NatAny), discovery: [V4, V5], netKey: random, agentString: Nimbus/v0.3.1-b4809857/linux-amd64/Nim-2.2.10, numThreads: 0, persistBatchSize: 4, dynamicBatchSize: false, rocksdbMaxOpenFiles: 2048, rocksdbWriteBufferSize: 67108864, rocksdbRowCacheSize: 0, rocksdbBlockCacheSize: 2147483648, rocksdbBlockCacheType: hyperclock, rdbVtxCacheSize: 536870912, rdbKeyCacheSize: 1342177280, rdbBranchCacheSize: 1073741824, rdbPrintStats: false, rewriteDatadirId: true, aristoDbMaxSnapshots: 5, parallelStateRootComputation: false, optimisticStatePrefetch: false, balStatePrefetch: false, balStatePrefetchWorkers: 0, eagerStateRootCheck: false, deserializeFcState: true, statelessProviderEnabled: false, statelessWitnessValidation: false, cmd: import, maxBlocks: 1000000, chunkSize: 8192, csvStats: some("/data/host-benchmarks/short/a2c2be2493f74ced98e3af1bda85ffde/blocks-import-benchmark.csv"), validation: false, fullValidation: false, storeBodies: false, storeReceipts: false, storeSlotHashes: false)"
Jul 27 16:18:01 nimbus-eth1-mainnet-short-benchmark[3656577]: WRN 2026-07-27 16:18:01.248+00:00 Data directory has insecure permissions. Correcting them. data_dir=/data/status-im/nimbus-eth1/data/shared_mainnet_0 current_permissions=0755 required_permissions=0700
Jul 27 16:18:03 nimbus-eth1-mainnet-short-benchmark[3656577]: INF 2026-07-27 16:18:03.164+00:00 Taskpool started                           numThreads=16
Jul 27 16:18:03 nimbus-eth1-mainnet-short-benchmark[3656577]: INF 2026-07-27 16:18:03.288+00:00 Writing data dir ID                        ID=0x0a036d6f6dfe59156bb6359f0243c93d5a421ed688de5aa85a62d15dca8dbd5c
Jul 27 16:18:03 nimbus-eth1-mainnet-short-benchmark[3656577]: INF 2026-07-27 16:18:03.312+00:00 Database initialized                       base="(0xd24fd73f794058a3807db926d8898c6481e902b7edb91ce0d479d6760f276183, 20000000)" finalized="(0xd24fd73f794058a3807db926d8898c6481e902b7edb91ce0d479d6760f276183, 20000000)" head="(0xd4e56740f876aef8c010b86a40d5f56745a118d0906a34e69aec8c0db1cb8fa3, 0)"
Jul 27 16:18:03 nimbus-eth1-mainnet-short-benchmark[3656577]: NTC 2026-07-27 16:18:03.312+00:00 Could not open ere database, falling back to era1/era import ereDir=/data/status-im/nimbus-eth1/data/shared_mainnet_0/ere networkName=mainnet error="No ere files found in /data/status-im/nimbus-eth1/data/shared_mainnet_0/ere"
Jul 27 16:18:03 nimbus-eth1-mainnet-short-benchmark[3656577]: NTC 2026-07-27 16:18:03.312+00:00 Importing era archive                      blockNumber=20000001 dataDir=/data/status-im/nimbus-eth1/data/shared_mainnet_0 eraDir=/data/era
Jul 27 16:18:05 nimbus-eth1-mainnet-short-benchmark[3656577]: NTC 2026-07-27 16:18:05.512+00:00 Matched block to slot number               blockNumber=20000001 slot=9204783
Jul 27 16:24:34 nimbus-eth1-mainnet-short-benchmark[3656577]: INF 2026-07-27 16:24:34.902+00:00 Imported blocks                            blockNumber=20008193 slot=9213020 blocks=8192 txs=1226966 mgas=124237 bps=20.92 tps=3133 mgps=317.3 avgBps=20.92 avgTps=3133 avgMGps=317.3 elapsed=6m31s592ms
Jul 27 16:30:32 nimbus-eth1-mainnet-short-benchmark[3656577]: INF 2026-07-27 16:30:32.017+00:00 Imported blocks                            blockNumber=20016385 slot=9221256 blocks=16384 txs=2540380 mgas=248071 bps=22.94 tps=3677 mgps=346.8 avgBps=21.88 avgTps=3393 avgMGps=331.3 elapsed=12m28s706ms
Jul 27 16:35:59 nimbus-eth1-mainnet-short-benchmark[3656577]: INF 2026-07-27 16:35:59.116+00:00 Imported blocks                            blockNumber=20024577 slot=9229485 blocks=24576 txs=3869398 mgas=372018 bps=25.04 tps=4063 mgps=378.9 avgBps=22.84 avgTps=3596 avgMGps=345.8 elapsed=17m55s807ms
Jul 27 16:40:54 nimbus-eth1-mainnet-short-benchmark[3656577]: INF 2026-07-27 16:40:54.812+00:00 Imported blocks                            blockNumber=20032769 slot=9237722 blocks=32768 txs=5222766 mgas=495797 bps=27.70 tps=4576 mgps=418.6 avgBps=23.89 avgTps=3808 avgMGps=361.5 elapsed=22m51s500ms
Jul 27 16:45:37 nimbus-eth1-mainnet-short-benchmark[3656577]: INF 2026-07-27 16:45:37.568+00:00 Imported blocks                            blockNumber=20040961 slot=9245957 blocks=40960 txs=6566802 mgas=619586 bps=28.97 tps=4753 mgps=437.8 avgBps=24.76 avgTps=3969 avgMGps=374.5 elapsed=27m34s256ms
Jul 27 16:50:41 nimbus-eth1-mainnet-short-benchmark[3656577]: INF 2026-07-27 16:50:41.148+00:00 Imported blocks                            blockNumber=20049153 slot=9254196 blocks=49152 txs=7904746 mgas=743522 bps=26.98 tps=4407 mgps=408.3 avgBps=25.11 avgTps=4037 avgMGps=379.8 elapsed=32m37s836ms
Jul 27 16:55:36 nimbus-eth1-mainnet-short-benchmark[3656577]: INF 2026-07-27 16:55:36.012+00:00 Imported blocks                            blockNumber=20057345 slot=9262435 blocks=57344 txs=9212009 mgas=867360 bps=27.78 tps=4433 mgps=420.0 avgBps=25.46 avgTps=4089 avgMGps=385.0 elapsed=37m32s698ms
Jul 27 17:00:09 nimbus-eth1-mainnet-short-benchmark[3656577]: INF 2026-07-27 17:00:09.592+00:00 Imported blocks                            blockNumber=20065537 slot=9270674 blocks=65536 txs=10559018 mgas=991371 bps=29.94 tps=4923 mgps=453.3 avgBps=25.94 avgTps=4179 avgMGps=392.4 elapsed=42m6s277ms
Jul 27 17:04:29 nimbus-eth1-mainnet-short-benchmark[3656577]: INF 2026-07-27 17:04:29.140+00:00 Imported blocks                            blockNumber=20073729 slot=9278910 blocks=73728 txs=11898676 mgas=1115111 bps=31.56 tps=5161 mgps=476.7 avgBps=26.47 avgTps=4271 avgMGps=400.3 elapsed=46m25s828ms
Jul 27 17:08:38 nimbus-eth1-mainnet-short-benchmark[3656577]: INF 2026-07-27 17:08:38.356+00:00 Imported blocks                            blockNumber=20081921 slot=9287152 blocks=81920 txs=13323263 mgas=1239150 bps=32.87 tps=5716 mgps=497.7 avgBps=26.99 avgTps=4389 avgMGps=408.3 elapsed=50m35s47ms
Jul 27 17:12:46 nimbus-eth1-mainnet-short-benchmark[3656577]: INF 2026-07-27 17:12:46.185+00:00 Imported blocks                            blockNumber=20090113 slot=9295408 blocks=90112 txs=14697082 mgas=1363113 bps=33.06 tps=5543 mgps=500.2 avgBps=27.45 avgTps=4476 avgMGps=415.2 elapsed=54m42s875ms
Jul 27 17:17:10 nimbus-eth1-mainnet-short-benchmark[3656577]: INF 2026-07-27 17:17:10.461+00:00 Imported blocks                            blockNumber=20098305 slot=9303658 blocks=98304 txs=16025683 mgas=1487146 bps=31.00 tps=5027 mgps=469.3 avgBps=27.71 avgTps=4517 avgMGps=419.3 elapsed=59m7s152ms
Jul 27 17:21:45 nimbus-eth1-mainnet-short-benchmark[3656577]: INF 2026-07-27 17:21:45.897+00:00 Imported blocks                            blockNumber=20106497 slot=9311895 blocks=106496 txs=17337157 mgas=1611066 bps=29.74 tps=4761 mgps=449.9 avgBps=27.86 avgTps=4535 avgMGps=421.5 elapsed=1h3m42s
Jul 27 17:26:05 nimbus-eth1-mainnet-short-benchmark[3656577]: INF 2026-07-27 17:26:05.254+00:00 Imported blocks                            blockNumber=20114689 slot=9320146 blocks=114688 txs=18632097 mgas=1735123 bps=31.59 tps=4992 mgps=478.3 avgBps=28.10 avgTps=4564 avgMGps=425.1 elapsed=1h8m1s
Jul 27 17:30:12 nimbus-eth1-mainnet-short-benchmark[3656577]: INF 2026-07-27 17:30:12.406+00:00 Imported blocks                            blockNumber=20122881 slot=9328409 blocks=122880 txs=19937418 mgas=1859249 bps=33.15 tps=5281 mgps=502.2 avgBps=28.38 avgTps=4605 avgMGps=429.5 elapsed=1h12m9s
Jul 27 17:34:17 nimbus-eth1-mainnet-short-benchmark[3656577]: INF 2026-07-27 17:34:17.467+00:00 Imported blocks                            blockNumber=20131073 slot=9336660 blocks=131072 txs=21214129 mgas=1983500 bps=33.43 tps=5209 mgps=507.0 avgBps=28.65 avgTps=4637 avgMGps=433.6 elapsed=1h16m14s
Jul 27 17:38:19 nimbus-eth1-mainnet-short-benchmark[3656577]: INF 2026-07-27 17:38:19.515+00:00 Imported blocks                            blockNumber=20139265 slot=9344906 blocks=139264 txs=22579079 mgas=2107571 bps=33.84 tps=5639 mgps=512.6 avgBps=28.92 avgTps=4688 avgMGps=437.6 elapsed=1h20m16s
Jul 27 17:43:05 nimbus-eth1-mainnet-short-benchmark[3656577]: INF 2026-07-27 17:43:05.883+00:00 Imported blocks                            blockNumber=20147457 slot=9353153 blocks=147456 txs=24133322 mgas=2231686 bps=28.61 tps=5427 mgps=433.4 avgBps=28.90 avgTps=4729 avgMGps=437.4 elapsed=1h25m2s
Jul 27 17:47:40 nimbus-eth1-mainnet-short-benchmark[3656577]: INF 2026-07-27 17:47:40.723+00:00 Imported blocks                            blockNumber=20155649 slot=9361407 blocks=155648 txs=25424015 mgas=2356018 bps=29.81 tps=4696 mgps=452.4 avgBps=28.94 avgTps=4727 avgMGps=438.1 elapsed=1h29m37s
Jul 27 17:51:54 nimbus-eth1-mainnet-short-benchmark[3656577]: INF 2026-07-27 17:51:54.688+00:00 Imported blocks                            blockNumber=20163841 slot=9369652 blocks=163840 txs=26749549 mgas=2480207 bps=32.26 tps=5219 mgps=489.0 avgBps=29.09 avgTps=4750 avgMGps=440.4 elapsed=1h33m51s
Jul 27 17:56:02 nimbus-eth1-mainnet-short-benchmark[3656577]: INF 2026-07-27 17:56:02.616+00:00 Imported blocks                            blockNumber=20172033 slot=9377892 blocks=172032 txs=28105316 mgas=2604026 bps=33.04 tps=5468 mgps=499.4 avgBps=29.26 avgTps=4780 avgMGps=442.9 elapsed=1h37m59s
Jul 27 18:00:16 nimbus-eth1-mainnet-short-benchmark[3656577]: INF 2026-07-27 18:00:16.881+00:00 Imported blocks                            blockNumber=20180225 slot=9386128 blocks=180224 txs=29524405 mgas=2728170 bps=32.22 tps=5581 mgps=488.2 avgBps=29.38 avgTps=4813 avgMGps=444.8 elapsed=1h42m13s
Jul 27 18:04:13 nimbus-eth1-mainnet-short-benchmark[3656577]: INF 2026-07-27 18:04:13.293+00:00 Imported blocks                            blockNumber=20188417 slot=9394365 blocks=188416 txs=30849021 mgas=2852023 bps=34.65 tps=5603 mgps=523.9 avgBps=29.58 avgTps=4842 avgMGps=447.7 elapsed=1h46m9s
Jul 27 18:08:33 nimbus-eth1-mainnet-short-benchmark[3656577]: INF 2026-07-27 18:08:33.854+00:00 Imported blocks                            blockNumber=20196609 slot=9402602 blocks=196608 txs=32174755 mgas=2976155 bps=31.44 tps=5088 mgps=476.4 avgBps=29.65 avgTps=4852 avgMGps=448.9 elapsed=1h50m30s
Jul 27 18:13:12 nimbus-eth1-mainnet-short-benchmark[3656577]: INF 2026-07-27 18:13:12.262+00:00 Imported blocks                            blockNumber=20204801 slot=9410840 blocks=204800 txs=33475942 mgas=3100410 bps=29.42 tps=4673 mgps=446.3 avgBps=29.64 avgTps=4845 avgMGps=448.8 elapsed=1h55m8s
Jul 27 18:17:25 nimbus-eth1-mainnet-short-benchmark[3656577]: INF 2026-07-27 18:17:25.382+00:00 Imported blocks                            blockNumber=20212993 slot=9419071 blocks=212992 txs=34798508 mgas=3224370 bps=32.36 tps=5225 mgps=489.7 avgBps=29.74 avgTps=4858 avgMGps=450.2 elapsed=1h59m22s
Jul 27 18:21:34 nimbus-eth1-mainnet-short-benchmark[3656577]: INF 2026-07-27 18:21:34.166+00:00 Imported blocks                            blockNumber=20221185 slot=9427313 blocks=221184 txs=36114045 mgas=3348169 bps=32.93 tps=5287 mgps=497.6 avgBps=29.85 avgTps=4873 avgMGps=451.8 elapsed=2h3m30s
Jul 27 18:25:23 nimbus-eth1-mainnet-short-benchmark[3656577]: INF 2026-07-27 18:25:23.715+00:00 Imported blocks                            blockNumber=20229377 slot=9435549 blocks=229376 txs=37421794 mgas=3472031 bps=35.69 tps=5697 mgps=539.6 avgBps=30.02 avgTps=4897 avgMGps=454.4 elapsed=2h7m20s
Jul 27 18:29:22 nimbus-eth1-mainnet-short-benchmark[3656577]: INF 2026-07-27 18:29:22.784+00:00 Imported blocks                            blockNumber=20237569 slot=9443788 blocks=237568 txs=38842064 mgas=3596351 bps=34.27 tps=5940 mgps=520.0 avgBps=30.15 avgTps=4929 avgMGps=456.4 elapsed=2h11m19s
Jul 27 18:33:39 nimbus-eth1-mainnet-short-benchmark[3656577]: INF 2026-07-27 18:33:39.916+00:00 Imported blocks                            blockNumber=20245761 slot=9452021 blocks=245760 txs=40225739 mgas=3720100 bps=31.86 tps=5381 mgps=481.3 avgBps=30.20 avgTps=4943 avgMGps=457.2 elapsed=2h15m36s
Jul 27 18:38:15 nimbus-eth1-mainnet-short-benchmark[3656577]: INF 2026-07-27 18:38:15.000+00:00 Imported blocks                            blockNumber=20253953 slot=9460253 blocks=253952 txs=41454921 mgas=3844385 bps=29.78 tps=4468 mgps=451.8 avgBps=30.19 avgTps=4928 avgMGps=457.0 elapsed=2h20m11s
Jul 27 18:42:36 nimbus-eth1-mainnet-short-benchmark[3656577]: INF 2026-07-27 18:42:36.693+00:00 Imported blocks                            blockNumber=20262145 slot=9468495 blocks=262144 txs=42726051 mgas=3968623 bps=31.30 tps=4857 mgps=474.7 avgBps=30.22 avgTps=4926 avgMGps=457.6 elapsed=2h24m33s
Jul 27 18:46:41 nimbus-eth1-mainnet-short-benchmark[3656577]: INF 2026-07-27 18:46:41.301+00:00 Imported blocks                            blockNumber=20270337 slot=9476748 blocks=270336 txs=44050436 mgas=4092682 bps=33.49 tps=5414 mgps=507.2 avgBps=30.31 avgTps=4939 avgMGps=458.9 elapsed=2h28m37s
Jul 27 18:50:29 nimbus-eth1-mainnet-short-benchmark[3656577]: INF 2026-07-27 18:50:29.370+00:00 Imported blocks                            blockNumber=20278529 slot=9484981 blocks=278528 txs=45382368 mgas=4216487 bps=35.92 tps=5840 mgps=542.8 avgBps=30.45 avgTps=4961 avgMGps=461.0 elapsed=2h32m26s
Jul 27 18:54:24 nimbus-eth1-mainnet-short-benchmark[3656577]: INF 2026-07-27 18:54:24.899+00:00 Imported blocks                            blockNumber=20286721 slot=9493213 blocks=286720 txs=46733429 mgas=4340363 bps=34.78 tps=5736 mgps=525.9 avgBps=30.56 avgTps=4981 avgMGps=462.6 elapsed=2h36m21s
Jul 27 18:58:39 nimbus-eth1-mainnet-short-benchmark[3656577]: INF 2026-07-27 18:58:39.227+00:00 Imported blocks                            blockNumber=20294913 slot=9501453 blocks=294912 txs=48075887 mgas=4464376 bps=32.21 tps=5278 mgps=487.6 avgBps=30.61 avgTps=4989 avgMGps=463.3 elapsed=2h40m35s
Jul 27 19:02:49 nimbus-eth1-mainnet-short-benchmark[3656577]: INF 2026-07-27 19:02:49.011+00:00 Imported blocks                            blockNumber=20303105 slot=9509696 blocks=303104 txs=49379538 mgas=4588534 bps=32.80 tps=5219 mgps=497.1 avgBps=30.66 avgTps=4995 avgMGps=464.2 elapsed=2h44m45s
Jul 27 19:06:53 nimbus-eth1-mainnet-short-benchmark[3656577]: INF 2026-07-27 19:06:53.412+00:00 Imported blocks                            blockNumber=20311297 slot=9517922 blocks=311296 txs=50637672 mgas=4712596 bps=33.52 tps=5147 mgps=507.6 avgBps=30.73 avgTps=4998 avgMGps=465.2 elapsed=2h48m50s
Jul 27 19:10:47 nimbus-eth1-mainnet-short-benchmark[3656577]: INF 2026-07-27 19:10:47.417+00:00 Imported blocks                            blockNumber=20319489 slot=9526159 blocks=319488 txs=51981692 mgas=4836521 bps=35.01 tps=5743 mgps=529.6 avgBps=30.83 avgTps=5015 avgMGps=466.7 elapsed=2h52m44s
Jul 27 19:14:22 nimbus-eth1-mainnet-short-benchmark[3656577]: INF 2026-07-27 19:14:22.650+00:00 Imported blocks                            blockNumber=20327681 slot=9534381 blocks=327680 txs=53356123 mgas=4960245 bps=38.06 tps=6385 mgps=574.8 avgBps=30.97 avgTps=5043 avgMGps=468.9 elapsed=2h56m19s
Jul 27 19:17:56 nimbus-eth1-mainnet-short-benchmark[3656577]: INF 2026-07-27 19:17:56.487+00:00 Imported blocks                            blockNumber=20335873 slot=9542617 blocks=335872 txs=54719105 mgas=5084025 bps=38.31 tps=6373 mgps=578.9 avgBps=31.12 avgTps=5069 avgMGps=471.0 elapsed=2h59m53s
Jul 27 19:21:49 nimbus-eth1-mainnet-short-benchmark[3656577]: INF 2026-07-27 19:21:49.923+00:00 Imported blocks                            blockNumber=20344065 slot=9550841 blocks=344064 txs=56021853 mgas=5207843 bps=35.09 tps=5580 mgps=530.4 avgBps=31.20 avgTps=5080 avgMGps=472.3 elapsed=3h3m46s
Jul 27 19:26:16 nimbus-eth1-mainnet-short-benchmark[3656577]: INF 2026-07-27 19:26:16.347+00:00 Imported blocks                            blockNumber=20352257 slot=9559072 blocks=352256 txs=57290408 mgas=5332016 bps=30.75 tps=4761 mgps=466.1 avgBps=31.19 avgTps=5073 avgMGps=472.2 elapsed=3h8m13s
Jul 27 19:30:21 nimbus-eth1-mainnet-short-benchmark[3656577]: INF 2026-07-27 19:30:21.088+00:00 Imported blocks                            blockNumber=20360449 slot=9567308 blocks=360448 txs=58543463 mgas=5456201 bps=33.47 tps=5119 mgps=507.4 avgBps=31.24 avgTps=5074 avgMGps=472.9 elapsed=3h12m17s
Jul 27 19:34:15 nimbus-eth1-mainnet-short-benchmark[3656577]: INF 2026-07-27 19:34:15.257+00:00 Imported blocks                            blockNumber=20368641 slot=9575548 blocks=368640 txs=59874056 mgas=5580204 bps=34.98 tps=5682 mgps=529.5 avgBps=31.32 avgTps=5086 avgMGps=474.0 elapsed=3h16m11s
Jul 27 19:38:18 nimbus-eth1-mainnet-short-benchmark[3656577]: INF 2026-07-27 19:38:18.785+00:00 Imported blocks                            blockNumber=20376833 slot=9583774 blocks=376832 txs=61167066 mgas=5704396 bps=33.64 tps=5309 mgps=510.0 avgBps=31.36 avgTps=5090 avgMGps=474.8 elapsed=3h20m15s
Jul 27 19:42:18 nimbus-eth1-mainnet-short-benchmark[3656577]: INF 2026-07-27 19:42:18.034+00:00 Imported blocks                            blockNumber=20385025 slot=9592009 blocks=385024 txs=62480333 mgas=5828235 bps=34.24 tps=5489 mgps=517.6 avgBps=31.42 avgTps=5098 avgMGps=475.6 elapsed=3h24m14s
Jul 27 19:46:15 nimbus-eth1-mainnet-short-benchmark[3656577]: INF 2026-07-27 19:46:15.183+00:00 Imported blocks                            blockNumber=20393217 slot=9600248 blocks=393216 txs=63800597 mgas=5952136 bps=34.54 tps=5567 mgps=522.5 avgBps=31.48 avgTps=5107 avgMGps=476.5 elapsed=3h28m11s
Jul 27 19:50:02 nimbus-eth1-mainnet-short-benchmark[3656577]: INF 2026-07-27 19:50:02.707+00:00 Imported blocks                            blockNumber=20401409 slot=9608486 blocks=401408 txs=65021243 mgas=6076384 bps=36.00 tps=5364 mgps=546.1 avgBps=31.56 avgTps=5111 avgMGps=477.7 elapsed=3h31m59s
Jul 27 19:54:05 nimbus-eth1-mainnet-short-benchmark[3656577]: INF 2026-07-27 19:54:05.108+00:00 Imported blocks                            blockNumber=20409601 slot=9616707 blocks=409600 txs=66199016 mgas=6200666 bps=33.80 tps=4858 mgps=512.7 avgBps=31.60 avgTps=5107 avgMGps=478.4 elapsed=3h36m1s
Jul 27 19:58:00 nimbus-eth1-mainnet-short-benchmark[3656577]: INF 2026-07-27 19:58:00.085+00:00 Imported blocks                            blockNumber=20417793 slot=9624941 blocks=417792 txs=67453930 mgas=6324823 bps=34.86 tps=5340 mgps=528.4 avgBps=31.66 avgTps=5111 avgMGps=479.3 elapsed=3h39m56s
Jul 27 20:01:28 nimbus-eth1-mainnet-short-benchmark[3656577]: INF 2026-07-27 20:01:28.942+00:00 Imported blocks                            blockNumber=20425985 slot=9633187 blocks=425984 txs=68814904 mgas=6448778 bps=39.22 tps=6516 mgps=593.5 avgBps=31.78 avgTps=5133 avgMGps=481.0 elapsed=3h43m25s
Jul 27 20:04:57 nimbus-eth1-mainnet-short-benchmark[3656577]: INF 2026-07-27 20:04:57.671+00:00 Imported blocks                            blockNumber=20434177 slot=9641422 blocks=434176 txs=70124508 mgas=6572711 bps=39.25 tps=6274 mgps=593.8 avgBps=31.89 avgTps=5150 avgMGps=482.8 elapsed=3h46m54s
Jul 27 20:08:35 nimbus-eth1-mainnet-short-benchmark[3656577]: INF 2026-07-27 20:08:35.932+00:00 Imported blocks                            blockNumber=20442369 slot=9649657 blocks=442368 txs=71403576 mgas=6696451 bps=37.53 tps=5860 mgps=566.9 avgBps=31.98 avgTps=5161 avgMGps=484.1 elapsed=3h50m32s
Jul 27 20:12:35 nimbus-eth1-mainnet-short-benchmark[3656577]: INF 2026-07-27 20:12:35.024+00:00 Imported blocks                            blockNumber=20450561 slot=9657896 blocks=450560 txs=72659905 mgas=6820521 bps=34.26 tps=5254 mgps=518.9 avgBps=32.02 avgTps=5163 avgMGps=484.7 elapsed=3h54m31s
Jul 27 20:16:54 nimbus-eth1-mainnet-short-benchmark[3656577]: INF 2026-07-27 20:16:54.241+00:00 Imported blocks                            blockNumber=20458753 slot=9666114 blocks=458752 txs=73838533 mgas=6945116 bps=31.60 tps=4546 mgps=480.7 avgBps=32.01 avgTps=5152 avgMGps=484.6 elapsed=3h58m50s
Jul 27 20:20:49 nimbus-eth1-mainnet-short-benchmark[3656577]: INF 2026-07-27 20:20:49.301+00:00 Imported blocks                            blockNumber=20466945 slot=9674343 blocks=466944 txs=75124748 mgas=7068943 bps=34.85 tps=5471 mgps=526.8 avgBps=32.06 avgTps=5157 avgMGps=485.3 elapsed=4h2m45s
Jul 27 20:24:42 nimbus-eth1-mainnet-short-benchmark[3656577]: INF 2026-07-27 20:24:42.614+00:00 Imported blocks                            blockNumber=20475137 slot=9682575 blocks=475136 txs=76420106 mgas=7192870 bps=35.11 tps=5552 mgps=531.2 avgBps=32.11 avgTps=5163 avgMGps=486.0 elapsed=4h6m39s
Jul 27 20:28:25 nimbus-eth1-mainnet-short-benchmark[3656577]: INF 2026-07-27 20:28:25.391+00:00 Imported blocks                            blockNumber=20483329 slot=9690800 blocks=483328 txs=77675422 mgas=7316939 bps=36.77 tps=5634 mgps=556.9 avgBps=32.17 avgTps=5170 avgMGps=487.1 elapsed=4h10m22s
Jul 27 20:32:06 nimbus-eth1-mainnet-short-benchmark[3656577]: INF 2026-07-27 20:32:06.132+00:00 Imported blocks                            blockNumber=20491521 slot=9699019 blocks=491520 txs=78951232 mgas=7440784 bps=37.11 tps=5779 mgps=561.1 avgBps=32.25 avgTps=5179 avgMGps=488.2 elapsed=4h14m2s
Jul 27 20:36:02 nimbus-eth1-mainnet-short-benchmark[3656577]: INF 2026-07-27 20:36:02.376+00:00 Imported blocks                            blockNumber=20499713 slot=9707248 blocks=499712 txs=80189642 mgas=7564669 bps=34.68 tps=5241 mgps=524.4 avgBps=32.28 avgTps=5180 avgMGps=488.7 elapsed=4h17m59s
Jul 27 20:40:03 nimbus-eth1-mainnet-short-benchmark[3656577]: INF 2026-07-27 20:40:03.909+00:00 Imported blocks                            blockNumber=20507905 slot=9715488 blocks=507904 txs=81317763 mgas=7689208 bps=33.92 tps=4670 mgps=515.6 avgBps=32.31 avgTps=5172 avgMGps=489.1 elapsed=4h22m601ms
Jul 27 20:43:40 nimbus-eth1-mainnet-short-benchmark[3656577]: INF 2026-07-27 20:43:40.482+00:00 Imported blocks                            blockNumber=20516097 slot=9723715 blocks=516096 txs=82520262 mgas=7813209 bps=37.83 tps=5552 mgps=572.6 avgBps=32.38 avgTps=5177 avgMGps=490.3 elapsed=4h25m37s
Jul 27 20:47:29 nimbus-eth1-mainnet-short-benchmark[3656577]: INF 2026-07-27 20:47:29.371+00:00 Imported blocks                            blockNumber=20524289 slot=9731945 blocks=524288 txs=83780075 mgas=7937233 bps=35.79 tps=5504 mgps=541.9 avgBps=32.43 avgTps=5182 avgMGps=491.0 elapsed=4h29m26s
Jul 27 20:51:18 nimbus-eth1-mainnet-short-benchmark[3656577]: INF 2026-07-27 20:51:18.747+00:00 Imported blocks                            blockNumber=20532481 slot=9740183 blocks=532480 txs=85263862 mgas=8061024 bps=35.71 tps=6468 mgps=539.7 avgBps=32.48 avgTps=5200 avgMGps=491.7 elapsed=4h33m15s
Jul 27 20:55:14 nimbus-eth1-mainnet-short-benchmark[3656577]: INF 2026-07-27 20:55:14.888+00:00 Imported blocks                            blockNumber=20540673 slot=9748418 blocks=540672 txs=86612143 mgas=8185090 bps=34.69 tps=5709 mgps=525.4 avgBps=32.51 avgTps=5207 avgMGps=492.1 elapsed=4h37m11s
Jul 27 20:59:19 nimbus-eth1-mainnet-short-benchmark[3656577]: INF 2026-07-27 20:59:19.693+00:00 Imported blocks                            blockNumber=20548865 slot=9756662 blocks=548864 txs=87802991 mgas=8309513 bps=33.46 tps=4864 mgps=508.3 avgBps=32.52 avgTps=5202 avgMGps=492.4 elapsed=4h41m16s
Jul 27 21:03:20 nimbus-eth1-mainnet-short-benchmark[3656577]: INF 2026-07-27 21:03:20.941+00:00 Imported blocks                            blockNumber=20557057 slot=9764892 blocks=557056 txs=88964987 mgas=8433956 bps=33.96 tps=4816 mgps=515.8 avgBps=32.54 avgTps=5197 avgMGps=492.7 elapsed=4h45m17s
Jul 27 21:07:10 nimbus-eth1-mainnet-short-benchmark[3656577]: INF 2026-07-27 21:07:10.550+00:00 Imported blocks                            blockNumber=20565249 slot=9773131 blocks=565248 txs=90186094 mgas=8558113 bps=35.68 tps=5318 mgps=540.7 avgBps=32.58 avgTps=5198 avgMGps=493.3 elapsed=4h49m7s
Jul 27 21:11:03 nimbus-eth1-mainnet-short-benchmark[3656577]: INF 2026-07-27 21:11:03.315+00:00 Imported blocks                            blockNumber=20573441 slot=9781369 blocks=573440 txs=91404654 mgas=8682228 bps=35.19 tps=5235 mgps=533.2 avgBps=32.62 avgTps=5199 avgMGps=493.9 elapsed=4h53m4ms
Jul 27 21:14:51 nimbus-eth1-mainnet-short-benchmark[3656577]: INF 2026-07-27 21:14:51.463+00:00 Imported blocks                            blockNumber=20581633 slot=9789611 blocks=581632 txs=92628389 mgas=8806651 bps=35.91 tps=5363 mgps=545.4 avgBps=32.66 avgTps=5201 avgMGps=494.5 elapsed=4h56m48s
Jul 27 21:18:46 nimbus-eth1-mainnet-short-benchmark[3656577]: INF 2026-07-27 21:18:46.100+00:00 Imported blocks                            blockNumber=20589825 slot=9797855 blocks=589824 txs=93887208 mgas=8931023 bps=34.91 tps=5364 mgps=530.1 avgBps=32.69 avgTps=5203 avgMGps=495.0 elapsed=5h42s789ms
Jul 27 21:22:43 nimbus-eth1-mainnet-short-benchmark[3656577]: INF 2026-07-27 21:22:43.221+00:00 Imported blocks                            blockNumber=20598017 slot=9806095 blocks=598016 txs=95163338 mgas=9055310 bps=34.55 tps=5381 mgps=524.1 avgBps=32.71 avgTps=5205 avgMGps=495.4 elapsed=5h4m39s
Jul 27 21:26:40 nimbus-eth1-mainnet-short-benchmark[3656577]: INF 2026-07-27 21:26:40.785+00:00 Imported blocks                            blockNumber=20606209 slot=9814347 blocks=606208 txs=96334664 mgas=9179976 bps=34.48 tps=4930 mgps=524.8 avgBps=32.74 avgTps=5202 avgMGps=495.7 elapsed=5h8m37s
Jul 27 21:30:29 nimbus-eth1-mainnet-short-benchmark[3656577]: INF 2026-07-27 21:30:29.666+00:00 Imported blocks                            blockNumber=20614401 slot=9822581 blocks=614400 txs=97573414 mgas=9304574 bps=35.79 tps=5412 mgps=544.4 avgBps=32.77 avgTps=5204 avgMGps=496.3 elapsed=5h12m26s
Jul 27 21:34:20 nimbus-eth1-mainnet-short-benchmark[3656577]: INF 2026-07-27 21:34:20.643+00:00 Imported blocks                            blockNumber=20622593 slot=9830821 blocks=622592 txs=98874772 mgas=9428835 bps=35.47 tps=5634 mgps=538.0 avgBps=32.81 avgTps=5210 avgMGps=496.8 elapsed=5h16m17s
Jul 27 21:38:05 nimbus-eth1-mainnet-short-benchmark[3656577]: INF 2026-07-27 21:38:05.372+00:00 Imported blocks                            blockNumber=20630785 slot=9839058 blocks=630784 txs=100178707 mgas=9553009 bps=36.45 tps=5802 mgps=552.6 avgBps=32.85 avgTps=5217 avgMGps=497.5 elapsed=5h20m2s
Jul 27 21:41:58 nimbus-eth1-mainnet-short-benchmark[3656577]: INF 2026-07-27 21:41:58.384+00:00 Imported blocks                            blockNumber=20638977 slot=9847313 blocks=638976 txs=101489116 mgas=9677171 bps=35.16 tps=5623 mgps=532.8 avgBps=32.88 avgTps=5221 avgMGps=497.9 elapsed=5h23m55s
Jul 27 21:45:48 nimbus-eth1-mainnet-short-benchmark[3656577]: INF 2026-07-27 21:45:48.373+00:00 Imported blocks                            blockNumber=20647169 slot=9855549 blocks=647168 txs=102730058 mgas=9801643 bps=35.62 tps=5395 mgps=541.2 avgBps=32.91 avgTps=5223 avgMGps=498.4 elapsed=5h27m45s
Jul 27 21:49:51 nimbus-eth1-mainnet-short-benchmark[3656577]: INF 2026-07-27 21:49:51.278+00:00 Imported blocks                            blockNumber=20655361 slot=9863778 blocks=655360 txs=103868002 mgas=9926541 bps=33.73 tps=4684 mgps=514.2 avgBps=32.92 avgTps=5217 avgMGps=498.6 elapsed=5h31m47s
Jul 27 21:53:39 nimbus-eth1-mainnet-short-benchmark[3656577]: INF 2026-07-27 21:53:39.179+00:00 Imported blocks                            blockNumber=20663553 slot=9872013 blocks=663552 txs=105112198 mgas=10051274 bps=35.95 tps=5459 mgps=547.3 avgBps=32.95 avgTps=5220 avgMGps=499.2 elapsed=5h35m35s
Jul 27 21:57:17 nimbus-eth1-mainnet-short-benchmark[3656577]: INF 2026-07-27 21:57:17.027+00:00 Imported blocks                            blockNumber=20671745 slot=9880241 blocks=671744 txs=106395904 mgas=10175177 bps=37.60 tps=5892 mgps=568.8 avgBps=33.00 avgTps=5227 avgMGps=499.9 elapsed=5h39m13s
Jul 27 22:00:58 nimbus-eth1-mainnet-short-benchmark[3656577]: INF 2026-07-27 22:00:58.840+00:00 Imported blocks                            blockNumber=20679937 slot=9888471 blocks=679936 txs=107674271 mgas=10299404 bps=36.93 tps=5763 mgps=560.0 avgBps=33.05 avgTps=5233 avgMGps=500.6 elapsed=5h42m55s
Jul 27 22:04:31 nimbus-eth1-mainnet-short-benchmark[3656577]: INF 2026-07-27 22:04:31.801+00:00 Imported blocks                            blockNumber=20688129 slot=9896698 blocks=688128 txs=108938536 mgas=10423298 bps=38.47 tps=5936 mgps=581.8 avgBps=33.10 avgTps=5240 avgMGps=501.4 elapsed=5h46m28s
Jul 27 22:08:18 nimbus-eth1-mainnet-short-benchmark[3656577]: INF 2026-07-27 22:08:18.082+00:00 Imported blocks                            blockNumber=20696321 slot=9904930 blocks=696320 txs=110235786 mgas=10547469 bps=36.20 tps=5732 mgps=548.7 avgBps=33.13 avgTps=5245 avgMGps=501.9 elapsed=5h50m14s
Jul 27 22:12:21 nimbus-eth1-mainnet-short-benchmark[3656577]: INF 2026-07-27 22:12:21.131+00:00 Imported blocks                            blockNumber=20704513 slot=9913154 blocks=704512 txs=111483759 mgas=10671677 bps=33.71 tps=5134 mgps=511.0 avgBps=33.14 avgTps=5244 avgMGps=502.0 elapsed=5h54m17s
Jul 27 22:16:09 nimbus-eth1-mainnet-short-benchmark[3656577]: INF 2026-07-27 22:16:09.179+00:00 Imported blocks                            blockNumber=20712705 slot=9921388 blocks=712704 txs=112764170 mgas=10795980 bps=35.92 tps=5614 mgps=545.1 avgBps=33.17 avgTps=5248 avgMGps=502.5 elapsed=5h58m5s
Jul 27 22:19:44 nimbus-eth1-mainnet-short-benchmark[3656577]: INF 2026-07-27 22:19:44.616+00:00 Imported blocks                            blockNumber=20720897 slot=9929633 blocks=720896 txs=114110517 mgas=10919926 bps=38.03 tps=6249 mgps=575.3 avgBps=33.22 avgTps=5258 avgMGps=503.2 elapsed=6h1m41s
Jul 27 22:23:26 nimbus-eth1-mainnet-short-benchmark[3656577]: INF 2026-07-27 22:23:26.685+00:00 Imported blocks                            blockNumber=20729089 slot=9937869 blocks=729088 txs=115449431 mgas=11043768 bps=36.89 tps=6029 mgps=557.7 avgBps=33.26 avgTps=5266 avgMGps=503.7 elapsed=6h5m23s
Jul 27 22:27:00 nimbus-eth1-mainnet-short-benchmark[3656577]: INF 2026-07-27 22:27:00.778+00:00 Imported blocks                            blockNumber=20737281 slot=9946108 blocks=737280 txs=116784468 mgas=11167784 bps=38.26 tps=6235 mgps=579.3 avgBps=33.30 avgTps=5275 avgMGps=504.5 elapsed=6h8m57s
Jul 27 22:30:43 nimbus-eth1-mainnet-short-benchmark[3656577]: INF 2026-07-27 22:30:43.967+00:00 Imported blocks                            blockNumber=20745473 slot=9954342 blocks=745472 txs=118101003 mgas=11291742 bps=36.70 tps=5898 mgps=555.4 avgBps=33.34 avgTps=5281 avgMGps=505.0 elapsed=6h12m40s
Jul 27 22:34:42 nimbus-eth1-mainnet-short-benchmark[3656577]: INF 2026-07-27 22:34:42.964+00:00 Imported blocks                            blockNumber=20753665 slot=9962581 blocks=753664 txs=119337525 mgas=11415859 bps=34.28 tps=5173 mgps=519.3 avgBps=33.35 avgTps=5280 avgMGps=505.1 elapsed=6h16m39s
Jul 27 22:38:29 nimbus-eth1-mainnet-short-benchmark[3656577]: INF 2026-07-27 22:38:29.468+00:00 Imported blocks                            blockNumber=20761857 slot=9970803 blocks=761856 txs=120564314 mgas=11540225 bps=36.17 tps=5416 mgps=549.1 avgBps=33.38 avgTps=5281 avgMGps=505.6 elapsed=6h20m26s
Jul 27 22:42:05 nimbus-eth1-mainnet-short-benchmark[3656577]: INF 2026-07-27 22:42:05.401+00:00 Imported blocks                            blockNumber=20770049 slot=9979058 blocks=770048 txs=121858083 mgas=11663918 bps=37.94 tps=5991 mgps=572.8 avgBps=33.42 avgTps=5288 avgMGps=506.2 elapsed=6h24m2s
Jul 27 22:45:32 nimbus-eth1-mainnet-short-benchmark[3656577]: INF 2026-07-27 22:45:32.942+00:00 Imported blocks                            blockNumber=20778241 slot=9987307 blocks=778240 txs=123161734 mgas=11787906 bps=39.47 tps=6281 mgps=597.4 avgBps=33.47 avgTps=5297 avgMGps=507.0 elapsed=6h27m29s
Jul 27 22:48:56 nimbus-eth1-mainnet-short-benchmark[3656577]: INF 2026-07-27 22:48:56.212+00:00 Imported blocks                            blockNumber=20786433 slot=9995542 blocks=786432 txs=124509456 mgas=11911612 bps=40.30 tps=6630 mgps=608.6 avgBps=33.53 avgTps=5308 avgMGps=507.9 elapsed=6h30m52s
Jul 27 22:52:23 nimbus-eth1-mainnet-short-benchmark[3656577]: INF 2026-07-27 22:52:23.557+00:00 Imported blocks                            blockNumber=20794625 slot=10003781 blocks=794624 txs=125848921 mgas=12035338 bps=39.51 tps=6459 mgps=596.7 avgBps=33.58 avgTps=5319 avgMGps=508.7 elapsed=6h34m20s
Jul 27 22:55:56 nimbus-eth1-mainnet-short-benchmark[3656577]: INF 2026-07-27 22:55:56.006+00:00 Imported blocks                            blockNumber=20802817 slot=10012028 blocks=802816 txs=127089868 mgas=12158989 bps=38.56 tps=5841 mgps=582.0 avgBps=33.63 avgTps=5323 avgMGps=509.3 elapsed=6h37m52s
Jul 27 22:59:36 nimbus-eth1-mainnet-short-benchmark[3656577]: INF 2026-07-27 22:59:36.186+00:00 Imported blocks                            blockNumber=20811009 slot=10020249 blocks=811008 txs=128299762 mgas=12282850 bps=37.21 tps=5494 mgps=562.5 avgBps=33.66 avgTps=5325 avgMGps=509.8 elapsed=6h41m32s
Jul 27 23:03:02 nimbus-eth1-mainnet-short-benchmark[3656577]: INF 2026-07-27 23:03:02.200+00:00 Imported blocks                            blockNumber=20819201 slot=10028481 blocks=819200 txs=129596319 mgas=12406594 bps=39.76 tps=6293 mgps=600.7 avgBps=33.71 avgTps=5333 avgMGps=510.6 elapsed=6h44m58s
Jul 27 23:06:28 nimbus-eth1-mainnet-short-benchmark[3656577]: INF 2026-07-27 23:06:28.649+00:00 Imported blocks                            blockNumber=20827393 slot=10036710 blocks=827392 txs=130916729 mgas=12530249 bps=39.68 tps=6395 mgps=599.0 avgBps=33.76 avgTps=5342 avgMGps=511.3 elapsed=6h48m25s
Jul 27 23:09:53 nimbus-eth1-mainnet-short-benchmark[3656577]: INF 2026-07-27 23:09:53.946+00:00 Imported blocks                            blockNumber=20835585 slot=10044938 blocks=835584 txs=132226625 mgas=12654070 bps=39.90 tps=6380 mgps=603.1 avgBps=33.81 avgTps=5351 avgMGps=512.1 elapsed=6h51m50s
Jul 27 23:13:30 nimbus-eth1-mainnet-short-benchmark[3656577]: INF 2026-07-27 23:13:30.831+00:00 Imported blocks                            blockNumber=20843777 slot=10053164 blocks=843776 txs=133604192 mgas=12777730 bps=37.77 tps=6351 mgps=570.2 avgBps=33.85 avgTps=5359 avgMGps=512.6 elapsed=6h55m27s
Jul 27 23:17:33 nimbus-eth1-mainnet-short-benchmark[3656577]: INF 2026-07-27 23:17:33.415+00:00 Imported blocks                            blockNumber=20851969 slot=10061391 blocks=851968 txs=134900706 mgas=12901664 bps=33.77 tps=5344 mgps=510.9 avgBps=33.85 avgTps=5359 avgMGps=512.6 elapsed=6h59m30s
Jul 27 23:21:26 nimbus-eth1-mainnet-short-benchmark[3656577]: INF 2026-07-27 23:21:26.384+00:00 Imported blocks                            blockNumber=20860161 slot=10069622 blocks=860160 txs=136168750 mgas=13025603 bps=35.16 tps=5442 mgps=532.0 avgBps=33.86 avgTps=5360 avgMGps=512.8 elapsed=7h3m23s
Jul 27 23:25:14 nimbus-eth1-mainnet-short-benchmark[3656577]: INF 2026-07-27 23:25:14.661+00:00 Imported blocks                            blockNumber=20868353 slot=10077838 blocks=868352 txs=137550724 mgas=13149742 bps=35.89 tps=6053 mgps=543.8 avgBps=33.88 avgTps=5366 avgMGps=513.0 elapsed=7h7m11s
Jul 27 23:29:01 nimbus-eth1-mainnet-short-benchmark[3656577]: INF 2026-07-27 23:29:01.777+00:00 Imported blocks                            blockNumber=20876545 slot=10086066 blocks=876544 txs=138954673 mgas=13273457 bps=36.07 tps=6181 mgps=544.7 avgBps=33.90 avgTps=5373 avgMGps=513.3 elapsed=7h10m58s
Jul 27 23:32:44 nimbus-eth1-mainnet-short-benchmark[3656577]: INF 2026-07-27 23:32:44.298+00:00 Imported blocks                            blockNumber=20884737 slot=10094286 blocks=884736 txs=140256178 mgas=13397479 bps=36.82 tps=5848 mgps=557.4 avgBps=33.92 avgTps=5377 avgMGps=513.7 elapsed=7h14m40s
Jul 27 23:36:20 nimbus-eth1-mainnet-short-benchmark[3656577]: INF 2026-07-27 23:36:20.147+00:00 Imported blocks                            blockNumber=20892929 slot=10102512 blocks=892928 txs=141581868 mgas=13521575 bps=37.95 tps=6141 mgps=574.9 avgBps=33.96 avgTps=5383 avgMGps=514.2 elapsed=7h18m16s
Jul 27 23:39:56 nimbus-eth1-mainnet-short-benchmark[3656577]: INF 2026-07-27 23:39:56.816+00:00 Imported blocks                            blockNumber=20901121 slot=10110732 blocks=901120 txs=142875889 mgas=13645572 bps=37.81 tps=5972 mgps=572.3 avgBps=33.99 avgTps=5388 avgMGps=514.7 elapsed=7h21m53s
Jul 27 23:43:33 nimbus-eth1-mainnet-short-benchmark[3656577]: INF 2026-07-27 23:43:33.569+00:00 Imported blocks                            blockNumber=20909313 slot=10118953 blocks=909312 txs=144102308 mgas=13769390 bps=37.79 tps=5657 mgps=571.2 avgBps=34.02 avgTps=5390 avgMGps=515.1 elapsed=7h25m30s
Jul 27 23:47:05 nimbus-eth1-mainnet-short-benchmark[3656577]: INF 2026-07-27 23:47:05.814+00:00 Imported blocks                            blockNumber=20917505 slot=10127176 blocks=917504 txs=145406349 mgas=13893087 bps=38.60 tps=6144 mgps=582.8 avgBps=34.05 avgTps=5396 avgMGps=515.7 elapsed=7h29m2s
Jul 27 23:50:28 nimbus-eth1-mainnet-short-benchmark[3656577]: INF 2026-07-27 23:50:28.207+00:00 Imported blocks                            blockNumber=20925697 slot=10135394 blocks=925696 txs=146718394 mgas=14016820 bps=40.48 tps=6482 mgps=611.4 avgBps=34.10 avgTps=5405 avgMGps=516.4 elapsed=7h32m24s
Jul 27 23:54:04 nimbus-eth1-mainnet-short-benchmark[3656577]: INF 2026-07-27 23:54:04.016+00:00 Imported blocks                            blockNumber=20933889 slot=10143614 blocks=933888 txs=148049109 mgas=14140625 bps=37.96 tps=6166 mgps=573.7 avgBps=34.13 avgTps=5411 avgMGps=516.8 elapsed=7h36m703ms
Jul 27 23:57:34 nimbus-eth1-mainnet-short-benchmark[3656577]: INF 2026-07-27 23:57:34.381+00:00 Imported blocks                            blockNumber=20942081 slot=10151840 blocks=942080 txs=149397364 mgas=14264352 bps=38.94 tps=6408 mgps=588.1 avgBps=34.17 avgTps=5418 avgMGps=517.4 elapsed=7h39m31s
Jul 28 00:01:08 nimbus-eth1-mainnet-short-benchmark[3656577]: INF 2026-07-28 00:01:08.970+00:00 Imported blocks                            blockNumber=20950273 slot=10160098 blocks=950272 txs=150765507 mgas=14388237 bps=38.18 tps=6375 mgps=577.3 avgBps=34.20 avgTps=5426 avgMGps=517.8 elapsed=7h43m5s
Jul 28 00:04:57 nimbus-eth1-mainnet-short-benchmark[3656577]: INF 2026-07-28 00:04:57.615+00:00 Imported blocks                            blockNumber=20958465 slot=10168363 blocks=958464 txs=152044771 mgas=14511987 bps=35.83 tps=5594 mgps=541.2 avgBps=34.21 avgTps=5427 avgMGps=518.0 elapsed=7h46m54s
Jul 28 00:08:38 nimbus-eth1-mainnet-short-benchmark[3656577]: INF 2026-07-28 00:08:38.516+00:00 Imported blocks                            blockNumber=20966657 slot=10176609 blocks=966656 txs=153365296 mgas=14635804 bps=37.08 tps=5977 mgps=560.5 avgBps=34.24 avgTps=5431 avgMGps=518.4 elapsed=7h50m35s
Jul 28 00:12:15 nimbus-eth1-mainnet-short-benchmark[3656577]: INF 2026-07-28 00:12:15.245+00:00 Imported blocks                            blockNumber=20974849 slot=10184849 blocks=974848 txs=154744917 mgas=14759580 bps=37.80 tps=6365 mgps=571.1 avgBps=34.26 avgTps=5438 avgMGps=518.8 elapsed=7h54m11s
Jul 28 00:15:59 nimbus-eth1-mainnet-short-benchmark[3656577]: INF 2026-07-28 00:15:59.030+00:00 Imported blocks                            blockNumber=20983041 slot=10193086 blocks=983040 txs=156055229 mgas=14883451 bps=36.61 tps=5855 mgps=553.5 avgBps=34.28 avgTps=5442 avgMGps=519.0 elapsed=7h57m55s
Jul 28 00:19:16 nimbus-eth1-mainnet-short-benchmark[3656577]: INF 2026-07-28 00:19:16.227+00:00 Imported blocks                            blockNumber=20991233 slot=10201319 blocks=991232 txs=157563202 mgas=15007557 bps=41.54 tps=7647 mgps=629.4 avgBps=34.33 avgTps=5457 avgMGps=519.8 elapsed=8h1m12s
Jul 28 00:23:02 nimbus-eth1-mainnet-short-benchmark[3656577]: INF 2026-07-28 00:23:02.828+00:00 Imported blocks                            blockNumber=20999425 slot=10209549 blocks=999424 txs=159003277 mgas=15131383 bps=36.15 tps=6355 mgps=546.5 avgBps=34.35 avgTps=5464 avgMGps=520.0 elapsed=8h4m59s
Jul 28 00:23:19 nimbus-eth1-mainnet-short-benchmark[3656577]: INF 2026-07-28 00:23:19.135+00:00 Imported blocks                            blockNumber=21000001 slot=10210128 blocks=1000000 txs=159109486 mgas=15140191 bps=35.32 tps=6512 mgps=540.0 avgBps=34.35 avgTps=5464 avgMGps=520.0 elapsed=8h5m15s
Jul 28 00:23:19 nimbus-eth1-mainnet-short-benchmark[3656577]: NTC 2026-07-28 00:23:19.135+00:00 Import complete                            blockNumber=21000001 slot=10210128 blocks=1000000 txs=159109486 mgas=15140191
Jul 28 00:23:20 nimbus-eth1-mainnet-short-benchmark[3631232]: <<< ending startNimbusWithImport (success)
Jul 28 00:23:20 nimbus-eth1-mainnet-short-benchmark[3631232]: >>> starting moveBenchmarkingFileToRepo
Jul 28 00:23:20 nimbus-eth1-mainnet-short-benchmark[3631232]: >>> copying debug-csv generated by nimbus to benchmarks repo
Jul 28 00:23:20 nimbus-eth1-mainnet-short-benchmark[3631232]: <<< ending moveBenchmarkingFileToRepo (success)
Jul 28 00:23:20 nimbus-eth1-mainnet-short-benchmark[3631232]: >>> starting generateBuildEnvironmentLogFile
Jul 28 00:23:28 nimbus-eth1-mainnet-short-benchmark[3631232]: <<< ending generateBuildEnvironmentLogFile (success)
Jul 28 00:23:28 nimbus-eth1-mainnet-short-benchmark[3631232]: >>> starting generateSystemdServiceLogs
