=== System Information Report ===
>>> Generated on: Sun Aug 30 10:48:39 PM UTC 2026
==========================
>>> CPU Architecture: x86_64
>>> CPU Byte Order: Little Endian
>>> CPU Cores: 16
>>> CPU Model: AMD Ryzen 7 PRO 8700GE w/ Radeon 780M Graphics
>>> CPU Cache Information:
L1d Cache: 256 KiB (8 instances)
L1i Cache: 256 KiB (8 instances)
L2 Cache: 8 MiB (8 instances)
L3 Cache: 16 MiB (1 instance)
>>> RAM Size: 61Gi
>>> Hard Disk Information:
/dev/md2 : 437G total, 199G free
/dev/md1 : 989M total, 690M free
/dev/nvme0n1p1 : 256M total, 256M free
/dev/nvme1n1 : 1.9T total, 486G free
==========================
=== Nimbus-ETH1 Benchmarking Report ===
>>> Total time spent in benchmarking (nanoseconds): 28156824875793
>>> Total time spent in benchmarking (human readable format): 7 hours 49 minutes 16 seconds
>>> Start block number is 20000001
>>> End block number is 21000001
==========================
=== Comparison of last two benchmarks ===
sort: write failed: 'standard output': Broken pipe
sort: write error
sort: write failed: 'standard output': Broken pipe
sort: write error
python /data/status-im/nimbus-eth1/scripts/block-import-stats.py /data/status-im/nimbus-eth1-benchmarks/short-benchmark/20260830T063907_7d25cbb6/blocks-import-benchmark.csv /data/status-im/nimbus-eth1-benchmarks/short-benchmark/20260830T144655_eb14e37c/blocks-import-benchmark.csv
blocks-import-benchmark.csv vs blocks-import-benchmark.csv
                      bps_x  bps_y     tps_x     tps_y   time_x   time_y   bpsd   tpsd   timed
block_number                                                                                  
(20000001, 20111112]  29.36  29.48  4,794.20  4,813.43  1h1m26s  1h1m13s  0.38%  0.38%  -0.37%
(20111112, 20222223]  32.84  33.12  5,371.10  5,416.10   58m22s   57m53s  0.85%  0.85%  -0.83%
(20222223, 20333334]  34.49  34.85  5,589.76  5,650.16   51m40s    51m8s  1.06%  1.06%  -1.05%
(20333334, 20444445]  36.33  36.65  5,723.64  5,774.51   52m51s   52m23s  0.89%  0.89%  -0.88%
(20444445, 20555556]  35.81  36.10  5,518.36  5,563.75   49m40s   49m17s  0.81%  0.81%  -0.80%
(20555556, 20666667]  35.96  36.22  5,431.56  5,470.87   53m11s   52m48s  0.73%  0.73%  -0.72%
(20666667, 20777778]  37.68  37.97  5,928.86  5,975.57   47m11s   46m49s  0.78%  0.78%  -0.77%
(20777778, 20888889]  38.87  39.24  6,236.13  6,293.98   49m19s   48m52s  0.94%  0.94%  -0.93%
(20888889, 21000001]  38.79  39.14  6,394.72  6,452.57   49m19s   48m51s  0.92%  0.92%  -0.90%

blocks: 991808, baseline: 7h53m2s, contender: 7h49m16s
Time (total): -3m45s, -0.80%

bpsd = blocks per sec diff (+), tpsd = txs per sec diff, timed = time to process diff (-)
+ = more is better, - = less is better
==========================
