Sep 16 18:02:56 nimbus-eth1-mainnet-short-benchmark[1191328]: >>> starting cloneOrFetchBenchmarksRepo
Sep 16 18:02:57 nimbus-eth1-mainnet-short-benchmark[1191328]: >>> Fetching latest changes for nimbus-eth1-benchmarks...
Sep 16 18:02:58 nimbus-eth1-mainnet-short-benchmark[1191376]: HEAD is now at f83fec3 chore: update short benchmark Readme
Sep 16 18:02:59 nimbus-eth1-mainnet-short-benchmark[1191328]: <<< ending cloneOrFetchBenchmarksRepo (success)
Sep 16 18:02:59 nimbus-eth1-mainnet-short-benchmark[1191328]: >>> starting cloneOrFetchNimbusRepo
Sep 16 18:03:11 nimbus-eth1-mainnet-short-benchmark[1191328]: >>> Fetching latest changes for nimbus-eth1...
Sep 16 18:03:12 nimbus-eth1-mainnet-short-benchmark[1191751]: From https://github.com/status-im/nimbus-eth1
Sep 16 18:03:12 nimbus-eth1-mainnet-short-benchmark[1191751]:    157433bfa..e63f573ca  master              -> origin/master
Sep 16 18:03:12 nimbus-eth1-mainnet-short-benchmark[1191751]:    fd9e0aee6..74720f762  static-storage-vids -> origin/static-storage-vids
Sep 16 18:03:12 nimbus-eth1-mainnet-short-benchmark[1191760]: HEAD is now at e63f573ca stateless: KZG point evaluation with the zkVM accelerator (#4803)
Sep 16 18:03:12 nimbus-eth1-mainnet-short-benchmark[1191328]: >>> Found last benchmarked commit: 157433bf
Sep 16 18:03:12 nimbus-eth1-mainnet-short-benchmark[1191328]: >>> Using next commit: e63f573ca1324072f096674cdd421da893832c25
Sep 16 18:03:12 nimbus-eth1-mainnet-short-benchmark[1191779]: HEAD is now at e63f573ca stateless: KZG point evaluation with the zkVM accelerator (#4803)
Sep 16 18:03:12 nimbus-eth1-mainnet-short-benchmark[1191328]: >>> Current commit: e63f573ca
Sep 16 18:03:12 nimbus-eth1-mainnet-short-benchmark[1191328]: <<< ending cloneOrFetchNimbusRepo (success)
Sep 16 18:03:12 nimbus-eth1-mainnet-short-benchmark[1191328]: >>> starting buildBinaries
Sep 16 18:03:12 nimbus-eth1-mainnet-short-benchmark[1191328]: >>> Building binaries for commit e63f573c...
Sep 16 18:03:14 nimbus-eth1-mainnet-short-benchmark[1192997]: Submodule path 'vendor/nim-boringssl': checked out 'bf0272b328ae0c995e0fccb3b323b4e2042bfa0b'
Sep 16 18:03:14 nimbus-eth1-mainnet-short-benchmark[1193096]: Submodule path 'vendor/nim-boringssl/boringssl': checked out '88341070936d28e08f82db1326c73d67962cd043'
Sep 16 18:03:20 nimbus-eth1-mainnet-short-benchmark[1197341]: Building: Nim compiler
Sep 16 18:06:26 nimbus-eth1-mainnet-short-benchmark[1197341]: Building custom Nimble commit: 42ef70c2102a942c46f13eb76872326edd525cec
Sep 16 18:06:36 nimbus-eth1-mainnet-short-benchmark[1197341]: Building Nimble...
Sep 16 18:06:46 nimbus-eth1-mainnet-short-benchmark[1197341]: Replacing nimble binary...
Sep 16 18:06:54 nimbus-eth1-mainnet-short-benchmark[1214021]: Building: build/generate_makefile
Sep 16 18:06:54 nimbus-eth1-mainnet-short-benchmark[1213885]: ROCKSDB CACHED VERSION: 11.8.1
Sep 16 18:06:54 nimbus-eth1-mainnet-short-benchmark[1214286]: RocksDb static libraries already built. Skipping build.
Sep 16 18:06:54 nimbus-eth1-mainnet-short-benchmark[1214021]: Build completed successfully: build/generate_makefile
Sep 16 18:06:54 nimbus-eth1-mainnet-short-benchmark[1214340]: Building: build/nimbus_execution_client
Sep 16 18:09:17 nimbus-eth1-mainnet-short-benchmark[1214340]: Build completed successfully: build/nimbus_execution_client
Sep 16 18:09:17 nimbus-eth1-mainnet-short-benchmark[1191328]: >>> renaming binaries to match commit they were built from
Sep 16 18:09:17 nimbus-eth1-mainnet-short-benchmark[1191328]: >>> creating a symbolic link to the latest version
Sep 16 18:09:17 nimbus-eth1-mainnet-short-benchmark[1191328]: >>> deleting copies that are older than N days
Sep 16 18:09:17 nimbus-eth1-mainnet-short-benchmark[1191328]: <<< ending buildBinaries (success)
Sep 16 18:09:17 nimbus-eth1-mainnet-short-benchmark[1191328]: >>> starting skipOrContinueBenchmark
Sep 16 18:09:17 nimbus-eth1-mainnet-short-benchmark[1191328]: <<< ending skipOrContinueBenchmark (success)
Sep 16 18:09:17 nimbus-eth1-mainnet-short-benchmark[1191328]: >>> starting copyTemplateDatabase
Sep 16 18:09:17 nimbus-eth1-mainnet-short-benchmark[1191328]: >>> Copying template db into nimbus data directory
Sep 16 18:12:28 nimbus-eth1-mainnet-short-benchmark[1191328]: >>> Template db copied
Sep 16 18:12:28 nimbus-eth1-mainnet-short-benchmark[1191328]: >>> making nimbus the owner of the copied files
Sep 16 18:12:28 nimbus-eth1-mainnet-short-benchmark[1191328]: <<< ending copyTemplateDatabase (success)
Sep 16 18:12:28 nimbus-eth1-mainnet-short-benchmark[1191328]: >>> starting startNimbusWithImport
Sep 16 18:12:28 nimbus-eth1-mainnet-short-benchmark[1220033]: INF 2026-09-16 18:12:28.574+00:00 Launching execution client                 version=v0.4.1-e63f573c config="(configFile: none(InputFile), dataDirFlag: some(/data/status-im/nimbus-eth1/data/shared_mainnet_0), era1DirFlag: some(/data/era1), eraDirFlag: some(/data/era), ereDirFlag: none(OutDir), keyStoreDirFlag: none(OutDir), importKey: , trustedSetupFile: none(string), extraData: Nimbus/v0.4.1-e63f573c, gasLimit: none(uint64), maxBlobs: none(byte), network: [mainnet], logLevel: INFO, logFormat: auto, metricsEnabled: false, metricsPort: 9093, metricsAddress: 127.0.0.1, bootstrapNodes: [], elBootstrapNodes: [], bootstrapFile: , elBootstrapFile: , staticPeers: [], staticPeersFile: , reconnectMaxRetry: 0, reconnectInterval: 15, listenAddress: ::, tcpPort: 30303, udpPortFlag: none(Port), maxPeersOpt: none(int), elMaxPeersOpt: none(int), nat: (hasExtIp: false, nat: NatAny), discv5: true, netKey: random, agentString: Nimbus/v0.4.1-e63f573c/linux-amd64/Nim-2.2.12, numThreads: 0, persistBatchSize: 4, dynamicBatchSize: false, rocksdbMaxOpenFiles: 2048, rocksdbWriteBufferSize: 67108864, rocksdbRowCacheSize: 0, rocksdbBlockCacheSize: 2147483648, rocksdbBlockCacheType: hyperclock, rdbVtxCacheSize: 536870912, rdbKeyCacheSize: 1342177280, rdbBranchCacheSize: 1073741824, rdbPrintStats: false, rewriteDatadirId: true, aristoDbMaxSnapshots: 5, parallelStateRootComputation: false, parallelSenderRecovery: true, optimisticStatePrefetch: false, balStatePrefetch: false, balStatePrefetchWorkers: 0, balParallelExecution: false, balPruning: true, eagerStateRootCheck: false, deserializeFcState: true, statelessProvider: false, statelessWitnessValidation: false, cmd: import, maxBlocks: 1000000, chunkSize: 8192, csvStats: some("/data/host-benchmarks/short/4e6eaeb583194d51977b529edc42fc57/blocks-import-benchmark.csv"), validation: false, fullValidation: false, storeBodies: false, storeReceipts: false, storeSlotHashes: false)"
Sep 16 18:12:28 nimbus-eth1-mainnet-short-benchmark[1220033]: WRN 2026-09-16 18:12:28.582+00:00 Data directory has insecure permissions. Correcting them. data_dir=/data/status-im/nimbus-eth1/data/shared_mainnet_0 current_permissions=0755 required_permissions=0700
Sep 16 18:12:30 nimbus-eth1-mainnet-short-benchmark[1220033]: INF 2026-09-16 18:12:30.414+00:00 Taskpool started                           numThreads=16
Sep 16 18:12:30 nimbus-eth1-mainnet-short-benchmark[1220033]: CreateIOUring failed: Invalid argument (errno=22), thread=139949436988672
Sep 16 18:12:30 nimbus-eth1-mainnet-short-benchmark[1220033]: INF 2026-09-16 18:12:30.554+00:00 Database initialized                       base="(0xd24fd73f794058a3807db926d8898c6481e902b7edb91ce0d479d6760f276183, 20000000)" finalized="(0xd24fd73f794058a3807db926d8898c6481e902b7edb91ce0d479d6760f276183, 20000000)" head="(0xd4e56740f876aef8c010b86a40d5f56745a118d0906a34e69aec8c0db1cb8fa3, 0)"
Sep 16 18:12:30 nimbus-eth1-mainnet-short-benchmark[1220033]: NTC 2026-09-16 18:12:30.558+00:00 Could not open ere database, falling back to era1/era import ereDir=/data/status-im/nimbus-eth1/data/shared_mainnet_0/ere networkName=mainnet error="No ere files found in /data/status-im/nimbus-eth1/data/shared_mainnet_0/ere"
Sep 16 18:12:30 nimbus-eth1-mainnet-short-benchmark[1220033]: NTC 2026-09-16 18:12:30.558+00:00 Importing era archive                      blockNumber=20000001 dataDir=/data/status-im/nimbus-eth1/data/shared_mainnet_0 eraDir=/data/era
Sep 16 18:12:32 nimbus-eth1-mainnet-short-benchmark[1220033]: NTC 2026-09-16 18:12:32.798+00:00 Matched block to slot number               blockNumber=20000001 slot=9204783
Sep 16 18:18:31 nimbus-eth1-mainnet-short-benchmark[1220033]: INF 2026-09-16 18:18:31.465+00:00 Imported blocks                            blockNumber=20008193 slot=9213020 blocks=8192 txs=1226966 mgas=124237 bps=22.70 tps=3399 mgps=344.2 avgBps=22.70 avgTps=3399 avgMGps=344.2 elapsed=6m913ms448us
Sep 16 18:23:55 nimbus-eth1-mainnet-short-benchmark[1220033]: INF 2026-09-16 18:23:55.609+00:00 Imported blocks                            blockNumber=20016385 slot=9221256 blocks=16384 txs=2540380 mgas=248071 bps=25.27 tps=4051 mgps=382.0 avgBps=23.92 avgTps=3708 avgMGps=362.1 elapsed=11m25s55ms
Sep 16 18:29:02 nimbus-eth1-mainnet-short-benchmark[1220033]: INF 2026-09-16 18:29:02.360+00:00 Imported blocks                            blockNumber=20024577 slot=9229485 blocks=24576 txs=3869398 mgas=372018 bps=26.71 tps=4332 mgps=404.1 avgBps=24.78 avgTps=3901 avgMGps=375.1 elapsed=16m31s808ms
Sep 16 18:33:38 nimbus-eth1-mainnet-short-benchmark[1220033]: INF 2026-09-16 18:33:38.709+00:00 Imported blocks                            blockNumber=20032769 slot=9237722 blocks=32768 txs=5222766 mgas=495797 bps=29.64 tps=4897 mgps=447.9 avgBps=25.84 avgTps=4118 avgMGps=391.0 elapsed=21m8s154ms
Sep 16 18:38:03 nimbus-eth1-mainnet-short-benchmark[1220033]: INF 2026-09-16 18:38:03.313+00:00 Imported blocks                            blockNumber=20040961 slot=9245957 blocks=40960 txs=6566802 mgas=619586 bps=30.96 tps=5079 mgps=467.8 avgBps=26.72 avgTps=4284 avgMGps=404.2 elapsed=25m32s759ms
Sep 16 18:42:50 nimbus-eth1-mainnet-short-benchmark[1220033]: INF 2026-09-16 18:42:50.133+00:00 Imported blocks                            blockNumber=20049153 slot=9254196 blocks=49152 txs=7904746 mgas=743522 bps=28.56 tps=4664 mgps=432.1 avgBps=27.01 avgTps=4344 avgMGps=408.6 elapsed=30m19s580ms
Sep 16 18:47:27 nimbus-eth1-mainnet-short-benchmark[1220033]: INF 2026-09-16 18:47:27.333+00:00 Imported blocks                            blockNumber=20057345 slot=9262435 blocks=57344 txs=9212009 mgas=867360 bps=29.55 tps=4715 mgps=446.7 avgBps=27.35 avgTps=4393 avgMGps=413.7 elapsed=34m56s781ms
Sep 16 18:51:43 nimbus-eth1-mainnet-short-benchmark[1220033]: INF 2026-09-16 18:51:43.029+00:00 Imported blocks                            blockNumber=20065537 slot=9270674 blocks=65536 txs=10559018 mgas=991371 bps=32.04 tps=5268 mgps=485.0 avgBps=27.86 avgTps=4488 avgMGps=421.4 elapsed=39m12s475ms
Sep 16 18:55:44 nimbus-eth1-mainnet-short-benchmark[1220033]: INF 2026-09-16 18:55:44.834+00:00 Imported blocks                            blockNumber=20073729 slot=9278910 blocks=73728 txs=11898676 mgas=1115111 bps=33.88 tps=5540 mgps=511.7 avgBps=28.42 avgTps=4586 avgMGps=429.8 elapsed=43m14s277ms
Sep 16 18:59:37 nimbus-eth1-mainnet-short-benchmark[1220033]: INF 2026-09-16 18:59:37.571+00:00 Imported blocks                            blockNumber=20081921 slot=9287152 blocks=81920 txs=13323263 mgas=1239150 bps=35.20 tps=6120 mgps=533.0 avgBps=28.98 avgTps=4712 avgMGps=438.3 elapsed=47m7s17ms
Sep 16 19:03:30 nimbus-eth1-mainnet-short-benchmark[1220033]: INF 2026-09-16 19:03:30.063+00:00 Imported blocks                            blockNumber=20090113 slot=9295408 blocks=90112 txs=14697082 mgas=1363113 bps=35.24 tps=5909 mgps=533.2 avgBps=29.45 avgTps=4803 avgMGps=445.5 elapsed=50m59s509ms
Sep 16 19:07:38 nimbus-eth1-mainnet-short-benchmark[1220033]: INF 2026-09-16 19:07:38.592+00:00 Imported blocks                            blockNumber=20098305 slot=9303658 blocks=98304 txs=16025683 mgas=1487146 bps=32.96 tps=5345 mgps=499.1 avgBps=29.72 avgTps=4844 avgMGps=449.6 elapsed=55m8s33ms
Sep 16 19:11:55 nimbus-eth1-mainnet-short-benchmark[1220033]: INF 2026-09-16 19:11:55.480+00:00 Imported blocks                            blockNumber=20106497 slot=9311895 blocks=106496 txs=17337157 mgas=1611066 bps=31.89 tps=5105 mgps=482.4 avgBps=29.87 avgTps=4863 avgMGps=451.9 elapsed=59m24s922ms
Sep 16 19:15:58 nimbus-eth1-mainnet-short-benchmark[1220033]: INF 2026-09-16 19:15:58.717+00:00 Imported blocks                            blockNumber=20114689 slot=9320146 blocks=114688 txs=18632097 mgas=1735123 bps=33.68 tps=5323 mgps=510.0 avgBps=30.12 avgTps=4892 avgMGps=455.6 elapsed=1h3m28s
Sep 16 19:19:48 nimbus-eth1-mainnet-short-benchmark[1220033]: INF 2026-09-16 19:19:48.581+00:00 Imported blocks                            blockNumber=20122881 slot=9328409 blocks=122880 txs=19937418 mgas=1859249 bps=35.64 tps=5678 mgps=540.0 avgBps=30.43 avgTps=4937 avgMGps=460.4 elapsed=1h7m18s
Sep 16 19:23:35 nimbus-eth1-mainnet-short-benchmark[1220033]: INF 2026-09-16 19:23:35.730+00:00 Imported blocks                            blockNumber=20131073 slot=9336660 blocks=131072 txs=21214129 mgas=1983500 bps=36.06 tps=5620 mgps=547.0 avgBps=30.73 avgTps=4973 avgMGps=465.0 elapsed=1h11m5s
Sep 16 19:27:22 nimbus-eth1-mainnet-short-benchmark[1220033]: INF 2026-09-16 19:27:22.423+00:00 Imported blocks                            blockNumber=20139265 slot=9344906 blocks=139264 txs=22579079 mgas=2107571 bps=36.14 tps=6021 mgps=547.3 avgBps=31.00 avgTps=5026 avgMGps=469.2 elapsed=1h14m51s
Sep 16 19:31:52 nimbus-eth1-mainnet-short-benchmark[1220033]: INF 2026-09-16 19:31:52.879+00:00 Imported blocks                            blockNumber=20147457 slot=9353153 blocks=147456 txs=24133322 mgas=2231686 bps=30.29 tps=5746 mgps=458.9 avgBps=30.96 avgTps=5067 avgMGps=468.6 elapsed=1h19m22s
Sep 16 19:36:13 nimbus-eth1-mainnet-short-benchmark[1220033]: INF 2026-09-16 19:36:13.248+00:00 Imported blocks                            blockNumber=20155649 slot=9361407 blocks=155648 txs=25424015 mgas=2356018 bps=31.46 tps=4957 mgps=477.5 avgBps=30.99 avgTps=5061 avgMGps=469.1 elapsed=1h23m42s
Sep 16 19:40:11 nimbus-eth1-mainnet-short-benchmark[1220033]: INF 2026-09-16 19:40:11.472+00:00 Imported blocks                            blockNumber=20163841 slot=9369652 blocks=163840 txs=26749549 mgas=2480207 bps=34.39 tps=5564 mgps=521.3 avgBps=31.14 avgTps=5084 avgMGps=471.4 elapsed=1h27m40s
Sep 16 19:44:04 nimbus-eth1-mainnet-short-benchmark[1220033]: INF 2026-09-16 19:44:04.453+00:00 Imported blocks                            blockNumber=20172033 slot=9377892 blocks=172032 txs=28105316 mgas=2604026 bps=35.16 tps=5819 mgps=531.4 avgBps=31.31 avgTps=5115 avgMGps=474.0 elapsed=1h31m33s
Sep 16 19:48:02 nimbus-eth1-mainnet-short-benchmark[1220033]: INF 2026-09-16 19:48:02.266+00:00 Imported blocks                            blockNumber=20180225 slot=9386128 blocks=180224 txs=29524405 mgas=2728170 bps=34.45 tps=5967 mgps=522.0 avgBps=31.44 avgTps=5151 avgMGps=476.0 elapsed=1h35m31s
Sep 16 19:51:42 nimbus-eth1-mainnet-short-benchmark[1220033]: INF 2026-09-16 19:51:42.342+00:00 Imported blocks                            blockNumber=20188417 slot=9394365 blocks=188416 txs=30849021 mgas=2852023 bps=37.22 tps=6018 mgps=562.8 avgBps=31.66 avgTps=5183 avgMGps=479.2 elapsed=1h39m11s
Sep 16 19:55:48 nimbus-eth1-mainnet-short-benchmark[1220033]: INF 2026-09-16 19:55:48.215+00:00 Imported blocks                            blockNumber=20196609 slot=9402602 blocks=196608 txs=32174755 mgas=2976155 bps=33.32 tps=5391 mgps=504.9 avgBps=31.72 avgTps=5191 avgMGps=480.2 elapsed=1h43m17s
Sep 16 20:00:08 nimbus-eth1-mainnet-short-benchmark[1220033]: INF 2026-09-16 20:00:08.595+00:00 Imported blocks                            blockNumber=20204801 slot=9410840 blocks=204800 txs=33475942 mgas=3100410 bps=31.46 tps=4997 mgps=477.2 avgBps=31.71 avgTps=5183 avgMGps=480.1 elapsed=1h47m38s
Sep 16 20:04:07 nimbus-eth1-mainnet-short-benchmark[1220033]: INF 2026-09-16 20:04:07.516+00:00 Imported blocks                            blockNumber=20212993 slot=9419071 blocks=212992 txs=34798508 mgas=3224370 bps=34.29 tps=5535 mgps=518.8 avgBps=31.80 avgTps=5196 avgMGps=481.5 elapsed=1h51m36s
Sep 16 20:08:03 nimbus-eth1-mainnet-short-benchmark[1220033]: INF 2026-09-16 20:08:03.369+00:00 Imported blocks                            blockNumber=20221185 slot=9427313 blocks=221184 txs=36114045 mgas=3348169 bps=34.73 tps=5577 mgps=524.9 avgBps=31.90 avgTps=5209 avgMGps=482.9 elapsed=1h55m32s
Sep 16 20:11:38 nimbus-eth1-mainnet-short-benchmark[1220033]: INF 2026-09-16 20:11:38.922+00:00 Imported blocks                            blockNumber=20229377 slot=9435549 blocks=229376 txs=37421794 mgas=3472031 bps=38.00 tps=6066 mgps=574.6 avgBps=32.09 avgTps=5235 avgMGps=485.7 elapsed=1h59m8s
Sep 16 20:15:23 nimbus-eth1-mainnet-short-benchmark[1220033]: INF 2026-09-16 20:15:23.874+00:00 Imported blocks                            blockNumber=20237569 slot=9443788 blocks=237568 txs=38842064 mgas=3596351 bps=36.42 tps=6313 mgps=552.6 avgBps=32.22 avgTps=5267 avgMGps=487.8 elapsed=2h2m53s
Sep 16 20:19:26 nimbus-eth1-mainnet-short-benchmark[1220033]: INF 2026-09-16 20:19:26.655+00:00 Imported blocks                            blockNumber=20245761 slot=9452021 blocks=245760 txs=40225739 mgas=3720100 bps=33.74 tps=5699 mgps=509.7 avgBps=32.27 avgTps=5281 avgMGps=488.5 elapsed=2h6m56s
Sep 16 20:23:45 nimbus-eth1-mainnet-short-benchmark[1220033]: INF 2026-09-16 20:23:45.819+00:00 Imported blocks                            blockNumber=20253953 slot=9460253 blocks=253952 txs=41454921 mgas=3844385 bps=31.61 tps=4742 mgps=479.6 avgBps=32.25 avgTps=5263 avgMGps=488.2 elapsed=2h11m15s
Sep 16 20:27:50 nimbus-eth1-mainnet-short-benchmark[1220033]: INF 2026-09-16 20:27:50.696+00:00 Imported blocks                            blockNumber=20262145 slot=9468495 blocks=262144 txs=42726051 mgas=3968623 bps=33.45 tps=5190 mgps=507.4 avgBps=32.28 avgTps=5261 avgMGps=488.7 elapsed=2h15m20s
Sep 16 20:31:40 nimbus-eth1-mainnet-short-benchmark[1220033]: INF 2026-09-16 20:31:40.497+00:00 Imported blocks                            blockNumber=20270337 slot=9476748 blocks=270336 txs=44050436 mgas=4092682 bps=35.65 tps=5763 mgps=539.9 avgBps=32.38 avgTps=5275 avgMGps=490.1 elapsed=2h19m9s
Sep 16 20:35:15 nimbus-eth1-mainnet-short-benchmark[1220033]: INF 2026-09-16 20:35:15.130+00:00 Imported blocks                            blockNumber=20278529 slot=9484981 blocks=278528 txs=45382368 mgas=4216487 bps=38.17 tps=6205 mgps=576.8 avgBps=32.52 avgTps=5298 avgMGps=492.3 elapsed=2h22m44s
Sep 16 20:38:53 nimbus-eth1-mainnet-short-benchmark[1220033]: INF 2026-09-16 20:38:53.987+00:00 Imported blocks                            blockNumber=20286721 slot=9493213 blocks=286720 txs=46733429 mgas=4340363 bps=37.43 tps=6173 mgps=566.0 avgBps=32.64 avgTps=5320 avgMGps=494.2 elapsed=2h26m23s
Sep 16 20:42:54 nimbus-eth1-mainnet-short-benchmark[1220033]: INF 2026-09-16 20:42:54.967+00:00 Imported blocks                            blockNumber=20294913 slot=9501453 blocks=294912 txs=48075887 mgas=4464376 bps=33.99 tps=5570 mgps=514.6 avgBps=32.68 avgTps=5327 avgMGps=494.7 elapsed=2h30m24s
Sep 16 20:46:50 nimbus-eth1-mainnet-short-benchmark[1220033]: INF 2026-09-16 20:46:50.232+00:00 Imported blocks                            blockNumber=20303105 slot=9509696 blocks=303104 txs=49379538 mgas=4588534 bps=34.82 tps=5541 mgps=527.7 avgBps=32.73 avgTps=5332 avgMGps=495.5 elapsed=2h34m19s
Sep 16 20:50:39 nimbus-eth1-mainnet-short-benchmark[1220033]: INF 2026-09-16 20:50:39.097+00:00 Imported blocks                            blockNumber=20311297 slot=9517922 blocks=311296 txs=50637672 mgas=4712596 bps=35.79 tps=5497 mgps=542.1 avgBps=32.81 avgTps=5336 avgMGps=496.7 elapsed=2h38m8s
Sep 16 20:54:18 nimbus-eth1-mainnet-short-benchmark[1220033]: INF 2026-09-16 20:54:18.254+00:00 Imported blocks                            blockNumber=20319489 slot=9526159 blocks=319488 txs=51981692 mgas=4836521 bps=37.38 tps=6132 mgps=565.5 avgBps=32.91 avgTps=5354 avgMGps=498.2 elapsed=2h41m47s
Sep 16 20:57:40 nimbus-eth1-mainnet-short-benchmark[1220033]: INF 2026-09-16 20:57:40.111+00:00 Imported blocks                            blockNumber=20327681 slot=9534381 blocks=327680 txs=53356123 mgas=4960245 bps=40.58 tps=6809 mgps=612.9 avgBps=33.07 avgTps=5384 avgMGps=500.6 elapsed=2h45m9s
Sep 16 21:01:00 nimbus-eth1-mainnet-short-benchmark[1220033]: INF 2026-09-16 21:01:00.264+00:00 Imported blocks                            blockNumber=20335873 slot=9542617 blocks=335872 txs=54719105 mgas=5084025 bps=40.93 tps=6809 mgps=618.4 avgBps=33.22 avgTps=5412 avgMGps=502.9 elapsed=2h48m29s
Sep 16 21:04:39 nimbus-eth1-mainnet-short-benchmark[1220033]: INF 2026-09-16 21:04:39.885+00:00 Imported blocks                            blockNumber=20344065 slot=9550841 blocks=344064 txs=56021853 mgas=5207843 bps=37.30 tps=5931 mgps=563.8 avgBps=33.31 avgTps=5423 avgMGps=504.2 elapsed=2h52m9s
Sep 16 21:08:49 nimbus-eth1-mainnet-short-benchmark[1220033]: INF 2026-09-16 21:08:49.557+00:00 Imported blocks                            blockNumber=20352257 slot=9559072 blocks=352256 txs=57290408 mgas=5332016 bps=32.81 tps=5080 mgps=497.3 avgBps=33.30 avgTps=5415 avgMGps=504.0 elapsed=2h56m19s
Sep 16 21:12:36 nimbus-eth1-mainnet-short-benchmark[1220033]: INF 2026-09-16 21:12:36.434+00:00 Imported blocks                            blockNumber=20360449 slot=9567308 blocks=360448 txs=58543463 mgas=5456201 bps=36.11 tps=5523 mgps=547.4 avgBps=33.36 avgTps=5417 avgMGps=504.9 elapsed=3h5s879ms
Sep 16 21:16:15 nimbus-eth1-mainnet-short-benchmark[1220033]: INF 2026-09-16 21:16:15.947+00:00 Imported blocks                            blockNumber=20368641 slot=9575548 blocks=368640 txs=59874056 mgas=5580204 bps=37.32 tps=6061 mgps=564.9 avgBps=33.44 avgTps=5430 avgMGps=506.1 elapsed=3h3m45s
Sep 16 21:20:05 nimbus-eth1-mainnet-short-benchmark[1220033]: INF 2026-09-16 21:20:05.288+00:00 Imported blocks                            blockNumber=20376833 slot=9583774 blocks=376832 txs=61167066 mgas=5704396 bps=35.72 tps=5637 mgps=541.5 avgBps=33.48 avgTps=5434 avgMGps=506.8 elapsed=3h7m34s
Sep 16 21:23:48 nimbus-eth1-mainnet-short-benchmark[1220033]: INF 2026-09-16 21:23:48.725+00:00 Imported blocks                            blockNumber=20385025 slot=9592009 blocks=385024 txs=62480333 mgas=5828235 bps=36.66 tps=5877 mgps=554.2 avgBps=33.54 avgTps=5443 avgMGps=507.8 elapsed=3h11m18s
Sep 16 21:27:32 nimbus-eth1-mainnet-short-benchmark[1220033]: INF 2026-09-16 21:27:32.430+00:00 Imported blocks                            blockNumber=20393217 slot=9600248 blocks=393216 txs=63800597 mgas=5952136 bps=36.62 tps=5901 mgps=553.9 avgBps=33.60 avgTps=5452 avgMGps=508.6 elapsed=3h15m1s
Sep 16 21:31:04 nimbus-eth1-mainnet-short-benchmark[1220033]: INF 2026-09-16 21:31:04.387+00:00 Imported blocks                            blockNumber=20401409 slot=9608486 blocks=401408 txs=65021243 mgas=6076384 bps=38.65 tps=5758 mgps=586.2 avgBps=33.69 avgTps=5457 avgMGps=510.0 elapsed=3h18m33s
Sep 16 21:34:51 nimbus-eth1-mainnet-short-benchmark[1220033]: INF 2026-09-16 21:34:51.600+00:00 Imported blocks                            blockNumber=20409601 slot=9616707 blocks=409600 txs=66199016 mgas=6200666 bps=36.05 tps=5183 mgps=547.0 avgBps=33.74 avgTps=5452 avgMGps=510.7 elapsed=3h22m21s
Sep 16 21:38:30 nimbus-eth1-mainnet-short-benchmark[1220033]: INF 2026-09-16 21:38:30.544+00:00 Imported blocks                            blockNumber=20417793 slot=9624941 blocks=417792 txs=67453930 mgas=6324823 bps=37.42 tps=5731 mgps=567.1 avgBps=33.80 avgTps=5457 avgMGps=511.7 elapsed=3h25m59s
Sep 16 21:41:45 nimbus-eth1-mainnet-short-benchmark[1220033]: INF 2026-09-16 21:41:45.394+00:00 Imported blocks                            blockNumber=20425985 slot=9633187 blocks=425984 txs=68814904 mgas=6448778 bps=42.04 tps=6984 mgps=636.2 avgBps=33.93 avgTps=5481 avgMGps=513.6 elapsed=3h29m14s
Sep 16 21:44:57 nimbus-eth1-mainnet-short-benchmark[1220033]: INF 2026-09-16 21:44:57.987+00:00 Imported blocks                            blockNumber=20434177 slot=9641422 blocks=434176 txs=70124508 mgas=6572711 bps=42.54 tps=6799 mgps=643.5 avgBps=34.06 avgTps=5501 avgMGps=515.6 elapsed=3h32m27s
Sep 16 21:48:20 nimbus-eth1-mainnet-short-benchmark[1220033]: INF 2026-09-16 21:48:20.412+00:00 Imported blocks                            blockNumber=20442369 slot=9649657 blocks=442368 txs=71403576 mgas=6696451 bps=40.47 tps=6318 mgps=611.3 avgBps=34.16 avgTps=5513 avgMGps=517.1 elapsed=3h35m49s
Sep 16 21:52:03 nimbus-eth1-mainnet-short-benchmark[1220033]: INF 2026-09-16 21:52:03.541+00:00 Imported blocks                            blockNumber=20450561 slot=9657896 blocks=450560 txs=72659905 mgas=6820521 bps=36.71 tps=5630 mgps=556.0 avgBps=34.20 avgTps=5515 avgMGps=517.8 elapsed=3h39m32s
Sep 16 21:56:11 nimbus-eth1-mainnet-short-benchmark[1220033]: INF 2026-09-16 21:56:11.266+00:00 Imported blocks                            blockNumber=20458753 slot=9666114 blocks=458752 txs=73838533 mgas=6945116 bps=33.07 tps=4757 mgps=503.0 avgBps=34.18 avgTps=5501 avgMGps=517.5 elapsed=3h43m40s
Sep 16 21:59:51 nimbus-eth1-mainnet-short-benchmark[1220033]: INF 2026-09-16 21:59:51.959+00:00 Imported blocks                            blockNumber=20466945 slot=9674343 blocks=466944 txs=75124748 mgas=7068943 bps=37.12 tps=5828 mgps=561.1 avgBps=34.23 avgTps=5507 avgMGps=518.2 elapsed=3h47m21s
Sep 16 22:03:30 nimbus-eth1-mainnet-short-benchmark[1220033]: INF 2026-09-16 22:03:30.188+00:00 Imported blocks                            blockNumber=20475137 slot=9682575 blocks=475136 txs=76420106 mgas=7192870 bps=37.54 tps=5935 mgps=567.9 avgBps=34.28 avgTps=5513 avgMGps=519.0 elapsed=3h50m59s
Sep 16 22:06:56 nimbus-eth1-mainnet-short-benchmark[1220033]: INF 2026-09-16 22:06:56.765+00:00 Imported blocks                            blockNumber=20483329 slot=9690800 blocks=483328 txs=77675422 mgas=7316939 bps=39.65 tps=6076 mgps=600.6 avgBps=34.36 avgTps=5522 avgMGps=520.2 elapsed=3h54m26s
Sep 16 22:10:21 nimbus-eth1-mainnet-short-benchmark[1220033]: INF 2026-09-16 22:10:21.862+00:00 Imported blocks                            blockNumber=20491521 slot=9699019 blocks=491520 txs=78951232 mgas=7440784 bps=39.94 tps=6220 mgps=603.8 avgBps=34.44 avgTps=5532 avgMGps=521.4 elapsed=3h57m51s
Sep 16 22:14:03 nimbus-eth1-mainnet-short-benchmark[1220033]: INF 2026-09-16 22:14:03.551+00:00 Imported blocks                            blockNumber=20499713 slot=9707248 blocks=499712 txs=80189642 mgas=7564669 bps=36.95 tps=5586 mgps=558.8 avgBps=34.48 avgTps=5532 avgMGps=522.0 elapsed=4h1m32s
Sep 16 22:17:50 nimbus-eth1-mainnet-short-benchmark[1220033]: INF 2026-09-16 22:17:50.239+00:00 Imported blocks                            blockNumber=20507905 slot=9715488 blocks=507904 txs=81317763 mgas=7689208 bps=36.14 tps=4976 mgps=549.4 avgBps=34.51 avgTps=5524 avgMGps=522.4 elapsed=4h5m19s
Sep 16 22:21:09 nimbus-eth1-mainnet-short-benchmark[1220033]: INF 2026-09-16 22:21:09.381+00:00 Imported blocks                            blockNumber=20516097 slot=9723715 blocks=516096 txs=82520262 mgas=7813209 bps=41.14 tps=6038 mgps=622.7 avgBps=34.59 avgTps=5531 avgMGps=523.7 elapsed=4h8m38s
Sep 16 22:24:41 nimbus-eth1-mainnet-short-benchmark[1220033]: INF 2026-09-16 22:24:41.662+00:00 Imported blocks                            blockNumber=20524289 slot=9731945 blocks=524288 txs=83780075 mgas=7937233 bps=38.59 tps=5934 mgps=584.2 avgBps=34.65 avgTps=5536 avgMGps=524.6 elapsed=4h12m11s
Sep 16 22:28:18 nimbus-eth1-mainnet-short-benchmark[1220033]: INF 2026-09-16 22:28:18.895+00:00 Imported blocks                            blockNumber=20532481 slot=9740183 blocks=532480 txs=85263862 mgas=8061024 bps=37.71 tps=6830 mgps=569.9 avgBps=34.69 avgTps=5555 avgMGps=525.2 elapsed=4h15m48s
Sep 16 22:32:00 nimbus-eth1-mainnet-short-benchmark[1220033]: INF 2026-09-16 22:32:00.996+00:00 Imported blocks                            blockNumber=20540673 slot=9748418 blocks=540672 txs=86612143 mgas=8185090 bps=36.88 tps=6070 mgps=558.6 avgBps=34.72 avgTps=5562 avgMGps=525.7 elapsed=4h19m30s
Sep 16 22:35:50 nimbus-eth1-mainnet-short-benchmark[1220033]: INF 2026-09-16 22:35:50.896+00:00 Imported blocks                            blockNumber=20548865 slot=9756662 blocks=548864 txs=87802991 mgas=8309513 bps=35.63 tps=5179 mgps=541.2 avgBps=34.74 avgTps=5557 avgMGps=525.9 elapsed=4h23m20s
Sep 16 22:39:37 nimbus-eth1-mainnet-short-benchmark[1220033]: INF 2026-09-16 22:39:37.433+00:00 Imported blocks                            blockNumber=20557057 slot=9764892 blocks=557056 txs=88964987 mgas=8433956 bps=36.16 tps=5129 mgps=549.3 avgBps=34.76 avgTps=5550 avgMGps=526.2 elapsed=4h27m6s
Sep 16 22:43:13 nimbus-eth1-mainnet-short-benchmark[1220033]: INF 2026-09-16 22:43:13.526+00:00 Imported blocks                            blockNumber=20565249 slot=9773131 blocks=565248 txs=90186094 mgas=8558113 bps=37.91 tps=5650 mgps=574.6 avgBps=34.80 avgTps=5552 avgMGps=526.9 elapsed=4h30m42s
Sep 16 22:46:51 nimbus-eth1-mainnet-short-benchmark[1220033]: INF 2026-09-16 22:46:51.695+00:00 Imported blocks                            blockNumber=20573441 slot=9781369 blocks=573440 txs=91404654 mgas=8682228 bps=37.55 tps=5585 mgps=568.9 avgBps=34.84 avgTps=5552 avgMGps=527.4 elapsed=4h34m21s
Sep 16 22:50:23 nimbus-eth1-mainnet-short-benchmark[1220033]: INF 2026-09-16 22:50:23.500+00:00 Imported blocks                            blockNumber=20581633 slot=9789611 blocks=581632 txs=92628389 mgas=8806651 bps=38.68 tps=5777 mgps=587.5 avgBps=34.88 avgTps=5555 avgMGps=528.2 elapsed=4h37m52s
Sep 16 22:54:03 nimbus-eth1-mainnet-short-benchmark[1220033]: INF 2026-09-16 22:54:03.137+00:00 Imported blocks                            blockNumber=20589825 slot=9797855 blocks=589824 txs=93887208 mgas=8931023 bps=37.30 tps=5731 mgps=566.3 avgBps=34.92 avgTps=5557 avgMGps=528.7 elapsed=4h41m32s
Sep 16 22:57:46 nimbus-eth1-mainnet-short-benchmark[1220033]: INF 2026-09-16 22:57:46.482+00:00 Imported blocks                            blockNumber=20598017 slot=9806095 blocks=598016 txs=95163338 mgas=9055310 bps=36.68 tps=5713 mgps=556.5 avgBps=34.94 avgTps=5559 avgMGps=529.1 elapsed=4h45m15s
Sep 16 23:01:31 nimbus-eth1-mainnet-short-benchmark[1220033]: INF 2026-09-16 23:01:31.835+00:00 Imported blocks                            blockNumber=20606209 slot=9814347 blocks=606208 txs=96334664 mgas=9179976 bps=36.35 tps=5197 mgps=553.2 avgBps=34.96 avgTps=5555 avgMGps=529.4 elapsed=4h49m1s
Sep 16 23:05:07 nimbus-eth1-mainnet-short-benchmark[1220033]: INF 2026-09-16 23:05:07.272+00:00 Imported blocks                            blockNumber=20614401 slot=9822581 blocks=614400 txs=97573414 mgas=9304574 bps=38.03 tps=5749 mgps=578.3 avgBps=35.00 avgTps=5557 avgMGps=530.0 elapsed=4h52m36s
Sep 16 23:08:43 nimbus-eth1-mainnet-short-benchmark[1220033]: INF 2026-09-16 23:08:43.937+00:00 Imported blocks                            blockNumber=20622593 slot=9830821 blocks=622592 txs=98874772 mgas=9428835 bps=37.81 tps=6006 mgps=573.5 avgBps=35.03 avgTps=5563 avgMGps=530.5 elapsed=4h56m13s
Sep 16 23:12:12 nimbus-eth1-mainnet-short-benchmark[1220033]: INF 2026-09-16 23:12:12.250+00:00 Imported blocks                            blockNumber=20630785 slot=9839058 blocks=630784 txs=100178707 mgas=9553009 bps=39.33 tps=6259 mgps=596.1 avgBps=35.08 avgTps=5571 avgMGps=531.3 elapsed=4h59m41s
Sep 16 23:15:49 nimbus-eth1-mainnet-short-benchmark[1220033]: INF 2026-09-16 23:15:49.895+00:00 Imported blocks                            blockNumber=20638977 slot=9847313 blocks=638976 txs=101489116 mgas=9677171 bps=37.64 tps=6020 mgps=570.5 avgBps=35.11 avgTps=5576 avgMGps=531.7 elapsed=5h3m19s
Sep 16 23:19:24 nimbus-eth1-mainnet-short-benchmark[1220033]: INF 2026-09-16 23:19:24.496+00:00 Imported blocks                            blockNumber=20647169 slot=9855549 blocks=647168 txs=102730058 mgas=9801643 bps=38.17 tps=5782 mgps=580.0 avgBps=35.15 avgTps=5578 avgMGps=532.3 elapsed=5h6m53s
Sep 16 23:23:14 nimbus-eth1-mainnet-short-benchmark[1220033]: INF 2026-09-16 23:23:14.616+00:00 Imported blocks                            blockNumber=20655361 slot=9863778 blocks=655360 txs=103868002 mgas=9926541 bps=35.60 tps=4944 mgps=542.7 avgBps=35.15 avgTps=5571 avgMGps=532.4 elapsed=5h10m44s
Sep 16 23:26:47 nimbus-eth1-mainnet-short-benchmark[1220033]: INF 2026-09-16 23:26:47.905+00:00 Imported blocks                            blockNumber=20663553 slot=9872013 blocks=663552 txs=105112198 mgas=10051274 bps=38.41 tps=5833 mgps=584.8 avgBps=35.19 avgTps=5574 avgMGps=533.0 elapsed=5h14m17s
Sep 16 23:30:10 nimbus-eth1-mainnet-short-benchmark[1220033]: INF 2026-09-16 23:30:10.314+00:00 Imported blocks                            blockNumber=20671745 slot=9880241 blocks=671744 txs=106395904 mgas=10175177 bps=40.47 tps=6342 mgps=612.1 avgBps=35.24 avgTps=5582 avgMGps=533.9 elapsed=5h17m39s
Sep 16 23:33:35 nimbus-eth1-mainnet-short-benchmark[1220033]: INF 2026-09-16 23:33:35.672+00:00 Imported blocks                            blockNumber=20679937 slot=9888471 blocks=679936 txs=107674271 mgas=10299404 bps=39.89 tps=6225 mgps=604.9 avgBps=35.29 avgTps=5589 avgMGps=534.6 elapsed=5h21m5s
Sep 16 23:36:52 nimbus-eth1-mainnet-short-benchmark[1220033]: INF 2026-09-16 23:36:52.321+00:00 Imported blocks                            blockNumber=20688129 slot=9896698 blocks=688128 txs=108938536 mgas=10423298 bps=41.66 tps=6428 mgps=630.0 avgBps=35.36 avgTps=5597 avgMGps=535.6 elapsed=5h24m21s
Sep 16 23:40:21 nimbus-eth1-mainnet-short-benchmark[1220033]: INF 2026-09-16 23:40:21.750+00:00 Imported blocks                            blockNumber=20696321 slot=9904930 blocks=696320 txs=110235786 mgas=10547469 bps=39.12 tps=6194 mgps=592.9 avgBps=35.40 avgTps=5603 avgMGps=536.2 elapsed=5h27m51s
Sep 16 23:44:09 nimbus-eth1-mainnet-short-benchmark[1220033]: INF 2026-09-16 23:44:09.911+00:00 Imported blocks                            blockNumber=20704513 slot=9913154 blocks=704512 txs=111483759 mgas=10671677 bps=35.90 tps=5469 mgps=544.4 avgBps=35.40 avgTps=5602 avgMGps=536.3 elapsed=5h31m39s
Sep 16 23:47:43 nimbus-eth1-mainnet-short-benchmark[1220033]: INF 2026-09-16 23:47:43.616+00:00 Imported blocks                            blockNumber=20712705 slot=9921388 blocks=712704 txs=112764170 mgas=10795980 bps=38.33 tps=5991 mgps=581.7 avgBps=35.43 avgTps=5606 avgMGps=536.8 elapsed=5h35m13s
Sep 16 23:51:03 nimbus-eth1-mainnet-short-benchmark[1220033]: INF 2026-09-16 23:51:03.005+00:00 Imported blocks                            blockNumber=20720897 slot=9929633 blocks=720896 txs=114110517 mgas=10919926 bps=41.09 tps=6752 mgps=621.6 avgBps=35.49 avgTps=5617 avgMGps=537.6 elapsed=5h38m32s
Sep 16 23:54:30 nimbus-eth1-mainnet-short-benchmark[1220033]: INF 2026-09-16 23:54:30.506+00:00 Imported blocks                            blockNumber=20729089 slot=9937869 blocks=729088 txs=115449431 mgas=11043768 bps=39.48 tps=6452 mgps=596.8 avgBps=35.53 avgTps=5626 avgMGps=538.2 elapsed=5h41m59s
Sep 16 23:57:48 nimbus-eth1-mainnet-short-benchmark[1220033]: INF 2026-09-16 23:57:48.955+00:00 Imported blocks                            blockNumber=20737281 slot=9946108 blocks=737280 txs=116784468 mgas=11167784 bps=41.28 tps=6727 mgps=624.9 avgBps=35.59 avgTps=5636 avgMGps=539.0 elapsed=5h45m18s
Sep 17 00:01:15 nimbus-eth1-mainnet-short-benchmark[1220033]: INF 2026-09-17 00:01:15.788+00:00 Imported blocks                            blockNumber=20745473 slot=9954342 blocks=745472 txs=118101003 mgas=11291742 bps=39.61 tps=6365 mgps=599.3 avgBps=35.63 avgTps=5643 avgMGps=539.6 elapsed=5h48m45s
Sep 17 00:05:00 nimbus-eth1-mainnet-short-benchmark[1220033]: INF 2026-09-17 00:05:00.505+00:00 Imported blocks                            blockNumber=20753665 slot=9962581 blocks=753664 txs=119337525 mgas=11415859 bps=36.45 tps=5502 mgps=552.3 avgBps=35.63 avgTps=5642 avgMGps=539.8 elapsed=5h52m29s
Sep 17 00:08:33 nimbus-eth1-mainnet-short-benchmark[1220033]: INF 2026-09-17 00:08:33.242+00:00 Imported blocks                            blockNumber=20761857 slot=9970803 blocks=761856 txs=120564314 mgas=11540225 bps=38.51 tps=5766 mgps=584.6 avgBps=35.66 avgTps=5643 avgMGps=540.2 elapsed=5h56m2s
Sep 17 00:11:52 nimbus-eth1-mainnet-short-benchmark[1220033]: INF 2026-09-17 00:11:52.879+00:00 Imported blocks                            blockNumber=20770049 slot=9979058 blocks=770048 txs=121858083 mgas=11663918 bps=41.03 tps=6480 mgps=619.6 avgBps=35.71 avgTps=5651 avgMGps=540.9 elapsed=5h59m22s
Sep 17 00:15:03 nimbus-eth1-mainnet-short-benchmark[1220033]: INF 2026-09-17 00:15:03.353+00:00 Imported blocks                            blockNumber=20778241 slot=9987307 blocks=778240 txs=123161734 mgas=11787906 bps=43.01 tps=6844 mgps=650.9 avgBps=35.78 avgTps=5661 avgMGps=541.9 elapsed=6h2m32s
Sep 17 00:18:10 nimbus-eth1-mainnet-short-benchmark[1220033]: INF 2026-09-17 00:18:10.726+00:00 Imported blocks                            blockNumber=20786433 slot=9995542 blocks=786432 txs=124509456 mgas=11911612 bps=43.72 tps=7192 mgps=660.2 avgBps=35.84 avgTps=5674 avgMGps=542.9 elapsed=6h5m40s
Sep 17 00:21:22 nimbus-eth1-mainnet-short-benchmark[1220033]: INF 2026-09-17 00:21:22.379+00:00 Imported blocks                            blockNumber=20794625 slot=10003781 blocks=794624 txs=125848921 mgas=12035338 bps=42.74 tps=6989 mgps=645.6 avgBps=35.90 avgTps=5686 avgMGps=543.8 elapsed=6h8m51s
Sep 17 00:24:39 nimbus-eth1-mainnet-short-benchmark[1220033]: INF 2026-09-17 00:24:39.492+00:00 Imported blocks                            blockNumber=20802817 slot=10012028 blocks=802816 txs=127089868 mgas=12158989 bps=41.56 tps=6295 mgps=627.3 avgBps=35.95 avgTps=5691 avgMGps=544.5 elapsed=6h12m8s
Sep 17 00:28:03 nimbus-eth1-mainnet-short-benchmark[1220033]: INF 2026-09-17 00:28:03.294+00:00 Imported blocks                            blockNumber=20811009 slot=10020249 blocks=811008 txs=128299762 mgas=12282850 bps=40.20 tps=5936 mgps=607.8 avgBps=35.99 avgTps=5693 avgMGps=545.1 elapsed=6h15m32s
Sep 17 00:31:15 nimbus-eth1-mainnet-short-benchmark[1220033]: INF 2026-09-17 00:31:15.335+00:00 Imported blocks                            blockNumber=20819201 slot=10028481 blocks=819200 txs=129596319 mgas=12406594 bps=42.66 tps=6751 mgps=644.4 avgBps=36.05 avgTps=5702 avgMGps=546.0 elapsed=6h18m44s
Sep 17 00:34:25 nimbus-eth1-mainnet-short-benchmark[1220033]: INF 2026-09-17 00:34:25.372+00:00 Imported blocks                            blockNumber=20827393 slot=10036710 blocks=827392 txs=130916729 mgas=12530249 bps=43.11 tps=6948 mgps=650.7 avgBps=36.11 avgTps=5713 avgMGps=546.8 elapsed=6h21m54s
Sep 17 00:37:36 nimbus-eth1-mainnet-short-benchmark[1220033]: INF 2026-09-17 00:37:36.577+00:00 Imported blocks                            blockNumber=20835585 slot=10044938 blocks=835584 txs=132226625 mgas=12654070 bps=42.84 tps=6850 mgps=647.6 avgBps=36.16 avgTps=5722 avgMGps=547.7 elapsed=6h25m6s
Sep 17 00:40:57 nimbus-eth1-mainnet-short-benchmark[1220033]: INF 2026-09-17 00:40:57.115+00:00 Imported blocks                            blockNumber=20843777 slot=10053164 blocks=843776 txs=133604192 mgas=12777730 bps=40.85 tps=6869 mgps=616.6 avgBps=36.20 avgTps=5732 avgMGps=548.2 elapsed=6h28m26s
Sep 17 00:44:45 nimbus-eth1-mainnet-short-benchmark[1220033]: INF 2026-09-17 00:44:45.727+00:00 Imported blocks                            blockNumber=20851969 slot=10061391 blocks=851968 txs=134900706 mgas=12901664 bps=35.83 tps=5671 mgps=542.1 avgBps=36.20 avgTps=5731 avgMGps=548.2 elapsed=6h32m15s
Sep 17 00:48:22 nimbus-eth1-mainnet-short-benchmark[1220033]: INF 2026-09-17 00:48:22.092+00:00 Imported blocks                            blockNumber=20860161 slot=10069622 blocks=860160 txs=136168750 mgas=13025603 bps=37.86 tps=5860 mgps=572.8 avgBps=36.21 avgTps=5733 avgMGps=548.4 elapsed=6h35m51s
Sep 17 00:51:55 nimbus-eth1-mainnet-short-benchmark[1220033]: INF 2026-09-17 00:51:55.437+00:00 Imported blocks                            blockNumber=20868353 slot=10077838 blocks=868352 txs=137550724 mgas=13149742 bps=38.40 tps=6477 mgps=581.9 avgBps=36.23 avgTps=5739 avgMGps=548.7 elapsed=6h39m24s
Sep 17 00:55:27 nimbus-eth1-mainnet-short-benchmark[1220033]: INF 2026-09-17 00:55:27.698+00:00 Imported blocks                            blockNumber=20876545 slot=10086066 blocks=876544 txs=138954673 mgas=13273457 bps=38.59 tps=6614 mgps=582.8 avgBps=36.26 avgTps=5747 avgMGps=549.0 elapsed=6h42m57s
Sep 17 00:58:53 nimbus-eth1-mainnet-short-benchmark[1220033]: INF 2026-09-17 00:58:53.639+00:00 Imported blocks                            blockNumber=20884737 slot=10094286 blocks=884736 txs=140256178 mgas=13397479 bps=39.78 tps=6319 mgps=602.2 avgBps=36.28 avgTps=5752 avgMGps=549.5 elapsed=6h46m23s
Sep 17 01:02:14 nimbus-eth1-mainnet-short-benchmark[1220033]: INF 2026-09-17 01:02:14.485+00:00 Imported blocks                            blockNumber=20892929 slot=10102512 blocks=892928 txs=141581868 mgas=13521575 bps=40.79 tps=6600 mgps=617.9 avgBps=36.32 avgTps=5759 avgMGps=550.0 elapsed=6h49m43s
Sep 17 01:05:36 nimbus-eth1-mainnet-short-benchmark[1220033]: INF 2026-09-17 01:05:36.038+00:00 Imported blocks                            blockNumber=20901121 slot=10110732 blocks=901120 txs=142875889 mgas=13645572 bps=40.64 tps=6420 mgps=615.2 avgBps=36.36 avgTps=5764 avgMGps=550.5 elapsed=6h53m5s
Sep 17 01:08:58 nimbus-eth1-mainnet-short-benchmark[1220033]: INF 2026-09-17 01:08:58.331+00:00 Imported blocks                            blockNumber=20909313 slot=10118953 blocks=909312 txs=144102308 mgas=13769390 bps=40.50 tps=6062 mgps=612.1 avgBps=36.39 avgTps=5766 avgMGps=551.0 elapsed=6h56m27s
Sep 17 01:12:14 nimbus-eth1-mainnet-short-benchmark[1220033]: INF 2026-09-17 01:12:14.892+00:00 Imported blocks                            blockNumber=20917505 slot=10127176 blocks=917504 txs=145406349 mgas=13893087 bps=41.68 tps=6634 mgps=629.3 avgBps=36.43 avgTps=5773 avgMGps=551.7 elapsed=6h59m44s
Sep 17 01:15:21 nimbus-eth1-mainnet-short-benchmark[1220033]: INF 2026-09-17 01:15:21.341+00:00 Imported blocks                            blockNumber=20925697 slot=10135394 blocks=925696 txs=146718394 mgas=14016820 bps=43.94 tps=7036 mgps=663.6 avgBps=36.49 avgTps=5782 avgMGps=552.5 elapsed=7h2m50s
Sep 17 01:18:41 nimbus-eth1-mainnet-short-benchmark[1220033]: INF 2026-09-17 01:18:41.779+00:00 Imported blocks                            blockNumber=20933889 slot=10143614 blocks=933888 txs=148049109 mgas=14140625 bps=40.87 tps=6639 mgps=617.7 avgBps=36.52 avgTps=5789 avgMGps=553.0 elapsed=7h6m11s
Sep 17 01:21:56 nimbus-eth1-mainnet-short-benchmark[1220033]: INF 2026-09-17 01:21:56.348+00:00 Imported blocks                            blockNumber=20942081 slot=10151840 blocks=942080 txs=149397364 mgas=14264352 bps=42.10 tps=6929 mgps=635.9 avgBps=36.56 avgTps=5798 avgMGps=553.6 elapsed=7h9m25s
Sep 17 01:25:16 nimbus-eth1-mainnet-short-benchmark[1220033]: INF 2026-09-17 01:25:16.069+00:00 Imported blocks                            blockNumber=20950273 slot=10160098 blocks=950272 txs=150765507 mgas=14388237 bps=41.02 tps=6850 mgps=620.3 avgBps=36.60 avgTps=5806 avgMGps=554.1 elapsed=7h12m45s
Sep 17 01:28:47 nimbus-eth1-mainnet-short-benchmark[1220033]: INF 2026-09-17 01:28:47.394+00:00 Imported blocks                            blockNumber=20958465 slot=10168363 blocks=958464 txs=152044771 mgas=14511987 bps=38.77 tps=6053 mgps=585.6 avgBps=36.61 avgTps=5808 avgMGps=554.4 elapsed=7h16m16s
Sep 17 01:32:10 nimbus-eth1-mainnet-short-benchmark[1220033]: INF 2026-09-17 01:32:10.519+00:00 Imported blocks                            blockNumber=20966657 slot=10176609 blocks=966656 txs=153365296 mgas=14635804 bps=40.33 tps=6501 mgps=609.6 avgBps=36.64 avgTps=5813 avgMGps=554.8 elapsed=7h19m39s
Sep 17 01:35:31 nimbus-eth1-mainnet-short-benchmark[1220033]: INF 2026-09-17 01:35:31.204+00:00 Imported blocks                            blockNumber=20974849 slot=10184849 blocks=974848 txs=154744917 mgas=14759580 bps=40.82 tps=6874 mgps=616.8 avgBps=36.68 avgTps=5821 avgMGps=555.3 elapsed=7h23m653ms
Sep 17 01:39:00 nimbus-eth1-mainnet-short-benchmark[1220033]: INF 2026-09-17 01:39:00.653+00:00 Imported blocks                            blockNumber=20983041 slot=10193086 blocks=983040 txs=156055229 mgas=14883451 bps=39.11 tps=6256 mgps=591.4 avgBps=36.69 avgTps=5825 avgMGps=555.6 elapsed=7h26m30s
Sep 17 01:42:04 nimbus-eth1-mainnet-short-benchmark[1220033]: INF 2026-09-17 01:42:04.699+00:00 Imported blocks                            blockNumber=20991233 slot=10201319 blocks=991232 txs=157563202 mgas=15007557 bps=44.51 tps=8193 mgps=674.3 avgBps=36.75 avgTps=5841 avgMGps=556.4 elapsed=7h29m34s
Sep 17 01:45:37 nimbus-eth1-mainnet-short-benchmark[1220033]: INF 2026-09-17 01:45:37.048+00:00 Imported blocks                            blockNumber=20999425 slot=10209549 blocks=999424 txs=159003277 mgas=15131383 bps=38.58 tps=6781 mgps=583.1 avgBps=36.76 avgTps=5848 avgMGps=556.6 elapsed=7h33m6s
Sep 17 01:45:52 nimbus-eth1-mainnet-short-benchmark[1220033]: INF 2026-09-17 01:45:52.208+00:00 Imported blocks                            blockNumber=21000001 slot=10210128 blocks=1000000 txs=159109486 mgas=15140191 bps=38.00 tps=7006 mgps=581.0 avgBps=36.76 avgTps=5849 avgMGps=556.6 elapsed=7h33m21s
Sep 17 01:45:52 nimbus-eth1-mainnet-short-benchmark[1220033]: NTC 2026-09-17 01:45:52.208+00:00 Import complete                            blockNumber=21000001 slot=10210128 blocks=1000000 txs=159109486 mgas=15140191
Sep 17 01:45:53 nimbus-eth1-mainnet-short-benchmark[1191328]: <<< ending startNimbusWithImport (success)
Sep 17 01:45:53 nimbus-eth1-mainnet-short-benchmark[1191328]: >>> starting moveBenchmarkingFileToRepo
Sep 17 01:45:53 nimbus-eth1-mainnet-short-benchmark[1191328]: >>> copying debug-csv generated by nimbus to benchmarks repo
Sep 17 01:45:53 nimbus-eth1-mainnet-short-benchmark[1191328]: <<< ending moveBenchmarkingFileToRepo (success)
Sep 17 01:45:53 nimbus-eth1-mainnet-short-benchmark[1191328]: >>> starting generateBuildEnvironmentLogFile
Sep 17 01:46:02 nimbus-eth1-mainnet-short-benchmark[1191328]: <<< ending generateBuildEnvironmentLogFile (success)
Sep 17 01:46:02 nimbus-eth1-mainnet-short-benchmark[1191328]: >>> starting generateSystemdServiceLogs
