=== System Information Report ===
>>> Generated on: Sun Sep 27 10:13:52 PM UTC 2026
==========================
>>> CPU Architecture: x86_64
>>> CPU Byte Order: Little Endian
>>> CPU Cores: 16
>>> CPU Model: AMD Ryzen 7 PRO 8700GE w/ Radeon 780M Graphics
>>> CPU Cache Information:
L1d Cache: 256 KiB (8 instances)
L1i Cache: 256 KiB (8 instances)
L2 Cache: 8 MiB (8 instances)
L3 Cache: 16 MiB (1 instance)
>>> RAM Size: 61Gi
>>> Hard Disk Information:
/dev/md2 : 437G total, 199G free
/dev/md1 : 989M total, 690M free
/dev/nvme0n1p1 : 256M total, 256M free
/dev/nvme1n1 : 1.9T total, 486G free
==========================
=== Nimbus-ETH1 Benchmarking Report ===
>>> Total time spent in benchmarking (nanoseconds): 27890379877796
>>> Total time spent in benchmarking (human readable format): 7 hours 44 minutes 50 seconds
>>> Start block number is 20000001
>>> End block number is 21000001
==========================
=== Comparison of last two benchmarks ===
sort: write failed: 'standard output': Broken pipe
sort: write error
sort: write failed: 'standard output': Broken pipe
sort: write error
python /data/status-im/nimbus-eth1/scripts/block-import-stats.py /data/status-im/nimbus-eth1-benchmarks/short-benchmark/20260926T201632_1f55f68a/blocks-import-benchmark.csv /data/status-im/nimbus-eth1-benchmarks/short-benchmark/20260927T141933_4504661d/blocks-import-benchmark.csv
blocks-import-benchmark.csv vs blocks-import-benchmark.csv
                      bps_x  bps_y     tps_x     tps_y   time_x   time_y    bpsd    tpsd  timed
block_number                                                                                   
(20000001, 20111112]  29.99  29.83  4,898.15  4,871.57  1h0m12s  1h0m29s  -0.49%  -0.49%  0.50%
(20111112, 20222223]  33.96  33.52  5,552.67  5,482.33   56m29s   57m12s  -1.27%  -1.27%  1.29%
(20222223, 20333334]  35.91  35.51  5,820.04  5,755.26   49m38s   50m11s  -1.11%  -1.11%  1.12%
(20333334, 20444445]  37.50  36.92  5,909.00  5,816.88   51m12s   51m59s  -1.54%  -1.54%  1.57%
(20444445, 20555556]  36.85  36.40  5,678.70  5,610.12   48m16s   48m52s  -1.24%  -1.24%  1.26%
(20555556, 20666667]  36.83  36.53  5,562.13  5,516.06   51m56s   52m22s  -0.83%  -0.83%  0.84%
(20666667, 20777778]  38.57  38.24  6,069.39  6,017.00    46m6s   46m30s  -0.85%  -0.85%  0.86%
(20777778, 20888889]  39.88  39.48  6,398.21  6,333.45    48m6s   48m35s  -1.01%  -1.01%  1.02%
(20888889, 21000001]  39.76  39.37  6,554.44  6,489.60    48m5s   48m35s  -0.97%  -0.97%  0.99%

blocks: 991808, baseline: 7h40m3s, contender: 7h44m50s
Time (total): 4m46s, 1.04%

bpsd = blocks per sec diff (+), tpsd = txs per sec diff, timed = time to process diff (-)
+ = more is better, - = less is better
==========================
