Sep 10 14:07:34 nimbus-eth1-mainnet-short-benchmark[1446817]: >>> starting cloneOrFetchBenchmarksRepo
Sep 10 14:07:34 nimbus-eth1-mainnet-short-benchmark[1446817]: >>> Fetching latest changes for nimbus-eth1-benchmarks...
Sep 10 14:07:36 nimbus-eth1-mainnet-short-benchmark[1446870]: HEAD is now at 177d8f1 chore: update short benchmark Readme
Sep 10 14:07:36 nimbus-eth1-mainnet-short-benchmark[1446817]: <<< ending cloneOrFetchBenchmarksRepo (success)
Sep 10 14:07:36 nimbus-eth1-mainnet-short-benchmark[1446817]: >>> starting cloneOrFetchNimbusRepo
Sep 10 14:07:47 nimbus-eth1-mainnet-short-benchmark[1446817]: >>> Fetching latest changes for nimbus-eth1...
Sep 10 14:07:48 nimbus-eth1-mainnet-short-benchmark[1447229]: From https://github.com/status-im/nimbus-eth1
Sep 10 14:07:48 nimbus-eth1-mainnet-short-benchmark[1447229]:    b6f8116bb..71f2a085e  master            -> origin/master
Sep 10 14:07:48 nimbus-eth1-mainnet-short-benchmark[1447229]:  * [new branch]          dependabot/submodules/vendor/nim-secp256k1-38b81f5 -> origin/dependabot/submodules/vendor/nim-secp256k1-38b81f5
Sep 10 14:07:48 nimbus-eth1-mainnet-short-benchmark[1447229]:    fbdb7d06f..7e39551cf  dependabot/submodules/vendor/nimbus-eth2-404a000 -> origin/dependabot/submodules/vendor/nimbus-eth2-404a000
Sep 10 14:07:48 nimbus-eth1-mainnet-short-benchmark[1447229]:  * [new branch]          gloas-block-proof -> origin/gloas-block-proof
Sep 10 14:07:48 nimbus-eth1-mainnet-short-benchmark[1447229]: Fetching submodule vendor/nim-secp256k1
Sep 10 14:07:49 nimbus-eth1-mainnet-short-benchmark[1447229]: From https://github.com/status-im/nim-secp256k1
Sep 10 14:07:49 nimbus-eth1-mainnet-short-benchmark[1447229]:    f44cff9..38b81f5  master     -> origin/master
Sep 10 14:07:49 nimbus-eth1-mainnet-short-benchmark[1447246]: HEAD is now at 71f2a085e Bubble up estimateGas error message (#4764)
Sep 10 14:07:49 nimbus-eth1-mainnet-short-benchmark[1446817]: >>> Found last benchmarked commit: b8611dcd
Sep 10 14:07:49 nimbus-eth1-mainnet-short-benchmark[1446817]: >>> Using next commit: f81b344dafe4a69a73819c54c41e7ef20948ad4d
Sep 10 14:07:49 nimbus-eth1-mainnet-short-benchmark[1447262]: HEAD is now at f81b344da transition to seq[NodeId] from hashtable (#4753)
Sep 10 14:07:49 nimbus-eth1-mainnet-short-benchmark[1446817]: >>> Current commit: f81b344da
Sep 10 14:07:49 nimbus-eth1-mainnet-short-benchmark[1446817]: <<< ending cloneOrFetchNimbusRepo (success)
Sep 10 14:07:49 nimbus-eth1-mainnet-short-benchmark[1446817]: >>> starting buildBinaries
Sep 10 14:07:49 nimbus-eth1-mainnet-short-benchmark[1446817]: >>> Building binaries for commit f81b344d...
Sep 10 14:07:57 nimbus-eth1-mainnet-short-benchmark[1452772]: Building: Nim compiler
Sep 10 14:11:02 nimbus-eth1-mainnet-short-benchmark[1452772]: Building custom Nimble commit: 42ef70c2102a942c46f13eb76872326edd525cec
Sep 10 14:11:13 nimbus-eth1-mainnet-short-benchmark[1452772]: Building Nimble...
Sep 10 14:11:23 nimbus-eth1-mainnet-short-benchmark[1452772]: Replacing nimble binary...
Sep 10 14:11:31 nimbus-eth1-mainnet-short-benchmark[1469317]: Building: build/generate_makefile
Sep 10 14:11:31 nimbus-eth1-mainnet-short-benchmark[1469182]: ROCKSDB CACHED VERSION: 11.8.1
Sep 10 14:11:31 nimbus-eth1-mainnet-short-benchmark[1469583]: RocksDb static libraries already built. Skipping build.
Sep 10 14:11:31 nimbus-eth1-mainnet-short-benchmark[1469317]: Build completed successfully: build/generate_makefile
Sep 10 14:11:31 nimbus-eth1-mainnet-short-benchmark[1469637]: Building: build/nimbus_execution_client
Sep 10 14:13:54 nimbus-eth1-mainnet-short-benchmark[1469637]: Build completed successfully: build/nimbus_execution_client
Sep 10 14:13:54 nimbus-eth1-mainnet-short-benchmark[1446817]: >>> renaming binaries to match commit they were built from
Sep 10 14:13:54 nimbus-eth1-mainnet-short-benchmark[1446817]: >>> creating a symbolic link to the latest version
Sep 10 14:13:54 nimbus-eth1-mainnet-short-benchmark[1446817]: >>> deleting copies that are older than N days
Sep 10 14:13:54 nimbus-eth1-mainnet-short-benchmark[1446817]: <<< ending buildBinaries (success)
Sep 10 14:13:54 nimbus-eth1-mainnet-short-benchmark[1446817]: >>> starting skipOrContinueBenchmark
Sep 10 14:13:54 nimbus-eth1-mainnet-short-benchmark[1446817]: <<< ending skipOrContinueBenchmark (success)
Sep 10 14:13:54 nimbus-eth1-mainnet-short-benchmark[1446817]: >>> starting copyTemplateDatabase
Sep 10 14:13:54 nimbus-eth1-mainnet-short-benchmark[1446817]: >>> Copying template db into nimbus data directory
Sep 10 14:17:04 nimbus-eth1-mainnet-short-benchmark[1446817]: >>> Template db copied
Sep 10 14:17:04 nimbus-eth1-mainnet-short-benchmark[1446817]: >>> making nimbus the owner of the copied files
Sep 10 14:17:04 nimbus-eth1-mainnet-short-benchmark[1446817]: <<< ending copyTemplateDatabase (success)
Sep 10 14:17:04 nimbus-eth1-mainnet-short-benchmark[1446817]: >>> starting startNimbusWithImport
Sep 10 14:17:04 nimbus-eth1-mainnet-short-benchmark[1475342]: INF 2026-09-10 14:17:04.768+00:00 Launching execution client                 version=v0.4.0-f81b344d config="(configFile: none(InputFile), dataDirFlag: some(/data/status-im/nimbus-eth1/data/shared_mainnet_0), era1DirFlag: some(/data/era1), eraDirFlag: some(/data/era), ereDirFlag: none(OutDir), keyStoreDirFlag: none(OutDir), importKey: , trustedSetupFile: none(string), extraData: Nimbus/v0.4.0-f81b344d, gasLimit: none(uint64), maxBlobs: none(byte), network: [mainnet], logLevel: INFO, logFormat: auto, metricsEnabled: false, metricsPort: 9093, metricsAddress: 127.0.0.1, bootstrapNodes: [], elBootstrapNodes: [], bootstrapFile: , elBootstrapFile: , staticPeers: [], staticPeersFile: , reconnectMaxRetry: 0, reconnectInterval: 15, listenAddress: ::, tcpPort: 30303, udpPortFlag: none(Port), maxPeersOpt: none(int), elMaxPeersOpt: none(int), nat: (hasExtIp: false, nat: NatAny), discv5: true, netKey: random, agentString: Nimbus/v0.4.0-f81b344d/linux-amd64/Nim-2.2.10, numThreads: 0, persistBatchSize: 4, dynamicBatchSize: false, rocksdbMaxOpenFiles: 2048, rocksdbWriteBufferSize: 67108864, rocksdbRowCacheSize: 0, rocksdbBlockCacheSize: 2147483648, rocksdbBlockCacheType: hyperclock, rdbVtxCacheSize: 536870912, rdbKeyCacheSize: 1342177280, rdbBranchCacheSize: 1073741824, rdbPrintStats: false, rewriteDatadirId: true, aristoDbMaxSnapshots: 5, parallelStateRootComputation: false, parallelSenderRecovery: true, optimisticStatePrefetch: false, balStatePrefetch: false, balStatePrefetchWorkers: 0, balParallelExecution: false, balPruning: true, eagerStateRootCheck: false, deserializeFcState: true, statelessProvider: false, statelessWitnessValidation: false, cmd: import, maxBlocks: 1000000, chunkSize: 8192, csvStats: some("/data/host-benchmarks/short/81db508457ee44489397af1ca896dc65/blocks-import-benchmark.csv"), validation: false, fullValidation: false, storeBodies: false, storeReceipts: false, storeSlotHashes: false)"
Sep 10 14:17:04 nimbus-eth1-mainnet-short-benchmark[1475342]: WRN 2026-09-10 14:17:04.772+00:00 Data directory has insecure permissions. Correcting them. data_dir=/data/status-im/nimbus-eth1/data/shared_mainnet_0 current_permissions=0755 required_permissions=0700
Sep 10 14:17:06 nimbus-eth1-mainnet-short-benchmark[1475342]: INF 2026-09-10 14:17:06.608+00:00 Taskpool started                           numThreads=16
Sep 10 14:17:06 nimbus-eth1-mainnet-short-benchmark[1475342]: CreateIOUring failed: Invalid argument (errno=22), thread=140507304709376
Sep 10 14:17:06 nimbus-eth1-mainnet-short-benchmark[1475342]: INF 2026-09-10 14:17:06.768+00:00 Database initialized                       base="(0xd24fd73f794058a3807db926d8898c6481e902b7edb91ce0d479d6760f276183, 20000000)" finalized="(0xd24fd73f794058a3807db926d8898c6481e902b7edb91ce0d479d6760f276183, 20000000)" head="(0xd4e56740f876aef8c010b86a40d5f56745a118d0906a34e69aec8c0db1cb8fa3, 0)"
Sep 10 14:17:06 nimbus-eth1-mainnet-short-benchmark[1475342]: NTC 2026-09-10 14:17:06.768+00:00 Could not open ere database, falling back to era1/era import ereDir=/data/status-im/nimbus-eth1/data/shared_mainnet_0/ere networkName=mainnet error="No ere files found in /data/status-im/nimbus-eth1/data/shared_mainnet_0/ere"
Sep 10 14:17:06 nimbus-eth1-mainnet-short-benchmark[1475342]: NTC 2026-09-10 14:17:06.768+00:00 Importing era archive                      blockNumber=20000001 dataDir=/data/status-im/nimbus-eth1/data/shared_mainnet_0 eraDir=/data/era
Sep 10 14:17:09 nimbus-eth1-mainnet-short-benchmark[1475342]: NTC 2026-09-10 14:17:09.084+00:00 Matched block to slot number               blockNumber=20000001 slot=9204783
Sep 10 14:23:11 nimbus-eth1-mainnet-short-benchmark[1475342]: INF 2026-09-10 14:23:11.939+00:00 Imported blocks                            blockNumber=20008193 slot=9213020 blocks=8192 txs=1226966 mgas=124237 bps=22.43 tps=3359 mgps=340.2 avgBps=22.43 avgTps=3359 avgMGps=340.2 elapsed=6m5s172ms
Sep 10 14:28:34 nimbus-eth1-mainnet-short-benchmark[1475342]: INF 2026-09-10 14:28:34.954+00:00 Imported blocks                            blockNumber=20016385 slot=9221256 blocks=16384 txs=2540380 mgas=248071 bps=25.36 tps=4066 mgps=383.4 avgBps=23.81 avgTps=3691 avgMGps=360.5 elapsed=11m28s186ms
Sep 10 14:33:42 nimbus-eth1-mainnet-short-benchmark[1475342]: INF 2026-09-10 14:33:42.154+00:00 Imported blocks                            blockNumber=20024577 slot=9229485 blocks=24576 txs=3869398 mgas=372018 bps=26.67 tps=4326 mgps=403.5 avgBps=24.69 avgTps=3887 avgMGps=373.7 elapsed=16m35s386ms
Sep 10 14:38:17 nimbus-eth1-mainnet-short-benchmark[1475342]: INF 2026-09-10 14:38:17.858+00:00 Imported blocks                            blockNumber=20032769 slot=9237722 blocks=32768 txs=5222766 mgas=495797 bps=29.71 tps=4908 mgps=449.0 avgBps=25.78 avgTps=4108 avgMGps=390.1 elapsed=21m11s89ms
Sep 10 14:42:46 nimbus-eth1-mainnet-short-benchmark[1475342]: INF 2026-09-10 14:42:46.102+00:00 Imported blocks                            blockNumber=20040961 slot=9245957 blocks=40960 txs=6566802 mgas=619586 bps=30.54 tps=5010 mgps=461.5 avgBps=26.61 avgTps=4266 avgMGps=402.5 elapsed=25m39s333ms
Sep 10 14:47:36 nimbus-eth1-mainnet-short-benchmark[1475342]: INF 2026-09-10 14:47:36.558+00:00 Imported blocks                            blockNumber=20049153 slot=9254196 blocks=49152 txs=7904746 mgas=743522 bps=28.20 tps=4606 mgps=426.7 avgBps=26.86 avgTps=4320 avgMGps=406.3 elapsed=30m29s791ms
Sep 10 14:52:05 nimbus-eth1-mainnet-short-benchmark[1475342]: INF 2026-09-10 14:52:05.794+00:00 Imported blocks                            blockNumber=20057345 slot=9262435 blocks=57344 txs=9212009 mgas=867360 bps=30.43 tps=4855 mgps=460.0 avgBps=27.32 avgTps=4388 avgMGps=413.2 elapsed=34m59s28ms
Sep 10 14:56:21 nimbus-eth1-mainnet-short-benchmark[1475342]: INF 2026-09-10 14:56:21.578+00:00 Imported blocks                            blockNumber=20065537 slot=9270674 blocks=65536 txs=10559018 mgas=991371 bps=32.03 tps=5266 mgps=484.8 avgBps=27.83 avgTps=4484 avgMGps=421.0 elapsed=39m14s809ms
Sep 10 15:00:23 nimbus-eth1-mainnet-short-benchmark[1475342]: INF 2026-09-10 15:00:23.251+00:00 Imported blocks                            blockNumber=20073729 slot=9278910 blocks=73728 txs=11898676 mgas=1115111 bps=33.90 tps=5543 mgps=512.0 avgBps=28.40 avgTps=4582 avgMGps=429.5 elapsed=43m16s482ms
Sep 10 15:04:15 nimbus-eth1-mainnet-short-benchmark[1475342]: INF 2026-09-10 15:04:15.523+00:00 Imported blocks                            blockNumber=20081921 slot=9287152 blocks=81920 txs=13323263 mgas=1239150 bps=35.27 tps=6133 mgps=534.0 avgBps=28.96 avgTps=4709 avgMGps=438.1 elapsed=47m8s755ms
Sep 10 15:08:07 nimbus-eth1-mainnet-short-benchmark[1475342]: INF 2026-09-10 15:08:07.532+00:00 Imported blocks                            blockNumber=20090113 slot=9295408 blocks=90112 txs=14697082 mgas=1363113 bps=35.31 tps=5921 mgps=534.3 avgBps=29.44 avgTps=4801 avgMGps=445.4 elapsed=51m761ms321us
Sep 10 15:12:14 nimbus-eth1-mainnet-short-benchmark[1475342]: INF 2026-09-10 15:12:14.865+00:00 Imported blocks                            blockNumber=20098305 slot=9303658 blocks=98304 txs=16025683 mgas=1487146 bps=33.12 tps=5371 mgps=501.5 avgBps=29.72 avgTps=4844 avgMGps=449.5 elapsed=55m8s99ms
Sep 10 15:16:30 nimbus-eth1-mainnet-short-benchmark[1475342]: INF 2026-09-10 15:16:30.601+00:00 Imported blocks                            blockNumber=20106497 slot=9311895 blocks=106496 txs=17337157 mgas=1611066 bps=32.03 tps=5128 mgps=484.6 avgBps=29.88 avgTps=4864 avgMGps=452.1 elapsed=59m23s833ms
Sep 10 15:20:32 nimbus-eth1-mainnet-short-benchmark[1475342]: INF 2026-09-10 15:20:32.706+00:00 Imported blocks                            blockNumber=20114689 slot=9320146 blocks=114688 txs=18632097 mgas=1735123 bps=33.84 tps=5348 mgps=512.4 avgBps=30.13 avgTps=4895 avgMGps=455.9 elapsed=1h3m25s
Sep 10 15:24:22 nimbus-eth1-mainnet-short-benchmark[1475342]: INF 2026-09-10 15:24:22.526+00:00 Imported blocks                            blockNumber=20122881 slot=9328409 blocks=122880 txs=19937418 mgas=1859249 bps=35.65 tps=5679 mgps=540.1 avgBps=30.45 avgTps=4940 avgMGps=460.7 elapsed=1h7m15s
Sep 10 15:28:07 nimbus-eth1-mainnet-short-benchmark[1475342]: INF 2026-09-10 15:28:07.711+00:00 Imported blocks                            blockNumber=20131073 slot=9336660 blocks=131072 txs=21214129 mgas=1983500 bps=36.38 tps=5669 mgps=551.8 avgBps=30.76 avgTps=4978 avgMGps=465.5 elapsed=1h11m944ms
Sep 10 15:31:52 nimbus-eth1-mainnet-short-benchmark[1475342]: INF 2026-09-10 15:31:52.544+00:00 Imported blocks                            blockNumber=20139265 slot=9344906 blocks=139264 txs=22579079 mgas=2107571 bps=36.44 tps=6070 mgps=551.8 avgBps=31.05 avgTps=5033 avgMGps=469.8 elapsed=1h14m45s
Sep 10 15:36:22 nimbus-eth1-mainnet-short-benchmark[1475342]: INF 2026-09-10 15:36:22.924+00:00 Imported blocks                            blockNumber=20147457 slot=9353153 blocks=147456 txs=24133322 mgas=2231686 bps=30.30 tps=5748 mgps=459.0 avgBps=31.00 avgTps=5074 avgMGps=469.2 elapsed=1h19m16s
Sep 10 15:40:40 nimbus-eth1-mainnet-short-benchmark[1475342]: INF 2026-09-10 15:40:40.640+00:00 Imported blocks                            blockNumber=20155649 slot=9361407 blocks=155648 txs=25424015 mgas=2356018 bps=31.79 tps=5008 mgps=482.4 avgBps=31.04 avgTps=5070 avgMGps=469.9 elapsed=1h23m33s
Sep 10 15:44:38 nimbus-eth1-mainnet-short-benchmark[1475342]: INF 2026-09-10 15:44:38.665+00:00 Imported blocks                            blockNumber=20163841 slot=9369652 blocks=163840 txs=26749549 mgas=2480207 bps=34.42 tps=5568 mgps=521.7 avgBps=31.20 avgTps=5093 avgMGps=472.2 elapsed=1h27m31s
Sep 10 15:48:31 nimbus-eth1-mainnet-short-benchmark[1475342]: INF 2026-09-10 15:48:31.902+00:00 Imported blocks                            blockNumber=20172033 slot=9377892 blocks=172032 txs=28105316 mgas=2604026 bps=35.12 tps=5812 mgps=530.9 avgBps=31.36 avgTps=5123 avgMGps=474.7 elapsed=1h31m25s
Sep 10 15:52:29 nimbus-eth1-mainnet-short-benchmark[1475342]: INF 2026-09-10 15:52:29.862+00:00 Imported blocks                            blockNumber=20180225 slot=9386128 blocks=180224 txs=29524405 mgas=2728170 bps=34.43 tps=5963 mgps=521.7 avgBps=31.49 avgTps=5158 avgMGps=476.7 elapsed=1h35m23s
Sep 10 15:56:10 nimbus-eth1-mainnet-short-benchmark[1475342]: INF 2026-09-10 15:56:10.671+00:00 Imported blocks                            blockNumber=20188417 slot=9394365 blocks=188416 txs=30849021 mgas=2852023 bps=37.10 tps=5998 mgps=560.9 avgBps=31.70 avgTps=5190 avgMGps=479.8 elapsed=1h39m3s
Sep 10 16:00:17 nimbus-eth1-mainnet-short-benchmark[1475342]: INF 2026-09-10 16:00:17.708+00:00 Imported blocks                            blockNumber=20196609 slot=9402602 blocks=196608 txs=32174755 mgas=2976155 bps=33.16 tps=5366 mgps=502.5 avgBps=31.76 avgTps=5197 avgMGps=480.7 elapsed=1h43m10s
Sep 10 16:04:37 nimbus-eth1-mainnet-short-benchmark[1475342]: INF 2026-09-10 16:04:37.480+00:00 Imported blocks                            blockNumber=20204801 slot=9410840 blocks=204800 txs=33475942 mgas=3100410 bps=31.54 tps=5008 mgps=478.3 avgBps=31.75 avgTps=5189 avgMGps=480.6 elapsed=1h47m30s
Sep 10 16:08:34 nimbus-eth1-mainnet-short-benchmark[1475342]: INF 2026-09-10 16:08:34.953+00:00 Imported blocks                            blockNumber=20212993 slot=9419071 blocks=212992 txs=34798508 mgas=3224370 bps=34.50 tps=5569 mgps=522.0 avgBps=31.85 avgTps=5202 avgMGps=482.1 elapsed=1h51m28s
Sep 10 16:12:26 nimbus-eth1-mainnet-short-benchmark[1475342]: INF 2026-09-10 16:12:26.090+00:00 Imported blocks                            blockNumber=20221185 slot=9427313 blocks=221184 txs=36114045 mgas=3348169 bps=35.44 tps=5691 mgps=535.6 avgBps=31.97 avgTps=5219 avgMGps=483.9 elapsed=1h55m19s
Sep 10 16:16:00 nimbus-eth1-mainnet-short-benchmark[1475342]: INF 2026-09-10 16:16:00.014+00:00 Imported blocks                            blockNumber=20229377 slot=9435549 blocks=229376 txs=37421794 mgas=3472031 bps=38.29 tps=6113 mgps=579.0 avgBps=32.16 avgTps=5246 avgMGps=486.7 elapsed=1h58m53s
Sep 10 16:19:43 nimbus-eth1-mainnet-short-benchmark[1475342]: INF 2026-09-10 16:19:43.959+00:00 Imported blocks                            blockNumber=20237569 slot=9443788 blocks=237568 txs=38842064 mgas=3596351 bps=36.58 tps=6342 mgps=555.1 avgBps=32.29 avgTps=5279 avgMGps=488.8 elapsed=2h2m37s
Sep 10 16:23:45 nimbus-eth1-mainnet-short-benchmark[1475342]: INF 2026-09-10 16:23:45.768+00:00 Imported blocks                            blockNumber=20245761 slot=9452021 blocks=245760 txs=40225739 mgas=3720100 bps=33.88 tps=5722 mgps=511.8 avgBps=32.34 avgTps=5293 avgMGps=489.6 elapsed=2h6m38s
Sep 10 16:28:02 nimbus-eth1-mainnet-short-benchmark[1475342]: INF 2026-09-10 16:28:02.592+00:00 Imported blocks                            blockNumber=20253953 slot=9460253 blocks=253952 txs=41454921 mgas=3844385 bps=31.90 tps=4785 mgps=483.9 avgBps=32.33 avgTps=5276 avgMGps=489.4 elapsed=2h10m55s
Sep 10 16:32:06 nimbus-eth1-mainnet-short-benchmark[1475342]: INF 2026-09-10 16:32:06.189+00:00 Imported blocks                            blockNumber=20262145 slot=9468495 blocks=262144 txs=42726051 mgas=3968623 bps=33.63 tps=5218 mgps=510.0 avgBps=32.37 avgTps=5275 avgMGps=490.0 elapsed=2h14m59s
Sep 10 16:35:54 nimbus-eth1-mainnet-short-benchmark[1475342]: INF 2026-09-10 16:35:54.262+00:00 Imported blocks                            blockNumber=20270337 slot=9476748 blocks=270336 txs=44050436 mgas=4092682 bps=35.92 tps=5806 mgps=543.9 avgBps=32.46 avgTps=5289 avgMGps=491.5 elapsed=2h18m47s
Sep 10 16:39:27 nimbus-eth1-mainnet-short-benchmark[1475342]: INF 2026-09-10 16:39:27.039+00:00 Imported blocks                            blockNumber=20278529 slot=9484981 blocks=278528 txs=45382368 mgas=4216487 bps=38.50 tps=6259 mgps=581.9 avgBps=32.61 avgTps=5313 avgMGps=493.7 elapsed=2h22m20s
Sep 10 16:43:05 nimbus-eth1-mainnet-short-benchmark[1475342]: INF 2026-09-10 16:43:05.992+00:00 Imported blocks                            blockNumber=20286721 slot=9493213 blocks=286720 txs=46733429 mgas=4340363 bps=37.41 tps=6170 mgps=565.8 avgBps=32.73 avgTps=5335 avgMGps=495.5 elapsed=2h25m59s
Sep 10 16:47:06 nimbus-eth1-mainnet-short-benchmark[1475342]: INF 2026-09-10 16:47:06.024+00:00 Imported blocks                            blockNumber=20294913 slot=9501453 blocks=294912 txs=48075887 mgas=4464376 bps=34.13 tps=5592 mgps=516.6 avgBps=32.77 avgTps=5342 avgMGps=496.1 elapsed=2h29m59s
Sep 10 16:51:01 nimbus-eth1-mainnet-short-benchmark[1475342]: INF 2026-09-10 16:51:01.277+00:00 Imported blocks                            blockNumber=20303105 slot=9509696 blocks=303104 txs=49379538 mgas=4588534 bps=34.82 tps=5541 mgps=527.8 avgBps=32.82 avgTps=5347 avgMGps=496.9 elapsed=2h33m54s
Sep 10 16:54:48 nimbus-eth1-mainnet-short-benchmark[1475342]: INF 2026-09-10 16:54:48.154+00:00 Imported blocks                            blockNumber=20311297 slot=9517922 blocks=311296 txs=50637672 mgas=4712596 bps=36.11 tps=5545 mgps=546.8 avgBps=32.90 avgTps=5352 avgMGps=498.1 elapsed=2h37m41s
Sep 10 16:58:27 nimbus-eth1-mainnet-short-benchmark[1475342]: INF 2026-09-10 16:58:27.251+00:00 Imported blocks                            blockNumber=20319489 slot=9526159 blocks=319488 txs=51981692 mgas=4836521 bps=37.39 tps=6134 mgps=565.6 avgBps=33.00 avgTps=5369 avgMGps=499.6 elapsed=2h41m20s
Sep 10 17:01:48 nimbus-eth1-mainnet-short-benchmark[1475342]: INF 2026-09-10 17:01:48.684+00:00 Imported blocks                            blockNumber=20327681 slot=9534381 blocks=327680 txs=53356123 mgas=4960245 bps=40.67 tps=6823 mgps=614.2 avgBps=33.16 avgTps=5399 avgMGps=502.0 elapsed=2h44m41s
Sep 10 17:05:09 nimbus-eth1-mainnet-short-benchmark[1475342]: INF 2026-09-10 17:05:09.365+00:00 Imported blocks                            blockNumber=20335873 slot=9542617 blocks=335872 txs=54719105 mgas=5084025 bps=40.82 tps=6791 mgps=616.8 avgBps=33.31 avgTps=5427 avgMGps=504.2 elapsed=2h48m2s
Sep 10 17:08:48 nimbus-eth1-mainnet-short-benchmark[1475342]: INF 2026-09-10 17:08:48.926+00:00 Imported blocks                            blockNumber=20344065 slot=9550841 blocks=344064 txs=56021853 mgas=5207843 bps=37.31 tps=5933 mgps=563.9 avgBps=33.40 avgTps=5437 avgMGps=505.5 elapsed=2h51m42s
Sep 10 17:12:56 nimbus-eth1-mainnet-short-benchmark[1475342]: INF 2026-09-10 17:12:56.602+00:00 Imported blocks                            blockNumber=20352257 slot=9559072 blocks=352256 txs=57290408 mgas=5332016 bps=33.08 tps=5121 mgps=501.3 avgBps=33.39 avgTps=5430 avgMGps=505.4 elapsed=2h55m49s
Sep 10 17:16:43 nimbus-eth1-mainnet-short-benchmark[1475342]: INF 2026-09-10 17:16:43.715+00:00 Imported blocks                            blockNumber=20360449 slot=9567308 blocks=360448 txs=58543463 mgas=5456201 bps=36.07 tps=5517 mgps=546.8 avgBps=33.45 avgTps=5432 avgMGps=506.3 elapsed=2h59m36s
Sep 10 17:20:22 nimbus-eth1-mainnet-short-benchmark[1475342]: INF 2026-09-10 17:20:22.604+00:00 Imported blocks                            blockNumber=20368641 slot=9575548 blocks=368640 txs=59874056 mgas=5580204 bps=37.43 tps=6078 mgps=566.5 avgBps=33.53 avgTps=5445 avgMGps=507.5 elapsed=3h3m15s
Sep 10 17:24:09 nimbus-eth1-mainnet-short-benchmark[1475342]: INF 2026-09-10 17:24:09.409+00:00 Imported blocks                            blockNumber=20376833 slot=9583774 blocks=376832 txs=61167066 mgas=5704396 bps=36.12 tps=5700 mgps=547.6 avgBps=33.58 avgTps=5450 avgMGps=508.3 elapsed=3h7m2s
Sep 10 17:27:50 nimbus-eth1-mainnet-short-benchmark[1475342]: INF 2026-09-10 17:27:50.054+00:00 Imported blocks                            blockNumber=20385025 slot=9592009 blocks=385024 txs=62480333 mgas=5828235 bps=37.13 tps=5951 mgps=561.3 avgBps=33.65 avgTps=5459 avgMGps=509.3 elapsed=3h10m43s
Sep 10 17:31:31 nimbus-eth1-mainnet-short-benchmark[1475342]: INF 2026-09-10 17:31:31.627+00:00 Imported blocks                            blockNumber=20393217 slot=9600248 blocks=393216 txs=63800597 mgas=5952136 bps=36.97 tps=5958 mgps=559.2 avgBps=33.71 avgTps=5469 avgMGps=510.3 elapsed=3h14m24s
Sep 10 17:35:04 nimbus-eth1-mainnet-short-benchmark[1475342]: INF 2026-09-10 17:35:04.752+00:00 Imported blocks                            blockNumber=20401409 slot=9608486 blocks=401408 txs=65021243 mgas=6076384 bps=38.44 tps=5727 mgps=583.0 avgBps=33.79 avgTps=5474 avgMGps=511.6 elapsed=3h17m57s
Sep 10 17:38:52 nimbus-eth1-mainnet-short-benchmark[1475342]: INF 2026-09-10 17:38:52.140+00:00 Imported blocks                            blockNumber=20409601 slot=9616707 blocks=409600 txs=66199016 mgas=6200666 bps=36.03 tps=5179 mgps=546.5 avgBps=33.84 avgTps=5468 avgMGps=512.2 elapsed=3h21m45s
Sep 10 17:42:30 nimbus-eth1-mainnet-short-benchmark[1475342]: INF 2026-09-10 17:42:30.505+00:00 Imported blocks                            blockNumber=20417793 slot=9624941 blocks=417792 txs=67453930 mgas=6324823 bps=37.52 tps=5746 mgps=568.6 avgBps=33.90 avgTps=5473 avgMGps=513.2 elapsed=3h25m23s
Sep 10 17:45:45 nimbus-eth1-mainnet-short-benchmark[1475342]: INF 2026-09-10 17:45:45.267+00:00 Imported blocks                            blockNumber=20425985 slot=9633187 blocks=425984 txs=68814904 mgas=6448778 bps=42.06 tps=6987 mgps=636.4 avgBps=34.03 avgTps=5497 avgMGps=515.1 elapsed=3h28m38s
Sep 10 17:48:59 nimbus-eth1-mainnet-short-benchmark[1475342]: INF 2026-09-10 17:48:59.484+00:00 Imported blocks                            blockNumber=20434177 slot=9641422 blocks=434176 txs=70124508 mgas=6572711 bps=42.18 tps=6743 mgps=638.1 avgBps=34.15 avgTps=5516 avgMGps=517.0 elapsed=3h31m52s
Sep 10 17:52:22 nimbus-eth1-mainnet-short-benchmark[1475342]: INF 2026-09-10 17:52:22.281+00:00 Imported blocks                            blockNumber=20442369 slot=9649657 blocks=442368 txs=71403576 mgas=6696451 bps=40.39 tps=6307 mgps=610.2 avgBps=34.25 avgTps=5528 avgMGps=518.5 elapsed=3h35m15s
Sep 10 17:56:04 nimbus-eth1-mainnet-short-benchmark[1475342]: INF 2026-09-10 17:56:04.866+00:00 Imported blocks                            blockNumber=20450561 slot=9657896 blocks=450560 txs=72659905 mgas=6820521 bps=36.80 tps=5644 mgps=557.4 avgBps=34.29 avgTps=5530 avgMGps=519.1 elapsed=3h38m58s
Sep 10 18:00:07 nimbus-eth1-mainnet-short-benchmark[1475342]: INF 2026-09-10 18:00:07.022+00:00 Imported blocks                            blockNumber=20458753 slot=9666114 blocks=458752 txs=73838533 mgas=6945116 bps=33.83 tps=4867 mgps=514.5 avgBps=34.29 avgTps=5518 avgMGps=519.1 elapsed=3h43m256ms
Sep 10 18:03:47 nimbus-eth1-mainnet-short-benchmark[1475342]: INF 2026-09-10 18:03:47.059+00:00 Imported blocks                            blockNumber=20466945 slot=9674343 blocks=466944 txs=75124748 mgas=7068943 bps=37.23 tps=5845 mgps=562.8 avgBps=34.33 avgTps=5523 avgMGps=519.8 elapsed=3h46m40s
Sep 10 18:07:25 nimbus-eth1-mainnet-short-benchmark[1475342]: INF 2026-09-10 18:07:25.440+00:00 Imported blocks                            blockNumber=20475137 slot=9682575 blocks=475136 txs=76420106 mgas=7192870 bps=37.51 tps=5931 mgps=567.5 avgBps=34.38 avgTps=5530 avgMGps=520.5 elapsed=3h50m18s
Sep 10 18:10:52 nimbus-eth1-mainnet-short-benchmark[1475342]: INF 2026-09-10 18:10:52.601+00:00 Imported blocks                            blockNumber=20483329 slot=9690800 blocks=483328 txs=77675422 mgas=7316939 bps=39.54 tps=6059 mgps=598.9 avgBps=34.46 avgTps=5538 avgMGps=521.7 elapsed=3h53m45s
Sep 10 18:14:17 nimbus-eth1-mainnet-short-benchmark[1475342]: INF 2026-09-10 18:14:17.750+00:00 Imported blocks                            blockNumber=20491521 slot=9699019 blocks=491520 txs=78951232 mgas=7440784 bps=39.93 tps=6219 mgps=603.7 avgBps=34.54 avgTps=5547 avgMGps=522.9 elapsed=3h57m10s
Sep 10 18:17:58 nimbus-eth1-mainnet-short-benchmark[1475342]: INF 2026-09-10 18:17:58.511+00:00 Imported blocks                            blockNumber=20499713 slot=9707248 blocks=499712 txs=80189642 mgas=7564669 bps=37.11 tps=5609 mgps=561.2 avgBps=34.58 avgTps=5548 avgMGps=523.4 elapsed=4h51s743ms
Sep 10 18:21:46 nimbus-eth1-mainnet-short-benchmark[1475342]: INF 2026-09-10 18:21:46.364+00:00 Imported blocks                            blockNumber=20507905 slot=9715488 blocks=507904 txs=81317763 mgas=7689208 bps=35.95 tps=4951 mgps=546.6 avgBps=34.60 avgTps=5539 avgMGps=523.8 elapsed=4h4m39s
Sep 10 18:25:06 nimbus-eth1-mainnet-short-benchmark[1475342]: INF 2026-09-10 18:25:06.605+00:00 Imported blocks                            blockNumber=20516097 slot=9723715 blocks=516096 txs=82520262 mgas=7813209 bps=40.91 tps=6005 mgps=619.2 avgBps=34.68 avgTps=5545 avgMGps=525.1 elapsed=4h7m59s
Sep 10 18:28:40 nimbus-eth1-mainnet-short-benchmark[1475342]: INF 2026-09-10 18:28:40.146+00:00 Imported blocks                            blockNumber=20524289 slot=9731945 blocks=524288 txs=83780075 mgas=7937233 bps=38.36 tps=5899 mgps=580.8 avgBps=34.74 avgTps=5550 avgMGps=525.9 elapsed=4h11m33s
Sep 10 18:32:17 nimbus-eth1-mainnet-short-benchmark[1475342]: INF 2026-09-10 18:32:17.571+00:00 Imported blocks                            blockNumber=20532481 slot=9740183 blocks=532480 txs=85263862 mgas=8061024 bps=37.68 tps=6824 mgps=569.4 avgBps=34.78 avgTps=5568 avgMGps=526.5 elapsed=4h15m10s
Sep 10 18:36:00 nimbus-eth1-mainnet-short-benchmark[1475342]: INF 2026-09-10 18:36:00.368+00:00 Imported blocks                            blockNumber=20540673 slot=9748418 blocks=540672 txs=86612143 mgas=8185090 bps=36.77 tps=6051 mgps=556.9 avgBps=34.81 avgTps=5575 avgMGps=526.9 elapsed=4h18m53s
Sep 10 18:39:50 nimbus-eth1-mainnet-short-benchmark[1475342]: INF 2026-09-10 18:39:50.693+00:00 Imported blocks                            blockNumber=20548865 slot=9756662 blocks=548864 txs=87802991 mgas=8309513 bps=35.57 tps=5170 mgps=540.2 avgBps=34.82 avgTps=5569 avgMGps=527.1 elapsed=4h22m43s
Sep 10 18:43:37 nimbus-eth1-mainnet-short-benchmark[1475342]: INF 2026-09-10 18:43:37.501+00:00 Imported blocks                            blockNumber=20557057 slot=9764892 blocks=557056 txs=88964987 mgas=8433956 bps=36.12 tps=5123 mgps=548.7 avgBps=34.84 avgTps=5563 avgMGps=527.4 elapsed=4h26m30s
Sep 10 18:47:11 nimbus-eth1-mainnet-short-benchmark[1475342]: INF 2026-09-10 18:47:11.946+00:00 Imported blocks                            blockNumber=20565249 slot=9773131 blocks=565248 txs=90186094 mgas=8558113 bps=38.20 tps=5694 mgps=579.0 avgBps=34.88 avgTps=5565 avgMGps=528.1 elapsed=4h30m5s
Sep 10 18:50:48 nimbus-eth1-mainnet-short-benchmark[1475342]: INF 2026-09-10 18:50:48.655+00:00 Imported blocks                            blockNumber=20573441 slot=9781369 blocks=573440 txs=91404654 mgas=8682228 bps=37.80 tps=5623 mgps=572.7 avgBps=34.92 avgTps=5566 avgMGps=528.7 elapsed=4h33m41s
Sep 10 18:54:20 nimbus-eth1-mainnet-short-benchmark[1475342]: INF 2026-09-10 18:54:20.800+00:00 Imported blocks                            blockNumber=20581633 slot=9789611 blocks=581632 txs=92628389 mgas=8806651 bps=38.61 tps=5768 mgps=586.5 avgBps=34.97 avgTps=5568 avgMGps=529.4 elapsed=4h37m14s
Sep 10 18:58:00 nimbus-eth1-mainnet-short-benchmark[1475342]: INF 2026-09-10 18:58:00.589+00:00 Imported blocks                            blockNumber=20589825 slot=9797855 blocks=589824 txs=93887208 mgas=8931023 bps=37.27 tps=5727 mgps=565.9 avgBps=35.00 avgTps=5570 avgMGps=529.9 elapsed=4h40m53s
Sep 10 19:01:43 nimbus-eth1-mainnet-short-benchmark[1475342]: INF 2026-09-10 19:01:43.678+00:00 Imported blocks                            blockNumber=20598017 slot=9806095 blocks=598016 txs=95163338 mgas=9055310 bps=36.72 tps=5720 mgps=557.1 avgBps=35.02 avgTps=5572 avgMGps=530.3 elapsed=4h44m36s
Sep 10 19:05:29 nimbus-eth1-mainnet-short-benchmark[1475342]: INF 2026-09-10 19:05:29.803+00:00 Imported blocks                            blockNumber=20606209 slot=9814347 blocks=606208 txs=96334664 mgas=9179976 bps=36.23 tps=5180 mgps=551.3 avgBps=35.03 avgTps=5567 avgMGps=530.5 elapsed=4h48m23s
Sep 10 19:09:05 nimbus-eth1-mainnet-short-benchmark[1475342]: INF 2026-09-10 19:09:05.932+00:00 Imported blocks                            blockNumber=20614401 slot=9822581 blocks=614400 txs=97573414 mgas=9304574 bps=37.90 tps=5731 mgps=576.5 avgBps=35.07 avgTps=5569 avgMGps=531.1 elapsed=4h51m59s
Sep 10 19:12:42 nimbus-eth1-mainnet-short-benchmark[1475342]: INF 2026-09-10 19:12:42.773+00:00 Imported blocks                            blockNumber=20622593 slot=9830821 blocks=622592 txs=98874772 mgas=9428835 bps=37.78 tps=6001 mgps=573.0 avgBps=35.10 avgTps=5574 avgMGps=531.6 elapsed=4h55m36s
Sep 10 19:16:11 nimbus-eth1-mainnet-short-benchmark[1475342]: INF 2026-09-10 19:16:11.402+00:00 Imported blocks                            blockNumber=20630785 slot=9839058 blocks=630784 txs=100178707 mgas=9553009 bps=39.27 tps=6250 mgps=595.2 avgBps=35.15 avgTps=5582 avgMGps=532.4 elapsed=4h59m4s
Sep 10 19:19:48 nimbus-eth1-mainnet-short-benchmark[1475342]: INF 2026-09-10 19:19:48.367+00:00 Imported blocks                            blockNumber=20638977 slot=9847313 blocks=638976 txs=101489116 mgas=9677171 bps=37.76 tps=6039 mgps=572.3 avgBps=35.18 avgTps=5588 avgMGps=532.8 elapsed=5h2m41s
Sep 10 19:23:23 nimbus-eth1-mainnet-short-benchmark[1475342]: INF 2026-09-10 19:23:23.736+00:00 Imported blocks                            blockNumber=20647169 slot=9855549 blocks=647168 txs=102730058 mgas=9801643 bps=38.04 tps=5762 mgps=578.0 avgBps=35.22 avgTps=5590 avgMGps=533.4 elapsed=5h6m16s
Sep 10 19:27:13 nimbus-eth1-mainnet-short-benchmark[1475342]: INF 2026-09-10 19:27:13.612+00:00 Imported blocks                            blockNumber=20655361 slot=9863778 blocks=655360 txs=103868002 mgas=9926541 bps=35.64 tps=4950 mgps=543.3 avgBps=35.22 avgTps=5582 avgMGps=533.5 elapsed=5h10m6s
Sep 10 19:30:46 nimbus-eth1-mainnet-short-benchmark[1475342]: INF 2026-09-10 19:30:46.045+00:00 Imported blocks                            blockNumber=20663553 slot=9872013 blocks=663552 txs=105112198 mgas=10051274 bps=38.56 tps=5856 mgps=587.2 avgBps=35.26 avgTps=5585 avgMGps=534.1 elapsed=5h13m39s
Sep 10 19:34:09 nimbus-eth1-mainnet-short-benchmark[1475342]: INF 2026-09-10 19:34:09.567+00:00 Imported blocks                            blockNumber=20671745 slot=9880241 blocks=671744 txs=106395904 mgas=10175177 bps=40.25 tps=6307 mgps=608.8 avgBps=35.31 avgTps=5593 avgMGps=534.9 elapsed=5h17m2s
Sep 10 19:37:36 nimbus-eth1-mainnet-short-benchmark[1475342]: INF 2026-09-10 19:37:36.900+00:00 Imported blocks                            blockNumber=20679937 slot=9888471 blocks=679936 txs=107674271 mgas=10299404 bps=39.51 tps=6165 mgps=599.2 avgBps=35.36 avgTps=5599 avgMGps=535.6 elapsed=5h20m30s
Sep 10 19:40:55 nimbus-eth1-mainnet-short-benchmark[1475342]: INF 2026-09-10 19:40:55.493+00:00 Imported blocks                            blockNumber=20688129 slot=9896698 blocks=688128 txs=108938536 mgas=10423298 bps=41.25 tps=6366 mgps=623.9 avgBps=35.42 avgTps=5607 avgMGps=536.5 elapsed=5h23m48s
Sep 10 19:44:25 nimbus-eth1-mainnet-short-benchmark[1475342]: INF 2026-09-10 19:44:25.422+00:00 Imported blocks                            blockNumber=20696321 slot=9904930 blocks=696320 txs=110235786 mgas=10547469 bps=39.02 tps=6179 mgps=591.5 avgBps=35.46 avgTps=5613 avgMGps=537.1 elapsed=5h27m18s
Sep 10 19:48:11 nimbus-eth1-mainnet-short-benchmark[1475342]: INF 2026-09-10 19:48:11.903+00:00 Imported blocks                            blockNumber=20704513 slot=9913154 blocks=704512 txs=111483759 mgas=10671677 bps=36.17 tps=5510 mgps=548.4 avgBps=35.46 avgTps=5612 avgMGps=537.2 elapsed=5h31m5s
Sep 10 19:51:44 nimbus-eth1-mainnet-short-benchmark[1475342]: INF 2026-09-10 19:51:44.824+00:00 Imported blocks                            blockNumber=20712705 slot=9921388 blocks=712704 txs=112764170 mgas=10795980 bps=38.48 tps=6013 mgps=583.8 avgBps=35.50 avgTps=5616 avgMGps=537.7 elapsed=5h34m38s
Sep 10 19:55:04 nimbus-eth1-mainnet-short-benchmark[1475342]: INF 2026-09-10 19:55:04.037+00:00 Imported blocks                            blockNumber=20720897 slot=9929633 blocks=720896 txs=114110517 mgas=10919926 bps=41.12 tps=6758 mgps=622.2 avgBps=35.55 avgTps=5627 avgMGps=538.5 elapsed=5h37m57s
Sep 10 19:58:29 nimbus-eth1-mainnet-short-benchmark[1475342]: INF 2026-09-10 19:58:29.490+00:00 Imported blocks                            blockNumber=20729089 slot=9937869 blocks=729088 txs=115449431 mgas=11043768 bps=39.87 tps=6516 mgps=602.8 avgBps=35.60 avgTps=5636 avgMGps=539.2 elapsed=5h41m22s
Sep 10 20:01:46 nimbus-eth1-mainnet-short-benchmark[1475342]: INF 2026-09-10 20:01:46.451+00:00 Imported blocks                            blockNumber=20737281 slot=9946108 blocks=737280 txs=116784468 mgas=11167784 bps=41.59 tps=6778 mgps=629.6 avgBps=35.65 avgTps=5647 avgMGps=540.0 elapsed=5h44m39s
Sep 10 20:05:14 nimbus-eth1-mainnet-short-benchmark[1475342]: INF 2026-09-10 20:05:14.392+00:00 Imported blocks                            blockNumber=20745473 slot=9954342 blocks=745472 txs=118101003 mgas=11291742 bps=39.40 tps=6331 mgps=596.1 avgBps=35.69 avgTps=5654 avgMGps=540.6 elapsed=5h48m7s
Sep 10 20:08:58 nimbus-eth1-mainnet-short-benchmark[1475342]: INF 2026-09-10 20:08:58.725+00:00 Imported blocks                            blockNumber=20753665 slot=9962581 blocks=753664 txs=119337525 mgas=11415859 bps=36.52 tps=5511 mgps=553.3 avgBps=35.70 avgTps=5652 avgMGps=540.7 elapsed=5h51m51s
Sep 10 20:12:30 nimbus-eth1-mainnet-short-benchmark[1475342]: INF 2026-09-10 20:12:30.994+00:00 Imported blocks                            blockNumber=20761857 slot=9970803 blocks=761856 txs=120564314 mgas=11540225 bps=38.59 tps=5779 mgps=585.9 avgBps=35.73 avgTps=5653 avgMGps=541.2 elapsed=5h55m24s
Sep 10 20:15:51 nimbus-eth1-mainnet-short-benchmark[1475342]: INF 2026-09-10 20:15:51.051+00:00 Imported blocks                            blockNumber=20770049 slot=9979058 blocks=770048 txs=121858083 mgas=11663918 bps=40.95 tps=6466 mgps=618.3 avgBps=35.78 avgTps=5661 avgMGps=541.9 elapsed=5h58m44s
Sep 10 20:19:02 nimbus-eth1-mainnet-short-benchmark[1475342]: INF 2026-09-10 20:19:02.440+00:00 Imported blocks                            blockNumber=20778241 slot=9987307 blocks=778240 txs=123161734 mgas=11787906 bps=42.80 tps=6811 mgps=647.8 avgBps=35.84 avgTps=5671 avgMGps=542.8 elapsed=6h1m55s
Sep 10 20:22:06 nimbus-eth1-mainnet-short-benchmark[1475342]: INF 2026-09-10 20:22:06.946+00:00 Imported blocks                            blockNumber=20786433 slot=9995542 blocks=786432 txs=124509456 mgas=11911612 bps=44.40 tps=7304 mgps=670.5 avgBps=35.91 avgTps=5685 avgMGps=543.9 elapsed=6h5m180ms
Sep 10 20:25:19 nimbus-eth1-mainnet-short-benchmark[1475342]: INF 2026-09-10 20:25:19.267+00:00 Imported blocks                            blockNumber=20794625 slot=10003781 blocks=794624 txs=125848921 mgas=12035338 bps=42.60 tps=6964 mgps=643.3 avgBps=35.97 avgTps=5696 avgMGps=544.8 elapsed=6h8m12s
Sep 10 20:28:35 nimbus-eth1-mainnet-short-benchmark[1475342]: INF 2026-09-10 20:28:35.280+00:00 Imported blocks                            blockNumber=20802817 slot=10012028 blocks=802816 txs=127089868 mgas=12158989 bps=41.79 tps=6330 mgps=630.8 avgBps=36.02 avgTps=5702 avgMGps=545.5 elapsed=6h11m28s
Sep 10 20:31:58 nimbus-eth1-mainnet-short-benchmark[1475342]: INF 2026-09-10 20:31:58.917+00:00 Imported blocks                            blockNumber=20811009 slot=10020249 blocks=811008 txs=128299762 mgas=12282850 bps=40.23 tps=5941 mgps=608.3 avgBps=36.06 avgTps=5704 avgMGps=546.1 elapsed=6h14m52s
Sep 10 20:35:08 nimbus-eth1-mainnet-short-benchmark[1475342]: INF 2026-09-10 20:35:08.919+00:00 Imported blocks                            blockNumber=20819201 slot=10028481 blocks=819200 txs=129596319 mgas=12406594 bps=43.12 tps=6823 mgps=651.3 avgBps=36.12 avgTps=5713 avgMGps=547.0 elapsed=6h18m2s
Sep 10 20:38:19 nimbus-eth1-mainnet-short-benchmark[1475342]: INF 2026-09-10 20:38:19.288+00:00 Imported blocks                            blockNumber=20827393 slot=10036710 blocks=827392 txs=130916729 mgas=12530249 bps=43.03 tps=6936 mgps=649.6 avgBps=36.17 avgTps=5723 avgMGps=547.8 elapsed=6h21m12s
Sep 10 20:41:30 nimbus-eth1-mainnet-short-benchmark[1475342]: INF 2026-09-10 20:41:30.769+00:00 Imported blocks                            blockNumber=20835585 slot=10044938 blocks=835584 txs=132226625 mgas=12654070 bps=42.78 tps=6840 mgps=646.6 avgBps=36.23 avgTps=5733 avgMGps=548.7 elapsed=6h24m24s
Sep 10 20:44:52 nimbus-eth1-mainnet-short-benchmark[1475342]: INF 2026-09-10 20:44:52.251+00:00 Imported blocks                            blockNumber=20843777 slot=10053164 blocks=843776 txs=133604192 mgas=12777730 bps=40.66 tps=6837 mgps=613.8 avgBps=36.27 avgTps=5742 avgMGps=549.2 elapsed=6h27m45s
Sep 10 20:48:38 nimbus-eth1-mainnet-short-benchmark[1475342]: INF 2026-09-10 20:48:38.343+00:00 Imported blocks                            blockNumber=20851969 slot=10061391 blocks=851968 txs=134900706 mgas=12901664 bps=36.23 tps=5734 mgps=548.2 avgBps=36.27 avgTps=5742 avgMGps=549.2 elapsed=6h31m31s
Sep 10 20:52:15 nimbus-eth1-mainnet-short-benchmark[1475342]: INF 2026-09-10 20:52:15.024+00:00 Imported blocks                            blockNumber=20860161 slot=10069622 blocks=860160 txs=136168750 mgas=13025603 bps=37.81 tps=5852 mgps=572.0 avgBps=36.28 avgTps=5743 avgMGps=549.4 elapsed=6h35m8s
Sep 10 20:55:48 nimbus-eth1-mainnet-short-benchmark[1475342]: INF 2026-09-10 20:55:48.769+00:00 Imported blocks                            blockNumber=20868353 slot=10077838 blocks=868352 txs=137550724 mgas=13149742 bps=38.33 tps=6465 mgps=580.8 avgBps=36.30 avgTps=5749 avgMGps=549.7 elapsed=6h38m42s
Sep 10 20:59:19 nimbus-eth1-mainnet-short-benchmark[1475342]: INF 2026-09-10 20:59:19.442+00:00 Imported blocks                            blockNumber=20876545 slot=10086066 blocks=876544 txs=138954673 mgas=13273457 bps=38.88 tps=6664 mgps=587.2 avgBps=36.32 avgTps=5757 avgMGps=550.0 elapsed=6h42m12s
Sep 10 21:02:45 nimbus-eth1-mainnet-short-benchmark[1475342]: INF 2026-09-10 21:02:45.795+00:00 Imported blocks                            blockNumber=20884737 slot=10094286 blocks=884736 txs=140256178 mgas=13397479 bps=39.70 tps=6307 mgps=601.0 avgBps=36.35 avgTps=5762 avgMGps=550.5 elapsed=6h45m39s
Sep 10 21:06:06 nimbus-eth1-mainnet-short-benchmark[1475342]: INF 2026-09-10 21:06:06.369+00:00 Imported blocks                            blockNumber=20892929 slot=10102512 blocks=892928 txs=141581868 mgas=13521575 bps=40.84 tps=6609 mgps=618.7 avgBps=36.39 avgTps=5769 avgMGps=551.0 elapsed=6h48m59s
Sep 10 21:09:27 nimbus-eth1-mainnet-short-benchmark[1475342]: INF 2026-09-10 21:09:27.222+00:00 Imported blocks                            blockNumber=20901121 slot=10110732 blocks=901120 txs=142875889 mgas=13645572 bps=40.79 tps=6442 mgps=617.4 avgBps=36.42 avgTps=5774 avgMGps=551.5 elapsed=6h52m20s
Sep 10 21:12:48 nimbus-eth1-mainnet-short-benchmark[1475342]: INF 2026-09-10 21:12:48.827+00:00 Imported blocks                            blockNumber=20909313 slot=10118953 blocks=909312 txs=144102308 mgas=13769390 bps=40.63 tps=6083 mgps=614.2 avgBps=36.46 avgTps=5777 avgMGps=552.1 elapsed=6h55m42s
Sep 10 21:16:04 nimbus-eth1-mainnet-short-benchmark[1475342]: INF 2026-09-10 21:16:04.300+00:00 Imported blocks                            blockNumber=20917505 slot=10127176 blocks=917504 txs=145406349 mgas=13893087 bps=41.91 tps=6671 mgps=632.8 avgBps=36.50 avgTps=5784 avgMGps=552.7 elapsed=6h58m57s
Sep 10 21:19:11 nimbus-eth1-mainnet-short-benchmark[1475342]: INF 2026-09-10 21:19:11.261+00:00 Imported blocks                            blockNumber=20925697 slot=10135394 blocks=925696 txs=146718394 mgas=14016820 bps=43.82 tps=7017 mgps=661.8 avgBps=36.55 avgTps=5793 avgMGps=553.5 elapsed=7h2m4s
Sep 10 21:22:32 nimbus-eth1-mainnet-short-benchmark[1475342]: INF 2026-09-10 21:22:32.411+00:00 Imported blocks                            blockNumber=20933889 slot=10143614 blocks=933888 txs=148049109 mgas=14140625 bps=40.73 tps=6615 mgps=615.5 avgBps=36.59 avgTps=5800 avgMGps=554.0 elapsed=7h5m25s
Sep 10 21:25:45 nimbus-eth1-mainnet-short-benchmark[1475342]: INF 2026-09-10 21:25:45.860+00:00 Imported blocks                            blockNumber=20942081 slot=10151840 blocks=942080 txs=149397364 mgas=14264352 bps=42.35 tps=6969 mgps=639.6 avgBps=36.63 avgTps=5808 avgMGps=554.6 elapsed=7h8m39s
Sep 10 21:29:03 nimbus-eth1-mainnet-short-benchmark[1475342]: INF 2026-09-10 21:29:03.753+00:00 Imported blocks                            blockNumber=20950273 slot=10160098 blocks=950272 txs=150765507 mgas=14388237 bps=41.40 tps=6913 mgps=626.0 avgBps=36.67 avgTps=5817 avgMGps=555.2 elapsed=7h11m56s
Sep 10 21:32:33 nimbus-eth1-mainnet-short-benchmark[1475342]: INF 2026-09-10 21:32:33.490+00:00 Imported blocks                            blockNumber=20958465 slot=10168363 blocks=958464 txs=152044771 mgas=14511987 bps=39.06 tps=6099 mgps=590.0 avgBps=36.69 avgTps=5819 avgMGps=555.4 elapsed=7h15m26s
Sep 10 21:35:55 nimbus-eth1-mainnet-short-benchmark[1475342]: INF 2026-09-10 21:35:55.095+00:00 Imported blocks                            blockNumber=20966657 slot=10176609 blocks=966656 txs=153365296 mgas=14635804 bps=40.63 tps=6550 mgps=614.2 avgBps=36.72 avgTps=5825 avgMGps=555.9 elapsed=7h18m48s
Sep 10 21:39:17 nimbus-eth1-mainnet-short-benchmark[1475342]: INF 2026-09-10 21:39:17.488+00:00 Imported blocks                            blockNumber=20974849 slot=10184849 blocks=974848 txs=154744917 mgas=14759580 bps=40.48 tps=6816 mgps=611.6 avgBps=36.74 avgTps=5832 avgMGps=556.3 elapsed=7h22m10s
Sep 10 21:42:43 nimbus-eth1-mainnet-short-benchmark[1475342]: INF 2026-09-10 21:42:43.893+00:00 Imported blocks                            blockNumber=20983041 slot=10193086 blocks=983040 txs=156055229 mgas=14883451 bps=39.69 tps=6348 mgps=600.1 avgBps=36.77 avgTps=5836 avgMGps=556.7 elapsed=7h25m37s
Sep 10 21:45:46 nimbus-eth1-mainnet-short-benchmark[1475342]: INF 2026-09-10 21:45:46.139+00:00 Imported blocks                            blockNumber=20991233 slot=10201319 blocks=991232 txs=157563202 mgas=15007557 bps=44.95 tps=8274 mgps=681.0 avgBps=36.82 avgTps=5853 avgMGps=557.5 elapsed=7h28m39s
Sep 10 21:49:18 nimbus-eth1-mainnet-short-benchmark[1475342]: INF 2026-09-10 21:49:18.672+00:00 Imported blocks                            blockNumber=20999425 slot=10209549 blocks=999424 txs=159003277 mgas=15131383 bps=38.54 tps=6775 mgps=582.6 avgBps=36.84 avgTps=5860 avgMGps=557.7 elapsed=7h32m11s
Sep 10 21:49:34 nimbus-eth1-mainnet-short-benchmark[1475342]: INF 2026-09-10 21:49:34.108+00:00 Imported blocks                            blockNumber=21000001 slot=10210128 blocks=1000000 txs=159109486 mgas=15140191 bps=37.32 tps=6881 mgps=570.6 avgBps=36.84 avgTps=5860 avgMGps=557.7 elapsed=7h32m27s
Sep 10 21:49:34 nimbus-eth1-mainnet-short-benchmark[1475342]: NTC 2026-09-10 21:49:34.108+00:00 Import complete                            blockNumber=21000001 slot=10210128 blocks=1000000 txs=159109486 mgas=15140191
Sep 10 21:49:35 nimbus-eth1-mainnet-short-benchmark[1446817]: <<< ending startNimbusWithImport (success)
Sep 10 21:49:35 nimbus-eth1-mainnet-short-benchmark[1446817]: >>> starting moveBenchmarkingFileToRepo
Sep 10 21:49:35 nimbus-eth1-mainnet-short-benchmark[1446817]: >>> copying debug-csv generated by nimbus to benchmarks repo
Sep 10 21:49:35 nimbus-eth1-mainnet-short-benchmark[1446817]: <<< ending moveBenchmarkingFileToRepo (success)
Sep 10 21:49:35 nimbus-eth1-mainnet-short-benchmark[1446817]: >>> starting generateBuildEnvironmentLogFile
Sep 10 21:49:44 nimbus-eth1-mainnet-short-benchmark[1446817]: <<< ending generateBuildEnvironmentLogFile (success)
Sep 10 21:49:44 nimbus-eth1-mainnet-short-benchmark[1446817]: >>> starting generateSystemdServiceLogs
