Oct 03 09:27:28 nimbus-eth1-mainnet-short-benchmark[338878]: >>> starting cloneOrFetchBenchmarksRepo
Oct 03 09:27:28 nimbus-eth1-mainnet-short-benchmark[338878]: >>> Fetching latest changes for nimbus-eth1-benchmarks...
Oct 03 09:27:30 nimbus-eth1-mainnet-short-benchmark[338925]: HEAD is now at b72731d chore: update short benchmark Readme
Oct 03 09:27:30 nimbus-eth1-mainnet-short-benchmark[338878]: <<< ending cloneOrFetchBenchmarksRepo (success)
Oct 03 09:27:30 nimbus-eth1-mainnet-short-benchmark[338878]: >>> starting cloneOrFetchNimbusRepo
Oct 03 09:27:41 nimbus-eth1-mainnet-short-benchmark[338878]: >>> Fetching latest changes for nimbus-eth1...
Oct 03 09:27:42 nimbus-eth1-mainnet-short-benchmark[339295]: From https://github.com/status-im/nimbus-eth1
Oct 03 09:27:42 nimbus-eth1-mainnet-short-benchmark[339295]:    e1aff1705..b65ea0b3d  master      -> origin/master
Oct 03 09:27:42 nimbus-eth1-mainnet-short-benchmark[339295]:  * [new branch]          bump-njs    -> origin/bump-njs
Oct 03 09:27:42 nimbus-eth1-mainnet-short-benchmark[339295]:  + 7d66da4ed...1aaca5dbd eip-8141    -> origin/eip-8141  (forced update)
Oct 03 09:27:42 nimbus-eth1-mainnet-short-benchmark[339295]:    aa55cb172..7ad01df3e  wasm-deploy -> origin/wasm-deploy
Oct 03 09:27:42 nimbus-eth1-mainnet-short-benchmark[339295]: warning: a3252377183a02479d36b6b8c0e5b7244c5cd353:.gitmodules, multiple configurations found for 'submodule.vendor/nim-libplum.path'. Skipping second one!
Oct 03 09:27:42 nimbus-eth1-mainnet-short-benchmark[339295]: warning: a3252377183a02479d36b6b8c0e5b7244c5cd353:.gitmodules, multiple configurations found for 'submodule.vendor/nim-libplum.url'. Skipping second one!
Oct 03 09:27:43 nimbus-eth1-mainnet-short-benchmark[339295]: Fetching submodule vendor/nim-json-serialization
Oct 03 09:27:43 nimbus-eth1-mainnet-short-benchmark[339295]: From https://github.com/status-im/nim-json-serialization
Oct 03 09:27:43 nimbus-eth1-mainnet-short-benchmark[339295]:  + 7bb6e48...f7c9a95 flavor-version -> origin/flavor-version  (forced update)
Oct 03 09:27:43 nimbus-eth1-mainnet-short-benchmark[339295]:    b9001bf..99b1790  gh-pages       -> origin/gh-pages
Oct 03 09:27:43 nimbus-eth1-mainnet-short-benchmark[339295]:    73c37b4..a8c5169  master         -> origin/master
Oct 03 09:27:43 nimbus-eth1-mainnet-short-benchmark[339323]: HEAD is now at b65ea0b3d build(deps): bump vendor/nim-nat-traversal from `860e18c` to `83a4010` (#4849)
Oct 03 09:27:43 nimbus-eth1-mainnet-short-benchmark[338878]: >>> Found last benchmarked commit: 5948269c
Oct 03 09:27:43 nimbus-eth1-mainnet-short-benchmark[338878]: >>> Using next commit: b65ea0b3ddf04461e75cfa96796e85d60fe02b9e
Oct 03 09:27:43 nimbus-eth1-mainnet-short-benchmark[339342]: HEAD is now at b65ea0b3d build(deps): bump vendor/nim-nat-traversal from `860e18c` to `83a4010` (#4849)
Oct 03 09:27:43 nimbus-eth1-mainnet-short-benchmark[338878]: >>> Current commit: b65ea0b3d
Oct 03 09:27:43 nimbus-eth1-mainnet-short-benchmark[338878]: <<< ending cloneOrFetchNimbusRepo (success)
Oct 03 09:27:43 nimbus-eth1-mainnet-short-benchmark[338878]: >>> starting buildBinaries
Oct 03 09:27:43 nimbus-eth1-mainnet-short-benchmark[338878]: >>> Building binaries for commit b65ea0b3...
Oct 03 09:27:45 nimbus-eth1-mainnet-short-benchmark[340599]: Submodule path 'vendor/nim-json-rpc': checked out '8404818830c034e80deb74c75a4d2ed65d808543'
Oct 03 09:27:45 nimbus-eth1-mainnet-short-benchmark[340599]: Submodule path 'vendor/nim-nat-traversal': checked out '83a4010c72917fd1386880d376392069960e12fb'
Oct 03 09:27:51 nimbus-eth1-mainnet-short-benchmark[345059]: Building: Nim compiler
Oct 03 09:30:46 nimbus-eth1-mainnet-short-benchmark[345059]: Building custom Nimble commit: 42ef70c2102a942c46f13eb76872326edd525cec
Oct 03 09:30:55 nimbus-eth1-mainnet-short-benchmark[345059]: Building Nimble...
Oct 03 09:31:05 nimbus-eth1-mainnet-short-benchmark[345059]: Replacing nimble binary...
Oct 03 09:31:13 nimbus-eth1-mainnet-short-benchmark[362005]: Building: build/generate_makefile
Oct 03 09:31:13 nimbus-eth1-mainnet-short-benchmark[361866]: ROCKSDB CACHED VERSION: 11.8.1
Oct 03 09:31:13 nimbus-eth1-mainnet-short-benchmark[362269]: RocksDb static libraries already built. Skipping build.
Oct 03 09:31:13 nimbus-eth1-mainnet-short-benchmark[362005]: Build completed successfully: build/generate_makefile
Oct 03 09:31:13 nimbus-eth1-mainnet-short-benchmark[362323]: Building: build/nimbus_execution_client
Oct 03 09:31:40 nimbus-eth1-mainnet-short-benchmark[362441]: @["Unknown constants in file: ", "GAS_LIMIT_SCHEDULE", "GAS_LIMIT", "- EPOCH", "    GAS_LIMIT"]
Oct 03 09:31:40 nimbus-eth1-mainnet-short-benchmark[362441]: @["Unknown constants in file: ", "GAS_LIMIT_SCHEDULE", "GAS_LIMIT", "- EPOCH", "    GAS_LIMIT"]
Oct 03 09:33:36 nimbus-eth1-mainnet-short-benchmark[362323]: Build completed successfully: build/nimbus_execution_client
Oct 03 09:33:36 nimbus-eth1-mainnet-short-benchmark[338878]: >>> renaming binaries to match commit they were built from
Oct 03 09:33:36 nimbus-eth1-mainnet-short-benchmark[338878]: >>> creating a symbolic link to the latest version
Oct 03 09:33:36 nimbus-eth1-mainnet-short-benchmark[338878]: >>> deleting copies that are older than N days
Oct 03 09:33:36 nimbus-eth1-mainnet-short-benchmark[338878]: <<< ending buildBinaries (success)
Oct 03 09:33:36 nimbus-eth1-mainnet-short-benchmark[338878]: >>> starting skipOrContinueBenchmark
Oct 03 09:33:36 nimbus-eth1-mainnet-short-benchmark[338878]: <<< ending skipOrContinueBenchmark (success)
Oct 03 09:33:36 nimbus-eth1-mainnet-short-benchmark[338878]: >>> starting copyTemplateDatabase
Oct 03 09:33:36 nimbus-eth1-mainnet-short-benchmark[338878]: >>> Copying template db into nimbus data directory
Oct 03 09:36:51 nimbus-eth1-mainnet-short-benchmark[338878]: >>> Template db copied
Oct 03 09:36:51 nimbus-eth1-mainnet-short-benchmark[338878]: >>> making nimbus the owner of the copied files
Oct 03 09:36:51 nimbus-eth1-mainnet-short-benchmark[338878]: <<< ending copyTemplateDatabase (success)
Oct 03 09:36:51 nimbus-eth1-mainnet-short-benchmark[338878]: >>> starting startNimbusWithImport
Oct 03 09:36:51 nimbus-eth1-mainnet-short-benchmark[368010]: INF 2026-10-03 09:36:51.749+00:00 Launching execution client                 version=v0.4.2-b65ea0b3 config="(configFile: none(InputFile), dataDirFlag: some(/data/status-im/nimbus-eth1/data/shared_mainnet_0), era1DirFlag: some(/data/era1), eraDirFlag: some(/data/era), ereDirFlag: none(OutDir), keyStoreDirFlag: none(OutDir), importKey: , trustedSetupFile: none(string), extraData: Nimbus/v0.4.2-b65ea0b3, gasLimit: none(uint64), maxBlobs: none(byte), network: [mainnet], logLevel: INFO, logFormat: auto, metricsEnabled: false, metricsPort: 9093, metricsAddress: 127.0.0.1, bootstrapNodes: [], elBootstrapNodes: [], bootstrapFile: , elBootstrapFile: , staticPeers: [], staticPeersFile: , reconnectMaxRetry: 0, reconnectInterval: 15, listenAddress: ::, tcpPort: 30303, udpPortFlag: none(Port), maxPeersOpt: none(int), elMaxPeersOpt: none(int), nat: (hasExtIp: false, nat: NatAny), discv5: true, netKey: random, agentString: Nimbus/v0.4.2-b65ea0b3/linux-amd64/Nim-2.2.12, numThreads: 0, persistBatchSize: 4, dynamicBatchSize: false, rocksdbMaxOpenFiles: 2048, rocksdbWriteBufferSize: 67108864, rocksdbRowCacheSize: 0, rocksdbBlockCacheSize: 2147483648, rocksdbBlockCacheType: hyperclock, rdbVtxCacheSize: 684720128, rdbKeyCacheSize: 1342177280, rdbBranchCacheSize: 1395654656, accLeafCacheSize: 1310720, stoLeafCacheSize: 1441792, rdbPrintStats: false, rewriteDatadirId: true, aristoDbMaxSnapshots: 5, debugParallel: none(bool), parallelStateRootComputationFlag: false, parallelSenderRecoveryFlag: true, optimisticStatePrefetchFlag: false, balStatePrefetchFlag: false, balStatePrefetchWorkers: 0, balParallelExecutionFlag: false, balPruning: true, eagerStateRootCheck: false, deserializeFcState: true, statelessProvider: false, statelessWitnessValidation: false, cmd: import, maxBlocks: 1000000, chunkSize: 8192, csvStats: some("/data/host-benchmarks/short/dd6ec04151c14a68961b05197b1b361e/blocks-import-benchmark.csv"), validation: false, fullValidation: false, storeBodies: false, storeReceipts: false, storeSlotHashes: false)"
Oct 03 09:36:51 nimbus-eth1-mainnet-short-benchmark[368010]: WRN 2026-10-03 09:36:51.753+00:00 Data directory has insecure permissions. Correcting them. data_dir=/data/status-im/nimbus-eth1/data/shared_mainnet_0 current_permissions=0755 required_permissions=0700
Oct 03 09:36:53 nimbus-eth1-mainnet-short-benchmark[368010]: INF 2026-10-03 09:36:53.589+00:00 Taskpool started                           numThreads=16
Oct 03 09:36:53 nimbus-eth1-mainnet-short-benchmark[368010]: CreateIOUring failed: Invalid argument (errno=22), thread=140544971664640
Oct 03 09:36:53 nimbus-eth1-mainnet-short-benchmark[368010]: INF 2026-10-03 09:36:53.721+00:00 Database initialized                       base="(0xd24fd73f794058a3807db926d8898c6481e902b7edb91ce0d479d6760f276183, 20000000)" finalized="(0xd24fd73f794058a3807db926d8898c6481e902b7edb91ce0d479d6760f276183, 20000000)" head="(0xd4e56740f876aef8c010b86a40d5f56745a118d0906a34e69aec8c0db1cb8fa3, 0)" startOfHistory=0
Oct 03 09:36:53 nimbus-eth1-mainnet-short-benchmark[368010]: NTC 2026-10-03 09:36:53.721+00:00 Could not open ere database, falling back to era1/era import ereDir=/data/status-im/nimbus-eth1/data/shared_mainnet_0/ere networkName=mainnet error="No ere files found in /data/status-im/nimbus-eth1/data/shared_mainnet_0/ere"
Oct 03 09:36:53 nimbus-eth1-mainnet-short-benchmark[368010]: NTC 2026-10-03 09:36:53.721+00:00 Importing era archive                      blockNumber=20000001 dataDir=/data/status-im/nimbus-eth1/data/shared_mainnet_0 eraDir=/data/era
Oct 03 09:36:55 nimbus-eth1-mainnet-short-benchmark[368010]: NTC 2026-10-03 09:36:55.933+00:00 Matched block to slot number               blockNumber=20000001 slot=9204783
Oct 03 09:43:04 nimbus-eth1-mainnet-short-benchmark[368010]: INF 2026-10-03 09:43:04.159+00:00 Imported blocks                            blockNumber=20008193 slot=9213020 blocks=8192 txs=1226966 mgas=124237 bps=22.11 tps=3312 mgps=335.4 avgBps=22.11 avgTps=3312 avgMGps=335.4 elapsed=6m10s435ms
Oct 03 09:48:32 nimbus-eth1-mainnet-short-benchmark[368010]: INF 2026-10-03 09:48:32.599+00:00 Imported blocks                            blockNumber=20016385 slot=9221256 blocks=16384 txs=2540380 mgas=248071 bps=24.94 tps=3998 mgps=377.0 avgBps=23.44 avgTps=3634 avgMGps=355.0 elapsed=11m38s877ms
Oct 03 09:53:39 nimbus-eth1-mainnet-short-benchmark[368010]: INF 2026-10-03 09:53:39.866+00:00 Imported blocks                            blockNumber=20024577 slot=9229485 blocks=24576 txs=3869398 mgas=372018 bps=26.66 tps=4325 mgps=403.4 avgBps=24.43 avgTps=3845 avgMGps=369.7 elapsed=16m46s143ms
Oct 03 09:58:17 nimbus-eth1-mainnet-short-benchmark[368010]: INF 2026-10-03 09:58:17.366+00:00 Imported blocks                            blockNumber=20032769 slot=9237722 blocks=32768 txs=5222766 mgas=495797 bps=29.52 tps=4877 mgps=446.0 avgBps=25.53 avgTps=4068 avgMGps=386.2 elapsed=21m23s643ms
Oct 03 10:02:42 nimbus-eth1-mainnet-short-benchmark[368010]: INF 2026-10-03 10:02:42.899+00:00 Imported blocks                            blockNumber=20040961 slot=9245957 blocks=40960 txs=6566802 mgas=619586 bps=30.85 tps=5061 mgps=466.2 avgBps=26.44 avgTps=4238 avgMGps=399.9 elapsed=25m49s177ms
Oct 03 10:07:31 nimbus-eth1-mainnet-short-benchmark[368010]: INF 2026-10-03 10:07:31.218+00:00 Imported blocks                            blockNumber=20049153 slot=9254196 blocks=49152 txs=7904746 mgas=743522 bps=28.41 tps=4640 mgps=429.9 avgBps=26.75 avgTps=4301 avgMGps=404.6 elapsed=30m37s495ms
Oct 03 10:12:09 nimbus-eth1-mainnet-short-benchmark[368010]: INF 2026-10-03 10:12:09.311+00:00 Imported blocks                            blockNumber=20057345 slot=9262435 blocks=57344 txs=9212009 mgas=867360 bps=29.46 tps=4700 mgps=445.3 avgBps=27.11 avgTps=4354 avgMGps=410.0 elapsed=35m15s586ms
Oct 03 10:16:26 nimbus-eth1-mainnet-short-benchmark[368010]: INF 2026-10-03 10:16:26.179+00:00 Imported blocks                            blockNumber=20065537 slot=9270674 blocks=65536 txs=10559018 mgas=991371 bps=31.89 tps=5243 mgps=482.8 avgBps=27.62 avgTps=4450 avgMGps=417.9 elapsed=39m32s457ms
Oct 03 10:20:29 nimbus-eth1-mainnet-short-benchmark[368010]: INF 2026-10-03 10:20:29.535+00:00 Imported blocks                            blockNumber=20073729 slot=9278910 blocks=73728 txs=11898676 mgas=1115111 bps=33.66 tps=5504 mgps=508.5 avgBps=28.19 avgTps=4548 avgMGps=426.3 elapsed=43m35s811ms
Oct 03 10:24:24 nimbus-eth1-mainnet-short-benchmark[368010]: INF 2026-10-03 10:24:24.912+00:00 Imported blocks                            blockNumber=20081921 slot=9287152 blocks=81920 txs=13323263 mgas=1239150 bps=34.80 tps=6052 mgps=527.0 avgBps=28.73 avgTps=4672 avgMGps=434.6 elapsed=47m31s187ms
Oct 03 10:28:16 nimbus-eth1-mainnet-short-benchmark[368010]: INF 2026-10-03 10:28:16.009+00:00 Imported blocks                            blockNumber=20090113 slot=9295408 blocks=90112 txs=14697082 mgas=1363113 bps=35.45 tps=5944 mgps=536.4 avgBps=29.24 avgTps=4768 avgMGps=442.2 elapsed=51m22s288ms
Oct 03 10:32:24 nimbus-eth1-mainnet-short-benchmark[368010]: INF 2026-10-03 10:32:24.909+00:00 Imported blocks                            blockNumber=20098305 slot=9303658 blocks=98304 txs=16025683 mgas=1487146 bps=32.91 tps=5337 mgps=498.3 avgBps=29.51 avgTps=4810 avgMGps=446.4 elapsed=55m31s186ms
Oct 03 10:36:43 nimbus-eth1-mainnet-short-benchmark[368010]: INF 2026-10-03 10:36:43.706+00:00 Imported blocks                            blockNumber=20106497 slot=9311895 blocks=106496 txs=17337157 mgas=1611066 bps=31.65 tps=5067 mgps=478.8 avgBps=29.66 avgTps=4829 avgMGps=448.8 elapsed=59m49s985ms
Oct 03 10:40:48 nimbus-eth1-mainnet-short-benchmark[368010]: INF 2026-10-03 10:40:48.190+00:00 Imported blocks                            blockNumber=20114689 slot=9320146 blocks=114688 txs=18632097 mgas=1735123 bps=33.51 tps=5296 mgps=507.4 avgBps=29.91 avgTps=4859 avgMGps=452.5 elapsed=1h3m54s
Oct 03 10:44:36 nimbus-eth1-mainnet-short-benchmark[368010]: INF 2026-10-03 10:44:36.683+00:00 Imported blocks                            blockNumber=20122881 slot=9328409 blocks=122880 txs=19937418 mgas=1859249 bps=35.85 tps=5712 mgps=543.2 avgBps=30.24 avgTps=4907 avgMGps=457.6 elapsed=1h7m42s
Oct 03 10:48:23 nimbus-eth1-mainnet-short-benchmark[368010]: INF 2026-10-03 10:48:23.992+00:00 Imported blocks                            blockNumber=20131073 slot=9336660 blocks=131072 txs=21214129 mgas=1983500 bps=36.04 tps=5616 mgps=546.6 avgBps=30.55 avgTps=4944 avgMGps=462.3 elapsed=1h11m30s
Oct 03 10:52:11 nimbus-eth1-mainnet-short-benchmark[368010]: INF 2026-10-03 10:52:11.177+00:00 Imported blocks                            blockNumber=20139265 slot=9344906 blocks=139264 txs=22579079 mgas=2107571 bps=36.06 tps=6008 mgps=546.1 avgBps=30.83 avgTps=4998 avgMGps=466.5 elapsed=1h15m17s
Oct 03 10:56:45 nimbus-eth1-mainnet-short-benchmark[368010]: INF 2026-10-03 10:56:45.857+00:00 Imported blocks                            blockNumber=20147457 slot=9353153 blocks=147456 txs=24133322 mgas=2231686 bps=29.82 tps=5658 mgps=451.8 avgBps=30.77 avgTps=5036 avgMGps=465.7 elapsed=1h19m52s
Oct 03 11:01:05 nimbus-eth1-mainnet-short-benchmark[368010]: INF 2026-10-03 11:01:05.721+00:00 Imported blocks                            blockNumber=20155649 slot=9361407 blocks=155648 txs=25424015 mgas=2356018 bps=31.52 tps=4966 mgps=478.5 avgBps=30.81 avgTps=5032 avgMGps=466.4 elapsed=1h24m11s
Oct 03 11:05:05 nimbus-eth1-mainnet-short-benchmark[368010]: INF 2026-10-03 11:05:05.738+00:00 Imported blocks                            blockNumber=20163841 slot=9369652 blocks=163840 txs=26749549 mgas=2480207 bps=34.13 tps=5522 mgps=517.4 avgBps=30.96 avgTps=5054 avgMGps=468.7 elapsed=1h28m12s
Oct 03 11:08:59 nimbus-eth1-mainnet-short-benchmark[368010]: INF 2026-10-03 11:08:59.362+00:00 Imported blocks                            blockNumber=20172033 slot=9377892 blocks=172032 txs=28105316 mgas=2604026 bps=35.06 tps=5803 mgps=530.0 avgBps=31.13 avgTps=5086 avgMGps=471.3 elapsed=1h32m5s
Oct 03 11:12:58 nimbus-eth1-mainnet-short-benchmark[368010]: INF 2026-10-03 11:12:58.947+00:00 Imported blocks                            blockNumber=20180225 slot=9386128 blocks=180224 txs=29524405 mgas=2728170 bps=34.19 tps=5923 mgps=518.2 avgBps=31.26 avgTps=5121 avgMGps=473.2 elapsed=1h36m5s
Oct 03 11:16:43 nimbus-eth1-mainnet-short-benchmark[368010]: INF 2026-10-03 11:16:43.596+00:00 Imported blocks                            blockNumber=20188417 slot=9394365 blocks=188416 txs=30849021 mgas=2852023 bps=36.47 tps=5896 mgps=551.3 avgBps=31.46 avgTps=5150 avgMGps=476.1 elapsed=1h39m49s
Oct 03 11:20:53 nimbus-eth1-mainnet-short-benchmark[368010]: INF 2026-10-03 11:20:53.596+00:00 Imported blocks                            blockNumber=20196609 slot=9402602 blocks=196608 txs=32174755 mgas=2976155 bps=32.77 tps=5302 mgps=496.5 avgBps=31.51 avgTps=5156 avgMGps=477.0 elapsed=1h43m59s
Oct 03 11:25:15 nimbus-eth1-mainnet-short-benchmark[368010]: INF 2026-10-03 11:25:15.133+00:00 Imported blocks                            blockNumber=20204801 slot=9410840 blocks=204800 txs=33475942 mgas=3100410 bps=31.32 tps=4975 mgps=475.1 avgBps=31.50 avgTps=5149 avgMGps=476.9 elapsed=1h48m21s
Oct 03 11:29:15 nimbus-eth1-mainnet-short-benchmark[368010]: INF 2026-10-03 11:29:15.409+00:00 Imported blocks                            blockNumber=20212993 slot=9419071 blocks=212992 txs=34798508 mgas=3224370 bps=34.09 tps=5504 mgps=515.9 avgBps=31.59 avgTps=5161 avgMGps=478.3 elapsed=1h52m21s
Oct 03 11:33:11 nimbus-eth1-mainnet-short-benchmark[368010]: INF 2026-10-03 11:33:11.266+00:00 Imported blocks                            blockNumber=20221185 slot=9427313 blocks=221184 txs=36114045 mgas=3348169 bps=34.73 tps=5577 mgps=524.9 avgBps=31.70 avgTps=5175 avgMGps=479.8 elapsed=1h56m17s
Oct 03 11:36:48 nimbus-eth1-mainnet-short-benchmark[368010]: INF 2026-10-03 11:36:48.331+00:00 Imported blocks                            blockNumber=20229377 slot=9435549 blocks=229376 txs=37421794 mgas=3472031 bps=37.74 tps=6024 mgps=570.6 avgBps=31.88 avgTps=5201 avgMGps=482.6 elapsed=1h59m54s
Oct 03 11:40:34 nimbus-eth1-mainnet-short-benchmark[368010]: INF 2026-10-03 11:40:34.463+00:00 Imported blocks                            blockNumber=20237569 slot=9443788 blocks=237568 txs=38842064 mgas=3596351 bps=36.23 tps=6280 mgps=549.8 avgBps=32.01 avgTps=5234 avgMGps=484.6 elapsed=2h3m40s
Oct 03 11:44:40 nimbus-eth1-mainnet-short-benchmark[368010]: INF 2026-10-03 11:44:40.632+00:00 Imported blocks                            blockNumber=20245761 slot=9452021 blocks=245760 txs=40225739 mgas=3720100 bps=33.28 tps=5620 mgps=502.7 avgBps=32.05 avgTps=5246 avgMGps=485.2 elapsed=2h7m46s
Oct 03 11:48:59 nimbus-eth1-mainnet-short-benchmark[368010]: INF 2026-10-03 11:48:59.760+00:00 Imported blocks                            blockNumber=20253953 slot=9460253 blocks=253952 txs=41454921 mgas=3844385 bps=31.61 tps=4743 mgps=479.6 avgBps=32.04 avgTps=5230 avgMGps=485.0 elapsed=2h12m6s
Oct 03 11:53:06 nimbus-eth1-mainnet-short-benchmark[368010]: INF 2026-10-03 11:53:06.681+00:00 Imported blocks                            blockNumber=20262145 slot=9468495 blocks=262144 txs=42726051 mgas=3968623 bps=33.18 tps=5147 mgps=503.2 avgBps=32.07 avgTps=5227 avgMGps=485.6 elapsed=2h16m12s
Oct 03 11:56:58 nimbus-eth1-mainnet-short-benchmark[368010]: INF 2026-10-03 11:56:58.294+00:00 Imported blocks                            blockNumber=20270337 slot=9476748 blocks=270336 txs=44050436 mgas=4092682 bps=35.37 tps=5718 mgps=535.6 avgBps=32.17 avgTps=5241 avgMGps=487.0 elapsed=2h20m4s
Oct 03 12:00:34 nimbus-eth1-mainnet-short-benchmark[368010]: INF 2026-10-03 12:00:34.114+00:00 Imported blocks                            blockNumber=20278529 slot=9484981 blocks=278528 txs=45382368 mgas=4216487 bps=37.96 tps=6171 mgps=573.7 avgBps=32.31 avgTps=5264 avgMGps=489.1 elapsed=2h23m40s
Oct 03 12:04:13 nimbus-eth1-mainnet-short-benchmark[368010]: INF 2026-10-03 12:04:13.435+00:00 Imported blocks                            blockNumber=20286721 slot=9493213 blocks=286720 txs=46733429 mgas=4340363 bps=37.35 tps=6160 mgps=564.8 avgBps=32.44 avgTps=5286 avgMGps=491.0 elapsed=2h27m19s
Oct 03 12:08:14 nimbus-eth1-mainnet-short-benchmark[368010]: INF 2026-10-03 12:08:14.484+00:00 Imported blocks                            blockNumber=20294913 slot=9501453 blocks=294912 txs=48075887 mgas=4464376 bps=33.98 tps=5569 mgps=514.5 avgBps=32.48 avgTps=5294 avgMGps=491.6 elapsed=2h31m20s
Oct 03 12:12:10 nimbus-eth1-mainnet-short-benchmark[368010]: INF 2026-10-03 12:12:10.905+00:00 Imported blocks                            blockNumber=20303105 slot=9509696 blocks=303104 txs=49379538 mgas=4588534 bps=34.65 tps=5514 mgps=525.1 avgBps=32.53 avgTps=5299 avgMGps=492.5 elapsed=2h35m17s
Oct 03 12:15:59 nimbus-eth1-mainnet-short-benchmark[368010]: INF 2026-10-03 12:15:59.345+00:00 Imported blocks                            blockNumber=20311297 slot=9517922 blocks=311296 txs=50637672 mgas=4712596 bps=35.86 tps=5507 mgps=543.1 avgBps=32.61 avgTps=5304 avgMGps=493.7 elapsed=2h39m5s
Oct 03 12:19:39 nimbus-eth1-mainnet-short-benchmark[368010]: INF 2026-10-03 12:19:39.630+00:00 Imported blocks                            blockNumber=20319489 slot=9526159 blocks=319488 txs=51981692 mgas=4836521 bps=37.19 tps=6101 mgps=562.6 avgBps=32.71 avgTps=5322 avgMGps=495.2 elapsed=2h42m45s
Oct 03 12:23:01 nimbus-eth1-mainnet-short-benchmark[368010]: INF 2026-10-03 12:23:01.471+00:00 Imported blocks                            blockNumber=20327681 slot=9534381 blocks=327680 txs=53356123 mgas=4960245 bps=40.59 tps=6809 mgps=613.0 avgBps=32.87 avgTps=5352 avgMGps=497.6 elapsed=2h46m7s
Oct 03 12:26:22 nimbus-eth1-mainnet-short-benchmark[368010]: INF 2026-10-03 12:26:22.929+00:00 Imported blocks                            blockNumber=20335873 slot=9542617 blocks=335872 txs=54719105 mgas=5084025 bps=40.66 tps=6765 mgps=614.4 avgBps=33.03 avgTps=5380 avgMGps=499.9 elapsed=2h49m29s
Oct 03 12:30:03 nimbus-eth1-mainnet-short-benchmark[368010]: INF 2026-10-03 12:30:03.541+00:00 Imported blocks                            blockNumber=20344065 slot=9550841 blocks=344064 txs=56021853 mgas=5207843 bps=37.13 tps=5905 mgps=561.2 avgBps=33.12 avgTps=5391 avgMGps=501.2 elapsed=2h53m9s
Oct 03 12:34:13 nimbus-eth1-mainnet-short-benchmark[368010]: INF 2026-10-03 12:34:13.334+00:00 Imported blocks                            blockNumber=20352257 slot=9559072 blocks=352256 txs=57290408 mgas=5332016 bps=32.80 tps=5078 mgps=497.1 avgBps=33.11 avgTps=5384 avgMGps=501.1 elapsed=2h57m19s
Oct 03 12:38:01 nimbus-eth1-mainnet-short-benchmark[368010]: INF 2026-10-03 12:38:01.603+00:00 Imported blocks                            blockNumber=20360449 slot=9567308 blocks=360448 txs=58543463 mgas=5456201 bps=35.89 tps=5489 mgps=544.0 avgBps=33.17 avgTps=5386 avgMGps=502.0 elapsed=3h1m7s
Oct 03 12:41:43 nimbus-eth1-mainnet-short-benchmark[368010]: INF 2026-10-03 12:41:43.744+00:00 Imported blocks                            blockNumber=20368641 slot=9575548 blocks=368640 txs=59874056 mgas=5580204 bps=36.88 tps=5989 mgps=558.2 avgBps=33.24 avgTps=5398 avgMGps=503.2 elapsed=3h4m50s
Oct 03 12:45:33 nimbus-eth1-mainnet-short-benchmark[368010]: INF 2026-10-03 12:45:33.992+00:00 Imported blocks                            blockNumber=20376833 slot=9583774 blocks=376832 txs=61167066 mgas=5704396 bps=35.58 tps=5615 mgps=539.4 avgBps=33.29 avgTps=5403 avgMGps=503.9 elapsed=3h8m40s
Oct 03 12:49:19 nimbus-eth1-mainnet-short-benchmark[368010]: INF 2026-10-03 12:49:19.545+00:00 Imported blocks                            blockNumber=20385025 slot=9592009 blocks=385024 txs=62480333 mgas=5828235 bps=36.32 tps=5822 mgps=549.0 avgBps=33.35 avgTps=5411 avgMGps=504.8 elapsed=3h12m25s
Oct 03 12:53:04 nimbus-eth1-mainnet-short-benchmark[368010]: INF 2026-10-03 12:53:04.970+00:00 Imported blocks                            blockNumber=20393217 slot=9600248 blocks=393216 txs=63800597 mgas=5952136 bps=36.34 tps=5856 mgps=549.6 avgBps=33.40 avgTps=5420 avgMGps=505.7 elapsed=3h16m11s
Oct 03 12:56:42 nimbus-eth1-mainnet-short-benchmark[368010]: INF 2026-10-03 12:56:42.675+00:00 Imported blocks                            blockNumber=20401409 slot=9608486 blocks=401408 txs=65021243 mgas=6076384 bps=37.63 tps=5606 mgps=570.7 avgBps=33.48 avgTps=5423 avgMGps=506.8 elapsed=3h19m48s
Oct 03 13:00:34 nimbus-eth1-mainnet-short-benchmark[368010]: INF 2026-10-03 13:00:34.547+00:00 Imported blocks                            blockNumber=20409601 slot=9616707 blocks=409600 txs=66199016 mgas=6200666 bps=35.33 tps=5079 mgps=536.0 avgBps=33.52 avgTps=5416 avgMGps=507.4 elapsed=3h23m40s
Oct 03 13:04:17 nimbus-eth1-mainnet-short-benchmark[368010]: INF 2026-10-03 13:04:17.324+00:00 Imported blocks                            blockNumber=20417793 slot=9624941 blocks=417792 txs=67453930 mgas=6324823 bps=36.77 tps=5632 mgps=557.3 avgBps=33.57 avgTps=5420 avgMGps=508.3 elapsed=3h27m23s
Oct 03 13:07:35 nimbus-eth1-mainnet-short-benchmark[368010]: INF 2026-10-03 13:07:35.542+00:00 Imported blocks                            blockNumber=20425985 slot=9633187 blocks=425984 txs=68814904 mgas=6448778 bps=41.33 tps=6866 mgps=625.3 avgBps=33.70 avgTps=5443 avgMGps=510.1 elapsed=3h30m41s
Oct 03 13:10:51 nimbus-eth1-mainnet-short-benchmark[368010]: INF 2026-10-03 13:10:51.759+00:00 Imported blocks                            blockNumber=20434177 slot=9641422 blocks=434176 txs=70124508 mgas=6572711 bps=41.75 tps=6674 mgps=631.6 avgBps=33.82 avgTps=5462 avgMGps=512.0 elapsed=3h33m58s
Oct 03 13:14:18 nimbus-eth1-mainnet-short-benchmark[368010]: INF 2026-10-03 13:14:18.960+00:00 Imported blocks                            blockNumber=20442369 slot=9649657 blocks=442368 txs=71403576 mgas=6696451 bps=39.54 tps=6173 mgps=597.2 avgBps=33.91 avgTps=5473 avgMGps=513.3 elapsed=3h37m25s
Oct 03 13:18:07 nimbus-eth1-mainnet-short-benchmark[368010]: INF 2026-10-03 13:18:07.037+00:00 Imported blocks                            blockNumber=20450561 slot=9657896 blocks=450560 txs=72659905 mgas=6820521 bps=35.92 tps=5508 mgps=544.0 avgBps=33.94 avgTps=5474 avgMGps=513.9 elapsed=3h41m13s
Oct 03 13:22:15 nimbus-eth1-mainnet-short-benchmark[368010]: INF 2026-10-03 13:22:15.085+00:00 Imported blocks                            blockNumber=20458753 slot=9666114 blocks=458752 txs=73838533 mgas=6945116 bps=33.03 tps=4751 mgps=502.3 avgBps=33.93 avgTps=5460 avgMGps=513.6 elapsed=3h45m21s
Oct 03 13:25:58 nimbus-eth1-mainnet-short-benchmark[368010]: INF 2026-10-03 13:25:58.314+00:00 Imported blocks                            blockNumber=20466945 slot=9674343 blocks=466944 txs=75124748 mgas=7068943 bps=36.70 tps=5761 mgps=554.7 avgBps=33.97 avgTps=5465 avgMGps=514.3 elapsed=3h49m4s
Oct 03 13:29:41 nimbus-eth1-mainnet-short-benchmark[368010]: INF 2026-10-03 13:29:41.655+00:00 Imported blocks                            blockNumber=20475137 slot=9682575 blocks=475136 txs=76420106 mgas=7192870 bps=36.68 tps=5799 mgps=554.9 avgBps=34.02 avgTps=5471 avgMGps=515.0 elapsed=3h52m47s
Oct 03 13:33:14 nimbus-eth1-mainnet-short-benchmark[368010]: INF 2026-10-03 13:33:14.532+00:00 Imported blocks                            blockNumber=20483329 slot=9690800 blocks=483328 txs=77675422 mgas=7316939 bps=38.48 tps=5896 mgps=582.8 avgBps=34.08 avgTps=5477 avgMGps=516.0 elapsed=3h56m20s
Oct 03 13:36:43 nimbus-eth1-mainnet-short-benchmark[368010]: INF 2026-10-03 13:36:43.633+00:00 Imported blocks                            blockNumber=20491521 slot=9699019 blocks=491520 txs=78951232 mgas=7440784 bps=39.18 tps=6101 mgps=592.3 avgBps=34.16 avgTps=5486 avgMGps=517.1 elapsed=3h59m49s
Oct 03 13:40:28 nimbus-eth1-mainnet-short-benchmark[368010]: INF 2026-10-03 13:40:28.178+00:00 Imported blocks                            blockNumber=20499713 slot=9707248 blocks=499712 txs=80189642 mgas=7564669 bps=36.48 tps=5515 mgps=551.7 avgBps=34.19 avgTps=5487 avgMGps=517.6 elapsed=4h3m34s
Oct 03 13:44:20 nimbus-eth1-mainnet-short-benchmark[368010]: INF 2026-10-03 13:44:20.858+00:00 Imported blocks                            blockNumber=20507905 slot=9715488 blocks=507904 txs=81317763 mgas=7689208 bps=35.21 tps=4848 mgps=535.2 avgBps=34.21 avgTps=5476 avgMGps=517.9 elapsed=4h7m27s
Oct 03 13:47:44 nimbus-eth1-mainnet-short-benchmark[368010]: INF 2026-10-03 13:47:44.484+00:00 Imported blocks                            blockNumber=20516097 slot=9723715 blocks=516096 txs=82520262 mgas=7813209 bps=40.23 tps=5905 mgps=609.0 avgBps=34.29 avgTps=5482 avgMGps=519.1 elapsed=4h10m50s
Oct 03 13:51:20 nimbus-eth1-mainnet-short-benchmark[368010]: INF 2026-10-03 13:51:20.185+00:00 Imported blocks                            blockNumber=20524289 slot=9731945 blocks=524288 txs=83780075 mgas=7937233 bps=37.98 tps=5840 mgps=575.0 avgBps=34.34 avgTps=5487 avgMGps=519.9 elapsed=4h14m26s
Oct 03 13:55:00 nimbus-eth1-mainnet-short-benchmark[368010]: INF 2026-10-03 13:55:00.705+00:00 Imported blocks                            blockNumber=20532481 slot=9740183 blocks=532480 txs=85263862 mgas=8061024 bps=37.15 tps=6728 mgps=561.4 avgBps=34.38 avgTps=5505 avgMGps=520.5 elapsed=4h18m6s
Oct 03 13:58:46 nimbus-eth1-mainnet-short-benchmark[368010]: INF 2026-10-03 13:58:46.062+00:00 Imported blocks                            blockNumber=20540673 slot=9748418 blocks=540672 txs=86612143 mgas=8185090 bps=36.35 tps=5982 mgps=550.5 avgBps=34.41 avgTps=5512 avgMGps=520.9 elapsed=4h21m52s
Oct 03 14:02:38 nimbus-eth1-mainnet-short-benchmark[368010]: INF 2026-10-03 14:02:38.875+00:00 Imported blocks                            blockNumber=20548865 slot=9756662 blocks=548864 txs=87802991 mgas=8309513 bps=35.19 tps=5115 mgps=534.4 avgBps=34.42 avgTps=5506 avgMGps=521.1 elapsed=4h25m45s
Oct 03 14:06:29 nimbus-eth1-mainnet-short-benchmark[368010]: INF 2026-10-03 14:06:29.004+00:00 Imported blocks                            blockNumber=20557057 slot=9764892 blocks=557056 txs=88964987 mgas=8433956 bps=35.60 tps=5049 mgps=540.8 avgBps=34.44 avgTps=5500 avgMGps=521.4 elapsed=4h29m35s
Oct 03 14:10:09 nimbus-eth1-mainnet-short-benchmark[368010]: INF 2026-10-03 14:10:09.236+00:00 Imported blocks                            blockNumber=20565249 slot=9773131 blocks=565248 txs=90186094 mgas=8558113 bps=37.20 tps=5544 mgps=563.7 avgBps=34.48 avgTps=5500 avgMGps=522.0 elapsed=4h33m15s
Oct 03 14:13:49 nimbus-eth1-mainnet-short-benchmark[368010]: INF 2026-10-03 14:13:49.577+00:00 Imported blocks                            blockNumber=20573441 slot=9781369 blocks=573440 txs=91404654 mgas=8682228 bps=37.18 tps=5530 mgps=563.3 avgBps=34.51 avgTps=5501 avgMGps=522.5 elapsed=4h36m55s
Oct 03 14:17:25 nimbus-eth1-mainnet-short-benchmark[368010]: INF 2026-10-03 14:17:25.222+00:00 Imported blocks                            blockNumber=20581633 slot=9789611 blocks=581632 txs=92628389 mgas=8806651 bps=37.99 tps=5674 mgps=577.0 avgBps=34.56 avgTps=5503 avgMGps=523.2 elapsed=4h40m31s
Oct 03 14:21:07 nimbus-eth1-mainnet-short-benchmark[368010]: INF 2026-10-03 14:21:07.043+00:00 Imported blocks                            blockNumber=20589825 slot=9797855 blocks=589824 txs=93887208 mgas=8931023 bps=36.93 tps=5674 mgps=560.7 avgBps=34.59 avgTps=5505 avgMGps=523.7 elapsed=4h44m13s
Oct 03 14:24:55 nimbus-eth1-mainnet-short-benchmark[368010]: INF 2026-10-03 14:24:55.868+00:00 Imported blocks                            blockNumber=20598017 slot=9806095 blocks=598016 txs=95163338 mgas=9055310 bps=35.80 tps=5576 mgps=543.2 avgBps=34.60 avgTps=5506 avgMGps=524.0 elapsed=4h48m2s
Oct 03 14:28:45 nimbus-eth1-mainnet-short-benchmark[368010]: INF 2026-10-03 14:28:45.229+00:00 Imported blocks                            blockNumber=20606209 slot=9814347 blocks=606208 txs=96334664 mgas=9179976 bps=35.72 tps=5106 mgps=543.5 avgBps=34.62 avgTps=5501 avgMGps=524.2 elapsed=4h51m51s
Oct 03 14:32:25 nimbus-eth1-mainnet-short-benchmark[368010]: INF 2026-10-03 14:32:25.257+00:00 Imported blocks                            blockNumber=20614401 slot=9822581 blocks=614400 txs=97573414 mgas=9304574 bps=37.23 tps=5630 mgps=566.3 avgBps=34.65 avgTps=5502 avgMGps=524.7 elapsed=4h55m31s
Oct 03 14:36:06 nimbus-eth1-mainnet-short-benchmark[368010]: INF 2026-10-03 14:36:06.678+00:00 Imported blocks                            blockNumber=20622593 slot=9830821 blocks=622592 txs=98874772 mgas=9428835 bps=37.00 tps=5877 mgps=561.2 avgBps=34.68 avgTps=5507 avgMGps=525.2 elapsed=4h59m12s
Oct 03 14:39:41 nimbus-eth1-mainnet-short-benchmark[368010]: INF 2026-10-03 14:39:41.471+00:00 Imported blocks                            blockNumber=20630785 slot=9839058 blocks=630784 txs=100178707 mgas=9553009 bps=38.14 tps=6070 mgps=578.1 avgBps=34.72 avgTps=5514 avgMGps=525.8 elapsed=5h2m47s
Oct 03 14:43:26 nimbus-eth1-mainnet-short-benchmark[368010]: INF 2026-10-03 14:43:26.044+00:00 Imported blocks                            blockNumber=20638977 slot=9847313 blocks=638976 txs=101489116 mgas=9677171 bps=36.48 tps=5835 mgps=552.9 avgBps=34.74 avgTps=5518 avgMGps=526.2 elapsed=5h6m32s
Oct 03 14:47:07 nimbus-eth1-mainnet-short-benchmark[368010]: INF 2026-10-03 14:47:07.093+00:00 Imported blocks                            blockNumber=20647169 slot=9855549 blocks=647168 txs=102730058 mgas=9801643 bps=37.06 tps=5613 mgps=563.1 avgBps=34.77 avgTps=5519 avgMGps=526.6 elapsed=5h10m13s
Oct 03 14:51:04 nimbus-eth1-mainnet-short-benchmark[368010]: INF 2026-10-03 14:51:04.721+00:00 Imported blocks                            blockNumber=20655361 slot=9863778 blocks=655360 txs=103868002 mgas=9926541 bps=34.47 tps=4788 mgps=525.6 avgBps=34.77 avgTps=5509 avgMGps=526.6 elapsed=5h14m10s
Oct 03 14:54:41 nimbus-eth1-mainnet-short-benchmark[368010]: INF 2026-10-03 14:54:41.842+00:00 Imported blocks                            blockNumber=20663553 slot=9872013 blocks=663552 txs=105112198 mgas=10051274 bps=37.73 tps=5730 mgps=574.5 avgBps=34.80 avgTps=5512 avgMGps=527.1 elapsed=5h17m48s
Oct 03 14:58:07 nimbus-eth1-mainnet-short-benchmark[368010]: INF 2026-10-03 14:58:07.139+00:00 Imported blocks                            blockNumber=20671745 slot=9880241 blocks=671744 txs=106395904 mgas=10175177 bps=39.90 tps=6252 mgps=603.5 avgBps=34.85 avgTps=5520 avgMGps=527.9 elapsed=5h21m13s
Oct 03 15:01:35 nimbus-eth1-mainnet-short-benchmark[368010]: INF 2026-10-03 15:01:35.264+00:00 Imported blocks                            blockNumber=20679937 slot=9888471 blocks=679936 txs=107674271 mgas=10299404 bps=39.36 tps=6142 mgps=596.9 avgBps=34.90 avgTps=5526 avgMGps=528.7 elapsed=5h24m41s
Oct 03 15:04:57 nimbus-eth1-mainnet-short-benchmark[368010]: INF 2026-10-03 15:04:57.682+00:00 Imported blocks                            blockNumber=20688129 slot=9896698 blocks=688128 txs=108938536 mgas=10423298 bps=40.47 tps=6245 mgps=612.1 avgBps=34.96 avgTps=5534 avgMGps=529.5 elapsed=5h28m3s
Oct 03 15:08:31 nimbus-eth1-mainnet-short-benchmark[368010]: INF 2026-10-03 15:08:31.175+00:00 Imported blocks                            blockNumber=20696321 slot=9904930 blocks=696320 txs=110235786 mgas=10547469 bps=38.37 tps=6076 mgps=581.6 avgBps=35.00 avgTps=5540 avgMGps=530.1 elapsed=5h31m37s
Oct 03 15:12:22 nimbus-eth1-mainnet-short-benchmark[368010]: INF 2026-10-03 15:12:22.487+00:00 Imported blocks                            blockNumber=20704513 slot=9913154 blocks=704512 txs=111483759 mgas=10671677 bps=35.42 tps=5395 mgps=537.0 avgBps=35.00 avgTps=5538 avgMGps=530.2 elapsed=5h35m28s
Oct 03 15:15:59 nimbus-eth1-mainnet-short-benchmark[368010]: INF 2026-10-03 15:15:59.888+00:00 Imported blocks                            blockNumber=20712705 slot=9921388 blocks=712704 txs=112764170 mgas=10795980 bps=37.68 tps=5889 mgps=571.8 avgBps=35.03 avgTps=5542 avgMGps=530.6 elapsed=5h39m6s
Oct 03 15:19:21 nimbus-eth1-mainnet-short-benchmark[368010]: INF 2026-10-03 15:19:21.717+00:00 Imported blocks                            blockNumber=20720897 slot=9929633 blocks=720896 txs=114110517 mgas=10919926 bps=40.59 tps=6670 mgps=614.1 avgBps=35.08 avgTps=5553 avgMGps=531.4 elapsed=5h42m27s
Oct 03 15:22:52 nimbus-eth1-mainnet-short-benchmark[368010]: INF 2026-10-03 15:22:52.086+00:00 Imported blocks                            blockNumber=20729089 slot=9937869 blocks=729088 txs=115449431 mgas=11043768 bps=38.94 tps=6364 mgps=588.7 avgBps=35.12 avgTps=5561 avgMGps=532.0 elapsed=5h45m58s
Oct 03 15:26:13 nimbus-eth1-mainnet-short-benchmark[368010]: INF 2026-10-03 15:26:13.751+00:00 Imported blocks                            blockNumber=20737281 slot=9946108 blocks=737280 txs=116784468 mgas=11167784 bps=40.62 tps=6620 mgps=615.0 avgBps=35.18 avgTps=5571 avgMGps=532.8 elapsed=5h49m20s
Oct 03 15:29:45 nimbus-eth1-mainnet-short-benchmark[368010]: INF 2026-10-03 15:29:45.780+00:00 Imported blocks                            blockNumber=20745473 slot=9954342 blocks=745472 txs=118101003 mgas=11291742 bps=38.64 tps=6209 mgps=584.6 avgBps=35.21 avgTps=5578 avgMGps=533.3 elapsed=5h52m52s
Oct 03 15:33:37 nimbus-eth1-mainnet-short-benchmark[368010]: INF 2026-10-03 15:33:37.825+00:00 Imported blocks                            blockNumber=20753665 slot=9962581 blocks=753664 txs=119337525 mgas=11415859 bps=35.30 tps=5328 mgps=534.9 avgBps=35.21 avgTps=5575 avgMGps=533.3 elapsed=5h56m44s
Oct 03 15:37:13 nimbus-eth1-mainnet-short-benchmark[368010]: INF 2026-10-03 15:37:13.370+00:00 Imported blocks                            blockNumber=20761857 slot=9970803 blocks=761856 txs=120564314 mgas=11540225 bps=38.01 tps=5691 mgps=577.0 avgBps=35.24 avgTps=5576 avgMGps=533.8 elapsed=6h19s647ms
Oct 03 15:40:37 nimbus-eth1-mainnet-short-benchmark[368010]: INF 2026-10-03 15:40:37.175+00:00 Imported blocks                            blockNumber=20770049 slot=9979058 blocks=770048 txs=121858083 mgas=11663918 bps=40.20 tps=6348 mgps=606.9 avgBps=35.29 avgTps=5583 avgMGps=534.5 elapsed=6h3m43s
Oct 03 15:43:51 nimbus-eth1-mainnet-short-benchmark[368010]: INF 2026-10-03 15:43:51.512+00:00 Imported blocks                            blockNumber=20778241 slot=9987307 blocks=778240 txs=123161734 mgas=11787906 bps=42.15 tps=6708 mgps=638.0 avgBps=35.35 avgTps=5593 avgMGps=535.4 elapsed=6h6m57s
Oct 03 15:47:00 nimbus-eth1-mainnet-short-benchmark[368010]: INF 2026-10-03 15:47:00.930+00:00 Imported blocks                            blockNumber=20786433 slot=9995542 blocks=786432 txs=124509456 mgas=11911612 bps=43.25 tps=7115 mgps=653.1 avgBps=35.41 avgTps=5606 avgMGps=536.4 elapsed=6h10m7s
Oct 03 15:50:15 nimbus-eth1-mainnet-short-benchmark[368010]: INF 2026-10-03 15:50:15.467+00:00 Imported blocks                            blockNumber=20794625 slot=10003781 blocks=794624 txs=125848921 mgas=12035338 bps=42.11 tps=6885 mgps=636.0 avgBps=35.47 avgTps=5617 avgMGps=537.3 elapsed=6h13m21s
Oct 03 15:53:36 nimbus-eth1-mainnet-short-benchmark[368010]: INF 2026-10-03 15:53:36.800+00:00 Imported blocks                            blockNumber=20802817 slot=10012028 blocks=802816 txs=127089868 mgas=12158989 bps=40.69 tps=6163 mgps=614.2 avgBps=35.52 avgTps=5622 avgMGps=537.9 elapsed=6h16m43s
Oct 03 15:57:05 nimbus-eth1-mainnet-short-benchmark[368010]: INF 2026-10-03 15:57:05.553+00:00 Imported blocks                            blockNumber=20811009 slot=10020249 blocks=811008 txs=128299762 mgas=12282850 bps=39.24 tps=5795 mgps=593.3 avgBps=35.55 avgTps=5624 avgMGps=538.4 elapsed=6h20m11s
Oct 03 16:00:19 nimbus-eth1-mainnet-short-benchmark[368010]: INF 2026-10-03 16:00:19.650+00:00 Imported blocks                            blockNumber=20819201 slot=10028481 blocks=819200 txs=129596319 mgas=12406594 bps=42.21 tps=6679 mgps=637.5 avgBps=35.61 avgTps=5633 avgMGps=539.3 elapsed=6h23m25s
Oct 03 16:03:33 nimbus-eth1-mainnet-short-benchmark[368010]: INF 2026-10-03 16:03:33.243+00:00 Imported blocks                            blockNumber=20827393 slot=10036710 blocks=827392 txs=130916729 mgas=12530249 bps=42.32 tps=6820 mgps=638.7 avgBps=35.66 avgTps=5643 avgMGps=540.1 elapsed=6h26m39s
Oct 03 16:06:48 nimbus-eth1-mainnet-short-benchmark[368010]: INF 2026-10-03 16:06:48.513+00:00 Imported blocks                            blockNumber=20835585 slot=10044938 blocks=835584 txs=132226625 mgas=12654070 bps=41.95 tps=6707 mgps=634.1 avgBps=35.72 avgTps=5651 avgMGps=540.9 elapsed=6h29m54s
Oct 03 16:10:14 nimbus-eth1-mainnet-short-benchmark[368010]: INF 2026-10-03 16:10:14.298+00:00 Imported blocks                            blockNumber=20843777 slot=10053164 blocks=843776 txs=133604192 mgas=12777730 bps=39.81 tps=6694 mgps=600.9 avgBps=35.75 avgTps=5661 avgMGps=541.4 elapsed=6h33m20s
Oct 03 16:14:11 nimbus-eth1-mainnet-short-benchmark[368010]: INF 2026-10-03 16:14:11.178+00:00 Imported blocks                            blockNumber=20851969 slot=10061391 blocks=851968 txs=134900706 mgas=12901664 bps=34.58 tps=5473 mgps=523.2 avgBps=35.74 avgTps=5659 avgMGps=541.2 elapsed=6h37m17s
Oct 03 16:17:52 nimbus-eth1-mainnet-short-benchmark[368010]: INF 2026-10-03 16:17:52.111+00:00 Imported blocks                            blockNumber=20860161 slot=10069622 blocks=860160 txs=136168750 mgas=13025603 bps=37.08 tps=5739 mgps=561.0 avgBps=35.75 avgTps=5659 avgMGps=541.4 elapsed=6h40m58s
Oct 03 16:21:28 nimbus-eth1-mainnet-short-benchmark[368010]: INF 2026-10-03 16:21:28.800+00:00 Imported blocks                            blockNumber=20868353 slot=10077838 blocks=868352 txs=137550724 mgas=13149742 bps=37.81 tps=6377 mgps=572.9 avgBps=35.77 avgTps=5666 avgMGps=541.7 elapsed=6h44m35s
Oct 03 16:25:04 nimbus-eth1-mainnet-short-benchmark[368010]: INF 2026-10-03 16:25:04.109+00:00 Imported blocks                            blockNumber=20876545 slot=10086066 blocks=876544 txs=138954673 mgas=13273457 bps=38.05 tps=6520 mgps=574.6 avgBps=35.79 avgTps=5673 avgMGps=542.0 elapsed=6h48m10s
Oct 03 16:28:36 nimbus-eth1-mainnet-short-benchmark[368010]: INF 2026-10-03 16:28:36.362+00:00 Imported blocks                            blockNumber=20884737 slot=10094286 blocks=884736 txs=140256178 mgas=13397479 bps=38.60 tps=6131 mgps=584.3 avgBps=35.82 avgTps=5677 avgMGps=542.4 elapsed=6h51m42s
Oct 03 16:31:57 nimbus-eth1-mainnet-short-benchmark[368010]: INF 2026-10-03 16:31:57.823+00:00 Imported blocks                            blockNumber=20892929 slot=10102512 blocks=892928 txs=141581868 mgas=13521575 bps=40.66 tps=6580 mgps=616.0 avgBps=35.85 avgTps=5685 avgMGps=542.9 elapsed=6h55m4s
Oct 03 16:35:22 nimbus-eth1-mainnet-short-benchmark[368010]: INF 2026-10-03 16:35:22.544+00:00 Imported blocks                            blockNumber=20901121 slot=10110732 blocks=901120 txs=142875889 mgas=13645572 bps=40.02 tps=6320 mgps=605.7 avgBps=35.89 avgTps=5690 avgMGps=543.5 elapsed=6h58m28s
Oct 03 16:38:46 nimbus-eth1-mainnet-short-benchmark[368010]: INF 2026-10-03 16:38:46.869+00:00 Imported blocks                            blockNumber=20909313 slot=10118953 blocks=909312 txs=144102308 mgas=13769390 bps=40.09 tps=6002 mgps=606.0 avgBps=35.92 avgTps=5692 avgMGps=544.0 elapsed=7h1m53s
Oct 03 16:42:06 nimbus-eth1-mainnet-short-benchmark[368010]: INF 2026-10-03 16:42:06.262+00:00 Imported blocks                            blockNumber=20917505 slot=10127176 blocks=917504 txs=145406349 mgas=13893087 bps=41.08 tps=6540 mgps=620.4 avgBps=35.96 avgTps=5699 avgMGps=544.6 elapsed=7h5m12s
Oct 03 16:45:15 nimbus-eth1-mainnet-short-benchmark[368010]: INF 2026-10-03 16:45:15.804+00:00 Imported blocks                            blockNumber=20925697 slot=10135394 blocks=925696 txs=146718394 mgas=14016820 bps=43.22 tps=6922 mgps=652.8 avgBps=36.02 avgTps=5708 avgMGps=545.4 elapsed=7h8m22s
Oct 03 16:48:39 nimbus-eth1-mainnet-short-benchmark[368010]: INF 2026-10-03 16:48:39.961+00:00 Imported blocks                            blockNumber=20933889 slot=10143614 blocks=933888 txs=148049109 mgas=14140625 bps=40.13 tps=6517 mgps=606.4 avgBps=36.05 avgTps=5714 avgMGps=545.8 elapsed=7h11m46s
Oct 03 16:51:55 nimbus-eth1-mainnet-short-benchmark[368010]: INF 2026-10-03 16:51:55.974+00:00 Imported blocks                            blockNumber=20942081 slot=10151840 blocks=942080 txs=149397364 mgas=14264352 bps=41.79 tps=6878 mgps=631.2 avgBps=36.09 avgTps=5723 avgMGps=546.5 elapsed=7h15m2s
Oct 03 16:55:17 nimbus-eth1-mainnet-short-benchmark[368010]: INF 2026-10-03 16:55:17.287+00:00 Imported blocks                            blockNumber=20950273 slot=10160098 blocks=950272 txs=150765507 mgas=14388237 bps=40.69 tps=6796 mgps=615.4 avgBps=36.13 avgTps=5731 avgMGps=547.0 elapsed=7h18m23s
Oct 03 16:58:54 nimbus-eth1-mainnet-short-benchmark[368010]: INF 2026-10-03 16:58:54.800+00:00 Imported blocks                            blockNumber=20958465 slot=10168363 blocks=958464 txs=152044771 mgas=14511987 bps=37.66 tps=5881 mgps=568.9 avgBps=36.14 avgTps=5732 avgMGps=547.2 elapsed=7h22m1s
Oct 03 17:02:22 nimbus-eth1-mainnet-short-benchmark[368010]: INF 2026-10-03 17:02:22.669+00:00 Imported blocks                            blockNumber=20966657 slot=10176609 blocks=966656 txs=153365296 mgas=14635804 bps=39.41 tps=6352 mgps=595.6 avgBps=36.17 avgTps=5737 avgMGps=547.6 elapsed=7h25m28s
Oct 03 17:05:49 nimbus-eth1-mainnet-short-benchmark[368010]: INF 2026-10-03 17:05:49.134+00:00 Imported blocks                            blockNumber=20974849 slot=10184849 blocks=974848 txs=154744917 mgas=14759580 bps=39.68 tps=6682 mgps=599.5 avgBps=36.19 avgTps=5745 avgMGps=548.0 elapsed=7h28m55s
Oct 03 17:09:22 nimbus-eth1-mainnet-short-benchmark[368010]: INF 2026-10-03 17:09:22.003+00:00 Imported blocks                            blockNumber=20983041 slot=10193086 blocks=983040 txs=156055229 mgas=14883451 bps=38.48 tps=6155 mgps=581.9 avgBps=36.21 avgTps=5748 avgMGps=548.2 elapsed=7h32m28s
Oct 03 17:12:29 nimbus-eth1-mainnet-short-benchmark[368010]: INF 2026-10-03 17:12:29.249+00:00 Imported blocks                            blockNumber=20991233 slot=10201319 blocks=991232 txs=157563202 mgas=15007557 bps=43.75 tps=8053 mgps=662.8 avgBps=36.26 avgTps=5764 avgMGps=549.0 elapsed=7h35m35s
Oct 03 17:16:07 nimbus-eth1-mainnet-short-benchmark[368010]: INF 2026-10-03 17:16:07.497+00:00 Imported blocks                            blockNumber=20999425 slot=10209549 blocks=999424 txs=159003277 mgas=15131383 bps=37.54 tps=6598 mgps=567.4 avgBps=36.27 avgTps=5770 avgMGps=549.2 elapsed=7h39m13s
Oct 03 17:16:23 nimbus-eth1-mainnet-short-benchmark[368010]: INF 2026-10-03 17:16:23.265+00:00 Imported blocks                            blockNumber=21000001 slot=10210128 blocks=1000000 txs=159109486 mgas=15140191 bps=36.53 tps=6736 mgps=558.6 avgBps=36.27 avgTps=5771 avgMGps=549.2 elapsed=7h39m29s
Oct 03 17:16:23 nimbus-eth1-mainnet-short-benchmark[368010]: NTC 2026-10-03 17:16:23.265+00:00 Import complete                            blockNumber=21000001 slot=10210128 blocks=1000000 txs=159109486 mgas=15140191
Oct 03 17:16:24 nimbus-eth1-mainnet-short-benchmark[338878]: <<< ending startNimbusWithImport (success)
Oct 03 17:16:24 nimbus-eth1-mainnet-short-benchmark[338878]: >>> starting moveBenchmarkingFileToRepo
Oct 03 17:16:24 nimbus-eth1-mainnet-short-benchmark[338878]: >>> copying debug-csv generated by nimbus to benchmarks repo
Oct 03 17:16:24 nimbus-eth1-mainnet-short-benchmark[338878]: <<< ending moveBenchmarkingFileToRepo (success)
Oct 03 17:16:24 nimbus-eth1-mainnet-short-benchmark[338878]: >>> starting generateBuildEnvironmentLogFile
Oct 03 17:16:33 nimbus-eth1-mainnet-short-benchmark[338878]: <<< ending generateBuildEnvironmentLogFile (success)
Oct 03 17:16:33 nimbus-eth1-mainnet-short-benchmark[338878]: >>> starting generateSystemdServiceLogs
