Aug 20 02:24:08 nimbus-eth1-mainnet-short-benchmark[2074470]: >>> starting cloneOrFetchBenchmarksRepo
Aug 20 02:24:08 nimbus-eth1-mainnet-short-benchmark[2074470]: >>> Fetching latest changes for nimbus-eth1-benchmarks...
Aug 20 02:24:10 nimbus-eth1-mainnet-short-benchmark[2074519]: HEAD is now at 3635394 chore: update short benchmark Readme
Aug 20 02:24:10 nimbus-eth1-mainnet-short-benchmark[2074470]: <<< ending cloneOrFetchBenchmarksRepo (success)
Aug 20 02:24:10 nimbus-eth1-mainnet-short-benchmark[2074470]: >>> starting cloneOrFetchNimbusRepo
Aug 20 02:24:20 nimbus-eth1-mainnet-short-benchmark[2074470]: >>> Fetching latest changes for nimbus-eth1...
Aug 20 02:24:21 nimbus-eth1-mainnet-short-benchmark[2074877]: From https://github.com/status-im/nimbus-eth1
Aug 20 02:24:21 nimbus-eth1-mainnet-short-benchmark[2074877]:    532b87a2d..d187f1a28  master     -> origin/master
Aug 20 02:24:21 nimbus-eth1-mainnet-short-benchmark[2074885]: HEAD is now at d187f1a28 Snap2 sync update fsa and workings (#4661)
Aug 20 02:24:21 nimbus-eth1-mainnet-short-benchmark[2074470]: >>> Found last benchmarked commit: 2c8cba94
Aug 20 02:24:21 nimbus-eth1-mainnet-short-benchmark[2074470]: >>> Using next commit: da36439b68ee3037d369f90406d30a87fe436f2f
Aug 20 02:24:21 nimbus-eth1-mainnet-short-benchmark[2074901]: HEAD is now at da36439b6 If the fork is shanghai or later then skip the expensive check. (#4538)
Aug 20 02:24:21 nimbus-eth1-mainnet-short-benchmark[2074470]: >>> Current commit: da36439b6
Aug 20 02:24:21 nimbus-eth1-mainnet-short-benchmark[2074470]: <<< ending cloneOrFetchNimbusRepo (success)
Aug 20 02:24:21 nimbus-eth1-mainnet-short-benchmark[2074470]: >>> starting buildBinaries
Aug 20 02:24:21 nimbus-eth1-mainnet-short-benchmark[2074470]: >>> Building binaries for commit da36439b...
Aug 20 02:24:23 nimbus-eth1-mainnet-short-benchmark[2076106]: Submodule path 'vendor/nim-bearssl': checked out '945ac7beb5f18172c04f253e6210ebe9b0545050'
Aug 20 02:24:29 nimbus-eth1-mainnet-short-benchmark[2080396]: Building: Nim compiler
Aug 20 02:27:35 nimbus-eth1-mainnet-short-benchmark[2080396]: Building custom Nimble commit: 42ef70c2102a942c46f13eb76872326edd525cec
Aug 20 02:27:45 nimbus-eth1-mainnet-short-benchmark[2080396]: Building Nimble...
Aug 20 02:27:55 nimbus-eth1-mainnet-short-benchmark[2080396]: Replacing nimble binary...
Aug 20 02:28:02 nimbus-eth1-mainnet-short-benchmark[2096762]: cp: cannot stat '/data/status-im/nimbus-eth1/build/*': No such file or directory
Aug 20 02:28:02 nimbus-eth1-mainnet-short-benchmark[2096740]: ROCKSDB VERSION NOT FOUND
Aug 20 02:28:02 nimbus-eth1-mainnet-short-benchmark[2096891]: make[1]: Entering directory '/data/status-im/nimbus-eth1/vendor/nim-rocksdb/vendor/rocksdb'
Aug 20 02:28:02 nimbus-eth1-mainnet-short-benchmark[2096891]: $DEBUG_LEVEL is 0, $LIB_MODE is static
Aug 20 02:28:03 nimbus-eth1-mainnet-short-benchmark[2096891]: make[1]: Leaving directory '/data/status-im/nimbus-eth1/vendor/nim-rocksdb/vendor/rocksdb'
Aug 20 02:28:03 nimbus-eth1-mainnet-short-benchmark[2097337]: Cleaning up RocksDb build artifacts.
Aug 20 02:28:04 nimbus-eth1-mainnet-short-benchmark[2096767]: Building RocksDb static libraries.
Aug 20 02:31:17 nimbus-eth1-mainnet-short-benchmark[2100862]: Building: build/nimbus_execution_client
Aug 20 02:33:48 nimbus-eth1-mainnet-short-benchmark[2074470]: >>> renaming binaries to match commit they were built from
Aug 20 02:33:48 nimbus-eth1-mainnet-short-benchmark[2074470]: >>> creating a symbolic link to the latest version
Aug 20 02:33:48 nimbus-eth1-mainnet-short-benchmark[2074470]: >>> deleting copies that are older than N days
Aug 20 02:33:48 nimbus-eth1-mainnet-short-benchmark[2074470]: <<< ending buildBinaries (success)
Aug 20 02:33:48 nimbus-eth1-mainnet-short-benchmark[2074470]: >>> starting skipOrContinueBenchmark
Aug 20 02:33:48 nimbus-eth1-mainnet-short-benchmark[2074470]: <<< ending skipOrContinueBenchmark (success)
Aug 20 02:33:48 nimbus-eth1-mainnet-short-benchmark[2074470]: >>> starting copyTemplateDatabase
Aug 20 02:33:48 nimbus-eth1-mainnet-short-benchmark[2074470]: >>> Copying template db into nimbus data directory
Aug 20 02:36:57 nimbus-eth1-mainnet-short-benchmark[2074470]: >>> Template db copied
Aug 20 02:36:57 nimbus-eth1-mainnet-short-benchmark[2074470]: >>> making nimbus the owner of the copied files
Aug 20 02:36:57 nimbus-eth1-mainnet-short-benchmark[2074470]: <<< ending copyTemplateDatabase (success)
Aug 20 02:36:57 nimbus-eth1-mainnet-short-benchmark[2074470]: >>> starting startNimbusWithImport
Aug 20 02:36:57 nimbus-eth1-mainnet-short-benchmark[2106516]: INF 2026-08-20 02:36:57.360+00:00 Launching execution client                 version=v0.3.1-da36439b config="(configFile: none(InputFile), dataDirFlag: some(/data/status-im/nimbus-eth1/data/shared_mainnet_0), era1DirFlag: some(/data/era1), eraDirFlag: some(/data/era), ereDirFlag: none(OutDir), keyStoreDirFlag: none(OutDir), importKey: , trustedSetupFile: none(string), extraData: Nimbus/v0.3.1-da36439b, gasLimit: none(uint64), maxBlobs: none(byte), network: [mainnet], customNetwork: none(NetworkParams), networkId: 1, networkParams: (config: ..., genesis: (nonce: 0x0000000000000042, timestamp: 0, extraData: [17, 187, 232, 219, 78, 52, 123, 78, 140, 147, 124, 28, 131, 112, 228, 181, 237, 51, 173, 179, 219, 105, 203, 219, 122, 56, 225, 229, 11, 27, 130, 250], gasLimit: 5000, difficulty: 17179869184, mixHash: 0x0000000000000000000000000000000000000000000000000000000000000000, coinbase: 0x0000000000000000000000000000000000000000, alloc: 8893, number: 0, gasUser: 0, parentHash: 0x0000000000000000000000000000000000000000000000000000000000000000, baseFeePerGas: none(), blobGasUsed: -1, excessBlobGas: -1, parentBeaconBlockRoot: none())), logLevel: INFO, logFormat: auto, metricsEnabled: false, metricsPort: 9093, metricsAddress: 127.0.0.1, bootstrapNodes: [], elBootstrapNodes: [], bootstrapFile: , elBootstrapFile: , staticPeers: [], staticPeersFile: , reconnectMaxRetry: 0, reconnectInterval: 15, listenAddress: ::, tcpPort: 30303, udpPortFlag: none(Port), maxPeersOpt: none(int), elMaxPeersOpt: none(int), nat: (hasExtIp: false, nat: NatAny), discv5: true, netKey: random, agentString: Nimbus/v0.3.1-da36439b/linux-amd64/Nim-2.2.10, numThreads: 0, persistBatchSize: 4, dynamicBatchSize: false, rocksdbMaxOpenFiles: 2048, rocksdbWriteBufferSize: 67108864, rocksdbRowCacheSize: 0, rocksdbBlockCacheSize: 2147483648, rocksdbBlockCacheType: hyperclock, rdbVtxCacheSize: 536870912, rdbKeyCacheSize: 1342177280, rdbBranchCacheSize: 1073741824, rdbPrintStats: false, rewriteDatadirId: true, aristoDbMaxSnapshots: 5, parallelStateRootComputation: false, parallelSenderRecovery: true, optimisticStatePrefetch: false, balStatePrefetch: false, balStatePrefetchWorkers: 0, balParallelExecution: false, eagerStateRootCheck: false, deserializeFcState: true, statelessProvider: false, statelessWitnessValidation: false, cmd: import, maxBlocks: 1000000, chunkSize: 8192, csvStats: some("/data/host-benchmarks/short/d0b37eb8f0424c2fb0e6bcc5a65272e7/blocks-import-benchmark.csv"), validation: false, fullValidation: false, storeBodies: false, storeReceipts: false, storeSlotHashes: false)"
Aug 20 02:36:57 nimbus-eth1-mainnet-short-benchmark[2106516]: WRN 2026-08-20 02:36:57.360+00:00 Data directory has insecure permissions. Correcting them. data_dir=/data/status-im/nimbus-eth1/data/shared_mainnet_0 current_permissions=0755 required_permissions=0700
Aug 20 02:36:59 nimbus-eth1-mainnet-short-benchmark[2106516]: INF 2026-08-20 02:36:59.272+00:00 Taskpool started                           numThreads=16
Aug 20 02:36:59 nimbus-eth1-mainnet-short-benchmark[2106516]: INF 2026-08-20 02:36:59.376+00:00 Writing data dir ID                        ID=0x0a036d6f6dfe59156bb6359f0243c93d5a421ed688de5aa85a62d15dca8dbd5c
Aug 20 02:36:59 nimbus-eth1-mainnet-short-benchmark[2106516]: INF 2026-08-20 02:36:59.400+00:00 Database initialized                       base="(0xd24fd73f794058a3807db926d8898c6481e902b7edb91ce0d479d6760f276183, 20000000)" finalized="(0xd24fd73f794058a3807db926d8898c6481e902b7edb91ce0d479d6760f276183, 20000000)" head="(0xd4e56740f876aef8c010b86a40d5f56745a118d0906a34e69aec8c0db1cb8fa3, 0)"
Aug 20 02:36:59 nimbus-eth1-mainnet-short-benchmark[2106516]: NTC 2026-08-20 02:36:59.400+00:00 Could not open ere database, falling back to era1/era import ereDir=/data/status-im/nimbus-eth1/data/shared_mainnet_0/ere networkName=mainnet error="No ere files found in /data/status-im/nimbus-eth1/data/shared_mainnet_0/ere"
Aug 20 02:36:59 nimbus-eth1-mainnet-short-benchmark[2106516]: NTC 2026-08-20 02:36:59.400+00:00 Importing era archive                      blockNumber=20000001 dataDir=/data/status-im/nimbus-eth1/data/shared_mainnet_0 eraDir=/data/era
Aug 20 02:37:01 nimbus-eth1-mainnet-short-benchmark[2106516]: NTC 2026-08-20 02:37:01.672+00:00 Matched block to slot number               blockNumber=20000001 slot=9204783
Aug 20 02:43:33 nimbus-eth1-mainnet-short-benchmark[2106516]: INF 2026-08-20 02:43:33.567+00:00 Imported blocks                            blockNumber=20008193 slot=9213020 blocks=8192 txs=1226966 mgas=124237 bps=20.78 tps=3112 mgps=315.2 avgBps=20.78 avgTps=3112 avgMGps=315.2 elapsed=6m34s163ms
Aug 20 02:49:20 nimbus-eth1-mainnet-short-benchmark[2106516]: INF 2026-08-20 02:49:20.098+00:00 Imported blocks                            blockNumber=20016385 slot=9221256 blocks=16384 txs=2540380 mgas=248071 bps=23.64 tps=3790 mgps=357.4 avgBps=22.12 avgTps=3429 avgMGps=334.9 elapsed=12m20s696ms
Aug 20 02:54:43 nimbus-eth1-mainnet-short-benchmark[2106516]: INF 2026-08-20 02:54:43.345+00:00 Imported blocks                            blockNumber=20024577 slot=9229485 blocks=24576 txs=3869398 mgas=372018 bps=25.34 tps=4111 mgps=383.4 avgBps=23.10 avgTps=3636 avgMGps=349.7 elapsed=17m43s947ms
Aug 20 02:59:34 nimbus-eth1-mainnet-short-benchmark[2106516]: INF 2026-08-20 02:59:34.037+00:00 Imported blocks                            blockNumber=20032769 slot=9237722 blocks=32768 txs=5222766 mgas=495797 bps=28.18 tps=4655 mgps=425.8 avgBps=24.19 avgTps=3855 avgMGps=366.0 elapsed=22m34s635ms
Aug 20 03:04:18 nimbus-eth1-mainnet-short-benchmark[2106516]: INF 2026-08-20 03:04:18.797+00:00 Imported blocks                            blockNumber=20040961 slot=9245957 blocks=40960 txs=6566802 mgas=619586 bps=28.77 tps=4719 mgps=434.7 avgBps=24.98 avgTps=4005 avgMGps=377.9 elapsed=27m19s398ms
Aug 20 03:09:20 nimbus-eth1-mainnet-short-benchmark[2106516]: INF 2026-08-20 03:09:20.580+00:00 Imported blocks                            blockNumber=20049153 slot=9254196 blocks=49152 txs=7904746 mgas=743522 bps=27.15 tps=4433 mgps=410.7 avgBps=25.32 avgTps=4072 avgMGps=383.0 elapsed=32m21s181ms
Aug 20 03:14:10 nimbus-eth1-mainnet-short-benchmark[2106516]: INF 2026-08-20 03:14:10.056+00:00 Imported blocks                            blockNumber=20057345 slot=9262435 blocks=57344 txs=9212009 mgas=867360 bps=28.30 tps=4516 mgps=427.8 avgBps=25.71 avgTps=4129 avgMGps=388.8 elapsed=37m10s651ms
Aug 20 03:18:41 nimbus-eth1-mainnet-short-benchmark[2106516]: INF 2026-08-20 03:18:41.208+00:00 Imported blocks                            blockNumber=20065537 slot=9270674 blocks=65536 txs=10559018 mgas=991371 bps=30.21 tps=4967 mgps=457.3 avgBps=26.20 avgTps=4220 avgMGps=396.3 elapsed=41m41s808ms
Aug 20 03:23:00 nimbus-eth1-mainnet-short-benchmark[2106516]: INF 2026-08-20 03:23:00.969+00:00 Imported blocks                            blockNumber=20073729 slot=9278910 blocks=73728 txs=11898676 mgas=1115111 bps=31.54 tps=5157 mgps=476.4 avgBps=26.70 avgTps=4308 avgMGps=403.8 elapsed=46m1s567ms
Aug 20 03:27:06 nimbus-eth1-mainnet-short-benchmark[2106516]: INF 2026-08-20 03:27:06.917+00:00 Imported blocks                            blockNumber=20081921 slot=9287152 blocks=81920 txs=13323263 mgas=1239150 bps=33.31 tps=5792 mgps=504.3 avgBps=27.24 avgTps=4429 avgMGps=412.0 elapsed=50m7s516ms
Aug 20 03:31:13 nimbus-eth1-mainnet-short-benchmark[2106516]: INF 2026-08-20 03:31:13.341+00:00 Imported blocks                            blockNumber=20090113 slot=9295408 blocks=90112 txs=14697082 mgas=1363113 bps=33.24 tps=5575 mgps=503.0 avgBps=27.69 avgTps=4516 avgMGps=418.9 elapsed=54m13s941ms
Aug 20 03:35:34 nimbus-eth1-mainnet-short-benchmark[2106516]: INF 2026-08-20 03:35:34.946+00:00 Imported blocks                            blockNumber=20098305 slot=9303658 blocks=98304 txs=16025683 mgas=1487146 bps=31.31 tps=5078 mgps=474.1 avgBps=27.96 avgTps=4558 avgMGps=423.0 elapsed=58m35s546ms
Aug 20 03:40:06 nimbus-eth1-mainnet-short-benchmark[2106516]: INF 2026-08-20 03:40:06.702+00:00 Imported blocks                            blockNumber=20106497 slot=9311895 blocks=106496 txs=17337157 mgas=1611066 bps=30.14 tps=4825 mgps=456.0 avgBps=28.12 avgTps=4577 avgMGps=425.4 elapsed=1h3m7s
Aug 20 03:44:24 nimbus-eth1-mainnet-short-benchmark[2106516]: INF 2026-08-20 03:44:24.362+00:00 Imported blocks                            blockNumber=20114689 slot=9320146 blocks=114688 txs=18632097 mgas=1735123 bps=31.79 tps=5025 mgps=481.5 avgBps=28.35 avgTps=4606 avgMGps=429.0 elapsed=1h7m24s
Aug 20 03:48:29 nimbus-eth1-mainnet-short-benchmark[2106516]: INF 2026-08-20 03:48:29.567+00:00 Imported blocks                            blockNumber=20122881 slot=9328409 blocks=122880 txs=19937418 mgas=1859249 bps=33.41 tps=5323 mgps=506.2 avgBps=28.64 avgTps=4647 avgMGps=433.4 elapsed=1h11m30s
Aug 20 03:52:31 nimbus-eth1-mainnet-short-benchmark[2106516]: INF 2026-08-20 03:52:31.511+00:00 Imported blocks                            blockNumber=20131073 slot=9336660 blocks=131072 txs=21214129 mgas=1983500 bps=33.86 tps=5276 mgps=513.5 avgBps=28.92 avgTps=4680 avgMGps=437.7 elapsed=1h15m32s
Aug 20 03:56:29 nimbus-eth1-mainnet-short-benchmark[2106516]: INF 2026-08-20 03:56:29.660+00:00 Imported blocks                            blockNumber=20139265 slot=9344906 blocks=139264 txs=22579079 mgas=2107571 bps=34.40 tps=5731 mgps=521.0 avgBps=29.19 avgTps=4733 avgMGps=441.8 elapsed=1h19m30s
Aug 20 04:01:12 nimbus-eth1-mainnet-short-benchmark[2106516]: INF 2026-08-20 04:01:12.608+00:00 Imported blocks                            blockNumber=20147457 slot=9353153 blocks=147456 txs=24133322 mgas=2231686 bps=28.95 tps=5493 mgps=438.6 avgBps=29.18 avgTps=4775 avgMGps=441.6 elapsed=1h24m13s
Aug 20 04:05:44 nimbus-eth1-mainnet-short-benchmark[2106516]: INF 2026-08-20 04:05:44.880+00:00 Imported blocks                            blockNumber=20155649 slot=9361407 blocks=155648 txs=25424015 mgas=2356018 bps=30.09 tps=4740 mgps=456.7 avgBps=29.23 avgTps=4774 avgMGps=442.4 elapsed=1h28m45s
Aug 20 04:09:57 nimbus-eth1-mainnet-short-benchmark[2106516]: INF 2026-08-20 04:09:57.264+00:00 Imported blocks                            blockNumber=20163841 slot=9369652 blocks=163840 txs=26749549 mgas=2480207 bps=32.46 tps=5252 mgps=492.1 avgBps=29.37 avgTps=4795 avgMGps=444.7 elapsed=1h32m57s
Aug 20 04:14:04 nimbus-eth1-mainnet-short-benchmark[2106516]: INF 2026-08-20 04:14:04.204+00:00 Imported blocks                            blockNumber=20172033 slot=9377892 blocks=172032 txs=28105316 mgas=2604026 bps=33.17 tps=5490 mgps=501.4 avgBps=29.53 avgTps=4825 avgMGps=447.1 elapsed=1h37m4s
Aug 20 04:18:14 nimbus-eth1-mainnet-short-benchmark[2106516]: INF 2026-08-20 04:18:14.877+00:00 Imported blocks                            blockNumber=20180225 slot=9386128 blocks=180224 txs=29524405 mgas=2728170 bps=32.68 tps=5661 mgps=495.2 avgBps=29.66 avgTps=4859 avgMGps=449.0 elapsed=1h41m15s
Aug 20 04:22:07 nimbus-eth1-mainnet-short-benchmark[2106516]: INF 2026-08-20 04:22:07.966+00:00 Imported blocks                            blockNumber=20188417 slot=9394365 blocks=188416 txs=30849021 mgas=2852023 bps=35.15 tps=5682 mgps=531.4 avgBps=29.87 avgTps=4890 avgMGps=452.1 elapsed=1h45m8s
Aug 20 04:26:28 nimbus-eth1-mainnet-short-benchmark[2106516]: INF 2026-08-20 04:26:28.410+00:00 Imported blocks                            blockNumber=20196609 slot=9402602 blocks=196608 txs=32174755 mgas=2976155 bps=31.45 tps=5090 mgps=476.6 avgBps=29.93 avgTps=4897 avgMGps=453.1 elapsed=1h49m29s
Aug 20 04:31:03 nimbus-eth1-mainnet-short-benchmark[2106516]: INF 2026-08-20 04:31:03.422+00:00 Imported blocks                            blockNumber=20204801 slot=9410840 blocks=204800 txs=33475942 mgas=3100410 bps=29.79 tps=4731 mgps=451.8 avgBps=29.92 avgTps=4891 avgMGps=453.0 elapsed=1h54m4s
Aug 20 04:35:16 nimbus-eth1-mainnet-short-benchmark[2106516]: INF 2026-08-20 04:35:16.310+00:00 Imported blocks                            blockNumber=20212993 slot=9419071 blocks=212992 txs=34798508 mgas=3224370 bps=32.39 tps=5229 mgps=490.2 avgBps=30.01 avgTps=4903 avgMGps=454.3 elapsed=1h58m16s
Aug 20 04:39:21 nimbus-eth1-mainnet-short-benchmark[2106516]: INF 2026-08-20 04:39:21.883+00:00 Imported blocks                            blockNumber=20221185 slot=9427313 blocks=221184 txs=36114045 mgas=3348169 bps=33.36 tps=5357 mgps=504.1 avgBps=30.12 avgTps=4918 avgMGps=456.0 elapsed=2h2m22s
Aug 20 04:43:09 nimbus-eth1-mainnet-short-benchmark[2106516]: INF 2026-08-20 04:43:09.383+00:00 Imported blocks                            blockNumber=20229377 slot=9435549 blocks=229376 txs=37421794 mgas=3472031 bps=36.01 tps=5748 mgps=544.4 avgBps=30.30 avgTps=4943 avgMGps=458.7 elapsed=2h6m9s
Aug 20 04:47:08 nimbus-eth1-mainnet-short-benchmark[2106516]: INF 2026-08-20 04:47:08.232+00:00 Imported blocks                            blockNumber=20237569 slot=9443788 blocks=237568 txs=38842064 mgas=3596351 bps=34.30 tps=5946 mgps=520.5 avgBps=30.42 avgTps=4974 avgMGps=460.5 elapsed=2h10m8s
Aug 20 04:51:25 nimbus-eth1-mainnet-short-benchmark[2106516]: INF 2026-08-20 04:51:25.224+00:00 Imported blocks                            blockNumber=20245761 slot=9452021 blocks=245760 txs=40225739 mgas=3720100 bps=31.88 tps=5384 mgps=481.5 avgBps=30.47 avgTps=4987 avgMGps=461.2 elapsed=2h14m25s
Aug 20 04:55:56 nimbus-eth1-mainnet-short-benchmark[2106516]: INF 2026-08-20 04:55:56.200+00:00 Imported blocks                            blockNumber=20253953 slot=9460253 blocks=253952 txs=41454921 mgas=3844385 bps=30.23 tps=4536 mgps=458.7 avgBps=30.46 avgTps=4972 avgMGps=461.1 elapsed=2h18m56s
Aug 20 05:00:15 nimbus-eth1-mainnet-short-benchmark[2106516]: INF 2026-08-20 05:00:15.493+00:00 Imported blocks                            blockNumber=20262145 slot=9468495 blocks=262144 txs=42726051 mgas=3968623 bps=31.59 tps=4902 mgps=479.1 avgBps=30.50 avgTps=4970 avgMGps=461.7 elapsed=2h23m16s
Aug 20 05:04:18 nimbus-eth1-mainnet-short-benchmark[2106516]: INF 2026-08-20 05:04:18.289+00:00 Imported blocks                            blockNumber=20270337 slot=9476748 blocks=270336 txs=44050436 mgas=4092682 bps=33.74 tps=5454 mgps=511.0 avgBps=30.58 avgTps=4983 avgMGps=463.0 elapsed=2h27m18s
Aug 20 05:08:03 nimbus-eth1-mainnet-short-benchmark[2106516]: INF 2026-08-20 05:08:03.974+00:00 Imported blocks                            blockNumber=20278529 slot=9484981 blocks=278528 txs=45382368 mgas=4216487 bps=36.30 tps=5901 mgps=548.6 avgBps=30.73 avgTps=5006 avgMGps=465.2 elapsed=2h31m4s
Aug 20 05:11:55 nimbus-eth1-mainnet-short-benchmark[2106516]: INF 2026-08-20 05:11:55.571+00:00 Imported blocks                            blockNumber=20286721 slot=9493213 blocks=286720 txs=46733429 mgas=4340363 bps=35.37 tps=5833 mgps=534.9 avgBps=30.84 avgTps=5027 avgMGps=466.9 elapsed=2h34m56s
Aug 20 05:16:09 nimbus-eth1-mainnet-short-benchmark[2106516]: INF 2026-08-20 05:16:09.031+00:00 Imported blocks                            blockNumber=20294913 slot=9501453 blocks=294912 txs=48075887 mgas=4464376 bps=32.32 tps=5296 mgps=489.3 avgBps=30.88 avgTps=5034 avgMGps=467.5 elapsed=2h39m9s
Aug 20 05:20:18 nimbus-eth1-mainnet-short-benchmark[2106516]: INF 2026-08-20 05:20:18.587+00:00 Imported blocks                            blockNumber=20303105 slot=9509696 blocks=303104 txs=49379538 mgas=4588534 bps=32.83 tps=5223 mgps=497.5 avgBps=30.93 avgTps=5039 avgMGps=468.3 elapsed=2h43m19s
Aug 20 05:24:22 nimbus-eth1-mainnet-short-benchmark[2106516]: INF 2026-08-20 05:24:22.320+00:00 Imported blocks                            blockNumber=20311297 slot=9517922 blocks=311296 txs=50637672 mgas=4712596 bps=33.61 tps=5161 mgps=509.0 avgBps=31.00 avgTps=5042 avgMGps=469.2 elapsed=2h47m22s
Aug 20 05:28:15 nimbus-eth1-mainnet-short-benchmark[2106516]: INF 2026-08-20 05:28:15.248+00:00 Imported blocks                            blockNumber=20319489 slot=9526159 blocks=319488 txs=51981692 mgas=4836521 bps=35.17 tps=5770 mgps=532.0 avgBps=31.09 avgTps=5058 avgMGps=470.7 elapsed=2h51m15s
Aug 20 05:31:48 nimbus-eth1-mainnet-short-benchmark[2106516]: INF 2026-08-20 05:31:48.009+00:00 Imported blocks                            blockNumber=20327681 slot=9534381 blocks=327680 txs=53356123 mgas=4960245 bps=38.50 tps=6459 mgps=581.5 avgBps=31.24 avgTps=5087 avgMGps=472.9 elapsed=2h54m48s
Aug 20 05:35:19 nimbus-eth1-mainnet-short-benchmark[2106516]: INF 2026-08-20 05:35:19.354+00:00 Imported blocks                            blockNumber=20335873 slot=9542617 blocks=335872 txs=54719105 mgas=5084025 bps=38.76 tps=6449 mgps=585.7 avgBps=31.39 avgTps=5113 avgMGps=475.1 elapsed=2h58m19s
Aug 20 05:39:10 nimbus-eth1-mainnet-short-benchmark[2106516]: INF 2026-08-20 05:39:10.603+00:00 Imported blocks                            blockNumber=20344065 slot=9550841 blocks=344064 txs=56021853 mgas=5207843 bps=35.42 tps=5633 mgps=535.4 avgBps=31.48 avgTps=5124 avgMGps=476.4 elapsed=3h2m11s
Aug 20 05:43:34 nimbus-eth1-mainnet-short-benchmark[2106516]: INF 2026-08-20 05:43:34.755+00:00 Imported blocks                            blockNumber=20352257 slot=9559072 blocks=352256 txs=57290408 mgas=5332016 bps=31.01 tps=4802 mgps=470.1 avgBps=31.46 avgTps=5117 avgMGps=476.3 elapsed=3h6m35s
Aug 20 05:47:36 nimbus-eth1-mainnet-short-benchmark[2106516]: INF 2026-08-20 05:47:36.524+00:00 Imported blocks                            blockNumber=20360449 slot=9567308 blocks=360448 txs=58543463 mgas=5456201 bps=33.88 tps=5182 mgps=513.7 avgBps=31.52 avgTps=5118 avgMGps=477.1 elapsed=3h10m37s
Aug 20 05:51:29 nimbus-eth1-mainnet-short-benchmark[2106516]: INF 2026-08-20 05:51:29.376+00:00 Imported blocks                            blockNumber=20368641 slot=9575548 blocks=368640 txs=59874056 mgas=5580204 bps=35.18 tps=5714 mgps=532.5 avgBps=31.59 avgTps=5130 avgMGps=478.2 elapsed=3h14m29s
Aug 20 05:55:30 nimbus-eth1-mainnet-short-benchmark[2106516]: INF 2026-08-20 05:55:30.621+00:00 Imported blocks                            blockNumber=20376833 slot=9583774 blocks=376832 txs=61167066 mgas=5704396 bps=33.96 tps=5359 mgps=514.8 avgBps=31.64 avgTps=5135 avgMGps=478.9 elapsed=3h18m31s
Aug 20 05:59:28 nimbus-eth1-mainnet-short-benchmark[2106516]: INF 2026-08-20 05:59:28.030+00:00 Imported blocks                            blockNumber=20385025 slot=9592009 blocks=385024 txs=62480333 mgas=5828235 bps=34.51 tps=5531 mgps=521.6 avgBps=31.69 avgTps=5142 avgMGps=479.7 elapsed=3h22m28s
Aug 20 06:03:24 nimbus-eth1-mainnet-short-benchmark[2106516]: INF 2026-08-20 06:03:24.622+00:00 Imported blocks                            blockNumber=20393217 slot=9600248 blocks=393216 txs=63800597 mgas=5952136 bps=34.62 tps=5580 mgps=523.7 avgBps=31.75 avgTps=5151 avgMGps=480.6 elapsed=3h26m25s
Aug 20 06:07:12 nimbus-eth1-mainnet-short-benchmark[2106516]: INF 2026-08-20 06:07:12.291+00:00 Imported blocks                            blockNumber=20401409 slot=9608486 blocks=401408 txs=65021243 mgas=6076384 bps=35.98 tps=5361 mgps=545.7 avgBps=31.83 avgTps=5155 avgMGps=481.8 elapsed=3h30m12s
Aug 20 06:11:14 nimbus-eth1-mainnet-short-benchmark[2106516]: INF 2026-08-20 06:11:14.827+00:00 Imported blocks                            blockNumber=20409601 slot=9616707 blocks=409600 txs=66199016 mgas=6200666 bps=33.78 tps=4856 mgps=512.4 avgBps=31.86 avgTps=5149 avgMGps=482.3 elapsed=3h34m15s
Aug 20 06:15:08 nimbus-eth1-mainnet-short-benchmark[2106516]: INF 2026-08-20 06:15:08.592+00:00 Imported blocks                            blockNumber=20417793 slot=9624941 blocks=417792 txs=67453930 mgas=6324823 bps=35.04 tps=5368 mgps=531.1 avgBps=31.92 avgTps=5153 avgMGps=483.2 elapsed=3h38m9s
Aug 20 06:18:35 nimbus-eth1-mainnet-short-benchmark[2106516]: INF 2026-08-20 06:18:35.573+00:00 Imported blocks                            blockNumber=20425985 slot=9633187 blocks=425984 txs=68814904 mgas=6448778 bps=39.58 tps=6575 mgps=598.9 avgBps=32.04 avgTps=5175 avgMGps=485.0 elapsed=3h41m36s
Aug 20 06:22:03 nimbus-eth1-mainnet-short-benchmark[2106516]: INF 2026-08-20 06:22:03.302+00:00 Imported blocks                            blockNumber=20434177 slot=9641422 blocks=434176 txs=70124508 mgas=6572711 bps=39.44 tps=6304 mgps=596.6 avgBps=32.15 avgTps=5192 avgMGps=486.7 elapsed=3h45m3s
Aug 20 06:25:41 nimbus-eth1-mainnet-short-benchmark[2106516]: INF 2026-08-20 06:25:41.355+00:00 Imported blocks                            blockNumber=20442369 slot=9649657 blocks=442368 txs=71403576 mgas=6696451 bps=37.57 tps=5865 mgps=567.5 avgBps=32.24 avgTps=5203 avgMGps=488.0 elapsed=3h48m41s
Aug 20 06:29:40 nimbus-eth1-mainnet-short-benchmark[2106516]: INF 2026-08-20 06:29:40.652+00:00 Imported blocks                            blockNumber=20450561 slot=9657896 blocks=450560 txs=72659905 mgas=6820521 bps=34.23 tps=5250 mgps=518.5 avgBps=32.27 avgTps=5204 avgMGps=488.5 elapsed=3h52m41s
Aug 20 06:33:58 nimbus-eth1-mainnet-short-benchmark[2106516]: INF 2026-08-20 06:33:58.944+00:00 Imported blocks                            blockNumber=20458753 slot=9666114 blocks=458752 txs=73838533 mgas=6945116 bps=31.72 tps=4563 mgps=482.4 avgBps=32.26 avgTps=5192 avgMGps=488.4 elapsed=3h56m59s
Aug 20 06:37:55 nimbus-eth1-mainnet-short-benchmark[2106516]: INF 2026-08-20 06:37:55.029+00:00 Imported blocks                            blockNumber=20466945 slot=9674343 blocks=466944 txs=75124748 mgas=7068943 bps=34.70 tps=5447 mgps=524.5 avgBps=32.30 avgTps=5196 avgMGps=489.0 elapsed=4h55s631ms
Aug 20 06:41:49 nimbus-eth1-mainnet-short-benchmark[2106516]: INF 2026-08-20 06:41:49.569+00:00 Imported blocks                            blockNumber=20475137 slot=9682575 blocks=475136 txs=76420106 mgas=7192870 bps=34.93 tps=5523 mgps=528.4 avgBps=32.34 avgTps=5202 avgMGps=489.6 elapsed=4h4m50s
Aug 20 06:45:33 nimbus-eth1-mainnet-short-benchmark[2106516]: INF 2026-08-20 06:45:33.894+00:00 Imported blocks                            blockNumber=20483329 slot=9690800 blocks=483328 txs=77675422 mgas=7316939 bps=36.52 tps=5596 mgps=553.1 avgBps=32.41 avgTps=5208 avgMGps=490.6 elapsed=4h8m34s
Aug 20 06:49:15 nimbus-eth1-mainnet-short-benchmark[2106516]: INF 2026-08-20 06:49:15.183+00:00 Imported blocks                            blockNumber=20491521 slot=9699019 blocks=491520 txs=78951232 mgas=7440784 bps=37.02 tps=5765 mgps=559.6 avgBps=32.47 avgTps=5216 avgMGps=491.6 elapsed=4h12m15s
Aug 20 06:53:11 nimbus-eth1-mainnet-short-benchmark[2106516]: INF 2026-08-20 06:53:11.263+00:00 Imported blocks                            blockNumber=20499713 slot=9707248 blocks=499712 txs=80189642 mgas=7564669 bps=34.70 tps=5245 mgps=524.8 avgBps=32.51 avgTps=5216 avgMGps=492.1 elapsed=4h16m11s
Aug 20 06:57:12 nimbus-eth1-mainnet-short-benchmark[2106516]: INF 2026-08-20 06:57:12.668+00:00 Imported blocks                            blockNumber=20507905 slot=9715488 blocks=507904 txs=81317763 mgas=7689208 bps=33.94 tps=4673 mgps=515.9 avgBps=32.53 avgTps=5208 avgMGps=492.5 elapsed=4h20m13s
Aug 20 07:00:48 nimbus-eth1-mainnet-short-benchmark[2106516]: INF 2026-08-20 07:00:48.357+00:00 Imported blocks                            blockNumber=20516097 slot=9723715 blocks=516096 txs=82520262 mgas=7813209 bps=37.98 tps=5575 mgps=574.9 avgBps=32.60 avgTps=5213 avgMGps=493.6 elapsed=4h23m48s
Aug 20 07:04:36 nimbus-eth1-mainnet-short-benchmark[2106516]: INF 2026-08-20 07:04:36.194+00:00 Imported blocks                            blockNumber=20524289 slot=9731945 blocks=524288 txs=83780075 mgas=7937233 bps=35.96 tps=5529 mgps=544.4 avgBps=32.65 avgTps=5217 avgMGps=494.3 elapsed=4h27m36s
Aug 20 07:08:26 nimbus-eth1-mainnet-short-benchmark[2106516]: INF 2026-08-20 07:08:26.122+00:00 Imported blocks                            blockNumber=20532481 slot=9740183 blocks=532480 txs=85263862 mgas=8061024 bps=35.63 tps=6453 mgps=538.4 avgBps=32.69 avgTps=5235 avgMGps=494.9 elapsed=4h31m26s
Aug 20 07:12:22 nimbus-eth1-mainnet-short-benchmark[2106516]: INF 2026-08-20 07:12:22.879+00:00 Imported blocks                            blockNumber=20540673 slot=9748418 blocks=540672 txs=86612143 mgas=8185090 bps=34.60 tps=5694 mgps=524.0 avgBps=32.72 avgTps=5241 avgMGps=495.4 elapsed=4h35m23s
Aug 20 07:16:28 nimbus-eth1-mainnet-short-benchmark[2106516]: INF 2026-08-20 07:16:28.111+00:00 Imported blocks                            blockNumber=20548865 slot=9756662 blocks=548864 txs=87802991 mgas=8309513 bps=33.41 tps=4855 mgps=507.4 avgBps=32.73 avgTps=5236 avgMGps=495.5 elapsed=4h39m28s
Aug 20 07:20:30 nimbus-eth1-mainnet-short-benchmark[2106516]: INF 2026-08-20 07:20:30.792+00:00 Imported blocks                            blockNumber=20557057 slot=9764892 blocks=557056 txs=88964987 mgas=8433956 bps=33.76 tps=4788 mgps=512.8 avgBps=32.75 avgTps=5229 avgMGps=495.8 elapsed=4h43m31s
Aug 20 07:24:23 nimbus-eth1-mainnet-short-benchmark[2106516]: INF 2026-08-20 07:24:23.845+00:00 Imported blocks                            blockNumber=20565249 slot=9773131 blocks=565248 txs=90186094 mgas=8558113 bps=35.15 tps=5239 mgps=532.7 avgBps=32.78 avgTps=5229 avgMGps=496.3 elapsed=4h47m24s
Aug 20 07:28:15 nimbus-eth1-mainnet-short-benchmark[2106516]: INF 2026-08-20 07:28:15.293+00:00 Imported blocks                            blockNumber=20573441 slot=9781369 blocks=573440 txs=91404654 mgas=8682228 bps=35.39 tps=5264 mgps=536.3 avgBps=32.81 avgTps=5230 avgMGps=496.8 elapsed=4h51m15s
Aug 20 07:32:03 nimbus-eth1-mainnet-short-benchmark[2106516]: INF 2026-08-20 07:32:03.054+00:00 Imported blocks                            blockNumber=20581633 slot=9789611 blocks=581632 txs=92628389 mgas=8806651 bps=35.97 tps=5372 mgps=546.3 avgBps=32.85 avgTps=5232 avgMGps=497.4 elapsed=4h55m3s
Aug 20 07:35:57 nimbus-eth1-mainnet-short-benchmark[2106516]: INF 2026-08-20 07:35:57.519+00:00 Imported blocks                            blockNumber=20589825 slot=9797855 blocks=589824 txs=93887208 mgas=8931023 bps=34.94 tps=5368 mgps=530.5 avgBps=32.88 avgTps=5233 avgMGps=497.9 elapsed=4h58m58s
Aug 20 07:39:55 nimbus-eth1-mainnet-short-benchmark[2106516]: INF 2026-08-20 07:39:55.059+00:00 Imported blocks                            blockNumber=20598017 slot=9806095 blocks=598016 txs=95163338 mgas=9055310 bps=34.49 tps=5372 mgps=523.2 avgBps=32.90 avgTps=5235 avgMGps=498.2 elapsed=5h2m55s
Aug 20 07:43:54 nimbus-eth1-mainnet-short-benchmark[2106516]: INF 2026-08-20 07:43:54.072+00:00 Imported blocks                            blockNumber=20606209 slot=9814347 blocks=606208 txs=96334664 mgas=9179976 bps=34.27 tps=4900 mgps=521.6 avgBps=32.92 avgTps=5231 avgMGps=498.5 elapsed=5h6m54s
Aug 20 07:47:44 nimbus-eth1-mainnet-short-benchmark[2106516]: INF 2026-08-20 07:47:44.408+00:00 Imported blocks                            blockNumber=20614401 slot=9822581 blocks=614400 txs=97573414 mgas=9304574 bps=35.57 tps=5377 mgps=540.9 avgBps=32.95 avgTps=5233 avgMGps=499.0 elapsed=5h10m45s
Aug 20 07:51:33 nimbus-eth1-mainnet-short-benchmark[2106516]: INF 2026-08-20 07:51:33.497+00:00 Imported blocks                            blockNumber=20622593 slot=9830821 blocks=622592 txs=98874772 mgas=9428835 bps=35.76 tps=5680 mgps=542.4 avgBps=32.99 avgTps=5238 avgMGps=499.6 elapsed=5h14m34s
Aug 20 07:55:15 nimbus-eth1-mainnet-short-benchmark[2106516]: INF 2026-08-20 07:55:15.934+00:00 Imported blocks                            blockNumber=20630785 slot=9839058 blocks=630784 txs=100178707 mgas=9553009 bps=36.83 tps=5862 mgps=558.2 avgBps=33.03 avgTps=5245 avgMGps=500.2 elapsed=5h18m16s
Aug 20 07:59:06 nimbus-eth1-mainnet-short-benchmark[2106516]: INF 2026-08-20 07:59:06.795+00:00 Imported blocks                            blockNumber=20638977 slot=9847313 blocks=638976 txs=101489116 mgas=9677171 bps=35.48 tps=5676 mgps=537.8 avgBps=33.06 avgTps=5251 avgMGps=500.7 elapsed=5h22m7s
Aug 20 08:02:56 nimbus-eth1-mainnet-short-benchmark[2106516]: INF 2026-08-20 08:02:56.879+00:00 Imported blocks                            blockNumber=20647169 slot=9855549 blocks=647168 txs=102730058 mgas=9801643 bps=35.60 tps=5393 mgps=541.0 avgBps=33.09 avgTps=5252 avgMGps=501.2 elapsed=5h25m57s
Aug 20 08:06:59 nimbus-eth1-mainnet-short-benchmark[2106516]: INF 2026-08-20 08:06:59.252+00:00 Imported blocks                            blockNumber=20655361 slot=9863778 blocks=655360 txs=103868002 mgas=9926541 bps=33.80 tps=4695 mgps=515.3 avgBps=33.10 avgTps=5245 avgMGps=501.3 elapsed=5h29m59s
Aug 20 08:10:44 nimbus-eth1-mainnet-short-benchmark[2106516]: INF 2026-08-20 08:10:44.137+00:00 Imported blocks                            blockNumber=20663553 slot=9872013 blocks=663552 txs=105112198 mgas=10051274 bps=36.43 tps=5532 mgps=554.6 avgBps=33.14 avgTps=5249 avgMGps=501.9 elapsed=5h33m44s
Aug 20 08:14:20 nimbus-eth1-mainnet-short-benchmark[2106516]: INF 2026-08-20 08:14:20.022+00:00 Imported blocks                            blockNumber=20671745 slot=9880241 blocks=671744 txs=106395904 mgas=10175177 bps=37.95 tps=5946 mgps=573.9 avgBps=33.19 avgTps=5256 avgMGps=502.7 elapsed=5h37m20s
Aug 20 08:18:01 nimbus-eth1-mainnet-short-benchmark[2106516]: INF 2026-08-20 08:18:01.114+00:00 Imported blocks                            blockNumber=20679937 slot=9888471 blocks=679936 txs=107674271 mgas=10299404 bps=37.05 tps=5782 mgps=561.9 avgBps=33.23 avgTps=5262 avgMGps=503.4 elapsed=5h41m1s
Aug 20 08:21:32 nimbus-eth1-mainnet-short-benchmark[2106516]: INF 2026-08-20 08:21:32.159+00:00 Imported blocks                            blockNumber=20688129 slot=9896698 blocks=688128 txs=108938536 mgas=10423298 bps=38.82 tps=5990 mgps=587.0 avgBps=33.29 avgTps=5269 avgMGps=504.2 elapsed=5h44m32s
Aug 20 08:25:16 nimbus-eth1-mainnet-short-benchmark[2106516]: INF 2026-08-20 08:25:16.568+00:00 Imported blocks                            blockNumber=20696321 slot=9904930 blocks=696320 txs=110235786 mgas=10547469 bps=36.51 tps=5780 mgps=553.3 avgBps=33.32 avgTps=5275 avgMGps=504.7 elapsed=5h48m17s
Aug 20 08:29:18 nimbus-eth1-mainnet-short-benchmark[2106516]: INF 2026-08-20 08:29:18.281+00:00 Imported blocks                            blockNumber=20704513 slot=9913154 blocks=704512 txs=111483759 mgas=10671677 bps=33.89 tps=5162 mgps=513.9 avgBps=33.33 avgTps=5273 avgMGps=504.8 elapsed=5h52m18s
Aug 20 08:33:05 nimbus-eth1-mainnet-short-benchmark[2106516]: INF 2026-08-20 08:33:05.017+00:00 Imported blocks                            blockNumber=20712705 slot=9921388 blocks=712704 txs=112764170 mgas=10795980 bps=36.13 tps=5647 mgps=548.2 avgBps=33.36 avgTps=5277 avgMGps=505.3 elapsed=5h56m5s
Aug 20 08:36:37 nimbus-eth1-mainnet-short-benchmark[2106516]: INF 2026-08-20 08:36:37.750+00:00 Imported blocks                            blockNumber=20720897 slot=9929633 blocks=720896 txs=114110517 mgas=10919926 bps=38.51 tps=6328 mgps=582.6 avgBps=33.41 avgTps=5288 avgMGps=506.1 elapsed=5h59m38s
Aug 20 08:40:19 nimbus-eth1-mainnet-short-benchmark[2106516]: INF 2026-08-20 08:40:19.235+00:00 Imported blocks                            blockNumber=20729089 slot=9937869 blocks=729088 txs=115449431 mgas=11043768 bps=36.99 tps=6045 mgps=559.1 avgBps=33.44 avgTps=5295 avgMGps=506.6 elapsed=6h3m19s
Aug 20 08:43:51 nimbus-eth1-mainnet-short-benchmark[2106516]: INF 2026-08-20 08:43:51.460+00:00 Imported blocks                            blockNumber=20737281 slot=9946108 blocks=737280 txs=116784468 mgas=11167784 bps=38.60 tps=6290 mgps=584.4 avgBps=33.49 avgTps=5305 avgMGps=507.3 elapsed=6h6m52s
Aug 20 08:47:33 nimbus-eth1-mainnet-short-benchmark[2106516]: INF 2026-08-20 08:47:33.237+00:00 Imported blocks                            blockNumber=20745473 slot=9954342 blocks=745472 txs=118101003 mgas=11291742 bps=36.94 tps=5936 mgps=558.9 avgBps=33.53 avgTps=5311 avgMGps=507.9 elapsed=6h10m33s
Aug 20 08:51:31 nimbus-eth1-mainnet-short-benchmark[2106516]: INF 2026-08-20 08:51:31.202+00:00 Imported blocks                            blockNumber=20753665 slot=9962581 blocks=753664 txs=119337525 mgas=11415859 bps=34.43 tps=5196 mgps=521.6 avgBps=33.54 avgTps=5310 avgMGps=508.0 elapsed=6h14m31s
Aug 20 08:55:17 nimbus-eth1-mainnet-short-benchmark[2106516]: INF 2026-08-20 08:55:17.762+00:00 Imported blocks                            blockNumber=20761857 slot=9970803 blocks=761856 txs=120564314 mgas=11540225 bps=36.16 tps=5414 mgps=548.9 avgBps=33.56 avgTps=5311 avgMGps=508.4 elapsed=6h18m18s
Aug 20 08:58:51 nimbus-eth1-mainnet-short-benchmark[2106516]: INF 2026-08-20 08:58:51.855+00:00 Imported blocks                            blockNumber=20770049 slot=9979058 blocks=770048 txs=121858083 mgas=11663918 bps=38.26 tps=6043 mgps=577.8 avgBps=33.61 avgTps=5318 avgMGps=509.1 elapsed=6h21m52s
Aug 20 09:02:17 nimbus-eth1-mainnet-short-benchmark[2106516]: INF 2026-08-20 09:02:17.524+00:00 Imported blocks                            blockNumber=20778241 slot=9987307 blocks=778240 txs=123161734 mgas=11787906 bps=39.83 tps=6338 mgps=602.8 avgBps=33.66 avgTps=5327 avgMGps=509.9 elapsed=6h25m18s
Aug 20 09:05:37 nimbus-eth1-mainnet-short-benchmark[2106516]: INF 2026-08-20 09:05:37.601+00:00 Imported blocks                            blockNumber=20786433 slot=9995542 blocks=786432 txs=124509456 mgas=11911612 bps=40.94 tps=6735 mgps=618.3 avgBps=33.73 avgTps=5339 avgMGps=510.8 elapsed=6h28m38s
Aug 20 09:09:02 nimbus-eth1-mainnet-short-benchmark[2106516]: INF 2026-08-20 09:09:02.062+00:00 Imported blocks                            blockNumber=20794625 slot=10003781 blocks=794624 txs=125848921 mgas=12035338 bps=40.07 tps=6551 mgps=605.1 avgBps=33.78 avgTps=5350 avgMGps=511.6 elapsed=6h32m2s
Aug 20 09:12:33 nimbus-eth1-mainnet-short-benchmark[2106516]: INF 2026-08-20 09:12:33.527+00:00 Imported blocks                            blockNumber=20802817 slot=10012028 blocks=802816 txs=127089868 mgas=12158989 bps=38.74 tps=5868 mgps=584.7 avgBps=33.83 avgTps=5354 avgMGps=512.3 elapsed=6h35m34s
Aug 20 09:16:12 nimbus-eth1-mainnet-short-benchmark[2106516]: INF 2026-08-20 09:16:12.604+00:00 Imported blocks                            blockNumber=20811009 slot=10020249 blocks=811008 txs=128299762 mgas=12282850 bps=37.39 tps=5522 mgps=565.4 avgBps=33.86 avgTps=5356 avgMGps=512.8 elapsed=6h39m13s
Aug 20 09:19:37 nimbus-eth1-mainnet-short-benchmark[2106516]: INF 2026-08-20 09:19:37.893+00:00 Imported blocks                            blockNumber=20819201 slot=10028481 blocks=819200 txs=129596319 mgas=12406594 bps=39.90 tps=6315 mgps=602.8 avgBps=33.91 avgTps=5364 avgMGps=513.6 elapsed=6h42m38s
Aug 20 09:23:03 nimbus-eth1-mainnet-short-benchmark[2106516]: INF 2026-08-20 09:23:03.306+00:00 Imported blocks                            blockNumber=20827393 slot=10036710 blocks=827392 txs=130916729 mgas=12530249 bps=39.88 tps=6428 mgps=602.0 avgBps=33.96 avgTps=5373 avgMGps=514.3 elapsed=6h46m3s
Aug 20 09:26:26 nimbus-eth1-mainnet-short-benchmark[2106516]: INF 2026-08-20 09:26:26.343+00:00 Imported blocks                            blockNumber=20835585 slot=10044938 blocks=835584 txs=132226625 mgas=12654070 bps=40.35 tps=6451 mgps=609.8 avgBps=34.01 avgTps=5382 avgMGps=515.1 elapsed=6h49m26s
Aug 20 09:30:02 nimbus-eth1-mainnet-short-benchmark[2106516]: INF 2026-08-20 09:30:02.328+00:00 Imported blocks                            blockNumber=20843777 slot=10053164 blocks=843776 txs=133604192 mgas=12777730 bps=37.93 tps=6378 mgps=572.5 avgBps=34.05 avgTps=5390 avgMGps=515.6 elapsed=6h53m2s
Aug 20 09:34:04 nimbus-eth1-mainnet-short-benchmark[2106516]: INF 2026-08-20 09:34:04.157+00:00 Imported blocks                            blockNumber=20851969 slot=10061391 blocks=851968 txs=134900706 mgas=12901664 bps=33.88 tps=5361 mgps=512.5 avgBps=34.05 avgTps=5390 avgMGps=515.6 elapsed=6h57m4s
Aug 20 09:37:54 nimbus-eth1-mainnet-short-benchmark[2106516]: INF 2026-08-20 09:37:54.078+00:00 Imported blocks                            blockNumber=20860161 slot=10069622 blocks=860160 txs=136168750 mgas=13025603 bps=35.63 tps=5515 mgps=539.1 avgBps=34.06 avgTps=5391 avgMGps=515.8 elapsed=7h54s678ms
Aug 20 09:41:41 nimbus-eth1-mainnet-short-benchmark[2106516]: INF 2026-08-20 09:41:41.942+00:00 Imported blocks                            blockNumber=20868353 slot=10077838 blocks=868352 txs=137550724 mgas=13149742 bps=35.95 tps=6064 mgps=544.8 avgBps=34.08 avgTps=5397 avgMGps=516.0 elapsed=7h4m42s
Aug 20 09:45:26 nimbus-eth1-mainnet-short-benchmark[2106516]: INF 2026-08-20 09:45:26.155+00:00 Imported blocks                            blockNumber=20876545 slot=10086066 blocks=876544 txs=138954673 mgas=13273457 bps=36.54 tps=6261 mgps=551.8 avgBps=34.10 avgTps=5405 avgMGps=516.3 elapsed=7h8m26s
Aug 20 09:49:07 nimbus-eth1-mainnet-short-benchmark[2106516]: INF 2026-08-20 09:49:07.224+00:00 Imported blocks                            blockNumber=20884737 slot=10094286 blocks=884736 txs=140256178 mgas=13397479 bps=37.06 tps=5887 mgps=561.0 avgBps=34.12 avgTps=5409 avgMGps=516.7 elapsed=7h12m7s
Aug 20 09:52:40 nimbus-eth1-mainnet-short-benchmark[2106516]: INF 2026-08-20 09:52:40.629+00:00 Imported blocks                            blockNumber=20892929 slot=10102512 blocks=892928 txs=141581868 mgas=13521575 bps=38.39 tps=6211 mgps=581.5 avgBps=34.16 avgTps=5416 avgMGps=517.3 elapsed=7h15m41s
Aug 20 09:56:16 nimbus-eth1-mainnet-short-benchmark[2106516]: INF 2026-08-20 09:56:16.334+00:00 Imported blocks                            blockNumber=20901121 slot=10110732 blocks=901120 txs=142875889 mgas=13645572 bps=37.98 tps=5999 mgps=574.8 avgBps=34.19 avgTps=5420 avgMGps=517.7 elapsed=7h19m16s
Aug 20 09:59:51 nimbus-eth1-mainnet-short-benchmark[2106516]: INF 2026-08-20 09:59:51.751+00:00 Imported blocks                            blockNumber=20909313 slot=10118953 blocks=909312 txs=144102308 mgas=13769390 bps=38.03 tps=5693 mgps=574.8 avgBps=34.22 avgTps=5423 avgMGps=518.2 elapsed=7h22m52s
Aug 20 10:03:20 nimbus-eth1-mainnet-short-benchmark[2106516]: INF 2026-08-20 10:03:20.344+00:00 Imported blocks                            blockNumber=20917505 slot=10127176 blocks=917504 txs=145406349 mgas=13893087 bps=39.27 tps=6251 mgps=593.0 avgBps=34.26 avgTps=5429 avgMGps=518.8 elapsed=7h26m20s
Aug 20 10:06:41 nimbus-eth1-mainnet-short-benchmark[2106516]: INF 2026-08-20 10:06:41.149+00:00 Imported blocks                            blockNumber=20925697 slot=10135394 blocks=925696 txs=146718394 mgas=14016820 bps=40.80 tps=6533 mgps=616.2 avgBps=34.31 avgTps=5437 avgMGps=519.5 elapsed=7h29m41s
Aug 20 10:10:14 nimbus-eth1-mainnet-short-benchmark[2106516]: INF 2026-08-20 10:10:14.826+00:00 Imported blocks                            blockNumber=20933889 slot=10143614 blocks=933888 txs=148049109 mgas=14140625 bps=38.34 tps=6227 mgps=579.4 avgBps=34.34 avgTps=5443 avgMGps=520.0 elapsed=7h33m15s
Aug 20 10:13:41 nimbus-eth1-mainnet-short-benchmark[2106516]: INF 2026-08-20 10:13:41.195+00:00 Imported blocks                            blockNumber=20942081 slot=10151840 blocks=942080 txs=149397364 mgas=14264352 bps=39.70 tps=6533 mgps=599.5 avgBps=34.38 avgTps=5452 avgMGps=520.6 elapsed=7h36m41s
Aug 20 10:17:12 nimbus-eth1-mainnet-short-benchmark[2106516]: INF 2026-08-20 10:17:12.232+00:00 Imported blocks                            blockNumber=20950273 slot=10160098 blocks=950272 txs=150765507 mgas=14388237 bps=38.82 tps=6483 mgps=587.0 avgBps=34.41 avgTps=5459 avgMGps=521.1 elapsed=7h40m12s
Aug 20 10:20:59 nimbus-eth1-mainnet-short-benchmark[2106516]: INF 2026-08-20 10:20:59.745+00:00 Imported blocks                            blockNumber=20958465 slot=10168363 blocks=958464 txs=152044771 mgas=14511987 bps=36.01 tps=5622 mgps=543.9 avgBps=34.43 avgTps=5461 avgMGps=521.3 elapsed=7h44m345ms
Aug 20 10:24:37 nimbus-eth1-mainnet-short-benchmark[2106516]: INF 2026-08-20 10:24:37.281+00:00 Imported blocks                            blockNumber=20966657 slot=10176609 blocks=966656 txs=153365296 mgas=14635804 bps=37.66 tps=6070 mgps=569.2 avgBps=34.45 avgTps=5466 avgMGps=521.6 elapsed=7h47m37s
Aug 20 10:28:11 nimbus-eth1-mainnet-short-benchmark[2106516]: INF 2026-08-20 10:28:11.650+00:00 Imported blocks                            blockNumber=20974849 slot=10184849 blocks=974848 txs=154744917 mgas=14759580 bps=38.21 tps=6435 mgps=577.4 avgBps=34.48 avgTps=5473 avgMGps=522.1 elapsed=7h51m12s
Aug 20 10:31:52 nimbus-eth1-mainnet-short-benchmark[2106516]: INF 2026-08-20 10:31:52.115+00:00 Imported blocks                            blockNumber=20983041 slot=10193086 blocks=983040 txs=156055229 mgas=14883451 bps=37.16 tps=5943 mgps=561.9 avgBps=34.50 avgTps=5477 avgMGps=522.4 elapsed=7h54m52s
Aug 20 10:35:06 nimbus-eth1-mainnet-short-benchmark[2106516]: INF 2026-08-20 10:35:06.808+00:00 Imported blocks                            blockNumber=20991233 slot=10201319 blocks=991232 txs=157563202 mgas=15007557 bps=42.08 tps=7745 mgps=637.4 avgBps=34.55 avgTps=5492 avgMGps=523.1 elapsed=7h58m7s
Aug 20 10:38:51 nimbus-eth1-mainnet-short-benchmark[2106516]: INF 2026-08-20 10:38:51.653+00:00 Imported blocks                            blockNumber=20999425 slot=10209549 blocks=999424 txs=159003277 mgas=15131383 bps=36.43 tps=6404 mgps=550.7 avgBps=34.57 avgTps=5499 avgMGps=523.4 elapsed=8h1m52s
Aug 20 10:39:07 nimbus-eth1-mainnet-short-benchmark[2106516]: INF 2026-08-20 10:39:07.861+00:00 Imported blocks                            blockNumber=21000001 slot=10210128 blocks=1000000 txs=159109486 mgas=15140191 bps=35.54 tps=6553 mgps=543.5 avgBps=34.57 avgTps=5500 avgMGps=523.4 elapsed=8h2m8s
Aug 20 10:39:07 nimbus-eth1-mainnet-short-benchmark[2106516]: NTC 2026-08-20 10:39:07.861+00:00 Import complete                            blockNumber=21000001 slot=10210128 blocks=1000000 txs=159109486 mgas=15140191
Aug 20 10:39:08 nimbus-eth1-mainnet-short-benchmark[2074470]: <<< ending startNimbusWithImport (success)
Aug 20 10:39:08 nimbus-eth1-mainnet-short-benchmark[2074470]: >>> starting moveBenchmarkingFileToRepo
Aug 20 10:39:08 nimbus-eth1-mainnet-short-benchmark[2074470]: >>> copying debug-csv generated by nimbus to benchmarks repo
Aug 20 10:39:08 nimbus-eth1-mainnet-short-benchmark[2074470]: <<< ending moveBenchmarkingFileToRepo (success)
Aug 20 10:39:08 nimbus-eth1-mainnet-short-benchmark[2074470]: >>> starting generateBuildEnvironmentLogFile
Aug 20 10:39:18 nimbus-eth1-mainnet-short-benchmark[2074470]: <<< ending generateBuildEnvironmentLogFile (success)
Aug 20 10:39:18 nimbus-eth1-mainnet-short-benchmark[2074470]: >>> starting generateSystemdServiceLogs
