Sep 29 00:32:41 nimbus-eth1-mainnet-short-benchmark[3118149]: >>> starting cloneOrFetchBenchmarksRepo
Sep 29 00:32:41 nimbus-eth1-mainnet-short-benchmark[3118149]: >>> Fetching latest changes for nimbus-eth1-benchmarks...
Sep 29 00:32:44 nimbus-eth1-mainnet-short-benchmark[3118196]: HEAD is now at a5e4732 chore: update short benchmark Readme
Sep 29 00:32:44 nimbus-eth1-mainnet-short-benchmark[3118149]: <<< ending cloneOrFetchBenchmarksRepo (success)
Sep 29 00:32:44 nimbus-eth1-mainnet-short-benchmark[3118149]: >>> starting cloneOrFetchNimbusRepo
Sep 29 00:32:53 nimbus-eth1-mainnet-short-benchmark[3118149]: >>> Fetching latest changes for nimbus-eth1...
Sep 29 00:32:54 nimbus-eth1-mainnet-short-benchmark[3118549]: From https://github.com/status-im/nimbus-eth1
Sep 29 00:32:54 nimbus-eth1-mainnet-short-benchmark[3118549]:    9b7ad4f18..ee2df9089  master                -> origin/master
Sep 29 00:32:54 nimbus-eth1-mainnet-short-benchmark[3118549]:    02c1dbf39..20b4e2795  rdb-cache-packed-keys -> origin/rdb-cache-packed-keys
Sep 29 00:32:54 nimbus-eth1-mainnet-short-benchmark[3118557]: HEAD is now at ee2df9089 Snap2 sync reload prepper (#4866)
Sep 29 00:32:54 nimbus-eth1-mainnet-short-benchmark[3118149]: >>> Found last benchmarked commit: 34910eb6
Sep 29 00:32:54 nimbus-eth1-mainnet-short-benchmark[3118149]: >>> Using next commit: ee2df90899d004305df587ef79aec6eeff586005
Sep 29 00:32:54 nimbus-eth1-mainnet-short-benchmark[3118574]: HEAD is now at ee2df9089 Snap2 sync reload prepper (#4866)
Sep 29 00:32:54 nimbus-eth1-mainnet-short-benchmark[3118149]: >>> Current commit: ee2df9089
Sep 29 00:32:54 nimbus-eth1-mainnet-short-benchmark[3118149]: <<< ending cloneOrFetchNimbusRepo (success)
Sep 29 00:32:54 nimbus-eth1-mainnet-short-benchmark[3118149]: >>> starting buildBinaries
Sep 29 00:32:54 nimbus-eth1-mainnet-short-benchmark[3118149]: >>> Building binaries for commit ee2df908...
Sep 29 00:33:02 nimbus-eth1-mainnet-short-benchmark[3124283]: Building: Nim compiler
Sep 29 00:35:56 nimbus-eth1-mainnet-short-benchmark[3124283]: Building custom Nimble commit: 42ef70c2102a942c46f13eb76872326edd525cec
Sep 29 00:36:07 nimbus-eth1-mainnet-short-benchmark[3124283]: Building Nimble...
Sep 29 00:36:17 nimbus-eth1-mainnet-short-benchmark[3124283]: Replacing nimble binary...
Sep 29 00:36:25 nimbus-eth1-mainnet-short-benchmark[3141256]: Building: build/generate_makefile
Sep 29 00:36:25 nimbus-eth1-mainnet-short-benchmark[3141118]: ROCKSDB CACHED VERSION: 11.8.1
Sep 29 00:36:25 nimbus-eth1-mainnet-short-benchmark[3141521]: RocksDb static libraries already built. Skipping build.
Sep 29 00:36:25 nimbus-eth1-mainnet-short-benchmark[3141256]: Build completed successfully: build/generate_makefile
Sep 29 00:36:25 nimbus-eth1-mainnet-short-benchmark[3141575]: Building: build/nimbus_execution_client
Sep 29 00:36:52 nimbus-eth1-mainnet-short-benchmark[3141693]: @["Unknown constants in file: ", "GAS_LIMIT_SCHEDULE", "GAS_LIMIT", "- EPOCH", "    GAS_LIMIT"]
Sep 29 00:36:52 nimbus-eth1-mainnet-short-benchmark[3141693]: @["Unknown constants in file: ", "GAS_LIMIT_SCHEDULE", "GAS_LIMIT", "- EPOCH", "    GAS_LIMIT"]
Sep 29 00:38:48 nimbus-eth1-mainnet-short-benchmark[3141575]: Build completed successfully: build/nimbus_execution_client
Sep 29 00:38:48 nimbus-eth1-mainnet-short-benchmark[3118149]: >>> renaming binaries to match commit they were built from
Sep 29 00:38:48 nimbus-eth1-mainnet-short-benchmark[3118149]: >>> creating a symbolic link to the latest version
Sep 29 00:38:48 nimbus-eth1-mainnet-short-benchmark[3118149]: >>> deleting copies that are older than N days
Sep 29 00:38:48 nimbus-eth1-mainnet-short-benchmark[3118149]: <<< ending buildBinaries (success)
Sep 29 00:38:48 nimbus-eth1-mainnet-short-benchmark[3118149]: >>> starting skipOrContinueBenchmark
Sep 29 00:38:48 nimbus-eth1-mainnet-short-benchmark[3118149]: <<< ending skipOrContinueBenchmark (success)
Sep 29 00:38:48 nimbus-eth1-mainnet-short-benchmark[3118149]: >>> starting copyTemplateDatabase
Sep 29 00:38:48 nimbus-eth1-mainnet-short-benchmark[3118149]: >>> Copying template db into nimbus data directory
Sep 29 00:42:05 nimbus-eth1-mainnet-short-benchmark[3118149]: >>> Template db copied
Sep 29 00:42:05 nimbus-eth1-mainnet-short-benchmark[3118149]: >>> making nimbus the owner of the copied files
Sep 29 00:42:05 nimbus-eth1-mainnet-short-benchmark[3118149]: <<< ending copyTemplateDatabase (success)
Sep 29 00:42:05 nimbus-eth1-mainnet-short-benchmark[3118149]: >>> starting startNimbusWithImport
Sep 29 00:42:05 nimbus-eth1-mainnet-short-benchmark[3147285]: INF 2026-09-29 00:42:05.420+00:00 Launching execution client                 version=v0.4.1-ee2df908 config="(configFile: none(InputFile), dataDirFlag: some(/data/status-im/nimbus-eth1/data/shared_mainnet_0), era1DirFlag: some(/data/era1), eraDirFlag: some(/data/era), ereDirFlag: none(OutDir), keyStoreDirFlag: none(OutDir), importKey: , trustedSetupFile: none(string), extraData: Nimbus/v0.4.1-ee2df908, gasLimit: none(uint64), maxBlobs: none(byte), network: [mainnet], logLevel: INFO, logFormat: auto, metricsEnabled: false, metricsPort: 9093, metricsAddress: 127.0.0.1, bootstrapNodes: [], elBootstrapNodes: [], bootstrapFile: , elBootstrapFile: , staticPeers: [], staticPeersFile: , reconnectMaxRetry: 0, reconnectInterval: 15, listenAddress: ::, tcpPort: 30303, udpPortFlag: none(Port), maxPeersOpt: none(int), elMaxPeersOpt: none(int), nat: (hasExtIp: false, nat: NatAny), discv5: true, netKey: random, agentString: Nimbus/v0.4.1-ee2df908/linux-amd64/Nim-2.2.12, numThreads: 0, persistBatchSize: 4, dynamicBatchSize: false, rocksdbMaxOpenFiles: 2048, rocksdbWriteBufferSize: 67108864, rocksdbRowCacheSize: 0, rocksdbBlockCacheSize: 2147483648, rocksdbBlockCacheType: hyperclock, rdbVtxCacheSize: 536870912, rdbKeyCacheSize: 1342177280, rdbBranchCacheSize: 1312817152, rdbPrintStats: false, rewriteDatadirId: true, aristoDbMaxSnapshots: 5, debugParallel: none(bool), parallelStateRootComputationFlag: false, parallelSenderRecoveryFlag: true, optimisticStatePrefetchFlag: false, balStatePrefetchFlag: false, balStatePrefetchWorkers: 0, balParallelExecutionFlag: false, balPruning: true, eagerStateRootCheck: false, deserializeFcState: true, statelessProvider: false, statelessWitnessValidation: false, cmd: import, maxBlocks: 1000000, chunkSize: 8192, csvStats: some("/data/host-benchmarks/short/1afbe64ed8c4442b83281ae00b729c02/blocks-import-benchmark.csv"), validation: false, fullValidation: false, storeBodies: false, storeReceipts: false, storeSlotHashes: false)"
Sep 29 00:42:05 nimbus-eth1-mainnet-short-benchmark[3147285]: WRN 2026-09-29 00:42:05.424+00:00 Data directory has insecure permissions. Correcting them. data_dir=/data/status-im/nimbus-eth1/data/shared_mainnet_0 current_permissions=0755 required_permissions=0700
Sep 29 00:42:07 nimbus-eth1-mainnet-short-benchmark[3147285]: INF 2026-09-29 00:42:07.252+00:00 Taskpool started                           numThreads=16
Sep 29 00:42:07 nimbus-eth1-mainnet-short-benchmark[3147285]: CreateIOUring failed: Invalid argument (errno=22), thread=140464074788096
Sep 29 00:42:07 nimbus-eth1-mainnet-short-benchmark[3147285]: INF 2026-09-29 00:42:07.404+00:00 Database initialized                       base="(0xd24fd73f794058a3807db926d8898c6481e902b7edb91ce0d479d6760f276183, 20000000)" finalized="(0xd24fd73f794058a3807db926d8898c6481e902b7edb91ce0d479d6760f276183, 20000000)" head="(0xd4e56740f876aef8c010b86a40d5f56745a118d0906a34e69aec8c0db1cb8fa3, 0)" startOfHistory=0
Sep 29 00:42:07 nimbus-eth1-mainnet-short-benchmark[3147285]: NTC 2026-09-29 00:42:07.404+00:00 Could not open ere database, falling back to era1/era import ereDir=/data/status-im/nimbus-eth1/data/shared_mainnet_0/ere networkName=mainnet error="No ere files found in /data/status-im/nimbus-eth1/data/shared_mainnet_0/ere"
Sep 29 00:42:07 nimbus-eth1-mainnet-short-benchmark[3147285]: NTC 2026-09-29 00:42:07.404+00:00 Importing era archive                      blockNumber=20000001 dataDir=/data/status-im/nimbus-eth1/data/shared_mainnet_0 eraDir=/data/era
Sep 29 00:42:09 nimbus-eth1-mainnet-short-benchmark[3147285]: NTC 2026-09-29 00:42:09.576+00:00 Matched block to slot number               blockNumber=20000001 slot=9204783
Sep 29 00:48:24 nimbus-eth1-mainnet-short-benchmark[3147285]: INF 2026-09-29 00:48:24.363+00:00 Imported blocks                            blockNumber=20008193 slot=9213020 blocks=8192 txs=1226966 mgas=124237 bps=21.73 tps=3254 mgps=329.6 avgBps=21.73 avgTps=3254 avgMGps=329.6 elapsed=6m16s953ms
Sep 29 00:53:52 nimbus-eth1-mainnet-short-benchmark[3147285]: INF 2026-09-29 00:53:52.218+00:00 Imported blocks                            blockNumber=20016385 slot=9221256 blocks=16384 txs=2540380 mgas=248071 bps=24.99 tps=4006 mgps=377.7 avgBps=23.25 avgTps=3604 avgMGps=352.0 elapsed=11m44s810ms
Sep 29 00:59:04 nimbus-eth1-mainnet-short-benchmark[3147285]: INF 2026-09-29 00:59:04.126+00:00 Imported blocks                            blockNumber=20024577 slot=9229485 blocks=24576 txs=3869398 mgas=372018 bps=26.26 tps=4260 mgps=397.4 avgBps=24.17 avgTps=3805 avgMGps=365.9 elapsed=16m56s717ms
Sep 29 01:03:42 nimbus-eth1-mainnet-short-benchmark[3147285]: INF 2026-09-29 01:03:42.538+00:00 Imported blocks                            blockNumber=20032769 slot=9237722 blocks=32768 txs=5222766 mgas=495797 bps=29.42 tps=4860 mgps=444.6 avgBps=25.30 avgTps=4032 avgMGps=382.8 elapsed=21m35s131ms
Sep 29 01:08:13 nimbus-eth1-mainnet-short-benchmark[3147285]: INF 2026-09-29 01:08:13.934+00:00 Imported blocks                            blockNumber=20040961 slot=9245957 blocks=40960 txs=6566802 mgas=619586 bps=30.18 tps=4952 mgps=456.1 avgBps=26.15 avgTps=4191 avgMGps=395.5 elapsed=26m6s527ms
Sep 29 01:13:04 nimbus-eth1-mainnet-short-benchmark[3147285]: INF 2026-09-29 01:13:04.934+00:00 Imported blocks                            blockNumber=20049153 slot=9254196 blocks=49152 txs=7904746 mgas=743522 bps=28.15 tps=4597 mgps=425.9 avgBps=26.46 avgTps=4255 avgMGps=400.3 elapsed=30m57s525ms
Sep 29 01:17:43 nimbus-eth1-mainnet-short-benchmark[3147285]: INF 2026-09-29 01:17:43.382+00:00 Imported blocks                            blockNumber=20057345 slot=9262435 blocks=57344 txs=9212009 mgas=867360 bps=29.42 tps=4694 mgps=444.7 avgBps=26.85 avgTps=4312 avgMGps=406.1 elapsed=35m35s976ms
Sep 29 01:22:02 nimbus-eth1-mainnet-short-benchmark[3147285]: INF 2026-09-29 01:22:02.242+00:00 Imported blocks                            blockNumber=20065537 slot=9270674 blocks=65536 txs=10559018 mgas=991371 bps=31.65 tps=5203 mgps=479.1 avgBps=27.37 avgTps=4409 avgMGps=414.0 elapsed=39m54s834ms
Sep 29 01:26:08 nimbus-eth1-mainnet-short-benchmark[3147285]: INF 2026-09-29 01:26:08.419+00:00 Imported blocks                            blockNumber=20073729 slot=9278910 blocks=73728 txs=11898676 mgas=1115111 bps=33.28 tps=5441 mgps=502.6 avgBps=27.92 avgTps=4505 avgMGps=422.2 elapsed=44m1s11ms
Sep 29 01:30:05 nimbus-eth1-mainnet-short-benchmark[3147285]: INF 2026-09-29 01:30:05.487+00:00 Imported blocks                            blockNumber=20081921 slot=9287152 blocks=81920 txs=13323263 mgas=1239150 bps=34.56 tps=6009 mgps=523.2 avgBps=28.46 avgTps=4629 avgMGps=430.5 elapsed=47m58s77ms
Sep 29 01:33:57 nimbus-eth1-mainnet-short-benchmark[3147285]: INF 2026-09-29 01:33:57.812+00:00 Imported blocks                            blockNumber=20090113 slot=9295408 blocks=90112 txs=14697082 mgas=1363113 bps=35.26 tps=5913 mgps=533.6 avgBps=28.97 avgTps=4725 avgMGps=438.2 elapsed=51m50s400ms
Sep 29 01:38:08 nimbus-eth1-mainnet-short-benchmark[3147285]: INF 2026-09-29 01:38:08.656+00:00 Imported blocks                            blockNumber=20098305 slot=9303658 blocks=98304 txs=16025683 mgas=1487146 bps=32.66 tps=5296 mgps=494.4 avgBps=29.25 avgTps=4767 avgMGps=442.4 elapsed=56m1s252ms
Sep 29 01:42:29 nimbus-eth1-mainnet-short-benchmark[3147285]: INF 2026-09-29 01:42:29.161+00:00 Imported blocks                            blockNumber=20106497 slot=9311895 blocks=106496 txs=17337157 mgas=1611066 bps=31.45 tps=5034 mgps=475.7 avgBps=29.40 avgTps=4786 avgMGps=444.8 elapsed=1h21s756ms
Sep 29 01:46:37 nimbus-eth1-mainnet-short-benchmark[3147285]: INF 2026-09-29 01:46:37.301+00:00 Imported blocks                            blockNumber=20114689 slot=9320146 blocks=114688 txs=18632097 mgas=1735123 bps=33.01 tps=5218 mgps=499.9 avgBps=29.64 avgTps=4814 avgMGps=448.4 elapsed=1h4m29s
Sep 29 01:50:27 nimbus-eth1-mainnet-short-benchmark[3147285]: INF 2026-09-29 01:50:27.678+00:00 Imported blocks                            blockNumber=20122881 slot=9328409 blocks=122880 txs=19937418 mgas=1859249 bps=35.56 tps=5666 mgps=538.8 avgBps=29.97 avgTps=4862 avgMGps=453.4 elapsed=1h8m20s
Sep 29 01:54:15 nimbus-eth1-mainnet-short-benchmark[3147285]: INF 2026-09-29 01:54:15.595+00:00 Imported blocks                            blockNumber=20131073 slot=9336660 blocks=131072 txs=21214129 mgas=1983500 bps=35.94 tps=5601 mgps=545.2 avgBps=30.28 avgTps=4901 avgMGps=458.3 elapsed=1h12m8s
Sep 29 01:58:05 nimbus-eth1-mainnet-short-benchmark[3147285]: INF 2026-09-29 01:58:05.499+00:00 Imported blocks                            blockNumber=20139265 slot=9344906 blocks=139264 txs=22579079 mgas=2107571 bps=35.63 tps=5936 mgps=539.7 avgBps=30.55 avgTps=4953 avgMGps=462.4 elapsed=1h15m58s
Sep 29 02:02:39 nimbus-eth1-mainnet-short-benchmark[3147285]: INF 2026-09-29 02:02:39.099+00:00 Imported blocks                            blockNumber=20147457 slot=9353153 blocks=147456 txs=24133322 mgas=2231686 bps=29.94 tps=5680 mgps=453.6 avgBps=30.52 avgTps=4994 avgMGps=461.9 elapsed=1h20m31s
Sep 29 02:07:02 nimbus-eth1-mainnet-short-benchmark[3147285]: INF 2026-09-29 02:07:02.616+00:00 Imported blocks                            blockNumber=20155649 slot=9361407 blocks=155648 txs=25424015 mgas=2356018 bps=31.09 tps=4897 mgps=471.8 avgBps=30.55 avgTps=4989 avgMGps=462.4 elapsed=1h24m55s
Sep 29 02:11:05 nimbus-eth1-mainnet-short-benchmark[3147285]: INF 2026-09-29 02:11:05.204+00:00 Imported blocks                            blockNumber=20163841 slot=9369652 blocks=163840 txs=26749549 mgas=2480207 bps=33.77 tps=5464 mgps=511.9 avgBps=30.69 avgTps=5011 avgMGps=464.6 elapsed=1h28m57s
Sep 29 02:15:01 nimbus-eth1-mainnet-short-benchmark[3147285]: INF 2026-09-29 02:15:01.177+00:00 Imported blocks                            blockNumber=20172033 slot=9377892 blocks=172032 txs=28105316 mgas=2604026 bps=34.72 tps=5745 mgps=524.7 avgBps=30.86 avgTps=5042 avgMGps=467.2 elapsed=1h32m53s
Sep 29 02:19:02 nimbus-eth1-mainnet-short-benchmark[3147285]: INF 2026-09-29 02:19:02.849+00:00 Imported blocks                            blockNumber=20180225 slot=9386128 blocks=180224 txs=29524405 mgas=2728170 bps=33.90 tps=5871 mgps=513.7 avgBps=30.99 avgTps=5076 avgMGps=469.1 elapsed=1h36m55s
Sep 29 02:22:45 nimbus-eth1-mainnet-short-benchmark[3147285]: INF 2026-09-29 02:22:45.146+00:00 Imported blocks                            blockNumber=20188417 slot=9394365 blocks=188416 txs=30849021 mgas=2852023 bps=36.85 tps=5958 mgps=557.2 avgBps=31.21 avgTps=5109 avgMGps=472.4 elapsed=1h40m37s
Sep 29 02:26:53 nimbus-eth1-mainnet-short-benchmark[3147285]: INF 2026-09-29 02:26:52.999+00:00 Imported blocks                            blockNumber=20196609 slot=9402602 blocks=196608 txs=32174755 mgas=2976155 bps=33.05 tps=5348 mgps=500.8 avgBps=31.28 avgTps=5118 avgMGps=473.5 elapsed=1h44m45s
Sep 29 02:31:15 nimbus-eth1-mainnet-short-benchmark[3147285]: INF 2026-09-29 02:31:15.387+00:00 Imported blocks                            blockNumber=20204801 slot=9410840 blocks=204800 txs=33475942 mgas=3100410 bps=31.22 tps=4959 mgps=473.6 avgBps=31.28 avgTps=5112 avgMGps=473.5 elapsed=1h49m7s
Sep 29 02:35:17 nimbus-eth1-mainnet-short-benchmark[3147285]: INF 2026-09-29 02:35:17.236+00:00 Imported blocks                            blockNumber=20212993 slot=9419071 blocks=212992 txs=34798508 mgas=3224370 bps=33.87 tps=5468 mgps=512.5 avgBps=31.37 avgTps=5125 avgMGps=474.9 elapsed=1h53m9s
Sep 29 02:39:13 nimbus-eth1-mainnet-short-benchmark[3147285]: INF 2026-09-29 02:39:13.688+00:00 Imported blocks                            blockNumber=20221185 slot=9427313 blocks=221184 txs=36114045 mgas=3348169 bps=34.65 tps=5563 mgps=523.6 avgBps=31.48 avgTps=5139 avgMGps=476.5 elapsed=1h57m6s
Sep 29 02:42:49 nimbus-eth1-mainnet-short-benchmark[3147285]: INF 2026-09-29 02:42:49.661+00:00 Imported blocks                            blockNumber=20229377 slot=9435549 blocks=229376 txs=37421794 mgas=3472031 bps=37.93 tps=6055 mgps=573.5 avgBps=31.67 avgTps=5167 avgMGps=479.4 elapsed=2h42s253ms
Sep 29 02:46:37 nimbus-eth1-mainnet-short-benchmark[3147285]: INF 2026-09-29 02:46:37.562+00:00 Imported blocks                            blockNumber=20237569 slot=9443788 blocks=237568 txs=38842064 mgas=3596351 bps=35.95 tps=6231 mgps=545.5 avgBps=31.80 avgTps=5199 avgMGps=481.4 elapsed=2h4m30s
Sep 29 02:50:42 nimbus-eth1-mainnet-short-benchmark[3147285]: INF 2026-09-29 02:50:42.066+00:00 Imported blocks                            blockNumber=20245761 slot=9452021 blocks=245760 txs=40225739 mgas=3720100 bps=33.50 tps=5659 mgps=506.1 avgBps=31.86 avgTps=5214 avgMGps=482.2 elapsed=2h8m34s
Sep 29 02:55:01 nimbus-eth1-mainnet-short-benchmark[3147285]: INF 2026-09-29 02:55:01.587+00:00 Imported blocks                            blockNumber=20253953 slot=9460253 blocks=253952 txs=41454921 mgas=3844385 bps=31.57 tps=4736 mgps=478.9 avgBps=31.85 avgTps=5198 avgMGps=482.1 elapsed=2h12m54s
Sep 29 02:59:08 nimbus-eth1-mainnet-short-benchmark[3147285]: INF 2026-09-29 02:59:08.491+00:00 Imported blocks                            blockNumber=20262145 slot=9468495 blocks=262144 txs=42726051 mgas=3968623 bps=33.18 tps=5148 mgps=503.2 avgBps=31.89 avgTps=5197 avgMGps=482.7 elapsed=2h17m1s
Sep 29 03:03:00 nimbus-eth1-mainnet-short-benchmark[3147285]: INF 2026-09-29 03:03:00.972+00:00 Imported blocks                            blockNumber=20270337 slot=9476748 blocks=270336 txs=44050436 mgas=4092682 bps=35.24 tps=5696 mgps=533.6 avgBps=31.98 avgTps=5210 avgMGps=484.1 elapsed=2h20m53s
Sep 29 03:06:38 nimbus-eth1-mainnet-short-benchmark[3147285]: INF 2026-09-29 03:06:38.305+00:00 Imported blocks                            blockNumber=20278529 slot=9484981 blocks=278528 txs=45382368 mgas=4216487 bps=37.69 tps=6128 mgps=569.7 avgBps=32.12 avgTps=5233 avgMGps=486.3 elapsed=2h24m30s
Sep 29 03:10:19 nimbus-eth1-mainnet-short-benchmark[3147285]: INF 2026-09-29 03:10:19.978+00:00 Imported blocks                            blockNumber=20286721 slot=9493213 blocks=286720 txs=46733429 mgas=4340363 bps=36.96 tps=6094 mgps=558.8 avgBps=32.24 avgTps=5255 avgMGps=488.1 elapsed=2h28m12s
Sep 29 03:14:23 nimbus-eth1-mainnet-short-benchmark[3147285]: INF 2026-09-29 03:14:23.722+00:00 Imported blocks                            blockNumber=20294913 slot=9501453 blocks=294912 txs=48075887 mgas=4464376 bps=33.61 tps=5507 mgps=508.8 avgBps=32.28 avgTps=5262 avgMGps=488.6 elapsed=2h32m16s
Sep 29 03:18:22 nimbus-eth1-mainnet-short-benchmark[3147285]: INF 2026-09-29 03:18:22.095+00:00 Imported blocks                            blockNumber=20303105 slot=9509696 blocks=303104 txs=49379538 mgas=4588534 bps=34.37 tps=5469 mgps=520.9 avgBps=32.33 avgTps=5267 avgMGps=489.5 elapsed=2h36m14s
Sep 29 03:22:13 nimbus-eth1-mainnet-short-benchmark[3147285]: INF 2026-09-29 03:22:13.488+00:00 Imported blocks                            blockNumber=20311297 slot=9517922 blocks=311296 txs=50637672 mgas=4712596 bps=35.40 tps=5437 mgps=536.1 avgBps=32.41 avgTps=5271 avgMGps=490.6 elapsed=2h40m6s
Sep 29 03:25:54 nimbus-eth1-mainnet-short-benchmark[3147285]: INF 2026-09-29 03:25:54.084+00:00 Imported blocks                            blockNumber=20319489 slot=9526159 blocks=319488 txs=51981692 mgas=4836521 bps=37.14 tps=6092 mgps=561.8 avgBps=32.51 avgTps=5289 avgMGps=492.2 elapsed=2h43m46s
Sep 29 03:29:16 nimbus-eth1-mainnet-short-benchmark[3147285]: INF 2026-09-29 03:29:16.706+00:00 Imported blocks                            blockNumber=20327681 slot=9534381 blocks=327680 txs=53356123 mgas=4960245 bps=40.43 tps=6783 mgps=610.6 avgBps=32.67 avgTps=5320 avgMGps=494.6 elapsed=2h47m9s
Sep 29 03:32:41 nimbus-eth1-mainnet-short-benchmark[3147285]: INF 2026-09-29 03:32:41.527+00:00 Imported blocks                            blockNumber=20335873 slot=9542617 blocks=335872 txs=54719105 mgas=5084025 bps=40.00 tps=6654 mgps=604.3 avgBps=32.82 avgTps=5346 avgMGps=496.8 elapsed=2h50m34s
Sep 29 03:36:24 nimbus-eth1-mainnet-short-benchmark[3147285]: INF 2026-09-29 03:36:24.967+00:00 Imported blocks                            blockNumber=20344065 slot=9550841 blocks=344064 txs=56021853 mgas=5207843 bps=36.66 tps=5830 mgps=554.2 avgBps=32.90 avgTps=5357 avgMGps=498.0 elapsed=2h54m17s
Sep 29 03:40:39 nimbus-eth1-mainnet-short-benchmark[3147285]: INF 2026-09-29 03:40:39.804+00:00 Imported blocks                            blockNumber=20352257 slot=9559072 blocks=352256 txs=57290408 mgas=5332016 bps=32.15 tps=4977 mgps=487.3 avgBps=32.88 avgTps=5348 avgMGps=497.7 elapsed=2h58m32s
Sep 29 03:44:32 nimbus-eth1-mainnet-short-benchmark[3147285]: INF 2026-09-29 03:44:32.872+00:00 Imported blocks                            blockNumber=20360449 slot=9567308 blocks=360448 txs=58543463 mgas=5456201 bps=35.15 tps=5376 mgps=532.8 avgBps=32.93 avgTps=5348 avgMGps=498.5 elapsed=3h2m25s
Sep 29 03:48:15 nimbus-eth1-mainnet-short-benchmark[3147285]: INF 2026-09-29 03:48:15.053+00:00 Imported blocks                            blockNumber=20368641 slot=9575548 blocks=368640 txs=59874056 mgas=5580204 bps=36.87 tps=5988 mgps=558.1 avgBps=33.01 avgTps=5361 avgMGps=499.7 elapsed=3h6m7s
Sep 29 03:52:07 nimbus-eth1-mainnet-short-benchmark[3147285]: INF 2026-09-29 03:52:07.262+00:00 Imported blocks                            blockNumber=20376833 slot=9583774 blocks=376832 txs=61167066 mgas=5704396 bps=35.28 tps=5568 mgps=534.8 avgBps=33.06 avgTps=5365 avgMGps=500.4 elapsed=3h9m59s
Sep 29 03:55:54 nimbus-eth1-mainnet-short-benchmark[3147285]: INF 2026-09-29 03:55:54.015+00:00 Imported blocks                            blockNumber=20385025 slot=9592009 blocks=385024 txs=62480333 mgas=5828235 bps=36.13 tps=5791 mgps=546.1 avgBps=33.12 avgTps=5373 avgMGps=501.3 elapsed=3h13m46s
Sep 29 03:59:41 nimbus-eth1-mainnet-short-benchmark[3147285]: INF 2026-09-29 03:59:41.792+00:00 Imported blocks                            blockNumber=20393217 slot=9600248 blocks=393216 txs=63800597 mgas=5952136 bps=35.97 tps=5796 mgps=544.0 avgBps=33.17 avgTps=5382 avgMGps=502.1 elapsed=3h17m34s
Sep 29 04:03:21 nimbus-eth1-mainnet-short-benchmark[3147285]: INF 2026-09-29 04:03:21.104+00:00 Imported blocks                            blockNumber=20401409 slot=9608486 blocks=401408 txs=65021243 mgas=6076384 bps=37.35 tps=5565 mgps=566.5 avgBps=33.25 avgTps=5385 avgMGps=503.3 elapsed=3h21m13s
Sep 29 04:07:14 nimbus-eth1-mainnet-short-benchmark[3147285]: INF 2026-09-29 04:07:14.669+00:00 Imported blocks                            blockNumber=20409601 slot=9616707 blocks=409600 txs=66199016 mgas=6200666 bps=35.07 tps=5042 mgps=532.1 avgBps=33.28 avgTps=5378 avgMGps=503.8 elapsed=3h25m7s
Sep 29 04:11:00 nimbus-eth1-mainnet-short-benchmark[3147285]: INF 2026-09-29 04:11:00.882+00:00 Imported blocks                            blockNumber=20417793 slot=9624941 blocks=417792 txs=67453930 mgas=6324823 bps=36.21 tps=5547 mgps=548.9 avgBps=33.33 avgTps=5381 avgMGps=504.6 elapsed=3h28m53s
Sep 29 04:14:21 nimbus-eth1-mainnet-short-benchmark[3147285]: INF 2026-09-29 04:14:21.919+00:00 Imported blocks                            blockNumber=20425985 slot=9633187 blocks=425984 txs=68814904 mgas=6448778 bps=40.75 tps=6769 mgps=616.6 avgBps=33.45 avgTps=5403 avgMGps=506.4 elapsed=3h32m14s
Sep 29 04:17:42 nimbus-eth1-mainnet-short-benchmark[3147285]: INF 2026-09-29 04:17:42.192+00:00 Imported blocks                            blockNumber=20434177 slot=9641422 blocks=434176 txs=70124508 mgas=6572711 bps=40.90 tps=6538 mgps=618.8 avgBps=33.57 avgTps=5421 avgMGps=508.1 elapsed=3h35m34s
Sep 29 04:21:11 nimbus-eth1-mainnet-short-benchmark[3147285]: INF 2026-09-29 04:21:11.813+00:00 Imported blocks                            blockNumber=20442369 slot=9649657 blocks=442368 txs=71403576 mgas=6696451 bps=39.08 tps=6101 mgps=590.3 avgBps=33.65 avgTps=5432 avgMGps=509.5 elapsed=3h39m4s
Sep 29 04:24:59 nimbus-eth1-mainnet-short-benchmark[3147285]: INF 2026-09-29 04:24:59.742+00:00 Imported blocks                            blockNumber=20450561 slot=9657896 blocks=450560 txs=72659905 mgas=6820521 bps=35.94 tps=5511 mgps=544.3 avgBps=33.69 avgTps=5433 avgMGps=510.0 elapsed=3h42m52s
Sep 29 04:29:10 nimbus-eth1-mainnet-short-benchmark[3147285]: INF 2026-09-29 04:29:10.590+00:00 Imported blocks                            blockNumber=20458753 slot=9666114 blocks=458752 txs=73838533 mgas=6945116 bps=32.66 tps=4698 mgps=496.7 avgBps=33.67 avgTps=5420 avgMGps=509.8 elapsed=3h47m3s
Sep 29 04:32:58 nimbus-eth1-mainnet-short-benchmark[3147285]: INF 2026-09-29 04:32:58.675+00:00 Imported blocks                            blockNumber=20466945 slot=9674343 blocks=466944 txs=75124748 mgas=7068943 bps=35.92 tps=5639 mgps=542.9 avgBps=33.71 avgTps=5423 avgMGps=510.3 elapsed=3h50m51s
Sep 29 04:36:43 nimbus-eth1-mainnet-short-benchmark[3147285]: INF 2026-09-29 04:36:43.800+00:00 Imported blocks                            blockNumber=20475137 slot=9682575 blocks=475136 txs=76420106 mgas=7192870 bps=36.39 tps=5753 mgps=550.5 avgBps=33.75 avgTps=5428 avgMGps=511.0 elapsed=3h54m36s
Sep 29 04:40:20 nimbus-eth1-mainnet-short-benchmark[3147285]: INF 2026-09-29 04:40:20.561+00:00 Imported blocks                            blockNumber=20483329 slot=9690800 blocks=483328 txs=77675422 mgas=7316939 bps=37.79 tps=5791 mgps=572.4 avgBps=33.82 avgTps=5434 avgMGps=511.9 elapsed=3h58m13s
Sep 29 04:43:53 nimbus-eth1-mainnet-short-benchmark[3147285]: INF 2026-09-29 04:43:53.714+00:00 Imported blocks                            blockNumber=20491521 slot=9699019 blocks=491520 txs=78951232 mgas=7440784 bps=38.43 tps=5985 mgps=581.0 avgBps=33.88 avgTps=5442 avgMGps=512.9 elapsed=4h1m46s
Sep 29 04:47:41 nimbus-eth1-mainnet-short-benchmark[3147285]: INF 2026-09-29 04:47:41.843+00:00 Imported blocks                            blockNumber=20499713 slot=9707248 blocks=499712 txs=80189642 mgas=7564669 bps=35.91 tps=5428 mgps=543.0 avgBps=33.91 avgTps=5442 avgMGps=513.4 elapsed=4h5m34s
Sep 29 04:51:33 nimbus-eth1-mainnet-short-benchmark[3147285]: INF 2026-09-29 04:51:33.623+00:00 Imported blocks                            blockNumber=20507905 slot=9715488 blocks=507904 txs=81317763 mgas=7689208 bps=35.34 tps=4867 mgps=537.3 avgBps=33.94 avgTps=5433 avgMGps=513.8 elapsed=4h9m26s
Sep 29 04:54:59 nimbus-eth1-mainnet-short-benchmark[3147285]: INF 2026-09-29 04:54:59.876+00:00 Imported blocks                            blockNumber=20516097 slot=9723715 blocks=516096 txs=82520262 mgas=7813209 bps=39.72 tps=5830 mgps=601.2 avgBps=34.02 avgTps=5438 avgMGps=515.0 elapsed=4h12m52s
Sep 29 04:58:39 nimbus-eth1-mainnet-short-benchmark[3147285]: INF 2026-09-29 04:58:39.013+00:00 Imported blocks                            blockNumber=20524289 slot=9731945 blocks=524288 txs=83780075 mgas=7937233 bps=37.38 tps=5748 mgps=566.0 avgBps=34.06 avgTps=5443 avgMGps=515.7 elapsed=4h16m31s
Sep 29 05:02:24 nimbus-eth1-mainnet-short-benchmark[3147285]: INF 2026-09-29 05:02:24.166+00:00 Imported blocks                            blockNumber=20532481 slot=9740183 blocks=532480 txs=85263862 mgas=8061024 bps=36.38 tps=6590 mgps=549.8 avgBps=34.10 avgTps=5459 avgMGps=516.2 elapsed=4h20m16s
Sep 29 05:06:12 nimbus-eth1-mainnet-short-benchmark[3147285]: INF 2026-09-29 05:06:12.715+00:00 Imported blocks                            blockNumber=20540673 slot=9748418 blocks=540672 txs=86612143 mgas=8185090 bps=35.84 tps=5899 mgps=542.8 avgBps=34.12 avgTps=5466 avgMGps=516.6 elapsed=4h24m5s
Sep 29 05:10:09 nimbus-eth1-mainnet-short-benchmark[3147285]: INF 2026-09-29 05:10:09.308+00:00 Imported blocks                            blockNumber=20548865 slot=9756662 blocks=548864 txs=87802991 mgas=8309513 bps=34.63 tps=5033 mgps=525.9 avgBps=34.13 avgTps=5459 avgMGps=516.7 elapsed=4h28m1s
Sep 29 05:14:00 nimbus-eth1-mainnet-short-benchmark[3147285]: INF 2026-09-29 05:14:00.932+00:00 Imported blocks                            blockNumber=20557057 slot=9764892 blocks=557056 txs=88964987 mgas=8433956 bps=35.37 tps=5016 mgps=537.2 avgBps=34.15 avgTps=5453 avgMGps=517.0 elapsed=4h31m53s
Sep 29 05:17:41 nimbus-eth1-mainnet-short-benchmark[3147285]: INF 2026-09-29 05:17:41.029+00:00 Imported blocks                            blockNumber=20565249 slot=9773131 blocks=565248 txs=90186094 mgas=8558113 bps=37.22 tps=5548 mgps=564.1 avgBps=34.19 avgTps=5454 avgMGps=517.6 elapsed=4h35m33s
Sep 29 05:21:21 nimbus-eth1-mainnet-short-benchmark[3147285]: INF 2026-09-29 05:21:21.818+00:00 Imported blocks                            blockNumber=20573441 slot=9781369 blocks=573440 txs=91404654 mgas=8682228 bps=37.10 tps=5519 mgps=562.2 avgBps=34.23 avgTps=5455 avgMGps=518.2 elapsed=4h39m14s
Sep 29 05:24:59 nimbus-eth1-mainnet-short-benchmark[3147285]: INF 2026-09-29 05:24:59.931+00:00 Imported blocks                            blockNumber=20581633 slot=9789611 blocks=581632 txs=92628389 mgas=8806651 bps=37.56 tps=5610 mgps=570.5 avgBps=34.27 avgTps=5457 avgMGps=518.9 elapsed=4h42m52s
Sep 29 05:28:46 nimbus-eth1-mainnet-short-benchmark[3147285]: INF 2026-09-29 05:28:46.100+00:00 Imported blocks                            blockNumber=20589825 slot=9797855 blocks=589824 txs=93887208 mgas=8931023 bps=36.22 tps=5565 mgps=549.9 avgBps=34.29 avgTps=5458 avgMGps=519.3 elapsed=4h46m38s
Sep 29 05:32:37 nimbus-eth1-mainnet-short-benchmark[3147285]: INF 2026-09-29 05:32:37.240+00:00 Imported blocks                            blockNumber=20598017 slot=9806095 blocks=598016 txs=95163338 mgas=9055310 bps=35.44 tps=5520 mgps=537.7 avgBps=34.31 avgTps=5459 avgMGps=519.5 elapsed=4h50m29s
Sep 29 05:36:28 nimbus-eth1-mainnet-short-benchmark[3147285]: INF 2026-09-29 05:36:28.257+00:00 Imported blocks                            blockNumber=20606209 slot=9814347 blocks=606208 txs=96334664 mgas=9179976 bps=35.46 tps=5070 mgps=539.6 avgBps=34.32 avgTps=5454 avgMGps=519.8 elapsed=4h54m20s
Sep 29 05:40:10 nimbus-eth1-mainnet-short-benchmark[3147285]: INF 2026-09-29 05:40:10.618+00:00 Imported blocks                            blockNumber=20614401 slot=9822581 blocks=614400 txs=97573414 mgas=9304574 bps=36.84 tps=5570 mgps=560.3 avgBps=34.36 avgTps=5456 avgMGps=520.3 elapsed=4h58m3s
Sep 29 05:43:52 nimbus-eth1-mainnet-short-benchmark[3147285]: INF 2026-09-29 05:43:52.115+00:00 Imported blocks                            blockNumber=20622593 slot=9830821 blocks=622592 txs=98874772 mgas=9428835 bps=36.98 tps=5875 mgps=561.0 avgBps=34.39 avgTps=5461 avgMGps=520.8 elapsed=5h1m44s
Sep 29 05:47:29 nimbus-eth1-mainnet-short-benchmark[3147285]: INF 2026-09-29 05:47:29.516+00:00 Imported blocks                            blockNumber=20630785 slot=9839058 blocks=630784 txs=100178707 mgas=9553009 bps=37.68 tps=5997 mgps=571.2 avgBps=34.43 avgTps=5467 avgMGps=521.4 elapsed=5h5m22s
Sep 29 05:51:16 nimbus-eth1-mainnet-short-benchmark[3147285]: INF 2026-09-29 05:51:16.549+00:00 Imported blocks                            blockNumber=20638977 slot=9847313 blocks=638976 txs=101489116 mgas=9677171 bps=36.08 tps=5771 mgps=546.9 avgBps=34.45 avgTps=5471 avgMGps=521.7 elapsed=5h9m9s
Sep 29 05:55:00 nimbus-eth1-mainnet-short-benchmark[3147285]: INF 2026-09-29 05:55:00.777+00:00 Imported blocks                            blockNumber=20647169 slot=9855549 blocks=647168 txs=102730058 mgas=9801643 bps=36.53 tps=5534 mgps=555.1 avgBps=34.47 avgTps=5472 avgMGps=522.1 elapsed=5h12m53s
Sep 29 05:58:59 nimbus-eth1-mainnet-short-benchmark[3147285]: INF 2026-09-29 05:58:59.522+00:00 Imported blocks                            blockNumber=20655361 slot=9863778 blocks=655360 txs=103868002 mgas=9926541 bps=34.31 tps=4766 mgps=523.1 avgBps=34.47 avgTps=5463 avgMGps=522.1 elapsed=5h16m52s
Sep 29 06:02:38 nimbus-eth1-mainnet-short-benchmark[3147285]: INF 2026-09-29 06:02:38.179+00:00 Imported blocks                            blockNumber=20663553 slot=9872013 blocks=663552 txs=105112198 mgas=10051274 bps=37.47 tps=5690 mgps=570.5 avgBps=34.50 avgTps=5465 avgMGps=522.7 elapsed=5h20m30s
Sep 29 06:06:06 nimbus-eth1-mainnet-short-benchmark[3147285]: INF 2026-09-29 06:06:06.504+00:00 Imported blocks                            blockNumber=20671745 slot=9880241 blocks=671744 txs=106395904 mgas=10175177 bps=39.32 tps=6162 mgps=594.8 avgBps=34.56 avgTps=5473 avgMGps=523.4 elapsed=5h23m59s
Sep 29 06:09:39 nimbus-eth1-mainnet-short-benchmark[3147285]: INF 2026-09-29 06:09:39.797+00:00 Imported blocks                            blockNumber=20679937 slot=9888471 blocks=679936 txs=107674271 mgas=10299404 bps=38.41 tps=5993 mgps=582.4 avgBps=34.60 avgTps=5478 avgMGps=524.1 elapsed=5h27m32s
Sep 29 06:13:03 nimbus-eth1-mainnet-short-benchmark[3147285]: INF 2026-09-29 06:13:03.778+00:00 Imported blocks                            blockNumber=20688129 slot=9896698 blocks=688128 txs=108938536 mgas=10423298 bps=40.16 tps=6197 mgps=607.4 avgBps=34.66 avgTps=5486 avgMGps=524.9 elapsed=5h30m56s
Sep 29 06:16:39 nimbus-eth1-mainnet-short-benchmark[3147285]: INF 2026-09-29 06:16:39.351+00:00 Imported blocks                            blockNumber=20696321 slot=9904930 blocks=696320 txs=110235786 mgas=10547469 bps=38.00 tps=6017 mgps=576.0 avgBps=34.69 avgTps=5492 avgMGps=525.5 elapsed=5h34m31s
Sep 29 06:20:33 nimbus-eth1-mainnet-short-benchmark[3147285]: INF 2026-09-29 06:20:33.724+00:00 Imported blocks                            blockNumber=20704513 slot=9913154 blocks=704512 txs=111483759 mgas=10671677 bps=34.95 tps=5324 mgps=530.0 avgBps=34.69 avgTps=5490 avgMGps=525.5 elapsed=5h38m26s
Sep 29 06:24:14 nimbus-eth1-mainnet-short-benchmark[3147285]: INF 2026-09-29 06:24:14.428+00:00 Imported blocks                            blockNumber=20712705 slot=9921388 blocks=712704 txs=112764170 mgas=10795980 bps=37.12 tps=5801 mgps=563.2 avgBps=34.72 avgTps=5493 avgMGps=525.9 elapsed=5h42m7s
Sep 29 06:27:40 nimbus-eth1-mainnet-short-benchmark[3147285]: INF 2026-09-29 06:27:40.210+00:00 Imported blocks                            blockNumber=20720897 slot=9929633 blocks=720896 txs=114110517 mgas=10919926 bps=39.81 tps=6542 mgps=602.3 avgBps=34.77 avgTps=5503 avgMGps=526.7 elapsed=5h45m32s
Sep 29 06:31:12 nimbus-eth1-mainnet-short-benchmark[3147285]: INF 2026-09-29 06:31:12.370+00:00 Imported blocks                            blockNumber=20729089 slot=9937869 blocks=729088 txs=115449431 mgas=11043768 bps=38.61 tps=6310 mgps=583.7 avgBps=34.81 avgTps=5512 avgMGps=527.3 elapsed=5h49m4s
Sep 29 06:34:36 nimbus-eth1-mainnet-short-benchmark[3147285]: INF 2026-09-29 06:34:36.832+00:00 Imported blocks                            blockNumber=20737281 slot=9946108 blocks=737280 txs=116784468 mgas=11167784 bps=40.07 tps=6529 mgps=606.5 avgBps=34.86 avgTps=5521 avgMGps=528.0 elapsed=5h52m29s
Sep 29 06:38:12 nimbus-eth1-mainnet-short-benchmark[3147285]: INF 2026-09-29 06:38:12.797+00:00 Imported blocks                            blockNumber=20745473 slot=9954342 blocks=745472 txs=118101003 mgas=11291742 bps=37.93 tps=6095 mgps=574.0 avgBps=34.89 avgTps=5527 avgMGps=528.5 elapsed=5h56m5s
Sep 29 06:42:05 nimbus-eth1-mainnet-short-benchmark[3147285]: INF 2026-09-29 06:42:05.409+00:00 Imported blocks                            blockNumber=20753665 slot=9962581 blocks=753664 txs=119337525 mgas=11415859 bps=35.22 tps=5315 mgps=533.6 avgBps=34.90 avgTps=5525 avgMGps=528.6 elapsed=5h59m58s
Sep 29 06:45:43 nimbus-eth1-mainnet-short-benchmark[3147285]: INF 2026-09-29 06:45:43.846+00:00 Imported blocks                            blockNumber=20761857 slot=9970803 blocks=761856 txs=120564314 mgas=11540225 bps=37.50 tps=5616 mgps=569.3 avgBps=34.92 avgTps=5526 avgMGps=529.0 elapsed=6h3m36s
Sep 29 06:49:10 nimbus-eth1-mainnet-short-benchmark[3147285]: INF 2026-09-29 06:49:10.135+00:00 Imported blocks                            blockNumber=20770049 slot=9979058 blocks=770048 txs=121858083 mgas=11663918 bps=39.71 tps=6271 mgps=599.6 avgBps=34.97 avgTps=5533 avgMGps=529.6 elapsed=6h7m2s
Sep 29 06:52:27 nimbus-eth1-mainnet-short-benchmark[3147285]: INF 2026-09-29 06:52:27.944+00:00 Imported blocks                            blockNumber=20778241 slot=9987307 blocks=778240 txs=123161734 mgas=11787906 bps=41.41 tps=6590 mgps=626.8 avgBps=35.02 avgTps=5542 avgMGps=530.5 elapsed=6h10m20s
Sep 29 06:55:39 nimbus-eth1-mainnet-short-benchmark[3147285]: INF 2026-09-29 06:55:39.270+00:00 Imported blocks                            blockNumber=20786433 slot=9995542 blocks=786432 txs=124509456 mgas=11911612 bps=42.82 tps=7044 mgps=646.6 avgBps=35.09 avgTps=5555 avgMGps=531.5 elapsed=6h13m31s
Sep 29 06:58:56 nimbus-eth1-mainnet-short-benchmark[3147285]: INF 2026-09-29 06:58:56.855+00:00 Imported blocks                            blockNumber=20794625 slot=10003781 blocks=794624 txs=125848921 mgas=12035338 bps=41.46 tps=6779 mgps=626.2 avgBps=35.15 avgTps=5566 avgMGps=532.3 elapsed=6h16m49s
Sep 29 07:02:20 nimbus-eth1-mainnet-short-benchmark[3147285]: INF 2026-09-29 07:02:20.052+00:00 Imported blocks                            blockNumber=20802817 slot=10012028 blocks=802816 txs=127089868 mgas=12158989 bps=40.32 tps=6107 mgps=608.5 avgBps=35.19 avgTps=5571 avgMGps=533.0 elapsed=6h20m12s
Sep 29 07:05:51 nimbus-eth1-mainnet-short-benchmark[3147285]: INF 2026-09-29 07:05:51.305+00:00 Imported blocks                            blockNumber=20811009 slot=10020249 blocks=811008 txs=128299762 mgas=12282850 bps=38.78 tps=5727 mgps=586.3 avgBps=35.22 avgTps=5572 avgMGps=533.5 elapsed=6h23m43s
Sep 29 07:09:09 nimbus-eth1-mainnet-short-benchmark[3147285]: INF 2026-09-29 07:09:09.278+00:00 Imported blocks                            blockNumber=20819201 slot=10028481 blocks=819200 txs=129596319 mgas=12406594 bps=41.38 tps=6549 mgps=625.1 avgBps=35.28 avgTps=5580 avgMGps=534.3 elapsed=6h27m1s
Sep 29 07:12:24 nimbus-eth1-mainnet-short-benchmark[3147285]: INF 2026-09-29 07:12:24.975+00:00 Imported blocks                            blockNumber=20827393 slot=10036710 blocks=827392 txs=130916729 mgas=12530249 bps=41.86 tps=6747 mgps=631.9 avgBps=35.33 avgTps=5590 avgMGps=535.1 elapsed=6h30m17s
Sep 29 07:15:42 nimbus-eth1-mainnet-short-benchmark[3147285]: INF 2026-09-29 07:15:42.229+00:00 Imported blocks                            blockNumber=20835585 slot=10044938 blocks=835584 txs=132226625 mgas=12654070 bps=41.53 tps=6640 mgps=627.7 avgBps=35.38 avgTps=5599 avgMGps=535.9 elapsed=6h33m34s
Sep 29 07:19:10 nimbus-eth1-mainnet-short-benchmark[3147285]: INF 2026-09-29 07:19:10.330+00:00 Imported blocks                            blockNumber=20843777 slot=10053164 blocks=843776 txs=133604192 mgas=12777730 bps=39.37 tps=6619 mgps=594.2 avgBps=35.42 avgTps=5608 avgMGps=536.4 elapsed=6h37m2s
Sep 29 07:23:07 nimbus-eth1-mainnet-short-benchmark[3147285]: INF 2026-09-29 07:23:07.854+00:00 Imported blocks                            blockNumber=20851969 slot=10061391 blocks=851968 txs=134900706 mgas=12901664 bps=34.49 tps=5458 mgps=521.8 avgBps=35.41 avgTps=5606 avgMGps=536.2 elapsed=6h41m446ms
Sep 29 07:26:53 nimbus-eth1-mainnet-short-benchmark[3147285]: INF 2026-09-29 07:26:53.235+00:00 Imported blocks                            blockNumber=20860161 slot=10069622 blocks=860160 txs=136168750 mgas=13025603 bps=36.35 tps=5626 mgps=549.9 avgBps=35.42 avgTps=5606 avgMGps=536.3 elapsed=6h44m45s
Sep 29 07:30:35 nimbus-eth1-mainnet-short-benchmark[3147285]: INF 2026-09-29 07:30:35.088+00:00 Imported blocks                            blockNumber=20868353 slot=10077838 blocks=868352 txs=137550724 mgas=13149742 bps=36.93 tps=6229 mgps=559.6 avgBps=35.43 avgTps=5612 avgMGps=536.6 elapsed=6h48m27s
Sep 29 07:34:14 nimbus-eth1-mainnet-short-benchmark[3147285]: INF 2026-09-29 07:34:14.965+00:00 Imported blocks                            blockNumber=20876545 slot=10086066 blocks=876544 txs=138954673 mgas=13273457 bps=37.26 tps=6385 mgps=562.6 avgBps=35.45 avgTps=5619 avgMGps=536.8 elapsed=6h52m7s
Sep 29 07:37:48 nimbus-eth1-mainnet-short-benchmark[3147285]: INF 2026-09-29 07:37:48.902+00:00 Imported blocks                            blockNumber=20884737 slot=10094286 blocks=884736 txs=140256178 mgas=13397479 bps=38.29 tps=6083 mgps=579.7 avgBps=35.47 avgTps=5623 avgMGps=537.2 elapsed=6h55m41s
Sep 29 07:41:15 nimbus-eth1-mainnet-short-benchmark[3147285]: INF 2026-09-29 07:41:15.555+00:00 Imported blocks                            blockNumber=20892929 slot=10102512 blocks=892928 txs=141581868 mgas=13521575 bps=39.64 tps=6415 mgps=600.5 avgBps=35.51 avgTps=5629 avgMGps=537.7 elapsed=6h59m8s
Sep 29 07:44:42 nimbus-eth1-mainnet-short-benchmark[3147285]: INF 2026-09-29 07:44:42.840+00:00 Imported blocks                            blockNumber=20901121 slot=10110732 blocks=901120 txs=142875889 mgas=13645572 bps=39.52 tps=6242 mgps=598.2 avgBps=35.54 avgTps=5634 avgMGps=538.2 elapsed=7h2m35s
Sep 29 07:48:09 nimbus-eth1-mainnet-short-benchmark[3147285]: INF 2026-09-29 07:48:09.033+00:00 Imported blocks                            blockNumber=20909313 slot=10118953 blocks=909312 txs=144102308 mgas=13769390 bps=39.73 tps=5947 mgps=600.5 avgBps=35.57 avgTps=5637 avgMGps=538.7 elapsed=7h6m1s
Sep 29 07:51:32 nimbus-eth1-mainnet-short-benchmark[3147285]: INF 2026-09-29 07:51:32.414+00:00 Imported blocks                            blockNumber=20917505 slot=10127176 blocks=917504 txs=145406349 mgas=13893087 bps=40.28 tps=6411 mgps=608.2 avgBps=35.61 avgTps=5643 avgMGps=539.2 elapsed=7h9m25s
Sep 29 07:54:44 nimbus-eth1-mainnet-short-benchmark[3147285]: INF 2026-09-29 07:54:44.843+00:00 Imported blocks                            blockNumber=20925697 slot=10135394 blocks=925696 txs=146718394 mgas=14016820 bps=42.57 tps=6818 mgps=643.0 avgBps=35.66 avgTps=5652 avgMGps=540.0 elapsed=7h12m37s
Sep 29 07:58:12 nimbus-eth1-mainnet-short-benchmark[3147285]: INF 2026-09-29 07:58:12.056+00:00 Imported blocks                            blockNumber=20933889 slot=10143614 blocks=933888 txs=148049109 mgas=14140625 bps=39.53 tps=6421 mgps=597.5 avgBps=35.69 avgTps=5658 avgMGps=540.4 elapsed=7h16m4s
Sep 29 08:01:31 nimbus-eth1-mainnet-short-benchmark[3147285]: INF 2026-09-29 08:01:31.666+00:00 Imported blocks                            blockNumber=20942081 slot=10151840 blocks=942080 txs=149397364 mgas=14264352 bps=41.04 tps=6754 mgps=619.8 avgBps=35.73 avgTps=5666 avgMGps=541.0 elapsed=7h19m24s
Sep 29 08:04:56 nimbus-eth1-mainnet-short-benchmark[3147285]: INF 2026-09-29 08:04:56.091+00:00 Imported blocks                            blockNumber=20950273 slot=10160098 blocks=950272 txs=150765507 mgas=14388237 bps=40.07 tps=6692 mgps=606.0 avgBps=35.77 avgTps=5674 avgMGps=541.5 elapsed=7h22m48s
Sep 29 08:08:35 nimbus-eth1-mainnet-short-benchmark[3147285]: INF 2026-09-29 08:08:35.639+00:00 Imported blocks                            blockNumber=20958465 slot=10168363 blocks=958464 txs=152044771 mgas=14511987 bps=37.31 tps=5826 mgps=563.7 avgBps=35.78 avgTps=5675 avgMGps=541.7 elapsed=7h26m28s
Sep 29 08:12:05 nimbus-eth1-mainnet-short-benchmark[3147285]: INF 2026-09-29 08:12:05.852+00:00 Imported blocks                            blockNumber=20966657 slot=10176609 blocks=966656 txs=153365296 mgas=14635804 bps=38.97 tps=6281 mgps=589.0 avgBps=35.80 avgTps=5680 avgMGps=542.1 elapsed=7h29m58s
Sep 29 08:15:32 nimbus-eth1-mainnet-short-benchmark[3147285]: INF 2026-09-29 08:15:32.734+00:00 Imported blocks                            blockNumber=20974849 slot=10184849 blocks=974848 txs=154744917 mgas=14759580 bps=39.60 tps=6668 mgps=598.3 avgBps=35.83 avgTps=5688 avgMGps=542.5 elapsed=7h33m25s
Sep 29 08:19:07 nimbus-eth1-mainnet-short-benchmark[3147285]: INF 2026-09-29 08:19:07.930+00:00 Imported blocks                            blockNumber=20983041 slot=10193086 blocks=983040 txs=156055229 mgas=14883451 bps=38.07 tps=6088 mgps=575.6 avgBps=35.85 avgTps=5691 avgMGps=542.8 elapsed=7h37m524ms
Sep 29 08:22:17 nimbus-eth1-mainnet-short-benchmark[3147285]: INF 2026-09-29 08:22:17.968+00:00 Imported blocks                            blockNumber=20991233 slot=10201319 blocks=991232 txs=157563202 mgas=15007557 bps=43.11 tps=7935 mgps=653.1 avgBps=35.90 avgTps=5706 avgMGps=543.5 elapsed=7h40m10s
Sep 29 08:26:01 nimbus-eth1-mainnet-short-benchmark[3147285]: INF 2026-09-29 08:26:01.189+00:00 Imported blocks                            blockNumber=20999425 slot=10209549 blocks=999424 txs=159003277 mgas=15131383 bps=36.70 tps=6451 mgps=554.7 avgBps=35.91 avgTps=5712 avgMGps=543.6 elapsed=7h43m53s
Sep 29 08:26:17 nimbus-eth1-mainnet-short-benchmark[3147285]: INF 2026-09-29 08:26:17.256+00:00 Imported blocks                            blockNumber=21000001 slot=10210128 blocks=1000000 txs=159109486 mgas=15140191 bps=35.85 tps=6609 mgps=548.1 avgBps=35.91 avgTps=5713 avgMGps=543.6 elapsed=7h44m9s
Sep 29 08:26:17 nimbus-eth1-mainnet-short-benchmark[3147285]: NTC 2026-09-29 08:26:17.256+00:00 Import complete                            blockNumber=21000001 slot=10210128 blocks=1000000 txs=159109486 mgas=15140191
Sep 29 08:26:18 nimbus-eth1-mainnet-short-benchmark[3118149]: <<< ending startNimbusWithImport (success)
Sep 29 08:26:18 nimbus-eth1-mainnet-short-benchmark[3118149]: >>> starting moveBenchmarkingFileToRepo
Sep 29 08:26:18 nimbus-eth1-mainnet-short-benchmark[3118149]: >>> copying debug-csv generated by nimbus to benchmarks repo
Sep 29 08:26:18 nimbus-eth1-mainnet-short-benchmark[3118149]: <<< ending moveBenchmarkingFileToRepo (success)
Sep 29 08:26:18 nimbus-eth1-mainnet-short-benchmark[3118149]: >>> starting generateBuildEnvironmentLogFile
Sep 29 08:26:27 nimbus-eth1-mainnet-short-benchmark[3118149]: <<< ending generateBuildEnvironmentLogFile (success)
Sep 29 08:26:27 nimbus-eth1-mainnet-short-benchmark[3118149]: >>> starting generateSystemdServiceLogs
