=== System Information Report ===
>>> Generated on: Fri Oct  2 04:06:16 PM UTC 2026
==========================
>>> CPU Architecture: x86_64
>>> CPU Byte Order: Little Endian
>>> CPU Cores: 16
>>> CPU Model: AMD Ryzen 7 PRO 8700GE w/ Radeon 780M Graphics
>>> CPU Cache Information:
L1d Cache: 256 KiB (8 instances)
L1i Cache: 256 KiB (8 instances)
L2 Cache: 8 MiB (8 instances)
L3 Cache: 16 MiB (1 instance)
>>> RAM Size: 61Gi
>>> Hard Disk Information:
/dev/md2 : 437G total, 199G free
/dev/md1 : 989M total, 690M free
/dev/nvme0n1p1 : 256M total, 256M free
/dev/nvme1n1 : 1.9T total, 486G free
==========================
=== Nimbus-ETH1 Benchmarking Report ===
>>> Total time spent in benchmarking (nanoseconds): 27659328807069
>>> Total time spent in benchmarking (human readable format): 7 hours 40 minutes 59 seconds
>>> Start block number is 20000001
>>> End block number is 21000001
==========================
=== Comparison of last two benchmarks ===
sort: write failed: 'standard output': Broken pipe
sort: write error
sort: write failed: 'standard output': Broken pipe
sort: write error
python /data/status-im/nimbus-eth1/scripts/block-import-stats.py /data/status-im/nimbus-eth1-benchmarks/short-benchmark/20261002T002357_455a7ab2/blocks-import-benchmark.csv /data/status-im/nimbus-eth1-benchmarks/short-benchmark/20261002T081630_fa681ae5/blocks-import-benchmark.csv
blocks-import-benchmark.csv vs blocks-import-benchmark.csv
                      bps_x  bps_y     tps_x     tps_y  time_x  time_y    bpsd    tpsd   timed
block_number                                                                                  
(20000001, 20111112]  30.11  30.17  4,916.99  4,926.57  59m51s  59m52s   0.09%   0.09%  -0.08%
(20111112, 20222223]  33.79  33.81  5,525.89  5,528.78  56m44s  56m43s   0.04%   0.04%  -0.04%
(20222223, 20333334]  35.66  35.74  5,780.60  5,793.78  49m57s  49m52s   0.20%   0.20%  -0.20%
(20333334, 20444445]  37.17  37.26  5,856.66  5,871.04  51m40s  51m32s   0.26%   0.26%  -0.26%
(20444445, 20555556]  36.67  36.61  5,650.27  5,641.95  48m31s  48m35s  -0.15%  -0.15%   0.16%
(20555556, 20666667]  36.64  36.59  5,533.00  5,526.59  52m12s  52m17s  -0.14%  -0.14%   0.14%
(20666667, 20777778]  38.54  38.65  6,064.06  6,082.10   46m8s   46m0s   0.29%   0.29%  -0.29%
(20777778, 20888889]  39.74  39.89  6,375.62  6,398.41  48m17s   48m7s   0.36%   0.36%  -0.35%
(20888889, 21000001]  39.73  39.89  6,548.96  6,574.58  48m10s  47m57s   0.40%   0.40%  -0.39%

blocks: 991808, baseline: 7h41m35s, contender: 7h40m59s
Time (total): -36s, -0.13%

bpsd = blocks per sec diff (+), tpsd = txs per sec diff, timed = time to process diff (-)
+ = more is better, - = less is better
==========================
