Sep 26 20:16:17 nimbus-eth1-mainnet-short-benchmark[3663457]: >>> starting cloneOrFetchBenchmarksRepo
Sep 26 20:16:17 nimbus-eth1-mainnet-short-benchmark[3663457]: >>> Fetching latest changes for nimbus-eth1-benchmarks...
Sep 26 20:16:18 nimbus-eth1-mainnet-short-benchmark[3663507]: HEAD is now at cafbb54 chore: update short benchmark Readme
Sep 26 20:16:19 nimbus-eth1-mainnet-short-benchmark[3663457]: <<< ending cloneOrFetchBenchmarksRepo (success)
Sep 26 20:16:19 nimbus-eth1-mainnet-short-benchmark[3663457]: >>> starting cloneOrFetchNimbusRepo
Sep 26 20:16:30 nimbus-eth1-mainnet-short-benchmark[3663457]: >>> Fetching latest changes for nimbus-eth1...
Sep 26 20:16:31 nimbus-eth1-mainnet-short-benchmark[3663864]: From https://github.com/status-im/nimbus-eth1
Sep 26 20:16:31 nimbus-eth1-mainnet-short-benchmark[3663864]:    714bb5bd9..1f55f68a1  master            -> origin/master
Sep 26 20:16:31 nimbus-eth1-mainnet-short-benchmark[3663864]:    95fdeeaba..e5314763d  remove-txFrame-v1 -> origin/remove-txFrame-v1
Sep 26 20:16:31 nimbus-eth1-mainnet-short-benchmark[3663864]:    60856bc23..cf63ae486  txframe           -> origin/txframe
Sep 26 20:16:31 nimbus-eth1-mainnet-short-benchmark[3663864]:  * [new branch]          update-eest-fixtures-v21.0.0 -> origin/update-eest-fixtures-v21.0.0
Sep 26 20:16:31 nimbus-eth1-mainnet-short-benchmark[3663864]: warning: f91f77abab6d346cb066450b5b604ce91c4ea815:.gitmodules, multiple configurations found for 'submodule.vendor/nim-libplum.path'. Skipping second one!
Sep 26 20:16:31 nimbus-eth1-mainnet-short-benchmark[3663864]: warning: f91f77abab6d346cb066450b5b604ce91c4ea815:.gitmodules, multiple configurations found for 'submodule.vendor/nim-libplum.url'. Skipping second one!
Sep 26 20:16:31 nimbus-eth1-mainnet-short-benchmark[3663889]: HEAD is now at 1f55f68a1 imporved logging support at INFO level (#4857)
Sep 26 20:16:31 nimbus-eth1-mainnet-short-benchmark[3663457]: >>> Found last benchmarked commit: 714bb5bd
Sep 26 20:16:31 nimbus-eth1-mainnet-short-benchmark[3663457]: >>> Using next commit: 1f55f68a1bfdf8f847391b24fa7025a2b563b108
Sep 26 20:16:31 nimbus-eth1-mainnet-short-benchmark[3663905]: HEAD is now at 1f55f68a1 imporved logging support at INFO level (#4857)
Sep 26 20:16:31 nimbus-eth1-mainnet-short-benchmark[3663457]: >>> Current commit: 1f55f68a1
Sep 26 20:16:32 nimbus-eth1-mainnet-short-benchmark[3663457]: <<< ending cloneOrFetchNimbusRepo (success)
Sep 26 20:16:32 nimbus-eth1-mainnet-short-benchmark[3663457]: >>> starting buildBinaries
Sep 26 20:16:32 nimbus-eth1-mainnet-short-benchmark[3663457]: >>> Building binaries for commit 1f55f68a...
Sep 26 20:16:33 nimbus-eth1-mainnet-short-benchmark[3665120]: Submodule 'vendor/nim-libplum' (https://github.com/logos-storage/nim-libplum.git) registered for path 'vendor/nim-libplum'
Sep 26 20:16:33 nimbus-eth1-mainnet-short-benchmark[3665123]: Cloning into '/data/status-im/nimbus-eth1/vendor/nim-libplum'...
Sep 26 20:16:34 nimbus-eth1-mainnet-short-benchmark[3665122]: Submodule path 'vendor/nim-boringssl': checked out 'fbf9c2762241be3f004d45b9a32b7bfd6ea136a8'
Sep 26 20:16:34 nimbus-eth1-mainnet-short-benchmark[3665122]: Submodule path 'vendor/nim-chronicles': checked out '45c823b8af409f82fa35fd5e1f6a7c9a06fe3137'
Sep 26 20:16:34 nimbus-eth1-mainnet-short-benchmark[3665122]: Submodule path 'vendor/nim-faststreams': checked out '059bc2f52546ac14b583639c33372c14b1d46fa3'
Sep 26 20:16:34 nimbus-eth1-mainnet-short-benchmark[3665122]: Submodule path 'vendor/nim-json-serialization': checked out '73c37b46591cf3d6a19d39ff0ed14b2e77433778'
Sep 26 20:16:34 nimbus-eth1-mainnet-short-benchmark[3665122]: Submodule path 'vendor/nim-libp2p': checked out 'ab49dc9c09a5c9164840a27bc4da718ace945c5b'
Sep 26 20:16:34 nimbus-eth1-mainnet-short-benchmark[3665122]: Submodule path 'vendor/nim-libplum': checked out '189a4984d15f0c60780d6ea5a2ab46bbf6a350f8'
Sep 26 20:16:34 nimbus-eth1-mainnet-short-benchmark[3665452]: Submodule 'vendor/libplum' (https://github.com/paullouisageneau/libplum.git) registered for path 'vendor/nim-libplum/vendor/libplum'
Sep 26 20:16:34 nimbus-eth1-mainnet-short-benchmark[3665455]: Cloning into '/data/status-im/nimbus-eth1/vendor/nim-libplum/vendor/libplum'...
Sep 26 20:16:35 nimbus-eth1-mainnet-short-benchmark[3665454]: Submodule path 'vendor/nim-libplum/vendor/libplum': checked out '6d2b929c429bc9ea3ecccd2befd3fba60007edbc'
Sep 26 20:16:35 nimbus-eth1-mainnet-short-benchmark[3665122]: Submodule path 'vendor/nim-metrics': checked out 'b56bfb8656bd135f0be17d4da95680e86f71e8b4'
Sep 26 20:16:36 nimbus-eth1-mainnet-short-benchmark[3665122]: Submodule path 'vendor/nim-stew': checked out '58dec23d48fa5c20d271ef19799846a8445d1455'
Sep 26 20:16:36 nimbus-eth1-mainnet-short-benchmark[3665122]: Submodule path 'vendor/nim-web3': checked out 'e7b0a7146aec92e3e05df861e39786096fc17970'
Sep 26 20:16:36 nimbus-eth1-mainnet-short-benchmark[3665122]: Submodule path 'vendor/nimbus-eth2': checked out 'dc257c510c837f21db316d252176762c3b8ca768'
Sep 26 20:16:36 nimbus-eth1-mainnet-short-benchmark[3666028]: Submodule 'vendor/glamsterdam-devnets' (https://github.com/ethpandaops/glamsterdam-devnets.git) registered for path 'vendor/nimbus-eth2/vendor/glamsterdam-devnets'
Sep 26 20:16:36 nimbus-eth1-mainnet-short-benchmark[3666028]: Submodule 'vendor/nim-libplum' (https://github.com/logos-storage/nim-libplum.git) registered for path 'vendor/nimbus-eth2/vendor/nim-libplum'
Sep 26 20:16:36 nimbus-eth1-mainnet-short-benchmark[3666031]: Cloning into '/data/status-im/nimbus-eth1/vendor/nimbus-eth2/vendor/glamsterdam-devnets'...
Sep 26 20:16:39 nimbus-eth1-mainnet-short-benchmark[3666031]: Cloning into '/data/status-im/nimbus-eth1/vendor/nimbus-eth2/vendor/nim-libplum'...
Sep 26 20:16:41 nimbus-eth1-mainnet-short-benchmark[3666030]: Submodule path 'vendor/nimbus-eth2/vendor/glamsterdam-devnets': checked out 'dc86bdacdde7141ea72db25aef8818b2fcaf9736'
Sep 26 20:16:41 nimbus-eth1-mainnet-short-benchmark[3666030]: Submodule path 'vendor/nimbus-eth2/vendor/gnosis-chain-configs': checked out '2dd5746292ca298ae0695f1ee221098074574e04'
Sep 26 20:16:41 nimbus-eth1-mainnet-short-benchmark[3666030]: Submodule path 'vendor/nimbus-eth2/vendor/hoodi': checked out '210613b378a774ed93b25927d024f43a69fc5855'
Sep 26 20:16:41 nimbus-eth1-mainnet-short-benchmark[3666030]: Submodule path 'vendor/nimbus-eth2/vendor/mainnet': checked out '8cad4805e9cb5aa5e8e74d30e3f5029a7f133372'
Sep 26 20:16:41 nimbus-eth1-mainnet-short-benchmark[3666030]: Submodule path 'vendor/nimbus-eth2/vendor/nim-bearssl': checked out 'b6c9a38964a574f6bc51f69efaf8fb2fedea905e'
Sep 26 20:16:41 nimbus-eth1-mainnet-short-benchmark[3666030]: Submodule path 'vendor/nimbus-eth2/vendor/nim-boringssl': checked out 'fbf9c2762241be3f004d45b9a32b7bfd6ea136a8'
Sep 26 20:16:41 nimbus-eth1-mainnet-short-benchmark[3666210]: Submodule path 'vendor/nimbus-eth2/vendor/nim-boringssl/boringssl': checked out '88341070936d28e08f82db1326c73d67962cd043'
Sep 26 20:16:41 nimbus-eth1-mainnet-short-benchmark[3666030]: Submodule path 'vendor/nimbus-eth2/vendor/nim-chronicles': checked out '45c823b8af409f82fa35fd5e1f6a7c9a06fe3137'
Sep 26 20:16:42 nimbus-eth1-mainnet-short-benchmark[3666030]: Submodule path 'vendor/nimbus-eth2/vendor/nim-chronos': checked out '536169b4ab6b7772f57993284331b7de716b6e99'
Sep 26 20:16:42 nimbus-eth1-mainnet-short-benchmark[3666030]: Submodule path 'vendor/nimbus-eth2/vendor/nim-eth': checked out 'cde1950bd3e02bed90aad8fac424ae0ea4774e1f'
Sep 26 20:16:42 nimbus-eth1-mainnet-short-benchmark[3666030]: Submodule path 'vendor/nimbus-eth2/vendor/nim-eth2-scenarios': checked out '9c2117eb5c1b517dadcb717c36ea4faab3f1bf38'
Sep 26 20:16:42 nimbus-eth1-mainnet-short-benchmark[3666030]: Submodule path 'vendor/nimbus-eth2/vendor/nim-faststreams': checked out '059bc2f52546ac14b583639c33372c14b1d46fa3'
Sep 26 20:16:42 nimbus-eth1-mainnet-short-benchmark[3666030]: Submodule path 'vendor/nimbus-eth2/vendor/nim-json-rpc': checked out 'ac5056b98509d93cca947b6947e7db7bdbcca386'
Sep 26 20:16:42 nimbus-eth1-mainnet-short-benchmark[3666030]: Submodule path 'vendor/nimbus-eth2/vendor/nim-json-serialization': checked out '73c37b46591cf3d6a19d39ff0ed14b2e77433778'
Sep 26 20:16:43 nimbus-eth1-mainnet-short-benchmark[3666030]: Submodule path 'vendor/nimbus-eth2/vendor/nim-libp2p': checked out 'ab49dc9c09a5c9164840a27bc4da718ace945c5b'
Sep 26 20:16:43 nimbus-eth1-mainnet-short-benchmark[3666030]: Submodule path 'vendor/nimbus-eth2/vendor/nim-libplum': checked out '189a4984d15f0c60780d6ea5a2ab46bbf6a350f8'
Sep 26 20:16:43 nimbus-eth1-mainnet-short-benchmark[3666487]: Submodule 'vendor/libplum' (https://github.com/paullouisageneau/libplum.git) registered for path 'vendor/nimbus-eth2/vendor/nim-libplum/vendor/libplum'
Sep 26 20:16:43 nimbus-eth1-mainnet-short-benchmark[3666490]: Cloning into '/data/status-im/nimbus-eth1/vendor/nimbus-eth2/vendor/nim-libplum/vendor/libplum'...
Sep 26 20:16:44 nimbus-eth1-mainnet-short-benchmark[3666489]: Submodule path 'vendor/nimbus-eth2/vendor/nim-libplum/vendor/libplum': checked out '6d2b929c429bc9ea3ecccd2befd3fba60007edbc'
Sep 26 20:16:44 nimbus-eth1-mainnet-short-benchmark[3666030]: Submodule path 'vendor/nimbus-eth2/vendor/nim-lsquic': checked out 'fb293834a3f90368e1f6c57aec2360cf8d840c5a'
Sep 26 20:16:44 nimbus-eth1-mainnet-short-benchmark[3666533]: Submodule path 'vendor/nimbus-eth2/vendor/nim-lsquic/libs/lsquic': checked out '45e45292353a7e64888ea7c6aaa721ec10c25c50'
Sep 26 20:16:44 nimbus-eth1-mainnet-short-benchmark[3666548]: Submodule path 'vendor/nimbus-eth2/vendor/nim-lsquic/libs/lsquic/src/liblsquic/ls-qpack': checked out '91567706c41c0d97ab8dc576873ecd472d7869fa'
Sep 26 20:16:44 nimbus-eth1-mainnet-short-benchmark[3666548]: Submodule path 'vendor/nimbus-eth2/vendor/nim-lsquic/libs/lsquic/src/lshpack': checked out 'cf0f70dd10b352194c97448eb5d00b4aa484f531'
Sep 26 20:16:44 nimbus-eth1-mainnet-short-benchmark[3666030]: Submodule path 'vendor/nimbus-eth2/vendor/nim-metrics': checked out 'b56bfb8656bd135f0be17d4da95680e86f71e8b4'
Sep 26 20:16:44 nimbus-eth1-mainnet-short-benchmark[3666030]: Submodule path 'vendor/nimbus-eth2/vendor/nim-presto': checked out 'e07ae5ddfe6ae17e238a0cd7a366e1ee6886bec0'
Sep 26 20:16:44 nimbus-eth1-mainnet-short-benchmark[3666030]: Submodule path 'vendor/nimbus-eth2/vendor/nim-protobuf-serialization': checked out 'a671c6d497c7028ed7390b2d5a80c7b62138c586'
Sep 26 20:16:44 nimbus-eth1-mainnet-short-benchmark[3666030]: Submodule path 'vendor/nimbus-eth2/vendor/nim-secp256k1': checked out 'f44cff901dff2a24fedcf4ef9e12a6f72355d58f'
Sep 26 20:16:44 nimbus-eth1-mainnet-short-benchmark[3666710]: Submodule path 'vendor/nimbus-eth2/vendor/nim-secp256k1/vendor/secp256k1': checked out '6e2c8bc4ecdc6e71dbe7a368f360d8d453ce435d'
Sep 26 20:16:44 nimbus-eth1-mainnet-short-benchmark[3666030]: Submodule path 'vendor/nimbus-eth2/vendor/nim-snappy': checked out 'a99d113197e81bf764a3b005b0ade3f9f3758069'
Sep 26 20:16:44 nimbus-eth1-mainnet-short-benchmark[3666752]: Submodule path 'vendor/nimbus-eth2/vendor/nim-snappy/tests/snappycpp': checked out '747488a9f3d0daf9b639b6704d7188fba48af179'
Sep 26 20:16:45 nimbus-eth1-mainnet-short-benchmark[3666030]: Submodule path 'vendor/nimbus-eth2/vendor/nim-ssz-serialization': checked out '603a90c03663552b8974b309c07a7e6ab7369445'
Sep 26 20:16:45 nimbus-eth1-mainnet-short-benchmark[3666030]: Submodule path 'vendor/nimbus-eth2/vendor/nim-stew': checked out '58dec23d48fa5c20d271ef19799846a8445d1455'
Sep 26 20:16:45 nimbus-eth1-mainnet-short-benchmark[3666030]: Submodule path 'vendor/nimbus-eth2/vendor/nim-unicodedb': checked out 'b70aac15a3fdc7647997bd6cd10bccd8b2c00e54'
Sep 26 20:16:45 nimbus-eth1-mainnet-short-benchmark[3666030]: Submodule path 'vendor/nimbus-eth2/vendor/nim-web3': checked out 'e7b0a7146aec92e3e05df861e39786096fc17970'
Sep 26 20:16:45 nimbus-eth1-mainnet-short-benchmark[3666030]: Submodule path 'vendor/nimbus-eth2/vendor/nimbus-build-system': checked out 'd82132fa4b47e1721657faee4737a1f92df0c994'
Sep 26 20:16:45 nimbus-eth1-mainnet-short-benchmark[3667035]: Submodule path 'vendor/nimbus-eth2/vendor/nimbus-build-system/vendor/Nim': checked out '8e8fbf60693418dc95bb0d762fd660231d08a583'
Sep 26 20:16:45 nimbus-eth1-mainnet-short-benchmark[3666030]: Submodule path 'vendor/nimbus-eth2/vendor/sepolia': checked out 'a88075861ba0bd7f9227cf7b519aaec5b6a36156'
Sep 26 20:16:55 nimbus-eth1-mainnet-short-benchmark[3669859]: Building: Nim compiler
Sep 26 20:16:55 nimbus-eth1-mainnet-short-benchmark[3670641]: ERROR: Nim package already present in '/data/status-im/nimbus-eth1/vendor/.nimble/pkgs/nim-libplum-#head/nim-libplum.nimble-link': '/data/status-im/nimbus-eth1/vendor/nim-libplum'
Sep 26 20:16:55 nimbus-eth1-mainnet-short-benchmark[3670641]: Will not replace it with '/data/status-im/nimbus-eth1/vendor/nimbus-eth2/vendor/nim-libplum'.
Sep 26 20:16:55 nimbus-eth1-mainnet-short-benchmark[3670641]: Pick one and put the other's relative path in EXCLUDED_NIM_PACKAGES.
Sep 26 20:16:55 nimbus-eth1-mainnet-short-benchmark[3670641]: See also: https://github.com/status-im/nimbus-build-system#excluded_nim_packages
Sep 26 20:16:55 nimbus-eth1-mainnet-short-benchmark[3670454]: fatal: run_command returned non-zero status for vendor/nimbus-eth2/vendor/nim-libplum
Sep 26 20:16:55 nimbus-eth1-mainnet-short-benchmark[3670454]: .
Sep 26 20:16:55 nimbus-eth1-mainnet-short-benchmark[3669887]: fatal: run_command returned non-zero status while recursing in the nested submodules of vendor/nimbus-eth2
Sep 26 20:16:55 nimbus-eth1-mainnet-short-benchmark[3669887]: .
Sep 26 20:16:55 nimbus-eth1-mainnet-short-benchmark[3669826]: make[1]: *** [vendor/nimbus-build-system/makefiles/targets.mk:154: vendor/.nimble] Error 128
Sep 26 20:16:55 nimbus-eth1-mainnet-short-benchmark[3669826]: make[1]: *** Waiting for unfinished jobs....
Sep 26 20:19:50 nimbus-eth1-mainnet-short-benchmark[3669859]: Building custom Nimble commit: 42ef70c2102a942c46f13eb76872326edd525cec
Sep 26 20:20:01 nimbus-eth1-mainnet-short-benchmark[3669859]: Building Nimble...
Sep 26 20:20:11 nimbus-eth1-mainnet-short-benchmark[3669859]: Replacing nimble binary...
Sep 26 20:20:11 nimbus-eth1-mainnet-short-benchmark[3663983]: make: *** [vendor/nimbus-build-system/makefiles/targets.mk:113: update-common] Error 2
Sep 26 20:20:18 nimbus-eth1-mainnet-short-benchmark[3686438]: Building: build/generate_makefile
Sep 26 20:20:19 nimbus-eth1-mainnet-short-benchmark[3686303]: ROCKSDB CACHED VERSION: 11.8.1
Sep 26 20:20:19 nimbus-eth1-mainnet-short-benchmark[3686706]: RocksDb static libraries already built. Skipping build.
Sep 26 20:20:19 nimbus-eth1-mainnet-short-benchmark[3686438]: Build completed successfully: build/generate_makefile
Sep 26 20:20:19 nimbus-eth1-mainnet-short-benchmark[3686760]: Building: build/nimbus_execution_client
Sep 26 20:20:46 nimbus-eth1-mainnet-short-benchmark[3686878]: @["Unknown constants in file: ", "GAS_LIMIT_SCHEDULE", "GAS_LIMIT", "MAX_TRANSACTIONS_BYTES_PER_INCLUSION_LIST", "- EPOCH", "    GAS_LIMIT"]
Sep 26 20:22:42 nimbus-eth1-mainnet-short-benchmark[3686760]: Build completed successfully: build/nimbus_execution_client
Sep 26 20:22:42 nimbus-eth1-mainnet-short-benchmark[3663457]: >>> renaming binaries to match commit they were built from
Sep 26 20:22:42 nimbus-eth1-mainnet-short-benchmark[3663457]: >>> creating a symbolic link to the latest version
Sep 26 20:22:42 nimbus-eth1-mainnet-short-benchmark[3663457]: >>> deleting copies that are older than N days
Sep 26 20:22:42 nimbus-eth1-mainnet-short-benchmark[3663457]: <<< ending buildBinaries (success)
Sep 26 20:22:42 nimbus-eth1-mainnet-short-benchmark[3663457]: >>> starting skipOrContinueBenchmark
Sep 26 20:22:42 nimbus-eth1-mainnet-short-benchmark[3663457]: <<< ending skipOrContinueBenchmark (success)
Sep 26 20:22:42 nimbus-eth1-mainnet-short-benchmark[3663457]: >>> starting copyTemplateDatabase
Sep 26 20:22:42 nimbus-eth1-mainnet-short-benchmark[3663457]: >>> Copying template db into nimbus data directory
Sep 26 20:25:53 nimbus-eth1-mainnet-short-benchmark[3663457]: >>> Template db copied
Sep 26 20:25:53 nimbus-eth1-mainnet-short-benchmark[3663457]: >>> making nimbus the owner of the copied files
Sep 26 20:25:53 nimbus-eth1-mainnet-short-benchmark[3663457]: <<< ending copyTemplateDatabase (success)
Sep 26 20:25:53 nimbus-eth1-mainnet-short-benchmark[3663457]: >>> starting startNimbusWithImport
Sep 26 20:25:53 nimbus-eth1-mainnet-short-benchmark[3692475]: INF 2026-09-26 20:25:53.922+00:00 Launching execution client                 version=v0.4.1-1f55f68a config="(configFile: none(InputFile), dataDirFlag: some(/data/status-im/nimbus-eth1/data/shared_mainnet_0), era1DirFlag: some(/data/era1), eraDirFlag: some(/data/era), ereDirFlag: none(OutDir), keyStoreDirFlag: none(OutDir), importKey: , trustedSetupFile: none(string), extraData: Nimbus/v0.4.1-1f55f68a, gasLimit: none(uint64), maxBlobs: none(byte), network: [mainnet], logLevel: INFO, logFormat: auto, metricsEnabled: false, metricsPort: 9093, metricsAddress: 127.0.0.1, bootstrapNodes: [], elBootstrapNodes: [], bootstrapFile: , elBootstrapFile: , staticPeers: [], staticPeersFile: , reconnectMaxRetry: 0, reconnectInterval: 15, listenAddress: ::, tcpPort: 30303, udpPortFlag: none(Port), maxPeersOpt: none(int), elMaxPeersOpt: none(int), nat: (hasExtIp: false, nat: NatAny), discv5: true, netKey: random, agentString: Nimbus/v0.4.1-1f55f68a/linux-amd64/Nim-2.2.12, numThreads: 0, persistBatchSize: 4, dynamicBatchSize: false, rocksdbMaxOpenFiles: 2048, rocksdbWriteBufferSize: 67108864, rocksdbRowCacheSize: 0, rocksdbBlockCacheSize: 2147483648, rocksdbBlockCacheType: hyperclock, rdbVtxCacheSize: 536870912, rdbKeyCacheSize: 1342177280, rdbBranchCacheSize: 1312817152, rdbPrintStats: false, rewriteDatadirId: true, aristoDbMaxSnapshots: 5, debugParallel: none(bool), parallelStateRootComputationFlag: false, parallelSenderRecoveryFlag: true, optimisticStatePrefetchFlag: false, balStatePrefetchFlag: false, balStatePrefetchWorkers: 0, balParallelExecutionFlag: false, balPruning: true, eagerStateRootCheck: false, deserializeFcState: true, statelessProvider: false, statelessWitnessValidation: false, cmd: import, maxBlocks: 1000000, chunkSize: 8192, csvStats: some("/data/host-benchmarks/short/5cf465d14cdc4cbba20989a851ee5aae/blocks-import-benchmark.csv"), validation: false, fullValidation: false, storeBodies: false, storeReceipts: false, storeSlotHashes: false)"
Sep 26 20:25:53 nimbus-eth1-mainnet-short-benchmark[3692475]: WRN 2026-09-26 20:25:53.926+00:00 Data directory has insecure permissions. Correcting them. data_dir=/data/status-im/nimbus-eth1/data/shared_mainnet_0 current_permissions=0755 required_permissions=0700
Sep 26 20:25:55 nimbus-eth1-mainnet-short-benchmark[3692475]: INF 2026-09-26 20:25:55.758+00:00 Taskpool started                           numThreads=16
Sep 26 20:25:55 nimbus-eth1-mainnet-short-benchmark[3692475]: CreateIOUring failed: Invalid argument (errno=22), thread=140265783311616
Sep 26 20:25:55 nimbus-eth1-mainnet-short-benchmark[3692475]: INF 2026-09-26 20:25:55.914+00:00 Database initialized                       base="(0xd24fd73f794058a3807db926d8898c6481e902b7edb91ce0d479d6760f276183, 20000000)" finalized="(0xd24fd73f794058a3807db926d8898c6481e902b7edb91ce0d479d6760f276183, 20000000)" head="(0xd4e56740f876aef8c010b86a40d5f56745a118d0906a34e69aec8c0db1cb8fa3, 0)"
Sep 26 20:25:55 nimbus-eth1-mainnet-short-benchmark[3692475]: NTC 2026-09-26 20:25:55.914+00:00 Could not open ere database, falling back to era1/era import ereDir=/data/status-im/nimbus-eth1/data/shared_mainnet_0/ere networkName=mainnet error="No ere files found in /data/status-im/nimbus-eth1/data/shared_mainnet_0/ere"
Sep 26 20:25:55 nimbus-eth1-mainnet-short-benchmark[3692475]: NTC 2026-09-26 20:25:55.914+00:00 Importing era archive                      blockNumber=20000001 dataDir=/data/status-im/nimbus-eth1/data/shared_mainnet_0 eraDir=/data/era
Sep 26 20:25:58 nimbus-eth1-mainnet-short-benchmark[3692475]: NTC 2026-09-26 20:25:58.194+00:00 Matched block to slot number               blockNumber=20000001 slot=9204783
Sep 26 20:32:07 nimbus-eth1-mainnet-short-benchmark[3692475]: INF 2026-09-26 20:32:07.117+00:00 Imported blocks                            blockNumber=20008193 slot=9213020 blocks=8192 txs=1226966 mgas=124237 bps=22.07 tps=3305 mgps=334.7 avgBps=22.07 avgTps=3305 avgMGps=334.7 elapsed=6m11s202ms
Sep 26 20:37:35 nimbus-eth1-mainnet-short-benchmark[3692475]: INF 2026-09-26 20:37:35.320+00:00 Imported blocks                            blockNumber=20016385 slot=9221256 blocks=16384 txs=2540380 mgas=248071 bps=24.96 tps=4001 mgps=377.3 avgBps=23.43 avgTps=3632 avgMGps=354.7 elapsed=11m39s403ms
Sep 26 20:42:51 nimbus-eth1-mainnet-short-benchmark[3692475]: INF 2026-09-26 20:42:51.264+00:00 Imported blocks                            blockNumber=20024577 slot=9229485 blocks=24576 txs=3869398 mgas=372018 bps=25.93 tps=4206 mgps=392.3 avgBps=24.20 avgTps=3810 avgMGps=366.4 elapsed=16m55s348ms
Sep 26 20:47:29 nimbus-eth1-mainnet-short-benchmark[3692475]: INF 2026-09-26 20:47:29.372+00:00 Imported blocks                            blockNumber=20032769 slot=9237722 blocks=32768 txs=5222766 mgas=495797 bps=29.46 tps=4866 mgps=445.1 avgBps=25.33 avgTps=4037 avgMGps=383.3 elapsed=21m33s454ms
Sep 26 20:51:56 nimbus-eth1-mainnet-short-benchmark[3692475]: INF 2026-09-26 20:51:56.596+00:00 Imported blocks                            blockNumber=20040961 slot=9245957 blocks=40960 txs=6566802 mgas=619586 bps=30.66 tps=5029 mgps=463.2 avgBps=26.24 avgTps=4207 avgMGps=397.0 elapsed=26m680ms247us
Sep 26 20:56:46 nimbus-eth1-mainnet-short-benchmark[3692475]: INF 2026-09-26 20:56:46.984+00:00 Imported blocks                            blockNumber=20049153 slot=9254196 blocks=49152 txs=7904746 mgas=743522 bps=28.21 tps=4607 mgps=426.8 avgBps=26.55 avgTps=4270 avgMGps=401.7 elapsed=30m51s67ms
Sep 26 21:01:25 nimbus-eth1-mainnet-short-benchmark[3692475]: INF 2026-09-26 21:01:25.664+00:00 Imported blocks                            blockNumber=20057345 slot=9262435 blocks=57344 txs=9212009 mgas=867360 bps=29.40 tps=4690 mgps=444.4 avgBps=26.93 avgTps=4325 avgMGps=407.3 elapsed=35m29s747ms
Sep 26 21:05:44 nimbus-eth1-mainnet-short-benchmark[3692475]: INF 2026-09-26 21:05:44.313+00:00 Imported blocks                            blockNumber=20065537 slot=9270674 blocks=65536 txs=10559018 mgas=991371 bps=31.67 tps=5207 mgps=479.4 avgBps=27.44 avgTps=4420 avgMGps=415.1 elapsed=39m48s399ms
Sep 26 21:09:48 nimbus-eth1-mainnet-short-benchmark[3692475]: INF 2026-09-26 21:09:48.665+00:00 Imported blocks                            blockNumber=20073729 slot=9278910 blocks=73728 txs=11898676 mgas=1115111 bps=33.53 tps=5482 mgps=506.4 avgBps=28.00 avgTps=4519 avgMGps=423.6 elapsed=43m52s750ms
Sep 26 21:13:44 nimbus-eth1-mainnet-short-benchmark[3692475]: INF 2026-09-26 21:13:44.202+00:00 Imported blocks                            blockNumber=20081921 slot=9287152 blocks=81920 txs=13323263 mgas=1239150 bps=34.78 tps=6048 mgps=526.6 avgBps=28.56 avgTps=4645 avgMGps=432.0 elapsed=47m48s286ms
Sep 26 21:17:37 nimbus-eth1-mainnet-short-benchmark[3692475]: INF 2026-09-26 21:17:37.182+00:00 Imported blocks                            blockNumber=20090113 slot=9295408 blocks=90112 txs=14697082 mgas=1363113 bps=35.16 tps=5896 mgps=532.1 avgBps=29.06 avgTps=4739 avgMGps=439.5 elapsed=51m41s268ms
Sep 26 21:21:46 nimbus-eth1-mainnet-short-benchmark[3692475]: INF 2026-09-26 21:21:46.923+00:00 Imported blocks                            blockNumber=20098305 slot=9303658 blocks=98304 txs=16025683 mgas=1487146 bps=32.80 tps=5319 mgps=496.6 avgBps=29.34 avgTps=4782 avgMGps=443.8 elapsed=55m51s9ms
Sep 26 21:26:08 nimbus-eth1-mainnet-short-benchmark[3692475]: INF 2026-09-26 21:26:08.551+00:00 Imported blocks                            blockNumber=20106497 slot=9311895 blocks=106496 txs=17337157 mgas=1611066 bps=31.31 tps=5012 mgps=473.6 avgBps=29.48 avgTps=4799 avgMGps=446.0 elapsed=1h12s637ms
Sep 26 21:30:16 nimbus-eth1-mainnet-short-benchmark[3692475]: INF 2026-09-26 21:30:16.152+00:00 Imported blocks                            blockNumber=20114689 slot=9320146 blocks=114688 txs=18632097 mgas=1735123 bps=33.09 tps=5230 mgps=501.0 avgBps=29.71 avgTps=4826 avgMGps=449.5 elapsed=1h4m20s
Sep 26 21:34:05 nimbus-eth1-mainnet-short-benchmark[3692475]: INF 2026-09-26 21:34:05.900+00:00 Imported blocks                            blockNumber=20122881 slot=9328409 blocks=122880 txs=19937418 mgas=1859249 bps=35.66 tps=5681 mgps=540.3 avgBps=30.04 avgTps=4874 avgMGps=454.6 elapsed=1h8m9s
Sep 26 21:37:53 nimbus-eth1-mainnet-short-benchmark[3692475]: INF 2026-09-26 21:37:53.153+00:00 Imported blocks                            blockNumber=20131073 slot=9336660 blocks=131072 txs=21214129 mgas=1983500 bps=36.05 tps=5618 mgps=546.8 avgBps=30.36 avgTps=4913 avgMGps=459.4 elapsed=1h11m57s
Sep 26 21:41:43 nimbus-eth1-mainnet-short-benchmark[3692475]: INF 2026-09-26 21:41:43.110+00:00 Imported blocks                            blockNumber=20139265 slot=9344906 blocks=139264 txs=22579079 mgas=2107571 bps=35.62 tps=5935 mgps=539.5 avgBps=30.63 avgTps=4965 avgMGps=463.5 elapsed=1h15m47s
Sep 26 21:46:16 nimbus-eth1-mainnet-short-benchmark[3692475]: INF 2026-09-26 21:46:16.322+00:00 Imported blocks                            blockNumber=20147457 slot=9353153 blocks=147456 txs=24133322 mgas=2231686 bps=29.98 tps=5688 mgps=454.3 avgBps=30.59 avgTps=5006 avgMGps=463.0 elapsed=1h20m20s
Sep 26 21:50:39 nimbus-eth1-mainnet-short-benchmark[3692475]: INF 2026-09-26 21:50:39.610+00:00 Imported blocks                            blockNumber=20155649 slot=9361407 blocks=155648 txs=25424015 mgas=2356018 bps=31.11 tps=4902 mgps=472.2 avgBps=30.62 avgTps=5001 avgMGps=463.4 elapsed=1h24m43s
Sep 26 21:54:39 nimbus-eth1-mainnet-short-benchmark[3692475]: INF 2026-09-26 21:54:39.979+00:00 Imported blocks                            blockNumber=20163841 slot=9369652 blocks=163840 txs=26749549 mgas=2480207 bps=34.08 tps=5514 mgps=516.7 avgBps=30.77 avgTps=5024 avgMGps=465.8 elapsed=1h28m44s
Sep 26 21:58:34 nimbus-eth1-mainnet-short-benchmark[3692475]: INF 2026-09-26 21:58:34.484+00:00 Imported blocks                            blockNumber=20172033 slot=9377892 blocks=172032 txs=28105316 mgas=2604026 bps=34.93 tps=5781 mgps=528.0 avgBps=30.95 avgTps=5056 avgMGps=468.5 elapsed=1h32m38s
Sep 26 22:02:34 nimbus-eth1-mainnet-short-benchmark[3692475]: INF 2026-09-26 22:02:34.664+00:00 Imported blocks                            blockNumber=20180225 slot=9386128 blocks=180224 txs=29524405 mgas=2728170 bps=34.11 tps=5908 mgps=516.9 avgBps=31.08 avgTps=5091 avgMGps=470.5 elapsed=1h36m38s
Sep 26 22:06:16 nimbus-eth1-mainnet-short-benchmark[3692475]: INF 2026-09-26 22:06:16.361+00:00 Imported blocks                            blockNumber=20188417 slot=9394365 blocks=188416 txs=30849021 mgas=2852023 bps=36.95 tps=5974 mgps=558.7 avgBps=31.30 avgTps=5124 avgMGps=473.7 elapsed=1h40m20s
Sep 26 22:10:24 nimbus-eth1-mainnet-short-benchmark[3692475]: INF 2026-09-26 22:10:24.306+00:00 Imported blocks                            blockNumber=20196609 slot=9402602 blocks=196608 txs=32174755 mgas=2976155 bps=33.04 tps=5346 mgps=500.6 avgBps=31.36 avgTps=5132 avgMGps=474.8 elapsed=1h44m28s
Sep 26 22:14:44 nimbus-eth1-mainnet-short-benchmark[3692475]: INF 2026-09-26 22:14:44.518+00:00 Imported blocks                            blockNumber=20204801 slot=9410840 blocks=204800 txs=33475942 mgas=3100410 bps=31.48 tps=5000 mgps=477.5 avgBps=31.37 avgTps=5127 avgMGps=474.9 elapsed=1h48m48s
Sep 26 22:18:44 nimbus-eth1-mainnet-short-benchmark[3692475]: INF 2026-09-26 22:18:44.443+00:00 Imported blocks                            blockNumber=20212993 slot=9419071 blocks=212992 txs=34798508 mgas=3224370 bps=34.14 tps=5512 mgps=516.7 avgBps=31.47 avgTps=5141 avgMGps=476.4 elapsed=1h52m48s
Sep 26 22:22:37 nimbus-eth1-mainnet-short-benchmark[3692475]: INF 2026-09-26 22:22:37.607+00:00 Imported blocks                            blockNumber=20221185 slot=9427313 blocks=221184 txs=36114045 mgas=3348169 bps=35.13 tps=5642 mgps=531.0 avgBps=31.59 avgTps=5157 avgMGps=478.2 elapsed=1h56m41s
Sep 26 22:26:13 nimbus-eth1-mainnet-short-benchmark[3692475]: INF 2026-09-26 22:26:13.648+00:00 Imported blocks                            blockNumber=20229377 slot=9435549 blocks=229376 txs=37421794 mgas=3472031 bps=37.92 tps=6053 mgps=573.3 avgBps=31.78 avgTps=5184 avgMGps=481.0 elapsed=2h17s733ms
Sep 26 22:29:59 nimbus-eth1-mainnet-short-benchmark[3692475]: INF 2026-09-26 22:29:59.469+00:00 Imported blocks                            blockNumber=20237569 slot=9443788 blocks=237568 txs=38842064 mgas=3596351 bps=36.28 tps=6289 mgps=550.5 avgBps=31.92 avgTps=5218 avgMGps=483.1 elapsed=2h4m3s
Sep 26 22:34:03 nimbus-eth1-mainnet-short-benchmark[3692475]: INF 2026-09-26 22:34:03.182+00:00 Imported blocks                            blockNumber=20245761 slot=9452021 blocks=245760 txs=40225739 mgas=3720100 bps=33.61 tps=5677 mgps=507.8 avgBps=31.97 avgTps=5232 avgMGps=483.9 elapsed=2h8m7s
Sep 26 22:38:20 nimbus-eth1-mainnet-short-benchmark[3692475]: INF 2026-09-26 22:38:20.498+00:00 Imported blocks                            blockNumber=20253953 slot=9460253 blocks=253952 txs=41454921 mgas=3844385 bps=31.84 tps=4776 mgps=483.0 avgBps=31.97 avgTps=5218 avgMGps=483.9 elapsed=2h12m24s
Sep 26 22:42:26 nimbus-eth1-mainnet-short-benchmark[3692475]: INF 2026-09-26 22:42:26.630+00:00 Imported blocks                            blockNumber=20262145 slot=9468495 blocks=262144 txs=42726051 mgas=3968623 bps=33.28 tps=5164 mgps=504.8 avgBps=32.01 avgTps=5216 avgMGps=484.5 elapsed=2h16m30s
Sep 26 22:46:15 nimbus-eth1-mainnet-short-benchmark[3692475]: INF 2026-09-26 22:46:15.631+00:00 Imported blocks                            blockNumber=20270337 slot=9476748 blocks=270336 txs=44050436 mgas=4092682 bps=35.77 tps=5783 mgps=541.7 avgBps=32.11 avgTps=5231 avgMGps=486.1 elapsed=2h20m19s
Sep 26 22:49:50 nimbus-eth1-mainnet-short-benchmark[3692475]: INF 2026-09-26 22:49:50.412+00:00 Imported blocks                            blockNumber=20278529 slot=9484981 blocks=278528 txs=45382368 mgas=4216487 bps=38.14 tps=6201 mgps=576.4 avgBps=32.26 avgTps=5255 avgMGps=488.3 elapsed=2h23m54s
Sep 26 22:53:30 nimbus-eth1-mainnet-short-benchmark[3692475]: INF 2026-09-26 22:53:30.549+00:00 Imported blocks                            blockNumber=20286721 slot=9493213 blocks=286720 txs=46733429 mgas=4340363 bps=37.21 tps=6137 mgps=562.7 avgBps=32.38 avgTps=5277 avgMGps=490.2 elapsed=2h27m34s
Sep 26 22:57:32 nimbus-eth1-mainnet-short-benchmark[3692475]: INF 2026-09-26 22:57:32.754+00:00 Imported blocks                            blockNumber=20294913 slot=9501453 blocks=294912 txs=48075887 mgas=4464376 bps=33.82 tps=5542 mgps=512.0 avgBps=32.42 avgTps=5284 avgMGps=490.8 elapsed=2h31m36s
Sep 26 23:01:27 nimbus-eth1-mainnet-short-benchmark[3692475]: INF 2026-09-26 23:01:27.238+00:00 Imported blocks                            blockNumber=20303105 slot=9509696 blocks=303104 txs=49379538 mgas=4588534 bps=34.94 tps=5559 mgps=529.5 avgBps=32.48 avgTps=5291 avgMGps=491.7 elapsed=2h35m31s
Sep 26 23:05:15 nimbus-eth1-mainnet-short-benchmark[3692475]: INF 2026-09-26 23:05:15.559+00:00 Imported blocks                            blockNumber=20311297 slot=9517922 blocks=311296 txs=50637672 mgas=4712596 bps=35.88 tps=5510 mgps=543.4 avgBps=32.56 avgTps=5297 avgMGps=493.0 elapsed=2h39m19s
Sep 26 23:08:55 nimbus-eth1-mainnet-short-benchmark[3692475]: INF 2026-09-26 23:08:55.228+00:00 Imported blocks                            blockNumber=20319489 slot=9526159 blocks=319488 txs=51981692 mgas=4836521 bps=37.29 tps=6118 mgps=564.2 avgBps=32.67 avgTps=5315 avgMGps=494.6 elapsed=2h42m59s
Sep 26 23:12:15 nimbus-eth1-mainnet-short-benchmark[3692475]: INF 2026-09-26 23:12:15.989+00:00 Imported blocks                            blockNumber=20327681 slot=9534381 blocks=327680 txs=53356123 mgas=4960245 bps=40.80 tps=6845 mgps=616.3 avgBps=32.83 avgTps=5346 avgMGps=497.0 elapsed=2h46m20s
Sep 26 23:15:37 nimbus-eth1-mainnet-short-benchmark[3692475]: INF 2026-09-26 23:15:37.194+00:00 Imported blocks                            blockNumber=20335873 slot=9542617 blocks=335872 txs=54719105 mgas=5084025 bps=40.72 tps=6774 mgps=615.2 avgBps=32.99 avgTps=5374 avgMGps=499.4 elapsed=2h49m41s
Sep 26 23:19:18 nimbus-eth1-mainnet-short-benchmark[3692475]: INF 2026-09-26 23:19:18.323+00:00 Imported blocks                            blockNumber=20344065 slot=9550841 blocks=344064 txs=56021853 mgas=5207843 bps=37.05 tps=5891 mgps=559.9 avgBps=33.08 avgTps=5385 avgMGps=500.6 elapsed=2h53m22s
Sep 26 23:23:29 nimbus-eth1-mainnet-short-benchmark[3692475]: INF 2026-09-26 23:23:29.415+00:00 Imported blocks                            blockNumber=20352257 slot=9559072 blocks=352256 txs=57290408 mgas=5332016 bps=32.63 tps=5052 mgps=494.5 avgBps=33.06 avgTps=5377 avgMGps=500.5 elapsed=2h57m33s
Sep 26 23:27:19 nimbus-eth1-mainnet-short-benchmark[3692475]: INF 2026-09-26 23:27:19.008+00:00 Imported blocks                            blockNumber=20360449 slot=9567308 blocks=360448 txs=58543463 mgas=5456201 bps=35.68 tps=5457 mgps=540.9 avgBps=33.12 avgTps=5379 avgMGps=501.3 elapsed=3h1m23s
Sep 26 23:30:59 nimbus-eth1-mainnet-short-benchmark[3692475]: INF 2026-09-26 23:30:59.773+00:00 Imported blocks                            blockNumber=20368641 slot=9575548 blocks=368640 txs=59874056 mgas=5580204 bps=37.11 tps=6027 mgps=561.7 avgBps=33.20 avgTps=5392 avgMGps=502.5 elapsed=3h5m3s
Sep 26 23:34:50 nimbus-eth1-mainnet-short-benchmark[3692475]: INF 2026-09-26 23:34:50.518+00:00 Imported blocks                            blockNumber=20376833 slot=9583774 blocks=376832 txs=61167066 mgas=5704396 bps=35.50 tps=5603 mgps=538.2 avgBps=33.25 avgTps=5396 avgMGps=503.3 elapsed=3h8m54s
Sep 26 23:38:34 nimbus-eth1-mainnet-short-benchmark[3692475]: INF 2026-09-26 23:38:34.943+00:00 Imported blocks                            blockNumber=20385025 slot=9592009 blocks=385024 txs=62480333 mgas=5828235 bps=36.50 tps=5851 mgps=551.8 avgBps=33.31 avgTps=5405 avgMGps=504.2 elapsed=3h12m39s
Sep 26 23:42:19 nimbus-eth1-mainnet-short-benchmark[3692475]: INF 2026-09-26 23:42:19.527+00:00 Imported blocks                            blockNumber=20393217 slot=9600248 blocks=393216 txs=63800597 mgas=5952136 bps=36.48 tps=5878 mgps=551.7 avgBps=33.37 avgTps=5414 avgMGps=505.1 elapsed=3h16m23s
Sep 26 23:45:55 nimbus-eth1-mainnet-short-benchmark[3692475]: INF 2026-09-26 23:45:55.068+00:00 Imported blocks                            blockNumber=20401409 slot=9608486 blocks=401408 txs=65021243 mgas=6076384 bps=38.01 tps=5663 mgps=576.4 avgBps=33.45 avgTps=5418 avgMGps=506.4 elapsed=3h19m59s
Sep 26 23:49:46 nimbus-eth1-mainnet-short-benchmark[3692475]: INF 2026-09-26 23:49:46.037+00:00 Imported blocks                            blockNumber=20409601 slot=9616707 blocks=409600 txs=66199016 mgas=6200666 bps=35.47 tps=5099 mgps=538.1 avgBps=33.49 avgTps=5412 avgMGps=507.0 elapsed=3h23m50s
Sep 26 23:53:28 nimbus-eth1-mainnet-short-benchmark[3692475]: INF 2026-09-26 23:53:28.458+00:00 Imported blocks                            blockNumber=20417793 slot=9624941 blocks=417792 txs=67453930 mgas=6324823 bps=36.83 tps=5642 mgps=558.2 avgBps=33.55 avgTps=5416 avgMGps=507.9 elapsed=3h27m32s
Sep 26 23:56:45 nimbus-eth1-mainnet-short-benchmark[3692475]: INF 2026-09-26 23:56:45.551+00:00 Imported blocks                            blockNumber=20425985 slot=9633187 blocks=425984 txs=68814904 mgas=6448778 bps=41.56 tps=6905 mgps=628.9 avgBps=33.68 avgTps=5440 avgMGps=509.8 elapsed=3h30m49s
Sep 27 00:00:00 nimbus-eth1-mainnet-short-benchmark[3692475]: INF 2026-09-27 00:00:00.924+00:00 Imported blocks                            blockNumber=20434177 slot=9641422 blocks=434176 txs=70124508 mgas=6572711 bps=41.93 tps=6703 mgps=634.3 avgBps=33.80 avgTps=5459 avgMGps=511.7 elapsed=3h34m5s
Sep 27 00:03:28 nimbus-eth1-mainnet-short-benchmark[3692475]: INF 2026-09-27 00:03:28.005+00:00 Imported blocks                            blockNumber=20442369 slot=9649657 blocks=442368 txs=71403576 mgas=6696451 bps=39.56 tps=6176 mgps=597.5 avgBps=33.89 avgTps=5470 avgMGps=513.1 elapsed=3h37m32s
Sep 27 00:07:13 nimbus-eth1-mainnet-short-benchmark[3692475]: INF 2026-09-27 00:07:13.874+00:00 Imported blocks                            blockNumber=20450561 slot=9657896 blocks=450560 txs=72659905 mgas=6820521 bps=36.27 tps=5562 mgps=549.3 avgBps=33.93 avgTps=5472 avgMGps=513.7 elapsed=3h41m17s
Sep 27 00:11:21 nimbus-eth1-mainnet-short-benchmark[3692475]: INF 2026-09-27 00:11:21.311+00:00 Imported blocks                            blockNumber=20458753 slot=9666114 blocks=458752 txs=73838533 mgas=6945116 bps=33.11 tps=4763 mgps=503.5 avgBps=33.92 avgTps=5459 avgMGps=513.5 elapsed=3h45m25s
Sep 27 00:15:05 nimbus-eth1-mainnet-short-benchmark[3692475]: INF 2026-09-27 00:15:05.095+00:00 Imported blocks                            blockNumber=20466945 slot=9674343 blocks=466944 txs=75124748 mgas=7068943 bps=36.61 tps=5747 mgps=553.3 avgBps=33.96 avgTps=5463 avgMGps=514.1 elapsed=3h49m9s
Sep 27 00:18:48 nimbus-eth1-mainnet-short-benchmark[3692475]: INF 2026-09-27 00:18:48.944+00:00 Imported blocks                            blockNumber=20475137 slot=9682575 blocks=475136 txs=76420106 mgas=7192870 bps=36.60 tps=5786 mgps=553.6 avgBps=34.00 avgTps=5469 avgMGps=514.8 elapsed=3h52m53s
Sep 27 00:22:22 nimbus-eth1-mainnet-short-benchmark[3692475]: INF 2026-09-27 00:22:22.129+00:00 Imported blocks                            blockNumber=20483329 slot=9690800 blocks=483328 txs=77675422 mgas=7316939 bps=38.43 tps=5888 mgps=582.0 avgBps=34.07 avgTps=5475 avgMGps=515.8 elapsed=3h56m26s
Sep 27 00:25:51 nimbus-eth1-mainnet-short-benchmark[3692475]: INF 2026-09-27 00:25:51.338+00:00 Imported blocks                            blockNumber=20491521 slot=9699019 blocks=491520 txs=78951232 mgas=7440784 bps=39.16 tps=6098 mgps=592.0 avgBps=34.14 avgTps=5484 avgMGps=516.9 elapsed=3h59m55s
Sep 27 00:29:34 nimbus-eth1-mainnet-short-benchmark[3692475]: INF 2026-09-27 00:29:34.843+00:00 Imported blocks                            blockNumber=20499713 slot=9707248 blocks=499712 txs=80189642 mgas=7564669 bps=36.65 tps=5540 mgps=554.3 avgBps=34.18 avgTps=5485 avgMGps=517.5 elapsed=4h3m38s
Sep 27 00:33:24 nimbus-eth1-mainnet-short-benchmark[3692475]: INF 2026-09-27 00:33:24.636+00:00 Imported blocks                            blockNumber=20507905 slot=9715488 blocks=507904 txs=81317763 mgas=7689208 bps=35.65 tps=4909 mgps=542.0 avgBps=34.21 avgTps=5476 avgMGps=517.8 elapsed=4h7m28s
Sep 27 00:36:48 nimbus-eth1-mainnet-short-benchmark[3692475]: INF 2026-09-27 00:36:48.833+00:00 Imported blocks                            blockNumber=20516097 slot=9723715 blocks=516096 txs=82520262 mgas=7813209 bps=40.12 tps=5888 mgps=607.2 avgBps=34.29 avgTps=5482 avgMGps=519.0 elapsed=4h10m52s
Sep 27 00:40:24 nimbus-eth1-mainnet-short-benchmark[3692475]: INF 2026-09-27 00:40:24.526+00:00 Imported blocks                            blockNumber=20524289 slot=9731945 blocks=524288 txs=83780075 mgas=7937233 bps=37.98 tps=5840 mgps=575.0 avgBps=34.34 avgTps=5487 avgMGps=519.8 elapsed=4h14m28s
Sep 27 00:44:06 nimbus-eth1-mainnet-short-benchmark[3692475]: INF 2026-09-27 00:44:06.283+00:00 Imported blocks                            blockNumber=20532481 slot=9740183 blocks=532480 txs=85263862 mgas=8061024 bps=36.94 tps=6691 mgps=558.2 avgBps=34.37 avgTps=5504 avgMGps=520.4 elapsed=4h18m10s
Sep 27 00:47:51 nimbus-eth1-mainnet-short-benchmark[3692475]: INF 2026-09-27 00:47:51.495+00:00 Imported blocks                            blockNumber=20540673 slot=9748418 blocks=540672 txs=86612143 mgas=8185090 bps=36.37 tps=5986 mgps=550.9 avgBps=34.40 avgTps=5511 avgMGps=520.8 elapsed=4h21m55s
Sep 27 00:51:44 nimbus-eth1-mainnet-short-benchmark[3692475]: INF 2026-09-27 00:51:44.132+00:00 Imported blocks                            blockNumber=20548865 slot=9756662 blocks=548864 txs=87802991 mgas=8309513 bps=35.21 tps=5118 mgps=534.8 avgBps=34.42 avgTps=5505 avgMGps=521.0 elapsed=4h25m48s
Sep 27 00:55:34 nimbus-eth1-mainnet-short-benchmark[3692475]: INF 2026-09-27 00:55:34.793+00:00 Imported blocks                            blockNumber=20557057 slot=9764892 blocks=557056 txs=88964987 mgas=8433956 bps=35.52 tps=5037 mgps=539.5 avgBps=34.43 avgTps=5498 avgMGps=521.3 elapsed=4h29m38s
Sep 27 00:59:14 nimbus-eth1-mainnet-short-benchmark[3692475]: INF 2026-09-27 00:59:14.274+00:00 Imported blocks                            blockNumber=20565249 slot=9773131 blocks=565248 txs=90186094 mgas=8558113 bps=37.32 tps=5563 mgps=565.7 avgBps=34.47 avgTps=5499 avgMGps=521.9 elapsed=4h33m18s
Sep 27 01:02:52 nimbus-eth1-mainnet-short-benchmark[3692475]: INF 2026-09-27 01:02:52.431+00:00 Imported blocks                            blockNumber=20573441 slot=9781369 blocks=573440 txs=91404654 mgas=8682228 bps=37.55 tps=5585 mgps=568.9 avgBps=34.51 avgTps=5500 avgMGps=522.5 elapsed=4h36m56s
Sep 27 01:06:27 nimbus-eth1-mainnet-short-benchmark[3692475]: INF 2026-09-27 01:06:27.435+00:00 Imported blocks                            blockNumber=20581633 slot=9789611 blocks=581632 txs=92628389 mgas=8806651 bps=38.10 tps=5691 mgps=578.7 avgBps=34.56 avgTps=5503 avgMGps=523.2 elapsed=4h40m31s
Sep 27 01:10:11 nimbus-eth1-mainnet-short-benchmark[3692475]: INF 2026-09-27 01:10:11.492+00:00 Imported blocks                            blockNumber=20589825 slot=9797855 blocks=589824 txs=93887208 mgas=8931023 bps=36.56 tps=5618 mgps=555.1 avgBps=34.58 avgTps=5504 avgMGps=523.6 elapsed=4h44m15s
Sep 27 01:14:00 nimbus-eth1-mainnet-short-benchmark[3692475]: INF 2026-09-27 01:14:00.533+00:00 Imported blocks                            blockNumber=20598017 slot=9806095 blocks=598016 txs=95163338 mgas=9055310 bps=35.77 tps=5571 mgps=542.6 avgBps=34.60 avgTps=5505 avgMGps=523.9 elapsed=4h48m4s
Sep 27 01:17:48 nimbus-eth1-mainnet-short-benchmark[3692475]: INF 2026-09-27 01:17:48.086+00:00 Imported blocks                            blockNumber=20606209 slot=9814347 blocks=606208 txs=96334664 mgas=9179976 bps=36.00 tps=5147 mgps=547.9 avgBps=34.62 avgTps=5501 avgMGps=524.2 elapsed=4h51m52s
Sep 27 01:21:29 nimbus-eth1-mainnet-short-benchmark[3692475]: INF 2026-09-27 01:21:29.399+00:00 Imported blocks                            blockNumber=20614401 slot=9822581 blocks=614400 txs=97573414 mgas=9304574 bps=37.02 tps=5597 mgps=563.0 avgBps=34.65 avgTps=5502 avgMGps=524.7 elapsed=4h55m33s
Sep 27 01:25:09 nimbus-eth1-mainnet-short-benchmark[3692475]: INF 2026-09-27 01:25:09.396+00:00 Imported blocks                            blockNumber=20622593 slot=9830821 blocks=622592 txs=98874772 mgas=9428835 bps=37.24 tps=5915 mgps=564.8 avgBps=34.68 avgTps=5507 avgMGps=525.2 elapsed=4h59m13s
Sep 27 01:28:43 nimbus-eth1-mainnet-short-benchmark[3692475]: INF 2026-09-27 01:28:43.556+00:00 Imported blocks                            blockNumber=20630785 slot=9839058 blocks=630784 txs=100178707 mgas=9553009 bps=38.25 tps=6088 mgps=579.8 avgBps=34.72 avgTps=5514 avgMGps=525.8 elapsed=5h2m47s
Sep 27 01:32:28 nimbus-eth1-mainnet-short-benchmark[3692475]: INF 2026-09-27 01:32:28.345+00:00 Imported blocks                            blockNumber=20638977 slot=9847313 blocks=638976 txs=101489116 mgas=9677171 bps=36.44 tps=5829 mgps=552.3 avgBps=34.74 avgTps=5517 avgMGps=526.1 elapsed=5h6m32s
Sep 27 01:36:08 nimbus-eth1-mainnet-short-benchmark[3692475]: INF 2026-09-27 01:36:08.414+00:00 Imported blocks                            blockNumber=20647169 slot=9855549 blocks=647168 txs=102730058 mgas=9801643 bps=37.23 tps=5638 mgps=565.6 avgBps=34.77 avgTps=5519 avgMGps=526.6 elapsed=5h10m12s
Sep 27 01:40:05 nimbus-eth1-mainnet-short-benchmark[3692475]: INF 2026-09-27 01:40:05.707+00:00 Imported blocks                            blockNumber=20655361 slot=9863778 blocks=655360 txs=103868002 mgas=9926541 bps=34.52 tps=4795 mgps=526.3 avgBps=34.77 avgTps=5510 avgMGps=526.6 elapsed=5h14m9s
Sep 27 01:43:40 nimbus-eth1-mainnet-short-benchmark[3692475]: INF 2026-09-27 01:43:40.644+00:00 Imported blocks                            blockNumber=20663553 slot=9872013 blocks=663552 txs=105112198 mgas=10051274 bps=38.11 tps=5788 mgps=580.3 avgBps=34.81 avgTps=5513 avgMGps=527.2 elapsed=5h17m44s
Sep 27 01:47:06 nimbus-eth1-mainnet-short-benchmark[3692475]: INF 2026-09-27 01:47:06.665+00:00 Imported blocks                            blockNumber=20671745 slot=9880241 blocks=671744 txs=106395904 mgas=10175177 bps=39.76 tps=6230 mgps=601.4 avgBps=34.86 avgTps=5521 avgMGps=528.0 elapsed=5h21m10s
Sep 27 01:50:35 nimbus-eth1-mainnet-short-benchmark[3692475]: INF 2026-09-27 01:50:35.790+00:00 Imported blocks                            blockNumber=20679937 slot=9888471 blocks=679936 txs=107674271 mgas=10299404 bps=39.17 tps=6112 mgps=594.0 avgBps=34.90 avgTps=5527 avgMGps=528.7 elapsed=5h24m39s
Sep 27 01:53:59 nimbus-eth1-mainnet-short-benchmark[3692475]: INF 2026-09-27 01:53:59.219+00:00 Imported blocks                            blockNumber=20688129 slot=9896698 blocks=688128 txs=108938536 mgas=10423298 bps=40.27 tps=6214 mgps=609.0 avgBps=34.96 avgTps=5534 avgMGps=529.6 elapsed=5h28m3s
Sep 27 01:57:32 nimbus-eth1-mainnet-short-benchmark[3692475]: INF 2026-09-27 01:57:32.368+00:00 Imported blocks                            blockNumber=20696321 slot=9904930 blocks=696320 txs=110235786 mgas=10547469 bps=38.43 tps=6086 mgps=582.5 avgBps=35.00 avgTps=5540 avgMGps=530.1 elapsed=5h31m36s
Sep 27 02:01:25 nimbus-eth1-mainnet-short-benchmark[3692475]: INF 2026-09-27 02:01:25.865+00:00 Imported blocks                            blockNumber=20704513 slot=9913154 blocks=704512 txs=111483759 mgas=10671677 bps=35.08 tps=5344 mgps=531.9 avgBps=35.00 avgTps=5538 avgMGps=530.1 elapsed=5h35m29s
Sep 27 02:05:02 nimbus-eth1-mainnet-short-benchmark[3692475]: INF 2026-09-27 02:05:02.913+00:00 Imported blocks                            blockNumber=20712705 slot=9921388 blocks=712704 txs=112764170 mgas=10795980 bps=37.74 tps=5899 mgps=572.7 avgBps=35.03 avgTps=5542 avgMGps=530.6 elapsed=5h39m6s
Sep 27 02:08:26 nimbus-eth1-mainnet-short-benchmark[3692475]: INF 2026-09-27 02:08:26.423+00:00 Imported blocks                            blockNumber=20720897 slot=9929633 blocks=720896 txs=114110517 mgas=10919926 bps=40.25 tps=6615 mgps=609.0 avgBps=35.08 avgTps=5552 avgMGps=531.4 elapsed=5h42m30s
Sep 27 02:11:57 nimbus-eth1-mainnet-short-benchmark[3692475]: INF 2026-09-27 02:11:57.848+00:00 Imported blocks                            blockNumber=20729089 slot=9937869 blocks=729088 txs=115449431 mgas=11043768 bps=38.75 tps=6332 mgps=585.8 avgBps=35.12 avgTps=5560 avgMGps=531.9 elapsed=5h46m1s
Sep 27 02:15:19 nimbus-eth1-mainnet-short-benchmark[3692475]: INF 2026-09-27 02:15:19.905+00:00 Imported blocks                            blockNumber=20737281 slot=9946108 blocks=737280 txs=116784468 mgas=11167784 bps=40.54 tps=6607 mgps=613.8 avgBps=35.17 avgTps=5570 avgMGps=532.7 elapsed=5h49m23s
Sep 27 02:18:53 nimbus-eth1-mainnet-short-benchmark[3692475]: INF 2026-09-27 02:18:53.866+00:00 Imported blocks                            blockNumber=20745473 slot=9954342 blocks=745472 txs=118101003 mgas=11291742 bps=38.29 tps=6153 mgps=579.4 avgBps=35.20 avgTps=5576 avgMGps=533.2 elapsed=5h52m57s
Sep 27 02:22:45 nimbus-eth1-mainnet-short-benchmark[3692475]: INF 2026-09-27 02:22:45.034+00:00 Imported blocks                            blockNumber=20753665 slot=9962581 blocks=753664 txs=119337525 mgas=11415859 bps=35.44 tps=5349 mgps=536.9 avgBps=35.20 avgTps=5574 avgMGps=533.2 elapsed=5h56m49s
Sep 27 02:26:21 nimbus-eth1-mainnet-short-benchmark[3692475]: INF 2026-09-27 02:26:21.923+00:00 Imported blocks                            blockNumber=20761857 slot=9970803 blocks=761856 txs=120564314 mgas=11540225 bps=37.77 tps=5656 mgps=573.4 avgBps=35.23 avgTps=5574 avgMGps=533.6 elapsed=6h26s8ms
Sep 27 02:29:47 nimbus-eth1-mainnet-short-benchmark[3692475]: INF 2026-09-27 02:29:47.304+00:00 Imported blocks                            blockNumber=20770049 slot=9979058 blocks=770048 txs=121858083 mgas=11663918 bps=39.89 tps=6299 mgps=602.3 avgBps=35.27 avgTps=5581 avgMGps=534.3 elapsed=6h3m51s
Sep 27 02:33:01 nimbus-eth1-mainnet-short-benchmark[3692475]: INF 2026-09-27 02:33:01.926+00:00 Imported blocks                            blockNumber=20778241 slot=9987307 blocks=778240 txs=123161734 mgas=11787906 bps=42.09 tps=6698 mgps=637.1 avgBps=35.33 avgTps=5591 avgMGps=535.2 elapsed=6h7m6s
Sep 27 02:36:11 nimbus-eth1-mainnet-short-benchmark[3692475]: INF 2026-09-27 02:36:11.043+00:00 Imported blocks                            blockNumber=20786433 slot=9995542 blocks=786432 txs=124509456 mgas=11911612 bps=43.32 tps=7126 mgps=654.1 avgBps=35.40 avgTps=5604 avgMGps=536.2 elapsed=6h10m15s
Sep 27 02:39:27 nimbus-eth1-mainnet-short-benchmark[3692475]: INF 2026-09-27 02:39:27.252+00:00 Imported blocks                            blockNumber=20794625 slot=10003781 blocks=794624 txs=125848921 mgas=12035338 bps=41.75 tps=6826 mgps=630.6 avgBps=35.46 avgTps=5615 avgMGps=537.0 elapsed=6h13m31s
Sep 27 02:42:49 nimbus-eth1-mainnet-short-benchmark[3692475]: INF 2026-09-27 02:42:49.305+00:00 Imported blocks                            blockNumber=20802817 slot=10012028 blocks=802816 txs=127089868 mgas=12158989 bps=40.54 tps=6141 mgps=612.0 avgBps=35.50 avgTps=5620 avgMGps=537.7 elapsed=6h16m53s
Sep 27 02:46:18 nimbus-eth1-mainnet-short-benchmark[3692475]: INF 2026-09-27 02:46:18.930+00:00 Imported blocks                            blockNumber=20811009 slot=10020249 blocks=811008 txs=128299762 mgas=12282850 bps=39.08 tps=5771 mgps=590.9 avgBps=35.53 avgTps=5621 avgMGps=538.2 elapsed=6h20m23s
Sep 27 02:49:32 nimbus-eth1-mainnet-short-benchmark[3692475]: INF 2026-09-27 02:49:32.912+00:00 Imported blocks                            blockNumber=20819201 slot=10028481 blocks=819200 txs=129596319 mgas=12406594 bps=42.23 tps=6683 mgps=637.9 avgBps=35.59 avgTps=5630 avgMGps=539.0 elapsed=6h23m36s
Sep 27 02:52:47 nimbus-eth1-mainnet-short-benchmark[3692475]: INF 2026-09-27 02:52:47.785+00:00 Imported blocks                            blockNumber=20827393 slot=10036710 blocks=827392 txs=130916729 mgas=12530249 bps=42.04 tps=6775 mgps=634.5 avgBps=35.65 avgTps=5640 avgMGps=539.8 elapsed=6h26m51s
Sep 27 02:56:02 nimbus-eth1-mainnet-short-benchmark[3692475]: INF 2026-09-27 02:56:02.686+00:00 Imported blocks                            blockNumber=20835585 slot=10044938 blocks=835584 txs=132226625 mgas=12654070 bps=42.03 tps=6720 mgps=635.3 avgBps=35.70 avgTps=5649 avgMGps=540.6 elapsed=6h30m6s
Sep 27 02:59:28 nimbus-eth1-mainnet-short-benchmark[3692475]: INF 2026-09-27 02:59:28.955+00:00 Imported blocks                            blockNumber=20843777 slot=10053164 blocks=843776 txs=133604192 mgas=12777730 bps=39.72 tps=6678 mgps=599.5 avgBps=35.73 avgTps=5658 avgMGps=541.1 elapsed=6h33m33s
Sep 27 03:03:22 nimbus-eth1-mainnet-short-benchmark[3692475]: INF 2026-09-27 03:03:22.920+00:00 Imported blocks                            blockNumber=20851969 slot=10061391 blocks=851968 txs=134900706 mgas=12901664 bps=35.01 tps=5541 mgps=529.7 avgBps=35.73 avgTps=5656 avgMGps=541.0 elapsed=6h37m27s
Sep 27 03:07:05 nimbus-eth1-mainnet-short-benchmark[3692475]: INF 2026-09-27 03:07:05.533+00:00 Imported blocks                            blockNumber=20860161 slot=10069622 blocks=860160 txs=136168750 mgas=13025603 bps=36.80 tps=5696 mgps=556.7 avgBps=35.74 avgTps=5657 avgMGps=541.2 elapsed=6h41m9s
Sep 27 03:10:45 nimbus-eth1-mainnet-short-benchmark[3692475]: INF 2026-09-27 03:10:44.998+00:00 Imported blocks                            blockNumber=20868353 slot=10077838 blocks=868352 txs=137550724 mgas=13149742 bps=37.33 tps=6297 mgps=565.6 avgBps=35.75 avgTps=5663 avgMGps=541.4 elapsed=6h44m49s
Sep 27 03:14:22 nimbus-eth1-mainnet-short-benchmark[3692475]: INF 2026-09-27 03:14:22.542+00:00 Imported blocks                            blockNumber=20876545 slot=10086066 blocks=876544 txs=138954673 mgas=13273457 bps=37.66 tps=6453 mgps=568.7 avgBps=35.77 avgTps=5670 avgMGps=541.6 elapsed=6h48m26s
Sep 27 03:17:53 nimbus-eth1-mainnet-short-benchmark[3692475]: INF 2026-09-27 03:17:53.731+00:00 Imported blocks                            blockNumber=20884737 slot=10094286 blocks=884736 txs=140256178 mgas=13397479 bps=38.79 tps=6162 mgps=587.3 avgBps=35.79 avgTps=5674 avgMGps=542.0 elapsed=6h51m57s
Sep 27 03:21:17 nimbus-eth1-mainnet-short-benchmark[3692475]: INF 2026-09-27 03:21:17.584+00:00 Imported blocks                            blockNumber=20892929 slot=10102512 blocks=892928 txs=141581868 mgas=13521575 bps=40.19 tps=6503 mgps=608.7 avgBps=35.83 avgTps=5681 avgMGps=542.6 elapsed=6h55m21s
Sep 27 03:24:42 nimbus-eth1-mainnet-short-benchmark[3692475]: INF 2026-09-27 03:24:42.706+00:00 Imported blocks                            blockNumber=20901121 slot=10110732 blocks=901120 txs=142875889 mgas=13645572 bps=39.94 tps=6308 mgps=604.5 avgBps=35.86 avgTps=5686 avgMGps=543.1 elapsed=6h58m46s
Sep 27 03:28:09 nimbus-eth1-mainnet-short-benchmark[3692475]: INF 2026-09-27 03:28:09.055+00:00 Imported blocks                            blockNumber=20909313 slot=10118953 blocks=909312 txs=144102308 mgas=13769390 bps=39.70 tps=5943 mgps=600.0 avgBps=35.89 avgTps=5688 avgMGps=543.5 elapsed=7h2m13s
Sep 27 03:31:32 nimbus-eth1-mainnet-short-benchmark[3692475]: INF 2026-09-27 03:31:32.308+00:00 Imported blocks                            blockNumber=20917505 slot=10127176 blocks=917504 txs=145406349 mgas=13893087 bps=40.30 tps=6415 mgps=608.6 avgBps=35.93 avgTps=5694 avgMGps=544.1 elapsed=7h5m36s
Sep 27 03:34:42 nimbus-eth1-mainnet-short-benchmark[3692475]: INF 2026-09-27 03:34:42.765+00:00 Imported blocks                            blockNumber=20925697 slot=10135394 blocks=925696 txs=146718394 mgas=14016820 bps=43.01 tps=6888 mgps=649.7 avgBps=35.98 avgTps=5702 avgMGps=544.8 elapsed=7h8m46s
Sep 27 03:38:06 nimbus-eth1-mainnet-short-benchmark[3692475]: INF 2026-09-27 03:38:06.994+00:00 Imported blocks                            blockNumber=20933889 slot=10143614 blocks=933888 txs=148049109 mgas=14140625 bps=40.11 tps=6515 mgps=606.2 avgBps=36.01 avgTps=5709 avgMGps=545.3 elapsed=7h12m11s
Sep 27 03:41:25 nimbus-eth1-mainnet-short-benchmark[3692475]: INF 2026-09-27 03:41:25.891+00:00 Imported blocks                            blockNumber=20942081 slot=10151840 blocks=942080 txs=149397364 mgas=14264352 bps=41.19 tps=6778 mgps=622.1 avgBps=36.05 avgTps=5717 avgMGps=545.9 elapsed=7h15m29s
Sep 27 03:44:48 nimbus-eth1-mainnet-short-benchmark[3692475]: INF 2026-09-27 03:44:48.140+00:00 Imported blocks                            blockNumber=20950273 slot=10160098 blocks=950272 txs=150765507 mgas=14388237 bps=40.50 tps=6764 mgps=612.5 avgBps=36.09 avgTps=5725 avgMGps=546.4 elapsed=7h18m52s
Sep 27 03:48:27 nimbus-eth1-mainnet-short-benchmark[3692475]: INF 2026-09-27 03:48:27.461+00:00 Imported blocks                            blockNumber=20958465 slot=10168363 blocks=958464 txs=152044771 mgas=14511987 bps=37.35 tps=5832 mgps=564.2 avgBps=36.10 avgTps=5726 avgMGps=546.6 elapsed=7h22m31s
Sep 27 03:51:56 nimbus-eth1-mainnet-short-benchmark[3692475]: INF 2026-09-27 03:51:56.854+00:00 Imported blocks                            blockNumber=20966657 slot=10176609 blocks=966656 txs=153365296 mgas=14635804 bps=39.12 tps=6306 mgps=591.3 avgBps=36.12 avgTps=5730 avgMGps=546.9 elapsed=7h26m940ms
Sep 27 03:55:23 nimbus-eth1-mainnet-short-benchmark[3692475]: INF 2026-09-27 03:55:23.383+00:00 Imported blocks                            blockNumber=20974849 slot=10184849 blocks=974848 txs=154744917 mgas=14759580 bps=39.67 tps=6680 mgps=599.3 avgBps=36.15 avgTps=5738 avgMGps=547.3 elapsed=7h29m27s
Sep 27 03:58:57 nimbus-eth1-mainnet-short-benchmark[3692475]: INF 2026-09-27 03:58:57.144+00:00 Imported blocks                            blockNumber=20983041 slot=10193086 blocks=983040 txs=156055229 mgas=14883451 bps=38.32 tps=6129 mgps=579.5 avgBps=36.17 avgTps=5741 avgMGps=547.6 elapsed=7h33m1s
Sep 27 04:02:04 nimbus-eth1-mainnet-short-benchmark[3692475]: INF 2026-09-27 04:02:04.506+00:00 Imported blocks                            blockNumber=20991233 slot=10201319 blocks=991232 txs=157563202 mgas=15007557 bps=43.72 tps=8048 mgps=662.4 avgBps=36.22 avgTps=5757 avgMGps=548.3 elapsed=7h36m8s
Sep 27 04:05:43 nimbus-eth1-mainnet-short-benchmark[3692475]: INF 2026-09-27 04:05:43.534+00:00 Imported blocks                            blockNumber=20999425 slot=10209549 blocks=999424 txs=159003277 mgas=15131383 bps=37.40 tps=6574 mgps=565.3 avgBps=36.23 avgTps=5763 avgMGps=548.5 elapsed=7h39m47s
Sep 27 04:05:59 nimbus-eth1-mainnet-short-benchmark[3692475]: INF 2026-09-27 04:05:59.562+00:00 Imported blocks                            blockNumber=21000001 slot=10210128 blocks=1000000 txs=159109486 mgas=15140191 bps=35.93 tps=6625 mgps=549.4 avgBps=36.23 avgTps=5764 avgMGps=548.5 elapsed=7h40m3s
Sep 27 04:05:59 nimbus-eth1-mainnet-short-benchmark[3692475]: NTC 2026-09-27 04:05:59.562+00:00 Import complete                            blockNumber=21000001 slot=10210128 blocks=1000000 txs=159109486 mgas=15140191
Sep 27 04:06:00 nimbus-eth1-mainnet-short-benchmark[3663457]: <<< ending startNimbusWithImport (success)
Sep 27 04:06:00 nimbus-eth1-mainnet-short-benchmark[3663457]: >>> starting moveBenchmarkingFileToRepo
Sep 27 04:06:00 nimbus-eth1-mainnet-short-benchmark[3663457]: >>> copying debug-csv generated by nimbus to benchmarks repo
Sep 27 04:06:00 nimbus-eth1-mainnet-short-benchmark[3663457]: <<< ending moveBenchmarkingFileToRepo (success)
Sep 27 04:06:00 nimbus-eth1-mainnet-short-benchmark[3663457]: >>> starting generateBuildEnvironmentLogFile
Sep 27 04:06:09 nimbus-eth1-mainnet-short-benchmark[3663457]: <<< ending generateBuildEnvironmentLogFile (success)
Sep 27 04:06:09 nimbus-eth1-mainnet-short-benchmark[3663457]: >>> starting generateSystemdServiceLogs
