Sep 01 21:26:37 nimbus-eth1-mainnet-short-benchmark[1914084]: >>> starting cloneOrFetchBenchmarksRepo
Sep 01 21:26:38 nimbus-eth1-mainnet-short-benchmark[1914084]: >>> Fetching latest changes for nimbus-eth1-benchmarks...
Sep 01 21:26:39 nimbus-eth1-mainnet-short-benchmark[1914132]: HEAD is now at 765a0cb chore: update short benchmark Readme
Sep 01 21:26:39 nimbus-eth1-mainnet-short-benchmark[1914084]: <<< ending cloneOrFetchBenchmarksRepo (success)
Sep 01 21:26:39 nimbus-eth1-mainnet-short-benchmark[1914084]: >>> starting cloneOrFetchNimbusRepo
Sep 01 21:26:49 nimbus-eth1-mainnet-short-benchmark[1914084]: >>> Fetching latest changes for nimbus-eth1...
Sep 01 21:26:49 nimbus-eth1-mainnet-short-benchmark[1914475]: From https://github.com/status-im/nimbus-eth1
Sep 01 21:26:49 nimbus-eth1-mainnet-short-benchmark[1914475]:    d86f52ac1..a0df97c21  glams-813         -> origin/glams-813
Sep 01 21:26:49 nimbus-eth1-mainnet-short-benchmark[1914475]:    6379c68e0..b17877e8e  update-base-image -> origin/update-base-image
Sep 01 21:26:49 nimbus-eth1-mainnet-short-benchmark[1914483]: HEAD is now at 3230683d6 evmstate parse and validate receipt (#4713)
Sep 01 21:26:49 nimbus-eth1-mainnet-short-benchmark[1914084]: >>> Found last benchmarked commit: 391e8efe
Sep 01 21:26:50 nimbus-eth1-mainnet-short-benchmark[1914084]: >>> Using next commit: 778323e00df1ff9adb35ca78c69668e466243576
Sep 01 21:26:50 nimbus-eth1-mainnet-short-benchmark[1914499]: HEAD is now at 778323e00 engine_api: Return null latestValidHash on early newPayload rejections (#4651)
Sep 01 21:26:50 nimbus-eth1-mainnet-short-benchmark[1914084]: >>> Current commit: 778323e00
Sep 01 21:26:50 nimbus-eth1-mainnet-short-benchmark[1914084]: <<< ending cloneOrFetchNimbusRepo (success)
Sep 01 21:26:50 nimbus-eth1-mainnet-short-benchmark[1914084]: >>> starting buildBinaries
Sep 01 21:26:50 nimbus-eth1-mainnet-short-benchmark[1914084]: >>> Building binaries for commit 778323e0...
Sep 01 21:26:52 nimbus-eth1-mainnet-short-benchmark[1915704]: Submodule path 'vendor/nim-websock': checked out '0432dc445c500b20963ef4b76e585c1a3943c254'
Sep 01 21:26:57 nimbus-eth1-mainnet-short-benchmark[1919980]: Building: Nim compiler
Sep 01 21:29:58 nimbus-eth1-mainnet-short-benchmark[1919980]: Building custom Nimble commit: 42ef70c2102a942c46f13eb76872326edd525cec
Sep 01 21:30:10 nimbus-eth1-mainnet-short-benchmark[1919980]: Building Nimble...
Sep 01 21:30:21 nimbus-eth1-mainnet-short-benchmark[1919980]: Replacing nimble binary...
Sep 01 21:30:28 nimbus-eth1-mainnet-short-benchmark[1936347]: cp: cannot stat '/data/status-im/nimbus-eth1/build/*': No such file or directory
Sep 01 21:30:28 nimbus-eth1-mainnet-short-benchmark[1936322]: ROCKSDB VERSION NOT FOUND
Sep 01 21:30:28 nimbus-eth1-mainnet-short-benchmark[1936475]: make[1]: Entering directory '/data/status-im/nimbus-eth1/vendor/nim-rocksdb/vendor/rocksdb'
Sep 01 21:30:28 nimbus-eth1-mainnet-short-benchmark[1936475]: $DEBUG_LEVEL is 0, $LIB_MODE is static
Sep 01 21:30:28 nimbus-eth1-mainnet-short-benchmark[1936475]: make[1]: Leaving directory '/data/status-im/nimbus-eth1/vendor/nim-rocksdb/vendor/rocksdb'
Sep 01 21:30:28 nimbus-eth1-mainnet-short-benchmark[1936920]: Cleaning up RocksDb build artifacts.
Sep 01 21:30:29 nimbus-eth1-mainnet-short-benchmark[1936352]: Building RocksDb static libraries.
Sep 01 21:33:43 nimbus-eth1-mainnet-short-benchmark[1940454]: Building: build/nimbus_execution_client
Sep 01 21:36:17 nimbus-eth1-mainnet-short-benchmark[1914084]: >>> renaming binaries to match commit they were built from
Sep 01 21:36:17 nimbus-eth1-mainnet-short-benchmark[1914084]: >>> creating a symbolic link to the latest version
Sep 01 21:36:17 nimbus-eth1-mainnet-short-benchmark[1914084]: >>> deleting copies that are older than N days
Sep 01 21:36:17 nimbus-eth1-mainnet-short-benchmark[1914084]: <<< ending buildBinaries (success)
Sep 01 21:36:17 nimbus-eth1-mainnet-short-benchmark[1914084]: >>> starting skipOrContinueBenchmark
Sep 01 21:36:17 nimbus-eth1-mainnet-short-benchmark[1914084]: <<< ending skipOrContinueBenchmark (success)
Sep 01 21:36:17 nimbus-eth1-mainnet-short-benchmark[1914084]: >>> starting copyTemplateDatabase
Sep 01 21:36:17 nimbus-eth1-mainnet-short-benchmark[1914084]: >>> Copying template db into nimbus data directory
Sep 01 21:39:29 nimbus-eth1-mainnet-short-benchmark[1914084]: >>> Template db copied
Sep 01 21:39:29 nimbus-eth1-mainnet-short-benchmark[1914084]: >>> making nimbus the owner of the copied files
Sep 01 21:39:29 nimbus-eth1-mainnet-short-benchmark[1914084]: <<< ending copyTemplateDatabase (success)
Sep 01 21:39:29 nimbus-eth1-mainnet-short-benchmark[1914084]: >>> starting startNimbusWithImport
Sep 01 21:39:30 nimbus-eth1-mainnet-short-benchmark[1946123]: INF 2026-09-01 21:39:30.038+00:00 Launching execution client                 version=v0.4.0-778323e0 config="(configFile: none(InputFile), dataDirFlag: some(/data/status-im/nimbus-eth1/data/shared_mainnet_0), era1DirFlag: some(/data/era1), eraDirFlag: some(/data/era), ereDirFlag: none(OutDir), keyStoreDirFlag: none(OutDir), importKey: , trustedSetupFile: none(string), extraData: Nimbus/v0.4.0-778323e0, gasLimit: none(uint64), maxBlobs: none(byte), network: [mainnet], logLevel: INFO, logFormat: auto, metricsEnabled: false, metricsPort: 9093, metricsAddress: 127.0.0.1, bootstrapNodes: [], elBootstrapNodes: [], bootstrapFile: , elBootstrapFile: , staticPeers: [], staticPeersFile: , reconnectMaxRetry: 0, reconnectInterval: 15, listenAddress: ::, tcpPort: 30303, udpPortFlag: none(Port), maxPeersOpt: none(int), elMaxPeersOpt: none(int), nat: (hasExtIp: false, nat: NatAny), discv5: true, netKey: random, agentString: Nimbus/v0.4.0-778323e0/linux-amd64/Nim-2.2.10, numThreads: 0, persistBatchSize: 4, dynamicBatchSize: false, rocksdbMaxOpenFiles: 2048, rocksdbWriteBufferSize: 67108864, rocksdbRowCacheSize: 0, rocksdbBlockCacheSize: 2147483648, rocksdbBlockCacheType: hyperclock, rdbVtxCacheSize: 536870912, rdbKeyCacheSize: 1342177280, rdbBranchCacheSize: 1073741824, rdbPrintStats: false, rewriteDatadirId: true, aristoDbMaxSnapshots: 5, parallelStateRootComputation: false, parallelSenderRecovery: true, optimisticStatePrefetch: false, balStatePrefetch: false, balStatePrefetchWorkers: 0, balParallelExecution: false, balPruning: true, eagerStateRootCheck: false, deserializeFcState: true, statelessProvider: false, statelessWitnessValidation: false, cmd: import, maxBlocks: 1000000, chunkSize: 8192, csvStats: some("/data/host-benchmarks/short/90cddafa2bb54616a8f682ec60de6185/blocks-import-benchmark.csv"), validation: false, fullValidation: false, storeBodies: false, storeReceipts: false, storeSlotHashes: false)"
Sep 01 21:39:30 nimbus-eth1-mainnet-short-benchmark[1946123]: WRN 2026-09-01 21:39:30.042+00:00 Data directory has insecure permissions. Correcting them. data_dir=/data/status-im/nimbus-eth1/data/shared_mainnet_0 current_permissions=0755 required_permissions=0700
Sep 01 21:39:31 nimbus-eth1-mainnet-short-benchmark[1946123]: INF 2026-09-01 21:39:31.874+00:00 Taskpool started                           numThreads=16
Sep 01 21:39:32 nimbus-eth1-mainnet-short-benchmark[1946123]: INF 2026-09-01 21:39:32.030+00:00 Database initialized                       base="(0xd24fd73f794058a3807db926d8898c6481e902b7edb91ce0d479d6760f276183, 20000000)" finalized="(0xd24fd73f794058a3807db926d8898c6481e902b7edb91ce0d479d6760f276183, 20000000)" head="(0xd4e56740f876aef8c010b86a40d5f56745a118d0906a34e69aec8c0db1cb8fa3, 0)"
Sep 01 21:39:32 nimbus-eth1-mainnet-short-benchmark[1946123]: NTC 2026-09-01 21:39:32.030+00:00 Could not open ere database, falling back to era1/era import ereDir=/data/status-im/nimbus-eth1/data/shared_mainnet_0/ere networkName=mainnet error="No ere files found in /data/status-im/nimbus-eth1/data/shared_mainnet_0/ere"
Sep 01 21:39:32 nimbus-eth1-mainnet-short-benchmark[1946123]: NTC 2026-09-01 21:39:32.030+00:00 Importing era archive                      blockNumber=20000001 dataDir=/data/status-im/nimbus-eth1/data/shared_mainnet_0 eraDir=/data/era
Sep 01 21:39:34 nimbus-eth1-mainnet-short-benchmark[1946123]: NTC 2026-09-01 21:39:34.250+00:00 Matched block to slot number               blockNumber=20000001 slot=9204783
Sep 01 21:45:39 nimbus-eth1-mainnet-short-benchmark[1946123]: INF 2026-09-01 21:45:39.833+00:00 Imported blocks                            blockNumber=20008193 slot=9213020 blocks=8192 txs=1226966 mgas=124237 bps=22.27 tps=3335 mgps=337.8 avgBps=22.27 avgTps=3335 avgMGps=337.8 elapsed=6m7s806ms
Sep 01 21:51:03 nimbus-eth1-mainnet-short-benchmark[1946123]: INF 2026-09-01 21:51:03.345+00:00 Imported blocks                            blockNumber=20016385 slot=9221256 blocks=16384 txs=2540380 mgas=248071 bps=25.32 tps=4059 mgps=382.8 avgBps=23.70 avgTps=3674 avgMGps=358.8 elapsed=11m31s316ms
Sep 01 21:56:09 nimbus-eth1-mainnet-short-benchmark[1946123]: INF 2026-09-01 21:56:09.052+00:00 Imported blocks                            blockNumber=20024577 slot=9229485 blocks=24576 txs=3869398 mgas=372018 bps=26.80 tps=4347 mgps=405.4 avgBps=24.65 avgTps=3880 avgMGps=373.1 elapsed=16m37s23ms
Sep 01 22:00:44 nimbus-eth1-mainnet-short-benchmark[1946123]: INF 2026-09-01 22:00:44.792+00:00 Imported blocks                            blockNumber=20032769 slot=9237722 blocks=32768 txs=5222766 mgas=495797 bps=29.71 tps=4908 mgps=448.9 avgBps=25.75 avgTps=4103 avgMGps=389.5 elapsed=21m12s765ms
Sep 01 22:05:14 nimbus-eth1-mainnet-short-benchmark[1946123]: INF 2026-09-01 22:05:14.505+00:00 Imported blocks                            blockNumber=20040961 slot=9245957 blocks=40960 txs=6566802 mgas=619586 bps=30.37 tps=4983 mgps=459.0 avgBps=26.55 avgTps=4257 avgMGps=401.7 elapsed=25m42s475ms
Sep 01 22:10:02 nimbus-eth1-mainnet-short-benchmark[1946123]: INF 2026-09-01 22:10:02.001+00:00 Imported blocks                            blockNumber=20049153 slot=9254196 blocks=49152 txs=7904746 mgas=743522 bps=28.49 tps=4653 mgps=431.1 avgBps=26.86 avgTps=4319 avgMGps=406.3 elapsed=30m29s974ms
Sep 01 22:14:36 nimbus-eth1-mainnet-short-benchmark[1946123]: INF 2026-09-01 22:14:36.877+00:00 Imported blocks                            blockNumber=20057345 slot=9262435 blocks=57344 txs=9212009 mgas=867360 bps=29.80 tps=4755 mgps=450.5 avgBps=27.24 avgTps=4376 avgMGps=412.1 elapsed=35m4s850ms
Sep 01 22:18:53 nimbus-eth1-mainnet-short-benchmark[1946123]: INF 2026-09-01 22:18:53.845+00:00 Imported blocks                            blockNumber=20065537 slot=9270674 blocks=65536 txs=10559018 mgas=991371 bps=31.88 tps=5241 mgps=482.6 avgBps=27.75 avgTps=4470 avgMGps=419.7 elapsed=39m21s817ms
Sep 01 22:22:57 nimbus-eth1-mainnet-short-benchmark[1946123]: INF 2026-09-01 22:22:57.314+00:00 Imported blocks                            blockNumber=20073729 slot=9278910 blocks=73728 txs=11898676 mgas=1115111 bps=33.65 tps=5502 mgps=508.2 avgBps=28.30 avgTps=4567 avgMGps=428.0 elapsed=43m25s283ms
Sep 01 22:26:49 nimbus-eth1-mainnet-short-benchmark[1946123]: INF 2026-09-01 22:26:49.810+00:00 Imported blocks                            blockNumber=20081921 slot=9287152 blocks=81920 txs=13323263 mgas=1239150 bps=35.23 tps=6127 mgps=533.5 avgBps=28.87 avgTps=4694 avgMGps=436.7 elapsed=47m17s781ms
Sep 01 22:30:41 nimbus-eth1-mainnet-short-benchmark[1946123]: INF 2026-09-01 22:30:41.835+00:00 Imported blocks                            blockNumber=20090113 slot=9295408 blocks=90112 txs=14697082 mgas=1363113 bps=35.31 tps=5921 mgps=534.3 avgBps=29.35 avgTps=4787 avgMGps=444.0 elapsed=51m9s805ms
Sep 01 22:34:50 nimbus-eth1-mainnet-short-benchmark[1946123]: INF 2026-09-01 22:34:50.256+00:00 Imported blocks                            blockNumber=20098305 slot=9303658 blocks=98304 txs=16025683 mgas=1487146 bps=32.98 tps=5348 mgps=499.3 avgBps=29.63 avgTps=4829 avgMGps=448.2 elapsed=55m18s226ms
Sep 01 22:39:07 nimbus-eth1-mainnet-short-benchmark[1946123]: INF 2026-09-01 22:39:07.628+00:00 Imported blocks                            blockNumber=20106497 slot=9311895 blocks=106496 txs=17337157 mgas=1611066 bps=31.83 tps=5095 mgps=481.5 avgBps=29.78 avgTps=4848 avgMGps=450.6 elapsed=59m35s598ms
Sep 01 22:43:10 nimbus-eth1-mainnet-short-benchmark[1946123]: INF 2026-09-01 22:43:10.465+00:00 Imported blocks                            blockNumber=20114689 slot=9320146 blocks=114688 txs=18632097 mgas=1735123 bps=33.73 tps=5332 mgps=510.9 avgBps=30.04 avgTps=4879 avgMGps=454.4 elapsed=1h3m38s
Sep 01 22:47:01 nimbus-eth1-mainnet-short-benchmark[1946123]: INF 2026-09-01 22:47:01.145+00:00 Imported blocks                            blockNumber=20122881 slot=9328409 blocks=122880 txs=19937418 mgas=1859249 bps=35.51 tps=5658 mgps=538.1 avgBps=30.35 avgTps=4923 avgMGps=459.2 elapsed=1h7m29s
Sep 01 22:50:48 nimbus-eth1-mainnet-short-benchmark[1946123]: INF 2026-09-01 22:50:48.122+00:00 Imported blocks                            blockNumber=20131073 slot=9336660 blocks=131072 txs=21214129 mgas=1983500 bps=36.09 tps=5624 mgps=547.4 avgBps=30.65 avgTps=4961 avgMGps=463.9 elapsed=1h11m16s
Sep 01 22:54:34 nimbus-eth1-mainnet-short-benchmark[1946123]: INF 2026-09-01 22:54:34.843+00:00 Imported blocks                            blockNumber=20139265 slot=9344906 blocks=139264 txs=22579079 mgas=2107571 bps=36.13 tps=6020 mgps=547.2 avgBps=30.93 avgTps=5014 avgMGps=468.1 elapsed=1h15m2s
Sep 01 22:59:08 nimbus-eth1-mainnet-short-benchmark[1946123]: INF 2026-09-01 22:59:08.711+00:00 Imported blocks                            blockNumber=20147457 slot=9353153 blocks=147456 txs=24133322 mgas=2231686 bps=29.91 tps=5675 mgps=453.2 avgBps=30.87 avgTps=5052 avgMGps=467.2 elapsed=1h19m36s
Sep 01 23:03:27 nimbus-eth1-mainnet-short-benchmark[1946123]: INF 2026-09-01 23:03:27.867+00:00 Imported blocks                            blockNumber=20155649 slot=9361407 blocks=155648 txs=25424015 mgas=2356018 bps=31.61 tps=4980 mgps=479.8 avgBps=30.91 avgTps=5048 avgMGps=467.9 elapsed=1h23m55s
Sep 01 23:07:26 nimbus-eth1-mainnet-short-benchmark[1946123]: INF 2026-09-01 23:07:26.396+00:00 Imported blocks                            blockNumber=20163841 slot=9369652 blocks=163840 txs=26749549 mgas=2480207 bps=34.34 tps=5557 mgps=520.6 avgBps=31.06 avgTps=5071 avgMGps=470.2 elapsed=1h27m54s
Sep 01 23:11:20 nimbus-eth1-mainnet-short-benchmark[1946123]: INF 2026-09-01 23:11:20.137+00:00 Imported blocks                            blockNumber=20172033 slot=9377892 blocks=172032 txs=28105316 mgas=2604026 bps=35.05 tps=5800 mgps=529.7 avgBps=31.23 avgTps=5102 avgMGps=472.8 elapsed=1h31m48s
Sep 01 23:15:18 nimbus-eth1-mainnet-short-benchmark[1946123]: INF 2026-09-01 23:15:18.069+00:00 Imported blocks                            blockNumber=20180225 slot=9386128 blocks=180224 txs=29524405 mgas=2728170 bps=34.43 tps=5964 mgps=521.8 avgBps=31.36 avgTps=5138 avgMGps=474.8 elapsed=1h35m46s
Sep 01 23:18:59 nimbus-eth1-mainnet-short-benchmark[1946123]: INF 2026-09-01 23:18:59.246+00:00 Imported blocks                            blockNumber=20188417 slot=9394365 blocks=188416 txs=30849021 mgas=2852023 bps=37.04 tps=5988 mgps=560.0 avgBps=31.58 avgTps=5169 avgMGps=477.9 elapsed=1h39m27s
Sep 01 23:23:06 nimbus-eth1-mainnet-short-benchmark[1946123]: INF 2026-09-01 23:23:06.563+00:00 Imported blocks                            blockNumber=20196609 slot=9402602 blocks=196608 txs=32174755 mgas=2976155 bps=33.12 tps=5360 mgps=501.9 avgBps=31.64 avgTps=5177 avgMGps=478.9 elapsed=1h43m34s
Sep 01 23:27:24 nimbus-eth1-mainnet-short-benchmark[1946123]: INF 2026-09-01 23:27:24.719+00:00 Imported blocks                            blockNumber=20204801 slot=9410840 blocks=204800 txs=33475942 mgas=3100410 bps=31.73 tps=5040 mgps=481.3 avgBps=31.64 avgTps=5171 avgMGps=479.0 elapsed=1h47m52s
Sep 01 23:31:24 nimbus-eth1-mainnet-short-benchmark[1946123]: INF 2026-09-01 23:31:24.984+00:00 Imported blocks                            blockNumber=20212993 slot=9419071 blocks=212992 txs=34798508 mgas=3224370 bps=34.10 tps=5504 mgps=515.9 avgBps=31.73 avgTps=5183 avgMGps=480.3 elapsed=1h51m52s
Sep 01 23:35:17 nimbus-eth1-mainnet-short-benchmark[1946123]: INF 2026-09-01 23:35:17.392+00:00 Imported blocks                            blockNumber=20221185 slot=9427313 blocks=221184 txs=36114045 mgas=3348169 bps=35.25 tps=5660 mgps=532.7 avgBps=31.85 avgTps=5199 avgMGps=482.1 elapsed=1h55m45s
Sep 01 23:38:52 nimbus-eth1-mainnet-short-benchmark[1946123]: INF 2026-09-01 23:38:52.009+00:00 Imported blocks                            blockNumber=20229377 slot=9435549 blocks=229376 txs=37421794 mgas=3472031 bps=38.17 tps=6093 mgps=577.1 avgBps=32.04 avgTps=5226 avgMGps=484.9 elapsed=1h59m19s
Sep 01 23:42:38 nimbus-eth1-mainnet-short-benchmark[1946123]: INF 2026-09-01 23:42:38.406+00:00 Imported blocks                            blockNumber=20237569 slot=9443788 blocks=237568 txs=38842064 mgas=3596351 bps=36.18 tps=6273 mgps=549.1 avgBps=32.16 avgTps=5258 avgMGps=486.9 elapsed=2h3m6s
Sep 01 23:46:42 nimbus-eth1-mainnet-short-benchmark[1946123]: INF 2026-09-01 23:46:42.239+00:00 Imported blocks                            blockNumber=20245761 slot=9452021 blocks=245760 txs=40225739 mgas=3720100 bps=33.60 tps=5674 mgps=507.5 avgBps=32.21 avgTps=5271 avgMGps=487.5 elapsed=2h7m10s
Sep 01 23:51:00 nimbus-eth1-mainnet-short-benchmark[1946123]: INF 2026-09-01 23:51:00.435+00:00 Imported blocks                            blockNumber=20253953 slot=9460253 blocks=253952 txs=41454921 mgas=3844385 bps=31.73 tps=4760 mgps=481.4 avgBps=32.19 avgTps=5255 avgMGps=487.3 elapsed=2h11m28s
Sep 01 23:55:05 nimbus-eth1-mainnet-short-benchmark[1946123]: INF 2026-09-01 23:55:05.576+00:00 Imported blocks                            blockNumber=20262145 slot=9468495 blocks=262144 txs=42726051 mgas=3968623 bps=33.42 tps=5185 mgps=506.8 avgBps=32.23 avgTps=5253 avgMGps=487.9 elapsed=2h15m33s
Sep 01 23:58:54 nimbus-eth1-mainnet-short-benchmark[1946123]: INF 2026-09-01 23:58:54.461+00:00 Imported blocks                            blockNumber=20270337 slot=9476748 blocks=270336 txs=44050436 mgas=4092682 bps=35.79 tps=5786 mgps=542.0 avgBps=32.33 avgTps=5267 avgMGps=489.4 elapsed=2h19m22s
Sep 02 00:02:27 nimbus-eth1-mainnet-short-benchmark[1946123]: INF 2026-09-02 00:02:27.738+00:00 Imported blocks                            blockNumber=20278529 slot=9484981 blocks=278528 txs=45382368 mgas=4216487 bps=38.41 tps=6245 mgps=580.5 avgBps=32.48 avgTps=5291 avgMGps=491.7 elapsed=2h22m55s
Sep 02 00:06:07 nimbus-eth1-mainnet-short-benchmark[1946123]: INF 2026-09-02 00:06:07.730+00:00 Imported blocks                            blockNumber=20286721 slot=9493213 blocks=286720 txs=46733429 mgas=4340363 bps=37.24 tps=6141 mgps=563.1 avgBps=32.60 avgTps=5313 avgMGps=493.5 elapsed=2h26m35s
Sep 02 00:10:07 nimbus-eth1-mainnet-short-benchmark[1946123]: INF 2026-09-02 00:10:07.043+00:00 Imported blocks                            blockNumber=20294913 slot=9501453 blocks=294912 txs=48075887 mgas=4464376 bps=34.23 tps=5609 mgps=518.2 avgBps=32.64 avgTps=5321 avgMGps=494.1 elapsed=2h30m35s
Sep 02 00:14:02 nimbus-eth1-mainnet-short-benchmark[1946123]: INF 2026-09-02 00:14:02.884+00:00 Imported blocks                            blockNumber=20303105 slot=9509696 blocks=303104 txs=49379538 mgas=4588534 bps=34.74 tps=5527 mgps=526.4 avgBps=32.69 avgTps=5326 avgMGps=494.9 elapsed=2h34m30s
Sep 02 00:17:52 nimbus-eth1-mainnet-short-benchmark[1946123]: INF 2026-09-02 00:17:52.208+00:00 Imported blocks                            blockNumber=20311297 slot=9517922 blocks=311296 txs=50637672 mgas=4712596 bps=35.72 tps=5486 mgps=541.0 avgBps=32.77 avgTps=5330 avgMGps=496.1 elapsed=2h38m20s
Sep 02 00:21:32 nimbus-eth1-mainnet-short-benchmark[1946123]: INF 2026-09-02 00:21:32.541+00:00 Imported blocks                            blockNumber=20319489 slot=9526159 blocks=319488 txs=51981692 mgas=4836521 bps=37.18 tps=6099 mgps=562.4 avgBps=32.87 avgTps=5347 avgMGps=497.6 elapsed=2h42m512ms
Sep 02 00:24:53 nimbus-eth1-mainnet-short-benchmark[1946123]: INF 2026-09-02 00:24:53.050+00:00 Imported blocks                            blockNumber=20327681 slot=9534381 blocks=327680 txs=53356123 mgas=4960245 bps=40.86 tps=6854 mgps=617.0 avgBps=33.03 avgTps=5378 avgMGps=500.0 elapsed=2h45m21s
Sep 02 00:28:13 nimbus-eth1-mainnet-short-benchmark[1946123]: INF 2026-09-02 00:28:13.540+00:00 Imported blocks                            blockNumber=20335873 slot=9542617 blocks=335872 txs=54719105 mgas=5084025 bps=40.86 tps=6798 mgps=617.4 avgBps=33.18 avgTps=5406 avgMGps=502.3 elapsed=2h48m41s
Sep 02 00:31:52 nimbus-eth1-mainnet-short-benchmark[1946123]: INF 2026-09-02 00:31:52.160+00:00 Imported blocks                            blockNumber=20344065 slot=9550841 blocks=344064 txs=56021853 mgas=5207843 bps=37.47 tps=5958 mgps=566.4 avgBps=33.27 avgTps=5417 avgMGps=503.7 elapsed=2h52m20s
Sep 02 00:35:59 nimbus-eth1-mainnet-short-benchmark[1946123]: INF 2026-09-02 00:35:59.541+00:00 Imported blocks                            blockNumber=20352257 slot=9559072 blocks=352256 txs=57290408 mgas=5332016 bps=33.12 tps=5127 mgps=502.0 avgBps=33.27 avgTps=5411 avgMGps=503.6 elapsed=2h56m27s
Sep 02 00:39:45 nimbus-eth1-mainnet-short-benchmark[1946123]: INF 2026-09-02 00:39:45.238+00:00 Imported blocks                            blockNumber=20360449 slot=9567308 blocks=360448 txs=58543463 mgas=5456201 bps=36.30 tps=5551 mgps=550.2 avgBps=33.33 avgTps=5414 avgMGps=504.6 elapsed=3h13s207ms
Sep 02 00:43:24 nimbus-eth1-mainnet-short-benchmark[1946123]: INF 2026-09-02 00:43:24.027+00:00 Imported blocks                            blockNumber=20368641 slot=9575548 blocks=368640 txs=59874056 mgas=5580204 bps=37.44 tps=6081 mgps=566.8 avgBps=33.42 avgTps=5427 avgMGps=505.8 elapsed=3h3m51s
Sep 02 00:47:10 nimbus-eth1-mainnet-short-benchmark[1946123]: INF 2026-09-02 00:47:10.591+00:00 Imported blocks                            blockNumber=20376833 slot=9583774 blocks=376832 txs=61167066 mgas=5704396 bps=36.16 tps=5707 mgps=548.2 avgBps=33.47 avgTps=5432 avgMGps=506.7 elapsed=3h7m38s
Sep 02 00:50:52 nimbus-eth1-mainnet-short-benchmark[1946123]: INF 2026-09-02 00:50:52.496+00:00 Imported blocks                            blockNumber=20385025 slot=9592009 blocks=385024 txs=62480333 mgas=5828235 bps=36.92 tps=5918 mgps=558.1 avgBps=33.54 avgTps=5442 avgMGps=507.7 elapsed=3h11m20s
Sep 02 00:54:33 nimbus-eth1-mainnet-short-benchmark[1946123]: INF 2026-09-02 00:54:33.201+00:00 Imported blocks                            blockNumber=20393217 slot=9600248 blocks=393216 txs=63800597 mgas=5952136 bps=37.12 tps=5982 mgps=561.4 avgBps=33.60 avgTps=5452 avgMGps=508.7 elapsed=3h15m1s
Sep 02 00:58:06 nimbus-eth1-mainnet-short-benchmark[1946123]: INF 2026-09-02 00:58:06.286+00:00 Imported blocks                            blockNumber=20401409 slot=9608486 blocks=401408 txs=65021243 mgas=6076384 bps=38.44 tps=5728 mgps=583.1 avgBps=33.69 avgTps=5457 avgMGps=510.0 elapsed=3h18m34s
Sep 02 01:01:53 nimbus-eth1-mainnet-short-benchmark[1946123]: INF 2026-09-02 01:01:53.643+00:00 Imported blocks                            blockNumber=20409601 slot=9616707 blocks=409600 txs=66199016 mgas=6200666 bps=36.03 tps=5180 mgps=546.6 avgBps=33.74 avgTps=5452 avgMGps=510.7 elapsed=3h22m21s
Sep 02 01:05:32 nimbus-eth1-mainnet-short-benchmark[1946123]: INF 2026-09-02 01:05:32.580+00:00 Imported blocks                            blockNumber=20417793 slot=9624941 blocks=417792 txs=67453930 mgas=6324823 bps=37.42 tps=5731 mgps=567.1 avgBps=33.80 avgTps=5457 avgMGps=511.7 elapsed=3h26m550ms
Sep 02 01:08:47 nimbus-eth1-mainnet-short-benchmark[1946123]: INF 2026-09-02 01:08:47.085+00:00 Imported blocks                            blockNumber=20425985 slot=9633187 blocks=425984 txs=68814904 mgas=6448778 bps=42.12 tps=6997 mgps=637.3 avgBps=33.93 avgTps=5481 avgMGps=513.6 elapsed=3h29m15s
Sep 02 01:12:01 nimbus-eth1-mainnet-short-benchmark[1946123]: INF 2026-09-02 01:12:01.222+00:00 Imported blocks                            blockNumber=20434177 slot=9641422 blocks=434176 txs=70124508 mgas=6572711 bps=42.20 tps=6745 mgps=638.4 avgBps=34.06 avgTps=5500 avgMGps=515.5 elapsed=3h32m29s
Sep 02 01:15:24 nimbus-eth1-mainnet-short-benchmark[1946123]: INF 2026-09-02 01:15:24.448+00:00 Imported blocks                            blockNumber=20442369 slot=9649657 blocks=442368 txs=71403576 mgas=6696451 bps=40.31 tps=6293 mgps=608.9 avgBps=34.15 avgTps=5512 avgMGps=517.0 elapsed=3h35m52s
Sep 02 01:19:07 nimbus-eth1-mainnet-short-benchmark[1946123]: INF 2026-09-02 01:19:07.052+00:00 Imported blocks                            blockNumber=20450561 slot=9657896 blocks=450560 txs=72659905 mgas=6820521 bps=36.80 tps=5643 mgps=557.3 avgBps=34.20 avgTps=5514 avgMGps=517.7 elapsed=3h39m35s
Sep 02 01:23:09 nimbus-eth1-mainnet-short-benchmark[1946123]: INF 2026-09-02 01:23:09.037+00:00 Imported blocks                            blockNumber=20458753 slot=9666114 blocks=458752 txs=73838533 mgas=6945116 bps=33.85 tps=4870 mgps=514.9 avgBps=34.19 avgTps=5503 avgMGps=517.6 elapsed=3h43m37s
Sep 02 01:26:49 nimbus-eth1-mainnet-short-benchmark[1946123]: INF 2026-09-02 01:26:49.574+00:00 Imported blocks                            blockNumber=20466945 slot=9674343 blocks=466944 txs=75124748 mgas=7068943 bps=37.15 tps=5832 mgps=561.5 avgBps=34.24 avgTps=5508 avgMGps=518.3 elapsed=3h47m17s
Sep 02 01:30:27 nimbus-eth1-mainnet-short-benchmark[1946123]: INF 2026-09-02 01:30:27.671+00:00 Imported blocks                            blockNumber=20475137 slot=9682575 blocks=475136 txs=76420106 mgas=7192870 bps=37.56 tps=5939 mgps=568.2 avgBps=34.29 avgTps=5515 avgMGps=519.1 elapsed=3h50m55s
Sep 02 01:33:55 nimbus-eth1-mainnet-short-benchmark[1946123]: INF 2026-09-02 01:33:55.012+00:00 Imported blocks                            blockNumber=20483329 slot=9690800 blocks=483328 txs=77675422 mgas=7316939 bps=39.51 tps=6054 mgps=598.4 avgBps=34.37 avgTps=5523 avgMGps=520.3 elapsed=3h54m22s
Sep 02 01:37:20 nimbus-eth1-mainnet-short-benchmark[1946123]: INF 2026-09-02 01:37:20.825+00:00 Imported blocks                            blockNumber=20491521 slot=9699019 blocks=491520 txs=78951232 mgas=7440784 bps=39.80 tps=6198 mgps=601.7 avgBps=34.45 avgTps=5533 avgMGps=521.5 elapsed=3h57m48s
Sep 02 01:41:04 nimbus-eth1-mainnet-short-benchmark[1946123]: INF 2026-09-02 01:41:04.858+00:00 Imported blocks                            blockNumber=20499713 slot=9707248 blocks=499712 txs=80189642 mgas=7564669 bps=36.57 tps=5527 mgps=553.0 avgBps=34.48 avgTps=5533 avgMGps=522.0 elapsed=4h1m32s
Sep 02 01:44:49 nimbus-eth1-mainnet-short-benchmark[1946123]: INF 2026-09-02 01:44:49.459+00:00 Imported blocks                            blockNumber=20507905 slot=9715488 blocks=507904 txs=81317763 mgas=7689208 bps=36.47 tps=5022 mgps=554.5 avgBps=34.51 avgTps=5525 avgMGps=522.5 elapsed=4h5m17s
Sep 02 01:48:08 nimbus-eth1-mainnet-short-benchmark[1946123]: INF 2026-09-02 01:48:08.848+00:00 Imported blocks                            blockNumber=20516097 slot=9723715 blocks=516096 txs=82520262 mgas=7813209 bps=41.09 tps=6030 mgps=621.9 avgBps=34.60 avgTps=5532 avgMGps=523.8 elapsed=4h8m36s
Sep 02 01:51:41 nimbus-eth1-mainnet-short-benchmark[1946123]: INF 2026-09-02 01:51:41.149+00:00 Imported blocks                            blockNumber=20524289 slot=9731945 blocks=524288 txs=83780075 mgas=7937233 bps=38.59 tps=5933 mgps=584.2 avgBps=34.65 avgTps=5537 avgMGps=524.6 elapsed=4h12m9s
Sep 02 01:55:18 nimbus-eth1-mainnet-short-benchmark[1946123]: INF 2026-09-02 01:55:18.914+00:00 Imported blocks                            blockNumber=20532481 slot=9740183 blocks=532480 txs=85263862 mgas=8061024 bps=37.62 tps=6813 mgps=568.5 avgBps=34.70 avgTps=5555 avgMGps=525.3 elapsed=4h15m46s
Sep 02 01:59:02 nimbus-eth1-mainnet-short-benchmark[1946123]: INF 2026-09-02 01:59:02.803+00:00 Imported blocks                            blockNumber=20540673 slot=9748418 blocks=540672 txs=86612143 mgas=8185090 bps=36.59 tps=6022 mgps=554.1 avgBps=34.72 avgTps=5562 avgMGps=525.7 elapsed=4h19m30s
Sep 02 02:02:52 nimbus-eth1-mainnet-short-benchmark[1946123]: INF 2026-09-02 02:02:52.263+00:00 Imported blocks                            blockNumber=20548865 slot=9756662 blocks=548864 txs=87802991 mgas=8309513 bps=35.70 tps=5189 mgps=542.2 avgBps=34.74 avgTps=5557 avgMGps=525.9 elapsed=4h23m20s
Sep 02 02:06:39 nimbus-eth1-mainnet-short-benchmark[1946123]: INF 2026-09-02 02:06:39.948+00:00 Imported blocks                            blockNumber=20557057 slot=9764892 blocks=557056 txs=88964987 mgas=8433956 bps=35.98 tps=5103 mgps=546.6 avgBps=34.76 avgTps=5550 avgMGps=526.2 elapsed=4h27m7s
Sep 02 02:10:15 nimbus-eth1-mainnet-short-benchmark[1946123]: INF 2026-09-02 02:10:15.085+00:00 Imported blocks                            blockNumber=20565249 slot=9773131 blocks=565248 txs=90186094 mgas=8558113 bps=38.08 tps=5675 mgps=577.1 avgBps=34.80 avgTps=5552 avgMGps=526.9 elapsed=4h30m43s
Sep 02 02:13:51 nimbus-eth1-mainnet-short-benchmark[1946123]: INF 2026-09-02 02:13:51.842+00:00 Imported blocks                            blockNumber=20573441 slot=9781369 blocks=573440 txs=91404654 mgas=8682228 bps=37.79 tps=5621 mgps=572.6 avgBps=34.84 avgTps=5553 avgMGps=527.5 elapsed=4h34m19s
Sep 02 02:17:22 nimbus-eth1-mainnet-short-benchmark[1946123]: INF 2026-09-02 02:17:22.375+00:00 Imported blocks                            blockNumber=20581633 slot=9789611 blocks=581632 txs=92628389 mgas=8806651 bps=38.91 tps=5812 mgps=591.0 avgBps=34.89 avgTps=5556 avgMGps=528.3 elapsed=4h37m50s
Sep 02 02:21:01 nimbus-eth1-mainnet-short-benchmark[1946123]: INF 2026-09-02 02:21:01.752+00:00 Imported blocks                            blockNumber=20589825 slot=9797855 blocks=589824 txs=93887208 mgas=8931023 bps=37.34 tps=5738 mgps=566.9 avgBps=34.92 avgTps=5558 avgMGps=528.8 elapsed=4h41m29s
Sep 02 02:24:44 nimbus-eth1-mainnet-short-benchmark[1946123]: INF 2026-09-02 02:24:44.801+00:00 Imported blocks                            blockNumber=20598017 slot=9806095 blocks=598016 txs=95163338 mgas=9055310 bps=36.73 tps=5721 mgps=557.2 avgBps=34.95 avgTps=5560 avgMGps=529.2 elapsed=4h45m12s
Sep 02 02:28:28 nimbus-eth1-mainnet-short-benchmark[1946123]: INF 2026-09-02 02:28:28.694+00:00 Imported blocks                            blockNumber=20606209 slot=9814347 blocks=606208 txs=96334664 mgas=9179976 bps=36.59 tps=5231 mgps=556.8 avgBps=34.97 avgTps=5556 avgMGps=529.5 elapsed=4h48m56s
Sep 02 02:32:04 nimbus-eth1-mainnet-short-benchmark[1946123]: INF 2026-09-02 02:32:04.575+00:00 Imported blocks                            blockNumber=20614401 slot=9822581 blocks=614400 txs=97573414 mgas=9304574 bps=37.95 tps=5738 mgps=577.2 avgBps=35.00 avgTps=5558 avgMGps=530.1 elapsed=4h52m32s
Sep 02 02:35:40 nimbus-eth1-mainnet-short-benchmark[1946123]: INF 2026-09-02 02:35:40.060+00:00 Imported blocks                            blockNumber=20622593 slot=9830821 blocks=622592 txs=98874772 mgas=9428835 bps=38.02 tps=6039 mgps=576.7 avgBps=35.04 avgTps=5564 avgMGps=530.7 elapsed=4h56m8s
Sep 02 02:39:08 nimbus-eth1-mainnet-short-benchmark[1946123]: INF 2026-09-02 02:39:08.653+00:00 Imported blocks                            blockNumber=20630785 slot=9839058 blocks=630784 txs=100178707 mgas=9553009 bps=39.27 tps=6250 mgps=595.3 avgBps=35.09 avgTps=5572 avgMGps=531.4 elapsed=4h59m36s
Sep 02 02:42:48 nimbus-eth1-mainnet-short-benchmark[1946123]: INF 2026-09-02 02:42:48.338+00:00 Imported blocks                            blockNumber=20638977 slot=9847313 blocks=638976 txs=101489116 mgas=9677171 bps=37.29 tps=5964 mgps=565.2 avgBps=35.12 avgTps=5577 avgMGps=531.8 elapsed=5h3m16s
Sep 02 02:46:24 nimbus-eth1-mainnet-short-benchmark[1946123]: INF 2026-09-02 02:46:24.139+00:00 Imported blocks                            blockNumber=20647169 slot=9855549 blocks=647168 txs=102730058 mgas=9801643 bps=37.96 tps=5750 mgps=576.8 avgBps=35.15 avgTps=5579 avgMGps=532.3 elapsed=5h6m52s
Sep 02 02:50:13 nimbus-eth1-mainnet-short-benchmark[1946123]: INF 2026-09-02 02:50:13.575+00:00 Imported blocks                            blockNumber=20655361 slot=9863778 blocks=655360 txs=103868002 mgas=9926541 bps=35.71 tps=4959 mgps=544.4 avgBps=35.16 avgTps=5571 avgMGps=532.5 elapsed=5h10m41s
Sep 02 02:53:44 nimbus-eth1-mainnet-short-benchmark[1946123]: INF 2026-09-02 02:53:44.496+00:00 Imported blocks                            blockNumber=20663553 slot=9872013 blocks=663552 txs=105112198 mgas=10051274 bps=38.84 tps=5898 mgps=591.4 avgBps=35.20 avgTps=5575 avgMGps=533.2 elapsed=5h14m12s
Sep 02 02:57:06 nimbus-eth1-mainnet-short-benchmark[1946123]: INF 2026-09-02 02:57:06.490+00:00 Imported blocks                            blockNumber=20671745 slot=9880241 blocks=671744 txs=106395904 mgas=10175177 bps=40.56 tps=6355 mgps=613.4 avgBps=35.25 avgTps=5583 avgMGps=534.0 elapsed=5h17m34s
Sep 02 03:00:32 nimbus-eth1-mainnet-short-benchmark[1946123]: INF 2026-09-02 03:00:32.379+00:00 Imported blocks                            blockNumber=20679937 slot=9888471 blocks=679936 txs=107674271 mgas=10299404 bps=39.79 tps=6209 mgps=603.4 avgBps=35.30 avgTps=5590 avgMGps=534.7 elapsed=5h21m347ms
Sep 02 03:03:50 nimbus-eth1-mainnet-short-benchmark[1946123]: INF 2026-09-02 03:03:50.156+00:00 Imported blocks                            blockNumber=20688129 slot=9896698 blocks=688128 txs=108938536 mgas=10423298 bps=41.42 tps=6392 mgps=626.4 avgBps=35.36 avgTps=5598 avgMGps=535.7 elapsed=5h24m18s
Sep 02 03:07:20 nimbus-eth1-mainnet-short-benchmark[1946123]: INF 2026-09-02 03:07:20.081+00:00 Imported blocks                            blockNumber=20696321 slot=9904930 blocks=696320 txs=110235786 mgas=10547469 bps=39.02 tps=6179 mgps=591.5 avgBps=35.40 avgTps=5604 avgMGps=536.3 elapsed=5h27m48s
Sep 02 03:11:06 nimbus-eth1-mainnet-short-benchmark[1946123]: INF 2026-09-02 03:11:06.362+00:00 Imported blocks                            blockNumber=20704513 slot=9913154 blocks=704512 txs=111483759 mgas=10671677 bps=36.20 tps=5515 mgps=548.9 avgBps=35.41 avgTps=5603 avgMGps=536.4 elapsed=5h31m34s
Sep 02 03:14:39 nimbus-eth1-mainnet-short-benchmark[1946123]: INF 2026-09-02 03:14:39.895+00:00 Imported blocks                            blockNumber=20712705 slot=9921388 blocks=712704 txs=112764170 mgas=10795980 bps=38.36 tps=5996 mgps=582.1 avgBps=35.44 avgTps=5607 avgMGps=536.9 elapsed=5h35m7s
Sep 02 03:17:59 nimbus-eth1-mainnet-short-benchmark[1946123]: INF 2026-09-02 03:17:59.276+00:00 Imported blocks                            blockNumber=20720897 slot=9929633 blocks=720896 txs=114110517 mgas=10919926 bps=41.09 tps=6752 mgps=621.7 avgBps=35.50 avgTps=5619 avgMGps=537.7 elapsed=5h38m27s
Sep 02 03:21:24 nimbus-eth1-mainnet-short-benchmark[1946123]: INF 2026-09-02 03:21:24.861+00:00 Imported blocks                            blockNumber=20729089 slot=9937869 blocks=729088 txs=115449431 mgas=11043768 bps=39.85 tps=6512 mgps=602.4 avgBps=35.54 avgTps=5628 avgMGps=538.4 elapsed=5h41m52s
Sep 02 03:24:43 nimbus-eth1-mainnet-short-benchmark[1946123]: INF 2026-09-02 03:24:43.234+00:00 Imported blocks                            blockNumber=20737281 slot=9946108 blocks=737280 txs=116784468 mgas=11167784 bps=41.30 tps=6730 mgps=625.2 avgBps=35.60 avgTps=5638 avgMGps=539.2 elapsed=5h45m11s
Sep 02 03:28:12 nimbus-eth1-mainnet-short-benchmark[1946123]: INF 2026-09-02 03:28:12.415+00:00 Imported blocks                            blockNumber=20745473 slot=9954342 blocks=745472 txs=118101003 mgas=11291742 bps=39.16 tps=6293 mgps=592.6 avgBps=35.63 avgTps=5645 avgMGps=539.7 elapsed=5h48m40s
Sep 02 03:31:57 nimbus-eth1-mainnet-short-benchmark[1946123]: INF 2026-09-02 03:31:57.180+00:00 Imported blocks                            blockNumber=20753665 slot=9962581 blocks=753664 txs=119337525 mgas=11415859 bps=36.45 tps=5501 mgps=552.2 avgBps=35.64 avgTps=5643 avgMGps=539.9 elapsed=5h52m25s
Sep 02 03:35:30 nimbus-eth1-mainnet-short-benchmark[1946123]: INF 2026-09-02 03:35:30.153+00:00 Imported blocks                            blockNumber=20761857 slot=9970803 blocks=761856 txs=120564314 mgas=11540225 bps=38.46 tps=5760 mgps=583.9 avgBps=35.67 avgTps=5644 avgMGps=540.3 elapsed=5h55m58s
Sep 02 03:38:50 nimbus-eth1-mainnet-short-benchmark[1946123]: INF 2026-09-02 03:38:50.106+00:00 Imported blocks                            blockNumber=20770049 slot=9979058 blocks=770048 txs=121858083 mgas=11663918 bps=40.97 tps=6470 mgps=618.6 avgBps=35.72 avgTps=5652 avgMGps=541.0 elapsed=5h59m18s
Sep 02 03:42:02 nimbus-eth1-mainnet-short-benchmark[1946123]: INF 2026-09-02 03:42:02.032+00:00 Imported blocks                            blockNumber=20778241 slot=9987307 blocks=778240 txs=123161734 mgas=11787906 bps=42.68 tps=6792 mgps=646.0 avgBps=35.78 avgTps=5662 avgMGps=542.0 elapsed=6h2m30s
Sep 02 03:45:08 nimbus-eth1-mainnet-short-benchmark[1946123]: INF 2026-09-02 03:45:08.965+00:00 Imported blocks                            blockNumber=20786433 slot=9995542 blocks=786432 txs=124509456 mgas=11911612 bps=43.82 tps=7209 mgps=661.8 avgBps=35.85 avgTps=5675 avgMGps=543.0 elapsed=6h5m36s
Sep 02 03:48:20 nimbus-eth1-mainnet-short-benchmark[1946123]: INF 2026-09-02 03:48:20.910+00:00 Imported blocks                            blockNumber=20794625 slot=10003781 blocks=794624 txs=125848921 mgas=12035338 bps=42.68 tps=6978 mgps=644.6 avgBps=35.91 avgTps=5687 avgMGps=543.9 elapsed=6h8m48s
Sep 02 03:51:39 nimbus-eth1-mainnet-short-benchmark[1946123]: INF 2026-09-02 03:51:39.300+00:00 Imported blocks                            blockNumber=20802817 slot=10012028 blocks=802816 txs=127089868 mgas=12158989 bps=41.29 tps=6255 mgps=623.3 avgBps=35.96 avgTps=5692 avgMGps=544.6 elapsed=6h12m7s
Sep 02 03:55:03 nimbus-eth1-mainnet-short-benchmark[1946123]: INF 2026-09-02 03:55:03.597+00:00 Imported blocks                            blockNumber=20811009 slot=10020249 blocks=811008 txs=128299762 mgas=12282850 bps=40.10 tps=5922 mgps=606.3 avgBps=35.99 avgTps=5694 avgMGps=545.1 elapsed=6h15m31s
Sep 02 03:58:15 nimbus-eth1-mainnet-short-benchmark[1946123]: INF 2026-09-02 03:58:15.054+00:00 Imported blocks                            blockNumber=20819201 slot=10028481 blocks=819200 txs=129596319 mgas=12406594 bps=42.79 tps=6771 mgps=646.3 avgBps=36.05 avgTps=5703 avgMGps=546.0 elapsed=6h18m43s
Sep 02 04:01:25 nimbus-eth1-mainnet-short-benchmark[1946123]: INF 2026-09-02 04:01:25.335+00:00 Imported blocks                            blockNumber=20827393 slot=10036710 blocks=827392 txs=130916729 mgas=12530249 bps=43.05 tps=6939 mgps=649.9 avgBps=36.11 avgTps=5713 avgMGps=546.9 elapsed=6h21m53s
Sep 02 04:04:35 nimbus-eth1-mainnet-short-benchmark[1946123]: INF 2026-09-02 04:04:35.925+00:00 Imported blocks                            blockNumber=20835585 slot=10044938 blocks=835584 txs=132226625 mgas=12654070 bps=42.98 tps=6872 mgps=649.7 avgBps=36.17 avgTps=5723 avgMGps=547.7 elapsed=6h25m3s
Sep 02 04:07:58 nimbus-eth1-mainnet-short-benchmark[1946123]: INF 2026-09-02 04:07:58.774+00:00 Imported blocks                            blockNumber=20843777 slot=10053164 blocks=843776 txs=133604192 mgas=12777730 bps=40.38 tps=6791 mgps=609.6 avgBps=36.20 avgTps=5732 avgMGps=548.2 elapsed=6h28m26s
Sep 02 04:11:47 nimbus-eth1-mainnet-short-benchmark[1946123]: INF 2026-09-02 04:11:47.930+00:00 Imported blocks                            blockNumber=20851969 slot=10061391 blocks=851968 txs=134900706 mgas=12901664 bps=35.75 tps=5657 mgps=540.8 avgBps=36.20 avgTps=5731 avgMGps=548.2 elapsed=6h32m15s
Sep 02 04:15:23 nimbus-eth1-mainnet-short-benchmark[1946123]: INF 2026-09-02 04:15:23.111+00:00 Imported blocks                            blockNumber=20860161 slot=10069622 blocks=860160 txs=136168750 mgas=13025603 bps=38.07 tps=5892 mgps=576.0 avgBps=36.22 avgTps=5733 avgMGps=548.4 elapsed=6h35m51s
Sep 02 04:18:57 nimbus-eth1-mainnet-short-benchmark[1946123]: INF 2026-09-02 04:18:57.296+00:00 Imported blocks                            blockNumber=20868353 slot=10077838 blocks=868352 txs=137550724 mgas=13149742 bps=38.25 tps=6452 mgps=579.6 avgBps=36.23 avgTps=5739 avgMGps=548.7 elapsed=6h39m25s
Sep 02 04:22:28 nimbus-eth1-mainnet-short-benchmark[1946123]: INF 2026-09-02 04:22:28.757+00:00 Imported blocks                            blockNumber=20876545 slot=10086066 blocks=876544 txs=138954673 mgas=13273457 bps=38.74 tps=6639 mgps=585.1 avgBps=36.26 avgTps=5747 avgMGps=549.0 elapsed=6h42m56s
Sep 02 04:25:56 nimbus-eth1-mainnet-short-benchmark[1946123]: INF 2026-09-02 04:25:56.291+00:00 Imported blocks                            blockNumber=20884737 slot=10094286 blocks=884736 txs=140256178 mgas=13397479 bps=39.47 tps=6271 mgps=597.6 avgBps=36.28 avgTps=5751 avgMGps=549.4 elapsed=6h46m24s
Sep 02 04:29:17 nimbus-eth1-mainnet-short-benchmark[1946123]: INF 2026-09-02 04:29:17.616+00:00 Imported blocks                            blockNumber=20892929 slot=10102512 blocks=892928 txs=141581868 mgas=13521575 bps=40.69 tps=6584 mgps=616.4 avgBps=36.32 avgTps=5758 avgMGps=550.0 elapsed=6h49m45s
Sep 02 04:32:39 nimbus-eth1-mainnet-short-benchmark[1946123]: INF 2026-09-02 04:32:39.513+00:00 Imported blocks                            blockNumber=20901121 slot=10110732 blocks=901120 txs=142875889 mgas=13645572 bps=40.57 tps=6409 mgps=614.2 avgBps=36.35 avgTps=5764 avgMGps=550.5 elapsed=6h53m7s
Sep 02 04:35:59 nimbus-eth1-mainnet-short-benchmark[1946123]: INF 2026-09-02 04:35:59.654+00:00 Imported blocks                            blockNumber=20909313 slot=10118953 blocks=909312 txs=144102308 mgas=13769390 bps=40.93 tps=6127 mgps=618.7 avgBps=36.39 avgTps=5766 avgMGps=551.0 elapsed=6h56m27s
Sep 02 04:39:15 nimbus-eth1-mainnet-short-benchmark[1946123]: INF 2026-09-02 04:39:15.295+00:00 Imported blocks                            blockNumber=20917505 slot=10127176 blocks=917504 txs=145406349 mgas=13893087 bps=41.87 tps=6665 mgps=632.3 avgBps=36.43 avgTps=5773 avgMGps=551.7 elapsed=6h59m43s
Sep 02 04:42:23 nimbus-eth1-mainnet-short-benchmark[1946123]: INF 2026-09-02 04:42:23.401+00:00 Imported blocks                            blockNumber=20925697 slot=10135394 blocks=925696 txs=146718394 mgas=14016820 bps=43.55 tps=6974 mgps=657.8 avgBps=36.49 avgTps=5782 avgMGps=552.5 elapsed=7h2m51s
Sep 02 04:45:43 nimbus-eth1-mainnet-short-benchmark[1946123]: INF 2026-09-02 04:45:43.574+00:00 Imported blocks                            blockNumber=20933889 slot=10143614 blocks=933888 txs=148049109 mgas=14140625 bps=40.92 tps=6647 mgps=618.5 avgBps=36.52 avgTps=5789 avgMGps=553.0 elapsed=7h6m11s
Sep 02 04:48:58 nimbus-eth1-mainnet-short-benchmark[1946123]: INF 2026-09-02 04:48:58.915+00:00 Imported blocks                            blockNumber=20942081 slot=10151840 blocks=942080 txs=149397364 mgas=14264352 bps=41.94 tps=6902 mgps=633.4 avgBps=36.56 avgTps=5798 avgMGps=553.6 elapsed=7h9m26s
Sep 02 04:52:19 nimbus-eth1-mainnet-short-benchmark[1946123]: INF 2026-09-02 04:52:19.024+00:00 Imported blocks                            blockNumber=20950273 slot=10160098 blocks=950272 txs=150765507 mgas=14388237 bps=40.94 tps=6836 mgps=619.1 avgBps=36.60 avgTps=5806 avgMGps=554.1 elapsed=7h12m46s
Sep 02 04:55:50 nimbus-eth1-mainnet-short-benchmark[1946123]: INF 2026-09-02 04:55:50.017+00:00 Imported blocks                            blockNumber=20958465 slot=10168363 blocks=958464 txs=152044771 mgas=14511987 bps=38.83 tps=6062 mgps=586.5 avgBps=36.61 avgTps=5808 avgMGps=554.4 elapsed=7h16m17s
Sep 02 04:59:13 nimbus-eth1-mainnet-short-benchmark[1946123]: INF 2026-09-02 04:59:13.930+00:00 Imported blocks                            blockNumber=20966657 slot=10176609 blocks=966656 txs=153365296 mgas=14635804 bps=40.17 tps=6475 mgps=607.2 avgBps=36.64 avgTps=5813 avgMGps=554.8 elapsed=7h19m41s
Sep 02 05:02:36 nimbus-eth1-mainnet-short-benchmark[1946123]: INF 2026-09-02 05:02:36.436+00:00 Imported blocks                            blockNumber=20974849 slot=10184849 blocks=974848 txs=154744917 mgas=14759580 bps=40.45 tps=6812 mgps=611.2 avgBps=36.67 avgTps=5820 avgMGps=555.2 elapsed=7h23m4s
Sep 02 05:06:05 nimbus-eth1-mainnet-short-benchmark[1946123]: INF 2026-09-02 05:06:05.421+00:00 Imported blocks                            blockNumber=20983041 slot=10193086 blocks=983040 txs=156055229 mgas=14883451 bps=39.20 tps=6269 mgps=592.7 avgBps=36.69 avgTps=5824 avgMGps=555.5 elapsed=7h26m33s
Sep 02 05:09:08 nimbus-eth1-mainnet-short-benchmark[1946123]: INF 2026-09-02 05:09:08.946+00:00 Imported blocks                            blockNumber=20991233 slot=10201319 blocks=991232 txs=157563202 mgas=15007557 bps=44.64 tps=8216 mgps=676.2 avgBps=36.74 avgTps=5840 avgMGps=556.3 elapsed=7h29m36s
Sep 02 05:12:41 nimbus-eth1-mainnet-short-benchmark[1946123]: INF 2026-09-02 05:12:41.403+00:00 Imported blocks                            blockNumber=20999425 slot=10209549 blocks=999424 txs=159003277 mgas=15131383 bps=38.56 tps=6778 mgps=582.8 avgBps=36.76 avgTps=5847 avgMGps=556.5 elapsed=7h33m9s
Sep 02 05:12:56 nimbus-eth1-mainnet-short-benchmark[1946123]: INF 2026-09-02 05:12:56.943+00:00 Imported blocks                            blockNumber=21000001 slot=10210128 blocks=1000000 txs=159109486 mgas=15140191 bps=37.07 tps=6834 mgps=566.8 avgBps=36.76 avgTps=5848 avgMGps=556.5 elapsed=7h33m24s
Sep 02 05:12:56 nimbus-eth1-mainnet-short-benchmark[1946123]: NTC 2026-09-02 05:12:56.943+00:00 Import complete                            blockNumber=21000001 slot=10210128 blocks=1000000 txs=159109486 mgas=15140191
Sep 02 05:12:57 nimbus-eth1-mainnet-short-benchmark[1914084]: <<< ending startNimbusWithImport (success)
Sep 02 05:12:57 nimbus-eth1-mainnet-short-benchmark[1914084]: >>> starting moveBenchmarkingFileToRepo
Sep 02 05:12:57 nimbus-eth1-mainnet-short-benchmark[1914084]: >>> copying debug-csv generated by nimbus to benchmarks repo
Sep 02 05:12:57 nimbus-eth1-mainnet-short-benchmark[1914084]: <<< ending moveBenchmarkingFileToRepo (success)
Sep 02 05:12:57 nimbus-eth1-mainnet-short-benchmark[1914084]: >>> starting generateBuildEnvironmentLogFile
Sep 02 05:13:06 nimbus-eth1-mainnet-short-benchmark[1914084]: <<< ending generateBuildEnvironmentLogFile (success)
Sep 02 05:13:06 nimbus-eth1-mainnet-short-benchmark[1914084]: >>> starting generateSystemdServiceLogs
