Oct 07 18:56:45 nimbus-eth1-mainnet-short-benchmark[1987268]: >>> starting cloneOrFetchBenchmarksRepo
Oct 07 18:56:46 nimbus-eth1-mainnet-short-benchmark[1987268]: >>> Fetching latest changes for nimbus-eth1-benchmarks...
Oct 07 18:56:47 nimbus-eth1-mainnet-short-benchmark[1987316]: HEAD is now at e02d5ea chore: update short benchmark Readme
Oct 07 18:56:47 nimbus-eth1-mainnet-short-benchmark[1987268]: <<< ending cloneOrFetchBenchmarksRepo (success)
Oct 07 18:56:47 nimbus-eth1-mainnet-short-benchmark[1987268]: >>> starting cloneOrFetchNimbusRepo
Oct 07 18:57:02 nimbus-eth1-mainnet-short-benchmark[1987268]: >>> Fetching latest changes for nimbus-eth1...
Oct 07 18:57:04 nimbus-eth1-mainnet-short-benchmark[1987688]: From https://github.com/status-im/nimbus-eth1
Oct 07 18:57:04 nimbus-eth1-mainnet-short-benchmark[1987688]:    29c0cab3d..1f305f844  master              -> origin/master
Oct 07 18:57:04 nimbus-eth1-mainnet-short-benchmark[1987688]:    d4478044e..27c04e4f2  async-block-builder -> origin/async-block-builder
Oct 07 18:57:04 nimbus-eth1-mainnet-short-benchmark[1987688]:  * [new branch]          remove-focil-fields -> origin/remove-focil-fields
Oct 07 18:57:04 nimbus-eth1-mainnet-short-benchmark[1987696]: HEAD is now at 1f305f844 networking: remove DiscoveryV4 support, use DiscoveryV5 only (#4476)
Oct 07 18:57:04 nimbus-eth1-mainnet-short-benchmark[1987268]: >>> Found last benchmarked commit: 29c0cab3
Oct 07 18:57:04 nimbus-eth1-mainnet-short-benchmark[1987268]: >>> Using next commit: 1f305f8442ff292410376b330b795bc56a982705
Oct 07 18:57:04 nimbus-eth1-mainnet-short-benchmark[1987715]: HEAD is now at 1f305f844 networking: remove DiscoveryV4 support, use DiscoveryV5 only (#4476)
Oct 07 18:57:04 nimbus-eth1-mainnet-short-benchmark[1987268]: >>> Current commit: 1f305f844
Oct 07 18:57:04 nimbus-eth1-mainnet-short-benchmark[1987268]: <<< ending cloneOrFetchNimbusRepo (success)
Oct 07 18:57:04 nimbus-eth1-mainnet-short-benchmark[1987268]: >>> starting buildBinaries
Oct 07 18:57:04 nimbus-eth1-mainnet-short-benchmark[1987268]: >>> Building binaries for commit 1f305f84...
Oct 07 18:57:14 nimbus-eth1-mainnet-short-benchmark[1993435]: Building: Nim compiler
Oct 07 19:00:14 nimbus-eth1-mainnet-short-benchmark[1993435]: Building custom Nimble commit: 42ef70c2102a942c46f13eb76872326edd525cec
Oct 07 19:00:25 nimbus-eth1-mainnet-short-benchmark[1993435]: Building Nimble...
Oct 07 19:00:36 nimbus-eth1-mainnet-short-benchmark[1993435]: Replacing nimble binary...
Oct 07 19:00:43 nimbus-eth1-mainnet-short-benchmark[2010373]: Building: build/generate_makefile
Oct 07 19:00:43 nimbus-eth1-mainnet-short-benchmark[2010238]: ROCKSDB CACHED VERSION: 11.8.1
Oct 07 19:00:43 nimbus-eth1-mainnet-short-benchmark[2010641]: RocksDb static libraries already built. Skipping build.
Oct 07 19:00:44 nimbus-eth1-mainnet-short-benchmark[2010373]: Build completed successfully: build/generate_makefile
Oct 07 19:00:44 nimbus-eth1-mainnet-short-benchmark[2010695]: Building: build/nimbus_execution_client
Oct 07 19:00:57 nimbus-eth1-mainnet-short-benchmark[2010813]: /data/status-im/nimbus-eth1/execution_chain/networking/p2p.nim(120, 18) template/generic instantiation of `start` from here
Oct 07 19:00:57 nimbus-eth1-mainnet-short-benchmark[2010813]: /data/status-im/nimbus-eth1/execution_chain/networking/peer_pool.nim(339, 16) template/generic instantiation of `run` from here
Oct 07 19:00:57 nimbus-eth1-mainnet-short-benchmark[2010813]: /data/status-im/nimbus-eth1/execution_chain/networking/peer_pool.nim(229, 19) Warning: Use `race` instead; one is deprecated [Deprecated]
Oct 07 19:00:57 nimbus-eth1-mainnet-short-benchmark[2010813]: /data/status-im/nimbus-eth1/execution_chain/networking/p2p.nim(120, 18) template/generic instantiation of `start` from here
Oct 07 19:00:57 nimbus-eth1-mainnet-short-benchmark[2010813]: /data/status-im/nimbus-eth1/execution_chain/networking/peer_pool.nim(339, 16) template/generic instantiation of `run` from here
Oct 07 19:00:57 nimbus-eth1-mainnet-short-benchmark[2010813]: /data/status-im/nimbus-eth1/vendor/nim-chronos/chronos/internal/asyncmacro.nim(609, 46) template/generic instantiation of `internalRaiseIfError` from here
Oct 07 19:00:57 nimbus-eth1-mainnet-short-benchmark[2010813]: /data/status-im/nimbus-eth1/execution_chain/networking/peer_pool.nim(229, 22) Warning: Use `race` instead; one is deprecated [Deprecated]
Oct 07 19:00:57 nimbus-eth1-mainnet-short-benchmark[2010813]: /data/status-im/nimbus-eth1/execution_chain/networking/p2p.nim(120, 18) template/generic instantiation of `start` from here
Oct 07 19:00:57 nimbus-eth1-mainnet-short-benchmark[2010813]: /data/status-im/nimbus-eth1/execution_chain/networking/peer_pool.nim(339, 16) template/generic instantiation of `run` from here
Oct 07 19:00:57 nimbus-eth1-mainnet-short-benchmark[2010813]: /data/status-im/nimbus-eth1/execution_chain/networking/peer_pool.nim(229, 19) Warning: Use `race` instead; one is deprecated [Deprecated]
Oct 07 19:01:06 nimbus-eth1-mainnet-short-benchmark[2010813]: /data/status-im/nimbus-eth1/execution_chain/sync/wire_protocol/eth/eth_broadcast.nim(641, 38) template/generic instantiation of `async` from here
Oct 07 19:01:06 nimbus-eth1-mainnet-short-benchmark[2010813]: /data/status-im/nimbus-eth1/execution_chain/sync/wire_protocol/eth/eth_broadcast.nim(651, 19) Warning: Use `race` instead; one is deprecated [Deprecated]
Oct 07 19:01:06 nimbus-eth1-mainnet-short-benchmark[2010813]: /data/status-im/nimbus-eth1/execution_chain/sync/wire_protocol/eth/eth_broadcast.nim(641, 38) template/generic instantiation of `async` from here
Oct 07 19:01:06 nimbus-eth1-mainnet-short-benchmark[2010813]: /data/status-im/nimbus-eth1/vendor/nim-chronos/chronos/internal/asyncmacro.nim(609, 46) template/generic instantiation of `internalRaiseIfError` from here
Oct 07 19:01:06 nimbus-eth1-mainnet-short-benchmark[2010813]: /data/status-im/nimbus-eth1/execution_chain/sync/wire_protocol/eth/eth_broadcast.nim(651, 22) Warning: Use `race` instead; one is deprecated [Deprecated]
Oct 07 19:01:06 nimbus-eth1-mainnet-short-benchmark[2010813]: /data/status-im/nimbus-eth1/execution_chain/sync/wire_protocol/eth/eth_broadcast.nim(641, 38) template/generic instantiation of `async` from here
Oct 07 19:01:06 nimbus-eth1-mainnet-short-benchmark[2010813]: /data/status-im/nimbus-eth1/execution_chain/sync/wire_protocol/eth/eth_broadcast.nim(651, 19) Warning: Use `race` instead; one is deprecated [Deprecated]
Oct 07 19:01:11 nimbus-eth1-mainnet-short-benchmark[2010813]: @["Unknown constants in file: ", "GAS_LIMIT_SCHEDULE", "GAS_LIMIT", "- EPOCH", "    GAS_LIMIT"]
Oct 07 19:01:11 nimbus-eth1-mainnet-short-benchmark[2010813]: @["Unknown constants in file: ", "GAS_LIMIT_SCHEDULE", "GAS_LIMIT", "- EPOCH", "    GAS_LIMIT"]
Oct 07 19:03:07 nimbus-eth1-mainnet-short-benchmark[2010695]: Build completed successfully: build/nimbus_execution_client
Oct 07 19:03:07 nimbus-eth1-mainnet-short-benchmark[1987268]: >>> renaming binaries to match commit they were built from
Oct 07 19:03:07 nimbus-eth1-mainnet-short-benchmark[1987268]: >>> creating a symbolic link to the latest version
Oct 07 19:03:07 nimbus-eth1-mainnet-short-benchmark[1987268]: >>> deleting copies that are older than N days
Oct 07 19:03:07 nimbus-eth1-mainnet-short-benchmark[1987268]: <<< ending buildBinaries (success)
Oct 07 19:03:07 nimbus-eth1-mainnet-short-benchmark[1987268]: >>> starting skipOrContinueBenchmark
Oct 07 19:03:07 nimbus-eth1-mainnet-short-benchmark[1987268]: <<< ending skipOrContinueBenchmark (success)
Oct 07 19:03:07 nimbus-eth1-mainnet-short-benchmark[1987268]: >>> starting copyTemplateDatabase
Oct 07 19:03:07 nimbus-eth1-mainnet-short-benchmark[1987268]: >>> Copying template db into nimbus data directory
Oct 07 19:06:18 nimbus-eth1-mainnet-short-benchmark[1987268]: >>> Template db copied
Oct 07 19:06:18 nimbus-eth1-mainnet-short-benchmark[1987268]: >>> making nimbus the owner of the copied files
Oct 07 19:06:18 nimbus-eth1-mainnet-short-benchmark[1987268]: <<< ending copyTemplateDatabase (success)
Oct 07 19:06:18 nimbus-eth1-mainnet-short-benchmark[1987268]: >>> starting startNimbusWithImport
Oct 07 19:06:18 nimbus-eth1-mainnet-short-benchmark[2016395]: INF 2026-10-07 19:06:18.206+00:00 Launching execution client                 version=v0.4.2-1f305f84 config="(configFile: none(InputFile), dataDirFlag: some(/data/status-im/nimbus-eth1/data/shared_mainnet_0), era1DirFlag: some(/data/era1), eraDirFlag: some(/data/era), ereDirFlag: none(OutDir), keyStoreDirFlag: none(OutDir), importKey: , trustedSetupFile: none(string), extraData: Nimbus/v0.4.2-1f305f84, gasLimit: none(uint64), maxBlobs: none(byte), network: [mainnet], logLevel: INFO, logFormat: auto, metricsEnabled: false, metricsPort: 9093, metricsAddress: 127.0.0.1, bootstrapNodes: [], elBootstrapNodes: [], bootstrapFile: , elBootstrapFile: , staticPeers: [], staticPeersFile: , reconnectMaxRetry: 0, reconnectInterval: 15, listenAddress: ::, tcpPort: 30303, udpPortFlag: none(Port), maxPeersOpt: none(int), elMaxPeersOpt: none(int), nat: (hasExtIp: false, nat: NatAny), discv5: true, netKey: random, agentString: Nimbus/v0.4.2-1f305f84/linux-amd64/Nim-2.2.12, numThreads: 0, persistBatchSize: 4, dynamicBatchSize: false, rocksdbMaxOpenFiles: 2048, rocksdbWriteBufferSize: 67108864, rocksdbRowCacheSize: 0, rocksdbBlockCacheSize: 2147483648, rocksdbBlockCacheType: hyperclock, rdbVtxCacheSize: 684720128, rdbKeyCacheSize: 1342177280, rdbBranchCacheSize: 1395654656, accLeafCacheSize: 1310720, stoLeafCacheSize: 1441792, rdbPrintStats: false, rewriteDatadirId: true, aristoDbMaxSnapshots: 5, debugParallel: none(bool), parallelStateRootComputationFlag: false, parallelSenderRecoveryFlag: true, optimisticStatePrefetchFlag: false, balStatePrefetchFlag: false, balStatePrefetchWorkers: 0, balParallelExecutionFlag: false, balPruning: true, eagerStateRootCheck: false, deserializeFcState: true, statelessProvider: false, statelessWitnessValidation: false, cmd: import, maxBlocks: 1000000, chunkSize: 8192, csvStats: some("/data/host-benchmarks/short/fe29d063defe4be28f3d1a3fcef7ae79/blocks-import-benchmark.csv"), validation: false, fullValidation: false, storeBodies: false, storeReceipts: false, storeSlotHashes: false)"
Oct 07 19:06:18 nimbus-eth1-mainnet-short-benchmark[2016395]: WRN 2026-10-07 19:06:18.214+00:00 Data directory has insecure permissions. Correcting them. data_dir=/data/status-im/nimbus-eth1/data/shared_mainnet_0 current_permissions=0755 required_permissions=0700
Oct 07 19:06:20 nimbus-eth1-mainnet-short-benchmark[2016395]: INF 2026-10-07 19:06:20.042+00:00 Taskpool started                           numThreads=16
Oct 07 19:06:20 nimbus-eth1-mainnet-short-benchmark[2016395]: CreateIOUring failed: Invalid argument (errno=22), thread=140108223614208
Oct 07 19:06:20 nimbus-eth1-mainnet-short-benchmark[2016395]: INF 2026-10-07 19:06:20.182+00:00 Database initialized                       base="(0xd24fd73f794058a3807db926d8898c6481e902b7edb91ce0d479d6760f276183, 20000000)" finalized="(0xd24fd73f794058a3807db926d8898c6481e902b7edb91ce0d479d6760f276183, 20000000)" head="(0xd4e56740f876aef8c010b86a40d5f56745a118d0906a34e69aec8c0db1cb8fa3, 0)" startOfHistory=0
Oct 07 19:06:20 nimbus-eth1-mainnet-short-benchmark[2016395]: NTC 2026-10-07 19:06:20.182+00:00 Could not open ere database, falling back to era1/era import ereDir=/data/status-im/nimbus-eth1/data/shared_mainnet_0/ere networkName=mainnet error="No ere files found in /data/status-im/nimbus-eth1/data/shared_mainnet_0/ere"
Oct 07 19:06:20 nimbus-eth1-mainnet-short-benchmark[2016395]: NTC 2026-10-07 19:06:20.182+00:00 Importing era archive                      blockNumber=20000001 dataDir=/data/status-im/nimbus-eth1/data/shared_mainnet_0 eraDir=/data/era
Oct 07 19:06:22 nimbus-eth1-mainnet-short-benchmark[2016395]: NTC 2026-10-07 19:06:22.498+00:00 Matched block to slot number               blockNumber=20000001 slot=9204783
Oct 07 19:12:29 nimbus-eth1-mainnet-short-benchmark[2016395]: INF 2026-10-07 19:12:29.825+00:00 Imported blocks                            blockNumber=20008193 slot=9213020 blocks=8192 txs=1226966 mgas=124237 bps=22.16 tps=3319 mgps=336.1 avgBps=22.16 avgTps=3319 avgMGps=336.1 elapsed=6m9s642ms
Oct 07 19:17:56 nimbus-eth1-mainnet-short-benchmark[2016395]: INF 2026-10-07 19:17:56.784+00:00 Imported blocks                            blockNumber=20016385 slot=9221256 blocks=16384 txs=2540380 mgas=248071 bps=25.06 tps=4017 mgps=378.7 avgBps=23.52 avgTps=3646 avgMGps=356.1 elapsed=11m36s601ms
Oct 07 19:23:05 nimbus-eth1-mainnet-short-benchmark[2016395]: INF 2026-10-07 19:23:05.112+00:00 Imported blocks                            blockNumber=20024577 slot=9229485 blocks=24576 txs=3869398 mgas=372018 bps=26.57 tps=4310 mgps=402.0 avgBps=24.46 avgTps=3850 avgMGps=370.2 elapsed=16m44s928ms
Oct 07 19:27:44 nimbus-eth1-mainnet-short-benchmark[2016395]: INF 2026-10-07 19:27:44.100+00:00 Imported blocks                            blockNumber=20032769 slot=9237722 blocks=32768 txs=5222766 mgas=495797 bps=29.36 tps=4850 mgps=443.7 avgBps=25.52 avgTps=4067 avgMGps=386.2 elapsed=21m23s916ms
Oct 07 19:32:10 nimbus-eth1-mainnet-short-benchmark[2016395]: INF 2026-10-07 19:32:10.132+00:00 Imported blocks                            blockNumber=20040961 slot=9245957 blocks=40960 txs=6566802 mgas=619586 bps=30.79 tps=5052 mgps=465.3 avgBps=26.43 avgTps=4236 avgMGps=399.7 elapsed=25m49s948ms
Oct 07 19:36:59 nimbus-eth1-mainnet-short-benchmark[2016395]: INF 2026-10-07 19:36:59.000+00:00 Imported blocks                            blockNumber=20049153 slot=9254196 blocks=49152 txs=7904746 mgas=743522 bps=28.36 tps=4631 mgps=429.0 avgBps=26.73 avgTps=4298 avgMGps=404.3 elapsed=30m38s817ms
Oct 07 19:41:38 nimbus-eth1-mainnet-short-benchmark[2016395]: INF 2026-10-07 19:41:38.536+00:00 Imported blocks                            blockNumber=20057345 slot=9262435 blocks=57344 txs=9212009 mgas=867360 bps=29.31 tps=4676 mgps=443.0 avgBps=27.07 avgTps=4348 avgMGps=409.5 elapsed=35m18s352ms
Oct 07 19:45:55 nimbus-eth1-mainnet-short-benchmark[2016395]: INF 2026-10-07 19:45:55.016+00:00 Imported blocks                            blockNumber=20065537 slot=9270674 blocks=65536 txs=10559018 mgas=991371 bps=31.94 tps=5251 mgps=483.5 avgBps=27.60 avgTps=4446 avgMGps=417.4 elapsed=39m34s831ms
Oct 07 19:49:58 nimbus-eth1-mainnet-short-benchmark[2016395]: INF 2026-10-07 19:49:58.260+00:00 Imported blocks                            blockNumber=20073729 slot=9278910 blocks=73728 txs=11898676 mgas=1115111 bps=33.68 tps=5507 mgps=508.7 avgBps=28.16 avgTps=4544 avgMGps=425.9 elapsed=43m38s81ms
Oct 07 19:53:53 nimbus-eth1-mainnet-short-benchmark[2016395]: INF 2026-10-07 19:53:53.657+00:00 Imported blocks                            blockNumber=20081921 slot=9287152 blocks=81920 txs=13323263 mgas=1239150 bps=34.80 tps=6051 mgps=526.9 avgBps=28.71 avgTps=4669 avgMGps=434.3 elapsed=47m33s473ms
Oct 07 19:57:47 nimbus-eth1-mainnet-short-benchmark[2016395]: INF 2026-10-07 19:57:47.934+00:00 Imported blocks                            blockNumber=20090113 slot=9295408 blocks=90112 txs=14697082 mgas=1363113 bps=34.97 tps=5864 mgps=529.1 avgBps=29.18 avgTps=4759 avgMGps=441.5 elapsed=51m27s750ms
Oct 07 20:01:56 nimbus-eth1-mainnet-short-benchmark[2016395]: INF 2026-10-07 20:01:56.706+00:00 Imported blocks                            blockNumber=20098305 slot=9303658 blocks=98304 txs=16025683 mgas=1487146 bps=32.93 tps=5340 mgps=498.6 avgBps=29.46 avgTps=4803 avgMGps=445.7 elapsed=55m36s522ms
Oct 07 20:06:16 nimbus-eth1-mainnet-short-benchmark[2016395]: INF 2026-10-07 20:06:16.186+00:00 Imported blocks                            blockNumber=20106497 slot=9311895 blocks=106496 txs=17337157 mgas=1611066 bps=31.57 tps=5054 mgps=477.6 avgBps=29.62 avgTps=4821 avgMGps=448.0 elapsed=59m56s3ms
Oct 07 20:10:21 nimbus-eth1-mainnet-short-benchmark[2016395]: INF 2026-10-07 20:10:21.555+00:00 Imported blocks                            blockNumber=20114689 slot=9320146 blocks=114688 txs=18632097 mgas=1735123 bps=33.39 tps=5277 mgps=505.6 avgBps=29.86 avgTps=4850 avgMGps=451.7 elapsed=1h4m1s
Oct 07 20:14:13 nimbus-eth1-mainnet-short-benchmark[2016395]: INF 2026-10-07 20:14:13.152+00:00 Imported blocks                            blockNumber=20122881 slot=9328409 blocks=122880 txs=19937418 mgas=1859249 bps=35.37 tps=5636 mgps=536.0 avgBps=30.17 avgTps=4895 avgMGps=456.5 elapsed=1h7m52s
Oct 07 20:18:01 nimbus-eth1-mainnet-short-benchmark[2016395]: INF 2026-10-07 20:18:01.172+00:00 Imported blocks                            blockNumber=20131073 slot=9336660 blocks=131072 txs=21214129 mgas=1983500 bps=35.93 tps=5599 mgps=544.9 avgBps=30.47 avgTps=4932 avgMGps=461.2 elapsed=1h11m40s
Oct 07 20:21:49 nimbus-eth1-mainnet-short-benchmark[2016395]: INF 2026-10-07 20:21:49.993+00:00 Imported blocks                            blockNumber=20139265 slot=9344906 blocks=139264 txs=22579079 mgas=2107571 bps=35.80 tps=5965 mgps=542.2 avgBps=30.74 avgTps=4984 avgMGps=465.3 elapsed=1h15m29s
Oct 07 20:26:24 nimbus-eth1-mainnet-short-benchmark[2016395]: INF 2026-10-07 20:26:24.761+00:00 Imported blocks                            blockNumber=20147457 slot=9353153 blocks=147456 txs=24133322 mgas=2231686 bps=29.81 tps=5656 mgps=451.7 avgBps=30.69 avgTps=5022 avgMGps=464.5 elapsed=1h20m4s
Oct 07 20:30:45 nimbus-eth1-mainnet-short-benchmark[2016395]: INF 2026-10-07 20:30:45.009+00:00 Imported blocks                            blockNumber=20155649 slot=9361407 blocks=155648 txs=25424015 mgas=2356018 bps=31.48 tps=4959 mgps=477.8 avgBps=30.73 avgTps=5019 avgMGps=465.2 elapsed=1h24m24s
Oct 07 20:34:47 nimbus-eth1-mainnet-short-benchmark[2016395]: INF 2026-10-07 20:34:47.226+00:00 Imported blocks                            blockNumber=20163841 slot=9369652 blocks=163840 txs=26749549 mgas=2480207 bps=33.82 tps=5472 mgps=512.7 avgBps=30.87 avgTps=5040 avgMGps=467.3 elapsed=1h28m27s
Oct 07 20:38:42 nimbus-eth1-mainnet-short-benchmark[2016395]: INF 2026-10-07 20:38:42.414+00:00 Imported blocks                            blockNumber=20172033 slot=9377892 blocks=172032 txs=28105316 mgas=2604026 bps=34.83 tps=5764 mgps=526.5 avgBps=31.04 avgTps=5071 avgMGps=469.9 elapsed=1h32m22s
Oct 07 20:42:44 nimbus-eth1-mainnet-short-benchmark[2016395]: INF 2026-10-07 20:42:44.011+00:00 Imported blocks                            blockNumber=20180225 slot=9386128 blocks=180224 txs=29524405 mgas=2728170 bps=33.91 tps=5873 mgps=513.9 avgBps=31.16 avgTps=5104 avgMGps=471.7 elapsed=1h36m23s
Oct 07 20:46:28 nimbus-eth1-mainnet-short-benchmark[2016395]: INF 2026-10-07 20:46:28.532+00:00 Imported blocks                            blockNumber=20188417 slot=9394365 blocks=188416 txs=30849021 mgas=2852023 bps=36.49 tps=5899 mgps=551.6 avgBps=31.36 avgTps=5134 avgMGps=474.7 elapsed=1h40m8s
Oct 07 20:50:38 nimbus-eth1-mainnet-short-benchmark[2016395]: INF 2026-10-07 20:50:38.984+00:00 Imported blocks                            blockNumber=20196609 slot=9402602 blocks=196608 txs=32174755 mgas=2976155 bps=32.71 tps=5293 mgps=495.6 avgBps=31.41 avgTps=5140 avgMGps=475.5 elapsed=1h44m18s
Oct 07 20:55:02 nimbus-eth1-mainnet-short-benchmark[2016395]: INF 2026-10-07 20:55:02.188+00:00 Imported blocks                            blockNumber=20204801 slot=9410840 blocks=204800 txs=33475942 mgas=3100410 bps=31.12 tps=4943 mgps=472.1 avgBps=31.40 avgTps=5132 avgMGps=475.4 elapsed=1h48m42s
Oct 07 20:59:03 nimbus-eth1-mainnet-short-benchmark[2016395]: INF 2026-10-07 20:59:03.817+00:00 Imported blocks                            blockNumber=20212993 slot=9419071 blocks=212992 txs=34798508 mgas=3224370 bps=33.90 tps=5473 mgps=513.0 avgBps=31.49 avgTps=5144 avgMGps=476.7 elapsed=1h52m43s
Oct 07 21:02:57 nimbus-eth1-mainnet-short-benchmark[2016395]: INF 2026-10-07 21:02:57.770+00:00 Imported blocks                            blockNumber=20221185 slot=9427313 blocks=221184 txs=36114045 mgas=3348169 bps=35.02 tps=5623 mgps=529.2 avgBps=31.61 avgTps=5160 avgMGps=478.5 elapsed=1h56m37s
Oct 07 21:06:34 nimbus-eth1-mainnet-short-benchmark[2016395]: INF 2026-10-07 21:06:34.407+00:00 Imported blocks                            blockNumber=20229377 slot=9435549 blocks=229376 txs=37421794 mgas=3472031 bps=37.81 tps=6036 mgps=571.7 avgBps=31.79 avgTps=5187 avgMGps=481.3 elapsed=2h14s225ms
Oct 07 21:10:21 nimbus-eth1-mainnet-short-benchmark[2016395]: INF 2026-10-07 21:10:21.195+00:00 Imported blocks                            blockNumber=20237569 slot=9443788 blocks=237568 txs=38842064 mgas=3596351 bps=36.12 tps=6262 mgps=548.2 avgBps=31.93 avgTps=5219 avgMGps=483.3 elapsed=2h4m1s
Oct 07 21:14:27 nimbus-eth1-mainnet-short-benchmark[2016395]: INF 2026-10-07 21:14:27.576+00:00 Imported blocks                            blockNumber=20245761 slot=9452021 blocks=245760 txs=40225739 mgas=3720100 bps=33.25 tps=5615 mgps=502.3 avgBps=31.97 avgTps=5232 avgMGps=483.9 elapsed=2h8m7s
Oct 07 21:18:45 nimbus-eth1-mainnet-short-benchmark[2016395]: INF 2026-10-07 21:18:45.992+00:00 Imported blocks                            blockNumber=20253953 slot=9460253 blocks=253952 txs=41454921 mgas=3844385 bps=31.70 tps=4756 mgps=480.9 avgBps=31.96 avgTps=5217 avgMGps=483.8 elapsed=2h12m25s
Oct 07 21:22:52 nimbus-eth1-mainnet-short-benchmark[2016395]: INF 2026-10-07 21:22:52.089+00:00 Imported blocks                            blockNumber=20262145 slot=9468495 blocks=262144 txs=42726051 mgas=3968623 bps=33.29 tps=5165 mgps=504.8 avgBps=32.00 avgTps=5215 avgMGps=484.5 elapsed=2h16m31s
Oct 07 21:26:41 nimbus-eth1-mainnet-short-benchmark[2016395]: INF 2026-10-07 21:26:41.741+00:00 Imported blocks                            blockNumber=20270337 slot=9476748 blocks=270336 txs=44050436 mgas=4092682 bps=35.67 tps=5766 mgps=540.2 avgBps=32.10 avgTps=5230 avgMGps=486.0 elapsed=2h20m21s
Oct 07 21:30:16 nimbus-eth1-mainnet-short-benchmark[2016395]: INF 2026-10-07 21:30:16.870+00:00 Imported blocks                            blockNumber=20278529 slot=9484981 blocks=278528 txs=45382368 mgas=4216487 bps=38.08 tps=6191 mgps=575.5 avgBps=32.25 avgTps=5254 avgMGps=488.2 elapsed=2h23m56s
Oct 07 21:33:57 nimbus-eth1-mainnet-short-benchmark[2016395]: INF 2026-10-07 21:33:57.451+00:00 Imported blocks                            blockNumber=20286721 slot=9493213 blocks=286720 txs=46733429 mgas=4340363 bps=37.14 tps=6124 mgps=561.6 avgBps=32.37 avgTps=5276 avgMGps=490.0 elapsed=2h27m37s
Oct 07 21:38:00 nimbus-eth1-mainnet-short-benchmark[2016395]: INF 2026-10-07 21:38:00.803+00:00 Imported blocks                            blockNumber=20294913 slot=9501453 blocks=294912 txs=48075887 mgas=4464376 bps=33.66 tps=5516 mgps=509.6 avgBps=32.41 avgTps=5282 avgMGps=490.6 elapsed=2h31m40s
Oct 07 21:41:56 nimbus-eth1-mainnet-short-benchmark[2016395]: INF 2026-10-07 21:41:56.684+00:00 Imported blocks                            blockNumber=20303105 slot=9509696 blocks=303104 txs=49379538 mgas=4588534 bps=34.73 tps=5526 mgps=526.4 avgBps=32.46 avgTps=5288 avgMGps=491.5 elapsed=2h35m36s
Oct 07 21:45:47 nimbus-eth1-mainnet-short-benchmark[2016395]: INF 2026-10-07 21:45:47.345+00:00 Imported blocks                            blockNumber=20311297 slot=9517922 blocks=311296 txs=50637672 mgas=4712596 bps=35.52 tps=5454 mgps=537.9 avgBps=32.54 avgTps=5292 avgMGps=492.6 elapsed=2h39m27s
Oct 07 21:49:28 nimbus-eth1-mainnet-short-benchmark[2016395]: INF 2026-10-07 21:49:28.062+00:00 Imported blocks                            blockNumber=20319489 slot=9526159 blocks=319488 txs=51981692 mgas=4836521 bps=37.12 tps=6089 mgps=561.5 avgBps=32.64 avgTps=5310 avgMGps=494.1 elapsed=2h43m7s
Oct 07 21:52:50 nimbus-eth1-mainnet-short-benchmark[2016395]: INF 2026-10-07 21:52:50.099+00:00 Imported blocks                            blockNumber=20327681 slot=9534381 blocks=327680 txs=53356123 mgas=4960245 bps=40.55 tps=6802 mgps=612.4 avgBps=32.80 avgTps=5340 avgMGps=496.5 elapsed=2h46m29s
Oct 07 21:56:12 nimbus-eth1-mainnet-short-benchmark[2016395]: INF 2026-10-07 21:56:12.256+00:00 Imported blocks                            blockNumber=20335873 slot=9542617 blocks=335872 txs=54719105 mgas=5084025 bps=40.52 tps=6742 mgps=612.3 avgBps=32.95 avgTps=5368 avgMGps=498.8 elapsed=2h49m52s
Oct 07 21:59:54 nimbus-eth1-mainnet-short-benchmark[2016395]: INF 2026-10-07 21:59:54.497+00:00 Imported blocks                            blockNumber=20344065 slot=9550841 blocks=344064 txs=56021853 mgas=5207843 bps=36.86 tps=5861 mgps=557.1 avgBps=33.04 avgTps=5379 avgMGps=500.1 elapsed=2h53m34s
Oct 07 22:04:06 nimbus-eth1-mainnet-short-benchmark[2016395]: INF 2026-10-07 22:04:06.917+00:00 Imported blocks                            blockNumber=20352257 slot=9559072 blocks=352256 txs=57290408 mgas=5332016 bps=32.45 tps=5025 mgps=491.9 avgBps=33.02 avgTps=5370 avgMGps=499.9 elapsed=2h57m46s
Oct 07 22:07:58 nimbus-eth1-mainnet-short-benchmark[2016395]: INF 2026-10-07 22:07:58.346+00:00 Imported blocks                            blockNumber=20360449 slot=9567308 blocks=360448 txs=58543463 mgas=5456201 bps=35.40 tps=5414 mgps=536.6 avgBps=33.07 avgTps=5371 avgMGps=500.7 elapsed=3h1m38s
Oct 07 22:11:39 nimbus-eth1-mainnet-short-benchmark[2016395]: INF 2026-10-07 22:11:39.467+00:00 Imported blocks                            blockNumber=20368641 slot=9575548 blocks=368640 txs=59874056 mgas=5580204 bps=37.05 tps=6017 mgps=560.8 avgBps=33.15 avgTps=5384 avgMGps=501.8 elapsed=3h5m19s
Oct 07 22:15:30 nimbus-eth1-mainnet-short-benchmark[2016395]: INF 2026-10-07 22:15:30.927+00:00 Imported blocks                            blockNumber=20376833 slot=9583774 blocks=376832 txs=61167066 mgas=5704396 bps=35.39 tps=5586 mgps=536.6 avgBps=33.20 avgTps=5388 avgMGps=502.6 elapsed=3h9m10s
Oct 07 22:19:19 nimbus-eth1-mainnet-short-benchmark[2016395]: INF 2026-10-07 22:19:19.264+00:00 Imported blocks                            blockNumber=20385025 slot=9592009 blocks=385024 txs=62480333 mgas=5828235 bps=35.88 tps=5751 mgps=542.4 avgBps=33.25 avgTps=5395 avgMGps=503.3 elapsed=3h12m59s
Oct 07 22:23:04 nimbus-eth1-mainnet-short-benchmark[2016395]: INF 2026-10-07 22:23:04.817+00:00 Imported blocks                            blockNumber=20393217 slot=9600248 blocks=393216 txs=63800597 mgas=5952136 bps=36.32 tps=5853 mgps=549.3 avgBps=33.31 avgTps=5404 avgMGps=504.2 elapsed=3h16m44s
Oct 07 22:26:42 nimbus-eth1-mainnet-short-benchmark[2016395]: INF 2026-10-07 22:26:42.238+00:00 Imported blocks                            blockNumber=20401409 slot=9608486 blocks=401408 txs=65021243 mgas=6076384 bps=37.68 tps=5614 mgps=571.5 avgBps=33.39 avgTps=5408 avgMGps=505.4 elapsed=3h20m22s
Oct 07 22:30:34 nimbus-eth1-mainnet-short-benchmark[2016395]: INF 2026-10-07 22:30:34.618+00:00 Imported blocks                            blockNumber=20409601 slot=9616707 blocks=409600 txs=66199016 mgas=6200666 bps=35.25 tps=5068 mgps=534.8 avgBps=33.42 avgTps=5402 avgMGps=506.0 elapsed=3h24m14s
Oct 07 22:34:18 nimbus-eth1-mainnet-short-benchmark[2016395]: INF 2026-10-07 22:34:18.831+00:00 Imported blocks                            blockNumber=20417793 slot=9624941 blocks=417792 txs=67453930 mgas=6324823 bps=36.54 tps=5596 mgps=553.7 avgBps=33.48 avgTps=5405 avgMGps=506.9 elapsed=3h27m58s
Oct 07 22:37:36 nimbus-eth1-mainnet-short-benchmark[2016395]: INF 2026-10-07 22:37:36.420+00:00 Imported blocks                            blockNumber=20425985 slot=9633187 blocks=425984 txs=68814904 mgas=6448778 bps=41.46 tps=6888 mgps=627.3 avgBps=33.60 avgTps=5428 avgMGps=508.7 elapsed=3h31m16s
Oct 07 22:40:52 nimbus-eth1-mainnet-short-benchmark[2016395]: INF 2026-10-07 22:40:52.557+00:00 Imported blocks                            blockNumber=20434177 slot=9641422 blocks=434176 txs=70124508 mgas=6572711 bps=41.77 tps=6676 mgps=631.9 avgBps=33.73 avgTps=5447 avgMGps=510.6 elapsed=3h34m32s
Oct 07 22:44:19 nimbus-eth1-mainnet-short-benchmark[2016395]: INF 2026-10-07 22:44:19.298+00:00 Imported blocks                            blockNumber=20442369 slot=9649657 blocks=442368 txs=71403576 mgas=6696451 bps=39.62 tps=6186 mgps=598.5 avgBps=33.82 avgTps=5459 avgMGps=512.0 elapsed=3h37m59s
Oct 07 22:48:07 nimbus-eth1-mainnet-short-benchmark[2016395]: INF 2026-10-07 22:48:07.131+00:00 Imported blocks                            blockNumber=20450561 slot=9657896 blocks=450560 txs=72659905 mgas=6820521 bps=35.96 tps=5514 mgps=544.6 avgBps=33.86 avgTps=5460 avgMGps=512.6 elapsed=3h41m46s
Oct 07 22:52:15 nimbus-eth1-mainnet-short-benchmark[2016395]: INF 2026-10-07 22:52:15.368+00:00 Imported blocks                            blockNumber=20458753 slot=9666114 blocks=458752 txs=73838533 mgas=6945116 bps=33.00 tps=4748 mgps=501.9 avgBps=33.84 avgTps=5447 avgMGps=512.4 elapsed=3h45m55s
Oct 07 22:55:58 nimbus-eth1-mainnet-short-benchmark[2016395]: INF 2026-10-07 22:55:58.596+00:00 Imported blocks                            blockNumber=20466945 slot=9674343 blocks=466944 txs=75124748 mgas=7068943 bps=36.70 tps=5761 mgps=554.7 avgBps=33.89 avgTps=5452 avgMGps=513.0 elapsed=3h49m38s
Oct 07 22:59:42 nimbus-eth1-mainnet-short-benchmark[2016395]: INF 2026-10-07 22:59:42.501+00:00 Imported blocks                            blockNumber=20475137 slot=9682575 blocks=475136 txs=76420106 mgas=7192870 bps=36.59 tps=5785 mgps=553.5 avgBps=33.93 avgTps=5457 avgMGps=513.7 elapsed=3h53m22s
Oct 07 23:03:14 nimbus-eth1-mainnet-short-benchmark[2016395]: INF 2026-10-07 23:03:14.918+00:00 Imported blocks                            blockNumber=20483329 slot=9690800 blocks=483328 txs=77675422 mgas=7316939 bps=38.57 tps=5909 mgps=584.1 avgBps=34.00 avgTps=5464 avgMGps=514.7 elapsed=3h56m54s
Oct 07 23:06:44 nimbus-eth1-mainnet-short-benchmark[2016395]: INF 2026-10-07 23:06:44.039+00:00 Imported blocks                            blockNumber=20491521 slot=9699019 blocks=491520 txs=78951232 mgas=7440784 bps=39.17 tps=6100 mgps=592.2 avgBps=34.08 avgTps=5473 avgMGps=515.9 elapsed=4h23s856ms
Oct 07 23:10:29 nimbus-eth1-mainnet-short-benchmark[2016395]: INF 2026-10-07 23:10:29.164+00:00 Imported blocks                            blockNumber=20499713 slot=9707248 blocks=499712 txs=80189642 mgas=7564669 bps=36.39 tps=5501 mgps=550.3 avgBps=34.11 avgTps=5474 avgMGps=516.4 elapsed=4h4m8s
Oct 07 23:14:21 nimbus-eth1-mainnet-short-benchmark[2016395]: INF 2026-10-07 23:14:21.973+00:00 Imported blocks                            blockNumber=20507905 slot=9715488 blocks=507904 txs=81317763 mgas=7689208 bps=35.19 tps=4845 mgps=534.9 avgBps=34.13 avgTps=5464 avgMGps=516.7 elapsed=4h8m1s
Oct 07 23:17:47 nimbus-eth1-mainnet-short-benchmark[2016395]: INF 2026-10-07 23:17:47.058+00:00 Imported blocks                            blockNumber=20516097 slot=9723715 blocks=516096 txs=82520262 mgas=7813209 bps=39.94 tps=5863 mgps=604.6 avgBps=34.21 avgTps=5469 avgMGps=517.9 elapsed=4h11m26s
Oct 07 23:21:23 nimbus-eth1-mainnet-short-benchmark[2016395]: INF 2026-10-07 23:21:23.827+00:00 Imported blocks                            blockNumber=20524289 slot=9731945 blocks=524288 txs=83780075 mgas=7937233 bps=37.79 tps=5811 mgps=572.1 avgBps=34.26 avgTps=5474 avgMGps=518.6 elapsed=4h15m3s
Oct 07 23:25:05 nimbus-eth1-mainnet-short-benchmark[2016395]: INF 2026-10-07 23:25:05.151+00:00 Imported blocks                            blockNumber=20532481 slot=9740183 blocks=532480 txs=85263862 mgas=8061024 bps=37.01 tps=6704 mgps=559.3 avgBps=34.30 avgTps=5492 avgMGps=519.2 elapsed=4h18m44s
Oct 07 23:28:51 nimbus-eth1-mainnet-short-benchmark[2016395]: INF 2026-10-07 23:28:51.960+00:00 Imported blocks                            blockNumber=20540673 slot=9748418 blocks=540672 txs=86612143 mgas=8185090 bps=36.12 tps=5944 mgps=547.0 avgBps=34.32 avgTps=5498 avgMGps=519.6 elapsed=4h22m31s
Oct 07 23:32:45 nimbus-eth1-mainnet-short-benchmark[2016395]: INF 2026-10-07 23:32:45.957+00:00 Imported blocks                            blockNumber=20548865 slot=9756662 blocks=548864 txs=87802991 mgas=8309513 bps=35.01 tps=5089 mgps=531.7 avgBps=34.33 avgTps=5492 avgMGps=519.8 elapsed=4h26m25s
Oct 07 23:36:37 nimbus-eth1-mainnet-short-benchmark[2016395]: INF 2026-10-07 23:36:37.602+00:00 Imported blocks                            blockNumber=20557057 slot=9764892 blocks=557056 txs=88964987 mgas=8433956 bps=35.36 tps=5016 mgps=537.2 avgBps=34.35 avgTps=5485 avgMGps=520.1 elapsed=4h30m17s
Oct 07 23:40:17 nimbus-eth1-mainnet-short-benchmark[2016395]: INF 2026-10-07 23:40:17.198+00:00 Imported blocks                            blockNumber=20565249 slot=9773131 blocks=565248 txs=90186094 mgas=8558113 bps=37.31 tps=5560 mgps=565.4 avgBps=34.39 avgTps=5486 avgMGps=520.7 elapsed=4h33m57s
Oct 07 23:44:00 nimbus-eth1-mainnet-short-benchmark[2016395]: INF 2026-10-07 23:44:00.231+00:00 Imported blocks                            blockNumber=20573441 slot=9781369 blocks=573440 txs=91404654 mgas=8682228 bps=36.73 tps=5463 mgps=556.5 avgBps=34.42 avgTps=5486 avgMGps=521.1 elapsed=4h37m40s
Oct 07 23:47:36 nimbus-eth1-mainnet-short-benchmark[2016395]: INF 2026-10-07 23:47:36.808+00:00 Imported blocks                            blockNumber=20581633 slot=9789611 blocks=581632 txs=92628389 mgas=8806651 bps=37.83 tps=5650 mgps=574.5 avgBps=34.46 avgTps=5488 avgMGps=521.8 elapsed=4h41m16s
Oct 07 23:51:21 nimbus-eth1-mainnet-short-benchmark[2016395]: INF 2026-10-07 23:51:21.885+00:00 Imported blocks                            blockNumber=20589825 slot=9797855 blocks=589824 txs=93887208 mgas=8931023 bps=36.40 tps=5592 mgps=552.6 avgBps=34.49 avgTps=5489 avgMGps=522.2 elapsed=4h45m1s
Oct 07 23:55:11 nimbus-eth1-mainnet-short-benchmark[2016395]: INF 2026-10-07 23:55:11.982+00:00 Imported blocks                            blockNumber=20598017 slot=9806095 blocks=598016 txs=95163338 mgas=9055310 bps=35.60 tps=5546 mgps=540.2 avgBps=34.50 avgTps=5490 avgMGps=522.5 elapsed=4h48m51s
Oct 07 23:59:01 nimbus-eth1-mainnet-short-benchmark[2016395]: INF 2026-10-07 23:59:01.430+00:00 Imported blocks                            blockNumber=20606209 slot=9814347 blocks=606208 txs=96334664 mgas=9179976 bps=35.70 tps=5104 mgps=543.3 avgBps=34.52 avgTps=5485 avgMGps=522.7 elapsed=4h52m41s
Oct 08 00:02:41 nimbus-eth1-mainnet-short-benchmark[2016395]: INF 2026-10-08 00:02:41.859+00:00 Imported blocks                            blockNumber=20614401 slot=9822581 blocks=614400 txs=97573414 mgas=9304574 bps=37.16 tps=5619 mgps=565.3 avgBps=34.55 avgTps=5487 avgMGps=523.3 elapsed=4h56m21s
Oct 08 00:06:22 nimbus-eth1-mainnet-short-benchmark[2016395]: INF 2026-10-08 00:06:22.388+00:00 Imported blocks                            blockNumber=20622593 slot=9830821 blocks=622592 txs=98874772 mgas=9428835 bps=37.15 tps=5901 mgps=563.5 avgBps=34.58 avgTps=5492 avgMGps=523.8 elapsed=5h2s203ms
Oct 08 00:09:55 nimbus-eth1-mainnet-short-benchmark[2016395]: INF 2026-10-08 00:09:55.581+00:00 Imported blocks                            blockNumber=20630785 slot=9839058 blocks=630784 txs=100178707 mgas=9553009 bps=38.42 tps=6116 mgps=582.4 avgBps=34.63 avgTps=5499 avgMGps=524.4 elapsed=5h3m35s
Oct 08 00:13:41 nimbus-eth1-mainnet-short-benchmark[2016395]: INF 2026-10-08 00:13:41.550+00:00 Imported blocks                            blockNumber=20638977 slot=9847313 blocks=638976 txs=101489116 mgas=9677171 bps=36.25 tps=5799 mgps=549.5 avgBps=34.65 avgTps=5503 avgMGps=524.8 elapsed=5h7m21s
Oct 08 00:17:24 nimbus-eth1-mainnet-short-benchmark[2016395]: INF 2026-10-08 00:17:24.195+00:00 Imported blocks                            blockNumber=20647169 slot=9855549 blocks=647168 txs=102730058 mgas=9801643 bps=36.79 tps=5573 mgps=559.1 avgBps=34.67 avgTps=5504 avgMGps=525.2 elapsed=5h11m4s
Oct 08 00:21:21 nimbus-eth1-mainnet-short-benchmark[2016395]: INF 2026-10-08 00:21:21.787+00:00 Imported blocks                            blockNumber=20655361 slot=9863778 blocks=655360 txs=103868002 mgas=9926541 bps=34.48 tps=4789 mgps=525.7 avgBps=34.67 avgTps=5495 avgMGps=525.2 elapsed=5h15m1s
Oct 08 00:24:56 nimbus-eth1-mainnet-short-benchmark[2016395]: INF 2026-10-08 00:24:56.912+00:00 Imported blocks                            blockNumber=20663553 slot=9872013 blocks=663552 txs=105112198 mgas=10051274 bps=38.08 tps=5783 mgps=579.8 avgBps=34.71 avgTps=5498 avgMGps=525.8 elapsed=5h18m36s
Oct 08 00:28:22 nimbus-eth1-mainnet-short-benchmark[2016395]: INF 2026-10-08 00:28:22.313+00:00 Imported blocks                            blockNumber=20671745 slot=9880241 blocks=671744 txs=106395904 mgas=10175177 bps=39.88 tps=6249 mgps=603.2 avgBps=34.77 avgTps=5506 avgMGps=526.6 elapsed=5h22m2s
Oct 08 00:31:52 nimbus-eth1-mainnet-short-benchmark[2016395]: INF 2026-10-08 00:31:52.114+00:00 Imported blocks                            blockNumber=20679937 slot=9888471 blocks=679936 txs=107674271 mgas=10299404 bps=39.05 tps=6093 mgps=592.1 avgBps=34.81 avgTps=5512 avgMGps=527.3 elapsed=5h25m31s
Oct 08 00:35:13 nimbus-eth1-mainnet-short-benchmark[2016395]: INF 2026-10-08 00:35:13.623+00:00 Imported blocks                            blockNumber=20688129 slot=9896698 blocks=688128 txs=108938536 mgas=10423298 bps=40.65 tps=6273 mgps=614.8 avgBps=34.87 avgTps=5520 avgMGps=528.2 elapsed=5h28m53s
Oct 08 00:38:46 nimbus-eth1-mainnet-short-benchmark[2016395]: INF 2026-10-08 00:38:46.452+00:00 Imported blocks                            blockNumber=20696321 slot=9904930 blocks=696320 txs=110235786 mgas=10547469 bps=38.49 tps=6095 mgps=583.4 avgBps=34.91 avgTps=5526 avgMGps=528.8 elapsed=5h32m26s
Oct 08 00:42:39 nimbus-eth1-mainnet-short-benchmark[2016395]: INF 2026-10-08 00:42:39.189+00:00 Imported blocks                            blockNumber=20704513 slot=9913154 blocks=704512 txs=111483759 mgas=10671677 bps=35.20 tps=5362 mgps=533.7 avgBps=34.91 avgTps=5524 avgMGps=528.9 elapsed=5h36m19s
Oct 08 00:46:17 nimbus-eth1-mainnet-short-benchmark[2016395]: INF 2026-10-08 00:46:17.882+00:00 Imported blocks                            blockNumber=20712705 slot=9921388 blocks=712704 txs=112764170 mgas=10795980 bps=37.46 tps=5854 mgps=568.4 avgBps=34.94 avgTps=5528 avgMGps=529.3 elapsed=5h39m57s
Oct 08 00:49:40 nimbus-eth1-mainnet-short-benchmark[2016395]: INF 2026-10-08 00:49:40.723+00:00 Imported blocks                            blockNumber=20720897 slot=9929633 blocks=720896 txs=114110517 mgas=10919926 bps=40.39 tps=6637 mgps=611.1 avgBps=34.99 avgTps=5539 avgMGps=530.1 elapsed=5h43m20s
Oct 08 00:53:13 nimbus-eth1-mainnet-short-benchmark[2016395]: INF 2026-10-08 00:53:13.536+00:00 Imported blocks                            blockNumber=20729089 slot=9937869 blocks=729088 txs=115449431 mgas=11043768 bps=38.49 tps=6291 mgps=581.9 avgBps=35.03 avgTps=5546 avgMGps=530.6 elapsed=5h46m53s
Oct 08 00:56:35 nimbus-eth1-mainnet-short-benchmark[2016395]: INF 2026-10-08 00:56:35.473+00:00 Imported blocks                            blockNumber=20737281 slot=9946108 blocks=737280 txs=116784468 mgas=11167784 bps=40.57 tps=6611 mgps=614.1 avgBps=35.08 avgTps=5557 avgMGps=531.4 elapsed=5h50m15s
Oct 08 01:00:08 nimbus-eth1-mainnet-short-benchmark[2016395]: INF 2026-10-08 01:00:08.898+00:00 Imported blocks                            blockNumber=20745473 slot=9954342 blocks=745472 txs=118101003 mgas=11291742 bps=38.38 tps=6168 mgps=580.8 avgBps=35.12 avgTps=5563 avgMGps=531.9 elapsed=5h53m48s
Oct 08 01:03:57 nimbus-eth1-mainnet-short-benchmark[2016395]: INF 2026-10-08 01:03:57.771+00:00 Imported blocks                            blockNumber=20753665 slot=9962581 blocks=753664 txs=119337525 mgas=11415859 bps=35.79 tps=5402 mgps=542.3 avgBps=35.12 avgTps=5561 avgMGps=532.0 elapsed=5h57m37s
Oct 08 01:07:33 nimbus-eth1-mainnet-short-benchmark[2016395]: INF 2026-10-08 01:07:33.631+00:00 Imported blocks                            blockNumber=20761857 slot=9970803 blocks=761856 txs=120564314 mgas=11540225 bps=37.95 tps=5683 mgps=576.1 avgBps=35.15 avgTps=5562 avgMGps=532.5 elapsed=6h1m13s
Oct 08 01:10:57 nimbus-eth1-mainnet-short-benchmark[2016395]: INF 2026-10-08 01:10:57.541+00:00 Imported blocks                            blockNumber=20770049 slot=9979058 blocks=770048 txs=121858083 mgas=11663918 bps=40.17 tps=6344 mgps=606.6 avgBps=35.20 avgTps=5570 avgMGps=533.2 elapsed=6h4m37s
Oct 08 01:14:13 nimbus-eth1-mainnet-short-benchmark[2016395]: INF 2026-10-08 01:14:13.042+00:00 Imported blocks                            blockNumber=20778241 slot=9987307 blocks=778240 txs=123161734 mgas=11787906 bps=41.90 tps=6668 mgps=634.2 avgBps=35.26 avgTps=5579 avgMGps=534.0 elapsed=6h7m52s
Oct 08 01:17:21 nimbus-eth1-mainnet-short-benchmark[2016395]: INF 2026-10-08 01:17:21.363+00:00 Imported blocks                            blockNumber=20786433 slot=9995542 blocks=786432 txs=124509456 mgas=11911612 bps=43.50 tps=7156 mgps=656.9 avgBps=35.33 avgTps=5593 avgMGps=535.1 elapsed=6h11m1s
Oct 08 01:20:36 nimbus-eth1-mainnet-short-benchmark[2016395]: INF 2026-10-08 01:20:36.380+00:00 Imported blocks                            blockNumber=20794625 slot=10003781 blocks=794624 txs=125848921 mgas=12035338 bps=42.01 tps=6868 mgps=634.4 avgBps=35.39 avgTps=5604 avgMGps=535.9 elapsed=6h14m16s
Oct 08 01:23:57 nimbus-eth1-mainnet-short-benchmark[2016395]: INF 2026-10-08 01:23:57.553+00:00 Imported blocks                            blockNumber=20802817 slot=10012028 blocks=802816 txs=127089868 mgas=12158989 bps=40.72 tps=6168 mgps=614.6 avgBps=35.43 avgTps=5609 avgMGps=536.6 elapsed=6h17m37s
Oct 08 01:27:26 nimbus-eth1-mainnet-short-benchmark[2016395]: INF 2026-10-08 01:27:26.526+00:00 Imported blocks                            blockNumber=20811009 slot=10020249 blocks=811008 txs=128299762 mgas=12282850 bps=39.20 tps=5789 mgps=592.7 avgBps=35.47 avgTps=5610 avgMGps=537.2 elapsed=6h21m6s
Oct 08 01:30:40 nimbus-eth1-mainnet-short-benchmark[2016395]: INF 2026-10-08 01:30:40.968+00:00 Imported blocks                            blockNumber=20819201 slot=10028481 blocks=819200 txs=129596319 mgas=12406594 bps=42.13 tps=6668 mgps=636.4 avgBps=35.52 avgTps=5619 avgMGps=538.0 elapsed=6h24m20s
Oct 08 01:33:54 nimbus-eth1-mainnet-short-benchmark[2016395]: INF 2026-10-08 01:33:54.689+00:00 Imported blocks                            blockNumber=20827393 slot=10036710 blocks=827392 txs=130916729 mgas=12530249 bps=42.29 tps=6815 mgps=638.3 avgBps=35.58 avgTps=5629 avgMGps=538.8 elapsed=6h27m34s
Oct 08 01:37:10 nimbus-eth1-mainnet-short-benchmark[2016395]: INF 2026-10-08 01:37:10.254+00:00 Imported blocks                            blockNumber=20835585 slot=10044938 blocks=835584 txs=132226625 mgas=12654070 bps=41.89 tps=6698 mgps=633.2 avgBps=35.63 avgTps=5638 avgMGps=539.6 elapsed=6h30m50s
Oct 08 01:40:35 nimbus-eth1-mainnet-short-benchmark[2016395]: INF 2026-10-08 01:40:35.419+00:00 Imported blocks                            blockNumber=20843777 slot=10053164 blocks=843776 txs=133604192 mgas=12777730 bps=39.93 tps=6714 mgps=602.7 avgBps=35.67 avgTps=5647 avgMGps=540.2 elapsed=6h34m15s
Oct 08 01:44:34 nimbus-eth1-mainnet-short-benchmark[2016395]: INF 2026-10-08 01:44:34.496+00:00 Imported blocks                            blockNumber=20851969 slot=10061391 blocks=851968 txs=134900706 mgas=12901664 bps=34.27 tps=5423 mgps=518.4 avgBps=35.66 avgTps=5645 avgMGps=539.9 elapsed=6h38m14s
Oct 08 01:48:17 nimbus-eth1-mainnet-short-benchmark[2016395]: INF 2026-10-08 01:48:17.556+00:00 Imported blocks                            blockNumber=20860161 slot=10069622 blocks=860160 txs=136168750 mgas=13025603 bps=36.73 tps=5684 mgps=555.6 avgBps=35.67 avgTps=5646 avgMGps=540.1 elapsed=6h41m57s
Oct 08 01:51:57 nimbus-eth1-mainnet-short-benchmark[2016395]: INF 2026-10-08 01:51:57.377+00:00 Imported blocks                            blockNumber=20868353 slot=10077838 blocks=868352 txs=137550724 mgas=13149742 bps=37.27 tps=6286 mgps=564.7 avgBps=35.68 avgTps=5651 avgMGps=540.3 elapsed=6h45m37s
Oct 08 01:55:34 nimbus-eth1-mainnet-short-benchmark[2016395]: INF 2026-10-08 01:55:34.206+00:00 Imported blocks                            blockNumber=20876545 slot=10086066 blocks=876544 txs=138954673 mgas=13273457 bps=37.78 tps=6474 mgps=570.6 avgBps=35.70 avgTps=5659 avgMGps=540.6 elapsed=6h49m14s
Oct 08 01:59:04 nimbus-eth1-mainnet-short-benchmark[2016395]: INF 2026-10-08 01:59:04.339+00:00 Imported blocks                            blockNumber=20884737 slot=10094286 blocks=884736 txs=140256178 mgas=13397479 bps=38.99 tps=6193 mgps=590.2 avgBps=35.73 avgTps=5663 avgMGps=541.0 elapsed=6h52m44s
Oct 08 02:02:27 nimbus-eth1-mainnet-short-benchmark[2016395]: INF 2026-10-08 02:02:27.668+00:00 Imported blocks                            blockNumber=20892929 slot=10102512 blocks=892928 txs=141581868 mgas=13521575 bps=40.29 tps=6520 mgps=610.3 avgBps=35.76 avgTps=5670 avgMGps=541.6 elapsed=6h56m7s
Oct 08 02:05:52 nimbus-eth1-mainnet-short-benchmark[2016395]: INF 2026-10-08 02:05:52.437+00:00 Imported blocks                            blockNumber=20901121 slot=10110732 blocks=901120 txs=142875889 mgas=13645572 bps=40.01 tps=6319 mgps=605.5 avgBps=35.80 avgTps=5675 avgMGps=542.1 elapsed=6h59m32s
Oct 08 02:09:16 nimbus-eth1-mainnet-short-benchmark[2016395]: INF 2026-10-08 02:09:16.598+00:00 Imported blocks                            blockNumber=20909313 slot=10118953 blocks=909312 txs=144102308 mgas=13769390 bps=40.13 tps=6007 mgps=606.5 avgBps=35.83 avgTps=5678 avgMGps=542.6 elapsed=7h2m56s
Oct 08 02:12:37 nimbus-eth1-mainnet-short-benchmark[2016395]: INF 2026-10-08 02:12:37.555+00:00 Imported blocks                            blockNumber=20917505 slot=10127176 blocks=917504 txs=145406349 mgas=13893087 bps=40.77 tps=6489 mgps=615.6 avgBps=35.87 avgTps=5684 avgMGps=543.2 elapsed=7h6m17s
Oct 08 02:15:47 nimbus-eth1-mainnet-short-benchmark[2016395]: INF 2026-10-08 02:15:47.285+00:00 Imported blocks                            blockNumber=20925697 slot=10135394 blocks=925696 txs=146718394 mgas=14016820 bps=43.18 tps=6915 mgps=652.1 avgBps=35.93 avgTps=5694 avgMGps=544.0 elapsed=7h9m27s
Oct 08 02:19:12 nimbus-eth1-mainnet-short-benchmark[2016395]: INF 2026-10-08 02:19:12.734+00:00 Imported blocks                            blockNumber=20933889 slot=10143614 blocks=933888 txs=148049109 mgas=14140625 bps=39.87 tps=6477 mgps=602.6 avgBps=35.96 avgTps=5700 avgMGps=544.4 elapsed=7h12m52s
Oct 08 02:22:28 nimbus-eth1-mainnet-short-benchmark[2016395]: INF 2026-10-08 02:22:28.975+00:00 Imported blocks                            blockNumber=20942081 slot=10151840 blocks=942080 txs=149397364 mgas=14264352 bps=41.75 tps=6870 mgps=630.5 avgBps=36.00 avgTps=5708 avgMGps=545.1 elapsed=7h16m8s
Oct 08 02:25:50 nimbus-eth1-mainnet-short-benchmark[2016395]: INF 2026-10-08 02:25:50.436+00:00 Imported blocks                            blockNumber=20950273 slot=10160098 blocks=950272 txs=150765507 mgas=14388237 bps=40.66 tps=6791 mgps=614.9 avgBps=36.04 avgTps=5717 avgMGps=545.6 elapsed=7h19m30s
Oct 08 02:29:27 nimbus-eth1-mainnet-short-benchmark[2016395]: INF 2026-10-08 02:29:27.873+00:00 Imported blocks                            blockNumber=20958465 slot=10168363 blocks=958464 txs=152044771 mgas=14511987 bps=37.67 tps=5883 mgps=569.1 avgBps=36.05 avgTps=5718 avgMGps=545.8 elapsed=7h23m7s
Oct 08 02:32:56 nimbus-eth1-mainnet-short-benchmark[2016395]: INF 2026-10-08 02:32:56.498+00:00 Imported blocks                            blockNumber=20966657 slot=10176609 blocks=966656 txs=153365296 mgas=14635804 bps=39.27 tps=6329 mgps=593.5 avgBps=36.07 avgTps=5723 avgMGps=546.2 elapsed=7h26m36s
Oct 08 02:36:23 nimbus-eth1-mainnet-short-benchmark[2016395]: INF 2026-10-08 02:36:23.095+00:00 Imported blocks                            blockNumber=20974849 slot=10184849 blocks=974848 txs=154744917 mgas=14759580 bps=39.65 tps=6677 mgps=599.1 avgBps=36.10 avgTps=5730 avgMGps=546.6 elapsed=7h30m2s
Oct 08 02:39:55 nimbus-eth1-mainnet-short-benchmark[2016395]: INF 2026-10-08 02:39:55.940+00:00 Imported blocks                            blockNumber=20983041 slot=10193086 blocks=983040 txs=156055229 mgas=14883451 bps=38.49 tps=6156 mgps=582.0 avgBps=36.12 avgTps=5734 avgMGps=546.9 elapsed=7h33m35s
Oct 08 02:43:04 nimbus-eth1-mainnet-short-benchmark[2016395]: INF 2026-10-08 02:43:04.077+00:00 Imported blocks                            blockNumber=20991233 slot=10201319 blocks=991232 txs=157563202 mgas=15007557 bps=43.54 tps=8015 mgps=659.7 avgBps=36.17 avgTps=5749 avgMGps=547.6 elapsed=7h36m43s
Oct 08 02:46:42 nimbus-eth1-mainnet-short-benchmark[2016395]: INF 2026-10-08 02:46:42.010+00:00 Imported blocks                            blockNumber=20999425 slot=10209549 blocks=999424 txs=159003277 mgas=15131383 bps=37.59 tps=6607 mgps=568.2 avgBps=36.18 avgTps=5756 avgMGps=547.8 elapsed=7h40m21s
Oct 08 02:46:57 nimbus-eth1-mainnet-short-benchmark[2016395]: INF 2026-10-08 02:46:57.770+00:00 Imported blocks                            blockNumber=21000001 slot=10210128 blocks=1000000 txs=159109486 mgas=15140191 bps=36.55 tps=6738 mgps=558.8 avgBps=36.18 avgTps=5756 avgMGps=547.8 elapsed=7h40m37s
Oct 08 02:46:57 nimbus-eth1-mainnet-short-benchmark[2016395]: NTC 2026-10-08 02:46:57.770+00:00 Import complete                            blockNumber=21000001 slot=10210128 blocks=1000000 txs=159109486 mgas=15140191
Oct 08 02:46:58 nimbus-eth1-mainnet-short-benchmark[1987268]: <<< ending startNimbusWithImport (success)
Oct 08 02:46:58 nimbus-eth1-mainnet-short-benchmark[1987268]: >>> starting moveBenchmarkingFileToRepo
Oct 08 02:46:58 nimbus-eth1-mainnet-short-benchmark[1987268]: >>> copying debug-csv generated by nimbus to benchmarks repo
Oct 08 02:46:58 nimbus-eth1-mainnet-short-benchmark[1987268]: <<< ending moveBenchmarkingFileToRepo (success)
Oct 08 02:46:58 nimbus-eth1-mainnet-short-benchmark[1987268]: >>> starting generateBuildEnvironmentLogFile
Oct 08 02:47:07 nimbus-eth1-mainnet-short-benchmark[1987268]: <<< ending generateBuildEnvironmentLogFile (success)
Oct 08 02:47:07 nimbus-eth1-mainnet-short-benchmark[1987268]: >>> starting generateSystemdServiceLogs
