=== System Information Report ===
>>> Generated on: Sun Aug  9 12:31:30 AM UTC 2026
==========================
>>> CPU Architecture: x86_64
>>> CPU Byte Order: Little Endian
>>> CPU Cores: 16
>>> CPU Model: AMD Ryzen 7 PRO 8700GE w/ Radeon 780M Graphics
>>> CPU Cache Information:
L1d Cache: 256 KiB (8 instances)
L1i Cache: 256 KiB (8 instances)
L2 Cache: 8 MiB (8 instances)
L3 Cache: 16 MiB (1 instance)
>>> RAM Size: 61Gi
>>> Hard Disk Information:
/dev/md2 : 437G total, 199G free
/dev/md1 : 989M total, 690M free
/dev/nvme0n1p1 : 256M total, 256M free
/dev/nvme1n1 : 1.9T total, 481G free
==========================
=== Nimbus-ETH1 Benchmarking Report ===
>>> Total time spent in benchmarking (nanoseconds): 28911477349937
>>> Total time spent in benchmarking (human readable format): 8 hours 1 minutes 51 seconds
>>> Start block number is 20000001
>>> End block number is 21000001
==========================
=== Comparison of last two benchmarks ===
sort: write failed: 'standard output': Broken pipe
sort: write error
sort: write failed: 'standard output': Broken pipe
sort: write error
python /data/status-im/nimbus-eth1/scripts/block-import-stats.py /data/status-im/nimbus-eth1-benchmarks/short-benchmark/20260808T080306_d2502329/blocks-import-benchmark.csv /data/status-im/nimbus-eth1-benchmarks/short-benchmark/20260808T161811_9ccd99c4/blocks-import-benchmark.csv
blocks-import-benchmark.csv vs blocks-import-benchmark.csv
                      bps_x  bps_y     tps_x     tps_y   time_x   time_y    bpsd    tpsd   timed
block_number                                                                                    
(20000001, 20111112]  28.77  28.66  4,698.31  4,680.32  1h2m40s  1h2m56s  -0.39%  -0.39%   0.40%
(20111112, 20222223]  32.25  32.32  5,273.85  5,286.55   59m27s   59m18s   0.23%   0.23%  -0.23%
(20222223, 20333334]  33.93  33.91  5,499.62  5,497.49   52m31s   52m33s  -0.05%  -0.05%   0.05%
(20333334, 20444445]  35.61  35.59  5,610.72  5,607.24   53m55s   53m57s  -0.06%  -0.06%   0.07%
(20444445, 20555556]  35.16  35.17  5,418.14  5,420.12   50m35s   50m34s   0.04%   0.04%  -0.03%
(20555556, 20666667]  35.28  35.38  5,328.40  5,342.90   54m12s    54m3s   0.27%   0.27%  -0.27%
(20666667, 20777778]  37.04  36.98  5,828.70  5,818.75   47m59s    48m5s  -0.18%  -0.18%   0.18%
(20777778, 20888889]  38.20  38.15  6,127.57  6,120.02   50m11s   50m15s  -0.12%  -0.12%   0.12%
(20888889, 21000001]  38.25  38.21  6,306.82  6,298.96    50m2s    50m6s  -0.12%  -0.12%   0.12%

blocks: 991808, baseline: 8h1m37s, contender: 8h1m51s
Time (total): 13s, 0.05%

bpsd = blocks per sec diff (+), tpsd = txs per sec diff, timed = time to process diff (-)
+ = more is better, - = less is better
==========================
