Aug 21 11:32:18 nimbus-eth1-mainnet-short-benchmark[2498654]: >>> starting cloneOrFetchBenchmarksRepo
Aug 21 11:32:18 nimbus-eth1-mainnet-short-benchmark[2498654]: >>> Fetching latest changes for nimbus-eth1-benchmarks...
Aug 21 11:32:20 nimbus-eth1-mainnet-short-benchmark[2498701]: HEAD is now at e313def chore: update short benchmark Readme
Aug 21 11:32:20 nimbus-eth1-mainnet-short-benchmark[2498654]: <<< ending cloneOrFetchBenchmarksRepo (success)
Aug 21 11:32:20 nimbus-eth1-mainnet-short-benchmark[2498654]: >>> starting cloneOrFetchNimbusRepo
Aug 21 11:32:30 nimbus-eth1-mainnet-short-benchmark[2498654]: >>> Fetching latest changes for nimbus-eth1...
Aug 21 11:32:31 nimbus-eth1-mainnet-short-benchmark[2499043]: From https://github.com/status-im/nimbus-eth1
Aug 21 11:32:31 nimbus-eth1-mainnet-short-benchmark[2499043]:    069ed5284..868cbb2ab  master            -> origin/master
Aug 21 11:32:31 nimbus-eth1-mainnet-short-benchmark[2499043]:  * [new branch]          dependabot/submodules/vendor/nim-json-rpc-07a7e2f -> origin/dependabot/submodules/vendor/nim-json-rpc-07a7e2f
Aug 21 11:32:31 nimbus-eth1-mainnet-short-benchmark[2499043]:  * [new branch]          dependabot/submodules/vendor/nim-ssz-serialization-a7a00c8 -> origin/dependabot/submodules/vendor/nim-ssz-serialization-a7a00c8
Aug 21 11:32:31 nimbus-eth1-mainnet-short-benchmark[2499043]:  * [new branch]          fix-release-build -> origin/fix-release-build
Aug 21 11:32:31 nimbus-eth1-mainnet-short-benchmark[2499043]:    305d6636c..db4a4cb04  focil-devnet-0    -> origin/focil-devnet-0
Aug 21 11:32:31 nimbus-eth1-mainnet-short-benchmark[2499043]:    9c29adaba..abb589fa4  ssz-rest          -> origin/ssz-rest
Aug 21 11:32:31 nimbus-eth1-mainnet-short-benchmark[2499043]:    27974b75d..5a6e91e68  wasm-deploy       -> origin/wasm-deploy
Aug 21 11:32:32 nimbus-eth1-mainnet-short-benchmark[2499043]: Fetching submodule vendor/nim-ssz-serialization
Aug 21 11:32:32 nimbus-eth1-mainnet-short-benchmark[2499043]: From https://github.com/status-im/nim-ssz-serialization
Aug 21 11:32:32 nimbus-eth1-mainnet-short-benchmark[2499043]:    778bc41..aa43e33  master     -> origin/master
Aug 21 11:32:32 nimbus-eth1-mainnet-short-benchmark[2499043]: Fetching submodule vendor/nim-web3
Aug 21 11:32:33 nimbus-eth1-mainnet-short-benchmark[2499043]: From https://github.com/status-im/nim-web3
Aug 21 11:32:33 nimbus-eth1-mainnet-short-benchmark[2499043]:    b824959..22a7e46  focil      -> origin/focil
Aug 21 11:32:33 nimbus-eth1-mainnet-short-benchmark[2499043]:    834edf3..3ac3d92  master     -> origin/master
Aug 21 11:32:33 nimbus-eth1-mainnet-short-benchmark[2499079]: HEAD is now at 868cbb2ab Change client side custodyColumns from seq[byte] to FixedBytes[16] (#4667)
Aug 21 11:32:33 nimbus-eth1-mainnet-short-benchmark[2498654]: >>> Found last benchmarked commit: 6648ce1b
Aug 21 11:32:33 nimbus-eth1-mainnet-short-benchmark[2498654]: >>> Using next commit: cde53ac2966e156e669f6a86d89f0c9453aae58c
Aug 21 11:32:33 nimbus-eth1-mainnet-short-benchmark[2499095]: HEAD is now at cde53ac29 glamsterdam devnet 7 (#4498)
Aug 21 11:32:33 nimbus-eth1-mainnet-short-benchmark[2498654]: >>> Current commit: cde53ac29
Aug 21 11:32:33 nimbus-eth1-mainnet-short-benchmark[2498654]: <<< ending cloneOrFetchNimbusRepo (success)
Aug 21 11:32:33 nimbus-eth1-mainnet-short-benchmark[2498654]: >>> starting buildBinaries
Aug 21 11:32:33 nimbus-eth1-mainnet-short-benchmark[2498654]: >>> Building binaries for commit cde53ac2...
Aug 21 11:32:41 nimbus-eth1-mainnet-short-benchmark[2504588]: Building: Nim compiler
Aug 21 11:35:24 nimbus-eth1-mainnet-short-benchmark[2504588]: Building custom Nimble commit: 42ef70c2102a942c46f13eb76872326edd525cec
Aug 21 11:35:34 nimbus-eth1-mainnet-short-benchmark[2504588]: Building Nimble...
Aug 21 11:35:44 nimbus-eth1-mainnet-short-benchmark[2504588]: Replacing nimble binary...
Aug 21 11:35:52 nimbus-eth1-mainnet-short-benchmark[2520918]: cp: cannot stat '/data/status-im/nimbus-eth1/build/*': No such file or directory
Aug 21 11:35:52 nimbus-eth1-mainnet-short-benchmark[2520895]: ROCKSDB VERSION NOT FOUND
Aug 21 11:35:52 nimbus-eth1-mainnet-short-benchmark[2521046]: make[1]: Entering directory '/data/status-im/nimbus-eth1/vendor/nim-rocksdb/vendor/rocksdb'
Aug 21 11:35:52 nimbus-eth1-mainnet-short-benchmark[2521046]: $DEBUG_LEVEL is 0, $LIB_MODE is static
Aug 21 11:35:52 nimbus-eth1-mainnet-short-benchmark[2521046]: make[1]: Leaving directory '/data/status-im/nimbus-eth1/vendor/nim-rocksdb/vendor/rocksdb'
Aug 21 11:35:52 nimbus-eth1-mainnet-short-benchmark[2521493]: Cleaning up RocksDb build artifacts.
Aug 21 11:35:53 nimbus-eth1-mainnet-short-benchmark[2520923]: Building RocksDb static libraries.
Aug 21 11:39:07 nimbus-eth1-mainnet-short-benchmark[2525013]: Building: build/nimbus_execution_client
Aug 21 11:41:39 nimbus-eth1-mainnet-short-benchmark[2498654]: >>> renaming binaries to match commit they were built from
Aug 21 11:41:39 nimbus-eth1-mainnet-short-benchmark[2498654]: >>> creating a symbolic link to the latest version
Aug 21 11:41:39 nimbus-eth1-mainnet-short-benchmark[2498654]: >>> deleting copies that are older than N days
Aug 21 11:41:39 nimbus-eth1-mainnet-short-benchmark[2498654]: <<< ending buildBinaries (success)
Aug 21 11:41:39 nimbus-eth1-mainnet-short-benchmark[2498654]: >>> starting skipOrContinueBenchmark
Aug 21 11:41:39 nimbus-eth1-mainnet-short-benchmark[2498654]: <<< ending skipOrContinueBenchmark (success)
Aug 21 11:41:39 nimbus-eth1-mainnet-short-benchmark[2498654]: >>> starting copyTemplateDatabase
Aug 21 11:41:39 nimbus-eth1-mainnet-short-benchmark[2498654]: >>> Copying template db into nimbus data directory
Aug 21 11:44:54 nimbus-eth1-mainnet-short-benchmark[2498654]: >>> Template db copied
Aug 21 11:44:54 nimbus-eth1-mainnet-short-benchmark[2498654]: >>> making nimbus the owner of the copied files
Aug 21 11:44:54 nimbus-eth1-mainnet-short-benchmark[2498654]: <<< ending copyTemplateDatabase (success)
Aug 21 11:44:54 nimbus-eth1-mainnet-short-benchmark[2498654]: >>> starting startNimbusWithImport
Aug 21 11:44:54 nimbus-eth1-mainnet-short-benchmark[2530675]: INF 2026-08-21 11:44:54.289+00:00 Launching execution client                 version=v0.3.1-cde53ac2 config="(configFile: none(InputFile), dataDirFlag: some(/data/status-im/nimbus-eth1/data/shared_mainnet_0), era1DirFlag: some(/data/era1), eraDirFlag: some(/data/era), ereDirFlag: none(OutDir), keyStoreDirFlag: none(OutDir), importKey: , trustedSetupFile: none(string), extraData: Nimbus/v0.3.1-cde53ac2, gasLimit: none(uint64), maxBlobs: none(byte), network: [mainnet], customNetwork: none(NetworkParams), networkId: 1, networkParams: (config: ..., genesis: (nonce: 0x0000000000000042, timestamp: 0, extraData: [17, 187, 232, 219, 78, 52, 123, 78, 140, 147, 124, 28, 131, 112, 228, 181, 237, 51, 173, 179, 219, 105, 203, 219, 122, 56, 225, 229, 11, 27, 130, 250], gasLimit: 5000, difficulty: 17179869184, mixHash: 0x0000000000000000000000000000000000000000000000000000000000000000, coinbase: 0x0000000000000000000000000000000000000000, alloc: 8893, number: 0, gasUser: 0, parentHash: 0x0000000000000000000000000000000000000000000000000000000000000000, baseFeePerGas: none(), blobGasUsed: -1, excessBlobGas: -1, parentBeaconBlockRoot: none())), logLevel: INFO, logFormat: auto, metricsEnabled: false, metricsPort: 9093, metricsAddress: 127.0.0.1, bootstrapNodes: [], elBootstrapNodes: [], bootstrapFile: , elBootstrapFile: , staticPeers: [], staticPeersFile: , reconnectMaxRetry: 0, reconnectInterval: 15, listenAddress: ::, tcpPort: 30303, udpPortFlag: none(Port), maxPeersOpt: none(int), elMaxPeersOpt: none(int), nat: (hasExtIp: false, nat: NatAny), discv5: true, netKey: random, agentString: Nimbus/v0.3.1-cde53ac2/linux-amd64/Nim-2.2.10, numThreads: 0, persistBatchSize: 4, dynamicBatchSize: false, rocksdbMaxOpenFiles: 2048, rocksdbWriteBufferSize: 67108864, rocksdbRowCacheSize: 0, rocksdbBlockCacheSize: 2147483648, rocksdbBlockCacheType: hyperclock, rdbVtxCacheSize: 536870912, rdbKeyCacheSize: 1342177280, rdbBranchCacheSize: 1073741824, rdbPrintStats: false, rewriteDatadirId: true, aristoDbMaxSnapshots: 5, parallelStateRootComputation: false, parallelSenderRecovery: true, optimisticStatePrefetch: false, balStatePrefetch: false, balStatePrefetchWorkers: 0, balParallelExecution: false, eagerStateRootCheck: false, deserializeFcState: true, statelessProvider: false, statelessWitnessValidation: false, cmd: import, maxBlocks: 1000000, chunkSize: 8192, csvStats: some("/data/host-benchmarks/short/37074dc38bef4ec4ad3bed0f7bdd8399/blocks-import-benchmark.csv"), validation: false, fullValidation: false, storeBodies: false, storeReceipts: false, storeSlotHashes: false)"
Aug 21 11:44:54 nimbus-eth1-mainnet-short-benchmark[2530675]: WRN 2026-08-21 11:44:54.289+00:00 Data directory has insecure permissions. Correcting them. data_dir=/data/status-im/nimbus-eth1/data/shared_mainnet_0 current_permissions=0755 required_permissions=0700
Aug 21 11:44:56 nimbus-eth1-mainnet-short-benchmark[2530675]: INF 2026-08-21 11:44:56.201+00:00 Taskpool started                           numThreads=16
Aug 21 11:44:56 nimbus-eth1-mainnet-short-benchmark[2530675]: INF 2026-08-21 11:44:56.317+00:00 Writing data dir ID                        ID=0x0a036d6f6dfe59156bb6359f0243c93d5a421ed688de5aa85a62d15dca8dbd5c
Aug 21 11:44:56 nimbus-eth1-mainnet-short-benchmark[2530675]: INF 2026-08-21 11:44:56.337+00:00 Database initialized                       base="(0xd24fd73f794058a3807db926d8898c6481e902b7edb91ce0d479d6760f276183, 20000000)" finalized="(0xd24fd73f794058a3807db926d8898c6481e902b7edb91ce0d479d6760f276183, 20000000)" head="(0xd4e56740f876aef8c010b86a40d5f56745a118d0906a34e69aec8c0db1cb8fa3, 0)"
Aug 21 11:44:56 nimbus-eth1-mainnet-short-benchmark[2530675]: NTC 2026-08-21 11:44:56.337+00:00 Could not open ere database, falling back to era1/era import ereDir=/data/status-im/nimbus-eth1/data/shared_mainnet_0/ere networkName=mainnet error="No ere files found in /data/status-im/nimbus-eth1/data/shared_mainnet_0/ere"
Aug 21 11:44:56 nimbus-eth1-mainnet-short-benchmark[2530675]: NTC 2026-08-21 11:44:56.337+00:00 Importing era archive                      blockNumber=20000001 dataDir=/data/status-im/nimbus-eth1/data/shared_mainnet_0 eraDir=/data/era
Aug 21 11:44:58 nimbus-eth1-mainnet-short-benchmark[2530675]: NTC 2026-08-21 11:44:58.569+00:00 Matched block to slot number               blockNumber=20000001 slot=9204783
Aug 21 11:51:07 nimbus-eth1-mainnet-short-benchmark[2530675]: INF 2026-08-21 11:51:07.996+00:00 Imported blocks                            blockNumber=20008193 slot=9213020 blocks=8192 txs=1226966 mgas=124237 bps=22.04 tps=3301 mgps=334.3 avgBps=22.04 avgTps=3301 avgMGps=334.3 elapsed=6m11s654ms
Aug 21 11:56:43 nimbus-eth1-mainnet-short-benchmark[2530675]: INF 2026-08-21 11:56:43.627+00:00 Imported blocks                            blockNumber=20016385 slot=9221256 blocks=16384 txs=2540380 mgas=248071 bps=24.41 tps=3913 mgps=369.0 avgBps=23.16 avgTps=3591 avgMGps=350.7 elapsed=11m47s286ms
Aug 21 12:02:06 nimbus-eth1-mainnet-short-benchmark[2530675]: INF 2026-08-21 12:02:06.634+00:00 Imported blocks                            blockNumber=20024577 slot=9229485 blocks=24576 txs=3869398 mgas=372018 bps=25.36 tps=4114 mgps=383.7 avgBps=23.85 avgTps=3755 avgMGps=361.1 elapsed=17m10s295ms
Aug 21 12:06:56 nimbus-eth1-mainnet-short-benchmark[2530675]: INF 2026-08-21 12:06:56.350+00:00 Imported blocks                            blockNumber=20032769 slot=9237722 blocks=32768 txs=5222766 mgas=495797 bps=28.28 tps=4671 mgps=427.2 avgBps=24.82 avgTps=3956 avgMGps=375.6 elapsed=22m11ms548us
Aug 21 12:11:38 nimbus-eth1-mainnet-short-benchmark[2530675]: INF 2026-08-21 12:11:38.306+00:00 Imported blocks                            blockNumber=20040961 slot=9245957 blocks=40960 txs=6566802 mgas=619586 bps=29.05 tps=4766 mgps=439.0 avgBps=25.57 avgTps=4099 avgMGps=386.8 elapsed=26m41s967ms
Aug 21 12:16:37 nimbus-eth1-mainnet-short-benchmark[2530675]: INF 2026-08-21 12:16:37.350+00:00 Imported blocks                            blockNumber=20049153 slot=9254196 blocks=49152 txs=7904746 mgas=743522 bps=27.39 tps=4474 mgps=414.4 avgBps=25.86 avgTps=4158 avgMGps=391.1 elapsed=31m41s9ms
Aug 21 12:21:25 nimbus-eth1-mainnet-short-benchmark[2530675]: INF 2026-08-21 12:21:25.354+00:00 Imported blocks                            blockNumber=20057345 slot=9262435 blocks=57344 txs=9212009 mgas=867360 bps=28.44 tps=4538 mgps=430.0 avgBps=26.20 avgTps=4208 avgMGps=396.2 elapsed=36m29s16ms
Aug 21 12:25:53 nimbus-eth1-mainnet-short-benchmark[2530675]: INF 2026-08-21 12:25:53.434+00:00 Imported blocks                            blockNumber=20065537 slot=9270674 blocks=65536 txs=10559018 mgas=991371 bps=30.56 tps=5024 mgps=462.6 avgBps=26.67 avgTps=4297 avgMGps=403.5 elapsed=40m57s96ms
Aug 21 12:30:09 nimbus-eth1-mainnet-short-benchmark[2530675]: INF 2026-08-21 12:30:09.514+00:00 Imported blocks                            blockNumber=20073729 slot=9278910 blocks=73728 txs=11898676 mgas=1115111 bps=31.99 tps=5231 mgps=483.2 avgBps=27.17 avgTps=4385 avgMGps=411.0 elapsed=45m13s175ms
Aug 21 12:34:12 nimbus-eth1-mainnet-short-benchmark[2530675]: INF 2026-08-21 12:34:12.671+00:00 Imported blocks                            blockNumber=20081921 slot=9287152 blocks=81920 txs=13323263 mgas=1239150 bps=33.69 tps=5858 mgps=510.1 avgBps=27.71 avgTps=4506 avgMGps=419.2 elapsed=49m16s329ms
Aug 21 12:38:15 nimbus-eth1-mainnet-short-benchmark[2530675]: INF 2026-08-21 12:38:15.839+00:00 Imported blocks                            blockNumber=20090113 slot=9295408 blocks=90112 txs=14697082 mgas=1363113 bps=33.69 tps=5649 mgps=509.8 avgBps=28.16 avgTps=4593 avgMGps=426.0 elapsed=53m19s499ms
Aug 21 12:42:34 nimbus-eth1-mainnet-short-benchmark[2530675]: INF 2026-08-21 12:42:34.492+00:00 Imported blocks                            blockNumber=20098305 slot=9303658 blocks=98304 txs=16025683 mgas=1487146 bps=31.67 tps=5136 mgps=479.5 avgBps=28.43 avgTps=4634 avgMGps=430.0 elapsed=57m38s150ms
Aug 21 12:47:03 nimbus-eth1-mainnet-short-benchmark[2530675]: INF 2026-08-21 12:47:03.652+00:00 Imported blocks                            blockNumber=20106497 slot=9311895 blocks=106496 txs=17337157 mgas=1611066 bps=30.44 tps=4872 mgps=460.4 avgBps=28.57 avgTps=4651 avgMGps=432.2 elapsed=1h2m7s
Aug 21 12:51:19 nimbus-eth1-mainnet-short-benchmark[2530675]: INF 2026-08-21 12:51:19.512+00:00 Imported blocks                            blockNumber=20114689 slot=9320146 blocks=114688 txs=18632097 mgas=1735123 bps=32.02 tps=5061 mgps=484.9 avgBps=28.79 avgTps=4677 avgMGps=435.6 elapsed=1h6m23s
Aug 21 12:55:20 nimbus-eth1-mainnet-short-benchmark[2530675]: INF 2026-08-21 12:55:20.060+00:00 Imported blocks                            blockNumber=20122881 slot=9328409 blocks=122880 txs=19937418 mgas=1859249 bps=34.06 tps=5426 mgps=516.0 avgBps=29.09 avgTps=4720 avgMGps=440.2 elapsed=1h10m23s
Aug 21 12:59:18 nimbus-eth1-mainnet-short-benchmark[2530675]: INF 2026-08-21 12:59:18.976+00:00 Imported blocks                            blockNumber=20131073 slot=9336660 blocks=131072 txs=21214129 mgas=1983500 bps=34.29 tps=5343 mgps=520.0 avgBps=29.37 avgTps=4753 avgMGps=444.5 elapsed=1h14m22s
Aug 21 13:03:14 nimbus-eth1-mainnet-short-benchmark[2530675]: INF 2026-08-21 13:03:14.633+00:00 Imported blocks                            blockNumber=20139265 slot=9344906 blocks=139264 txs=22579079 mgas=2107571 bps=34.76 tps=5792 mgps=526.5 avgBps=29.64 avgTps=4805 avgMGps=448.6 elapsed=1h18m18s
Aug 21 13:07:55 nimbus-eth1-mainnet-short-benchmark[2530675]: INF 2026-08-21 13:07:55.085+00:00 Imported blocks                            blockNumber=20147457 slot=9353153 blocks=147456 txs=24133322 mgas=2231686 bps=29.21 tps=5541 mgps=442.6 avgBps=29.62 avgTps=4847 avgMGps=448.2 elapsed=1h22m58s
Aug 21 13:12:25 nimbus-eth1-mainnet-short-benchmark[2530675]: INF 2026-08-21 13:12:25.617+00:00 Imported blocks                            blockNumber=20155649 slot=9361407 blocks=155648 txs=25424015 mgas=2356018 bps=30.28 tps=4770 mgps=459.6 avgBps=29.65 avgTps=4843 avgMGps=448.8 elapsed=1h27m29s
Aug 21 13:16:36 nimbus-eth1-mainnet-short-benchmark[2530675]: INF 2026-08-21 13:16:36.529+00:00 Imported blocks                            blockNumber=20163841 slot=9369652 blocks=163840 txs=26749549 mgas=2480207 bps=32.65 tps=5282 mgps=495.0 avgBps=29.79 avgTps=4863 avgMGps=450.9 elapsed=1h31m40s
Aug 21 13:20:39 nimbus-eth1-mainnet-short-benchmark[2530675]: INF 2026-08-21 13:20:39.150+00:00 Imported blocks                            blockNumber=20172033 slot=9377892 blocks=172032 txs=28105316 mgas=2604026 bps=33.76 tps=5588 mgps=510.3 avgBps=29.96 avgTps=4893 avgMGps=453.4 elapsed=1h35m42s
Aug 21 13:24:49 nimbus-eth1-mainnet-short-benchmark[2530675]: INF 2026-08-21 13:24:49.330+00:00 Imported blocks                            blockNumber=20180225 slot=9386128 blocks=180224 txs=29524405 mgas=2728170 bps=32.74 tps=5672 mgps=496.2 avgBps=30.07 avgTps=4926 avgMGps=455.2 elapsed=1h39m52s
Aug 21 13:28:40 nimbus-eth1-mainnet-short-benchmark[2530675]: INF 2026-08-21 13:28:40.111+00:00 Imported blocks                            blockNumber=20188417 slot=9394365 blocks=188416 txs=30849021 mgas=2852023 bps=35.50 tps=5739 mgps=536.7 avgBps=30.27 avgTps=4956 avgMGps=458.2 elapsed=1h43m43s
Aug 21 13:32:57 nimbus-eth1-mainnet-short-benchmark[2530675]: INF 2026-08-21 13:32:57.351+00:00 Imported blocks                            blockNumber=20196609 slot=9402602 blocks=196608 txs=32174755 mgas=2976155 bps=31.85 tps=5153 mgps=482.6 avgBps=30.34 avgTps=4964 avgMGps=459.2 elapsed=1h48m1s
Aug 21 13:37:30 nimbus-eth1-mainnet-short-benchmark[2530675]: INF 2026-08-21 13:37:30.159+00:00 Imported blocks                            blockNumber=20204801 slot=9410840 blocks=204800 txs=33475942 mgas=3100410 bps=30.03 tps=4769 mgps=455.5 avgBps=30.32 avgTps=4956 avgMGps=459.1 elapsed=1h52m33s
Aug 21 13:41:40 nimbus-eth1-mainnet-short-benchmark[2530675]: INF 2026-08-21 13:41:40.116+00:00 Imported blocks                            blockNumber=20212993 slot=9419071 blocks=212992 txs=34798508 mgas=3224370 bps=32.77 tps=5291 mgps=495.9 avgBps=30.41 avgTps=4968 avgMGps=460.4 elapsed=1h56m43s
Aug 21 13:45:45 nimbus-eth1-mainnet-short-benchmark[2530675]: INF 2026-08-21 13:45:45.832+00:00 Imported blocks                            blockNumber=20221185 slot=9427313 blocks=221184 txs=36114045 mgas=3348169 bps=33.34 tps=5353 mgps=503.8 avgBps=30.51 avgTps=4981 avgMGps=461.8 elapsed=2h49s494ms
Aug 21 13:49:32 nimbus-eth1-mainnet-short-benchmark[2530675]: INF 2026-08-21 13:49:32.537+00:00 Imported blocks                            blockNumber=20229377 slot=9435549 blocks=229376 txs=37421794 mgas=3472031 bps=36.14 tps=5768 mgps=546.4 avgBps=30.68 avgTps=5005 avgMGps=464.4 elapsed=2h4m36s
Aug 21 13:53:27 nimbus-eth1-mainnet-short-benchmark[2530675]: INF 2026-08-21 13:53:27.522+00:00 Imported blocks                            blockNumber=20237569 slot=9443788 blocks=237568 txs=38842064 mgas=3596351 bps=34.86 tps=6044 mgps=529.1 avgBps=30.81 avgTps=5037 avgMGps=466.4 elapsed=2h8m31s
Aug 21 13:57:40 nimbus-eth1-mainnet-short-benchmark[2530675]: INF 2026-08-21 13:57:40.170+00:00 Imported blocks                            blockNumber=20245761 slot=9452021 blocks=245760 txs=40225739 mgas=3720100 bps=32.42 tps=5476 mgps=489.8 avgBps=30.86 avgTps=5051 avgMGps=467.1 elapsed=2h12m43s
Aug 21 14:02:12 nimbus-eth1-mainnet-short-benchmark[2530675]: INF 2026-08-21 14:02:12.290+00:00 Imported blocks                            blockNumber=20253953 slot=9460253 blocks=253952 txs=41454921 mgas=3844385 bps=30.10 tps=4517 mgps=456.7 avgBps=30.83 avgTps=5033 avgMGps=466.8 elapsed=2h17m15s
Aug 21 14:06:28 nimbus-eth1-mainnet-short-benchmark[2530675]: INF 2026-08-21 14:06:28.907+00:00 Imported blocks                            blockNumber=20262145 slot=9468495 blocks=262144 txs=42726051 mgas=3968623 bps=31.92 tps=4953 mgps=484.1 avgBps=30.87 avgTps=5030 avgMGps=467.3 elapsed=2h21m32s
Aug 21 14:10:28 nimbus-eth1-mainnet-short-benchmark[2530675]: INF 2026-08-21 14:10:28.763+00:00 Imported blocks                            blockNumber=20270337 slot=9476748 blocks=270336 txs=44050436 mgas=4092682 bps=34.15 tps=5521 mgps=517.2 avgBps=30.96 avgTps=5044 avgMGps=468.7 elapsed=2h25m32s
Aug 21 14:14:12 nimbus-eth1-mainnet-short-benchmark[2530675]: INF 2026-08-21 14:14:12.840+00:00 Imported blocks                            blockNumber=20278529 slot=9484981 blocks=278528 txs=45382368 mgas=4216487 bps=36.56 tps=5944 mgps=552.5 avgBps=31.10 avgTps=5066 avgMGps=470.8 elapsed=2h29m16s
Aug 21 14:18:00 nimbus-eth1-mainnet-short-benchmark[2530675]: INF 2026-08-21 14:18:00.821+00:00 Imported blocks                            blockNumber=20286721 slot=9493213 blocks=286720 txs=46733429 mgas=4340363 bps=35.93 tps=5926 mgps=543.4 avgBps=31.22 avgTps=5088 avgMGps=472.6 elapsed=2h33m4s
Aug 21 14:22:10 nimbus-eth1-mainnet-short-benchmark[2530675]: INF 2026-08-21 14:22:10.897+00:00 Imported blocks                            blockNumber=20294913 slot=9501453 blocks=294912 txs=48075887 mgas=4464376 bps=32.76 tps=5368 mgps=495.9 avgBps=31.26 avgTps=5095 avgMGps=473.2 elapsed=2h37m14s
Aug 21 14:26:17 nimbus-eth1-mainnet-short-benchmark[2530675]: INF 2026-08-21 14:26:16.998+00:00 Imported blocks                            blockNumber=20303105 slot=9509696 blocks=303104 txs=49379538 mgas=4588534 bps=33.29 tps=5297 mgps=504.5 avgBps=31.31 avgTps=5100 avgMGps=474.0 elapsed=2h41m20s
Aug 21 14:30:15 nimbus-eth1-mainnet-short-benchmark[2530675]: INF 2026-08-21 14:30:15.731+00:00 Imported blocks                            blockNumber=20311297 slot=9517922 blocks=311296 txs=50637672 mgas=4712596 bps=34.32 tps=5270 mgps=519.7 avgBps=31.38 avgTps=5104 avgMGps=475.1 elapsed=2h45m19s
Aug 21 14:34:05 nimbus-eth1-mainnet-short-benchmark[2530675]: INF 2026-08-21 14:34:05.479+00:00 Imported blocks                            blockNumber=20319489 slot=9526159 blocks=319488 txs=51981692 mgas=4836521 bps=35.66 tps=5849 mgps=539.4 avgBps=31.48 avgTps=5121 avgMGps=476.5 elapsed=2h49m9s
Aug 21 14:37:36 nimbus-eth1-mainnet-short-benchmark[2530675]: INF 2026-08-21 14:37:36.680+00:00 Imported blocks                            blockNumber=20327681 slot=9534381 blocks=327680 txs=53356123 mgas=4960245 bps=38.79 tps=6507 mgps=585.8 avgBps=31.63 avgTps=5150 avgMGps=478.8 elapsed=2h52m40s
Aug 21 14:41:05 nimbus-eth1-mainnet-short-benchmark[2530675]: INF 2026-08-21 14:41:05.218+00:00 Imported blocks                            blockNumber=20335873 slot=9542617 blocks=335872 txs=54719105 mgas=5084025 bps=39.28 tps=6535 mgps=593.6 avgBps=31.78 avgTps=5177 avgMGps=481.0 elapsed=2h56m8s
Aug 21 14:44:54 nimbus-eth1-mainnet-short-benchmark[2530675]: INF 2026-08-21 14:44:54.726+00:00 Imported blocks                            blockNumber=20344065 slot=9550841 blocks=344064 txs=56021853 mgas=5207843 bps=35.69 tps=5676 mgps=539.5 avgBps=31.86 avgTps=5187 avgMGps=482.3 elapsed=2h59m58s
Aug 21 14:49:15 nimbus-eth1-mainnet-short-benchmark[2530675]: INF 2026-08-21 14:49:15.735+00:00 Imported blocks                            blockNumber=20352257 slot=9559072 blocks=352256 txs=57290408 mgas=5332016 bps=31.39 tps=4860 mgps=475.7 avgBps=31.85 avgTps=5180 avgMGps=482.1 elapsed=3h4m19s
Aug 21 14:53:14 nimbus-eth1-mainnet-short-benchmark[2530675]: INF 2026-08-21 14:53:14.651+00:00 Imported blocks                            blockNumber=20360449 slot=9567308 blocks=360448 txs=58543463 mgas=5456201 bps=34.29 tps=5244 mgps=519.8 avgBps=31.90 avgTps=5181 avgMGps=482.9 elapsed=3h8m18s
Aug 21 14:57:03 nimbus-eth1-mainnet-short-benchmark[2530675]: INF 2026-08-21 14:57:03.028+00:00 Imported blocks                            blockNumber=20368641 slot=9575548 blocks=368640 txs=59874056 mgas=5580204 bps=35.87 tps=5826 mgps=543.0 avgBps=31.98 avgTps=5194 avgMGps=484.1 elapsed=3h12m6s
Aug 21 15:01:02 nimbus-eth1-mainnet-short-benchmark[2530675]: INF 2026-08-21 15:01:02.605+00:00 Imported blocks                            blockNumber=20376833 slot=9583774 blocks=376832 txs=61167066 mgas=5704396 bps=34.19 tps=5397 mgps=518.4 avgBps=32.03 avgTps=5198 avgMGps=484.8 elapsed=3h16m6s
Aug 21 15:04:55 nimbus-eth1-mainnet-short-benchmark[2530675]: INF 2026-08-21 15:04:55.738+00:00 Imported blocks                            blockNumber=20385025 slot=9592009 blocks=385024 txs=62480333 mgas=5828235 bps=35.14 tps=5633 mgps=531.2 avgBps=32.09 avgTps=5206 avgMGps=485.7 elapsed=3h19m59s
Aug 21 15:08:48 nimbus-eth1-mainnet-short-benchmark[2530675]: INF 2026-08-21 15:08:48.755+00:00 Imported blocks                            blockNumber=20393217 slot=9600248 blocks=393216 txs=63800597 mgas=5952136 bps=35.16 tps=5665 mgps=531.7 avgBps=32.15 avgTps=5215 avgMGps=486.6 elapsed=3h23m52s
Aug 21 15:12:33 nimbus-eth1-mainnet-short-benchmark[2530675]: INF 2026-08-21 15:12:33.791+00:00 Imported blocks                            blockNumber=20401409 slot=9608486 blocks=401408 txs=65021243 mgas=6076384 bps=36.40 tps=5424 mgps=552.1 avgBps=32.22 avgTps=5219 avgMGps=487.8 elapsed=3h27m37s
Aug 21 15:16:33 nimbus-eth1-mainnet-short-benchmark[2530675]: INF 2026-08-21 15:16:33.724+00:00 Imported blocks                            blockNumber=20409601 slot=9616707 blocks=409600 txs=66199016 mgas=6200666 bps=34.14 tps=4908 mgps=518.0 avgBps=32.26 avgTps=5213 avgMGps=488.3 elapsed=3h31m37s
Aug 21 15:20:25 nimbus-eth1-mainnet-short-benchmark[2530675]: INF 2026-08-21 15:20:25.625+00:00 Imported blocks                            blockNumber=20417793 slot=9624941 blocks=417792 txs=67453930 mgas=6324823 bps=35.33 tps=5411 mgps=535.4 avgBps=32.31 avgTps=5217 avgMGps=489.2 elapsed=3h35m29s
Aug 21 15:23:49 nimbus-eth1-mainnet-short-benchmark[2530675]: INF 2026-08-21 15:23:49.050+00:00 Imported blocks                            blockNumber=20425985 slot=9633187 blocks=425984 txs=68814904 mgas=6448778 bps=40.27 tps=6690 mgps=609.3 avgBps=32.44 avgTps=5239 avgMGps=491.0 elapsed=3h38m52s
Aug 21 15:27:13 nimbus-eth1-mainnet-short-benchmark[2530675]: INF 2026-08-21 15:27:13.103+00:00 Imported blocks                            blockNumber=20434177 slot=9641422 blocks=434176 txs=70124508 mgas=6572711 bps=40.15 tps=6417 mgps=607.4 avgBps=32.55 avgTps=5257 avgMGps=492.8 elapsed=3h42m16s
Aug 21 15:30:47 nimbus-eth1-mainnet-short-benchmark[2530675]: INF 2026-08-21 15:30:47.224+00:00 Imported blocks                            blockNumber=20442369 slot=9649657 blocks=442368 txs=71403576 mgas=6696451 bps=38.26 tps=5973 mgps=577.9 avgBps=32.64 avgTps=5269 avgMGps=494.2 elapsed=3h45m50s
Aug 21 15:34:42 nimbus-eth1-mainnet-short-benchmark[2530675]: INF 2026-08-21 15:34:42.653+00:00 Imported blocks                            blockNumber=20450561 slot=9657896 blocks=450560 txs=72659905 mgas=6820521 bps=34.80 tps=5336 mgps=527.0 avgBps=32.68 avgTps=5270 avgMGps=494.7 elapsed=3h49m46s
Aug 21 15:38:58 nimbus-eth1-mainnet-short-benchmark[2530675]: INF 2026-08-21 15:38:58.013+00:00 Imported blocks                            blockNumber=20458753 slot=9666114 blocks=458752 txs=73838533 mgas=6945116 bps=32.08 tps=4615 mgps=487.9 avgBps=32.67 avgTps=5258 avgMGps=494.6 elapsed=3h54m1s
Aug 21 15:42:50 nimbus-eth1-mainnet-short-benchmark[2530675]: INF 2026-08-21 15:42:50.938+00:00 Imported blocks                            blockNumber=20466945 slot=9674343 blocks=466944 txs=75124748 mgas=7068943 bps=35.17 tps=5522 mgps=531.6 avgBps=32.71 avgTps=5262 avgMGps=495.2 elapsed=3h57m54s
Aug 21 15:46:40 nimbus-eth1-mainnet-short-benchmark[2530675]: INF 2026-08-21 15:46:40.599+00:00 Imported blocks                            blockNumber=20475137 slot=9682575 blocks=475136 txs=76420106 mgas=7192870 bps=35.67 tps=5640 mgps=539.6 avgBps=32.76 avgTps=5268 avgMGps=495.9 elapsed=4h1m44s
Aug 21 15:50:18 nimbus-eth1-mainnet-short-benchmark[2530675]: INF 2026-08-21 15:50:18.712+00:00 Imported blocks                            blockNumber=20483329 slot=9690800 blocks=483328 txs=77675422 mgas=7316939 bps=37.56 tps=5755 mgps=568.8 avgBps=32.83 avgTps=5276 avgMGps=497.0 elapsed=4h5m22s
Aug 21 15:53:54 nimbus-eth1-mainnet-short-benchmark[2530675]: INF 2026-08-21 15:53:54.885+00:00 Imported blocks                            blockNumber=20491521 slot=9699019 blocks=491520 txs=78951232 mgas=7440784 bps=37.89 tps=5901 mgps=572.9 avgBps=32.90 avgTps=5285 avgMGps=498.1 elapsed=4h8m58s
Aug 21 15:57:49 nimbus-eth1-mainnet-short-benchmark[2530675]: INF 2026-08-21 15:57:49.501+00:00 Imported blocks                            blockNumber=20499713 slot=9707248 blocks=499712 txs=80189642 mgas=7564669 bps=34.92 tps=5278 mgps=528.0 avgBps=32.93 avgTps=5284 avgMGps=498.6 elapsed=4h12m53s
Aug 21 16:01:48 nimbus-eth1-mainnet-short-benchmark[2530675]: INF 2026-08-21 16:01:48.630+00:00 Imported blocks                            blockNumber=20507905 slot=9715488 blocks=507904 txs=81317763 mgas=7689208 bps=34.26 tps=4717 mgps=520.8 avgBps=32.95 avgTps=5276 avgMGps=498.9 elapsed=4h16m52s
Aug 21 16:05:21 nimbus-eth1-mainnet-short-benchmark[2530675]: INF 2026-08-21 16:05:21.399+00:00 Imported blocks                            blockNumber=20516097 slot=9723715 blocks=516096 txs=82520262 mgas=7813209 bps=38.50 tps=5651 mgps=582.8 avgBps=33.03 avgTps=5281 avgMGps=500.0 elapsed=4h20m25s
Aug 21 16:09:05 nimbus-eth1-mainnet-short-benchmark[2530675]: INF 2026-08-21 16:09:05.360+00:00 Imported blocks                            blockNumber=20524289 slot=9731945 blocks=524288 txs=83780075 mgas=7937233 bps=36.58 tps=5625 mgps=553.8 avgBps=33.08 avgTps=5286 avgMGps=500.8 elapsed=4h24m9s
Aug 21 16:12:52 nimbus-eth1-mainnet-short-benchmark[2530675]: INF 2026-08-21 16:12:52.409+00:00 Imported blocks                            blockNumber=20532481 slot=9740183 blocks=532480 txs=85263862 mgas=8061024 bps=36.08 tps=6535 mgps=545.2 avgBps=33.12 avgTps=5303 avgMGps=501.4 elapsed=4h27m56s
Aug 21 16:16:46 nimbus-eth1-mainnet-short-benchmark[2530675]: INF 2026-08-21 16:16:46.301+00:00 Imported blocks                            blockNumber=20540673 slot=9748418 blocks=540672 txs=86612143 mgas=8185090 bps=35.02 tps=5764 mgps=530.4 avgBps=33.15 avgTps=5310 avgMGps=501.8 elapsed=4h31m49s
Aug 21 16:20:48 nimbus-eth1-mainnet-short-benchmark[2530675]: INF 2026-08-21 16:20:48.050+00:00 Imported blocks                            blockNumber=20548865 slot=9756662 blocks=548864 txs=87802991 mgas=8309513 bps=33.89 tps=4926 mgps=514.7 avgBps=33.16 avgTps=5304 avgMGps=502.0 elapsed=4h35m51s
Aug 21 16:24:47 nimbus-eth1-mainnet-short-benchmark[2530675]: INF 2026-08-21 16:24:47.483+00:00 Imported blocks                            blockNumber=20557057 slot=9764892 blocks=557056 txs=88964987 mgas=8433956 bps=34.21 tps=4853 mgps=519.7 avgBps=33.18 avgTps=5298 avgMGps=502.3 elapsed=4h39m51s
Aug 21 16:28:36 nimbus-eth1-mainnet-short-benchmark[2530675]: INF 2026-08-21 16:28:36.711+00:00 Imported blocks                            blockNumber=20565249 slot=9773131 blocks=565248 txs=90186094 mgas=8558113 bps=35.74 tps=5327 mgps=541.6 avgBps=33.21 avgTps=5298 avgMGps=502.8 elapsed=4h43m40s
Aug 21 16:32:26 nimbus-eth1-mainnet-short-benchmark[2530675]: INF 2026-08-21 16:32:26.064+00:00 Imported blocks                            blockNumber=20573441 slot=9781369 blocks=573440 txs=91404654 mgas=8682228 bps=35.72 tps=5312 mgps=541.1 avgBps=33.24 avgTps=5298 avgMGps=503.3 elapsed=4h47m29s
Aug 21 16:36:09 nimbus-eth1-mainnet-short-benchmark[2530675]: INF 2026-08-21 16:36:09.977+00:00 Imported blocks                            blockNumber=20581633 slot=9789611 blocks=581632 txs=92628389 mgas=8806651 bps=36.59 tps=5465 mgps=555.7 avgBps=33.29 avgTps=5301 avgMGps=504.0 elapsed=4h51m13s
Aug 21 16:40:01 nimbus-eth1-mainnet-short-benchmark[2530675]: INF 2026-08-21 16:40:01.494+00:00 Imported blocks                            blockNumber=20589825 slot=9797855 blocks=589824 txs=93887208 mgas=8931023 bps=35.38 tps=5437 mgps=537.2 avgBps=33.31 avgTps=5302 avgMGps=504.4 elapsed=4h55m5s
Aug 21 16:43:57 nimbus-eth1-mainnet-short-benchmark[2530675]: INF 2026-08-21 16:43:57.427+00:00 Imported blocks                            blockNumber=20598017 slot=9806095 blocks=598016 txs=95163338 mgas=9055310 bps=34.72 tps=5408 mgps=526.8 avgBps=33.33 avgTps=5304 avgMGps=504.7 elapsed=4h59m1s
Aug 21 16:47:53 nimbus-eth1-mainnet-short-benchmark[2530675]: INF 2026-08-21 16:47:53.067+00:00 Imported blocks                            blockNumber=20606209 slot=9814347 blocks=606208 txs=96334664 mgas=9179976 bps=34.76 tps=4970 mgps=529.0 avgBps=33.35 avgTps=5299 avgMGps=505.0 elapsed=5h2m56s
Aug 21 16:51:39 nimbus-eth1-mainnet-short-benchmark[2530675]: INF 2026-08-21 16:51:39.092+00:00 Imported blocks                            blockNumber=20614401 slot=9822581 blocks=614400 txs=97573414 mgas=9304574 bps=36.24 tps=5480 mgps=551.3 avgBps=33.39 avgTps=5302 avgMGps=505.6 elapsed=5h6m42s
Aug 21 16:55:27 nimbus-eth1-mainnet-short-benchmark[2530675]: INF 2026-08-21 16:55:27.413+00:00 Imported blocks                            blockNumber=20622593 slot=9830821 blocks=622592 txs=98874772 mgas=9428835 bps=35.88 tps=5699 mgps=544.2 avgBps=33.42 avgTps=5306 avgMGps=506.1 elapsed=5h10m31s
Aug 21 16:59:06 nimbus-eth1-mainnet-short-benchmark[2530675]: INF 2026-08-21 16:59:06.578+00:00 Imported blocks                            blockNumber=20630785 slot=9839058 blocks=630784 txs=100178707 mgas=9553009 bps=37.38 tps=5949 mgps=566.6 avgBps=33.46 avgTps=5314 avgMGps=506.8 elapsed=5h14m10s
Aug 21 17:02:53 nimbus-eth1-mainnet-short-benchmark[2530675]: INF 2026-08-21 17:02:53.398+00:00 Imported blocks                            blockNumber=20638977 slot=9847313 blocks=638976 txs=101489116 mgas=9677171 bps=36.12 tps=5777 mgps=547.4 avgBps=33.49 avgTps=5319 avgMGps=507.3 elapsed=5h17m57s
Aug 21 17:06:40 nimbus-eth1-mainnet-short-benchmark[2530675]: INF 2026-08-21 17:06:40.119+00:00 Imported blocks                            blockNumber=20647169 slot=9855549 blocks=647168 txs=102730058 mgas=9801643 bps=36.13 tps=5473 mgps=549.0 avgBps=33.53 avgTps=5321 avgMGps=507.8 elapsed=5h21m43s
Aug 21 17:10:39 nimbus-eth1-mainnet-short-benchmark[2530675]: INF 2026-08-21 17:10:39.696+00:00 Imported blocks                            blockNumber=20655361 slot=9863778 blocks=655360 txs=103868002 mgas=9926541 bps=34.19 tps=4749 mgps=521.3 avgBps=33.53 avgTps=5314 avgMGps=507.9 elapsed=5h25m43s
Aug 21 17:14:24 nimbus-eth1-mainnet-short-benchmark[2530675]: INF 2026-08-21 17:14:24.453+00:00 Imported blocks                            blockNumber=20663553 slot=9872013 blocks=663552 txs=105112198 mgas=10051274 bps=36.45 tps=5535 mgps=555.0 avgBps=33.57 avgTps=5317 avgMGps=508.5 elapsed=5h29m28s
Aug 21 17:17:57 nimbus-eth1-mainnet-short-benchmark[2530675]: INF 2026-08-21 17:17:57.254+00:00 Imported blocks                            blockNumber=20671745 slot=9880241 blocks=671744 txs=106395904 mgas=10175177 bps=38.50 tps=6032 mgps=582.3 avgBps=33.62 avgTps=5324 avgMGps=509.2 elapsed=5h33m915ms
Aug 21 17:21:34 nimbus-eth1-mainnet-short-benchmark[2530675]: INF 2026-08-21 17:21:34.827+00:00 Imported blocks                            blockNumber=20679937 slot=9888471 blocks=679936 txs=107674271 mgas=10299404 bps=37.65 tps=5875 mgps=571.0 avgBps=33.66 avgTps=5330 avgMGps=509.9 elapsed=5h36m38s
Aug 21 17:25:02 nimbus-eth1-mainnet-short-benchmark[2530675]: INF 2026-08-21 17:25:02.232+00:00 Imported blocks                            blockNumber=20688129 slot=9896698 blocks=688128 txs=108938536 mgas=10423298 bps=39.50 tps=6095 mgps=597.4 avgBps=33.72 avgTps=5338 avgMGps=510.8 elapsed=5h40m5s
Aug 21 17:28:43 nimbus-eth1-mainnet-short-benchmark[2530675]: INF 2026-08-21 17:28:43.617+00:00 Imported blocks                            blockNumber=20696321 slot=9904930 blocks=696320 txs=110235786 mgas=10547469 bps=37.00 tps=5859 mgps=560.9 avgBps=33.76 avgTps=5344 avgMGps=511.3 elapsed=5h43m47s
Aug 21 17:32:42 nimbus-eth1-mainnet-short-benchmark[2530675]: INF 2026-08-21 17:32:42.773+00:00 Imported blocks                            blockNumber=20704513 slot=9913154 blocks=704512 txs=111483759 mgas=10671677 bps=34.25 tps=5218 mgps=519.4 avgBps=33.76 avgTps=5342 avgMGps=511.4 elapsed=5h47m46s
Aug 21 17:36:27 nimbus-eth1-mainnet-short-benchmark[2530675]: INF 2026-08-21 17:36:27.126+00:00 Imported blocks                            blockNumber=20712705 slot=9921388 blocks=712704 txs=112764170 mgas=10795980 bps=36.51 tps=5707 mgps=554.0 avgBps=33.79 avgTps=5346 avgMGps=511.9 elapsed=5h51m30s
Aug 21 17:39:57 nimbus-eth1-mainnet-short-benchmark[2530675]: INF 2026-08-21 17:39:57.239+00:00 Imported blocks                            blockNumber=20720897 slot=9929633 blocks=720896 txs=114110517 mgas=10919926 bps=38.99 tps=6407 mgps=589.9 avgBps=33.84 avgTps=5357 avgMGps=512.7 elapsed=5h55m900ms
Aug 21 17:43:33 nimbus-eth1-mainnet-short-benchmark[2530675]: INF 2026-08-21 17:43:33.884+00:00 Imported blocks                            blockNumber=20729089 slot=9937869 blocks=729088 txs=115449431 mgas=11043768 bps=37.81 tps=6180 mgps=571.6 avgBps=33.88 avgTps=5365 avgMGps=513.2 elapsed=5h58m37s
Aug 21 17:47:03 nimbus-eth1-mainnet-short-benchmark[2530675]: INF 2026-08-21 17:47:03.565+00:00 Imported blocks                            blockNumber=20737281 slot=9946108 blocks=737280 txs=116784468 mgas=11167784 bps=39.07 tps=6366 mgps=591.4 avgBps=33.93 avgTps=5375 avgMGps=514.0 elapsed=6h2m7s
Aug 21 17:50:42 nimbus-eth1-mainnet-short-benchmark[2530675]: INF 2026-08-21 17:50:42.462+00:00 Imported blocks                            blockNumber=20745473 slot=9954342 blocks=745472 txs=118101003 mgas=11291742 bps=37.42 tps=6014 mgps=566.3 avgBps=33.97 avgTps=5381 avgMGps=514.5 elapsed=6h5m46s
Aug 21 17:54:37 nimbus-eth1-mainnet-short-benchmark[2530675]: INF 2026-08-21 17:54:37.115+00:00 Imported blocks                            blockNumber=20753665 slot=9962581 blocks=753664 txs=119337525 mgas=11415859 bps=34.91 tps=5269 mgps=528.9 avgBps=33.98 avgTps=5380 avgMGps=514.7 elapsed=6h9m40s
Aug 21 17:58:20 nimbus-eth1-mainnet-short-benchmark[2530675]: INF 2026-08-21 17:58:20.163+00:00 Imported blocks                            blockNumber=20761857 slot=9970803 blocks=761856 txs=120564314 mgas=11540225 bps=36.73 tps=5500 mgps=557.6 avgBps=34.01 avgTps=5381 avgMGps=515.1 elapsed=6h13m23s
Aug 21 18:01:50 nimbus-eth1-mainnet-short-benchmark[2530675]: INF 2026-08-21 18:01:50.048+00:00 Imported blocks                            blockNumber=20770049 slot=9979058 blocks=770048 txs=121858083 mgas=11663918 bps=39.03 tps=6164 mgps=589.3 avgBps=34.05 avgTps=5388 avgMGps=515.8 elapsed=6h16m53s
Aug 21 18:05:11 nimbus-eth1-mainnet-short-benchmark[2530675]: INF 2026-08-21 18:05:11.338+00:00 Imported blocks                            blockNumber=20778241 slot=9987307 blocks=778240 txs=123161734 mgas=11787906 bps=40.70 tps=6476 mgps=616.0 avgBps=34.11 avgTps=5398 avgMGps=516.7 elapsed=6h20m15s
Aug 21 18:08:29 nimbus-eth1-mainnet-short-benchmark[2530675]: INF 2026-08-21 18:08:29.315+00:00 Imported blocks                            blockNumber=20786433 slot=9995542 blocks=786432 txs=124509456 mgas=11911612 bps=41.38 tps=6807 mgps=624.9 avgBps=34.17 avgTps=5410 avgMGps=517.6 elapsed=6h23m32s
Aug 21 18:11:51 nimbus-eth1-mainnet-short-benchmark[2530675]: INF 2026-08-21 18:11:51.496+00:00 Imported blocks                            blockNumber=20794625 slot=10003781 blocks=794624 txs=125848921 mgas=12035338 bps=40.52 tps=6625 mgps=612.0 avgBps=34.23 avgTps=5420 avgMGps=518.4 elapsed=6h26m55s
Aug 21 18:15:18 nimbus-eth1-mainnet-short-benchmark[2530675]: INF 2026-08-21 18:15:18.785+00:00 Imported blocks                            blockNumber=20802817 slot=10012028 blocks=802816 txs=127089868 mgas=12158989 bps=39.52 tps=5986 mgps=596.5 avgBps=34.28 avgTps=5425 avgMGps=519.1 elapsed=6h30m22s
Aug 21 18:18:54 nimbus-eth1-mainnet-short-benchmark[2530675]: INF 2026-08-21 18:18:54.058+00:00 Imported blocks                            blockNumber=20811009 slot=10020249 blocks=811008 txs=128299762 mgas=12282850 bps=38.05 tps=5620 mgps=575.4 avgBps=34.31 avgTps=5427 avgMGps=519.6 elapsed=6h33m57s
Aug 21 18:22:15 nimbus-eth1-mainnet-short-benchmark[2530675]: INF 2026-08-21 18:22:15.443+00:00 Imported blocks                            blockNumber=20819201 slot=10028481 blocks=819200 txs=129596319 mgas=12406594 bps=40.68 tps=6438 mgps=614.5 avgBps=34.36 avgTps=5436 avgMGps=520.4 elapsed=6h37m19s
Aug 21 18:25:36 nimbus-eth1-mainnet-short-benchmark[2530675]: INF 2026-08-21 18:25:36.136+00:00 Imported blocks                            blockNumber=20827393 slot=10036710 blocks=827392 txs=130916729 mgas=12530249 bps=40.82 tps=6579 mgps=616.1 avgBps=34.42 avgTps=5445 avgMGps=521.2 elapsed=6h40m39s
Aug 21 18:28:56 nimbus-eth1-mainnet-short-benchmark[2530675]: INF 2026-08-21 18:28:56.237+00:00 Imported blocks                            blockNumber=20835585 slot=10044938 blocks=835584 txs=132226625 mgas=12654070 bps=40.94 tps=6546 mgps=618.8 avgBps=34.47 avgTps=5454 avgMGps=522.0 elapsed=6h43m59s
Aug 21 18:32:29 nimbus-eth1-mainnet-short-benchmark[2530675]: INF 2026-08-21 18:32:29.362+00:00 Imported blocks                            blockNumber=20843777 slot=10053164 blocks=843776 txs=133604192 mgas=12777730 bps=38.44 tps=6463 mgps=580.2 avgBps=34.51 avgTps=5463 avgMGps=522.5 elapsed=6h47m33s
Aug 21 18:36:27 nimbus-eth1-mainnet-short-benchmark[2530675]: INF 2026-08-21 18:36:27.707+00:00 Imported blocks                            blockNumber=20851969 slot=10061391 blocks=851968 txs=134900706 mgas=12901664 bps=34.37 tps=5439 mgps=520.0 avgBps=34.50 avgTps=5463 avgMGps=522.5 elapsed=6h51m31s
Aug 21 18:40:14 nimbus-eth1-mainnet-short-benchmark[2530675]: INF 2026-08-21 18:40:14.192+00:00 Imported blocks                            blockNumber=20860161 slot=10069622 blocks=860160 txs=136168750 mgas=13025603 bps=36.17 tps=5598 mgps=547.2 avgBps=34.52 avgTps=5464 avgMGps=522.7 elapsed=6h55m17s
Aug 21 18:43:59 nimbus-eth1-mainnet-short-benchmark[2530675]: INF 2026-08-21 18:43:59.369+00:00 Imported blocks                            blockNumber=20868353 slot=10077838 blocks=868352 txs=137550724 mgas=13149742 bps=36.38 tps=6137 mgps=551.3 avgBps=34.54 avgTps=5470 avgMGps=523.0 elapsed=6h59m3s
Aug 21 18:47:42 nimbus-eth1-mainnet-short-benchmark[2530675]: INF 2026-08-21 18:47:42.345+00:00 Imported blocks                            blockNumber=20876545 slot=10086066 blocks=876544 txs=138954673 mgas=13273457 bps=36.74 tps=6296 mgps=554.8 avgBps=34.56 avgTps=5477 avgMGps=523.3 elapsed=7h2m46s
Aug 21 18:51:19 nimbus-eth1-mainnet-short-benchmark[2530675]: INF 2026-08-21 18:51:19.254+00:00 Imported blocks                            blockNumber=20884737 slot=10094286 blocks=884736 txs=140256178 mgas=13397479 bps=37.77 tps=6000 mgps=571.8 avgBps=34.58 avgTps=5482 avgMGps=523.7 elapsed=7h6m22s
Aug 21 18:54:51 nimbus-eth1-mainnet-short-benchmark[2530675]: INF 2026-08-21 18:54:51.135+00:00 Imported blocks                            blockNumber=20892929 slot=10102512 blocks=892928 txs=141581868 mgas=13521575 bps=38.66 tps=6256 mgps=585.7 avgBps=34.62 avgTps=5488 avgMGps=524.2 elapsed=7h9m54s
Aug 21 18:58:23 nimbus-eth1-mainnet-short-benchmark[2530675]: INF 2026-08-21 18:58:23.372+00:00 Imported blocks                            blockNumber=20901121 slot=10110732 blocks=901120 txs=142875889 mgas=13645572 bps=38.60 tps=6096 mgps=584.2 avgBps=34.65 avgTps=5493 avgMGps=524.7 elapsed=7h13m27s
Aug 21 19:01:54 nimbus-eth1-mainnet-short-benchmark[2530675]: INF 2026-08-21 19:01:54.717+00:00 Imported blocks                            blockNumber=20909313 slot=10118953 blocks=909312 txs=144102308 mgas=13769390 bps=38.76 tps=5802 mgps=585.9 avgBps=34.68 avgTps=5496 avgMGps=525.2 elapsed=7h16m58s
Aug 21 19:05:21 nimbus-eth1-mainnet-short-benchmark[2530675]: INF 2026-08-21 19:05:21.766+00:00 Imported blocks                            blockNumber=20917505 slot=10127176 blocks=917504 txs=145406349 mgas=13893087 bps=39.57 tps=6298 mgps=597.4 avgBps=34.72 avgTps=5502 avgMGps=525.7 elapsed=7h20m25s
Aug 21 19:08:39 nimbus-eth1-mainnet-short-benchmark[2530675]: INF 2026-08-21 19:08:39.232+00:00 Imported blocks                            blockNumber=20925697 slot=10135394 blocks=925696 txs=146718394 mgas=14016820 bps=41.49 tps=6644 mgps=626.6 avgBps=34.77 avgTps=5510 avgMGps=526.5 elapsed=7h23m42s
Aug 21 19:12:10 nimbus-eth1-mainnet-short-benchmark[2530675]: INF 2026-08-21 19:12:10.885+00:00 Imported blocks                            blockNumber=20933889 slot=10143614 blocks=933888 txs=148049109 mgas=14140625 bps=38.70 tps=6287 mgps=584.9 avgBps=34.80 avgTps=5517 avgMGps=527.0 elapsed=7h27m14s
Aug 21 19:15:34 nimbus-eth1-mainnet-short-benchmark[2530675]: INF 2026-08-21 19:15:34.150+00:00 Imported blocks                            blockNumber=20942081 slot=10151840 blocks=942080 txs=149397364 mgas=14264352 bps=40.30 tps=6633 mgps=608.7 avgBps=34.84 avgTps=5525 avgMGps=527.6 elapsed=7h30m37s
Aug 21 19:19:03 nimbus-eth1-mainnet-short-benchmark[2530675]: INF 2026-08-21 19:19:03.291+00:00 Imported blocks                            blockNumber=20950273 slot=10160098 blocks=950272 txs=150765507 mgas=14388237 bps=39.17 tps=6541 mgps=592.4 avgBps=34.88 avgTps=5533 avgMGps=528.1 elapsed=7h34m6s
Aug 21 19:22:47 nimbus-eth1-mainnet-short-benchmark[2530675]: INF 2026-08-21 19:22:47.764+00:00 Imported blocks                            blockNumber=20958465 slot=10168363 blocks=958464 txs=152044771 mgas=14511987 bps=36.49 tps=5698 mgps=551.3 avgBps=34.89 avgTps=5534 avgMGps=528.3 elapsed=7h37m51s
Aug 21 19:26:22 nimbus-eth1-mainnet-short-benchmark[2530675]: INF 2026-08-21 19:26:22.121+00:00 Imported blocks                            blockNumber=20966657 slot=10176609 blocks=966656 txs=153365296 mgas=14635804 bps=38.22 tps=6160 mgps=577.6 avgBps=34.92 avgTps=5539 avgMGps=528.6 elapsed=7h41m25s
Aug 21 19:29:52 nimbus-eth1-mainnet-short-benchmark[2530675]: INF 2026-08-21 19:29:52.506+00:00 Imported blocks                            blockNumber=20974849 slot=10184849 blocks=974848 txs=154744917 mgas=14759580 bps=38.94 tps=6557 mgps=588.3 avgBps=34.95 avgTps=5547 avgMGps=529.1 elapsed=7h44m56s
Aug 21 19:33:30 nimbus-eth1-mainnet-short-benchmark[2530675]: INF 2026-08-21 19:33:30.290+00:00 Imported blocks                            blockNumber=20983041 slot=10193086 blocks=983040 txs=156055229 mgas=14883451 bps=37.62 tps=6016 mgps=568.8 avgBps=34.97 avgTps=5550 avgMGps=529.4 elapsed=7h48m33s
Aug 21 19:36:42 nimbus-eth1-mainnet-short-benchmark[2530675]: INF 2026-08-21 19:36:42.620+00:00 Imported blocks                            blockNumber=20991233 slot=10201319 blocks=991232 txs=157563202 mgas=15007557 bps=42.59 tps=7840 mgps=645.3 avgBps=35.02 avgTps=5566 avgMGps=530.2 elapsed=7h51m46s
Aug 21 19:40:24 nimbus-eth1-mainnet-short-benchmark[2530675]: INF 2026-08-21 19:40:24.577+00:00 Imported blocks                            blockNumber=20999425 slot=10209549 blocks=999424 txs=159003277 mgas=15131383 bps=36.91 tps=6487 mgps=557.9 avgBps=35.03 avgTps=5573 avgMGps=530.4 elapsed=7h55m28s
Aug 21 19:40:40 nimbus-eth1-mainnet-short-benchmark[2530675]: INF 2026-08-21 19:40:40.468+00:00 Imported blocks                            blockNumber=21000001 slot=10210128 blocks=1000000 txs=159109486 mgas=15140191 bps=36.24 tps=6682 mgps=554.2 avgBps=35.03 avgTps=5574 avgMGps=530.4 elapsed=7h55m44s
Aug 21 19:40:40 nimbus-eth1-mainnet-short-benchmark[2530675]: NTC 2026-08-21 19:40:40.468+00:00 Import complete                            blockNumber=21000001 slot=10210128 blocks=1000000 txs=159109486 mgas=15140191
Aug 21 19:40:41 nimbus-eth1-mainnet-short-benchmark[2498654]: <<< ending startNimbusWithImport (success)
Aug 21 19:40:41 nimbus-eth1-mainnet-short-benchmark[2498654]: >>> starting moveBenchmarkingFileToRepo
Aug 21 19:40:41 nimbus-eth1-mainnet-short-benchmark[2498654]: >>> copying debug-csv generated by nimbus to benchmarks repo
Aug 21 19:40:41 nimbus-eth1-mainnet-short-benchmark[2498654]: <<< ending moveBenchmarkingFileToRepo (success)
Aug 21 19:40:41 nimbus-eth1-mainnet-short-benchmark[2498654]: >>> starting generateBuildEnvironmentLogFile
Aug 21 19:40:50 nimbus-eth1-mainnet-short-benchmark[2498654]: <<< ending generateBuildEnvironmentLogFile (success)
Aug 21 19:40:50 nimbus-eth1-mainnet-short-benchmark[2498654]: >>> starting generateSystemdServiceLogs
