Aug 07 23:47:09 nimbus-eth1-mainnet-short-benchmark[3801091]: >>> starting cloneOrFetchBenchmarksRepo
Aug 07 23:47:09 nimbus-eth1-mainnet-short-benchmark[3801091]: >>> Fetching latest changes for nimbus-eth1-benchmarks...
Aug 07 23:47:11 nimbus-eth1-mainnet-short-benchmark[3801141]: HEAD is now at 1ee6ada chore: update short benchmark Readme
Aug 07 23:47:11 nimbus-eth1-mainnet-short-benchmark[3801091]: <<< ending cloneOrFetchBenchmarksRepo (success)
Aug 07 23:47:11 nimbus-eth1-mainnet-short-benchmark[3801091]: >>> starting cloneOrFetchNimbusRepo
Aug 07 23:47:22 nimbus-eth1-mainnet-short-benchmark[3801091]: >>> Fetching latest changes for nimbus-eth1...
Aug 07 23:47:23 nimbus-eth1-mainnet-short-benchmark[3801498]: From https://github.com/status-im/nimbus-eth1
Aug 07 23:47:23 nimbus-eth1-mainnet-short-benchmark[3801498]:    dbcfbced4..1e8cfae3d  master               -> origin/master
Aug 07 23:47:23 nimbus-eth1-mainnet-short-benchmark[3801498]:  + c88c9c0ec...2e5b3025b engine-new-payload-with-witness -> origin/engine-new-payload-with-witness  (forced update)
Aug 07 23:47:23 nimbus-eth1-mainnet-short-benchmark[3801498]:  * [new branch]          genesis-block-hash-network-check -> origin/genesis-block-hash-network-check
Aug 07 23:47:23 nimbus-eth1-mainnet-short-benchmark[3801498]:    4836f4ab7..fd01d2859  lru-move-only-values -> origin/lru-move-only-values
Aug 07 23:47:23 nimbus-eth1-mainnet-short-benchmark[3801507]: warning: unable to rmdir 'vendor/libtommath': Directory not empty
Aug 07 23:47:23 nimbus-eth1-mainnet-short-benchmark[3801507]: HEAD is now at 1e8cfae3d Witness: Implement optimisation where touched code can be skipped (#4099)
Aug 07 23:47:23 nimbus-eth1-mainnet-short-benchmark[3801091]: >>> Found last benchmarked commit: 47dca529
Aug 07 23:47:23 nimbus-eth1-mainnet-short-benchmark[3801091]: >>> Using next commit: bba41aea0b3dd91b227fb4b922fe251d70150e93
Aug 07 23:47:23 nimbus-eth1-mainnet-short-benchmark[3801523]: HEAD is now at bba41aea0 Change nimbus import text to mention ere aside of era1/era (#4455)
Aug 07 23:47:23 nimbus-eth1-mainnet-short-benchmark[3801091]: >>> Current commit: bba41aea0
Aug 07 23:47:23 nimbus-eth1-mainnet-short-benchmark[3801091]: <<< ending cloneOrFetchNimbusRepo (success)
Aug 07 23:47:23 nimbus-eth1-mainnet-short-benchmark[3801091]: >>> starting buildBinaries
Aug 07 23:47:23 nimbus-eth1-mainnet-short-benchmark[3801091]: >>> Building binaries for commit bba41aea...
Aug 07 23:47:31 nimbus-eth1-mainnet-short-benchmark[3807034]: Building: Nim compiler
Aug 07 23:49:24 nimbus-eth1-mainnet-short-benchmark[3807034]: Building custom Nimble commit: 42ef70c2102a942c46f13eb76872326edd525cec
Aug 07 23:49:34 nimbus-eth1-mainnet-short-benchmark[3807034]: Building Nimble...
Aug 07 23:49:44 nimbus-eth1-mainnet-short-benchmark[3807034]: Replacing nimble binary...
Aug 07 23:49:52 nimbus-eth1-mainnet-short-benchmark[3822553]: cp: cannot stat '/data/status-im/nimbus-eth1/build/*': No such file or directory
Aug 07 23:49:52 nimbus-eth1-mainnet-short-benchmark[3822527]: ROCKSDB VERSION NOT FOUND
Aug 07 23:49:52 nimbus-eth1-mainnet-short-benchmark[3822675]: make[1]: Entering directory '/data/status-im/nimbus-eth1/vendor/nim-rocksdb/vendor/rocksdb'
Aug 07 23:49:52 nimbus-eth1-mainnet-short-benchmark[3822675]: $DEBUG_LEVEL is 0, $LIB_MODE is static
Aug 07 23:49:52 nimbus-eth1-mainnet-short-benchmark[3822675]: make[1]: Leaving directory '/data/status-im/nimbus-eth1/vendor/nim-rocksdb/vendor/rocksdb'
Aug 07 23:49:52 nimbus-eth1-mainnet-short-benchmark[3823125]: Cleaning up RocksDb build artifacts.
Aug 07 23:49:53 nimbus-eth1-mainnet-short-benchmark[3822558]: Building RocksDb static libraries.
Aug 07 23:53:06 nimbus-eth1-mainnet-short-benchmark[3826672]: Building: build/nimbus_execution_client
Aug 07 23:55:33 nimbus-eth1-mainnet-short-benchmark[3801091]: >>> renaming binaries to match commit they were built from
Aug 07 23:55:33 nimbus-eth1-mainnet-short-benchmark[3801091]: >>> creating a symbolic link to the latest version
Aug 07 23:55:33 nimbus-eth1-mainnet-short-benchmark[3801091]: >>> deleting copies that are older than N days
Aug 07 23:55:33 nimbus-eth1-mainnet-short-benchmark[3801091]: <<< ending buildBinaries (success)
Aug 07 23:55:33 nimbus-eth1-mainnet-short-benchmark[3801091]: >>> starting skipOrContinueBenchmark
Aug 07 23:55:33 nimbus-eth1-mainnet-short-benchmark[3801091]: <<< ending skipOrContinueBenchmark (success)
Aug 07 23:55:33 nimbus-eth1-mainnet-short-benchmark[3801091]: >>> starting copyTemplateDatabase
Aug 07 23:55:33 nimbus-eth1-mainnet-short-benchmark[3801091]: >>> Copying template db into nimbus data directory
Aug 07 23:58:43 nimbus-eth1-mainnet-short-benchmark[3801091]: >>> Template db copied
Aug 07 23:58:43 nimbus-eth1-mainnet-short-benchmark[3801091]: >>> making nimbus the owner of the copied files
Aug 07 23:58:43 nimbus-eth1-mainnet-short-benchmark[3801091]: <<< ending copyTemplateDatabase (success)
Aug 07 23:58:43 nimbus-eth1-mainnet-short-benchmark[3801091]: >>> starting startNimbusWithImport
Aug 07 23:58:43 nimbus-eth1-mainnet-short-benchmark[3832542]: INF 2026-08-07 23:58:43.167+00:00 Launching execution client                 version=v0.3.1-bba41aea config="(configFile: none(InputFile), dataDirFlag: some(/data/status-im/nimbus-eth1/data/shared_mainnet_0), era1DirFlag: some(/data/era1), eraDirFlag: some(/data/era), ereDirFlag: none(OutDir), keyStoreDirFlag: none(OutDir), importKey: , trustedSetupFile: none(string), extraData: Nimbus/v0.3.1-bba41aea, gasLimit: none(uint64), maxBlobs: none(byte), network: [mainnet], customNetwork: none(NetworkParams), networkId: 1, networkParams: (config: ..., genesis: (nonce: 0x0000000000000042, timestamp: 0, extraData: [17, 187, 232, 219, 78, 52, 123, 78, 140, 147, 124, 28, 131, 112, 228, 181, 237, 51, 173, 179, 219, 105, 203, 219, 122, 56, 225, 229, 11, 27, 130, 250], gasLimit: 5000, difficulty: 17179869184, mixHash: 0x0000000000000000000000000000000000000000000000000000000000000000, coinbase: 0x0000000000000000000000000000000000000000, alloc: 8893, number: 0, gasUser: 0, parentHash: 0x0000000000000000000000000000000000000000000000000000000000000000, baseFeePerGas: none(), blobGasUsed: -1, excessBlobGas: -1, parentBeaconBlockRoot: none())), logLevel: INFO, logFormat: auto, metricsEnabled: false, metricsPort: 9093, metricsAddress: 127.0.0.1, bootstrapNodes: [], bootstrapFile: , staticPeers: [], staticPeersFile: , reconnectMaxRetry: 0, reconnectInterval: 15, listenAddress: ::, tcpPort: 30303, udpPortFlag: none(Port), maxPeers: 25, nat: (hasExtIp: false, nat: NatAny), discovery: [V4, V5], netKey: random, agentString: Nimbus/v0.3.1-bba41aea/linux-amd64/Nim-2.2.10, numThreads: 0, persistBatchSize: 4, dynamicBatchSize: false, rocksdbMaxOpenFiles: 2048, rocksdbWriteBufferSize: 67108864, rocksdbRowCacheSize: 0, rocksdbBlockCacheSize: 2147483648, rocksdbBlockCacheType: hyperclock, rdbVtxCacheSize: 536870912, rdbKeyCacheSize: 1342177280, rdbBranchCacheSize: 1073741824, rdbPrintStats: false, rewriteDatadirId: true, aristoDbMaxSnapshots: 5, parallelStateRootComputation: false, parallelSenderRecovery: true, optimisticStatePrefetch: false, balStatePrefetch: false, balStatePrefetchWorkers: 0, balParallelExecution: false, eagerStateRootCheck: false, deserializeFcState: true, statelessProvider: false, statelessWitnessValidation: false, cmd: import, maxBlocks: 1000000, chunkSize: 8192, csvStats: some("/data/host-benchmarks/short/2a8be62b72a0433ba4182ee44ba006ac/blocks-import-benchmark.csv"), validation: false, fullValidation: false, storeBodies: false, storeReceipts: false, storeSlotHashes: false)"
Aug 07 23:58:43 nimbus-eth1-mainnet-short-benchmark[3832542]: WRN 2026-08-07 23:58:43.167+00:00 Data directory has insecure permissions. Correcting them. data_dir=/data/status-im/nimbus-eth1/data/shared_mainnet_0 current_permissions=0755 required_permissions=0700
Aug 07 23:58:45 nimbus-eth1-mainnet-short-benchmark[3832542]: INF 2026-08-07 23:58:45.079+00:00 Taskpool started                           numThreads=16
Aug 07 23:58:45 nimbus-eth1-mainnet-short-benchmark[3832542]: INF 2026-08-07 23:58:45.207+00:00 Writing data dir ID                        ID=0x0a036d6f6dfe59156bb6359f0243c93d5a421ed688de5aa85a62d15dca8dbd5c
Aug 07 23:58:45 nimbus-eth1-mainnet-short-benchmark[3832542]: INF 2026-08-07 23:58:45.227+00:00 Database initialized                       base="(0xd24fd73f794058a3807db926d8898c6481e902b7edb91ce0d479d6760f276183, 20000000)" finalized="(0xd24fd73f794058a3807db926d8898c6481e902b7edb91ce0d479d6760f276183, 20000000)" head="(0xd4e56740f876aef8c010b86a40d5f56745a118d0906a34e69aec8c0db1cb8fa3, 0)"
Aug 07 23:58:45 nimbus-eth1-mainnet-short-benchmark[3832542]: NTC 2026-08-07 23:58:45.227+00:00 Could not open ere database, falling back to era1/era import ereDir=/data/status-im/nimbus-eth1/data/shared_mainnet_0/ere networkName=mainnet error="No ere files found in /data/status-im/nimbus-eth1/data/shared_mainnet_0/ere"
Aug 07 23:58:45 nimbus-eth1-mainnet-short-benchmark[3832542]: NTC 2026-08-07 23:58:45.227+00:00 Importing era archive                      blockNumber=20000001 dataDir=/data/status-im/nimbus-eth1/data/shared_mainnet_0 eraDir=/data/era
Aug 07 23:58:47 nimbus-eth1-mainnet-short-benchmark[3832542]: NTC 2026-08-07 23:58:47.479+00:00 Matched block to slot number               blockNumber=20000001 slot=9204783
Aug 08 00:05:11 nimbus-eth1-mainnet-short-benchmark[3832542]: INF 2026-08-08 00:05:11.622+00:00 Imported blocks                            blockNumber=20008193 slot=9213020 blocks=8192 txs=1226966 mgas=124237 bps=21.20 tps=3175 mgps=321.5 avgBps=21.20 avgTps=3175 avgMGps=321.5 elapsed=6m26s396ms
Aug 08 00:10:55 nimbus-eth1-mainnet-short-benchmark[3832542]: INF 2026-08-08 00:10:55.745+00:00 Imported blocks                            blockNumber=20016385 slot=9221256 blocks=16384 txs=2540380 mgas=248071 bps=23.81 tps=3816 mgps=359.9 avgBps=22.43 avgTps=3477 avgMGps=339.6 elapsed=12m10s518ms
Aug 08 00:16:19 nimbus-eth1-mainnet-short-benchmark[3832542]: INF 2026-08-08 00:16:19.860+00:00 Imported blocks                            blockNumber=20024577 slot=9229485 blocks=24576 txs=3869398 mgas=372018 bps=25.28 tps=4100 mgps=382.4 avgBps=23.30 avgTps=3668 avgMGps=352.7 elapsed=17m34s631ms
Aug 08 00:21:11 nimbus-eth1-mainnet-short-benchmark[3832542]: INF 2026-08-08 00:21:11.684+00:00 Imported blocks                            blockNumber=20032769 slot=9237722 blocks=32768 txs=5222766 mgas=495797 bps=28.07 tps=4637 mgps=424.2 avgBps=24.34 avgTps=3878 avgMGps=368.2 elapsed=22m26s453ms
Aug 08 00:25:51 nimbus-eth1-mainnet-short-benchmark[3832542]: INF 2026-08-08 00:25:51.084+00:00 Imported blocks                            blockNumber=20040961 slot=9245957 blocks=40960 txs=6566802 mgas=619586 bps=29.32 tps=4810 mgps=443.0 avgBps=25.19 avgTps=4038 avgMGps=381.1 elapsed=27m5s855ms
Aug 08 00:30:50 nimbus-eth1-mainnet-short-benchmark[3832542]: INF 2026-08-08 00:30:50.904+00:00 Imported blocks                            blockNumber=20049153 slot=9254196 blocks=49152 txs=7904746 mgas=743522 bps=27.32 tps=4462 mgps=413.4 avgBps=25.52 avgTps=4104 avgMGps=386.1 elapsed=32m5s674ms
Aug 08 00:35:44 nimbus-eth1-mainnet-short-benchmark[3832542]: INF 2026-08-08 00:35:44.115+00:00 Imported blocks                            blockNumber=20057345 slot=9262435 blocks=57344 txs=9212009 mgas=867360 bps=27.94 tps=4458 mgps=422.3 avgBps=25.84 avgTps=4151 avgMGps=390.9 elapsed=36m58s886ms
Aug 08 00:40:15 nimbus-eth1-mainnet-short-benchmark[3832542]: INF 2026-08-08 00:40:15.768+00:00 Imported blocks                            blockNumber=20065537 slot=9270674 blocks=65536 txs=10559018 mgas=991371 bps=30.16 tps=4958 mgps=456.5 avgBps=26.31 avgTps=4239 avgMGps=398.1 elapsed=41m30s537ms
Aug 08 00:44:33 nimbus-eth1-mainnet-short-benchmark[3832542]: INF 2026-08-08 00:44:33.284+00:00 Imported blocks                            blockNumber=20073729 slot=9278910 blocks=73728 txs=11898676 mgas=1115111 bps=31.81 tps=5202 mgps=480.5 avgBps=26.83 avgTps=4329 avgMGps=405.8 elapsed=45m48s56ms
Aug 08 00:48:39 nimbus-eth1-mainnet-short-benchmark[3832542]: INF 2026-08-08 00:48:39.384+00:00 Imported blocks                            blockNumber=20081921 slot=9287152 blocks=81920 txs=13323263 mgas=1239150 bps=33.29 tps=5788 mgps=504.0 avgBps=27.36 avgTps=4449 avgMGps=413.9 elapsed=49m54s157ms
Aug 08 00:52:44 nimbus-eth1-mainnet-short-benchmark[3832542]: INF 2026-08-08 00:52:44.421+00:00 Imported blocks                            blockNumber=20090113 slot=9295408 blocks=90112 txs=14697082 mgas=1363113 bps=33.43 tps=5606 mgps=505.9 avgBps=27.82 avgTps=4537 avgMGps=420.8 elapsed=53m59s195ms
Aug 08 00:57:06 nimbus-eth1-mainnet-short-benchmark[3832542]: INF 2026-08-08 00:57:06.397+00:00 Imported blocks                            blockNumber=20098305 slot=9303658 blocks=98304 txs=16025683 mgas=1487146 bps=31.27 tps=5071 mgps=473.5 avgBps=28.08 avgTps=4577 avgMGps=424.8 elapsed=58m21s170ms
Aug 08 01:01:39 nimbus-eth1-mainnet-short-benchmark[3832542]: INF 2026-08-08 01:01:39.449+00:00 Imported blocks                            blockNumber=20106497 slot=9311895 blocks=106496 txs=17337157 mgas=1611066 bps=30.00 tps=4803 mgps=453.8 avgBps=28.22 avgTps=4593 avgMGps=426.9 elapsed=1h2m54s
Aug 08 01:05:56 nimbus-eth1-mainnet-short-benchmark[3832542]: INF 2026-08-08 01:05:56.965+00:00 Imported blocks                            blockNumber=20114689 slot=9320146 blocks=114688 txs=18632097 mgas=1735123 bps=31.81 tps=5028 mgps=481.7 avgBps=28.45 avgTps=4621 avgMGps=430.4 elapsed=1h7m11s
Aug 08 01:10:01 nimbus-eth1-mainnet-short-benchmark[3832542]: INF 2026-08-08 01:10:01.114+00:00 Imported blocks                            blockNumber=20122881 slot=9328409 blocks=122880 txs=19937418 mgas=1859249 bps=33.55 tps=5346 mgps=508.4 avgBps=28.74 avgTps=4662 avgMGps=434.8 elapsed=1h11m15s
Aug 08 01:14:01 nimbus-eth1-mainnet-short-benchmark[3832542]: INF 2026-08-08 01:14:01.986+00:00 Imported blocks                            blockNumber=20131073 slot=9336660 blocks=131072 txs=21214129 mgas=1983500 bps=34.01 tps=5300 mgps=515.8 avgBps=29.02 avgTps=4696 avgMGps=439.1 elapsed=1h15m16s
Aug 08 01:17:59 nimbus-eth1-mainnet-short-benchmark[3832542]: INF 2026-08-08 01:17:59.719+00:00 Imported blocks                            blockNumber=20139265 slot=9344906 blocks=139264 txs=22579079 mgas=2107571 bps=34.46 tps=5741 mgps=521.9 avgBps=29.29 avgTps=4749 avgMGps=443.3 elapsed=1h19m14s
Aug 08 01:22:45 nimbus-eth1-mainnet-short-benchmark[3832542]: INF 2026-08-08 01:22:45.403+00:00 Imported blocks                            blockNumber=20147457 slot=9353153 blocks=147456 txs=24133322 mgas=2231686 bps=28.68 tps=5440 mgps=434.4 avgBps=29.26 avgTps=4788 avgMGps=442.8 elapsed=1h24m174ms
Aug 08 01:27:17 nimbus-eth1-mainnet-short-benchmark[3832542]: INF 2026-08-08 01:27:17.255+00:00 Imported blocks                            blockNumber=20155649 slot=9361407 blocks=155648 txs=25424015 mgas=2356018 bps=30.13 tps=4747 mgps=457.4 avgBps=29.30 avgTps=4786 avgMGps=443.5 elapsed=1h28m32s
Aug 08 01:31:29 nimbus-eth1-mainnet-short-benchmark[3832542]: INF 2026-08-08 01:31:29.251+00:00 Imported blocks                            blockNumber=20163841 slot=9369652 blocks=163840 txs=26749549 mgas=2480207 bps=32.51 tps=5260 mgps=492.8 avgBps=29.45 avgTps=4807 avgMGps=445.8 elapsed=1h32m44s
Aug 08 01:35:34 nimbus-eth1-mainnet-short-benchmark[3832542]: INF 2026-08-08 01:35:34.932+00:00 Imported blocks                            blockNumber=20172033 slot=9377892 blocks=172032 txs=28105316 mgas=2604026 bps=33.34 tps=5518 mgps=504.0 avgBps=29.61 avgTps=4837 avgMGps=448.2 elapsed=1h36m49s
Aug 08 01:39:47 nimbus-eth1-mainnet-short-benchmark[3832542]: INF 2026-08-08 01:39:47.284+00:00 Imported blocks                            blockNumber=20180225 slot=9386128 blocks=180224 txs=29524405 mgas=2728170 bps=32.46 tps=5623 mgps=491.9 avgBps=29.73 avgTps=4870 avgMGps=450.0 elapsed=1h41m2s
Aug 08 01:43:42 nimbus-eth1-mainnet-short-benchmark[3832542]: INF 2026-08-08 01:43:42.425+00:00 Imported blocks                            blockNumber=20188417 slot=9394365 blocks=188416 txs=30849021 mgas=2852023 bps=34.84 tps=5633 mgps=526.7 avgBps=29.92 avgTps=4898 avgMGps=452.9 elapsed=1h44m57s
Aug 08 01:48:03 nimbus-eth1-mainnet-short-benchmark[3832542]: INF 2026-08-08 01:48:03.649+00:00 Imported blocks                            blockNumber=20196609 slot=9402602 blocks=196608 txs=32174755 mgas=2976155 bps=31.36 tps=5075 mgps=475.2 avgBps=29.98 avgTps=4905 avgMGps=453.8 elapsed=1h49m18s
Aug 08 01:52:36 nimbus-eth1-mainnet-short-benchmark[3832542]: INF 2026-08-08 01:52:36.373+00:00 Imported blocks                            blockNumber=20204801 slot=9410840 blocks=204800 txs=33475942 mgas=3100410 bps=30.04 tps=4771 mgps=455.6 avgBps=29.98 avgTps=4900 avgMGps=453.9 elapsed=1h53m51s
Aug 08 01:56:48 nimbus-eth1-mainnet-short-benchmark[3832542]: INF 2026-08-08 01:56:48.974+00:00 Imported blocks                            blockNumber=20212993 slot=9419071 blocks=212992 txs=34798508 mgas=3224370 bps=32.43 tps=5235 mgps=490.7 avgBps=30.07 avgTps=4912 avgMGps=455.2 elapsed=1h58m3s
Aug 08 02:00:57 nimbus-eth1-mainnet-short-benchmark[3832542]: INF 2026-08-08 02:00:57.914+00:00 Imported blocks                            blockNumber=20221185 slot=9427313 blocks=221184 txs=36114045 mgas=3348169 bps=32.91 tps=5284 mgps=497.3 avgBps=30.16 avgTps=4925 avgMGps=456.6 elapsed=2h2m12s
Aug 08 02:04:45 nimbus-eth1-mainnet-short-benchmark[3832542]: INF 2026-08-08 02:04:45.275+00:00 Imported blocks                            blockNumber=20229377 slot=9435549 blocks=229376 txs=37421794 mgas=3472031 bps=36.03 tps=5751 mgps=544.8 avgBps=30.34 avgTps=4949 avgMGps=459.3 elapsed=2h6m46ms
Aug 08 02:08:42 nimbus-eth1-mainnet-short-benchmark[3832542]: INF 2026-08-08 02:08:42.771+00:00 Imported blocks                            blockNumber=20237569 slot=9443788 blocks=237568 txs=38842064 mgas=3596351 bps=34.49 tps=5980 mgps=523.5 avgBps=30.47 avgTps=4981 avgMGps=461.2 elapsed=2h9m57s
Aug 08 02:12:57 nimbus-eth1-mainnet-short-benchmark[3832542]: INF 2026-08-08 02:12:57.584+00:00 Imported blocks                            blockNumber=20245761 slot=9452021 blocks=245760 txs=40225739 mgas=3720100 bps=32.15 tps=5430 mgps=485.6 avgBps=30.52 avgTps=4995 avgMGps=462.0 elapsed=2h14m12s
Aug 08 02:17:29 nimbus-eth1-mainnet-short-benchmark[3832542]: INF 2026-08-08 02:17:29.876+00:00 Imported blocks                            blockNumber=20253953 slot=9460253 blocks=253952 txs=41454921 mgas=3844385 bps=30.09 tps=4514 mgps=456.4 avgBps=30.51 avgTps=4979 avgMGps=461.8 elapsed=2h18m44s
Aug 08 02:21:49 nimbus-eth1-mainnet-short-benchmark[3832542]: INF 2026-08-08 02:21:49.048+00:00 Imported blocks                            blockNumber=20262145 slot=9468495 blocks=262144 txs=42726051 mgas=3968623 bps=31.61 tps=4904 mgps=479.4 avgBps=30.54 avgTps=4977 avgMGps=462.3 elapsed=2h23m3s
Aug 08 02:25:51 nimbus-eth1-mainnet-short-benchmark[3832542]: INF 2026-08-08 02:25:51.172+00:00 Imported blocks                            blockNumber=20270337 slot=9476748 blocks=270336 txs=44050436 mgas=4092682 bps=33.83 tps=5469 mgps=512.4 avgBps=30.63 avgTps=4991 avgMGps=463.7 elapsed=2h27m5s
Aug 08 02:29:36 nimbus-eth1-mainnet-short-benchmark[3832542]: INF 2026-08-08 02:29:36.901+00:00 Imported blocks                            blockNumber=20278529 slot=9484981 blocks=278528 txs=45382368 mgas=4216487 bps=36.29 tps=5900 mgps=548.5 avgBps=30.77 avgTps=5013 avgMGps=465.8 elapsed=2h30m51s
Aug 08 02:33:28 nimbus-eth1-mainnet-short-benchmark[3832542]: INF 2026-08-08 02:33:28.766+00:00 Imported blocks                            blockNumber=20286721 slot=9493213 blocks=286720 txs=46733429 mgas=4340363 bps=35.33 tps=5826 mgps=534.3 avgBps=30.88 avgTps=5034 avgMGps=467.5 elapsed=2h34m43s
Aug 08 02:37:42 nimbus-eth1-mainnet-short-benchmark[3832542]: INF 2026-08-08 02:37:42.158+00:00 Imported blocks                            blockNumber=20294913 slot=9501453 blocks=294912 txs=48075887 mgas=4464376 bps=32.33 tps=5297 mgps=489.4 avgBps=30.92 avgTps=5041 avgMGps=468.1 elapsed=2h38m56s
Aug 08 02:41:50 nimbus-eth1-mainnet-short-benchmark[3832542]: INF 2026-08-08 02:41:50.323+00:00 Imported blocks                            blockNumber=20303105 slot=9509696 blocks=303104 txs=49379538 mgas=4588534 bps=33.01 tps=5253 mgps=500.3 avgBps=30.98 avgTps=5046 avgMGps=468.9 elapsed=2h43m5s
Aug 08 02:45:53 nimbus-eth1-mainnet-short-benchmark[3832542]: INF 2026-08-08 02:45:53.291+00:00 Imported blocks                            blockNumber=20311297 slot=9517922 blocks=311296 txs=50637672 mgas=4712596 bps=33.72 tps=5178 mgps=510.6 avgBps=31.04 avgTps=5049 avgMGps=469.9 elapsed=2h47m8s
Aug 08 02:49:45 nimbus-eth1-mainnet-short-benchmark[3832542]: INF 2026-08-08 02:49:45.768+00:00 Imported blocks                            blockNumber=20319489 slot=9526159 blocks=319488 txs=51981692 mgas=4836521 bps=35.24 tps=5781 mgps=533.1 avgBps=31.14 avgTps=5066 avgMGps=471.4 elapsed=2h51m537ms
Aug 08 02:53:19 nimbus-eth1-mainnet-short-benchmark[3832542]: INF 2026-08-08 02:53:19.101+00:00 Imported blocks                            blockNumber=20327681 slot=9534381 blocks=327680 txs=53356123 mgas=4960245 bps=38.40 tps=6442 mgps=579.9 avgBps=31.29 avgTps=5094 avgMGps=473.6 elapsed=2h54m33s
Aug 08 02:56:50 nimbus-eth1-mainnet-short-benchmark[3832542]: INF 2026-08-08 02:56:50.322+00:00 Imported blocks                            blockNumber=20335873 slot=9542617 blocks=335872 txs=54719105 mgas=5084025 bps=38.78 tps=6452 mgps=586.0 avgBps=31.43 avgTps=5121 avgMGps=475.8 elapsed=2h58m5s
Aug 08 03:00:41 nimbus-eth1-mainnet-short-benchmark[3832542]: INF 2026-08-08 03:00:41.682+00:00 Imported blocks                            blockNumber=20344065 slot=9550841 blocks=344064 txs=56021853 mgas=5207843 bps=35.41 tps=5630 mgps=535.2 avgBps=31.52 avgTps=5131 avgMGps=477.1 elapsed=3h1m56s
Aug 08 03:05:04 nimbus-eth1-mainnet-short-benchmark[3832542]: INF 2026-08-08 03:05:04.139+00:00 Imported blocks                            blockNumber=20352257 slot=9559072 blocks=352256 txs=57290408 mgas=5332016 bps=31.21 tps=4833 mgps=473.1 avgBps=31.51 avgTps=5124 avgMGps=477.0 elapsed=3h6m18s
Aug 08 03:09:05 nimbus-eth1-mainnet-short-benchmark[3832542]: INF 2026-08-08 03:09:05.211+00:00 Imported blocks                            blockNumber=20360449 slot=9567308 blocks=360448 txs=58543463 mgas=5456201 bps=33.98 tps=5197 mgps=515.1 avgBps=31.56 avgTps=5126 avgMGps=477.8 elapsed=3h10m19s
Aug 08 03:12:58 nimbus-eth1-mainnet-short-benchmark[3832542]: INF 2026-08-08 03:12:58.148+00:00 Imported blocks                            blockNumber=20368641 slot=9575548 blocks=368640 txs=59874056 mgas=5580204 bps=35.17 tps=5712 mgps=532.4 avgBps=31.63 avgTps=5138 avgMGps=478.9 elapsed=3h14m12s
Aug 08 03:17:00 nimbus-eth1-mainnet-short-benchmark[3832542]: INF 2026-08-08 03:17:00.008+00:00 Imported blocks                            blockNumber=20376833 slot=9583774 blocks=376832 txs=61167066 mgas=5704396 bps=33.87 tps=5346 mgps=513.5 avgBps=31.68 avgTps=5142 avgMGps=479.6 elapsed=3h18m14s
Aug 08 03:20:57 nimbus-eth1-mainnet-short-benchmark[3832542]: INF 2026-08-08 03:20:57.145+00:00 Imported blocks                            blockNumber=20385025 slot=9592009 blocks=385024 txs=62480333 mgas=5828235 bps=34.55 tps=5537 mgps=522.2 avgBps=31.74 avgTps=5150 avgMGps=480.4 elapsed=3h22m11s
Aug 08 03:24:53 nimbus-eth1-mainnet-short-benchmark[3832542]: INF 2026-08-08 03:24:53.066+00:00 Imported blocks                            blockNumber=20393217 slot=9600248 blocks=393216 txs=63800597 mgas=5952136 bps=34.72 tps=5596 mgps=525.2 avgBps=31.79 avgTps=5158 avgMGps=481.3 elapsed=3h26m7s
Aug 08 03:28:41 nimbus-eth1-mainnet-short-benchmark[3832542]: INF 2026-08-08 03:28:41.218+00:00 Imported blocks                            blockNumber=20401409 slot=9608486 blocks=401408 txs=65021243 mgas=6076384 bps=35.91 tps=5350 mgps=544.6 avgBps=31.87 avgTps=5162 avgMGps=482.4 elapsed=3h29m55s
Aug 08 03:32:42 nimbus-eth1-mainnet-short-benchmark[3832542]: INF 2026-08-08 03:32:42.111+00:00 Imported blocks                            blockNumber=20409601 slot=9616707 blocks=409600 txs=66199016 mgas=6200666 bps=34.01 tps=4889 mgps=515.9 avgBps=31.91 avgTps=5156 avgMGps=483.0 elapsed=3h33m56s
Aug 08 03:36:34 nimbus-eth1-mainnet-short-benchmark[3832542]: INF 2026-08-08 03:36:34.768+00:00 Imported blocks                            blockNumber=20417793 slot=9624941 blocks=417792 txs=67453930 mgas=6324823 bps=35.21 tps=5393 mgps=533.7 avgBps=31.97 avgTps=5161 avgMGps=483.9 elapsed=3h37m49s
Aug 08 03:40:02 nimbus-eth1-mainnet-short-benchmark[3832542]: INF 2026-08-08 03:40:02.333+00:00 Imported blocks                            blockNumber=20425985 slot=9633187 blocks=425984 txs=68814904 mgas=6448778 bps=39.47 tps=6556 mgps=597.2 avgBps=32.08 avgTps=5182 avgMGps=485.7 elapsed=3h41m17s
Aug 08 03:43:28 nimbus-eth1-mainnet-short-benchmark[3832542]: INF 2026-08-08 03:43:28.302+00:00 Imported blocks                            blockNumber=20434177 slot=9641422 blocks=434176 txs=70124508 mgas=6572711 bps=39.77 tps=6358 mgps=601.7 avgBps=32.20 avgTps=5200 avgMGps=487.5 elapsed=3h44m43s
Aug 08 03:47:05 nimbus-eth1-mainnet-short-benchmark[3832542]: INF 2026-08-08 03:47:05.254+00:00 Imported blocks                            blockNumber=20442369 slot=9649657 blocks=442368 txs=71403576 mgas=6696451 bps=37.76 tps=5895 mgps=570.4 avgBps=32.29 avgTps=5211 avgMGps=488.8 elapsed=3h48m20s
Aug 08 03:51:02 nimbus-eth1-mainnet-short-benchmark[3832542]: INF 2026-08-08 03:51:02.855+00:00 Imported blocks                            blockNumber=20450561 slot=9657896 blocks=450560 txs=72659905 mgas=6820521 bps=34.48 tps=5287 mgps=522.2 avgBps=32.33 avgTps=5213 avgMGps=489.4 elapsed=3h52m17s
Aug 08 03:55:20 nimbus-eth1-mainnet-short-benchmark[3832542]: INF 2026-08-08 03:55:20.311+00:00 Imported blocks                            blockNumber=20458753 slot=9666114 blocks=458752 txs=73838533 mgas=6945116 bps=31.82 tps=4578 mgps=484.0 avgBps=32.32 avgTps=5201 avgMGps=489.3 elapsed=3h56m35s
Aug 08 03:59:15 nimbus-eth1-mainnet-short-benchmark[3832542]: INF 2026-08-08 03:59:15.688+00:00 Imported blocks                            blockNumber=20466945 slot=9674343 blocks=466944 txs=75124748 mgas=7068943 bps=34.80 tps=5464 mgps=526.1 avgBps=32.36 avgTps=5205 avgMGps=489.9 elapsed=4h30s459ms
Aug 08 04:03:08 nimbus-eth1-mainnet-short-benchmark[3832542]: INF 2026-08-08 04:03:08.013+00:00 Imported blocks                            blockNumber=20475137 slot=9682575 blocks=475136 txs=76420106 mgas=7192870 bps=35.26 tps=5575 mgps=533.4 avgBps=32.40 avgTps=5211 avgMGps=490.6 elapsed=4h4m22s
Aug 08 04:06:51 nimbus-eth1-mainnet-short-benchmark[3832542]: INF 2026-08-08 04:06:51.093+00:00 Imported blocks                            blockNumber=20483329 slot=9690800 blocks=483328 txs=77675422 mgas=7316939 bps=36.72 tps=5627 mgps=556.2 avgBps=32.47 avgTps=5218 avgMGps=491.5 elapsed=4h8m5s
Aug 08 04:10:30 nimbus-eth1-mainnet-short-benchmark[3832542]: INF 2026-08-08 04:10:30.454+00:00 Imported blocks                            blockNumber=20491521 slot=9699019 blocks=491520 txs=78951232 mgas=7440784 bps=37.35 tps=5816 mgps=564.6 avgBps=32.54 avgTps=5226 avgMGps=492.6 elapsed=4h11m45s
Aug 08 04:14:26 nimbus-eth1-mainnet-short-benchmark[3832542]: INF 2026-08-08 04:14:26.831+00:00 Imported blocks                            blockNumber=20499713 slot=9707248 blocks=499712 txs=80189642 mgas=7564669 bps=34.66 tps=5239 mgps=524.1 avgBps=32.57 avgTps=5226 avgMGps=493.1 elapsed=4h15m41s
Aug 08 04:18:27 nimbus-eth1-mainnet-short-benchmark[3832542]: INF 2026-08-08 04:18:27.367+00:00 Imported blocks                            blockNumber=20507905 slot=9715488 blocks=507904 txs=81317763 mgas=7689208 bps=34.06 tps=4690 mgps=517.8 avgBps=32.60 avgTps=5218 avgMGps=493.5 elapsed=4h19m42s
Aug 08 04:22:02 nimbus-eth1-mainnet-short-benchmark[3832542]: INF 2026-08-08 04:22:02.852+00:00 Imported blocks                            blockNumber=20516097 slot=9723715 blocks=516096 txs=82520262 mgas=7813209 bps=38.02 tps=5580 mgps=575.4 avgBps=32.67 avgTps=5223 avgMGps=494.6 elapsed=4h23m17s
Aug 08 04:25:50 nimbus-eth1-mainnet-short-benchmark[3832542]: INF 2026-08-08 04:25:50.149+00:00 Imported blocks                            blockNumber=20524289 slot=9731945 blocks=524288 txs=83780075 mgas=7937233 bps=36.04 tps=5542 mgps=545.6 avgBps=32.72 avgTps=5228 avgMGps=495.3 elapsed=4h27m4s
Aug 08 04:29:40 nimbus-eth1-mainnet-short-benchmark[3832542]: INF 2026-08-08 04:29:40.178+00:00 Imported blocks                            blockNumber=20532481 slot=9740183 blocks=532480 txs=85263862 mgas=8061024 bps=35.61 tps=6450 mgps=538.2 avgBps=32.76 avgTps=5245 avgMGps=495.9 elapsed=4h30m54s
Aug 08 04:33:37 nimbus-eth1-mainnet-short-benchmark[3832542]: INF 2026-08-08 04:33:37.226+00:00 Imported blocks                            blockNumber=20540673 slot=9748418 blocks=540672 txs=86612143 mgas=8185090 bps=34.56 tps=5687 mgps=523.4 avgBps=32.78 avgTps=5251 avgMGps=496.3 elapsed=4h34m51s
Aug 08 04:37:41 nimbus-eth1-mainnet-short-benchmark[3832542]: INF 2026-08-08 04:37:41.847+00:00 Imported blocks                            blockNumber=20548865 slot=9756662 blocks=548864 txs=87802991 mgas=8309513 bps=33.49 tps=4868 mgps=508.6 avgBps=32.79 avgTps=5246 avgMGps=496.5 elapsed=4h38m56s
Aug 08 04:41:43 nimbus-eth1-mainnet-short-benchmark[3832542]: INF 2026-08-08 04:41:43.883+00:00 Imported blocks                            blockNumber=20557057 slot=9764892 blocks=557056 txs=88964987 mgas=8433956 bps=33.85 tps=4800 mgps=514.1 avgBps=32.81 avgTps=5239 avgMGps=496.7 elapsed=4h42m58s
Aug 08 04:45:34 nimbus-eth1-mainnet-short-benchmark[3832542]: INF 2026-08-08 04:45:34.816+00:00 Imported blocks                            blockNumber=20565249 slot=9773131 blocks=565248 txs=90186094 mgas=8558113 bps=35.47 tps=5287 mgps=537.6 avgBps=32.84 avgTps=5240 avgMGps=497.3 elapsed=4h46m49s
Aug 08 04:49:27 nimbus-eth1-mainnet-short-benchmark[3832542]: INF 2026-08-08 04:49:27.193+00:00 Imported blocks                            blockNumber=20573441 slot=9781369 blocks=573440 txs=91404654 mgas=8682228 bps=35.25 tps=5243 mgps=534.1 avgBps=32.88 avgTps=5240 avgMGps=497.8 elapsed=4h50m41s
Aug 08 04:53:15 nimbus-eth1-mainnet-short-benchmark[3832542]: INF 2026-08-08 04:53:15.737+00:00 Imported blocks                            blockNumber=20581633 slot=9789611 blocks=581632 txs=92628389 mgas=8806651 bps=35.84 tps=5354 mgps=544.4 avgBps=32.92 avgTps=5241 avgMGps=498.4 elapsed=4h54m30s
Aug 08 04:57:09 nimbus-eth1-mainnet-short-benchmark[3832542]: INF 2026-08-08 04:57:09.714+00:00 Imported blocks                            blockNumber=20589825 slot=9797855 blocks=589824 txs=93887208 mgas=8931023 bps=35.01 tps=5380 mgps=531.6 avgBps=32.94 avgTps=5243 avgMGps=498.8 elapsed=4h58m24s
Aug 08 05:01:07 nimbus-eth1-mainnet-short-benchmark[3832542]: INF 2026-08-08 05:01:07.771+00:00 Imported blocks                            blockNumber=20598017 slot=9806095 blocks=598016 txs=95163338 mgas=9055310 bps=34.41 tps=5360 mgps=522.1 avgBps=32.96 avgTps=5245 avgMGps=499.1 elapsed=5h2m22s
Aug 08 05:05:06 nimbus-eth1-mainnet-short-benchmark[3832542]: INF 2026-08-08 05:05:06.727+00:00 Imported blocks                            blockNumber=20606209 slot=9814347 blocks=606208 txs=96334664 mgas=9179976 bps=34.28 tps=4901 mgps=521.7 avgBps=32.98 avgTps=5240 avgMGps=499.4 elapsed=5h6m21s
Aug 08 05:08:54 nimbus-eth1-mainnet-short-benchmark[3832542]: INF 2026-08-08 05:08:54.692+00:00 Imported blocks                            blockNumber=20614401 slot=9822581 blocks=614400 txs=97573414 mgas=9304574 bps=35.94 tps=5433 mgps=546.6 avgBps=33.02 avgTps=5243 avgMGps=500.0 elapsed=5h10m9s
Aug 08 05:12:44 nimbus-eth1-mainnet-short-benchmark[3832542]: INF 2026-08-08 05:12:44.337+00:00 Imported blocks                            blockNumber=20622593 slot=9830821 blocks=622592 txs=98874772 mgas=9428835 bps=35.67 tps=5666 mgps=541.1 avgBps=33.05 avgTps=5248 avgMGps=500.5 elapsed=5h13m59s
Aug 08 05:16:26 nimbus-eth1-mainnet-short-benchmark[3832542]: INF 2026-08-08 05:16:26.302+00:00 Imported blocks                            blockNumber=20630785 slot=9839058 blocks=630784 txs=100178707 mgas=9553009 bps=36.91 tps=5874 mgps=559.4 avgBps=33.09 avgTps=5255 avgMGps=501.2 elapsed=5h17m41s
Aug 08 05:20:17 nimbus-eth1-mainnet-short-benchmark[3832542]: INF 2026-08-08 05:20:17.306+00:00 Imported blocks                            blockNumber=20638977 slot=9847313 blocks=638976 txs=101489116 mgas=9677171 bps=35.46 tps=5672 mgps=537.5 avgBps=33.12 avgTps=5260 avgMGps=501.6 elapsed=5h21m32s
Aug 08 05:24:08 nimbus-eth1-mainnet-short-benchmark[3832542]: INF 2026-08-08 05:24:08.851+00:00 Imported blocks                            blockNumber=20647169 slot=9855549 blocks=647168 txs=102730058 mgas=9801643 bps=35.38 tps=5359 mgps=537.6 avgBps=33.15 avgTps=5261 avgMGps=502.0 elapsed=5h25m23s
Aug 08 05:28:11 nimbus-eth1-mainnet-short-benchmark[3832542]: INF 2026-08-08 05:28:11.463+00:00 Imported blocks                            blockNumber=20655361 slot=9863778 blocks=655360 txs=103868002 mgas=9926541 bps=33.77 tps=4690 mgps=514.8 avgBps=33.16 avgTps=5254 avgMGps=502.2 elapsed=5h29m26s
Aug 08 05:31:57 nimbus-eth1-mainnet-short-benchmark[3832542]: INF 2026-08-08 05:31:57.948+00:00 Imported blocks                            blockNumber=20663553 slot=9872013 blocks=663552 txs=105112198 mgas=10051274 bps=36.17 tps=5493 mgps=550.7 avgBps=33.19 avgTps=5257 avgMGps=502.7 elapsed=5h33m12s
Aug 08 05:35:34 nimbus-eth1-mainnet-short-benchmark[3832542]: INF 2026-08-08 05:35:34.477+00:00 Imported blocks                            blockNumber=20671745 slot=9880241 blocks=671744 txs=106395904 mgas=10175177 bps=37.83 tps=5928 mgps=572.2 avgBps=33.24 avgTps=5264 avgMGps=503.5 elapsed=5h36m49s
Aug 08 05:39:15 nimbus-eth1-mainnet-short-benchmark[3832542]: INF 2026-08-08 05:39:15.522+00:00 Imported blocks                            blockNumber=20679937 slot=9888471 blocks=679936 txs=107674271 mgas=10299404 bps=37.06 tps=5783 mgps=562.0 avgBps=33.28 avgTps=5270 avgMGps=504.1 elapsed=5h40m30s
Aug 08 05:42:47 nimbus-eth1-mainnet-short-benchmark[3832542]: INF 2026-08-08 05:42:47.967+00:00 Imported blocks                            blockNumber=20688129 slot=9896698 blocks=688128 txs=108938536 mgas=10423298 bps=38.56 tps=5951 mgps=583.2 avgBps=33.34 avgTps=5277 avgMGps=504.9 elapsed=5h44m2s
Aug 08 05:46:32 nimbus-eth1-mainnet-short-benchmark[3832542]: INF 2026-08-08 05:46:32.912+00:00 Imported blocks                            blockNumber=20696321 slot=9904930 blocks=696320 txs=110235786 mgas=10547469 bps=36.42 tps=5766 mgps=552.0 avgBps=33.37 avgTps=5282 avgMGps=505.4 elapsed=5h47m47s
Aug 08 05:50:34 nimbus-eth1-mainnet-short-benchmark[3832542]: INF 2026-08-08 05:50:34.740+00:00 Imported blocks                            blockNumber=20704513 slot=9913154 blocks=704512 txs=111483759 mgas=10671677 bps=33.88 tps=5160 mgps=513.6 avgBps=33.37 avgTps=5281 avgMGps=505.5 elapsed=5h51m49s
Aug 08 05:54:21 nimbus-eth1-mainnet-short-benchmark[3832542]: INF 2026-08-08 05:54:21.389+00:00 Imported blocks                            blockNumber=20712705 slot=9921388 blocks=712704 txs=112764170 mgas=10795980 bps=36.14 tps=5649 mgps=548.4 avgBps=33.40 avgTps=5285 avgMGps=506.0 elapsed=5h55m36s
Aug 08 05:57:54 nimbus-eth1-mainnet-short-benchmark[3832542]: INF 2026-08-08 05:57:54.922+00:00 Imported blocks                            blockNumber=20720897 slot=9929633 blocks=720896 txs=114110517 mgas=10919926 bps=38.36 tps=6305 mgps=580.5 avgBps=33.45 avgTps=5295 avgMGps=506.7 elapsed=5h59m9s
Aug 08 06:01:35 nimbus-eth1-mainnet-short-benchmark[3832542]: INF 2026-08-08 06:01:35.527+00:00 Imported blocks                            blockNumber=20729089 slot=9937869 blocks=729088 txs=115449431 mgas=11043768 bps=37.13 tps=6069 mgps=561.4 avgBps=33.49 avgTps=5303 avgMGps=507.3 elapsed=6h2m50s
Aug 08 06:05:08 nimbus-eth1-mainnet-short-benchmark[3832542]: INF 2026-08-08 06:05:08.612+00:00 Imported blocks                            blockNumber=20737281 slot=9946108 blocks=737280 txs=116784468 mgas=11167784 bps=38.45 tps=6265 mgps=582.0 avgBps=33.54 avgTps=5312 avgMGps=508.0 elapsed=6h6m23s
Aug 08 06:08:50 nimbus-eth1-mainnet-short-benchmark[3832542]: INF 2026-08-08 06:08:50.920+00:00 Imported blocks                            blockNumber=20745473 slot=9954342 blocks=745472 txs=118101003 mgas=11291742 bps=36.85 tps=5922 mgps=557.6 avgBps=33.57 avgTps=5318 avgMGps=508.5 elapsed=6h10m5s
Aug 08 06:12:50 nimbus-eth1-mainnet-short-benchmark[3832542]: INF 2026-08-08 06:12:50.565+00:00 Imported blocks                            blockNumber=20753665 slot=9962581 blocks=753664 txs=119337525 mgas=11415859 bps=34.18 tps=5159 mgps=517.9 avgBps=33.58 avgTps=5316 avgMGps=508.6 elapsed=6h14m5s
Aug 08 06:16:38 nimbus-eth1-mainnet-short-benchmark[3832542]: INF 2026-08-08 06:16:38.690+00:00 Imported blocks                            blockNumber=20761857 slot=9970803 blocks=761856 txs=120564314 mgas=11540225 bps=35.91 tps=5377 mgps=545.2 avgBps=33.60 avgTps=5317 avgMGps=509.0 elapsed=6h17m53s
Aug 08 06:20:13 nimbus-eth1-mainnet-short-benchmark[3832542]: INF 2026-08-08 06:20:13.627+00:00 Imported blocks                            blockNumber=20770049 slot=9979058 blocks=770048 txs=121858083 mgas=11663918 bps=38.11 tps=6019 mgps=575.5 avgBps=33.64 avgTps=5324 avgMGps=509.6 elapsed=6h21m28s
Aug 08 06:23:39 nimbus-eth1-mainnet-short-benchmark[3832542]: INF 2026-08-08 06:23:39.644+00:00 Imported blocks                            blockNumber=20778241 slot=9987307 blocks=778240 txs=123161734 mgas=11787906 bps=39.76 tps=6327 mgps=601.8 avgBps=33.70 avgTps=5332 avgMGps=510.4 elapsed=6h24m54s
Aug 08 06:27:00 nimbus-eth1-mainnet-short-benchmark[3832542]: INF 2026-08-08 06:27:00.213+00:00 Imported blocks                            blockNumber=20786433 slot=9995542 blocks=786432 txs=124509456 mgas=11911612 bps=40.84 tps=6719 mgps=616.8 avgBps=33.76 avgTps=5344 avgMGps=511.3 elapsed=6h28m14s
Aug 08 06:30:26 nimbus-eth1-mainnet-short-benchmark[3832542]: INF 2026-08-08 06:30:26.834+00:00 Imported blocks                            blockNumber=20794625 slot=10003781 blocks=794624 txs=125848921 mgas=12035338 bps=39.65 tps=6482 mgps=598.8 avgBps=33.81 avgTps=5354 avgMGps=512.1 elapsed=6h31m41s
Aug 08 06:33:58 nimbus-eth1-mainnet-short-benchmark[3832542]: INF 2026-08-08 06:33:58.615+00:00 Imported blocks                            blockNumber=20802817 slot=10012028 blocks=802816 txs=127089868 mgas=12158989 bps=38.68 tps=5859 mgps=583.9 avgBps=33.85 avgTps=5359 avgMGps=512.7 elapsed=6h35m13s
Aug 08 06:37:37 nimbus-eth1-mainnet-short-benchmark[3832542]: INF 2026-08-08 06:37:37.147+00:00 Imported blocks                            blockNumber=20811009 slot=10020249 blocks=811008 txs=128299762 mgas=12282850 bps=37.49 tps=5536 mgps=566.8 avgBps=33.89 avgTps=5361 avgMGps=513.2 elapsed=6h38m51s
Aug 08 06:41:03 nimbus-eth1-mainnet-short-benchmark[3832542]: INF 2026-08-08 06:41:03.229+00:00 Imported blocks                            blockNumber=20819201 slot=10028481 blocks=819200 txs=129596319 mgas=12406594 bps=39.75 tps=6291 mgps=600.4 avgBps=33.94 avgTps=5368 avgMGps=514.0 elapsed=6h42m18s
Aug 08 06:44:27 nimbus-eth1-mainnet-short-benchmark[3832542]: INF 2026-08-08 06:44:27.442+00:00 Imported blocks                            blockNumber=20827393 slot=10036710 blocks=827392 txs=130916729 mgas=12530249 bps=40.11 tps=6465 mgps=605.5 avgBps=33.99 avgTps=5378 avgMGps=514.8 elapsed=6h45m42s
Aug 08 06:47:52 nimbus-eth1-mainnet-short-benchmark[3832542]: INF 2026-08-08 06:47:52.707+00:00 Imported blocks                            blockNumber=20835585 slot=10044938 blocks=835584 txs=132226625 mgas=12654070 bps=39.91 tps=6381 mgps=603.2 avgBps=34.04 avgTps=5386 avgMGps=515.5 elapsed=6h49m7s
Aug 08 06:51:28 nimbus-eth1-mainnet-short-benchmark[3832542]: INF 2026-08-08 06:51:28.723+00:00 Imported blocks                            blockNumber=20843777 slot=10053164 blocks=843776 txs=133604192 mgas=12777730 bps=37.92 tps=6377 mgps=572.5 avgBps=34.07 avgTps=5395 avgMGps=516.0 elapsed=6h52m43s
Aug 08 06:55:30 nimbus-eth1-mainnet-short-benchmark[3832542]: INF 2026-08-08 06:55:30.332+00:00 Imported blocks                            blockNumber=20851969 slot=10061391 blocks=851968 txs=134900706 mgas=12901664 bps=33.91 tps=5366 mgps=513.0 avgBps=34.07 avgTps=5394 avgMGps=516.0 elapsed=6h56m45s
Aug 08 06:59:21 nimbus-eth1-mainnet-short-benchmark[3832542]: INF 2026-08-08 06:59:21.353+00:00 Imported blocks                            blockNumber=20860161 slot=10069622 blocks=860160 txs=136168750 mgas=13025603 bps=35.46 tps=5488 mgps=536.5 avgBps=34.08 avgTps=5395 avgMGps=516.1 elapsed=7h36s127ms
Aug 08 07:03:08 nimbus-eth1-mainnet-short-benchmark[3832542]: INF 2026-08-08 07:03:08.805+00:00 Imported blocks                            blockNumber=20868353 slot=10077838 blocks=868352 txs=137550724 mgas=13149742 bps=36.02 tps=6075 mgps=545.8 avgBps=34.10 avgTps=5401 avgMGps=516.4 elapsed=7h4m23s
Aug 08 07:06:56 nimbus-eth1-mainnet-short-benchmark[3832542]: INF 2026-08-08 07:06:56.686+00:00 Imported blocks                            blockNumber=20876545 slot=10086066 blocks=876544 txs=138954673 mgas=13273457 bps=35.95 tps=6160 mgps=542.9 avgBps=34.12 avgTps=5408 avgMGps=516.6 elapsed=7h8m11s
Aug 08 07:10:38 nimbus-eth1-mainnet-short-benchmark[3832542]: INF 2026-08-08 07:10:38.787+00:00 Imported blocks                            blockNumber=20884737 slot=10094286 blocks=884736 txs=140256178 mgas=13397479 bps=36.88 tps=5859 mgps=558.4 avgBps=34.14 avgTps=5412 avgMGps=517.0 elapsed=7h11m53s
Aug 08 07:14:16 nimbus-eth1-mainnet-short-benchmark[3832542]: INF 2026-08-08 07:14:16.276+00:00 Imported blocks                            blockNumber=20892929 slot=10102512 blocks=892928 txs=141581868 mgas=13521575 bps=37.67 tps=6095 mgps=570.6 avgBps=34.17 avgTps=5418 avgMGps=517.5 elapsed=7h15m31s
Aug 08 07:17:53 nimbus-eth1-mainnet-short-benchmark[3832542]: INF 2026-08-08 07:17:53.873+00:00 Imported blocks                            blockNumber=20901121 slot=10110732 blocks=901120 txs=142875889 mgas=13645572 bps=37.65 tps=5946 mgps=569.8 avgBps=34.20 avgTps=5422 avgMGps=517.9 elapsed=7h19m8s
Aug 08 07:21:29 nimbus-eth1-mainnet-short-benchmark[3832542]: INF 2026-08-08 07:21:29.609+00:00 Imported blocks                            blockNumber=20909313 slot=10118953 blocks=909312 txs=144102308 mgas=13769390 bps=37.97 tps=5684 mgps=573.9 avgBps=34.23 avgTps=5424 avgMGps=518.3 elapsed=7h22m44s
Aug 08 07:25:00 nimbus-eth1-mainnet-short-benchmark[3832542]: INF 2026-08-08 07:25:00.114+00:00 Imported blocks                            blockNumber=20917505 slot=10127176 blocks=917504 txs=145406349 mgas=13893087 bps=38.92 tps=6194 mgps=587.6 avgBps=34.27 avgTps=5430 avgMGps=518.9 elapsed=7h26m14s
Aug 08 07:28:21 nimbus-eth1-mainnet-short-benchmark[3832542]: INF 2026-08-08 07:28:21.251+00:00 Imported blocks                            blockNumber=20925697 slot=10135394 blocks=925696 txs=146718394 mgas=14016820 bps=40.73 tps=6523 mgps=615.2 avgBps=34.32 avgTps=5438 avgMGps=519.6 elapsed=7h29m36s
Aug 08 07:31:58 nimbus-eth1-mainnet-short-benchmark[3832542]: INF 2026-08-08 07:31:58.240+00:00 Imported blocks                            blockNumber=20933889 slot=10143614 blocks=933888 txs=148049109 mgas=14140625 bps=37.75 tps=6132 mgps=570.6 avgBps=34.34 avgTps=5444 avgMGps=520.0 elapsed=7h33m13s
Aug 08 07:35:26 nimbus-eth1-mainnet-short-benchmark[3832542]: INF 2026-08-08 07:35:26.397+00:00 Imported blocks                            blockNumber=20942081 slot=10151840 blocks=942080 txs=149397364 mgas=14264352 bps=39.35 tps=6477 mgps=594.4 avgBps=34.38 avgTps=5452 avgMGps=520.6 elapsed=7h36m41s
Aug 08 07:39:01 nimbus-eth1-mainnet-short-benchmark[3832542]: INF 2026-08-08 07:39:01.078+00:00 Imported blocks                            blockNumber=20950273 slot=10160098 blocks=950272 txs=150765507 mgas=14388237 bps=38.16 tps=6373 mgps=577.1 avgBps=34.41 avgTps=5459 avgMGps=521.0 elapsed=7h40m15s
Aug 08 07:42:50 nimbus-eth1-mainnet-short-benchmark[3832542]: INF 2026-08-08 07:42:50.579+00:00 Imported blocks                            blockNumber=20958465 slot=10168363 blocks=958464 txs=152044771 mgas=14511987 bps=35.69 tps=5574 mgps=539.2 avgBps=34.42 avgTps=5460 avgMGps=521.2 elapsed=7h44m5s
Aug 08 07:46:28 nimbus-eth1-mainnet-short-benchmark[3832542]: INF 2026-08-08 07:46:28.204+00:00 Imported blocks                            blockNumber=20966657 slot=10176609 blocks=966656 txs=153365296 mgas=14635804 bps=37.64 tps=6067 mgps=568.9 avgBps=34.45 avgTps=5465 avgMGps=521.5 elapsed=7h47m42s
Aug 08 07:50:03 nimbus-eth1-mainnet-short-benchmark[3832542]: INF 2026-08-08 07:50:03.757+00:00 Imported blocks                            blockNumber=20974849 slot=10184849 blocks=974848 txs=154744917 mgas=14759580 bps=38.00 tps=6400 mgps=574.2 avgBps=34.47 avgTps=5472 avgMGps=521.9 elapsed=7h51m18s
Aug 08 07:53:46 nimbus-eth1-mainnet-short-benchmark[3832542]: INF 2026-08-08 07:53:46.865+00:00 Imported blocks                            blockNumber=20983041 slot=10193086 blocks=983040 txs=156055229 mgas=14883451 bps=36.72 tps=5872 mgps=555.2 avgBps=34.49 avgTps=5475 avgMGps=522.2 elapsed=7h55m1s
Aug 08 07:57:03 nimbus-eth1-mainnet-short-benchmark[3832542]: INF 2026-08-08 07:57:03.251+00:00 Imported blocks                            blockNumber=20991233 slot=10201319 blocks=991232 txs=157563202 mgas=15007557 bps=41.71 tps=7678 mgps=632.0 avgBps=34.54 avgTps=5490 avgMGps=522.9 elapsed=7h58m18s
Aug 08 08:00:49 nimbus-eth1-mainnet-short-benchmark[3832542]: INF 2026-08-08 08:00:49.407+00:00 Imported blocks                            blockNumber=20999425 slot=10209549 blocks=999424 txs=159003277 mgas=15131383 bps=36.22 tps=6367 mgps=547.5 avgBps=34.55 avgTps=5497 avgMGps=523.1 elapsed=8h2m4s
Aug 08 08:01:05 nimbus-eth1-mainnet-short-benchmark[3832542]: INF 2026-08-08 08:01:05.639+00:00 Imported blocks                            blockNumber=21000001 slot=10210128 blocks=1000000 txs=159109486 mgas=15140191 bps=35.48 tps=6542 mgps=542.5 avgBps=34.55 avgTps=5497 avgMGps=523.2 elapsed=8h2m20s
Aug 08 08:01:05 nimbus-eth1-mainnet-short-benchmark[3832542]: NTC 2026-08-08 08:01:05.639+00:00 Import complete                            blockNumber=21000001 slot=10210128 blocks=1000000 txs=159109486 mgas=15140191
Aug 08 08:01:06 nimbus-eth1-mainnet-short-benchmark[3801091]: <<< ending startNimbusWithImport (success)
Aug 08 08:01:06 nimbus-eth1-mainnet-short-benchmark[3801091]: >>> starting moveBenchmarkingFileToRepo
Aug 08 08:01:06 nimbus-eth1-mainnet-short-benchmark[3801091]: >>> copying debug-csv generated by nimbus to benchmarks repo
Aug 08 08:01:06 nimbus-eth1-mainnet-short-benchmark[3801091]: <<< ending moveBenchmarkingFileToRepo (success)
Aug 08 08:01:06 nimbus-eth1-mainnet-short-benchmark[3801091]: >>> starting generateBuildEnvironmentLogFile
Aug 08 08:01:15 nimbus-eth1-mainnet-short-benchmark[3801091]: <<< ending generateBuildEnvironmentLogFile (success)
Aug 08 08:01:15 nimbus-eth1-mainnet-short-benchmark[3801091]: >>> starting generateSystemdServiceLogs
