=== System Information Report ===
>>> Generated on: Wed Jul 29 09:28:15 AM UTC 2026
==========================
>>> CPU Architecture: x86_64
>>> CPU Byte Order: Little Endian
>>> CPU Cores: 16
>>> CPU Model: AMD Ryzen 7 PRO 8700GE w/ Radeon 780M Graphics
>>> CPU Cache Information:
L1d Cache: 256 KiB (8 instances)
L1i Cache: 256 KiB (8 instances)
L2 Cache: 8 MiB (8 instances)
L3 Cache: 16 MiB (1 instance)
>>> RAM Size: 61Gi
>>> Hard Disk Information:
/dev/md2 : 437G total, 199G free
/dev/md1 : 989M total, 690M free
/dev/nvme0n1p1 : 256M total, 256M free
/dev/nvme1n1 : 1.9T total, 482G free
==========================
=== Nimbus-ETH1 Benchmarking Report ===
>>> Total time spent in benchmarking (nanoseconds): 28870814193794
>>> Total time spent in benchmarking (human readable format): 8 hours 1 minutes 10 seconds
>>> Start block number is 20000001
>>> End block number is 21000001
==========================
=== Comparison of last two benchmarks ===
sort: write failed: 'standard output': Broken pipe
sort: write error
sort: write failed: 'standard output': Broken pipe
sort: write error
python /data/status-im/nimbus-eth1/scripts/block-import-stats.py /data/status-im/nimbus-eth1-benchmarks/short-benchmark/20260728T170040_55f5de18/blocks-import-benchmark.csv /data/status-im/nimbus-eth1-benchmarks/short-benchmark/20260729T011542_e1a126a3/blocks-import-benchmark.csv
blocks-import-benchmark.csv vs blocks-import-benchmark.csv
                      bps_x  bps_y     tps_x     tps_y   time_x  time_y    bpsd    tpsd   timed
block_number                                                                                   
(20000001, 20111112]  28.51  28.61  4,655.52  4,671.74  1h3m17s  1h3m6s   0.33%   0.33%  -0.33%
(20111112, 20222223]  32.23  32.37  5,270.69  5,294.16   59m28s  59m13s   0.43%   0.43%  -0.43%
(20222223, 20333334]  33.95  34.15  5,503.61  5,536.35   52m29s  52m10s   0.59%   0.59%  -0.59%
(20333334, 20444445]  35.75  35.78  5,631.87  5,637.81   53m42s  53m38s   0.11%   0.11%  -0.11%
(20444445, 20555556]  35.29  35.27  5,439.79  5,436.19   50m23s  50m25s  -0.06%  -0.06%   0.06%
(20555556, 20666667]  35.36  35.42  5,340.10  5,349.67    54m5s   54m0s   0.17%   0.17%  -0.17%
(20666667, 20777778]  37.11  36.95  5,839.47  5,814.06   47m54s   48m7s  -0.44%  -0.44%   0.44%
(20777778, 20888889]  38.17  38.14  6,122.57  6,117.80   50m14s  50m17s  -0.08%  -0.08%   0.08%
(20888889, 21000001]  38.13  38.12  6,286.14  6,285.05   50m11s  50m12s  -0.03%  -0.03%   0.03%

blocks: 991808, baseline: 8h1m47s, contender: 8h1m10s
Time (total): -36s, -0.13%

bpsd = blocks per sec diff (+), tpsd = txs per sec diff, timed = time to process diff (-)
+ = more is better, - = less is better
==========================
