Sep 03 12:27:21 nimbus-eth1-mainnet-short-benchmark[3367455]: >>> starting cloneOrFetchBenchmarksRepo
Sep 03 12:27:21 nimbus-eth1-mainnet-short-benchmark[3367455]: >>> Fetching latest changes for nimbus-eth1-benchmarks...
Sep 03 12:27:23 nimbus-eth1-mainnet-short-benchmark[3367507]: HEAD is now at 24d629a chore: update short benchmark Readme
Sep 03 12:27:23 nimbus-eth1-mainnet-short-benchmark[3367455]: <<< ending cloneOrFetchBenchmarksRepo (success)
Sep 03 12:27:23 nimbus-eth1-mainnet-short-benchmark[3367455]: >>> starting cloneOrFetchNimbusRepo
Sep 03 12:27:34 nimbus-eth1-mainnet-short-benchmark[3367455]: >>> Fetching latest changes for nimbus-eth1...
Sep 03 12:27:35 nimbus-eth1-mainnet-short-benchmark[3367863]: From https://github.com/status-im/nimbus-eth1
Sep 03 12:27:35 nimbus-eth1-mainnet-short-benchmark[3367863]:  * [new branch]          dependabot/submodules/vendor/nim-minilru-6a6929e -> origin/dependabot/submodules/vendor/nim-minilru-6a6929e
Sep 03 12:27:35 nimbus-eth1-mainnet-short-benchmark[3367863]:  * [new branch]          dependabot/submodules/vendor/nim-presto-e07ae5d -> origin/dependabot/submodules/vendor/nim-presto-e07ae5d
Sep 03 12:27:35 nimbus-eth1-mainnet-short-benchmark[3367863]:  * [new branch]          dependabot/submodules/vendor/nim-stew-c75502c -> origin/dependabot/submodules/vendor/nim-stew-c75502c
Sep 03 12:27:35 nimbus-eth1-mainnet-short-benchmark[3367863]:  * [new branch]          dependabot/submodules/vendor/nim-stint-8ae0b5f -> origin/dependabot/submodules/vendor/nim-stint-8ae0b5f
Sep 03 12:27:35 nimbus-eth1-mainnet-short-benchmark[3367863]:    51b580ac4..f76ac215c  stateless-optional-boringssl -> origin/stateless-optional-boringssl
Sep 03 12:27:35 nimbus-eth1-mainnet-short-benchmark[3367863]:    dc52a0318..ea06a832e  wasm-deploy -> origin/wasm-deploy
Sep 03 12:27:35 nimbus-eth1-mainnet-short-benchmark[3367863]: Fetching submodule vendor/nim-minilru
Sep 03 12:27:36 nimbus-eth1-mainnet-short-benchmark[3367863]: From https://github.com/status-im/nim-minilru
Sep 03 12:27:36 nimbus-eth1-mainnet-short-benchmark[3367863]:    6dd93fe..6a6929e  master      -> origin/master
Sep 03 12:27:36 nimbus-eth1-mainnet-short-benchmark[3367863]:  * [new branch]      test-minver -> origin/test-minver
Sep 03 12:27:36 nimbus-eth1-mainnet-short-benchmark[3367863]: Fetching submodule vendor/nim-presto
Sep 03 12:27:37 nimbus-eth1-mainnet-short-benchmark[3367863]: From https://github.com/status-im/nim-presto
Sep 03 12:27:37 nimbus-eth1-mainnet-short-benchmark[3367863]:  * [new branch]      feature/opt  -> origin/feature/opt
Sep 03 12:27:37 nimbus-eth1-mainnet-short-benchmark[3367863]:  * [new branch]      feature/opt2 -> origin/feature/opt2
Sep 03 12:27:37 nimbus-eth1-mainnet-short-benchmark[3367863]:    8549aa9..e07ae5d  master       -> origin/master
Sep 03 12:27:37 nimbus-eth1-mainnet-short-benchmark[3367863]:  * [new branch]      test-minver  -> origin/test-minver
Sep 03 12:27:37 nimbus-eth1-mainnet-short-benchmark[3367863]:  * [new tag]         v0.1.3       -> v0.1.3
Sep 03 12:27:37 nimbus-eth1-mainnet-short-benchmark[3367863]: Fetching submodule vendor/nim-stew
Sep 03 12:27:37 nimbus-eth1-mainnet-short-benchmark[3367863]: From https://github.com/status-im/nim-stew
Sep 03 12:27:37 nimbus-eth1-mainnet-short-benchmark[3367863]:    232673b..c75502c  master      -> origin/master
Sep 03 12:27:37 nimbus-eth1-mainnet-short-benchmark[3367863]:  * [new branch]      test-minver -> origin/test-minver
Sep 03 12:27:37 nimbus-eth1-mainnet-short-benchmark[3367863]:  * [new tag]         v0.5.2      -> v0.5.2
Sep 03 12:27:37 nimbus-eth1-mainnet-short-benchmark[3367863]: Fetching submodule vendor/nim-stint
Sep 03 12:27:38 nimbus-eth1-mainnet-short-benchmark[3367863]: From https://github.com/status-im/nim-stint
Sep 03 12:27:38 nimbus-eth1-mainnet-short-benchmark[3367863]:    14b7c1c..64aa1bd  gh-pages   -> origin/gh-pages
Sep 03 12:27:38 nimbus-eth1-mainnet-short-benchmark[3367863]:    91277c9..8ae0b5f  master     -> origin/master
Sep 03 12:27:38 nimbus-eth1-mainnet-short-benchmark[3367915]: HEAD is now at 77d111b5d build(deps): bump vendor/nim-chronos from `44742ad` to `5adeb72` (#4726)
Sep 03 12:27:38 nimbus-eth1-mainnet-short-benchmark[3367455]: >>> Found last benchmarked commit: b7437246
Sep 03 12:27:38 nimbus-eth1-mainnet-short-benchmark[3367455]: >>> Using next commit: e3c7ae3d427a416ba28466a1ce42eca7015dde15
Sep 03 12:27:38 nimbus-eth1-mainnet-short-benchmark[3367931]: HEAD is now at e3c7ae3d4 KVT block hashes cache (#4662)
Sep 03 12:27:38 nimbus-eth1-mainnet-short-benchmark[3367455]: >>> Current commit: e3c7ae3d4
Sep 03 12:27:38 nimbus-eth1-mainnet-short-benchmark[3367455]: <<< ending cloneOrFetchNimbusRepo (success)
Sep 03 12:27:38 nimbus-eth1-mainnet-short-benchmark[3367455]: >>> starting buildBinaries
Sep 03 12:27:38 nimbus-eth1-mainnet-short-benchmark[3367455]: >>> Building binaries for commit e3c7ae3d...
Sep 03 12:27:46 nimbus-eth1-mainnet-short-benchmark[3373427]: Building: Nim compiler
Sep 03 12:30:52 nimbus-eth1-mainnet-short-benchmark[3373427]: Building custom Nimble commit: 42ef70c2102a942c46f13eb76872326edd525cec
Sep 03 12:31:02 nimbus-eth1-mainnet-short-benchmark[3373427]: Building Nimble...
Sep 03 12:31:13 nimbus-eth1-mainnet-short-benchmark[3373427]: Replacing nimble binary...
Sep 03 12:31:20 nimbus-eth1-mainnet-short-benchmark[3389915]: Building: build/generate_makefile
Sep 03 12:31:20 nimbus-eth1-mainnet-short-benchmark[3389780]: ROCKSDB CACHED VERSION: 10.10.1
Sep 03 12:31:20 nimbus-eth1-mainnet-short-benchmark[3390179]: RocksDb static libraries already built. Skipping build.
Sep 03 12:31:20 nimbus-eth1-mainnet-short-benchmark[3389915]: Build completed successfully: build/generate_makefile
Sep 03 12:31:20 nimbus-eth1-mainnet-short-benchmark[3390230]: Building: build/nimbus_execution_client
Sep 03 12:33:43 nimbus-eth1-mainnet-short-benchmark[3390230]: Build completed successfully: build/nimbus_execution_client
Sep 03 12:33:43 nimbus-eth1-mainnet-short-benchmark[3367455]: >>> renaming binaries to match commit they were built from
Sep 03 12:33:43 nimbus-eth1-mainnet-short-benchmark[3367455]: >>> creating a symbolic link to the latest version
Sep 03 12:33:43 nimbus-eth1-mainnet-short-benchmark[3367455]: >>> deleting copies that are older than N days
Sep 03 12:33:43 nimbus-eth1-mainnet-short-benchmark[3367455]: <<< ending buildBinaries (success)
Sep 03 12:33:43 nimbus-eth1-mainnet-short-benchmark[3367455]: >>> starting skipOrContinueBenchmark
Sep 03 12:33:43 nimbus-eth1-mainnet-short-benchmark[3367455]: <<< ending skipOrContinueBenchmark (success)
Sep 03 12:33:43 nimbus-eth1-mainnet-short-benchmark[3367455]: >>> starting copyTemplateDatabase
Sep 03 12:33:43 nimbus-eth1-mainnet-short-benchmark[3367455]: >>> Copying template db into nimbus data directory
Sep 03 12:36:58 nimbus-eth1-mainnet-short-benchmark[3367455]: >>> Template db copied
Sep 03 12:36:58 nimbus-eth1-mainnet-short-benchmark[3367455]: >>> making nimbus the owner of the copied files
Sep 03 12:36:58 nimbus-eth1-mainnet-short-benchmark[3367455]: <<< ending copyTemplateDatabase (success)
Sep 03 12:36:58 nimbus-eth1-mainnet-short-benchmark[3367455]: >>> starting startNimbusWithImport
Sep 03 12:36:58 nimbus-eth1-mainnet-short-benchmark[3395896]: INF 2026-09-03 12:36:58.731+00:00 Launching execution client                 version=v0.4.0-e3c7ae3d config="(configFile: none(InputFile), dataDirFlag: some(/data/status-im/nimbus-eth1/data/shared_mainnet_0), era1DirFlag: some(/data/era1), eraDirFlag: some(/data/era), ereDirFlag: none(OutDir), keyStoreDirFlag: none(OutDir), importKey: , trustedSetupFile: none(string), extraData: Nimbus/v0.4.0-e3c7ae3d, gasLimit: none(uint64), maxBlobs: none(byte), network: [mainnet], logLevel: INFO, logFormat: auto, metricsEnabled: false, metricsPort: 9093, metricsAddress: 127.0.0.1, bootstrapNodes: [], elBootstrapNodes: [], bootstrapFile: , elBootstrapFile: , staticPeers: [], staticPeersFile: , reconnectMaxRetry: 0, reconnectInterval: 15, listenAddress: ::, tcpPort: 30303, udpPortFlag: none(Port), maxPeersOpt: none(int), elMaxPeersOpt: none(int), nat: (hasExtIp: false, nat: NatAny), discv5: true, netKey: random, agentString: Nimbus/v0.4.0-e3c7ae3d/linux-amd64/Nim-2.2.10, numThreads: 0, persistBatchSize: 4, dynamicBatchSize: false, rocksdbMaxOpenFiles: 2048, rocksdbWriteBufferSize: 67108864, rocksdbRowCacheSize: 0, rocksdbBlockCacheSize: 2147483648, rocksdbBlockCacheType: hyperclock, rdbVtxCacheSize: 536870912, rdbKeyCacheSize: 1342177280, rdbBranchCacheSize: 1073741824, rdbPrintStats: false, rewriteDatadirId: true, aristoDbMaxSnapshots: 5, parallelStateRootComputation: false, parallelSenderRecovery: true, optimisticStatePrefetch: false, balStatePrefetch: false, balStatePrefetchWorkers: 0, balParallelExecution: false, balPruning: true, eagerStateRootCheck: false, deserializeFcState: true, statelessProvider: false, statelessWitnessValidation: false, cmd: import, maxBlocks: 1000000, chunkSize: 8192, csvStats: some("/data/host-benchmarks/short/afd3413166204f9895c2e19dad37e354/blocks-import-benchmark.csv"), validation: false, fullValidation: false, storeBodies: false, storeReceipts: false, storeSlotHashes: false)"
Sep 03 12:36:58 nimbus-eth1-mainnet-short-benchmark[3395896]: WRN 2026-09-03 12:36:58.735+00:00 Data directory has insecure permissions. Correcting them. data_dir=/data/status-im/nimbus-eth1/data/shared_mainnet_0 current_permissions=0755 required_permissions=0700
Sep 03 12:37:00 nimbus-eth1-mainnet-short-benchmark[3395896]: INF 2026-09-03 12:37:00.575+00:00 Taskpool started                           numThreads=16
Sep 03 12:37:00 nimbus-eth1-mainnet-short-benchmark[3395896]: INF 2026-09-03 12:37:00.723+00:00 Database initialized                       base="(0xd24fd73f794058a3807db926d8898c6481e902b7edb91ce0d479d6760f276183, 20000000)" finalized="(0xd24fd73f794058a3807db926d8898c6481e902b7edb91ce0d479d6760f276183, 20000000)" head="(0xd4e56740f876aef8c010b86a40d5f56745a118d0906a34e69aec8c0db1cb8fa3, 0)"
Sep 03 12:37:00 nimbus-eth1-mainnet-short-benchmark[3395896]: NTC 2026-09-03 12:37:00.723+00:00 Could not open ere database, falling back to era1/era import ereDir=/data/status-im/nimbus-eth1/data/shared_mainnet_0/ere networkName=mainnet error="No ere files found in /data/status-im/nimbus-eth1/data/shared_mainnet_0/ere"
Sep 03 12:37:00 nimbus-eth1-mainnet-short-benchmark[3395896]: NTC 2026-09-03 12:37:00.723+00:00 Importing era archive                      blockNumber=20000001 dataDir=/data/status-im/nimbus-eth1/data/shared_mainnet_0 eraDir=/data/era
Sep 03 12:37:02 nimbus-eth1-mainnet-short-benchmark[3395896]: NTC 2026-09-03 12:37:02.943+00:00 Matched block to slot number               blockNumber=20000001 slot=9204783
Sep 03 12:43:03 nimbus-eth1-mainnet-short-benchmark[3395896]: INF 2026-09-03 12:43:03.414+00:00 Imported blocks                            blockNumber=20008193 slot=9213020 blocks=8192 txs=1226966 mgas=124237 bps=22.59 tps=3382 mgps=342.5 avgBps=22.59 avgTps=3382 avgMGps=342.5 elapsed=6m2s691ms
Sep 03 12:48:25 nimbus-eth1-mainnet-short-benchmark[3395896]: INF 2026-09-03 12:48:25.457+00:00 Imported blocks                            blockNumber=20016385 slot=9221256 blocks=16384 txs=2540380 mgas=248071 bps=25.44 tps=4078 mgps=384.5 avgBps=23.93 avgTps=3710 avgMGps=362.3 elapsed=11m24s736ms
Sep 03 12:53:31 nimbus-eth1-mainnet-short-benchmark[3395896]: INF 2026-09-03 12:53:31.489+00:00 Imported blocks                            blockNumber=20024577 slot=9229485 blocks=24576 txs=3869398 mgas=372018 bps=26.77 tps=4342 mgps=405.0 avgBps=24.80 avgTps=3905 avgMGps=375.5 elapsed=16m30s770ms
Sep 03 12:58:06 nimbus-eth1-mainnet-short-benchmark[3395896]: INF 2026-09-03 12:58:06.221+00:00 Imported blocks                            blockNumber=20032769 slot=9237722 blocks=32768 txs=5222766 mgas=495797 bps=29.82 tps=4926 mgps=450.5 avgBps=25.89 avgTps=4127 avgMGps=391.8 elapsed=21m5s499ms
Sep 03 13:02:34 nimbus-eth1-mainnet-short-benchmark[3395896]: INF 2026-09-03 13:02:34.441+00:00 Imported blocks                            blockNumber=20040961 slot=9245957 blocks=40960 txs=6566802 mgas=619586 bps=30.54 tps=5010 mgps=461.5 avgBps=26.71 avgTps=4281 avgMGps=404.0 elapsed=25m33s721ms
Sep 03 13:07:19 nimbus-eth1-mainnet-short-benchmark[3395896]: INF 2026-09-03 13:07:19.245+00:00 Imported blocks                            blockNumber=20049153 slot=9254196 blocks=49152 txs=7904746 mgas=743522 bps=28.76 tps=4697 mgps=435.2 avgBps=27.03 avgTps=4346 avgMGps=408.9 elapsed=30m18s524ms
Sep 03 13:11:52 nimbus-eth1-mainnet-short-benchmark[3395896]: INF 2026-09-03 13:11:52.049+00:00 Imported blocks                            blockNumber=20057345 slot=9262435 blocks=57344 txs=9212009 mgas=867360 bps=30.03 tps=4791 mgps=453.9 avgBps=27.42 avgTps=4404 avgMGps=414.7 elapsed=34m51s330ms
Sep 03 13:16:06 nimbus-eth1-mainnet-short-benchmark[3395896]: INF 2026-09-03 13:16:06.225+00:00 Imported blocks                            blockNumber=20065537 slot=9270674 blocks=65536 txs=10559018 mgas=991371 bps=32.23 tps=5299 mgps=487.9 avgBps=27.94 avgTps=4501 avgMGps=422.7 elapsed=39m5s507ms
Sep 03 13:20:09 nimbus-eth1-mainnet-short-benchmark[3395896]: INF 2026-09-03 13:20:09.534+00:00 Imported blocks                            blockNumber=20073729 slot=9278910 blocks=73728 txs=11898676 mgas=1115111 bps=33.67 tps=5506 mgps=508.6 avgBps=28.48 avgTps=4596 avgMGps=430.7 elapsed=43m8s812ms
Sep 03 13:24:01 nimbus-eth1-mainnet-short-benchmark[3395896]: INF 2026-09-03 13:24:01.323+00:00 Imported blocks                            blockNumber=20081921 slot=9287152 blocks=81920 txs=13323263 mgas=1239150 bps=35.34 tps=6146 mgps=535.1 avgBps=29.04 avgTps=4723 avgMGps=439.3 elapsed=47m599ms621us
Sep 03 13:27:51 nimbus-eth1-mainnet-short-benchmark[3395896]: INF 2026-09-03 13:27:51.963+00:00 Imported blocks                            blockNumber=20090113 slot=9295408 blocks=90112 txs=14697082 mgas=1363113 bps=35.52 tps=5956 mgps=537.5 avgBps=29.53 avgTps=4816 avgMGps=446.7 elapsed=50m51s242ms
Sep 03 13:31:58 nimbus-eth1-mainnet-short-benchmark[3395896]: INF 2026-09-03 13:31:58.040+00:00 Imported blocks                            blockNumber=20098305 slot=9303658 blocks=98304 txs=16025683 mgas=1487146 bps=33.29 tps=5399 mgps=504.1 avgBps=29.81 avgTps=4860 avgMGps=451.0 elapsed=54m57s315ms
Sep 03 13:36:14 nimbus-eth1-mainnet-short-benchmark[3395896]: INF 2026-09-03 13:36:14.172+00:00 Imported blocks                            blockNumber=20106497 slot=9311895 blocks=106496 txs=17337157 mgas=1611066 bps=31.98 tps=5120 mgps=483.8 avgBps=29.97 avgTps=4878 avgMGps=453.4 elapsed=59m13s449ms
Sep 03 13:40:16 nimbus-eth1-mainnet-short-benchmark[3395896]: INF 2026-09-03 13:40:16.329+00:00 Imported blocks                            blockNumber=20114689 slot=9320146 blocks=114688 txs=18632097 mgas=1735123 bps=33.83 tps=5347 mgps=512.3 avgBps=30.22 avgTps=4908 avgMGps=457.1 elapsed=1h3m15s
Sep 03 13:44:03 nimbus-eth1-mainnet-short-benchmark[3395896]: INF 2026-09-03 13:44:03.813+00:00 Imported blocks                            blockNumber=20122881 slot=9328409 blocks=122880 txs=19937418 mgas=1859249 bps=36.01 tps=5738 mgps=545.7 avgBps=30.54 avgTps=4955 avgMGps=462.1 elapsed=1h7m3s
Sep 03 13:47:48 nimbus-eth1-mainnet-short-benchmark[3395896]: INF 2026-09-03 13:47:48.870+00:00 Imported blocks                            blockNumber=20131073 slot=9336660 blocks=131072 txs=21214129 mgas=1983500 bps=36.40 tps=5672 mgps=552.1 avgBps=30.85 avgTps=4993 avgMGps=466.9 elapsed=1h10m48s
Sep 03 13:51:33 nimbus-eth1-mainnet-short-benchmark[3395896]: INF 2026-09-03 13:51:33.995+00:00 Imported blocks                            blockNumber=20139265 slot=9344906 blocks=139264 txs=22579079 mgas=2107571 bps=36.39 tps=6063 mgps=551.1 avgBps=31.13 avgTps=5047 avgMGps=471.1 elapsed=1h14m33s
Sep 03 13:56:03 nimbus-eth1-mainnet-short-benchmark[3395896]: INF 2026-09-03 13:56:03.091+00:00 Imported blocks                            blockNumber=20147457 slot=9353153 blocks=147456 txs=24133322 mgas=2231686 bps=30.44 tps=5775 mgps=461.2 avgBps=31.09 avgTps=5088 avgMGps=470.6 elapsed=1h19m2s
Sep 03 14:00:21 nimbus-eth1-mainnet-short-benchmark[3395896]: INF 2026-09-03 14:00:21.867+00:00 Imported blocks                            blockNumber=20155649 slot=9361407 blocks=155648 txs=25424015 mgas=2356018 bps=31.66 tps=4987 mgps=480.5 avgBps=31.12 avgTps=5083 avgMGps=471.1 elapsed=1h23m21s
Sep 03 14:04:19 nimbus-eth1-mainnet-short-benchmark[3395896]: INF 2026-09-03 14:04:19.824+00:00 Imported blocks                            blockNumber=20163841 slot=9369652 blocks=163840 txs=26749549 mgas=2480207 bps=34.43 tps=5570 mgps=521.9 avgBps=31.27 avgTps=5105 avgMGps=473.4 elapsed=1h27m19s
Sep 03 14:08:13 nimbus-eth1-mainnet-short-benchmark[3395896]: INF 2026-09-03 14:08:13.344+00:00 Imported blocks                            blockNumber=20172033 slot=9377892 blocks=172032 txs=28105316 mgas=2604026 bps=35.08 tps=5805 mgps=530.2 avgBps=31.43 avgTps=5135 avgMGps=475.8 elapsed=1h31m12s
Sep 03 14:12:10 nimbus-eth1-mainnet-short-benchmark[3395896]: INF 2026-09-03 14:12:10.773+00:00 Imported blocks                            blockNumber=20180225 slot=9386128 blocks=180224 txs=29524405 mgas=2728170 bps=34.50 tps=5976 mgps=522.9 avgBps=31.56 avgTps=5170 avgMGps=477.8 elapsed=1h35m10s
Sep 03 14:15:52 nimbus-eth1-mainnet-short-benchmark[3395896]: INF 2026-09-03 14:15:52.214+00:00 Imported blocks                            blockNumber=20188417 slot=9394365 blocks=188416 txs=30849021 mgas=2852023 bps=36.99 tps=5981 mgps=559.3 avgBps=31.77 avgTps=5200 avgMGps=480.8 elapsed=1h38m51s
Sep 03 14:19:59 nimbus-eth1-mainnet-short-benchmark[3395896]: INF 2026-09-03 14:19:59.730+00:00 Imported blocks                            blockNumber=20196609 slot=9402602 blocks=196608 txs=32174755 mgas=2976155 bps=33.10 tps=5356 mgps=501.5 avgBps=31.82 avgTps=5207 avgMGps=481.7 elapsed=1h42m59s
Sep 03 14:24:19 nimbus-eth1-mainnet-short-benchmark[3395896]: INF 2026-09-03 14:24:19.774+00:00 Imported blocks                            blockNumber=20204801 slot=9410840 blocks=204800 txs=33475942 mgas=3100410 bps=31.50 tps=5003 mgps=477.8 avgBps=31.81 avgTps=5198 avgMGps=481.5 elapsed=1h47m19s
Sep 03 14:28:20 nimbus-eth1-mainnet-short-benchmark[3395896]: INF 2026-09-03 14:28:20.195+00:00 Imported blocks                            blockNumber=20212993 slot=9419071 blocks=212992 txs=34798508 mgas=3224370 bps=34.07 tps=5501 mgps=515.6 avgBps=31.89 avgTps=5209 avgMGps=482.7 elapsed=1h51m19s
Sep 03 14:32:14 nimbus-eth1-mainnet-short-benchmark[3395896]: INF 2026-09-03 14:32:14.252+00:00 Imported blocks                            blockNumber=20221185 slot=9427313 blocks=221184 txs=36114045 mgas=3348169 bps=35.00 tps=5620 mgps=528.9 avgBps=31.99 avgTps=5223 avgMGps=484.3 elapsed=1h55m13s
Sep 03 14:35:50 nimbus-eth1-mainnet-short-benchmark[3395896]: INF 2026-09-03 14:35:50.601+00:00 Imported blocks                            blockNumber=20229377 slot=9435549 blocks=229376 txs=37421794 mgas=3472031 bps=37.86 tps=6044 mgps=572.5 avgBps=32.17 avgTps=5248 avgMGps=487.0 elapsed=1h58m49s
Sep 03 14:39:36 nimbus-eth1-mainnet-short-benchmark[3395896]: INF 2026-09-03 14:39:36.505+00:00 Imported blocks                            blockNumber=20237569 slot=9443788 blocks=237568 txs=38842064 mgas=3596351 bps=36.26 tps=6287 mgps=550.3 avgBps=32.30 avgTps=5280 avgMGps=488.9 elapsed=2h2m35s
Sep 03 14:43:38 nimbus-eth1-mainnet-short-benchmark[3395896]: INF 2026-09-03 14:43:38.818+00:00 Imported blocks                            blockNumber=20245761 slot=9452021 blocks=245760 txs=40225739 mgas=3720100 bps=33.81 tps=5710 mgps=510.7 avgBps=32.34 avgTps=5294 avgMGps=489.6 elapsed=2h6m38s
Sep 03 14:47:54 nimbus-eth1-mainnet-short-benchmark[3395896]: INF 2026-09-03 14:47:54.422+00:00 Imported blocks                            blockNumber=20253953 slot=9460253 blocks=253952 txs=41454921 mgas=3844385 bps=32.05 tps=4808 mgps=486.2 avgBps=32.34 avgTps=5278 avgMGps=489.5 elapsed=2h10m53s
Sep 03 14:52:00 nimbus-eth1-mainnet-short-benchmark[3395896]: INF 2026-09-03 14:52:00.631+00:00 Imported blocks                            blockNumber=20262145 slot=9468495 blocks=262144 txs=42726051 mgas=3968623 bps=33.27 tps=5162 mgps=504.6 avgBps=32.36 avgTps=5274 avgMGps=490.0 elapsed=2h14m59s
Sep 03 14:55:50 nimbus-eth1-mainnet-short-benchmark[3395896]: INF 2026-09-03 14:55:50.859+00:00 Imported blocks                            blockNumber=20270337 slot=9476748 blocks=270336 txs=44050436 mgas=4092682 bps=35.58 tps=5752 mgps=538.9 avgBps=32.45 avgTps=5288 avgMGps=491.3 elapsed=2h18m50s
Sep 03 14:59:26 nimbus-eth1-mainnet-short-benchmark[3395896]: INF 2026-09-03 14:59:26.192+00:00 Imported blocks                            blockNumber=20278529 slot=9484981 blocks=278528 txs=45382368 mgas=4216487 bps=38.04 tps=6185 mgps=574.9 avgBps=32.59 avgTps=5310 avgMGps=493.4 elapsed=2h22m25s
Sep 03 15:03:05 nimbus-eth1-mainnet-short-benchmark[3395896]: INF 2026-09-03 15:03:05.497+00:00 Imported blocks                            blockNumber=20286721 slot=9493213 blocks=286720 txs=46733429 mgas=4340363 bps=37.35 tps=6160 mgps=564.9 avgBps=32.71 avgTps=5331 avgMGps=495.2 elapsed=2h26m4s
Sep 03 15:07:05 nimbus-eth1-mainnet-short-benchmark[3395896]: INF 2026-09-03 15:07:05.490+00:00 Imported blocks                            blockNumber=20294913 slot=9501453 blocks=294912 txs=48075887 mgas=4464376 bps=34.13 tps=5593 mgps=516.7 avgBps=32.75 avgTps=5338 avgMGps=495.8 elapsed=2h30m4s
Sep 03 15:11:00 nimbus-eth1-mainnet-short-benchmark[3395896]: INF 2026-09-03 15:11:00.066+00:00 Imported blocks                            blockNumber=20303105 slot=9509696 blocks=303104 txs=49379538 mgas=4588534 bps=34.92 tps=5557 mgps=529.3 avgBps=32.81 avgTps=5344 avgMGps=496.6 elapsed=2h33m59s
Sep 03 15:14:48 nimbus-eth1-mainnet-short-benchmark[3395896]: INF 2026-09-03 15:14:48.363+00:00 Imported blocks                            blockNumber=20311297 slot=9517922 blocks=311296 txs=50637672 mgas=4712596 bps=35.88 tps=5510 mgps=543.4 avgBps=32.88 avgTps=5348 avgMGps=497.8 elapsed=2h37m47s
Sep 03 15:18:28 nimbus-eth1-mainnet-short-benchmark[3395896]: INF 2026-09-03 15:18:28.972+00:00 Imported blocks                            blockNumber=20319489 slot=9526159 blocks=319488 txs=51981692 mgas=4836521 bps=37.13 tps=6092 mgps=561.7 avgBps=32.98 avgTps=5365 avgMGps=499.2 elapsed=2h41m28s
Sep 03 15:21:51 nimbus-eth1-mainnet-short-benchmark[3395896]: INF 2026-09-03 15:21:51.009+00:00 Imported blocks                            blockNumber=20327681 slot=9534381 blocks=327680 txs=53356123 mgas=4960245 bps=40.55 tps=6802 mgps=612.4 avgBps=33.13 avgTps=5394 avgMGps=501.5 elapsed=2h44m50s
Sep 03 15:25:10 nimbus-eth1-mainnet-short-benchmark[3395896]: INF 2026-09-03 15:25:10.742+00:00 Imported blocks                            blockNumber=20335873 slot=9542617 blocks=335872 txs=54719105 mgas=5084025 bps=41.01 tps=6824 mgps=619.7 avgBps=33.29 avgTps=5423 avgMGps=503.9 elapsed=2h48m10s
Sep 03 15:28:52 nimbus-eth1-mainnet-short-benchmark[3395896]: INF 2026-09-03 15:28:52.019+00:00 Imported blocks                            blockNumber=20344065 slot=9550841 blocks=344064 txs=56021853 mgas=5207843 bps=37.02 tps=5887 mgps=559.6 avgBps=33.37 avgTps=5433 avgMGps=505.1 elapsed=2h51m51s
Sep 03 15:33:01 nimbus-eth1-mainnet-short-benchmark[3395896]: INF 2026-09-03 15:33:01.548+00:00 Imported blocks                            blockNumber=20352257 slot=9559072 blocks=352256 txs=57290408 mgas=5332016 bps=32.83 tps=5083 mgps=497.6 avgBps=33.35 avgTps=5424 avgMGps=504.9 elapsed=2h56m827ms
Sep 03 15:36:48 nimbus-eth1-mainnet-short-benchmark[3395896]: INF 2026-09-03 15:36:48.320+00:00 Imported blocks                            blockNumber=20360449 slot=9567308 blocks=360448 txs=58543463 mgas=5456201 bps=36.12 tps=5525 mgps=547.6 avgBps=33.41 avgTps=5426 avgMGps=505.8 elapsed=2h59m47s
Sep 03 15:40:27 nimbus-eth1-mainnet-short-benchmark[3395896]: INF 2026-09-03 15:40:27.181+00:00 Imported blocks                            blockNumber=20368641 slot=9575548 blocks=368640 txs=59874056 mgas=5580204 bps=37.43 tps=6079 mgps=566.6 avgBps=33.49 avgTps=5439 avgMGps=507.0 elapsed=3h3m26s
Sep 03 15:44:14 nimbus-eth1-mainnet-short-benchmark[3395896]: INF 2026-09-03 15:44:14.514+00:00 Imported blocks                            blockNumber=20376833 slot=9583774 blocks=376832 txs=61167066 mgas=5704396 bps=36.04 tps=5687 mgps=546.3 avgBps=33.54 avgTps=5444 avgMGps=507.8 elapsed=3h7m13s
Sep 03 15:47:58 nimbus-eth1-mainnet-short-benchmark[3395896]: INF 2026-09-03 15:47:58.007+00:00 Imported blocks                            blockNumber=20385025 slot=9592009 blocks=385024 txs=62480333 mgas=5828235 bps=36.65 tps=5876 mgps=554.1 avgBps=33.61 avgTps=5453 avgMGps=508.7 elapsed=3h10m57s
Sep 03 15:51:40 nimbus-eth1-mainnet-short-benchmark[3395896]: INF 2026-09-03 15:51:40.428+00:00 Imported blocks                            blockNumber=20393217 slot=9600248 blocks=393216 txs=63800597 mgas=5952136 bps=36.83 tps=5935 mgps=557.1 avgBps=33.67 avgTps=5462 avgMGps=509.6 elapsed=3h14m39s
Sep 03 15:55:12 nimbus-eth1-mainnet-short-benchmark[3395896]: INF 2026-09-03 15:55:12.753+00:00 Imported blocks                            blockNumber=20401409 slot=9608486 blocks=401408 txs=65021243 mgas=6076384 bps=38.58 tps=5748 mgps=585.2 avgBps=33.75 avgTps=5467 avgMGps=511.0 elapsed=3h18m12s
Sep 03 15:58:58 nimbus-eth1-mainnet-short-benchmark[3395896]: INF 2026-09-03 15:58:58.506+00:00 Imported blocks                            blockNumber=20409601 slot=9616707 blocks=409600 txs=66199016 mgas=6200666 bps=36.29 tps=5217 mgps=550.5 avgBps=33.80 avgTps=5462 avgMGps=511.7 elapsed=3h21m57s
Sep 03 16:02:37 nimbus-eth1-mainnet-short-benchmark[3395896]: INF 2026-09-03 16:02:37.542+00:00 Imported blocks                            blockNumber=20417793 slot=9624941 blocks=417792 txs=67453930 mgas=6324823 bps=37.40 tps=5729 mgps=566.8 avgBps=33.87 avgTps=5467 avgMGps=512.7 elapsed=3h25m36s
Sep 03 16:05:52 nimbus-eth1-mainnet-short-benchmark[3395896]: INF 2026-09-03 16:05:52.304+00:00 Imported blocks                            blockNumber=20425985 slot=9633187 blocks=425984 txs=68814904 mgas=6448778 bps=42.06 tps=6987 mgps=636.5 avgBps=33.99 avgTps=5491 avgMGps=514.6 elapsed=3h28m51s
Sep 03 16:09:06 nimbus-eth1-mainnet-short-benchmark[3395896]: INF 2026-09-03 16:09:06.485+00:00 Imported blocks                            blockNumber=20434177 slot=9641422 blocks=434176 txs=70124508 mgas=6572711 bps=42.19 tps=6744 mgps=638.2 avgBps=34.12 avgTps=5510 avgMGps=516.5 elapsed=3h32m5s
Sep 03 16:12:33 nimbus-eth1-mainnet-short-benchmark[3395896]: INF 2026-09-03 16:12:33.142+00:00 Imported blocks                            blockNumber=20442369 slot=9649657 blocks=442368 txs=71403576 mgas=6696451 bps=39.64 tps=6189 mgps=598.8 avgBps=34.21 avgTps=5521 avgMGps=517.8 elapsed=3h35m32s
Sep 03 16:16:16 nimbus-eth1-mainnet-short-benchmark[3395896]: INF 2026-09-03 16:16:16.079+00:00 Imported blocks                            blockNumber=20450561 slot=9657896 blocks=450560 txs=72659905 mgas=6820521 bps=36.75 tps=5635 mgps=556.5 avgBps=34.25 avgTps=5523 avgMGps=518.5 elapsed=3h39m15s
Sep 03 16:20:18 nimbus-eth1-mainnet-short-benchmark[3395896]: INF 2026-09-03 16:20:18.003+00:00 Imported blocks                            blockNumber=20458753 slot=9666114 blocks=458752 txs=73838533 mgas=6945116 bps=33.86 tps=4871 mgps=515.0 avgBps=34.24 avgTps=5511 avgMGps=518.4 elapsed=3h43m17s
Sep 03 16:23:58 nimbus-eth1-mainnet-short-benchmark[3395896]: INF 2026-09-03 16:23:58.832+00:00 Imported blocks                            blockNumber=20466945 slot=9674343 blocks=466944 txs=75124748 mgas=7068943 bps=37.10 tps=5824 mgps=560.7 avgBps=34.29 avgTps=5516 avgMGps=519.1 elapsed=3h46m58s
Sep 03 16:27:37 nimbus-eth1-mainnet-short-benchmark[3395896]: INF 2026-09-03 16:27:37.777+00:00 Imported blocks                            blockNumber=20475137 slot=9682575 blocks=475136 txs=76420106 mgas=7192870 bps=37.42 tps=5916 mgps=566.0 avgBps=34.34 avgTps=5522 avgMGps=519.8 elapsed=3h50m37s
Sep 03 16:31:05 nimbus-eth1-mainnet-short-benchmark[3395896]: INF 2026-09-03 16:31:05.310+00:00 Imported blocks                            blockNumber=20483329 slot=9690800 blocks=483328 txs=77675422 mgas=7316939 bps=39.47 tps=6048 mgps=597.8 avgBps=34.41 avgTps=5530 avgMGps=521.0 elapsed=3h54m4s
Sep 03 16:34:31 nimbus-eth1-mainnet-short-benchmark[3395896]: INF 2026-09-03 16:34:31.495+00:00 Imported blocks                            blockNumber=20491521 slot=9699019 blocks=491520 txs=78951232 mgas=7440784 bps=39.73 tps=6187 mgps=600.7 avgBps=34.49 avgTps=5540 avgMGps=522.1 elapsed=3h57m30s
Sep 03 16:38:13 nimbus-eth1-mainnet-short-benchmark[3395896]: INF 2026-09-03 16:38:13.156+00:00 Imported blocks                            blockNumber=20499713 slot=9707248 blocks=499712 txs=80189642 mgas=7564669 bps=36.96 tps=5586 mgps=558.9 avgBps=34.53 avgTps=5540 avgMGps=522.7 elapsed=4h1m12s
Sep 03 16:41:58 nimbus-eth1-mainnet-short-benchmark[3395896]: INF 2026-09-03 16:41:58.701+00:00 Imported blocks                            blockNumber=20507905 slot=9715488 blocks=507904 txs=81317763 mgas=7689208 bps=36.32 tps=5001 mgps=552.2 avgBps=34.56 avgTps=5532 avgMGps=523.1 elapsed=4h4m57s
Sep 03 16:45:20 nimbus-eth1-mainnet-short-benchmark[3395896]: INF 2026-09-03 16:45:20.286+00:00 Imported blocks                            blockNumber=20516097 slot=9723715 blocks=516096 txs=82520262 mgas=7813209 bps=40.64 tps=5965 mgps=615.1 avgBps=34.64 avgTps=5538 avgMGps=524.4 elapsed=4h8m19s
Sep 03 16:48:52 nimbus-eth1-mainnet-short-benchmark[3395896]: INF 2026-09-03 16:48:52.667+00:00 Imported blocks                            blockNumber=20524289 slot=9731945 blocks=524288 txs=83780075 mgas=7937233 bps=38.57 tps=5931 mgps=584.0 avgBps=34.69 avgTps=5543 avgMGps=525.2 elapsed=4h11m51s
Sep 03 16:52:29 nimbus-eth1-mainnet-short-benchmark[3395896]: INF 2026-09-03 16:52:29.420+00:00 Imported blocks                            blockNumber=20532481 slot=9740183 blocks=532480 txs=85263862 mgas=8061024 bps=37.79 tps=6845 mgps=571.1 avgBps=34.74 avgTps=5562 avgMGps=525.9 elapsed=4h15m28s
Sep 03 16:56:12 nimbus-eth1-mainnet-short-benchmark[3395896]: INF 2026-09-03 16:56:12.241+00:00 Imported blocks                            blockNumber=20540673 slot=9748418 blocks=540672 txs=86612143 mgas=8185090 bps=36.76 tps=6050 mgps=556.8 avgBps=34.77 avgTps=5569 avgMGps=526.3 elapsed=4h19m11s
Sep 03 17:00:00 nimbus-eth1-mainnet-short-benchmark[3395896]: INF 2026-09-03 17:00:00.793+00:00 Imported blocks                            blockNumber=20548865 slot=9756662 blocks=548864 txs=87802991 mgas=8309513 bps=35.84 tps=5210 mgps=544.4 avgBps=34.78 avgTps=5564 avgMGps=526.6 elapsed=4h23m73ms
Sep 03 17:03:47 nimbus-eth1-mainnet-short-benchmark[3395896]: INF 2026-09-03 17:03:47.198+00:00 Imported blocks                            blockNumber=20557057 slot=9764892 blocks=557056 txs=88964987 mgas=8433956 bps=36.18 tps=5132 mgps=549.6 avgBps=34.80 avgTps=5558 avgMGps=526.9 elapsed=4h26m46s
Sep 03 17:07:22 nimbus-eth1-mainnet-short-benchmark[3395896]: INF 2026-09-03 17:07:22.439+00:00 Imported blocks                            blockNumber=20565249 slot=9773131 blocks=565248 txs=90186094 mgas=8558113 bps=38.06 tps=5673 mgps=576.8 avgBps=34.85 avgTps=5559 avgMGps=527.6 elapsed=4h30m21s
Sep 03 17:10:59 nimbus-eth1-mainnet-short-benchmark[3395896]: INF 2026-09-03 17:10:59.504+00:00 Imported blocks                            blockNumber=20573441 slot=9781369 blocks=573440 txs=91404654 mgas=8682228 bps=37.74 tps=5613 mgps=571.8 avgBps=34.88 avgTps=5560 avgMGps=528.2 elapsed=4h33m58s
Sep 03 17:14:31 nimbus-eth1-mainnet-short-benchmark[3395896]: INF 2026-09-03 17:14:31.057+00:00 Imported blocks                            blockNumber=20581633 slot=9789611 blocks=581632 txs=92628389 mgas=8806651 bps=38.72 tps=5784 mgps=588.1 avgBps=34.93 avgTps=5563 avgMGps=528.9 elapsed=4h37m30s
Sep 03 17:18:09 nimbus-eth1-mainnet-short-benchmark[3395896]: INF 2026-09-03 17:18:09.614+00:00 Imported blocks                            blockNumber=20589825 slot=9797855 blocks=589824 txs=93887208 mgas=8931023 bps=37.48 tps=5759 mgps=569.1 avgBps=34.97 avgTps=5565 avgMGps=529.4 elapsed=4h41m8s
Sep 03 17:21:51 nimbus-eth1-mainnet-short-benchmark[3395896]: INF 2026-09-03 17:21:51.682+00:00 Imported blocks                            blockNumber=20598017 slot=9806095 blocks=598016 txs=95163338 mgas=9055310 bps=36.89 tps=5746 mgps=559.7 avgBps=34.99 avgTps=5568 avgMGps=529.8 elapsed=4h44m50s
Sep 03 17:25:36 nimbus-eth1-mainnet-short-benchmark[3395896]: INF 2026-09-03 17:25:36.431+00:00 Imported blocks                            blockNumber=20606209 slot=9814347 blocks=606208 txs=96334664 mgas=9179976 bps=36.45 tps=5211 mgps=554.7 avgBps=35.01 avgTps=5563 avgMGps=530.2 elapsed=4h48m35s
Sep 03 17:29:13 nimbus-eth1-mainnet-short-benchmark[3395896]: INF 2026-09-03 17:29:13.300+00:00 Imported blocks                            blockNumber=20614401 slot=9822581 blocks=614400 txs=97573414 mgas=9304574 bps=37.77 tps=5712 mgps=574.5 avgBps=35.04 avgTps=5565 avgMGps=530.7 elapsed=4h52m12s
Sep 03 17:32:49 nimbus-eth1-mainnet-short-benchmark[3395896]: INF 2026-09-03 17:32:49.009+00:00 Imported blocks                            blockNumber=20622593 slot=9830821 blocks=622592 txs=98874772 mgas=9428835 bps=37.98 tps=6032 mgps=576.0 avgBps=35.08 avgTps=5570 avgMGps=531.3 elapsed=4h55m48s
Sep 03 17:36:19 nimbus-eth1-mainnet-short-benchmark[3395896]: INF 2026-09-03 17:36:19.222+00:00 Imported blocks                            blockNumber=20630785 slot=9839058 blocks=630784 txs=100178707 mgas=9553009 bps=38.97 tps=6202 mgps=590.7 avgBps=35.12 avgTps=5578 avgMGps=531.9 elapsed=4h59m18s
Sep 03 17:39:55 nimbus-eth1-mainnet-short-benchmark[3395896]: INF 2026-09-03 17:39:55.503+00:00 Imported blocks                            blockNumber=20638977 slot=9847313 blocks=638976 txs=101489116 mgas=9677171 bps=37.88 tps=6058 mgps=574.1 avgBps=35.16 avgTps=5584 avgMGps=532.5 elapsed=5h2m54s
Sep 03 17:43:31 nimbus-eth1-mainnet-short-benchmark[3395896]: INF 2026-09-03 17:43:31.592+00:00 Imported blocks                            blockNumber=20647169 slot=9855549 blocks=647168 txs=102730058 mgas=9801643 bps=37.91 tps=5742 mgps=576.0 avgBps=35.19 avgTps=5585 avgMGps=533.0 elapsed=5h6m30s
Sep 03 17:47:19 nimbus-eth1-mainnet-short-benchmark[3395896]: INF 2026-09-03 17:47:19.797+00:00 Imported blocks                            blockNumber=20655361 slot=9863778 blocks=655360 txs=103868002 mgas=9926541 bps=35.90 tps=4986 mgps=547.3 avgBps=35.20 avgTps=5578 avgMGps=533.1 elapsed=5h10m19s
Sep 03 17:50:51 nimbus-eth1-mainnet-short-benchmark[3395896]: INF 2026-09-03 17:50:51.250+00:00 Imported blocks                            blockNumber=20663553 slot=9872013 blocks=663552 txs=105112198 mgas=10051274 bps=38.74 tps=5884 mgps=589.9 avgBps=35.24 avgTps=5582 avgMGps=533.8 elapsed=5h13m50s
Sep 03 17:54:11 nimbus-eth1-mainnet-short-benchmark[3395896]: INF 2026-09-03 17:54:11.795+00:00 Imported blocks                            blockNumber=20671745 slot=9880241 blocks=671744 txs=106395904 mgas=10175177 bps=40.85 tps=6401 mgps=617.8 avgBps=35.30 avgTps=5590 avgMGps=534.7 elapsed=5h17m11s
Sep 03 17:57:38 nimbus-eth1-mainnet-short-benchmark[3395896]: INF 2026-09-03 17:57:38.860+00:00 Imported blocks                            blockNumber=20679937 slot=9888471 blocks=679936 txs=107674271 mgas=10299404 bps=39.56 tps=6173 mgps=599.9 avgBps=35.34 avgTps=5596 avgMGps=535.4 elapsed=5h20m38s
Sep 03 18:00:57 nimbus-eth1-mainnet-short-benchmark[3395896]: INF 2026-09-03 18:00:57.485+00:00 Imported blocks                            blockNumber=20688129 slot=9896698 blocks=688128 txs=108938536 mgas=10423298 bps=41.24 tps=6364 mgps=623.7 avgBps=35.40 avgTps=5604 avgMGps=536.3 elapsed=5h23m56s
Sep 03 18:04:26 nimbus-eth1-mainnet-short-benchmark[3395896]: INF 2026-09-03 18:04:26.374+00:00 Imported blocks                            blockNumber=20696321 slot=9904930 blocks=696320 txs=110235786 mgas=10547469 bps=39.22 tps=6210 mgps=594.4 avgBps=35.44 avgTps=5611 avgMGps=536.9 elapsed=5h27m25s
Sep 03 18:08:14 nimbus-eth1-mainnet-short-benchmark[3395896]: INF 2026-09-03 18:08:14.299+00:00 Imported blocks                            blockNumber=20704513 slot=9913154 blocks=704512 txs=111483759 mgas=10671677 bps=35.94 tps=5475 mgps=545.0 avgBps=35.45 avgTps=5609 avgMGps=537.0 elapsed=5h31m13s
Sep 03 18:11:47 nimbus-eth1-mainnet-short-benchmark[3395896]: INF 2026-09-03 18:11:47.512+00:00 Imported blocks                            blockNumber=20712705 slot=9921388 blocks=712704 txs=112764170 mgas=10795980 bps=38.42 tps=6005 mgps=583.0 avgBps=35.48 avgTps=5613 avgMGps=537.5 elapsed=5h34m46s
Sep 03 18:15:05 nimbus-eth1-mainnet-short-benchmark[3395896]: INF 2026-09-03 18:15:05.665+00:00 Imported blocks                            blockNumber=20720897 slot=9929633 blocks=720896 txs=114110517 mgas=10919926 bps=41.34 tps=6794 mgps=625.5 avgBps=35.54 avgTps=5625 avgMGps=538.3 elapsed=5h38m4s
Sep 03 18:18:33 nimbus-eth1-mainnet-short-benchmark[3395896]: INF 2026-09-03 18:18:33.062+00:00 Imported blocks                            blockNumber=20729089 slot=9937869 blocks=729088 txs=115449431 mgas=11043768 bps=39.50 tps=6455 mgps=597.1 avgBps=35.58 avgTps=5633 avgMGps=538.9 elapsed=5h41m32s
Sep 03 18:21:50 nimbus-eth1-mainnet-short-benchmark[3395896]: INF 2026-09-03 18:21:50.991+00:00 Imported blocks                            blockNumber=20737281 slot=9946108 blocks=737280 txs=116784468 mgas=11167784 bps=41.39 tps=6744 mgps=626.6 avgBps=35.63 avgTps=5644 avgMGps=539.8 elapsed=5h44m50s
Sep 03 18:25:19 nimbus-eth1-mainnet-short-benchmark[3395896]: INF 2026-09-03 18:25:19.372+00:00 Imported blocks                            blockNumber=20745473 slot=9954342 blocks=745472 txs=118101003 mgas=11291742 bps=39.31 tps=6317 mgps=594.9 avgBps=35.67 avgTps=5651 avgMGps=540.3 elapsed=5h48m18s
Sep 03 18:29:04 nimbus-eth1-mainnet-short-benchmark[3395896]: INF 2026-09-03 18:29:04.417+00:00 Imported blocks                            blockNumber=20753665 slot=9962581 blocks=753664 txs=119337525 mgas=11415859 bps=36.40 tps=5494 mgps=551.5 avgBps=35.68 avgTps=5649 avgMGps=540.4 elapsed=5h52m3s
Sep 03 18:32:36 nimbus-eth1-mainnet-short-benchmark[3395896]: INF 2026-09-03 18:32:36.474+00:00 Imported blocks                            blockNumber=20761857 slot=9970803 blocks=761856 txs=120564314 mgas=11540225 bps=38.63 tps=5785 mgps=586.5 avgBps=35.71 avgTps=5650 avgMGps=540.9 elapsed=5h55m35s
Sep 03 18:35:57 nimbus-eth1-mainnet-short-benchmark[3395896]: INF 2026-09-03 18:35:57.891+00:00 Imported blocks                            blockNumber=20770049 slot=9979058 blocks=770048 txs=121858083 mgas=11663918 bps=40.67 tps=6423 mgps=614.1 avgBps=35.75 avgTps=5658 avgMGps=541.6 elapsed=5h58m57s
Sep 03 18:39:10 nimbus-eth1-mainnet-short-benchmark[3395896]: INF 2026-09-03 18:39:10.784+00:00 Imported blocks                            blockNumber=20778241 slot=9987307 blocks=778240 txs=123161734 mgas=11787906 bps=42.47 tps=6758 mgps=642.8 avgBps=35.81 avgTps=5667 avgMGps=542.5 elapsed=6h2m10s
Sep 03 18:42:17 nimbus-eth1-mainnet-short-benchmark[3395896]: INF 2026-09-03 18:42:17.178+00:00 Imported blocks                            blockNumber=20786433 slot=9995542 blocks=786432 txs=124509456 mgas=11911612 bps=43.95 tps=7230 mgps=663.7 avgBps=35.88 avgTps=5681 avgMGps=543.5 elapsed=6h5m16s
Sep 03 18:45:28 nimbus-eth1-mainnet-short-benchmark[3395896]: INF 2026-09-03 18:45:28.283+00:00 Imported blocks                            blockNumber=20794625 slot=10003781 blocks=794624 txs=125848921 mgas=12035338 bps=42.87 tps=7009 mgps=647.4 avgBps=35.94 avgTps=5692 avgMGps=544.4 elapsed=6h8m27s
Sep 03 18:48:45 nimbus-eth1-mainnet-short-benchmark[3395896]: INF 2026-09-03 18:48:45.196+00:00 Imported blocks                            blockNumber=20802817 slot=10012028 blocks=802816 txs=127089868 mgas=12158989 bps=41.60 tps=6301 mgps=627.9 avgBps=35.99 avgTps=5697 avgMGps=545.1 elapsed=6h11m44s
Sep 03 18:52:10 nimbus-eth1-mainnet-short-benchmark[3395896]: INF 2026-09-03 18:52:10.585+00:00 Imported blocks                            blockNumber=20811009 slot=10020249 blocks=811008 txs=128299762 mgas=12282850 bps=39.89 tps=5890 mgps=603.1 avgBps=36.03 avgTps=5699 avgMGps=545.7 elapsed=6h15m9s
Sep 03 18:55:23 nimbus-eth1-mainnet-short-benchmark[3395896]: INF 2026-09-03 18:55:23.295+00:00 Imported blocks                            blockNumber=20819201 slot=10028481 blocks=819200 txs=129596319 mgas=12406594 bps=42.51 tps=6728 mgps=642.1 avgBps=36.08 avgTps=5708 avgMGps=546.5 elapsed=6h18m22s
Sep 03 18:58:33 nimbus-eth1-mainnet-short-benchmark[3395896]: INF 2026-09-03 18:58:33.880+00:00 Imported blocks                            blockNumber=20827393 slot=10036710 blocks=827392 txs=130916729 mgas=12530249 bps=42.98 tps=6928 mgps=648.8 avgBps=36.14 avgTps=5718 avgMGps=547.3 elapsed=6h21m33s
Sep 03 19:01:46 nimbus-eth1-mainnet-short-benchmark[3395896]: INF 2026-09-03 19:01:46.325+00:00 Imported blocks                            blockNumber=20835585 slot=10044938 blocks=835584 txs=132226625 mgas=12654070 bps=42.57 tps=6806 mgps=643.4 avgBps=36.20 avgTps=5727 avgMGps=548.1 elapsed=6h24m45s
Sep 03 19:05:09 nimbus-eth1-mainnet-short-benchmark[3395896]: INF 2026-09-03 19:05:09.938+00:00 Imported blocks                            blockNumber=20843777 slot=10053164 blocks=843776 txs=133604192 mgas=12777730 bps=40.23 tps=6765 mgps=607.3 avgBps=36.23 avgTps=5736 avgMGps=548.7 elapsed=6h28m9s
Sep 03 19:08:59 nimbus-eth1-mainnet-short-benchmark[3395896]: INF 2026-09-03 19:08:59.527+00:00 Imported blocks                            blockNumber=20851969 slot=10061391 blocks=851968 txs=134900706 mgas=12901664 bps=35.68 tps=5647 mgps=539.8 avgBps=36.22 avgTps=5735 avgMGps=548.6 elapsed=6h31m58s
Sep 03 19:12:38 nimbus-eth1-mainnet-short-benchmark[3395896]: INF 2026-09-03 19:12:38.024+00:00 Imported blocks                            blockNumber=20860161 slot=10069622 blocks=860160 txs=136168750 mgas=13025603 bps=37.49 tps=5803 mgps=567.2 avgBps=36.24 avgTps=5736 avgMGps=548.7 elapsed=6h35m37s
Sep 03 19:16:11 nimbus-eth1-mainnet-short-benchmark[3395896]: INF 2026-09-03 19:16:11.901+00:00 Imported blocks                            blockNumber=20868353 slot=10077838 blocks=868352 txs=137550724 mgas=13149742 bps=38.30 tps=6461 mgps=580.4 avgBps=36.26 avgTps=5742 avgMGps=549.0 elapsed=6h39m11s
Sep 03 19:19:43 nimbus-eth1-mainnet-short-benchmark[3395896]: INF 2026-09-03 19:19:43.914+00:00 Imported blocks                            blockNumber=20876545 slot=10086066 blocks=876544 txs=138954673 mgas=13273457 bps=38.64 tps=6622 mgps=583.5 avgBps=36.28 avgTps=5750 avgMGps=549.3 elapsed=6h42m43s
Sep 03 19:23:09 nimbus-eth1-mainnet-short-benchmark[3395896]: INF 2026-09-03 19:23:09.935+00:00 Imported blocks                            blockNumber=20884737 slot=10094286 blocks=884736 txs=140256178 mgas=13397479 bps=39.76 tps=6317 mgps=602.0 avgBps=36.31 avgTps=5755 avgMGps=549.8 elapsed=6h46m9s
Sep 03 19:26:30 nimbus-eth1-mainnet-short-benchmark[3395896]: INF 2026-09-03 19:26:30.352+00:00 Imported blocks                            blockNumber=20892929 slot=10102512 blocks=892928 txs=141581868 mgas=13521575 bps=40.87 tps=6614 mgps=619.2 avgBps=36.34 avgTps=5762 avgMGps=550.3 elapsed=6h49m29s
Sep 03 19:29:51 nimbus-eth1-mainnet-short-benchmark[3395896]: INF 2026-09-03 19:29:51.881+00:00 Imported blocks                            blockNumber=20901121 slot=10110732 blocks=901120 txs=142875889 mgas=13645572 bps=40.65 tps=6420 mgps=615.3 avgBps=36.38 avgTps=5767 avgMGps=550.9 elapsed=6h52m51s
Sep 03 19:33:11 nimbus-eth1-mainnet-short-benchmark[3395896]: INF 2026-09-03 19:33:11.530+00:00 Imported blocks                            blockNumber=20909313 slot=10118953 blocks=909312 txs=144102308 mgas=13769390 bps=41.03 tps=6142 mgps=620.2 avgBps=36.41 avgTps=5770 avgMGps=551.4 elapsed=6h56m10s
Sep 03 19:36:27 nimbus-eth1-mainnet-short-benchmark[3395896]: INF 2026-09-03 19:36:27.172+00:00 Imported blocks                            blockNumber=20917505 slot=10127176 blocks=917504 txs=145406349 mgas=13893087 bps=41.87 tps=6665 mgps=632.3 avgBps=36.46 avgTps=5777 avgMGps=552.0 elapsed=6h59m26s
Sep 03 19:39:33 nimbus-eth1-mainnet-short-benchmark[3395896]: INF 2026-09-03 19:39:33.549+00:00 Imported blocks                            blockNumber=20925697 slot=10135394 blocks=925696 txs=146718394 mgas=14016820 bps=43.95 tps=7039 mgps=663.9 avgBps=36.51 avgTps=5787 avgMGps=552.9 elapsed=7h2m32s
Sep 03 19:42:52 nimbus-eth1-mainnet-short-benchmark[3395896]: INF 2026-09-03 19:42:52.418+00:00 Imported blocks                            blockNumber=20933889 slot=10143614 blocks=933888 txs=148049109 mgas=14140625 bps=41.19 tps=6691 mgps=622.5 avgBps=36.55 avgTps=5794 avgMGps=553.4 elapsed=7h5m51s
Sep 03 19:46:05 nimbus-eth1-mainnet-short-benchmark[3395896]: INF 2026-09-03 19:46:05.948+00:00 Imported blocks                            blockNumber=20942081 slot=10151840 blocks=942080 txs=149397364 mgas=14264352 bps=42.33 tps=6966 mgps=639.3 avgBps=36.59 avgTps=5802 avgMGps=554.1 elapsed=7h9m5s
Sep 03 19:49:24 nimbus-eth1-mainnet-short-benchmark[3395896]: INF 2026-09-03 19:49:24.405+00:00 Imported blocks                            blockNumber=20950273 slot=10160098 blocks=950272 txs=150765507 mgas=14388237 bps=41.28 tps=6893 mgps=624.2 avgBps=36.63 avgTps=5811 avgMGps=554.6 elapsed=7h12m23s
Sep 03 19:52:56 nimbus-eth1-mainnet-short-benchmark[3395896]: INF 2026-09-03 19:52:56.602+00:00 Imported blocks                            blockNumber=20958465 slot=10168363 blocks=958464 txs=152044771 mgas=14511987 bps=38.61 tps=6028 mgps=583.2 avgBps=36.64 avgTps=5813 avgMGps=554.8 elapsed=7h15m55s
Sep 03 19:56:20 nimbus-eth1-mainnet-short-benchmark[3395896]: INF 2026-09-03 19:56:20.867+00:00 Imported blocks                            blockNumber=20966657 slot=10176609 blocks=966656 txs=153365296 mgas=14635804 bps=40.10 tps=6464 mgps=606.2 avgBps=36.67 avgTps=5818 avgMGps=555.2 elapsed=7h19m20s
Sep 03 19:59:42 nimbus-eth1-mainnet-short-benchmark[3395896]: INF 2026-09-03 19:59:42.948+00:00 Imported blocks                            blockNumber=20974849 slot=10184849 blocks=974848 txs=154744917 mgas=14759580 bps=40.54 tps=6827 mgps=612.5 avgBps=36.70 avgTps=5825 avgMGps=555.7 elapsed=7h22m42s
Sep 03 20:03:11 nimbus-eth1-mainnet-short-benchmark[3395896]: INF 2026-09-03 20:03:11.541+00:00 Imported blocks                            blockNumber=20983041 slot=10193086 blocks=983040 txs=156055229 mgas=14883451 bps=39.27 tps=6281 mgps=593.8 avgBps=36.72 avgTps=5829 avgMGps=556.0 elapsed=7h26m10s
Sep 03 20:06:15 nimbus-eth1-mainnet-short-benchmark[3395896]: INF 2026-09-03 20:06:15.442+00:00 Imported blocks                            blockNumber=20991233 slot=10201319 blocks=991232 txs=157563202 mgas=15007557 bps=44.55 tps=8199 mgps=674.9 avgBps=36.77 avgTps=5845 avgMGps=556.8 elapsed=7h29m14s
Sep 03 20:09:47 nimbus-eth1-mainnet-short-benchmark[3395896]: INF 2026-09-03 20:09:47.531+00:00 Imported blocks                            blockNumber=20999425 slot=10209549 blocks=999424 txs=159003277 mgas=15131383 bps=38.63 tps=6789 mgps=583.8 avgBps=36.79 avgTps=5852 avgMGps=557.0 elapsed=7h32m46s
Sep 03 20:10:02 nimbus-eth1-mainnet-short-benchmark[3395896]: INF 2026-09-03 20:10:02.787+00:00 Imported blocks                            blockNumber=21000001 slot=10210128 blocks=1000000 txs=159109486 mgas=15140191 bps=37.76 tps=6961 mgps=577.3 avgBps=36.79 avgTps=5853 avgMGps=557.0 elapsed=7h33m2s
Sep 03 20:10:02 nimbus-eth1-mainnet-short-benchmark[3395896]: NTC 2026-09-03 20:10:02.787+00:00 Import complete                            blockNumber=21000001 slot=10210128 blocks=1000000 txs=159109486 mgas=15140191
Sep 03 20:10:03 nimbus-eth1-mainnet-short-benchmark[3367455]: <<< ending startNimbusWithImport (success)
Sep 03 20:10:03 nimbus-eth1-mainnet-short-benchmark[3367455]: >>> starting moveBenchmarkingFileToRepo
Sep 03 20:10:03 nimbus-eth1-mainnet-short-benchmark[3367455]: >>> copying debug-csv generated by nimbus to benchmarks repo
Sep 03 20:10:03 nimbus-eth1-mainnet-short-benchmark[3367455]: <<< ending moveBenchmarkingFileToRepo (success)
Sep 03 20:10:03 nimbus-eth1-mainnet-short-benchmark[3367455]: >>> starting generateBuildEnvironmentLogFile
Sep 03 20:10:12 nimbus-eth1-mainnet-short-benchmark[3367455]: <<< ending generateBuildEnvironmentLogFile (success)
Sep 03 20:10:12 nimbus-eth1-mainnet-short-benchmark[3367455]: >>> starting generateSystemdServiceLogs
