Sep 01 13:40:40 nimbus-eth1-mainnet-short-benchmark[1808748]: >>> starting cloneOrFetchBenchmarksRepo
Sep 01 13:40:41 nimbus-eth1-mainnet-short-benchmark[1808748]: >>> Fetching latest changes for nimbus-eth1-benchmarks...
Sep 01 13:40:42 nimbus-eth1-mainnet-short-benchmark[1808796]: HEAD is now at 2f6f0f4 chore: update short benchmark Readme
Sep 01 13:40:43 nimbus-eth1-mainnet-short-benchmark[1808748]: <<< ending cloneOrFetchBenchmarksRepo (success)
Sep 01 13:40:43 nimbus-eth1-mainnet-short-benchmark[1808748]: >>> starting cloneOrFetchNimbusRepo
Sep 01 13:40:52 nimbus-eth1-mainnet-short-benchmark[1808748]: >>> Fetching latest changes for nimbus-eth1...
Sep 01 13:40:53 nimbus-eth1-mainnet-short-benchmark[1809153]: From https://github.com/status-im/nimbus-eth1
Sep 01 13:40:53 nimbus-eth1-mainnet-short-benchmark[1809153]:    2c3baf53e..3230683d6  master            -> origin/master
Sep 01 13:40:53 nimbus-eth1-mainnet-short-benchmark[1809153]:  * [new branch]          fix-pruned-db-rpc -> origin/fix-pruned-db-rpc
Sep 01 13:40:53 nimbus-eth1-mainnet-short-benchmark[1809153]:  * [new branch]          glams-813         -> origin/glams-813
Sep 01 13:40:53 nimbus-eth1-mainnet-short-benchmark[1809153]:  * [new branch]          update-base-image -> origin/update-base-image
Sep 01 13:40:53 nimbus-eth1-mainnet-short-benchmark[1809153]:    3e6b1a141..23ffc9c15  wasm-deploy       -> origin/wasm-deploy
Sep 01 13:40:53 nimbus-eth1-mainnet-short-benchmark[1809161]: HEAD is now at 3230683d6 evmstate parse and validate receipt (#4713)
Sep 01 13:40:53 nimbus-eth1-mainnet-short-benchmark[1808748]: >>> Found last benchmarked commit: 7b0390d0
Sep 01 13:40:53 nimbus-eth1-mainnet-short-benchmark[1808748]: >>> Using next commit: 391e8efefc82b18f9afe98a5ec50d426184fb187
Sep 01 13:40:53 nimbus-eth1-mainnet-short-benchmark[1809177]: HEAD is now at 391e8efef txpool: drop blob lookup of the replaced tx, not the new one (#4648)
Sep 01 13:40:53 nimbus-eth1-mainnet-short-benchmark[1808748]: >>> Current commit: 391e8efef
Sep 01 13:40:53 nimbus-eth1-mainnet-short-benchmark[1808748]: <<< ending cloneOrFetchNimbusRepo (success)
Sep 01 13:40:53 nimbus-eth1-mainnet-short-benchmark[1808748]: >>> starting buildBinaries
Sep 01 13:40:53 nimbus-eth1-mainnet-short-benchmark[1808748]: >>> Building binaries for commit 391e8efe...
Sep 01 13:41:01 nimbus-eth1-mainnet-short-benchmark[1814658]: Building: Nim compiler
Sep 01 13:44:07 nimbus-eth1-mainnet-short-benchmark[1814658]: Building custom Nimble commit: 42ef70c2102a942c46f13eb76872326edd525cec
Sep 01 13:44:17 nimbus-eth1-mainnet-short-benchmark[1814658]: Building Nimble...
Sep 01 13:44:28 nimbus-eth1-mainnet-short-benchmark[1814658]: Replacing nimble binary...
Sep 01 13:44:35 nimbus-eth1-mainnet-short-benchmark[1831069]: cp: cannot stat '/data/status-im/nimbus-eth1/build/*': No such file or directory
Sep 01 13:44:35 nimbus-eth1-mainnet-short-benchmark[1831037]: ROCKSDB VERSION NOT FOUND
Sep 01 13:44:35 nimbus-eth1-mainnet-short-benchmark[1831189]: make[1]: Entering directory '/data/status-im/nimbus-eth1/vendor/nim-rocksdb/vendor/rocksdb'
Sep 01 13:44:35 nimbus-eth1-mainnet-short-benchmark[1831189]: $DEBUG_LEVEL is 0, $LIB_MODE is static
Sep 01 13:44:36 nimbus-eth1-mainnet-short-benchmark[1831189]: make[1]: Leaving directory '/data/status-im/nimbus-eth1/vendor/nim-rocksdb/vendor/rocksdb'
Sep 01 13:44:36 nimbus-eth1-mainnet-short-benchmark[1831637]: Cleaning up RocksDb build artifacts.
Sep 01 13:44:36 nimbus-eth1-mainnet-short-benchmark[1831074]: Building RocksDb static libraries.
Sep 01 13:47:49 nimbus-eth1-mainnet-short-benchmark[1835189]: Building: build/nimbus_execution_client
Sep 01 13:50:22 nimbus-eth1-mainnet-short-benchmark[1808748]: >>> renaming binaries to match commit they were built from
Sep 01 13:50:22 nimbus-eth1-mainnet-short-benchmark[1808748]: >>> creating a symbolic link to the latest version
Sep 01 13:50:22 nimbus-eth1-mainnet-short-benchmark[1808748]: >>> deleting copies that are older than N days
Sep 01 13:50:22 nimbus-eth1-mainnet-short-benchmark[1808748]: <<< ending buildBinaries (success)
Sep 01 13:50:22 nimbus-eth1-mainnet-short-benchmark[1808748]: >>> starting skipOrContinueBenchmark
Sep 01 13:50:22 nimbus-eth1-mainnet-short-benchmark[1808748]: <<< ending skipOrContinueBenchmark (success)
Sep 01 13:50:22 nimbus-eth1-mainnet-short-benchmark[1808748]: >>> starting copyTemplateDatabase
Sep 01 13:50:22 nimbus-eth1-mainnet-short-benchmark[1808748]: >>> Copying template db into nimbus data directory
Sep 01 13:53:25 nimbus-eth1-mainnet-short-benchmark[1808748]: >>> Template db copied
Sep 01 13:53:25 nimbus-eth1-mainnet-short-benchmark[1808748]: >>> making nimbus the owner of the copied files
Sep 01 13:53:26 nimbus-eth1-mainnet-short-benchmark[1808748]: <<< ending copyTemplateDatabase (success)
Sep 01 13:53:26 nimbus-eth1-mainnet-short-benchmark[1808748]: >>> starting startNimbusWithImport
Sep 01 13:53:26 nimbus-eth1-mainnet-short-benchmark[1840886]: INF 2026-09-01 13:53:26.220+00:00 Launching execution client                 version=v0.4.0-391e8efe config="(configFile: none(InputFile), dataDirFlag: some(/data/status-im/nimbus-eth1/data/shared_mainnet_0), era1DirFlag: some(/data/era1), eraDirFlag: some(/data/era), ereDirFlag: none(OutDir), keyStoreDirFlag: none(OutDir), importKey: , trustedSetupFile: none(string), extraData: Nimbus/v0.4.0-391e8efe, gasLimit: none(uint64), maxBlobs: none(byte), network: [mainnet], logLevel: INFO, logFormat: auto, metricsEnabled: false, metricsPort: 9093, metricsAddress: 127.0.0.1, bootstrapNodes: [], elBootstrapNodes: [], bootstrapFile: , elBootstrapFile: , staticPeers: [], staticPeersFile: , reconnectMaxRetry: 0, reconnectInterval: 15, listenAddress: ::, tcpPort: 30303, udpPortFlag: none(Port), maxPeersOpt: none(int), elMaxPeersOpt: none(int), nat: (hasExtIp: false, nat: NatAny), discv5: true, netKey: random, agentString: Nimbus/v0.4.0-391e8efe/linux-amd64/Nim-2.2.10, numThreads: 0, persistBatchSize: 4, dynamicBatchSize: false, rocksdbMaxOpenFiles: 2048, rocksdbWriteBufferSize: 67108864, rocksdbRowCacheSize: 0, rocksdbBlockCacheSize: 2147483648, rocksdbBlockCacheType: hyperclock, rdbVtxCacheSize: 536870912, rdbKeyCacheSize: 1342177280, rdbBranchCacheSize: 1073741824, rdbPrintStats: false, rewriteDatadirId: true, aristoDbMaxSnapshots: 5, parallelStateRootComputation: false, parallelSenderRecovery: true, optimisticStatePrefetch: false, balStatePrefetch: false, balStatePrefetchWorkers: 0, balParallelExecution: false, balPruning: true, eagerStateRootCheck: false, deserializeFcState: true, statelessProvider: false, statelessWitnessValidation: false, cmd: import, maxBlocks: 1000000, chunkSize: 8192, csvStats: some("/data/host-benchmarks/short/f9421cbe8b7e45258cec9c356f64ade4/blocks-import-benchmark.csv"), validation: false, fullValidation: false, storeBodies: false, storeReceipts: false, storeSlotHashes: false)"
Sep 01 13:53:26 nimbus-eth1-mainnet-short-benchmark[1840886]: WRN 2026-09-01 13:53:26.228+00:00 Data directory has insecure permissions. Correcting them. data_dir=/data/status-im/nimbus-eth1/data/shared_mainnet_0 current_permissions=0755 required_permissions=0700
Sep 01 13:53:28 nimbus-eth1-mainnet-short-benchmark[1840886]: INF 2026-09-01 13:53:28.068+00:00 Taskpool started                           numThreads=16
Sep 01 13:53:28 nimbus-eth1-mainnet-short-benchmark[1840886]: INF 2026-09-01 13:53:28.224+00:00 Database initialized                       base="(0xd24fd73f794058a3807db926d8898c6481e902b7edb91ce0d479d6760f276183, 20000000)" finalized="(0xd24fd73f794058a3807db926d8898c6481e902b7edb91ce0d479d6760f276183, 20000000)" head="(0xd4e56740f876aef8c010b86a40d5f56745a118d0906a34e69aec8c0db1cb8fa3, 0)"
Sep 01 13:53:28 nimbus-eth1-mainnet-short-benchmark[1840886]: NTC 2026-09-01 13:53:28.224+00:00 Could not open ere database, falling back to era1/era import ereDir=/data/status-im/nimbus-eth1/data/shared_mainnet_0/ere networkName=mainnet error="No ere files found in /data/status-im/nimbus-eth1/data/shared_mainnet_0/ere"
Sep 01 13:53:28 nimbus-eth1-mainnet-short-benchmark[1840886]: NTC 2026-09-01 13:53:28.224+00:00 Importing era archive                      blockNumber=20000001 dataDir=/data/status-im/nimbus-eth1/data/shared_mainnet_0 eraDir=/data/era
Sep 01 13:53:30 nimbus-eth1-mainnet-short-benchmark[1840886]: NTC 2026-09-01 13:53:30.456+00:00 Matched block to slot number               blockNumber=20000001 slot=9204783
Sep 01 13:59:23 nimbus-eth1-mainnet-short-benchmark[1840886]: INF 2026-09-01 13:59:23.555+00:00 Imported blocks                            blockNumber=20008193 slot=9213020 blocks=8192 txs=1226966 mgas=124237 bps=23.05 tps=3453 mgps=349.6 avgBps=23.05 avgTps=3453 avgMGps=349.6 elapsed=5m55s329ms
Sep 01 14:04:46 nimbus-eth1-mainnet-short-benchmark[1840886]: INF 2026-09-01 14:04:46.850+00:00 Imported blocks                            blockNumber=20016385 slot=9221256 blocks=16384 txs=2540380 mgas=248071 bps=25.34 tps=4062 mgps=383.0 avgBps=24.14 avgTps=3743 avgMGps=365.5 elapsed=11m18s627ms
Sep 01 14:09:53 nimbus-eth1-mainnet-short-benchmark[1840886]: INF 2026-09-01 14:09:53.466+00:00 Imported blocks                            blockNumber=20024577 slot=9229485 blocks=24576 txs=3869398 mgas=372018 bps=26.72 tps=4334 mgps=404.2 avgBps=24.94 avgTps=3927 avgMGps=377.6 elapsed=16m25s244ms
Sep 01 14:14:27 nimbus-eth1-mainnet-short-benchmark[1840886]: INF 2026-09-01 14:14:27.042+00:00 Imported blocks                            blockNumber=20032769 slot=9237722 blocks=32768 txs=5222766 mgas=495797 bps=29.94 tps=4946 mgps=452.5 avgBps=26.03 avgTps=4148 avgMGps=393.9 elapsed=20m58s818ms
Sep 01 14:18:54 nimbus-eth1-mainnet-short-benchmark[1840886]: INF 2026-09-01 14:18:54.250+00:00 Imported blocks                            blockNumber=20040961 slot=9245957 blocks=40960 txs=6566802 mgas=619586 bps=30.66 tps=5029 mgps=463.3 avgBps=26.84 avgTps=4303 avgMGps=406.0 elapsed=25m26s26ms
Sep 01 14:23:39 nimbus-eth1-mainnet-short-benchmark[1840886]: INF 2026-09-01 14:23:39.058+00:00 Imported blocks                            blockNumber=20049153 slot=9254196 blocks=49152 txs=7904746 mgas=743522 bps=28.76 tps=4697 mgps=435.2 avgBps=27.14 avgTps=4365 avgMGps=410.6 elapsed=30m10s835ms
Sep 01 14:28:11 nimbus-eth1-mainnet-short-benchmark[1840886]: INF 2026-09-01 14:28:11.174+00:00 Imported blocks                            blockNumber=20057345 slot=9262435 blocks=57344 txs=9212009 mgas=867360 bps=30.10 tps=4804 mgps=455.1 avgBps=27.53 avgTps=4422 avgMGps=416.4 elapsed=34m42s949ms
Sep 01 14:32:26 nimbus-eth1-mainnet-short-benchmark[1840886]: INF 2026-09-01 14:32:26.571+00:00 Imported blocks                            blockNumber=20065537 slot=9270674 blocks=65536 txs=10559018 mgas=991371 bps=32.08 tps=5274 mgps=485.6 avgBps=28.03 avgTps=4515 avgMGps=424.0 elapsed=38m58s347ms
Sep 01 14:36:28 nimbus-eth1-mainnet-short-benchmark[1840886]: INF 2026-09-01 14:36:28.563+00:00 Imported blocks                            blockNumber=20073729 slot=9278910 blocks=73728 txs=11898676 mgas=1115111 bps=33.85 tps=5535 mgps=511.3 avgBps=28.57 avgTps=4611 avgMGps=432.2 elapsed=43m338ms635us
Sep 01 14:40:19 nimbus-eth1-mainnet-short-benchmark[1840886]: INF 2026-09-01 14:40:19.884+00:00 Imported blocks                            blockNumber=20081921 slot=9287152 blocks=81920 txs=13323263 mgas=1239150 bps=35.41 tps=6158 mgps=536.2 avgBps=29.14 avgTps=4738 avgMGps=440.7 elapsed=46m51s659ms
Sep 01 14:44:07 nimbus-eth1-mainnet-short-benchmark[1840886]: INF 2026-09-01 14:44:07.589+00:00 Imported blocks                            blockNumber=20090113 slot=9295408 blocks=90112 txs=14697082 mgas=1363113 bps=35.98 tps=6033 mgps=544.4 avgBps=29.65 avgTps=4835 avgMGps=448.5 elapsed=50m39s368ms
Sep 01 14:48:13 nimbus-eth1-mainnet-short-benchmark[1840886]: INF 2026-09-01 14:48:13.317+00:00 Imported blocks                            blockNumber=20098305 slot=9303658 blocks=98304 txs=16025683 mgas=1487146 bps=33.34 tps=5406 mgps=504.8 avgBps=29.92 avgTps=4878 avgMGps=452.7 elapsed=54m45s96ms
Sep 01 14:52:28 nimbus-eth1-mainnet-short-benchmark[1840886]: INF 2026-09-01 14:52:28.962+00:00 Imported blocks                            blockNumber=20106497 slot=9311895 blocks=106496 txs=17337157 mgas=1611066 bps=32.04 tps=5130 mgps=484.7 avgBps=30.08 avgTps=4896 avgMGps=455.0 elapsed=59m737ms597us
Sep 01 14:56:31 nimbus-eth1-mainnet-short-benchmark[1840886]: INF 2026-09-01 14:56:31.546+00:00 Imported blocks                            blockNumber=20114689 slot=9320146 blocks=114688 txs=18632097 mgas=1735123 bps=33.77 tps=5338 mgps=511.4 avgBps=30.31 avgTps=4924 avgMGps=458.6 elapsed=1h3m3s
Sep 01 15:00:21 nimbus-eth1-mainnet-short-benchmark[1840886]: INF 2026-09-01 15:00:21.031+00:00 Imported blocks                            blockNumber=20122881 slot=9328409 blocks=122880 txs=19937418 mgas=1859249 bps=35.70 tps=5688 mgps=540.9 avgBps=30.62 avgTps=4968 avgMGps=463.3 elapsed=1h6m52s
Sep 01 15:04:06 nimbus-eth1-mainnet-short-benchmark[1840886]: INF 2026-09-01 15:04:06.880+00:00 Imported blocks                            blockNumber=20131073 slot=9336660 blocks=131072 txs=21214129 mgas=1983500 bps=36.27 tps=5653 mgps=550.2 avgBps=30.92 avgTps=5004 avgMGps=468.0 elapsed=1h10m38s
Sep 01 15:07:50 nimbus-eth1-mainnet-short-benchmark[1840886]: INF 2026-09-01 15:07:50.065+00:00 Imported blocks                            blockNumber=20139265 slot=9344906 blocks=139264 txs=22579079 mgas=2107571 bps=36.70 tps=6115 mgps=555.9 avgBps=31.21 avgTps=5060 avgMGps=472.4 elapsed=1h14m21s
Sep 01 15:12:19 nimbus-eth1-mainnet-short-benchmark[1840886]: INF 2026-09-01 15:12:19.449+00:00 Imported blocks                            blockNumber=20147457 slot=9353153 blocks=147456 txs=24133322 mgas=2231686 bps=30.41 tps=5769 mgps=460.7 avgBps=31.17 avgTps=5100 avgMGps=471.7 elapsed=1h18m51s
Sep 01 15:16:37 nimbus-eth1-mainnet-short-benchmark[1840886]: INF 2026-09-01 15:16:37.457+00:00 Imported blocks                            blockNumber=20155649 slot=9361407 blocks=155648 txs=25424015 mgas=2356018 bps=31.75 tps=5002 mgps=481.9 avgBps=31.20 avgTps=5095 avgMGps=472.2 elapsed=1h23m9s
Sep 01 15:20:35 nimbus-eth1-mainnet-short-benchmark[1840886]: INF 2026-09-01 15:20:35.318+00:00 Imported blocks                            blockNumber=20163841 slot=9369652 blocks=163840 txs=26749549 mgas=2480207 bps=34.44 tps=5572 mgps=522.1 avgBps=31.34 avgTps=5117 avgMGps=474.5 elapsed=1h27m7s
Sep 01 15:24:28 nimbus-eth1-mainnet-short-benchmark[1840886]: INF 2026-09-01 15:24:28.555+00:00 Imported blocks                            blockNumber=20172033 slot=9377892 blocks=172032 txs=28105316 mgas=2604026 bps=35.12 tps=5812 mgps=530.9 avgBps=31.51 avgTps=5147 avgMGps=476.9 elapsed=1h31m330ms
Sep 01 15:28:24 nimbus-eth1-mainnet-short-benchmark[1840886]: INF 2026-09-01 15:28:24.171+00:00 Imported blocks                            blockNumber=20180225 slot=9386128 blocks=180224 txs=29524405 mgas=2728170 bps=34.77 tps=6022 mgps=526.9 avgBps=31.64 avgTps=5183 avgMGps=479.0 elapsed=1h34m55s
Sep 01 15:32:04 nimbus-eth1-mainnet-short-benchmark[1840886]: INF 2026-09-01 15:32:04.768+00:00 Imported blocks                            blockNumber=20188417 slot=9394365 blocks=188416 txs=30849021 mgas=2852023 bps=37.14 tps=6004 mgps=561.4 avgBps=31.85 avgTps=5214 avgMGps=482.0 elapsed=1h38m36s
Sep 01 15:36:11 nimbus-eth1-mainnet-short-benchmark[1840886]: INF 2026-09-01 15:36:11.233+00:00 Imported blocks                            blockNumber=20196609 slot=9402602 blocks=196608 txs=32174755 mgas=2976155 bps=33.24 tps=5378 mgps=503.6 avgBps=31.90 avgTps=5220 avgMGps=482.9 elapsed=1h42m43s
Sep 01 15:40:28 nimbus-eth1-mainnet-short-benchmark[1840886]: INF 2026-09-01 15:40:28.905+00:00 Imported blocks                            blockNumber=20204801 slot=9410840 blocks=204800 txs=33475942 mgas=3100410 bps=31.79 tps=5049 mgps=482.2 avgBps=31.90 avgTps=5213 avgMGps=482.9 elapsed=1h47m682ms
Sep 01 15:44:27 nimbus-eth1-mainnet-short-benchmark[1840886]: INF 2026-09-01 15:44:27.346+00:00 Imported blocks                            blockNumber=20212993 slot=9419071 blocks=212992 txs=34798508 mgas=3224370 bps=34.36 tps=5546 mgps=519.9 avgBps=31.98 avgTps=5225 avgMGps=484.2 elapsed=1h50m59s
Sep 01 15:48:21 nimbus-eth1-mainnet-short-benchmark[1840886]: INF 2026-09-01 15:48:21.550+00:00 Imported blocks                            blockNumber=20221185 slot=9427313 blocks=221184 txs=36114045 mgas=3348169 bps=34.98 tps=5617 mgps=528.6 avgBps=32.09 avgTps=5238 avgMGps=485.7 elapsed=1h54m53s
Sep 01 15:51:55 nimbus-eth1-mainnet-short-benchmark[1840886]: INF 2026-09-01 15:51:55.523+00:00 Imported blocks                            blockNumber=20229377 slot=9435549 blocks=229376 txs=37421794 mgas=3472031 bps=38.29 tps=6111 mgps=578.9 avgBps=32.27 avgTps=5265 avgMGps=488.5 elapsed=1h58m27s
Sep 01 15:55:38 nimbus-eth1-mainnet-short-benchmark[1840886]: INF 2026-09-01 15:55:38.632+00:00 Imported blocks                            blockNumber=20237569 slot=9443788 blocks=237568 txs=38842064 mgas=3596351 bps=36.72 tps=6365 mgps=557.2 avgBps=32.41 avgTps=5298 avgMGps=490.6 elapsed=2h2m10s
Sep 01 15:59:41 nimbus-eth1-mainnet-short-benchmark[1840886]: INF 2026-09-01 15:59:41.105+00:00 Imported blocks                            blockNumber=20245761 slot=9452021 blocks=245760 txs=40225739 mgas=3720100 bps=33.79 tps=5706 mgps=510.4 avgBps=32.45 avgTps=5311 avgMGps=491.2 elapsed=2h6m12s
Sep 01 16:03:58 nimbus-eth1-mainnet-short-benchmark[1840886]: INF 2026-09-01 16:03:58.537+00:00 Imported blocks                            blockNumber=20253953 slot=9460253 blocks=253952 txs=41454921 mgas=3844385 bps=31.82 tps=4774 mgps=482.8 avgBps=32.43 avgTps=5294 avgMGps=491.0 elapsed=2h10m30s
Sep 01 16:08:03 nimbus-eth1-mainnet-short-benchmark[1840886]: INF 2026-09-01 16:08:03.158+00:00 Imported blocks                            blockNumber=20262145 slot=9468495 blocks=262144 txs=42726051 mgas=3968623 bps=33.49 tps=5196 mgps=507.9 avgBps=32.46 avgTps=5291 avgMGps=491.5 elapsed=2h14m34s
Sep 01 16:11:51 nimbus-eth1-mainnet-short-benchmark[1840886]: INF 2026-09-01 16:11:51.515+00:00 Imported blocks                            blockNumber=20270337 slot=9476748 blocks=270336 txs=44050436 mgas=4092682 bps=35.87 tps=5799 mgps=543.3 avgBps=32.56 avgTps=5305 avgMGps=492.9 elapsed=2h18m23s
Sep 01 16:15:24 nimbus-eth1-mainnet-short-benchmark[1840886]: INF 2026-09-01 16:15:24.984+00:00 Imported blocks                            blockNumber=20278529 slot=9484981 blocks=278528 txs=45382368 mgas=4216487 bps=38.38 tps=6239 mgps=580.0 avgBps=32.70 avgTps=5328 avgMGps=495.1 elapsed=2h21m56s
Sep 01 16:19:02 nimbus-eth1-mainnet-short-benchmark[1840886]: INF 2026-09-01 16:19:02.549+00:00 Imported blocks                            blockNumber=20286721 slot=9493213 blocks=286720 txs=46733429 mgas=4340363 bps=37.65 tps=6209 mgps=569.4 avgBps=32.83 avgTps=5350 avgMGps=496.9 elapsed=2h25m34s
Sep 01 16:23:00 nimbus-eth1-mainnet-short-benchmark[1840886]: INF 2026-09-01 16:23:00.381+00:00 Imported blocks                            blockNumber=20294913 slot=9501453 blocks=294912 txs=48075887 mgas=4464376 bps=34.44 tps=5644 mgps=521.4 avgBps=32.87 avgTps=5358 avgMGps=497.6 elapsed=2h29m32s
Sep 01 16:26:53 nimbus-eth1-mainnet-short-benchmark[1840886]: INF 2026-09-01 16:26:53.686+00:00 Imported blocks                            blockNumber=20303105 slot=9509696 blocks=303104 txs=49379538 mgas=4588534 bps=35.11 tps=5587 mgps=532.2 avgBps=32.93 avgTps=5364 avgMGps=498.5 elapsed=2h33m25s
Sep 01 16:30:41 nimbus-eth1-mainnet-short-benchmark[1840886]: INF 2026-09-01 16:30:41.419+00:00 Imported blocks                            blockNumber=20311297 slot=9517922 blocks=311296 txs=50637672 mgas=4712596 bps=35.97 tps=5524 mgps=544.8 avgBps=33.00 avgTps=5368 avgMGps=499.6 elapsed=2h37m13s
Sep 01 16:34:20 nimbus-eth1-mainnet-short-benchmark[1840886]: INF 2026-09-01 16:34:20.832+00:00 Imported blocks                            blockNumber=20319489 slot=9526159 blocks=319488 txs=51981692 mgas=4836521 bps=37.34 tps=6125 mgps=564.8 avgBps=33.10 avgTps=5385 avgMGps=501.1 elapsed=2h40m52s
Sep 01 16:37:40 nimbus-eth1-mainnet-short-benchmark[1840886]: INF 2026-09-01 16:37:40.721+00:00 Imported blocks                            blockNumber=20327681 slot=9534381 blocks=327680 txs=53356123 mgas=4960245 bps=40.98 tps=6875 mgps=618.9 avgBps=33.26 avgTps=5415 avgMGps=503.5 elapsed=2h44m12s
Sep 01 16:40:59 nimbus-eth1-mainnet-short-benchmark[1840886]: INF 2026-09-01 16:40:59.106+00:00 Imported blocks                            blockNumber=20335873 slot=9542617 blocks=335872 txs=54719105 mgas=5084025 bps=41.29 tps=6870 mgps=623.9 avgBps=33.42 avgTps=5444 avgMGps=505.8 elapsed=2h47m30s
Sep 01 16:44:37 nimbus-eth1-mainnet-short-benchmark[1840886]: INF 2026-09-01 16:44:37.223+00:00 Imported blocks                            blockNumber=20344065 slot=9550841 blocks=344064 txs=56021853 mgas=5207843 bps=37.56 tps=5972 mgps=567.7 avgBps=33.51 avgTps=5455 avgMGps=507.1 elapsed=2h51m9s
Sep 01 16:48:44 nimbus-eth1-mainnet-short-benchmark[1840886]: INF 2026-09-01 16:48:44.523+00:00 Imported blocks                            blockNumber=20352257 slot=9559072 blocks=352256 txs=57290408 mgas=5332016 bps=33.13 tps=5129 mgps=502.1 avgBps=33.50 avgTps=5447 avgMGps=507.0 elapsed=2h55m16s
Sep 01 16:52:30 nimbus-eth1-mainnet-short-benchmark[1840886]: INF 2026-09-01 16:52:30.548+00:00 Imported blocks                            blockNumber=20360449 slot=9567308 blocks=360448 txs=58543463 mgas=5456201 bps=36.24 tps=5543 mgps=549.4 avgBps=33.55 avgTps=5449 avgMGps=507.9 elapsed=2h59m2s
Sep 01 16:56:08 nimbus-eth1-mainnet-short-benchmark[1840886]: INF 2026-09-01 16:56:08.897+00:00 Imported blocks                            blockNumber=20368641 slot=9575548 blocks=368640 txs=59874056 mgas=5580204 bps=37.52 tps=6093 mgps=567.9 avgBps=33.63 avgTps=5462 avgMGps=509.1 elapsed=3h2m40s
Sep 01 16:59:55 nimbus-eth1-mainnet-short-benchmark[1840886]: INF 2026-09-01 16:59:55.810+00:00 Imported blocks                            blockNumber=20376833 slot=9583774 blocks=376832 txs=61167066 mgas=5704396 bps=36.10 tps=5698 mgps=547.3 avgBps=33.68 avgTps=5467 avgMGps=509.9 elapsed=3h6m27s
Sep 01 17:03:38 nimbus-eth1-mainnet-short-benchmark[1840886]: INF 2026-09-01 17:03:38.235+00:00 Imported blocks                            blockNumber=20385025 slot=9592009 blocks=385024 txs=62480333 mgas=5828235 bps=36.83 tps=5904 mgps=556.8 avgBps=33.74 avgTps=5475 avgMGps=510.8 elapsed=3h10m10s
Sep 01 17:07:19 nimbus-eth1-mainnet-short-benchmark[1840886]: INF 2026-09-01 17:07:19.568+00:00 Imported blocks                            blockNumber=20393217 slot=9600248 blocks=393216 txs=63800597 mgas=5952136 bps=37.01 tps=5965 mgps=559.8 avgBps=33.81 avgTps=5485 avgMGps=511.7 elapsed=3h13m51s
Sep 01 17:10:52 nimbus-eth1-mainnet-short-benchmark[1840886]: INF 2026-09-01 17:10:52.133+00:00 Imported blocks                            blockNumber=20401409 slot=9608486 blocks=401408 txs=65021243 mgas=6076384 bps=38.54 tps=5742 mgps=584.5 avgBps=33.89 avgTps=5489 avgMGps=513.0 elapsed=3h17m23s
Sep 01 17:14:38 nimbus-eth1-mainnet-short-benchmark[1840886]: INF 2026-09-01 17:14:38.562+00:00 Imported blocks                            blockNumber=20409601 slot=9616707 blocks=409600 txs=66199016 mgas=6200666 bps=36.18 tps=5201 mgps=548.9 avgBps=33.93 avgTps=5484 avgMGps=513.7 elapsed=3h21m10s
Sep 01 17:18:18 nimbus-eth1-mainnet-short-benchmark[1840886]: INF 2026-09-01 17:18:18.503+00:00 Imported blocks                            blockNumber=20417793 slot=9624941 blocks=417792 txs=67453930 mgas=6324823 bps=37.25 tps=5705 mgps=564.5 avgBps=33.99 avgTps=5488 avgMGps=514.6 elapsed=3h24m50s
Sep 01 17:21:33 nimbus-eth1-mainnet-short-benchmark[1840886]: INF 2026-09-01 17:21:33.488+00:00 Imported blocks                            blockNumber=20425985 slot=9633187 blocks=425984 txs=68814904 mgas=6448778 bps=42.01 tps=6979 mgps=635.7 avgBps=34.12 avgTps=5511 avgMGps=516.5 elapsed=3h28m5s
Sep 01 17:24:44 nimbus-eth1-mainnet-short-benchmark[1840886]: INF 2026-09-01 17:24:44.569+00:00 Imported blocks                            blockNumber=20434177 slot=9641422 blocks=434176 txs=70124508 mgas=6572711 bps=42.87 tps=6853 mgps=648.6 avgBps=34.25 avgTps=5531 avgMGps=518.5 elapsed=3h31m16s
Sep 01 17:28:09 nimbus-eth1-mainnet-short-benchmark[1840886]: INF 2026-09-01 17:28:09.842+00:00 Imported blocks                            blockNumber=20442369 slot=9649657 blocks=442368 txs=71403576 mgas=6696451 bps=39.91 tps=6231 mgps=602.8 avgBps=34.34 avgTps=5543 avgMGps=519.8 elapsed=3h34m41s
Sep 01 17:31:52 nimbus-eth1-mainnet-short-benchmark[1840886]: INF 2026-09-01 17:31:52.103+00:00 Imported blocks                            blockNumber=20450561 slot=9657896 blocks=450560 txs=72659905 mgas=6820521 bps=36.86 tps=5652 mgps=558.2 avgBps=34.38 avgTps=5544 avgMGps=520.5 elapsed=3h38m23s
Sep 01 17:35:54 nimbus-eth1-mainnet-short-benchmark[1840886]: INF 2026-09-01 17:35:54.736+00:00 Imported blocks                            blockNumber=20458753 slot=9666114 blocks=458752 txs=73838533 mgas=6945116 bps=33.76 tps=4857 mgps=513.5 avgBps=34.37 avgTps=5532 avgMGps=520.4 elapsed=3h42m26s
Sep 01 17:39:34 nimbus-eth1-mainnet-short-benchmark[1840886]: INF 2026-09-01 17:39:34.549+00:00 Imported blocks                            blockNumber=20466945 slot=9674343 blocks=466944 txs=75124748 mgas=7068943 bps=37.27 tps=5851 mgps=563.3 avgBps=34.42 avgTps=5537 avgMGps=521.1 elapsed=3h46m6s
Sep 01 17:43:12 nimbus-eth1-mainnet-short-benchmark[1840886]: INF 2026-09-01 17:43:12.122+00:00 Imported blocks                            blockNumber=20475137 slot=9682575 blocks=475136 txs=76420106 mgas=7192870 bps=37.65 tps=5953 mgps=569.6 avgBps=34.47 avgTps=5544 avgMGps=521.8 elapsed=3h49m43s
Sep 01 17:46:39 nimbus-eth1-mainnet-short-benchmark[1840886]: INF 2026-09-01 17:46:39.399+00:00 Imported blocks                            blockNumber=20483329 slot=9690800 blocks=483328 txs=77675422 mgas=7316939 bps=39.52 tps=6056 mgps=598.6 avgBps=34.55 avgTps=5551 avgMGps=523.0 elapsed=3h53m11s
Sep 01 17:50:04 nimbus-eth1-mainnet-short-benchmark[1840886]: INF 2026-09-01 17:50:04.220+00:00 Imported blocks                            blockNumber=20491521 slot=9699019 blocks=491520 txs=78951232 mgas=7440784 bps=40.00 tps=6228 mgps=604.6 avgBps=34.62 avgTps=5561 avgMGps=524.1 elapsed=3h56m35s
Sep 01 17:53:43 nimbus-eth1-mainnet-short-benchmark[1840886]: INF 2026-09-01 17:53:43.621+00:00 Imported blocks                            blockNumber=20499713 slot=9707248 blocks=499712 txs=80189642 mgas=7564669 bps=37.34 tps=5644 mgps=564.6 avgBps=34.67 avgTps=5562 avgMGps=524.8 elapsed=4h15s400ms
Sep 01 17:57:28 nimbus-eth1-mainnet-short-benchmark[1840886]: INF 2026-09-01 17:57:28.385+00:00 Imported blocks                            blockNumber=20507905 slot=9715488 blocks=507904 txs=81317763 mgas=7689208 bps=36.45 tps=5019 mgps=554.1 avgBps=34.69 avgTps=5554 avgMGps=525.2 elapsed=4h4m160ms
Sep 01 18:00:48 nimbus-eth1-mainnet-short-benchmark[1840886]: INF 2026-09-01 18:00:48.911+00:00 Imported blocks                            blockNumber=20516097 slot=9723715 blocks=516096 txs=82520262 mgas=7813209 bps=40.85 tps=5996 mgps=618.4 avgBps=34.78 avgTps=5560 avgMGps=526.5 elapsed=4h7m20s
Sep 01 18:04:21 nimbus-eth1-mainnet-short-benchmark[1840886]: INF 2026-09-01 18:04:21.712+00:00 Imported blocks                            blockNumber=20524289 slot=9731945 blocks=524288 txs=83780075 mgas=7937233 bps=38.50 tps=5920 mgps=582.8 avgBps=34.83 avgTps=5565 avgMGps=527.3 elapsed=4h10m53s
Sep 01 18:07:56 nimbus-eth1-mainnet-short-benchmark[1840886]: INF 2026-09-01 18:07:56.149+00:00 Imported blocks                            blockNumber=20532481 slot=9740183 blocks=532480 txs=85263862 mgas=8061024 bps=38.20 tps=6919 mgps=577.3 avgBps=34.88 avgTps=5584 avgMGps=528.0 elapsed=4h14m27s
Sep 01 18:11:38 nimbus-eth1-mainnet-short-benchmark[1840886]: INF 2026-09-01 18:11:38.734+00:00 Imported blocks                            blockNumber=20540673 slot=9748418 blocks=540672 txs=86612143 mgas=8185090 bps=36.80 tps=6057 mgps=557.4 avgBps=34.90 avgTps=5591 avgMGps=528.4 elapsed=4h18m10s
Sep 01 18:15:28 nimbus-eth1-mainnet-short-benchmark[1840886]: INF 2026-09-01 18:15:28.334+00:00 Imported blocks                            blockNumber=20548865 slot=9756662 blocks=548864 txs=87802991 mgas=8309513 bps=35.68 tps=5186 mgps=541.9 avgBps=34.91 avgTps=5585 avgMGps=528.6 elapsed=4h22m109ms
Sep 01 18:19:13 nimbus-eth1-mainnet-short-benchmark[1840886]: INF 2026-09-01 18:19:13.735+00:00 Imported blocks                            blockNumber=20557057 slot=9764892 blocks=557056 txs=88964987 mgas=8433956 bps=36.34 tps=5155 mgps=552.1 avgBps=34.93 avgTps=5579 avgMGps=528.9 elapsed=4h25m45s
Sep 01 18:22:49 nimbus-eth1-mainnet-short-benchmark[1840886]: INF 2026-09-01 18:22:49.060+00:00 Imported blocks                            blockNumber=20565249 slot=9773131 blocks=565248 txs=90186094 mgas=8558113 bps=38.05 tps=5671 mgps=576.6 avgBps=34.98 avgTps=5580 avgMGps=529.6 elapsed=4h29m20s
Sep 01 18:26:25 nimbus-eth1-mainnet-short-benchmark[1840886]: INF 2026-09-01 18:26:25.101+00:00 Imported blocks                            blockNumber=20573441 slot=9781369 blocks=573440 txs=91404654 mgas=8682228 bps=37.92 tps=5640 mgps=574.5 avgBps=35.02 avgTps=5581 avgMGps=530.2 elapsed=4h32m56s
Sep 01 18:29:56 nimbus-eth1-mainnet-short-benchmark[1840886]: INF 2026-09-01 18:29:56.222+00:00 Imported blocks                            blockNumber=20581633 slot=9789611 blocks=581632 txs=92628389 mgas=8806651 bps=38.80 tps=5796 mgps=589.3 avgBps=35.06 avgTps=5584 avgMGps=530.9 elapsed=4h36m27s
Sep 01 18:33:34 nimbus-eth1-mainnet-short-benchmark[1840886]: INF 2026-09-01 18:33:34.847+00:00 Imported blocks                            blockNumber=20589825 slot=9797855 blocks=589824 txs=93887208 mgas=8931023 bps=37.47 tps=5757 mgps=568.9 avgBps=35.09 avgTps=5586 avgMGps=531.4 elapsed=4h40m6s
Sep 01 18:37:16 nimbus-eth1-mainnet-short-benchmark[1840886]: INF 2026-09-01 18:37:16.808+00:00 Imported blocks                            blockNumber=20598017 slot=9806095 blocks=598016 txs=95163338 mgas=9055310 bps=36.91 tps=5749 mgps=560.0 avgBps=35.12 avgTps=5588 avgMGps=531.8 elapsed=4h43m48s
Sep 01 18:41:00 nimbus-eth1-mainnet-short-benchmark[1840886]: INF 2026-09-01 18:41:00.661+00:00 Imported blocks                            blockNumber=20606209 slot=9814347 blocks=606208 txs=96334664 mgas=9179976 bps=36.60 tps=5232 mgps=556.9 avgBps=35.14 avgTps=5583 avgMGps=532.1 elapsed=4h47m32s
Sep 01 18:44:33 nimbus-eth1-mainnet-short-benchmark[1840886]: INF 2026-09-01 18:44:33.894+00:00 Imported blocks                            blockNumber=20614401 slot=9822581 blocks=614400 txs=97573414 mgas=9304574 bps=38.42 tps=5809 mgps=584.3 avgBps=35.18 avgTps=5586 avgMGps=532.7 elapsed=4h51m5s
Sep 01 18:48:09 nimbus-eth1-mainnet-short-benchmark[1840886]: INF 2026-09-01 18:48:09.083+00:00 Imported blocks                            blockNumber=20622593 slot=9830821 blocks=622592 txs=98874772 mgas=9428835 bps=38.07 tps=6047 mgps=577.5 avgBps=35.21 avgTps=5592 avgMGps=533.3 elapsed=4h54m40s
Sep 01 18:51:36 nimbus-eth1-mainnet-short-benchmark[1840886]: INF 2026-09-01 18:51:36.752+00:00 Imported blocks                            blockNumber=20630785 slot=9839058 blocks=630784 txs=100178707 mgas=9553009 bps=39.45 tps=6278 mgps=597.9 avgBps=35.26 avgTps=5600 avgMGps=534.0 elapsed=4h58m8s
Sep 01 18:55:13 nimbus-eth1-mainnet-short-benchmark[1840886]: INF 2026-09-01 18:55:13.585+00:00 Imported blocks                            blockNumber=20638977 slot=9847313 blocks=638976 txs=101489116 mgas=9677171 bps=37.78 tps=6043 mgps=572.6 avgBps=35.29 avgTps=5605 avgMGps=534.5 elapsed=5h1m45s
Sep 01 18:58:45 nimbus-eth1-mainnet-short-benchmark[1840886]: INF 2026-09-01 18:58:45.954+00:00 Imported blocks                            blockNumber=20647169 slot=9855549 blocks=647168 txs=102730058 mgas=9801643 bps=38.57 tps=5843 mgps=586.1 avgBps=35.33 avgTps=5608 avgMGps=535.1 elapsed=5h5m17s
Sep 01 19:02:33 nimbus-eth1-mainnet-short-benchmark[1840886]: INF 2026-09-01 19:02:33.755+00:00 Imported blocks                            blockNumber=20655361 slot=9863778 blocks=655360 txs=103868002 mgas=9926541 bps=35.96 tps=4995 mgps=548.3 avgBps=35.34 avgTps=5600 avgMGps=535.3 elapsed=5h9m5s
Sep 01 19:06:04 nimbus-eth1-mainnet-short-benchmark[1840886]: INF 2026-09-01 19:06:04.400+00:00 Imported blocks                            blockNumber=20663553 slot=9872013 blocks=663552 txs=105112198 mgas=10051274 bps=38.89 tps=5906 mgps=592.1 avgBps=35.38 avgTps=5604 avgMGps=535.9 elapsed=5h12m36s
Sep 01 19:09:26 nimbus-eth1-mainnet-short-benchmark[1840886]: INF 2026-09-01 19:09:26.065+00:00 Imported blocks                            blockNumber=20671745 slot=9880241 blocks=671744 txs=106395904 mgas=10175177 bps=40.62 tps=6365 mgps=614.4 avgBps=35.43 avgTps=5612 avgMGps=536.7 elapsed=5h15m57s
Sep 01 19:12:50 nimbus-eth1-mainnet-short-benchmark[1840886]: INF 2026-09-01 19:12:50.426+00:00 Imported blocks                            blockNumber=20679937 slot=9888471 blocks=679936 txs=107674271 mgas=10299404 bps=40.09 tps=6255 mgps=607.9 avgBps=35.48 avgTps=5619 avgMGps=537.5 elapsed=5h19m22s
Sep 01 19:16:07 nimbus-eth1-mainnet-short-benchmark[1840886]: INF 2026-09-01 19:16:07.011+00:00 Imported blocks                            blockNumber=20688129 slot=9896698 blocks=688128 txs=108938536 mgas=10423298 bps=41.67 tps=6431 mgps=630.2 avgBps=35.55 avgTps=5627 avgMGps=538.4 elapsed=5h22m38s
Sep 01 19:19:36 nimbus-eth1-mainnet-short-benchmark[1840886]: INF 2026-09-01 19:19:36.568+00:00 Imported blocks                            blockNumber=20696321 slot=9904930 blocks=696320 txs=110235786 mgas=10547469 bps=39.09 tps=6190 mgps=592.5 avgBps=35.58 avgTps=5633 avgMGps=539.0 elapsed=5h26m8s
Sep 01 19:23:22 nimbus-eth1-mainnet-short-benchmark[1840886]: INF 2026-09-01 19:23:22.049+00:00 Imported blocks                            blockNumber=20704513 slot=9913154 blocks=704512 txs=111483759 mgas=10671677 bps=36.33 tps=5534 mgps=550.9 avgBps=35.59 avgTps=5632 avgMGps=539.1 elapsed=5h29m53s
Sep 01 19:26:54 nimbus-eth1-mainnet-short-benchmark[1840886]: INF 2026-09-01 19:26:54.858+00:00 Imported blocks                            blockNumber=20712705 slot=9921388 blocks=712704 txs=112764170 mgas=10795980 bps=38.49 tps=6016 mgps=584.1 avgBps=35.62 avgTps=5636 avgMGps=539.6 elapsed=5h33m26s
Sep 01 19:30:12 nimbus-eth1-mainnet-short-benchmark[1840886]: INF 2026-09-01 19:30:12.971+00:00 Imported blocks                            blockNumber=20720897 slot=9929633 blocks=720896 txs=114110517 mgas=10919926 bps=41.35 tps=6795 mgps=625.6 avgBps=35.68 avgTps=5647 avgMGps=540.5 elapsed=5h36m44s
Sep 01 19:33:37 nimbus-eth1-mainnet-short-benchmark[1840886]: INF 2026-09-01 19:33:37.536+00:00 Imported blocks                            blockNumber=20729089 slot=9937869 blocks=729088 txs=115449431 mgas=11043768 bps=40.05 tps=6545 mgps=605.4 avgBps=35.72 avgTps=5656 avgMGps=541.1 elapsed=5h40m9s
Sep 01 19:36:54 nimbus-eth1-mainnet-short-benchmark[1840886]: INF 2026-09-01 19:36:54.314+00:00 Imported blocks                            blockNumber=20737281 slot=9946108 blocks=737280 txs=116784468 mgas=11167784 bps=41.63 tps=6784 mgps=630.2 avgBps=35.78 avgTps=5667 avgMGps=542.0 elapsed=5h43m26s
Sep 01 19:40:20 nimbus-eth1-mainnet-short-benchmark[1840886]: INF 2026-09-01 19:40:20.015+00:00 Imported blocks                            blockNumber=20745473 slot=9954342 blocks=745472 txs=118101003 mgas=11291742 bps=39.82 tps=6400 mgps=602.6 avgBps=35.82 avgTps=5674 avgMGps=542.6 elapsed=5h46m51s
Sep 01 19:44:02 nimbus-eth1-mainnet-short-benchmark[1840886]: INF 2026-09-01 19:44:02.212+00:00 Imported blocks                            blockNumber=20753665 slot=9962581 blocks=753664 txs=119337525 mgas=11415859 bps=36.87 tps=5565 mgps=558.6 avgBps=35.83 avgTps=5673 avgMGps=542.7 elapsed=5h50m33s
Sep 01 19:47:33 nimbus-eth1-mainnet-short-benchmark[1840886]: INF 2026-09-01 19:47:33.081+00:00 Imported blocks                            blockNumber=20761857 slot=9970803 blocks=761856 txs=120564314 mgas=11540225 bps=38.85 tps=5817 mgps=589.8 avgBps=35.86 avgTps=5674 avgMGps=543.2 elapsed=5h54m4s
Sep 01 19:50:52 nimbus-eth1-mainnet-short-benchmark[1840886]: INF 2026-09-01 19:50:52.690+00:00 Imported blocks                            blockNumber=20770049 slot=9979058 blocks=770048 txs=121858083 mgas=11663918 bps=41.04 tps=6481 mgps=619.7 avgBps=35.91 avgTps=5682 avgMGps=543.9 elapsed=5h57m24s
Sep 01 19:54:02 nimbus-eth1-mainnet-short-benchmark[1840886]: INF 2026-09-01 19:54:02.035+00:00 Imported blocks                            blockNumber=20778241 slot=9987307 blocks=778240 txs=123161734 mgas=11787906 bps=43.27 tps=6885 mgps=654.8 avgBps=35.97 avgTps=5693 avgMGps=544.9 elapsed=6h33s810ms
Sep 01 19:57:07 nimbus-eth1-mainnet-short-benchmark[1840886]: INF 2026-09-01 19:57:07.721+00:00 Imported blocks                            blockNumber=20786433 slot=9995542 blocks=786432 txs=124509456 mgas=11911612 bps=44.12 tps=7257 mgps=666.2 avgBps=36.04 avgTps=5706 avgMGps=545.9 elapsed=6h3m39s
Sep 01 20:00:17 nimbus-eth1-mainnet-short-benchmark[1840886]: INF 2026-09-01 20:00:17.262+00:00 Imported blocks                            blockNumber=20794625 slot=10003781 blocks=794624 txs=125848921 mgas=12035338 bps=43.22 tps=7067 mgps=652.8 avgBps=36.10 avgTps=5718 avgMGps=546.8 elapsed=6h6m49s
Sep 01 20:03:32 nimbus-eth1-mainnet-short-benchmark[1840886]: INF 2026-09-01 20:03:32.663+00:00 Imported blocks                            blockNumber=20802817 slot=10012028 blocks=802816 txs=127089868 mgas=12158989 bps=41.92 tps=6350 mgps=632.8 avgBps=36.16 avgTps=5723 avgMGps=547.6 elapsed=6h10m4s
Sep 01 20:06:58 nimbus-eth1-mainnet-short-benchmark[1840886]: INF 2026-09-01 20:06:58.616+00:00 Imported blocks                            blockNumber=20811009 slot=10020249 blocks=811008 txs=128299762 mgas=12282850 bps=39.78 tps=5874 mgps=601.4 avgBps=36.19 avgTps=5725 avgMGps=548.1 elapsed=6h13m30s
Sep 01 20:10:09 nimbus-eth1-mainnet-short-benchmark[1840886]: INF 2026-09-01 20:10:09.906+00:00 Imported blocks                            blockNumber=20819201 slot=10028481 blocks=819200 txs=129596319 mgas=12406594 bps=42.82 tps=6777 mgps=646.9 avgBps=36.25 avgTps=5733 avgMGps=548.9 elapsed=6h16m41s
Sep 01 20:13:20 nimbus-eth1-mainnet-short-benchmark[1840886]: INF 2026-09-01 20:13:20.315+00:00 Imported blocks                            blockNumber=20827393 slot=10036710 blocks=827392 txs=130916729 mgas=12530249 bps=43.02 tps=6934 mgps=649.4 avgBps=36.30 avgTps=5743 avgMGps=549.8 elapsed=6h19m52s
Sep 01 20:16:31 nimbus-eth1-mainnet-short-benchmark[1840886]: INF 2026-09-01 20:16:31.624+00:00 Imported blocks                            blockNumber=20835585 slot=10044938 blocks=835584 txs=132226625 mgas=12654070 bps=42.82 tps=6847 mgps=647.2 avgBps=36.36 avgTps=5753 avgMGps=550.6 elapsed=6h23m3s
Sep 01 20:19:57 nimbus-eth1-mainnet-short-benchmark[1840886]: INF 2026-09-01 20:19:57.025+00:00 Imported blocks                            blockNumber=20843777 slot=10053164 blocks=843776 txs=133604192 mgas=12777730 bps=39.88 tps=6706 mgps=602.0 avgBps=36.39 avgTps=5761 avgMGps=551.0 elapsed=6h26m28s
Sep 01 20:23:45 nimbus-eth1-mainnet-short-benchmark[1840886]: INF 2026-09-01 20:23:45.110+00:00 Imported blocks                            blockNumber=20851969 slot=10061391 blocks=851968 txs=134900706 mgas=12901664 bps=35.92 tps=5684 mgps=543.4 avgBps=36.38 avgTps=5760 avgMGps=551.0 elapsed=6h30m16s
Sep 01 20:27:21 nimbus-eth1-mainnet-short-benchmark[1840886]: INF 2026-09-01 20:27:21.783+00:00 Imported blocks                            blockNumber=20860161 slot=10069622 blocks=860160 txs=136168750 mgas=13025603 bps=37.81 tps=5852 mgps=572.0 avgBps=36.40 avgTps=5761 avgMGps=551.1 elapsed=6h33m53s
Sep 01 20:30:55 nimbus-eth1-mainnet-short-benchmark[1840886]: INF 2026-09-01 20:30:55.320+00:00 Imported blocks                            blockNumber=20868353 slot=10077838 blocks=868352 txs=137550724 mgas=13149742 bps=38.36 tps=6471 mgps=581.3 avgBps=36.41 avgTps=5768 avgMGps=551.4 elapsed=6h37m27s
Sep 01 20:34:26 nimbus-eth1-mainnet-short-benchmark[1840886]: INF 2026-09-01 20:34:26.973+00:00 Imported blocks                            blockNumber=20876545 slot=10086066 blocks=876544 txs=138954673 mgas=13273457 bps=38.70 tps=6633 mgps=584.5 avgBps=36.43 avgTps=5775 avgMGps=551.7 elapsed=6h40m58s
Sep 01 20:37:53 nimbus-eth1-mainnet-short-benchmark[1840886]: INF 2026-09-01 20:37:53.374+00:00 Imported blocks                            blockNumber=20884737 slot=10094286 blocks=884736 txs=140256178 mgas=13397479 bps=39.69 tps=6305 mgps=600.9 avgBps=36.46 avgTps=5780 avgMGps=552.1 elapsed=6h44m25s
Sep 01 20:41:15 nimbus-eth1-mainnet-short-benchmark[1840886]: INF 2026-09-01 20:41:15.027+00:00 Imported blocks                            blockNumber=20892929 slot=10102512 blocks=892928 txs=141581868 mgas=13521575 bps=40.62 tps=6574 mgps=615.4 avgBps=36.50 avgTps=5786 avgMGps=552.6 elapsed=6h47m46s
Sep 01 20:44:35 nimbus-eth1-mainnet-short-benchmark[1840886]: INF 2026-09-01 20:44:35.781+00:00 Imported blocks                            blockNumber=20901121 slot=10110732 blocks=901120 txs=142875889 mgas=13645572 bps=40.81 tps=6445 mgps=617.7 avgBps=36.53 avgTps=5792 avgMGps=553.2 elapsed=6h51m7s
Sep 01 20:47:56 nimbus-eth1-mainnet-short-benchmark[1840886]: INF 2026-09-01 20:47:56.106+00:00 Imported blocks                            blockNumber=20909313 slot=10118953 blocks=909312 txs=144102308 mgas=13769390 bps=40.89 tps=6122 mgps=618.1 avgBps=36.57 avgTps=5794 avgMGps=553.7 elapsed=6h54m27s
Sep 01 20:51:11 nimbus-eth1-mainnet-short-benchmark[1840886]: INF 2026-09-01 20:51:11.979+00:00 Imported blocks                            blockNumber=20917505 slot=10127176 blocks=917504 txs=145406349 mgas=13893087 bps=41.82 tps=6657 mgps=631.5 avgBps=36.61 avgTps=5801 avgMGps=554.3 elapsed=6h57m43s
Sep 01 20:54:18 nimbus-eth1-mainnet-short-benchmark[1840886]: INF 2026-09-01 20:54:18.316+00:00 Imported blocks                            blockNumber=20925697 slot=10135394 blocks=925696 txs=146718394 mgas=14016820 bps=43.96 tps=7041 mgps=664.0 avgBps=36.66 avgTps=5810 avgMGps=555.1 elapsed=7h50s95ms
Sep 01 20:57:39 nimbus-eth1-mainnet-short-benchmark[1840886]: INF 2026-09-01 20:57:39.762+00:00 Imported blocks                            blockNumber=20933889 slot=10143614 blocks=933888 txs=148049109 mgas=14140625 bps=40.67 tps=6605 mgps=614.6 avgBps=36.69 avgTps=5816 avgMGps=555.6 elapsed=7h4m11s
Sep 01 21:00:54 nimbus-eth1-mainnet-short-benchmark[1840886]: INF 2026-09-01 21:00:54.659+00:00 Imported blocks                            blockNumber=20942081 slot=10151840 blocks=942080 txs=149397364 mgas=14264352 bps=42.03 tps=6917 mgps=634.8 avgBps=36.73 avgTps=5825 avgMGps=556.2 elapsed=7h7m26s
Sep 01 21:04:13 nimbus-eth1-mainnet-short-benchmark[1840886]: INF 2026-09-01 21:04:13.796+00:00 Imported blocks                            blockNumber=20950273 slot=10160098 blocks=950272 txs=150765507 mgas=14388237 bps=41.14 tps=6870 mgps=622.1 avgBps=36.77 avgTps=5833 avgMGps=556.7 elapsed=7h10m45s
Sep 01 21:07:43 nimbus-eth1-mainnet-short-benchmark[1840886]: INF 2026-09-01 21:07:43.929+00:00 Imported blocks                            blockNumber=20958465 slot=10168363 blocks=958464 txs=152044771 mgas=14511987 bps=38.98 tps=6087 mgps=588.9 avgBps=36.79 avgTps=5835 avgMGps=557.0 elapsed=7h14m15s
Sep 01 21:11:07 nimbus-eth1-mainnet-short-benchmark[1840886]: INF 2026-09-01 21:11:07.730+00:00 Imported blocks                            blockNumber=20966657 slot=10176609 blocks=966656 txs=153365296 mgas=14635804 bps=40.20 tps=6479 mgps=607.5 avgBps=36.81 avgTps=5840 avgMGps=557.4 elapsed=7h17m39s
Sep 01 21:14:29 nimbus-eth1-mainnet-short-benchmark[1840886]: INF 2026-09-01 21:14:29.935+00:00 Imported blocks                            blockNumber=20974849 slot=10184849 blocks=974848 txs=154744917 mgas=14759580 bps=40.51 tps=6822 mgps=612.1 avgBps=36.84 avgTps=5847 avgMGps=557.8 elapsed=7h21m1s
Sep 01 21:17:56 nimbus-eth1-mainnet-short-benchmark[1840886]: INF 2026-09-01 21:17:56.344+00:00 Imported blocks                            blockNumber=20983041 slot=10193086 blocks=983040 txs=156055229 mgas=14883451 bps=39.69 tps=6348 mgps=600.1 avgBps=36.86 avgTps=5851 avgMGps=558.1 elapsed=7h24m28s
Sep 01 21:20:59 nimbus-eth1-mainnet-short-benchmark[1840886]: INF 2026-09-01 21:20:59.802+00:00 Imported blocks                            blockNumber=20991233 slot=10201319 blocks=991232 txs=157563202 mgas=15007557 bps=44.65 tps=8219 mgps=676.5 avgBps=36.92 avgTps=5867 avgMGps=558.9 elapsed=7h27m31s
Sep 01 21:24:32 nimbus-eth1-mainnet-short-benchmark[1840886]: INF 2026-09-01 21:24:32.963+00:00 Imported blocks                            blockNumber=20999425 slot=10209549 blocks=999424 txs=159003277 mgas=15131383 bps=38.43 tps=6755 mgps=580.9 avgBps=36.93 avgTps=5874 avgMGps=559.1 elapsed=7h31m4s
Sep 01 21:24:48 nimbus-eth1-mainnet-short-benchmark[1840886]: INF 2026-09-01 21:24:48.435+00:00 Imported blocks                            blockNumber=21000001 slot=10210128 blocks=1000000 txs=159109486 mgas=15140191 bps=37.23 tps=6864 mgps=569.2 avgBps=36.93 avgTps=5875 avgMGps=559.1 elapsed=7h31m20s
Sep 01 21:24:48 nimbus-eth1-mainnet-short-benchmark[1840886]: NTC 2026-09-01 21:24:48.435+00:00 Import complete                            blockNumber=21000001 slot=10210128 blocks=1000000 txs=159109486 mgas=15140191
Sep 01 21:24:49 nimbus-eth1-mainnet-short-benchmark[1808748]: <<< ending startNimbusWithImport (success)
Sep 01 21:24:49 nimbus-eth1-mainnet-short-benchmark[1808748]: >>> starting moveBenchmarkingFileToRepo
Sep 01 21:24:49 nimbus-eth1-mainnet-short-benchmark[1808748]: >>> copying debug-csv generated by nimbus to benchmarks repo
Sep 01 21:24:49 nimbus-eth1-mainnet-short-benchmark[1808748]: <<< ending moveBenchmarkingFileToRepo (success)
Sep 01 21:24:49 nimbus-eth1-mainnet-short-benchmark[1808748]: >>> starting generateBuildEnvironmentLogFile
Sep 01 21:24:58 nimbus-eth1-mainnet-short-benchmark[1808748]: <<< ending generateBuildEnvironmentLogFile (success)
Sep 01 21:24:58 nimbus-eth1-mainnet-short-benchmark[1808748]: >>> starting generateSystemdServiceLogs
