Oct 04 01:12:21 nimbus-eth1-mainnet-short-benchmark[549879]: >>> starting cloneOrFetchBenchmarksRepo
Oct 04 01:12:22 nimbus-eth1-mainnet-short-benchmark[549879]: >>> Fetching latest changes for nimbus-eth1-benchmarks...
Oct 04 01:12:23 nimbus-eth1-mainnet-short-benchmark[549940]: HEAD is now at 1de687e chore: update short benchmark Readme
Oct 04 01:12:23 nimbus-eth1-mainnet-short-benchmark[549879]: <<< ending cloneOrFetchBenchmarksRepo (success)
Oct 04 01:12:23 nimbus-eth1-mainnet-short-benchmark[549879]: >>> starting cloneOrFetchNimbusRepo
Oct 04 01:12:33 nimbus-eth1-mainnet-short-benchmark[549879]: >>> Fetching latest changes for nimbus-eth1...
Oct 04 01:12:34 nimbus-eth1-mainnet-short-benchmark[550302]: HEAD is now at 9bf632a46 Bump nim-web3: move execution_types.nim to nimbus-eth1 repo (#4895)
Oct 04 01:12:34 nimbus-eth1-mainnet-short-benchmark[549879]: >>> Found last benchmarked commit: ca4d5c27
Oct 04 01:12:34 nimbus-eth1-mainnet-short-benchmark[549879]: >>> Using next commit: 9bf632a46e5d5aa7fb8e7d50bf12b43c6fdc9b74
Oct 04 01:12:34 nimbus-eth1-mainnet-short-benchmark[550321]: HEAD is now at 9bf632a46 Bump nim-web3: move execution_types.nim to nimbus-eth1 repo (#4895)
Oct 04 01:12:34 nimbus-eth1-mainnet-short-benchmark[549879]: >>> Current commit: 9bf632a46
Oct 04 01:12:34 nimbus-eth1-mainnet-short-benchmark[549879]: <<< ending cloneOrFetchNimbusRepo (success)
Oct 04 01:12:34 nimbus-eth1-mainnet-short-benchmark[549879]: >>> starting buildBinaries
Oct 04 01:12:34 nimbus-eth1-mainnet-short-benchmark[549879]: >>> Building binaries for commit 9bf632a4...
Oct 04 01:12:36 nimbus-eth1-mainnet-short-benchmark[551581]: Submodule path 'vendor/nim-web3': checked out '99d4d464e7a08a8dd805ace9bd490ba36c78c933'
Oct 04 01:12:42 nimbus-eth1-mainnet-short-benchmark[556029]: Building: Nim compiler
Oct 04 01:15:38 nimbus-eth1-mainnet-short-benchmark[556029]: Building custom Nimble commit: 42ef70c2102a942c46f13eb76872326edd525cec
Oct 04 01:15:47 nimbus-eth1-mainnet-short-benchmark[556029]: Building Nimble...
Oct 04 01:15:57 nimbus-eth1-mainnet-short-benchmark[556029]: Replacing nimble binary...
Oct 04 01:16:05 nimbus-eth1-mainnet-short-benchmark[572962]: Building: build/generate_makefile
Oct 04 01:16:05 nimbus-eth1-mainnet-short-benchmark[572827]: ROCKSDB CACHED VERSION: 11.8.1
Oct 04 01:16:05 nimbus-eth1-mainnet-short-benchmark[573230]: RocksDb static libraries already built. Skipping build.
Oct 04 01:16:05 nimbus-eth1-mainnet-short-benchmark[572962]: Build completed successfully: build/generate_makefile
Oct 04 01:16:06 nimbus-eth1-mainnet-short-benchmark[573284]: Building: build/nimbus_execution_client
Oct 04 01:16:33 nimbus-eth1-mainnet-short-benchmark[573402]: @["Unknown constants in file: ", "GAS_LIMIT_SCHEDULE", "GAS_LIMIT", "- EPOCH", "    GAS_LIMIT"]
Oct 04 01:16:33 nimbus-eth1-mainnet-short-benchmark[573402]: @["Unknown constants in file: ", "GAS_LIMIT_SCHEDULE", "GAS_LIMIT", "- EPOCH", "    GAS_LIMIT"]
Oct 04 01:18:28 nimbus-eth1-mainnet-short-benchmark[573284]: Build completed successfully: build/nimbus_execution_client
Oct 04 01:18:28 nimbus-eth1-mainnet-short-benchmark[549879]: >>> renaming binaries to match commit they were built from
Oct 04 01:18:28 nimbus-eth1-mainnet-short-benchmark[549879]: >>> creating a symbolic link to the latest version
Oct 04 01:18:28 nimbus-eth1-mainnet-short-benchmark[549879]: >>> deleting copies that are older than N days
Oct 04 01:18:28 nimbus-eth1-mainnet-short-benchmark[549879]: <<< ending buildBinaries (success)
Oct 04 01:18:28 nimbus-eth1-mainnet-short-benchmark[549879]: >>> starting skipOrContinueBenchmark
Oct 04 01:18:28 nimbus-eth1-mainnet-short-benchmark[549879]: <<< ending skipOrContinueBenchmark (success)
Oct 04 01:18:28 nimbus-eth1-mainnet-short-benchmark[549879]: >>> starting copyTemplateDatabase
Oct 04 01:18:28 nimbus-eth1-mainnet-short-benchmark[549879]: >>> Copying template db into nimbus data directory
Oct 04 01:21:42 nimbus-eth1-mainnet-short-benchmark[549879]: >>> Template db copied
Oct 04 01:21:42 nimbus-eth1-mainnet-short-benchmark[549879]: >>> making nimbus the owner of the copied files
Oct 04 01:21:42 nimbus-eth1-mainnet-short-benchmark[549879]: <<< ending copyTemplateDatabase (success)
Oct 04 01:21:42 nimbus-eth1-mainnet-short-benchmark[549879]: >>> starting startNimbusWithImport
Oct 04 01:21:43 nimbus-eth1-mainnet-short-benchmark[578996]: INF 2026-10-04 01:21:43.037+00:00 Launching execution client                 version=v0.4.2-9bf632a4 config="(configFile: none(InputFile), dataDirFlag: some(/data/status-im/nimbus-eth1/data/shared_mainnet_0), era1DirFlag: some(/data/era1), eraDirFlag: some(/data/era), ereDirFlag: none(OutDir), keyStoreDirFlag: none(OutDir), importKey: , trustedSetupFile: none(string), extraData: Nimbus/v0.4.2-9bf632a4, gasLimit: none(uint64), maxBlobs: none(byte), network: [mainnet], logLevel: INFO, logFormat: auto, metricsEnabled: false, metricsPort: 9093, metricsAddress: 127.0.0.1, bootstrapNodes: [], elBootstrapNodes: [], bootstrapFile: , elBootstrapFile: , staticPeers: [], staticPeersFile: , reconnectMaxRetry: 0, reconnectInterval: 15, listenAddress: ::, tcpPort: 30303, udpPortFlag: none(Port), maxPeersOpt: none(int), elMaxPeersOpt: none(int), nat: (hasExtIp: false, nat: NatAny), discv5: true, netKey: random, agentString: Nimbus/v0.4.2-9bf632a4/linux-amd64/Nim-2.2.12, numThreads: 0, persistBatchSize: 4, dynamicBatchSize: false, rocksdbMaxOpenFiles: 2048, rocksdbWriteBufferSize: 67108864, rocksdbRowCacheSize: 0, rocksdbBlockCacheSize: 2147483648, rocksdbBlockCacheType: hyperclock, rdbVtxCacheSize: 684720128, rdbKeyCacheSize: 1342177280, rdbBranchCacheSize: 1395654656, accLeafCacheSize: 1310720, stoLeafCacheSize: 1441792, rdbPrintStats: false, rewriteDatadirId: true, aristoDbMaxSnapshots: 5, debugParallel: none(bool), parallelStateRootComputationFlag: false, parallelSenderRecoveryFlag: true, optimisticStatePrefetchFlag: false, balStatePrefetchFlag: false, balStatePrefetchWorkers: 0, balParallelExecutionFlag: false, balPruning: true, eagerStateRootCheck: false, deserializeFcState: true, statelessProvider: false, statelessWitnessValidation: false, cmd: import, maxBlocks: 1000000, chunkSize: 8192, csvStats: some("/data/host-benchmarks/short/72af8156205f49b7ae865a51a34de67b/blocks-import-benchmark.csv"), validation: false, fullValidation: false, storeBodies: false, storeReceipts: false, storeSlotHashes: false)"
Oct 04 01:21:43 nimbus-eth1-mainnet-short-benchmark[578996]: WRN 2026-10-04 01:21:43.041+00:00 Data directory has insecure permissions. Correcting them. data_dir=/data/status-im/nimbus-eth1/data/shared_mainnet_0 current_permissions=0755 required_permissions=0700
Oct 04 01:21:44 nimbus-eth1-mainnet-short-benchmark[578996]: INF 2026-10-04 01:21:44.873+00:00 Taskpool started                           numThreads=16
Oct 04 01:21:45 nimbus-eth1-mainnet-short-benchmark[578996]: CreateIOUring failed: Invalid argument (errno=22), thread=140607792909568
Oct 04 01:21:45 nimbus-eth1-mainnet-short-benchmark[578996]: INF 2026-10-04 01:21:45.037+00:00 Database initialized                       base="(0xd24fd73f794058a3807db926d8898c6481e902b7edb91ce0d479d6760f276183, 20000000)" finalized="(0xd24fd73f794058a3807db926d8898c6481e902b7edb91ce0d479d6760f276183, 20000000)" head="(0xd4e56740f876aef8c010b86a40d5f56745a118d0906a34e69aec8c0db1cb8fa3, 0)" startOfHistory=0
Oct 04 01:21:45 nimbus-eth1-mainnet-short-benchmark[578996]: NTC 2026-10-04 01:21:45.037+00:00 Could not open ere database, falling back to era1/era import ereDir=/data/status-im/nimbus-eth1/data/shared_mainnet_0/ere networkName=mainnet error="No ere files found in /data/status-im/nimbus-eth1/data/shared_mainnet_0/ere"
Oct 04 01:21:45 nimbus-eth1-mainnet-short-benchmark[578996]: NTC 2026-10-04 01:21:45.037+00:00 Importing era archive                      blockNumber=20000001 dataDir=/data/status-im/nimbus-eth1/data/shared_mainnet_0 eraDir=/data/era
Oct 04 01:21:47 nimbus-eth1-mainnet-short-benchmark[578996]: NTC 2026-10-04 01:21:47.297+00:00 Matched block to slot number               blockNumber=20000001 slot=9204783
Oct 04 01:27:57 nimbus-eth1-mainnet-short-benchmark[578996]: INF 2026-10-04 01:27:57.440+00:00 Imported blocks                            blockNumber=20008193 slot=9213020 blocks=8192 txs=1226966 mgas=124237 bps=22.00 tps=3294 mgps=333.6 avgBps=22.00 avgTps=3294 avgMGps=333.6 elapsed=6m12s400ms
Oct 04 01:33:22 nimbus-eth1-mainnet-short-benchmark[578996]: INF 2026-10-04 01:33:22.431+00:00 Imported blocks                            blockNumber=20016385 slot=9221256 blocks=16384 txs=2540380 mgas=248071 bps=25.21 tps=4041 mgps=381.0 avgBps=23.49 avgTps=3642 avgMGps=355.7 elapsed=11m37s393ms
Oct 04 01:38:30 nimbus-eth1-mainnet-short-benchmark[578996]: INF 2026-10-04 01:38:30.523+00:00 Imported blocks                            blockNumber=20024577 slot=9229485 blocks=24576 txs=3869398 mgas=372018 bps=26.59 tps=4313 mgps=402.3 avgBps=24.44 avgTps=3848 avgMGps=370.0 elapsed=16m45s484ms
Oct 04 01:43:09 nimbus-eth1-mainnet-short-benchmark[578996]: INF 2026-10-04 01:43:09.227+00:00 Imported blocks                            blockNumber=20032769 slot=9237722 blocks=32768 txs=5222766 mgas=495797 bps=29.39 tps=4855 mgps=444.1 avgBps=25.52 avgTps=4066 avgMGps=386.1 elapsed=21m24s189ms
Oct 04 01:47:35 nimbus-eth1-mainnet-short-benchmark[578996]: INF 2026-10-04 01:47:35.383+00:00 Imported blocks                            blockNumber=20040961 slot=9245957 blocks=40960 txs=6566802 mgas=619586 bps=30.78 tps=5049 mgps=465.1 avgBps=26.42 avgTps=4235 avgMGps=399.6 elapsed=25m50s344ms
Oct 04 01:52:22 nimbus-eth1-mainnet-short-benchmark[578996]: INF 2026-10-04 01:52:22.427+00:00 Imported blocks                            blockNumber=20049153 slot=9254196 blocks=49152 txs=7904746 mgas=743522 bps=28.54 tps=4661 mgps=431.8 avgBps=26.75 avgTps=4302 avgMGps=404.7 elapsed=30m37s389ms
Oct 04 01:57:00 nimbus-eth1-mainnet-short-benchmark[578996]: INF 2026-10-04 01:57:00.611+00:00 Imported blocks                            blockNumber=20057345 slot=9262435 blocks=57344 txs=9212009 mgas=867360 bps=29.45 tps=4699 mgps=445.2 avgBps=27.11 avgTps=4354 avgMGps=410.0 elapsed=35m15s570ms
Oct 04 02:01:16 nimbus-eth1-mainnet-short-benchmark[578996]: INF 2026-10-04 02:01:16.671+00:00 Imported blocks                            blockNumber=20065537 slot=9270674 blocks=65536 txs=10559018 mgas=991371 bps=31.99 tps=5260 mgps=484.3 avgBps=27.63 avgTps=4452 avgMGps=418.0 elapsed=39m31s632ms
Oct 04 02:05:19 nimbus-eth1-mainnet-short-benchmark[578996]: INF 2026-10-04 02:05:19.972+00:00 Imported blocks                            blockNumber=20073729 slot=9278910 blocks=73728 txs=11898676 mgas=1115111 bps=33.67 tps=5506 mgps=508.6 avgBps=28.19 avgTps=4550 avgMGps=426.4 elapsed=43m34s933ms
Oct 04 02:09:14 nimbus-eth1-mainnet-short-benchmark[578996]: INF 2026-10-04 02:09:14.845+00:00 Imported blocks                            blockNumber=20081921 slot=9287152 blocks=81920 txs=13323263 mgas=1239150 bps=34.88 tps=6065 mgps=528.1 avgBps=28.75 avgTps=4675 avgMGps=434.8 elapsed=47m29s806ms
Oct 04 02:13:07 nimbus-eth1-mainnet-short-benchmark[578996]: INF 2026-10-04 02:13:07.681+00:00 Imported blocks                            blockNumber=20090113 slot=9295408 blocks=90112 txs=14697082 mgas=1363113 bps=35.18 tps=5900 mgps=532.4 avgBps=29.23 avgTps=4767 avgMGps=442.2 elapsed=51m22s644ms
Oct 04 02:17:16 nimbus-eth1-mainnet-short-benchmark[578996]: INF 2026-10-04 02:17:16.378+00:00 Imported blocks                            blockNumber=20098305 slot=9303658 blocks=98304 txs=16025683 mgas=1487146 bps=32.94 tps=5342 mgps=498.7 avgBps=29.51 avgTps=4810 avgMGps=446.4 elapsed=55m31s341ms
Oct 04 02:21:35 nimbus-eth1-mainnet-short-benchmark[578996]: INF 2026-10-04 02:21:35.926+00:00 Imported blocks                            blockNumber=20106497 slot=9311895 blocks=106496 txs=17337157 mgas=1611066 bps=31.56 tps=5052 mgps=477.4 avgBps=29.66 avgTps=4828 avgMGps=448.7 elapsed=59m50s887ms
Oct 04 02:25:41 nimbus-eth1-mainnet-short-benchmark[578996]: INF 2026-10-04 02:25:41.539+00:00 Imported blocks                            blockNumber=20114689 slot=9320146 blocks=114688 txs=18632097 mgas=1735123 bps=33.35 tps=5272 mgps=505.1 avgBps=29.89 avgTps=4856 avgMGps=452.3 elapsed=1h3m56s
Oct 04 02:29:33 nimbus-eth1-mainnet-short-benchmark[578996]: INF 2026-10-04 02:29:33.019+00:00 Imported blocks                            blockNumber=20122881 slot=9328409 blocks=122880 txs=19937418 mgas=1859249 bps=35.39 tps=5639 mgps=536.2 avgBps=30.21 avgTps=4901 avgMGps=457.0 elapsed=1h7m47s
Oct 04 02:33:21 nimbus-eth1-mainnet-short-benchmark[578996]: INF 2026-10-04 02:33:21.404+00:00 Imported blocks                            blockNumber=20131073 slot=9336660 blocks=131072 txs=21214129 mgas=1983500 bps=35.87 tps=5590 mgps=544.0 avgBps=30.51 avgTps=4937 avgMGps=461.7 elapsed=1h11m36s
Oct 04 02:37:09 nimbus-eth1-mainnet-short-benchmark[578996]: INF 2026-10-04 02:37:09.769+00:00 Imported blocks                            blockNumber=20139265 slot=9344906 blocks=139264 txs=22579079 mgas=2107571 bps=35.87 tps=5976 mgps=543.3 avgBps=30.78 avgTps=4990 avgMGps=465.8 elapsed=1h15m24s
Oct 04 02:41:44 nimbus-eth1-mainnet-short-benchmark[578996]: INF 2026-10-04 02:41:44.757+00:00 Imported blocks                            blockNumber=20147457 slot=9353153 blocks=147456 txs=24133322 mgas=2231686 bps=29.79 tps=5652 mgps=451.3 avgBps=30.72 avgTps=5028 avgMGps=465.0 elapsed=1h19m59s
Oct 04 02:46:05 nimbus-eth1-mainnet-short-benchmark[578996]: INF 2026-10-04 02:46:05.005+00:00 Imported blocks                            blockNumber=20155649 slot=9361407 blocks=155648 txs=25424015 mgas=2356018 bps=31.48 tps=4959 mgps=477.7 avgBps=30.76 avgTps=5024 avgMGps=465.6 elapsed=1h24m19s
Oct 04 02:50:05 nimbus-eth1-mainnet-short-benchmark[578996]: INF 2026-10-04 02:50:05.906+00:00 Imported blocks                            blockNumber=20163841 slot=9369652 blocks=163840 txs=26749549 mgas=2480207 bps=34.01 tps=5502 mgps=515.5 avgBps=30.91 avgTps=5046 avgMGps=467.9 elapsed=1h28m20s
Oct 04 02:54:01 nimbus-eth1-mainnet-short-benchmark[578996]: INF 2026-10-04 02:54:01.026+00:00 Imported blocks                            blockNumber=20172033 slot=9377892 blocks=172032 txs=28105316 mgas=2604026 bps=34.84 tps=5766 mgps=526.6 avgBps=31.08 avgTps=5076 avgMGps=470.4 elapsed=1h32m15s
Oct 04 02:58:03 nimbus-eth1-mainnet-short-benchmark[578996]: INF 2026-10-04 02:58:03.527+00:00 Imported blocks                            blockNumber=20180225 slot=9386128 blocks=180224 txs=29524405 mgas=2728170 bps=33.78 tps=5851 mgps=511.9 avgBps=31.19 avgTps=5109 avgMGps=472.1 elapsed=1h36m18s
Oct 04 03:01:47 nimbus-eth1-mainnet-short-benchmark[578996]: INF 2026-10-04 03:01:47.072+00:00 Imported blocks                            blockNumber=20188417 slot=9394365 blocks=188416 txs=30849021 mgas=2852023 bps=36.65 tps=5925 mgps=554.0 avgBps=31.39 avgTps=5139 avgMGps=475.2 elapsed=1h40m2s
Oct 04 03:05:56 nimbus-eth1-mainnet-short-benchmark[578996]: INF 2026-10-04 03:05:56.608+00:00 Imported blocks                            blockNumber=20196609 slot=9402602 blocks=196608 txs=32174755 mgas=2976155 bps=32.83 tps=5312 mgps=497.4 avgBps=31.45 avgTps=5146 avgMGps=476.1 elapsed=1h44m11s
Oct 04 03:10:16 nimbus-eth1-mainnet-short-benchmark[578996]: INF 2026-10-04 03:10:16.361+00:00 Imported blocks                            blockNumber=20204801 slot=9410840 blocks=204800 txs=33475942 mgas=3100410 bps=31.54 tps=5009 mgps=478.4 avgBps=31.45 avgTps=5141 avgMGps=476.2 elapsed=1h48m31s
Oct 04 03:14:16 nimbus-eth1-mainnet-short-benchmark[578996]: INF 2026-10-04 03:14:16.473+00:00 Imported blocks                            blockNumber=20212993 slot=9419071 blocks=212992 txs=34798508 mgas=3224370 bps=34.12 tps=5508 mgps=516.3 avgBps=31.55 avgTps=5154 avgMGps=477.6 elapsed=1h52m31s
Oct 04 03:18:11 nimbus-eth1-mainnet-short-benchmark[578996]: INF 2026-10-04 03:18:11.814+00:00 Imported blocks                            blockNumber=20221185 slot=9427313 blocks=221184 txs=36114045 mgas=3348169 bps=34.81 tps=5589 mgps=526.0 avgBps=31.66 avgTps=5168 avgMGps=479.2 elapsed=1h56m26s
Oct 04 03:21:47 nimbus-eth1-mainnet-short-benchmark[578996]: INF 2026-10-04 03:21:47.835+00:00 Imported blocks                            blockNumber=20229377 slot=9435549 blocks=229376 txs=37421794 mgas=3472031 bps=37.92 tps=6053 mgps=573.4 avgBps=31.85 avgTps=5195 avgMGps=482.0 elapsed=2h2s798ms
Oct 04 03:25:34 nimbus-eth1-mainnet-short-benchmark[578996]: INF 2026-10-04 03:25:34.504+00:00 Imported blocks                            blockNumber=20237569 slot=9443788 blocks=237568 txs=38842064 mgas=3596351 bps=36.14 tps=6265 mgps=548.5 avgBps=31.98 avgTps=5228 avgMGps=484.1 elapsed=2h3m49s
Oct 04 03:29:38 nimbus-eth1-mainnet-short-benchmark[578996]: INF 2026-10-04 03:29:38.588+00:00 Imported blocks                            blockNumber=20245761 slot=9452021 blocks=245760 txs=40225739 mgas=3720100 bps=33.56 tps=5668 mgps=507.0 avgBps=32.03 avgTps=5242 avgMGps=484.8 elapsed=2h7m53s
Oct 04 03:33:57 nimbus-eth1-mainnet-short-benchmark[578996]: INF 2026-10-04 03:33:57.768+00:00 Imported blocks                            blockNumber=20253953 slot=9460253 blocks=253952 txs=41454921 mgas=3844385 bps=31.61 tps=4742 mgps=479.5 avgBps=32.01 avgTps=5225 avgMGps=484.6 elapsed=2h12m12s
Oct 04 03:38:05 nimbus-eth1-mainnet-short-benchmark[578996]: INF 2026-10-04 03:38:05.541+00:00 Imported blocks                            blockNumber=20262145 slot=9468495 blocks=262144 txs=42726051 mgas=3968623 bps=33.06 tps=5130 mgps=501.4 avgBps=32.04 avgTps=5222 avgMGps=485.1 elapsed=2h16m20s
Oct 04 03:41:57 nimbus-eth1-mainnet-short-benchmark[578996]: INF 2026-10-04 03:41:57.902+00:00 Imported blocks                            blockNumber=20270337 slot=9476748 blocks=270336 txs=44050436 mgas=4092682 bps=35.26 tps=5699 mgps=533.9 avgBps=32.13 avgTps=5236 avgMGps=486.5 elapsed=2h20m12s
Oct 04 03:45:34 nimbus-eth1-mainnet-short-benchmark[578996]: INF 2026-10-04 03:45:34.726+00:00 Imported blocks                            blockNumber=20278529 slot=9484981 blocks=278528 txs=45382368 mgas=4216487 bps=37.78 tps=6142 mgps=571.0 avgBps=32.28 avgTps=5258 avgMGps=488.6 elapsed=2h23m49s
Oct 04 03:49:14 nimbus-eth1-mainnet-short-benchmark[578996]: INF 2026-10-04 03:49:14.259+00:00 Imported blocks                            blockNumber=20286721 slot=9493213 blocks=286720 txs=46733429 mgas=4340363 bps=37.32 tps=6154 mgps=564.3 avgBps=32.40 avgTps=5281 avgMGps=490.5 elapsed=2h27m29s
Oct 04 03:53:15 nimbus-eth1-mainnet-short-benchmark[578996]: INF 2026-10-04 03:53:15.004+00:00 Imported blocks                            blockNumber=20294913 slot=9501453 blocks=294912 txs=48075887 mgas=4464376 bps=34.03 tps=5576 mgps=515.1 avgBps=32.44 avgTps=5288 avgMGps=491.1 elapsed=2h31m29s
Oct 04 03:57:10 nimbus-eth1-mainnet-short-benchmark[578996]: INF 2026-10-04 03:57:10.369+00:00 Imported blocks                            blockNumber=20303105 slot=9509696 blocks=303104 txs=49379538 mgas=4588534 bps=34.80 tps=5538 mgps=527.5 avgBps=32.50 avgTps=5295 avgMGps=492.1 elapsed=2h35m25s
Oct 04 04:01:00 nimbus-eth1-mainnet-short-benchmark[578996]: INF 2026-10-04 04:01:00.909+00:00 Imported blocks                            blockNumber=20311297 slot=9517922 blocks=311296 txs=50637672 mgas=4712596 bps=35.53 tps=5457 mgps=538.1 avgBps=32.58 avgTps=5299 avgMGps=493.2 elapsed=2h39m15s
Oct 04 04:04:40 nimbus-eth1-mainnet-short-benchmark[578996]: INF 2026-10-04 04:04:40.814+00:00 Imported blocks                            blockNumber=20319489 slot=9526159 blocks=319488 txs=51981692 mgas=4836521 bps=37.25 tps=6111 mgps=563.5 avgBps=32.68 avgTps=5317 avgMGps=494.7 elapsed=2h42m55s
Oct 04 04:08:02 nimbus-eth1-mainnet-short-benchmark[578996]: INF 2026-10-04 04:08:02.235+00:00 Imported blocks                            blockNumber=20327681 slot=9534381 blocks=327680 txs=53356123 mgas=4960245 bps=40.67 tps=6823 mgps=614.3 avgBps=32.84 avgTps=5347 avgMGps=497.2 elapsed=2h46m17s
Oct 04 04:11:23 nimbus-eth1-mainnet-short-benchmark[578996]: INF 2026-10-04 04:11:23.273+00:00 Imported blocks                            blockNumber=20335873 slot=9542617 blocks=335872 txs=54719105 mgas=5084025 bps=40.75 tps=6779 mgps=615.7 avgBps=33.00 avgTps=5376 avgMGps=499.5 elapsed=2h49m38s
Oct 04 04:15:03 nimbus-eth1-mainnet-short-benchmark[578996]: INF 2026-10-04 04:15:03.789+00:00 Imported blocks                            blockNumber=20344065 slot=9550841 blocks=344064 txs=56021853 mgas=5207843 bps=37.15 tps=5907 mgps=561.5 avgBps=33.09 avgTps=5387 avgMGps=500.8 elapsed=2h53m18s
Oct 04 04:19:15 nimbus-eth1-mainnet-short-benchmark[578996]: INF 2026-10-04 04:19:15.538+00:00 Imported blocks                            blockNumber=20352257 slot=9559072 blocks=352256 txs=57290408 mgas=5332016 bps=32.54 tps=5038 mgps=493.2 avgBps=33.07 avgTps=5379 avgMGps=500.6 elapsed=2h57m30s
Oct 04 04:23:05 nimbus-eth1-mainnet-short-benchmark[578996]: INF 2026-10-04 04:23:05.711+00:00 Imported blocks                            blockNumber=20360449 slot=9567308 blocks=360448 txs=58543463 mgas=5456201 bps=35.59 tps=5443 mgps=539.5 avgBps=33.13 avgTps=5380 avgMGps=501.5 elapsed=3h1m20s
Oct 04 04:26:47 nimbus-eth1-mainnet-short-benchmark[578996]: INF 2026-10-04 04:26:47.779+00:00 Imported blocks                            blockNumber=20368641 slot=9575548 blocks=368640 txs=59874056 mgas=5580204 bps=36.89 tps=5991 mgps=558.4 avgBps=33.20 avgTps=5392 avgMGps=502.6 elapsed=3h5m2s
Oct 04 04:30:40 nimbus-eth1-mainnet-short-benchmark[578996]: INF 2026-10-04 04:30:40.456+00:00 Imported blocks                            blockNumber=20376833 slot=9583774 blocks=376832 txs=61167066 mgas=5704396 bps=35.21 tps=5557 mgps=533.7 avgBps=33.24 avgTps=5396 avgMGps=503.2 elapsed=3h8m55s
Oct 04 04:34:24 nimbus-eth1-mainnet-short-benchmark[578996]: INF 2026-10-04 04:34:24.885+00:00 Imported blocks                            blockNumber=20385025 slot=9592009 blocks=385024 txs=62480333 mgas=5828235 bps=36.50 tps=5851 mgps=551.8 avgBps=33.31 avgTps=5404 avgMGps=504.2 elapsed=3h12m39s
Oct 04 04:38:10 nimbus-eth1-mainnet-short-benchmark[578996]: INF 2026-10-04 04:38:10.270+00:00 Imported blocks                            blockNumber=20393217 slot=9600248 blocks=393216 txs=63800597 mgas=5952136 bps=36.35 tps=5857 mgps=549.7 avgBps=33.37 avgTps=5413 avgMGps=505.1 elapsed=3h16m25s
Oct 04 04:41:49 nimbus-eth1-mainnet-short-benchmark[578996]: INF 2026-10-04 04:41:49.715+00:00 Imported blocks                            blockNumber=20401409 slot=9608486 blocks=401408 txs=65021243 mgas=6076384 bps=37.33 tps=5562 mgps=566.2 avgBps=33.44 avgTps=5416 avgMGps=506.2 elapsed=3h20m4s
Oct 04 04:45:42 nimbus-eth1-mainnet-short-benchmark[578996]: INF 2026-10-04 04:45:42.163+00:00 Imported blocks                            blockNumber=20409601 slot=9616707 blocks=409600 txs=66199016 mgas=6200666 bps=35.24 tps=5066 mgps=534.7 avgBps=33.47 avgTps=5409 avgMGps=506.7 elapsed=3h23m57s
Oct 04 04:49:26 nimbus-eth1-mainnet-short-benchmark[578996]: INF 2026-10-04 04:49:26.624+00:00 Imported blocks                            blockNumber=20417793 slot=9624941 blocks=417792 txs=67453930 mgas=6324823 bps=36.50 tps=5590 mgps=553.1 avgBps=33.53 avgTps=5412 avgMGps=507.5 elapsed=3h27m41s
Oct 04 04:52:42 nimbus-eth1-mainnet-short-benchmark[578996]: INF 2026-10-04 04:52:42.961+00:00 Imported blocks                            blockNumber=20425985 slot=9633187 blocks=425984 txs=68814904 mgas=6448778 bps=41.72 tps=6931 mgps=631.3 avgBps=33.65 avgTps=5436 avgMGps=509.5 elapsed=3h30m57s
Oct 04 04:55:59 nimbus-eth1-mainnet-short-benchmark[578996]: INF 2026-10-04 04:55:59.039+00:00 Imported blocks                            blockNumber=20434177 slot=9641422 blocks=434176 txs=70124508 mgas=6572711 bps=41.78 tps=6679 mgps=632.1 avgBps=33.78 avgTps=5455 avgMGps=511.3 elapsed=3h34m14s
Oct 04 04:59:26 nimbus-eth1-mainnet-short-benchmark[578996]: INF 2026-10-04 04:59:26.640+00:00 Imported blocks                            blockNumber=20442369 slot=9649657 blocks=442368 txs=71403576 mgas=6696451 bps=39.46 tps=6161 mgps=596.1 avgBps=33.87 avgTps=5466 avgMGps=512.7 elapsed=3h37m41s
Oct 04 05:03:15 nimbus-eth1-mainnet-short-benchmark[578996]: INF 2026-10-04 05:03:15.052+00:00 Imported blocks                            blockNumber=20450561 slot=9657896 blocks=450560 txs=72659905 mgas=6820521 bps=35.86 tps=5500 mgps=543.2 avgBps=33.90 avgTps=5467 avgMGps=513.2 elapsed=3h41m30s
Oct 04 05:07:26 nimbus-eth1-mainnet-short-benchmark[578996]: INF 2026-10-04 05:07:26.849+00:00 Imported blocks                            blockNumber=20458753 slot=9666114 blocks=458752 txs=73838533 mgas=6945116 bps=32.53 tps=4680 mgps=494.8 avgBps=33.88 avgTps=5452 avgMGps=512.9 elapsed=3h45m41s
Oct 04 05:11:09 nimbus-eth1-mainnet-short-benchmark[578996]: INF 2026-10-04 05:11:09.482+00:00 Imported blocks                            blockNumber=20466945 slot=9674343 blocks=466944 txs=75124748 mgas=7068943 bps=36.80 tps=5777 mgps=556.2 avgBps=33.92 avgTps=5457 avgMGps=513.6 elapsed=3h49m24s
Oct 04 05:14:52 nimbus-eth1-mainnet-short-benchmark[578996]: INF 2026-10-04 05:14:52.975+00:00 Imported blocks                            blockNumber=20475137 slot=9682575 blocks=475136 txs=76420106 mgas=7192870 bps=36.65 tps=5795 mgps=554.5 avgBps=33.97 avgTps=5463 avgMGps=514.2 elapsed=3h53m7s
Oct 04 05:18:25 nimbus-eth1-mainnet-short-benchmark[578996]: INF 2026-10-04 05:18:25.879+00:00 Imported blocks                            blockNumber=20483329 slot=9690800 blocks=483328 txs=77675422 mgas=7316939 bps=38.48 tps=5896 mgps=582.7 avgBps=34.04 avgTps=5469 avgMGps=515.2 elapsed=3h56m40s
Oct 04 05:21:55 nimbus-eth1-mainnet-short-benchmark[578996]: INF 2026-10-04 05:21:55.453+00:00 Imported blocks                            blockNumber=20491521 slot=9699019 blocks=491520 txs=78951232 mgas=7440784 bps=39.09 tps=6087 mgps=590.9 avgBps=34.11 avgTps=5478 avgMGps=516.3 elapsed=4h10s416ms
Oct 04 05:25:40 nimbus-eth1-mainnet-short-benchmark[578996]: INF 2026-10-04 05:25:40.893+00:00 Imported blocks                            blockNumber=20499713 slot=9707248 blocks=499712 txs=80189642 mgas=7564669 bps=36.34 tps=5493 mgps=549.5 avgBps=34.14 avgTps=5478 avgMGps=516.9 elapsed=4h3m55s
Oct 04 05:29:30 nimbus-eth1-mainnet-short-benchmark[578996]: INF 2026-10-04 05:29:30.922+00:00 Imported blocks                            blockNumber=20507905 slot=9715488 blocks=507904 txs=81317763 mgas=7689208 bps=35.61 tps=4904 mgps=541.4 avgBps=34.17 avgTps=5470 avgMGps=517.2 elapsed=4h7m45s
Oct 04 05:32:55 nimbus-eth1-mainnet-short-benchmark[578996]: INF 2026-10-04 05:32:55.127+00:00 Imported blocks                            blockNumber=20516097 slot=9723715 blocks=516096 txs=82520262 mgas=7813209 bps=40.12 tps=5888 mgps=607.2 avgBps=34.25 avgTps=5475 avgMGps=518.5 elapsed=4h11m10s
Oct 04 05:36:31 nimbus-eth1-mainnet-short-benchmark[578996]: INF 2026-10-04 05:36:31.996+00:00 Imported blocks                            blockNumber=20524289 slot=9731945 blocks=524288 txs=83780075 mgas=7937233 bps=37.77 tps=5809 mgps=571.9 avgBps=34.30 avgTps=5480 avgMGps=519.2 elapsed=4h14m46s
Oct 04 05:40:13 nimbus-eth1-mainnet-short-benchmark[578996]: INF 2026-10-04 05:40:13.461+00:00 Imported blocks                            blockNumber=20532481 slot=9740183 blocks=532480 txs=85263862 mgas=8061024 bps=36.99 tps=6699 mgps=558.9 avgBps=34.33 avgTps=5497 avgMGps=519.8 elapsed=4h18m28s
Oct 04 05:43:58 nimbus-eth1-mainnet-short-benchmark[578996]: INF 2026-10-04 05:43:58.918+00:00 Imported blocks                            blockNumber=20540673 slot=9748418 blocks=540672 txs=86612143 mgas=8185090 bps=36.34 tps=5980 mgps=550.3 avgBps=34.36 avgTps=5504 avgMGps=520.2 elapsed=4h22m13s
Oct 04 05:47:53 nimbus-eth1-mainnet-short-benchmark[578996]: INF 2026-10-04 05:47:53.442+00:00 Imported blocks                            blockNumber=20548865 slot=9756662 blocks=548864 txs=87802991 mgas=8309513 bps=34.93 tps=5077 mgps=530.5 avgBps=34.37 avgTps=5498 avgMGps=520.4 elapsed=4h26m8s
Oct 04 05:51:44 nimbus-eth1-mainnet-short-benchmark[578996]: INF 2026-10-04 05:51:44.787+00:00 Imported blocks                            blockNumber=20557057 slot=9764892 blocks=557056 txs=88964987 mgas=8433956 bps=35.41 tps=5022 mgps=537.9 avgBps=34.39 avgTps=5491 avgMGps=520.6 elapsed=4h29m59s
Oct 04 05:55:23 nimbus-eth1-mainnet-short-benchmark[578996]: INF 2026-10-04 05:55:23.712+00:00 Imported blocks                            blockNumber=20565249 slot=9773131 blocks=565248 txs=90186094 mgas=8558113 bps=37.42 tps=5577 mgps=567.1 avgBps=34.43 avgTps=5492 avgMGps=521.2 elapsed=4h33m38s
Oct 04 05:59:04 nimbus-eth1-mainnet-short-benchmark[578996]: INF 2026-10-04 05:59:04.001+00:00 Imported blocks                            blockNumber=20573441 slot=9781369 blocks=573440 txs=91404654 mgas=8682228 bps=37.19 tps=5531 mgps=563.4 avgBps=34.46 avgTps=5493 avgMGps=521.8 elapsed=4h37m18s
Oct 04 06:02:39 nimbus-eth1-mainnet-short-benchmark[578996]: INF 2026-10-04 06:02:39.334+00:00 Imported blocks                            blockNumber=20581633 slot=9789611 blocks=581632 txs=92628389 mgas=8806651 bps=38.04 tps=5683 mgps=577.8 avgBps=34.51 avgTps=5495 avgMGps=522.5 elapsed=4h40m54s
Oct 04 06:06:22 nimbus-eth1-mainnet-short-benchmark[578996]: INF 2026-10-04 06:06:22.271+00:00 Imported blocks                            blockNumber=20589825 slot=9797855 blocks=589824 txs=93887208 mgas=8931023 bps=36.75 tps=5646 mgps=557.9 avgBps=34.54 avgTps=5497 avgMGps=523.0 elapsed=4h44m37s
Oct 04 06:10:11 nimbus-eth1-mainnet-short-benchmark[578996]: INF 2026-10-04 06:10:11.679+00:00 Imported blocks                            blockNumber=20598017 slot=9806095 blocks=598016 txs=95163338 mgas=9055310 bps=35.71 tps=5562 mgps=541.8 avgBps=34.55 avgTps=5498 avgMGps=523.2 elapsed=4h48m26s
Oct 04 06:14:02 nimbus-eth1-mainnet-short-benchmark[578996]: INF 2026-10-04 06:14:02.284+00:00 Imported blocks                            blockNumber=20606209 slot=9814347 blocks=606208 txs=96334664 mgas=9179976 bps=35.52 tps=5079 mgps=540.6 avgBps=34.57 avgTps=5493 avgMGps=523.5 elapsed=4h52m17s
Oct 04 06:17:43 nimbus-eth1-mainnet-short-benchmark[578996]: INF 2026-10-04 06:17:43.621+00:00 Imported blocks                            blockNumber=20614401 slot=9822581 blocks=614400 txs=97573414 mgas=9304574 bps=37.01 tps=5596 mgps=562.9 avgBps=34.60 avgTps=5494 avgMGps=523.9 elapsed=4h55m58s
Oct 04 06:21:24 nimbus-eth1-mainnet-short-benchmark[578996]: INF 2026-10-04 06:21:24.546+00:00 Imported blocks                            blockNumber=20622593 slot=9830821 blocks=622592 txs=98874772 mgas=9428835 bps=37.08 tps=5890 mgps=562.5 avgBps=34.63 avgTps=5499 avgMGps=524.4 elapsed=4h59m39s
Oct 04 06:24:55 nimbus-eth1-mainnet-short-benchmark[578996]: INF 2026-10-04 06:24:55.879+00:00 Imported blocks                            blockNumber=20630785 slot=9839058 blocks=630784 txs=100178707 mgas=9553009 bps=38.76 tps=6170 mgps=587.6 avgBps=34.68 avgTps=5507 avgMGps=525.2 elapsed=5h3m10s
Oct 04 06:28:40 nimbus-eth1-mainnet-short-benchmark[578996]: INF 2026-10-04 06:28:40.340+00:00 Imported blocks                            blockNumber=20638977 slot=9847313 blocks=638976 txs=101489116 mgas=9677171 bps=36.50 tps=5838 mgps=553.2 avgBps=34.70 avgTps=5511 avgMGps=525.5 elapsed=5h6m55s
Oct 04 06:32:21 nimbus-eth1-mainnet-short-benchmark[578996]: INF 2026-10-04 06:32:21.089+00:00 Imported blocks                            blockNumber=20647169 slot=9855549 blocks=647168 txs=102730058 mgas=9801643 bps=37.11 tps=5621 mgps=563.9 avgBps=34.73 avgTps=5512 avgMGps=526.0 elapsed=5h10m36s
Oct 04 06:36:17 nimbus-eth1-mainnet-short-benchmark[578996]: INF 2026-10-04 06:36:17.793+00:00 Imported blocks                            blockNumber=20655361 slot=9863778 blocks=655360 txs=103868002 mgas=9926541 bps=34.61 tps=4807 mgps=527.7 avgBps=34.73 avgTps=5503 avgMGps=526.0 elapsed=5h14m32s
Oct 04 06:39:55 nimbus-eth1-mainnet-short-benchmark[578996]: INF 2026-10-04 06:39:55.162+00:00 Imported blocks                            blockNumber=20663553 slot=9872013 blocks=663552 txs=105112198 mgas=10051274 bps=37.69 tps=5723 mgps=573.8 avgBps=34.76 avgTps=5506 avgMGps=526.5 elapsed=5h18m10s
Oct 04 06:43:20 nimbus-eth1-mainnet-short-benchmark[578996]: INF 2026-10-04 06:43:20.527+00:00 Imported blocks                            blockNumber=20671745 slot=9880241 blocks=671744 txs=106395904 mgas=10175177 bps=39.89 tps=6250 mgps=603.3 avgBps=34.81 avgTps=5514 avgMGps=527.3 elapsed=5h21m35s
Oct 04 06:46:49 nimbus-eth1-mainnet-short-benchmark[578996]: INF 2026-10-04 06:46:49.724+00:00 Imported blocks                            blockNumber=20679937 slot=9888471 blocks=679936 txs=107674271 mgas=10299404 bps=39.16 tps=6110 mgps=593.8 avgBps=34.86 avgTps=5520 avgMGps=528.0 elapsed=5h25m4s
Oct 04 06:50:11 nimbus-eth1-mainnet-short-benchmark[578996]: INF 2026-10-04 06:50:11.149+00:00 Imported blocks                            blockNumber=20688129 slot=9896698 blocks=688128 txs=108938536 mgas=10423298 bps=40.67 tps=6276 mgps=615.1 avgBps=34.92 avgTps=5528 avgMGps=528.9 elapsed=5h28m26s
Oct 04 06:53:44 nimbus-eth1-mainnet-short-benchmark[578996]: INF 2026-10-04 06:53:44.602+00:00 Imported blocks                            blockNumber=20696321 slot=9904930 blocks=696320 txs=110235786 mgas=10547469 bps=38.38 tps=6077 mgps=581.7 avgBps=34.96 avgTps=5534 avgMGps=529.5 elapsed=5h31m59s
Oct 04 06:57:36 nimbus-eth1-mainnet-short-benchmark[578996]: INF 2026-10-04 06:57:36.691+00:00 Imported blocks                            blockNumber=20704513 slot=9913154 blocks=704512 txs=111483759 mgas=10671677 bps=35.30 tps=5377 mgps=535.2 avgBps=34.96 avgTps=5532 avgMGps=529.6 elapsed=5h35m51s
Oct 04 07:01:14 nimbus-eth1-mainnet-short-benchmark[578996]: INF 2026-10-04 07:01:14.500+00:00 Imported blocks                            blockNumber=20712705 slot=9921388 blocks=712704 txs=112764170 mgas=10795980 bps=37.61 tps=5878 mgps=570.7 avgBps=34.99 avgTps=5535 avgMGps=530.0 elapsed=5h39m29s
Oct 04 07:04:37 nimbus-eth1-mainnet-short-benchmark[578996]: INF 2026-10-04 07:04:37.885+00:00 Imported blocks                            blockNumber=20720897 slot=9929633 blocks=720896 txs=114110517 mgas=10919926 bps=40.28 tps=6619 mgps=609.4 avgBps=35.04 avgTps=5546 avgMGps=530.8 elapsed=5h42m52s
Oct 04 07:08:07 nimbus-eth1-mainnet-short-benchmark[578996]: INF 2026-10-04 07:08:07.402+00:00 Imported blocks                            blockNumber=20729089 slot=9937869 blocks=729088 txs=115449431 mgas=11043768 bps=39.10 tps=6390 mgps=591.1 avgBps=35.08 avgTps=5555 avgMGps=531.4 elapsed=5h46m22s
Oct 04 07:11:27 nimbus-eth1-mainnet-short-benchmark[578996]: INF 2026-10-04 07:11:27.135+00:00 Imported blocks                            blockNumber=20737281 slot=9946108 blocks=737280 txs=116784468 mgas=11167784 bps=41.02 tps=6684 mgps=620.9 avgBps=35.14 avgTps=5565 avgMGps=532.3 elapsed=5h49m42s
Oct 04 07:14:58 nimbus-eth1-mainnet-short-benchmark[578996]: INF 2026-10-04 07:14:58.712+00:00 Imported blocks                            blockNumber=20745473 slot=9954342 blocks=745472 txs=118101003 mgas=11291742 bps=38.72 tps=6222 mgps=585.9 avgBps=35.17 avgTps=5572 avgMGps=532.8 elapsed=5h53m13s
Oct 04 07:18:47 nimbus-eth1-mainnet-short-benchmark[578996]: INF 2026-10-04 07:18:47.769+00:00 Imported blocks                            blockNumber=20753665 slot=9962581 blocks=753664 txs=119337525 mgas=11415859 bps=35.76 tps=5398 mgps=541.9 avgBps=35.18 avgTps=5570 avgMGps=532.9 elapsed=5h57m2s
Oct 04 07:22:21 nimbus-eth1-mainnet-short-benchmark[578996]: INF 2026-10-04 07:22:21.538+00:00 Imported blocks                            blockNumber=20761857 slot=9970803 blocks=761856 txs=120564314 mgas=11540225 bps=38.32 tps=5738 mgps=581.8 avgBps=35.21 avgTps=5572 avgMGps=533.4 elapsed=6h36s500ms
Oct 04 07:25:43 nimbus-eth1-mainnet-short-benchmark[578996]: INF 2026-10-04 07:25:43.703+00:00 Imported blocks                            blockNumber=20770049 slot=9979058 blocks=770048 txs=121858083 mgas=11663918 bps=40.52 tps=6399 mgps=611.8 avgBps=35.26 avgTps=5579 avgMGps=534.1 elapsed=6h3m58s
Oct 04 07:28:58 nimbus-eth1-mainnet-short-benchmark[578996]: INF 2026-10-04 07:28:58.704+00:00 Imported blocks                            blockNumber=20778241 slot=9987307 blocks=778240 txs=123161734 mgas=11787906 bps=42.01 tps=6685 mgps=635.8 avgBps=35.32 avgTps=5589 avgMGps=535.0 elapsed=6h7m13s
Oct 04 07:32:07 nimbus-eth1-mainnet-short-benchmark[578996]: INF 2026-10-04 07:32:07.318+00:00 Imported blocks                            blockNumber=20786433 slot=9995542 blocks=786432 txs=124509456 mgas=11911612 bps=43.43 tps=7145 mgps=655.9 avgBps=35.39 avgTps=5602 avgMGps=536.0 elapsed=6h10m22s
Oct 04 07:35:22 nimbus-eth1-mainnet-short-benchmark[578996]: INF 2026-10-04 07:35:22.619+00:00 Imported blocks                            blockNumber=20794625 slot=10003781 blocks=794624 txs=125848921 mgas=12035338 bps=41.95 tps=6858 mgps=633.5 avgBps=35.45 avgTps=5613 avgMGps=536.9 elapsed=6h13m37s
Oct 04 07:38:44 nimbus-eth1-mainnet-short-benchmark[578996]: INF 2026-10-04 07:38:44.056+00:00 Imported blocks                            blockNumber=20802817 slot=10012028 blocks=802816 txs=127089868 mgas=12158989 bps=40.67 tps=6160 mgps=613.8 avgBps=35.49 avgTps=5618 avgMGps=537.6 elapsed=6h16m59s
Oct 04 07:42:13 nimbus-eth1-mainnet-short-benchmark[578996]: INF 2026-10-04 07:42:13.417+00:00 Imported blocks                            blockNumber=20811009 slot=10020249 blocks=811008 txs=128299762 mgas=12282850 bps=39.13 tps=5778 mgps=591.6 avgBps=35.53 avgTps=5620 avgMGps=538.1 elapsed=6h20m28s
Oct 04 07:45:28 nimbus-eth1-mainnet-short-benchmark[578996]: INF 2026-10-04 07:45:28.486+00:00 Imported blocks                            blockNumber=20819201 slot=10028481 blocks=819200 txs=129596319 mgas=12406594 bps=42.00 tps=6646 mgps=634.4 avgBps=35.58 avgTps=5628 avgMGps=538.9 elapsed=6h23m43s
Oct 04 07:48:42 nimbus-eth1-mainnet-short-benchmark[578996]: INF 2026-10-04 07:48:42.160+00:00 Imported blocks                            blockNumber=20827393 slot=10036710 blocks=827392 txs=130916729 mgas=12530249 bps=42.30 tps=6817 mgps=638.5 avgBps=35.64 avgTps=5638 avgMGps=539.7 elapsed=6h26m57s
Oct 04 07:51:57 nimbus-eth1-mainnet-short-benchmark[578996]: INF 2026-10-04 07:51:57.845+00:00 Imported blocks                            blockNumber=20835585 slot=10044938 blocks=835584 txs=132226625 mgas=12654070 bps=41.86 tps=6693 mgps=632.7 avgBps=35.69 avgTps=5647 avgMGps=540.5 elapsed=6h30m12s
Oct 04 07:55:24 nimbus-eth1-mainnet-short-benchmark[578996]: INF 2026-10-04 07:55:24.146+00:00 Imported blocks                            blockNumber=20843777 slot=10053164 blocks=843776 txs=133604192 mgas=12777730 bps=39.71 tps=6677 mgps=599.4 avgBps=35.72 avgTps=5656 avgMGps=541.0 elapsed=6h33m39s
Oct 04 07:59:21 nimbus-eth1-mainnet-short-benchmark[578996]: INF 2026-10-04 07:59:21.355+00:00 Imported blocks                            blockNumber=20851969 slot=10061391 blocks=851968 txs=134900706 mgas=12901664 bps=34.54 tps=5465 mgps=522.5 avgBps=35.71 avgTps=5654 avgMGps=540.8 elapsed=6h37m36s
Oct 04 08:03:02 nimbus-eth1-mainnet-short-benchmark[578996]: INF 2026-10-04 08:03:02.591+00:00 Imported blocks                            blockNumber=20860161 slot=10069622 blocks=860160 txs=136168750 mgas=13025603 bps=37.03 tps=5731 mgps=560.2 avgBps=35.72 avgTps=5655 avgMGps=541.0 elapsed=6h41m17s
Oct 04 08:06:41 nimbus-eth1-mainnet-short-benchmark[578996]: INF 2026-10-04 08:06:41.596+00:00 Imported blocks                            blockNumber=20868353 slot=10077838 blocks=868352 txs=137550724 mgas=13149742 bps=37.41 tps=6310 mgps=566.8 avgBps=35.74 avgTps=5661 avgMGps=541.2 elapsed=6h44m56s
Oct 04 08:10:17 nimbus-eth1-mainnet-short-benchmark[578996]: INF 2026-10-04 08:10:17.001+00:00 Imported blocks                            blockNumber=20876545 slot=10086066 blocks=876544 txs=138954673 mgas=13273457 bps=38.03 tps=6517 mgps=574.3 avgBps=35.76 avgTps=5668 avgMGps=541.5 elapsed=6h48m31s
Oct 04 08:13:47 nimbus-eth1-mainnet-short-benchmark[578996]: INF 2026-10-04 08:13:47.822+00:00 Imported blocks                            blockNumber=20884737 slot=10094286 blocks=884736 txs=140256178 mgas=13397479 bps=38.86 tps=6173 mgps=588.3 avgBps=35.79 avgTps=5673 avgMGps=541.9 elapsed=6h52m2s
Oct 04 08:17:11 nimbus-eth1-mainnet-short-benchmark[578996]: INF 2026-10-04 08:17:11.031+00:00 Imported blocks                            blockNumber=20892929 slot=10102512 blocks=892928 txs=141581868 mgas=13521575 bps=40.31 tps=6523 mgps=610.7 avgBps=35.82 avgTps=5680 avgMGps=542.5 elapsed=6h55m25s
Oct 04 08:20:36 nimbus-eth1-mainnet-short-benchmark[578996]: INF 2026-10-04 08:20:36.800+00:00 Imported blocks                            blockNumber=20901121 slot=10110732 blocks=901120 txs=142875889 mgas=13645572 bps=39.81 tps=6288 mgps=602.6 avgBps=35.86 avgTps=5685 avgMGps=543.0 elapsed=6h58m51s
Oct 04 08:24:01 nimbus-eth1-mainnet-short-benchmark[578996]: INF 2026-10-04 08:24:01.297+00:00 Imported blocks                            blockNumber=20909313 slot=10118953 blocks=909312 txs=144102308 mgas=13769390 bps=40.06 tps=5997 mgps=605.5 avgBps=35.89 avgTps=5687 avgMGps=543.5 elapsed=7h2m16s
Oct 04 08:27:21 nimbus-eth1-mainnet-short-benchmark[578996]: INF 2026-10-04 08:27:21.971+00:00 Imported blocks                            blockNumber=20917505 slot=10127176 blocks=917504 txs=145406349 mgas=13893087 bps=40.82 tps=6498 mgps=616.4 avgBps=35.93 avgTps=5693 avgMGps=544.0 elapsed=7h5m36s
Oct 04 08:30:33 nimbus-eth1-mainnet-short-benchmark[578996]: INF 2026-10-04 08:30:33.796+00:00 Imported blocks                            blockNumber=20925697 slot=10135394 blocks=925696 txs=146718394 mgas=14016820 bps=42.71 tps=6839 mgps=645.0 avgBps=35.98 avgTps=5702 avgMGps=544.8 elapsed=7h8m48s
Oct 04 08:33:59 nimbus-eth1-mainnet-short-benchmark[578996]: INF 2026-10-04 08:33:59.333+00:00 Imported blocks                            blockNumber=20933889 slot=10143614 blocks=933888 txs=148049109 mgas=14140625 bps=39.86 tps=6474 mgps=602.3 avgBps=36.01 avgTps=5708 avgMGps=545.2 elapsed=7h12m14s
Oct 04 08:37:17 nimbus-eth1-mainnet-short-benchmark[578996]: INF 2026-10-04 08:37:17.266+00:00 Imported blocks                            blockNumber=20942081 slot=10151840 blocks=942080 txs=149397364 mgas=14264352 bps=41.39 tps=6811 mgps=625.1 avgBps=36.05 avgTps=5716 avgMGps=545.9 elapsed=7h15m32s
Oct 04 08:40:39 nimbus-eth1-mainnet-short-benchmark[578996]: INF 2026-10-04 08:40:39.655+00:00 Imported blocks                            blockNumber=20950273 slot=10160098 blocks=950272 txs=150765507 mgas=14388237 bps=40.48 tps=6759 mgps=612.1 avgBps=36.08 avgTps=5724 avgMGps=546.4 elapsed=7h18m54s
Oct 04 08:44:18 nimbus-eth1-mainnet-short-benchmark[578996]: INF 2026-10-04 08:44:18.276+00:00 Imported blocks                            blockNumber=20958465 slot=10168363 blocks=958464 txs=152044771 mgas=14511987 bps=37.47 tps=5851 mgps=566.1 avgBps=36.10 avgTps=5726 avgMGps=546.5 elapsed=7h22m33s
Oct 04 08:47:48 nimbus-eth1-mainnet-short-benchmark[578996]: INF 2026-10-04 08:47:48.445+00:00 Imported blocks                            blockNumber=20966657 slot=10176609 blocks=966656 txs=153365296 mgas=14635804 bps=38.98 tps=6283 mgps=589.1 avgBps=36.12 avgTps=5730 avgMGps=546.9 elapsed=7h26m3s
Oct 04 08:51:15 nimbus-eth1-mainnet-short-benchmark[578996]: INF 2026-10-04 08:51:15.282+00:00 Imported blocks                            blockNumber=20974849 slot=10184849 blocks=974848 txs=154744917 mgas=14759580 bps=39.61 tps=6670 mgps=598.4 avgBps=36.15 avgTps=5737 avgMGps=547.3 elapsed=7h29m30s
Oct 04 08:54:48 nimbus-eth1-mainnet-short-benchmark[578996]: INF 2026-10-04 08:54:48.147+00:00 Imported blocks                            blockNumber=20983041 slot=10193086 blocks=983040 txs=156055229 mgas=14883451 bps=38.48 tps=6155 mgps=581.9 avgBps=36.16 avgTps=5740 avgMGps=547.5 elapsed=7h33m3s
Oct 04 08:57:57 nimbus-eth1-mainnet-short-benchmark[578996]: INF 2026-10-04 08:57:57.685+00:00 Imported blocks                            blockNumber=20991233 slot=10201319 blocks=991232 txs=157563202 mgas=15007557 bps=43.22 tps=7955 mgps=654.8 avgBps=36.21 avgTps=5756 avgMGps=548.3 elapsed=7h36m12s
Oct 04 09:01:36 nimbus-eth1-mainnet-short-benchmark[578996]: INF 2026-10-04 09:01:36.701+00:00 Imported blocks                            blockNumber=20999425 slot=10209549 blocks=999424 txs=159003277 mgas=15131383 bps=37.40 tps=6575 mgps=565.4 avgBps=36.22 avgTps=5762 avgMGps=548.4 elapsed=7h39m51s
Oct 04 09:01:52 nimbus-eth1-mainnet-short-benchmark[578996]: INF 2026-10-04 09:01:52.545+00:00 Imported blocks                            blockNumber=21000001 slot=10210128 blocks=1000000 txs=159109486 mgas=15140191 bps=36.35 tps=6702 mgps=555.8 avgBps=36.22 avgTps=5763 avgMGps=548.4 elapsed=7h40m7s
Oct 04 09:01:52 nimbus-eth1-mainnet-short-benchmark[578996]: NTC 2026-10-04 09:01:52.545+00:00 Import complete                            blockNumber=21000001 slot=10210128 blocks=1000000 txs=159109486 mgas=15140191
Oct 04 09:01:53 nimbus-eth1-mainnet-short-benchmark[549879]: <<< ending startNimbusWithImport (success)
Oct 04 09:01:53 nimbus-eth1-mainnet-short-benchmark[549879]: >>> starting moveBenchmarkingFileToRepo
Oct 04 09:01:53 nimbus-eth1-mainnet-short-benchmark[549879]: >>> copying debug-csv generated by nimbus to benchmarks repo
Oct 04 09:01:53 nimbus-eth1-mainnet-short-benchmark[549879]: <<< ending moveBenchmarkingFileToRepo (success)
Oct 04 09:01:53 nimbus-eth1-mainnet-short-benchmark[549879]: >>> starting generateBuildEnvironmentLogFile
Oct 04 09:02:02 nimbus-eth1-mainnet-short-benchmark[549879]: <<< ending generateBuildEnvironmentLogFile (success)
Oct 04 09:02:02 nimbus-eth1-mainnet-short-benchmark[549879]: >>> starting generateSystemdServiceLogs
