=== System Information Report ===
>>> Generated on: Tue Aug 25 09:31:05 PM UTC 2026
==========================
>>> CPU Architecture: x86_64
>>> CPU Byte Order: Little Endian
>>> CPU Cores: 16
>>> CPU Model: AMD Ryzen 7 PRO 8700GE w/ Radeon 780M Graphics
>>> CPU Cache Information:
L1d Cache: 256 KiB (8 instances)
L1i Cache: 256 KiB (8 instances)
L2 Cache: 8 MiB (8 instances)
L3 Cache: 16 MiB (1 instance)
>>> RAM Size: 61Gi
>>> Hard Disk Information:
/dev/md2 : 437G total, 199G free
/dev/md1 : 989M total, 690M free
/dev/nvme0n1p1 : 256M total, 256M free
/dev/nvme1n1 : 1.9T total, 486G free
==========================
=== Nimbus-ETH1 Benchmarking Report ===
>>> Total time spent in benchmarking (nanoseconds): 28363472874746
>>> Total time spent in benchmarking (human readable format): 7 hours 52 minutes 43 seconds
>>> Start block number is 20000001
>>> End block number is 21000001
==========================
=== Comparison of last two benchmarks ===
sort: write failed: 'standard output': Broken pipe
sort: write error
sort: write failed: 'standard output': Broken pipe
sort: write error
python /data/status-im/nimbus-eth1/scripts/block-import-stats.py /data/status-im/nimbus-eth1-benchmarks/short-benchmark/20260825T051801_490c7b3f/blocks-import-benchmark.csv /data/status-im/nimbus-eth1-benchmarks/short-benchmark/20260825T132546_a90ef467/blocks-import-benchmark.csv
blocks-import-benchmark.csv vs blocks-import-benchmark.csv
                      bps_x  bps_y     tps_x     tps_y   time_x   time_y    bpsd    tpsd   timed
block_number                                                                                    
(20000001, 20111112]  29.18  29.30  4,765.43  4,784.60  1h1m47s  1h1m31s   0.43%   0.43%  -0.42%
(20111112, 20222223]  32.87  32.83  5,376.24  5,369.59   58m19s   58m23s  -0.12%  -0.12%   0.12%
(20222223, 20333334]  34.55  34.56  5,599.81  5,603.00   51m35s   51m34s   0.06%   0.06%  -0.05%
(20333334, 20444445]  36.26  36.33  5,713.55  5,723.95   52m57s   52m51s   0.18%   0.18%  -0.17%
(20444445, 20555556]  35.74  35.79  5,508.18  5,515.88   49m46s   49m42s   0.14%   0.14%  -0.14%
(20555556, 20666667]  35.99  36.00  5,436.21  5,437.19    53m8s    53m7s   0.03%   0.03%  -0.02%
(20666667, 20777778]  37.69  37.69  5,930.09  5,931.23   47m11s   47m10s   0.02%   0.02%  -0.02%
(20777778, 20888889]  38.89  38.96  6,238.61  6,249.64   49m17s   49m13s   0.16%   0.16%  -0.16%
(20888889, 21000001]  38.97  38.97  6,425.37  6,424.87    49m7s    49m8s  -0.01%  -0.01%   0.01%

blocks: 991808, baseline: 7h53m12s, contender: 7h52m43s
Time (total): -28s, -0.10%

bpsd = blocks per sec diff (+), tpsd = txs per sec diff, timed = time to process diff (-)
+ = more is better, - = less is better
==========================
