Aug 25 13:25:32 nimbus-eth1-mainnet-short-benchmark[3778115]: >>> starting cloneOrFetchBenchmarksRepo
Aug 25 13:25:32 nimbus-eth1-mainnet-short-benchmark[3778115]: >>> Fetching latest changes for nimbus-eth1-benchmarks...
Aug 25 13:25:34 nimbus-eth1-mainnet-short-benchmark[3778175]: HEAD is now at fd0c42b chore: update short benchmark Readme
Aug 25 13:25:34 nimbus-eth1-mainnet-short-benchmark[3778115]: <<< ending cloneOrFetchBenchmarksRepo (success)
Aug 25 13:25:34 nimbus-eth1-mainnet-short-benchmark[3778115]: >>> starting cloneOrFetchNimbusRepo
Aug 25 13:25:43 nimbus-eth1-mainnet-short-benchmark[3778115]: >>> Fetching latest changes for nimbus-eth1...
Aug 25 13:25:45 nimbus-eth1-mainnet-short-benchmark[3778537]: From https://github.com/status-im/nimbus-eth1
Aug 25 13:25:45 nimbus-eth1-mainnet-short-benchmark[3778537]:    585d3c771..fd0ad03c9  master               -> origin/master
Aug 25 13:25:45 nimbus-eth1-mainnet-short-benchmark[3778537]:  * [new branch]          dependabot/submodules/vendor/nim-kzg4844-6e7f3a6 -> origin/dependabot/submodules/vendor/nim-kzg4844-6e7f3a6
Aug 25 13:25:45 nimbus-eth1-mainnet-short-benchmark[3778537]:    1fde8bba5..05c5e19bc  focil-devnet-0       -> origin/focil-devnet-0
Aug 25 13:25:45 nimbus-eth1-mainnet-short-benchmark[3778537]:    ed9be981e..152321369  glamsterdam-devnet-8 -> origin/glamsterdam-devnet-8
Aug 25 13:25:45 nimbus-eth1-mainnet-short-benchmark[3778537]:  * [new branch]          release-fix-1        -> origin/release-fix-1
Aug 25 13:25:45 nimbus-eth1-mainnet-short-benchmark[3778537]:  + b06e4758e...6746937f8 simulate-v1          -> origin/simulate-v1  (forced update)
Aug 25 13:25:45 nimbus-eth1-mainnet-short-benchmark[3778537]:    8483550b3..f04d87666  wasm-deploy          -> origin/wasm-deploy
Aug 25 13:25:45 nimbus-eth1-mainnet-short-benchmark[3778537]: Fetching submodule vendor/nim-kzg4844
Aug 25 13:25:46 nimbus-eth1-mainnet-short-benchmark[3778537]: From https://github.com/status-im/nim-kzg4844
Aug 25 13:25:46 nimbus-eth1-mainnet-short-benchmark[3778537]:    94fba95..6e7f3a6  master     -> origin/master
Aug 25 13:25:46 nimbus-eth1-mainnet-short-benchmark[3778537]:  * [new branch]      setup-lock -> origin/setup-lock
Aug 25 13:25:46 nimbus-eth1-mainnet-short-benchmark[3778555]: HEAD is now at fd0ad03c9 Top frame address collision must restore state gas to entry (#4681)
Aug 25 13:25:46 nimbus-eth1-mainnet-short-benchmark[3778115]: >>> Found last benchmarked commit: 490c7b3f
Aug 25 13:25:46 nimbus-eth1-mainnet-short-benchmark[3778115]: >>> Using next commit: a90ef46786a060134778025f1224a03c6ef7f85a
Aug 25 13:25:46 nimbus-eth1-mainnet-short-benchmark[3778571]: HEAD is now at a90ef4678 Dispose vmState instances after use (#4593)
Aug 25 13:25:46 nimbus-eth1-mainnet-short-benchmark[3778115]: >>> Current commit: a90ef4678
Aug 25 13:25:46 nimbus-eth1-mainnet-short-benchmark[3778115]: <<< ending cloneOrFetchNimbusRepo (success)
Aug 25 13:25:46 nimbus-eth1-mainnet-short-benchmark[3778115]: >>> starting buildBinaries
Aug 25 13:25:46 nimbus-eth1-mainnet-short-benchmark[3778115]: >>> Building binaries for commit a90ef467...
Aug 25 13:25:48 nimbus-eth1-mainnet-short-benchmark[3779777]: Submodule path 'vendor/nim-blscurve': checked out '9ffb9a61894792192a148c7a217d51183d0ed09c'
Aug 25 13:25:48 nimbus-eth1-mainnet-short-benchmark[3779840]: Submodule path 'vendor/nim-blscurve/vendor/blst': checked out '54e6e55674722fc2797ebb4bbb71b26d881eb4b8'
Aug 25 13:25:54 nimbus-eth1-mainnet-short-benchmark[3784054]: Building: Nim compiler
Aug 25 13:28:50 nimbus-eth1-mainnet-short-benchmark[3784054]: Building custom Nimble commit: 42ef70c2102a942c46f13eb76872326edd525cec
Aug 25 13:29:01 nimbus-eth1-mainnet-short-benchmark[3784054]: Building Nimble...
Aug 25 13:29:11 nimbus-eth1-mainnet-short-benchmark[3784054]: Replacing nimble binary...
Aug 25 13:29:18 nimbus-eth1-mainnet-short-benchmark[3800407]: cp: cannot stat '/data/status-im/nimbus-eth1/build/*': No such file or directory
Aug 25 13:29:18 nimbus-eth1-mainnet-short-benchmark[3800386]: ROCKSDB VERSION NOT FOUND
Aug 25 13:29:18 nimbus-eth1-mainnet-short-benchmark[3800538]: make[1]: Entering directory '/data/status-im/nimbus-eth1/vendor/nim-rocksdb/vendor/rocksdb'
Aug 25 13:29:18 nimbus-eth1-mainnet-short-benchmark[3800538]: $DEBUG_LEVEL is 0, $LIB_MODE is static
Aug 25 13:29:19 nimbus-eth1-mainnet-short-benchmark[3800538]: make[1]: Leaving directory '/data/status-im/nimbus-eth1/vendor/nim-rocksdb/vendor/rocksdb'
Aug 25 13:29:19 nimbus-eth1-mainnet-short-benchmark[3800983]: Cleaning up RocksDb build artifacts.
Aug 25 13:29:20 nimbus-eth1-mainnet-short-benchmark[3800411]: Building RocksDb static libraries.
Aug 25 13:32:33 nimbus-eth1-mainnet-short-benchmark[3804497]: Building: build/nimbus_execution_client
Aug 25 13:35:05 nimbus-eth1-mainnet-short-benchmark[3778115]: >>> renaming binaries to match commit they were built from
Aug 25 13:35:05 nimbus-eth1-mainnet-short-benchmark[3778115]: >>> creating a symbolic link to the latest version
Aug 25 13:35:05 nimbus-eth1-mainnet-short-benchmark[3778115]: >>> deleting copies that are older than N days
Aug 25 13:35:05 nimbus-eth1-mainnet-short-benchmark[3778115]: <<< ending buildBinaries (success)
Aug 25 13:35:05 nimbus-eth1-mainnet-short-benchmark[3778115]: >>> starting skipOrContinueBenchmark
Aug 25 13:35:05 nimbus-eth1-mainnet-short-benchmark[3778115]: <<< ending skipOrContinueBenchmark (success)
Aug 25 13:35:05 nimbus-eth1-mainnet-short-benchmark[3778115]: >>> starting copyTemplateDatabase
Aug 25 13:35:05 nimbus-eth1-mainnet-short-benchmark[3778115]: >>> Copying template db into nimbus data directory
Aug 25 13:38:18 nimbus-eth1-mainnet-short-benchmark[3778115]: >>> Template db copied
Aug 25 13:38:18 nimbus-eth1-mainnet-short-benchmark[3778115]: >>> making nimbus the owner of the copied files
Aug 25 13:38:18 nimbus-eth1-mainnet-short-benchmark[3778115]: <<< ending copyTemplateDatabase (success)
Aug 25 13:38:18 nimbus-eth1-mainnet-short-benchmark[3778115]: >>> starting startNimbusWithImport
Aug 25 13:38:18 nimbus-eth1-mainnet-short-benchmark[3810176]: INF 2026-08-25 13:38:18.775+00:00 Launching execution client                 version=v0.4.0-a90ef467 config="(configFile: none(InputFile), dataDirFlag: some(/data/status-im/nimbus-eth1/data/shared_mainnet_0), era1DirFlag: some(/data/era1), eraDirFlag: some(/data/era), ereDirFlag: none(OutDir), keyStoreDirFlag: none(OutDir), importKey: , trustedSetupFile: none(string), extraData: Nimbus/v0.4.0-a90ef467, gasLimit: none(uint64), maxBlobs: none(byte), network: [mainnet], logLevel: INFO, logFormat: auto, metricsEnabled: false, metricsPort: 9093, metricsAddress: 127.0.0.1, bootstrapNodes: [], elBootstrapNodes: [], bootstrapFile: , elBootstrapFile: , staticPeers: [], staticPeersFile: , reconnectMaxRetry: 0, reconnectInterval: 15, listenAddress: ::, tcpPort: 30303, udpPortFlag: none(Port), maxPeersOpt: none(int), elMaxPeersOpt: none(int), nat: (hasExtIp: false, nat: NatAny), discv5: true, netKey: random, agentString: Nimbus/v0.4.0-a90ef467/linux-amd64/Nim-2.2.10, numThreads: 0, persistBatchSize: 4, dynamicBatchSize: false, rocksdbMaxOpenFiles: 2048, rocksdbWriteBufferSize: 67108864, rocksdbRowCacheSize: 0, rocksdbBlockCacheSize: 2147483648, rocksdbBlockCacheType: hyperclock, rdbVtxCacheSize: 536870912, rdbKeyCacheSize: 1342177280, rdbBranchCacheSize: 1073741824, rdbPrintStats: false, rewriteDatadirId: true, aristoDbMaxSnapshots: 5, parallelStateRootComputation: false, parallelSenderRecovery: true, optimisticStatePrefetch: false, balStatePrefetch: false, balStatePrefetchWorkers: 0, balParallelExecution: false, eagerStateRootCheck: false, deserializeFcState: true, statelessProvider: false, statelessWitnessValidation: false, cmd: import, maxBlocks: 1000000, chunkSize: 8192, csvStats: some("/data/host-benchmarks/short/38e55c8d9daf4f168b6eabd1924f493a/blocks-import-benchmark.csv"), validation: false, fullValidation: false, storeBodies: false, storeReceipts: false, storeSlotHashes: false)"
Aug 25 13:38:18 nimbus-eth1-mainnet-short-benchmark[3810176]: WRN 2026-08-25 13:38:18.783+00:00 Data directory has insecure permissions. Correcting them. data_dir=/data/status-im/nimbus-eth1/data/shared_mainnet_0 current_permissions=0755 required_permissions=0700
Aug 25 13:38:20 nimbus-eth1-mainnet-short-benchmark[3810176]: INF 2026-08-25 13:38:20.615+00:00 Taskpool started                           numThreads=16
Aug 25 13:38:20 nimbus-eth1-mainnet-short-benchmark[3810176]: INF 2026-08-25 13:38:20.735+00:00 Writing data dir ID                        ID=0x0a036d6f6dfe59156bb6359f0243c93d5a421ed688de5aa85a62d15dca8dbd5c
Aug 25 13:38:20 nimbus-eth1-mainnet-short-benchmark[3810176]: INF 2026-08-25 13:38:20.759+00:00 Database initialized                       base="(0xd24fd73f794058a3807db926d8898c6481e902b7edb91ce0d479d6760f276183, 20000000)" finalized="(0xd24fd73f794058a3807db926d8898c6481e902b7edb91ce0d479d6760f276183, 20000000)" head="(0xd4e56740f876aef8c010b86a40d5f56745a118d0906a34e69aec8c0db1cb8fa3, 0)"
Aug 25 13:38:20 nimbus-eth1-mainnet-short-benchmark[3810176]: NTC 2026-08-25 13:38:20.759+00:00 Could not open ere database, falling back to era1/era import ereDir=/data/status-im/nimbus-eth1/data/shared_mainnet_0/ere networkName=mainnet error="No ere files found in /data/status-im/nimbus-eth1/data/shared_mainnet_0/ere"
Aug 25 13:38:20 nimbus-eth1-mainnet-short-benchmark[3810176]: NTC 2026-08-25 13:38:20.759+00:00 Importing era archive                      blockNumber=20000001 dataDir=/data/status-im/nimbus-eth1/data/shared_mainnet_0 eraDir=/data/era
Aug 25 13:38:22 nimbus-eth1-mainnet-short-benchmark[3810176]: NTC 2026-08-25 13:38:22.987+00:00 Matched block to slot number               blockNumber=20000001 slot=9204783
Aug 25 13:44:33 nimbus-eth1-mainnet-short-benchmark[3810176]: INF 2026-08-25 13:44:33.866+00:00 Imported blocks                            blockNumber=20008193 slot=9213020 blocks=8192 txs=1226966 mgas=124237 bps=21.96 tps=3288 mgps=333.0 avgBps=21.96 avgTps=3288 avgMGps=333.0 elapsed=6m13s110ms
Aug 25 13:50:08 nimbus-eth1-mainnet-short-benchmark[3810176]: INF 2026-08-25 13:50:08.421+00:00 Imported blocks                            blockNumber=20016385 slot=9221256 blocks=16384 txs=2540380 mgas=248071 bps=24.49 tps=3925 mgps=370.1 avgBps=23.15 avgTps=3589 avgMGps=350.5 elapsed=11m47s663ms
Aug 25 13:55:25 nimbus-eth1-mainnet-short-benchmark[3810176]: INF 2026-08-25 13:55:25.176+00:00 Imported blocks                            blockNumber=20024577 slot=9229485 blocks=24576 txs=3869398 mgas=372018 bps=25.86 tps=4195 mgps=391.3 avgBps=23.99 avgTps=3777 avgMGps=363.2 elapsed=17m4s421ms
Aug 25 14:00:11 nimbus-eth1-mainnet-short-benchmark[3810176]: INF 2026-08-25 14:00:11.080+00:00 Imported blocks                            blockNumber=20032769 slot=9237722 blocks=32768 txs=5222766 mgas=495797 bps=28.65 tps=4733 mgps=432.9 avgBps=25.01 avgTps=3985 avgMGps=378.4 elapsed=21m50s322ms
Aug 25 14:04:44 nimbus-eth1-mainnet-short-benchmark[3810176]: INF 2026-08-25 14:04:44.932+00:00 Imported blocks                            blockNumber=20040961 slot=9245957 blocks=40960 txs=6566802 mgas=619586 bps=29.91 tps=4907 mgps=452.0 avgBps=25.86 avgTps=4145 avgMGps=391.1 elapsed=26m24s174ms
Aug 25 14:09:40 nimbus-eth1-mainnet-short-benchmark[3810176]: INF 2026-08-25 14:09:40.504+00:00 Imported blocks                            blockNumber=20049153 slot=9254196 blocks=49152 txs=7904746 mgas=743522 bps=27.72 tps=4526 mgps=419.3 avgBps=26.15 avgTps=4205 avgMGps=395.5 elapsed=31m19s744ms
Aug 25 14:14:28 nimbus-eth1-mainnet-short-benchmark[3810176]: INF 2026-08-25 14:14:28.296+00:00 Imported blocks                            blockNumber=20057345 slot=9262435 blocks=57344 txs=9212009 mgas=867360 bps=28.47 tps=4542 mgps=430.3 avgBps=26.46 avgTps=4249 avgMGps=400.2 elapsed=36m7s535ms
Aug 25 14:18:54 nimbus-eth1-mainnet-short-benchmark[3810176]: INF 2026-08-25 14:18:54.916+00:00 Imported blocks                            blockNumber=20065537 slot=9270674 blocks=65536 txs=10559018 mgas=991371 bps=30.72 tps=5052 mgps=465.1 avgBps=26.92 avgTps=4337 avgMGps=407.3 elapsed=40m34s158ms
Aug 25 14:23:06 nimbus-eth1-mainnet-short-benchmark[3810176]: INF 2026-08-25 14:23:06.849+00:00 Imported blocks                            blockNumber=20073729 slot=9278910 blocks=73728 txs=11898676 mgas=1115111 bps=32.52 tps=5317 mgps=491.2 avgBps=27.45 avgTps=4429 avgMGps=415.1 elapsed=44m46s90ms
Aug 25 14:27:08 nimbus-eth1-mainnet-short-benchmark[3810176]: INF 2026-08-25 14:27:08.301+00:00 Imported blocks                            blockNumber=20081921 slot=9287152 blocks=81920 txs=13323263 mgas=1239150 bps=33.93 tps=5900 mgps=513.7 avgBps=27.98 avgTps=4551 avgMGps=423.3 elapsed=48m47s543ms
Aug 25 14:31:09 nimbus-eth1-mainnet-short-benchmark[3810176]: INF 2026-08-25 14:31:09.802+00:00 Imported blocks                            blockNumber=20090113 slot=9295408 blocks=90112 txs=14697082 mgas=1363113 bps=33.92 tps=5688 mgps=513.3 avgBps=28.44 avgTps=4637 avgMGps=430.1 elapsed=52m49s42ms
Aug 25 14:35:24 nimbus-eth1-mainnet-short-benchmark[3810176]: INF 2026-08-25 14:35:24.930+00:00 Imported blocks                            blockNumber=20098305 slot=9303658 blocks=98304 txs=16025683 mgas=1487146 bps=32.11 tps=5207 mgps=486.2 avgBps=28.71 avgTps=4680 avgMGps=434.3 elapsed=57m4s171ms
Aug 25 14:39:51 nimbus-eth1-mainnet-short-benchmark[3810176]: INF 2026-08-25 14:39:51.859+00:00 Imported blocks                            blockNumber=20106497 slot=9311895 blocks=106496 txs=17337157 mgas=1611066 bps=30.69 tps=4913 mgps=464.2 avgBps=28.85 avgTps=4697 avgMGps=436.5 elapsed=1h1m31s
Aug 25 14:44:04 nimbus-eth1-mainnet-short-benchmark[3810176]: INF 2026-08-25 14:44:04.747+00:00 Imported blocks                            blockNumber=20114689 slot=9320146 blocks=114688 txs=18632097 mgas=1735123 bps=32.39 tps=5120 mgps=490.6 avgBps=29.08 avgTps=4724 avgMGps=439.9 elapsed=1h5m43s
Aug 25 14:48:05 nimbus-eth1-mainnet-short-benchmark[3810176]: INF 2026-08-25 14:48:05.324+00:00 Imported blocks                            blockNumber=20122881 slot=9328409 blocks=122880 txs=19937418 mgas=1859249 bps=34.05 tps=5425 mgps=516.0 avgBps=29.37 avgTps=4764 avgMGps=444.3 elapsed=1h9m44s
Aug 25 14:52:02 nimbus-eth1-mainnet-short-benchmark[3810176]: INF 2026-08-25 14:52:02.468+00:00 Imported blocks                            blockNumber=20131073 slot=9336660 blocks=131072 txs=21214129 mgas=1983500 bps=34.54 tps=5383 mgps=523.9 avgBps=29.64 avgTps=4797 avgMGps=448.6 elapsed=1h13m41s
Aug 25 14:55:56 nimbus-eth1-mainnet-short-benchmark[3810176]: INF 2026-08-25 14:55:56.517+00:00 Imported blocks                            blockNumber=20139265 slot=9344906 blocks=139264 txs=22579079 mgas=2107571 bps=35.00 tps=5831 mgps=530.1 avgBps=29.91 avgTps=4849 avgMGps=452.7 elapsed=1h17m35s
Aug 25 15:00:34 nimbus-eth1-mainnet-short-benchmark[3810176]: INF 2026-08-25 15:00:34.865+00:00 Imported blocks                            blockNumber=20147457 slot=9353153 blocks=147456 txs=24133322 mgas=2231686 bps=29.43 tps=5583 mgps=445.9 avgBps=29.89 avgTps=4891 avgMGps=452.3 elapsed=1h22m14s
Aug 25 15:05:04 nimbus-eth1-mainnet-short-benchmark[3810176]: INF 2026-08-25 15:05:04.733+00:00 Imported blocks                            blockNumber=20155649 slot=9361407 blocks=155648 txs=25424015 mgas=2356018 bps=30.36 tps=4782 mgps=460.7 avgBps=29.91 avgTps=4885 avgMGps=452.7 elapsed=1h26m43s
Aug 25 15:09:13 nimbus-eth1-mainnet-short-benchmark[3810176]: INF 2026-08-25 15:09:13.466+00:00 Imported blocks                            blockNumber=20163841 slot=9369652 blocks=163840 txs=26749549 mgas=2480207 bps=32.94 tps=5329 mgps=499.3 avgBps=30.05 avgTps=4905 avgMGps=454.9 elapsed=1h30m52s
Aug 25 15:13:15 nimbus-eth1-mainnet-short-benchmark[3810176]: INF 2026-08-25 15:13:15.207+00:00 Imported blocks                            blockNumber=20172033 slot=9377892 blocks=172032 txs=28105316 mgas=2604026 bps=33.89 tps=5608 mgps=512.2 avgBps=30.21 avgTps=4935 avgMGps=457.3 elapsed=1h34m54s
Aug 25 15:17:24 nimbus-eth1-mainnet-short-benchmark[3810176]: INF 2026-08-25 15:17:24.063+00:00 Imported blocks                            blockNumber=20180225 slot=9386128 blocks=180224 txs=29524405 mgas=2728170 bps=32.92 tps=5702 mgps=498.9 avgBps=30.32 avgTps=4967 avgMGps=459.0 elapsed=1h39m3s
Aug 25 15:21:14 nimbus-eth1-mainnet-short-benchmark[3810176]: INF 2026-08-25 15:21:14.564+00:00 Imported blocks                            blockNumber=20188417 slot=9394365 blocks=188416 txs=30849021 mgas=2852023 bps=35.54 tps=5746 mgps=537.3 avgBps=30.52 avgTps=4996 avgMGps=462.0 elapsed=1h42m53s
Aug 25 15:25:30 nimbus-eth1-mainnet-short-benchmark[3810176]: INF 2026-08-25 15:25:30.348+00:00 Imported blocks                            blockNumber=20196609 slot=9402602 blocks=196608 txs=32174755 mgas=2976155 bps=32.03 tps=5183 mgps=485.3 avgBps=30.58 avgTps=5004 avgMGps=462.9 elapsed=1h47m9s
Aug 25 15:30:02 nimbus-eth1-mainnet-short-benchmark[3810176]: INF 2026-08-25 15:30:02.440+00:00 Imported blocks                            blockNumber=20204801 slot=9410840 blocks=204800 txs=33475942 mgas=3100410 bps=30.11 tps=4782 mgps=456.7 avgBps=30.56 avgTps=4995 avgMGps=462.6 elapsed=1h51m41s
Aug 25 15:34:09 nimbus-eth1-mainnet-short-benchmark[3810176]: INF 2026-08-25 15:34:09.849+00:00 Imported blocks                            blockNumber=20212993 slot=9419071 blocks=212992 txs=34798508 mgas=3224370 bps=33.11 tps=5345 mgps=501.0 avgBps=30.65 avgTps=5007 avgMGps=464.0 elapsed=1h55m49s
Aug 25 15:38:15 nimbus-eth1-mainnet-short-benchmark[3810176]: INF 2026-08-25 15:38:15.825+00:00 Imported blocks                            blockNumber=20221185 slot=9427313 blocks=221184 txs=36114045 mgas=3348169 bps=33.30 tps=5348 mgps=503.3 avgBps=30.74 avgTps=5019 avgMGps=465.3 elapsed=1h59m55s
Aug 25 15:42:00 nimbus-eth1-mainnet-short-benchmark[3810176]: INF 2026-08-25 15:42:00.814+00:00 Imported blocks                            blockNumber=20229377 slot=9435549 blocks=229376 txs=37421794 mgas=3472031 bps=36.41 tps=5812 mgps=550.5 avgBps=30.91 avgTps=5043 avgMGps=467.9 elapsed=2h3m40s
Aug 25 15:45:54 nimbus-eth1-mainnet-short-benchmark[3810176]: INF 2026-08-25 15:45:54.259+00:00 Imported blocks                            blockNumber=20237569 slot=9443788 blocks=237568 txs=38842064 mgas=3596351 bps=35.09 tps=6084 mgps=532.6 avgBps=31.04 avgTps=5075 avgMGps=469.9 elapsed=2h7m33s
Aug 25 15:50:06 nimbus-eth1-mainnet-short-benchmark[3810176]: INF 2026-08-25 15:50:06.283+00:00 Imported blocks                            blockNumber=20245761 slot=9452021 blocks=245760 txs=40225739 mgas=3720100 bps=32.50 tps=5490 mgps=491.0 avgBps=31.09 avgTps=5088 avgMGps=470.6 elapsed=2h11m45s
Aug 25 15:54:36 nimbus-eth1-mainnet-short-benchmark[3810176]: INF 2026-08-25 15:54:36.903+00:00 Imported blocks                            blockNumber=20253953 slot=9460253 blocks=253952 txs=41454921 mgas=3844385 bps=30.27 tps=4542 mgps=459.3 avgBps=31.06 avgTps=5070 avgMGps=470.2 elapsed=2h16m16s
Aug 25 15:58:51 nimbus-eth1-mainnet-short-benchmark[3810176]: INF 2026-08-25 15:58:51.440+00:00 Imported blocks                            blockNumber=20262145 slot=9468495 blocks=262144 txs=42726051 mgas=3968623 bps=32.18 tps=4993 mgps=488.1 avgBps=31.09 avgTps=5067 avgMGps=470.7 elapsed=2h20m30s
Aug 25 16:02:49 nimbus-eth1-mainnet-short-benchmark[3810176]: INF 2026-08-25 16:02:49.396+00:00 Imported blocks                            blockNumber=20270337 slot=9476748 blocks=270336 txs=44050436 mgas=4092682 bps=34.43 tps=5565 mgps=521.4 avgBps=31.19 avgTps=5081 avgMGps=472.1 elapsed=2h24m28s
Aug 25 16:06:31 nimbus-eth1-mainnet-short-benchmark[3810176]: INF 2026-08-25 16:06:31.253+00:00 Imported blocks                            blockNumber=20278529 slot=9484981 blocks=278528 txs=45382368 mgas=4216487 bps=36.92 tps=6003 mgps=558.0 avgBps=31.33 avgTps=5104 avgMGps=474.3 elapsed=2h28m10s
Aug 25 16:10:20 nimbus-eth1-mainnet-short-benchmark[3810176]: INF 2026-08-25 16:10:20.018+00:00 Imported blocks                            blockNumber=20286721 slot=9493213 blocks=286720 txs=46733429 mgas=4340363 bps=35.81 tps=5905 mgps=541.5 avgBps=31.44 avgTps=5124 avgMGps=476.0 elapsed=2h31m59s
Aug 25 16:14:28 nimbus-eth1-mainnet-short-benchmark[3810176]: INF 2026-08-25 16:14:28.170+00:00 Imported blocks                            blockNumber=20294913 slot=9501453 blocks=294912 txs=48075887 mgas=4464376 bps=33.01 tps=5409 mgps=499.7 avgBps=31.48 avgTps=5132 avgMGps=476.6 elapsed=2h36m7s
Aug 25 16:18:34 nimbus-eth1-mainnet-short-benchmark[3810176]: INF 2026-08-25 16:18:34.379+00:00 Imported blocks                            blockNumber=20303105 slot=9509696 blocks=303104 txs=49379538 mgas=4588534 bps=33.27 tps=5294 mgps=504.3 avgBps=31.53 avgTps=5136 avgMGps=477.3 elapsed=2h40m13s
Aug 25 16:22:31 nimbus-eth1-mainnet-short-benchmark[3810176]: INF 2026-08-25 16:22:31.847+00:00 Imported blocks                            blockNumber=20311297 slot=9517922 blocks=311296 txs=50637672 mgas=4712596 bps=34.50 tps=5298 mgps=522.4 avgBps=31.60 avgTps=5140 avgMGps=478.4 elapsed=2h44m11s
Aug 25 16:26:20 nimbus-eth1-mainnet-short-benchmark[3810176]: INF 2026-08-25 16:26:20.488+00:00 Imported blocks                            blockNumber=20319489 slot=9526159 blocks=319488 txs=51981692 mgas=4836521 bps=35.83 tps=5878 mgps=542.0 avgBps=31.70 avgTps=5157 avgMGps=479.8 elapsed=2h47m59s
Aug 25 16:29:50 nimbus-eth1-mainnet-short-benchmark[3810176]: INF 2026-08-25 16:29:50.001+00:00 Imported blocks                            blockNumber=20327681 slot=9534381 blocks=327680 txs=53356123 mgas=4960245 bps=39.10 tps=6560 mgps=590.5 avgBps=31.85 avgTps=5185 avgMGps=482.1 elapsed=2h51m29s
Aug 25 16:33:17 nimbus-eth1-mainnet-short-benchmark[3810176]: INF 2026-08-25 16:33:17.722+00:00 Imported blocks                            blockNumber=20335873 slot=9542617 blocks=335872 txs=54719105 mgas=5084025 bps=39.44 tps=6561 mgps=595.9 avgBps=32.00 avgTps=5212 avgMGps=484.3 elapsed=2h54m56s
Aug 25 16:37:04 nimbus-eth1-mainnet-short-benchmark[3810176]: INF 2026-08-25 16:37:04.923+00:00 Imported blocks                            blockNumber=20344065 slot=9550841 blocks=344064 txs=56021853 mgas=5207843 bps=36.06 tps=5733 mgps=545.0 avgBps=32.08 avgTps=5223 avgMGps=485.6 elapsed=2h58m44s
Aug 25 16:41:25 nimbus-eth1-mainnet-short-benchmark[3810176]: INF 2026-08-25 16:41:25.575+00:00 Imported blocks                            blockNumber=20352257 slot=9559072 blocks=352256 txs=57290408 mgas=5332016 bps=31.43 tps=4866 mgps=476.4 avgBps=32.07 avgTps=5215 avgMGps=485.4 elapsed=3h3m4s
Aug 25 16:45:22 nimbus-eth1-mainnet-short-benchmark[3810176]: INF 2026-08-25 16:45:22.644+00:00 Imported blocks                            blockNumber=20360449 slot=9567308 blocks=360448 txs=58543463 mgas=5456201 bps=34.56 tps=5285 mgps=523.8 avgBps=32.12 avgTps=5216 avgMGps=486.2 elapsed=3h7m1s
Aug 25 16:49:10 nimbus-eth1-mainnet-short-benchmark[3810176]: INF 2026-08-25 16:49:10.029+00:00 Imported blocks                            blockNumber=20368641 slot=9575548 blocks=368640 txs=59874056 mgas=5580204 bps=36.03 tps=5851 mgps=545.3 avgBps=32.20 avgTps=5229 avgMGps=487.4 elapsed=3h10m49s
Aug 25 16:53:07 nimbus-eth1-mainnet-short-benchmark[3810176]: INF 2026-08-25 16:53:07.029+00:00 Imported blocks                            blockNumber=20376833 slot=9583774 blocks=376832 txs=61167066 mgas=5704396 bps=34.56 tps=5455 mgps=524.0 avgBps=32.25 avgTps=5234 avgMGps=488.1 elapsed=3h14m46s
Aug 25 16:57:01 nimbus-eth1-mainnet-short-benchmark[3810176]: INF 2026-08-25 16:57:01.518+00:00 Imported blocks                            blockNumber=20385025 slot=9592009 blocks=385024 txs=62480333 mgas=5828235 bps=34.94 tps=5600 mgps=528.1 avgBps=32.30 avgTps=5241 avgMGps=488.9 elapsed=3h18m40s
Aug 25 17:00:53 nimbus-eth1-mainnet-short-benchmark[3810176]: INF 2026-08-25 17:00:53.882+00:00 Imported blocks                            blockNumber=20393217 slot=9600248 blocks=393216 txs=63800597 mgas=5952136 bps=35.25 tps=5681 mgps=533.2 avgBps=32.36 avgTps=5249 avgMGps=489.8 elapsed=3h22m33s
Aug 25 17:04:37 nimbus-eth1-mainnet-short-benchmark[3810176]: INF 2026-08-25 17:04:37.335+00:00 Imported blocks                            blockNumber=20401409 slot=9608486 blocks=401408 txs=65021243 mgas=6076384 bps=36.66 tps=5462 mgps=556.0 avgBps=32.43 avgTps=5253 avgMGps=491.0 elapsed=3h26m16s
Aug 25 17:08:34 nimbus-eth1-mainnet-short-benchmark[3810176]: INF 2026-08-25 17:08:34.744+00:00 Imported blocks                            blockNumber=20409601 slot=9616707 blocks=409600 txs=66199016 mgas=6200666 bps=34.51 tps=4960 mgps=523.5 avgBps=32.47 avgTps=5248 avgMGps=491.6 elapsed=3h30m13s
Aug 25 17:12:25 nimbus-eth1-mainnet-short-benchmark[3810176]: INF 2026-08-25 17:12:25.169+00:00 Imported blocks                            blockNumber=20417793 slot=9624941 blocks=417792 txs=67453930 mgas=6324823 bps=35.55 tps=5445 mgps=538.8 avgBps=32.53 avgTps=5251 avgMGps=492.4 elapsed=3h34m4s
Aug 25 17:15:47 nimbus-eth1-mainnet-short-benchmark[3810176]: INF 2026-08-25 17:15:47.594+00:00 Imported blocks                            blockNumber=20425985 slot=9633187 blocks=425984 txs=68814904 mgas=6448778 bps=40.47 tps=6723 mgps=612.4 avgBps=32.65 avgTps=5274 avgMGps=494.3 elapsed=3h37m26s
Aug 25 17:19:09 nimbus-eth1-mainnet-short-benchmark[3810176]: INF 2026-08-25 17:19:09.903+00:00 Imported blocks                            blockNumber=20434177 slot=9641422 blocks=434176 txs=70124508 mgas=6572711 bps=40.49 tps=6473 mgps=612.6 avgBps=32.77 avgTps=5292 avgMGps=496.1 elapsed=3h40m49s
Aug 25 17:22:41 nimbus-eth1-mainnet-short-benchmark[3810176]: INF 2026-08-25 17:22:41.988+00:00 Imported blocks                            blockNumber=20442369 slot=9649657 blocks=442368 txs=71403576 mgas=6696451 bps=38.63 tps=6030 mgps=583.4 avgBps=32.86 avgTps=5304 avgMGps=497.5 elapsed=3h44m21s
Aug 25 17:26:34 nimbus-eth1-mainnet-short-benchmark[3810176]: INF 2026-08-25 17:26:34.948+00:00 Imported blocks                            blockNumber=20450561 slot=9657896 blocks=450560 txs=72659905 mgas=6820521 bps=35.16 tps=5392 mgps=532.6 avgBps=32.90 avgTps=5305 avgMGps=498.1 elapsed=3h48m14s
Aug 25 17:30:48 nimbus-eth1-mainnet-short-benchmark[3810176]: INF 2026-08-25 17:30:48.289+00:00 Imported blocks                            blockNumber=20458753 slot=9666114 blocks=458752 txs=73838533 mgas=6945116 bps=32.34 tps=4652 mgps=491.8 avgBps=32.89 avgTps=5294 avgMGps=497.9 elapsed=3h52m27s
Aug 25 17:34:39 nimbus-eth1-mainnet-short-benchmark[3810176]: INF 2026-08-25 17:34:39.102+00:00 Imported blocks                            blockNumber=20466945 slot=9674343 blocks=466944 txs=75124748 mgas=7068943 bps=35.49 tps=5572 mgps=536.5 avgBps=32.93 avgTps=5298 avgMGps=498.6 elapsed=3h56m18s
Aug 25 17:38:28 nimbus-eth1-mainnet-short-benchmark[3810176]: INF 2026-08-25 17:38:28.382+00:00 Imported blocks                            blockNumber=20475137 slot=9682575 blocks=475136 txs=76420106 mgas=7192870 bps=35.73 tps=5649 mgps=540.5 avgBps=32.98 avgTps=5304 avgMGps=499.2 elapsed=4h7s625ms
Aug 25 17:42:06 nimbus-eth1-mainnet-short-benchmark[3810176]: INF 2026-08-25 17:42:06.691+00:00 Imported blocks                            blockNumber=20483329 slot=9690800 blocks=483328 txs=77675422 mgas=7316939 bps=37.53 tps=5750 mgps=568.3 avgBps=33.05 avgTps=5310 avgMGps=500.3 elapsed=4h3m45s
Aug 25 17:45:42 nimbus-eth1-mainnet-short-benchmark[3810176]: INF 2026-08-25 17:45:42.612+00:00 Imported blocks                            blockNumber=20491521 slot=9699019 blocks=491520 txs=78951232 mgas=7440784 bps=37.94 tps=5908 mgps=573.6 avgBps=33.12 avgTps=5319 avgMGps=501.3 elapsed=4h7m21s
Aug 25 17:49:33 nimbus-eth1-mainnet-short-benchmark[3810176]: INF 2026-08-25 17:49:33.749+00:00 Imported blocks                            blockNumber=20499713 slot=9707248 blocks=499712 txs=80189642 mgas=7564669 bps=35.44 tps=5357 mgps=536.0 avgBps=33.15 avgTps=5320 avgMGps=501.9 elapsed=4h11m12s
Aug 25 17:53:30 nimbus-eth1-mainnet-short-benchmark[3810176]: INF 2026-08-25 17:53:30.709+00:00 Imported blocks                            blockNumber=20507905 slot=9715488 blocks=507904 txs=81317763 mgas=7689208 bps=34.57 tps=4760 mgps=525.6 avgBps=33.17 avgTps=5311 avgMGps=502.2 elapsed=4h15m9s
Aug 25 17:57:01 nimbus-eth1-mainnet-short-benchmark[3810176]: INF 2026-08-25 17:57:01.650+00:00 Imported blocks                            blockNumber=20516097 slot=9723715 blocks=516096 txs=82520262 mgas=7813209 bps=38.84 tps=5700 mgps=587.8 avgBps=33.25 avgTps=5316 avgMGps=503.4 elapsed=4h18m40s
Aug 25 18:00:46 nimbus-eth1-mainnet-short-benchmark[3810176]: INF 2026-08-25 18:00:46.215+00:00 Imported blocks                            blockNumber=20524289 slot=9731945 blocks=524288 txs=83780075 mgas=7937233 bps=36.48 tps=5610 mgps=552.3 avgBps=33.30 avgTps=5320 avgMGps=504.1 elapsed=4h22m25s
Aug 25 18:04:31 nimbus-eth1-mainnet-short-benchmark[3810176]: INF 2026-08-25 18:04:31.448+00:00 Imported blocks                            blockNumber=20532481 slot=9740183 blocks=532480 txs=85263862 mgas=8061024 bps=36.37 tps=6587 mgps=549.6 avgBps=33.34 avgTps=5338 avgMGps=504.7 elapsed=4h26m10s
Aug 25 18:08:23 nimbus-eth1-mainnet-short-benchmark[3810176]: INF 2026-08-25 18:08:23.081+00:00 Imported blocks                            blockNumber=20540673 slot=9748418 blocks=540672 txs=86612143 mgas=8185090 bps=35.37 tps=5820 mgps=535.6 avgBps=33.37 avgTps=5345 avgMGps=505.2 elapsed=4h30m2s
Aug 25 18:12:24 nimbus-eth1-mainnet-short-benchmark[3810176]: INF 2026-08-25 18:12:24.029+00:00 Imported blocks                            blockNumber=20548865 slot=9756662 blocks=548864 txs=87802991 mgas=8309513 bps=34.00 tps=4942 mgps=516.4 avgBps=33.38 avgTps=5339 avgMGps=505.3 elapsed=4h34m3s
Aug 25 18:16:21 nimbus-eth1-mainnet-short-benchmark[3810176]: INF 2026-08-25 18:16:21.678+00:00 Imported blocks                            blockNumber=20557057 slot=9764892 blocks=557056 txs=88964987 mgas=8433956 bps=34.47 tps=4889 mgps=523.6 avgBps=33.39 avgTps=5333 avgMGps=505.6 elapsed=4h38m918ms
Aug 25 18:20:07 nimbus-eth1-mainnet-short-benchmark[3810176]: INF 2026-08-25 18:20:07.159+00:00 Imported blocks                            blockNumber=20565249 slot=9773131 blocks=565248 txs=90186094 mgas=8558113 bps=36.33 tps=5415 mgps=550.6 avgBps=33.43 avgTps=5334 avgMGps=506.2 elapsed=4h41m46s
Aug 25 18:23:53 nimbus-eth1-mainnet-short-benchmark[3810176]: INF 2026-08-25 18:23:53.768+00:00 Imported blocks                            blockNumber=20573441 slot=9781369 blocks=573440 txs=91404654 mgas=8682228 bps=36.15 tps=5377 mgps=547.7 avgBps=33.47 avgTps=5335 avgMGps=506.8 elapsed=4h45m33s
Aug 25 18:27:36 nimbus-eth1-mainnet-short-benchmark[3810176]: INF 2026-08-25 18:27:36.056+00:00 Imported blocks                            blockNumber=20581633 slot=9789611 blocks=581632 txs=92628389 mgas=8806651 bps=36.85 tps=5505 mgps=559.7 avgBps=33.51 avgTps=5337 avgMGps=507.4 elapsed=4h49m15s
Aug 25 18:31:26 nimbus-eth1-mainnet-short-benchmark[3810176]: INF 2026-08-25 18:31:26.181+00:00 Imported blocks                            blockNumber=20589825 slot=9797855 blocks=589824 txs=93887208 mgas=8931023 bps=35.60 tps=5470 mgps=540.4 avgBps=33.54 avgTps=5338 avgMGps=507.9 elapsed=4h53m5s
Aug 25 18:35:18 nimbus-eth1-mainnet-short-benchmark[3810176]: INF 2026-08-25 18:35:18.578+00:00 Imported blocks                            blockNumber=20598017 slot=9806095 blocks=598016 txs=95163338 mgas=9055310 bps=35.25 tps=5491 mgps=534.8 avgBps=33.56 avgTps=5340 avgMGps=508.2 elapsed=4h56m57s
Aug 25 18:39:11 nimbus-eth1-mainnet-short-benchmark[3810176]: INF 2026-08-25 18:39:11.330+00:00 Imported blocks                            blockNumber=20606209 slot=9814347 blocks=606208 txs=96334664 mgas=9179976 bps=35.20 tps=5032 mgps=535.6 avgBps=33.58 avgTps=5336 avgMGps=508.6 elapsed=5h50s572ms
Aug 25 18:42:56 nimbus-eth1-mainnet-short-benchmark[3810176]: INF 2026-08-25 18:42:56.371+00:00 Imported blocks                            blockNumber=20614401 slot=9822581 blocks=614400 txs=97573414 mgas=9304574 bps=36.40 tps=5504 mgps=553.7 avgBps=33.62 avgTps=5338 avgMGps=509.1 elapsed=5h4m35s
Aug 25 18:46:42 nimbus-eth1-mainnet-short-benchmark[3810176]: INF 2026-08-25 18:46:42.744+00:00 Imported blocks                            blockNumber=20622593 slot=9830821 blocks=622592 txs=98874772 mgas=9428835 bps=36.19 tps=5748 mgps=548.9 avgBps=33.65 avgTps=5344 avgMGps=509.6 elapsed=5h8m21s
Aug 25 18:50:21 nimbus-eth1-mainnet-short-benchmark[3810176]: INF 2026-08-25 18:50:21.469+00:00 Imported blocks                            blockNumber=20630785 slot=9839058 blocks=630784 txs=100178707 mgas=9553009 bps=37.45 tps=5961 mgps=567.7 avgBps=33.69 avgTps=5351 avgMGps=510.3 elapsed=5h12m713ms
Aug 25 18:54:07 nimbus-eth1-mainnet-short-benchmark[3810176]: INF 2026-08-25 18:54:07.782+00:00 Imported blocks                            blockNumber=20638977 slot=9847313 blocks=638976 txs=101489116 mgas=9677171 bps=36.20 tps=5790 mgps=548.6 avgBps=33.72 avgTps=5356 avgMGps=510.7 elapsed=5h15m47s
Aug 25 18:57:51 nimbus-eth1-mainnet-short-benchmark[3810176]: INF 2026-08-25 18:57:51.730+00:00 Imported blocks                            blockNumber=20647169 slot=9855549 blocks=647168 txs=102730058 mgas=9801643 bps=36.58 tps=5541 mgps=555.8 avgBps=33.76 avgTps=5358 avgMGps=511.3 elapsed=5h19m30s
Aug 25 19:01:50 nimbus-eth1-mainnet-short-benchmark[3810176]: INF 2026-08-25 19:01:50.495+00:00 Imported blocks                            blockNumber=20655361 slot=9863778 blocks=655360 txs=103868002 mgas=9926541 bps=34.31 tps=4765 mgps=523.1 avgBps=33.76 avgTps=5351 avgMGps=511.4 elapsed=5h23m29s
Aug 25 19:05:31 nimbus-eth1-mainnet-short-benchmark[3810176]: INF 2026-08-25 19:05:31.612+00:00 Imported blocks                            blockNumber=20663553 slot=9872013 blocks=663552 txs=105112198 mgas=10051274 bps=37.05 tps=5626 mgps=564.1 avgBps=33.80 avgTps=5354 avgMGps=512.0 elapsed=5h27m10s
Aug 25 19:09:03 nimbus-eth1-mainnet-short-benchmark[3810176]: INF 2026-08-25 19:09:03.869+00:00 Imported blocks                            blockNumber=20671745 slot=9880241 blocks=671744 txs=106395904 mgas=10175177 bps=38.59 tps=6047 mgps=583.7 avgBps=33.85 avgTps=5361 avgMGps=512.8 elapsed=5h30m43s
Aug 25 19:12:39 nimbus-eth1-mainnet-short-benchmark[3810176]: INF 2026-08-25 19:12:39.346+00:00 Imported blocks                            blockNumber=20679937 slot=9888471 blocks=679936 txs=107674271 mgas=10299404 bps=38.02 tps=5932 mgps=576.5 avgBps=33.90 avgTps=5367 avgMGps=513.5 elapsed=5h34m18s
Aug 25 19:16:05 nimbus-eth1-mainnet-short-benchmark[3810176]: INF 2026-08-25 19:16:05.555+00:00 Imported blocks                            blockNumber=20688129 slot=9896698 blocks=688128 txs=108938536 mgas=10423298 bps=39.73 tps=6131 mgps=600.8 avgBps=33.96 avgTps=5375 avgMGps=514.4 elapsed=5h37m44s
Aug 25 19:19:46 nimbus-eth1-mainnet-short-benchmark[3810176]: INF 2026-08-25 19:19:46.668+00:00 Imported blocks                            blockNumber=20696321 slot=9904930 blocks=696320 txs=110235786 mgas=10547469 bps=37.05 tps=5866 mgps=561.6 avgBps=33.99 avgTps=5381 avgMGps=514.9 elapsed=5h41m25s
Aug 25 19:23:43 nimbus-eth1-mainnet-short-benchmark[3810176]: INF 2026-08-25 19:23:43.368+00:00 Imported blocks                            blockNumber=20704513 slot=9913154 blocks=704512 txs=111483759 mgas=10671677 bps=34.61 tps=5272 mgps=524.7 avgBps=34.00 avgTps=5379 avgMGps=515.0 elapsed=5h45m22s
Aug 25 19:27:27 nimbus-eth1-mainnet-short-benchmark[3810176]: INF 2026-08-25 19:27:27.281+00:00 Imported blocks                            blockNumber=20712705 slot=9921388 blocks=712704 txs=112764170 mgas=10795980 bps=36.59 tps=5718 mgps=555.1 avgBps=34.02 avgTps=5383 avgMGps=515.4 elapsed=5h49m6s
Aug 25 19:30:55 nimbus-eth1-mainnet-short-benchmark[3810176]: INF 2026-08-25 19:30:55.490+00:00 Imported blocks                            blockNumber=20720897 slot=9929633 blocks=720896 txs=114110517 mgas=10919926 bps=39.35 tps=6466 mgps=595.3 avgBps=34.08 avgTps=5394 avgMGps=516.2 elapsed=5h52m34s
Aug 25 19:34:31 nimbus-eth1-mainnet-short-benchmark[3810176]: INF 2026-08-25 19:34:31.039+00:00 Imported blocks                            blockNumber=20729089 slot=9937869 blocks=729088 txs=115449431 mgas=11043768 bps=38.01 tps=6211 mgps=574.5 avgBps=34.12 avgTps=5402 avgMGps=516.8 elapsed=5h56m10s
Aug 25 19:37:58 nimbus-eth1-mainnet-short-benchmark[3810176]: INF 2026-08-25 19:37:58.864+00:00 Imported blocks                            blockNumber=20737281 slot=9946108 blocks=737280 txs=116784468 mgas=11167784 bps=39.42 tps=6423 mgps=596.7 avgBps=34.17 avgTps=5412 avgMGps=517.6 elapsed=5h59m38s
Aug 25 19:41:35 nimbus-eth1-mainnet-short-benchmark[3810176]: INF 2026-08-25 19:41:35.941+00:00 Imported blocks                            blockNumber=20745473 slot=9954342 blocks=745472 txs=118101003 mgas=11291742 bps=37.74 tps=6064 mgps=571.0 avgBps=34.20 avgTps=5418 avgMGps=518.1 elapsed=6h3m15s
Aug 25 19:45:30 nimbus-eth1-mainnet-short-benchmark[3810176]: INF 2026-08-25 19:45:30.158+00:00 Imported blocks                            blockNumber=20753665 slot=9962581 blocks=753664 txs=119337525 mgas=11415859 bps=34.98 tps=5279 mgps=529.9 avgBps=34.21 avgTps=5417 avgMGps=518.2 elapsed=6h7m9s
Aug 25 19:49:12 nimbus-eth1-mainnet-short-benchmark[3810176]: INF 2026-08-25 19:49:12.919+00:00 Imported blocks                            blockNumber=20761857 slot=9970803 blocks=761856 txs=120564314 mgas=11540225 bps=36.77 tps=5507 mgps=558.3 avgBps=34.24 avgTps=5418 avgMGps=518.6 elapsed=6h10m52s
Aug 25 19:52:42 nimbus-eth1-mainnet-short-benchmark[3810176]: INF 2026-08-25 19:52:42.148+00:00 Imported blocks                            blockNumber=20770049 slot=9979058 blocks=770048 txs=121858083 mgas=11663918 bps=39.15 tps=6183 mgps=591.2 avgBps=34.28 avgTps=5425 avgMGps=519.3 elapsed=6h14m21s
Aug 25 19:56:01 nimbus-eth1-mainnet-short-benchmark[3810176]: INF 2026-08-25 19:56:01.797+00:00 Imported blocks                            blockNumber=20778241 slot=9987307 blocks=778240 txs=123161734 mgas=11787906 bps=41.03 tps=6529 mgps=621.0 avgBps=34.34 avgTps=5434 avgMGps=520.2 elapsed=6h17m41s
Aug 25 19:59:16 nimbus-eth1-mainnet-short-benchmark[3810176]: INF 2026-08-25 19:59:16.582+00:00 Imported blocks                            blockNumber=20786433 slot=9995542 blocks=786432 txs=124509456 mgas=11911612 bps=42.06 tps=6919 mgps=635.1 avgBps=34.41 avgTps=5447 avgMGps=521.2 elapsed=6h20m55s
Aug 25 20:02:39 nimbus-eth1-mainnet-short-benchmark[3810176]: INF 2026-08-25 20:02:39.047+00:00 Imported blocks                            blockNumber=20794625 slot=10003781 blocks=794624 txs=125848921 mgas=12035338 bps=40.46 tps=6615 mgps=611.1 avgBps=34.46 avgTps=5457 avgMGps=522.0 elapsed=6h24m18s
Aug 25 20:06:05 nimbus-eth1-mainnet-short-benchmark[3810176]: INF 2026-08-25 20:06:05.904+00:00 Imported blocks                            blockNumber=20802817 slot=10012028 blocks=802816 txs=127089868 mgas=12158989 bps=39.60 tps=5998 mgps=597.7 avgBps=34.51 avgTps=5462 avgMGps=522.6 elapsed=6h27m45s
Aug 25 20:09:41 nimbus-eth1-mainnet-short-benchmark[3810176]: INF 2026-08-25 20:09:41.081+00:00 Imported blocks                            blockNumber=20811009 slot=10020249 blocks=811008 txs=128299762 mgas=12282850 bps=38.07 tps=5622 mgps=575.6 avgBps=34.54 avgTps=5464 avgMGps=523.1 elapsed=6h31m20s
Aug 25 20:13:01 nimbus-eth1-mainnet-short-benchmark[3810176]: INF 2026-08-25 20:13:01.154+00:00 Imported blocks                            blockNumber=20819201 slot=10028481 blocks=819200 txs=129596319 mgas=12406594 bps=40.95 tps=6480 mgps=618.5 avgBps=34.59 avgTps=5472 avgMGps=523.9 elapsed=6h34m40s
Aug 25 20:16:20 nimbus-eth1-mainnet-short-benchmark[3810176]: INF 2026-08-25 20:16:20.440+00:00 Imported blocks                            blockNumber=20827393 slot=10036710 blocks=827392 txs=130916729 mgas=12530249 bps=41.11 tps=6625 mgps=620.5 avgBps=34.65 avgTps=5482 avgMGps=524.7 elapsed=6h37m59s
Aug 25 20:19:39 nimbus-eth1-mainnet-short-benchmark[3810176]: INF 2026-08-25 20:19:39.397+00:00 Imported blocks                            blockNumber=20835585 slot=10044938 blocks=835584 txs=132226625 mgas=12654070 bps=41.17 tps=6583 mgps=622.3 avgBps=34.70 avgTps=5491 avgMGps=525.5 elapsed=6h41m18s
Aug 25 20:23:12 nimbus-eth1-mainnet-short-benchmark[3810176]: INF 2026-08-25 20:23:12.318+00:00 Imported blocks                            blockNumber=20843777 slot=10053164 blocks=843776 txs=133604192 mgas=12777730 bps=38.47 tps=6469 mgps=580.8 avgBps=34.74 avgTps=5500 avgMGps=526.0 elapsed=6h44m51s
Aug 25 20:27:08 nimbus-eth1-mainnet-short-benchmark[3810176]: INF 2026-08-25 20:27:08.630+00:00 Imported blocks                            blockNumber=20851969 slot=10061391 blocks=851968 txs=134900706 mgas=12901664 bps=34.67 tps=5486 mgps=524.4 avgBps=34.73 avgTps=5499 avgMGps=526.0 elapsed=6h48m47s
Aug 25 20:30:55 nimbus-eth1-mainnet-short-benchmark[3810176]: INF 2026-08-25 20:30:55.187+00:00 Imported blocks                            blockNumber=20860161 slot=10069622 blocks=860160 txs=136168750 mgas=13025603 bps=36.16 tps=5597 mgps=547.1 avgBps=34.75 avgTps=5500 avgMGps=526.2 elapsed=6h52m34s
Aug 25 20:34:38 nimbus-eth1-mainnet-short-benchmark[3810176]: INF 2026-08-25 20:34:38.296+00:00 Imported blocks                            blockNumber=20868353 slot=10077838 blocks=868352 txs=137550724 mgas=13149742 bps=36.72 tps=6194 mgps=556.4 avgBps=34.77 avgTps=5506 avgMGps=526.5 elapsed=6h56m17s
Aug 25 20:38:19 nimbus-eth1-mainnet-short-benchmark[3810176]: INF 2026-08-25 20:38:19.469+00:00 Imported blocks                            blockNumber=20876545 slot=10086066 blocks=876544 txs=138954673 mgas=13273457 bps=37.04 tps=6347 mgps=559.3 avgBps=34.79 avgTps=5514 avgMGps=526.8 elapsed=6h59m58s
Aug 25 20:41:55 nimbus-eth1-mainnet-short-benchmark[3810176]: INF 2026-08-25 20:41:55.542+00:00 Imported blocks                            blockNumber=20884737 slot=10094286 blocks=884736 txs=140256178 mgas=13397479 bps=37.91 tps=6023 mgps=574.0 avgBps=34.81 avgTps=5518 avgMGps=527.2 elapsed=7h3m34s
Aug 25 20:45:25 nimbus-eth1-mainnet-short-benchmark[3810176]: INF 2026-08-25 20:45:25.743+00:00 Imported blocks                            blockNumber=20892929 slot=10102512 blocks=892928 txs=141581868 mgas=13521575 bps=38.97 tps=6306 mgps=590.4 avgBps=34.85 avgTps=5525 avgMGps=527.7 elapsed=7h7m4s
Aug 25 20:48:56 nimbus-eth1-mainnet-short-benchmark[3810176]: INF 2026-08-25 20:48:56.332+00:00 Imported blocks                            blockNumber=20901121 slot=10110732 blocks=901120 txs=142875889 mgas=13645572 bps=38.90 tps=6144 mgps=588.8 avgBps=34.88 avgTps=5530 avgMGps=528.2 elapsed=7h10m35s
Aug 25 20:52:26 nimbus-eth1-mainnet-short-benchmark[3810176]: INF 2026-08-25 20:52:26.857+00:00 Imported blocks                            blockNumber=20909313 slot=10118953 blocks=909312 txs=144102308 mgas=13769390 bps=38.91 tps=5825 mgps=588.1 avgBps=34.91 avgTps=5532 avgMGps=528.7 elapsed=7h14m6s
Aug 25 20:55:53 nimbus-eth1-mainnet-short-benchmark[3810176]: INF 2026-08-25 20:55:53.254+00:00 Imported blocks                            blockNumber=20917505 slot=10127176 blocks=917504 txs=145406349 mgas=13893087 bps=39.69 tps=6318 mgps=599.3 avgBps=34.95 avgTps=5538 avgMGps=529.2 elapsed=7h17m32s
Aug 25 20:59:11 nimbus-eth1-mainnet-short-benchmark[3810176]: INF 2026-08-25 20:59:11.251+00:00 Imported blocks                            blockNumber=20925697 slot=10135394 blocks=925696 txs=146718394 mgas=14016820 bps=41.37 tps=6626 mgps=624.9 avgBps=35.00 avgTps=5546 avgMGps=529.9 elapsed=7h20m50s
Aug 25 21:02:41 nimbus-eth1-mainnet-short-benchmark[3810176]: INF 2026-08-25 21:02:41.624+00:00 Imported blocks                            blockNumber=20933889 slot=10143614 blocks=933888 txs=148049109 mgas=14140625 bps=38.94 tps=6325 mgps=588.5 avgBps=35.03 avgTps=5553 avgMGps=530.4 elapsed=7h24m20s
Aug 25 21:06:04 nimbus-eth1-mainnet-short-benchmark[3810176]: INF 2026-08-25 21:06:04.673+00:00 Imported blocks                            blockNumber=20942081 slot=10151840 blocks=942080 txs=149397364 mgas=14264352 bps=40.34 tps=6639 mgps=609.3 avgBps=35.07 avgTps=5561 avgMGps=531.0 elapsed=7h27m43s
Aug 25 21:09:32 nimbus-eth1-mainnet-short-benchmark[3810176]: INF 2026-08-25 21:09:32.678+00:00 Imported blocks                            blockNumber=20950273 slot=10160098 blocks=950272 txs=150765507 mgas=14388237 bps=39.38 tps=6577 mgps=595.6 avgBps=35.10 avgTps=5569 avgMGps=531.5 elapsed=7h31m11s
Aug 25 21:13:16 nimbus-eth1-mainnet-short-benchmark[3810176]: INF 2026-08-25 21:13:16.235+00:00 Imported blocks                            blockNumber=20958465 slot=10168363 blocks=958464 txs=152044771 mgas=14511987 bps=36.64 tps=5722 mgps=553.5 avgBps=35.11 avgTps=5570 avgMGps=531.7 elapsed=7h34m55s
Aug 25 21:16:49 nimbus-eth1-mainnet-short-benchmark[3810176]: INF 2026-08-25 21:16:49.828+00:00 Imported blocks                            blockNumber=20966657 slot=10176609 blocks=966656 txs=153365296 mgas=14635804 bps=38.35 tps=6182 mgps=579.7 avgBps=35.14 avgTps=5575 avgMGps=532.0 elapsed=7h38m29s
Aug 25 21:20:19 nimbus-eth1-mainnet-short-benchmark[3810176]: INF 2026-08-25 21:20:19.481+00:00 Imported blocks                            blockNumber=20974849 slot=10184849 blocks=974848 txs=154744917 mgas=14759580 bps=39.07 tps=6580 mgps=590.4 avgBps=35.17 avgTps=5582 avgMGps=532.5 elapsed=7h41m58s
Aug 25 21:23:56 nimbus-eth1-mainnet-short-benchmark[3810176]: INF 2026-08-25 21:23:56.426+00:00 Imported blocks                            blockNumber=20983041 slot=10193086 blocks=983040 txs=156055229 mgas=14883451 bps=37.76 tps=6039 mgps=571.0 avgBps=35.19 avgTps=5586 avgMGps=532.8 elapsed=7h45m35s
Aug 25 21:27:07 nimbus-eth1-mainnet-short-benchmark[3810176]: INF 2026-08-25 21:27:07.307+00:00 Imported blocks                            blockNumber=20991233 slot=10201319 blocks=991232 txs=157563202 mgas=15007557 bps=42.92 tps=7900 mgps=650.2 avgBps=35.24 avgTps=5601 avgMGps=533.6 elapsed=7h48m46s
Aug 25 21:30:48 nimbus-eth1-mainnet-short-benchmark[3810176]: INF 2026-08-25 21:30:48.304+00:00 Imported blocks                            blockNumber=20999425 slot=10209549 blocks=999424 txs=159003277 mgas=15131383 bps=37.07 tps=6516 mgps=560.3 avgBps=35.26 avgTps=5609 avgMGps=533.8 elapsed=7h52m27s
Aug 25 21:31:04 nimbus-eth1-mainnet-short-benchmark[3810176]: INF 2026-08-25 21:31:04.236+00:00 Imported blocks                            blockNumber=21000001 slot=10210128 blocks=1000000 txs=159109486 mgas=15140191 bps=36.16 tps=6666 mgps=552.9 avgBps=35.26 avgTps=5609 avgMGps=533.8 elapsed=7h52m43s
Aug 25 21:31:04 nimbus-eth1-mainnet-short-benchmark[3810176]: NTC 2026-08-25 21:31:04.236+00:00 Import complete                            blockNumber=21000001 slot=10210128 blocks=1000000 txs=159109486 mgas=15140191
Aug 25 21:31:05 nimbus-eth1-mainnet-short-benchmark[3778115]: <<< ending startNimbusWithImport (success)
Aug 25 21:31:05 nimbus-eth1-mainnet-short-benchmark[3778115]: >>> starting moveBenchmarkingFileToRepo
Aug 25 21:31:05 nimbus-eth1-mainnet-short-benchmark[3778115]: >>> copying debug-csv generated by nimbus to benchmarks repo
Aug 25 21:31:05 nimbus-eth1-mainnet-short-benchmark[3778115]: <<< ending moveBenchmarkingFileToRepo (success)
Aug 25 21:31:05 nimbus-eth1-mainnet-short-benchmark[3778115]: >>> starting generateBuildEnvironmentLogFile
Aug 25 21:31:14 nimbus-eth1-mainnet-short-benchmark[3778115]: <<< ending generateBuildEnvironmentLogFile (success)
Aug 25 21:31:14 nimbus-eth1-mainnet-short-benchmark[3778115]: >>> starting generateSystemdServiceLogs
