Sep 04 19:25:16 nimbus-eth1-mainnet-short-benchmark[3778800]: >>> starting cloneOrFetchBenchmarksRepo
Sep 04 19:25:17 nimbus-eth1-mainnet-short-benchmark[3778800]: >>> Fetching latest changes for nimbus-eth1-benchmarks...
Sep 04 19:25:18 nimbus-eth1-mainnet-short-benchmark[3778851]: HEAD is now at e57fe15 chore: update short benchmark Readme
Sep 04 19:25:19 nimbus-eth1-mainnet-short-benchmark[3778800]: <<< ending cloneOrFetchBenchmarksRepo (success)
Sep 04 19:25:19 nimbus-eth1-mainnet-short-benchmark[3778800]: >>> starting cloneOrFetchNimbusRepo
Sep 04 19:25:33 nimbus-eth1-mainnet-short-benchmark[3778800]: >>> Fetching latest changes for nimbus-eth1...
Sep 04 19:25:34 nimbus-eth1-mainnet-short-benchmark[3779210]: From https://github.com/status-im/nimbus-eth1
Sep 04 19:25:34 nimbus-eth1-mainnet-short-benchmark[3779210]:    afb5eafec..bf5b488b4  master     -> origin/master
Sep 04 19:25:34 nimbus-eth1-mainnet-short-benchmark[3779219]: HEAD is now at bf5b488b4 Snap2 sync provide coredb importer (#4747)
Sep 04 19:25:34 nimbus-eth1-mainnet-short-benchmark[3778800]: >>> Found last benchmarked commit: 4e225c61
Sep 04 19:25:34 nimbus-eth1-mainnet-short-benchmark[3778800]: >>> Using next commit: 7828c9627d853a1d506ab21c81a0595c002932c9
Sep 04 19:25:34 nimbus-eth1-mainnet-short-benchmark[3779235]: HEAD is now at 7828c9627 Fix engine_getBlobsV4 implementation (#4674)
Sep 04 19:25:34 nimbus-eth1-mainnet-short-benchmark[3778800]: >>> Current commit: 7828c9627
Sep 04 19:25:34 nimbus-eth1-mainnet-short-benchmark[3778800]: <<< ending cloneOrFetchNimbusRepo (success)
Sep 04 19:25:34 nimbus-eth1-mainnet-short-benchmark[3778800]: >>> starting buildBinaries
Sep 04 19:25:34 nimbus-eth1-mainnet-short-benchmark[3778800]: >>> Building binaries for commit 7828c962...
Sep 04 19:25:37 nimbus-eth1-mainnet-short-benchmark[3780448]: Submodule path 'vendor/nim-web3': checked out '05ee6a9630d523869c1d0c73cf8abc5faae160a7'
Sep 04 19:25:42 nimbus-eth1-mainnet-short-benchmark[3784739]: Building: Nim compiler
Sep 04 19:28:35 nimbus-eth1-mainnet-short-benchmark[3784739]: Building custom Nimble commit: 42ef70c2102a942c46f13eb76872326edd525cec
Sep 04 19:28:45 nimbus-eth1-mainnet-short-benchmark[3784739]: Building Nimble...
Sep 04 19:28:55 nimbus-eth1-mainnet-short-benchmark[3784739]: Replacing nimble binary...
Sep 04 19:29:02 nimbus-eth1-mainnet-short-benchmark[3801195]: Building: build/generate_makefile
Sep 04 19:29:03 nimbus-eth1-mainnet-short-benchmark[3801046]: ROCKSDB CACHED VERSION: 10.10.1
Sep 04 19:29:03 nimbus-eth1-mainnet-short-benchmark[3801458]: RocksDb static libraries already built. Skipping build.
Sep 04 19:29:03 nimbus-eth1-mainnet-short-benchmark[3801195]: Build completed successfully: build/generate_makefile
Sep 04 19:29:03 nimbus-eth1-mainnet-short-benchmark[3801509]: Building: build/nimbus_execution_client
Sep 04 19:31:26 nimbus-eth1-mainnet-short-benchmark[3801509]: Build completed successfully: build/nimbus_execution_client
Sep 04 19:31:26 nimbus-eth1-mainnet-short-benchmark[3778800]: >>> renaming binaries to match commit they were built from
Sep 04 19:31:26 nimbus-eth1-mainnet-short-benchmark[3778800]: >>> creating a symbolic link to the latest version
Sep 04 19:31:26 nimbus-eth1-mainnet-short-benchmark[3778800]: >>> deleting copies that are older than N days
Sep 04 19:31:26 nimbus-eth1-mainnet-short-benchmark[3778800]: <<< ending buildBinaries (success)
Sep 04 19:31:26 nimbus-eth1-mainnet-short-benchmark[3778800]: >>> starting skipOrContinueBenchmark
Sep 04 19:31:26 nimbus-eth1-mainnet-short-benchmark[3778800]: <<< ending skipOrContinueBenchmark (success)
Sep 04 19:31:26 nimbus-eth1-mainnet-short-benchmark[3778800]: >>> starting copyTemplateDatabase
Sep 04 19:31:26 nimbus-eth1-mainnet-short-benchmark[3778800]: >>> Copying template db into nimbus data directory
Sep 04 19:34:36 nimbus-eth1-mainnet-short-benchmark[3778800]: >>> Template db copied
Sep 04 19:34:36 nimbus-eth1-mainnet-short-benchmark[3778800]: >>> making nimbus the owner of the copied files
Sep 04 19:34:36 nimbus-eth1-mainnet-short-benchmark[3778800]: <<< ending copyTemplateDatabase (success)
Sep 04 19:34:36 nimbus-eth1-mainnet-short-benchmark[3778800]: >>> starting startNimbusWithImport
Sep 04 19:34:36 nimbus-eth1-mainnet-short-benchmark[3807182]: INF 2026-09-04 19:34:36.557+00:00 Launching execution client                 version=v0.4.0-7828c962 config="(configFile: none(InputFile), dataDirFlag: some(/data/status-im/nimbus-eth1/data/shared_mainnet_0), era1DirFlag: some(/data/era1), eraDirFlag: some(/data/era), ereDirFlag: none(OutDir), keyStoreDirFlag: none(OutDir), importKey: , trustedSetupFile: none(string), extraData: Nimbus/v0.4.0-7828c962, gasLimit: none(uint64), maxBlobs: none(byte), network: [mainnet], logLevel: INFO, logFormat: auto, metricsEnabled: false, metricsPort: 9093, metricsAddress: 127.0.0.1, bootstrapNodes: [], elBootstrapNodes: [], bootstrapFile: , elBootstrapFile: , staticPeers: [], staticPeersFile: , reconnectMaxRetry: 0, reconnectInterval: 15, listenAddress: ::, tcpPort: 30303, udpPortFlag: none(Port), maxPeersOpt: none(int), elMaxPeersOpt: none(int), nat: (hasExtIp: false, nat: NatAny), discv5: true, netKey: random, agentString: Nimbus/v0.4.0-7828c962/linux-amd64/Nim-2.2.10, numThreads: 0, persistBatchSize: 4, dynamicBatchSize: false, rocksdbMaxOpenFiles: 2048, rocksdbWriteBufferSize: 67108864, rocksdbRowCacheSize: 0, rocksdbBlockCacheSize: 2147483648, rocksdbBlockCacheType: hyperclock, rdbVtxCacheSize: 536870912, rdbKeyCacheSize: 1342177280, rdbBranchCacheSize: 1073741824, rdbPrintStats: false, rewriteDatadirId: true, aristoDbMaxSnapshots: 5, parallelStateRootComputation: false, parallelSenderRecovery: true, optimisticStatePrefetch: false, balStatePrefetch: false, balStatePrefetchWorkers: 0, balParallelExecution: false, balPruning: true, eagerStateRootCheck: false, deserializeFcState: true, statelessProvider: false, statelessWitnessValidation: false, cmd: import, maxBlocks: 1000000, chunkSize: 8192, csvStats: some("/data/host-benchmarks/short/fd3471392acd40c69413d1eb5f9fdfc7/blocks-import-benchmark.csv"), validation: false, fullValidation: false, storeBodies: false, storeReceipts: false, storeSlotHashes: false)"
Sep 04 19:34:36 nimbus-eth1-mainnet-short-benchmark[3807182]: WRN 2026-09-04 19:34:36.561+00:00 Data directory has insecure permissions. Correcting them. data_dir=/data/status-im/nimbus-eth1/data/shared_mainnet_0 current_permissions=0755 required_permissions=0700
Sep 04 19:34:38 nimbus-eth1-mainnet-short-benchmark[3807182]: INF 2026-09-04 19:34:38.393+00:00 Taskpool started                           numThreads=16
Sep 04 19:34:38 nimbus-eth1-mainnet-short-benchmark[3807182]: INF 2026-09-04 19:34:38.557+00:00 Database initialized                       base="(0xd24fd73f794058a3807db926d8898c6481e902b7edb91ce0d479d6760f276183, 20000000)" finalized="(0xd24fd73f794058a3807db926d8898c6481e902b7edb91ce0d479d6760f276183, 20000000)" head="(0xd4e56740f876aef8c010b86a40d5f56745a118d0906a34e69aec8c0db1cb8fa3, 0)"
Sep 04 19:34:38 nimbus-eth1-mainnet-short-benchmark[3807182]: NTC 2026-09-04 19:34:38.557+00:00 Could not open ere database, falling back to era1/era import ereDir=/data/status-im/nimbus-eth1/data/shared_mainnet_0/ere networkName=mainnet error="No ere files found in /data/status-im/nimbus-eth1/data/shared_mainnet_0/ere"
Sep 04 19:34:38 nimbus-eth1-mainnet-short-benchmark[3807182]: NTC 2026-09-04 19:34:38.557+00:00 Importing era archive                      blockNumber=20000001 dataDir=/data/status-im/nimbus-eth1/data/shared_mainnet_0 eraDir=/data/era
Sep 04 19:34:40 nimbus-eth1-mainnet-short-benchmark[3807182]: NTC 2026-09-04 19:34:40.829+00:00 Matched block to slot number               blockNumber=20000001 slot=9204783
Sep 04 19:40:43 nimbus-eth1-mainnet-short-benchmark[3807182]: INF 2026-09-04 19:40:43.223+00:00 Imported blocks                            blockNumber=20008193 slot=9213020 blocks=8192 txs=1226966 mgas=124237 bps=22.46 tps=3364 mgps=340.7 avgBps=22.46 avgTps=3364 avgMGps=340.7 elapsed=6m4s663ms
Sep 04 19:46:03 nimbus-eth1-mainnet-short-benchmark[3807182]: INF 2026-09-04 19:46:03.307+00:00 Imported blocks                            blockNumber=20016385 slot=9221256 blocks=16384 txs=2540380 mgas=248071 bps=25.59 tps=4103 mgps=386.9 avgBps=23.93 avgTps=3709 avgMGps=362.3 elapsed=11m24s747ms
Sep 04 19:51:07 nimbus-eth1-mainnet-short-benchmark[3807182]: INF 2026-09-04 19:51:07.559+00:00 Imported blocks                            blockNumber=20024577 slot=9229485 blocks=24576 txs=3869398 mgas=372018 bps=26.93 tps=4368 mgps=407.4 avgBps=24.85 avgTps=3912 avgMGps=376.2 elapsed=16m28s998ms
Sep 04 19:55:43 nimbus-eth1-mainnet-short-benchmark[3807182]: INF 2026-09-04 19:55:43.787+00:00 Imported blocks                            blockNumber=20032769 slot=9237722 blocks=32768 txs=5222766 mgas=495797 bps=29.66 tps=4899 mgps=448.1 avgBps=25.90 avgTps=4127 avgMGps=391.9 elapsed=21m5s228ms
Sep 04 20:00:08 nimbus-eth1-mainnet-short-benchmark[3807182]: INF 2026-09-04 20:00:08.555+00:00 Imported blocks                            blockNumber=20040961 slot=9245957 blocks=40960 txs=6566802 mgas=619586 bps=30.94 tps=5076 mgps=467.5 avgBps=26.77 avgTps=4292 avgMGps=405.0 elapsed=25m29s997ms
Sep 04 20:04:52 nimbus-eth1-mainnet-short-benchmark[3807182]: INF 2026-09-04 20:04:52.767+00:00 Imported blocks                            blockNumber=20049153 slot=9254196 blocks=49152 txs=7904746 mgas=743522 bps=28.82 tps=4707 mgps=436.1 avgBps=27.09 avgTps=4357 avgMGps=409.8 elapsed=30m14s209ms
Sep 04 20:09:27 nimbus-eth1-mainnet-short-benchmark[3807182]: INF 2026-09-04 20:09:27.455+00:00 Imported blocks                            blockNumber=20057345 slot=9262435 blocks=57344 txs=9212009 mgas=867360 bps=29.82 tps=4759 mgps=450.8 avgBps=27.45 avgTps=4409 avgMGps=415.2 elapsed=34m48s895ms
Sep 04 20:13:41 nimbus-eth1-mainnet-short-benchmark[3807182]: INF 2026-09-04 20:13:41.295+00:00 Imported blocks                            blockNumber=20065537 slot=9270674 blocks=65536 txs=10559018 mgas=991371 bps=32.27 tps=5306 mgps=488.5 avgBps=27.97 avgTps=4507 avgMGps=423.2 elapsed=39m2s734ms
Sep 04 20:17:41 nimbus-eth1-mainnet-short-benchmark[3807182]: INF 2026-09-04 20:17:41.540+00:00 Imported blocks                            blockNumber=20073729 slot=9278910 blocks=73728 txs=11898676 mgas=1115111 bps=34.10 tps=5576 mgps=515.1 avgBps=28.54 avgTps=4606 avgMGps=431.7 elapsed=43m2s980ms
Sep 04 20:21:31 nimbus-eth1-mainnet-short-benchmark[3807182]: INF 2026-09-04 20:21:31.353+00:00 Imported blocks                            blockNumber=20081921 slot=9287152 blocks=81920 txs=13323263 mgas=1239150 bps=35.65 tps=6198 mgps=539.7 avgBps=29.12 avgTps=4736 avgMGps=440.5 elapsed=46m52s795ms
Sep 04 20:25:20 nimbus-eth1-mainnet-short-benchmark[3807182]: INF 2026-09-04 20:25:20.870+00:00 Imported blocks                            blockNumber=20090113 slot=9295408 blocks=90112 txs=14697082 mgas=1363113 bps=35.69 tps=5985 mgps=540.1 avgBps=29.62 avgTps=4830 avgMGps=448.1 elapsed=50m42s313ms
Sep 04 20:29:26 nimbus-eth1-mainnet-short-benchmark[3807182]: INF 2026-09-04 20:29:26.214+00:00 Imported blocks                            blockNumber=20098305 slot=9303658 blocks=98304 txs=16025683 mgas=1487146 bps=33.39 tps=5415 mgps=505.5 avgBps=29.90 avgTps=4874 avgMGps=452.3 elapsed=54m47s657ms
Sep 04 20:33:40 nimbus-eth1-mainnet-short-benchmark[3807182]: INF 2026-09-04 20:33:40.259+00:00 Imported blocks                            blockNumber=20106497 slot=9311895 blocks=106496 txs=17337157 mgas=1611066 bps=32.25 tps=5162 mgps=487.8 avgBps=30.07 avgTps=4895 avgMGps=454.9 elapsed=59m1s700ms
Sep 04 20:37:41 nimbus-eth1-mainnet-short-benchmark[3807182]: INF 2026-09-04 20:37:41.239+00:00 Imported blocks                            blockNumber=20114689 slot=9320146 blocks=114688 txs=18632097 mgas=1735123 bps=33.99 tps=5373 mgps=514.8 avgBps=30.32 avgTps=4925 avgMGps=458.7 elapsed=1h3m2s
Sep 04 20:41:29 nimbus-eth1-mainnet-short-benchmark[3807182]: INF 2026-09-04 20:41:29.076+00:00 Imported blocks                            blockNumber=20122881 slot=9328409 blocks=122880 txs=19937418 mgas=1859249 bps=35.96 tps=5729 mgps=544.8 avgBps=30.64 avgTps=4971 avgMGps=463.6 elapsed=1h6m50s
Sep 04 20:45:14 nimbus-eth1-mainnet-short-benchmark[3807182]: INF 2026-09-04 20:45:14.541+00:00 Imported blocks                            blockNumber=20131073 slot=9336660 blocks=131072 txs=21214129 mgas=1983500 bps=36.33 tps=5662 mgps=551.1 avgBps=30.94 avgTps=5008 avgMGps=468.2 elapsed=1h10m35s
Sep 04 20:48:59 nimbus-eth1-mainnet-short-benchmark[3807182]: INF 2026-09-04 20:48:59.146+00:00 Imported blocks                            blockNumber=20139265 slot=9344906 blocks=139264 txs=22579079 mgas=2107571 bps=36.47 tps=6077 mgps=552.4 avgBps=31.22 avgTps=5061 avgMGps=472.5 elapsed=1h14m20s
Sep 04 20:53:27 nimbus-eth1-mainnet-short-benchmark[3807182]: INF 2026-09-04 20:53:27.106+00:00 Imported blocks                            blockNumber=20147457 slot=9353153 blocks=147456 txs=24133322 mgas=2231686 bps=30.57 tps=5800 mgps=463.2 avgBps=31.18 avgTps=5103 avgMGps=472.0 elapsed=1h18m48s
Sep 04 20:57:43 nimbus-eth1-mainnet-short-benchmark[3807182]: INF 2026-09-04 20:57:43.934+00:00 Imported blocks                            blockNumber=20155649 slot=9361407 blocks=155648 txs=25424015 mgas=2356018 bps=31.90 tps=5025 mgps=484.1 avgBps=31.22 avgTps=5099 avgMGps=472.6 elapsed=1h23m5s
Sep 04 21:01:41 nimbus-eth1-mainnet-short-benchmark[3807182]: INF 2026-09-04 21:01:41.363+00:00 Imported blocks                            blockNumber=20163841 slot=9369652 blocks=163840 txs=26749549 mgas=2480207 bps=34.50 tps=5582 mgps=523.1 avgBps=31.37 avgTps=5121 avgMGps=474.9 elapsed=1h27m2s
Sep 04 21:05:32 nimbus-eth1-mainnet-short-benchmark[3807182]: INF 2026-09-04 21:05:32.395+00:00 Imported blocks                            blockNumber=20172033 slot=9377892 blocks=172032 txs=28105316 mgas=2604026 bps=35.46 tps=5868 mgps=535.9 avgBps=31.54 avgTps=5153 avgMGps=477.5 elapsed=1h30m53s
Sep 04 21:09:28 nimbus-eth1-mainnet-short-benchmark[3807182]: INF 2026-09-04 21:09:28.400+00:00 Imported blocks                            blockNumber=20180225 slot=9386128 blocks=180224 txs=29524405 mgas=2728170 bps=34.71 tps=6012 mgps=526.0 avgBps=31.67 avgTps=5188 avgMGps=479.5 elapsed=1h34m49s
Sep 04 21:13:08 nimbus-eth1-mainnet-short-benchmark[3807182]: INF 2026-09-04 21:13:08.161+00:00 Imported blocks                            blockNumber=20188417 slot=9394365 blocks=188416 txs=30849021 mgas=2852023 bps=37.28 tps=6027 mgps=563.6 avgBps=31.88 avgTps=5220 avgMGps=482.6 elapsed=1h38m29s
Sep 04 21:17:11 nimbus-eth1-mainnet-short-benchmark[3807182]: INF 2026-09-04 21:17:11.594+00:00 Imported blocks                            blockNumber=20196609 slot=9402602 blocks=196608 txs=32174755 mgas=2976155 bps=33.65 tps=5445 mgps=509.9 avgBps=31.95 avgTps=5229 avgMGps=483.7 elapsed=1h42m33s
Sep 04 21:21:29 nimbus-eth1-mainnet-short-benchmark[3807182]: INF 2026-09-04 21:21:29.334+00:00 Imported blocks                            blockNumber=20204801 slot=9410840 blocks=204800 txs=33475942 mgas=3100410 bps=31.78 tps=5048 mgps=482.1 avgBps=31.95 avgTps=5221 avgMGps=483.6 elapsed=1h46m50s
Sep 04 21:25:26 nimbus-eth1-mainnet-short-benchmark[3807182]: INF 2026-09-04 21:25:26.511+00:00 Imported blocks                            blockNumber=20212993 slot=9419071 blocks=212992 txs=34798508 mgas=3224370 bps=34.54 tps=5576 mgps=522.6 avgBps=32.04 avgTps=5234 avgMGps=485.0 elapsed=1h50m47s
Sep 04 21:29:17 nimbus-eth1-mainnet-short-benchmark[3807182]: INF 2026-09-04 21:29:17.395+00:00 Imported blocks                            blockNumber=20221185 slot=9427313 blocks=221184 txs=36114045 mgas=3348169 bps=35.48 tps=5697 mgps=536.2 avgBps=32.15 avgTps=5250 avgMGps=486.7 elapsed=1h54m38s
Sep 04 21:32:50 nimbus-eth1-mainnet-short-benchmark[3807182]: INF 2026-09-04 21:32:50.756+00:00 Imported blocks                            blockNumber=20229377 slot=9435549 blocks=229376 txs=37421794 mgas=3472031 bps=38.39 tps=6129 mgps=580.5 avgBps=32.34 avgTps=5276 avgMGps=489.6 elapsed=1h58m12s
Sep 04 21:36:33 nimbus-eth1-mainnet-short-benchmark[3807182]: INF 2026-09-04 21:36:33.609+00:00 Imported blocks                            blockNumber=20237569 slot=9443788 blocks=237568 txs=38842064 mgas=3596351 bps=36.76 tps=6373 mgps=557.9 avgBps=32.48 avgTps=5309 avgMGps=491.6 elapsed=2h1m55s
Sep 04 21:40:33 nimbus-eth1-mainnet-short-benchmark[3807182]: INF 2026-09-04 21:40:33.074+00:00 Imported blocks                            blockNumber=20245761 slot=9452021 blocks=245760 txs=40225739 mgas=3720100 bps=34.21 tps=5778 mgps=516.8 avgBps=32.53 avgTps=5324 avgMGps=492.4 elapsed=2h5m54s
Sep 04 21:44:52 nimbus-eth1-mainnet-short-benchmark[3807182]: INF 2026-09-04 21:44:52.926+00:00 Imported blocks                            blockNumber=20253953 slot=9460253 blocks=253952 txs=41454921 mgas=3844385 bps=31.53 tps=4730 mgps=478.3 avgBps=32.50 avgTps=5304 avgMGps=492.0 elapsed=2h10m14s
Sep 04 21:48:55 nimbus-eth1-mainnet-short-benchmark[3807182]: INF 2026-09-04 21:48:55.835+00:00 Imported blocks                            blockNumber=20262145 slot=9468495 blocks=262144 txs=42726051 mgas=3968623 bps=33.72 tps=5232 mgps=511.5 avgBps=32.54 avgTps=5302 avgMGps=492.6 elapsed=2h14m17s
Sep 04 21:52:40 nimbus-eth1-mainnet-short-benchmark[3807182]: INF 2026-09-04 21:52:40.679+00:00 Imported blocks                            blockNumber=20270337 slot=9476748 blocks=270336 txs=44050436 mgas=4092682 bps=36.43 tps=5890 mgps=551.8 avgBps=32.64 avgTps=5318 avgMGps=494.2 elapsed=2h18m2s
Sep 04 21:56:12 nimbus-eth1-mainnet-short-benchmark[3807182]: INF 2026-09-04 21:56:12.084+00:00 Imported blocks                            blockNumber=20278529 slot=9484981 blocks=278528 txs=45382368 mgas=4216487 bps=38.75 tps=6300 mgps=585.6 avgBps=32.79 avgTps=5343 avgMGps=496.4 elapsed=2h21m33s
Sep 04 21:59:48 nimbus-eth1-mainnet-short-benchmark[3807182]: INF 2026-09-04 21:59:48.521+00:00 Imported blocks                            blockNumber=20286721 slot=9493213 blocks=286720 txs=46733429 mgas=4340363 bps=37.85 tps=6242 mgps=572.3 avgBps=32.92 avgTps=5365 avgMGps=498.3 elapsed=2h25m9s
Sep 04 22:03:46 nimbus-eth1-mainnet-short-benchmark[3807182]: INF 2026-09-04 22:03:46.306+00:00 Imported blocks                            blockNumber=20294913 slot=9501453 blocks=294912 txs=48075887 mgas=4464376 bps=34.45 tps=5645 mgps=521.5 avgBps=32.96 avgTps=5372 avgMGps=498.9 elapsed=2h29m7s
Sep 04 22:07:39 nimbus-eth1-mainnet-short-benchmark[3807182]: INF 2026-09-04 22:07:39.923+00:00 Imported blocks                            blockNumber=20303105 slot=9509696 blocks=303104 txs=49379538 mgas=4588534 bps=35.07 tps=5580 mgps=531.5 avgBps=33.01 avgTps=5378 avgMGps=499.8 elapsed=2h33m1s
Sep 04 22:11:26 nimbus-eth1-mainnet-short-benchmark[3807182]: INF 2026-09-04 22:11:26.135+00:00 Imported blocks                            blockNumber=20311297 slot=9517922 blocks=311296 txs=50637672 mgas=4712596 bps=36.21 tps=5561 mgps=548.4 avgBps=33.09 avgTps=5382 avgMGps=500.9 elapsed=2h36m47s
Sep 04 22:15:03 nimbus-eth1-mainnet-short-benchmark[3807182]: INF 2026-09-04 22:15:03.560+00:00 Imported blocks                            blockNumber=20319489 slot=9526159 blocks=319488 txs=51981692 mgas=4836521 bps=37.68 tps=6181 mgps=570.0 avgBps=33.19 avgTps=5400 avgMGps=502.5 elapsed=2h40m25s
Sep 04 22:18:23 nimbus-eth1-mainnet-short-benchmark[3807182]: INF 2026-09-04 22:18:23.529+00:00 Imported blocks                            blockNumber=20327681 slot=9534381 blocks=327680 txs=53356123 mgas=4960245 bps=40.97 tps=6873 mgps=618.7 avgBps=33.35 avgTps=5430 avgMGps=504.9 elapsed=2h43m44s
Sep 04 22:21:40 nimbus-eth1-mainnet-short-benchmark[3807182]: INF 2026-09-04 22:21:40.919+00:00 Imported blocks                            blockNumber=20335873 slot=9542617 blocks=335872 txs=54719105 mgas=5084025 bps=41.50 tps=6905 mgps=627.1 avgBps=33.51 avgTps=5459 avgMGps=507.3 elapsed=2h47m2s
Sep 04 22:25:17 nimbus-eth1-mainnet-short-benchmark[3807182]: INF 2026-09-04 22:25:17.284+00:00 Imported blocks                            blockNumber=20344065 slot=9550841 blocks=344064 txs=56021853 mgas=5207843 bps=37.86 tps=6021 mgps=572.3 avgBps=33.60 avgTps=5471 avgMGps=508.6 elapsed=2h50m38s
Sep 04 22:29:24 nimbus-eth1-mainnet-short-benchmark[3807182]: INF 2026-09-04 22:29:24.220+00:00 Imported blocks                            blockNumber=20352257 slot=9559072 blocks=352256 txs=57290408 mgas=5332016 bps=33.17 tps=5137 mgps=502.9 avgBps=33.59 avgTps=5463 avgMGps=508.5 elapsed=2h54m45s
Sep 04 22:33:10 nimbus-eth1-mainnet-short-benchmark[3807182]: INF 2026-09-04 22:33:10.457+00:00 Imported blocks                            blockNumber=20360449 slot=9567308 blocks=360448 txs=58543463 mgas=5456201 bps=36.21 tps=5538 mgps=548.9 avgBps=33.65 avgTps=5465 avgMGps=509.4 elapsed=2h58m31s
Sep 04 22:36:47 nimbus-eth1-mainnet-short-benchmark[3807182]: INF 2026-09-04 22:36:47.918+00:00 Imported blocks                            blockNumber=20368641 slot=9575548 blocks=368640 txs=59874056 mgas=5580204 bps=37.67 tps=6118 mgps=570.2 avgBps=33.73 avgTps=5478 avgMGps=510.6 elapsed=3h2m9s
Sep 04 22:40:34 nimbus-eth1-mainnet-short-benchmark[3807182]: INF 2026-09-04 22:40:34.370+00:00 Imported blocks                            blockNumber=20376833 slot=9583774 blocks=376832 txs=61167066 mgas=5704396 bps=36.18 tps=5709 mgps=548.4 avgBps=33.78 avgTps=5482 avgMGps=511.3 elapsed=3h5m55s
Sep 04 22:44:15 nimbus-eth1-mainnet-short-benchmark[3807182]: INF 2026-09-04 22:44:14.995+00:00 Imported blocks                            blockNumber=20385025 slot=9592009 blocks=385024 txs=62480333 mgas=5828235 bps=37.13 tps=5952 mgps=561.3 avgBps=33.84 avgTps=5492 avgMGps=512.3 elapsed=3h9m36s
Sep 04 22:47:54 nimbus-eth1-mainnet-short-benchmark[3807182]: INF 2026-09-04 22:47:54.588+00:00 Imported blocks                            blockNumber=20393217 slot=9600248 blocks=393216 txs=63800597 mgas=5952136 bps=37.30 tps=6012 mgps=564.2 avgBps=33.91 avgTps=5501 avgMGps=513.3 elapsed=3h13m16s
Sep 04 22:51:25 nimbus-eth1-mainnet-short-benchmark[3807182]: INF 2026-09-04 22:51:25.801+00:00 Imported blocks                            blockNumber=20401409 slot=9608486 blocks=401408 txs=65021243 mgas=6076384 bps=38.79 tps=5779 mgps=588.3 avgBps=34.00 avgTps=5506 avgMGps=514.6 elapsed=3h16m47s
Sep 04 22:55:10 nimbus-eth1-mainnet-short-benchmark[3807182]: INF 2026-09-04 22:55:10.490+00:00 Imported blocks                            blockNumber=20409601 slot=9616707 blocks=409600 txs=66199016 mgas=6200666 bps=36.46 tps=5241 mgps=553.1 avgBps=34.04 avgTps=5501 avgMGps=515.4 elapsed=3h20m31s
Sep 04 22:58:49 nimbus-eth1-mainnet-short-benchmark[3807182]: INF 2026-09-04 22:58:49.251+00:00 Imported blocks                            blockNumber=20417793 slot=9624941 blocks=417792 txs=67453930 mgas=6324823 bps=37.45 tps=5736 mgps=567.6 avgBps=34.10 avgTps=5506 avgMGps=516.3 elapsed=3h24m10s
Sep 04 23:02:02 nimbus-eth1-mainnet-short-benchmark[3807182]: INF 2026-09-04 23:02:02.304+00:00 Imported blocks                            blockNumber=20425985 slot=9633187 blocks=425984 txs=68814904 mgas=6448778 bps=42.43 tps=7049 mgps=642.1 avgBps=34.23 avgTps=5530 avgMGps=518.2 elapsed=3h27m23s
Sep 04 23:05:12 nimbus-eth1-mainnet-short-benchmark[3807182]: INF 2026-09-04 23:05:12.845+00:00 Imported blocks                            blockNumber=20434177 slot=9641422 blocks=434176 txs=70124508 mgas=6572711 bps=42.99 tps=6872 mgps=650.4 avgBps=34.36 avgTps=5550 avgMGps=520.2 elapsed=3h30m34s
Sep 04 23:08:34 nimbus-eth1-mainnet-short-benchmark[3807182]: INF 2026-09-04 23:08:34.523+00:00 Imported blocks                            blockNumber=20442369 slot=9649657 blocks=442368 txs=71403576 mgas=6696451 bps=40.62 tps=6342 mgps=613.6 avgBps=34.46 avgTps=5562 avgMGps=521.7 elapsed=3h33m55s
Sep 04 23:12:14 nimbus-eth1-mainnet-short-benchmark[3807182]: INF 2026-09-04 23:12:14.123+00:00 Imported blocks                            blockNumber=20450561 slot=9657896 blocks=450560 txs=72659905 mgas=6820521 bps=37.30 tps=5720 mgps=565.0 avgBps=34.51 avgTps=5565 avgMGps=522.4 elapsed=3h37m35s
Sep 04 23:16:14 nimbus-eth1-mainnet-short-benchmark[3807182]: INF 2026-09-04 23:16:14.192+00:00 Imported blocks                            blockNumber=20458753 slot=9666114 blocks=458752 txs=73838533 mgas=6945116 bps=34.12 tps=4909 mgps=519.0 avgBps=34.50 avgTps=5553 avgMGps=522.4 elapsed=3h41m35s
Sep 04 23:19:53 nimbus-eth1-mainnet-short-benchmark[3807182]: INF 2026-09-04 23:19:53.233+00:00 Imported blocks                            blockNumber=20466945 slot=9674343 blocks=466944 txs=75124748 mgas=7068943 bps=37.40 tps=5871 mgps=565.3 avgBps=34.55 avgTps=5558 avgMGps=523.1 elapsed=3h45m14s
Sep 04 23:23:29 nimbus-eth1-mainnet-short-benchmark[3807182]: INF 2026-09-04 23:23:29.430+00:00 Imported blocks                            blockNumber=20475137 slot=9682575 blocks=475136 txs=76420106 mgas=7192870 bps=37.89 tps=5991 mgps=573.2 avgBps=34.60 avgTps=5565 avgMGps=523.8 elapsed=3h48m50s
Sep 04 23:26:54 nimbus-eth1-mainnet-short-benchmark[3807182]: INF 2026-09-04 23:26:54.827+00:00 Imported blocks                            blockNumber=20483329 slot=9690800 blocks=483328 txs=77675422 mgas=7316939 bps=39.88 tps=6111 mgps=604.0 avgBps=34.68 avgTps=5573 avgMGps=525.0 elapsed=3h52m16s
Sep 04 23:30:18 nimbus-eth1-mainnet-short-benchmark[3807182]: INF 2026-09-04 23:30:18.412+00:00 Imported blocks                            blockNumber=20491521 slot=9699019 blocks=491520 txs=78951232 mgas=7440784 bps=40.24 tps=6266 mgps=608.3 avgBps=34.76 avgTps=5583 avgMGps=526.2 elapsed=3h55m39s
Sep 04 23:33:57 nimbus-eth1-mainnet-short-benchmark[3807182]: INF 2026-09-04 23:33:57.033+00:00 Imported blocks                            blockNumber=20499713 slot=9707248 blocks=499712 txs=80189642 mgas=7564669 bps=37.47 tps=5664 mgps=566.6 avgBps=34.80 avgTps=5584 avgMGps=526.8 elapsed=3h59m18s
Sep 04 23:37:40 nimbus-eth1-mainnet-short-benchmark[3807182]: INF 2026-09-04 23:37:40.170+00:00 Imported blocks                            blockNumber=20507905 slot=9715488 blocks=507904 txs=81317763 mgas=7689208 bps=36.71 tps=5055 mgps=558.1 avgBps=34.83 avgTps=5576 avgMGps=527.3 elapsed=4h3m1s
Sep 04 23:40:58 nimbus-eth1-mainnet-short-benchmark[3807182]: INF 2026-09-04 23:40:58.807+00:00 Imported blocks                            blockNumber=20516097 slot=9723715 blocks=516096 txs=82520262 mgas=7813209 bps=41.24 tps=6053 mgps=624.3 avgBps=34.92 avgTps=5583 avgMGps=528.6 elapsed=4h6m20s
Sep 04 23:44:29 nimbus-eth1-mainnet-short-benchmark[3807182]: INF 2026-09-04 23:44:29.952+00:00 Imported blocks                            blockNumber=20524289 slot=9731945 blocks=524288 txs=83780075 mgas=7937233 bps=38.80 tps=5966 mgps=587.4 avgBps=34.97 avgTps=5588 avgMGps=529.5 elapsed=4h9m51s
Sep 04 23:48:04 nimbus-eth1-mainnet-short-benchmark[3807182]: INF 2026-09-04 23:48:04.197+00:00 Imported blocks                            blockNumber=20532481 slot=9740183 blocks=532480 txs=85263862 mgas=8061024 bps=38.24 tps=6925 mgps=577.8 avgBps=35.02 avgTps=5607 avgMGps=530.1 elapsed=4h13m25s
Sep 04 23:51:43 nimbus-eth1-mainnet-short-benchmark[3807182]: INF 2026-09-04 23:51:43.622+00:00 Imported blocks                            blockNumber=20540673 slot=9748418 blocks=540672 txs=86612143 mgas=8185090 bps=37.33 tps=6144 mgps=565.4 avgBps=35.05 avgTps=5615 avgMGps=530.6 elapsed=4h17m5s
Sep 04 23:55:31 nimbus-eth1-mainnet-short-benchmark[3807182]: INF 2026-09-04 23:55:31.015+00:00 Imported blocks                            blockNumber=20548865 slot=9756662 blocks=548864 txs=87802991 mgas=8309513 bps=36.03 tps=5236 mgps=547.2 avgBps=35.07 avgTps=5609 avgMGps=530.9 elapsed=4h20m52s
Sep 04 23:59:14 nimbus-eth1-mainnet-short-benchmark[3807182]: INF 2026-09-04 23:59:14.483+00:00 Imported blocks                            blockNumber=20557057 slot=9764892 blocks=557056 txs=88964987 mgas=8433956 bps=36.66 tps=5199 mgps=556.9 avgBps=35.09 avgTps=5603 avgMGps=531.2 elapsed=4h24m35s
Sep 05 00:02:47 nimbus-eth1-mainnet-short-benchmark[3807182]: INF 2026-09-05 00:02:47.168+00:00 Imported blocks                            blockNumber=20565249 slot=9773131 blocks=565248 txs=90186094 mgas=8558113 bps=38.52 tps=5741 mgps=583.8 avgBps=35.13 avgTps=5605 avgMGps=531.9 elapsed=4h28m8s
Sep 05 00:06:20 nimbus-eth1-mainnet-short-benchmark[3807182]: INF 2026-09-05 00:06:20.961+00:00 Imported blocks                            blockNumber=20573441 slot=9781369 blocks=573440 txs=91404654 mgas=8682228 bps=38.32 tps=5699 mgps=580.5 avgBps=35.18 avgTps=5606 avgMGps=532.6 elapsed=4h31m42s
Sep 05 00:09:50 nimbus-eth1-mainnet-short-benchmark[3807182]: INF 2026-09-05 00:09:50.062+00:00 Imported blocks                            blockNumber=20581633 slot=9789611 blocks=581632 txs=92628389 mgas=8806651 bps=39.18 tps=5852 mgps=595.0 avgBps=35.23 avgTps=5609 avgMGps=533.4 elapsed=4h35m11s
Sep 05 00:13:26 nimbus-eth1-mainnet-short-benchmark[3807182]: INF 2026-09-05 00:13:26.595+00:00 Imported blocks                            blockNumber=20589825 slot=9797855 blocks=589824 txs=93887208 mgas=8931023 bps=37.83 tps=5813 mgps=574.4 avgBps=35.26 avgTps=5612 avgMGps=533.9 elapsed=4h38m48s
Sep 05 00:17:07 nimbus-eth1-mainnet-short-benchmark[3807182]: INF 2026-09-05 00:17:07.388+00:00 Imported blocks                            blockNumber=20598017 slot=9806095 blocks=598016 txs=95163338 mgas=9055310 bps=37.10 tps=5779 mgps=562.9 avgBps=35.28 avgTps=5614 avgMGps=534.3 elapsed=4h42m28s
Sep 05 00:20:48 nimbus-eth1-mainnet-short-benchmark[3807182]: INF 2026-09-05 00:20:48.377+00:00 Imported blocks                            blockNumber=20606209 slot=9814347 blocks=606208 txs=96334664 mgas=9179976 bps=37.07 tps=5300 mgps=564.1 avgBps=35.31 avgTps=5610 avgMGps=534.7 elapsed=4h46m9s
Sep 05 00:24:21 nimbus-eth1-mainnet-short-benchmark[3807182]: INF 2026-09-05 00:24:21.262+00:00 Imported blocks                            blockNumber=20614401 slot=9822581 blocks=614400 txs=97573414 mgas=9304574 bps=38.48 tps=5818 mgps=585.3 avgBps=35.35 avgTps=5613 avgMGps=535.3 elapsed=4h49m42s
Sep 05 00:27:56 nimbus-eth1-mainnet-short-benchmark[3807182]: INF 2026-09-05 00:27:56.503+00:00 Imported blocks                            blockNumber=20622593 slot=9830821 blocks=622592 txs=98874772 mgas=9428835 bps=38.06 tps=6046 mgps=577.3 avgBps=35.38 avgTps=5618 avgMGps=535.8 elapsed=4h53m17s
Sep 05 00:31:23 nimbus-eth1-mainnet-short-benchmark[3807182]: INF 2026-09-05 00:31:23.044+00:00 Imported blocks                            blockNumber=20630785 slot=9839058 blocks=630784 txs=100178707 mgas=9553009 bps=39.66 tps=6313 mgps=601.2 avgBps=35.43 avgTps=5626 avgMGps=536.6 elapsed=4h56m44s
Sep 05 00:34:58 nimbus-eth1-mainnet-short-benchmark[3807182]: INF 2026-09-05 00:34:58.029+00:00 Imported blocks                            blockNumber=20638977 slot=9847313 blocks=638976 txs=101489116 mgas=9677171 bps=38.10 tps=6095 mgps=577.5 avgBps=35.46 avgTps=5632 avgMGps=537.0 elapsed=5h19s473ms
Sep 05 00:38:31 nimbus-eth1-mainnet-short-benchmark[3807182]: INF 2026-09-05 00:38:31.082+00:00 Imported blocks                            blockNumber=20647169 slot=9855549 blocks=647168 txs=102730058 mgas=9801643 bps=38.45 tps=5824 mgps=584.2 avgBps=35.50 avgTps=5634 avgMGps=537.6 elapsed=5h3m52s
Sep 05 00:42:16 nimbus-eth1-mainnet-short-benchmark[3807182]: INF 2026-09-05 00:42:16.755+00:00 Imported blocks                            blockNumber=20655361 slot=9863778 blocks=655360 txs=103868002 mgas=9926541 bps=36.30 tps=5042 mgps=553.4 avgBps=35.51 avgTps=5627 avgMGps=537.8 elapsed=5h7m38s
Sep 05 00:45:46 nimbus-eth1-mainnet-short-benchmark[3807182]: INF 2026-09-05 00:45:46.983+00:00 Imported blocks                            blockNumber=20663553 slot=9872013 blocks=663552 txs=105112198 mgas=10051274 bps=38.97 tps=5918 mgps=593.3 avgBps=35.54 avgTps=5630 avgMGps=538.4 elapsed=5h11m8s
Sep 05 00:49:06 nimbus-eth1-mainnet-short-benchmark[3807182]: INF 2026-09-05 00:49:06.881+00:00 Imported blocks                            blockNumber=20671745 slot=9880241 blocks=671744 txs=106395904 mgas=10175177 bps=40.98 tps=6421 mgps=619.8 avgBps=35.60 avgTps=5638 avgMGps=539.3 elapsed=5h14m28s
Sep 05 00:52:30 nimbus-eth1-mainnet-short-benchmark[3807182]: INF 2026-09-05 00:52:30.290+00:00 Imported blocks                            blockNumber=20679937 slot=9888471 blocks=679936 txs=107674271 mgas=10299404 bps=40.27 tps=6284 mgps=610.7 avgBps=35.65 avgTps=5645 avgMGps=540.0 elapsed=5h17m51s
Sep 05 00:55:45 nimbus-eth1-mainnet-short-benchmark[3807182]: INF 2026-09-05 00:55:45.911+00:00 Imported blocks                            blockNumber=20688129 slot=9896698 blocks=688128 txs=108938536 mgas=10423298 bps=41.88 tps=6462 mgps=633.3 avgBps=35.71 avgTps=5654 avgMGps=541.0 elapsed=5h21m7s
Sep 05 00:59:14 nimbus-eth1-mainnet-short-benchmark[3807182]: INF 2026-09-05 00:59:14.172+00:00 Imported blocks                            blockNumber=20696321 slot=9904930 blocks=696320 txs=110235786 mgas=10547469 bps=39.34 tps=6228 mgps=596.2 avgBps=35.75 avgTps=5660 avgMGps=541.6 elapsed=5h24m35s
Sep 05 01:02:59 nimbus-eth1-mainnet-short-benchmark[3807182]: INF 2026-09-05 01:02:59.721+00:00 Imported blocks                            blockNumber=20704513 slot=9913154 blocks=704512 txs=111483759 mgas=10671677 bps=36.32 tps=5532 mgps=550.7 avgBps=35.76 avgTps=5658 avgMGps=541.7 elapsed=5h28m21s
Sep 05 01:06:31 nimbus-eth1-mainnet-short-benchmark[3807182]: INF 2026-09-05 01:06:31.630+00:00 Imported blocks                            blockNumber=20712705 slot=9921388 blocks=712704 txs=112764170 mgas=10795980 bps=38.66 tps=6042 mgps=586.6 avgBps=35.79 avgTps=5662 avgMGps=542.2 elapsed=5h31m53s
Sep 05 01:09:48 nimbus-eth1-mainnet-short-benchmark[3807182]: INF 2026-09-05 01:09:48.251+00:00 Imported blocks                            blockNumber=20720897 slot=9929633 blocks=720896 txs=114110517 mgas=10919926 bps=41.66 tps=6847 mgps=630.4 avgBps=35.85 avgTps=5674 avgMGps=543.0 elapsed=5h35m9s
Sep 05 01:13:12 nimbus-eth1-mainnet-short-benchmark[3807182]: INF 2026-09-05 01:13:12.616+00:00 Imported blocks                            blockNumber=20729089 slot=9937869 blocks=729088 txs=115449431 mgas=11043768 bps=40.09 tps=6551 mgps=606.0 avgBps=35.89 avgTps=5683 avgMGps=543.7 elapsed=5h38m34s
Sep 05 01:16:29 nimbus-eth1-mainnet-short-benchmark[3807182]: INF 2026-09-05 01:16:29.453+00:00 Imported blocks                            blockNumber=20737281 slot=9946108 blocks=737280 txs=116784468 mgas=11167784 bps=41.62 tps=6782 mgps=630.0 avgBps=35.95 avgTps=5693 avgMGps=544.5 elapsed=5h41m50s
Sep 05 01:19:55 nimbus-eth1-mainnet-short-benchmark[3807182]: INF 2026-09-05 01:19:55.334+00:00 Imported blocks                            blockNumber=20745473 slot=9954342 blocks=745472 txs=118101003 mgas=11291742 bps=39.79 tps=6394 mgps=602.1 avgBps=35.98 avgTps=5700 avgMGps=545.1 elapsed=5h45m16s
Sep 05 01:23:37 nimbus-eth1-mainnet-short-benchmark[3807182]: INF 2026-09-05 01:23:37.355+00:00 Imported blocks                            blockNumber=20753665 slot=9962581 blocks=753664 txs=119337525 mgas=11415859 bps=36.90 tps=5569 mgps=559.0 avgBps=35.99 avgTps=5699 avgMGps=545.2 elapsed=5h48m58s
Sep 05 01:27:05 nimbus-eth1-mainnet-short-benchmark[3807182]: INF 2026-09-05 01:27:05.908+00:00 Imported blocks                            blockNumber=20761857 slot=9970803 blocks=761856 txs=120564314 mgas=11540225 bps=39.28 tps=5882 mgps=596.3 avgBps=36.03 avgTps=5701 avgMGps=545.7 elapsed=5h52m27s
Sep 05 01:30:24 nimbus-eth1-mainnet-short-benchmark[3807182]: INF 2026-09-05 01:30:24.421+00:00 Imported blocks                            blockNumber=20770049 slot=9979058 blocks=770048 txs=121858083 mgas=11663918 bps=41.27 tps=6517 mgps=623.1 avgBps=36.07 avgTps=5708 avgMGps=546.4 elapsed=5h55m45s
Sep 05 01:33:34 nimbus-eth1-mainnet-short-benchmark[3807182]: INF 2026-09-05 01:33:34.182+00:00 Imported blocks                            blockNumber=20778241 slot=9987307 blocks=778240 txs=123161734 mgas=11787906 bps=43.17 tps=6870 mgps=653.4 avgBps=36.14 avgTps=5718 avgMGps=547.4 elapsed=5h58m55s
Sep 05 01:36:39 nimbus-eth1-mainnet-short-benchmark[3807182]: INF 2026-09-05 01:36:39.096+00:00 Imported blocks                            blockNumber=20786433 slot=9995542 blocks=786432 txs=124509456 mgas=11911612 bps=44.30 tps=7288 mgps=669.0 avgBps=36.21 avgTps=5732 avgMGps=548.4 elapsed=6h2m537ms
Sep 05 01:39:49 nimbus-eth1-mainnet-short-benchmark[3807182]: INF 2026-09-05 01:39:49.621+00:00 Imported blocks                            blockNumber=20794625 slot=10003781 blocks=794624 txs=125848921 mgas=12035338 bps=43.00 tps=7030 mgps=649.4 avgBps=36.27 avgTps=5743 avgMGps=549.3 elapsed=6h5m11s
Sep 05 01:43:03 nimbus-eth1-mainnet-short-benchmark[3807182]: INF 2026-09-05 01:43:03.946+00:00 Imported blocks                            blockNumber=20802817 slot=10012028 blocks=802816 txs=127089868 mgas=12158989 bps=42.16 tps=6385 mgps=636.3 avgBps=36.32 avgTps=5749 avgMGps=550.0 elapsed=6h8m25s
Sep 05 01:46:26 nimbus-eth1-mainnet-short-benchmark[3807182]: INF 2026-09-05 01:46:26.675+00:00 Imported blocks                            blockNumber=20811009 slot=10020249 blocks=811008 txs=128299762 mgas=12282850 bps=40.41 tps=5968 mgps=611.0 avgBps=36.35 avgTps=5751 avgMGps=550.6 elapsed=6h11m48s
Sep 05 01:49:36 nimbus-eth1-mainnet-short-benchmark[3807182]: INF 2026-09-05 01:49:36.453+00:00 Imported blocks                            blockNumber=20819201 slot=10028481 blocks=819200 txs=129596319 mgas=12406594 bps=43.17 tps=6831 mgps=652.0 avgBps=36.41 avgTps=5760 avgMGps=551.5 elapsed=6h14m57s
Sep 05 01:52:45 nimbus-eth1-mainnet-short-benchmark[3807182]: INF 2026-09-05 01:52:44.998+00:00 Imported blocks                            blockNumber=20827393 slot=10036710 blocks=827392 txs=130916729 mgas=12530249 bps=43.45 tps=7003 mgps=655.8 avgBps=36.47 avgTps=5770 avgMGps=552.3 elapsed=6h18m6s
Sep 05 01:55:54 nimbus-eth1-mainnet-short-benchmark[3807182]: INF 2026-09-05 01:55:54.935+00:00 Imported blocks                            blockNumber=20835585 slot=10044938 blocks=835584 txs=132226625 mgas=12654070 bps=43.13 tps=6896 mgps=651.9 avgBps=36.53 avgTps=5780 avgMGps=553.2 elapsed=6h21m16s
Sep 05 01:59:16 nimbus-eth1-mainnet-short-benchmark[3807182]: INF 2026-09-05 01:59:16.800+00:00 Imported blocks                            blockNumber=20843777 slot=10053164 blocks=843776 txs=133604192 mgas=12777730 bps=40.58 tps=6823 mgps=612.6 avgBps=36.56 avgTps=5789 avgMGps=553.7 elapsed=6h24m38s
Sep 05 02:03:02 nimbus-eth1-mainnet-short-benchmark[3807182]: INF 2026-09-05 02:03:02.749+00:00 Imported blocks                            blockNumber=20851969 slot=10061391 blocks=851968 txs=134900706 mgas=12901664 bps=36.26 tps=5738 mgps=548.5 avgBps=36.56 avgTps=5788 avgMGps=553.6 elapsed=6h28m24s
Sep 05 02:06:38 nimbus-eth1-mainnet-short-benchmark[3807182]: INF 2026-09-05 02:06:38.118+00:00 Imported blocks                            blockNumber=20860161 slot=10069622 blocks=860160 txs=136168750 mgas=13025603 bps=38.04 tps=5887 mgps=575.5 avgBps=36.57 avgTps=5789 avgMGps=553.8 elapsed=6h31m59s
Sep 05 02:10:11 nimbus-eth1-mainnet-short-benchmark[3807182]: INF 2026-09-05 02:10:11.111+00:00 Imported blocks                            blockNumber=20868353 slot=10077838 blocks=868352 txs=137550724 mgas=13149742 bps=38.46 tps=6488 mgps=582.8 avgBps=36.59 avgTps=5795 avgMGps=554.1 elapsed=6h35m32s
Sep 05 02:13:42 nimbus-eth1-mainnet-short-benchmark[3807182]: INF 2026-09-05 02:13:42.876+00:00 Imported blocks                            blockNumber=20876545 slot=10086066 blocks=876544 txs=138954673 mgas=13273457 bps=38.68 tps=6629 mgps=584.2 avgBps=36.61 avgTps=5803 avgMGps=554.3 elapsed=6h39m4s
Sep 05 02:17:06 nimbus-eth1-mainnet-short-benchmark[3807182]: INF 2026-09-05 02:17:06.949+00:00 Imported blocks                            blockNumber=20884737 slot=10094286 blocks=884736 txs=140256178 mgas=13397479 bps=40.14 tps=6377 mgps=607.7 avgBps=36.64 avgTps=5808 avgMGps=554.8 elapsed=6h42m28s
Sep 05 02:20:25 nimbus-eth1-mainnet-short-benchmark[3807182]: INF 2026-09-05 02:20:25.522+00:00 Imported blocks                            blockNumber=20892929 slot=10102512 blocks=892928 txs=141581868 mgas=13521575 bps=41.25 tps=6676 mgps=624.9 avgBps=36.68 avgTps=5815 avgMGps=555.4 elapsed=6h45m46s
Sep 05 02:23:46 nimbus-eth1-mainnet-short-benchmark[3807182]: INF 2026-09-05 02:23:46.211+00:00 Imported blocks                            blockNumber=20901121 slot=10110732 blocks=901120 txs=142875889 mgas=13645572 bps=40.82 tps=6447 mgps=617.9 avgBps=36.71 avgTps=5820 avgMGps=555.9 elapsed=6h49m7s
Sep 05 02:27:04 nimbus-eth1-mainnet-short-benchmark[3807182]: INF 2026-09-05 02:27:04.940+00:00 Imported blocks                            blockNumber=20909313 slot=10118953 blocks=909312 txs=144102308 mgas=13769390 bps=41.22 tps=6171 mgps=623.0 avgBps=36.75 avgTps=5823 avgMGps=556.4 elapsed=6h52m26s
Sep 05 02:30:19 nimbus-eth1-mainnet-short-benchmark[3807182]: INF 2026-09-05 02:30:19.418+00:00 Imported blocks                            blockNumber=20917505 slot=10127176 blocks=917504 txs=145406349 mgas=13893087 bps=42.12 tps=6705 mgps=636.0 avgBps=36.79 avgTps=5830 avgMGps=557.0 elapsed=6h55m40s
Sep 05 02:33:24 nimbus-eth1-mainnet-short-benchmark[3807182]: INF 2026-09-05 02:33:24.843+00:00 Imported blocks                            blockNumber=20925697 slot=10135394 blocks=925696 txs=146718394 mgas=14016820 bps=44.18 tps=7075 mgps=667.3 avgBps=36.84 avgTps=5839 avgMGps=557.9 elapsed=6h58m46s
Sep 05 02:36:42 nimbus-eth1-mainnet-short-benchmark[3807182]: INF 2026-09-05 02:36:42.496+00:00 Imported blocks                            blockNumber=20933889 slot=10143614 blocks=933888 txs=148049109 mgas=14140625 bps=41.45 tps=6732 mgps=626.4 avgBps=36.88 avgTps=5846 avgMGps=558.4 elapsed=7h2m3s
Sep 05 02:39:57 nimbus-eth1-mainnet-short-benchmark[3807182]: INF 2026-09-05 02:39:57.709+00:00 Imported blocks                            blockNumber=20942081 slot=10151840 blocks=942080 txs=149397364 mgas=14264352 bps=41.96 tps=6906 mgps=633.8 avgBps=36.92 avgTps=5854 avgMGps=559.0 elapsed=7h5m19s
Sep 05 02:43:15 nimbus-eth1-mainnet-short-benchmark[3807182]: INF 2026-09-05 02:43:15.807+00:00 Imported blocks                            blockNumber=20950273 slot=10160098 blocks=950272 txs=150765507 mgas=14388237 bps=41.35 tps=6906 mgps=625.4 avgBps=36.95 avgTps=5862 avgMGps=559.5 elapsed=7h8m37s
Sep 05 02:46:47 nimbus-eth1-mainnet-short-benchmark[3807182]: INF 2026-09-05 02:46:47.076+00:00 Imported blocks                            blockNumber=20958465 slot=10168363 blocks=958464 txs=152044771 mgas=14511987 bps=38.78 tps=6055 mgps=585.8 avgBps=36.97 avgTps=5863 avgMGps=559.7 elapsed=7h12m8s
Sep 05 02:50:10 nimbus-eth1-mainnet-short-benchmark[3807182]: INF 2026-09-05 02:50:10.421+00:00 Imported blocks                            blockNumber=20966657 slot=10176609 blocks=966656 txs=153365296 mgas=14635804 bps=40.29 tps=6493 mgps=608.9 avgBps=36.99 avgTps=5868 avgMGps=560.1 elapsed=7h15m31s
Sep 05 02:53:32 nimbus-eth1-mainnet-short-benchmark[3807182]: INF 2026-09-05 02:53:32.234+00:00 Imported blocks                            blockNumber=20974849 slot=10184849 blocks=974848 txs=154744917 mgas=14759580 bps=40.59 tps=6836 mgps=613.3 avgBps=37.02 avgTps=5876 avgMGps=560.5 elapsed=7h18m53s
Sep 05 02:56:59 nimbus-eth1-mainnet-short-benchmark[3807182]: INF 2026-09-05 02:56:59.063+00:00 Imported blocks                            blockNumber=20983041 slot=10193086 blocks=983040 txs=156055229 mgas=14883451 bps=39.61 tps=6335 mgps=598.9 avgBps=37.04 avgTps=5879 avgMGps=560.8 elapsed=7h22m20s
Sep 05 03:00:01 nimbus-eth1-mainnet-short-benchmark[3807182]: INF 2026-09-05 03:00:01.660+00:00 Imported blocks                            blockNumber=20991233 slot=10201319 blocks=991232 txs=157563202 mgas=15007557 bps=44.86 tps=8258 mgps=679.7 avgBps=37.09 avgTps=5896 avgMGps=561.6 elapsed=7h25m23s
Sep 05 03:03:32 nimbus-eth1-mainnet-short-benchmark[3807182]: INF 2026-09-05 03:03:32.713+00:00 Imported blocks                            blockNumber=20999425 slot=10209549 blocks=999424 txs=159003277 mgas=15131383 bps=38.81 tps=6823 mgps=586.7 avgBps=37.11 avgTps=5903 avgMGps=561.8 elapsed=7h28m54s
Sep 05 03:03:48 nimbus-eth1-mainnet-short-benchmark[3807182]: INF 2026-09-05 03:03:48.073+00:00 Imported blocks                            blockNumber=21000001 slot=10210128 blocks=1000000 txs=159109486 mgas=15140191 bps=37.50 tps=6914 mgps=573.4 avgBps=37.11 avgTps=5903 avgMGps=561.8 elapsed=7h29m9s
Sep 05 03:03:48 nimbus-eth1-mainnet-short-benchmark[3807182]: NTC 2026-09-05 03:03:48.073+00:00 Import complete                            blockNumber=21000001 slot=10210128 blocks=1000000 txs=159109486 mgas=15140191
Sep 05 03:03:49 nimbus-eth1-mainnet-short-benchmark[3778800]: <<< ending startNimbusWithImport (success)
Sep 05 03:03:49 nimbus-eth1-mainnet-short-benchmark[3778800]: >>> starting moveBenchmarkingFileToRepo
Sep 05 03:03:49 nimbus-eth1-mainnet-short-benchmark[3778800]: >>> copying debug-csv generated by nimbus to benchmarks repo
Sep 05 03:03:49 nimbus-eth1-mainnet-short-benchmark[3778800]: <<< ending moveBenchmarkingFileToRepo (success)
Sep 05 03:03:49 nimbus-eth1-mainnet-short-benchmark[3778800]: >>> starting generateBuildEnvironmentLogFile
Sep 05 03:03:57 nimbus-eth1-mainnet-short-benchmark[3778800]: <<< ending generateBuildEnvironmentLogFile (success)
Sep 05 03:03:57 nimbus-eth1-mainnet-short-benchmark[3778800]: >>> starting generateSystemdServiceLogs
