=== System Information Report ===
>>> Generated on: Mon Sep 14 10:22:31 PM UTC 2026
==========================
>>> CPU Architecture: x86_64
>>> CPU Byte Order: Little Endian
>>> CPU Cores: 16
>>> CPU Model: AMD Ryzen 7 PRO 8700GE w/ Radeon 780M Graphics
>>> CPU Cache Information:
L1d Cache: 256 KiB (8 instances)
L1i Cache: 256 KiB (8 instances)
L2 Cache: 8 MiB (8 instances)
L3 Cache: 16 MiB (1 instance)
>>> RAM Size: 61Gi
>>> Hard Disk Information:
/dev/md2 : 437G total, 243G free
/dev/md1 : 989M total, 690M free
/dev/nvme0n1p1 : 256M total, 256M free
/dev/nvme1n1 : 1.9T total, 647G free
==========================
=== Nimbus-ETH1 Benchmarking Report ===
>>> Total time spent in benchmarking (nanoseconds): 320935484339904
>>> Total time spent in benchmarking (human readable format): 3 days 17 hours 8 minutes 55 seconds
tail: error writing 'standard output': Broken pipe
>>> Start block number is 1
>>> End block number is 21005282
==========================
=== Comparison of last two benchmarks ===
python /data/status-im/nimbus-eth1/scripts/block-import-stats.py /data/status-im/nimbus-eth1-benchmarks/long-benchmark/20260907T120530_cc02c44b/blocks-import-benchmark.csv /data/status-im/nimbus-eth1-benchmarks/long-benchmark/20260911T050705_c9311b7f/blocks-import-benchmark.csv
blocks-import-benchmark.csv vs blocks-import-benchmark.csv
                         bps_x     bps_y      tps_x      tps_y     time_x     time_y    bpsd    tpsd  timed
block_number                                                                                               
(499713, 2778109]     5,498.03  5,479.74  27,013.17  26,871.43     26m39s     26m46s  -0.48%  -0.48%  0.51%
(2778109, 5056506]    1,746.51  1,740.84  31,293.27  31,186.19   1h29m15s   1h29m40s  -0.36%  -0.36%  0.39%
(5056506, 7334902]      142.07    141.53  15,213.41  15,149.34   4h30m33s   4h31m32s  -0.37%  -0.37%  0.38%
(7334902, 9613299]      118.59    118.15  12,817.80  12,770.87   5h24m39s   5h25m55s  -0.38%  -0.38%  0.38%
(9613299, 11891695]      68.30     67.82  10,683.89  10,608.78   9h31m34s   9h35m38s  -0.70%  -0.70%  0.71%
(11891695, 14170092]     44.08     43.91   8,650.86   8,617.80  14h32m56s  14h35m57s  -0.36%  -0.36%  0.36%
(14170092, 16448488]     38.22     38.18   6,424.61   6,417.74  16h36m20s  16h37m29s  -0.12%  -0.12%  0.12%
(16448488, 18726885]     36.83     36.71   5,394.21   5,377.95  17h14m24s  17h17m37s  -0.31%  -0.31%  0.31%
(18726885, 21005282]     33.38     33.33   5,413.44   5,406.18    19h6m6s   19h7m46s  -0.13%  -0.13%  0.14%

blocks: 20497377, baseline: 88h52m29s, contender: 89h8m25s
Time (total): 15m55s, 0.30%

bpsd = blocks per sec diff (+), tpsd = txs per sec diff, timed = time to process diff (-)
+ = more is better, - = less is better
==========================
