=== System Information Report ===
>>> Generated on: Wed Sep 16 06:01:07 PM UTC 2026
==========================
>>> CPU Architecture: x86_64
>>> CPU Byte Order: Little Endian
>>> CPU Cores: 16
>>> CPU Model: AMD Ryzen 7 PRO 8700GE w/ Radeon 780M Graphics
>>> CPU Cache Information:
L1d Cache: 256 KiB (8 instances)
L1i Cache: 256 KiB (8 instances)
L2 Cache: 8 MiB (8 instances)
L3 Cache: 16 MiB (1 instance)
>>> RAM Size: 61Gi
>>> Hard Disk Information:
/dev/md2 : 437G total, 199G free
/dev/md1 : 989M total, 690M free
/dev/nvme0n1p1 : 256M total, 256M free
/dev/nvme1n1 : 1.9T total, 487G free
==========================
=== Nimbus-ETH1 Benchmarking Report ===
>>> Total time spent in benchmarking (nanoseconds): 27097500645555
>>> Total time spent in benchmarking (human readable format): 7 hours 31 minutes 37 seconds
>>> Start block number is 20000001
>>> End block number is 21000001
==========================
=== Comparison of last two benchmarks ===
sort: write failed: 'standard output': Broken pipe
sort: write error
sort: write failed: 'standard output': Broken pipe
sort: write error
python /data/status-im/nimbus-eth1/scripts/block-import-stats.py /data/status-im/nimbus-eth1-benchmarks/short-benchmark/20260915T220632_71b433a9/blocks-import-benchmark.csv /data/status-im/nimbus-eth1-benchmarks/short-benchmark/20260916T102013_157433bf/blocks-import-benchmark.csv
blocks-import-benchmark.csv vs blocks-import-benchmark.csv
                      bps_x  bps_y     tps_x     tps_y  time_x  time_y    bpsd    tpsd   timed
block_number                                                                                  
(20000001, 20111112]  30.36  30.33  4,958.06  4,953.23  59m29s  59m29s  -0.04%  -0.04%   0.05%
(20111112, 20222223]  34.24  34.30  5,599.46  5,608.32   56m0s  55m54s   0.16%   0.16%  -0.16%
(20222223, 20333334]  36.03  36.21  5,840.39  5,869.80  49m28s  49m13s   0.51%   0.51%  -0.51%
(20333334, 20444445]  37.96  38.10  5,980.30  6,002.65  50m35s  50m23s   0.39%   0.39%  -0.38%
(20444445, 20555556]  37.52  37.70  5,782.23  5,809.51  47m24s  47m11s   0.48%   0.48%  -0.47%
(20555556, 20666667]  37.66  37.76  5,688.51  5,702.27  50m47s  50m39s   0.26%   0.26%  -0.26%
(20666667, 20777778]  39.37  39.53  6,195.89  6,219.80  45m10s  44m59s   0.40%   0.40%  -0.39%
(20777778, 20888889]  40.72  40.83  6,531.63  6,550.29   47m8s  46m59s   0.30%   0.30%  -0.30%
(20888889, 21000001]  40.78  40.89  6,721.73  6,739.79  46m57s  46m46s   0.27%   0.27%  -0.26%

blocks: 991808, baseline: 7h33m1s, contender: 7h31m37s
Time (total): -1m24s, -0.31%

bpsd = blocks per sec diff (+), tpsd = txs per sec diff, timed = time to process diff (-)
+ = more is better, - = less is better
==========================
