=== System Information Report ===
>>> Generated on: Tue Sep 29 12:30:53 AM UTC 2026
==========================
>>> CPU Architecture: x86_64
>>> CPU Byte Order: Little Endian
>>> CPU Cores: 16
>>> CPU Model: AMD Ryzen 7 PRO 8700GE w/ Radeon 780M Graphics
>>> CPU Cache Information:
L1d Cache: 256 KiB (8 instances)
L1i Cache: 256 KiB (8 instances)
L2 Cache: 8 MiB (8 instances)
L3 Cache: 16 MiB (1 instance)
>>> RAM Size: 61Gi
>>> Hard Disk Information:
/dev/md2 : 437G total, 199G free
/dev/md1 : 989M total, 690M free
/dev/nvme0n1p1 : 256M total, 256M free
/dev/nvme1n1 : 1.9T total, 486G free
==========================
=== Nimbus-ETH1 Benchmarking Report ===
>>> Total time spent in benchmarking (nanoseconds): 27686810929148
>>> Total time spent in benchmarking (human readable format): 7 hours 41 minutes 26 seconds
>>> Start block number is 20000001
>>> End block number is 21000001
==========================
=== Comparison of last two benchmarks ===
sort: write failed: 'standard output': Broken pipe
sort: write error
sort: write failed: 'standard output': Broken pipe
sort: write error
python /data/status-im/nimbus-eth1/scripts/block-import-stats.py /data/status-im/nimbus-eth1-benchmarks/short-benchmark/20260928T084655_87486297/blocks-import-benchmark.csv /data/status-im/nimbus-eth1-benchmarks/short-benchmark/20260928T164015_34910eb6/blocks-import-benchmark.csv
blocks-import-benchmark.csv vs blocks-import-benchmark.csv
                      bps_x  bps_y     tps_x     tps_y  time_x  time_y    bpsd    tpsd   timed
block_number                                                                                  
(20000001, 20111112]  30.06  30.06  4,908.24  4,909.22  1h0m1s  1h0m0s   0.02%   0.02%  -0.01%
(20111112, 20222223]  33.81  33.90  5,529.08  5,542.66  56m42s  56m34s   0.24%   0.24%  -0.24%
(20222223, 20333334]  35.62  35.68  5,772.71  5,783.32   50m1s  49m57s   0.16%   0.16%  -0.16%
(20333334, 20444445]  37.24  37.11  5,867.05  5,847.30  51m33s  51m44s  -0.34%  -0.34%   0.34%
(20444445, 20555556]  36.67  36.54  5,649.93  5,629.82  48m31s  48m41s  -0.35%  -0.35%   0.35%
(20555556, 20666667]  36.70  36.71  5,542.40  5,544.77   52m7s   52m6s   0.03%   0.03%  -0.03%
(20666667, 20777778]  38.44  38.59  6,048.21  6,073.05  46m16s   46m4s   0.42%   0.42%  -0.41%
(20777778, 20888889]  39.58  39.83  6,349.25  6,390.05  48m29s   48m9s   0.67%   0.67%  -0.66%
(20888889, 21000001]  39.61  39.76  6,530.01  6,554.51  48m19s   48m8s   0.39%   0.39%  -0.39%

blocks: 991808, baseline: 7h42m2s, contender: 7h41m26s
Time (total): -36s, -0.13%

bpsd = blocks per sec diff (+), tpsd = txs per sec diff, timed = time to process diff (-)
+ = more is better, - = less is better
==========================
