Sep 28 16:39:54 nimbus-eth1-mainnet-short-benchmark[3013252]: >>> starting cloneOrFetchBenchmarksRepo
Sep 28 16:39:55 nimbus-eth1-mainnet-short-benchmark[3013252]: >>> Fetching latest changes for nimbus-eth1-benchmarks...
Sep 28 16:39:56 nimbus-eth1-mainnet-short-benchmark[3013304]: HEAD is now at 5691c3a chore: update short benchmark Readme
Sep 28 16:39:56 nimbus-eth1-mainnet-short-benchmark[3013252]: <<< ending cloneOrFetchBenchmarksRepo (success)
Sep 28 16:39:56 nimbus-eth1-mainnet-short-benchmark[3013252]: >>> starting cloneOrFetchNimbusRepo
Sep 28 16:40:06 nimbus-eth1-mainnet-short-benchmark[3013252]: >>> Fetching latest changes for nimbus-eth1...
Sep 28 16:40:07 nimbus-eth1-mainnet-short-benchmark[3013687]: From https://github.com/status-im/nimbus-eth1
Sep 28 16:40:07 nimbus-eth1-mainnet-short-benchmark[3013687]:    87486297f..9b7ad4f18  master                -> origin/master
Sep 28 16:40:07 nimbus-eth1-mainnet-short-benchmark[3013687]:  * [new branch]          dependabot/submodules/vendor/nim-libp2p-05e8dfe -> origin/dependabot/submodules/vendor/nim-libp2p-05e8dfe
Sep 28 16:40:07 nimbus-eth1-mainnet-short-benchmark[3013687]:  * [new branch]          dependabot/submodules/vendor/nim-ssz-serialization-7550620 -> origin/dependabot/submodules/vendor/nim-ssz-serialization-7550620
Sep 28 16:40:07 nimbus-eth1-mainnet-short-benchmark[3013687]:  + d734f085b...bae8fb8ee portal-ipv6-support   -> origin/portal-ipv6-support  (forced update)
Sep 28 16:40:07 nimbus-eth1-mainnet-short-benchmark[3013687]:    7e4440564..02c1dbf39  rdb-cache-packed-keys -> origin/rdb-cache-packed-keys
Sep 28 16:40:07 nimbus-eth1-mainnet-short-benchmark[3013687]: warning: bae8fb8ee308dec1cba81232993d60997aa538a1:.gitmodules, multiple configurations found for 'submodule.vendor/nim-libplum.path'. Skipping second one!
Sep 28 16:40:07 nimbus-eth1-mainnet-short-benchmark[3013687]: warning: bae8fb8ee308dec1cba81232993d60997aa538a1:.gitmodules, multiple configurations found for 'submodule.vendor/nim-libplum.url'. Skipping second one!
Sep 28 16:40:07 nimbus-eth1-mainnet-short-benchmark[3013687]: Fetching submodule vendor/nim-eth
Sep 28 16:40:08 nimbus-eth1-mainnet-short-benchmark[3013687]: From https://github.com/status-im/nim-eth
Sep 28 16:40:08 nimbus-eth1-mainnet-short-benchmark[3013687]:  + d0a9a4a...4777d21 ipv6-support-discv5-enr -> origin/ipv6-support-discv5-enr  (forced update)
Sep 28 16:40:08 nimbus-eth1-mainnet-short-benchmark[3013687]: Fetching submodule vendor/nim-libp2p
Sep 28 16:40:09 nimbus-eth1-mainnet-short-benchmark[3013687]: From https://github.com/vacp2p/nim-libp2p
Sep 28 16:40:09 nimbus-eth1-mainnet-short-benchmark[3013687]:  * [new branch]          feat/result/lpresult  -> origin/feat/result/lpresult
Sep 28 16:40:09 nimbus-eth1-mainnet-short-benchmark[3013687]:  * [new branch]          fix/kad/rotate-full-buckets -> origin/fix/kad/rotate-full-buckets
Sep 28 16:40:09 nimbus-eth1-mainnet-short-benchmark[3013687]:  + 21397f0de...2b910da87 fix/peers-taking-long-to-connect -> origin/fix/peers-taking-long-to-connect  (forced update)
Sep 28 16:40:09 nimbus-eth1-mainnet-short-benchmark[3013687]:  * [new branch]          fix/timed-cache-links -> origin/fix/timed-cache-links
Sep 28 16:40:09 nimbus-eth1-mainnet-short-benchmark[3013687]:    0ff81ed97..55fd1b634  gh-pages              -> origin/gh-pages
Sep 28 16:40:09 nimbus-eth1-mainnet-short-benchmark[3013687]:    2bfdc5207..7a970647a  master                -> origin/master
Sep 28 16:40:09 nimbus-eth1-mainnet-short-benchmark[3013687]:    ab49dc9c0..05e8dfea2  release/v2.3          -> origin/release/v2.3
Sep 28 16:40:09 nimbus-eth1-mainnet-short-benchmark[3013687]:    7edd055a6..f43a908d6  release/v2.4          -> origin/release/v2.4
Sep 28 16:40:09 nimbus-eth1-mainnet-short-benchmark[3013687]:  * [new tag]             v2.1.5                -> v2.1.5
Sep 28 16:40:09 nimbus-eth1-mainnet-short-benchmark[3013687]:  * [new tag]             v2.1.6                -> v2.1.6
Sep 28 16:40:09 nimbus-eth1-mainnet-short-benchmark[3013687]:  * [new tag]             v2.2.0                -> v2.2.0
Sep 28 16:40:09 nimbus-eth1-mainnet-short-benchmark[3013687]:  * [new tag]             v2.2.1                -> v2.2.1
Sep 28 16:40:09 nimbus-eth1-mainnet-short-benchmark[3013687]:  * [new tag]             v2.3.0                -> v2.3.0
Sep 28 16:40:09 nimbus-eth1-mainnet-short-benchmark[3013687]:  * [new tag]             v2.3.1                -> v2.3.1
Sep 28 16:40:09 nimbus-eth1-mainnet-short-benchmark[3013687]:  * [new tag]             v2.3.2                -> v2.3.2
Sep 28 16:40:09 nimbus-eth1-mainnet-short-benchmark[3013687]:  * [new tag]             v2.3.3                -> v2.3.3
Sep 28 16:40:09 nimbus-eth1-mainnet-short-benchmark[3013687]:  * [new tag]             v2.3.5                -> v2.3.5
Sep 28 16:40:09 nimbus-eth1-mainnet-short-benchmark[3013687]: Fetching submodule vendor/nim-ssz-serialization
Sep 28 16:40:10 nimbus-eth1-mainnet-short-benchmark[3013687]: From https://github.com/status-im/nim-ssz-serialization
Sep 28 16:40:10 nimbus-eth1-mainnet-short-benchmark[3013687]:  * [new branch]      dependabot/submodules/vendor/hashtree-76c54d6 -> origin/dependabot/submodules/vendor/hashtree-76c54d6
Sep 28 16:40:10 nimbus-eth1-mainnet-short-benchmark[3013687]:    603a90c..7550620  master     -> origin/master
Sep 28 16:40:10 nimbus-eth1-mainnet-short-benchmark[3013687]: Fetching submodule vendor/nim-ssz-serialization/vendor/hashtree
Sep 28 16:40:11 nimbus-eth1-mainnet-short-benchmark[3013687]: From https://github.com/OffchainLabs/hashtree
Sep 28 16:40:11 nimbus-eth1-mainnet-short-benchmark[3013687]:    30497cf..76c54d6  main              -> origin/main
Sep 28 16:40:11 nimbus-eth1-mainnet-short-benchmark[3013687]:  * [new branch]      release-0.2.6     -> origin/release-0.2.6
Sep 28 16:40:11 nimbus-eth1-mainnet-short-benchmark[3013687]:  * [new branch]      riscv-dont-clobber-go-g-register -> origin/riscv-dont-clobber-go-g-register
Sep 28 16:40:11 nimbus-eth1-mainnet-short-benchmark[3013687]:  + c15b2ab...a6de7fd update-syso-files -> origin/update-syso-files  (forced update)
Sep 28 16:40:11 nimbus-eth1-mainnet-short-benchmark[3013687]:  * [new tag]         v0.2.6            -> v0.2.6
Sep 28 16:40:11 nimbus-eth1-mainnet-short-benchmark[3013687]: Fetching submodule vendor/nimbus-eth2
Sep 28 16:40:12 nimbus-eth1-mainnet-short-benchmark[3013687]: From https://github.com/status-im/nimbus-eth2
Sep 28 16:40:12 nimbus-eth1-mainnet-short-benchmark[3013687]:  * [new branch]          dependabot/submodules/unstable/vendor/nim-ssz-serialization-7550620 -> origin/dependabot/submodules/unstable/vendor/nim-ssz-serialization-7550620
Sep 28 16:40:12 nimbus-eth1-mainnet-short-benchmark[3013687]:    509a51685..9c1d984b1  dev/etan/lc-backfilldb -> origin/dev/etan/lc-backfilldb
Sep 28 16:40:12 nimbus-eth1-mainnet-short-benchmark[3013687]:  * [new branch]          dev/etan/lc-dbondemand -> origin/dev/etan/lc-dbondemand
Sep 28 16:40:12 nimbus-eth1-mainnet-short-benchmark[3013687]:    09533a8b0..15cb25bae  testing                -> origin/testing
Sep 28 16:40:12 nimbus-eth1-mainnet-short-benchmark[3013687]:    09533a8b0..15cb25bae  unstable               -> origin/unstable
Sep 28 16:40:12 nimbus-eth1-mainnet-short-benchmark[3013687]: fatal: exec 'rev-list': cd to 'vendor/sepolia' failed: No such file or directory
Sep 28 16:40:13 nimbus-eth1-mainnet-short-benchmark[3013687]: Fetching submodule vendor/nimbus-eth2/vendor/nim-ssz-serialization
Sep 28 16:40:14 nimbus-eth1-mainnet-short-benchmark[3013687]: From https://github.com/status-im/nim-ssz-serialization
Sep 28 16:40:14 nimbus-eth1-mainnet-short-benchmark[3013687]:  * [new branch]      dependabot/submodules/vendor/hashtree-76c54d6 -> origin/dependabot/submodules/vendor/hashtree-76c54d6
Sep 28 16:40:14 nimbus-eth1-mainnet-short-benchmark[3013687]:    603a90c..7550620  master     -> origin/master
Sep 28 16:40:14 nimbus-eth1-mainnet-short-benchmark[3013687]: Fetching submodule vendor/nimbus-eth2/vendor/nim-ssz-serialization/vendor/hashtree
Sep 28 16:40:14 nimbus-eth1-mainnet-short-benchmark[3013687]: From https://github.com/OffchainLabs/hashtree
Sep 28 16:40:14 nimbus-eth1-mainnet-short-benchmark[3013687]:    30497cf..76c54d6  main              -> origin/main
Sep 28 16:40:14 nimbus-eth1-mainnet-short-benchmark[3013687]:  * [new branch]      release-0.2.6     -> origin/release-0.2.6
Sep 28 16:40:14 nimbus-eth1-mainnet-short-benchmark[3013687]:  * [new branch]      riscv-dont-clobber-go-g-register -> origin/riscv-dont-clobber-go-g-register
Sep 28 16:40:14 nimbus-eth1-mainnet-short-benchmark[3013687]:  + c15b2ab...a6de7fd update-syso-files -> origin/update-syso-files  (forced update)
Sep 28 16:40:14 nimbus-eth1-mainnet-short-benchmark[3013687]:  * [new tag]         v0.2.6            -> v0.2.6
Sep 28 16:40:14 nimbus-eth1-mainnet-short-benchmark[3013687]: Fetching submodule vendor/nimbus-eth2/vendor/sepolia
Sep 28 16:40:15 nimbus-eth1-mainnet-short-benchmark[3013783]: HEAD is now at 9b7ad4f18 Beacon sync fix garbled accounting fix (#4865)
Sep 28 16:40:15 nimbus-eth1-mainnet-short-benchmark[3013252]: >>> Found last benchmarked commit: 87486297
Sep 28 16:40:15 nimbus-eth1-mainnet-short-benchmark[3013252]: >>> Using next commit: 34910eb624ea1500c1c6e54fbb778285b1bf354e
Sep 28 16:40:15 nimbus-eth1-mainnet-short-benchmark[3013799]: HEAD is now at 34910eb62 bump eth2 (again) (#4862)
Sep 28 16:40:15 nimbus-eth1-mainnet-short-benchmark[3013252]: >>> Current commit: 34910eb62
Sep 28 16:40:15 nimbus-eth1-mainnet-short-benchmark[3013252]: <<< ending cloneOrFetchNimbusRepo (success)
Sep 28 16:40:15 nimbus-eth1-mainnet-short-benchmark[3013252]: >>> starting buildBinaries
Sep 28 16:40:15 nimbus-eth1-mainnet-short-benchmark[3013252]: >>> Building binaries for commit 34910eb6...
Sep 28 16:40:18 nimbus-eth1-mainnet-short-benchmark[3015057]: Submodule path 'vendor/nimbus-eth2': checked out '15cb25baec6fcd76f7520343d43747b13dde914b'
Sep 28 16:40:19 nimbus-eth1-mainnet-short-benchmark[3015901]: Submodule path 'vendor/nimbus-eth2/vendor/sepolia': checked out '237ad0dcfa4b93921fbfb178b2317b52d3c3e767'
Sep 28 16:40:23 nimbus-eth1-mainnet-short-benchmark[3019511]: Building: Nim compiler
Sep 28 16:43:28 nimbus-eth1-mainnet-short-benchmark[3019511]: Building custom Nimble commit: 42ef70c2102a942c46f13eb76872326edd525cec
Sep 28 16:43:39 nimbus-eth1-mainnet-short-benchmark[3019511]: Building Nimble...
Sep 28 16:43:49 nimbus-eth1-mainnet-short-benchmark[3019511]: Replacing nimble binary...
Sep 28 16:43:57 nimbus-eth1-mainnet-short-benchmark[3036443]: Building: build/generate_makefile
Sep 28 16:43:57 nimbus-eth1-mainnet-short-benchmark[3036308]: ROCKSDB CACHED VERSION: 11.8.1
Sep 28 16:43:57 nimbus-eth1-mainnet-short-benchmark[3036711]: RocksDb static libraries already built. Skipping build.
Sep 28 16:43:57 nimbus-eth1-mainnet-short-benchmark[3036443]: Build completed successfully: build/generate_makefile
Sep 28 16:43:57 nimbus-eth1-mainnet-short-benchmark[3036765]: Building: build/nimbus_execution_client
Sep 28 16:44:24 nimbus-eth1-mainnet-short-benchmark[3036894]: @["Unknown constants in file: ", "GAS_LIMIT_SCHEDULE", "GAS_LIMIT", "- EPOCH", "    GAS_LIMIT"]
Sep 28 16:44:24 nimbus-eth1-mainnet-short-benchmark[3036894]: @["Unknown constants in file: ", "GAS_LIMIT_SCHEDULE", "GAS_LIMIT", "- EPOCH", "    GAS_LIMIT"]
Sep 28 16:46:19 nimbus-eth1-mainnet-short-benchmark[3036765]: Build completed successfully: build/nimbus_execution_client
Sep 28 16:46:19 nimbus-eth1-mainnet-short-benchmark[3013252]: >>> renaming binaries to match commit they were built from
Sep 28 16:46:19 nimbus-eth1-mainnet-short-benchmark[3013252]: >>> creating a symbolic link to the latest version
Sep 28 16:46:19 nimbus-eth1-mainnet-short-benchmark[3013252]: >>> deleting copies that are older than N days
Sep 28 16:46:19 nimbus-eth1-mainnet-short-benchmark[3013252]: <<< ending buildBinaries (success)
Sep 28 16:46:19 nimbus-eth1-mainnet-short-benchmark[3013252]: >>> starting skipOrContinueBenchmark
Sep 28 16:46:19 nimbus-eth1-mainnet-short-benchmark[3013252]: <<< ending skipOrContinueBenchmark (success)
Sep 28 16:46:19 nimbus-eth1-mainnet-short-benchmark[3013252]: >>> starting copyTemplateDatabase
Sep 28 16:46:19 nimbus-eth1-mainnet-short-benchmark[3013252]: >>> Copying template db into nimbus data directory
Sep 28 16:49:23 nimbus-eth1-mainnet-short-benchmark[3013252]: >>> Template db copied
Sep 28 16:49:23 nimbus-eth1-mainnet-short-benchmark[3013252]: >>> making nimbus the owner of the copied files
Sep 28 16:49:23 nimbus-eth1-mainnet-short-benchmark[3013252]: <<< ending copyTemplateDatabase (success)
Sep 28 16:49:23 nimbus-eth1-mainnet-short-benchmark[3013252]: >>> starting startNimbusWithImport
Sep 28 16:49:23 nimbus-eth1-mainnet-short-benchmark[3042473]: INF 2026-09-28 16:49:23.291+00:00 Launching execution client                 version=v0.4.1-34910eb6 config="(configFile: none(InputFile), dataDirFlag: some(/data/status-im/nimbus-eth1/data/shared_mainnet_0), era1DirFlag: some(/data/era1), eraDirFlag: some(/data/era), ereDirFlag: none(OutDir), keyStoreDirFlag: none(OutDir), importKey: , trustedSetupFile: none(string), extraData: Nimbus/v0.4.1-34910eb6, gasLimit: none(uint64), maxBlobs: none(byte), network: [mainnet], logLevel: INFO, logFormat: auto, metricsEnabled: false, metricsPort: 9093, metricsAddress: 127.0.0.1, bootstrapNodes: [], elBootstrapNodes: [], bootstrapFile: , elBootstrapFile: , staticPeers: [], staticPeersFile: , reconnectMaxRetry: 0, reconnectInterval: 15, listenAddress: ::, tcpPort: 30303, udpPortFlag: none(Port), maxPeersOpt: none(int), elMaxPeersOpt: none(int), nat: (hasExtIp: false, nat: NatAny), discv5: true, netKey: random, agentString: Nimbus/v0.4.1-34910eb6/linux-amd64/Nim-2.2.12, numThreads: 0, persistBatchSize: 4, dynamicBatchSize: false, rocksdbMaxOpenFiles: 2048, rocksdbWriteBufferSize: 67108864, rocksdbRowCacheSize: 0, rocksdbBlockCacheSize: 2147483648, rocksdbBlockCacheType: hyperclock, rdbVtxCacheSize: 536870912, rdbKeyCacheSize: 1342177280, rdbBranchCacheSize: 1312817152, rdbPrintStats: false, rewriteDatadirId: true, aristoDbMaxSnapshots: 5, debugParallel: none(bool), parallelStateRootComputationFlag: false, parallelSenderRecoveryFlag: true, optimisticStatePrefetchFlag: false, balStatePrefetchFlag: false, balStatePrefetchWorkers: 0, balParallelExecutionFlag: false, balPruning: true, eagerStateRootCheck: false, deserializeFcState: true, statelessProvider: false, statelessWitnessValidation: false, cmd: import, maxBlocks: 1000000, chunkSize: 8192, csvStats: some("/data/host-benchmarks/short/3539ca0e87504157a8d8eff8a09ec807/blocks-import-benchmark.csv"), validation: false, fullValidation: false, storeBodies: false, storeReceipts: false, storeSlotHashes: false)"
Sep 28 16:49:23 nimbus-eth1-mainnet-short-benchmark[3042473]: WRN 2026-09-28 16:49:23.299+00:00 Data directory has insecure permissions. Correcting them. data_dir=/data/status-im/nimbus-eth1/data/shared_mainnet_0 current_permissions=0755 required_permissions=0700
Sep 28 16:49:25 nimbus-eth1-mainnet-short-benchmark[3042473]: INF 2026-09-28 16:49:25.123+00:00 Taskpool started                           numThreads=16
Sep 28 16:49:25 nimbus-eth1-mainnet-short-benchmark[3042473]: CreateIOUring failed: Invalid argument (errno=22), thread=140440450637056
Sep 28 16:49:25 nimbus-eth1-mainnet-short-benchmark[3042473]: INF 2026-09-28 16:49:25.271+00:00 Database initialized                       base="(0xd24fd73f794058a3807db926d8898c6481e902b7edb91ce0d479d6760f276183, 20000000)" finalized="(0xd24fd73f794058a3807db926d8898c6481e902b7edb91ce0d479d6760f276183, 20000000)" head="(0xd4e56740f876aef8c010b86a40d5f56745a118d0906a34e69aec8c0db1cb8fa3, 0)"
Sep 28 16:49:25 nimbus-eth1-mainnet-short-benchmark[3042473]: NTC 2026-09-28 16:49:25.275+00:00 Could not open ere database, falling back to era1/era import ereDir=/data/status-im/nimbus-eth1/data/shared_mainnet_0/ere networkName=mainnet error="No ere files found in /data/status-im/nimbus-eth1/data/shared_mainnet_0/ere"
Sep 28 16:49:25 nimbus-eth1-mainnet-short-benchmark[3042473]: NTC 2026-09-28 16:49:25.275+00:00 Importing era archive                      blockNumber=20000001 dataDir=/data/status-im/nimbus-eth1/data/shared_mainnet_0 eraDir=/data/era
Sep 28 16:49:27 nimbus-eth1-mainnet-short-benchmark[3042473]: NTC 2026-09-28 16:49:27.575+00:00 Matched block to slot number               blockNumber=20000001 slot=9204783
Sep 28 16:55:33 nimbus-eth1-mainnet-short-benchmark[3042473]: INF 2026-09-28 16:55:33.886+00:00 Imported blocks                            blockNumber=20008193 slot=9213020 blocks=8192 txs=1226966 mgas=124237 bps=22.22 tps=3328 mgps=337.0 avgBps=22.22 avgTps=3328 avgMGps=337.0 elapsed=6m8s613ms
Sep 28 17:00:58 nimbus-eth1-mainnet-short-benchmark[3042473]: INF 2026-09-28 17:00:58.909+00:00 Imported blocks                            blockNumber=20016385 slot=9221256 blocks=16384 txs=2540380 mgas=248071 bps=25.20 tps=4040 mgps=381.0 avgBps=23.62 avgTps=3662 avgMGps=357.6 elapsed=11m33s637ms
Sep 28 17:06:09 nimbus-eth1-mainnet-short-benchmark[3042473]: INF 2026-09-28 17:06:09.013+00:00 Imported blocks                            blockNumber=20024577 slot=9229485 blocks=24576 txs=3869398 mgas=372018 bps=26.42 tps=4285 mgps=399.7 avgBps=24.48 avgTps=3854 avgMGps=370.6 elapsed=16m43s743ms
Sep 28 17:10:47 nimbus-eth1-mainnet-short-benchmark[3042473]: INF 2026-09-28 17:10:47.801+00:00 Imported blocks                            blockNumber=20032769 slot=9237722 blocks=32768 txs=5222766 mgas=495797 bps=29.38 tps=4854 mgps=444.0 avgBps=25.55 avgTps=4072 avgMGps=386.6 elapsed=21m22s529ms
Sep 28 17:15:15 nimbus-eth1-mainnet-short-benchmark[3042473]: INF 2026-09-28 17:15:15.145+00:00 Imported blocks                            blockNumber=20040961 slot=9245957 blocks=40960 txs=6566802 mgas=619586 bps=30.64 tps=5027 mgps=463.0 avgBps=26.43 avgTps=4236 avgMGps=399.8 elapsed=25m49s874ms
Sep 28 17:20:03 nimbus-eth1-mainnet-short-benchmark[3042473]: INF 2026-09-28 17:20:03.657+00:00 Imported blocks                            blockNumber=20049153 slot=9254196 blocks=49152 txs=7904746 mgas=743522 bps=28.39 tps=4637 mgps=429.6 avgBps=26.74 avgTps=4299 avgMGps=404.4 elapsed=30m38s387ms
Sep 28 17:24:43 nimbus-eth1-mainnet-short-benchmark[3042473]: INF 2026-09-28 17:24:43.345+00:00 Imported blocks                            blockNumber=20057345 slot=9262435 blocks=57344 txs=9212009 mgas=867360 bps=29.29 tps=4674 mgps=442.8 avgBps=27.07 avgTps=4349 avgMGps=409.5 elapsed=35m18s73ms
Sep 28 17:29:02 nimbus-eth1-mainnet-short-benchmark[3042473]: INF 2026-09-28 17:29:02.017+00:00 Imported blocks                            blockNumber=20065537 slot=9270674 blocks=65536 txs=10559018 mgas=991371 bps=31.67 tps=5207 mgps=479.4 avgBps=27.57 avgTps=4442 avgMGps=417.1 elapsed=39m36s747ms
Sep 28 17:33:06 nimbus-eth1-mainnet-short-benchmark[3042473]: INF 2026-09-28 17:33:06.122+00:00 Imported blocks                            blockNumber=20073729 slot=9278910 blocks=73728 txs=11898676 mgas=1115111 bps=33.56 tps=5488 mgps=506.9 avgBps=28.13 avgTps=4540 avgMGps=425.5 elapsed=43m40s849ms
Sep 28 17:37:02 nimbus-eth1-mainnet-short-benchmark[3042473]: INF 2026-09-28 17:37:02.390+00:00 Imported blocks                            blockNumber=20081921 slot=9287152 blocks=81920 txs=13323263 mgas=1239150 bps=34.67 tps=6029 mgps=525.0 avgBps=28.67 avgTps=4663 avgMGps=433.7 elapsed=47m37s117ms
Sep 28 17:40:55 nimbus-eth1-mainnet-short-benchmark[3042473]: INF 2026-09-28 17:40:55.023+00:00 Imported blocks                            blockNumber=20090113 slot=9295408 blocks=90112 txs=14697082 mgas=1363113 bps=35.21 tps=5905 mgps=532.9 avgBps=29.16 avgTps=4756 avgMGps=441.2 elapsed=51m29s748ms
Sep 28 17:45:04 nimbus-eth1-mainnet-short-benchmark[3042473]: INF 2026-09-28 17:45:04.356+00:00 Imported blocks                            blockNumber=20098305 slot=9303658 blocks=98304 txs=16025683 mgas=1487146 bps=32.86 tps=5328 mgps=497.5 avgBps=29.44 avgTps=4799 avgMGps=445.4 elapsed=55m39s82ms
Sep 28 17:49:26 nimbus-eth1-mainnet-short-benchmark[3042473]: INF 2026-09-28 17:49:26.016+00:00 Imported blocks                            blockNumber=20106497 slot=9311895 blocks=106496 txs=17337157 mgas=1611066 bps=31.31 tps=5012 mgps=473.6 avgBps=29.58 avgTps=4814 avgMGps=447.4 elapsed=1h740ms800us
Sep 28 17:53:33 nimbus-eth1-mainnet-short-benchmark[3042473]: INF 2026-09-28 17:53:33.300+00:00 Imported blocks                            blockNumber=20114689 slot=9320146 blocks=114688 txs=18632097 mgas=1735123 bps=33.13 tps=5236 mgps=501.7 avgBps=29.80 avgTps=4841 avgMGps=450.9 elapsed=1h4m8s
Sep 28 17:57:21 nimbus-eth1-mainnet-short-benchmark[3042473]: INF 2026-09-28 17:57:21.889+00:00 Imported blocks                            blockNumber=20122881 slot=9328409 blocks=122880 txs=19937418 mgas=1859249 bps=35.84 tps=5710 mgps=543.0 avgBps=30.14 avgTps=4890 avgMGps=456.1 elapsed=1h7m56s
Sep 28 18:01:09 nimbus-eth1-mainnet-short-benchmark[3042473]: INF 2026-09-28 18:01:09.274+00:00 Imported blocks                            blockNumber=20131073 slot=9336660 blocks=131072 txs=21214129 mgas=1983500 bps=36.03 tps=5614 mgps=546.4 avgBps=30.45 avgTps=4928 avgMGps=460.9 elapsed=1h11m44s
Sep 28 18:04:59 nimbus-eth1-mainnet-short-benchmark[3042473]: INF 2026-09-28 18:04:59.539+00:00 Imported blocks                            blockNumber=20139265 slot=9344906 blocks=139264 txs=22579079 mgas=2107571 bps=35.58 tps=5927 mgps=538.8 avgBps=30.71 avgTps=4979 avgMGps=464.8 elapsed=1h15m34s
Sep 28 18:09:33 nimbus-eth1-mainnet-short-benchmark[3042473]: INF 2026-09-28 18:09:33.359+00:00 Imported blocks                            blockNumber=20147457 slot=9353153 blocks=147456 txs=24133322 mgas=2231686 bps=29.92 tps=5676 mgps=453.3 avgBps=30.67 avgTps=5019 avgMGps=464.2 elapsed=1h20m8s
Sep 28 18:13:54 nimbus-eth1-mainnet-short-benchmark[3042473]: INF 2026-09-28 18:13:54.851+00:00 Imported blocks                            blockNumber=20155649 slot=9361407 blocks=155648 txs=25424015 mgas=2356018 bps=31.33 tps=4935 mgps=475.5 avgBps=30.70 avgTps=5015 avgMGps=464.7 elapsed=1h24m29s
Sep 28 18:17:56 nimbus-eth1-mainnet-short-benchmark[3042473]: INF 2026-09-28 18:17:56.735+00:00 Imported blocks                            blockNumber=20163841 slot=9369652 blocks=163840 txs=26749549 mgas=2480207 bps=33.87 tps=5480 mgps=513.4 avgBps=30.85 avgTps=5036 avgMGps=467.0 elapsed=1h28m31s
Sep 28 18:21:51 nimbus-eth1-mainnet-short-benchmark[3042473]: INF 2026-09-28 18:21:51.168+00:00 Imported blocks                            blockNumber=20172033 slot=9377892 blocks=172032 txs=28105316 mgas=2604026 bps=34.94 tps=5783 mgps=528.2 avgBps=31.02 avgTps=5067 avgMGps=469.5 elapsed=1h32m25s
Sep 28 18:25:51 nimbus-eth1-mainnet-short-benchmark[3042473]: INF 2026-09-28 18:25:51.713+00:00 Imported blocks                            blockNumber=20180225 slot=9386128 blocks=180224 txs=29524405 mgas=2728170 bps=34.06 tps=5899 mgps=516.1 avgBps=31.15 avgTps=5102 avgMGps=471.5 elapsed=1h36m26s
Sep 28 18:29:35 nimbus-eth1-mainnet-short-benchmark[3042473]: INF 2026-09-28 18:29:35.253+00:00 Imported blocks                            blockNumber=20188417 slot=9394365 blocks=188416 txs=30849021 mgas=2852023 bps=36.65 tps=5925 mgps=554.1 avgBps=31.35 avgTps=5132 avgMGps=474.5 elapsed=1h40m9s
Sep 28 18:33:42 nimbus-eth1-mainnet-short-benchmark[3042473]: INF 2026-09-28 18:33:42.838+00:00 Imported blocks                            blockNumber=20196609 slot=9402602 blocks=196608 txs=32174755 mgas=2976155 bps=33.09 tps=5354 mgps=501.4 avgBps=31.42 avgTps=5141 avgMGps=475.6 elapsed=1h44m17s
Sep 28 18:38:03 nimbus-eth1-mainnet-short-benchmark[3042473]: INF 2026-09-28 18:38:03.382+00:00 Imported blocks                            blockNumber=20204801 slot=9410840 blocks=204800 txs=33475942 mgas=3100410 bps=31.44 tps=4994 mgps=476.9 avgBps=31.42 avgTps=5135 avgMGps=475.7 elapsed=1h48m38s
Sep 28 18:42:06 nimbus-eth1-mainnet-short-benchmark[3042473]: INF 2026-09-28 18:42:06.371+00:00 Imported blocks                            blockNumber=20212993 slot=9419071 blocks=212992 txs=34798508 mgas=3224370 bps=33.71 tps=5442 mgps=510.1 avgBps=31.50 avgTps=5146 avgMGps=476.9 elapsed=1h52m41s
Sep 28 18:46:00 nimbus-eth1-mainnet-short-benchmark[3042473]: INF 2026-09-28 18:46:00.631+00:00 Imported blocks                            blockNumber=20221185 slot=9427313 blocks=221184 txs=36114045 mgas=3348169 bps=34.97 tps=5615 mgps=528.5 avgBps=31.62 avgTps=5162 avgMGps=478.6 elapsed=1h56m35s
Sep 28 18:49:36 nimbus-eth1-mainnet-short-benchmark[3042473]: INF 2026-09-28 18:49:36.992+00:00 Imported blocks                            blockNumber=20229377 slot=9435549 blocks=229376 txs=37421794 mgas=3472031 bps=37.86 tps=6044 mgps=572.5 avgBps=31.81 avgTps=5189 avgMGps=481.4 elapsed=2h11s721ms
Sep 28 18:53:25 nimbus-eth1-mainnet-short-benchmark[3042473]: INF 2026-09-28 18:53:25.173+00:00 Imported blocks                            blockNumber=20237569 slot=9443788 blocks=237568 txs=38842064 mgas=3596351 bps=35.90 tps=6224 mgps=544.8 avgBps=31.93 avgTps=5220 avgMGps=483.4 elapsed=2h3m59s
Sep 28 18:57:30 nimbus-eth1-mainnet-short-benchmark[3042473]: INF 2026-09-28 18:57:30.238+00:00 Imported blocks                            blockNumber=20245761 slot=9452021 blocks=245760 txs=40225739 mgas=3720100 bps=33.43 tps=5646 mgps=505.0 avgBps=31.98 avgTps=5234 avgMGps=484.1 elapsed=2h8m4s
Sep 28 19:01:48 nimbus-eth1-mainnet-short-benchmark[3042473]: INF 2026-09-28 19:01:48.638+00:00 Imported blocks                            blockNumber=20253953 slot=9460253 blocks=253952 txs=41454921 mgas=3844385 bps=31.70 tps=4756 mgps=481.0 avgBps=31.97 avgTps=5218 avgMGps=484.0 elapsed=2h12m23s
Sep 28 19:05:54 nimbus-eth1-mainnet-short-benchmark[3042473]: INF 2026-09-28 19:05:54.739+00:00 Imported blocks                            blockNumber=20262145 slot=9468495 blocks=262144 txs=42726051 mgas=3968623 bps=33.29 tps=5165 mgps=504.8 avgBps=32.01 avgTps=5217 avgMGps=484.6 elapsed=2h16m29s
Sep 28 19:09:45 nimbus-eth1-mainnet-short-benchmark[3042473]: INF 2026-09-28 19:09:45.080+00:00 Imported blocks                            blockNumber=20270337 slot=9476748 blocks=270336 txs=44050436 mgas=4092682 bps=35.56 tps=5749 mgps=538.6 avgBps=32.11 avgTps=5231 avgMGps=486.1 elapsed=2h20m19s
Sep 28 19:13:21 nimbus-eth1-mainnet-short-benchmark[3042473]: INF 2026-09-28 19:13:21.461+00:00 Imported blocks                            blockNumber=20278529 slot=9484981 blocks=278528 txs=45382368 mgas=4216487 bps=37.86 tps=6155 mgps=572.2 avgBps=32.25 avgTps=5254 avgMGps=488.2 elapsed=2h23m56s
Sep 28 19:17:02 nimbus-eth1-mainnet-short-benchmark[3042473]: INF 2026-09-28 19:17:02.590+00:00 Imported blocks                            blockNumber=20286721 slot=9493213 blocks=286720 txs=46733429 mgas=4340363 bps=37.05 tps=6109 mgps=560.2 avgBps=32.37 avgTps=5276 avgMGps=490.0 elapsed=2h27m37s
Sep 28 19:21:04 nimbus-eth1-mainnet-short-benchmark[3042473]: INF 2026-09-28 19:21:04.842+00:00 Imported blocks                            blockNumber=20294913 slot=9501453 blocks=294912 txs=48075887 mgas=4464376 bps=33.82 tps=5541 mgps=511.9 avgBps=32.41 avgTps=5283 avgMGps=490.6 elapsed=2h31m39s
Sep 28 19:25:03 nimbus-eth1-mainnet-short-benchmark[3042473]: INF 2026-09-28 19:25:03.931+00:00 Imported blocks                            blockNumber=20303105 slot=9509696 blocks=303104 txs=49379538 mgas=4588534 bps=34.26 tps=5452 mgps=519.3 avgBps=32.46 avgTps=5287 avgMGps=491.3 elapsed=2h35m38s
Sep 28 19:28:56 nimbus-eth1-mainnet-short-benchmark[3042473]: INF 2026-09-28 19:28:56.216+00:00 Imported blocks                            blockNumber=20311297 slot=9517922 blocks=311296 txs=50637672 mgas=4712596 bps=35.27 tps=5416 mgps=534.1 avgBps=32.53 avgTps=5290 avgMGps=492.4 elapsed=2h39m30s
Sep 28 19:32:36 nimbus-eth1-mainnet-short-benchmark[3042473]: INF 2026-09-28 19:32:36.617+00:00 Imported blocks                            blockNumber=20319489 slot=9526159 blocks=319488 txs=51981692 mgas=4836521 bps=37.17 tps=6098 mgps=562.3 avgBps=32.63 avgTps=5308 avgMGps=494.0 elapsed=2h43m11s
Sep 28 19:35:58 nimbus-eth1-mainnet-short-benchmark[3042473]: INF 2026-09-28 19:35:58.058+00:00 Imported blocks                            blockNumber=20327681 slot=9534381 blocks=327680 txs=53356123 mgas=4960245 bps=40.67 tps=6822 mgps=614.2 avgBps=32.79 avgTps=5339 avgMGps=496.4 elapsed=2h46m32s
Sep 28 19:39:21 nimbus-eth1-mainnet-short-benchmark[3042473]: INF 2026-09-28 19:39:21.211+00:00 Imported blocks                            blockNumber=20335873 slot=9542617 blocks=335872 txs=54719105 mgas=5084025 bps=40.32 tps=6709 mgps=609.3 avgBps=32.94 avgTps=5366 avgMGps=498.6 elapsed=2h49m55s
Sep 28 19:43:04 nimbus-eth1-mainnet-short-benchmark[3042473]: INF 2026-09-28 19:43:04.576+00:00 Imported blocks                            blockNumber=20344065 slot=9550841 blocks=344064 txs=56021853 mgas=5207843 bps=36.68 tps=5832 mgps=554.3 avgBps=33.02 avgTps=5376 avgMGps=499.8 elapsed=2h53m39s
Sep 28 19:47:18 nimbus-eth1-mainnet-short-benchmark[3042473]: INF 2026-09-28 19:47:18.520+00:00 Imported blocks                            blockNumber=20352257 slot=9559072 blocks=352256 txs=57290408 mgas=5332016 bps=32.26 tps=4995 mgps=489.0 avgBps=33.00 avgTps=5367 avgMGps=499.6 elapsed=2h57m53s
Sep 28 19:51:09 nimbus-eth1-mainnet-short-benchmark[3042473]: INF 2026-09-28 19:51:09.093+00:00 Imported blocks                            blockNumber=20360449 slot=9567308 blocks=360448 txs=58543463 mgas=5456201 bps=35.53 tps=5434 mgps=538.6 avgBps=33.06 avgTps=5369 avgMGps=500.4 elapsed=3h1m43s
Sep 28 19:54:52 nimbus-eth1-mainnet-short-benchmark[3042473]: INF 2026-09-28 19:54:52.110+00:00 Imported blocks                            blockNumber=20368641 slot=9575548 blocks=368640 txs=59874056 mgas=5580204 bps=36.73 tps=5966 mgps=556.0 avgBps=33.13 avgTps=5381 avgMGps=501.5 elapsed=3h5m26s
Sep 28 19:58:45 nimbus-eth1-mainnet-short-benchmark[3042473]: INF 2026-09-28 19:58:45.826+00:00 Imported blocks                            blockNumber=20376833 slot=9583774 blocks=376832 txs=61167066 mgas=5704396 bps=35.05 tps=5532 mgps=531.4 avgBps=33.17 avgTps=5384 avgMGps=502.1 elapsed=3h9m20s
Sep 28 20:02:33 nimbus-eth1-mainnet-short-benchmark[3042473]: INF 2026-09-28 20:02:33.975+00:00 Imported blocks                            blockNumber=20385025 slot=9592009 blocks=385024 txs=62480333 mgas=5828235 bps=35.91 tps=5756 mgps=542.8 avgBps=33.22 avgTps=5391 avgMGps=502.9 elapsed=3h13m8s
Sep 28 20:06:20 nimbus-eth1-mainnet-short-benchmark[3042473]: INF 2026-09-28 20:06:20.916+00:00 Imported blocks                            blockNumber=20393217 slot=9600248 blocks=393216 txs=63800597 mgas=5952136 bps=36.10 tps=5817 mgps=546.0 avgBps=33.28 avgTps=5399 avgMGps=503.8 elapsed=3h16m55s
Sep 28 20:09:59 nimbus-eth1-mainnet-short-benchmark[3042473]: INF 2026-09-28 20:09:59.053+00:00 Imported blocks                            blockNumber=20401409 slot=9608486 blocks=401408 txs=65021243 mgas=6076384 bps=37.55 tps=5595 mgps=569.6 avgBps=33.36 avgTps=5403 avgMGps=504.9 elapsed=3h20m33s
Sep 28 20:13:52 nimbus-eth1-mainnet-short-benchmark[3042473]: INF 2026-09-28 20:13:52.497+00:00 Imported blocks                            blockNumber=20409601 slot=9616707 blocks=409600 txs=66199016 mgas=6200666 bps=35.09 tps=5045 mgps=532.4 avgBps=33.39 avgTps=5396 avgMGps=505.5 elapsed=3h24m27s
Sep 28 20:17:36 nimbus-eth1-mainnet-short-benchmark[3042473]: INF 2026-09-28 20:17:36.526+00:00 Imported blocks                            blockNumber=20417793 slot=9624941 blocks=417792 txs=67453930 mgas=6324823 bps=36.57 tps=5601 mgps=554.2 avgBps=33.45 avgTps=5400 avgMGps=506.3 elapsed=3h28m11s
Sep 28 20:20:55 nimbus-eth1-mainnet-short-benchmark[3042473]: INF 2026-09-28 20:20:55.691+00:00 Imported blocks                            blockNumber=20425985 slot=9633187 blocks=425984 txs=68814904 mgas=6448778 bps=41.13 tps=6833 mgps=622.4 avgBps=33.57 avgTps=5422 avgMGps=508.2 elapsed=3h31m30s
Sep 28 20:24:13 nimbus-eth1-mainnet-short-benchmark[3042473]: INF 2026-09-28 20:24:13.745+00:00 Imported blocks                            blockNumber=20434177 slot=9641422 blocks=434176 txs=70124508 mgas=6572711 bps=41.36 tps=6612 mgps=625.7 avgBps=33.69 avgTps=5440 avgMGps=510.0 elapsed=3h34m48s
Sep 28 20:27:42 nimbus-eth1-mainnet-short-benchmark[3042473]: INF 2026-09-28 20:27:42.406+00:00 Imported blocks                            blockNumber=20442369 slot=9649657 blocks=442368 txs=71403576 mgas=6696451 bps=39.26 tps=6129 mgps=593.0 avgBps=33.78 avgTps=5451 avgMGps=511.3 elapsed=3h38m17s
Sep 28 20:31:29 nimbus-eth1-mainnet-short-benchmark[3042473]: INF 2026-09-28 20:31:29.727+00:00 Imported blocks                            blockNumber=20450561 slot=9657896 blocks=450560 txs=72659905 mgas=6820521 bps=36.04 tps=5526 mgps=545.8 avgBps=33.81 avgTps=5453 avgMGps=511.9 elapsed=3h42m4s
Sep 28 20:35:37 nimbus-eth1-mainnet-short-benchmark[3042473]: INF 2026-09-28 20:35:37.599+00:00 Imported blocks                            blockNumber=20458753 slot=9666114 blocks=458752 txs=73838533 mgas=6945116 bps=33.05 tps=4755 mgps=502.7 avgBps=33.80 avgTps=5440 avgMGps=511.7 elapsed=3h46m12s
Sep 28 20:39:22 nimbus-eth1-mainnet-short-benchmark[3042473]: INF 2026-09-28 20:39:22.404+00:00 Imported blocks                            blockNumber=20466945 slot=9674343 blocks=466944 txs=75124748 mgas=7068943 bps=36.44 tps=5721 mgps=550.8 avgBps=33.84 avgTps=5444 avgMGps=512.3 elapsed=3h49m57s
Sep 28 20:43:07 nimbus-eth1-mainnet-short-benchmark[3042473]: INF 2026-09-28 20:43:07.305+00:00 Imported blocks                            blockNumber=20475137 slot=9682575 blocks=475136 txs=76420106 mgas=7192870 bps=36.42 tps=5759 mgps=551.0 avgBps=33.88 avgTps=5450 avgMGps=513.0 elapsed=3h53m42s
Sep 28 20:46:42 nimbus-eth1-mainnet-short-benchmark[3042473]: INF 2026-09-28 20:46:42.370+00:00 Imported blocks                            blockNumber=20483329 slot=9690800 blocks=483328 txs=77675422 mgas=7316939 bps=38.09 tps=5836 mgps=576.9 avgBps=33.95 avgTps=5455 avgMGps=513.9 elapsed=3h57m17s
Sep 28 20:50:14 nimbus-eth1-mainnet-short-benchmark[3042473]: INF 2026-09-28 20:50:14.027+00:00 Imported blocks                            blockNumber=20491521 slot=9699019 blocks=491520 txs=78951232 mgas=7440784 bps=38.70 tps=6027 mgps=585.1 avgBps=34.02 avgTps=5464 avgMGps=515.0 elapsed=4h48s755ms
Sep 28 20:54:00 nimbus-eth1-mainnet-short-benchmark[3042473]: INF 2026-09-28 20:54:00.487+00:00 Imported blocks                            blockNumber=20499713 slot=9707248 blocks=499712 txs=80189642 mgas=7564669 bps=36.17 tps=5468 mgps=547.1 avgBps=34.05 avgTps=5464 avgMGps=515.5 elapsed=4h4m35s
Sep 28 20:57:53 nimbus-eth1-mainnet-short-benchmark[3042473]: INF 2026-09-28 20:57:53.040+00:00 Imported blocks                            blockNumber=20507905 slot=9715488 blocks=507904 txs=81317763 mgas=7689208 bps=35.23 tps=4851 mgps=535.5 avgBps=34.07 avgTps=5454 avgMGps=515.8 elapsed=4h8m27s
Sep 28 21:01:17 nimbus-eth1-mainnet-short-benchmark[3042473]: INF 2026-09-28 21:01:17.889+00:00 Imported blocks                            blockNumber=20516097 slot=9723715 blocks=516096 txs=82520262 mgas=7813209 bps=39.99 tps=5870 mgps=605.3 avgBps=34.15 avgTps=5460 avgMGps=517.0 elapsed=4h11m52s
Sep 28 21:04:54 nimbus-eth1-mainnet-short-benchmark[3042473]: INF 2026-09-28 21:04:54.710+00:00 Imported blocks                            blockNumber=20524289 slot=9731945 blocks=524288 txs=83780075 mgas=7937233 bps=37.78 tps=5810 mgps=572.0 avgBps=34.20 avgTps=5465 avgMGps=517.8 elapsed=4h15m29s
Sep 28 21:08:38 nimbus-eth1-mainnet-short-benchmark[3042473]: INF 2026-09-28 21:08:38.739+00:00 Imported blocks                            blockNumber=20532481 slot=9740183 blocks=532480 txs=85263862 mgas=8061024 bps=36.57 tps=6623 mgps=552.6 avgBps=34.24 avgTps=5481 avgMGps=518.3 elapsed=4h19m13s
Sep 28 21:12:27 nimbus-eth1-mainnet-short-benchmark[3042473]: INF 2026-09-28 21:12:27.171+00:00 Imported blocks                            blockNumber=20540673 slot=9748418 blocks=540672 txs=86612143 mgas=8185090 bps=35.86 tps=5902 mgps=543.1 avgBps=34.26 avgTps=5488 avgMGps=518.6 elapsed=4h23m1s
Sep 28 21:16:23 nimbus-eth1-mainnet-short-benchmark[3042473]: INF 2026-09-28 21:16:23.708+00:00 Imported blocks                            blockNumber=20548865 slot=9756662 blocks=548864 txs=87802991 mgas=8309513 bps=34.63 tps=5034 mgps=526.0 avgBps=34.26 avgTps=5481 avgMGps=518.7 elapsed=4h26m58s
Sep 28 21:20:14 nimbus-eth1-mainnet-short-benchmark[3042473]: INF 2026-09-28 21:20:14.549+00:00 Imported blocks                            blockNumber=20557057 slot=9764892 blocks=557056 txs=88964987 mgas=8433956 bps=35.49 tps=5033 mgps=539.1 avgBps=34.28 avgTps=5475 avgMGps=519.0 elapsed=4h30m49s
Sep 28 21:23:54 nimbus-eth1-mainnet-short-benchmark[3042473]: INF 2026-09-28 21:23:54.266+00:00 Imported blocks                            blockNumber=20565249 slot=9773131 blocks=565248 txs=90186094 mgas=8558113 bps=37.28 tps=5557 mgps=565.1 avgBps=34.32 avgTps=5476 avgMGps=519.7 elapsed=4h34m28s
Sep 28 21:27:33 nimbus-eth1-mainnet-short-benchmark[3042473]: INF 2026-09-28 21:27:33.602+00:00 Imported blocks                            blockNumber=20573441 slot=9781369 blocks=573440 txs=91404654 mgas=8682228 bps=37.35 tps=5555 mgps=565.9 avgBps=34.36 avgTps=5477 avgMGps=520.3 elapsed=4h38m8s
Sep 28 21:31:10 nimbus-eth1-mainnet-short-benchmark[3042473]: INF 2026-09-28 21:31:10.747+00:00 Imported blocks                            blockNumber=20581633 slot=9789611 blocks=581632 txs=92628389 mgas=8806651 bps=37.73 tps=5635 mgps=573.0 avgBps=34.40 avgTps=5479 avgMGps=520.9 elapsed=4h41m45s
Sep 28 21:34:55 nimbus-eth1-mainnet-short-benchmark[3042473]: INF 2026-09-28 21:34:55.316+00:00 Imported blocks                            blockNumber=20589825 slot=9797855 blocks=589824 txs=93887208 mgas=8931023 bps=36.48 tps=5605 mgps=553.8 avgBps=34.43 avgTps=5480 avgMGps=521.4 elapsed=4h45m30s
Sep 28 21:38:45 nimbus-eth1-mainnet-short-benchmark[3042473]: INF 2026-09-28 21:38:45.573+00:00 Imported blocks                            blockNumber=20598017 slot=9806095 blocks=598016 txs=95163338 mgas=9055310 bps=35.58 tps=5542 mgps=539.8 avgBps=34.45 avgTps=5481 avgMGps=521.6 elapsed=4h49m20s
Sep 28 21:42:35 nimbus-eth1-mainnet-short-benchmark[3042473]: INF 2026-09-28 21:42:35.718+00:00 Imported blocks                            blockNumber=20606209 slot=9814347 blocks=606208 txs=96334664 mgas=9179976 bps=35.60 tps=5089 mgps=541.7 avgBps=34.46 avgTps=5476 avgMGps=521.9 elapsed=4h53m10s
Sep 28 21:46:16 nimbus-eth1-mainnet-short-benchmark[3042473]: INF 2026-09-28 21:46:16.814+00:00 Imported blocks                            blockNumber=20614401 slot=9822581 blocks=614400 txs=97573414 mgas=9304574 bps=37.05 tps=5602 mgps=563.5 avgBps=34.49 avgTps=5478 avgMGps=522.4 elapsed=4h56m51s
Sep 28 21:49:57 nimbus-eth1-mainnet-short-benchmark[3042473]: INF 2026-09-28 21:49:57.039+00:00 Imported blocks                            blockNumber=20622593 slot=9830821 blocks=622592 txs=98874772 mgas=9428835 bps=37.20 tps=5909 mgps=564.2 avgBps=34.53 avgTps=5483 avgMGps=522.9 elapsed=5h31s767ms
Sep 28 21:53:30 nimbus-eth1-mainnet-short-benchmark[3042473]: INF 2026-09-28 21:53:30.648+00:00 Imported blocks                            blockNumber=20630785 slot=9839058 blocks=630784 txs=100178707 mgas=9553009 bps=38.35 tps=6104 mgps=581.3 avgBps=34.57 avgTps=5490 avgMGps=523.6 elapsed=5h4m5s
Sep 28 21:57:13 nimbus-eth1-mainnet-short-benchmark[3042473]: INF 2026-09-28 21:57:13.497+00:00 Imported blocks                            blockNumber=20638977 slot=9847313 blocks=638976 txs=101489116 mgas=9677171 bps=36.76 tps=5880 mgps=557.2 avgBps=34.60 avgTps=5495 avgMGps=524.0 elapsed=5h7m48s
Sep 28 22:00:56 nimbus-eth1-mainnet-short-benchmark[3042473]: INF 2026-09-28 22:00:56.114+00:00 Imported blocks                            blockNumber=20647169 slot=9855549 blocks=647168 txs=102730058 mgas=9801643 bps=36.80 tps=5574 mgps=559.1 avgBps=34.62 avgTps=5496 avgMGps=524.4 elapsed=5h11m30s
Sep 28 22:04:52 nimbus-eth1-mainnet-short-benchmark[3042473]: INF 2026-09-28 22:04:52.679+00:00 Imported blocks                            blockNumber=20655361 slot=9863778 blocks=655360 txs=103868002 mgas=9926541 bps=34.63 tps=4810 mgps=528.0 avgBps=34.62 avgTps=5487 avgMGps=524.5 elapsed=5h15m27s
Sep 28 22:08:29 nimbus-eth1-mainnet-short-benchmark[3042473]: INF 2026-09-28 22:08:29.975+00:00 Imported blocks                            blockNumber=20663553 slot=9872013 blocks=663552 txs=105112198 mgas=10051274 bps=37.70 tps=5725 mgps=574.0 avgBps=34.66 avgTps=5490 avgMGps=525.0 elapsed=5h19m4s
Sep 28 22:11:54 nimbus-eth1-mainnet-short-benchmark[3042473]: INF 2026-09-28 22:11:54.817+00:00 Imported blocks                            blockNumber=20671745 slot=9880241 blocks=671744 txs=106395904 mgas=10175177 bps=39.99 tps=6266 mgps=604.9 avgBps=34.72 avgTps=5498 avgMGps=525.9 elapsed=5h22m29s
Sep 28 22:15:24 nimbus-eth1-mainnet-short-benchmark[3042473]: INF 2026-09-28 22:15:24.070+00:00 Imported blocks                            blockNumber=20679937 slot=9888471 blocks=679936 txs=107674271 mgas=10299404 bps=39.15 tps=6109 mgps=593.7 avgBps=34.76 avgTps=5505 avgMGps=526.6 elapsed=5h25m58s
Sep 28 22:18:45 nimbus-eth1-mainnet-short-benchmark[3042473]: INF 2026-09-28 22:18:45.247+00:00 Imported blocks                            blockNumber=20688129 slot=9896698 blocks=688128 txs=108938536 mgas=10423298 bps=40.72 tps=6284 mgps=615.9 avgBps=34.82 avgTps=5513 avgMGps=527.5 elapsed=5h29m19s
Sep 28 22:22:19 nimbus-eth1-mainnet-short-benchmark[3042473]: INF 2026-09-28 22:22:19.544+00:00 Imported blocks                            blockNumber=20696321 slot=9904930 blocks=696320 txs=110235786 mgas=10547469 bps=38.23 tps=6053 mgps=579.4 avgBps=34.86 avgTps=5518 avgMGps=528.1 elapsed=5h32m54s
Sep 28 22:26:12 nimbus-eth1-mainnet-short-benchmark[3042473]: INF 2026-09-28 22:26:12.432+00:00 Imported blocks                            blockNumber=20704513 slot=9913154 blocks=704512 txs=111483759 mgas=10671677 bps=35.18 tps=5358 mgps=533.3 avgBps=34.86 avgTps=5517 avgMGps=528.1 elapsed=5h36m47s
Sep 28 22:29:50 nimbus-eth1-mainnet-short-benchmark[3042473]: INF 2026-09-28 22:29:50.261+00:00 Imported blocks                            blockNumber=20712705 slot=9921388 blocks=712704 txs=112764170 mgas=10795980 bps=37.61 tps=5878 mgps=570.6 avgBps=34.89 avgTps=5520 avgMGps=528.6 elapsed=5h40m24s
Sep 28 22:33:14 nimbus-eth1-mainnet-short-benchmark[3042473]: INF 2026-09-28 22:33:14.078+00:00 Imported blocks                            blockNumber=20720897 slot=9929633 blocks=720896 txs=114110517 mgas=10919926 bps=40.19 tps=6605 mgps=608.1 avgBps=34.95 avgTps=5531 avgMGps=529.4 elapsed=5h43m48s
Sep 28 22:36:44 nimbus-eth1-mainnet-short-benchmark[3042473]: INF 2026-09-28 22:36:44.895+00:00 Imported blocks                            blockNumber=20729089 slot=9937869 blocks=729088 txs=115449431 mgas=11043768 bps=38.86 tps=6351 mgps=587.4 avgBps=34.99 avgTps=5539 avgMGps=529.9 elapsed=5h47m19s
Sep 28 22:40:08 nimbus-eth1-mainnet-short-benchmark[3042473]: INF 2026-09-28 22:40:08.032+00:00 Imported blocks                            blockNumber=20737281 slot=9946108 blocks=737280 txs=116784468 mgas=11167784 bps=40.33 tps=6571 mgps=610.5 avgBps=35.04 avgTps=5549 avgMGps=530.7 elapsed=5h50m42s
Sep 28 22:43:42 nimbus-eth1-mainnet-short-benchmark[3042473]: INF 2026-09-28 22:43:42.929+00:00 Imported blocks                            blockNumber=20745473 slot=9954342 blocks=745472 txs=118101003 mgas=11291742 bps=38.12 tps=6126 mgps=576.8 avgBps=35.07 avgTps=5555 avgMGps=531.2 elapsed=5h54m17s
Sep 28 22:47:32 nimbus-eth1-mainnet-short-benchmark[3042473]: INF 2026-09-28 22:47:32.814+00:00 Imported blocks                            blockNumber=20753665 slot=9962581 blocks=753664 txs=119337525 mgas=11415859 bps=35.64 tps=5378 mgps=539.9 avgBps=35.07 avgTps=5553 avgMGps=531.3 elapsed=5h58m7s
Sep 28 22:51:08 nimbus-eth1-mainnet-short-benchmark[3042473]: INF 2026-09-28 22:51:08.851+00:00 Imported blocks                            blockNumber=20761857 slot=9970803 blocks=761856 txs=120564314 mgas=11540225 bps=37.92 tps=5678 mgps=575.7 avgBps=35.10 avgTps=5555 avgMGps=531.7 elapsed=6h1m43s
Sep 28 22:54:34 nimbus-eth1-mainnet-short-benchmark[3042473]: INF 2026-09-28 22:54:34.656+00:00 Imported blocks                            blockNumber=20770049 slot=9979058 blocks=770048 txs=121858083 mgas=11663918 bps=39.80 tps=6286 mgps=601.0 avgBps=35.15 avgTps=5561 avgMGps=532.4 elapsed=6h5m9s
Sep 28 22:57:49 nimbus-eth1-mainnet-short-benchmark[3042473]: INF 2026-09-28 22:57:49.941+00:00 Imported blocks                            blockNumber=20778241 slot=9987307 blocks=778240 txs=123161734 mgas=11787906 bps=41.95 tps=6675 mgps=634.9 avgBps=35.21 avgTps=5571 avgMGps=533.3 elapsed=6h8m24s
Sep 28 23:01:00 nimbus-eth1-mainnet-short-benchmark[3042473]: INF 2026-09-28 23:01:00.554+00:00 Imported blocks                            blockNumber=20786433 slot=9995542 blocks=786432 txs=124509456 mgas=11911612 bps=42.98 tps=7070 mgps=649.0 avgBps=35.27 avgTps=5584 avgMGps=534.3 elapsed=6h11m35s
Sep 28 23:04:17 nimbus-eth1-mainnet-short-benchmark[3042473]: INF 2026-09-28 23:04:17.268+00:00 Imported blocks                            blockNumber=20794625 slot=10003781 blocks=794624 txs=125848921 mgas=12035338 bps=41.64 tps=6809 mgps=629.0 avgBps=35.33 avgTps=5595 avgMGps=535.1 elapsed=6h14m51s
Sep 28 23:07:38 nimbus-eth1-mainnet-short-benchmark[3042473]: INF 2026-09-28 23:07:38.389+00:00 Imported blocks                            blockNumber=20802817 slot=10012028 blocks=802816 txs=127089868 mgas=12158989 bps=40.73 tps=6170 mgps=614.8 avgBps=35.38 avgTps=5600 avgMGps=535.8 elapsed=6h18m13s
Sep 28 23:11:08 nimbus-eth1-mainnet-short-benchmark[3042473]: INF 2026-09-28 23:11:08.066+00:00 Imported blocks                            blockNumber=20811009 slot=10020249 blocks=811008 txs=128299762 mgas=12282850 bps=39.07 tps=5770 mgps=590.7 avgBps=35.41 avgTps=5601 avgMGps=536.3 elapsed=6h21m42s
Sep 28 23:14:24 nimbus-eth1-mainnet-short-benchmark[3042473]: INF 2026-09-28 23:14:24.319+00:00 Imported blocks                            blockNumber=20819201 slot=10028481 blocks=819200 txs=129596319 mgas=12406594 bps=41.74 tps=6606 mgps=630.5 avgBps=35.46 avgTps=5610 avgMGps=537.1 elapsed=6h24m59s
Sep 28 23:17:39 nimbus-eth1-mainnet-short-benchmark[3042473]: INF 2026-09-28 23:17:39.452+00:00 Imported blocks                            blockNumber=20827393 slot=10036710 blocks=827392 txs=130916729 mgas=12530249 bps=41.98 tps=6766 mgps=633.7 avgBps=35.52 avgTps=5620 avgMGps=537.9 elapsed=6h28m14s
Sep 28 23:20:54 nimbus-eth1-mainnet-short-benchmark[3042473]: INF 2026-09-28 23:20:54.201+00:00 Imported blocks                            blockNumber=20835585 slot=10044938 blocks=835584 txs=132226625 mgas=12654070 bps=42.06 tps=6725 mgps=635.8 avgBps=35.57 avgTps=5629 avgMGps=538.7 elapsed=6h31m28s
Sep 28 23:24:19 nimbus-eth1-mainnet-short-benchmark[3042473]: INF 2026-09-28 23:24:19.346+00:00 Imported blocks                            blockNumber=20843777 slot=10053164 blocks=843776 txs=133604192 mgas=12777730 bps=39.93 tps=6715 mgps=602.8 avgBps=35.61 avgTps=5638 avgMGps=539.3 elapsed=6h34m54s
Sep 28 23:28:12 nimbus-eth1-mainnet-short-benchmark[3042473]: INF 2026-09-28 23:28:12.039+00:00 Imported blocks                            blockNumber=20851969 slot=10061391 blocks=851968 txs=134900706 mgas=12901664 bps=35.21 tps=5571 mgps=532.6 avgBps=35.61 avgTps=5638 avgMGps=539.2 elapsed=6h38m46s
Sep 28 23:31:54 nimbus-eth1-mainnet-short-benchmark[3042473]: INF 2026-09-28 23:31:54.308+00:00 Imported blocks                            blockNumber=20860161 slot=10069622 blocks=860160 txs=136168750 mgas=13025603 bps=36.86 tps=5705 mgps=557.6 avgBps=35.62 avgTps=5638 avgMGps=539.4 elapsed=6h42m29s
Sep 28 23:35:34 nimbus-eth1-mainnet-short-benchmark[3042473]: INF 2026-09-28 23:35:34.189+00:00 Imported blocks                            blockNumber=20868353 slot=10077838 blocks=868352 txs=137550724 mgas=13149742 bps=37.26 tps=6285 mgps=564.6 avgBps=35.63 avgTps=5644 avgMGps=539.6 elapsed=6h46m8s
Sep 28 23:39:12 nimbus-eth1-mainnet-short-benchmark[3042473]: INF 2026-09-28 23:39:12.266+00:00 Imported blocks                            blockNumber=20876545 slot=10086066 blocks=876544 txs=138954673 mgas=13273457 bps=37.56 tps=6437 mgps=567.3 avgBps=35.65 avgTps=5651 avgMGps=539.9 elapsed=6h49m46s
Sep 28 23:42:43 nimbus-eth1-mainnet-short-benchmark[3042473]: INF 2026-09-28 23:42:43.867+00:00 Imported blocks                            blockNumber=20884737 slot=10094286 blocks=884736 txs=140256178 mgas=13397479 bps=38.71 tps=6150 mgps=586.1 avgBps=35.68 avgTps=5655 avgMGps=540.3 elapsed=6h53m18s
Sep 28 23:46:10 nimbus-eth1-mainnet-short-benchmark[3042473]: INF 2026-09-28 23:46:10.200+00:00 Imported blocks                            blockNumber=20892929 slot=10102512 blocks=892928 txs=141581868 mgas=13521575 bps=39.70 tps=6425 mgps=601.4 avgBps=35.71 avgTps=5662 avgMGps=540.8 elapsed=6h56m44s
Sep 28 23:49:36 nimbus-eth1-mainnet-short-benchmark[3042473]: INF 2026-09-28 23:49:36.781+00:00 Imported blocks                            blockNumber=20901121 slot=10110732 blocks=901120 txs=142875889 mgas=13645572 bps=39.65 tps=6263 mgps=600.2 avgBps=35.74 avgTps=5667 avgMGps=541.2 elapsed=7h11s511ms
Sep 28 23:53:01 nimbus-eth1-mainnet-short-benchmark[3042473]: INF 2026-09-28 23:53:01.942+00:00 Imported blocks                            blockNumber=20909313 slot=10118953 blocks=909312 txs=144102308 mgas=13769390 bps=39.93 tps=5977 mgps=603.5 avgBps=35.78 avgTps=5669 avgMGps=541.7 elapsed=7h3m36s
Sep 28 23:56:23 nimbus-eth1-mainnet-short-benchmark[3042473]: INF 2026-09-28 23:56:23.220+00:00 Imported blocks                            blockNumber=20917505 slot=10127176 blocks=917504 txs=145406349 mgas=13893087 bps=40.70 tps=6478 mgps=614.6 avgBps=35.81 avgTps=5675 avgMGps=542.3 elapsed=7h6m57s
Sep 28 23:59:34 nimbus-eth1-mainnet-short-benchmark[3042473]: INF 2026-09-28 23:59:34.117+00:00 Imported blocks                            blockNumber=20925697 slot=10135394 blocks=925696 txs=146718394 mgas=14016820 bps=42.91 tps=6872 mgps=648.2 avgBps=35.87 avgTps=5684 avgMGps=543.1 elapsed=7h10m8s
Sep 29 00:02:59 nimbus-eth1-mainnet-short-benchmark[3042473]: INF 2026-09-29 00:02:59.298+00:00 Imported blocks                            blockNumber=20933889 slot=10143614 blocks=933888 txs=148049109 mgas=14140625 bps=39.93 tps=6485 mgps=603.4 avgBps=35.90 avgTps=5691 avgMGps=543.6 elapsed=7h13m34s
Sep 29 00:06:16 nimbus-eth1-mainnet-short-benchmark[3042473]: INF 2026-09-29 00:06:16.527+00:00 Imported blocks                            blockNumber=20942081 slot=10151840 blocks=942080 txs=149397364 mgas=14264352 bps=41.54 tps=6835 mgps=627.3 avgBps=35.94 avgTps=5699 avgMGps=544.2 elapsed=7h16m51s
Sep 29 00:09:41 nimbus-eth1-mainnet-short-benchmark[3042473]: INF 2026-09-29 00:09:41.532+00:00 Imported blocks                            blockNumber=20950273 slot=10160098 blocks=950272 txs=150765507 mgas=14388237 bps=39.96 tps=6673 mgps=604.3 avgBps=35.97 avgTps=5707 avgMGps=544.7 elapsed=7h20m16s
Sep 29 00:13:20 nimbus-eth1-mainnet-short-benchmark[3042473]: INF 2026-09-29 00:13:20.377+00:00 Imported blocks                            blockNumber=20958465 slot=10168363 blocks=958464 txs=152044771 mgas=14511987 bps=37.43 tps=5845 mgps=565.5 avgBps=35.98 avgTps=5708 avgMGps=544.8 elapsed=7h23m55s
Sep 29 00:16:49 nimbus-eth1-mainnet-short-benchmark[3042473]: INF 2026-09-29 00:16:49.414+00:00 Imported blocks                            blockNumber=20966657 slot=10176609 blocks=966656 txs=153365296 mgas=14635804 bps=39.19 tps=6317 mgps=592.3 avgBps=36.01 avgTps=5713 avgMGps=545.2 elapsed=7h27m24s
Sep 29 00:20:15 nimbus-eth1-mainnet-short-benchmark[3042473]: INF 2026-09-29 00:20:15.347+00:00 Imported blocks                            blockNumber=20974849 slot=10184849 blocks=974848 txs=154744917 mgas=14759580 bps=39.78 tps=6699 mgps=601.0 avgBps=36.04 avgTps=5720 avgMGps=545.6 elapsed=7h30m50s
Sep 29 00:23:48 nimbus-eth1-mainnet-short-benchmark[3042473]: INF 2026-09-29 00:23:48.468+00:00 Imported blocks                            blockNumber=20983041 slot=10193086 blocks=983040 txs=156055229 mgas=14883451 bps=38.44 tps=6148 mgps=581.2 avgBps=36.06 avgTps=5724 avgMGps=545.9 elapsed=7h34m23s
Sep 29 00:26:58 nimbus-eth1-mainnet-short-benchmark[3042473]: INF 2026-09-29 00:26:58.089+00:00 Imported blocks                            blockNumber=20991233 slot=10201319 blocks=991232 txs=157563202 mgas=15007557 bps=43.20 tps=7952 mgps=654.5 avgBps=36.11 avgTps=5739 avgMGps=546.7 elapsed=7h37m32s
Sep 29 00:30:36 nimbus-eth1-mainnet-short-benchmark[3042473]: INF 2026-09-29 00:30:36.330+00:00 Imported blocks                            blockNumber=20999425 slot=10209549 blocks=999424 txs=159003277 mgas=15131383 bps=37.54 tps=6598 mgps=567.4 avgBps=36.12 avgTps=5746 avgMGps=546.8 elapsed=7h41m11s
Sep 29 00:30:52 nimbus-eth1-mainnet-short-benchmark[3042473]: INF 2026-09-29 00:30:52.082+00:00 Imported blocks                            blockNumber=21000001 slot=10210128 blocks=1000000 txs=159109486 mgas=15140191 bps=36.57 tps=6742 mgps=559.1 avgBps=36.12 avgTps=5746 avgMGps=546.8 elapsed=7h41m26s
Sep 29 00:30:52 nimbus-eth1-mainnet-short-benchmark[3042473]: NTC 2026-09-29 00:30:52.082+00:00 Import complete                            blockNumber=21000001 slot=10210128 blocks=1000000 txs=159109486 mgas=15140191
Sep 29 00:30:52 nimbus-eth1-mainnet-short-benchmark[3013252]: <<< ending startNimbusWithImport (success)
Sep 29 00:30:52 nimbus-eth1-mainnet-short-benchmark[3013252]: >>> starting moveBenchmarkingFileToRepo
Sep 29 00:30:52 nimbus-eth1-mainnet-short-benchmark[3013252]: >>> copying debug-csv generated by nimbus to benchmarks repo
Sep 29 00:30:52 nimbus-eth1-mainnet-short-benchmark[3013252]: <<< ending moveBenchmarkingFileToRepo (success)
Sep 29 00:30:53 nimbus-eth1-mainnet-short-benchmark[3013252]: >>> starting generateBuildEnvironmentLogFile
Sep 29 00:31:01 nimbus-eth1-mainnet-short-benchmark[3013252]: <<< ending generateBuildEnvironmentLogFile (success)
Sep 29 00:31:01 nimbus-eth1-mainnet-short-benchmark[3013252]: >>> starting generateSystemdServiceLogs
