Jul 26 15:19:59 nimbus-eth1-mainnet-short-benchmark[3338894]: >>> starting cloneOrFetchBenchmarksRepo
Jul 26 15:19:59 nimbus-eth1-mainnet-short-benchmark[3338894]: >>> Fetching latest changes for nimbus-eth1-benchmarks...
Jul 26 15:20:01 nimbus-eth1-mainnet-short-benchmark[3338941]: HEAD is now at 2856302 chore: update short benchmark Readme
Jul 26 15:20:01 nimbus-eth1-mainnet-short-benchmark[3338894]: <<< ending cloneOrFetchBenchmarksRepo (success)
Jul 26 15:20:01 nimbus-eth1-mainnet-short-benchmark[3338894]: >>> starting cloneOrFetchNimbusRepo
Jul 26 15:20:13 nimbus-eth1-mainnet-short-benchmark[3338894]: >>> Fetching latest changes for nimbus-eth1...
Jul 26 15:20:14 nimbus-eth1-mainnet-short-benchmark[3339320]: From https://github.com/status-im/nimbus-eth1
Jul 26 15:20:14 nimbus-eth1-mainnet-short-benchmark[3339320]:    53a57a69d..65db025cf  master     -> origin/master
Jul 26 15:20:14 nimbus-eth1-mainnet-short-benchmark[3339330]: warning: unable to rmdir 'vendor/libtommath': Directory not empty
Jul 26 15:20:14 nimbus-eth1-mainnet-short-benchmark[3339330]: HEAD is now at 65db025cf build(deps): bump vendor/nim-presto from `b687ef7` to `8549aa9` (#4542)
Jul 26 15:20:14 nimbus-eth1-mainnet-short-benchmark[3338894]: >>> Found last benchmarked commit: 704243ef
Jul 26 15:20:14 nimbus-eth1-mainnet-short-benchmark[3338894]: >>> Using next commit: b6fdbd5b0d1e3e5e8cb0be9d6bc39c1d78f9b209
Jul 26 15:20:14 nimbus-eth1-mainnet-short-benchmark[3339340]: HEAD is now at b6fdbd5b0 eth_syncing support (#4375)
Jul 26 15:20:14 nimbus-eth1-mainnet-short-benchmark[3338894]: >>> Current commit: b6fdbd5b0
Jul 26 15:20:14 nimbus-eth1-mainnet-short-benchmark[3338894]: <<< ending cloneOrFetchNimbusRepo (success)
Jul 26 15:20:14 nimbus-eth1-mainnet-short-benchmark[3338894]: >>> starting buildBinaries
Jul 26 15:20:14 nimbus-eth1-mainnet-short-benchmark[3338894]: >>> Building binaries for commit b6fdbd5b...
Jul 26 15:20:29 nimbus-eth1-mainnet-short-benchmark[3344660]: Building: Nim compiler
Jul 26 15:22:23 nimbus-eth1-mainnet-short-benchmark[3344660]: Building custom Nimble commit: 42ef70c2102a942c46f13eb76872326edd525cec
Jul 26 15:22:33 nimbus-eth1-mainnet-short-benchmark[3344660]: Building Nimble...
Jul 26 15:22:43 nimbus-eth1-mainnet-short-benchmark[3344660]: Replacing nimble binary...
Jul 26 15:22:44 nimbus-eth1-mainnet-short-benchmark[3353578]: cp: cannot stat '/data/status-im/nimbus-eth1/build/*': No such file or directory
Jul 26 15:22:44 nimbus-eth1-mainnet-short-benchmark[3353541]: ROCKSDB VERSION NOT FOUND
Jul 26 15:22:44 nimbus-eth1-mainnet-short-benchmark[3353698]: make[1]: Entering directory '/data/status-im/nimbus-eth1/vendor/nim-rocksdb/vendor/rocksdb'
Jul 26 15:22:44 nimbus-eth1-mainnet-short-benchmark[3353698]: $DEBUG_LEVEL is 0, $LIB_MODE is static
Jul 26 15:22:44 nimbus-eth1-mainnet-short-benchmark[3353698]: make[1]: Leaving directory '/data/status-im/nimbus-eth1/vendor/nim-rocksdb/vendor/rocksdb'
Jul 26 15:22:44 nimbus-eth1-mainnet-short-benchmark[3354139]: Cleaning up RocksDb build artifacts.
Jul 26 15:22:45 nimbus-eth1-mainnet-short-benchmark[3353584]: Building RocksDb static libraries.
Jul 26 15:25:57 nimbus-eth1-mainnet-short-benchmark[3357666]: Building: build/nimbus_execution_client
Jul 26 15:28:23 nimbus-eth1-mainnet-short-benchmark[3338894]: >>> renaming binaries to match commit they were built from
Jul 26 15:28:23 nimbus-eth1-mainnet-short-benchmark[3338894]: >>> creating a symbolic link to the latest version
Jul 26 15:28:23 nimbus-eth1-mainnet-short-benchmark[3338894]: >>> deleting copies that are older than N days
Jul 26 15:28:23 nimbus-eth1-mainnet-short-benchmark[3338894]: <<< ending buildBinaries (success)
Jul 26 15:28:23 nimbus-eth1-mainnet-short-benchmark[3338894]: >>> starting skipOrContinueBenchmark
Jul 26 15:28:23 nimbus-eth1-mainnet-short-benchmark[3338894]: <<< ending skipOrContinueBenchmark (success)
Jul 26 15:28:23 nimbus-eth1-mainnet-short-benchmark[3338894]: >>> starting copyTemplateDatabase
Jul 26 15:28:23 nimbus-eth1-mainnet-short-benchmark[3338894]: >>> Copying template db into nimbus data directory
Jul 26 15:31:26 nimbus-eth1-mainnet-short-benchmark[3338894]: >>> Template db copied
Jul 26 15:31:26 nimbus-eth1-mainnet-short-benchmark[3338894]: >>> making nimbus the owner of the copied files
Jul 26 15:31:26 nimbus-eth1-mainnet-short-benchmark[3338894]: <<< ending copyTemplateDatabase (success)
Jul 26 15:31:26 nimbus-eth1-mainnet-short-benchmark[3338894]: >>> starting startNimbusWithImport
Jul 26 15:31:26 nimbus-eth1-mainnet-short-benchmark[3363463]: INF 2026-07-26 15:31:26.532+00:00 Launching execution client                 version=v0.3.1-b6fdbd5b config="(configFile: none(InputFile), dataDirFlag: some(/data/status-im/nimbus-eth1/data/shared_mainnet_0), era1DirFlag: some(/data/era1), eraDirFlag: some(/data/era), ereDirFlag: none(OutDir), keyStoreDirFlag: none(OutDir), importKey: , trustedSetupFile: none(string), extraData: Nimbus/v0.3.1-b6fdbd5b, gasLimit: 60000000, maxBlobs: none(byte), network: [mainnet], customNetwork: none(NetworkParams), networkId: 1, networkParams: (config: ..., genesis: (nonce: 0x0000000000000042, timestamp: 0, extraData: [17, 187, 232, 219, 78, 52, 123, 78, 140, 147, 124, 28, 131, 112, 228, 181, 237, 51, 173, 179, 219, 105, 203, 219, 122, 56, 225, 229, 11, 27, 130, 250], gasLimit: 5000, difficulty: 17179869184, mixHash: 0x0000000000000000000000000000000000000000000000000000000000000000, coinbase: 0x0000000000000000000000000000000000000000, alloc: 8893, number: 0, gasUser: 0, parentHash: 0x0000000000000000000000000000000000000000000000000000000000000000, baseFeePerGas: none(), blobGasUsed: -1, excessBlobGas: -1, parentBeaconBlockRoot: none())), logLevel: INFO, logFormat: auto, metricsEnabled: false, metricsPort: 9093, metricsAddress: 127.0.0.1, bootstrapNodes: [], bootstrapFile: , staticPeers: [], staticPeersFile: , reconnectMaxRetry: 0, reconnectInterval: 15, listenAddress: ::, tcpPort: 30303, udpPortFlag: none(Port), maxPeers: 25, nat: (hasExtIp: false, nat: NatAny), discovery: [V4, V5], netKey: random, agentString: Nimbus/v0.3.1-b6fdbd5b/linux-amd64/Nim-2.2.10, numThreads: 0, persistBatchSize: 4, dynamicBatchSize: false, rocksdbMaxOpenFiles: 2048, rocksdbWriteBufferSize: 67108864, rocksdbRowCacheSize: 0, rocksdbBlockCacheSize: 2147483648, rocksdbBlockCacheType: hyperclock, rdbVtxCacheSize: 536870912, rdbKeyCacheSize: 1342177280, rdbBranchCacheSize: 1073741824, rdbPrintStats: false, rewriteDatadirId: true, aristoDbMaxSnapshots: 5, parallelStateRootComputation: false, optimisticStatePrefetch: false, balStatePrefetch: false, balStatePrefetchWorkers: 0, eagerStateRootCheck: false, deserializeFcState: true, statelessProviderEnabled: false, statelessWitnessValidation: false, cmd: import, maxBlocks: 1000000, chunkSize: 8192, csvStats: some("/data/host-benchmarks/short/50baf1ab3c0044518bda7216e8e64cfc/blocks-import-benchmark.csv"), validation: false, fullValidation: false, storeBodies: false, storeReceipts: false, storeSlotHashes: false)"
Jul 26 15:31:26 nimbus-eth1-mainnet-short-benchmark[3363463]: WRN 2026-07-26 15:31:26.532+00:00 Data directory has insecure permissions. Correcting them. data_dir=/data/status-im/nimbus-eth1/data/shared_mainnet_0 current_permissions=0755 required_permissions=0700
Jul 26 15:31:28 nimbus-eth1-mainnet-short-benchmark[3363463]: INF 2026-07-26 15:31:28.448+00:00 Taskpool started                           numThreads=16
Jul 26 15:31:28 nimbus-eth1-mainnet-short-benchmark[3363463]: INF 2026-07-26 15:31:28.544+00:00 Writing data dir ID                        ID=0x0a036d6f6dfe59156bb6359f0243c93d5a421ed688de5aa85a62d15dca8dbd5c
Jul 26 15:31:28 nimbus-eth1-mainnet-short-benchmark[3363463]: INF 2026-07-26 15:31:28.564+00:00 Database initialized                       base="(0xd24fd73f794058a3807db926d8898c6481e902b7edb91ce0d479d6760f276183, 20000000)" finalized="(0xd24fd73f794058a3807db926d8898c6481e902b7edb91ce0d479d6760f276183, 20000000)" head="(0xd4e56740f876aef8c010b86a40d5f56745a118d0906a34e69aec8c0db1cb8fa3, 0)"
Jul 26 15:31:28 nimbus-eth1-mainnet-short-benchmark[3363463]: NTC 2026-07-26 15:31:28.564+00:00 Could not open ere database, falling back to era1/era import ereDir=/data/status-im/nimbus-eth1/data/shared_mainnet_0/ere networkName=mainnet error="No ere files found in /data/status-im/nimbus-eth1/data/shared_mainnet_0/ere"
Jul 26 15:31:28 nimbus-eth1-mainnet-short-benchmark[3363463]: NTC 2026-07-26 15:31:28.564+00:00 Importing era archive                      blockNumber=20000001 dataDir=/data/status-im/nimbus-eth1/data/shared_mainnet_0 eraDir=/data/era
Jul 26 15:31:30 nimbus-eth1-mainnet-short-benchmark[3363463]: NTC 2026-07-26 15:31:30.832+00:00 Matched block to slot number               blockNumber=20000001 slot=9204783
Jul 26 15:37:53 nimbus-eth1-mainnet-short-benchmark[3363463]: INF 2026-07-26 15:37:53.450+00:00 Imported blocks                            blockNumber=20008193 slot=9213020 blocks=8192 txs=1226966 mgas=124237 bps=21.28 tps=3187 mgps=322.8 avgBps=21.28 avgTps=3187 avgMGps=322.8 elapsed=6m24s891ms
Jul 26 15:43:39 nimbus-eth1-mainnet-short-benchmark[3363463]: INF 2026-07-26 15:43:39.209+00:00 Imported blocks                            blockNumber=20016385 slot=9221256 blocks=16384 txs=2540380 mgas=248071 bps=23.69 tps=3798 mgps=358.1 avgBps=22.42 avgTps=3476 avgMGps=339.5 elapsed=12m10s651ms
Jul 26 15:49:04 nimbus-eth1-mainnet-short-benchmark[3363463]: INF 2026-07-26 15:49:04.941+00:00 Imported blocks                            blockNumber=20024577 slot=9229485 blocks=24576 txs=3869398 mgas=372018 bps=25.15 tps=4080 mgps=380.5 avgBps=23.26 avgTps=3662 avgMGps=352.2 elapsed=17m36s383ms
Jul 26 15:53:57 nimbus-eth1-mainnet-short-benchmark[3363463]: INF 2026-07-26 15:53:57.317+00:00 Imported blocks                            blockNumber=20032769 slot=9237722 blocks=32768 txs=5222766 mgas=495797 bps=28.02 tps=4628 mgps=423.4 avgBps=24.29 avgTps=3872 avgMGps=367.6 elapsed=22m28s756ms
Jul 26 15:58:38 nimbus-eth1-mainnet-short-benchmark[3363463]: INF 2026-07-26 15:58:38.881+00:00 Imported blocks                            blockNumber=20040961 slot=9245957 blocks=40960 txs=6566802 mgas=619586 bps=29.09 tps=4773 mgps=439.6 avgBps=25.12 avgTps=4027 avgMGps=380.0 elapsed=27m10s322ms
Jul 26 16:03:40 nimbus-eth1-mainnet-short-benchmark[3363463]: INF 2026-07-26 16:03:40.644+00:00 Imported blocks                            blockNumber=20049153 slot=9254196 blocks=49152 txs=7904746 mgas=743522 bps=27.15 tps=4433 mgps=410.7 avgBps=25.44 avgTps=4091 avgMGps=384.8 elapsed=32m12s85ms
Jul 26 16:08:34 nimbus-eth1-mainnet-short-benchmark[3363463]: INF 2026-07-26 16:08:34.204+00:00 Imported blocks                            blockNumber=20057345 slot=9262435 blocks=57344 txs=9212009 mgas=867360 bps=27.91 tps=4453 mgps=421.9 avgBps=25.77 avgTps=4139 avgMGps=389.7 elapsed=37m5s641ms
Jul 26 16:13:05 nimbus-eth1-mainnet-short-benchmark[3363463]: INF 2026-07-26 16:13:05.464+00:00 Imported blocks                            blockNumber=20065537 slot=9270674 blocks=65536 txs=10559018 mgas=991371 bps=30.20 tps=4965 mgps=457.2 avgBps=26.25 avgTps=4228 avgMGps=397.0 elapsed=41m36s900ms
Jul 26 16:17:21 nimbus-eth1-mainnet-short-benchmark[3363463]: INF 2026-07-26 16:17:21.553+00:00 Imported blocks                            blockNumber=20073729 slot=9278910 blocks=73728 txs=11898676 mgas=1115111 bps=31.99 tps=5231 mgps=483.2 avgBps=26.78 avgTps=4322 avgMGps=405.1 elapsed=45m52s994ms
Jul 26 16:21:29 nimbus-eth1-mainnet-short-benchmark[3363463]: INF 2026-07-26 16:21:29.657+00:00 Imported blocks                            blockNumber=20081921 slot=9287152 blocks=81920 txs=13323263 mgas=1239150 bps=33.02 tps=5741 mgps=499.9 avgBps=27.30 avgTps=4439 avgMGps=412.9 elapsed=50m1s99ms
Jul 26 16:25:36 nimbus-eth1-mainnet-short-benchmark[3363463]: INF 2026-07-26 16:25:36.410+00:00 Imported blocks                            blockNumber=20090113 slot=9295408 blocks=90112 txs=14697082 mgas=1363113 bps=33.20 tps=5567 mgps=502.4 avgBps=27.75 avgTps=4525 avgMGps=419.7 elapsed=54m7s848ms
Jul 26 16:29:59 nimbus-eth1-mainnet-short-benchmark[3363463]: INF 2026-07-26 16:29:59.810+00:00 Imported blocks                            blockNumber=20098305 slot=9303658 blocks=98304 txs=16025683 mgas=1487146 bps=31.10 tps=5044 mgps=470.9 avgBps=28.00 avgTps=4564 avgMGps=423.5 elapsed=58m31s248ms
Jul 26 16:34:34 nimbus-eth1-mainnet-short-benchmark[3363463]: INF 2026-07-26 16:34:34.094+00:00 Imported blocks                            blockNumber=20106497 slot=9311895 blocks=106496 txs=17337157 mgas=1611066 bps=29.87 tps=4781 mgps=451.8 avgBps=28.13 avgTps=4579 avgMGps=425.6 elapsed=1h3m5s
Jul 26 16:38:52 nimbus-eth1-mainnet-short-benchmark[3363463]: INF 2026-07-26 16:38:52.834+00:00 Imported blocks                            blockNumber=20114689 slot=9320146 blocks=114688 txs=18632097 mgas=1735123 bps=31.66 tps=5004 mgps=479.5 avgBps=28.36 avgTps=4607 avgMGps=429.0 elapsed=1h7m24s
Jul 26 16:42:57 nimbus-eth1-mainnet-short-benchmark[3363463]: INF 2026-07-26 16:42:57.779+00:00 Imported blocks                            blockNumber=20122881 slot=9328409 blocks=122880 txs=19937418 mgas=1859249 bps=33.44 tps=5329 mgps=506.8 avgBps=28.65 avgTps=4648 avgMGps=433.5 elapsed=1h11m29s
Jul 26 16:47:00 nimbus-eth1-mainnet-short-benchmark[3363463]: INF 2026-07-26 16:47:00.667+00:00 Imported blocks                            blockNumber=20131073 slot=9336660 blocks=131072 txs=21214129 mgas=1983500 bps=33.73 tps=5256 mgps=511.6 avgBps=28.92 avgTps=4680 avgMGps=437.7 elapsed=1h15m32s
Jul 26 16:50:58 nimbus-eth1-mainnet-short-benchmark[3363463]: INF 2026-07-26 16:50:58.856+00:00 Imported blocks                            blockNumber=20139265 slot=9344906 blocks=139264 txs=22579079 mgas=2107571 bps=34.39 tps=5730 mgps=520.9 avgBps=29.19 avgTps=4733 avgMGps=441.8 elapsed=1h19m30s
Jul 26 16:55:43 nimbus-eth1-mainnet-short-benchmark[3363463]: INF 2026-07-26 16:55:43.656+00:00 Imported blocks                            blockNumber=20147457 slot=9353153 blocks=147456 txs=24133322 mgas=2231686 bps=28.76 tps=5457 mgps=435.8 avgBps=29.17 avgTps=4774 avgMGps=441.5 elapsed=1h24m15s
Jul 26 17:00:16 nimbus-eth1-mainnet-short-benchmark[3363463]: INF 2026-07-26 17:00:16.140+00:00 Imported blocks                            blockNumber=20155649 slot=9361407 blocks=155648 txs=25424015 mgas=2356018 bps=30.06 tps=4736 mgps=456.3 avgBps=29.22 avgTps=4772 avgMGps=442.2 elapsed=1h28m47s
Jul 26 17:04:29 nimbus-eth1-mainnet-short-benchmark[3363463]: INF 2026-07-26 17:04:29.724+00:00 Imported blocks                            blockNumber=20163841 slot=9369652 blocks=163840 txs=26749549 mgas=2480207 bps=32.30 tps=5227 mgps=489.7 avgBps=29.36 avgTps=4792 avgMGps=444.4 elapsed=1h33m1s
Jul 26 17:08:36 nimbus-eth1-mainnet-short-benchmark[3363463]: INF 2026-07-26 17:08:36.981+00:00 Imported blocks                            blockNumber=20172033 slot=9377892 blocks=172032 txs=28105316 mgas=2604026 bps=33.13 tps=5483 mgps=500.8 avgBps=29.52 avgTps=4822 avgMGps=446.8 elapsed=1h37m8s
Jul 26 17:12:50 nimbus-eth1-mainnet-short-benchmark[3363463]: INF 2026-07-26 17:12:50.373+00:00 Imported blocks                            blockNumber=20180225 slot=9386128 blocks=180224 txs=29524405 mgas=2728170 bps=32.33 tps=5600 mgps=489.9 avgBps=29.63 avgTps=4854 avgMGps=448.6 elapsed=1h41m21s
Jul 26 17:16:44 nimbus-eth1-mainnet-short-benchmark[3363463]: INF 2026-07-26 17:16:44.794+00:00 Imported blocks                            blockNumber=20188417 slot=9394365 blocks=188416 txs=30849021 mgas=2852023 bps=34.95 tps=5650 mgps=528.3 avgBps=29.83 avgTps=4884 avgMGps=451.5 elapsed=1h45m16s
Jul 26 17:21:05 nimbus-eth1-mainnet-short-benchmark[3363463]: INF 2026-07-26 17:21:05.322+00:00 Imported blocks                            blockNumber=20196609 slot=9402602 blocks=196608 txs=32174755 mgas=2976155 bps=31.44 tps=5088 mgps=476.5 avgBps=29.89 avgTps=4892 avgMGps=452.5 elapsed=1h49m36s
Jul 26 17:25:40 nimbus-eth1-mainnet-short-benchmark[3363463]: INF 2026-07-26 17:25:40.474+00:00 Imported blocks                            blockNumber=20204801 slot=9410840 blocks=204800 txs=33475942 mgas=3100410 bps=29.77 tps=4728 mgps=451.6 avgBps=29.89 avgTps=4885 avgMGps=452.5 elapsed=1h54m11s
Jul 26 17:29:52 nimbus-eth1-mainnet-short-benchmark[3363463]: INF 2026-07-26 17:29:52.403+00:00 Imported blocks                            blockNumber=20212993 slot=9419071 blocks=212992 txs=34798508 mgas=3224370 bps=32.52 tps=5249 mgps=492.0 avgBps=29.98 avgTps=4898 avgMGps=453.9 elapsed=1h58m23s
Jul 26 17:34:00 nimbus-eth1-mainnet-short-benchmark[3363463]: INF 2026-07-26 17:34:00.775+00:00 Imported blocks                            blockNumber=20221185 slot=9427313 blocks=221184 txs=36114045 mgas=3348169 bps=32.98 tps=5296 mgps=498.4 avgBps=30.08 avgTps=4911 avgMGps=455.4 elapsed=2h2m32s
Jul 26 17:37:48 nimbus-eth1-mainnet-short-benchmark[3363463]: INF 2026-07-26 17:37:48.856+00:00 Imported blocks                            blockNumber=20229377 slot=9435549 blocks=229376 txs=37421794 mgas=3472031 bps=35.92 tps=5733 mgps=543.1 avgBps=30.26 avgTps=4936 avgMGps=458.0 elapsed=2h6m20s
Jul 26 17:41:47 nimbus-eth1-mainnet-short-benchmark[3363463]: INF 2026-07-26 17:41:47.609+00:00 Imported blocks                            blockNumber=20237569 slot=9443788 blocks=237568 txs=38842064 mgas=3596351 bps=34.31 tps=5948 mgps=520.7 avgBps=30.38 avgTps=4967 avgMGps=459.9 elapsed=2h10m19s
Jul 26 17:46:04 nimbus-eth1-mainnet-short-benchmark[3363463]: INF 2026-07-26 17:46:04.345+00:00 Imported blocks                            blockNumber=20245761 slot=9452021 blocks=245760 txs=40225739 mgas=3720100 bps=31.91 tps=5389 mgps=482.0 avgBps=30.43 avgTps=4981 avgMGps=460.6 elapsed=2h14m35s
Jul 26 17:50:40 nimbus-eth1-mainnet-short-benchmark[3363463]: INF 2026-07-26 17:50:40.781+00:00 Imported blocks                            blockNumber=20253953 slot=9460253 blocks=253952 txs=41454921 mgas=3844385 bps=29.63 tps=4446 mgps=449.6 avgBps=30.41 avgTps=4963 avgMGps=460.3 elapsed=2h19m12s
Jul 26 17:55:01 nimbus-eth1-mainnet-short-benchmark[3363463]: INF 2026-07-26 17:55:01.545+00:00 Imported blocks                            blockNumber=20262145 slot=9468495 blocks=262144 txs=42726051 mgas=3968623 bps=31.42 tps=4874 mgps=476.4 avgBps=30.44 avgTps=4960 avgMGps=460.8 elapsed=2h23m32s
Jul 26 17:59:04 nimbus-eth1-mainnet-short-benchmark[3363463]: INF 2026-07-26 17:59:04.038+00:00 Imported blocks                            blockNumber=20270337 slot=9476748 blocks=270336 txs=44050436 mgas=4092682 bps=33.78 tps=5461 mgps=511.6 avgBps=30.53 avgTps=4974 avgMGps=462.2 elapsed=2h27m35s
Jul 26 18:02:49 nimbus-eth1-mainnet-short-benchmark[3363463]: INF 2026-07-26 18:02:49.219+00:00 Imported blocks                            blockNumber=20278529 slot=9484981 blocks=278528 txs=45382368 mgas=4216487 bps=36.38 tps=5915 mgps=549.8 avgBps=30.67 avgTps=4997 avgMGps=464.3 elapsed=2h31m20s
Jul 26 18:06:40 nimbus-eth1-mainnet-short-benchmark[3363463]: INF 2026-07-26 18:06:40.731+00:00 Imported blocks                            blockNumber=20286721 slot=9493213 blocks=286720 txs=46733429 mgas=4340363 bps=35.38 tps=5835 mgps=535.1 avgBps=30.79 avgTps=5018 avgMGps=466.1 elapsed=2h35m12s
Jul 26 18:10:54 nimbus-eth1-mainnet-short-benchmark[3363463]: INF 2026-07-26 18:10:54.568+00:00 Imported blocks                            blockNumber=20294913 slot=9501453 blocks=294912 txs=48075887 mgas=4464376 bps=32.27 tps=5288 mgps=488.6 avgBps=30.83 avgTps=5025 avgMGps=466.7 elapsed=2h39m26s
Jul 26 18:15:04 nimbus-eth1-mainnet-short-benchmark[3363463]: INF 2026-07-26 18:15:04.376+00:00 Imported blocks                            blockNumber=20303105 slot=9509696 blocks=303104 txs=49379538 mgas=4588534 bps=32.79 tps=5218 mgps=497.0 avgBps=30.88 avgTps=5030 avgMGps=467.5 elapsed=2h43m35s
Jul 26 18:19:07 nimbus-eth1-mainnet-short-benchmark[3363463]: INF 2026-07-26 18:19:07.021+00:00 Imported blocks                            blockNumber=20311297 slot=9517922 blocks=311296 txs=50637672 mgas=4712596 bps=33.76 tps=5185 mgps=511.3 avgBps=30.95 avgTps=5034 avgMGps=468.5 elapsed=2h47m38s
Jul 26 18:23:00 nimbus-eth1-mainnet-short-benchmark[3363463]: INF 2026-07-26 18:23:00.122+00:00 Imported blocks                            blockNumber=20319489 slot=9526159 blocks=319488 txs=51981692 mgas=4836521 bps=35.14 tps=5765 mgps=531.6 avgBps=31.04 avgTps=5050 avgMGps=470.0 elapsed=2h51m31s
Jul 26 18:26:34 nimbus-eth1-mainnet-short-benchmark[3363463]: INF 2026-07-26 18:26:34.635+00:00 Imported blocks                            blockNumber=20327681 slot=9534381 blocks=327680 txs=53356123 mgas=4960245 bps=38.19 tps=6407 mgps=576.8 avgBps=31.19 avgTps=5078 avgMGps=472.1 elapsed=2h55m6s
Jul 26 18:30:06 nimbus-eth1-mainnet-short-benchmark[3363463]: INF 2026-07-26 18:30:06.672+00:00 Imported blocks                            blockNumber=20335873 slot=9542617 blocks=335872 txs=54719105 mgas=5084025 bps=38.63 tps=6428 mgps=583.8 avgBps=31.34 avgTps=5105 avgMGps=474.3 elapsed=2h58m38s
Jul 26 18:33:57 nimbus-eth1-mainnet-short-benchmark[3363463]: INF 2026-07-26 18:33:57.032+00:00 Imported blocks                            blockNumber=20344065 slot=9550841 blocks=344064 txs=56021853 mgas=5207843 bps=35.56 tps=5655 mgps=537.5 avgBps=31.43 avgTps=5116 avgMGps=475.7 elapsed=3h2m28s
Jul 26 18:38:20 nimbus-eth1-mainnet-short-benchmark[3363463]: INF 2026-07-26 18:38:20.797+00:00 Imported blocks                            blockNumber=20352257 slot=9559072 blocks=352256 txs=57290408 mgas=5332016 bps=31.06 tps=4809 mgps=470.8 avgBps=31.42 avgTps=5109 avgMGps=475.6 elapsed=3h6m52s
Jul 26 18:42:21 nimbus-eth1-mainnet-short-benchmark[3363463]: INF 2026-07-26 18:42:21.813+00:00 Imported blocks                            blockNumber=20360449 slot=9567308 blocks=360448 txs=58543463 mgas=5456201 bps=33.99 tps=5199 mgps=515.3 avgBps=31.47 avgTps=5111 avgMGps=476.4 elapsed=3h10m53s
Jul 26 18:46:13 nimbus-eth1-mainnet-short-benchmark[3363463]: INF 2026-07-26 18:46:13.478+00:00 Imported blocks                            blockNumber=20368641 slot=9575548 blocks=368640 txs=59874056 mgas=5580204 bps=35.36 tps=5743 mgps=535.3 avgBps=31.55 avgTps=5124 avgMGps=477.6 elapsed=3h14m44s
Jul 26 18:50:15 nimbus-eth1-mainnet-short-benchmark[3363463]: INF 2026-07-26 18:50:15.342+00:00 Imported blocks                            blockNumber=20376833 slot=9583774 blocks=376832 txs=61167066 mgas=5704396 bps=33.87 tps=5346 mgps=513.5 avgBps=31.60 avgTps=5128 avgMGps=478.3 elapsed=3h18m46s
Jul 26 18:54:13 nimbus-eth1-mainnet-short-benchmark[3363463]: INF 2026-07-26 18:54:13.603+00:00 Imported blocks                            blockNumber=20385025 slot=9592009 blocks=385024 txs=62480333 mgas=5828235 bps=34.38 tps=5511 mgps=519.8 avgBps=31.65 avgTps=5136 avgMGps=479.1 elapsed=3h22m45s
Jul 26 18:58:11 nimbus-eth1-mainnet-short-benchmark[3363463]: INF 2026-07-26 18:58:11.024+00:00 Imported blocks                            blockNumber=20393217 slot=9600248 blocks=393216 txs=63800597 mgas=5952136 bps=34.50 tps=5560 mgps=521.9 avgBps=31.70 avgTps=5144 avgMGps=479.9 elapsed=3h26m42s
Jul 26 19:01:59 nimbus-eth1-mainnet-short-benchmark[3363463]: INF 2026-07-26 19:01:59.113+00:00 Imported blocks                            blockNumber=20401409 slot=9608486 blocks=401408 txs=65021243 mgas=6076384 bps=35.92 tps=5351 mgps=544.7 avgBps=31.78 avgTps=5147 avgMGps=481.1 elapsed=3h30m30s
Jul 26 19:06:00 nimbus-eth1-mainnet-short-benchmark[3363463]: INF 2026-07-26 19:06:00.557+00:00 Imported blocks                            blockNumber=20409601 slot=9616707 blocks=409600 txs=66199016 mgas=6200666 bps=33.93 tps=4878 mgps=514.7 avgBps=31.82 avgTps=5142 avgMGps=481.7 elapsed=3h34m31s
Jul 26 19:09:53 nimbus-eth1-mainnet-short-benchmark[3363463]: INF 2026-07-26 19:09:53.950+00:00 Imported blocks                            blockNumber=20417793 slot=9624941 blocks=417792 txs=67453930 mgas=6324823 bps=35.10 tps=5376 mgps=532.0 avgBps=31.88 avgTps=5147 avgMGps=482.6 elapsed=3h38m25s
Jul 26 19:13:21 nimbus-eth1-mainnet-short-benchmark[3363463]: INF 2026-07-26 19:13:21.599+00:00 Imported blocks                            blockNumber=20425985 slot=9633187 blocks=425984 txs=68814904 mgas=6448778 bps=39.45 tps=6554 mgps=596.9 avgBps=32.00 avgTps=5168 avgMGps=484.4 elapsed=3h41m53s
Jul 26 19:16:48 nimbus-eth1-mainnet-short-benchmark[3363463]: INF 2026-07-26 19:16:48.004+00:00 Imported blocks                            blockNumber=20434177 slot=9641422 blocks=434176 txs=70124508 mgas=6572711 bps=39.69 tps=6344 mgps=600.4 avgBps=32.11 avgTps=5186 avgMGps=486.2 elapsed=3h45m19s
Jul 26 19:20:26 nimbus-eth1-mainnet-short-benchmark[3363463]: INF 2026-07-26 19:20:26.149+00:00 Imported blocks                            blockNumber=20442369 slot=9649657 blocks=442368 txs=71403576 mgas=6696451 bps=37.55 tps=5863 mgps=567.2 avgBps=32.20 avgTps=5197 avgMGps=487.5 elapsed=3h48m57s
Jul 26 19:24:23 nimbus-eth1-mainnet-short-benchmark[3363463]: INF 2026-07-26 19:24:23.317+00:00 Imported blocks                            blockNumber=20450561 slot=9657896 blocks=450560 txs=72659905 mgas=6820521 bps=34.54 tps=5297 mgps=523.1 avgBps=32.24 avgTps=5199 avgMGps=488.1 elapsed=3h52m54s
Jul 26 19:28:41 nimbus-eth1-mainnet-short-benchmark[3363463]: INF 2026-07-26 19:28:41.102+00:00 Imported blocks                            blockNumber=20458753 slot=9666114 blocks=458752 txs=73838533 mgas=6945116 bps=31.78 tps=4572 mgps=483.3 avgBps=32.23 avgTps=5188 avgMGps=488.0 elapsed=3h57m12s
Jul 26 19:32:36 nimbus-eth1-mainnet-short-benchmark[3363463]: INF 2026-07-26 19:32:36.362+00:00 Imported blocks                            blockNumber=20466945 slot=9674343 blocks=466944 txs=75124748 mgas=7068943 bps=34.82 tps=5467 mgps=526.3 avgBps=32.27 avgTps=5192 avgMGps=488.6 elapsed=4h1m7s
Jul 26 19:36:28 nimbus-eth1-mainnet-short-benchmark[3363463]: INF 2026-07-26 19:36:28.699+00:00 Imported blocks                            blockNumber=20475137 slot=9682575 blocks=475136 txs=76420106 mgas=7192870 bps=35.26 tps=5575 mgps=533.4 avgBps=32.32 avgTps=5198 avgMGps=489.3 elapsed=4h5m135ms
Jul 26 19:40:11 nimbus-eth1-mainnet-short-benchmark[3363463]: INF 2026-07-26 19:40:11.368+00:00 Imported blocks                            blockNumber=20483329 slot=9690800 blocks=483328 txs=77675422 mgas=7316939 bps=36.79 tps=5637 mgps=557.2 avgBps=32.39 avgTps=5205 avgMGps=490.3 elapsed=4h8m42s
Jul 26 19:43:50 nimbus-eth1-mainnet-short-benchmark[3363463]: INF 2026-07-26 19:43:50.449+00:00 Imported blocks                            blockNumber=20491521 slot=9699019 blocks=491520 txs=78951232 mgas=7440784 bps=37.39 tps=5823 mgps=565.3 avgBps=32.46 avgTps=5214 avgMGps=491.4 elapsed=4h12m21s
Jul 26 19:47:49 nimbus-eth1-mainnet-short-benchmark[3363463]: INF 2026-07-26 19:47:49.250+00:00 Imported blocks                            blockNumber=20499713 slot=9707248 blocks=499712 txs=80189642 mgas=7564669 bps=34.30 tps=5185 mgps=518.8 avgBps=32.49 avgTps=5213 avgMGps=491.8 elapsed=4h16m20s
Jul 26 19:51:50 nimbus-eth1-mainnet-short-benchmark[3363463]: INF 2026-07-26 19:51:50.278+00:00 Imported blocks                            blockNumber=20507905 slot=9715488 blocks=507904 txs=81317763 mgas=7689208 bps=33.99 tps=4680 mgps=516.7 avgBps=32.51 avgTps=5205 avgMGps=492.2 elapsed=4h20m21s
Jul 26 19:55:24 nimbus-eth1-mainnet-short-benchmark[3363463]: INF 2026-07-26 19:55:24.927+00:00 Imported blocks                            blockNumber=20516097 slot=9723715 blocks=516096 txs=82520262 mgas=7813209 bps=38.16 tps=5602 mgps=577.7 avgBps=32.59 avgTps=5210 avgMGps=493.4 elapsed=4h23m56s
Jul 26 19:59:11 nimbus-eth1-mainnet-short-benchmark[3363463]: INF 2026-07-26 19:59:11.624+00:00 Imported blocks                            blockNumber=20524289 slot=9731945 blocks=524288 txs=83780075 mgas=7937233 bps=36.14 tps=5557 mgps=547.1 avgBps=32.64 avgTps=5215 avgMGps=494.1 elapsed=4h27m43s
Jul 26 20:03:02 nimbus-eth1-mainnet-short-benchmark[3363463]: INF 2026-07-26 20:03:02.429+00:00 Imported blocks                            blockNumber=20532481 slot=9740183 blocks=532480 txs=85263862 mgas=8061024 bps=35.49 tps=6428 mgps=536.3 avgBps=32.68 avgTps=5232 avgMGps=494.7 elapsed=4h31m33s
Jul 26 20:06:57 nimbus-eth1-mainnet-short-benchmark[3363463]: INF 2026-07-26 20:06:57.097+00:00 Imported blocks                            blockNumber=20540673 slot=9748418 blocks=540672 txs=86612143 mgas=8185090 bps=34.91 tps=5745 mgps=528.7 avgBps=32.71 avgTps=5240 avgMGps=495.2 elapsed=4h35m28s
Jul 26 20:10:59 nimbus-eth1-mainnet-short-benchmark[3363463]: INF 2026-07-26 20:10:59.230+00:00 Imported blocks                            blockNumber=20548865 slot=9756662 blocks=548864 txs=87802991 mgas=8309513 bps=33.83 tps=4918 mgps=513.9 avgBps=32.73 avgTps=5235 avgMGps=495.5 elapsed=4h39m30s
Jul 26 20:14:58 nimbus-eth1-mainnet-short-benchmark[3363463]: INF 2026-07-26 20:14:58.958+00:00 Imported blocks                            blockNumber=20557057 slot=9764892 blocks=557056 txs=88964987 mgas=8433956 bps=34.17 tps=4847 mgps=519.1 avgBps=32.75 avgTps=5230 avgMGps=495.8 elapsed=4h43m30s
Jul 26 20:18:49 nimbus-eth1-mainnet-short-benchmark[3363463]: INF 2026-07-26 20:18:49.851+00:00 Imported blocks                            blockNumber=20565249 slot=9773131 blocks=565248 txs=90186094 mgas=8558113 bps=35.48 tps=5288 mgps=537.7 avgBps=32.78 avgTps=5230 avgMGps=496.4 elapsed=4h47m21s
Jul 26 20:22:41 nimbus-eth1-mainnet-short-benchmark[3363463]: INF 2026-07-26 20:22:41.768+00:00 Imported blocks                            blockNumber=20573441 slot=9781369 blocks=573440 txs=91404654 mgas=8682228 bps=35.32 tps=5254 mgps=535.2 avgBps=32.82 avgTps=5231 avgMGps=496.9 elapsed=4h51m13s
Jul 26 20:26:28 nimbus-eth1-mainnet-short-benchmark[3363463]: INF 2026-07-26 20:26:28.133+00:00 Imported blocks                            blockNumber=20581633 slot=9789611 blocks=581632 txs=92628389 mgas=8806651 bps=36.19 tps=5406 mgps=549.7 avgBps=32.86 avgTps=5233 avgMGps=497.6 elapsed=4h54m59s
Jul 26 20:30:21 nimbus-eth1-mainnet-short-benchmark[3363463]: INF 2026-07-26 20:30:21.141+00:00 Imported blocks                            blockNumber=20589825 slot=9797855 blocks=589824 txs=93887208 mgas=8931023 bps=35.16 tps=5402 mgps=533.8 avgBps=32.89 avgTps=5235 avgMGps=498.0 elapsed=4h58m52s
Jul 26 20:34:19 nimbus-eth1-mainnet-short-benchmark[3363463]: INF 2026-07-26 20:34:19.978+00:00 Imported blocks                            blockNumber=20598017 slot=9806095 blocks=598016 txs=95163338 mgas=9055310 bps=34.30 tps=5343 mgps=520.4 avgBps=32.91 avgTps=5236 avgMGps=498.3 elapsed=5h2m51s
Jul 26 20:38:20 nimbus-eth1-mainnet-short-benchmark[3363463]: INF 2026-07-26 20:38:20.259+00:00 Imported blocks                            blockNumber=20606209 slot=9814347 blocks=606208 txs=96334664 mgas=9179976 bps=34.09 tps=4874 mgps=518.8 avgBps=32.93 avgTps=5232 avgMGps=498.6 elapsed=5h6m51s
Jul 26 20:42:09 nimbus-eth1-mainnet-short-benchmark[3363463]: INF 2026-07-26 20:42:08.995+00:00 Imported blocks                            blockNumber=20614401 slot=9822581 blocks=614400 txs=97573414 mgas=9304574 bps=35.81 tps=5415 mgps=544.7 avgBps=32.96 avgTps=5234 avgMGps=499.2 elapsed=5h10m40s
Jul 26 20:45:58 nimbus-eth1-mainnet-short-benchmark[3363463]: INF 2026-07-26 20:45:58.688+00:00 Imported blocks                            blockNumber=20622593 slot=9830821 blocks=622592 txs=98874772 mgas=9428835 bps=35.67 tps=5665 mgps=541.0 avgBps=32.99 avgTps=5239 avgMGps=499.7 elapsed=5h14m30s
Jul 26 20:49:41 nimbus-eth1-mainnet-short-benchmark[3363463]: INF 2026-07-26 20:49:41.885+00:00 Imported blocks                            blockNumber=20630785 slot=9839058 blocks=630784 txs=100178707 mgas=9553009 bps=36.70 tps=5841 mgps=556.3 avgBps=33.04 avgTps=5246 avgMGps=500.3 elapsed=5h18m13s
Jul 26 20:53:33 nimbus-eth1-mainnet-short-benchmark[3363463]: INF 2026-07-26 20:53:33.546+00:00 Imported blocks                            blockNumber=20638977 slot=9847313 blocks=638976 txs=101489116 mgas=9677171 bps=35.36 tps=5656 mgps=536.0 avgBps=33.06 avgTps=5251 avgMGps=500.8 elapsed=5h22m4s
Jul 26 20:57:25 nimbus-eth1-mainnet-short-benchmark[3363463]: INF 2026-07-26 20:57:25.882+00:00 Imported blocks                            blockNumber=20647169 slot=9855549 blocks=647168 txs=102730058 mgas=9801643 bps=35.26 tps=5341 mgps=535.7 avgBps=33.09 avgTps=5252 avgMGps=501.2 elapsed=5h25m57s
Jul 26 21:01:29 nimbus-eth1-mainnet-short-benchmark[3363463]: INF 2026-07-26 21:01:29.887+00:00 Imported blocks                            blockNumber=20655361 slot=9863778 blocks=655360 txs=103868002 mgas=9926541 bps=33.57 tps=4663 mgps=511.9 avgBps=33.10 avgTps=5245 avgMGps=501.3 elapsed=5h30m1s
Jul 26 21:05:14 nimbus-eth1-mainnet-short-benchmark[3363463]: INF 2026-07-26 21:05:14.504+00:00 Imported blocks                            blockNumber=20663553 slot=9872013 blocks=663552 txs=105112198 mgas=10051274 bps=36.47 tps=5539 mgps=555.3 avgBps=33.13 avgTps=5248 avgMGps=501.9 elapsed=5h33m45s
Jul 26 21:08:50 nimbus-eth1-mainnet-short-benchmark[3363463]: INF 2026-07-26 21:08:50.249+00:00 Imported blocks                            blockNumber=20671745 slot=9880241 blocks=671744 txs=106395904 mgas=10175177 bps=37.97 tps=5950 mgps=574.3 avgBps=33.19 avgTps=5256 avgMGps=502.7 elapsed=5h37m21s
Jul 26 21:12:32 nimbus-eth1-mainnet-short-benchmark[3363463]: INF 2026-07-26 21:12:32.650+00:00 Imported blocks                            blockNumber=20679937 slot=9888471 blocks=679936 txs=107674271 mgas=10299404 bps=36.83 tps=5748 mgps=558.6 avgBps=33.23 avgTps=5261 avgMGps=503.3 elapsed=5h41m4s
Jul 26 21:16:04 nimbus-eth1-mainnet-short-benchmark[3363463]: INF 2026-07-26 21:16:04.695+00:00 Imported blocks                            blockNumber=20688129 slot=9896698 blocks=688128 txs=108938536 mgas=10423298 bps=38.63 tps=5962 mgps=584.3 avgBps=33.28 avgTps=5268 avgMGps=504.1 elapsed=5h44m36s
Jul 26 21:19:49 nimbus-eth1-mainnet-short-benchmark[3363463]: INF 2026-07-26 21:19:49.091+00:00 Imported blocks                            blockNumber=20696321 slot=9904930 blocks=696320 txs=110235786 mgas=10547469 bps=36.51 tps=5781 mgps=553.4 avgBps=33.32 avgTps=5274 avgMGps=504.7 elapsed=5h48m20s
Jul 26 21:23:52 nimbus-eth1-mainnet-short-benchmark[3363463]: INF 2026-07-26 21:23:52.212+00:00 Imported blocks                            blockNumber=20704513 slot=9913154 blocks=704512 txs=111483759 mgas=10671677 bps=33.70 tps=5133 mgps=510.9 avgBps=33.32 avgTps=5272 avgMGps=504.7 elapsed=5h52m23s
Jul 26 21:27:40 nimbus-eth1-mainnet-short-benchmark[3363463]: INF 2026-07-26 21:27:40.829+00:00 Imported blocks                            blockNumber=20712705 slot=9921388 blocks=712704 txs=112764170 mgas=10795980 bps=35.83 tps=5600 mgps=543.7 avgBps=33.35 avgTps=5276 avgMGps=505.1 elapsed=5h56m12s
Jul 26 21:31:15 nimbus-eth1-mainnet-short-benchmark[3363463]: INF 2026-07-26 21:31:15.606+00:00 Imported blocks                            blockNumber=20720897 slot=9929633 blocks=720896 txs=114110517 mgas=10919926 bps=38.14 tps=6268 mgps=577.1 avgBps=33.39 avgTps=5286 avgMGps=505.9 elapsed=5h59m47s
Jul 26 21:34:55 nimbus-eth1-mainnet-short-benchmark[3363463]: INF 2026-07-26 21:34:55.351+00:00 Imported blocks                            blockNumber=20729089 slot=9937869 blocks=729088 txs=115449431 mgas=11043768 bps=37.28 tps=6093 mgps=563.6 avgBps=33.43 avgTps=5294 avgMGps=506.4 elapsed=6h3m26s
Jul 26 21:38:28 nimbus-eth1-mainnet-short-benchmark[3363463]: INF 2026-07-26 21:38:28.459+00:00 Imported blocks                            blockNumber=20737281 slot=9946108 blocks=737280 txs=116784468 mgas=11167784 bps=38.44 tps=6264 mgps=581.9 avgBps=33.48 avgTps=5303 avgMGps=507.2 elapsed=6h6m59s
Jul 26 21:42:11 nimbus-eth1-mainnet-short-benchmark[3363463]: INF 2026-07-26 21:42:11.120+00:00 Imported blocks                            blockNumber=20745473 slot=9954342 blocks=745472 txs=118101003 mgas=11291742 bps=36.79 tps=5912 mgps=556.7 avgBps=33.52 avgTps=5309 avgMGps=507.7 elapsed=6h10m42s
Jul 26 21:46:08 nimbus-eth1-mainnet-short-benchmark[3363463]: INF 2026-07-26 21:46:08.249+00:00 Imported blocks                            blockNumber=20753665 slot=9962581 blocks=753664 txs=119337525 mgas=11415859 bps=34.55 tps=5214 mgps=523.4 avgBps=33.53 avgTps=5308 avgMGps=507.8 elapsed=6h14m39s
Jul 26 21:49:55 nimbus-eth1-mainnet-short-benchmark[3363463]: INF 2026-07-26 21:49:55.582+00:00 Imported blocks                            blockNumber=20761857 slot=9970803 blocks=761856 txs=120564314 mgas=11540225 bps=36.04 tps=5396 mgps=547.1 avgBps=33.55 avgTps=5309 avgMGps=508.2 elapsed=6h18m27s
Jul 26 21:53:30 nimbus-eth1-mainnet-short-benchmark[3363463]: INF 2026-07-26 21:53:30.479+00:00 Imported blocks                            blockNumber=20770049 slot=9979058 blocks=770048 txs=121858083 mgas=11663918 bps=38.12 tps=6020 mgps=575.6 avgBps=33.59 avgTps=5316 avgMGps=508.9 elapsed=6h22m1s
Jul 26 21:56:57 nimbus-eth1-mainnet-short-benchmark[3363463]: INF 2026-07-26 21:56:57.188+00:00 Imported blocks                            blockNumber=20778241 slot=9987307 blocks=778240 txs=123161734 mgas=11787906 bps=39.63 tps=6306 mgps=599.8 avgBps=33.65 avgTps=5325 avgMGps=509.7 elapsed=6h25m28s
Jul 26 22:00:19 nimbus-eth1-mainnet-short-benchmark[3363463]: INF 2026-07-26 22:00:19.669+00:00 Imported blocks                            blockNumber=20786433 slot=9995542 blocks=786432 txs=124509456 mgas=11911612 bps=40.46 tps=6655 mgps=610.9 avgBps=33.71 avgTps=5336 avgMGps=510.5 elapsed=6h28m51s
Jul 26 22:03:46 nimbus-eth1-mainnet-short-benchmark[3363463]: INF 2026-07-26 22:03:46.186+00:00 Imported blocks                            blockNumber=20794625 slot=10003781 blocks=794624 txs=125848921 mgas=12035338 bps=39.67 tps=6486 mgps=599.1 avgBps=33.76 avgTps=5346 avgMGps=511.3 elapsed=6h32m17s
Jul 26 22:07:17 nimbus-eth1-mainnet-short-benchmark[3363463]: INF 2026-07-26 22:07:17.803+00:00 Imported blocks                            blockNumber=20802817 slot=10012028 blocks=802816 txs=127089868 mgas=12158989 bps=38.71 tps=5864 mgps=584.3 avgBps=33.80 avgTps=5351 avgMGps=512.0 elapsed=6h35m49s
Jul 26 22:10:57 nimbus-eth1-mainnet-short-benchmark[3363463]: INF 2026-07-26 22:10:57.332+00:00 Imported blocks                            blockNumber=20811009 slot=10020249 blocks=811008 txs=128299762 mgas=12282850 bps=37.32 tps=5511 mgps=564.2 avgBps=33.84 avgTps=5352 avgMGps=512.5 elapsed=6h39m28s
Jul 26 22:14:22 nimbus-eth1-mainnet-short-benchmark[3363463]: INF 2026-07-26 22:14:22.913+00:00 Imported blocks                            blockNumber=20819201 slot=10028481 blocks=819200 txs=129596319 mgas=12406594 bps=39.85 tps=6306 mgps=601.9 avgBps=33.89 avgTps=5360 avgMGps=513.2 elapsed=6h42m54s
Jul 26 22:17:47 nimbus-eth1-mainnet-short-benchmark[3363463]: INF 2026-07-26 22:17:47.858+00:00 Imported blocks                            blockNumber=20827393 slot=10036710 blocks=827392 txs=130916729 mgas=12530249 bps=39.97 tps=6442 mgps=603.4 avgBps=33.94 avgTps=5369 avgMGps=514.0 elapsed=6h46m19s
Jul 26 22:21:13 nimbus-eth1-mainnet-short-benchmark[3363463]: INF 2026-07-26 22:21:13.187+00:00 Imported blocks                            blockNumber=20835585 slot=10044938 blocks=835584 txs=132226625 mgas=12654070 bps=39.90 tps=6379 mgps=603.0 avgBps=33.99 avgTps=5378 avgMGps=514.7 elapsed=6h49m44s
Jul 26 22:24:49 nimbus-eth1-mainnet-short-benchmark[3363463]: INF 2026-07-26 22:24:49.624+00:00 Imported blocks                            blockNumber=20843777 slot=10053164 blocks=843776 txs=133604192 mgas=12777730 bps=37.85 tps=6364 mgps=571.3 avgBps=34.02 avgTps=5387 avgMGps=515.2 elapsed=6h53m21s
Jul 26 22:28:52 nimbus-eth1-mainnet-short-benchmark[3363463]: INF 2026-07-26 22:28:52.177+00:00 Imported blocks                            blockNumber=20851969 slot=10061391 blocks=851968 txs=134900706 mgas=12901664 bps=33.77 tps=5345 mgps=511.0 avgBps=34.02 avgTps=5386 avgMGps=515.2 elapsed=6h57m23s
Jul 26 22:32:44 nimbus-eth1-mainnet-short-benchmark[3363463]: INF 2026-07-26 22:32:44.613+00:00 Imported blocks                            blockNumber=20860161 slot=10069622 blocks=860160 txs=136168750 mgas=13025603 bps=35.24 tps=5455 mgps=533.2 avgBps=34.03 avgTps=5387 avgMGps=515.3 elapsed=7h1m16s
Jul 26 22:36:31 nimbus-eth1-mainnet-short-benchmark[3363463]: INF 2026-07-26 22:36:31.794+00:00 Imported blocks                            blockNumber=20868353 slot=10077838 blocks=868352 txs=137550724 mgas=13149742 bps=36.06 tps=6083 mgps=546.4 avgBps=34.05 avgTps=5393 avgMGps=515.6 elapsed=7h5m3s
Jul 26 22:40:17 nimbus-eth1-mainnet-short-benchmark[3363463]: INF 2026-07-26 22:40:17.623+00:00 Imported blocks                            blockNumber=20876545 slot=10086066 blocks=876544 txs=138954673 mgas=13273457 bps=36.28 tps=6216 mgps=547.8 avgBps=34.07 avgTps=5400 avgMGps=515.9 elapsed=7h8m49s
Jul 26 22:43:58 nimbus-eth1-mainnet-short-benchmark[3363463]: INF 2026-07-26 22:43:58.640+00:00 Imported blocks                            blockNumber=20884737 slot=10094286 blocks=884736 txs=140256178 mgas=13397479 bps=37.07 tps=5888 mgps=561.1 avgBps=34.09 avgTps=5404 avgMGps=516.3 elapsed=7h12m30s
Jul 26 22:47:33 nimbus-eth1-mainnet-short-benchmark[3363463]: INF 2026-07-26 22:47:33.713+00:00 Imported blocks                            blockNumber=20892929 slot=10102512 blocks=892928 txs=141581868 mgas=13521575 bps=38.09 tps=6163 mgps=577.0 avgBps=34.13 avgTps=5411 avgMGps=516.8 elapsed=7h16m5s
Jul 26 22:51:09 nimbus-eth1-mainnet-short-benchmark[3363463]: INF 2026-07-26 22:51:09.838+00:00 Imported blocks                            blockNumber=20901121 slot=10110732 blocks=901120 txs=142875889 mgas=13645572 bps=37.90 tps=5987 mgps=573.7 avgBps=34.16 avgTps=5415 avgMGps=517.2 elapsed=7h19m41s
Jul 26 22:54:45 nimbus-eth1-mainnet-short-benchmark[3363463]: INF 2026-07-26 22:54:45.555+00:00 Imported blocks                            blockNumber=20909313 slot=10118953 blocks=909312 txs=144102308 mgas=13769390 bps=37.98 tps=5685 mgps=574.0 avgBps=34.19 avgTps=5417 avgMGps=517.7 elapsed=7h23m16s
Jul 26 22:58:15 nimbus-eth1-mainnet-short-benchmark[3363463]: INF 2026-07-26 22:58:15.792+00:00 Imported blocks                            blockNumber=20917505 slot=10127176 blocks=917504 txs=145406349 mgas=13893087 bps=38.97 tps=6202 mgps=588.4 avgBps=34.23 avgTps=5424 avgMGps=518.3 elapsed=7h26m47s
Jul 26 23:01:37 nimbus-eth1-mainnet-short-benchmark[3363463]: INF 2026-07-26 23:01:37.297+00:00 Imported blocks                            blockNumber=20925697 slot=10135394 blocks=925696 txs=146718394 mgas=14016820 bps=40.65 tps=6511 mgps=614.0 avgBps=34.27 avgTps=5432 avgMGps=519.0 elapsed=7h30m8s
Jul 26 23:05:13 nimbus-eth1-mainnet-short-benchmark[3363463]: INF 2026-07-26 23:05:13.090+00:00 Imported blocks                            blockNumber=20933889 slot=10143614 blocks=933888 txs=148049109 mgas=14140625 bps=37.96 tps=6166 mgps=573.7 avgBps=34.30 avgTps=5438 avgMGps=519.4 elapsed=7h33m44s
Jul 26 23:08:41 nimbus-eth1-mainnet-short-benchmark[3363463]: INF 2026-07-26 23:08:41.463+00:00 Imported blocks                            blockNumber=20942081 slot=10151840 blocks=942080 txs=149397364 mgas=14264352 bps=39.31 tps=6470 mgps=593.8 avgBps=34.34 avgTps=5445 avgMGps=520.0 elapsed=7h37m12s
Jul 26 23:12:13 nimbus-eth1-mainnet-short-benchmark[3363463]: INF 2026-07-26 23:12:13.276+00:00 Imported blocks                            blockNumber=20950273 slot=10160098 blocks=950272 txs=150765507 mgas=14388237 bps=38.68 tps=6459 mgps=584.9 avgBps=34.37 avgTps=5453 avgMGps=520.5 elapsed=7h40m44s
Jul 26 23:16:00 nimbus-eth1-mainnet-short-benchmark[3363463]: INF 2026-07-26 23:15:59.997+00:00 Imported blocks                            blockNumber=20958465 slot=10168363 blocks=958464 txs=152044771 mgas=14511987 bps=36.13 tps=5642 mgps=545.8 avgBps=34.39 avgTps=5455 avgMGps=520.7 elapsed=7h44m31s
Jul 26 23:19:38 nimbus-eth1-mainnet-short-benchmark[3363463]: INF 2026-07-26 23:19:38.777+00:00 Imported blocks                            blockNumber=20966657 slot=10176609 blocks=966656 txs=153365296 mgas=14635804 bps=37.44 tps=6035 mgps=565.9 avgBps=34.41 avgTps=5459 avgMGps=521.0 elapsed=7h48m10s
Jul 26 23:23:13 nimbus-eth1-mainnet-short-benchmark[3363463]: INF 2026-07-26 23:23:13.378+00:00 Imported blocks                            blockNumber=20974849 slot=10184849 blocks=974848 txs=154744917 mgas=14759580 bps=38.17 tps=6428 mgps=576.8 avgBps=34.44 avgTps=5467 avgMGps=521.5 elapsed=7h51m44s
Jul 26 23:26:56 nimbus-eth1-mainnet-short-benchmark[3363463]: INF 2026-07-26 23:26:56.239+00:00 Imported blocks                            blockNumber=20983041 slot=10193086 blocks=983040 txs=156055229 mgas=14883451 bps=36.76 tps=5879 mgps=555.8 avgBps=34.46 avgTps=5470 avgMGps=521.7 elapsed=7h55m27s
Jul 26 23:30:12 nimbus-eth1-mainnet-short-benchmark[3363463]: INF 2026-07-26 23:30:12.636+00:00 Imported blocks                            blockNumber=20991233 slot=10201319 blocks=991232 txs=157563202 mgas=15007557 bps=41.71 tps=7678 mgps=631.9 avgBps=34.51 avgTps=5485 avgMGps=522.5 elapsed=7h58m44s
Jul 26 23:33:59 nimbus-eth1-mainnet-short-benchmark[3363463]: INF 2026-07-26 23:33:59.109+00:00 Imported blocks                            blockNumber=20999425 slot=10209549 blocks=999424 txs=159003277 mgas=15131383 bps=36.17 tps=6358 mgps=546.8 avgBps=34.52 avgTps=5492 avgMGps=522.7 elapsed=8h2m30s
Jul 26 23:34:15 nimbus-eth1-mainnet-short-benchmark[3363463]: INF 2026-07-26 23:34:15.677+00:00 Imported blocks                            blockNumber=21000001 slot=10210128 blocks=1000000 txs=159109486 mgas=15140191 bps=34.76 tps=6410 mgps=531.6 avgBps=34.52 avgTps=5492 avgMGps=522.7 elapsed=8h2m47s
Jul 26 23:34:15 nimbus-eth1-mainnet-short-benchmark[3363463]: NTC 2026-07-26 23:34:15.677+00:00 Import complete                            blockNumber=21000001 slot=10210128 blocks=1000000 txs=159109486 mgas=15140191
Jul 26 23:34:16 nimbus-eth1-mainnet-short-benchmark[3338894]: <<< ending startNimbusWithImport (success)
Jul 26 23:34:16 nimbus-eth1-mainnet-short-benchmark[3338894]: >>> starting moveBenchmarkingFileToRepo
Jul 26 23:34:16 nimbus-eth1-mainnet-short-benchmark[3338894]: >>> copying debug-csv generated by nimbus to benchmarks repo
Jul 26 23:34:16 nimbus-eth1-mainnet-short-benchmark[3338894]: <<< ending moveBenchmarkingFileToRepo (success)
Jul 26 23:34:16 nimbus-eth1-mainnet-short-benchmark[3338894]: >>> starting generateBuildEnvironmentLogFile
Jul 26 23:34:25 nimbus-eth1-mainnet-short-benchmark[3338894]: <<< ending generateBuildEnvironmentLogFile (success)
Jul 26 23:34:25 nimbus-eth1-mainnet-short-benchmark[3338894]: >>> starting generateSystemdServiceLogs
