Jul 25 22:44:41 nimbus-eth1-mainnet-short-benchmark[3143505]: >>> starting cloneOrFetchBenchmarksRepo
Jul 25 22:44:42 nimbus-eth1-mainnet-short-benchmark[3143505]: >>> Fetching latest changes for nimbus-eth1-benchmarks...
Jul 25 22:44:43 nimbus-eth1-mainnet-short-benchmark[3143552]: HEAD is now at b938f09 chore: update short benchmark Readme
Jul 25 22:44:44 nimbus-eth1-mainnet-short-benchmark[3143505]: <<< ending cloneOrFetchBenchmarksRepo (success)
Jul 25 22:44:44 nimbus-eth1-mainnet-short-benchmark[3143505]: >>> starting cloneOrFetchNimbusRepo
Jul 25 22:44:53 nimbus-eth1-mainnet-short-benchmark[3143505]: >>> Fetching latest changes for nimbus-eth1...
Jul 25 22:44:54 nimbus-eth1-mainnet-short-benchmark[3143905]: From https://github.com/status-im/nimbus-eth1
Jul 25 22:44:54 nimbus-eth1-mainnet-short-benchmark[3143905]:    f2202a6fc..0a3f881cf  master     -> origin/master
Jul 25 22:44:54 nimbus-eth1-mainnet-short-benchmark[3143913]: warning: unable to rmdir 'vendor/libtommath': Directory not empty
Jul 25 22:44:54 nimbus-eth1-mainnet-short-benchmark[3143913]: HEAD is now at 0a3f881cf outbound tx propagation (#4487)
Jul 25 22:44:54 nimbus-eth1-mainnet-short-benchmark[3143505]: >>> Found last benchmarked commit: 1a1e90f5
Jul 25 22:44:54 nimbus-eth1-mainnet-short-benchmark[3143505]: >>> Using next commit: e8e162f7713dfb6b013e939a8fa1e7dde6857e41
Jul 25 22:44:54 nimbus-eth1-mainnet-short-benchmark[3143923]: HEAD is now at e8e162f77 Snap sync control some logging noise (#4376)
Jul 25 22:44:54 nimbus-eth1-mainnet-short-benchmark[3143505]: >>> Current commit: e8e162f77
Jul 25 22:44:54 nimbus-eth1-mainnet-short-benchmark[3143505]: <<< ending cloneOrFetchNimbusRepo (success)
Jul 25 22:44:54 nimbus-eth1-mainnet-short-benchmark[3143505]: >>> starting buildBinaries
Jul 25 22:44:54 nimbus-eth1-mainnet-short-benchmark[3143505]: >>> Building binaries for commit e8e162f7...
Jul 25 22:45:02 nimbus-eth1-mainnet-short-benchmark[3149253]: Building: Nim compiler
Jul 25 22:46:56 nimbus-eth1-mainnet-short-benchmark[3149253]: Building custom Nimble commit: 42ef70c2102a942c46f13eb76872326edd525cec
Jul 25 22:47:05 nimbus-eth1-mainnet-short-benchmark[3149253]: Building Nimble...
Jul 25 22:47:18 nimbus-eth1-mainnet-short-benchmark[3149253]: Replacing nimble binary...
Jul 25 22:47:18 nimbus-eth1-mainnet-short-benchmark[3158151]: cp: cannot stat '/data/status-im/nimbus-eth1/build/*': No such file or directory
Jul 25 22:47:18 nimbus-eth1-mainnet-short-benchmark[3158127]: ROCKSDB VERSION NOT FOUND
Jul 25 22:47:18 nimbus-eth1-mainnet-short-benchmark[3158280]: make[1]: Entering directory '/data/status-im/nimbus-eth1/vendor/nim-rocksdb/vendor/rocksdb'
Jul 25 22:47:18 nimbus-eth1-mainnet-short-benchmark[3158280]: $DEBUG_LEVEL is 0, $LIB_MODE is static
Jul 25 22:47:19 nimbus-eth1-mainnet-short-benchmark[3158280]: make[1]: Leaving directory '/data/status-im/nimbus-eth1/vendor/nim-rocksdb/vendor/rocksdb'
Jul 25 22:47:19 nimbus-eth1-mainnet-short-benchmark[3158724]: Cleaning up RocksDb build artifacts.
Jul 25 22:47:19 nimbus-eth1-mainnet-short-benchmark[3158155]: Building RocksDb static libraries.
Jul 25 22:50:33 nimbus-eth1-mainnet-short-benchmark[3162230]: Building: build/nimbus_execution_client
Jul 25 22:52:57 nimbus-eth1-mainnet-short-benchmark[3143505]: >>> renaming binaries to match commit they were built from
Jul 25 22:52:57 nimbus-eth1-mainnet-short-benchmark[3143505]: >>> creating a symbolic link to the latest version
Jul 25 22:52:57 nimbus-eth1-mainnet-short-benchmark[3143505]: >>> deleting copies that are older than N days
Jul 25 22:52:57 nimbus-eth1-mainnet-short-benchmark[3143505]: <<< ending buildBinaries (success)
Jul 25 22:52:57 nimbus-eth1-mainnet-short-benchmark[3143505]: >>> starting skipOrContinueBenchmark
Jul 25 22:52:57 nimbus-eth1-mainnet-short-benchmark[3143505]: <<< ending skipOrContinueBenchmark (success)
Jul 25 22:52:57 nimbus-eth1-mainnet-short-benchmark[3143505]: >>> starting copyTemplateDatabase
Jul 25 22:52:57 nimbus-eth1-mainnet-short-benchmark[3143505]: >>> Copying template db into nimbus data directory
Jul 25 22:56:07 nimbus-eth1-mainnet-short-benchmark[3143505]: >>> Template db copied
Jul 25 22:56:07 nimbus-eth1-mainnet-short-benchmark[3143505]: >>> making nimbus the owner of the copied files
Jul 25 22:56:07 nimbus-eth1-mainnet-short-benchmark[3143505]: <<< ending copyTemplateDatabase (success)
Jul 25 22:56:07 nimbus-eth1-mainnet-short-benchmark[3143505]: >>> starting startNimbusWithImport
Jul 25 22:56:07 nimbus-eth1-mainnet-short-benchmark[3168018]: INF 2026-07-25 22:56:07.797+00:00 Launching execution client                 version=v0.3.1-e8e162f7 config="(configFile: none(InputFile), dataDirFlag: some(/data/status-im/nimbus-eth1/data/shared_mainnet_0), era1DirFlag: some(/data/era1), eraDirFlag: some(/data/era), ereDirFlag: none(OutDir), keyStoreDirFlag: none(OutDir), importKey: , trustedSetupFile: none(string), extraData: Nimbus/v0.3.1-e8e162f7, gasLimit: 60000000, maxBlobs: none(byte), network: [mainnet], customNetwork: none(NetworkParams), networkId: 1, networkParams: (config: ..., genesis: (nonce: 0x0000000000000042, timestamp: 0, extraData: [17, 187, 232, 219, 78, 52, 123, 78, 140, 147, 124, 28, 131, 112, 228, 181, 237, 51, 173, 179, 219, 105, 203, 219, 122, 56, 225, 229, 11, 27, 130, 250], gasLimit: 5000, difficulty: 17179869184, mixHash: 0x0000000000000000000000000000000000000000000000000000000000000000, coinbase: 0x0000000000000000000000000000000000000000, alloc: 8893, number: 0, gasUser: 0, parentHash: 0x0000000000000000000000000000000000000000000000000000000000000000, baseFeePerGas: none(), blobGasUsed: -1, excessBlobGas: -1, parentBeaconBlockRoot: none())), logLevel: INFO, logFormat: auto, metricsEnabled: false, metricsPort: 9093, metricsAddress: 127.0.0.1, bootstrapNodes: [], bootstrapFile: , staticPeers: [], staticPeersFile: , reconnectMaxRetry: 0, reconnectInterval: 15, listenAddress: ::, tcpPort: 30303, udpPortFlag: none(Port), maxPeers: 25, nat: (hasExtIp: false, nat: NatAny), discovery: [V4, V5], netKey: random, agentString: Nimbus/v0.3.1-e8e162f7/linux-amd64/Nim-2.2.10, numThreads: 0, persistBatchSize: 4, dynamicBatchSize: false, rocksdbMaxOpenFiles: 2048, rocksdbWriteBufferSize: 67108864, rocksdbRowCacheSize: 0, rocksdbBlockCacheSize: 2147483648, rocksdbBlockCacheType: hyperclock, rdbVtxCacheSize: 536870912, rdbKeyCacheSize: 1342177280, rdbBranchCacheSize: 1073741824, rdbPrintStats: false, rewriteDatadirId: true, aristoDbMaxSnapshots: 5, parallelStateRootComputation: false, optimisticStatePrefetch: false, balStatePrefetch: false, balStatePrefetchWorkers: 0, eagerStateRootCheck: false, deserializeFcState: true, statelessProviderEnabled: false, statelessWitnessValidation: false, cmd: import, maxBlocks: 1000000, chunkSize: 8192, csvStats: some("/data/host-benchmarks/short/2cdb7fd1f0f949328f27dc372572b3cf/blocks-import-benchmark.csv"), validation: false, fullValidation: false, storeBodies: false, storeReceipts: false, storeSlotHashes: false)"
Jul 25 22:56:07 nimbus-eth1-mainnet-short-benchmark[3168018]: WRN 2026-07-25 22:56:07.797+00:00 Data directory has insecure permissions. Correcting them. data_dir=/data/status-im/nimbus-eth1/data/shared_mainnet_0 current_permissions=0755 required_permissions=0700
Jul 25 22:56:09 nimbus-eth1-mainnet-short-benchmark[3168018]: INF 2026-07-25 22:56:09.713+00:00 Taskpool started                           numThreads=16
Jul 25 22:56:09 nimbus-eth1-mainnet-short-benchmark[3168018]: INF 2026-07-25 22:56:09.857+00:00 Writing data dir ID                        ID=0x0a036d6f6dfe59156bb6359f0243c93d5a421ed688de5aa85a62d15dca8dbd5c
Jul 25 22:56:09 nimbus-eth1-mainnet-short-benchmark[3168018]: INF 2026-07-25 22:56:09.881+00:00 Database initialized                       base="(0xd24fd73f794058a3807db926d8898c6481e902b7edb91ce0d479d6760f276183, 20000000)" finalized="(0xd24fd73f794058a3807db926d8898c6481e902b7edb91ce0d479d6760f276183, 20000000)" head="(0xd4e56740f876aef8c010b86a40d5f56745a118d0906a34e69aec8c0db1cb8fa3, 0)"
Jul 25 22:56:09 nimbus-eth1-mainnet-short-benchmark[3168018]: NTC 2026-07-25 22:56:09.881+00:00 Could not open ere database, falling back to era1/era import ereDir=/data/status-im/nimbus-eth1/data/shared_mainnet_0/ere networkName=mainnet error="No ere files found in /data/status-im/nimbus-eth1/data/shared_mainnet_0/ere"
Jul 25 22:56:09 nimbus-eth1-mainnet-short-benchmark[3168018]: NTC 2026-07-25 22:56:09.881+00:00 Importing era archive                      blockNumber=20000001 dataDir=/data/status-im/nimbus-eth1/data/shared_mainnet_0 eraDir=/data/era
Jul 25 22:56:12 nimbus-eth1-mainnet-short-benchmark[3168018]: NTC 2026-07-25 22:56:12.137+00:00 Matched block to slot number               blockNumber=20000001 slot=9204783
Jul 25 23:02:44 nimbus-eth1-mainnet-short-benchmark[3168018]: INF 2026-07-25 23:02:44.495+00:00 Imported blocks                            blockNumber=20008193 slot=9213020 blocks=8192 txs=1226966 mgas=124237 bps=20.76 tps=3109 mgps=314.8 avgBps=20.76 avgTps=3109 avgMGps=314.8 elapsed=6m34s610ms
Jul 25 23:08:33 nimbus-eth1-mainnet-short-benchmark[3168018]: INF 2026-07-25 23:08:33.658+00:00 Imported blocks                            blockNumber=20016385 slot=9221256 blocks=16384 txs=2540380 mgas=248071 bps=23.46 tps=3761 mgps=354.7 avgBps=22.03 avgTps=3415 avgMGps=333.5 elapsed=12m23s773ms
Jul 25 23:13:59 nimbus-eth1-mainnet-short-benchmark[3168018]: INF 2026-07-25 23:13:59.722+00:00 Imported blocks                            blockNumber=20024577 slot=9229485 blocks=24576 txs=3869398 mgas=372018 bps=25.12 tps=4075 mgps=380.1 avgBps=22.97 avgTps=3616 avgMGps=347.7 elapsed=17m49s838ms
Jul 25 23:18:55 nimbus-eth1-mainnet-short-benchmark[3168018]: INF 2026-07-25 23:18:55.289+00:00 Imported blocks                            blockNumber=20032769 slot=9237722 blocks=32768 txs=5222766 mgas=495797 bps=27.72 tps=4578 mgps=418.8 avgBps=24.00 avgTps=3825 avgMGps=363.1 elapsed=22m45s405ms
Jul 25 23:23:42 nimbus-eth1-mainnet-short-benchmark[3168018]: INF 2026-07-25 23:23:42.257+00:00 Imported blocks                            blockNumber=20040961 slot=9245957 blocks=40960 txs=6566802 mgas=619586 bps=28.55 tps=4683 mgps=431.4 avgBps=24.79 avgTps=3974 avgMGps=375.0 elapsed=27m32s373ms
Jul 25 23:28:46 nimbus-eth1-mainnet-short-benchmark[3168018]: INF 2026-07-25 23:28:46.489+00:00 Imported blocks                            blockNumber=20049153 slot=9254196 blocks=49152 txs=7904746 mgas=743522 bps=26.93 tps=4397 mgps=407.4 avgBps=25.12 avgTps=4040 avgMGps=380.0 elapsed=32m36s606ms
Jul 25 23:33:38 nimbus-eth1-mainnet-short-benchmark[3168018]: INF 2026-07-25 23:33:38.061+00:00 Imported blocks                            blockNumber=20057345 slot=9262435 blocks=57344 txs=9212009 mgas=867360 bps=28.10 tps=4483 mgps=424.7 avgBps=25.51 avgTps=4097 avgMGps=385.8 elapsed=37m28s180ms
Jul 25 23:38:11 nimbus-eth1-mainnet-short-benchmark[3168018]: INF 2026-07-25 23:38:11.845+00:00 Imported blocks                            blockNumber=20065537 slot=9270674 blocks=65536 txs=10559018 mgas=991371 bps=29.92 tps=4920 mgps=453.0 avgBps=25.99 avgTps=4186 avgMGps=393.1 elapsed=42m1s963ms
Jul 25 23:42:31 nimbus-eth1-mainnet-short-benchmark[3168018]: INF 2026-07-25 23:42:31.749+00:00 Imported blocks                            blockNumber=20073729 slot=9278910 blocks=73728 txs=11898676 mgas=1115111 bps=31.52 tps=5154 mgps=476.1 avgBps=26.50 avgTps=4277 avgMGps=400.9 elapsed=46m21s865ms
Jul 25 23:46:41 nimbus-eth1-mainnet-short-benchmark[3168018]: INF 2026-07-25 23:46:41.466+00:00 Imported blocks                            blockNumber=20081921 slot=9287152 blocks=81920 txs=13323263 mgas=1239150 bps=32.80 tps=5704 mgps=496.7 avgBps=27.02 avgTps=4394 avgMGps=408.7 elapsed=50m31s583ms
Jul 25 23:50:49 nimbus-eth1-mainnet-short-benchmark[3168018]: INF 2026-07-25 23:50:49.310+00:00 Imported blocks                            blockNumber=20090113 slot=9295408 blocks=90112 txs=14697082 mgas=1363113 bps=33.05 tps=5543 mgps=500.2 avgBps=27.48 avgTps=4481 avgMGps=415.7 elapsed=54m39s427ms
Jul 25 23:55:14 nimbus-eth1-mainnet-short-benchmark[3168018]: INF 2026-07-25 23:55:14.162+00:00 Imported blocks                            blockNumber=20098305 slot=9303658 blocks=98304 txs=16025683 mgas=1487146 bps=30.93 tps=5016 mgps=468.3 avgBps=27.74 avgTps=4521 avgMGps=419.6 elapsed=59m4s280ms
Jul 25 23:59:47 nimbus-eth1-mainnet-short-benchmark[3168018]: INF 2026-07-25 23:59:47.099+00:00 Imported blocks                            blockNumber=20106497 slot=9311895 blocks=106496 txs=17337157 mgas=1611066 bps=30.01 tps=4805 mgps=454.0 avgBps=27.90 avgTps=4541 avgMGps=422.1 elapsed=1h3m37s
Jul 26 00:04:06 nimbus-eth1-mainnet-short-benchmark[3168018]: INF 2026-07-26 00:04:06.295+00:00 Imported blocks                            blockNumber=20114689 slot=9320146 blocks=114688 txs=18632097 mgas=1735123 bps=31.61 tps=4995 mgps=478.6 avgBps=28.13 avgTps=4570 avgMGps=425.6 elapsed=1h7m56s
Jul 26 00:08:12 nimbus-eth1-mainnet-short-benchmark[3168018]: INF 2026-07-26 00:08:12.899+00:00 Imported blocks                            blockNumber=20122881 slot=9328409 blocks=122880 txs=19937418 mgas=1859249 bps=33.22 tps=5293 mgps=503.3 avgBps=28.42 avgTps=4611 avgMGps=430.1 elapsed=1h12m3s
Jul 26 00:12:17 nimbus-eth1-mainnet-short-benchmark[3168018]: INF 2026-07-26 00:12:17.320+00:00 Imported blocks                            blockNumber=20131073 slot=9336660 blocks=131072 txs=21214129 mgas=1983500 bps=33.52 tps=5223 mgps=508.3 avgBps=28.70 avgTps=4644 avgMGps=434.3 elapsed=1h16m7s
Jul 26 00:16:17 nimbus-eth1-mainnet-short-benchmark[3168018]: INF 2026-07-26 00:16:17.920+00:00 Imported blocks                            blockNumber=20139265 slot=9344906 blocks=139264 txs=22579079 mgas=2107571 bps=34.05 tps=5672 mgps=515.7 avgBps=28.96 avgTps=4696 avgMGps=438.3 elapsed=1h20m8s
Jul 26 00:21:01 nimbus-eth1-mainnet-short-benchmark[3168018]: INF 2026-07-26 00:21:01.704+00:00 Imported blocks                            blockNumber=20147457 slot=9353153 blocks=147456 txs=24133322 mgas=2231686 bps=28.87 tps=5476 mgps=437.4 avgBps=28.96 avgTps=4739 avgMGps=438.3 elapsed=1h24m51s
Jul 26 00:25:36 nimbus-eth1-mainnet-short-benchmark[3168018]: INF 2026-07-26 00:25:36.880+00:00 Imported blocks                            blockNumber=20155649 slot=9361407 blocks=155648 txs=25424015 mgas=2356018 bps=29.77 tps=4690 mgps=451.8 avgBps=29.00 avgTps=4737 avgMGps=439.0 elapsed=1h29m27s
Jul 26 00:29:51 nimbus-eth1-mainnet-short-benchmark[3168018]: INF 2026-07-26 00:29:51.361+00:00 Imported blocks                            blockNumber=20163841 slot=9369652 blocks=163840 txs=26749549 mgas=2480207 bps=32.19 tps=5208 mgps=488.0 avgBps=29.15 avgTps=4758 avgMGps=441.2 elapsed=1h33m41s
Jul 26 00:33:58 nimbus-eth1-mainnet-short-benchmark[3168018]: INF 2026-07-26 00:33:58.969+00:00 Imported blocks                            blockNumber=20172033 slot=9377892 blocks=172032 txs=28105316 mgas=2604026 bps=33.08 tps=5475 mgps=500.1 avgBps=29.31 avgTps=4788 avgMGps=443.7 elapsed=1h37m49s
Jul 26 00:38:13 nimbus-eth1-mainnet-short-benchmark[3168018]: INF 2026-07-26 00:38:13.354+00:00 Imported blocks                            blockNumber=20180225 slot=9386128 blocks=180224 txs=29524405 mgas=2728170 bps=32.20 tps=5578 mgps=488.0 avgBps=29.43 avgTps=4821 avgMGps=445.5 elapsed=1h42m3s
Jul 26 00:42:10 nimbus-eth1-mainnet-short-benchmark[3168018]: INF 2026-07-26 00:42:10.878+00:00 Imported blocks                            blockNumber=20188417 slot=9394365 blocks=188416 txs=30849021 mgas=2852023 bps=34.49 tps=5576 mgps=521.4 avgBps=29.62 avgTps=4849 avgMGps=448.4 elapsed=1h46m997ms
Jul 26 00:46:29 nimbus-eth1-mainnet-short-benchmark[3168018]: INF 2026-07-26 00:46:29.763+00:00 Imported blocks                            blockNumber=20196609 slot=9402602 blocks=196608 txs=32174755 mgas=2976155 bps=31.64 tps=5121 mgps=479.5 avgBps=29.70 avgTps=4860 avgMGps=449.6 elapsed=1h50m19s
Jul 26 00:51:07 nimbus-eth1-mainnet-short-benchmark[3168018]: INF 2026-07-26 00:51:07.459+00:00 Imported blocks                            blockNumber=20204801 slot=9410840 blocks=204800 txs=33475942 mgas=3100410 bps=29.50 tps=4685 mgps=447.4 avgBps=29.69 avgTps=4853 avgMGps=449.5 elapsed=1h54m57s
Jul 26 00:55:20 nimbus-eth1-mainnet-short-benchmark[3168018]: INF 2026-07-26 00:55:20.871+00:00 Imported blocks                            blockNumber=20212993 slot=9419071 blocks=212992 txs=34798508 mgas=3224370 bps=32.33 tps=5219 mgps=489.2 avgBps=29.78 avgTps=4866 avgMGps=450.9 elapsed=1h59m10s
Jul 26 00:59:27 nimbus-eth1-mainnet-short-benchmark[3168018]: INF 2026-07-26 00:59:27.176+00:00 Imported blocks                            blockNumber=20221185 slot=9427313 blocks=221184 txs=36114045 mgas=3348169 bps=33.26 tps=5341 mgps=502.6 avgBps=29.90 avgTps=4882 avgMGps=452.6 elapsed=2h3m17s
Jul 26 01:03:15 nimbus-eth1-mainnet-short-benchmark[3168018]: INF 2026-07-26 01:03:15.972+00:00 Imported blocks                            blockNumber=20229377 slot=9435549 blocks=229376 txs=37421794 mgas=3472031 bps=35.80 tps=5715 mgps=541.4 avgBps=30.08 avgTps=4907 avgMGps=455.3 elapsed=2h7m6s
Jul 26 01:07:14 nimbus-eth1-mainnet-short-benchmark[3168018]: INF 2026-07-26 01:07:14.437+00:00 Imported blocks                            blockNumber=20237569 slot=9443788 blocks=237568 txs=38842064 mgas=3596351 bps=34.35 tps=5955 mgps=521.3 avgBps=30.21 avgTps=4938 avgMGps=457.3 elapsed=2h11m4s
Jul 26 01:11:30 nimbus-eth1-mainnet-short-benchmark[3168018]: INF 2026-07-26 01:11:30.413+00:00 Imported blocks                            blockNumber=20245761 slot=9452021 blocks=245760 txs=40225739 mgas=3720100 bps=32.00 tps=5405 mgps=483.4 avgBps=30.26 avgTps=4953 avgMGps=458.1 elapsed=2h15m20s
Jul 26 01:16:04 nimbus-eth1-mainnet-short-benchmark[3168018]: INF 2026-07-26 01:16:04.817+00:00 Imported blocks                            blockNumber=20253953 slot=9460253 blocks=253952 txs=41454921 mgas=3844385 bps=29.85 tps=4479 mgps=452.9 avgBps=30.25 avgTps=4938 avgMGps=457.9 elapsed=2h19m54s
Jul 26 01:20:25 nimbus-eth1-mainnet-short-benchmark[3168018]: INF 2026-07-26 01:20:25.126+00:00 Imported blocks                            blockNumber=20262145 slot=9468495 blocks=262144 txs=42726051 mgas=3968623 bps=31.47 tps=4883 mgps=477.3 avgBps=30.29 avgTps=4936 avgMGps=458.5 elapsed=2h24m15s
Jul 26 01:24:30 nimbus-eth1-mainnet-short-benchmark[3168018]: INF 2026-07-26 01:24:30.910+00:00 Imported blocks                            blockNumber=20270337 slot=9476748 blocks=270336 txs=44050436 mgas=4092682 bps=33.33 tps=5388 mgps=504.7 avgBps=30.37 avgTps=4948 avgMGps=459.8 elapsed=2h28m21s
Jul 26 01:28:18 nimbus-eth1-mainnet-short-benchmark[3168018]: INF 2026-07-26 01:28:18.855+00:00 Imported blocks                            blockNumber=20278529 slot=9484981 blocks=278528 txs=45382368 mgas=4216487 bps=35.94 tps=5843 mgps=543.1 avgBps=30.51 avgTps=4971 avgMGps=461.9 elapsed=2h32m8s
Jul 26 01:32:11 nimbus-eth1-mainnet-short-benchmark[3168018]: INF 2026-07-26 01:32:11.888+00:00 Imported blocks                            blockNumber=20286721 slot=9493213 blocks=286720 txs=46733429 mgas=4340363 bps=35.15 tps=5797 mgps=531.6 avgBps=30.63 avgTps=4991 avgMGps=463.6 elapsed=2h36m2s
Jul 26 01:36:25 nimbus-eth1-mainnet-short-benchmark[3168018]: INF 2026-07-26 01:36:25.388+00:00 Imported blocks                            blockNumber=20294913 slot=9501453 blocks=294912 txs=48075887 mgas=4464376 bps=32.32 tps=5295 mgps=489.2 avgBps=30.67 avgTps=4999 avgMGps=464.3 elapsed=2h40m15s
Jul 26 01:40:35 nimbus-eth1-mainnet-short-benchmark[3168018]: INF 2026-07-26 01:40:35.045+00:00 Imported blocks                            blockNumber=20303105 slot=9509696 blocks=303104 txs=49379538 mgas=4588534 bps=32.81 tps=5221 mgps=497.3 avgBps=30.72 avgTps=5005 avgMGps=465.1 elapsed=2h44m25s
Jul 26 01:44:38 nimbus-eth1-mainnet-short-benchmark[3168018]: INF 2026-07-26 01:44:38.149+00:00 Imported blocks                            blockNumber=20311297 slot=9517922 blocks=311296 txs=50637672 mgas=4712596 bps=33.70 tps=5175 mgps=510.3 avgBps=30.80 avgTps=5009 avgMGps=466.2 elapsed=2h48m28s
Jul 26 01:48:30 nimbus-eth1-mainnet-short-benchmark[3168018]: INF 2026-07-26 01:48:30.830+00:00 Imported blocks                            blockNumber=20319489 slot=9526159 blocks=319488 txs=51981692 mgas=4836521 bps=35.21 tps=5776 mgps=532.6 avgBps=30.90 avgTps=5026 avgMGps=467.7 elapsed=2h52m20s
Jul 26 01:52:06 nimbus-eth1-mainnet-short-benchmark[3168018]: INF 2026-07-26 01:52:06.291+00:00 Imported blocks                            blockNumber=20327681 slot=9534381 blocks=327680 txs=53356123 mgas=4960245 bps=38.02 tps=6379 mgps=574.2 avgBps=31.04 avgTps=5054 avgMGps=469.9 elapsed=2h55m56s
Jul 26 01:55:38 nimbus-eth1-mainnet-short-benchmark[3168018]: INF 2026-07-26 01:55:38.676+00:00 Imported blocks                            blockNumber=20335873 slot=9542617 blocks=335872 txs=54719105 mgas=5084025 bps=38.57 tps=6417 mgps=582.8 avgBps=31.19 avgTps=5081 avgMGps=472.1 elapsed=2h59m28s
Jul 26 01:59:32 nimbus-eth1-mainnet-short-benchmark[3168018]: INF 2026-07-26 01:59:32.020+00:00 Imported blocks                            blockNumber=20344065 slot=9550841 blocks=344064 txs=56021853 mgas=5207843 bps=35.11 tps=5582 mgps=530.6 avgBps=31.27 avgTps=5091 avgMGps=473.3 elapsed=3h3m22s
Jul 26 02:03:58 nimbus-eth1-mainnet-short-benchmark[3168018]: INF 2026-07-26 02:03:58.017+00:00 Imported blocks                            blockNumber=20352257 slot=9559072 blocks=352256 txs=57290408 mgas=5332016 bps=30.80 tps=4769 mgps=466.8 avgBps=31.26 avgTps=5084 avgMGps=473.2 elapsed=3h7m48s
Jul 26 02:08:00 nimbus-eth1-mainnet-short-benchmark[3168018]: INF 2026-07-26 02:08:00.489+00:00 Imported blocks                            blockNumber=20360449 slot=9567308 blocks=360448 txs=58543463 mgas=5456201 bps=33.79 tps=5167 mgps=512.2 avgBps=31.31 avgTps=5086 avgMGps=474.0 elapsed=3h11m50s
Jul 26 02:11:51 nimbus-eth1-mainnet-short-benchmark[3168018]: INF 2026-07-26 02:11:51.754+00:00 Imported blocks                            blockNumber=20368641 slot=9575548 blocks=368640 txs=59874056 mgas=5580204 bps=35.42 tps=5753 mgps=536.2 avgBps=31.40 avgTps=5099 avgMGps=475.2 elapsed=3h15m41s
Jul 26 02:15:53 nimbus-eth1-mainnet-short-benchmark[3168018]: INF 2026-07-26 02:15:53.794+00:00 Imported blocks                            blockNumber=20376833 slot=9583774 blocks=376832 txs=61167066 mgas=5704396 bps=33.85 tps=5342 mgps=513.1 avgBps=31.44 avgTps=5104 avgMGps=476.0 elapsed=3h19m43s
Jul 26 02:19:50 nimbus-eth1-mainnet-short-benchmark[3168018]: INF 2026-07-26 02:19:50.447+00:00 Imported blocks                            blockNumber=20385025 slot=9592009 blocks=385024 txs=62480333 mgas=5828235 bps=34.62 tps=5549 mgps=523.3 avgBps=31.51 avgTps=5112 avgMGps=476.9 elapsed=3h23m40s
Jul 26 02:23:47 nimbus-eth1-mainnet-short-benchmark[3168018]: INF 2026-07-26 02:23:47.272+00:00 Imported blocks                            blockNumber=20393217 slot=9600248 blocks=393216 txs=63800597 mgas=5952136 bps=34.59 tps=5574 mgps=523.2 avgBps=31.56 avgTps=5121 avgMGps=477.8 elapsed=3h27m37s
Jul 26 02:27:36 nimbus-eth1-mainnet-short-benchmark[3168018]: INF 2026-07-26 02:27:36.968+00:00 Imported blocks                            blockNumber=20401409 slot=9608486 blocks=401408 txs=65021243 mgas=6076384 bps=35.66 tps=5314 mgps=540.9 avgBps=31.64 avgTps=5124 avgMGps=478.9 elapsed=3h31m27s
Jul 26 02:31:39 nimbus-eth1-mainnet-short-benchmark[3168018]: INF 2026-07-26 02:31:39.145+00:00 Imported blocks                            blockNumber=20409601 slot=9616707 blocks=409600 txs=66199016 mgas=6200666 bps=33.83 tps=4863 mgps=513.2 avgBps=31.68 avgTps=5120 avgMGps=479.6 elapsed=3h35m29s
Jul 26 02:35:32 nimbus-eth1-mainnet-short-benchmark[3168018]: INF 2026-07-26 02:35:32.334+00:00 Imported blocks                            blockNumber=20417793 slot=9624941 blocks=417792 txs=67453930 mgas=6324823 bps=35.13 tps=5381 mgps=532.4 avgBps=31.74 avgTps=5124 avgMGps=480.5 elapsed=3h39m22s
Jul 26 02:39:00 nimbus-eth1-mainnet-short-benchmark[3168018]: INF 2026-07-26 02:39:00.655+00:00 Imported blocks                            blockNumber=20425985 slot=9633187 blocks=425984 txs=68814904 mgas=6448778 bps=39.32 tps=6533 mgps=595.0 avgBps=31.86 avgTps=5146 avgMGps=482.3 elapsed=3h42m50s
Jul 26 02:42:27 nimbus-eth1-mainnet-short-benchmark[3168018]: INF 2026-07-26 02:42:27.908+00:00 Imported blocks                            blockNumber=20434177 slot=9641422 blocks=434176 txs=70124508 mgas=6572711 bps=39.53 tps=6318 mgps=598.0 avgBps=31.98 avgTps=5164 avgMGps=484.1 elapsed=3h46m18s
Jul 26 02:46:05 nimbus-eth1-mainnet-short-benchmark[3168018]: INF 2026-07-26 02:46:05.765+00:00 Imported blocks                            blockNumber=20442369 slot=9649657 blocks=442368 txs=71403576 mgas=6696451 bps=37.60 tps=5871 mgps=568.0 avgBps=32.07 avgTps=5175 avgMGps=485.4 elapsed=3h49m55s
Jul 26 02:50:05 nimbus-eth1-mainnet-short-benchmark[3168018]: INF 2026-07-26 02:50:05.225+00:00 Imported blocks                            blockNumber=20450561 slot=9657896 blocks=450560 txs=72659905 mgas=6820521 bps=34.21 tps=5246 mgps=518.1 avgBps=32.10 avgTps=5176 avgMGps=486.0 elapsed=3h53m55s
Jul 26 02:54:23 nimbus-eth1-mainnet-short-benchmark[3168018]: INF 2026-07-26 02:54:23.242+00:00 Imported blocks                            blockNumber=20458753 slot=9666114 blocks=458752 txs=73838533 mgas=6945116 bps=31.75 tps=4568 mgps=482.9 avgBps=32.10 avgTps=5165 avgMGps=485.9 elapsed=3h58m13s
Jul 26 02:58:19 nimbus-eth1-mainnet-short-benchmark[3168018]: INF 2026-07-26 02:58:19.918+00:00 Imported blocks                            blockNumber=20466945 slot=9674343 blocks=466944 txs=75124748 mgas=7068943 bps=34.61 tps=5434 mgps=523.2 avgBps=32.14 avgTps=5170 avgMGps=486.5 elapsed=4h2m10s
Jul 26 03:02:12 nimbus-eth1-mainnet-short-benchmark[3168018]: INF 2026-07-26 03:02:12.987+00:00 Imported blocks                            blockNumber=20475137 slot=9682575 blocks=475136 txs=76420106 mgas=7192870 bps=35.15 tps=5557 mgps=531.7 avgBps=32.18 avgTps=5176 avgMGps=487.2 elapsed=4h6m3s
Jul 26 03:05:57 nimbus-eth1-mainnet-short-benchmark[3168018]: INF 2026-07-26 03:05:56.996+00:00 Imported blocks                            blockNumber=20483329 slot=9690800 blocks=483328 txs=77675422 mgas=7316939 bps=36.57 tps=5603 mgps=553.9 avgBps=32.25 avgTps=5182 avgMGps=488.2 elapsed=4h9m47s
Jul 26 03:09:36 nimbus-eth1-mainnet-short-benchmark[3168018]: INF 2026-07-26 03:09:36.421+00:00 Imported blocks                            blockNumber=20491521 slot=9699019 blocks=491520 txs=78951232 mgas=7440784 bps=37.33 tps=5814 mgps=564.4 avgBps=32.32 avgTps=5191 avgMGps=489.3 elapsed=4h13m26s
Jul 26 03:13:33 nimbus-eth1-mainnet-short-benchmark[3168018]: INF 2026-07-26 03:13:33.857+00:00 Imported blocks                            blockNumber=20499713 slot=9707248 blocks=499712 txs=80189642 mgas=7564669 bps=34.50 tps=5215 mgps=521.8 avgBps=32.36 avgTps=5192 avgMGps=489.8 elapsed=4h17m23s
Jul 26 03:17:36 nimbus-eth1-mainnet-short-benchmark[3168018]: INF 2026-07-26 03:17:36.058+00:00 Imported blocks                            blockNumber=20507905 slot=9715488 blocks=507904 txs=81317763 mgas=7689208 bps=33.82 tps=4657 mgps=514.2 avgBps=32.38 avgTps=5184 avgMGps=490.2 elapsed=4h21m26s
Jul 26 03:21:11 nimbus-eth1-mainnet-short-benchmark[3168018]: INF 2026-07-26 03:21:11.891+00:00 Imported blocks                            blockNumber=20516097 slot=9723715 blocks=516096 txs=82520262 mgas=7813209 bps=37.95 tps=5571 mgps=574.5 avgBps=32.45 avgTps=5189 avgMGps=491.3 elapsed=4h25m2s
Jul 26 03:24:59 nimbus-eth1-mainnet-short-benchmark[3168018]: INF 2026-07-26 03:24:59.943+00:00 Imported blocks                            blockNumber=20524289 slot=9731945 blocks=524288 txs=83780075 mgas=7937233 bps=35.92 tps=5524 mgps=543.8 avgBps=32.50 avgTps=5194 avgMGps=492.1 elapsed=4h28m50s
Jul 26 03:28:52 nimbus-eth1-mainnet-short-benchmark[3168018]: INF 2026-07-26 03:28:52.476+00:00 Imported blocks                            blockNumber=20532481 slot=9740183 blocks=532480 txs=85263862 mgas=8061024 bps=35.23 tps=6381 mgps=532.4 avgBps=32.54 avgTps=5210 avgMGps=492.6 elapsed=4h32m42s
Jul 26 03:32:49 nimbus-eth1-mainnet-short-benchmark[3168018]: INF 2026-07-26 03:32:49.585+00:00 Imported blocks                            blockNumber=20540673 slot=9748418 blocks=540672 txs=86612143 mgas=8185090 bps=34.55 tps=5686 mgps=523.2 avgBps=32.57 avgTps=5217 avgMGps=493.1 elapsed=4h36m39s
Jul 26 03:36:54 nimbus-eth1-mainnet-short-benchmark[3168018]: INF 2026-07-26 03:36:54.205+00:00 Imported blocks                            blockNumber=20548865 slot=9756662 blocks=548864 txs=87802991 mgas=8309513 bps=33.49 tps=4868 mgps=508.6 avgBps=32.58 avgTps=5212 avgMGps=493.3 elapsed=4h40m44s
Jul 26 03:40:58 nimbus-eth1-mainnet-short-benchmark[3168018]: INF 2026-07-26 03:40:58.166+00:00 Imported blocks                            blockNumber=20557057 slot=9764892 blocks=557056 txs=88964987 mgas=8433956 bps=33.58 tps=4763 mgps=510.1 avgBps=32.60 avgTps=5206 avgMGps=493.6 elapsed=4h44m48s
Jul 26 03:44:49 nimbus-eth1-mainnet-short-benchmark[3168018]: INF 2026-07-26 03:44:49.883+00:00 Imported blocks                            blockNumber=20565249 slot=9773131 blocks=565248 txs=90186094 mgas=8558113 bps=35.35 tps=5269 mgps=535.8 avgBps=32.64 avgTps=5207 avgMGps=494.1 elapsed=4h48m39s
Jul 26 03:48:44 nimbus-eth1-mainnet-short-benchmark[3168018]: INF 2026-07-26 03:48:44.451+00:00 Imported blocks                            blockNumber=20573441 slot=9781369 blocks=573440 txs=91404654 mgas=8682228 bps=34.92 tps=5194 mgps=529.1 avgBps=32.67 avgTps=5206 avgMGps=494.6 elapsed=4h52m34s
Jul 26 03:52:32 nimbus-eth1-mainnet-short-benchmark[3168018]: INF 2026-07-26 03:52:32.944+00:00 Imported blocks                            blockNumber=20581633 slot=9789611 blocks=581632 txs=92628389 mgas=8806651 bps=35.85 tps=5355 mgps=544.5 avgBps=32.71 avgTps=5208 avgMGps=495.2 elapsed=4h56m23s
Jul 26 03:56:28 nimbus-eth1-mainnet-short-benchmark[3168018]: INF 2026-07-26 03:56:28.765+00:00 Imported blocks                            blockNumber=20589825 slot=9797855 blocks=589824 txs=93887208 mgas=8931023 bps=34.74 tps=5338 mgps=527.4 avgBps=32.73 avgTps=5210 avgMGps=495.6 elapsed=5h18s881ms
Jul 26 04:00:28 nimbus-eth1-mainnet-short-benchmark[3168018]: INF 2026-07-26 04:00:28.673+00:00 Imported blocks                            blockNumber=20598017 slot=9806095 blocks=598016 txs=95163338 mgas=9055310 bps=34.15 tps=5319 mgps=518.1 avgBps=32.75 avgTps=5211 avgMGps=495.9 elapsed=5h4m18s
Jul 26 04:04:27 nimbus-eth1-mainnet-short-benchmark[3168018]: INF 2026-07-26 04:04:27.746+00:00 Imported blocks                            blockNumber=20606209 slot=9814347 blocks=606208 txs=96334664 mgas=9179976 bps=34.27 tps=4899 mgps=521.5 avgBps=32.77 avgTps=5207 avgMGps=496.3 elapsed=5h8m17s
Jul 26 04:08:16 nimbus-eth1-mainnet-short-benchmark[3168018]: INF 2026-07-26 04:08:16.459+00:00 Imported blocks                            blockNumber=20614401 slot=9822581 blocks=614400 txs=97573414 mgas=9304574 bps=35.82 tps=5416 mgps=544.8 avgBps=32.81 avgTps=5210 avgMGps=496.9 elapsed=5h12m6s
Jul 26 04:12:06 nimbus-eth1-mainnet-short-benchmark[3168018]: INF 2026-07-26 04:12:06.799+00:00 Imported blocks                            blockNumber=20622593 slot=9830821 blocks=622592 txs=98874772 mgas=9428835 bps=35.56 tps=5649 mgps=539.5 avgBps=32.84 avgTps=5215 avgMGps=497.4 elapsed=5h15m56s
Jul 26 04:15:49 nimbus-eth1-mainnet-short-benchmark[3168018]: INF 2026-07-26 04:15:49.660+00:00 Imported blocks                            blockNumber=20630785 slot=9839058 blocks=630784 txs=100178707 mgas=9553009 bps=36.76 tps=5850 mgps=557.2 avgBps=32.89 avgTps=5223 avgMGps=498.1 elapsed=5h19m39s
Jul 26 04:19:41 nimbus-eth1-mainnet-short-benchmark[3168018]: INF 2026-07-26 04:19:41.141+00:00 Imported blocks                            blockNumber=20638977 slot=9847313 blocks=638976 txs=101489116 mgas=9677171 bps=35.39 tps=5660 mgps=536.4 avgBps=32.92 avgTps=5228 avgMGps=498.5 elapsed=5h23m31s
Jul 26 04:23:31 nimbus-eth1-mainnet-short-benchmark[3168018]: INF 2026-07-26 04:23:31.993+00:00 Imported blocks                            blockNumber=20647169 slot=9855549 blocks=647168 txs=102730058 mgas=9801643 bps=35.49 tps=5375 mgps=539.2 avgBps=32.95 avgTps=5230 avgMGps=499.0 elapsed=5h27m22s
Jul 26 04:27:36 nimbus-eth1-mainnet-short-benchmark[3168018]: INF 2026-07-26 04:27:36.374+00:00 Imported blocks                            blockNumber=20655361 slot=9863778 blocks=655360 txs=103868002 mgas=9926541 bps=33.52 tps=4656 mgps=511.1 avgBps=32.96 avgTps=5223 avgMGps=499.2 elapsed=5h31m26s
Jul 26 04:31:23 nimbus-eth1-mainnet-short-benchmark[3168018]: INF 2026-07-26 04:31:23.279+00:00 Imported blocks                            blockNumber=20663553 slot=9872013 blocks=663552 txs=105112198 mgas=10051274 bps=36.10 tps=5483 mgps=549.7 avgBps=32.99 avgTps=5225 avgMGps=499.7 elapsed=5h35m13s
Jul 26 04:34:59 nimbus-eth1-mainnet-short-benchmark[3168018]: INF 2026-07-26 04:34:59.964+00:00 Imported blocks                            blockNumber=20671745 slot=9880241 blocks=671744 txs=106395904 mgas=10175177 bps=37.81 tps=5924 mgps=571.8 avgBps=33.04 avgTps=5233 avgMGps=500.5 elapsed=5h38m50s
Jul 26 04:38:43 nimbus-eth1-mainnet-short-benchmark[3168018]: INF 2026-07-26 04:38:43.069+00:00 Imported blocks                            blockNumber=20679937 slot=9888471 blocks=679936 txs=107674271 mgas=10299404 bps=36.72 tps=5729 mgps=556.8 avgBps=33.08 avgTps=5238 avgMGps=501.1 elapsed=5h42m33s
Jul 26 04:42:14 nimbus-eth1-mainnet-short-benchmark[3168018]: INF 2026-07-26 04:42:14.718+00:00 Imported blocks                            blockNumber=20688129 slot=9896698 blocks=688128 txs=108938536 mgas=10423298 bps=38.71 tps=5973 mgps=585.4 avgBps=33.14 avgTps=5246 avgMGps=502.0 elapsed=5h46m4s
Jul 26 04:46:01 nimbus-eth1-mainnet-short-benchmark[3168018]: INF 2026-07-26 04:46:01.367+00:00 Imported blocks                            blockNumber=20696321 slot=9904930 blocks=696320 txs=110235786 mgas=10547469 bps=36.14 tps=5723 mgps=547.9 avgBps=33.17 avgTps=5251 avgMGps=502.5 elapsed=5h49m51s
Jul 26 04:50:02 nimbus-eth1-mainnet-short-benchmark[3168018]: INF 2026-07-26 04:50:02.863+00:00 Imported blocks                            blockNumber=20704513 slot=9913154 blocks=704512 txs=111483759 mgas=10671677 bps=33.92 tps=5167 mgps=514.3 avgBps=33.18 avgTps=5250 avgMGps=502.6 elapsed=5h53m52s
Jul 26 04:53:49 nimbus-eth1-mainnet-short-benchmark[3168018]: INF 2026-07-26 04:53:49.840+00:00 Imported blocks                            blockNumber=20712705 slot=9921388 blocks=712704 txs=112764170 mgas=10795980 bps=36.09 tps=5641 mgps=547.7 avgBps=33.21 avgTps=5254 avgMGps=503.1 elapsed=5h57m39s
Jul 26 04:57:23 nimbus-eth1-mainnet-short-benchmark[3168018]: INF 2026-07-26 04:57:23.061+00:00 Imported blocks                            blockNumber=20720897 slot=9929633 blocks=720896 txs=114110517 mgas=10919926 bps=38.42 tps=6314 mgps=581.3 avgBps=33.26 avgTps=5265 avgMGps=503.8 elapsed=6h1m13s
Jul 26 05:01:03 nimbus-eth1-mainnet-short-benchmark[3168018]: INF 2026-07-26 05:01:03.266+00:00 Imported blocks                            blockNumber=20729089 slot=9937869 blocks=729088 txs=115449431 mgas=11043768 bps=37.20 tps=6080 mgps=562.4 avgBps=33.30 avgTps=5273 avgMGps=504.4 elapsed=6h4m53s
Jul 26 05:04:35 nimbus-eth1-mainnet-short-benchmark[3168018]: INF 2026-07-26 05:04:35.343+00:00 Imported blocks                            blockNumber=20737281 slot=9946108 blocks=737280 txs=116784468 mgas=11167784 bps=38.63 tps=6295 mgps=584.8 avgBps=33.35 avgTps=5283 avgMGps=505.2 elapsed=6h8m25s
Jul 26 05:08:17 nimbus-eth1-mainnet-short-benchmark[3168018]: INF 2026-07-26 05:08:17.488+00:00 Imported blocks                            blockNumber=20745473 slot=9954342 blocks=745472 txs=118101003 mgas=11291742 bps=36.88 tps=5926 mgps=558.0 avgBps=33.39 avgTps=5289 avgMGps=505.7 elapsed=6h12m7s
Jul 26 05:12:14 nimbus-eth1-mainnet-short-benchmark[3168018]: INF 2026-07-26 05:12:14.772+00:00 Imported blocks                            blockNumber=20753665 slot=9962581 blocks=753664 txs=119337525 mgas=11415859 bps=34.52 tps=5210 mgps=523.1 avgBps=33.40 avgTps=5288 avgMGps=505.9 elapsed=6h16m4s
Jul 26 05:16:03 nimbus-eth1-mainnet-short-benchmark[3168018]: INF 2026-07-26 05:16:03.749+00:00 Imported blocks                            blockNumber=20761857 slot=9970803 blocks=761856 txs=120564314 mgas=11540225 bps=35.78 tps=5357 mgps=543.1 avgBps=33.42 avgTps=5289 avgMGps=506.3 elapsed=6h19m53s
Jul 26 05:19:38 nimbus-eth1-mainnet-short-benchmark[3168018]: INF 2026-07-26 05:19:38.086+00:00 Imported blocks                            blockNumber=20770049 slot=9979058 blocks=770048 txs=121858083 mgas=11663918 bps=38.22 tps=6036 mgps=577.1 avgBps=33.47 avgTps=5296 avgMGps=506.9 elapsed=6h23m28s
Jul 26 05:23:03 nimbus-eth1-mainnet-short-benchmark[3168018]: INF 2026-07-26 05:23:03.475+00:00 Imported blocks                            blockNumber=20778241 slot=9987307 blocks=778240 txs=123161734 mgas=11787906 bps=39.89 tps=6347 mgps=603.7 avgBps=33.53 avgTps=5305 avgMGps=507.8 elapsed=6h26m53s
Jul 26 05:26:22 nimbus-eth1-mainnet-short-benchmark[3168018]: INF 2026-07-26 05:26:22.920+00:00 Imported blocks                            blockNumber=20786433 slot=9995542 blocks=786432 txs=124509456 mgas=11911612 bps=41.07 tps=6757 mgps=620.2 avgBps=33.59 avgTps=5317 avgMGps=508.8 elapsed=6h30m13s
Jul 26 05:29:49 nimbus-eth1-mainnet-short-benchmark[3168018]: INF 2026-07-26 05:29:49.418+00:00 Imported blocks                            blockNumber=20794625 slot=10003781 blocks=794624 txs=125848921 mgas=12035338 bps=39.67 tps=6486 mgps=599.2 avgBps=33.64 avgTps=5328 avgMGps=509.6 elapsed=6h33m39s
Jul 26 05:33:22 nimbus-eth1-mainnet-short-benchmark[3168018]: INF 2026-07-26 05:33:22.927+00:00 Imported blocks                            blockNumber=20802817 slot=10012028 blocks=802816 txs=127089868 mgas=12158989 bps=38.37 tps=5812 mgps=579.1 avgBps=33.68 avgTps=5332 avgMGps=510.2 elapsed=6h37m13s
Jul 26 05:37:03 nimbus-eth1-mainnet-short-benchmark[3168018]: INF 2026-07-26 05:37:03.347+00:00 Imported blocks                            blockNumber=20811009 slot=10020249 blocks=811008 txs=128299762 mgas=12282850 bps=37.17 tps=5489 mgps=561.9 avgBps=33.72 avgTps=5333 avgMGps=510.6 elapsed=6h40m53s
Jul 26 05:40:30 nimbus-eth1-mainnet-short-benchmark[3168018]: INF 2026-07-26 05:40:30.408+00:00 Imported blocks                            blockNumber=20819201 slot=10028481 blocks=819200 txs=129596319 mgas=12406594 bps=39.56 tps=6261 mgps=597.6 avgBps=33.77 avgTps=5341 avgMGps=511.4 elapsed=6h44m20s
Jul 26 05:43:55 nimbus-eth1-mainnet-short-benchmark[3168018]: INF 2026-07-26 05:43:55.790+00:00 Imported blocks                            blockNumber=20827393 slot=10036710 blocks=827392 txs=130916729 mgas=12530249 bps=39.89 tps=6429 mgps=602.1 avgBps=33.82 avgTps=5350 avgMGps=512.2 elapsed=6h47m45s
Jul 26 05:47:20 nimbus-eth1-mainnet-short-benchmark[3168018]: INF 2026-07-26 05:47:20.475+00:00 Imported blocks                            blockNumber=20835585 slot=10044938 blocks=835584 txs=132226625 mgas=12654070 bps=40.02 tps=6399 mgps=604.9 avgBps=33.87 avgTps=5359 avgMGps=512.9 elapsed=6h51m10s
Jul 26 05:50:58 nimbus-eth1-mainnet-short-benchmark[3168018]: INF 2026-07-26 05:50:58.508+00:00 Imported blocks                            blockNumber=20843777 slot=10053164 blocks=843776 txs=133604192 mgas=12777730 bps=37.57 tps=6318 mgps=567.2 avgBps=33.90 avgTps=5368 avgMGps=513.4 elapsed=6h54m48s
Jul 26 05:55:02 nimbus-eth1-mainnet-short-benchmark[3168018]: INF 2026-07-26 05:55:02.200+00:00 Imported blocks                            blockNumber=20851969 slot=10061391 blocks=851968 txs=134900706 mgas=12901664 bps=33.62 tps=5320 mgps=508.6 avgBps=33.90 avgTps=5367 avgMGps=513.3 elapsed=6h58m52s
Jul 26 05:58:54 nimbus-eth1-mainnet-short-benchmark[3168018]: INF 2026-07-26 05:58:54.005+00:00 Imported blocks                            blockNumber=20860161 slot=10069622 blocks=860160 txs=136168750 mgas=13025603 bps=35.34 tps=5470 mgps=534.7 avgBps=33.91 avgTps=5368 avgMGps=513.5 elapsed=7h2m44s
Jul 26 06:02:43 nimbus-eth1-mainnet-short-benchmark[3168018]: INF 2026-07-26 06:02:43.362+00:00 Imported blocks                            blockNumber=20868353 slot=10077838 blocks=868352 txs=137550724 mgas=13149742 bps=35.72 tps=6025 mgps=541.2 avgBps=33.93 avgTps=5374 avgMGps=513.8 elapsed=7h6m33s
Jul 26 06:06:31 nimbus-eth1-mainnet-short-benchmark[3168018]: INF 2026-07-26 06:06:31.366+00:00 Imported blocks                            blockNumber=20876545 slot=10086066 blocks=876544 txs=138954673 mgas=13273457 bps=35.93 tps=6157 mgps=542.6 avgBps=33.95 avgTps=5381 avgMGps=514.0 elapsed=7h10m21s
Jul 26 06:10:13 nimbus-eth1-mainnet-short-benchmark[3168018]: INF 2026-07-26 06:10:13.903+00:00 Imported blocks                            blockNumber=20884737 slot=10094286 blocks=884736 txs=140256178 mgas=13397479 bps=36.81 tps=5848 mgps=557.3 avgBps=33.97 avgTps=5385 avgMGps=514.4 elapsed=7h14m4s
Jul 26 06:13:52 nimbus-eth1-mainnet-short-benchmark[3168018]: INF 2026-07-26 06:13:52.324+00:00 Imported blocks                            blockNumber=20892929 slot=10102512 blocks=892928 txs=141581868 mgas=13521575 bps=37.51 tps=6069 mgps=568.2 avgBps=34.00 avgTps=5391 avgMGps=514.9 elapsed=7h17m42s
Jul 26 06:17:29 nimbus-eth1-mainnet-short-benchmark[3168018]: INF 2026-07-26 06:17:29.957+00:00 Imported blocks                            blockNumber=20901121 slot=10110732 blocks=901120 txs=142875889 mgas=13645572 bps=37.64 tps=5945 mgps=569.7 avgBps=34.03 avgTps=5395 avgMGps=515.3 elapsed=7h21m20s
Jul 26 06:21:05 nimbus-eth1-mainnet-short-benchmark[3168018]: INF 2026-07-26 06:21:05.742+00:00 Imported blocks                            blockNumber=20909313 slot=10118953 blocks=909312 txs=144102308 mgas=13769390 bps=37.96 tps=5683 mgps=573.8 avgBps=34.06 avgTps=5397 avgMGps=515.8 elapsed=7h24m55s
Jul 26 06:24:38 nimbus-eth1-mainnet-short-benchmark[3168018]: INF 2026-07-26 06:24:38.259+00:00 Imported blocks                            blockNumber=20917505 slot=10127176 blocks=917504 txs=145406349 mgas=13893087 bps=38.55 tps=6136 mgps=582.1 avgBps=34.10 avgTps=5403 avgMGps=516.3 elapsed=7h28m28s
Jul 26 06:28:01 nimbus-eth1-mainnet-short-benchmark[3168018]: INF 2026-07-26 06:28:01.416+00:00 Imported blocks                            blockNumber=20925697 slot=10135394 blocks=925696 txs=146718394 mgas=14016820 bps=40.32 tps=6458 mgps=609.1 avgBps=34.14 avgTps=5411 avgMGps=517.0 elapsed=7h31m51s
Jul 26 06:31:38 nimbus-eth1-mainnet-short-benchmark[3168018]: INF 2026-07-26 06:31:38.581+00:00 Imported blocks                            blockNumber=20933889 slot=10143614 blocks=933888 txs=148049109 mgas=14140625 bps=37.72 tps=6127 mgps=570.1 avgBps=34.17 avgTps=5417 avgMGps=517.4 elapsed=7h35m28s
Jul 26 06:35:07 nimbus-eth1-mainnet-short-benchmark[3168018]: INF 2026-07-26 06:35:07.558+00:00 Imported blocks                            blockNumber=20942081 slot=10151840 blocks=942080 txs=149397364 mgas=14264352 bps=39.20 tps=6451 mgps=592.1 avgBps=34.21 avgTps=5425 avgMGps=518.0 elapsed=7h38m57s
Jul 26 06:38:42 nimbus-eth1-mainnet-short-benchmark[3168018]: INF 2026-07-26 06:38:42.279+00:00 Imported blocks                            blockNumber=20950273 slot=10160098 blocks=950272 txs=150765507 mgas=14388237 bps=38.15 tps=6371 mgps=577.0 avgBps=34.24 avgTps=5432 avgMGps=518.5 elapsed=7h42m32s
Jul 26 06:42:31 nimbus-eth1-mainnet-short-benchmark[3168018]: INF 2026-07-26 06:42:31.132+00:00 Imported blocks                            blockNumber=20958465 slot=10168363 blocks=958464 txs=152044771 mgas=14511987 bps=35.80 tps=5589 mgps=540.7 avgBps=34.25 avgTps=5433 avgMGps=518.6 elapsed=7h46m21s
Jul 26 06:46:10 nimbus-eth1-mainnet-short-benchmark[3168018]: INF 2026-07-26 06:46:10.980+00:00 Imported blocks                            blockNumber=20966657 slot=10176609 blocks=966656 txs=153365296 mgas=14635804 bps=37.26 tps=6006 mgps=563.2 avgBps=34.28 avgTps=5438 avgMGps=519.0 elapsed=7h50m1s
Jul 26 06:49:47 nimbus-eth1-mainnet-short-benchmark[3168018]: INF 2026-07-26 06:49:47.765+00:00 Imported blocks                            blockNumber=20974849 slot=10184849 blocks=974848 txs=154744917 mgas=14759580 bps=37.79 tps=6364 mgps=571.0 avgBps=34.30 avgTps=5445 avgMGps=519.4 elapsed=7h53m37s
Jul 26 06:53:32 nimbus-eth1-mainnet-short-benchmark[3168018]: INF 2026-07-26 06:53:32.518+00:00 Imported blocks                            blockNumber=20983041 slot=10193086 blocks=983040 txs=156055229 mgas=14883451 bps=36.45 tps=5829 mgps=551.1 avgBps=34.32 avgTps=5448 avgMGps=519.6 elapsed=7h57m22s
Jul 26 06:56:49 nimbus-eth1-mainnet-short-benchmark[3168018]: INF 2026-07-26 06:56:49.995+00:00 Imported blocks                            blockNumber=20991233 slot=10201319 blocks=991232 txs=157563202 mgas=15007557 bps=41.48 tps=7636 mgps=628.5 avgBps=34.37 avgTps=5463 avgMGps=520.4 elapsed=8h40s110ms
Jul 26 07:00:37 nimbus-eth1-mainnet-short-benchmark[3168018]: INF 2026-07-26 07:00:37.356+00:00 Imported blocks                            blockNumber=20999425 slot=10209549 blocks=999424 txs=159003277 mgas=15131383 bps=36.03 tps=6333 mgps=544.6 avgBps=34.38 avgTps=5470 avgMGps=520.6 elapsed=8h4m27s
Jul 26 07:00:53 nimbus-eth1-mainnet-short-benchmark[3168018]: INF 2026-07-26 07:00:53.908+00:00 Imported blocks                            blockNumber=21000001 slot=10210128 blocks=1000000 txs=159109486 mgas=15140191 bps=34.79 tps=6415 mgps=532.0 avgBps=34.38 avgTps=5470 avgMGps=520.6 elapsed=8h4m44s
Jul 26 07:00:53 nimbus-eth1-mainnet-short-benchmark[3168018]: NTC 2026-07-26 07:00:53.908+00:00 Import complete                            blockNumber=21000001 slot=10210128 blocks=1000000 txs=159109486 mgas=15140191
Jul 26 07:00:54 nimbus-eth1-mainnet-short-benchmark[3143505]: <<< ending startNimbusWithImport (success)
Jul 26 07:00:54 nimbus-eth1-mainnet-short-benchmark[3143505]: >>> starting moveBenchmarkingFileToRepo
Jul 26 07:00:54 nimbus-eth1-mainnet-short-benchmark[3143505]: >>> copying debug-csv generated by nimbus to benchmarks repo
Jul 26 07:00:54 nimbus-eth1-mainnet-short-benchmark[3143505]: <<< ending moveBenchmarkingFileToRepo (success)
Jul 26 07:00:54 nimbus-eth1-mainnet-short-benchmark[3143505]: >>> starting generateBuildEnvironmentLogFile
Jul 26 07:01:03 nimbus-eth1-mainnet-short-benchmark[3143505]: <<< ending generateBuildEnvironmentLogFile (success)
Jul 26 07:01:03 nimbus-eth1-mainnet-short-benchmark[3143505]: >>> starting generateSystemdServiceLogs
