Sep 05 03:05:36 nimbus-eth1-mainnet-short-benchmark[3880784]: >>> starting cloneOrFetchBenchmarksRepo
Sep 05 03:05:36 nimbus-eth1-mainnet-short-benchmark[3880784]: >>> Fetching latest changes for nimbus-eth1-benchmarks...
Sep 05 03:05:38 nimbus-eth1-mainnet-short-benchmark[3880832]: HEAD is now at 680711a chore: update short benchmark Readme
Sep 05 03:05:38 nimbus-eth1-mainnet-short-benchmark[3880784]: <<< ending cloneOrFetchBenchmarksRepo (success)
Sep 05 03:05:38 nimbus-eth1-mainnet-short-benchmark[3880784]: >>> starting cloneOrFetchNimbusRepo
Sep 05 03:05:49 nimbus-eth1-mainnet-short-benchmark[3880784]: >>> Fetching latest changes for nimbus-eth1...
Sep 05 03:05:50 nimbus-eth1-mainnet-short-benchmark[3881175]: From https://github.com/status-im/nimbus-eth1
Sep 05 03:05:50 nimbus-eth1-mainnet-short-benchmark[3881175]:    bf5b488b4..c78423a22  master     -> origin/master
Sep 05 03:05:50 nimbus-eth1-mainnet-short-benchmark[3881196]: HEAD is now at c78423a22 fix pruned db rpc fetch request (#4716)
Sep 05 03:05:50 nimbus-eth1-mainnet-short-benchmark[3880784]: >>> Found last benchmarked commit: 7828c962
Sep 05 03:05:50 nimbus-eth1-mainnet-short-benchmark[3880784]: >>> Using next commit: 585d3c771e0620089d9b1351d9e1e13afb94969a
Sep 05 03:05:50 nimbus-eth1-mainnet-short-benchmark[3881212]: HEAD is now at 585d3c771 build(deps): bump vendor/nim-json-rpc from `6f1fff8` to `07a7e2f` (#4669)
Sep 05 03:05:50 nimbus-eth1-mainnet-short-benchmark[3880784]: >>> Current commit: 585d3c771
Sep 05 03:05:50 nimbus-eth1-mainnet-short-benchmark[3880784]: <<< ending cloneOrFetchNimbusRepo (success)
Sep 05 03:05:50 nimbus-eth1-mainnet-short-benchmark[3880784]: >>> starting buildBinaries
Sep 05 03:05:50 nimbus-eth1-mainnet-short-benchmark[3880784]: >>> Building binaries for commit 585d3c77...
Sep 05 03:05:52 nimbus-eth1-mainnet-short-benchmark[3882421]: Submodule path 'vendor/nim-json-rpc': checked out '07a7e2fe5df53f9fccc8f91c81892112a289de0b'
Sep 05 03:05:58 nimbus-eth1-mainnet-short-benchmark[3886705]: Building: Nim compiler
Sep 05 03:08:57 nimbus-eth1-mainnet-short-benchmark[3886705]: Building custom Nimble commit: 42ef70c2102a942c46f13eb76872326edd525cec
Sep 05 03:09:07 nimbus-eth1-mainnet-short-benchmark[3886705]: Building Nimble...
Sep 05 03:09:17 nimbus-eth1-mainnet-short-benchmark[3886705]: Replacing nimble binary...
Sep 05 03:09:25 nimbus-eth1-mainnet-short-benchmark[3903183]: Building: build/generate_makefile
Sep 05 03:09:25 nimbus-eth1-mainnet-short-benchmark[3903044]: ROCKSDB CACHED VERSION: 10.10.1
Sep 05 03:09:25 nimbus-eth1-mainnet-short-benchmark[3903456]: RocksDb static libraries already built. Skipping build.
Sep 05 03:09:25 nimbus-eth1-mainnet-short-benchmark[3903183]: Build completed successfully: build/generate_makefile
Sep 05 03:09:25 nimbus-eth1-mainnet-short-benchmark[3903507]: Building: build/nimbus_execution_client
Sep 05 03:11:48 nimbus-eth1-mainnet-short-benchmark[3903507]: Build completed successfully: build/nimbus_execution_client
Sep 05 03:11:48 nimbus-eth1-mainnet-short-benchmark[3880784]: >>> renaming binaries to match commit they were built from
Sep 05 03:11:48 nimbus-eth1-mainnet-short-benchmark[3880784]: >>> creating a symbolic link to the latest version
Sep 05 03:11:48 nimbus-eth1-mainnet-short-benchmark[3880784]: >>> deleting copies that are older than N days
Sep 05 03:11:48 nimbus-eth1-mainnet-short-benchmark[3880784]: <<< ending buildBinaries (success)
Sep 05 03:11:48 nimbus-eth1-mainnet-short-benchmark[3880784]: >>> starting skipOrContinueBenchmark
Sep 05 03:11:48 nimbus-eth1-mainnet-short-benchmark[3880784]: <<< ending skipOrContinueBenchmark (success)
Sep 05 03:11:48 nimbus-eth1-mainnet-short-benchmark[3880784]: >>> starting copyTemplateDatabase
Sep 05 03:11:48 nimbus-eth1-mainnet-short-benchmark[3880784]: >>> Copying template db into nimbus data directory
Sep 05 03:15:01 nimbus-eth1-mainnet-short-benchmark[3880784]: >>> Template db copied
Sep 05 03:15:01 nimbus-eth1-mainnet-short-benchmark[3880784]: >>> making nimbus the owner of the copied files
Sep 05 03:15:01 nimbus-eth1-mainnet-short-benchmark[3880784]: <<< ending copyTemplateDatabase (success)
Sep 05 03:15:01 nimbus-eth1-mainnet-short-benchmark[3880784]: >>> starting startNimbusWithImport
Sep 05 03:15:01 nimbus-eth1-mainnet-short-benchmark[3909182]: INF 2026-09-05 03:15:01.511+00:00 Launching execution client                 version=v0.4.0-585d3c77 config="(configFile: none(InputFile), dataDirFlag: some(/data/status-im/nimbus-eth1/data/shared_mainnet_0), era1DirFlag: some(/data/era1), eraDirFlag: some(/data/era), ereDirFlag: none(OutDir), keyStoreDirFlag: none(OutDir), importKey: , trustedSetupFile: none(string), extraData: Nimbus/v0.4.0-585d3c77, gasLimit: none(uint64), maxBlobs: none(byte), network: [mainnet], logLevel: INFO, logFormat: auto, metricsEnabled: false, metricsPort: 9093, metricsAddress: 127.0.0.1, bootstrapNodes: [], elBootstrapNodes: [], bootstrapFile: , elBootstrapFile: , staticPeers: [], staticPeersFile: , reconnectMaxRetry: 0, reconnectInterval: 15, listenAddress: ::, tcpPort: 30303, udpPortFlag: none(Port), maxPeersOpt: none(int), elMaxPeersOpt: none(int), nat: (hasExtIp: false, nat: NatAny), discv5: true, netKey: random, agentString: Nimbus/v0.4.0-585d3c77/linux-amd64/Nim-2.2.10, numThreads: 0, persistBatchSize: 4, dynamicBatchSize: false, rocksdbMaxOpenFiles: 2048, rocksdbWriteBufferSize: 67108864, rocksdbRowCacheSize: 0, rocksdbBlockCacheSize: 2147483648, rocksdbBlockCacheType: hyperclock, rdbVtxCacheSize: 536870912, rdbKeyCacheSize: 1342177280, rdbBranchCacheSize: 1073741824, rdbPrintStats: false, rewriteDatadirId: true, aristoDbMaxSnapshots: 5, parallelStateRootComputation: false, parallelSenderRecovery: true, optimisticStatePrefetch: false, balStatePrefetch: false, balStatePrefetchWorkers: 0, balParallelExecution: false, balPruning: true, eagerStateRootCheck: false, deserializeFcState: true, statelessProvider: false, statelessWitnessValidation: false, cmd: import, maxBlocks: 1000000, chunkSize: 8192, csvStats: some("/data/host-benchmarks/short/79ad81c23999486ea200e7f385034482/blocks-import-benchmark.csv"), validation: false, fullValidation: false, storeBodies: false, storeReceipts: false, storeSlotHashes: false)"
Sep 05 03:15:01 nimbus-eth1-mainnet-short-benchmark[3909182]: WRN 2026-09-05 03:15:01.515+00:00 Data directory has insecure permissions. Correcting them. data_dir=/data/status-im/nimbus-eth1/data/shared_mainnet_0 current_permissions=0755 required_permissions=0700
Sep 05 03:15:03 nimbus-eth1-mainnet-short-benchmark[3909182]: INF 2026-09-05 03:15:03.355+00:00 Taskpool started                           numThreads=16
Sep 05 03:15:03 nimbus-eth1-mainnet-short-benchmark[3909182]: INF 2026-09-05 03:15:03.503+00:00 Database initialized                       base="(0xd24fd73f794058a3807db926d8898c6481e902b7edb91ce0d479d6760f276183, 20000000)" finalized="(0xd24fd73f794058a3807db926d8898c6481e902b7edb91ce0d479d6760f276183, 20000000)" head="(0xd4e56740f876aef8c010b86a40d5f56745a118d0906a34e69aec8c0db1cb8fa3, 0)"
Sep 05 03:15:03 nimbus-eth1-mainnet-short-benchmark[3909182]: NTC 2026-09-05 03:15:03.503+00:00 Could not open ere database, falling back to era1/era import ereDir=/data/status-im/nimbus-eth1/data/shared_mainnet_0/ere networkName=mainnet error="No ere files found in /data/status-im/nimbus-eth1/data/shared_mainnet_0/ere"
Sep 05 03:15:03 nimbus-eth1-mainnet-short-benchmark[3909182]: NTC 2026-09-05 03:15:03.503+00:00 Importing era archive                      blockNumber=20000001 dataDir=/data/status-im/nimbus-eth1/data/shared_mainnet_0 eraDir=/data/era
Sep 05 03:15:05 nimbus-eth1-mainnet-short-benchmark[3909182]: NTC 2026-09-05 03:15:05.715+00:00 Matched block to slot number               blockNumber=20000001 slot=9204783
Sep 05 03:21:09 nimbus-eth1-mainnet-short-benchmark[3909182]: INF 2026-09-05 03:21:09.922+00:00 Imported blocks                            blockNumber=20008193 slot=9213020 blocks=8192 txs=1226966 mgas=124237 bps=22.36 tps=3348 mgps=339.1 avgBps=22.36 avgTps=3348 avgMGps=339.1 elapsed=6m6s419ms
Sep 05 03:26:30 nimbus-eth1-mainnet-short-benchmark[3909182]: INF 2026-09-05 03:26:30.721+00:00 Imported blocks                            blockNumber=20016385 slot=9221256 blocks=16384 txs=2540380 mgas=248071 bps=25.54 tps=4094 mgps=386.0 avgBps=23.84 avgTps=3696 avgMGps=361.0 elapsed=11m27s220ms
Sep 05 03:31:36 nimbus-eth1-mainnet-short-benchmark[3909182]: INF 2026-09-05 03:31:36.205+00:00 Imported blocks                            blockNumber=20024577 slot=9229485 blocks=24576 txs=3869398 mgas=372018 bps=26.82 tps=4350 mgps=405.7 avgBps=24.76 avgTps=3897 avgMGps=374.8 elapsed=16m32s704ms
Sep 05 03:36:11 nimbus-eth1-mainnet-short-benchmark[3909182]: INF 2026-09-05 03:36:11.621+00:00 Imported blocks                            blockNumber=20032769 slot=9237722 blocks=32768 txs=5222766 mgas=495797 bps=29.74 tps=4913 mgps=449.4 avgBps=25.84 avgTps=4118 avgMGps=391.0 elapsed=21m8s118ms
Sep 05 03:40:35 nimbus-eth1-mainnet-short-benchmark[3909182]: INF 2026-09-05 03:40:35.553+00:00 Imported blocks                            blockNumber=20040961 slot=9245957 blocks=40960 txs=6566802 mgas=619586 bps=31.04 tps=5092 mgps=469.0 avgBps=26.74 avgTps=4286 avgMGps=404.4 elapsed=25m32s50ms
Sep 05 03:45:19 nimbus-eth1-mainnet-short-benchmark[3909182]: INF 2026-09-05 03:45:19.973+00:00 Imported blocks                            blockNumber=20049153 slot=9254196 blocks=49152 txs=7904746 mgas=743522 bps=28.80 tps=4704 mgps=435.7 avgBps=27.06 avgTps=4351 avgMGps=409.3 elapsed=30m16s473ms
Sep 05 03:49:53 nimbus-eth1-mainnet-short-benchmark[3909182]: INF 2026-09-05 03:49:53.969+00:00 Imported blocks                            blockNumber=20057345 slot=9262435 blocks=57344 txs=9212009 mgas=867360 bps=29.90 tps=4771 mgps=452.0 avgBps=27.43 avgTps=4406 avgMGps=414.9 elapsed=34m50s469ms
Sep 05 03:54:07 nimbus-eth1-mainnet-short-benchmark[3909182]: INF 2026-09-05 03:54:07.433+00:00 Imported blocks                            blockNumber=20065537 slot=9270674 blocks=65536 txs=10559018 mgas=991371 bps=32.32 tps=5314 mgps=489.3 avgBps=27.96 avgTps=4504 avgMGps=423.0 elapsed=39m3s932ms
Sep 05 03:58:07 nimbus-eth1-mainnet-short-benchmark[3909182]: INF 2026-09-05 03:58:07.549+00:00 Imported blocks                            blockNumber=20073729 slot=9278910 blocks=73728 txs=11898676 mgas=1115111 bps=34.12 tps=5579 mgps=515.3 avgBps=28.53 avgTps=4604 avgMGps=431.5 elapsed=43m4s48ms
Sep 05 04:01:58 nimbus-eth1-mainnet-short-benchmark[3909182]: INF 2026-09-05 04:01:58.810+00:00 Imported blocks                            blockNumber=20081921 slot=9287152 blocks=81920 txs=13323263 mgas=1239150 bps=35.42 tps=6160 mgps=536.4 avgBps=29.10 avgTps=4732 avgMGps=440.1 elapsed=46m55s309ms
Sep 05 04:05:49 nimbus-eth1-mainnet-short-benchmark[3909182]: INF 2026-09-05 04:05:49.075+00:00 Imported blocks                            blockNumber=20090113 slot=9295408 blocks=90112 txs=14697082 mgas=1363113 bps=35.58 tps=5966 mgps=538.4 avgBps=29.59 avgTps=4825 avgMGps=447.6 elapsed=50m45s571ms
Sep 05 04:09:55 nimbus-eth1-mainnet-short-benchmark[3909182]: INF 2026-09-05 04:09:55.523+00:00 Imported blocks                            blockNumber=20098305 slot=9303658 blocks=98304 txs=16025683 mgas=1487146 bps=33.24 tps=5390 mgps=503.3 avgBps=29.86 avgTps=4868 avgMGps=451.7 elapsed=54m52s20ms
Sep 05 04:14:12 nimbus-eth1-mainnet-short-benchmark[3909182]: INF 2026-09-05 04:14:12.143+00:00 Imported blocks                            blockNumber=20106497 slot=9311895 blocks=106496 txs=17337157 mgas=1611066 bps=31.92 tps=5110 mgps=482.9 avgBps=30.01 avgTps=4885 avgMGps=454.0 elapsed=59m8s641ms
Sep 05 04:18:12 nimbus-eth1-mainnet-short-benchmark[3909182]: INF 2026-09-05 04:18:12.484+00:00 Imported blocks                            blockNumber=20114689 slot=9320146 blocks=114688 txs=18632097 mgas=1735123 bps=34.09 tps=5387 mgps=516.2 avgBps=30.27 avgTps=4917 avgMGps=457.9 elapsed=1h3m8s
Sep 05 04:22:01 nimbus-eth1-mainnet-short-benchmark[3909182]: INF 2026-09-05 04:22:01.085+00:00 Imported blocks                            blockNumber=20122881 slot=9328409 blocks=122880 txs=19937418 mgas=1859249 bps=35.83 tps=5709 mgps=543.0 avgBps=30.59 avgTps=4962 avgMGps=462.8 elapsed=1h6m57s
Sep 05 04:25:46 nimbus-eth1-mainnet-short-benchmark[3909182]: INF 2026-09-05 04:25:46.169+00:00 Imported blocks                            blockNumber=20131073 slot=9336660 blocks=131072 txs=21214129 mgas=1983500 bps=36.40 tps=5672 mgps=552.0 avgBps=30.89 avgTps=5000 avgMGps=467.5 elapsed=1h10m42s
Sep 05 04:29:29 nimbus-eth1-mainnet-short-benchmark[3909182]: INF 2026-09-05 04:29:29.598+00:00 Imported blocks                            blockNumber=20139265 slot=9344906 blocks=139264 txs=22579079 mgas=2107571 bps=36.66 tps=6109 mgps=555.3 avgBps=31.18 avgTps=5055 avgMGps=471.9 elapsed=1h14m26s
Sep 05 04:33:56 nimbus-eth1-mainnet-short-benchmark[3909182]: INF 2026-09-05 04:33:56.610+00:00 Imported blocks                            blockNumber=20147457 slot=9353153 blocks=147456 txs=24133322 mgas=2231686 bps=30.68 tps=5820 mgps=464.8 avgBps=31.15 avgTps=5098 avgMGps=471.5 elapsed=1h18m53s
Sep 05 04:38:14 nimbus-eth1-mainnet-short-benchmark[3909182]: INF 2026-09-05 04:38:14.407+00:00 Imported blocks                            blockNumber=20155649 slot=9361407 blocks=155648 txs=25424015 mgas=2356018 bps=31.78 tps=5006 mgps=482.3 avgBps=31.19 avgTps=5094 avgMGps=472.1 elapsed=1h23m10s
Sep 05 04:42:11 nimbus-eth1-mainnet-short-benchmark[3909182]: INF 2026-09-05 04:42:11.723+00:00 Imported blocks                            blockNumber=20163841 slot=9369652 blocks=163840 txs=26749549 mgas=2480207 bps=34.52 tps=5585 mgps=523.3 avgBps=31.34 avgTps=5116 avgMGps=474.4 elapsed=1h27m8s
Sep 05 04:46:02 nimbus-eth1-mainnet-short-benchmark[3909182]: INF 2026-09-05 04:46:02.960+00:00 Imported blocks                            blockNumber=20172033 slot=9377892 blocks=172032 txs=28105316 mgas=2604026 bps=35.43 tps=5863 mgps=535.5 avgBps=31.51 avgTps=5148 avgMGps=477.0 elapsed=1h30m59s
Sep 05 04:49:57 nimbus-eth1-mainnet-short-benchmark[3909182]: INF 2026-09-05 04:49:57.489+00:00 Imported blocks                            blockNumber=20180225 slot=9386128 blocks=180224 txs=29524405 mgas=2728170 bps=34.93 tps=6050 mgps=529.3 avgBps=31.65 avgTps=5185 avgMGps=479.1 elapsed=1h34m53s
Sep 05 04:53:37 nimbus-eth1-mainnet-short-benchmark[3909182]: INF 2026-09-05 04:53:37.953+00:00 Imported blocks                            blockNumber=20188417 slot=9394365 blocks=188416 txs=30849021 mgas=2852023 bps=37.16 tps=6008 mgps=561.8 avgBps=31.86 avgTps=5215 avgMGps=482.2 elapsed=1h38m34s
Sep 05 04:57:44 nimbus-eth1-mainnet-short-benchmark[3909182]: INF 2026-09-05 04:57:44.886+00:00 Imported blocks                            blockNumber=20196609 slot=9402602 blocks=196608 txs=32174755 mgas=2976155 bps=33.18 tps=5368 mgps=502.7 avgBps=31.91 avgTps=5222 avgMGps=483.0 elapsed=1h42m41s
Sep 05 05:02:02 nimbus-eth1-mainnet-short-benchmark[3909182]: INF 2026-09-05 05:02:02.006+00:00 Imported blocks                            blockNumber=20204801 slot=9410840 blocks=204800 txs=33475942 mgas=3100410 bps=31.86 tps=5060 mgps=483.3 avgBps=31.91 avgTps=5215 avgMGps=483.0 elapsed=1h46m58s
Sep 05 05:06:00 nimbus-eth1-mainnet-short-benchmark[3909182]: INF 2026-09-05 05:06:00.195+00:00 Imported blocks                            blockNumber=20212993 slot=9419071 blocks=212992 txs=34798508 mgas=3224370 bps=34.39 tps=5552 mgps=520.4 avgBps=32.00 avgTps=5227 avgMGps=484.4 elapsed=1h50m56s
Sep 05 05:09:54 nimbus-eth1-mainnet-short-benchmark[3909182]: INF 2026-09-05 05:09:54.507+00:00 Imported blocks                            blockNumber=20221185 slot=9427313 blocks=221184 txs=36114045 mgas=3348169 bps=34.96 tps=5614 mgps=528.3 avgBps=32.10 avgTps=5240 avgMGps=485.9 elapsed=1h54m51s
Sep 05 05:13:29 nimbus-eth1-mainnet-short-benchmark[3909182]: INF 2026-09-05 05:13:29.104+00:00 Imported blocks                            blockNumber=20229377 slot=9435549 blocks=229376 txs=37421794 mgas=3472031 bps=38.17 tps=6093 mgps=577.2 avgBps=32.28 avgTps=5266 avgMGps=488.6 elapsed=1h58m25s
Sep 05 05:17:12 nimbus-eth1-mainnet-short-benchmark[3909182]: INF 2026-09-05 05:17:12.237+00:00 Imported blocks                            blockNumber=20237569 slot=9443788 blocks=237568 txs=38842064 mgas=3596351 bps=36.71 tps=6365 mgps=557.2 avgBps=32.42 avgTps=5299 avgMGps=490.7 elapsed=2h2m8s
Sep 05 05:21:12 nimbus-eth1-mainnet-short-benchmark[3909182]: INF 2026-09-05 05:21:12.986+00:00 Imported blocks                            blockNumber=20245761 slot=9452021 blocks=245760 txs=40225739 mgas=3720100 bps=34.03 tps=5747 mgps=514.0 avgBps=32.47 avgTps=5314 avgMGps=491.5 elapsed=2h6m9s
Sep 05 05:25:29 nimbus-eth1-mainnet-short-benchmark[3909182]: INF 2026-09-05 05:25:29.658+00:00 Imported blocks                            blockNumber=20253953 slot=9460253 blocks=253952 txs=41454921 mgas=3844385 bps=31.92 tps=4788 mgps=484.2 avgBps=32.45 avgTps=5296 avgMGps=491.2 elapsed=2h10m26s
Sep 05 05:29:33 nimbus-eth1-mainnet-short-benchmark[3909182]: INF 2026-09-05 05:29:33.379+00:00 Imported blocks                            blockNumber=20262145 slot=9468495 blocks=262144 txs=42726051 mgas=3968623 bps=33.61 tps=5215 mgps=509.8 avgBps=32.48 avgTps=5294 avgMGps=491.8 elapsed=2h14m29s
Sep 05 05:33:21 nimbus-eth1-mainnet-short-benchmark[3909182]: INF 2026-09-05 05:33:21.127+00:00 Imported blocks                            blockNumber=20270337 slot=9476748 blocks=270336 txs=44050436 mgas=4092682 bps=35.97 tps=5815 mgps=544.7 avgBps=32.58 avgTps=5308 avgMGps=493.2 elapsed=2h18m17s
Sep 05 05:36:54 nimbus-eth1-mainnet-short-benchmark[3909182]: INF 2026-09-05 05:36:54.640+00:00 Imported blocks                            blockNumber=20278529 slot=9484981 blocks=278528 txs=45382368 mgas=4216487 bps=38.37 tps=6238 mgps=579.9 avgBps=32.73 avgTps=5332 avgMGps=495.4 elapsed=2h21m51s
Sep 05 05:40:32 nimbus-eth1-mainnet-short-benchmark[3909182]: INF 2026-09-05 05:40:32.965+00:00 Imported blocks                            blockNumber=20286721 slot=9493213 blocks=286720 txs=46733429 mgas=4340363 bps=37.52 tps=6188 mgps=567.4 avgBps=32.85 avgTps=5353 avgMGps=497.2 elapsed=2h25m29s
Sep 05 05:44:32 nimbus-eth1-mainnet-short-benchmark[3909182]: INF 2026-09-05 05:44:32.858+00:00 Imported blocks                            blockNumber=20294913 slot=9501453 blocks=294912 txs=48075887 mgas=4464376 bps=34.15 tps=5596 mgps=517.0 avgBps=32.88 avgTps=5360 avgMGps=497.7 elapsed=2h29m29s
Sep 05 05:48:26 nimbus-eth1-mainnet-short-benchmark[3909182]: INF 2026-09-05 05:48:26.822+00:00 Imported blocks                            blockNumber=20303105 slot=9509696 blocks=303104 txs=49379538 mgas=4588534 bps=35.01 tps=5571 mgps=530.7 avgBps=32.93 avgTps=5365 avgMGps=498.6 elapsed=2h33m23s
Sep 05 05:52:15 nimbus-eth1-mainnet-short-benchmark[3909182]: INF 2026-09-05 05:52:15.007+00:00 Imported blocks                            blockNumber=20311297 slot=9517922 blocks=311296 txs=50637672 mgas=4712596 bps=35.90 tps=5513 mgps=543.7 avgBps=33.01 avgTps=5368 avgMGps=499.7 elapsed=2h37m11s
Sep 05 05:55:52 nimbus-eth1-mainnet-short-benchmark[3909182]: INF 2026-09-05 05:55:52.612+00:00 Imported blocks                            blockNumber=20319489 slot=9526159 blocks=319488 txs=51981692 mgas=4836521 bps=37.65 tps=6176 mgps=569.5 avgBps=33.11 avgTps=5387 avgMGps=501.2 elapsed=2h40m49s
Sep 05 05:59:12 nimbus-eth1-mainnet-short-benchmark[3909182]: INF 2026-09-05 05:59:12.505+00:00 Imported blocks                            blockNumber=20327681 slot=9534381 blocks=327680 txs=53356123 mgas=4960245 bps=40.98 tps=6875 mgps=618.9 avgBps=33.27 avgTps=5417 avgMGps=503.6 elapsed=2h44m9s
Sep 05 06:02:32 nimbus-eth1-mainnet-short-benchmark[3909182]: INF 2026-09-05 06:02:32.126+00:00 Imported blocks                            blockNumber=20335873 slot=9542617 blocks=335872 txs=54719105 mgas=5084025 bps=41.04 tps=6827 mgps=620.1 avgBps=33.42 avgTps=5445 avgMGps=505.9 elapsed=2h47m28s
Sep 05 06:06:11 nimbus-eth1-mainnet-short-benchmark[3909182]: INF 2026-09-05 06:06:11.355+00:00 Imported blocks                            blockNumber=20344065 slot=9550841 blocks=344064 txs=56021853 mgas=5207843 bps=37.37 tps=5942 mgps=564.8 avgBps=33.51 avgTps=5456 avgMGps=507.2 elapsed=2h51m7s
Sep 05 06:10:19 nimbus-eth1-mainnet-short-benchmark[3909182]: INF 2026-09-05 06:10:19.252+00:00 Imported blocks                            blockNumber=20352257 slot=9559072 blocks=352256 txs=57290408 mgas=5332016 bps=33.05 tps=5117 mgps=500.9 avgBps=33.50 avgTps=5448 avgMGps=507.1 elapsed=2h55m15s
Sep 05 06:14:05 nimbus-eth1-mainnet-short-benchmark[3909182]: INF 2026-09-05 06:14:05.408+00:00 Imported blocks                            blockNumber=20360449 slot=9567308 blocks=360448 txs=58543463 mgas=5456201 bps=36.22 tps=5540 mgps=549.1 avgBps=33.56 avgTps=5450 avgMGps=507.9 elapsed=2h59m1s
Sep 05 06:17:42 nimbus-eth1-mainnet-short-benchmark[3909182]: INF 2026-09-05 06:17:42.769+00:00 Imported blocks                            blockNumber=20368641 slot=9575548 blocks=368640 txs=59874056 mgas=5580204 bps=37.69 tps=6121 mgps=570.5 avgBps=33.64 avgTps=5463 avgMGps=509.2 elapsed=3h2m39s
Sep 05 06:21:28 nimbus-eth1-mainnet-short-benchmark[3909182]: INF 2026-09-05 06:21:28.398+00:00 Imported blocks                            blockNumber=20376833 slot=9583774 blocks=376832 txs=61167066 mgas=5704396 bps=36.31 tps=5730 mgps=550.4 avgBps=33.69 avgTps=5468 avgMGps=510.0 elapsed=3h6m24s
Sep 05 06:25:09 nimbus-eth1-mainnet-short-benchmark[3909182]: INF 2026-09-05 06:25:09.071+00:00 Imported blocks                            blockNumber=20385025 slot=9592009 blocks=385024 txs=62480333 mgas=5828235 bps=37.12 tps=5951 mgps=561.2 avgBps=33.76 avgTps=5478 avgMGps=511.0 elapsed=3h10m5s
Sep 05 06:28:51 nimbus-eth1-mainnet-short-benchmark[3909182]: INF 2026-09-05 06:28:51.240+00:00 Imported blocks                            blockNumber=20393217 slot=9600248 blocks=393216 txs=63800597 mgas=5952136 bps=36.87 tps=5942 mgps=557.7 avgBps=33.82 avgTps=5486 avgMGps=511.9 elapsed=3h13m47s
Sep 05 06:32:22 nimbus-eth1-mainnet-short-benchmark[3909182]: INF 2026-09-05 06:32:22.873+00:00 Imported blocks                            blockNumber=20401409 slot=9608486 blocks=401408 txs=65021243 mgas=6076384 bps=38.71 tps=5767 mgps=587.1 avgBps=33.90 avgTps=5491 avgMGps=513.2 elapsed=3h17m19s
Sep 05 06:36:09 nimbus-eth1-mainnet-short-benchmark[3909182]: INF 2026-09-05 06:36:09.165+00:00 Imported blocks                            blockNumber=20409601 slot=9616707 blocks=409600 txs=66199016 mgas=6200666 bps=36.20 tps=5204 mgps=549.2 avgBps=33.95 avgTps=5486 avgMGps=513.9 elapsed=3h21m5s
Sep 05 06:39:46 nimbus-eth1-mainnet-short-benchmark[3909182]: INF 2026-09-05 06:39:46.722+00:00 Imported blocks                            blockNumber=20417793 slot=9624941 blocks=417792 txs=67453930 mgas=6324823 bps=37.65 tps=5768 mgps=570.7 avgBps=34.01 avgTps=5491 avgMGps=514.9 elapsed=3h24m43s
Sep 05 06:43:00 nimbus-eth1-mainnet-short-benchmark[3909182]: INF 2026-09-05 06:43:00.572+00:00 Imported blocks                            blockNumber=20425985 slot=9633187 blocks=425984 txs=68814904 mgas=6448778 bps=42.26 tps=7020 mgps=639.5 avgBps=34.14 avgTps=5515 avgMGps=516.9 elapsed=3h27m57s
Sep 05 06:46:12 nimbus-eth1-mainnet-short-benchmark[3909182]: INF 2026-09-05 06:46:12.377+00:00 Imported blocks                            blockNumber=20434177 slot=9641422 blocks=434176 txs=70124508 mgas=6572711 bps=42.71 tps=6827 mgps=646.1 avgBps=34.27 avgTps=5535 avgMGps=518.8 elapsed=3h31m8s
Sep 05 06:49:35 nimbus-eth1-mainnet-short-benchmark[3909182]: INF 2026-09-05 06:49:35.447+00:00 Imported blocks                            blockNumber=20442369 slot=9649657 blocks=442368 txs=71403576 mgas=6696451 bps=40.34 tps=6298 mgps=609.3 avgBps=34.37 avgTps=5547 avgMGps=520.2 elapsed=3h34m31s
Sep 05 06:53:17 nimbus-eth1-mainnet-short-benchmark[3909182]: INF 2026-09-05 06:53:17.648+00:00 Imported blocks                            blockNumber=20450561 slot=9657896 blocks=450560 txs=72659905 mgas=6820521 bps=36.87 tps=5654 mgps=558.4 avgBps=34.41 avgTps=5549 avgMGps=520.9 elapsed=3h38m14s
Sep 05 06:57:19 nimbus-eth1-mainnet-short-benchmark[3909182]: INF 2026-09-05 06:57:19.109+00:00 Imported blocks                            blockNumber=20458753 slot=9666114 blocks=458752 txs=73838533 mgas=6945116 bps=33.93 tps=4881 mgps=516.0 avgBps=34.40 avgTps=5536 avgMGps=520.8 elapsed=3h42m15s
Sep 05 07:00:57 nimbus-eth1-mainnet-short-benchmark[3909182]: INF 2026-09-05 07:00:57.730+00:00 Imported blocks                            blockNumber=20466945 slot=9674343 blocks=466944 txs=75124748 mgas=7068943 bps=37.47 tps=5883 mgps=566.4 avgBps=34.45 avgTps=5542 avgMGps=521.5 elapsed=3h45m54s
Sep 05 07:04:35 nimbus-eth1-mainnet-short-benchmark[3909182]: INF 2026-09-05 07:04:35.231+00:00 Imported blocks                            blockNumber=20475137 slot=9682575 blocks=475136 txs=76420106 mgas=7192870 bps=37.66 tps=5955 mgps=569.8 avgBps=34.50 avgTps=5549 avgMGps=522.3 elapsed=3h49m31s
Sep 05 07:08:01 nimbus-eth1-mainnet-short-benchmark[3909182]: INF 2026-09-05 07:08:01.800+00:00 Imported blocks                            blockNumber=20483329 slot=9690800 blocks=483328 txs=77675422 mgas=7316939 bps=39.66 tps=6076 mgps=600.6 avgBps=34.58 avgTps=5556 avgMGps=523.4 elapsed=3h52m58s
Sep 05 07:11:25 nimbus-eth1-mainnet-short-benchmark[3909182]: INF 2026-09-05 07:11:25.541+00:00 Imported blocks                            blockNumber=20491521 slot=9699019 blocks=491520 txs=78951232 mgas=7440784 bps=40.21 tps=6261 mgps=607.9 avgBps=34.66 avgTps=5566 avgMGps=524.7 elapsed=3h56m22s
Sep 05 07:15:06 nimbus-eth1-mainnet-short-benchmark[3909182]: INF 2026-09-05 07:15:06.549+00:00 Imported blocks                            blockNumber=20499713 slot=9707248 blocks=499712 txs=80189642 mgas=7564669 bps=37.07 tps=5603 mgps=560.5 avgBps=34.69 avgTps=5567 avgMGps=525.2 elapsed=4h3s45ms
Sep 05 07:18:50 nimbus-eth1-mainnet-short-benchmark[3909182]: INF 2026-09-05 07:18:50.958+00:00 Imported blocks                            blockNumber=20507905 slot=9715488 blocks=507904 txs=81317763 mgas=7689208 bps=36.50 tps=5027 mgps=555.0 avgBps=34.72 avgTps=5559 avgMGps=525.7 elapsed=4h3m47s
Sep 05 07:22:09 nimbus-eth1-mainnet-short-benchmark[3909182]: INF 2026-09-05 07:22:09.967+00:00 Imported blocks                            blockNumber=20516097 slot=9723715 blocks=516096 txs=82520262 mgas=7813209 bps=41.16 tps=6042 mgps=623.1 avgBps=34.81 avgTps=5565 avgMGps=527.0 elapsed=4h7m6s
Sep 05 07:25:41 nimbus-eth1-mainnet-short-benchmark[3909182]: INF 2026-09-05 07:25:41.264+00:00 Imported blocks                            blockNumber=20524289 slot=9731945 blocks=524288 txs=83780075 mgas=7937233 bps=38.77 tps=5962 mgps=587.0 avgBps=34.86 avgTps=5571 avgMGps=527.8 elapsed=4h10m37s
Sep 05 07:29:17 nimbus-eth1-mainnet-short-benchmark[3909182]: INF 2026-09-05 07:29:17.145+00:00 Imported blocks                            blockNumber=20532481 slot=9740183 blocks=532480 txs=85263862 mgas=8061024 bps=37.95 tps=6873 mgps=573.4 avgBps=34.91 avgTps=5589 avgMGps=528.5 elapsed=4h14m13s
Sep 05 07:33:00 nimbus-eth1-mainnet-short-benchmark[3909182]: INF 2026-09-05 07:33:00.286+00:00 Imported blocks                            blockNumber=20540673 slot=9748418 blocks=540672 txs=86612143 mgas=8185090 bps=36.71 tps=6042 mgps=556.0 avgBps=34.93 avgTps=5596 avgMGps=528.9 elapsed=4h17m56s
Sep 05 07:36:47 nimbus-eth1-mainnet-short-benchmark[3909182]: INF 2026-09-05 07:36:47.595+00:00 Imported blocks                            blockNumber=20548865 slot=9756662 blocks=548864 txs=87802991 mgas=8309513 bps=36.04 tps=5238 mgps=547.4 avgBps=34.95 avgTps=5591 avgMGps=529.1 elapsed=4h21m44s
Sep 05 07:40:32 nimbus-eth1-mainnet-short-benchmark[3909182]: INF 2026-09-05 07:40:32.588+00:00 Imported blocks                            blockNumber=20557057 slot=9764892 blocks=557056 txs=88964987 mgas=8433956 bps=36.41 tps=5164 mgps=553.1 avgBps=34.97 avgTps=5585 avgMGps=529.5 elapsed=4h25m29s
Sep 05 07:44:06 nimbus-eth1-mainnet-short-benchmark[3909182]: INF 2026-09-05 07:44:06.257+00:00 Imported blocks                            blockNumber=20565249 slot=9773131 blocks=565248 txs=90186094 mgas=8558113 bps=38.34 tps=5714 mgps=581.1 avgBps=35.02 avgTps=5586 avgMGps=530.2 elapsed=4h29m2s
Sep 05 07:47:42 nimbus-eth1-mainnet-short-benchmark[3909182]: INF 2026-09-05 07:47:42.334+00:00 Imported blocks                            blockNumber=20573441 slot=9781369 blocks=573440 txs=91404654 mgas=8682228 bps=37.91 tps=5639 mgps=574.4 avgBps=35.05 avgTps=5587 avgMGps=530.7 elapsed=4h32m38s
Sep 05 07:51:12 nimbus-eth1-mainnet-short-benchmark[3909182]: INF 2026-09-05 07:51:12.707+00:00 Imported blocks                            blockNumber=20581633 slot=9789611 blocks=581632 txs=92628389 mgas=8806651 bps=38.94 tps=5817 mgps=591.4 avgBps=35.10 avgTps=5590 avgMGps=531.5 elapsed=4h36m9s
Sep 05 07:54:51 nimbus-eth1-mainnet-short-benchmark[3909182]: INF 2026-09-05 07:54:51.111+00:00 Imported blocks                            blockNumber=20589825 slot=9797855 blocks=589824 txs=93887208 mgas=8931023 bps=37.51 tps=5763 mgps=569.5 avgBps=35.13 avgTps=5592 avgMGps=532.0 elapsed=4h39m47s
Sep 05 07:58:33 nimbus-eth1-mainnet-short-benchmark[3909182]: INF 2026-09-05 07:58:33.176+00:00 Imported blocks                            blockNumber=20598017 slot=9806095 blocks=598016 txs=95163338 mgas=9055310 bps=36.89 tps=5746 mgps=559.7 avgBps=35.16 avgTps=5594 avgMGps=532.4 elapsed=4h43m29s
Sep 05 08:02:18 nimbus-eth1-mainnet-short-benchmark[3909182]: INF 2026-09-05 08:02:18.769+00:00 Imported blocks                            blockNumber=20606209 slot=9814347 blocks=606208 txs=96334664 mgas=9179976 bps=36.31 tps=5192 mgps=552.6 avgBps=35.17 avgTps=5589 avgMGps=532.6 elapsed=4h47m15s
Sep 05 08:05:52 nimbus-eth1-mainnet-short-benchmark[3909182]: INF 2026-09-05 08:05:52.106+00:00 Imported blocks                            blockNumber=20614401 slot=9822581 blocks=614400 txs=97573414 mgas=9304574 bps=38.40 tps=5806 mgps=584.0 avgBps=35.21 avgTps=5592 avgMGps=533.3 elapsed=4h50m48s
Sep 05 08:09:26 nimbus-eth1-mainnet-short-benchmark[3909182]: INF 2026-09-05 08:09:26.667+00:00 Imported blocks                            blockNumber=20622593 slot=9830821 blocks=622592 txs=98874772 mgas=9428835 bps=38.18 tps=6065 mgps=579.1 avgBps=35.25 avgTps=5597 avgMGps=533.8 elapsed=4h54m23s
Sep 05 08:12:53 nimbus-eth1-mainnet-short-benchmark[3909182]: INF 2026-09-05 08:12:53.688+00:00 Imported blocks                            blockNumber=20630785 slot=9839058 blocks=630784 txs=100178707 mgas=9553009 bps=39.57 tps=6298 mgps=599.8 avgBps=35.30 avgTps=5605 avgMGps=534.6 elapsed=4h57m50s
Sep 05 08:16:29 nimbus-eth1-mainnet-short-benchmark[3909182]: INF 2026-09-05 08:16:29.497+00:00 Imported blocks                            blockNumber=20638977 slot=9847313 blocks=638976 txs=101489116 mgas=9677171 bps=37.96 tps=6071 mgps=575.3 avgBps=35.33 avgTps=5611 avgMGps=535.1 elapsed=5h1m25s
Sep 05 08:20:01 nimbus-eth1-mainnet-short-benchmark[3909182]: INF 2026-09-05 08:20:01.982+00:00 Imported blocks                            blockNumber=20647169 slot=9855549 blocks=647168 txs=102730058 mgas=9801643 bps=38.55 tps=5840 mgps=585.8 avgBps=35.37 avgTps=5614 avgMGps=535.7 elapsed=5h4m58s
Sep 05 08:23:48 nimbus-eth1-mainnet-short-benchmark[3909182]: INF 2026-09-05 08:23:48.667+00:00 Imported blocks                            blockNumber=20655361 slot=9863778 blocks=655360 txs=103868002 mgas=9926541 bps=36.14 tps=5019 mgps=551.0 avgBps=35.38 avgTps=5606 avgMGps=535.8 elapsed=5h8m45s
Sep 05 08:27:18 nimbus-eth1-mainnet-short-benchmark[3909182]: INF 2026-09-05 08:27:18.680+00:00 Imported blocks                            blockNumber=20663553 slot=9872013 blocks=663552 txs=105112198 mgas=10051274 bps=39.01 tps=5924 mgps=593.9 avgBps=35.42 avgTps=5610 avgMGps=536.5 elapsed=5h12m15s
Sep 05 08:30:38 nimbus-eth1-mainnet-short-benchmark[3909182]: INF 2026-09-05 08:30:38.249+00:00 Imported blocks                            blockNumber=20671745 slot=9880241 blocks=671744 txs=106395904 mgas=10175177 bps=41.05 tps=6432 mgps=620.8 avgBps=35.48 avgTps=5619 avgMGps=537.4 elapsed=5h15m34s
Sep 05 08:34:01 nimbus-eth1-mainnet-short-benchmark[3909182]: INF 2026-09-05 08:34:01.422+00:00 Imported blocks                            blockNumber=20679937 slot=9888471 blocks=679936 txs=107674271 mgas=10299404 bps=40.32 tps=6291 mgps=611.4 avgBps=35.53 avgTps=5626 avgMGps=538.2 elapsed=5h18m57s
Sep 05 08:37:17 nimbus-eth1-mainnet-short-benchmark[3909182]: INF 2026-09-05 08:37:17.395+00:00 Imported blocks                            blockNumber=20688129 slot=9896698 blocks=688128 txs=108938536 mgas=10423298 bps=41.80 tps=6451 mgps=632.2 avgBps=35.59 avgTps=5634 avgMGps=539.1 elapsed=5h22m13s
Sep 05 08:40:46 nimbus-eth1-mainnet-short-benchmark[3909182]: INF 2026-09-05 08:40:46.776+00:00 Imported blocks                            blockNumber=20696321 slot=9904930 blocks=696320 txs=110235786 mgas=10547469 bps=39.13 tps=6195 mgps=593.0 avgBps=35.63 avgTps=5640 avgMGps=539.7 elapsed=5h25m43s
Sep 05 08:44:32 nimbus-eth1-mainnet-short-benchmark[3909182]: INF 2026-09-05 08:44:32.961+00:00 Imported blocks                            blockNumber=20704513 slot=9913154 blocks=704512 txs=111483759 mgas=10671677 bps=36.22 tps=5517 mgps=549.1 avgBps=35.64 avgTps=5639 avgMGps=539.8 elapsed=5h29m29s
Sep 05 08:48:05 nimbus-eth1-mainnet-short-benchmark[3909182]: INF 2026-09-05 08:48:05.374+00:00 Imported blocks                            blockNumber=20712705 slot=9921388 blocks=712704 txs=112764170 mgas=10795980 bps=38.57 tps=6027 mgps=585.2 avgBps=35.67 avgTps=5643 avgMGps=540.3 elapsed=5h33m1s
Sep 05 08:51:23 nimbus-eth1-mainnet-short-benchmark[3909182]: INF 2026-09-05 08:51:23.359+00:00 Imported blocks                            blockNumber=20720897 slot=9929633 blocks=720896 txs=114110517 mgas=10919926 bps=41.38 tps=6800 mgps=626.0 avgBps=35.72 avgTps=5654 avgMGps=541.1 elapsed=5h36m19s
Sep 05 08:54:49 nimbus-eth1-mainnet-short-benchmark[3909182]: INF 2026-09-05 08:54:49.112+00:00 Imported blocks                            blockNumber=20729089 slot=9937869 blocks=729088 txs=115449431 mgas=11043768 bps=39.82 tps=6507 mgps=601.9 avgBps=35.76 avgTps=5663 avgMGps=541.7 elapsed=5h39m45s
Sep 05 08:58:06 nimbus-eth1-mainnet-short-benchmark[3909182]: INF 2026-09-05 08:58:06.037+00:00 Imported blocks                            blockNumber=20737281 slot=9946108 blocks=737280 txs=116784468 mgas=11167784 bps=41.60 tps=6779 mgps=629.8 avgBps=35.82 avgTps=5673 avgMGps=542.6 elapsed=5h43m2s
Sep 05 09:01:34 nimbus-eth1-mainnet-short-benchmark[3909182]: INF 2026-09-05 09:01:34.922+00:00 Imported blocks                            blockNumber=20745473 slot=9954342 blocks=745472 txs=118101003 mgas=11291742 bps=39.22 tps=6302 mgps=593.4 avgBps=35.85 avgTps=5680 avgMGps=543.1 elapsed=5h46m31s
Sep 05 09:05:17 nimbus-eth1-mainnet-short-benchmark[3909182]: INF 2026-09-05 09:05:17.659+00:00 Imported blocks                            blockNumber=20753665 slot=9962581 blocks=753664 txs=119337525 mgas=11415859 bps=36.78 tps=5551 mgps=557.2 avgBps=35.86 avgTps=5678 avgMGps=543.2 elapsed=5h50m14s
Sep 05 09:08:50 nimbus-eth1-mainnet-short-benchmark[3909182]: INF 2026-09-05 09:08:50.104+00:00 Imported blocks                            blockNumber=20761857 slot=9970803 blocks=761856 txs=120564314 mgas=11540225 bps=38.56 tps=5774 mgps=585.4 avgBps=35.89 avgTps=5679 avgMGps=543.7 elapsed=5h53m46s
Sep 05 09:12:07 nimbus-eth1-mainnet-short-benchmark[3909182]: INF 2026-09-05 09:12:07.513+00:00 Imported blocks                            blockNumber=20770049 slot=9979058 blocks=770048 txs=121858083 mgas=11663918 bps=41.50 tps=6553 mgps=626.6 avgBps=35.94 avgTps=5687 avgMGps=544.4 elapsed=5h57m4s
Sep 05 09:15:17 nimbus-eth1-mainnet-short-benchmark[3909182]: INF 2026-09-05 09:15:17.566+00:00 Imported blocks                            blockNumber=20778241 slot=9987307 blocks=778240 txs=123161734 mgas=11787906 bps=43.10 tps=6859 mgps=652.4 avgBps=36.01 avgTps=5698 avgMGps=545.4 elapsed=6h14s63ms
Sep 05 09:18:21 nimbus-eth1-mainnet-short-benchmark[3909182]: INF 2026-09-05 09:18:21.352+00:00 Imported blocks                            blockNumber=20786433 slot=9995542 blocks=786432 txs=124509456 mgas=11911612 bps=44.57 tps=7333 mgps=673.1 avgBps=36.08 avgTps=5712 avgMGps=546.5 elapsed=6h3m17s
Sep 05 09:21:32 nimbus-eth1-mainnet-short-benchmark[3909182]: INF 2026-09-05 09:21:32.169+00:00 Imported blocks                            blockNumber=20794625 slot=10003781 blocks=794624 txs=125848921 mgas=12035338 bps=42.93 tps=7019 mgps=648.4 avgBps=36.14 avgTps=5723 avgMGps=547.3 elapsed=6h6m28s
Sep 05 09:24:47 nimbus-eth1-mainnet-short-benchmark[3909182]: INF 2026-09-05 09:24:47.610+00:00 Imported blocks                            blockNumber=20802817 slot=10012028 blocks=802816 txs=127089868 mgas=12158989 bps=41.92 tps=6349 mgps=632.7 avgBps=36.19 avgTps=5728 avgMGps=548.1 elapsed=6h9m44s
Sep 05 09:28:11 nimbus-eth1-mainnet-short-benchmark[3909182]: INF 2026-09-05 09:28:11.263+00:00 Imported blocks                            blockNumber=20811009 slot=10020249 blocks=811008 txs=128299762 mgas=12282850 bps=40.22 tps=5940 mgps=608.2 avgBps=36.23 avgTps=5730 avgMGps=548.6 elapsed=6h13m7s
Sep 05 09:31:21 nimbus-eth1-mainnet-short-benchmark[3909182]: INF 2026-09-05 09:31:21.580+00:00 Imported blocks                            blockNumber=20819201 slot=10028481 blocks=819200 txs=129596319 mgas=12406594 bps=43.04 tps=6812 mgps=650.2 avgBps=36.28 avgTps=5739 avgMGps=549.5 elapsed=6h16m18s
Sep 05 09:34:30 nimbus-eth1-mainnet-short-benchmark[3909182]: INF 2026-09-05 09:34:30.234+00:00 Imported blocks                            blockNumber=20827393 slot=10036710 blocks=827392 txs=130916729 mgas=12530249 bps=43.42 tps=6999 mgps=655.5 avgBps=36.34 avgTps=5750 avgMGps=550.4 elapsed=6h19m26s
Sep 05 09:37:39 nimbus-eth1-mainnet-short-benchmark[3909182]: INF 2026-09-05 09:37:39.519+00:00 Imported blocks                            blockNumber=20835585 slot=10044938 blocks=835584 txs=132226625 mgas=12654070 bps=43.28 tps=6920 mgps=654.1 avgBps=36.40 avgTps=5759 avgMGps=551.2 elapsed=6h22m36s
Sep 05 09:41:01 nimbus-eth1-mainnet-short-benchmark[3909182]: INF 2026-09-05 09:41:01.784+00:00 Imported blocks                            blockNumber=20843777 slot=10053164 blocks=843776 txs=133604192 mgas=12777730 bps=40.50 tps=6810 mgps=611.4 avgBps=36.44 avgTps=5769 avgMGps=551.8 elapsed=6h25m58s
Sep 05 09:44:48 nimbus-eth1-mainnet-short-benchmark[3909182]: INF 2026-09-05 09:44:48.121+00:00 Imported blocks                            blockNumber=20851969 slot=10061391 blocks=851968 txs=134900706 mgas=12901664 bps=36.19 tps=5728 mgps=547.6 avgBps=36.43 avgTps=5768 avgMGps=551.7 elapsed=6h29m44s
Sep 05 09:48:21 nimbus-eth1-mainnet-short-benchmark[3909182]: INF 2026-09-05 09:48:21.762+00:00 Imported blocks                            blockNumber=20860161 slot=10069622 blocks=860160 txs=136168750 mgas=13025603 bps=38.34 tps=5935 mgps=580.1 avgBps=36.45 avgTps=5770 avgMGps=552.0 elapsed=6h33m18s
Sep 05 09:51:54 nimbus-eth1-mainnet-short-benchmark[3909182]: INF 2026-09-05 09:51:54.235+00:00 Imported blocks                            blockNumber=20868353 slot=10077838 blocks=868352 txs=137550724 mgas=13149742 bps=38.56 tps=6504 mgps=584.3 avgBps=36.47 avgTps=5776 avgMGps=552.3 elapsed=6h36m50s
Sep 05 09:55:24 nimbus-eth1-mainnet-short-benchmark[3909182]: INF 2026-09-05 09:55:24.144+00:00 Imported blocks                            blockNumber=20876545 slot=10086066 blocks=876544 txs=138954673 mgas=13273457 bps=39.03 tps=6688 mgps=589.4 avgBps=36.49 avgTps=5784 avgMGps=552.6 elapsed=6h40m20s
Sep 05 09:58:49 nimbus-eth1-mainnet-short-benchmark[3909182]: INF 2026-09-05 09:58:49.001+00:00 Imported blocks                            blockNumber=20884737 slot=10094286 blocks=884736 txs=140256178 mgas=13397479 bps=39.99 tps=6353 mgps=605.4 avgBps=36.52 avgTps=5789 avgMGps=553.0 elapsed=6h43m45s
Sep 05 10:02:10 nimbus-eth1-mainnet-short-benchmark[3909182]: INF 2026-09-05 10:02:10.066+00:00 Imported blocks                            blockNumber=20892929 slot=10102512 blocks=892928 txs=141581868 mgas=13521575 bps=40.74 tps=6593 mgps=617.2 avgBps=36.56 avgTps=5796 avgMGps=553.6 elapsed=6h47m6s
Sep 05 10:05:29 nimbus-eth1-mainnet-short-benchmark[3909182]: INF 2026-09-05 10:05:29.943+00:00 Imported blocks                            blockNumber=20901121 slot=10110732 blocks=901120 txs=142875889 mgas=13645572 bps=40.99 tps=6474 mgps=620.4 avgBps=36.59 avgTps=5801 avgMGps=554.1 elapsed=6h50m26s
Sep 05 10:08:49 nimbus-eth1-mainnet-short-benchmark[3909182]: INF 2026-09-05 10:08:49.960+00:00 Imported blocks                            blockNumber=20909313 slot=10118953 blocks=909312 txs=144102308 mgas=13769390 bps=40.96 tps=6131 mgps=619.0 avgBps=36.63 avgTps=5804 avgMGps=554.6 elapsed=6h53m46s
Sep 05 10:12:05 nimbus-eth1-mainnet-short-benchmark[3909182]: INF 2026-09-05 10:12:05.017+00:00 Imported blocks                            blockNumber=20917505 slot=10127176 blocks=917504 txs=145406349 mgas=13893087 bps=42.00 tps=6685 mgps=634.2 avgBps=36.67 avgTps=5811 avgMGps=555.2 elapsed=6h57m1s
Sep 05 10:15:11 nimbus-eth1-mainnet-short-benchmark[3909182]: INF 2026-09-05 10:15:11.883+00:00 Imported blocks                            blockNumber=20925697 slot=10135394 blocks=925696 txs=146718394 mgas=14016820 bps=43.84 tps=7021 mgps=662.2 avgBps=36.72 avgTps=5820 avgMGps=556.0 elapsed=7h8s379ms
Sep 05 10:18:31 nimbus-eth1-mainnet-short-benchmark[3909182]: INF 2026-09-05 10:18:31.984+00:00 Imported blocks                            blockNumber=20933889 slot=10143614 blocks=933888 txs=148049109 mgas=14140625 bps=40.94 tps=6650 mgps=618.7 avgBps=36.75 avgTps=5826 avgMGps=556.5 elapsed=7h3m28s
Sep 05 10:21:47 nimbus-eth1-mainnet-short-benchmark[3909182]: INF 2026-09-05 10:21:47.237+00:00 Imported blocks                            blockNumber=20942081 slot=10151840 blocks=942080 txs=149397364 mgas=14264352 bps=41.95 tps=6904 mgps=633.7 avgBps=36.79 avgTps=5834 avgMGps=557.1 elapsed=7h6m43s
Sep 05 10:25:05 nimbus-eth1-mainnet-short-benchmark[3909182]: INF 2026-09-05 10:25:05.554+00:00 Imported blocks                            blockNumber=20950273 slot=10160098 blocks=950272 txs=150765507 mgas=14388237 bps=41.31 tps=6898 mgps=624.7 avgBps=36.83 avgTps=5843 avgMGps=557.6 elapsed=7h10m2s
Sep 05 10:28:35 nimbus-eth1-mainnet-short-benchmark[3909182]: INF 2026-09-05 10:28:35.771+00:00 Imported blocks                            blockNumber=20958465 slot=10168363 blocks=958464 txs=152044771 mgas=14511987 bps=38.97 tps=6085 mgps=588.7 avgBps=36.85 avgTps=5845 avgMGps=557.9 elapsed=7h13m32s
Sep 05 10:31:56 nimbus-eth1-mainnet-short-benchmark[3909182]: INF 2026-09-05 10:31:56.852+00:00 Imported blocks                            blockNumber=20966657 slot=10176609 blocks=966656 txs=153365296 mgas=14635804 bps=40.74 tps=6566 mgps=615.7 avgBps=36.88 avgTps=5850 avgMGps=558.3 elapsed=7h16m53s
Sep 05 10:35:16 nimbus-eth1-mainnet-short-benchmark[3909182]: INF 2026-09-05 10:35:16.393+00:00 Imported blocks                            blockNumber=20974849 slot=10184849 blocks=974848 txs=154744917 mgas=14759580 bps=41.05 tps=6914 mgps=620.3 avgBps=36.91 avgTps=5858 avgMGps=558.8 elapsed=7h20m12s
Sep 05 10:38:44 nimbus-eth1-mainnet-short-benchmark[3909182]: INF 2026-09-05 10:38:44.770+00:00 Imported blocks                            blockNumber=20983041 slot=10193086 blocks=983040 txs=156055229 mgas=14883451 bps=39.31 tps=6288 mgps=594.5 avgBps=36.93 avgTps=5862 avgMGps=559.1 elapsed=7h23m41s
Sep 05 10:41:47 nimbus-eth1-mainnet-short-benchmark[3909182]: INF 2026-09-05 10:41:47.236+00:00 Imported blocks                            blockNumber=20991233 slot=10201319 blocks=991232 txs=157563202 mgas=15007557 bps=44.90 tps=8264 mgps=680.2 avgBps=36.98 avgTps=5878 avgMGps=559.9 elapsed=7h26m43s
Sep 05 10:45:18 nimbus-eth1-mainnet-short-benchmark[3909182]: INF 2026-09-05 10:45:18.681+00:00 Imported blocks                            blockNumber=20999425 slot=10209549 blocks=999424 txs=159003277 mgas=15131383 bps=38.74 tps=6810 mgps=585.6 avgBps=36.99 avgTps=5885 avgMGps=560.1 elapsed=7h30m15s
Sep 05 10:45:34 nimbus-eth1-mainnet-short-benchmark[3909182]: INF 2026-09-05 10:45:34.337+00:00 Imported blocks                            blockNumber=21000001 slot=10210128 blocks=1000000 txs=159109486 mgas=15140191 bps=36.79 tps=6784 mgps=562.6 avgBps=36.99 avgTps=5886 avgMGps=560.1 elapsed=7h30m30s
Sep 05 10:45:34 nimbus-eth1-mainnet-short-benchmark[3909182]: NTC 2026-09-05 10:45:34.337+00:00 Import complete                            blockNumber=21000001 slot=10210128 blocks=1000000 txs=159109486 mgas=15140191
Sep 05 10:45:35 nimbus-eth1-mainnet-short-benchmark[3880784]: <<< ending startNimbusWithImport (success)
Sep 05 10:45:35 nimbus-eth1-mainnet-short-benchmark[3880784]: >>> starting moveBenchmarkingFileToRepo
Sep 05 10:45:35 nimbus-eth1-mainnet-short-benchmark[3880784]: >>> copying debug-csv generated by nimbus to benchmarks repo
Sep 05 10:45:35 nimbus-eth1-mainnet-short-benchmark[3880784]: <<< ending moveBenchmarkingFileToRepo (success)
Sep 05 10:45:35 nimbus-eth1-mainnet-short-benchmark[3880784]: >>> starting generateBuildEnvironmentLogFile
Sep 05 10:45:44 nimbus-eth1-mainnet-short-benchmark[3880784]: <<< ending generateBuildEnvironmentLogFile (success)
Sep 05 10:45:44 nimbus-eth1-mainnet-short-benchmark[3880784]: >>> starting generateSystemdServiceLogs
