=== System Information Report ===
>>> Generated on: Fri Sep 18 11:19:28 AM UTC 2026
==========================
>>> CPU Architecture: x86_64
>>> CPU Byte Order: Little Endian
>>> CPU Cores: 16
>>> CPU Model: AMD Ryzen 7 PRO 8700GE w/ Radeon 780M Graphics
>>> CPU Cache Information:
L1d Cache: 256 KiB (8 instances)
L1i Cache: 256 KiB (8 instances)
L2 Cache: 8 MiB (8 instances)
L3 Cache: 16 MiB (1 instance)
>>> RAM Size: 61Gi
>>> Hard Disk Information:
/dev/md2 : 437G total, 199G free
/dev/md1 : 989M total, 690M free
/dev/nvme0n1p1 : 256M total, 256M free
/dev/nvme1n1 : 1.9T total, 487G free
==========================
=== Nimbus-ETH1 Benchmarking Report ===
>>> Total time spent in benchmarking (nanoseconds): 27160466674708
>>> Total time spent in benchmarking (human readable format): 7 hours 32 minutes 40 seconds
>>> Start block number is 20000001
>>> End block number is 21000001
==========================
=== Comparison of last two benchmarks ===
sort: write failed: 'standard output': Broken pipe
sort: write error
sort: write failed: 'standard output': Broken pipe
sort: write error
python /data/status-im/nimbus-eth1/scripts/block-import-stats.py /data/status-im/nimbus-eth1-benchmarks/short-benchmark/20260917T195454_479bfcee/blocks-import-benchmark.csv /data/status-im/nimbus-eth1-benchmarks/short-benchmark/20260918T033735_84f3d308/blocks-import-benchmark.csv
blocks-import-benchmark.csv vs blocks-import-benchmark.csv
                      bps_x  bps_y     tps_x     tps_y  time_x  time_y    bpsd    tpsd   timed
block_number                                                                                  
(20000001, 20111112]  30.32  30.40  4,950.89  4,963.59  59m31s  59m23s   0.24%   0.24%  -0.23%
(20111112, 20222223]  34.30  34.22  5,609.61  5,596.75  55m53s   56m1s  -0.22%  -0.22%   0.22%
(20222223, 20333334]  36.27  36.04  5,879.17  5,841.91   49m8s  49m27s  -0.63%  -0.63%   0.64%
(20333334, 20444445]  38.12  37.97  6,005.74  5,982.51  50m23s  50m35s  -0.39%  -0.39%   0.40%
(20444445, 20555556]  37.63  37.56  5,799.25  5,787.76  47m16s  47m22s  -0.20%  -0.20%   0.20%
(20555556, 20666667]  37.72  37.62  5,697.01  5,681.14  50m42s  50m51s  -0.28%  -0.28%   0.29%
(20666667, 20777778]  39.61  39.52  6,233.13  6,219.15  44m53s  44m59s  -0.22%  -0.22%   0.23%
(20777778, 20888889]  41.05  40.85  6,585.72  6,552.46  46m43s  46m57s  -0.50%  -0.50%   0.51%
(20888889, 21000001]  40.93  40.69  6,747.31  6,708.42  46m45s   47m2s  -0.58%  -0.58%   0.58%

blocks: 991808, baseline: 7h31m18s, contender: 7h32m40s
Time (total): 1m21s, 0.30%

bpsd = blocks per sec diff (+), tpsd = txs per sec diff, timed = time to process diff (-)
+ = more is better, - = less is better
==========================
