Sep 18 03:37:22 nimbus-eth1-mainnet-short-benchmark[2257038]: >>> starting cloneOrFetchBenchmarksRepo
Sep 18 03:37:23 nimbus-eth1-mainnet-short-benchmark[2257038]: >>> Fetching latest changes for nimbus-eth1-benchmarks...
Sep 18 03:37:24 nimbus-eth1-mainnet-short-benchmark[2257086]: HEAD is now at 9c186d8 chore: update short benchmark Readme
Sep 18 03:37:24 nimbus-eth1-mainnet-short-benchmark[2257038]: <<< ending cloneOrFetchBenchmarksRepo (success)
Sep 18 03:37:24 nimbus-eth1-mainnet-short-benchmark[2257038]: >>> starting cloneOrFetchNimbusRepo
Sep 18 03:37:34 nimbus-eth1-mainnet-short-benchmark[2257038]: >>> Fetching latest changes for nimbus-eth1...
Sep 18 03:37:35 nimbus-eth1-mainnet-short-benchmark[2257432]: From https://github.com/status-im/nimbus-eth1
Sep 18 03:37:35 nimbus-eth1-mainnet-short-benchmark[2257432]:    479bfcee2..84f3d3089  master                  -> origin/master
Sep 18 03:37:35 nimbus-eth1-mainnet-short-benchmark[2257432]:    0caddc9a1..8d135c93d  fix-inbound-connections -> origin/fix-inbound-connections
Sep 18 03:37:35 nimbus-eth1-mainnet-short-benchmark[2257432]:  * [new branch]          increase-bal-retention-window -> origin/increase-bal-retention-window
Sep 18 03:37:35 nimbus-eth1-mainnet-short-benchmark[2257443]: HEAD is now at 84f3d3089 Fix crash in optimistic state prefetch (#4812)
Sep 18 03:37:35 nimbus-eth1-mainnet-short-benchmark[2257038]: >>> Found last benchmarked commit: 479bfcee
Sep 18 03:37:35 nimbus-eth1-mainnet-short-benchmark[2257038]: >>> Using next commit: 84f3d308912173cff8a155c40194be381d70579e
Sep 18 03:37:35 nimbus-eth1-mainnet-short-benchmark[2257459]: HEAD is now at 84f3d3089 Fix crash in optimistic state prefetch (#4812)
Sep 18 03:37:35 nimbus-eth1-mainnet-short-benchmark[2257038]: >>> Current commit: 84f3d3089
Sep 18 03:37:35 nimbus-eth1-mainnet-short-benchmark[2257038]: <<< ending cloneOrFetchNimbusRepo (success)
Sep 18 03:37:35 nimbus-eth1-mainnet-short-benchmark[2257038]: >>> starting buildBinaries
Sep 18 03:37:35 nimbus-eth1-mainnet-short-benchmark[2257038]: >>> Building binaries for commit 84f3d308...
Sep 18 03:37:43 nimbus-eth1-mainnet-short-benchmark[2262977]: Building: Nim compiler
Sep 18 03:40:44 nimbus-eth1-mainnet-short-benchmark[2262977]: Building custom Nimble commit: 42ef70c2102a942c46f13eb76872326edd525cec
Sep 18 03:40:55 nimbus-eth1-mainnet-short-benchmark[2262977]: Building Nimble...
Sep 18 03:41:05 nimbus-eth1-mainnet-short-benchmark[2262977]: Replacing nimble binary...
Sep 18 03:41:12 nimbus-eth1-mainnet-short-benchmark[2279675]: Building: build/generate_makefile
Sep 18 03:41:12 nimbus-eth1-mainnet-short-benchmark[2279540]: ROCKSDB CACHED VERSION: 11.8.1
Sep 18 03:41:12 nimbus-eth1-mainnet-short-benchmark[2279941]: RocksDb static libraries already built. Skipping build.
Sep 18 03:41:13 nimbus-eth1-mainnet-short-benchmark[2279675]: Build completed successfully: build/generate_makefile
Sep 18 03:41:13 nimbus-eth1-mainnet-short-benchmark[2279995]: Building: build/nimbus_execution_client
Sep 18 03:43:36 nimbus-eth1-mainnet-short-benchmark[2279995]: Build completed successfully: build/nimbus_execution_client
Sep 18 03:43:36 nimbus-eth1-mainnet-short-benchmark[2257038]: >>> renaming binaries to match commit they were built from
Sep 18 03:43:36 nimbus-eth1-mainnet-short-benchmark[2257038]: >>> creating a symbolic link to the latest version
Sep 18 03:43:36 nimbus-eth1-mainnet-short-benchmark[2257038]: >>> deleting copies that are older than N days
Sep 18 03:43:36 nimbus-eth1-mainnet-short-benchmark[2257038]: <<< ending buildBinaries (success)
Sep 18 03:43:36 nimbus-eth1-mainnet-short-benchmark[2257038]: >>> starting skipOrContinueBenchmark
Sep 18 03:43:36 nimbus-eth1-mainnet-short-benchmark[2257038]: <<< ending skipOrContinueBenchmark (success)
Sep 18 03:43:36 nimbus-eth1-mainnet-short-benchmark[2257038]: >>> starting copyTemplateDatabase
Sep 18 03:43:36 nimbus-eth1-mainnet-short-benchmark[2257038]: >>> Copying template db into nimbus data directory
Sep 18 03:46:44 nimbus-eth1-mainnet-short-benchmark[2257038]: >>> Template db copied
Sep 18 03:46:44 nimbus-eth1-mainnet-short-benchmark[2257038]: >>> making nimbus the owner of the copied files
Sep 18 03:46:44 nimbus-eth1-mainnet-short-benchmark[2257038]: <<< ending copyTemplateDatabase (success)
Sep 18 03:46:44 nimbus-eth1-mainnet-short-benchmark[2257038]: >>> starting startNimbusWithImport
Sep 18 03:46:44 nimbus-eth1-mainnet-short-benchmark[2285666]: INF 2026-09-18 03:46:44.555+00:00 Launching execution client                 version=v0.4.1-84f3d308 config="(configFile: none(InputFile), dataDirFlag: some(/data/status-im/nimbus-eth1/data/shared_mainnet_0), era1DirFlag: some(/data/era1), eraDirFlag: some(/data/era), ereDirFlag: none(OutDir), keyStoreDirFlag: none(OutDir), importKey: , trustedSetupFile: none(string), extraData: Nimbus/v0.4.1-84f3d308, gasLimit: none(uint64), maxBlobs: none(byte), network: [mainnet], logLevel: INFO, logFormat: auto, metricsEnabled: false, metricsPort: 9093, metricsAddress: 127.0.0.1, bootstrapNodes: [], elBootstrapNodes: [], bootstrapFile: , elBootstrapFile: , staticPeers: [], staticPeersFile: , reconnectMaxRetry: 0, reconnectInterval: 15, listenAddress: ::, tcpPort: 30303, udpPortFlag: none(Port), maxPeersOpt: none(int), elMaxPeersOpt: none(int), nat: (hasExtIp: false, nat: NatAny), discv5: true, netKey: random, agentString: Nimbus/v0.4.1-84f3d308/linux-amd64/Nim-2.2.12, numThreads: 0, persistBatchSize: 4, dynamicBatchSize: false, rocksdbMaxOpenFiles: 2048, rocksdbWriteBufferSize: 67108864, rocksdbRowCacheSize: 0, rocksdbBlockCacheSize: 2147483648, rocksdbBlockCacheType: hyperclock, rdbVtxCacheSize: 536870912, rdbKeyCacheSize: 1342177280, rdbBranchCacheSize: 1073741824, rdbPrintStats: false, rewriteDatadirId: true, aristoDbMaxSnapshots: 5, parallelStateRootComputation: false, parallelSenderRecovery: true, optimisticStatePrefetch: false, balStatePrefetch: false, balStatePrefetchWorkers: 0, balParallelExecution: false, balPruning: true, eagerStateRootCheck: false, deserializeFcState: true, statelessProvider: false, statelessWitnessValidation: false, cmd: import, maxBlocks: 1000000, chunkSize: 8192, csvStats: some("/data/host-benchmarks/short/dfc282314c1d4835bff0a4067da1d079/blocks-import-benchmark.csv"), validation: false, fullValidation: false, storeBodies: false, storeReceipts: false, storeSlotHashes: false)"
Sep 18 03:46:44 nimbus-eth1-mainnet-short-benchmark[2285666]: WRN 2026-09-18 03:46:44.559+00:00 Data directory has insecure permissions. Correcting them. data_dir=/data/status-im/nimbus-eth1/data/shared_mainnet_0 current_permissions=0755 required_permissions=0700
Sep 18 03:46:46 nimbus-eth1-mainnet-short-benchmark[2285666]: INF 2026-09-18 03:46:46.391+00:00 Taskpool started                           numThreads=16
Sep 18 03:46:46 nimbus-eth1-mainnet-short-benchmark[2285666]: CreateIOUring failed: Invalid argument (errno=22), thread=139655844723968
Sep 18 03:46:46 nimbus-eth1-mainnet-short-benchmark[2285666]: INF 2026-09-18 03:46:46.535+00:00 Database initialized                       base="(0xd24fd73f794058a3807db926d8898c6481e902b7edb91ce0d479d6760f276183, 20000000)" finalized="(0xd24fd73f794058a3807db926d8898c6481e902b7edb91ce0d479d6760f276183, 20000000)" head="(0xd4e56740f876aef8c010b86a40d5f56745a118d0906a34e69aec8c0db1cb8fa3, 0)"
Sep 18 03:46:46 nimbus-eth1-mainnet-short-benchmark[2285666]: NTC 2026-09-18 03:46:46.535+00:00 Could not open ere database, falling back to era1/era import ereDir=/data/status-im/nimbus-eth1/data/shared_mainnet_0/ere networkName=mainnet error="No ere files found in /data/status-im/nimbus-eth1/data/shared_mainnet_0/ere"
Sep 18 03:46:46 nimbus-eth1-mainnet-short-benchmark[2285666]: NTC 2026-09-18 03:46:46.535+00:00 Importing era archive                      blockNumber=20000001 dataDir=/data/status-im/nimbus-eth1/data/shared_mainnet_0 eraDir=/data/era
Sep 18 03:46:48 nimbus-eth1-mainnet-short-benchmark[2285666]: NTC 2026-09-18 03:46:48.815+00:00 Matched block to slot number               blockNumber=20000001 slot=9204783
Sep 18 03:52:51 nimbus-eth1-mainnet-short-benchmark[2285666]: INF 2026-09-18 03:52:51.378+00:00 Imported blocks                            blockNumber=20008193 slot=9213020 blocks=8192 txs=1226966 mgas=124237 bps=22.45 tps=3362 mgps=340.5 avgBps=22.45 avgTps=3362 avgMGps=340.5 elapsed=6m4s843ms
Sep 18 03:58:15 nimbus-eth1-mainnet-short-benchmark[2285666]: INF 2026-09-18 03:58:15.701+00:00 Imported blocks                            blockNumber=20016385 slot=9221256 blocks=16384 txs=2540380 mgas=248071 bps=25.26 tps=4049 mgps=381.8 avgBps=23.77 avgTps=3686 avgMGps=360.0 elapsed=11m29s167ms
Sep 18 04:03:21 nimbus-eth1-mainnet-short-benchmark[2285666]: INF 2026-09-18 04:03:21.437+00:00 Imported blocks                            blockNumber=20024577 slot=9229485 blocks=24576 txs=3869398 mgas=372018 bps=26.79 tps=4346 mgps=405.4 avgBps=24.70 avgTps=3889 avgMGps=373.9 elapsed=16m34s906ms
Sep 18 04:07:59 nimbus-eth1-mainnet-short-benchmark[2285666]: INF 2026-09-18 04:07:59.113+00:00 Imported blocks                            blockNumber=20032769 slot=9237722 blocks=32768 txs=5222766 mgas=495797 bps=29.50 tps=4873 mgps=445.8 avgBps=25.75 avgTps=4104 avgMGps=389.6 elapsed=21m12s580ms
Sep 18 04:12:28 nimbus-eth1-mainnet-short-benchmark[2285666]: INF 2026-09-18 04:12:28.045+00:00 Imported blocks                            blockNumber=20040961 slot=9245957 blocks=40960 txs=6566802 mgas=619586 bps=30.46 tps=4997 mgps=460.3 avgBps=26.57 avgTps=4259 avgMGps=401.9 elapsed=25m41s513ms
Sep 18 04:17:14 nimbus-eth1-mainnet-short-benchmark[2285666]: INF 2026-09-18 04:17:14.905+00:00 Imported blocks                            blockNumber=20049153 slot=9254196 blocks=49152 txs=7904746 mgas=743522 bps=28.56 tps=4664 mgps=432.0 avgBps=26.88 avgTps=4323 avgMGps=406.7 elapsed=30m28s372ms
Sep 18 04:21:48 nimbus-eth1-mainnet-short-benchmark[2285666]: INF 2026-09-18 04:21:48.585+00:00 Imported blocks                            blockNumber=20057345 slot=9262435 blocks=57344 txs=9212009 mgas=867360 bps=29.93 tps=4776 mgps=452.5 avgBps=27.28 avgTps=4382 avgMGps=412.6 elapsed=35m2s52ms
Sep 18 04:26:03 nimbus-eth1-mainnet-short-benchmark[2285666]: INF 2026-09-18 04:26:03.258+00:00 Imported blocks                            blockNumber=20065537 slot=9270674 blocks=65536 txs=10559018 mgas=991371 bps=32.17 tps=5289 mgps=486.9 avgBps=27.81 avgTps=4480 avgMGps=420.7 elapsed=39m16s722ms
Sep 18 04:30:04 nimbus-eth1-mainnet-short-benchmark[2285666]: INF 2026-09-18 04:30:04.358+00:00 Imported blocks                            blockNumber=20073729 slot=9278910 blocks=73728 txs=11898676 mgas=1115111 bps=33.98 tps=5556 mgps=513.2 avgBps=28.38 avgTps=4580 avgMGps=429.2 elapsed=43m17s826ms
Sep 18 04:33:55 nimbus-eth1-mainnet-short-benchmark[2285666]: INF 2026-09-18 04:33:55.287+00:00 Imported blocks                            blockNumber=20081921 slot=9287152 blocks=81920 txs=13323263 mgas=1239150 bps=35.47 tps=6169 mgps=537.1 avgBps=28.96 avgTps=4709 avgMGps=438.1 elapsed=47m8s751ms
Sep 18 04:37:45 nimbus-eth1-mainnet-short-benchmark[2285666]: INF 2026-09-18 04:37:45.708+00:00 Imported blocks                            blockNumber=20090113 slot=9295408 blocks=90112 txs=14697082 mgas=1363113 bps=35.55 tps=5962 mgps=538.0 avgBps=29.46 avgTps=4804 avgMGps=445.6 elapsed=50m59s172ms
Sep 18 04:41:52 nimbus-eth1-mainnet-short-benchmark[2285666]: INF 2026-09-18 04:41:52.812+00:00 Imported blocks                            blockNumber=20098305 slot=9303658 blocks=98304 txs=16025683 mgas=1487146 bps=33.15 tps=5376 mgps=501.9 avgBps=29.73 avgTps=4847 avgMGps=449.8 elapsed=55m6s278ms
Sep 18 04:46:09 nimbus-eth1-mainnet-short-benchmark[2285666]: INF 2026-09-18 04:46:09.896+00:00 Imported blocks                            blockNumber=20106497 slot=9311895 blocks=106496 txs=17337157 mgas=1611066 bps=31.86 tps=5101 mgps=482.0 avgBps=29.89 avgTps=4865 avgMGps=452.1 elapsed=59m23s365ms
Sep 18 04:50:13 nimbus-eth1-mainnet-short-benchmark[2285666]: INF 2026-09-18 04:50:13.293+00:00 Imported blocks                            blockNumber=20114689 slot=9320146 blocks=114688 txs=18632097 mgas=1735123 bps=33.66 tps=5320 mgps=509.7 avgBps=30.13 avgTps=4894 avgMGps=455.8 elapsed=1h3m26s
Sep 18 04:54:03 nimbus-eth1-mainnet-short-benchmark[2285666]: INF 2026-09-18 04:54:03.094+00:00 Imported blocks                            blockNumber=20122881 slot=9328409 blocks=122880 txs=19937418 mgas=1859249 bps=35.65 tps=5680 mgps=540.1 avgBps=30.44 avgTps=4939 avgMGps=460.6 elapsed=1h7m16s
Sep 18 04:57:49 nimbus-eth1-mainnet-short-benchmark[2285666]: INF 2026-09-18 04:57:49.363+00:00 Imported blocks                            blockNumber=20131073 slot=9336660 blocks=131072 txs=21214129 mgas=1983500 bps=36.21 tps=5642 mgps=549.1 avgBps=30.75 avgTps=4976 avgMGps=465.3 elapsed=1h11m2s
Sep 18 05:01:35 nimbus-eth1-mainnet-short-benchmark[2285666]: INF 2026-09-18 05:01:35.055+00:00 Imported blocks                            blockNumber=20139265 slot=9344906 blocks=139264 txs=22579079 mgas=2107571 bps=36.30 tps=6047 mgps=549.7 avgBps=31.03 avgTps=5030 avgMGps=469.5 elapsed=1h14m48s
Sep 18 05:06:04 nimbus-eth1-mainnet-short-benchmark[2285666]: INF 2026-09-18 05:06:04.520+00:00 Imported blocks                            blockNumber=20147457 slot=9353153 blocks=147456 txs=24133322 mgas=2231686 bps=30.40 tps=5767 mgps=460.6 avgBps=30.99 avgTps=5072 avgMGps=469.0 elapsed=1h19m17s
Sep 18 05:10:22 nimbus-eth1-mainnet-short-benchmark[2285666]: INF 2026-09-18 05:10:22.836+00:00 Imported blocks                            blockNumber=20155649 slot=9361407 blocks=155648 txs=25424015 mgas=2356018 bps=31.71 tps=4996 mgps=481.3 avgBps=31.03 avgTps=5068 avgMGps=469.7 elapsed=1h23m36s
Sep 18 05:14:20 nimbus-eth1-mainnet-short-benchmark[2285666]: INF 2026-09-18 05:14:20.949+00:00 Imported blocks                            blockNumber=20163841 slot=9369652 blocks=163840 txs=26749549 mgas=2480207 bps=34.40 tps=5566 mgps=521.5 avgBps=31.18 avgTps=5090 avgMGps=472.0 elapsed=1h27m34s
Sep 18 05:18:15 nimbus-eth1-mainnet-short-benchmark[2285666]: INF 2026-09-18 05:18:15.377+00:00 Imported blocks                            blockNumber=20172033 slot=9377892 blocks=172032 txs=28105316 mgas=2604026 bps=34.94 tps=5783 mgps=528.2 avgBps=31.34 avgTps=5120 avgMGps=474.4 elapsed=1h31m28s
Sep 18 05:22:14 nimbus-eth1-mainnet-short-benchmark[2285666]: INF 2026-09-18 05:22:14.210+00:00 Imported blocks                            blockNumber=20180225 slot=9386128 blocks=180224 txs=29524405 mgas=2728170 bps=34.30 tps=5941 mgps=519.8 avgBps=31.47 avgTps=5154 avgMGps=476.3 elapsed=1h35m27s
Sep 18 05:25:56 nimbus-eth1-mainnet-short-benchmark[2285666]: INF 2026-09-18 05:25:56.303+00:00 Imported blocks                            blockNumber=20188417 slot=9394365 blocks=188416 txs=30849021 mgas=2852023 bps=36.89 tps=5964 mgps=557.7 avgBps=31.67 avgTps=5184 avgMGps=479.4 elapsed=1h39m9s
Sep 18 05:30:01 nimbus-eth1-mainnet-short-benchmark[2285666]: INF 2026-09-18 05:30:01.363+00:00 Imported blocks                            blockNumber=20196609 slot=9402602 blocks=196608 txs=32174755 mgas=2976155 bps=33.43 tps=5409 mgps=506.5 avgBps=31.74 avgTps=5193 avgMGps=480.4 elapsed=1h43m14s
Sep 18 05:34:20 nimbus-eth1-mainnet-short-benchmark[2285666]: INF 2026-09-18 05:34:20.564+00:00 Imported blocks                            blockNumber=20204801 slot=9410840 blocks=204800 txs=33475942 mgas=3100410 bps=31.61 tps=5020 mgps=479.4 avgBps=31.73 avgTps=5186 avgMGps=480.4 elapsed=1h47m34s
Sep 18 05:38:18 nimbus-eth1-mainnet-short-benchmark[2285666]: INF 2026-09-18 05:38:17.996+00:00 Imported blocks                            blockNumber=20212993 slot=9419071 blocks=212992 txs=34798508 mgas=3224370 bps=34.50 tps=5570 mgps=522.1 avgBps=31.83 avgTps=5200 avgMGps=481.9 elapsed=1h51m31s
Sep 18 05:42:11 nimbus-eth1-mainnet-short-benchmark[2285666]: INF 2026-09-18 05:42:11.125+00:00 Imported blocks                            blockNumber=20221185 slot=9427313 blocks=221184 txs=36114045 mgas=3348169 bps=35.14 tps=5642 mgps=531.0 avgBps=31.94 avgTps=5215 avgMGps=483.5 elapsed=1h55m24s
Sep 18 05:45:45 nimbus-eth1-mainnet-short-benchmark[2285666]: INF 2026-09-18 05:45:44.998+00:00 Imported blocks                            blockNumber=20229377 slot=9435549 blocks=229376 txs=37421794 mgas=3472031 bps=38.30 tps=6114 mgps=579.1 avgBps=32.13 avgTps=5242 avgMGps=486.4 elapsed=1h58m58s
Sep 18 05:49:29 nimbus-eth1-mainnet-short-benchmark[2285666]: INF 2026-09-18 05:49:29.363+00:00 Imported blocks                            blockNumber=20237569 slot=9443788 blocks=237568 txs=38842064 mgas=3596351 bps=36.51 tps=6330 mgps=554.1 avgBps=32.27 avgTps=5275 avgMGps=488.4 elapsed=2h2m42s
Sep 18 05:53:29 nimbus-eth1-mainnet-short-benchmark[2285666]: INF 2026-09-18 05:53:29.419+00:00 Imported blocks                            blockNumber=20245761 slot=9452021 blocks=245760 txs=40225739 mgas=3720100 bps=34.13 tps=5763 mgps=515.5 avgBps=32.32 avgTps=5290 avgMGps=489.3 elapsed=2h6m42s
Sep 18 05:57:47 nimbus-eth1-mainnet-short-benchmark[2285666]: INF 2026-09-18 05:57:47.252+00:00 Imported blocks                            blockNumber=20253953 slot=9460253 blocks=253952 txs=41454921 mgas=3844385 bps=31.77 tps=4767 mgps=482.0 avgBps=32.31 avgTps=5273 avgMGps=489.1 elapsed=2h11m714ms
Sep 18 06:01:53 nimbus-eth1-mainnet-short-benchmark[2285666]: INF 2026-09-18 06:01:53.212+00:00 Imported blocks                            blockNumber=20262145 slot=9468495 blocks=262144 txs=42726051 mgas=3968623 bps=33.31 tps=5167 mgps=505.1 avgBps=32.34 avgTps=5270 avgMGps=489.6 elapsed=2h15m6s
Sep 18 06:05:44 nimbus-eth1-mainnet-short-benchmark[2285666]: INF 2026-09-18 06:05:44.049+00:00 Imported blocks                            blockNumber=20270337 slot=9476748 blocks=270336 txs=44050436 mgas=4092682 bps=35.49 tps=5737 mgps=537.4 avgBps=32.42 avgTps=5283 avgMGps=490.9 elapsed=2h18m57s
Sep 18 06:09:18 nimbus-eth1-mainnet-short-benchmark[2285666]: INF 2026-09-18 06:09:18.166+00:00 Imported blocks                            blockNumber=20278529 slot=9484981 blocks=278528 txs=45382368 mgas=4216487 bps=38.26 tps=6220 mgps=578.2 avgBps=32.57 avgTps=5306 avgMGps=493.1 elapsed=2h22m31s
Sep 18 06:12:58 nimbus-eth1-mainnet-short-benchmark[2285666]: INF 2026-09-18 06:12:58.007+00:00 Imported blocks                            blockNumber=20286721 slot=9493213 blocks=286720 txs=46733429 mgas=4340363 bps=37.26 tps=6145 mgps=563.5 avgBps=32.69 avgTps=5327 avgMGps=494.8 elapsed=2h26m11s
Sep 18 06:16:56 nimbus-eth1-mainnet-short-benchmark[2285666]: INF 2026-09-18 06:16:56.467+00:00 Imported blocks                            blockNumber=20294913 slot=9501453 blocks=294912 txs=48075887 mgas=4464376 bps=34.35 tps=5629 mgps=520.1 avgBps=32.73 avgTps=5335 avgMGps=495.5 elapsed=2h30m9s
Sep 18 06:20:50 nimbus-eth1-mainnet-short-benchmark[2285666]: INF 2026-09-18 06:20:50.196+00:00 Imported blocks                            blockNumber=20303105 slot=9509696 blocks=303104 txs=49379538 mgas=4588534 bps=35.05 tps=5577 mgps=531.2 avgBps=32.79 avgTps=5341 avgMGps=496.4 elapsed=2h34m3s
Sep 18 06:24:39 nimbus-eth1-mainnet-short-benchmark[2285666]: INF 2026-09-18 06:24:39.113+00:00 Imported blocks                            blockNumber=20311297 slot=9517922 blocks=311296 txs=50637672 mgas=4712596 bps=35.79 tps=5495 mgps=541.9 avgBps=32.86 avgTps=5345 avgMGps=497.5 elapsed=2h37m52s
Sep 18 06:28:18 nimbus-eth1-mainnet-short-benchmark[2285666]: INF 2026-09-18 06:28:18.426+00:00 Imported blocks                            blockNumber=20319489 slot=9526159 blocks=319488 txs=51981692 mgas=4836521 bps=37.35 tps=6128 mgps=565.1 avgBps=32.96 avgTps=5363 avgMGps=499.0 elapsed=2h41m31s
Sep 18 06:31:38 nimbus-eth1-mainnet-short-benchmark[2285666]: INF 2026-09-18 06:31:38.623+00:00 Imported blocks                            blockNumber=20327681 slot=9534381 blocks=327680 txs=53356123 mgas=4960245 bps=40.92 tps=6865 mgps=618.0 avgBps=33.13 avgTps=5393 avgMGps=501.4 elapsed=2h44m52s
Sep 18 06:34:57 nimbus-eth1-mainnet-short-benchmark[2285666]: INF 2026-09-18 06:34:57.160+00:00 Imported blocks                            blockNumber=20335873 slot=9542617 blocks=335872 txs=54719105 mgas=5084025 bps=41.26 tps=6865 mgps=623.5 avgBps=33.29 avgTps=5422 avgMGps=503.8 elapsed=2h48m10s
Sep 18 06:38:36 nimbus-eth1-mainnet-short-benchmark[2285666]: INF 2026-09-18 06:38:36.333+00:00 Imported blocks                            blockNumber=20344065 slot=9550841 blocks=344064 txs=56021853 mgas=5207843 bps=37.38 tps=5943 mgps=564.9 avgBps=33.37 avgTps=5433 avgMGps=505.1 elapsed=2h51m49s
Sep 18 06:42:46 nimbus-eth1-mainnet-short-benchmark[2285666]: INF 2026-09-18 06:42:46.777+00:00 Imported blocks                            blockNumber=20352257 slot=9559072 blocks=352256 txs=57290408 mgas=5332016 bps=32.71 tps=5065 mgps=495.8 avgBps=33.36 avgTps=5425 avgMGps=504.9 elapsed=2h56m245ms
Sep 18 06:46:33 nimbus-eth1-mainnet-short-benchmark[2285666]: INF 2026-09-18 06:46:33.498+00:00 Imported blocks                            blockNumber=20360449 slot=9567308 blocks=360448 txs=58543463 mgas=5456201 bps=36.13 tps=5526 mgps=547.7 avgBps=33.42 avgTps=5427 avgMGps=505.8 elapsed=2h59m46s
Sep 18 06:50:12 nimbus-eth1-mainnet-short-benchmark[2285666]: INF 2026-09-18 06:50:12.351+00:00 Imported blocks                            blockNumber=20368641 slot=9575548 blocks=368640 txs=59874056 mgas=5580204 bps=37.43 tps=6079 mgps=566.6 avgBps=33.50 avgTps=5440 avgMGps=507.0 elapsed=3h3m25s
Sep 18 06:54:01 nimbus-eth1-mainnet-short-benchmark[2285666]: INF 2026-09-18 06:54:01.648+00:00 Imported blocks                            blockNumber=20376833 slot=9583774 blocks=376832 txs=61167066 mgas=5704396 bps=35.73 tps=5639 mgps=541.6 avgBps=33.54 avgTps=5444 avgMGps=507.7 elapsed=3h7m15s
Sep 18 06:57:45 nimbus-eth1-mainnet-short-benchmark[2285666]: INF 2026-09-18 06:57:45.685+00:00 Imported blocks                            blockNumber=20385025 slot=9592009 blocks=385024 txs=62480333 mgas=5828235 bps=36.56 tps=5861 mgps=552.8 avgBps=33.60 avgTps=5452 avgMGps=508.6 elapsed=3h10m59s
Sep 18 07:01:27 nimbus-eth1-mainnet-short-benchmark[2285666]: INF 2026-09-18 07:01:27.262+00:00 Imported blocks                            blockNumber=20393217 slot=9600248 blocks=393216 txs=63800597 mgas=5952136 bps=36.97 tps=5958 mgps=559.2 avgBps=33.66 avgTps=5462 avgMGps=509.6 elapsed=3h14m40s
Sep 18 07:04:59 nimbus-eth1-mainnet-short-benchmark[2285666]: INF 2026-09-18 07:04:59.327+00:00 Imported blocks                            blockNumber=20401409 slot=9608486 blocks=401408 txs=65021243 mgas=6076384 bps=38.63 tps=5756 mgps=585.9 avgBps=33.75 avgTps=5467 avgMGps=510.9 elapsed=3h18m12s
Sep 18 07:08:45 nimbus-eth1-mainnet-short-benchmark[2285666]: INF 2026-09-18 07:08:45.691+00:00 Imported blocks                            blockNumber=20409601 slot=9616707 blocks=409600 txs=66199016 mgas=6200666 bps=36.19 tps=5202 mgps=549.0 avgBps=33.80 avgTps=5462 avgMGps=511.6 elapsed=3h21m59s
Sep 18 07:12:24 nimbus-eth1-mainnet-short-benchmark[2285666]: INF 2026-09-18 07:12:24.864+00:00 Imported blocks                            blockNumber=20417793 slot=9624941 blocks=417792 txs=67453930 mgas=6324823 bps=37.38 tps=5725 mgps=566.5 avgBps=33.86 avgTps=5467 avgMGps=512.6 elapsed=3h25m38s
Sep 18 07:15:38 nimbus-eth1-mainnet-short-benchmark[2285666]: INF 2026-09-18 07:15:38.381+00:00 Imported blocks                            blockNumber=20425985 slot=9633187 blocks=425984 txs=68814904 mgas=6448778 bps=42.33 tps=7032 mgps=640.5 avgBps=33.99 avgTps=5491 avgMGps=514.6 elapsed=3h28m51s
Sep 18 07:18:51 nimbus-eth1-mainnet-short-benchmark[2285666]: INF 2026-09-18 07:18:51.075+00:00 Imported blocks                            blockNumber=20434177 slot=9641422 blocks=434176 txs=70124508 mgas=6572711 bps=42.51 tps=6796 mgps=643.2 avgBps=34.12 avgTps=5510 avgMGps=516.5 elapsed=3h32m4s
Sep 18 07:22:14 nimbus-eth1-mainnet-short-benchmark[2285666]: INF 2026-09-18 07:22:14.072+00:00 Imported blocks                            blockNumber=20442369 slot=9649657 blocks=442368 txs=71403576 mgas=6696451 bps=40.36 tps=6300 mgps=609.6 avgBps=34.22 avgTps=5523 avgMGps=518.0 elapsed=3h35m27s
Sep 18 07:25:55 nimbus-eth1-mainnet-short-benchmark[2285666]: INF 2026-09-18 07:25:55.289+00:00 Imported blocks                            blockNumber=20450561 slot=9657896 blocks=450560 txs=72659905 mgas=6820521 bps=37.03 tps=5679 mgps=560.8 avgBps=34.27 avgTps=5525 avgMGps=518.7 elapsed=3h39m8s
Sep 18 07:29:57 nimbus-eth1-mainnet-short-benchmark[2285666]: INF 2026-09-18 07:29:57.297+00:00 Imported blocks                            blockNumber=20458753 slot=9666114 blocks=458752 txs=73838533 mgas=6945116 bps=33.85 tps=4870 mgps=514.8 avgBps=34.26 avgTps=5514 avgMGps=518.6 elapsed=3h43m10s
Sep 18 07:33:36 nimbus-eth1-mainnet-short-benchmark[2285666]: INF 2026-09-18 07:33:36.986+00:00 Imported blocks                            blockNumber=20466945 slot=9674343 blocks=466944 txs=75124748 mgas=7068943 bps=37.29 tps=5854 mgps=563.7 avgBps=34.31 avgTps=5519 avgMGps=519.4 elapsed=3h46m50s
Sep 18 07:37:14 nimbus-eth1-mainnet-short-benchmark[2285666]: INF 2026-09-18 07:37:14.283+00:00 Imported blocks                            blockNumber=20475137 slot=9682575 blocks=475136 txs=76420106 mgas=7192870 bps=37.70 tps=5961 mgps=570.3 avgBps=34.36 avgTps=5526 avgMGps=520.2 elapsed=3h50m27s
Sep 18 07:40:41 nimbus-eth1-mainnet-short-benchmark[2285666]: INF 2026-09-18 07:40:41.472+00:00 Imported blocks                            blockNumber=20483329 slot=9690800 blocks=483328 txs=77675422 mgas=7316939 bps=39.54 tps=6058 mgps=598.8 avgBps=34.44 avgTps=5534 avgMGps=521.3 elapsed=3h53m54s
Sep 18 07:44:06 nimbus-eth1-mainnet-short-benchmark[2285666]: INF 2026-09-18 07:44:06.369+00:00 Imported blocks                            blockNumber=20491521 slot=9699019 blocks=491520 txs=78951232 mgas=7440784 bps=39.98 tps=6226 mgps=604.4 avgBps=34.52 avgTps=5544 avgMGps=522.5 elapsed=3h57m19s
Sep 18 07:47:49 nimbus-eth1-mainnet-short-benchmark[2285666]: INF 2026-09-18 07:47:49.858+00:00 Imported blocks                            blockNumber=20499713 slot=9707248 blocks=499712 txs=80189642 mgas=7564669 bps=36.66 tps=5541 mgps=554.3 avgBps=34.55 avgTps=5544 avgMGps=523.0 elapsed=4h1m3s
Sep 18 07:51:36 nimbus-eth1-mainnet-short-benchmark[2285666]: INF 2026-09-18 07:51:36.007+00:00 Imported blocks                            blockNumber=20507905 slot=9715488 blocks=507904 txs=81317763 mgas=7689208 bps=36.22 tps=4988 mgps=550.7 avgBps=34.58 avgTps=5535 avgMGps=523.5 elapsed=4h4m49s
Sep 18 07:54:55 nimbus-eth1-mainnet-short-benchmark[2285666]: INF 2026-09-18 07:54:55.144+00:00 Imported blocks                            blockNumber=20516097 slot=9723715 blocks=516096 txs=82520262 mgas=7813209 bps=41.14 tps=6038 mgps=622.7 avgBps=34.66 avgTps=5542 avgMGps=524.8 elapsed=4h8m8s
Sep 18 07:58:28 nimbus-eth1-mainnet-short-benchmark[2285666]: INF 2026-09-18 07:58:28.029+00:00 Imported blocks                            blockNumber=20524289 slot=9731945 blocks=524288 txs=83780075 mgas=7937233 bps=38.48 tps=5917 mgps=582.6 avgBps=34.72 avgTps=5547 avgMGps=525.6 elapsed=4h11m41s
Sep 18 08:02:05 nimbus-eth1-mainnet-short-benchmark[2285666]: INF 2026-09-18 08:02:05.010+00:00 Imported blocks                            blockNumber=20532481 slot=9740183 blocks=532480 txs=85263862 mgas=8061024 bps=37.75 tps=6838 mgps=570.5 avgBps=34.76 avgTps=5566 avgMGps=526.2 elapsed=4h15m18s
Sep 18 08:05:47 nimbus-eth1-mainnet-short-benchmark[2285666]: INF 2026-09-18 08:05:47.647+00:00 Imported blocks                            blockNumber=20540673 slot=9748418 blocks=540672 txs=86612143 mgas=8185090 bps=36.80 tps=6055 mgps=557.3 avgBps=34.79 avgTps=5573 avgMGps=526.7 elapsed=4h19m1s
Sep 18 08:09:36 nimbus-eth1-mainnet-short-benchmark[2285666]: INF 2026-09-18 08:09:36.223+00:00 Imported blocks                            blockNumber=20548865 slot=9756662 blocks=548864 txs=87802991 mgas=8309513 bps=35.84 tps=5209 mgps=544.3 avgBps=34.81 avgTps=5567 avgMGps=526.9 elapsed=4h22m49s
Sep 18 08:13:22 nimbus-eth1-mainnet-short-benchmark[2285666]: INF 2026-09-18 08:13:22.176+00:00 Imported blocks                            blockNumber=20557057 slot=9764892 blocks=557056 txs=88964987 mgas=8433956 bps=36.26 tps=5142 mgps=550.7 avgBps=34.83 avgTps=5561 avgMGps=527.3 elapsed=4h26m35s
Sep 18 08:16:57 nimbus-eth1-mainnet-short-benchmark[2285666]: INF 2026-09-18 08:16:57.749+00:00 Imported blocks                            blockNumber=20565249 slot=9773131 blocks=565248 txs=90186094 mgas=8558113 bps=38.00 tps=5664 mgps=575.9 avgBps=34.87 avgTps=5563 avgMGps=527.9 elapsed=4h30m11s
Sep 18 08:20:35 nimbus-eth1-mainnet-short-benchmark[2285666]: INF 2026-09-18 08:20:35.382+00:00 Imported blocks                            blockNumber=20573441 slot=9781369 blocks=573440 txs=91404654 mgas=8682228 bps=37.64 tps=5599 mgps=570.3 avgBps=34.90 avgTps=5563 avgMGps=528.5 elapsed=4h33m48s
Sep 18 08:24:07 nimbus-eth1-mainnet-short-benchmark[2285666]: INF 2026-09-18 08:24:07.535+00:00 Imported blocks                            blockNumber=20581633 slot=9789611 blocks=581632 txs=92628389 mgas=8806651 bps=38.61 tps=5768 mgps=586.5 avgBps=34.95 avgTps=5566 avgMGps=529.2 elapsed=4h37m20s
Sep 18 08:27:47 nimbus-eth1-mainnet-short-benchmark[2285666]: INF 2026-09-18 08:27:47.260+00:00 Imported blocks                            blockNumber=20589825 slot=9797855 blocks=589824 txs=93887208 mgas=8931023 bps=37.28 tps=5729 mgps=566.0 avgBps=34.98 avgTps=5568 avgMGps=529.7 elapsed=4h41m725ms
Sep 18 08:31:30 nimbus-eth1-mainnet-short-benchmark[2285666]: INF 2026-09-18 08:31:30.745+00:00 Imported blocks                            blockNumber=20598017 slot=9806095 blocks=598016 txs=95163338 mgas=9055310 bps=36.66 tps=5710 mgps=556.1 avgBps=35.00 avgTps=5570 avgMGps=530.0 elapsed=4h44m44s
Sep 18 08:35:14 nimbus-eth1-mainnet-short-benchmark[2285666]: INF 2026-09-18 08:35:14.473+00:00 Imported blocks                            blockNumber=20606209 slot=9814347 blocks=606208 txs=96334664 mgas=9179976 bps=36.62 tps=5235 mgps=557.2 avgBps=35.02 avgTps=5565 avgMGps=530.4 elapsed=4h48m27s
Sep 18 08:38:50 nimbus-eth1-mainnet-short-benchmark[2285666]: INF 2026-09-18 08:38:50.130+00:00 Imported blocks                            blockNumber=20614401 slot=9822581 blocks=614400 txs=97573414 mgas=9304574 bps=37.99 tps=5744 mgps=577.8 avgBps=35.06 avgTps=5568 avgMGps=531.0 elapsed=4h52m3s
Sep 18 08:42:26 nimbus-eth1-mainnet-short-benchmark[2285666]: INF 2026-09-18 08:42:26.247+00:00 Imported blocks                            blockNumber=20622593 slot=9830821 blocks=622592 txs=98874772 mgas=9428835 bps=37.91 tps=6021 mgps=575.0 avgBps=35.10 avgTps=5573 avgMGps=531.5 elapsed=4h55m39s
Sep 18 08:45:54 nimbus-eth1-mainnet-short-benchmark[2285666]: INF 2026-09-18 08:45:54.648+00:00 Imported blocks                            blockNumber=20630785 slot=9839058 blocks=630784 txs=100178707 mgas=9553009 bps=39.31 tps=6256 mgps=595.8 avgBps=35.14 avgTps=5581 avgMGps=532.3 elapsed=4h59m8s
Sep 18 08:49:31 nimbus-eth1-mainnet-short-benchmark[2285666]: INF 2026-09-18 08:49:31.565+00:00 Imported blocks                            blockNumber=20638977 slot=9847313 blocks=638976 txs=101489116 mgas=9677171 bps=37.77 tps=6041 mgps=572.4 avgBps=35.18 avgTps=5587 avgMGps=532.7 elapsed=5h2m45s
Sep 18 08:53:05 nimbus-eth1-mainnet-short-benchmark[2285666]: INF 2026-09-18 08:53:05.950+00:00 Imported blocks                            blockNumber=20647169 slot=9855549 blocks=647168 txs=102730058 mgas=9801643 bps=38.21 tps=5788 mgps=580.6 avgBps=35.21 avgTps=5589 avgMGps=533.3 elapsed=5h6m19s
Sep 18 08:56:55 nimbus-eth1-mainnet-short-benchmark[2285666]: INF 2026-09-18 08:56:55.699+00:00 Imported blocks                            blockNumber=20655361 slot=9863778 blocks=655360 txs=103868002 mgas=9926541 bps=35.66 tps=4952 mgps=543.6 avgBps=35.22 avgTps=5581 avgMGps=533.4 elapsed=5h10m9s
Sep 18 09:00:27 nimbus-eth1-mainnet-short-benchmark[2285666]: INF 2026-09-18 09:00:27.228+00:00 Imported blocks                            blockNumber=20663553 slot=9872013 blocks=663552 txs=105112198 mgas=10051274 bps=38.73 tps=5881 mgps=589.7 avgBps=35.26 avgTps=5584 avgMGps=534.1 elapsed=5h13m40s
Sep 18 09:03:48 nimbus-eth1-mainnet-short-benchmark[2285666]: INF 2026-09-18 09:03:48.417+00:00 Imported blocks                            blockNumber=20671745 slot=9880241 blocks=671744 txs=106395904 mgas=10175177 bps=40.72 tps=6380 mgps=615.8 avgBps=35.31 avgTps=5593 avgMGps=534.9 elapsed=5h17m1s
Sep 18 09:07:14 nimbus-eth1-mainnet-short-benchmark[2285666]: INF 2026-09-18 09:07:14.802+00:00 Imported blocks                            blockNumber=20679937 slot=9888471 blocks=679936 txs=107674271 mgas=10299404 bps=39.69 tps=6194 mgps=601.9 avgBps=35.36 avgTps=5599 avgMGps=535.6 elapsed=5h20m28s
Sep 18 09:10:30 nimbus-eth1-mainnet-short-benchmark[2285666]: INF 2026-09-18 09:10:30.359+00:00 Imported blocks                            blockNumber=20688129 slot=9896698 blocks=688128 txs=108938536 mgas=10423298 bps=41.89 tps=6465 mgps=633.6 avgBps=35.43 avgTps=5608 avgMGps=536.6 elapsed=5h23m43s
Sep 18 09:13:59 nimbus-eth1-mainnet-short-benchmark[2285666]: INF 2026-09-18 09:13:59.260+00:00 Imported blocks                            blockNumber=20696321 slot=9904930 blocks=696320 txs=110235786 mgas=10547469 bps=39.21 tps=6209 mgps=594.4 avgBps=35.47 avgTps=5614 avgMGps=537.2 elapsed=5h27m12s
Sep 18 09:17:46 nimbus-eth1-mainnet-short-benchmark[2285666]: INF 2026-09-18 09:17:46.329+00:00 Imported blocks                            blockNumber=20704513 slot=9913154 blocks=704512 txs=111483759 mgas=10671677 bps=36.08 tps=5496 mgps=547.0 avgBps=35.47 avgTps=5613 avgMGps=537.4 elapsed=5h30m59s
Sep 18 09:21:19 nimbus-eth1-mainnet-short-benchmark[2285666]: INF 2026-09-18 09:21:19.250+00:00 Imported blocks                            blockNumber=20712705 slot=9921388 blocks=712704 txs=112764170 mgas=10795980 bps=38.47 tps=6013 mgps=583.8 avgBps=35.51 avgTps=5617 avgMGps=537.8 elapsed=5h34m32s
Sep 18 09:24:38 nimbus-eth1-mainnet-short-benchmark[2285666]: INF 2026-09-18 09:24:38.779+00:00 Imported blocks                            blockNumber=20720897 slot=9929633 blocks=720896 txs=114110517 mgas=10919926 bps=41.06 tps=6747 mgps=621.2 avgBps=35.56 avgTps=5628 avgMGps=538.7 elapsed=5h37m52s
Sep 18 09:28:05 nimbus-eth1-mainnet-short-benchmark[2285666]: INF 2026-09-18 09:28:05.208+00:00 Imported blocks                            blockNumber=20729089 slot=9937869 blocks=729088 txs=115449431 mgas=11043768 bps=39.68 tps=6486 mgps=599.9 avgBps=35.60 avgTps=5637 avgMGps=539.3 elapsed=5h41m18s
Sep 18 09:31:23 nimbus-eth1-mainnet-short-benchmark[2285666]: INF 2026-09-18 09:31:23.362+00:00 Imported blocks                            blockNumber=20737281 slot=9946108 blocks=737280 txs=116784468 mgas=11167784 bps=41.34 tps=6737 mgps=625.9 avgBps=35.66 avgTps=5648 avgMGps=540.1 elapsed=5h44m36s
Sep 18 09:34:51 nimbus-eth1-mainnet-short-benchmark[2285666]: INF 2026-09-18 09:34:51.579+00:00 Imported blocks                            blockNumber=20745473 slot=9954342 blocks=745472 txs=118101003 mgas=11291742 bps=39.34 tps=6322 mgps=595.3 avgBps=35.69 avgTps=5654 avgMGps=540.7 elapsed=5h48m5s
Sep 18 09:38:35 nimbus-eth1-mainnet-short-benchmark[2285666]: INF 2026-09-18 09:38:35.808+00:00 Imported blocks                            blockNumber=20753665 slot=9962581 blocks=753664 txs=119337525 mgas=11415859 bps=36.53 tps=5514 mgps=553.5 avgBps=35.70 avgTps=5653 avgMGps=540.8 elapsed=5h51m49s
Sep 18 09:42:07 nimbus-eth1-mainnet-short-benchmark[2285666]: INF 2026-09-18 09:42:07.265+00:00 Imported blocks                            blockNumber=20761857 slot=9970803 blocks=761856 txs=120564314 mgas=11540225 bps=38.74 tps=5801 mgps=588.1 avgBps=35.73 avgTps=5654 avgMGps=541.3 elapsed=5h55m20s
Sep 18 09:45:26 nimbus-eth1-mainnet-short-benchmark[2285666]: INF 2026-09-18 09:45:26.926+00:00 Imported blocks                            blockNumber=20770049 slot=9979058 blocks=770048 txs=121858083 mgas=11663918 bps=41.03 tps=6479 mgps=619.5 avgBps=35.78 avgTps=5662 avgMGps=542.0 elapsed=5h58m40s
Sep 18 09:48:37 nimbus-eth1-mainnet-short-benchmark[2285666]: INF 2026-09-18 09:48:37.127+00:00 Imported blocks                            blockNumber=20778241 slot=9987307 blocks=778240 txs=123161734 mgas=11787906 bps=43.07 tps=6854 mgps=651.9 avgBps=35.85 avgTps=5672 avgMGps=543.0 elapsed=6h1m50s
Sep 18 09:51:42 nimbus-eth1-mainnet-short-benchmark[2285666]: INF 2026-09-18 09:51:42.144+00:00 Imported blocks                            blockNumber=20786433 slot=9995542 blocks=786432 txs=124509456 mgas=11911612 bps=44.28 tps=7284 mgps=668.6 avgBps=35.92 avgTps=5686 avgMGps=544.0 elapsed=6h4m55s
Sep 18 09:54:53 nimbus-eth1-mainnet-short-benchmark[2285666]: INF 2026-09-18 09:54:53.210+00:00 Imported blocks                            blockNumber=20794625 slot=10003781 blocks=794624 txs=125848921 mgas=12035338 bps=42.88 tps=7010 mgps=647.6 avgBps=35.98 avgTps=5697 avgMGps=544.9 elapsed=6h8m6s
Sep 18 09:58:09 nimbus-eth1-mainnet-short-benchmark[2285666]: INF 2026-09-18 09:58:09.791+00:00 Imported blocks                            blockNumber=20802817 slot=10012028 blocks=802816 txs=127089868 mgas=12158989 bps=41.67 tps=6312 mgps=629.0 avgBps=36.03 avgTps=5703 avgMGps=545.7 elapsed=6h11m23s
Sep 18 10:01:34 nimbus-eth1-mainnet-short-benchmark[2285666]: INF 2026-09-18 10:01:34.396+00:00 Imported blocks                            blockNumber=20811009 slot=10020249 blocks=811008 txs=128299762 mgas=12282850 bps=40.04 tps=5913 mgps=605.4 avgBps=36.06 avgTps=5705 avgMGps=546.2 elapsed=6h14m47s
Sep 18 10:04:45 nimbus-eth1-mainnet-short-benchmark[2285666]: INF 2026-09-18 10:04:45.417+00:00 Imported blocks                            blockNumber=20819201 slot=10028481 blocks=819200 txs=129596319 mgas=12406594 bps=42.88 tps=6787 mgps=647.8 avgBps=36.12 avgTps=5714 avgMGps=547.1 elapsed=6h17m58s
Sep 18 10:07:56 nimbus-eth1-mainnet-short-benchmark[2285666]: INF 2026-09-18 10:07:56.079+00:00 Imported blocks                            blockNumber=20827393 slot=10036710 blocks=827392 txs=130916729 mgas=12530249 bps=42.97 tps=6925 mgps=648.6 avgBps=36.18 avgTps=5724 avgMGps=547.9 elapsed=6h21m9s
Sep 18 10:11:07 nimbus-eth1-mainnet-short-benchmark[2285666]: INF 2026-09-18 10:11:07.300+00:00 Imported blocks                            blockNumber=20835585 slot=10044938 blocks=835584 txs=132226625 mgas=12654070 bps=42.84 tps=6850 mgps=647.5 avgBps=36.23 avgTps=5733 avgMGps=548.7 elapsed=6h24m20s
Sep 18 10:14:30 nimbus-eth1-mainnet-short-benchmark[2285666]: INF 2026-09-18 10:14:30.049+00:00 Imported blocks                            blockNumber=20843777 slot=10053164 blocks=843776 txs=133604192 mgas=12777730 bps=40.40 tps=6794 mgps=609.9 avgBps=36.27 avgTps=5743 avgMGps=549.3 elapsed=6h27m43s
Sep 18 10:18:17 nimbus-eth1-mainnet-short-benchmark[2285666]: INF 2026-09-18 10:18:17.102+00:00 Imported blocks                            blockNumber=20851969 slot=10061391 blocks=851968 txs=134900706 mgas=12901664 bps=36.08 tps=5710 mgps=545.8 avgBps=36.27 avgTps=5742 avgMGps=549.2 elapsed=6h31m30s
Sep 18 10:21:54 nimbus-eth1-mainnet-short-benchmark[2285666]: INF 2026-09-18 10:21:54.955+00:00 Imported blocks                            blockNumber=20860161 slot=10069622 blocks=860160 txs=136168750 mgas=13025603 bps=37.60 tps=5820 mgps=568.9 avgBps=36.28 avgTps=5743 avgMGps=549.4 elapsed=6h35m8s
Sep 18 10:25:27 nimbus-eth1-mainnet-short-benchmark[2285666]: INF 2026-09-18 10:25:27.600+00:00 Imported blocks                            blockNumber=20868353 slot=10077838 blocks=868352 txs=137550724 mgas=13149742 bps=38.52 tps=6498 mgps=583.8 avgBps=36.30 avgTps=5750 avgMGps=549.7 elapsed=6h38m41s
Sep 18 10:28:59 nimbus-eth1-mainnet-short-benchmark[2285666]: INF 2026-09-18 10:28:59.457+00:00 Imported blocks                            blockNumber=20876545 slot=10086066 blocks=876544 txs=138954673 mgas=13273457 bps=38.67 tps=6626 mgps=584.0 avgBps=36.32 avgTps=5757 avgMGps=550.0 elapsed=6h42m12s
Sep 18 10:32:24 nimbus-eth1-mainnet-short-benchmark[2285666]: INF 2026-09-18 10:32:24.566+00:00 Imported blocks                            blockNumber=20884737 slot=10094286 blocks=884736 txs=140256178 mgas=13397479 bps=39.94 tps=6345 mgps=604.7 avgBps=36.35 avgTps=5762 avgMGps=550.5 elapsed=6h45m38s
Sep 18 10:35:45 nimbus-eth1-mainnet-short-benchmark[2285666]: INF 2026-09-18 10:35:45.383+00:00 Imported blocks                            blockNumber=20892929 slot=10102512 blocks=892928 txs=141581868 mgas=13521575 bps=40.79 tps=6601 mgps=618.0 avgBps=36.39 avgTps=5769 avgMGps=551.0 elapsed=6h48m58s
Sep 18 10:39:08 nimbus-eth1-mainnet-short-benchmark[2285666]: INF 2026-09-18 10:39:08.008+00:00 Imported blocks                            blockNumber=20901121 slot=10110732 blocks=901120 txs=142875889 mgas=13645572 bps=40.43 tps=6386 mgps=612.0 avgBps=36.42 avgTps=5774 avgMGps=551.5 elapsed=6h52m21s
Sep 18 10:42:28 nimbus-eth1-mainnet-short-benchmark[2285666]: INF 2026-09-18 10:42:28.421+00:00 Imported blocks                            blockNumber=20909313 slot=10118953 blocks=909312 txs=144102308 mgas=13769390 bps=40.88 tps=6119 mgps=617.8 avgBps=36.46 avgTps=5777 avgMGps=552.1 elapsed=6h55m41s
Sep 18 10:45:44 nimbus-eth1-mainnet-short-benchmark[2285666]: INF 2026-09-18 10:45:44.342+00:00 Imported blocks                            blockNumber=20917505 slot=10127176 blocks=917504 txs=145406349 mgas=13893087 bps=41.81 tps=6656 mgps=631.4 avgBps=36.50 avgTps=5784 avgMGps=552.7 elapsed=6h58m57s
Sep 18 10:48:50 nimbus-eth1-mainnet-short-benchmark[2285666]: INF 2026-09-18 10:48:50.780+00:00 Imported blocks                            blockNumber=20925697 slot=10135394 blocks=925696 txs=146718394 mgas=14016820 bps=43.94 tps=7037 mgps=663.7 avgBps=36.55 avgTps=5793 avgMGps=553.5 elapsed=7h2m4s
Sep 18 10:52:11 nimbus-eth1-mainnet-short-benchmark[2285666]: INF 2026-09-18 10:52:11.361+00:00 Imported blocks                            blockNumber=20933889 slot=10143614 blocks=933888 txs=148049109 mgas=14140625 bps=40.84 tps=6634 mgps=617.2 avgBps=36.59 avgTps=5800 avgMGps=554.0 elapsed=7h5m24s
Sep 18 10:55:25 nimbus-eth1-mainnet-short-benchmark[2285666]: INF 2026-09-18 10:55:25.210+00:00 Imported blocks                            blockNumber=20942081 slot=10151840 blocks=942080 txs=149397364 mgas=14264352 bps=42.26 tps=6955 mgps=638.3 avgBps=36.63 avgTps=5808 avgMGps=554.6 elapsed=7h8m38s
Sep 18 10:58:45 nimbus-eth1-mainnet-short-benchmark[2285666]: INF 2026-09-18 10:58:45.143+00:00 Imported blocks                            blockNumber=20950273 slot=10160098 blocks=950272 txs=150765507 mgas=14388237 bps=40.97 tps=6842 mgps=619.6 avgBps=36.66 avgTps=5816 avgMGps=555.1 elapsed=7h11m58s
Sep 18 11:02:19 nimbus-eth1-mainnet-short-benchmark[2285666]: INF 2026-09-18 11:02:19.424+00:00 Imported blocks                            blockNumber=20958465 slot=10168363 blocks=958464 txs=152044771 mgas=14511987 bps=38.23 tps=5969 mgps=577.5 avgBps=36.68 avgTps=5818 avgMGps=555.3 elapsed=7h15m32s
Sep 18 11:05:44 nimbus-eth1-mainnet-short-benchmark[2285666]: INF 2026-09-18 11:05:44.729+00:00 Imported blocks                            blockNumber=20966657 slot=10176609 blocks=966656 txs=153365296 mgas=14635804 bps=39.90 tps=6432 mgps=603.1 avgBps=36.70 avgTps=5822 avgMGps=555.7 elapsed=7h18m58s
Sep 18 11:09:06 nimbus-eth1-mainnet-short-benchmark[2285666]: INF 2026-09-18 11:09:06.350+00:00 Imported blocks                            blockNumber=20974849 slot=10184849 blocks=974848 txs=154744917 mgas=14759580 bps=40.63 tps=6842 mgps=613.9 avgBps=36.73 avgTps=5830 avgMGps=556.1 elapsed=7h22m19s
Sep 18 11:12:35 nimbus-eth1-mainnet-short-benchmark[2285666]: INF 2026-09-18 11:12:35.919+00:00 Imported blocks                            blockNumber=20983041 slot=10193086 blocks=983040 txs=156055229 mgas=14883451 bps=39.09 tps=6252 mgps=591.1 avgBps=36.75 avgTps=5833 avgMGps=556.4 elapsed=7h25m49s
Sep 18 11:15:39 nimbus-eth1-mainnet-short-benchmark[2285666]: INF 2026-09-18 11:15:39.441+00:00 Imported blocks                            blockNumber=20991233 slot=10201319 blocks=991232 txs=157563202 mgas=15007557 bps=44.64 tps=8216 mgps=676.2 avgBps=36.80 avgTps=5850 avgMGps=557.2 elapsed=7h28m52s
Sep 18 11:19:11 nimbus-eth1-mainnet-short-benchmark[2285666]: INF 2026-09-18 11:19:11.590+00:00 Imported blocks                            blockNumber=20999425 slot=10209549 blocks=999424 txs=159003277 mgas=15131383 bps=38.62 tps=6788 mgps=583.7 avgBps=36.82 avgTps=5857 avgMGps=557.4 elapsed=7h32m25s
Sep 18 11:19:27 nimbus-eth1-mainnet-short-benchmark[2285666]: INF 2026-09-18 11:19:27.002+00:00 Imported blocks                            blockNumber=21000001 slot=10210128 blocks=1000000 txs=159109486 mgas=15140191 bps=37.37 tps=6891 mgps=571.5 avgBps=36.82 avgTps=5858 avgMGps=557.4 elapsed=7h32m40s
Sep 18 11:19:27 nimbus-eth1-mainnet-short-benchmark[2285666]: NTC 2026-09-18 11:19:27.002+00:00 Import complete                            blockNumber=21000001 slot=10210128 blocks=1000000 txs=159109486 mgas=15140191
Sep 18 11:19:27 nimbus-eth1-mainnet-short-benchmark[2257038]: <<< ending startNimbusWithImport (success)
Sep 18 11:19:27 nimbus-eth1-mainnet-short-benchmark[2257038]: >>> starting moveBenchmarkingFileToRepo
Sep 18 11:19:27 nimbus-eth1-mainnet-short-benchmark[2257038]: >>> copying debug-csv generated by nimbus to benchmarks repo
Sep 18 11:19:28 nimbus-eth1-mainnet-short-benchmark[2257038]: <<< ending moveBenchmarkingFileToRepo (success)
Sep 18 11:19:28 nimbus-eth1-mainnet-short-benchmark[2257038]: >>> starting generateBuildEnvironmentLogFile
Sep 18 11:19:36 nimbus-eth1-mainnet-short-benchmark[2257038]: <<< ending generateBuildEnvironmentLogFile (success)
Sep 18 11:19:36 nimbus-eth1-mainnet-short-benchmark[2257038]: >>> starting generateSystemdServiceLogs
