=== System Information Report ===
>>> Generated on: Mon Sep  7 08:59:13 AM UTC 2026
==========================
>>> CPU Architecture: x86_64
>>> CPU Byte Order: Little Endian
>>> CPU Cores: 16
>>> CPU Model: AMD Ryzen 7 PRO 8700GE w/ Radeon 780M Graphics
>>> CPU Cache Information:
L1d Cache: 256 KiB (8 instances)
L1i Cache: 256 KiB (8 instances)
L2 Cache: 8 MiB (8 instances)
L3 Cache: 16 MiB (1 instance)
>>> RAM Size: 61Gi
>>> Hard Disk Information:
/dev/md2 : 437G total, 199G free
/dev/md1 : 989M total, 690M free
/dev/nvme0n1p1 : 256M total, 256M free
/dev/nvme1n1 : 1.9T total, 487G free
==========================
=== Nimbus-ETH1 Benchmarking Report ===
>>> Total time spent in benchmarking (nanoseconds): 26972206414390
>>> Total time spent in benchmarking (human readable format): 7 hours 29 minutes 32 seconds
>>> Start block number is 20000001
>>> End block number is 21000001
==========================
=== Comparison of last two benchmarks ===
sort: write failed: 'standard output': Broken pipe
sort: write error
sort: write failed: 'standard output': Broken pipe
sort: write error
python /data/status-im/nimbus-eth1/scripts/block-import-stats.py /data/status-im/nimbus-eth1-benchmarks/short-benchmark/20260906T173916_34a95623/blocks-import-benchmark.csv /data/status-im/nimbus-eth1-benchmarks/short-benchmark/20260907T012029_df33ce48/blocks-import-benchmark.csv
blocks-import-benchmark.csv vs blocks-import-benchmark.csv
                      bps_x  bps_y     tps_x     tps_y  time_x  time_y    bpsd    tpsd   timed
block_number                                                                                  
(20000001, 20111112]  30.56  30.64  4,991.27  5,003.99   59m6s  58m56s   0.27%   0.27%  -0.27%
(20111112, 20222223]  34.55  34.48  5,650.96  5,640.11  55m30s  55m35s  -0.18%  -0.18%   0.18%
(20222223, 20333334]  36.37  36.28  5,895.30  5,880.55   49m0s   49m9s  -0.26%  -0.26%   0.27%
(20333334, 20444445]  38.21  38.23  6,019.99  6,023.99  50m16s  50m13s   0.08%   0.08%  -0.08%
(20444445, 20555556]  37.71  37.79  5,811.00  5,824.36  47m10s   47m4s   0.22%   0.22%  -0.22%
(20555556, 20666667]  37.84  37.92  5,713.82  5,726.39  50m33s  50m26s   0.21%   0.21%  -0.21%
(20666667, 20777778]  39.59  39.74  6,229.68  6,252.75  44m55s  44m45s   0.36%   0.36%  -0.36%
(20777778, 20888889]  41.00  41.07  6,577.58  6,587.56  46m45s  46m42s   0.14%   0.14%  -0.14%
(20888889, 21000001]  40.93  41.02  6,746.17  6,762.37  46m41s  46m38s   0.24%   0.24%  -0.23%

blocks: 991808, baseline: 7h30m0s, contender: 7h29m32s
Time (total): -27s, -0.10%

bpsd = blocks per sec diff (+), tpsd = txs per sec diff, timed = time to process diff (-)
+ = more is better, - = less is better
==========================
