Aug 10 17:48:40 nimbus-eth1-mainnet-short-benchmark[447373]: >>> starting cloneOrFetchBenchmarksRepo
Aug 10 17:48:40 nimbus-eth1-mainnet-short-benchmark[447373]: >>> Fetching latest changes for nimbus-eth1-benchmarks...
Aug 10 17:48:42 nimbus-eth1-mainnet-short-benchmark[447420]: HEAD is now at fab19d4 chore: update short benchmark Readme
Aug 10 17:48:42 nimbus-eth1-mainnet-short-benchmark[447373]: <<< ending cloneOrFetchBenchmarksRepo (success)
Aug 10 17:48:42 nimbus-eth1-mainnet-short-benchmark[447373]: >>> starting cloneOrFetchNimbusRepo
Aug 10 17:48:50 nimbus-eth1-mainnet-short-benchmark[447373]: >>> Fetching latest changes for nimbus-eth1...
Aug 10 17:48:51 nimbus-eth1-mainnet-short-benchmark[447794]: From https://github.com/status-im/nimbus-eth1
Aug 10 17:48:51 nimbus-eth1-mainnet-short-benchmark[447794]:    7cd3c15bf..9f8b54046  master               -> origin/master
Aug 10 17:48:51 nimbus-eth1-mainnet-short-benchmark[447794]:  * [new branch]          delete-artifact      -> origin/delete-artifact
Aug 10 17:48:51 nimbus-eth1-mainnet-short-benchmark[447794]:  * [new branch]          dependabot/submodules/vendor/nim-ssz-serialization-a4cf364 -> origin/dependabot/submodules/vendor/nim-ssz-serialization-a4cf364
Aug 10 17:48:51 nimbus-eth1-mainnet-short-benchmark[447794]:  * [new branch]          dependabot/submodules/vendor/nim-websock-0432dc4 -> origin/dependabot/submodules/vendor/nim-websock-0432dc4
Aug 10 17:48:51 nimbus-eth1-mainnet-short-benchmark[447794]:  * [new branch]          evm-inline-functions -> origin/evm-inline-functions
Aug 10 17:48:51 nimbus-eth1-mainnet-short-benchmark[447794]:    f1c16fd4d..91bd3d248  glamsterdam-devnet-8 -> origin/glamsterdam-devnet-8
Aug 10 17:48:51 nimbus-eth1-mainnet-short-benchmark[447794]: Fetching submodule vendor/nim-websock
Aug 10 17:48:55 nimbus-eth1-mainnet-short-benchmark[447794]: From https://github.com/status-im/nim-websock
Aug 10 17:48:55 nimbus-eth1-mainnet-short-benchmark[447794]:    73505df105..7f6cce1212  gh-pages         -> origin/gh-pages
Aug 10 17:48:55 nimbus-eth1-mainnet-short-benchmark[447794]:    387a8eb7e9..0432dc445c  main             -> origin/main
Aug 10 17:48:55 nimbus-eth1-mainnet-short-benchmark[447794]:  * [new branch]            test-new-bearssl -> origin/test-new-bearssl
Aug 10 17:48:55 nimbus-eth1-mainnet-short-benchmark[447794]:  * [new tag]               v0.4.1           -> v0.4.1
Aug 10 17:48:55 nimbus-eth1-mainnet-short-benchmark[447832]: warning: unable to rmdir 'vendor/libtommath': Directory not empty
Aug 10 17:48:55 nimbus-eth1-mainnet-short-benchmark[447832]: HEAD is now at 9f8b54046 build(deps): bump vendor/nim-faststreams from `90f7812` to `1df2c2f` (#4616)
Aug 10 17:48:55 nimbus-eth1-mainnet-short-benchmark[447373]: >>> Found last benchmarked commit: e0ee8a79
Aug 10 17:48:55 nimbus-eth1-mainnet-short-benchmark[447373]: >>> Using next commit: d9b3310848fe3daa11625ff9e5950fa3beedf8c1
Aug 10 17:48:55 nimbus-eth1-mainnet-short-benchmark[447848]: HEAD is now at d9b331084 Upgrade evmstate to handle newest EEST fixtures (#4490)
Aug 10 17:48:55 nimbus-eth1-mainnet-short-benchmark[447373]: >>> Current commit: d9b331084
Aug 10 17:48:55 nimbus-eth1-mainnet-short-benchmark[447373]: <<< ending cloneOrFetchNimbusRepo (success)
Aug 10 17:48:55 nimbus-eth1-mainnet-short-benchmark[447373]: >>> starting buildBinaries
Aug 10 17:48:55 nimbus-eth1-mainnet-short-benchmark[447373]: >>> Building binaries for commit d9b33108...
Aug 10 17:48:57 nimbus-eth1-mainnet-short-benchmark[449055]: Submodule path 'vendor/nim-chronos': checked out '87899ea0f7b96ba459c1da7645cce532e465c565'
Aug 10 17:48:57 nimbus-eth1-mainnet-short-benchmark[449055]: Submodule path 'vendor/nim-json-serialization': checked out '527ba9fbe5ee45448eced538128a5c57c9a4a0c4'
Aug 10 17:49:03 nimbus-eth1-mainnet-short-benchmark[453364]: Building: Nim compiler
Aug 10 17:51:05 nimbus-eth1-mainnet-short-benchmark[453364]: Building custom Nimble commit: 42ef70c2102a942c46f13eb76872326edd525cec
Aug 10 17:51:15 nimbus-eth1-mainnet-short-benchmark[453364]: Building Nimble...
Aug 10 17:51:26 nimbus-eth1-mainnet-short-benchmark[453364]: Replacing nimble binary...
Aug 10 17:51:33 nimbus-eth1-mainnet-short-benchmark[468898]: cp: cannot stat '/data/status-im/nimbus-eth1/build/*': No such file or directory
Aug 10 17:51:33 nimbus-eth1-mainnet-short-benchmark[468874]: ROCKSDB VERSION NOT FOUND
Aug 10 17:51:33 nimbus-eth1-mainnet-short-benchmark[469022]: make[1]: Entering directory '/data/status-im/nimbus-eth1/vendor/nim-rocksdb/vendor/rocksdb'
Aug 10 17:51:33 nimbus-eth1-mainnet-short-benchmark[469022]: $DEBUG_LEVEL is 0, $LIB_MODE is static
Aug 10 17:51:34 nimbus-eth1-mainnet-short-benchmark[469022]: make[1]: Leaving directory '/data/status-im/nimbus-eth1/vendor/nim-rocksdb/vendor/rocksdb'
Aug 10 17:51:34 nimbus-eth1-mainnet-short-benchmark[469471]: Cleaning up RocksDb build artifacts.
Aug 10 17:51:34 nimbus-eth1-mainnet-short-benchmark[468902]: Building RocksDb static libraries.
Aug 10 17:54:47 nimbus-eth1-mainnet-short-benchmark[472992]: Building: build/nimbus_execution_client
Aug 10 17:57:15 nimbus-eth1-mainnet-short-benchmark[447373]: >>> renaming binaries to match commit they were built from
Aug 10 17:57:15 nimbus-eth1-mainnet-short-benchmark[447373]: >>> creating a symbolic link to the latest version
Aug 10 17:57:15 nimbus-eth1-mainnet-short-benchmark[447373]: >>> deleting copies that are older than N days
Aug 10 17:57:15 nimbus-eth1-mainnet-short-benchmark[447373]: <<< ending buildBinaries (success)
Aug 10 17:57:15 nimbus-eth1-mainnet-short-benchmark[447373]: >>> starting skipOrContinueBenchmark
Aug 10 17:57:15 nimbus-eth1-mainnet-short-benchmark[447373]: <<< ending skipOrContinueBenchmark (success)
Aug 10 17:57:15 nimbus-eth1-mainnet-short-benchmark[447373]: >>> starting copyTemplateDatabase
Aug 10 17:57:15 nimbus-eth1-mainnet-short-benchmark[447373]: >>> Copying template db into nimbus data directory
Aug 10 18:00:16 nimbus-eth1-mainnet-short-benchmark[447373]: >>> Template db copied
Aug 10 18:00:16 nimbus-eth1-mainnet-short-benchmark[447373]: >>> making nimbus the owner of the copied files
Aug 10 18:00:16 nimbus-eth1-mainnet-short-benchmark[447373]: <<< ending copyTemplateDatabase (success)
Aug 10 18:00:16 nimbus-eth1-mainnet-short-benchmark[447373]: >>> starting startNimbusWithImport
Aug 10 18:00:17 nimbus-eth1-mainnet-short-benchmark[478875]: INF 2026-08-10 18:00:17.009+00:00 Launching execution client                 version=v0.3.1-d9b33108 config="(configFile: none(InputFile), dataDirFlag: some(/data/status-im/nimbus-eth1/data/shared_mainnet_0), era1DirFlag: some(/data/era1), eraDirFlag: some(/data/era), ereDirFlag: none(OutDir), keyStoreDirFlag: none(OutDir), importKey: , trustedSetupFile: none(string), extraData: Nimbus/v0.3.1-d9b33108, gasLimit: none(uint64), maxBlobs: none(byte), network: [mainnet], customNetwork: none(NetworkParams), networkId: 1, networkParams: (config: ..., genesis: (nonce: 0x0000000000000042, timestamp: 0, extraData: [17, 187, 232, 219, 78, 52, 123, 78, 140, 147, 124, 28, 131, 112, 228, 181, 237, 51, 173, 179, 219, 105, 203, 219, 122, 56, 225, 229, 11, 27, 130, 250], gasLimit: 5000, difficulty: 17179869184, mixHash: 0x0000000000000000000000000000000000000000000000000000000000000000, coinbase: 0x0000000000000000000000000000000000000000, alloc: 8893, number: 0, gasUser: 0, parentHash: 0x0000000000000000000000000000000000000000000000000000000000000000, baseFeePerGas: none(), blobGasUsed: -1, excessBlobGas: -1, parentBeaconBlockRoot: none())), logLevel: INFO, logFormat: auto, metricsEnabled: false, metricsPort: 9093, metricsAddress: 127.0.0.1, bootstrapNodes: [], elBootstrapNodes: [], bootstrapFile: , elBootstrapFile: , staticPeers: [], staticPeersFile: , reconnectMaxRetry: 0, reconnectInterval: 15, listenAddress: ::, tcpPort: 30303, udpPortFlag: none(Port), maxPeersOpt: none(int), elMaxPeersOpt: none(int), nat: (hasExtIp: false, nat: NatAny), discv5: true, netKey: random, agentString: Nimbus/v0.3.1-d9b33108/linux-amd64/Nim-2.2.10, numThreads: 0, persistBatchSize: 4, dynamicBatchSize: false, rocksdbMaxOpenFiles: 2048, rocksdbWriteBufferSize: 67108864, rocksdbRowCacheSize: 0, rocksdbBlockCacheSize: 2147483648, rocksdbBlockCacheType: hyperclock, rdbVtxCacheSize: 536870912, rdbKeyCacheSize: 1342177280, rdbBranchCacheSize: 1073741824, rdbPrintStats: false, rewriteDatadirId: true, aristoDbMaxSnapshots: 5, parallelStateRootComputation: false, parallelSenderRecovery: true, optimisticStatePrefetch: false, balStatePrefetch: false, balStatePrefetchWorkers: 0, balParallelExecution: false, eagerStateRootCheck: false, deserializeFcState: true, statelessProvider: false, statelessWitnessValidation: false, cmd: import, maxBlocks: 1000000, chunkSize: 8192, csvStats: some("/data/host-benchmarks/short/d53ab16489e446528cc0f04002e83283/blocks-import-benchmark.csv"), validation: false, fullValidation: false, storeBodies: false, storeReceipts: false, storeSlotHashes: false)"
Aug 10 18:00:17 nimbus-eth1-mainnet-short-benchmark[478875]: WRN 2026-08-10 18:00:17.009+00:00 Data directory has insecure permissions. Correcting them. data_dir=/data/status-im/nimbus-eth1/data/shared_mainnet_0 current_permissions=0755 required_permissions=0700
Aug 10 18:00:18 nimbus-eth1-mainnet-short-benchmark[478875]: INF 2026-08-10 18:00:18.925+00:00 Taskpool started                           numThreads=16
Aug 10 18:00:19 nimbus-eth1-mainnet-short-benchmark[478875]: INF 2026-08-10 18:00:19.057+00:00 Writing data dir ID                        ID=0x0a036d6f6dfe59156bb6359f0243c93d5a421ed688de5aa85a62d15dca8dbd5c
Aug 10 18:00:19 nimbus-eth1-mainnet-short-benchmark[478875]: INF 2026-08-10 18:00:19.089+00:00 Database initialized                       base="(0xd24fd73f794058a3807db926d8898c6481e902b7edb91ce0d479d6760f276183, 20000000)" finalized="(0xd24fd73f794058a3807db926d8898c6481e902b7edb91ce0d479d6760f276183, 20000000)" head="(0xd4e56740f876aef8c010b86a40d5f56745a118d0906a34e69aec8c0db1cb8fa3, 0)"
Aug 10 18:00:19 nimbus-eth1-mainnet-short-benchmark[478875]: NTC 2026-08-10 18:00:19.089+00:00 Could not open ere database, falling back to era1/era import ereDir=/data/status-im/nimbus-eth1/data/shared_mainnet_0/ere networkName=mainnet error="No ere files found in /data/status-im/nimbus-eth1/data/shared_mainnet_0/ere"
Aug 10 18:00:19 nimbus-eth1-mainnet-short-benchmark[478875]: NTC 2026-08-10 18:00:19.089+00:00 Importing era archive                      blockNumber=20000001 dataDir=/data/status-im/nimbus-eth1/data/shared_mainnet_0 eraDir=/data/era
Aug 10 18:00:21 nimbus-eth1-mainnet-short-benchmark[478875]: NTC 2026-08-10 18:00:21.377+00:00 Matched block to slot number               blockNumber=20000001 slot=9204783
Aug 10 18:06:34 nimbus-eth1-mainnet-short-benchmark[478875]: INF 2026-08-10 18:06:34.724+00:00 Imported blocks                            blockNumber=20008193 slot=9213020 blocks=8192 txs=1226966 mgas=124237 bps=21.81 tps=3266 mgps=330.7 avgBps=21.81 avgTps=3266 avgMGps=330.7 elapsed=6m15s632ms
Aug 10 18:12:15 nimbus-eth1-mainnet-short-benchmark[478875]: INF 2026-08-10 18:12:15.983+00:00 Imported blocks                            blockNumber=20016385 slot=9221256 blocks=16384 txs=2540380 mgas=248071 bps=24.01 tps=3848 mgps=362.9 avgBps=22.85 avgTps=3543 avgMGps=346.0 elapsed=11m56s892ms
Aug 10 18:17:35 nimbus-eth1-mainnet-short-benchmark[478875]: INF 2026-08-10 18:17:35.767+00:00 Imported blocks                            blockNumber=20024577 slot=9229485 blocks=24576 txs=3869398 mgas=372018 bps=25.62 tps=4155 mgps=387.6 avgBps=23.71 avgTps=3732 avgMGps=358.9 elapsed=17m16s676ms
Aug 10 18:22:27 nimbus-eth1-mainnet-short-benchmark[478875]: INF 2026-08-10 18:22:27.254+00:00 Imported blocks                            blockNumber=20032769 slot=9237722 blocks=32768 txs=5222766 mgas=495797 bps=28.10 tps=4642 mgps=424.6 avgBps=24.67 avgTps=3932 avgMGps=373.3 elapsed=22m8s163ms
Aug 10 18:27:06 nimbus-eth1-mainnet-short-benchmark[478875]: INF 2026-08-10 18:27:06.035+00:00 Imported blocks                            blockNumber=20040961 slot=9245957 blocks=40960 txs=6566802 mgas=619586 bps=29.38 tps=4821 mgps=444.0 avgBps=25.49 avgTps=4086 avgMGps=385.6 elapsed=26m46s945ms
Aug 10 18:32:05 nimbus-eth1-mainnet-short-benchmark[478875]: INF 2026-08-10 18:32:05.786+00:00 Imported blocks                            blockNumber=20049153 slot=9254196 blocks=49152 txs=7904746 mgas=743522 bps=27.33 tps=4463 mgps=413.5 avgBps=25.78 avgTps=4145 avgMGps=390.0 elapsed=31m46s698ms
Aug 10 18:36:57 nimbus-eth1-mainnet-short-benchmark[478875]: INF 2026-08-10 18:36:57.358+00:00 Imported blocks                            blockNumber=20057345 slot=9262435 blocks=57344 txs=9212009 mgas=867360 bps=28.10 tps=4483 mgps=424.7 avgBps=26.09 avgTps=4190 avgMGps=394.6 elapsed=36m38s270ms
Aug 10 18:41:27 nimbus-eth1-mainnet-short-benchmark[478875]: INF 2026-08-10 18:41:27.398+00:00 Imported blocks                            blockNumber=20065537 slot=9270674 blocks=65536 txs=10559018 mgas=991371 bps=30.34 tps=4988 mgps=459.2 avgBps=26.55 avgTps=4277 avgMGps=401.6 elapsed=41m8s310ms
Aug 10 18:45:43 nimbus-eth1-mainnet-short-benchmark[478875]: INF 2026-08-10 18:45:43.615+00:00 Imported blocks                            blockNumber=20073729 slot=9278910 blocks=73728 txs=11898676 mgas=1115111 bps=31.97 tps=5228 mgps=483.0 avgBps=27.06 avgTps=4367 avgMGps=409.3 elapsed=45m24s522ms
Aug 10 18:49:49 nimbus-eth1-mainnet-short-benchmark[478875]: INF 2026-08-10 18:49:49.351+00:00 Imported blocks                            blockNumber=20081921 slot=9287152 blocks=81920 txs=13323263 mgas=1239150 bps=33.34 tps=5797 mgps=504.8 avgBps=27.58 avgTps=4485 avgMGps=417.2 elapsed=49m30s261ms
Aug 10 18:53:53 nimbus-eth1-mainnet-short-benchmark[478875]: INF 2026-08-10 18:53:53.844+00:00 Imported blocks                            blockNumber=20090113 slot=9295408 blocks=90112 txs=14697082 mgas=1363113 bps=33.51 tps=5619 mgps=507.0 avgBps=28.03 avgTps=4571 avgMGps=424.0 elapsed=53m34s754ms
Aug 10 18:58:14 nimbus-eth1-mainnet-short-benchmark[478875]: INF 2026-08-10 18:58:14.776+00:00 Imported blocks                            blockNumber=20098305 slot=9303658 blocks=98304 txs=16025683 mgas=1487146 bps=31.40 tps=5091 mgps=475.3 avgBps=28.28 avgTps=4610 avgMGps=427.9 elapsed=57m55s684ms
Aug 10 19:02:45 nimbus-eth1-mainnet-short-benchmark[478875]: INF 2026-08-10 19:02:45.812+00:00 Imported blocks                            blockNumber=20106497 slot=9311895 blocks=106496 txs=17337157 mgas=1611066 bps=30.22 tps=4838 mgps=457.2 avgBps=28.42 avgTps=4627 avgMGps=430.0 elapsed=1h2m26s
Aug 10 19:07:01 nimbus-eth1-mainnet-short-benchmark[478875]: INF 2026-08-10 19:07:01.261+00:00 Imported blocks                            blockNumber=20114689 slot=9320146 blocks=114688 txs=18632097 mgas=1735123 bps=32.07 tps=5069 mgps=485.6 avgBps=28.66 avgTps=4655 avgMGps=433.5 elapsed=1h6m42s
Aug 10 19:11:02 nimbus-eth1-mainnet-short-benchmark[478875]: INF 2026-08-10 19:11:02.909+00:00 Imported blocks                            blockNumber=20122881 slot=9328409 blocks=122880 txs=19937418 mgas=1859249 bps=33.90 tps=5401 mgps=513.7 avgBps=28.96 avgTps=4697 avgMGps=438.1 elapsed=1h10m43s
Aug 10 19:15:03 nimbus-eth1-mainnet-short-benchmark[478875]: INF 2026-08-10 19:15:03.562+00:00 Imported blocks                            blockNumber=20131073 slot=9336660 blocks=131072 txs=21214129 mgas=1983500 bps=34.04 tps=5305 mgps=516.3 avgBps=29.23 avgTps=4730 avgMGps=442.3 elapsed=1h14m44s
Aug 10 19:19:02 nimbus-eth1-mainnet-short-benchmark[478875]: INF 2026-08-10 19:19:02.374+00:00 Imported blocks                            blockNumber=20139265 slot=9344906 blocks=139264 txs=22579079 mgas=2107571 bps=34.30 tps=5715 mgps=519.5 avgBps=29.48 avgTps=4780 avgMGps=446.2 elapsed=1h18m43s
Aug 10 19:23:43 nimbus-eth1-mainnet-short-benchmark[478875]: INF 2026-08-10 19:23:43.282+00:00 Imported blocks                            blockNumber=20147457 slot=9353153 blocks=147456 txs=24133322 mgas=2231686 bps=29.16 tps=5532 mgps=441.8 avgBps=29.47 avgTps=4822 avgMGps=446.0 elapsed=1h23m24s
Aug 10 19:28:16 nimbus-eth1-mainnet-short-benchmark[478875]: INF 2026-08-10 19:28:16.899+00:00 Imported blocks                            blockNumber=20155649 slot=9361407 blocks=155648 txs=25424015 mgas=2356018 bps=29.94 tps=4717 mgps=454.4 avgBps=29.49 avgTps=4817 avgMGps=446.4 elapsed=1h27m57s
Aug 10 19:32:28 nimbus-eth1-mainnet-short-benchmark[478875]: INF 2026-08-10 19:32:28.427+00:00 Imported blocks                            blockNumber=20163841 slot=9369652 blocks=163840 txs=26749549 mgas=2480207 bps=32.57 tps=5269 mgps=493.7 avgBps=29.63 avgTps=4837 avgMGps=448.6 elapsed=1h32m9s
Aug 10 19:36:35 nimbus-eth1-mainnet-short-benchmark[478875]: INF 2026-08-10 19:36:35.071+00:00 Imported blocks                            blockNumber=20172033 slot=9377892 blocks=172032 txs=28105316 mgas=2604026 bps=33.21 tps=5496 mgps=502.0 avgBps=29.78 avgTps=4865 avgMGps=450.8 elapsed=1h36m15s
Aug 10 19:40:45 nimbus-eth1-mainnet-short-benchmark[478875]: INF 2026-08-10 19:40:45.672+00:00 Imported blocks                            blockNumber=20180225 slot=9386128 blocks=180224 txs=29524405 mgas=2728170 bps=32.69 tps=5662 mgps=495.4 avgBps=29.90 avgTps=4899 avgMGps=452.7 elapsed=1h40m26s
Aug 10 19:44:40 nimbus-eth1-mainnet-short-benchmark[478875]: INF 2026-08-10 19:44:40.533+00:00 Imported blocks                            blockNumber=20188417 slot=9394365 blocks=188416 txs=30849021 mgas=2852023 bps=34.88 tps=5639 mgps=527.3 avgBps=30.09 avgTps=4926 avgMGps=455.5 elapsed=1h44m21s
Aug 10 19:49:01 nimbus-eth1-mainnet-short-benchmark[478875]: INF 2026-08-10 19:49:01.377+00:00 Imported blocks                            blockNumber=20196609 slot=9402602 blocks=196608 txs=32174755 mgas=2976155 bps=31.41 tps=5082 mgps=475.9 avgBps=30.14 avgTps=4933 avgMGps=456.3 elapsed=1h48m42s
Aug 10 19:53:37 nimbus-eth1-mainnet-short-benchmark[478875]: INF 2026-08-10 19:53:37.973+00:00 Imported blocks                            blockNumber=20204801 slot=9410840 blocks=204800 txs=33475942 mgas=3100410 bps=29.62 tps=4704 mgps=449.2 avgBps=30.12 avgTps=4923 avgMGps=456.0 elapsed=1h53m18s
Aug 10 19:57:50 nimbus-eth1-mainnet-short-benchmark[478875]: INF 2026-08-10 19:57:50.041+00:00 Imported blocks                            blockNumber=20212993 slot=9419071 blocks=212992 txs=34798508 mgas=3224370 bps=32.50 tps=5246 mgps=491.8 avgBps=30.21 avgTps=4935 avgMGps=457.3 elapsed=1h57m30s
Aug 10 20:01:57 nimbus-eth1-mainnet-short-benchmark[478875]: INF 2026-08-10 20:01:57.094+00:00 Imported blocks                            blockNumber=20221185 slot=9427313 blocks=221184 txs=36114045 mgas=3348169 bps=33.16 tps=5324 mgps=501.1 avgBps=30.31 avgTps=4948 avgMGps=458.8 elapsed=2h1m38s
Aug 10 20:05:44 nimbus-eth1-mainnet-short-benchmark[478875]: INF 2026-08-10 20:05:44.119+00:00 Imported blocks                            blockNumber=20229377 slot=9435549 blocks=229376 txs=37421794 mgas=3472031 bps=36.08 tps=5760 mgps=545.6 avgBps=30.48 avgTps=4972 avgMGps=461.4 elapsed=2h5m25s
Aug 10 20:09:39 nimbus-eth1-mainnet-short-benchmark[478875]: INF 2026-08-10 20:09:39.287+00:00 Imported blocks                            blockNumber=20237569 slot=9443788 blocks=237568 txs=38842064 mgas=3596351 bps=34.83 tps=6039 mgps=528.6 avgBps=30.61 avgTps=5005 avgMGps=463.4 elapsed=2h9m20s
Aug 10 20:13:53 nimbus-eth1-mainnet-short-benchmark[478875]: INF 2026-08-10 20:13:53.196+00:00 Imported blocks                            blockNumber=20245761 slot=9452021 blocks=245760 txs=40225739 mgas=3720100 bps=32.26 tps=5449 mgps=487.4 avgBps=30.67 avgTps=5019 avgMGps=464.2 elapsed=2h13m34s
Aug 10 20:18:25 nimbus-eth1-mainnet-short-benchmark[478875]: INF 2026-08-10 20:18:25.492+00:00 Imported blocks                            blockNumber=20253953 slot=9460253 blocks=253952 txs=41454921 mgas=3844385 bps=30.08 tps=4514 mgps=456.4 avgBps=30.65 avgTps=5002 avgMGps=463.9 elapsed=2h18m6s
Aug 10 20:22:44 nimbus-eth1-mainnet-short-benchmark[478875]: INF 2026-08-10 20:22:44.352+00:00 Imported blocks                            blockNumber=20262145 slot=9468495 blocks=262144 txs=42726051 mgas=3968623 bps=31.65 tps=4910 mgps=479.9 avgBps=30.68 avgTps=4999 avgMGps=464.4 elapsed=2h22m25s
Aug 10 20:26:45 nimbus-eth1-mainnet-short-benchmark[478875]: INF 2026-08-10 20:26:45.289+00:00 Imported blocks                            blockNumber=20270337 slot=9476748 blocks=270336 txs=44050436 mgas=4092682 bps=34.00 tps=5496 mgps=514.9 avgBps=30.77 avgTps=5013 avgMGps=465.8 elapsed=2h26m26s
Aug 10 20:30:30 nimbus-eth1-mainnet-short-benchmark[478875]: INF 2026-08-10 20:30:30.130+00:00 Imported blocks                            blockNumber=20278529 slot=9484981 blocks=278528 txs=45382368 mgas=4216487 bps=36.44 tps=5923 mgps=550.6 avgBps=30.91 avgTps=5036 avgMGps=467.9 elapsed=2h30m11s
Aug 10 20:34:21 nimbus-eth1-mainnet-short-benchmark[478875]: INF 2026-08-10 20:34:21.730+00:00 Imported blocks                            blockNumber=20286721 slot=9493213 blocks=286720 txs=46733429 mgas=4340363 bps=35.37 tps=5833 mgps=534.9 avgBps=31.02 avgTps=5056 avgMGps=469.6 elapsed=2h34m2s
Aug 10 20:38:33 nimbus-eth1-mainnet-short-benchmark[478875]: INF 2026-08-10 20:38:33.911+00:00 Imported blocks                            blockNumber=20294913 slot=9501453 blocks=294912 txs=48075887 mgas=4464376 bps=32.48 tps=5323 mgps=491.8 avgBps=31.06 avgTps=5063 avgMGps=470.2 elapsed=2h38m14s
Aug 10 20:42:43 nimbus-eth1-mainnet-short-benchmark[478875]: INF 2026-08-10 20:42:43.491+00:00 Imported blocks                            blockNumber=20303105 slot=9509696 blocks=303104 txs=49379538 mgas=4588534 bps=32.82 tps=5223 mgps=497.5 avgBps=31.11 avgTps=5067 avgMGps=470.9 elapsed=2h42m24s
Aug 10 20:46:44 nimbus-eth1-mainnet-short-benchmark[478875]: INF 2026-08-10 20:46:44.272+00:00 Imported blocks                            blockNumber=20311297 slot=9517922 blocks=311296 txs=50637672 mgas=4712596 bps=34.02 tps=5225 mgps=515.2 avgBps=31.18 avgTps=5071 avgMGps=472.0 elapsed=2h46m25s
Aug 10 20:50:37 nimbus-eth1-mainnet-short-benchmark[478875]: INF 2026-08-10 20:50:37.665+00:00 Imported blocks                            blockNumber=20319489 slot=9526159 blocks=319488 txs=51981692 mgas=4836521 bps=35.10 tps=5758 mgps=531.0 avgBps=31.27 avgTps=5086 avgMGps=473.3 elapsed=2h50m18s
Aug 10 20:54:10 nimbus-eth1-mainnet-short-benchmark[478875]: INF 2026-08-10 20:54:10.938+00:00 Imported blocks                            blockNumber=20327681 slot=9534381 blocks=327680 txs=53356123 mgas=4960245 bps=38.41 tps=6444 mgps=580.1 avgBps=31.41 avgTps=5114 avgMGps=475.5 elapsed=2h53m51s
Aug 10 20:57:40 nimbus-eth1-mainnet-short-benchmark[478875]: INF 2026-08-10 20:57:40.751+00:00 Imported blocks                            blockNumber=20335873 slot=9542617 blocks=335872 txs=54719105 mgas=5084025 bps=39.04 tps=6496 mgps=590.0 avgBps=31.56 avgTps=5141 avgMGps=477.7 elapsed=2h57m21s
Aug 10 21:01:31 nimbus-eth1-mainnet-short-benchmark[478875]: INF 2026-08-10 21:01:31.403+00:00 Imported blocks                            blockNumber=20344065 slot=9550841 blocks=344064 txs=56021853 mgas=5207843 bps=35.52 tps=5648 mgps=536.8 avgBps=31.65 avgTps=5152 avgMGps=479.0 elapsed=3h1m12s
Aug 10 21:05:54 nimbus-eth1-mainnet-short-benchmark[478875]: INF 2026-08-10 21:05:54.904+00:00 Imported blocks                            blockNumber=20352257 slot=9559072 blocks=352256 txs=57290408 mgas=5332016 bps=31.09 tps=4814 mgps=471.2 avgBps=31.63 avgTps=5144 avgMGps=478.8 elapsed=3h5m35s
Aug 10 21:09:54 nimbus-eth1-mainnet-short-benchmark[478875]: INF 2026-08-10 21:09:54.784+00:00 Imported blocks                            blockNumber=20360449 slot=9567308 blocks=360448 txs=58543463 mgas=5456201 bps=34.15 tps=5223 mgps=517.7 avgBps=31.69 avgTps=5146 avgMGps=479.6 elapsed=3h9m35s
Aug 10 21:13:47 nimbus-eth1-mainnet-short-benchmark[478875]: INF 2026-08-10 21:13:47.737+00:00 Imported blocks                            blockNumber=20368641 slot=9575548 blocks=368640 txs=59874056 mgas=5580204 bps=35.17 tps=5711 mgps=532.3 avgBps=31.76 avgTps=5157 avgMGps=480.7 elapsed=3h13m28s
Aug 10 21:17:47 nimbus-eth1-mainnet-short-benchmark[478875]: INF 2026-08-10 21:17:47.589+00:00 Imported blocks                            blockNumber=20376833 slot=9583774 blocks=376832 txs=61167066 mgas=5704396 bps=34.15 tps=5390 mgps=517.8 avgBps=31.80 avgTps=5162 avgMGps=481.4 elapsed=3h17m28s
Aug 10 21:21:43 nimbus-eth1-mainnet-short-benchmark[478875]: INF 2026-08-10 21:21:43.494+00:00 Imported blocks                            blockNumber=20385025 slot=9592009 blocks=385024 txs=62480333 mgas=5828235 bps=34.73 tps=5566 mgps=525.0 avgBps=31.86 avgTps=5170 avgMGps=482.3 elapsed=3h21m24s
Aug 10 21:25:38 nimbus-eth1-mainnet-short-benchmark[478875]: INF 2026-08-10 21:25:38.815+00:00 Imported blocks                            blockNumber=20393217 slot=9600248 blocks=393216 txs=63800597 mgas=5952136 bps=34.81 tps=5610 mgps=526.5 avgBps=31.92 avgTps=5178 avgMGps=483.1 elapsed=3h25m19s
Aug 10 21:29:24 nimbus-eth1-mainnet-short-benchmark[478875]: INF 2026-08-10 21:29:24.096+00:00 Imported blocks                            blockNumber=20401409 slot=9608486 blocks=401408 txs=65021243 mgas=6076384 bps=36.36 tps=5418 mgps=551.5 avgBps=32.00 avgTps=5183 avgMGps=484.4 elapsed=3h29m5s
Aug 10 21:33:23 nimbus-eth1-mainnet-short-benchmark[478875]: INF 2026-08-10 21:33:23.912+00:00 Imported blocks                            blockNumber=20409601 slot=9616707 blocks=409600 txs=66199016 mgas=6200666 bps=34.16 tps=4911 mgps=518.2 avgBps=32.04 avgTps=5177 avgMGps=485.0 elapsed=3h33m4s
Aug 10 21:37:17 nimbus-eth1-mainnet-short-benchmark[478875]: INF 2026-08-10 21:37:17.325+00:00 Imported blocks                            blockNumber=20417793 slot=9624941 blocks=417792 txs=67453930 mgas=6324823 bps=35.10 tps=5376 mgps=531.9 avgBps=32.09 avgTps=5181 avgMGps=485.8 elapsed=3h36m58s
Aug 10 21:40:43 nimbus-eth1-mainnet-short-benchmark[478875]: INF 2026-08-10 21:40:43.010+00:00 Imported blocks                            blockNumber=20425985 slot=9633187 blocks=425984 txs=68814904 mgas=6448778 bps=39.83 tps=6616 mgps=602.6 avgBps=32.21 avgTps=5203 avgMGps=487.7 elapsed=3h40m23s
Aug 10 21:44:08 nimbus-eth1-mainnet-short-benchmark[478875]: INF 2026-08-10 21:44:08.407+00:00 Imported blocks                            blockNumber=20434177 slot=9641422 blocks=434176 txs=70124508 mgas=6572711 bps=39.88 tps=6376 mgps=603.4 avgBps=32.33 avgTps=5221 avgMGps=489.4 elapsed=3h43m49s
Aug 10 21:47:46 nimbus-eth1-mainnet-short-benchmark[478875]: INF 2026-08-10 21:47:46.096+00:00 Imported blocks                            blockNumber=20442369 slot=9649657 blocks=442368 txs=71403576 mgas=6696451 bps=37.63 tps=5875 mgps=568.4 avgBps=32.42 avgTps=5232 avgMGps=490.7 elapsed=3h47m27s
Aug 10 21:51:43 nimbus-eth1-mainnet-short-benchmark[478875]: INF 2026-08-10 21:51:43.281+00:00 Imported blocks                            blockNumber=20450561 slot=9657896 blocks=450560 txs=72659905 mgas=6820521 bps=34.54 tps=5296 mgps=523.1 avgBps=32.45 avgTps=5233 avgMGps=491.2 elapsed=3h51m24s
Aug 10 21:55:59 nimbus-eth1-mainnet-short-benchmark[478875]: INF 2026-08-10 21:55:59.217+00:00 Imported blocks                            blockNumber=20458753 slot=9666114 blocks=458752 txs=73838533 mgas=6945116 bps=32.01 tps=4605 mgps=486.8 avgBps=32.44 avgTps=5221 avgMGps=491.2 elapsed=3h55m40s
Aug 10 21:59:53 nimbus-eth1-mainnet-short-benchmark[478875]: INF 2026-08-10 21:59:53.010+00:00 Imported blocks                            blockNumber=20466945 slot=9674343 blocks=466944 txs=75124748 mgas=7068943 bps=35.04 tps=5501 mgps=529.6 avgBps=32.49 avgTps=5226 avgMGps=491.8 elapsed=3h59m33s
Aug 10 22:03:43 nimbus-eth1-mainnet-short-benchmark[478875]: INF 2026-08-10 22:03:43.487+00:00 Imported blocks                            blockNumber=20475137 slot=9682575 blocks=475136 txs=76420106 mgas=7192870 bps=35.54 tps=5620 mgps=537.7 avgBps=32.53 avgTps=5232 avgMGps=492.5 elapsed=4h3m24s
Aug 10 22:07:24 nimbus-eth1-mainnet-short-benchmark[478875]: INF 2026-08-10 22:07:24.827+00:00 Imported blocks                            blockNumber=20483329 slot=9690800 blocks=483328 txs=77675422 mgas=7316939 bps=37.01 tps=5671 mgps=560.5 avgBps=32.60 avgTps=5239 avgMGps=493.5 elapsed=4h7m5s
Aug 10 22:11:02 nimbus-eth1-mainnet-short-benchmark[478875]: INF 2026-08-10 22:11:02.836+00:00 Imported blocks                            blockNumber=20491521 slot=9699019 blocks=491520 txs=78951232 mgas=7440784 bps=37.58 tps=5852 mgps=568.1 avgBps=32.67 avgTps=5248 avgMGps=494.6 elapsed=4h10m43s
Aug 10 22:14:56 nimbus-eth1-mainnet-short-benchmark[478875]: INF 2026-08-10 22:14:56.921+00:00 Imported blocks                            blockNumber=20499713 slot=9707248 blocks=499712 txs=80189642 mgas=7564669 bps=35.00 tps=5290 mgps=529.2 avgBps=32.71 avgTps=5248 avgMGps=495.1 elapsed=4h14m37s
Aug 10 22:18:55 nimbus-eth1-mainnet-short-benchmark[478875]: INF 2026-08-10 22:18:55.962+00:00 Imported blocks                            blockNumber=20507905 slot=9715488 blocks=507904 txs=81317763 mgas=7689208 bps=34.27 tps=4719 mgps=521.0 avgBps=32.73 avgTps=5240 avgMGps=495.5 elapsed=4h18m36s
Aug 10 22:22:29 nimbus-eth1-mainnet-short-benchmark[478875]: INF 2026-08-10 22:22:29.723+00:00 Imported blocks                            blockNumber=20516097 slot=9723715 blocks=516096 txs=82520262 mgas=7813209 bps=38.32 tps=5625 mgps=580.1 avgBps=32.81 avgTps=5245 avgMGps=496.7 elapsed=4h22m10s
Aug 10 22:26:16 nimbus-eth1-mainnet-short-benchmark[478875]: INF 2026-08-10 22:26:16.040+00:00 Imported blocks                            blockNumber=20524289 slot=9731945 blocks=524288 txs=83780075 mgas=7937233 bps=36.20 tps=5566 mgps=548.0 avgBps=32.86 avgTps=5250 avgMGps=497.4 elapsed=4h25m56s
Aug 10 22:30:03 nimbus-eth1-mainnet-short-benchmark[478875]: INF 2026-08-10 22:30:03.432+00:00 Imported blocks                            blockNumber=20532481 slot=9740183 blocks=532480 txs=85263862 mgas=8061024 bps=36.03 tps=6525 mgps=544.4 avgBps=32.90 avgTps=5268 avgMGps=498.1 elapsed=4h29m44s
Aug 10 22:33:59 nimbus-eth1-mainnet-short-benchmark[478875]: INF 2026-08-10 22:33:59.973+00:00 Imported blocks                            blockNumber=20540673 slot=9748418 blocks=540672 txs=86612143 mgas=8185090 bps=34.63 tps=5699 mgps=524.5 avgBps=32.93 avgTps=5274 avgMGps=498.5 elapsed=4h33m40s
Aug 10 22:38:02 nimbus-eth1-mainnet-short-benchmark[478875]: INF 2026-08-10 22:38:02.722+00:00 Imported blocks                            blockNumber=20548865 slot=9756662 blocks=548864 txs=87802991 mgas=8309513 bps=33.75 tps=4905 mgps=512.6 avgBps=32.94 avgTps=5269 avgMGps=498.7 elapsed=4h37m43s
Aug 10 22:42:03 nimbus-eth1-mainnet-short-benchmark[478875]: INF 2026-08-10 22:42:03.106+00:00 Imported blocks                            blockNumber=20557057 slot=9764892 blocks=557056 txs=88964987 mgas=8433956 bps=34.08 tps=4833 mgps=517.7 avgBps=32.95 avgTps=5262 avgMGps=498.9 elapsed=4h41m44s
Aug 10 22:45:51 nimbus-eth1-mainnet-short-benchmark[478875]: INF 2026-08-10 22:45:51.623+00:00 Imported blocks                            blockNumber=20565249 slot=9773131 blocks=565248 txs=90186094 mgas=8558113 bps=35.85 tps=5343 mgps=543.3 avgBps=32.99 avgTps=5264 avgMGps=499.5 elapsed=4h45m32s
Aug 10 22:49:43 nimbus-eth1-mainnet-short-benchmark[478875]: INF 2026-08-10 22:49:43.328+00:00 Imported blocks                            blockNumber=20573441 slot=9781369 blocks=573440 txs=91404654 mgas=8682228 bps=35.36 tps=5259 mgps=535.7 avgBps=33.02 avgTps=5263 avgMGps=500.0 elapsed=4h49m24s
Aug 10 22:53:28 nimbus-eth1-mainnet-short-benchmark[478875]: INF 2026-08-10 22:53:28.481+00:00 Imported blocks                            blockNumber=20581633 slot=9789611 blocks=581632 txs=92628389 mgas=8806651 bps=36.38 tps=5435 mgps=552.6 avgBps=33.07 avgTps=5266 avgMGps=500.7 elapsed=4h53m9s
Aug 10 22:57:19 nimbus-eth1-mainnet-short-benchmark[478875]: INF 2026-08-10 22:57:19.933+00:00 Imported blocks                            blockNumber=20589825 slot=9797855 blocks=589824 txs=93887208 mgas=8931023 bps=35.39 tps=5438 mgps=537.4 avgBps=33.10 avgTps=5268 avgMGps=501.2 elapsed=4h57m843ms
Aug 10 23:01:15 nimbus-eth1-mainnet-short-benchmark[478875]: INF 2026-08-10 23:01:15.442+00:00 Imported blocks                            blockNumber=20598017 slot=9806095 blocks=598016 txs=95163338 mgas=9055310 bps=34.78 tps=5418 mgps=527.7 avgBps=33.12 avgTps=5270 avgMGps=501.5 elapsed=5h56s351ms
Aug 10 23:05:12 nimbus-eth1-mainnet-short-benchmark[478875]: INF 2026-08-10 23:05:12.815+00:00 Imported blocks                            blockNumber=20606209 slot=9814347 blocks=606208 txs=96334664 mgas=9179976 bps=34.51 tps=4934 mgps=525.2 avgBps=33.14 avgTps=5265 avgMGps=501.8 elapsed=5h4m53s
Aug 10 23:09:00 nimbus-eth1-mainnet-short-benchmark[478875]: INF 2026-08-10 23:09:00.376+00:00 Imported blocks                            blockNumber=20614401 slot=9822581 blocks=614400 txs=97573414 mgas=9304574 bps=36.00 tps=5443 mgps=547.5 avgBps=33.17 avgTps=5268 avgMGps=502.4 elapsed=5h8m41s
Aug 10 23:12:49 nimbus-eth1-mainnet-short-benchmark[478875]: INF 2026-08-10 23:12:49.352+00:00 Imported blocks                            blockNumber=20622593 slot=9830821 blocks=622592 txs=98874772 mgas=9428835 bps=35.78 tps=5683 mgps=542.7 avgBps=33.20 avgTps=5273 avgMGps=502.9 elapsed=5h12m30s
Aug 10 23:16:29 nimbus-eth1-mainnet-short-benchmark[478875]: INF 2026-08-10 23:16:29.677+00:00 Imported blocks                            blockNumber=20630785 slot=9839058 blocks=630784 txs=100178707 mgas=9553009 bps=37.18 tps=5918 mgps=563.6 avgBps=33.25 avgTps=5280 avgMGps=503.6 elapsed=5h16m10s
Aug 10 23:20:18 nimbus-eth1-mainnet-short-benchmark[478875]: INF 2026-08-10 23:20:18.994+00:00 Imported blocks                            blockNumber=20638977 slot=9847313 blocks=638976 txs=101489116 mgas=9677171 bps=35.72 tps=5714 mgps=541.5 avgBps=33.28 avgTps=5285 avgMGps=504.0 elapsed=5h19m59s
Aug 10 23:24:08 nimbus-eth1-mainnet-short-benchmark[478875]: INF 2026-08-10 23:24:08.539+00:00 Imported blocks                            blockNumber=20647169 slot=9855549 blocks=647168 txs=102730058 mgas=9801643 bps=35.69 tps=5406 mgps=542.3 avgBps=33.31 avgTps=5287 avgMGps=504.5 elapsed=5h23m49s
Aug 10 23:28:08 nimbus-eth1-mainnet-short-benchmark[478875]: INF 2026-08-10 23:28:08.747+00:00 Imported blocks                            blockNumber=20655361 slot=9863778 blocks=655360 txs=103868002 mgas=9926541 bps=34.10 tps=4737 mgps=520.0 avgBps=33.32 avgTps=5280 avgMGps=504.7 elapsed=5h27m49s
Aug 10 23:31:53 nimbus-eth1-mainnet-short-benchmark[478875]: INF 2026-08-10 23:31:53.484+00:00 Imported blocks                            blockNumber=20663553 slot=9872013 blocks=663552 txs=105112198 mgas=10051274 bps=36.45 tps=5536 mgps=555.0 avgBps=33.35 avgTps=5283 avgMGps=505.2 elapsed=5h31m34s
Aug 10 23:35:27 nimbus-eth1-mainnet-short-benchmark[478875]: INF 2026-08-10 23:35:27.785+00:00 Imported blocks                            blockNumber=20671745 slot=9880241 blocks=671744 txs=106395904 mgas=10175177 bps=38.23 tps=5990 mgps=578.2 avgBps=33.41 avgTps=5291 avgMGps=506.0 elapsed=5h35m8s
Aug 10 23:39:07 nimbus-eth1-mainnet-short-benchmark[478875]: INF 2026-08-10 23:39:07.878+00:00 Imported blocks                            blockNumber=20679937 slot=9888471 blocks=679936 txs=107674271 mgas=10299404 bps=37.22 tps=5808 mgps=564.4 avgBps=33.45 avgTps=5296 avgMGps=506.6 elapsed=5h38m48s
Aug 10 23:42:37 nimbus-eth1-mainnet-short-benchmark[478875]: INF 2026-08-10 23:42:37.731+00:00 Imported blocks                            blockNumber=20688129 slot=9896698 blocks=688128 txs=108938536 mgas=10423298 bps=39.04 tps=6024 mgps=590.4 avgBps=33.50 avgTps=5304 avgMGps=507.5 elapsed=5h42m18s
Aug 10 23:46:20 nimbus-eth1-mainnet-short-benchmark[478875]: INF 2026-08-10 23:46:20.080+00:00 Imported blocks                            blockNumber=20696321 slot=9904930 blocks=696320 txs=110235786 mgas=10547469 bps=36.84 tps=5834 mgps=558.5 avgBps=33.54 avgTps=5309 avgMGps=508.0 elapsed=5h46m987ms
Aug 10 23:50:20 nimbus-eth1-mainnet-short-benchmark[478875]: INF 2026-08-10 23:50:20.129+00:00 Imported blocks                            blockNumber=20704513 slot=9913154 blocks=704512 txs=111483759 mgas=10671677 bps=34.13 tps=5198 mgps=517.4 avgBps=33.55 avgTps=5308 avgMGps=508.1 elapsed=5h50m1s
Aug 10 23:54:07 nimbus-eth1-mainnet-short-benchmark[478875]: INF 2026-08-10 23:54:07.350+00:00 Imported blocks                            blockNumber=20712705 slot=9921388 blocks=712704 txs=112764170 mgas=10795980 bps=36.05 tps=5635 mgps=547.1 avgBps=33.57 avgTps=5311 avgMGps=508.6 elapsed=5h53m48s
Aug 10 23:57:38 nimbus-eth1-mainnet-short-benchmark[478875]: INF 2026-08-10 23:57:38.283+00:00 Imported blocks                            blockNumber=20720897 slot=9929633 blocks=720896 txs=114110517 mgas=10919926 bps=38.84 tps=6382 mgps=587.6 avgBps=33.63 avgTps=5322 avgMGps=509.3 elapsed=5h57m19s
Aug 11 00:01:16 nimbus-eth1-mainnet-short-benchmark[478875]: INF 2026-08-11 00:01:16.007+00:00 Imported blocks                            blockNumber=20729089 slot=9937869 blocks=729088 txs=115449431 mgas=11043768 bps=37.63 tps=6149 mgps=568.8 avgBps=33.67 avgTps=5330 avgMGps=509.9 elapsed=6h56s915ms
Aug 11 00:04:46 nimbus-eth1-mainnet-short-benchmark[478875]: INF 2026-08-11 00:04:46.920+00:00 Imported blocks                            blockNumber=20737281 slot=9946108 blocks=737280 txs=116784468 mgas=11167784 bps=38.84 tps=6329 mgps=588.0 avgBps=33.72 avgTps=5340 avgMGps=510.7 elapsed=6h4m27s
Aug 11 00:08:27 nimbus-eth1-mainnet-short-benchmark[478875]: INF 2026-08-11 00:08:27.793+00:00 Imported blocks                            blockNumber=20745473 slot=9954342 blocks=745472 txs=118101003 mgas=11291742 bps=37.09 tps=5960 mgps=561.2 avgBps=33.75 avgTps=5346 avgMGps=511.2 elapsed=6h8m8s
Aug 11 00:12:23 nimbus-eth1-mainnet-short-benchmark[478875]: INF 2026-08-11 00:12:23.138+00:00 Imported blocks                            blockNumber=20753665 slot=9962581 blocks=753664 txs=119337525 mgas=11415859 bps=34.81 tps=5254 mgps=527.4 avgBps=33.76 avgTps=5345 avgMGps=511.4 elapsed=6h12m4s
Aug 11 00:16:09 nimbus-eth1-mainnet-short-benchmark[478875]: INF 2026-08-11 00:16:09.055+00:00 Imported blocks                            blockNumber=20761857 slot=9970803 blocks=761856 txs=120564314 mgas=11540225 bps=36.26 tps=5430 mgps=550.5 avgBps=33.79 avgTps=5346 avgMGps=511.8 elapsed=6h15m49s
Aug 11 00:19:41 nimbus-eth1-mainnet-short-benchmark[478875]: INF 2026-08-11 00:19:41.388+00:00 Imported blocks                            blockNumber=20770049 slot=9979058 blocks=770048 txs=121858083 mgas=11663918 bps=38.58 tps=6093 mgps=582.6 avgBps=33.83 avgTps=5353 avgMGps=512.4 elapsed=6h19m22s
Aug 11 00:23:04 nimbus-eth1-mainnet-short-benchmark[478875]: INF 2026-08-11 00:23:04.541+00:00 Imported blocks                            blockNumber=20778241 slot=9987307 blocks=778240 txs=123161734 mgas=11787906 bps=40.32 tps=6417 mgps=610.3 avgBps=33.89 avgTps=5362 avgMGps=513.3 elapsed=6h22m45s
Aug 11 00:26:23 nimbus-eth1-mainnet-short-benchmark[478875]: INF 2026-08-11 00:26:23.042+00:00 Imported blocks                            blockNumber=20786433 slot=9995542 blocks=786432 txs=124509456 mgas=11911612 bps=41.27 tps=6789 mgps=623.2 avgBps=33.95 avgTps=5375 avgMGps=514.2 elapsed=6h26m3s
Aug 11 00:29:47 nimbus-eth1-mainnet-short-benchmark[478875]: INF 2026-08-11 00:29:47.155+00:00 Imported blocks                            blockNumber=20794625 slot=10003781 blocks=794624 txs=125848921 mgas=12035338 bps=40.13 tps=6562 mgps=606.2 avgBps=34.00 avgTps=5385 avgMGps=515.0 elapsed=6h29m28s
Aug 11 00:33:16 nimbus-eth1-mainnet-short-benchmark[478875]: INF 2026-08-11 00:33:16.864+00:00 Imported blocks                            blockNumber=20802817 slot=10012028 blocks=802816 txs=127089868 mgas=12158989 bps=39.06 tps=5917 mgps=589.6 avgBps=34.05 avgTps=5390 avgMGps=515.7 elapsed=6h32m57s
Aug 11 00:36:53 nimbus-eth1-mainnet-short-benchmark[478875]: INF 2026-08-11 00:36:53.989+00:00 Imported blocks                            blockNumber=20811009 slot=10020249 blocks=811008 txs=128299762 mgas=12282850 bps=37.73 tps=5572 mgps=570.5 avgBps=34.08 avgTps=5391 avgMGps=516.2 elapsed=6h36m34s
Aug 11 00:40:17 nimbus-eth1-mainnet-short-benchmark[478875]: INF 2026-08-11 00:40:17.790+00:00 Imported blocks                            blockNumber=20819201 slot=10028481 blocks=819200 txs=129596319 mgas=12406594 bps=40.20 tps=6361 mgps=607.2 avgBps=34.14 avgTps=5400 avgMGps=517.0 elapsed=6h39m58s
Aug 11 00:43:40 nimbus-eth1-mainnet-short-benchmark[478875]: INF 2026-08-11 00:43:40.624+00:00 Imported blocks                            blockNumber=20827393 slot=10036710 blocks=827392 txs=130916729 mgas=12530249 bps=40.39 tps=6509 mgps=609.6 avgBps=34.19 avgTps=5409 avgMGps=517.7 elapsed=6h43m21s
Aug 11 00:47:03 nimbus-eth1-mainnet-short-benchmark[478875]: INF 2026-08-11 00:47:03.689+00:00 Imported blocks                            blockNumber=20835585 slot=10044938 blocks=835584 txs=132226625 mgas=12654070 bps=40.34 tps=6450 mgps=609.7 avgBps=34.24 avgTps=5418 avgMGps=518.5 elapsed=6h46m44s
Aug 11 00:50:38 nimbus-eth1-mainnet-short-benchmark[478875]: INF 2026-08-11 00:50:38.430+00:00 Imported blocks                            blockNumber=20843777 slot=10053164 blocks=843776 txs=133604192 mgas=12777730 bps=38.15 tps=6415 mgps=575.9 avgBps=34.27 avgTps=5426 avgMGps=519.0 elapsed=6h50m19s
Aug 11 00:54:40 nimbus-eth1-mainnet-short-benchmark[478875]: INF 2026-08-11 00:54:40.374+00:00 Imported blocks                            blockNumber=20851969 slot=10061391 blocks=851968 txs=134900706 mgas=12901664 bps=33.86 tps=5358 mgps=512.2 avgBps=34.27 avgTps=5426 avgMGps=518.9 elapsed=6h54m21s
Aug 11 00:58:29 nimbus-eth1-mainnet-short-benchmark[478875]: INF 2026-08-11 00:58:29.547+00:00 Imported blocks                            blockNumber=20860161 slot=10069622 blocks=860160 txs=136168750 mgas=13025603 bps=35.75 tps=5533 mgps=540.8 avgBps=34.28 avgTps=5427 avgMGps=519.1 elapsed=6h58m10s
Aug 11 01:02:16 nimbus-eth1-mainnet-short-benchmark[478875]: INF 2026-08-11 01:02:16.048+00:00 Imported blocks                            blockNumber=20868353 slot=10077838 blocks=868352 txs=137550724 mgas=13149742 bps=36.17 tps=6101 mgps=548.1 avgBps=34.30 avgTps=5433 avgMGps=519.4 elapsed=7h1m56s
Aug 11 01:06:00 nimbus-eth1-mainnet-short-benchmark[478875]: INF 2026-08-11 01:06:00.933+00:00 Imported blocks                            blockNumber=20876545 slot=10086066 blocks=876544 txs=138954673 mgas=13273457 bps=36.43 tps=6242 mgps=550.1 avgBps=34.32 avgTps=5440 avgMGps=519.7 elapsed=7h5m41s
Aug 11 01:09:41 nimbus-eth1-mainnet-short-benchmark[478875]: INF 2026-08-11 01:09:41.482+00:00 Imported blocks                            blockNumber=20884737 slot=10094286 blocks=884736 txs=140256178 mgas=13397479 bps=37.14 tps=5901 mgps=562.3 avgBps=34.34 avgTps=5444 avgMGps=520.0 elapsed=7h9m22s
Aug 11 01:13:15 nimbus-eth1-mainnet-short-benchmark[478875]: INF 2026-08-11 01:13:15.495+00:00 Imported blocks                            blockNumber=20892929 slot=10102512 blocks=892928 txs=141581868 mgas=13521575 bps=38.28 tps=6194 mgps=579.9 avgBps=34.37 avgTps=5450 avgMGps=520.5 elapsed=7h12m56s
Aug 11 01:16:48 nimbus-eth1-mainnet-short-benchmark[478875]: INF 2026-08-11 01:16:48.688+00:00 Imported blocks                            blockNumber=20901121 slot=10110732 blocks=901120 txs=142875889 mgas=13645572 bps=38.43 tps=6069 mgps=581.6 avgBps=34.41 avgTps=5455 avgMGps=521.0 elapsed=7h16m29s
Aug 11 01:20:22 nimbus-eth1-mainnet-short-benchmark[478875]: INF 2026-08-11 01:20:22.317+00:00 Imported blocks                            blockNumber=20909313 slot=10118953 blocks=909312 txs=144102308 mgas=13769390 bps=38.35 tps=5740 mgps=579.6 avgBps=34.44 avgTps=5457 avgMGps=521.5 elapsed=7h20m3s
Aug 11 01:23:51 nimbus-eth1-mainnet-short-benchmark[478875]: INF 2026-08-11 01:23:51.414+00:00 Imported blocks                            blockNumber=20917505 slot=10127176 blocks=917504 txs=145406349 mgas=13893087 bps=39.18 tps=6236 mgps=591.6 avgBps=34.48 avgTps=5463 avgMGps=522.1 elapsed=7h23m32s
Aug 11 01:27:12 nimbus-eth1-mainnet-short-benchmark[478875]: INF 2026-08-11 01:27:12.247+00:00 Imported blocks                            blockNumber=20925697 slot=10135394 blocks=925696 txs=146718394 mgas=14016820 bps=40.79 tps=6533 mgps=616.1 avgBps=34.52 avgTps=5471 avgMGps=522.8 elapsed=7h26m53s
Aug 11 01:30:45 nimbus-eth1-mainnet-short-benchmark[478875]: INF 2026-08-11 01:30:45.800+00:00 Imported blocks                            blockNumber=20933889 slot=10143614 blocks=933888 txs=148049109 mgas=14140625 bps=38.36 tps=6231 mgps=579.7 avgBps=34.55 avgTps=5477 avgMGps=523.2 elapsed=7h30m26s
Aug 11 01:34:12 nimbus-eth1-mainnet-short-benchmark[478875]: INF 2026-08-11 01:34:12.437+00:00 Imported blocks                            blockNumber=20942081 slot=10151840 blocks=942080 txs=149397364 mgas=14264352 bps=39.64 tps=6524 mgps=598.7 avgBps=34.59 avgTps=5485 avgMGps=523.8 elapsed=7h33m53s
Aug 11 01:37:43 nimbus-eth1-mainnet-short-benchmark[478875]: INF 2026-08-11 01:37:43.122+00:00 Imported blocks                            blockNumber=20950273 slot=10160098 blocks=950272 txs=150765507 mgas=14388237 bps=38.88 tps=6493 mgps=588.0 avgBps=34.63 avgTps=5493 avgMGps=524.3 elapsed=7h37m24s
Aug 11 01:41:30 nimbus-eth1-mainnet-short-benchmark[478875]: INF 2026-08-11 01:41:30.067+00:00 Imported blocks                            blockNumber=20958465 slot=10168363 blocks=958464 txs=152044771 mgas=14511987 bps=36.10 tps=5636 mgps=545.3 avgBps=34.64 avgTps=5494 avgMGps=524.4 elapsed=7h41m10s
Aug 11 01:45:07 nimbus-eth1-mainnet-short-benchmark[478875]: INF 2026-08-11 01:45:07.400+00:00 Imported blocks                            blockNumber=20966657 slot=10176609 blocks=966656 txs=153365296 mgas=14635804 bps=37.69 tps=6076 mgps=569.7 avgBps=34.66 avgTps=5499 avgMGps=524.8 elapsed=7h44m48s
Aug 11 01:48:41 nimbus-eth1-mainnet-short-benchmark[478875]: INF 2026-08-11 01:48:41.889+00:00 Imported blocks                            blockNumber=20974849 slot=10184849 blocks=974848 txs=154744917 mgas=14759580 bps=38.19 tps=6431 mgps=577.1 avgBps=34.69 avgTps=5506 avgMGps=525.2 elapsed=7h48m22s
Aug 11 01:52:24 nimbus-eth1-mainnet-short-benchmark[478875]: INF 2026-08-11 01:52:24.089+00:00 Imported blocks                            blockNumber=20983041 slot=10193086 blocks=983040 txs=156055229 mgas=14883451 bps=36.87 tps=5897 mgps=557.5 avgBps=34.71 avgTps=5509 avgMGps=525.5 elapsed=7h52m4s
Aug 11 01:55:38 nimbus-eth1-mainnet-short-benchmark[478875]: INF 2026-08-11 01:55:38.523+00:00 Imported blocks                            blockNumber=20991233 slot=10201319 blocks=991232 txs=157563202 mgas=15007557 bps=42.13 tps=7755 mgps=638.3 avgBps=34.76 avgTps=5524 avgMGps=526.2 elapsed=7h55m19s
Aug 11 01:59:23 nimbus-eth1-mainnet-short-benchmark[478875]: INF 2026-08-11 01:59:23.292+00:00 Imported blocks                            blockNumber=20999425 slot=10209549 blocks=999424 txs=159003277 mgas=15131383 bps=36.45 tps=6406 mgps=550.9 avgBps=34.77 avgTps=5531 avgMGps=526.4 elapsed=7h59m4s
Aug 11 01:59:39 nimbus-eth1-mainnet-short-benchmark[478875]: INF 2026-08-11 01:59:39.491+00:00 Imported blocks                            blockNumber=21000001 slot=10210128 blocks=1000000 txs=159109486 mgas=15140191 bps=35.56 tps=6556 mgps=543.7 avgBps=34.77 avgTps=5532 avgMGps=526.4 elapsed=7h59m20s
Aug 11 01:59:39 nimbus-eth1-mainnet-short-benchmark[478875]: NTC 2026-08-11 01:59:39.491+00:00 Import complete                            blockNumber=21000001 slot=10210128 blocks=1000000 txs=159109486 mgas=15140191
Aug 11 01:59:40 nimbus-eth1-mainnet-short-benchmark[447373]: <<< ending startNimbusWithImport (success)
Aug 11 01:59:40 nimbus-eth1-mainnet-short-benchmark[447373]: >>> starting moveBenchmarkingFileToRepo
Aug 11 01:59:40 nimbus-eth1-mainnet-short-benchmark[447373]: >>> copying debug-csv generated by nimbus to benchmarks repo
Aug 11 01:59:40 nimbus-eth1-mainnet-short-benchmark[447373]: <<< ending moveBenchmarkingFileToRepo (success)
Aug 11 01:59:40 nimbus-eth1-mainnet-short-benchmark[447373]: >>> starting generateBuildEnvironmentLogFile
Aug 11 01:59:49 nimbus-eth1-mainnet-short-benchmark[447373]: <<< ending generateBuildEnvironmentLogFile (success)
Aug 11 01:59:49 nimbus-eth1-mainnet-short-benchmark[447373]: >>> starting generateSystemdServiceLogs
