Jul 30 02:01:43 nimbus-eth1-mainnet-short-benchmark[122921]: >>> starting cloneOrFetchBenchmarksRepo
Jul 30 02:01:43 nimbus-eth1-mainnet-short-benchmark[122921]: >>> Fetching latest changes for nimbus-eth1-benchmarks...
Jul 30 02:01:44 nimbus-eth1-mainnet-short-benchmark[122969]: HEAD is now at 52cb214 chore: update short benchmark Readme
Jul 30 02:01:45 nimbus-eth1-mainnet-short-benchmark[122921]: <<< ending cloneOrFetchBenchmarksRepo (success)
Jul 30 02:01:45 nimbus-eth1-mainnet-short-benchmark[122921]: >>> starting cloneOrFetchNimbusRepo
Jul 30 02:01:55 nimbus-eth1-mainnet-short-benchmark[122921]: >>> Fetching latest changes for nimbus-eth1...
Jul 30 02:01:56 nimbus-eth1-mainnet-short-benchmark[123312]: From https://github.com/status-im/nimbus-eth1
Jul 30 02:01:56 nimbus-eth1-mainnet-short-benchmark[123312]:    2ed512525..bdd25396d  master                 -> origin/master
Jul 30 02:01:56 nimbus-eth1-mainnet-short-benchmark[123312]:  + 7f9a7125f...1ac2e2c85 nix/add-service-module -> origin/nix/add-service-module  (forced update)
Jul 30 02:01:56 nimbus-eth1-mainnet-short-benchmark[123320]: warning: unable to rmdir 'vendor/libtommath': Directory not empty
Jul 30 02:01:56 nimbus-eth1-mainnet-short-benchmark[123320]: HEAD is now at bdd25396d use stable nimbus-eth2 image for kurtosis again (#4587)
Jul 30 02:01:56 nimbus-eth1-mainnet-short-benchmark[122921]: >>> Found last benchmarked commit: 1d6c1322
Jul 30 02:01:56 nimbus-eth1-mainnet-short-benchmark[122921]: >>> Using next commit: 664b3c6292bc909d5ff06f3d9d212bf8f5dfc287
Jul 30 02:01:56 nimbus-eth1-mainnet-short-benchmark[123336]: HEAD is now at 664b3c629 proxy: op-stack support (#4360)
Jul 30 02:01:56 nimbus-eth1-mainnet-short-benchmark[122921]: >>> Current commit: 664b3c629
Jul 30 02:01:56 nimbus-eth1-mainnet-short-benchmark[122921]: <<< ending cloneOrFetchNimbusRepo (success)
Jul 30 02:01:56 nimbus-eth1-mainnet-short-benchmark[122921]: >>> starting buildBinaries
Jul 30 02:01:56 nimbus-eth1-mainnet-short-benchmark[122921]: >>> Building binaries for commit 664b3c62...
Jul 30 02:02:04 nimbus-eth1-mainnet-short-benchmark[128705]: Building: Nim compiler
Jul 30 02:03:58 nimbus-eth1-mainnet-short-benchmark[128705]: Building custom Nimble commit: 42ef70c2102a942c46f13eb76872326edd525cec
Jul 30 02:04:07 nimbus-eth1-mainnet-short-benchmark[128705]: Building Nimble...
Jul 30 02:04:18 nimbus-eth1-mainnet-short-benchmark[128705]: Replacing nimble binary...
Jul 30 02:04:18 nimbus-eth1-mainnet-short-benchmark[137635]: cp: cannot stat '/data/status-im/nimbus-eth1/build/*': No such file or directory
Jul 30 02:04:18 nimbus-eth1-mainnet-short-benchmark[137613]: ROCKSDB VERSION NOT FOUND
Jul 30 02:04:18 nimbus-eth1-mainnet-short-benchmark[137761]: make[1]: Entering directory '/data/status-im/nimbus-eth1/vendor/nim-rocksdb/vendor/rocksdb'
Jul 30 02:04:18 nimbus-eth1-mainnet-short-benchmark[137761]: $DEBUG_LEVEL is 0, $LIB_MODE is static
Jul 30 02:04:19 nimbus-eth1-mainnet-short-benchmark[137761]: make[1]: Leaving directory '/data/status-im/nimbus-eth1/vendor/nim-rocksdb/vendor/rocksdb'
Jul 30 02:04:19 nimbus-eth1-mainnet-short-benchmark[138210]: Cleaning up RocksDb build artifacts.
Jul 30 02:04:19 nimbus-eth1-mainnet-short-benchmark[137641]: Building RocksDb static libraries.
Jul 30 02:07:33 nimbus-eth1-mainnet-short-benchmark[141717]: Building: build/nimbus_execution_client
Jul 30 02:09:59 nimbus-eth1-mainnet-short-benchmark[122921]: >>> renaming binaries to match commit they were built from
Jul 30 02:09:59 nimbus-eth1-mainnet-short-benchmark[122921]: >>> creating a symbolic link to the latest version
Jul 30 02:09:59 nimbus-eth1-mainnet-short-benchmark[122921]: >>> deleting copies that are older than N days
Jul 30 02:09:59 nimbus-eth1-mainnet-short-benchmark[122921]: <<< ending buildBinaries (success)
Jul 30 02:09:59 nimbus-eth1-mainnet-short-benchmark[122921]: >>> starting skipOrContinueBenchmark
Jul 30 02:09:59 nimbus-eth1-mainnet-short-benchmark[122921]: <<< ending skipOrContinueBenchmark (success)
Jul 30 02:09:59 nimbus-eth1-mainnet-short-benchmark[122921]: >>> starting copyTemplateDatabase
Jul 30 02:09:59 nimbus-eth1-mainnet-short-benchmark[122921]: >>> Copying template db into nimbus data directory
Jul 30 02:13:09 nimbus-eth1-mainnet-short-benchmark[122921]: >>> Template db copied
Jul 30 02:13:09 nimbus-eth1-mainnet-short-benchmark[122921]: >>> making nimbus the owner of the copied files
Jul 30 02:13:09 nimbus-eth1-mainnet-short-benchmark[122921]: <<< ending copyTemplateDatabase (success)
Jul 30 02:13:09 nimbus-eth1-mainnet-short-benchmark[122921]: >>> starting startNimbusWithImport
Jul 30 02:13:09 nimbus-eth1-mainnet-short-benchmark[147551]: INF 2026-07-30 02:13:09.342+00:00 Launching execution client                 version=v0.3.1-664b3c62 config="(configFile: none(InputFile), dataDirFlag: some(/data/status-im/nimbus-eth1/data/shared_mainnet_0), era1DirFlag: some(/data/era1), eraDirFlag: some(/data/era), ereDirFlag: none(OutDir), keyStoreDirFlag: none(OutDir), importKey: , trustedSetupFile: none(string), extraData: Nimbus/v0.3.1-664b3c62, gasLimit: 60000000, maxBlobs: none(byte), network: [mainnet], customNetwork: none(NetworkParams), networkId: 1, networkParams: (config: ..., genesis: (nonce: 0x0000000000000042, timestamp: 0, extraData: [17, 187, 232, 219, 78, 52, 123, 78, 140, 147, 124, 28, 131, 112, 228, 181, 237, 51, 173, 179, 219, 105, 203, 219, 122, 56, 225, 229, 11, 27, 130, 250], gasLimit: 5000, difficulty: 17179869184, mixHash: 0x0000000000000000000000000000000000000000000000000000000000000000, coinbase: 0x0000000000000000000000000000000000000000, alloc: 8893, number: 0, gasUser: 0, parentHash: 0x0000000000000000000000000000000000000000000000000000000000000000, baseFeePerGas: none(), blobGasUsed: -1, excessBlobGas: -1, parentBeaconBlockRoot: none())), logLevel: INFO, logFormat: auto, metricsEnabled: false, metricsPort: 9093, metricsAddress: 127.0.0.1, bootstrapNodes: [], bootstrapFile: , staticPeers: [], staticPeersFile: , reconnectMaxRetry: 0, reconnectInterval: 15, listenAddress: ::, tcpPort: 30303, udpPortFlag: none(Port), maxPeers: 25, nat: (hasExtIp: false, nat: NatAny), discovery: [V4, V5], netKey: random, agentString: Nimbus/v0.3.1-664b3c62/linux-amd64/Nim-2.2.10, numThreads: 0, persistBatchSize: 4, dynamicBatchSize: false, rocksdbMaxOpenFiles: 2048, rocksdbWriteBufferSize: 67108864, rocksdbRowCacheSize: 0, rocksdbBlockCacheSize: 2147483648, rocksdbBlockCacheType: hyperclock, rdbVtxCacheSize: 536870912, rdbKeyCacheSize: 1342177280, rdbBranchCacheSize: 1073741824, rdbPrintStats: false, rewriteDatadirId: true, aristoDbMaxSnapshots: 5, parallelStateRootComputation: false, optimisticStatePrefetch: false, balStatePrefetch: false, balStatePrefetchWorkers: 0, eagerStateRootCheck: false, deserializeFcState: true, statelessProviderEnabled: false, statelessWitnessValidation: false, cmd: import, maxBlocks: 1000000, chunkSize: 8192, csvStats: some("/data/host-benchmarks/short/659c0141a7814c48b7cc6766ddd31db6/blocks-import-benchmark.csv"), validation: false, fullValidation: false, storeBodies: false, storeReceipts: false, storeSlotHashes: false)"
Jul 30 02:13:09 nimbus-eth1-mainnet-short-benchmark[147551]: WRN 2026-07-30 02:13:09.342+00:00 Data directory has insecure permissions. Correcting them. data_dir=/data/status-im/nimbus-eth1/data/shared_mainnet_0 current_permissions=0755 required_permissions=0700
Jul 30 02:13:11 nimbus-eth1-mainnet-short-benchmark[147551]: INF 2026-07-30 02:13:11.254+00:00 Taskpool started                           numThreads=16
Jul 30 02:13:11 nimbus-eth1-mainnet-short-benchmark[147551]: INF 2026-07-30 02:13:11.386+00:00 Writing data dir ID                        ID=0x0a036d6f6dfe59156bb6359f0243c93d5a421ed688de5aa85a62d15dca8dbd5c
Jul 30 02:13:11 nimbus-eth1-mainnet-short-benchmark[147551]: INF 2026-07-30 02:13:11.410+00:00 Database initialized                       base="(0xd24fd73f794058a3807db926d8898c6481e902b7edb91ce0d479d6760f276183, 20000000)" finalized="(0xd24fd73f794058a3807db926d8898c6481e902b7edb91ce0d479d6760f276183, 20000000)" head="(0xd4e56740f876aef8c010b86a40d5f56745a118d0906a34e69aec8c0db1cb8fa3, 0)"
Jul 30 02:13:11 nimbus-eth1-mainnet-short-benchmark[147551]: NTC 2026-07-30 02:13:11.410+00:00 Could not open ere database, falling back to era1/era import ereDir=/data/status-im/nimbus-eth1/data/shared_mainnet_0/ere networkName=mainnet error="No ere files found in /data/status-im/nimbus-eth1/data/shared_mainnet_0/ere"
Jul 30 02:13:11 nimbus-eth1-mainnet-short-benchmark[147551]: NTC 2026-07-30 02:13:11.410+00:00 Importing era archive                      blockNumber=20000001 dataDir=/data/status-im/nimbus-eth1/data/shared_mainnet_0 eraDir=/data/era
Jul 30 02:13:13 nimbus-eth1-mainnet-short-benchmark[147551]: NTC 2026-07-30 02:13:13.614+00:00 Matched block to slot number               blockNumber=20000001 slot=9204783
Jul 30 02:19:36 nimbus-eth1-mainnet-short-benchmark[147551]: INF 2026-07-30 02:19:36.093+00:00 Imported blocks                            blockNumber=20008193 slot=9213020 blocks=8192 txs=1226966 mgas=124237 bps=21.30 tps=3189 mgps=323.0 avgBps=21.30 avgTps=3189 avgMGps=323.0 elapsed=6m24s683ms
Jul 30 02:25:22 nimbus-eth1-mainnet-short-benchmark[147551]: INF 2026-07-30 02:25:22.660+00:00 Imported blocks                            blockNumber=20016385 slot=9221256 blocks=16384 txs=2540380 mgas=248071 bps=23.64 tps=3789 mgps=357.3 avgBps=22.41 avgTps=3474 avgMGps=339.2 elapsed=12m11s245ms
Jul 30 02:30:52 nimbus-eth1-mainnet-short-benchmark[147551]: INF 2026-07-30 02:30:52.587+00:00 Imported blocks                            blockNumber=20024577 slot=9229485 blocks=24576 txs=3869398 mgas=372018 bps=24.83 tps=4028 mgps=375.7 avgBps=23.16 avgTps=3646 avgMGps=350.6 elapsed=17m41s175ms
Jul 30 02:35:44 nimbus-eth1-mainnet-short-benchmark[147551]: INF 2026-07-30 02:35:44.971+00:00 Imported blocks                            blockNumber=20032769 slot=9237722 blocks=32768 txs=5222766 mgas=495797 bps=28.02 tps=4628 mgps=423.3 avgBps=24.21 avgTps=3858 avgMGps=366.3 elapsed=22m33s556ms
Jul 30 02:40:25 nimbus-eth1-mainnet-short-benchmark[147551]: INF 2026-07-30 02:40:25.299+00:00 Imported blocks                            blockNumber=20040961 slot=9245957 blocks=40960 txs=6566802 mgas=619586 bps=29.22 tps=4794 mgps=441.6 avgBps=25.07 avgTps=4019 avgMGps=379.2 elapsed=27m13s886ms
Jul 30 02:45:27 nimbus-eth1-mainnet-short-benchmark[147551]: INF 2026-07-30 02:45:27.518+00:00 Imported blocks                            blockNumber=20049153 slot=9254196 blocks=49152 txs=7904746 mgas=743522 bps=27.11 tps=4427 mgps=410.1 avgBps=25.39 avgTps=4082 avgMGps=384.0 elapsed=32m16s109ms
Jul 30 02:50:21 nimbus-eth1-mainnet-short-benchmark[147551]: INF 2026-07-30 02:50:21.470+00:00 Imported blocks                            blockNumber=20057345 slot=9262435 blocks=57344 txs=9212009 mgas=867360 bps=27.87 tps=4447 mgps=421.3 avgBps=25.71 avgTps=4130 avgMGps=388.9 elapsed=37m10s57ms
Jul 30 02:54:52 nimbus-eth1-mainnet-short-benchmark[147551]: INF 2026-07-30 02:54:52.394+00:00 Imported blocks                            blockNumber=20065537 slot=9270674 blocks=65536 txs=10559018 mgas=991371 bps=30.24 tps=4971 mgps=457.7 avgBps=26.20 avgTps=4221 avgMGps=396.4 elapsed=41m40s980ms
Jul 30 02:59:10 nimbus-eth1-mainnet-short-benchmark[147551]: INF 2026-07-30 02:59:10.595+00:00 Imported blocks                            blockNumber=20073729 slot=9278910 blocks=73728 txs=11898676 mgas=1115111 bps=31.73 tps=5188 mgps=479.2 avgBps=26.72 avgTps=4312 avgMGps=404.1 elapsed=45m59s182ms
Jul 30 03:03:19 nimbus-eth1-mainnet-short-benchmark[147551]: INF 2026-07-30 03:03:19.251+00:00 Imported blocks                            blockNumber=20081921 slot=9287152 blocks=81920 txs=13323263 mgas=1239150 bps=32.94 tps=5729 mgps=498.8 avgBps=27.24 avgTps=4429 avgMGps=412.0 elapsed=50m7s840ms
Jul 30 03:07:28 nimbus-eth1-mainnet-short-benchmark[147551]: INF 2026-07-30 03:07:28.780+00:00 Imported blocks                            blockNumber=20090113 slot=9295408 blocks=90112 txs=14697082 mgas=1363113 bps=32.83 tps=5505 mgps=496.8 avgBps=27.66 avgTps=4511 avgMGps=418.5 elapsed=54m17s365ms
Jul 30 03:11:51 nimbus-eth1-mainnet-short-benchmark[147551]: INF 2026-07-30 03:11:51.556+00:00 Imported blocks                            blockNumber=20098305 slot=9303658 blocks=98304 txs=16025683 mgas=1487146 bps=31.17 tps=5055 mgps=472.0 avgBps=27.93 avgTps=4552 avgMGps=422.5 elapsed=58m40s144ms
Jul 30 03:16:23 nimbus-eth1-mainnet-short-benchmark[147551]: INF 2026-07-30 03:16:23.736+00:00 Imported blocks                            blockNumber=20106497 slot=9311895 blocks=106496 txs=17337157 mgas=1611066 bps=30.10 tps=4818 mgps=455.3 avgBps=28.08 avgTps=4571 avgMGps=424.8 elapsed=1h3m12s
Jul 30 03:20:42 nimbus-eth1-mainnet-short-benchmark[147551]: INF 2026-07-30 03:20:42.780+00:00 Imported blocks                            blockNumber=20114689 slot=9320146 blocks=114688 txs=18632097 mgas=1735123 bps=31.62 tps=4998 mgps=478.9 avgBps=28.31 avgTps=4598 avgMGps=428.3 elapsed=1h7m31s
Jul 30 03:24:47 nimbus-eth1-mainnet-short-benchmark[147551]: INF 2026-07-30 03:24:47.645+00:00 Imported blocks                            blockNumber=20122881 slot=9328409 blocks=122880 txs=19937418 mgas=1859249 bps=33.45 tps=5330 mgps=506.9 avgBps=28.60 avgTps=4640 avgMGps=432.8 elapsed=1h11m36s
Jul 30 03:28:51 nimbus-eth1-mainnet-short-benchmark[147551]: INF 2026-07-30 03:28:51.229+00:00 Imported blocks                            blockNumber=20131073 slot=9336660 blocks=131072 txs=21214129 mgas=1983500 bps=33.63 tps=5241 mgps=510.1 avgBps=28.87 avgTps=4672 avgMGps=436.9 elapsed=1h15m39s
Jul 30 03:32:51 nimbus-eth1-mainnet-short-benchmark[147551]: INF 2026-07-30 03:32:51.442+00:00 Imported blocks                            blockNumber=20139265 slot=9344906 blocks=139264 txs=22579079 mgas=2107571 bps=34.10 tps=5682 mgps=516.5 avgBps=29.13 avgTps=4723 avgMGps=440.9 elapsed=1h19m40s
Jul 30 03:37:36 nimbus-eth1-mainnet-short-benchmark[147551]: INF 2026-07-30 03:37:36.410+00:00 Imported blocks                            blockNumber=20147457 slot=9353153 blocks=147456 txs=24133322 mgas=2231686 bps=28.75 tps=5454 mgps=435.5 avgBps=29.11 avgTps=4764 avgMGps=440.6 elapsed=1h24m24s
Jul 30 03:42:11 nimbus-eth1-mainnet-short-benchmark[147551]: INF 2026-07-30 03:42:11.198+00:00 Imported blocks                            blockNumber=20155649 slot=9361407 blocks=155648 txs=25424015 mgas=2356018 bps=29.81 tps=4697 mgps=452.5 avgBps=29.15 avgTps=4761 avgMGps=441.2 elapsed=1h28m59s
Jul 30 03:46:25 nimbus-eth1-mainnet-short-benchmark[147551]: INF 2026-07-30 03:46:25.250+00:00 Imported blocks                            blockNumber=20163841 slot=9369652 blocks=163840 txs=26749549 mgas=2480207 bps=32.25 tps=5217 mgps=488.8 avgBps=29.29 avgTps=4781 avgMGps=443.4 elapsed=1h33m13s
Jul 30 03:50:31 nimbus-eth1-mainnet-short-benchmark[147551]: INF 2026-07-30 03:50:31.867+00:00 Imported blocks                            blockNumber=20172033 slot=9377892 blocks=172032 txs=28105316 mgas=2604026 bps=33.22 tps=5497 mgps=502.1 avgBps=29.46 avgTps=4812 avgMGps=445.9 elapsed=1h37m20s
Jul 30 03:54:45 nimbus-eth1-mainnet-short-benchmark[147551]: INF 2026-07-30 03:54:45.051+00:00 Imported blocks                            blockNumber=20180225 slot=9386128 blocks=180224 txs=29524405 mgas=2728170 bps=32.36 tps=5604 mgps=490.3 avgBps=29.58 avgTps=4845 avgMGps=447.7 elapsed=1h41m33s
Jul 30 03:58:40 nimbus-eth1-mainnet-short-benchmark[147551]: INF 2026-07-30 03:58:40.764+00:00 Imported blocks                            blockNumber=20188417 slot=9394365 blocks=188416 txs=30849021 mgas=2852023 bps=34.75 tps=5619 mgps=525.4 avgBps=29.77 avgTps=4873 avgMGps=450.6 elapsed=1h45m29s
Jul 30 04:03:01 nimbus-eth1-mainnet-short-benchmark[147551]: INF 2026-07-30 04:03:01.968+00:00 Imported blocks                            blockNumber=20196609 slot=9402602 blocks=196608 txs=32174755 mgas=2976155 bps=31.36 tps=5075 mgps=475.2 avgBps=29.83 avgTps=4881 avgMGps=451.6 elapsed=1h49m50s
Jul 30 04:07:38 nimbus-eth1-mainnet-short-benchmark[147551]: INF 2026-07-30 04:07:38.996+00:00 Imported blocks                            blockNumber=20204801 slot=9410840 blocks=204800 txs=33475942 mgas=3100410 bps=29.57 tps=4696 mgps=448.5 avgBps=29.82 avgTps=4874 avgMGps=451.5 elapsed=1h54m27s
Jul 30 04:11:51 nimbus-eth1-mainnet-short-benchmark[147551]: INF 2026-07-30 04:11:51.864+00:00 Imported blocks                            blockNumber=20212993 slot=9419071 blocks=212992 txs=34798508 mgas=3224370 bps=32.40 tps=5230 mgps=490.2 avgBps=29.91 avgTps=4887 avgMGps=452.8 elapsed=1h58m40s
Jul 30 04:16:01 nimbus-eth1-mainnet-short-benchmark[147551]: INF 2026-07-30 04:16:01.509+00:00 Imported blocks                            blockNumber=20221185 slot=9427313 blocks=221184 txs=36114045 mgas=3348169 bps=32.81 tps=5269 mgps=495.9 avgBps=30.01 avgTps=4900 avgMGps=454.3 elapsed=2h2m50s
Jul 30 04:19:51 nimbus-eth1-mainnet-short-benchmark[147551]: INF 2026-07-30 04:19:51.630+00:00 Imported blocks                            blockNumber=20229377 slot=9435549 blocks=229376 txs=37421794 mgas=3472031 bps=35.60 tps=5682 mgps=538.2 avgBps=30.18 avgTps=4923 avgMGps=456.8 elapsed=2h6m40s
Jul 30 04:23:50 nimbus-eth1-mainnet-short-benchmark[147551]: INF 2026-07-30 04:23:50.034+00:00 Imported blocks                            blockNumber=20237569 slot=9443788 blocks=237568 txs=38842064 mgas=3596351 bps=34.36 tps=5957 mgps=521.5 avgBps=30.31 avgTps=4955 avgMGps=458.8 elapsed=2h10m38s
Jul 30 04:28:06 nimbus-eth1-mainnet-short-benchmark[147551]: INF 2026-07-30 04:28:06.907+00:00 Imported blocks                            blockNumber=20245761 slot=9452021 blocks=245760 txs=40225739 mgas=3720100 bps=31.89 tps=5386 mgps=481.7 avgBps=30.36 avgTps=4968 avgMGps=459.5 elapsed=2h14m55s
Jul 30 04:32:42 nimbus-eth1-mainnet-short-benchmark[147551]: INF 2026-07-30 04:32:42.475+00:00 Imported blocks                            blockNumber=20253953 slot=9460253 blocks=253952 txs=41454921 mgas=3844385 bps=29.73 tps=4460 mgps=451.0 avgBps=30.34 avgTps=4952 avgMGps=459.2 elapsed=2h19m31s
Jul 30 04:37:04 nimbus-eth1-mainnet-short-benchmark[147551]: INF 2026-07-30 04:37:04.415+00:00 Imported blocks                            blockNumber=20262145 slot=9468495 blocks=262144 txs=42726051 mgas=3968623 bps=31.27 tps=4852 mgps=474.3 avgBps=30.37 avgTps=4949 avgMGps=459.7 elapsed=2h23m53s
Jul 30 04:41:07 nimbus-eth1-mainnet-short-benchmark[147551]: INF 2026-07-30 04:41:07.607+00:00 Imported blocks                            blockNumber=20270337 slot=9476748 blocks=270336 txs=44050436 mgas=4092682 bps=33.69 tps=5445 mgps=510.1 avgBps=30.46 avgTps=4962 avgMGps=461.1 elapsed=2h27m56s
Jul 30 04:44:55 nimbus-eth1-mainnet-short-benchmark[147551]: INF 2026-07-30 04:44:55.112+00:00 Imported blocks                            blockNumber=20278529 slot=9484981 blocks=278528 txs=45382368 mgas=4216487 bps=36.01 tps=5854 mgps=544.2 avgBps=30.60 avgTps=4985 avgMGps=463.2 elapsed=2h31m43s
Jul 30 04:48:48 nimbus-eth1-mainnet-short-benchmark[147551]: INF 2026-07-30 04:48:48.089+00:00 Imported blocks                            blockNumber=20286721 slot=9493213 blocks=286720 txs=46733429 mgas=4340363 bps=35.16 tps=5799 mgps=531.7 avgBps=30.71 avgTps=5005 avgMGps=464.9 elapsed=2h35m36s
Jul 30 04:53:02 nimbus-eth1-mainnet-short-benchmark[147551]: INF 2026-07-30 04:53:02.645+00:00 Imported blocks                            blockNumber=20294913 slot=9501453 blocks=294912 txs=48075887 mgas=4464376 bps=32.18 tps=5273 mgps=487.2 avgBps=30.75 avgTps=5012 avgMGps=465.5 elapsed=2h39m51s
Jul 30 04:57:11 nimbus-eth1-mainnet-short-benchmark[147551]: INF 2026-07-30 04:57:11.690+00:00 Imported blocks                            blockNumber=20303105 slot=9509696 blocks=303104 txs=49379538 mgas=4588534 bps=32.89 tps=5234 mgps=498.5 avgBps=30.80 avgTps=5018 avgMGps=466.3 elapsed=2h44m280ms
Jul 30 05:01:15 nimbus-eth1-mainnet-short-benchmark[147551]: INF 2026-07-30 05:01:15.970+00:00 Imported blocks                            blockNumber=20311297 slot=9517922 blocks=311296 txs=50637672 mgas=4712596 bps=33.54 tps=5150 mgps=507.9 avgBps=30.87 avgTps=5021 avgMGps=467.3 elapsed=2h48m4s
Jul 30 05:05:11 nimbus-eth1-mainnet-short-benchmark[147551]: INF 2026-07-30 05:05:11.319+00:00 Imported blocks                            blockNumber=20319489 slot=9526159 blocks=319488 txs=51981692 mgas=4836521 bps=34.81 tps=5710 mgps=526.6 avgBps=30.96 avgTps=5037 avgMGps=468.7 elapsed=2h51m59s
Jul 30 05:08:46 nimbus-eth1-mainnet-short-benchmark[147551]: INF 2026-07-30 05:08:46.588+00:00 Imported blocks                            blockNumber=20327681 slot=9534381 blocks=327680 txs=53356123 mgas=4960245 bps=38.06 tps=6384 mgps=574.7 avgBps=31.10 avgTps=5064 avgMGps=470.8 elapsed=2h55m35s
Jul 30 05:12:18 nimbus-eth1-mainnet-short-benchmark[147551]: INF 2026-07-30 05:12:18.409+00:00 Imported blocks                            blockNumber=20335873 slot=9542617 blocks=335872 txs=54719105 mgas=5084025 bps=38.67 tps=6434 mgps=584.4 avgBps=31.25 avgTps=5091 avgMGps=473.1 elapsed=2h59m6s
Jul 30 05:16:10 nimbus-eth1-mainnet-short-benchmark[147551]: INF 2026-07-30 05:16:10.505+00:00 Imported blocks                            blockNumber=20344065 slot=9550841 blocks=344064 txs=56021853 mgas=5207843 bps=35.30 tps=5612 mgps=533.5 avgBps=31.34 avgTps=5102 avgMGps=474.3 elapsed=3h2m59s
Jul 30 05:20:34 nimbus-eth1-mainnet-short-benchmark[147551]: INF 2026-07-30 05:20:34.826+00:00 Imported blocks                            blockNumber=20352257 slot=9559072 blocks=352256 txs=57290408 mgas=5332016 bps=30.99 tps=4799 mgps=469.8 avgBps=31.33 avgTps=5095 avgMGps=474.2 elapsed=3h7m23s
Jul 30 05:24:37 nimbus-eth1-mainnet-short-benchmark[147551]: INF 2026-07-30 05:24:37.246+00:00 Imported blocks                            blockNumber=20360449 slot=9567308 blocks=360448 txs=58543463 mgas=5456201 bps=33.79 tps=5168 mgps=512.3 avgBps=31.38 avgTps=5097 avgMGps=475.0 elapsed=3h11m25s
Jul 30 05:28:29 nimbus-eth1-mainnet-short-benchmark[147551]: INF 2026-07-30 05:28:29.223+00:00 Imported blocks                            blockNumber=20368641 slot=9575548 blocks=368640 txs=59874056 mgas=5580204 bps=35.31 tps=5735 mgps=534.6 avgBps=31.46 avgTps=5109 avgMGps=476.2 elapsed=3h15m17s
Jul 30 05:32:32 nimbus-eth1-mainnet-short-benchmark[147551]: INF 2026-07-30 05:32:32.447+00:00 Imported blocks                            blockNumber=20376833 slot=9583774 blocks=376832 txs=61167066 mgas=5704396 bps=33.68 tps=5316 mgps=510.6 avgBps=31.50 avgTps=5113 avgMGps=476.9 elapsed=3h19m21s
Jul 30 05:36:29 nimbus-eth1-mainnet-short-benchmark[147551]: INF 2026-07-30 05:36:29.960+00:00 Imported blocks                            blockNumber=20385025 slot=9592009 blocks=385024 txs=62480333 mgas=5828235 bps=34.49 tps=5529 mgps=521.4 avgBps=31.56 avgTps=5121 avgMGps=477.8 elapsed=3h23m18s
Jul 30 05:40:27 nimbus-eth1-mainnet-short-benchmark[147551]: INF 2026-07-30 05:40:27.141+00:00 Imported blocks                            blockNumber=20393217 slot=9600248 blocks=393216 txs=63800597 mgas=5952136 bps=34.54 tps=5566 mgps=522.4 avgBps=31.62 avgTps=5130 avgMGps=478.6 elapsed=3h27m15s
Jul 30 05:44:15 nimbus-eth1-mainnet-short-benchmark[147551]: INF 2026-07-30 05:44:15.253+00:00 Imported blocks                            blockNumber=20401409 slot=9608486 blocks=401408 txs=65021243 mgas=6076384 bps=35.91 tps=5351 mgps=544.7 avgBps=31.70 avgTps=5134 avgMGps=479.8 elapsed=3h31m3s
Jul 30 05:48:17 nimbus-eth1-mainnet-short-benchmark[147551]: INF 2026-07-30 05:48:17.538+00:00 Imported blocks                            blockNumber=20409601 slot=9616707 blocks=409600 txs=66199016 mgas=6200666 bps=33.81 tps=4861 mgps=513.0 avgBps=31.74 avgTps=5129 avgMGps=480.4 elapsed=3h35m6s
Jul 30 05:52:12 nimbus-eth1-mainnet-short-benchmark[147551]: INF 2026-07-30 05:52:12.123+00:00 Imported blocks                            blockNumber=20417793 slot=9624941 blocks=417792 txs=67453930 mgas=6324823 bps=34.92 tps=5349 mgps=529.3 avgBps=31.79 avgTps=5133 avgMGps=481.3 elapsed=3h39m709ms
Jul 30 05:55:40 nimbus-eth1-mainnet-short-benchmark[147551]: INF 2026-07-30 05:55:40.584+00:00 Imported blocks                            blockNumber=20425985 slot=9633187 blocks=425984 txs=68814904 mgas=6448778 bps=39.30 tps=6528 mgps=594.6 avgBps=31.91 avgTps=5154 avgMGps=483.1 elapsed=3h42m29s
Jul 30 05:59:08 nimbus-eth1-mainnet-short-benchmark[147551]: INF 2026-07-30 05:59:08.269+00:00 Imported blocks                            blockNumber=20434177 slot=9641422 blocks=434176 txs=70124508 mgas=6572711 bps=39.44 tps=6305 mgps=596.7 avgBps=32.03 avgTps=5172 avgMGps=484.8 elapsed=3h45m56s
Jul 30 06:02:46 nimbus-eth1-mainnet-short-benchmark[147551]: INF 2026-07-30 06:02:46.625+00:00 Imported blocks                            blockNumber=20442369 slot=9649657 blocks=442368 txs=71403576 mgas=6696451 bps=37.52 tps=5857 mgps=566.7 avgBps=32.11 avgTps=5183 avgMGps=486.1 elapsed=3h49m35s
Jul 30 06:06:45 nimbus-eth1-mainnet-short-benchmark[147551]: INF 2026-07-30 06:06:45.974+00:00 Imported blocks                            blockNumber=20450561 slot=9657896 blocks=450560 txs=72659905 mgas=6820521 bps=34.23 tps=5248 mgps=518.4 avgBps=32.15 avgTps=5184 avgMGps=486.7 elapsed=3h53m34s
Jul 30 06:11:05 nimbus-eth1-mainnet-short-benchmark[147551]: INF 2026-07-30 06:11:05.274+00:00 Imported blocks                            blockNumber=20458753 slot=9666114 blocks=458752 txs=73838533 mgas=6945116 bps=31.59 tps=4545 mgps=480.5 avgBps=32.14 avgTps=5172 avgMGps=486.6 elapsed=3h57m53s
Jul 30 06:15:02 nimbus-eth1-mainnet-short-benchmark[147551]: INF 2026-07-30 06:15:02.571+00:00 Imported blocks                            blockNumber=20466945 slot=9674343 blocks=466944 txs=75124748 mgas=7068943 bps=34.52 tps=5420 mgps=521.8 avgBps=32.18 avgTps=5177 avgMGps=487.1 elapsed=4h1m51s
Jul 30 06:18:56 nimbus-eth1-mainnet-short-benchmark[147551]: INF 2026-07-30 06:18:56.696+00:00 Imported blocks                            blockNumber=20475137 slot=9682575 blocks=475136 txs=76420106 mgas=7192870 bps=34.99 tps=5532 mgps=529.3 avgBps=32.22 avgTps=5182 avgMGps=487.8 elapsed=4h5m45s
Jul 30 06:22:39 nimbus-eth1-mainnet-short-benchmark[147551]: INF 2026-07-30 06:22:39.792+00:00 Imported blocks                            blockNumber=20483329 slot=9690800 blocks=483328 txs=77675422 mgas=7316939 bps=36.72 tps=5626 mgps=556.1 avgBps=32.29 avgTps=5189 avgMGps=488.8 elapsed=4h9m28s
Jul 30 06:26:20 nimbus-eth1-mainnet-short-benchmark[147551]: INF 2026-07-30 06:26:20.861+00:00 Imported blocks                            blockNumber=20491521 slot=9699019 blocks=491520 txs=78951232 mgas=7440784 bps=37.06 tps=5771 mgps=560.2 avgBps=32.36 avgTps=5197 avgMGps=489.9 elapsed=4h13m9s
Jul 30 06:30:19 nimbus-eth1-mainnet-short-benchmark[147551]: INF 2026-07-30 06:30:19.042+00:00 Imported blocks                            blockNumber=20499713 slot=9707248 blocks=499712 txs=80189642 mgas=7564669 bps=34.39 tps=5199 mgps=520.1 avgBps=32.39 avgTps=5197 avgMGps=490.3 elapsed=4h17m7s
Jul 30 06:34:21 nimbus-eth1-mainnet-short-benchmark[147551]: INF 2026-07-30 06:34:21.786+00:00 Imported blocks                            blockNumber=20507905 slot=9715488 blocks=507904 txs=81317763 mgas=7689208 bps=33.75 tps=4647 mgps=513.0 avgBps=32.41 avgTps=5189 avgMGps=490.7 elapsed=4h21m10s
Jul 30 06:37:58 nimbus-eth1-mainnet-short-benchmark[147551]: INF 2026-07-30 06:37:58.243+00:00 Imported blocks                            blockNumber=20516097 slot=9723715 blocks=516096 txs=82520262 mgas=7813209 bps=37.85 tps=5555 mgps=572.9 avgBps=32.49 avgTps=5194 avgMGps=491.8 elapsed=4h24m46s
Jul 30 06:41:47 nimbus-eth1-mainnet-short-benchmark[147551]: INF 2026-07-30 06:41:47.816+00:00 Imported blocks                            blockNumber=20524289 slot=9731945 blocks=524288 txs=83780075 mgas=7937233 bps=35.68 tps=5487 mgps=540.2 avgBps=32.53 avgTps=5198 avgMGps=492.5 elapsed=4h28m36s
Jul 30 06:45:38 nimbus-eth1-mainnet-short-benchmark[147551]: INF 2026-07-30 06:45:38.521+00:00 Imported blocks                            blockNumber=20532481 slot=9740183 blocks=532480 txs=85263862 mgas=8061024 bps=35.51 tps=6431 mgps=536.6 avgBps=32.57 avgTps=5215 avgMGps=493.1 elapsed=4h32m27s
Jul 30 06:49:35 nimbus-eth1-mainnet-short-benchmark[147551]: INF 2026-07-30 06:49:35.761+00:00 Imported blocks                            blockNumber=20540673 slot=9748418 blocks=540672 txs=86612143 mgas=8185090 bps=34.53 tps=5683 mgps=523.0 avgBps=32.60 avgTps=5222 avgMGps=493.5 elapsed=4h36m24s
Jul 30 06:53:42 nimbus-eth1-mainnet-short-benchmark[147551]: INF 2026-07-30 06:53:42.038+00:00 Imported blocks                            blockNumber=20548865 slot=9756662 blocks=548864 txs=87802991 mgas=8309513 bps=33.26 tps=4835 mgps=505.2 avgBps=32.61 avgTps=5216 avgMGps=493.7 elapsed=4h40m30s
Jul 30 06:57:44 nimbus-eth1-mainnet-short-benchmark[147551]: INF 2026-07-30 06:57:44.898+00:00 Imported blocks                            blockNumber=20557057 slot=9764892 blocks=557056 txs=88964987 mgas=8433956 bps=33.73 tps=4784 mgps=512.4 avgBps=32.63 avgTps=5210 avgMGps=494.0 elapsed=4h44m33s
Jul 30 07:01:36 nimbus-eth1-mainnet-short-benchmark[147551]: INF 2026-07-30 07:01:36.291+00:00 Imported blocks                            blockNumber=20565249 slot=9773131 blocks=565248 txs=90186094 mgas=8558113 bps=35.40 tps=5277 mgps=536.6 avgBps=32.66 avgTps=5211 avgMGps=494.5 elapsed=4h48m24s
Jul 30 07:05:30 nimbus-eth1-mainnet-short-benchmark[147551]: INF 2026-07-30 07:05:30.208+00:00 Imported blocks                            blockNumber=20573441 slot=9781369 blocks=573440 txs=91404654 mgas=8682228 bps=35.02 tps=5209 mgps=530.6 avgBps=32.70 avgTps=5211 avgMGps=495.0 elapsed=4h52m18s
Jul 30 07:09:19 nimbus-eth1-mainnet-short-benchmark[147551]: INF 2026-07-30 07:09:19.692+00:00 Imported blocks                            blockNumber=20581633 slot=9789611 blocks=581632 txs=92628389 mgas=8806651 bps=35.70 tps=5332 mgps=542.2 avgBps=32.73 avgTps=5213 avgMGps=495.6 elapsed=4h56m8s
Jul 30 07:13:14 nimbus-eth1-mainnet-short-benchmark[147551]: INF 2026-07-30 07:13:14.597+00:00 Imported blocks                            blockNumber=20589825 slot=9797855 blocks=589824 txs=93887208 mgas=8931023 bps=34.87 tps=5358 mgps=529.5 avgBps=32.76 avgTps=5215 avgMGps=496.1 elapsed=5h3s187ms
Jul 30 07:17:13 nimbus-eth1-mainnet-short-benchmark[147551]: INF 2026-07-30 07:17:13.642+00:00 Imported blocks                            blockNumber=20598017 slot=9806095 blocks=598016 txs=95163338 mgas=9055310 bps=34.27 tps=5338 mgps=519.9 avgBps=32.78 avgTps=5216 avgMGps=496.4 elapsed=5h4m2s
Jul 30 07:21:11 nimbus-eth1-mainnet-short-benchmark[147551]: INF 2026-07-30 07:21:11.122+00:00 Imported blocks                            blockNumber=20606209 slot=9814347 blocks=606208 txs=96334664 mgas=9179976 bps=34.50 tps=4932 mgps=524.9 avgBps=32.80 avgTps=5212 avgMGps=496.8 elapsed=5h7m59s
Jul 30 07:25:00 nimbus-eth1-mainnet-short-benchmark[147551]: INF 2026-07-30 07:25:00.007+00:00 Imported blocks                            blockNumber=20614401 slot=9822581 blocks=614400 txs=97573414 mgas=9304574 bps=35.79 tps=5412 mgps=544.4 avgBps=32.84 avgTps=5215 avgMGps=497.3 elapsed=5h11m48s
Jul 30 07:28:51 nimbus-eth1-mainnet-short-benchmark[147551]: INF 2026-07-30 07:28:51.400+00:00 Imported blocks                            blockNumber=20622593 slot=9830821 blocks=622592 txs=98874772 mgas=9428835 bps=35.40 tps=5624 mgps=537.0 avgBps=32.87 avgTps=5220 avgMGps=497.8 elapsed=5h15m39s
Jul 30 07:32:35 nimbus-eth1-mainnet-short-benchmark[147551]: INF 2026-07-30 07:32:35.172+00:00 Imported blocks                            blockNumber=20630785 slot=9839058 blocks=630784 txs=100178707 mgas=9553009 bps=36.61 tps=5827 mgps=554.9 avgBps=32.92 avgTps=5227 avgMGps=498.5 elapsed=5h19m23s
Jul 30 07:36:27 nimbus-eth1-mainnet-short-benchmark[147551]: INF 2026-07-30 07:36:27.989+00:00 Imported blocks                            blockNumber=20638977 slot=9847313 blocks=638976 txs=101489116 mgas=9677171 bps=35.19 tps=5628 mgps=533.3 avgBps=32.94 avgTps=5232 avgMGps=498.9 elapsed=5h23m16s
Jul 30 07:40:19 nimbus-eth1-mainnet-short-benchmark[147551]: INF 2026-07-30 07:40:19.298+00:00 Imported blocks                            blockNumber=20647169 slot=9855549 blocks=647168 txs=102730058 mgas=9801643 bps=35.42 tps=5364 mgps=538.1 avgBps=32.97 avgTps=5233 avgMGps=499.4 elapsed=5h27m7s
Jul 30 07:44:23 nimbus-eth1-mainnet-short-benchmark[147551]: INF 2026-07-30 07:44:23.150+00:00 Imported blocks                            blockNumber=20655361 slot=9863778 blocks=655360 txs=103868002 mgas=9926541 bps=33.59 tps=4666 mgps=512.2 avgBps=32.98 avgTps=5226 avgMGps=499.5 elapsed=5h31m11s
Jul 30 07:48:09 nimbus-eth1-mainnet-short-benchmark[147551]: INF 2026-07-30 07:48:09.915+00:00 Imported blocks                            blockNumber=20663553 slot=9872013 blocks=663552 txs=105112198 mgas=10051274 bps=36.13 tps=5486 mgps=550.1 avgBps=33.01 avgTps=5229 avgMGps=500.1 elapsed=5h34m58s
Jul 30 07:51:46 nimbus-eth1-mainnet-short-benchmark[147551]: INF 2026-07-30 07:51:46.860+00:00 Imported blocks                            blockNumber=20671745 slot=9880241 blocks=671744 txs=106395904 mgas=10175177 bps=37.76 tps=5917 mgps=571.1 avgBps=33.07 avgTps=5237 avgMGps=500.9 elapsed=5h38m35s
Jul 30 07:55:29 nimbus-eth1-mainnet-short-benchmark[147551]: INF 2026-07-30 07:55:29.357+00:00 Imported blocks                            blockNumber=20679937 slot=9888471 blocks=679936 txs=107674271 mgas=10299404 bps=36.82 tps=5745 mgps=558.3 avgBps=33.11 avgTps=5242 avgMGps=501.5 elapsed=5h42m17s
Jul 30 07:59:02 nimbus-eth1-mainnet-short-benchmark[147551]: INF 2026-07-30 07:59:02.346+00:00 Imported blocks                            blockNumber=20688129 slot=9896698 blocks=688128 txs=108938536 mgas=10423298 bps=38.46 tps=5935 mgps=581.7 avgBps=33.16 avgTps=5249 avgMGps=502.3 elapsed=5h45m50s
Jul 30 08:02:48 nimbus-eth1-mainnet-short-benchmark[147551]: INF 2026-07-30 08:02:48.983+00:00 Imported blocks                            blockNumber=20696321 slot=9904930 blocks=696320 txs=110235786 mgas=10547469 bps=36.15 tps=5723 mgps=547.9 avgBps=33.19 avgTps=5254 avgMGps=502.8 elapsed=5h49m37s
Jul 30 08:06:51 nimbus-eth1-mainnet-short-benchmark[147551]: INF 2026-07-30 08:06:51.319+00:00 Imported blocks                            blockNumber=20704513 slot=9913154 blocks=704512 txs=111483759 mgas=10671677 bps=33.80 tps=5149 mgps=512.5 avgBps=33.20 avgTps=5253 avgMGps=502.9 elapsed=5h53m39s
Jul 30 08:10:39 nimbus-eth1-mainnet-short-benchmark[147551]: INF 2026-07-30 08:10:39.980+00:00 Imported blocks                            blockNumber=20712705 slot=9921388 blocks=712704 txs=112764170 mgas=10795980 bps=35.83 tps=5599 mgps=543.6 avgBps=33.23 avgTps=5257 avgMGps=503.3 elapsed=5h57m28s
Jul 30 08:14:14 nimbus-eth1-mainnet-short-benchmark[147551]: INF 2026-07-30 08:14:14.309+00:00 Imported blocks                            blockNumber=20720897 slot=9929633 blocks=720896 txs=114110517 mgas=10919926 bps=38.22 tps=6281 mgps=578.3 avgBps=33.28 avgTps=5267 avgMGps=504.1 elapsed=6h1m2s
Jul 30 08:17:56 nimbus-eth1-mainnet-short-benchmark[147551]: INF 2026-07-30 08:17:56.354+00:00 Imported blocks                            blockNumber=20729089 slot=9937869 blocks=729088 txs=115449431 mgas=11043768 bps=36.89 tps=6029 mgps=557.7 avgBps=33.31 avgTps=5275 avgMGps=504.6 elapsed=6h4m44s
Jul 30 08:21:29 nimbus-eth1-mainnet-short-benchmark[147551]: INF 2026-07-30 08:21:29.586+00:00 Imported blocks                            blockNumber=20737281 slot=9946108 blocks=737280 txs=116784468 mgas=11167784 bps=38.42 tps=6260 mgps=581.6 avgBps=33.36 avgTps=5284 avgMGps=505.4 elapsed=6h8m18s
Jul 30 08:25:13 nimbus-eth1-mainnet-short-benchmark[147551]: INF 2026-07-30 08:25:13.083+00:00 Imported blocks                            blockNumber=20745473 slot=9954342 blocks=745472 txs=118101003 mgas=11291742 bps=36.65 tps=5890 mgps=554.6 avgBps=33.40 avgTps=5290 avgMGps=505.9 elapsed=6h12m1s
Jul 30 08:29:12 nimbus-eth1-mainnet-short-benchmark[147551]: INF 2026-07-30 08:29:12.732+00:00 Imported blocks                            blockNumber=20753665 slot=9962581 blocks=753664 txs=119337525 mgas=11415859 bps=34.18 tps=5159 mgps=517.9 avgBps=33.41 avgTps=5289 avgMGps=506.0 elapsed=6h16m1s
Jul 30 08:33:00 nimbus-eth1-mainnet-short-benchmark[147551]: INF 2026-07-30 08:33:00.609+00:00 Imported blocks                            blockNumber=20761857 slot=9970803 blocks=761856 txs=120564314 mgas=11540225 bps=35.95 tps=5383 mgps=545.8 avgBps=33.43 avgTps=5290 avgMGps=506.4 elapsed=6h19m49s
Jul 30 08:36:35 nimbus-eth1-mainnet-short-benchmark[147551]: INF 2026-07-30 08:36:35.329+00:00 Imported blocks                            blockNumber=20770049 slot=9979058 blocks=770048 txs=121858083 mgas=11663918 bps=38.15 tps=6025 mgps=576.1 avgBps=33.47 avgTps=5297 avgMGps=507.0 elapsed=6h23m23s
Jul 30 08:40:01 nimbus-eth1-mainnet-short-benchmark[147551]: INF 2026-07-30 08:40:01.563+00:00 Imported blocks                            blockNumber=20778241 slot=9987307 blocks=778240 txs=123161734 mgas=11787906 bps=39.72 tps=6321 mgps=601.2 avgBps=33.53 avgTps=5306 avgMGps=507.9 elapsed=6h26m50s
Jul 30 08:43:22 nimbus-eth1-mainnet-short-benchmark[147551]: INF 2026-07-30 08:43:22.456+00:00 Imported blocks                            blockNumber=20786433 slot=9995542 blocks=786432 txs=124509456 mgas=11911612 bps=40.78 tps=6708 mgps=615.8 avgBps=33.59 avgTps=5318 avgMGps=508.8 elapsed=6h30m11s
Jul 30 08:46:48 nimbus-eth1-mainnet-short-benchmark[147551]: INF 2026-07-30 08:46:48.781+00:00 Imported blocks                            blockNumber=20794625 slot=10003781 blocks=794624 txs=125848921 mgas=12035338 bps=39.70 tps=6491 mgps=599.7 avgBps=33.65 avgTps=5328 avgMGps=509.6 elapsed=6h33m37s
Jul 30 08:50:21 nimbus-eth1-mainnet-short-benchmark[147551]: INF 2026-07-30 08:50:21.014+00:00 Imported blocks                            blockNumber=20802817 slot=10012028 blocks=802816 txs=127089868 mgas=12158989 bps=38.60 tps=5847 mgps=582.6 avgBps=33.69 avgTps=5333 avgMGps=510.2 elapsed=6h37m9s
Jul 30 08:54:01 nimbus-eth1-mainnet-short-benchmark[147551]: INF 2026-07-30 08:54:01.994+00:00 Imported blocks                            blockNumber=20811009 slot=10020249 blocks=811008 txs=128299762 mgas=12282850 bps=37.07 tps=5475 mgps=560.5 avgBps=33.72 avgTps=5334 avgMGps=510.7 elapsed=6h40m50s
Jul 30 08:57:27 nimbus-eth1-mainnet-short-benchmark[147551]: INF 2026-07-30 08:57:27.436+00:00 Imported blocks                            blockNumber=20819201 slot=10028481 blocks=819200 txs=129596319 mgas=12406594 bps=39.88 tps=6311 mgps=602.3 avgBps=33.77 avgTps=5342 avgMGps=511.5 elapsed=6h44m16s
Jul 30 09:00:52 nimbus-eth1-mainnet-short-benchmark[147551]: INF 2026-07-30 09:00:52.625+00:00 Imported blocks                            blockNumber=20827393 slot=10036710 blocks=827392 txs=130916729 mgas=12530249 bps=39.92 tps=6434 mgps=602.6 avgBps=33.82 avgTps=5352 avgMGps=512.2 elapsed=6h47m41s
Jul 30 09:04:16 nimbus-eth1-mainnet-short-benchmark[147551]: INF 2026-07-30 09:04:16.790+00:00 Imported blocks                            blockNumber=20835585 slot=10044938 blocks=835584 txs=132226625 mgas=12654070 bps=40.13 tps=6416 mgps=606.5 avgBps=33.88 avgTps=5360 avgMGps=513.0 elapsed=6h51m5s
Jul 30 09:07:54 nimbus-eth1-mainnet-short-benchmark[147551]: INF 2026-07-30 09:07:54.719+00:00 Imported blocks                            blockNumber=20843777 slot=10053164 blocks=843776 txs=133604192 mgas=12777730 bps=37.59 tps=6321 mgps=567.4 avgBps=33.91 avgTps=5369 avgMGps=513.5 elapsed=6h54m43s
Jul 30 09:11:58 nimbus-eth1-mainnet-short-benchmark[147551]: INF 2026-07-30 09:11:58.863+00:00 Imported blocks                            blockNumber=20851969 slot=10061391 blocks=851968 txs=134900706 mgas=12901664 bps=33.55 tps=5310 mgps=507.6 avgBps=33.91 avgTps=5368 avgMGps=513.4 elapsed=6h58m47s
Jul 30 09:15:50 nimbus-eth1-mainnet-short-benchmark[147551]: INF 2026-07-30 09:15:50.312+00:00 Imported blocks                            blockNumber=20860161 slot=10069622 blocks=860160 txs=136168750 mgas=13025603 bps=35.39 tps=5478 mgps=535.5 avgBps=33.92 avgTps=5369 avgMGps=513.7 elapsed=7h2m38s
Jul 30 09:19:38 nimbus-eth1-mainnet-short-benchmark[147551]: INF 2026-07-30 09:19:38.760+00:00 Imported blocks                            blockNumber=20868353 slot=10077838 blocks=868352 txs=137550724 mgas=13149742 bps=35.86 tps=6049 mgps=543.4 avgBps=33.94 avgTps=5375 avgMGps=513.9 elapsed=7h6m27s
Jul 30 09:23:24 nimbus-eth1-mainnet-short-benchmark[147551]: INF 2026-07-30 09:23:24.069+00:00 Imported blocks                            blockNumber=20876545 slot=10086066 blocks=876544 txs=138954673 mgas=13273457 bps=36.36 tps=6231 mgps=549.1 avgBps=33.96 avgTps=5383 avgMGps=514.2 elapsed=7h10m12s
Jul 30 09:27:05 nimbus-eth1-mainnet-short-benchmark[147551]: INF 2026-07-30 09:27:05.446+00:00 Imported blocks                            blockNumber=20884737 slot=10094286 blocks=884736 txs=140256178 mgas=13397479 bps=37.01 tps=5879 mgps=560.2 avgBps=33.98 avgTps=5387 avgMGps=514.6 elapsed=7h13m54s
Jul 30 09:30:40 nimbus-eth1-mainnet-short-benchmark[147551]: INF 2026-07-30 09:30:40.911+00:00 Imported blocks                            blockNumber=20892929 slot=10102512 blocks=892928 txs=141581868 mgas=13521575 bps=38.02 tps=6152 mgps=575.9 avgBps=34.02 avgTps=5393 avgMGps=515.1 elapsed=7h17m29s
Jul 30 09:34:17 nimbus-eth1-mainnet-short-benchmark[147551]: INF 2026-07-30 09:34:17.560+00:00 Imported blocks                            blockNumber=20901121 slot=10110732 blocks=901120 txs=142875889 mgas=13645572 bps=37.81 tps=5972 mgps=572.3 avgBps=34.05 avgTps=5398 avgMGps=515.6 elapsed=7h21m6s
Jul 30 09:37:52 nimbus-eth1-mainnet-short-benchmark[147551]: INF 2026-07-30 09:37:52.993+00:00 Imported blocks                            blockNumber=20909313 slot=10118953 blocks=909312 txs=144102308 mgas=13769390 bps=38.02 tps=5692 mgps=574.7 avgBps=34.08 avgTps=5400 avgMGps=516.1 elapsed=7h24m41s
Jul 30 09:41:23 nimbus-eth1-mainnet-short-benchmark[147551]: INF 2026-07-30 09:41:23.090+00:00 Imported blocks                            blockNumber=20917505 slot=10127176 blocks=917504 txs=145406349 mgas=13893087 bps=38.99 tps=6206 mgps=588.8 avgBps=34.12 avgTps=5407 avgMGps=516.6 elapsed=7h28m11s
Jul 30 09:44:44 nimbus-eth1-mainnet-short-benchmark[147551]: INF 2026-07-30 09:44:44.659+00:00 Imported blocks                            blockNumber=20925697 slot=10135394 blocks=925696 txs=146718394 mgas=14016820 bps=40.64 tps=6509 mgps=613.8 avgBps=34.17 avgTps=5415 avgMGps=517.4 elapsed=7h31m33s
Jul 30 09:48:19 nimbus-eth1-mainnet-short-benchmark[147551]: INF 2026-07-30 09:48:19.344+00:00 Imported blocks                            blockNumber=20933889 slot=10143614 blocks=933888 txs=148049109 mgas=14140625 bps=38.16 tps=6198 mgps=576.7 avgBps=34.20 avgTps=5421 avgMGps=517.8 elapsed=7h35m7s
Jul 30 09:51:48 nimbus-eth1-mainnet-short-benchmark[147551]: INF 2026-07-30 09:51:48.097+00:00 Imported blocks                            blockNumber=20942081 slot=10151840 blocks=942080 txs=149397364 mgas=14264352 bps=39.24 tps=6458 mgps=592.7 avgBps=34.24 avgTps=5429 avgMGps=518.4 elapsed=7h38m36s
Jul 30 09:55:20 nimbus-eth1-mainnet-short-benchmark[147551]: INF 2026-07-30 09:55:20.362+00:00 Imported blocks                            blockNumber=20950273 slot=10160098 blocks=950272 txs=150765507 mgas=14388237 bps=38.59 tps=6445 mgps=583.6 avgBps=34.27 avgTps=5437 avgMGps=518.9 elapsed=7h42m8s
Jul 30 09:59:08 nimbus-eth1-mainnet-short-benchmark[147551]: INF 2026-07-30 09:59:08.495+00:00 Imported blocks                            blockNumber=20958465 slot=10168363 blocks=958464 txs=152044771 mgas=14511987 bps=35.91 tps=5607 mgps=542.4 avgBps=34.28 avgTps=5438 avgMGps=519.1 elapsed=7h45m57s
Jul 30 10:02:47 nimbus-eth1-mainnet-short-benchmark[147551]: INF 2026-07-30 10:02:47.115+00:00 Imported blocks                            blockNumber=20966657 slot=10176609 blocks=966656 txs=153365296 mgas=14635804 bps=37.47 tps=6040 mgps=566.3 avgBps=34.31 avgTps=5443 avgMGps=519.4 elapsed=7h49m35s
Jul 30 10:06:23 nimbus-eth1-mainnet-short-benchmark[147551]: INF 2026-07-30 10:06:23.732+00:00 Imported blocks                            blockNumber=20974849 slot=10184849 blocks=974848 txs=154744917 mgas=14759580 bps=37.82 tps=6368 mgps=571.4 avgBps=34.33 avgTps=5450 avgMGps=519.8 elapsed=7h53m12s
Jul 30 10:10:06 nimbus-eth1-mainnet-short-benchmark[147551]: INF 2026-07-30 10:10:06.377+00:00 Imported blocks                            blockNumber=20983041 slot=10193086 blocks=983040 txs=156055229 mgas=14883451 bps=36.79 tps=5885 mgps=556.4 avgBps=34.35 avgTps=5453 avgMGps=520.1 elapsed=7h56m54s
Jul 30 10:13:22 nimbus-eth1-mainnet-short-benchmark[147551]: INF 2026-07-30 10:13:22.718+00:00 Imported blocks                            blockNumber=20991233 slot=10201319 blocks=991232 txs=157563202 mgas=15007557 bps=41.72 tps=7680 mgps=632.1 avgBps=34.40 avgTps=5468 avgMGps=520.9 elapsed=8h11s307ms
Jul 30 10:17:09 nimbus-eth1-mainnet-short-benchmark[147551]: INF 2026-07-30 10:17:09.095+00:00 Imported blocks                            blockNumber=20999425 slot=10209549 blocks=999424 txs=159003277 mgas=15131383 bps=36.19 tps=6361 mgps=547.0 avgBps=34.42 avgTps=5475 avgMGps=521.1 elapsed=8h3m57s
Jul 30 10:17:25 nimbus-eth1-mainnet-short-benchmark[147551]: INF 2026-07-30 10:17:25.271+00:00 Imported blocks                            blockNumber=21000001 slot=10210128 blocks=1000000 txs=159109486 mgas=15140191 bps=35.61 tps=6565 mgps=544.4 avgBps=34.42 avgTps=5476 avgMGps=521.1 elapsed=8h4m13s
Jul 30 10:17:25 nimbus-eth1-mainnet-short-benchmark[147551]: NTC 2026-07-30 10:17:25.271+00:00 Import complete                            blockNumber=21000001 slot=10210128 blocks=1000000 txs=159109486 mgas=15140191
Jul 30 10:17:26 nimbus-eth1-mainnet-short-benchmark[122921]: <<< ending startNimbusWithImport (success)
Jul 30 10:17:26 nimbus-eth1-mainnet-short-benchmark[122921]: >>> starting moveBenchmarkingFileToRepo
Jul 30 10:17:26 nimbus-eth1-mainnet-short-benchmark[122921]: >>> copying debug-csv generated by nimbus to benchmarks repo
Jul 30 10:17:26 nimbus-eth1-mainnet-short-benchmark[122921]: <<< ending moveBenchmarkingFileToRepo (success)
Jul 30 10:17:26 nimbus-eth1-mainnet-short-benchmark[122921]: >>> starting generateBuildEnvironmentLogFile
Jul 30 10:17:35 nimbus-eth1-mainnet-short-benchmark[122921]: <<< ending generateBuildEnvironmentLogFile (success)
Jul 30 10:17:35 nimbus-eth1-mainnet-short-benchmark[122921]: >>> starting generateSystemdServiceLogs
