=== System Information Report ===
>>> Generated on: Sun Sep 13 07:35:15 PM UTC 2026
==========================
>>> CPU Architecture: x86_64
>>> CPU Byte Order: Little Endian
>>> CPU Cores: 16
>>> CPU Model: AMD Ryzen 7 PRO 8700GE w/ Radeon 780M Graphics
>>> CPU Cache Information:
L1d Cache: 256 KiB (8 instances)
L1i Cache: 256 KiB (8 instances)
L2 Cache: 8 MiB (8 instances)
L3 Cache: 16 MiB (1 instance)
>>> RAM Size: 61Gi
>>> Hard Disk Information:
/dev/md2 : 437G total, 199G free
/dev/md1 : 989M total, 690M free
/dev/nvme0n1p1 : 256M total, 256M free
/dev/nvme1n1 : 1.9T total, 487G free
==========================
=== Nimbus-ETH1 Benchmarking Report ===
>>> Total time spent in benchmarking (nanoseconds): 27210016082009
>>> Total time spent in benchmarking (human readable format): 7 hours 33 minutes 30 seconds
>>> Start block number is 20000001
>>> End block number is 21000001
==========================
=== Comparison of last two benchmarks ===
sort: write failed: 'standard output': Broken pipe
sort: write error
sort: write failed: 'standard output': Broken pipe
sort: write error
python /data/status-im/nimbus-eth1/scripts/block-import-stats.py /data/status-im/nimbus-eth1-benchmarks/short-benchmark/20260913T040503_15f9bf04/blocks-import-benchmark.csv /data/status-im/nimbus-eth1-benchmarks/short-benchmark/20260913T115228_d100e90e/blocks-import-benchmark.csv
blocks-import-benchmark.csv vs blocks-import-benchmark.csv
                      bps_x  bps_y     tps_x     tps_y  time_x  time_y   bpsd   tpsd   timed
block_number                                                                                
(20000001, 20111112]  30.24  30.24  4,938.51  4,939.02  59m44s  59m43s  0.01%  0.01%   0.00%
(20111112, 20222223]  34.03  34.17  5,563.78  5,587.82  56m21s   56m7s  0.41%  0.41%  -0.41%
(20222223, 20333334]  35.78  36.11  5,799.26  5,852.45  49m49s  49m21s  0.93%  0.93%  -0.92%
(20333334, 20444445]  37.67  38.07  5,935.88  5,998.13  50m58s  50m25s  1.06%  1.06%  -1.05%
(20444445, 20555556]  37.24  37.40  5,737.90  5,763.45  47m46s  47m34s  0.43%  0.43%  -0.43%
(20555556, 20666667]  37.34  37.50  5,639.50  5,663.88  51m13s   51m0s  0.43%  0.43%  -0.42%
(20666667, 20777778]  39.06  39.35  6,146.23  6,192.48  45m31s  45m11s  0.75%  0.75%  -0.74%
(20777778, 20888889]  40.52  40.74  6,500.41  6,536.17  47m19s   47m4s  0.54%  0.54%  -0.54%
(20888889, 21000001]  40.43  40.71  6,665.16  6,711.12  47m23s   47m0s  0.70%  0.70%  -0.69%

blocks: 991808, baseline: 7h36m7s, contender: 7h33m30s
Time (total): -2m37s, -0.57%

bpsd = blocks per sec diff (+), tpsd = txs per sec diff, timed = time to process diff (-)
+ = more is better, - = less is better
==========================
