=== System Information Report ===
>>> Generated on: Mon Sep  7 04:44:11 PM UTC 2026
==========================
>>> CPU Architecture: x86_64
>>> CPU Byte Order: Little Endian
>>> CPU Cores: 16
>>> CPU Model: AMD Ryzen 7 PRO 8700GE w/ Radeon 780M Graphics
>>> CPU Cache Information:
L1d Cache: 256 KiB (8 instances)
L1i Cache: 256 KiB (8 instances)
L2 Cache: 8 MiB (8 instances)
L3 Cache: 16 MiB (1 instance)
>>> RAM Size: 61Gi
>>> Hard Disk Information:
/dev/md2 : 437G total, 199G free
/dev/md1 : 989M total, 690M free
/dev/nvme0n1p1 : 256M total, 256M free
/dev/nvme1n1 : 1.9T total, 486G free
==========================
=== Nimbus-ETH1 Benchmarking Report ===
>>> Total time spent in benchmarking (nanoseconds): 27025385624079
>>> Total time spent in benchmarking (human readable format): 7 hours 30 minutes 25 seconds
>>> Start block number is 20000001
>>> End block number is 21000001
==========================
=== Comparison of last two benchmarks ===
sort: write failed: 'standard output': Broken pipe
sort: write error
sort: write failed: 'standard output': Broken pipe
sort: write error
python /data/status-im/nimbus-eth1/scripts/block-import-stats.py /data/status-im/nimbus-eth1-benchmarks/short-benchmark/20260907T012029_df33ce48/blocks-import-benchmark.csv /data/status-im/nimbus-eth1-benchmarks/short-benchmark/20260907T090113_c4bfecfb/blocks-import-benchmark.csv
blocks-import-benchmark.csv vs blocks-import-benchmark.csv
                      bps_x  bps_y     tps_x     tps_y  time_x  time_y    bpsd    tpsd   timed
block_number                                                                                  
(20000001, 20111112]  30.64  30.40  5,003.99  4,964.78  58m56s  59m23s  -0.77%  -0.77%   0.79%
(20111112, 20222223]  34.48  34.45  5,640.11  5,633.43  55m35s  55m40s  -0.12%  -0.12%   0.12%
(20222223, 20333334]  36.28  36.24  5,880.55  5,875.17   49m9s  49m10s  -0.06%  -0.06%   0.07%
(20333334, 20444445]  38.23  38.32  6,023.99  6,037.61  50m13s   50m6s   0.24%   0.24%  -0.24%
(20444445, 20555556]  37.79  37.74  5,824.36  5,817.10   47m4s   47m8s  -0.13%  -0.13%   0.14%
(20555556, 20666667]  37.92  37.91  5,726.39  5,724.91  50m26s  50m27s  -0.02%  -0.02%   0.02%
(20666667, 20777778]  39.74  39.63  6,252.75  6,235.14  44m45s  44m52s  -0.26%  -0.26%   0.26%
(20777778, 20888889]  41.07  40.96  6,587.56  6,571.18  46m42s  46m50s  -0.26%  -0.26%   0.27%
(20888889, 21000001]  41.02  40.88  6,762.37  6,738.58  46m38s  46m47s  -0.36%  -0.36%   0.36%

blocks: 991808, baseline: 7h29m32s, contender: 7h30m25s
Time (total): 53s, 0.20%

bpsd = blocks per sec diff (+), tpsd = txs per sec diff, timed = time to process diff (-)
+ = more is better, - = less is better
==========================
