Sep 07 09:01:01 nimbus-eth1-mainnet-short-benchmark[399189]: >>> starting cloneOrFetchBenchmarksRepo
Sep 07 09:01:01 nimbus-eth1-mainnet-short-benchmark[399189]: >>> Fetching latest changes for nimbus-eth1-benchmarks...
Sep 07 09:01:03 nimbus-eth1-mainnet-short-benchmark[399247]: HEAD is now at c129733 chore: update short benchmark Readme
Sep 07 09:01:03 nimbus-eth1-mainnet-short-benchmark[399189]: <<< ending cloneOrFetchBenchmarksRepo (success)
Sep 07 09:01:03 nimbus-eth1-mainnet-short-benchmark[399189]: >>> starting cloneOrFetchNimbusRepo
Sep 07 09:01:12 nimbus-eth1-mainnet-short-benchmark[399189]: >>> Fetching latest changes for nimbus-eth1...
Sep 07 09:01:12 nimbus-eth1-mainnet-short-benchmark[399592]: From https://github.com/status-im/nimbus-eth1
Sep 07 09:01:12 nimbus-eth1-mainnet-short-benchmark[399592]:  * [new branch]          seenObj-memLeak -> origin/seenObj-memLeak
Sep 07 09:01:12 nimbus-eth1-mainnet-short-benchmark[399600]: HEAD is now at c78423a22 fix pruned db rpc fetch request (#4716)
Sep 07 09:01:12 nimbus-eth1-mainnet-short-benchmark[399189]: >>> Found last benchmarked commit: df33ce48
Sep 07 09:01:12 nimbus-eth1-mainnet-short-benchmark[399189]: >>> Using next commit: c4bfecfbf6a92e4fac564d0b01b9452880582bf4
Sep 07 09:01:13 nimbus-eth1-mainnet-short-benchmark[399616]: HEAD is now at c4bfecfbf Remove unused isNewAccount from callCodeOp/delegateCallOp/staticCallOp (#4706)
Sep 07 09:01:13 nimbus-eth1-mainnet-short-benchmark[399189]: >>> Current commit: c4bfecfbf
Sep 07 09:01:13 nimbus-eth1-mainnet-short-benchmark[399189]: <<< ending cloneOrFetchNimbusRepo (success)
Sep 07 09:01:13 nimbus-eth1-mainnet-short-benchmark[399189]: >>> starting buildBinaries
Sep 07 09:01:13 nimbus-eth1-mainnet-short-benchmark[399189]: >>> Building binaries for commit c4bfecfb...
Sep 07 09:01:15 nimbus-eth1-mainnet-short-benchmark[400831]: Submodule path 'vendor/nim-rocksdb': checked out '6f486d6c5ba74a0a55391beb49c12fd8f97159fb'
Sep 07 09:01:15 nimbus-eth1-mainnet-short-benchmark[401314]: Submodule path 'vendor/nim-rocksdb/vendor/rocksdb': checked out '3b446089141659fad25328c5ea3e7ed283df46e4'
Sep 07 09:01:15 nimbus-eth1-mainnet-short-benchmark[401314]: Submodule path 'vendor/nim-rocksdb/vendor/vcpkg': checked out '9e593bb18ea69cc5095e012465dcd675a822ed0d'
Sep 07 09:01:15 nimbus-eth1-mainnet-short-benchmark[400831]: Submodule path 'vendor/nim-serialization': checked out 'b5473564e80a4908cf6c5a038e4c4a6ca7de2223'
Sep 07 09:01:21 nimbus-eth1-mainnet-short-benchmark[405195]: Building: Nim compiler
Sep 07 09:04:24 nimbus-eth1-mainnet-short-benchmark[405195]: Building custom Nimble commit: 42ef70c2102a942c46f13eb76872326edd525cec
Sep 07 09:04:35 nimbus-eth1-mainnet-short-benchmark[405195]: Building Nimble...
Sep 07 09:04:45 nimbus-eth1-mainnet-short-benchmark[405195]: Replacing nimble binary...
Sep 07 09:04:52 nimbus-eth1-mainnet-short-benchmark[421724]: Building: build/generate_makefile
Sep 07 09:04:53 nimbus-eth1-mainnet-short-benchmark[421588]: ROCKSDB CACHED VERSION: 10.10.1
Sep 07 09:04:53 nimbus-eth1-mainnet-short-benchmark[422031]: make[1]: Entering directory '/data/status-im/nimbus-eth1/vendor/nim-rocksdb/vendor/rocksdb'
Sep 07 09:04:53 nimbus-eth1-mainnet-short-benchmark[422031]: $DEBUG_LEVEL is 0, $LIB_MODE is static
Sep 07 09:04:53 nimbus-eth1-mainnet-short-benchmark[421724]: Build completed successfully: build/generate_makefile
Sep 07 09:04:53 nimbus-eth1-mainnet-short-benchmark[422031]: make[1]: Leaving directory '/data/status-im/nimbus-eth1/vendor/nim-rocksdb/vendor/rocksdb'
Sep 07 09:04:53 nimbus-eth1-mainnet-short-benchmark[422308]: Cleaning up RocksDb build artifacts.
Sep 07 09:04:54 nimbus-eth1-mainnet-short-benchmark[421989]: Building RocksDb static libraries.
Sep 07 09:08:15 nimbus-eth1-mainnet-short-benchmark[426051]: Building: build/nimbus_execution_client
Sep 07 09:10:38 nimbus-eth1-mainnet-short-benchmark[426051]: Build completed successfully: build/nimbus_execution_client
Sep 07 09:10:38 nimbus-eth1-mainnet-short-benchmark[399189]: >>> renaming binaries to match commit they were built from
Sep 07 09:10:38 nimbus-eth1-mainnet-short-benchmark[399189]: >>> creating a symbolic link to the latest version
Sep 07 09:10:38 nimbus-eth1-mainnet-short-benchmark[399189]: >>> deleting copies that are older than N days
Sep 07 09:10:38 nimbus-eth1-mainnet-short-benchmark[399189]: <<< ending buildBinaries (success)
Sep 07 09:10:38 nimbus-eth1-mainnet-short-benchmark[399189]: >>> starting skipOrContinueBenchmark
Sep 07 09:10:38 nimbus-eth1-mainnet-short-benchmark[399189]: <<< ending skipOrContinueBenchmark (success)
Sep 07 09:10:38 nimbus-eth1-mainnet-short-benchmark[399189]: >>> starting copyTemplateDatabase
Sep 07 09:10:38 nimbus-eth1-mainnet-short-benchmark[399189]: >>> Copying template db into nimbus data directory
Sep 07 09:13:43 nimbus-eth1-mainnet-short-benchmark[399189]: >>> Template db copied
Sep 07 09:13:43 nimbus-eth1-mainnet-short-benchmark[399189]: >>> making nimbus the owner of the copied files
Sep 07 09:13:43 nimbus-eth1-mainnet-short-benchmark[399189]: <<< ending copyTemplateDatabase (success)
Sep 07 09:13:43 nimbus-eth1-mainnet-short-benchmark[399189]: >>> starting startNimbusWithImport
Sep 07 09:13:43 nimbus-eth1-mainnet-short-benchmark[431717]: INF 2026-09-07 09:13:43.244+00:00 Launching execution client                 version=v0.4.0-c4bfecfb config="(configFile: none(InputFile), dataDirFlag: some(/data/status-im/nimbus-eth1/data/shared_mainnet_0), era1DirFlag: some(/data/era1), eraDirFlag: some(/data/era), ereDirFlag: none(OutDir), keyStoreDirFlag: none(OutDir), importKey: , trustedSetupFile: none(string), extraData: Nimbus/v0.4.0-c4bfecfb, gasLimit: none(uint64), maxBlobs: none(byte), network: [mainnet], logLevel: INFO, logFormat: auto, metricsEnabled: false, metricsPort: 9093, metricsAddress: 127.0.0.1, bootstrapNodes: [], elBootstrapNodes: [], bootstrapFile: , elBootstrapFile: , staticPeers: [], staticPeersFile: , reconnectMaxRetry: 0, reconnectInterval: 15, listenAddress: ::, tcpPort: 30303, udpPortFlag: none(Port), maxPeersOpt: none(int), elMaxPeersOpt: none(int), nat: (hasExtIp: false, nat: NatAny), discv5: true, netKey: random, agentString: Nimbus/v0.4.0-c4bfecfb/linux-amd64/Nim-2.2.10, numThreads: 0, persistBatchSize: 4, dynamicBatchSize: false, rocksdbMaxOpenFiles: 2048, rocksdbWriteBufferSize: 67108864, rocksdbRowCacheSize: 0, rocksdbBlockCacheSize: 2147483648, rocksdbBlockCacheType: hyperclock, rdbVtxCacheSize: 536870912, rdbKeyCacheSize: 1342177280, rdbBranchCacheSize: 1073741824, rdbPrintStats: false, rewriteDatadirId: true, aristoDbMaxSnapshots: 5, parallelStateRootComputation: false, parallelSenderRecovery: true, optimisticStatePrefetch: false, balStatePrefetch: false, balStatePrefetchWorkers: 0, balParallelExecution: false, balPruning: true, eagerStateRootCheck: false, deserializeFcState: true, statelessProvider: false, statelessWitnessValidation: false, cmd: import, maxBlocks: 1000000, chunkSize: 8192, csvStats: some("/data/host-benchmarks/short/28a309c74a234428bdd5f011907ff6c2/blocks-import-benchmark.csv"), validation: false, fullValidation: false, storeBodies: false, storeReceipts: false, storeSlotHashes: false)"
Sep 07 09:13:43 nimbus-eth1-mainnet-short-benchmark[431717]: WRN 2026-09-07 09:13:43.248+00:00 Data directory has insecure permissions. Correcting them. data_dir=/data/status-im/nimbus-eth1/data/shared_mainnet_0 current_permissions=0755 required_permissions=0700
Sep 07 09:13:45 nimbus-eth1-mainnet-short-benchmark[431717]: INF 2026-09-07 09:13:45.080+00:00 Taskpool started                           numThreads=16
Sep 07 09:13:45 nimbus-eth1-mainnet-short-benchmark[431717]: INF 2026-09-07 09:13:45.220+00:00 Database initialized                       base="(0xd24fd73f794058a3807db926d8898c6481e902b7edb91ce0d479d6760f276183, 20000000)" finalized="(0xd24fd73f794058a3807db926d8898c6481e902b7edb91ce0d479d6760f276183, 20000000)" head="(0xd4e56740f876aef8c010b86a40d5f56745a118d0906a34e69aec8c0db1cb8fa3, 0)"
Sep 07 09:13:45 nimbus-eth1-mainnet-short-benchmark[431717]: NTC 2026-09-07 09:13:45.224+00:00 Could not open ere database, falling back to era1/era import ereDir=/data/status-im/nimbus-eth1/data/shared_mainnet_0/ere networkName=mainnet error="No ere files found in /data/status-im/nimbus-eth1/data/shared_mainnet_0/ere"
Sep 07 09:13:45 nimbus-eth1-mainnet-short-benchmark[431717]: NTC 2026-09-07 09:13:45.224+00:00 Importing era archive                      blockNumber=20000001 dataDir=/data/status-im/nimbus-eth1/data/shared_mainnet_0 eraDir=/data/era
Sep 07 09:13:47 nimbus-eth1-mainnet-short-benchmark[431717]: NTC 2026-09-07 09:13:47.416+00:00 Matched block to slot number               blockNumber=20000001 slot=9204783
Sep 07 09:19:50 nimbus-eth1-mainnet-short-benchmark[431717]: INF 2026-09-07 09:19:50.263+00:00 Imported blocks                            blockNumber=20008193 slot=9213020 blocks=8192 txs=1226966 mgas=124237 bps=22.44 tps=3361 mgps=340.3 avgBps=22.44 avgTps=3361 avgMGps=340.3 elapsed=6m5s42ms
Sep 07 09:25:14 nimbus-eth1-mainnet-short-benchmark[431717]: INF 2026-09-07 09:25:14.810+00:00 Imported blocks                            blockNumber=20016385 slot=9221256 blocks=16384 txs=2540380 mgas=248071 bps=25.24 tps=4046 mgps=381.6 avgBps=23.76 avgTps=3683 avgMGps=359.7 elapsed=11m29s592ms
Sep 07 09:30:23 nimbus-eth1-mainnet-short-benchmark[431717]: INF 2026-09-07 09:30:23.042+00:00 Imported blocks                            blockNumber=20024577 slot=9229485 blocks=24576 txs=3869398 mgas=372018 bps=26.58 tps=4311 mgps=402.1 avgBps=24.63 avgTps=3877 avgMGps=372.8 elapsed=16m37s824ms
Sep 07 09:35:01 nimbus-eth1-mainnet-short-benchmark[431717]: INF 2026-09-07 09:35:01.046+00:00 Imported blocks                            blockNumber=20032769 slot=9237722 blocks=32768 txs=5222766 mgas=495797 bps=29.47 tps=4868 mgps=445.2 avgBps=25.68 avgTps=4093 avgMGps=388.6 elapsed=21m15s826ms
Sep 07 09:39:26 nimbus-eth1-mainnet-short-benchmark[431717]: INF 2026-09-07 09:39:26.034+00:00 Imported blocks                            blockNumber=20040961 slot=9245957 blocks=40960 txs=6566802 mgas=619586 bps=30.91 tps=5072 mgps=467.1 avgBps=26.58 avgTps=4261 avgMGps=402.1 elapsed=25m40s813ms
Sep 07 09:44:13 nimbus-eth1-mainnet-short-benchmark[431717]: INF 2026-09-07 09:44:13.294+00:00 Imported blocks                            blockNumber=20049153 slot=9254196 blocks=49152 txs=7904746 mgas=743522 bps=28.52 tps=4657 mgps=431.4 avgBps=26.89 avgTps=4324 avgMGps=406.7 elapsed=30m28s73ms
Sep 07 09:48:46 nimbus-eth1-mainnet-short-benchmark[431717]: INF 2026-09-07 09:48:46.602+00:00 Imported blocks                            blockNumber=20057345 slot=9262435 blocks=57344 txs=9212009 mgas=867360 bps=29.97 tps=4783 mgps=453.1 avgBps=27.29 avgTps=4383 avgMGps=412.8 elapsed=35m1s384ms
Sep 07 09:53:01 nimbus-eth1-mainnet-short-benchmark[431717]: INF 2026-09-07 09:53:01.818+00:00 Imported blocks                            blockNumber=20065537 slot=9270674 blocks=65536 txs=10559018 mgas=991371 bps=32.10 tps=5277 mgps=485.9 avgBps=27.81 avgTps=4480 avgMGps=420.7 elapsed=39m16s599ms
Sep 07 09:57:01 nimbus-eth1-mainnet-short-benchmark[431717]: INF 2026-09-07 09:57:01.255+00:00 Imported blocks                            blockNumber=20073729 slot=9278910 blocks=73728 txs=11898676 mgas=1115111 bps=34.21 tps=5595 mgps=516.8 avgBps=28.40 avgTps=4583 avgMGps=429.5 elapsed=43m16s36ms
Sep 07 10:00:52 nimbus-eth1-mainnet-short-benchmark[431717]: INF 2026-09-07 10:00:52.679+00:00 Imported blocks                            blockNumber=20081921 slot=9287152 blocks=81920 txs=13323263 mgas=1239150 bps=35.40 tps=6155 mgps=536.0 avgBps=28.97 avgTps=4712 avgMGps=438.3 elapsed=47m7s460ms
Sep 07 10:04:43 nimbus-eth1-mainnet-short-benchmark[431717]: INF 2026-09-07 10:04:43.372+00:00 Imported blocks                            blockNumber=20090113 slot=9295408 blocks=90112 txs=14697082 mgas=1363113 bps=35.51 tps=5955 mgps=537.4 avgBps=29.47 avgTps=4805 avgMGps=445.7 elapsed=50m58s151ms
Sep 07 10:08:49 nimbus-eth1-mainnet-short-benchmark[431717]: INF 2026-09-07 10:08:49.413+00:00 Imported blocks                            blockNumber=20098305 slot=9303658 blocks=98304 txs=16025683 mgas=1487146 bps=33.30 tps=5399 mgps=504.1 avgBps=29.75 avgTps=4850 avgMGps=450.1 elapsed=55m4s194ms
Sep 07 10:13:08 nimbus-eth1-mainnet-short-benchmark[431717]: INF 2026-09-07 10:13:08.717+00:00 Imported blocks                            blockNumber=20106497 slot=9311895 blocks=106496 txs=17337157 mgas=1611066 bps=31.59 tps=5057 mgps=477.9 avgBps=29.89 avgTps=4865 avgMGps=452.1 elapsed=59m23s499ms
Sep 07 10:17:10 nimbus-eth1-mainnet-short-benchmark[431717]: INF 2026-09-07 10:17:10.345+00:00 Imported blocks                            blockNumber=20114689 slot=9320146 blocks=114688 txs=18632097 mgas=1735123 bps=33.90 tps=5359 mgps=513.4 avgBps=30.14 avgTps=4896 avgMGps=456.0 elapsed=1h3m25s
Sep 07 10:20:58 nimbus-eth1-mainnet-short-benchmark[431717]: INF 2026-09-07 10:20:58.646+00:00 Imported blocks                            blockNumber=20122881 slot=9328409 blocks=122880 txs=19937418 mgas=1859249 bps=35.88 tps=5717 mgps=543.7 avgBps=30.47 avgTps=4943 avgMGps=461.0 elapsed=1h7m13s
Sep 07 10:24:45 nimbus-eth1-mainnet-short-benchmark[431717]: INF 2026-09-07 10:24:45.027+00:00 Imported blocks                            blockNumber=20131073 slot=9336660 blocks=131072 txs=21214129 mgas=1983500 bps=36.19 tps=5639 mgps=548.9 avgBps=30.77 avgTps=4980 avgMGps=465.6 elapsed=1h10m59s
Sep 07 10:28:30 nimbus-eth1-mainnet-short-benchmark[431717]: INF 2026-09-07 10:28:30.076+00:00 Imported blocks                            blockNumber=20139265 slot=9344906 blocks=139264 txs=22579079 mgas=2107571 bps=36.40 tps=6065 mgps=551.3 avgBps=31.05 avgTps=5034 avgMGps=469.9 elapsed=1h14m44s
Sep 07 10:32:58 nimbus-eth1-mainnet-short-benchmark[431717]: INF 2026-09-07 10:32:58.608+00:00 Imported blocks                            blockNumber=20147457 slot=9353153 blocks=147456 txs=24133322 mgas=2231686 bps=30.51 tps=5787 mgps=462.2 avgBps=31.02 avgTps=5077 avgMGps=469.5 elapsed=1h19m13s
Sep 07 10:37:17 nimbus-eth1-mainnet-short-benchmark[431717]: INF 2026-09-07 10:37:17.004+00:00 Imported blocks                            blockNumber=20155649 slot=9361407 blocks=155648 txs=25424015 mgas=2356018 bps=31.70 tps=4995 mgps=481.2 avgBps=31.06 avgTps=5072 avgMGps=470.1 elapsed=1h23m31s
Sep 07 10:41:13 nimbus-eth1-mainnet-short-benchmark[431717]: INF 2026-09-07 10:41:13.625+00:00 Imported blocks                            blockNumber=20163841 slot=9369652 blocks=163840 txs=26749549 mgas=2480207 bps=34.62 tps=5601 mgps=524.8 avgBps=31.22 avgTps=5096 avgMGps=472.6 elapsed=1h27m28s
Sep 07 10:45:05 nimbus-eth1-mainnet-short-benchmark[431717]: INF 2026-09-07 10:45:05.313+00:00 Imported blocks                            blockNumber=20172033 slot=9377892 blocks=172032 txs=28105316 mgas=2604026 bps=35.36 tps=5851 mgps=534.4 avgBps=31.39 avgTps=5128 avgMGps=475.2 elapsed=1h31m20s
Sep 07 10:49:00 nimbus-eth1-mainnet-short-benchmark[431717]: INF 2026-09-07 10:49:00.410+00:00 Imported blocks                            blockNumber=20180225 slot=9386128 blocks=180224 txs=29524405 mgas=2728170 bps=34.85 tps=6036 mgps=528.1 avgBps=31.53 avgTps=5165 avgMGps=477.4 elapsed=1h35m15s
Sep 07 10:52:38 nimbus-eth1-mainnet-short-benchmark[431717]: INF 2026-09-07 10:52:38.835+00:00 Imported blocks                            blockNumber=20188417 slot=9394365 blocks=188416 txs=30849021 mgas=2852023 bps=37.51 tps=6064 mgps=567.0 avgBps=31.75 avgTps=5199 avgMGps=480.7 elapsed=1h38m53s
Sep 07 10:56:41 nimbus-eth1-mainnet-short-benchmark[431717]: INF 2026-09-07 10:56:41.239+00:00 Imported blocks                            blockNumber=20196609 slot=9402602 blocks=196608 txs=32174755 mgas=2976155 bps=33.79 tps=5469 mgps=512.1 avgBps=31.83 avgTps=5209 avgMGps=481.9 elapsed=1h42m56s
Sep 07 11:01:00 nimbus-eth1-mainnet-short-benchmark[431717]: INF 2026-09-07 11:01:00.228+00:00 Imported blocks                            blockNumber=20204801 slot=9410840 blocks=204800 txs=33475942 mgas=3100410 bps=31.63 tps=5024 mgps=479.8 avgBps=31.83 avgTps=5202 avgMGps=481.8 elapsed=1h47m15s
Sep 07 11:04:56 nimbus-eth1-mainnet-short-benchmark[431717]: INF 2026-09-07 11:04:56.484+00:00 Imported blocks                            blockNumber=20212993 slot=9419071 blocks=212992 txs=34798508 mgas=3224370 bps=34.67 tps=5597 mgps=524.7 avgBps=31.93 avgTps=5216 avgMGps=483.3 elapsed=1h51m11s
Sep 07 11:08:48 nimbus-eth1-mainnet-short-benchmark[431717]: INF 2026-09-07 11:08:48.993+00:00 Imported blocks                            blockNumber=20221185 slot=9427313 blocks=221184 txs=36114045 mgas=3348169 bps=35.23 tps=5658 mgps=532.5 avgBps=32.04 avgTps=5231 avgMGps=485.0 elapsed=1h55m3s
Sep 07 11:12:23 nimbus-eth1-mainnet-short-benchmark[431717]: INF 2026-09-07 11:12:23.030+00:00 Imported blocks                            blockNumber=20229377 slot=9435549 blocks=229376 txs=37421794 mgas=3472031 bps=38.27 tps=6109 mgps=578.7 avgBps=32.23 avgTps=5257 avgMGps=487.8 elapsed=1h58m37s
Sep 07 11:16:05 nimbus-eth1-mainnet-short-benchmark[431717]: INF 2026-09-07 11:16:05.691+00:00 Imported blocks                            blockNumber=20237569 slot=9443788 blocks=237568 txs=38842064 mgas=3596351 bps=36.79 tps=6378 mgps=558.3 avgBps=32.36 avgTps=5291 avgMGps=489.9 elapsed=2h2m20s
Sep 07 11:20:05 nimbus-eth1-mainnet-short-benchmark[431717]: INF 2026-09-07 11:20:05.007+00:00 Imported blocks                            blockNumber=20245761 slot=9452021 blocks=245760 txs=40225739 mgas=3720100 bps=34.23 tps=5781 mgps=517.1 avgBps=32.42 avgTps=5306 avgMGps=490.8 elapsed=2h6m19s
Sep 07 11:24:21 nimbus-eth1-mainnet-short-benchmark[431717]: INF 2026-09-07 11:24:21.280+00:00 Imported blocks                            blockNumber=20253953 slot=9460253 blocks=253952 txs=41454921 mgas=3844385 bps=31.97 tps=4796 mgps=485.0 avgBps=32.41 avgTps=5290 avgMGps=490.6 elapsed=2h10m36s
Sep 07 11:28:24 nimbus-eth1-mainnet-short-benchmark[431717]: INF 2026-09-07 11:28:24.912+00:00 Imported blocks                            blockNumber=20262145 slot=9468495 blocks=262144 txs=42726051 mgas=3968623 bps=33.62 tps=5217 mgps=509.9 avgBps=32.44 avgTps=5288 avgMGps=491.2 elapsed=2h14m39s
Sep 07 11:32:12 nimbus-eth1-mainnet-short-benchmark[431717]: INF 2026-09-07 11:32:12.145+00:00 Imported blocks                            blockNumber=20270337 slot=9476748 blocks=270336 txs=44050436 mgas=4092682 bps=36.05 tps=5828 mgps=545.9 avgBps=32.54 avgTps=5302 avgMGps=492.7 elapsed=2h18m26s
Sep 07 11:35:46 nimbus-eth1-mainnet-short-benchmark[431717]: INF 2026-09-07 11:35:46.118+00:00 Imported blocks                            blockNumber=20278529 slot=9484981 blocks=278528 txs=45382368 mgas=4216487 bps=38.29 tps=6224 mgps=578.6 avgBps=32.69 avgTps=5326 avgMGps=494.8 elapsed=2h22m899ms
Sep 07 11:39:23 nimbus-eth1-mainnet-short-benchmark[431717]: INF 2026-09-07 11:39:23.227+00:00 Imported blocks                            blockNumber=20286721 slot=9493213 blocks=286720 txs=46733429 mgas=4340363 bps=37.73 tps=6222 mgps=570.6 avgBps=32.81 avgTps=5348 avgMGps=496.7 elapsed=2h25m38s
Sep 07 11:43:21 nimbus-eth1-mainnet-short-benchmark[431717]: INF 2026-09-07 11:43:21.947+00:00 Imported blocks                            blockNumber=20294913 slot=9501453 blocks=294912 txs=48075887 mgas=4464376 bps=34.32 tps=5623 mgps=519.5 avgBps=32.85 avgTps=5355 avgMGps=497.3 elapsed=2h29m36s
Sep 07 11:47:16 nimbus-eth1-mainnet-short-benchmark[431717]: INF 2026-09-07 11:47:16.100+00:00 Imported blocks                            blockNumber=20303105 slot=9509696 blocks=303104 txs=49379538 mgas=4588534 bps=34.99 tps=5567 mgps=530.3 avgBps=32.91 avgTps=5361 avgMGps=498.2 elapsed=2h33m30s
Sep 07 11:51:01 nimbus-eth1-mainnet-short-benchmark[431717]: INF 2026-09-07 11:51:01.409+00:00 Imported blocks                            blockNumber=20311297 slot=9517922 blocks=311296 txs=50637672 mgas=4712596 bps=36.36 tps=5583 mgps=550.6 avgBps=32.99 avgTps=5366 avgMGps=499.4 elapsed=2h37m16s
Sep 07 11:54:39 nimbus-eth1-mainnet-short-benchmark[431717]: INF 2026-09-07 11:54:39.569+00:00 Imported blocks                            blockNumber=20319489 slot=9526159 blocks=319488 txs=51981692 mgas=4836521 bps=37.55 tps=6160 mgps=568.0 avgBps=33.09 avgTps=5384 avgMGps=501.0 elapsed=2h40m54s
Sep 07 11:57:59 nimbus-eth1-mainnet-short-benchmark[431717]: INF 2026-09-07 11:57:59.307+00:00 Imported blocks                            blockNumber=20327681 slot=9534381 blocks=327680 txs=53356123 mgas=4960245 bps=41.01 tps=6881 mgps=619.4 avgBps=33.25 avgTps=5414 avgMGps=503.4 elapsed=2h44m14s
Sep 07 12:01:18 nimbus-eth1-mainnet-short-benchmark[431717]: INF 2026-09-07 12:01:18.312+00:00 Imported blocks                            blockNumber=20335873 slot=9542617 blocks=335872 txs=54719105 mgas=5084025 bps=41.17 tps=6849 mgps=622.0 avgBps=33.41 avgTps=5443 avgMGps=505.7 elapsed=2h47m33s
Sep 07 12:04:54 nimbus-eth1-mainnet-short-benchmark[431717]: INF 2026-09-07 12:04:54.961+00:00 Imported blocks                            blockNumber=20344065 slot=9550841 blocks=344064 txs=56021853 mgas=5207843 bps=37.81 tps=6013 mgps=571.5 avgBps=33.50 avgTps=5455 avgMGps=507.1 elapsed=2h51m9s
Sep 07 12:09:01 nimbus-eth1-mainnet-short-benchmark[431717]: INF 2026-09-07 12:09:01.409+00:00 Imported blocks                            blockNumber=20352257 slot=9559072 blocks=352256 txs=57290408 mgas=5332016 bps=33.24 tps=5147 mgps=503.8 avgBps=33.50 avgTps=5447 avgMGps=507.0 elapsed=2h55m16s
Sep 07 12:12:45 nimbus-eth1-mainnet-short-benchmark[431717]: INF 2026-09-07 12:12:45.306+00:00 Imported blocks                            blockNumber=20360449 slot=9567308 blocks=360448 txs=58543463 mgas=5456201 bps=36.59 tps=5596 mgps=554.7 avgBps=33.56 avgTps=5450 avgMGps=508.0 elapsed=2h59m86ms
Sep 07 12:16:21 nimbus-eth1-mainnet-short-benchmark[431717]: INF 2026-09-07 12:16:21.471+00:00 Imported blocks                            blockNumber=20368641 slot=9575548 blocks=368640 txs=59874056 mgas=5580204 bps=37.90 tps=6155 mgps=573.7 avgBps=33.65 avgTps=5464 avgMGps=509.3 elapsed=3h2m36s
Sep 07 12:20:06 nimbus-eth1-mainnet-short-benchmark[431717]: INF 2026-09-07 12:20:06.843+00:00 Imported blocks                            blockNumber=20376833 slot=9583774 blocks=376832 txs=61167066 mgas=5704396 bps=36.35 tps=5737 mgps=551.0 avgBps=33.70 avgTps=5470 avgMGps=510.2 elapsed=3h6m21s
Sep 07 12:23:46 nimbus-eth1-mainnet-short-benchmark[431717]: INF 2026-09-07 12:23:46.100+00:00 Imported blocks                            blockNumber=20385025 slot=9592009 blocks=385024 txs=62480333 mgas=5828235 bps=37.36 tps=5989 mgps=564.8 avgBps=33.77 avgTps=5480 avgMGps=511.2 elapsed=3h10m882ms
Sep 07 12:27:26 nimbus-eth1-mainnet-short-benchmark[431717]: INF 2026-09-07 12:27:26.317+00:00 Imported blocks                            blockNumber=20393217 slot=9600248 blocks=393216 txs=63800597 mgas=5952136 bps=37.20 tps=5995 mgps=562.6 avgBps=33.84 avgTps=5490 avgMGps=512.2 elapsed=3h13m41s
Sep 07 12:30:56 nimbus-eth1-mainnet-short-benchmark[431717]: INF 2026-09-07 12:30:56.986+00:00 Imported blocks                            blockNumber=20401409 slot=9608486 blocks=401408 txs=65021243 mgas=6076384 bps=38.89 tps=5794 mgps=589.8 avgBps=33.93 avgTps=5495 avgMGps=513.6 elapsed=3h17m11s
Sep 07 12:34:42 nimbus-eth1-mainnet-short-benchmark[431717]: INF 2026-09-07 12:34:42.739+00:00 Imported blocks                            blockNumber=20409601 slot=9616707 blocks=409600 txs=66199016 mgas=6200666 bps=36.29 tps=5217 mgps=550.5 avgBps=33.97 avgTps=5490 avgMGps=514.3 elapsed=3h20m57s
Sep 07 12:38:20 nimbus-eth1-mainnet-short-benchmark[431717]: INF 2026-09-07 12:38:20.472+00:00 Imported blocks                            blockNumber=20417793 slot=9624941 blocks=417792 txs=67453930 mgas=6324823 bps=37.62 tps=5763 mgps=570.2 avgBps=34.04 avgTps=5495 avgMGps=515.3 elapsed=3h24m35s
Sep 07 12:41:34 nimbus-eth1-mainnet-short-benchmark[431717]: INF 2026-09-07 12:41:34.069+00:00 Imported blocks                            blockNumber=20425985 slot=9633187 blocks=425984 txs=68814904 mgas=6448778 bps=42.31 tps=7029 mgps=640.3 avgBps=34.16 avgTps=5518 avgMGps=517.2 elapsed=3h27m48s
Sep 07 12:44:45 nimbus-eth1-mainnet-short-benchmark[431717]: INF 2026-09-07 12:44:45.082+00:00 Imported blocks                            blockNumber=20434177 slot=9641422 blocks=434176 txs=70124508 mgas=6572711 bps=42.89 tps=6856 mgps=648.8 avgBps=34.30 avgTps=5539 avgMGps=519.2 elapsed=3h30m59s
Sep 07 12:48:05 nimbus-eth1-mainnet-short-benchmark[431717]: INF 2026-09-07 12:48:05.499+00:00 Imported blocks                            blockNumber=20442369 slot=9649657 blocks=442368 txs=71403576 mgas=6696451 bps=40.87 tps=6382 mgps=617.4 avgBps=34.40 avgTps=5552 avgMGps=520.7 elapsed=3h34m20s
Sep 07 12:51:46 nimbus-eth1-mainnet-short-benchmark[431717]: INF 2026-09-07 12:51:46.548+00:00 Imported blocks                            blockNumber=20450561 slot=9657896 blocks=450560 txs=72659905 mgas=6820521 bps=37.06 tps=5683 mgps=561.3 avgBps=34.44 avgTps=5554 avgMGps=521.4 elapsed=3h38m1s
Sep 07 12:55:47 nimbus-eth1-mainnet-short-benchmark[431717]: INF 2026-09-07 12:55:47.429+00:00 Imported blocks                            blockNumber=20458753 slot=9666114 blocks=458752 txs=73838533 mgas=6945116 bps=34.01 tps=4892 mgps=517.2 avgBps=34.44 avgTps=5542 avgMGps=521.3 elapsed=3h42m2s
Sep 07 12:59:26 nimbus-eth1-mainnet-short-benchmark[431717]: INF 2026-09-07 12:59:26.262+00:00 Imported blocks                            blockNumber=20466945 slot=9674343 blocks=466944 txs=75124748 mgas=7068943 bps=37.44 tps=5877 mgps=565.9 avgBps=34.48 avgTps=5547 avgMGps=522.0 elapsed=3h45m41s
Sep 07 13:03:03 nimbus-eth1-mainnet-short-benchmark[431717]: INF 2026-09-07 13:03:03.234+00:00 Imported blocks                            blockNumber=20475137 slot=9682575 blocks=475136 txs=76420106 mgas=7192870 bps=37.76 tps=5970 mgps=571.2 avgBps=34.54 avgTps=5554 avgMGps=522.8 elapsed=3h49m18s
Sep 07 13:06:29 nimbus-eth1-mainnet-short-benchmark[431717]: INF 2026-09-07 13:06:29.592+00:00 Imported blocks                            blockNumber=20483329 slot=9690800 blocks=483328 txs=77675422 mgas=7316939 bps=39.70 tps=6083 mgps=601.2 avgBps=34.61 avgTps=5562 avgMGps=524.0 elapsed=3h52m44s
Sep 07 13:09:52 nimbus-eth1-mainnet-short-benchmark[431717]: INF 2026-09-07 13:09:52.561+00:00 Imported blocks                            blockNumber=20491521 slot=9699019 blocks=491520 txs=78951232 mgas=7440784 bps=40.36 tps=6285 mgps=610.2 avgBps=34.69 avgTps=5572 avgMGps=525.2 elapsed=3h56m7s
Sep 07 13:13:33 nimbus-eth1-mainnet-short-benchmark[431717]: INF 2026-09-07 13:13:33.117+00:00 Imported blocks                            blockNumber=20499713 slot=9707248 blocks=499712 txs=80189642 mgas=7564669 bps=37.14 tps=5614 mgps=561.7 avgBps=34.73 avgTps=5573 avgMGps=525.8 elapsed=3h59m47s
Sep 07 13:17:19 nimbus-eth1-mainnet-short-benchmark[431717]: INF 2026-09-07 13:17:19.210+00:00 Imported blocks                            blockNumber=20507905 slot=9715488 blocks=507904 txs=81317763 mgas=7689208 bps=36.23 tps=4989 mgps=550.8 avgBps=34.75 avgTps=5564 avgMGps=526.2 elapsed=4h3m33s
Sep 07 13:20:38 nimbus-eth1-mainnet-short-benchmark[431717]: INF 2026-09-07 13:20:38.359+00:00 Imported blocks                            blockNumber=20516097 slot=9723715 blocks=516096 txs=82520262 mgas=7813209 bps=41.14 tps=6038 mgps=622.7 avgBps=34.84 avgTps=5570 avgMGps=527.5 elapsed=4h6m53s
Sep 07 13:24:10 nimbus-eth1-mainnet-short-benchmark[431717]: INF 2026-09-07 13:24:10.580+00:00 Imported blocks                            blockNumber=20524289 slot=9731945 blocks=524288 txs=83780075 mgas=7937233 bps=38.60 tps=5936 mgps=584.4 avgBps=34.89 avgTps=5575 avgMGps=528.3 elapsed=4h10m25s
Sep 07 13:27:45 nimbus-eth1-mainnet-short-benchmark[431717]: INF 2026-09-07 13:27:45.661+00:00 Imported blocks                            blockNumber=20532481 slot=9740183 blocks=532480 txs=85263862 mgas=8061024 bps=38.09 tps=6898 mgps=575.6 avgBps=34.94 avgTps=5594 avgMGps=528.9 elapsed=4h14m443ms
Sep 07 13:31:25 nimbus-eth1-mainnet-short-benchmark[431717]: INF 2026-09-07 13:31:25.374+00:00 Imported blocks                            blockNumber=20540673 slot=9748418 blocks=540672 txs=86612143 mgas=8185090 bps=37.29 tps=6136 mgps=564.7 avgBps=34.97 avgTps=5602 avgMGps=529.4 elapsed=4h17m40s
Sep 07 13:35:13 nimbus-eth1-mainnet-short-benchmark[431717]: INF 2026-09-07 13:35:13.743+00:00 Imported blocks                            blockNumber=20548865 slot=9756662 blocks=548864 txs=87802991 mgas=8309513 bps=35.87 tps=5214 mgps=544.8 avgBps=34.99 avgTps=5596 avgMGps=529.7 elapsed=4h21m28s
Sep 07 13:38:58 nimbus-eth1-mainnet-short-benchmark[431717]: INF 2026-09-07 13:38:58.260+00:00 Imported blocks                            blockNumber=20557057 slot=9764892 blocks=557056 txs=88964987 mgas=8433956 bps=36.49 tps=5175 mgps=554.3 avgBps=35.01 avgTps=5590 avgMGps=530.0 elapsed=4h25m13s
Sep 07 13:42:31 nimbus-eth1-mainnet-short-benchmark[431717]: INF 2026-09-07 13:42:31.449+00:00 Imported blocks                            blockNumber=20565249 slot=9773131 blocks=565248 txs=90186094 mgas=8558113 bps=38.43 tps=5727 mgps=582.4 avgBps=35.05 avgTps=5592 avgMGps=530.7 elapsed=4h28m46s
Sep 07 13:46:06 nimbus-eth1-mainnet-short-benchmark[431717]: INF 2026-09-07 13:46:06.481+00:00 Imported blocks                            blockNumber=20573441 slot=9781369 blocks=573440 txs=91404654 mgas=8682228 bps=38.10 tps=5666 mgps=577.2 avgBps=35.09 avgTps=5593 avgMGps=531.3 elapsed=4h32m21s
Sep 07 13:49:36 nimbus-eth1-mainnet-short-benchmark[431717]: INF 2026-09-07 13:49:36.326+00:00 Imported blocks                            blockNumber=20581633 slot=9789611 blocks=581632 txs=92628389 mgas=8806651 bps=39.04 tps=5831 mgps=592.9 avgBps=35.14 avgTps=5596 avgMGps=532.1 elapsed=4h35m51s
Sep 07 13:53:14 nimbus-eth1-mainnet-short-benchmark[431717]: INF 2026-09-07 13:53:14.163+00:00 Imported blocks                            blockNumber=20589825 slot=9797855 blocks=589824 txs=93887208 mgas=8931023 bps=37.61 tps=5778 mgps=570.9 avgBps=35.17 avgTps=5598 avgMGps=532.6 elapsed=4h39m28s
Sep 07 13:56:55 nimbus-eth1-mainnet-short-benchmark[431717]: INF 2026-09-07 13:56:55.420+00:00 Imported blocks                            blockNumber=20598017 slot=9806095 blocks=598016 txs=95163338 mgas=9055310 bps=37.03 tps=5767 mgps=561.7 avgBps=35.20 avgTps=5601 avgMGps=533.0 elapsed=4h43m10s
Sep 07 14:00:38 nimbus-eth1-mainnet-short-benchmark[431717]: INF 2026-09-07 14:00:38.009+00:00 Imported blocks                            blockNumber=20606209 slot=9814347 blocks=606208 txs=96334664 mgas=9179976 bps=36.80 tps=5262 mgps=560.1 avgBps=35.22 avgTps=5596 avgMGps=533.3 elapsed=4h46m52s
Sep 07 14:04:11 nimbus-eth1-mainnet-short-benchmark[431717]: INF 2026-09-07 14:04:11.086+00:00 Imported blocks                            blockNumber=20614401 slot=9822581 blocks=614400 txs=97573414 mgas=9304574 bps=38.45 tps=5813 mgps=584.8 avgBps=35.26 avgTps=5599 avgMGps=534.0 elapsed=4h50m25s
Sep 07 14:07:43 nimbus-eth1-mainnet-short-benchmark[431717]: INF 2026-09-07 14:07:43.787+00:00 Imported blocks                            blockNumber=20622593 slot=9830821 blocks=622592 txs=98874772 mgas=9428835 bps=38.51 tps=6118 mgps=584.2 avgBps=35.30 avgTps=5605 avgMGps=534.6 elapsed=4h53m58s
Sep 07 14:11:11 nimbus-eth1-mainnet-short-benchmark[431717]: INF 2026-09-07 14:11:11.040+00:00 Imported blocks                            blockNumber=20630785 slot=9839058 blocks=630784 txs=100178707 mgas=9553009 bps=39.53 tps=6291 mgps=599.1 avgBps=35.35 avgTps=5613 avgMGps=535.3 elapsed=4h57m25s
Sep 07 14:14:46 nimbus-eth1-mainnet-short-benchmark[431717]: INF 2026-09-07 14:14:46.477+00:00 Imported blocks                            blockNumber=20638977 slot=9847313 blocks=638976 txs=101489116 mgas=9677171 bps=38.02 tps=6082 mgps=576.3 avgBps=35.38 avgTps=5619 avgMGps=535.8 elapsed=5h1m1s
Sep 07 14:18:22 nimbus-eth1-mainnet-short-benchmark[431717]: INF 2026-09-07 14:18:22.598+00:00 Imported blocks                            blockNumber=20647169 slot=9855549 blocks=647168 txs=102730058 mgas=9801643 bps=37.90 tps=5741 mgps=575.9 avgBps=35.41 avgTps=5620 avgMGps=536.3 elapsed=5h4m37s
Sep 07 14:22:08 nimbus-eth1-mainnet-short-benchmark[431717]: INF 2026-09-07 14:22:08.738+00:00 Imported blocks                            blockNumber=20655361 slot=9863778 blocks=655360 txs=103868002 mgas=9926541 bps=36.23 tps=5032 mgps=552.3 avgBps=35.42 avgTps=5613 avgMGps=536.5 elapsed=5h8m23s
Sep 07 14:25:41 nimbus-eth1-mainnet-short-benchmark[431717]: INF 2026-09-07 14:25:41.115+00:00 Imported blocks                            blockNumber=20663553 slot=9872013 blocks=663552 txs=105112198 mgas=10051274 bps=38.57 tps=5858 mgps=587.3 avgBps=35.45 avgTps=5616 avgMGps=537.0 elapsed=5h11m55s
Sep 07 14:29:02 nimbus-eth1-mainnet-short-benchmark[431717]: INF 2026-09-07 14:29:02.380+00:00 Imported blocks                            blockNumber=20671745 slot=9880241 blocks=671744 txs=106395904 mgas=10175177 bps=40.70 tps=6378 mgps=615.6 avgBps=35.51 avgTps=5624 avgMGps=537.9 elapsed=5h15m17s
Sep 07 14:32:26 nimbus-eth1-mainnet-short-benchmark[431717]: INF 2026-09-07 14:32:26.598+00:00 Imported blocks                            blockNumber=20679937 slot=9888471 blocks=679936 txs=107674271 mgas=10299404 bps=40.11 tps=6259 mgps=608.3 avgBps=35.56 avgTps=5631 avgMGps=538.6 elapsed=5h18m41s
Sep 07 14:35:41 nimbus-eth1-mainnet-short-benchmark[431717]: INF 2026-09-07 14:35:41.147+00:00 Imported blocks                            blockNumber=20688129 slot=9896698 blocks=688128 txs=108938536 mgas=10423298 bps=42.11 tps=6498 mgps=636.8 avgBps=35.62 avgTps=5639 avgMGps=539.6 elapsed=5h21m55s
Sep 07 14:39:12 nimbus-eth1-mainnet-short-benchmark[431717]: INF 2026-09-07 14:39:12.016+00:00 Imported blocks                            blockNumber=20696321 slot=9904930 blocks=696320 txs=110235786 mgas=10547469 bps=38.85 tps=6151 mgps=588.9 avgBps=35.66 avgTps=5645 avgMGps=540.2 elapsed=5h25m26s
Sep 07 14:42:57 nimbus-eth1-mainnet-short-benchmark[431717]: INF 2026-09-07 14:42:57.312+00:00 Imported blocks                            blockNumber=20704513 slot=9913154 blocks=704512 txs=111483759 mgas=10671677 bps=36.36 tps=5539 mgps=551.3 avgBps=35.67 avgTps=5644 avgMGps=540.3 elapsed=5h29m12s
Sep 07 14:46:27 nimbus-eth1-mainnet-short-benchmark[431717]: INF 2026-09-07 14:46:27.593+00:00 Imported blocks                            blockNumber=20712705 slot=9921388 blocks=712704 txs=112764170 mgas=10795980 bps=38.96 tps=6089 mgps=591.1 avgBps=35.70 avgTps=5648 avgMGps=540.8 elapsed=5h32m42s
Sep 07 14:49:46 nimbus-eth1-mainnet-short-benchmark[431717]: INF 2026-09-07 14:49:46.067+00:00 Imported blocks                            blockNumber=20720897 slot=9929633 blocks=720896 txs=114110517 mgas=10919926 bps=41.27 tps=6783 mgps=624.5 avgBps=35.76 avgTps=5660 avgMGps=541.6 elapsed=5h36m848ms
Sep 07 14:53:12 nimbus-eth1-mainnet-short-benchmark[431717]: INF 2026-09-07 14:53:12.656+00:00 Imported blocks                            blockNumber=20729089 slot=9937869 blocks=729088 txs=115449431 mgas=11043768 bps=39.65 tps=6481 mgps=599.5 avgBps=35.80 avgTps=5668 avgMGps=542.2 elapsed=5h39m27s
Sep 07 14:56:31 nimbus-eth1-mainnet-short-benchmark[431717]: INF 2026-09-07 14:56:31.857+00:00 Imported blocks                            blockNumber=20737281 slot=9946108 blocks=737280 txs=116784468 mgas=11167784 bps=41.12 tps=6701 mgps=622.6 avgBps=35.85 avgTps=5678 avgMGps=543.0 elapsed=5h42m46s
Sep 07 15:00:00 nimbus-eth1-mainnet-short-benchmark[431717]: INF 2026-09-07 15:00:00.278+00:00 Imported blocks                            blockNumber=20745473 slot=9954342 blocks=745472 txs=118101003 mgas=11291742 bps=39.31 tps=6316 mgps=594.8 avgBps=35.88 avgTps=5684 avgMGps=543.5 elapsed=5h46m15s
Sep 07 15:03:42 nimbus-eth1-mainnet-short-benchmark[431717]: INF 2026-09-07 15:03:42.363+00:00 Imported blocks                            blockNumber=20753665 slot=9962581 blocks=753664 txs=119337525 mgas=11415859 bps=36.89 tps=5567 mgps=558.9 avgBps=35.89 avgTps=5683 avgMGps=543.7 elapsed=5h49m57s
Sep 07 15:07:14 nimbus-eth1-mainnet-short-benchmark[431717]: INF 2026-09-07 15:07:14.668+00:00 Imported blocks                            blockNumber=20761857 slot=9970803 blocks=761856 txs=120564314 mgas=11540225 bps=38.59 tps=5778 mgps=585.8 avgBps=35.92 avgTps=5684 avgMGps=544.1 elapsed=5h53m29s
Sep 07 15:10:33 nimbus-eth1-mainnet-short-benchmark[431717]: INF 2026-09-07 15:10:33.381+00:00 Imported blocks                            blockNumber=20770049 slot=9979058 blocks=770048 txs=121858083 mgas=11663918 bps=41.22 tps=6510 mgps=622.5 avgBps=35.97 avgTps=5692 avgMGps=544.8 elapsed=5h56m48s
Sep 07 15:13:42 nimbus-eth1-mainnet-short-benchmark[431717]: INF 2026-09-07 15:13:42.866+00:00 Imported blocks                            blockNumber=20778241 slot=9987307 blocks=778240 txs=123161734 mgas=11787906 bps=43.23 tps=6879 mgps=654.3 avgBps=36.03 avgTps=5702 avgMGps=545.8 elapsed=5h59m57s
Sep 07 15:16:48 nimbus-eth1-mainnet-short-benchmark[431717]: INF 2026-09-07 15:16:48.171+00:00 Imported blocks                            blockNumber=20786433 slot=9995542 blocks=786432 txs=124509456 mgas=11911612 bps=44.21 tps=7272 mgps=667.6 avgBps=36.10 avgTps=5715 avgMGps=546.8 elapsed=6h3m2s
Sep 07 15:19:58 nimbus-eth1-mainnet-short-benchmark[431717]: INF 2026-09-07 15:19:58.245+00:00 Imported blocks                            blockNumber=20794625 slot=10003781 blocks=794624 txs=125848921 mgas=12035338 bps=43.10 tps=7047 mgps=650.9 avgBps=36.16 avgTps=5727 avgMGps=547.7 elapsed=6h6m13s
Sep 07 15:23:13 nimbus-eth1-mainnet-short-benchmark[431717]: INF 2026-09-07 15:23:13.594+00:00 Imported blocks                            blockNumber=20802817 slot=10012028 blocks=802816 txs=127089868 mgas=12158989 bps=41.94 tps=6352 mgps=633.0 avgBps=36.21 avgTps=5732 avgMGps=548.5 elapsed=6h9m28s
Sep 07 15:26:36 nimbus-eth1-mainnet-short-benchmark[431717]: INF 2026-09-07 15:26:36.827+00:00 Imported blocks                            blockNumber=20811009 slot=10020249 blocks=811008 txs=128299762 mgas=12282850 bps=40.31 tps=5953 mgps=609.5 avgBps=36.25 avgTps=5734 avgMGps=549.0 elapsed=6h12m51s
Sep 07 15:29:48 nimbus-eth1-mainnet-short-benchmark[431717]: INF 2026-09-07 15:29:48.436+00:00 Imported blocks                            blockNumber=20819201 slot=10028481 blocks=819200 txs=129596319 mgas=12406594 bps=42.75 tps=6766 mgps=645.8 avgBps=36.31 avgTps=5743 avgMGps=549.9 elapsed=6h16m3s
Sep 07 15:32:57 nimbus-eth1-mainnet-short-benchmark[431717]: INF 2026-09-07 15:32:57.529+00:00 Imported blocks                            blockNumber=20827393 slot=10036710 blocks=827392 txs=130916729 mgas=12530249 bps=43.32 tps=6982 mgps=653.9 avgBps=36.37 avgTps=5753 avgMGps=550.7 elapsed=6h19m12s
Sep 07 15:36:07 nimbus-eth1-mainnet-short-benchmark[431717]: INF 2026-09-07 15:36:07.723+00:00 Imported blocks                            blockNumber=20835585 slot=10044938 blocks=835584 txs=132226625 mgas=12654070 bps=43.07 tps=6887 mgps=651.0 avgBps=36.42 avgTps=5763 avgMGps=551.6 elapsed=6h22m22s
Sep 07 15:39:29 nimbus-eth1-mainnet-short-benchmark[431717]: INF 2026-09-07 15:39:29.260+00:00 Imported blocks                            blockNumber=20843777 slot=10053164 blocks=843776 txs=133604192 mgas=12777730 bps=40.65 tps=6835 mgps=613.6 avgBps=36.46 avgTps=5772 avgMGps=552.1 elapsed=6h25m44s
Sep 07 15:43:19 nimbus-eth1-mainnet-short-benchmark[431717]: INF 2026-09-07 15:43:19.329+00:00 Imported blocks                            blockNumber=20851969 slot=10061391 blocks=851968 txs=134900706 mgas=12901664 bps=35.61 tps=5635 mgps=538.7 avgBps=36.45 avgTps=5771 avgMGps=552.0 elapsed=6h29m34s
Sep 07 15:46:55 nimbus-eth1-mainnet-short-benchmark[431717]: INF 2026-09-07 15:46:55.413+00:00 Imported blocks                            blockNumber=20860161 slot=10069622 blocks=860160 txs=136168750 mgas=13025603 bps=37.91 tps=5868 mgps=573.6 avgBps=36.46 avgTps=5772 avgMGps=552.2 elapsed=6h33m10s
Sep 07 15:50:26 nimbus-eth1-mainnet-short-benchmark[431717]: INF 2026-09-07 15:50:26.734+00:00 Imported blocks                            blockNumber=20868353 slot=10077838 blocks=868352 txs=137550724 mgas=13149742 bps=38.77 tps=6539 mgps=587.4 avgBps=36.48 avgTps=5779 avgMGps=552.5 elapsed=6h36m41s
Sep 07 15:53:59 nimbus-eth1-mainnet-short-benchmark[431717]: INF 2026-09-07 15:53:59.443+00:00 Imported blocks                            blockNumber=20876545 slot=10086066 blocks=876544 txs=138954673 mgas=13273457 bps=38.51 tps=6600 mgps=581.6 avgBps=36.50 avgTps=5786 avgMGps=552.7 elapsed=6h40m14s
Sep 07 15:57:23 nimbus-eth1-mainnet-short-benchmark[431717]: INF 2026-09-07 15:57:23.592+00:00 Imported blocks                            blockNumber=20884737 slot=10094286 blocks=884736 txs=140256178 mgas=13397479 bps=40.13 tps=6375 mgps=607.5 avgBps=36.53 avgTps=5791 avgMGps=553.2 elapsed=6h43m38s
Sep 07 16:00:44 nimbus-eth1-mainnet-short-benchmark[431717]: INF 2026-09-07 16:00:44.178+00:00 Imported blocks                            blockNumber=20892929 slot=10102512 blocks=892928 txs=141581868 mgas=13521575 bps=40.84 tps=6609 mgps=618.7 avgBps=36.57 avgTps=5798 avgMGps=553.7 elapsed=6h46m58s
Sep 07 16:04:04 nimbus-eth1-mainnet-short-benchmark[431717]: INF 2026-09-07 16:04:04.799+00:00 Imported blocks                            blockNumber=20901121 slot=10110732 blocks=901120 txs=142875889 mgas=13645572 bps=40.83 tps=6450 mgps=618.1 avgBps=36.60 avgTps=5803 avgMGps=554.3 elapsed=6h50m19s
Sep 07 16:07:24 nimbus-eth1-mainnet-short-benchmark[431717]: INF 2026-09-07 16:07:24.132+00:00 Imported blocks                            blockNumber=20909313 slot=10118953 blocks=909312 txs=144102308 mgas=13769390 bps=41.10 tps=6152 mgps=621.2 avgBps=36.64 avgTps=5806 avgMGps=554.8 elapsed=6h53m38s
Sep 07 16:10:39 nimbus-eth1-mainnet-short-benchmark[431717]: INF 2026-09-07 16:10:39.961+00:00 Imported blocks                            blockNumber=20917505 slot=10127176 blocks=917504 txs=145406349 mgas=13893087 bps=41.83 tps=6659 mgps=631.7 avgBps=36.68 avgTps=5812 avgMGps=555.4 elapsed=6h56m54s
Sep 07 16:13:46 nimbus-eth1-mainnet-short-benchmark[431717]: INF 2026-09-07 16:13:46.430+00:00 Imported blocks                            blockNumber=20925697 slot=10135394 blocks=925696 txs=146718394 mgas=14016820 bps=43.93 tps=7036 mgps=663.6 avgBps=36.73 avgTps=5821 avgMGps=556.2 elapsed=7h1s209ms
Sep 07 16:17:06 nimbus-eth1-mainnet-short-benchmark[431717]: INF 2026-09-07 16:17:06.188+00:00 Imported blocks                            blockNumber=20933889 slot=10143614 blocks=933888 txs=148049109 mgas=14140625 bps=41.01 tps=6661 mgps=619.8 avgBps=36.77 avgTps=5828 avgMGps=556.7 elapsed=7h3m20s
Sep 07 16:20:19 nimbus-eth1-mainnet-short-benchmark[431717]: INF 2026-09-07 16:20:19.293+00:00 Imported blocks                            blockNumber=20942081 slot=10151840 blocks=942080 txs=149397364 mgas=14264352 bps=42.42 tps=6981 mgps=640.7 avgBps=36.81 avgTps=5837 avgMGps=557.3 elapsed=7h6m34s
Sep 07 16:23:36 nimbus-eth1-mainnet-short-benchmark[431717]: INF 2026-09-07 16:23:36.786+00:00 Imported blocks                            blockNumber=20950273 slot=10160098 blocks=950272 txs=150765507 mgas=14388237 bps=41.48 tps=6927 mgps=627.3 avgBps=36.84 avgTps=5845 avgMGps=557.9 elapsed=7h9m51s
Sep 07 16:27:08 nimbus-eth1-mainnet-short-benchmark[431717]: INF 2026-09-07 16:27:08.187+00:00 Imported blocks                            blockNumber=20958465 slot=10168363 blocks=958464 txs=152044771 mgas=14511987 bps=38.75 tps=6051 mgps=585.4 avgBps=36.86 avgTps=5847 avgMGps=558.1 elapsed=7h13m22s
Sep 07 16:30:30 nimbus-eth1-mainnet-short-benchmark[431717]: INF 2026-09-07 16:30:30.656+00:00 Imported blocks                            blockNumber=20966657 slot=10176609 blocks=966656 txs=153365296 mgas=14635804 bps=40.46 tps=6522 mgps=611.5 avgBps=36.89 avgTps=5852 avgMGps=558.5 elapsed=7h16m45s
Sep 07 16:33:53 nimbus-eth1-mainnet-short-benchmark[431717]: INF 2026-09-07 16:33:53.045+00:00 Imported blocks                            blockNumber=20974849 slot=10184849 blocks=974848 txs=154744917 mgas=14759580 bps=40.48 tps=6816 mgps=611.6 avgBps=36.92 avgTps=5859 avgMGps=558.9 elapsed=7h20m7s
Sep 07 16:37:21 nimbus-eth1-mainnet-short-benchmark[431717]: INF 2026-09-07 16:37:21.226+00:00 Imported blocks                            blockNumber=20983041 slot=10193086 blocks=983040 txs=156055229 mgas=14883451 bps=39.35 tps=6294 mgps=595.0 avgBps=36.93 avgTps=5863 avgMGps=559.2 elapsed=7h23m36s
Sep 07 16:40:23 nimbus-eth1-mainnet-short-benchmark[431717]: INF 2026-09-07 16:40:23.600+00:00 Imported blocks                            blockNumber=20991233 slot=10201319 blocks=991232 txs=157563202 mgas=15007557 bps=44.92 tps=8268 mgps=680.5 avgBps=36.99 avgTps=5879 avgMGps=560.0 elapsed=7h26m38s
Sep 07 16:43:55 nimbus-eth1-mainnet-short-benchmark[431717]: INF 2026-09-07 16:43:55.069+00:00 Imported blocks                            blockNumber=20999425 slot=10209549 blocks=999424 txs=159003277 mgas=15131383 bps=38.74 tps=6809 mgps=585.5 avgBps=37.00 avgTps=5886 avgMGps=560.2 elapsed=7h30m9s
Sep 07 16:44:10 nimbus-eth1-mainnet-short-benchmark[431717]: INF 2026-09-07 16:44:10.604+00:00 Imported blocks                            blockNumber=21000001 slot=10210128 blocks=1000000 txs=159109486 mgas=15140191 bps=37.08 tps=6837 mgps=567.0 avgBps=37.00 avgTps=5887 avgMGps=560.2 elapsed=7h30m25s
Sep 07 16:44:10 nimbus-eth1-mainnet-short-benchmark[431717]: NTC 2026-09-07 16:44:10.604+00:00 Import complete                            blockNumber=21000001 slot=10210128 blocks=1000000 txs=159109486 mgas=15140191
Sep 07 16:44:11 nimbus-eth1-mainnet-short-benchmark[399189]: <<< ending startNimbusWithImport (success)
Sep 07 16:44:11 nimbus-eth1-mainnet-short-benchmark[399189]: >>> starting moveBenchmarkingFileToRepo
Sep 07 16:44:11 nimbus-eth1-mainnet-short-benchmark[399189]: >>> copying debug-csv generated by nimbus to benchmarks repo
Sep 07 16:44:11 nimbus-eth1-mainnet-short-benchmark[399189]: <<< ending moveBenchmarkingFileToRepo (success)
Sep 07 16:44:11 nimbus-eth1-mainnet-short-benchmark[399189]: >>> starting generateBuildEnvironmentLogFile
Sep 07 16:44:20 nimbus-eth1-mainnet-short-benchmark[399189]: <<< ending generateBuildEnvironmentLogFile (success)
Sep 07 16:44:20 nimbus-eth1-mainnet-short-benchmark[399189]: >>> starting generateSystemdServiceLogs
