=== System Information Report ===
>>> Generated on: Sat Oct  3 09:32:52 AM UTC 2026
==========================
>>> CPU Architecture: x86_64
>>> CPU Byte Order: Little Endian
>>> CPU Cores: 16
>>> CPU Model: AMD Ryzen 7 PRO 8700GE w/ Radeon 780M Graphics
>>> CPU Cache Information:
L1d Cache: 256 KiB (8 instances)
L1i Cache: 256 KiB (8 instances)
L2 Cache: 8 MiB (8 instances)
L3 Cache: 16 MiB (1 instance)
>>> RAM Size: 61Gi
>>> Hard Disk Information:
/dev/md2 : 437G total, 243G free
/dev/md1 : 989M total, 690M free
/dev/nvme0n1p1 : 256M total, 256M free
/dev/nvme1n1 : 1.9T total, 647G free
==========================
=== Nimbus-ETH1 Benchmarking Report ===
>>> Total time spent in benchmarking (nanoseconds): 318191350978994
>>> Total time spent in benchmarking (human readable format): 3 days 16 hours 23 minutes 11 seconds
tail: error writing 'standard output': Broken pipe
>>> Start block number is 1
>>> End block number is 21005282
==========================
=== Comparison of last two benchmarks ===
python /data/status-im/nimbus-eth1/scripts/block-import-stats.py /data/status-im/nimbus-eth1-benchmarks/long-benchmark/20260925T235831_f0ea0d9f/blocks-import-benchmark.csv /data/status-im/nimbus-eth1-benchmarks/long-benchmark/20260929T170332_225689de/blocks-import-benchmark.csv
blocks-import-benchmark.csv vs blocks-import-benchmark.csv
                         bps_x     bps_y      tps_x      tps_y     time_x     time_y   bpsd   tpsd   timed
block_number                                                                                              
(499713, 2778109]     5,485.60  5,515.21  26,911.59  27,030.02     26m37s     26m39s  0.39%  0.39%  -0.36%
(2778109, 5056506]    1,744.82  1,758.61  31,283.14  31,472.48   1h29m22s   1h28m54s  0.62%  0.62%  -0.59%
(5056506, 7334902]      142.16    143.33  15,221.73  15,342.16   4h30m22s    4h28m7s  0.84%  0.84%  -0.82%
(7334902, 9613299]      118.80    119.72  12,840.47  12,940.37    5h24m8s   5h21m36s  0.78%  0.78%  -0.77%
(9613299, 11891695]      68.35     69.02  10,695.44  10,799.43   9h30m46s   9h25m18s  0.97%  0.97%  -0.96%
(11891695, 14170092]     44.26     44.60   8,686.10   8,754.89  14h29m22s  14h22m53s  0.77%  0.77%  -0.76%
(14170092, 16448488]     38.41     38.52   6,454.92   6,474.38  16h31m38s  16h28m39s  0.30%  0.30%  -0.29%
(16448488, 18726885]     36.62     36.85   5,364.57   5,397.30   17h20m5s   17h14m3s  0.60%  0.60%  -0.59%
(18726885, 21005282]     33.15     33.37   5,377.21   5,411.53  19h13m50s   19h6m29s  0.64%  0.64%  -0.63%

blocks: 20497377, baseline: 88h56m13s, contender: 88h22m41s
Time (total): -33m31s, -0.63%

bpsd = blocks per sec diff (+), tpsd = txs per sec diff, timed = time to process diff (-)
+ = more is better, - = less is better
==========================
