Aug 30 06:38:55 nimbus-eth1-mainnet-short-benchmark[1068435]: >>> starting cloneOrFetchBenchmarksRepo
Aug 30 06:38:55 nimbus-eth1-mainnet-short-benchmark[1068435]: >>> Fetching latest changes for nimbus-eth1-benchmarks...
Aug 30 06:38:57 nimbus-eth1-mainnet-short-benchmark[1068483]: HEAD is now at a932007 chore: update short benchmark Readme
Aug 30 06:38:57 nimbus-eth1-mainnet-short-benchmark[1068435]: <<< ending cloneOrFetchBenchmarksRepo (success)
Aug 30 06:38:57 nimbus-eth1-mainnet-short-benchmark[1068435]: >>> starting cloneOrFetchNimbusRepo
Aug 30 06:39:06 nimbus-eth1-mainnet-short-benchmark[1068435]: >>> Fetching latest changes for nimbus-eth1...
Aug 30 06:39:07 nimbus-eth1-mainnet-short-benchmark[1068843]: From https://github.com/status-im/nimbus-eth1
Aug 30 06:39:07 nimbus-eth1-mainnet-short-benchmark[1068843]:    dfe65daec..21bba4394  wasm-deploy -> origin/wasm-deploy
Aug 30 06:39:07 nimbus-eth1-mainnet-short-benchmark[1068851]: HEAD is now at 36e75fb4f Snap2 sync update download modules (#4708)
Aug 30 06:39:07 nimbus-eth1-mainnet-short-benchmark[1068435]: >>> Found last benchmarked commit: 9f8b5404
Aug 30 06:39:07 nimbus-eth1-mainnet-short-benchmark[1068435]: >>> Using next commit: 7d25cbb68c5d7a95fd2edb5cd36f9dd45f7a0b34
Aug 30 06:39:07 nimbus-eth1-mainnet-short-benchmark[1068867]: HEAD is now at 7d25cbb68 Upgrade delete-artifact actions to v6 (#4627)
Aug 30 06:39:07 nimbus-eth1-mainnet-short-benchmark[1068435]: >>> Current commit: 7d25cbb68
Aug 30 06:39:07 nimbus-eth1-mainnet-short-benchmark[1068435]: <<< ending cloneOrFetchNimbusRepo (success)
Aug 30 06:39:07 nimbus-eth1-mainnet-short-benchmark[1068435]: >>> starting buildBinaries
Aug 30 06:39:07 nimbus-eth1-mainnet-short-benchmark[1068435]: >>> Building binaries for commit 7d25cbb6...
Aug 30 06:39:15 nimbus-eth1-mainnet-short-benchmark[1074346]: Building: Nim compiler
Aug 30 06:42:20 nimbus-eth1-mainnet-short-benchmark[1074346]: Building custom Nimble commit: 42ef70c2102a942c46f13eb76872326edd525cec
Aug 30 06:42:30 nimbus-eth1-mainnet-short-benchmark[1074346]: Building Nimble...
Aug 30 06:42:41 nimbus-eth1-mainnet-short-benchmark[1074346]: Replacing nimble binary...
Aug 30 06:42:48 nimbus-eth1-mainnet-short-benchmark[1090723]: cp: cannot stat '/data/status-im/nimbus-eth1/build/*': No such file or directory
Aug 30 06:42:48 nimbus-eth1-mainnet-short-benchmark[1090702]: ROCKSDB VERSION NOT FOUND
Aug 30 06:42:48 nimbus-eth1-mainnet-short-benchmark[1090857]: make[1]: Entering directory '/data/status-im/nimbus-eth1/vendor/nim-rocksdb/vendor/rocksdb'
Aug 30 06:42:48 nimbus-eth1-mainnet-short-benchmark[1090857]: $DEBUG_LEVEL is 0, $LIB_MODE is static
Aug 30 06:42:48 nimbus-eth1-mainnet-short-benchmark[1090857]: make[1]: Leaving directory '/data/status-im/nimbus-eth1/vendor/nim-rocksdb/vendor/rocksdb'
Aug 30 06:42:48 nimbus-eth1-mainnet-short-benchmark[1091299]: Cleaning up RocksDb build artifacts.
Aug 30 06:42:49 nimbus-eth1-mainnet-short-benchmark[1090728]: Building RocksDb static libraries.
Aug 30 06:46:02 nimbus-eth1-mainnet-short-benchmark[1094806]: Building: build/nimbus_execution_client
Aug 30 06:48:36 nimbus-eth1-mainnet-short-benchmark[1068435]: >>> renaming binaries to match commit they were built from
Aug 30 06:48:36 nimbus-eth1-mainnet-short-benchmark[1068435]: >>> creating a symbolic link to the latest version
Aug 30 06:48:36 nimbus-eth1-mainnet-short-benchmark[1068435]: >>> deleting copies that are older than N days
Aug 30 06:48:36 nimbus-eth1-mainnet-short-benchmark[1068435]: <<< ending buildBinaries (success)
Aug 30 06:48:36 nimbus-eth1-mainnet-short-benchmark[1068435]: >>> starting skipOrContinueBenchmark
Aug 30 06:48:36 nimbus-eth1-mainnet-short-benchmark[1068435]: <<< ending skipOrContinueBenchmark (success)
Aug 30 06:48:36 nimbus-eth1-mainnet-short-benchmark[1068435]: >>> starting copyTemplateDatabase
Aug 30 06:48:36 nimbus-eth1-mainnet-short-benchmark[1068435]: >>> Copying template db into nimbus data directory
Aug 30 06:51:49 nimbus-eth1-mainnet-short-benchmark[1068435]: >>> Template db copied
Aug 30 06:51:49 nimbus-eth1-mainnet-short-benchmark[1068435]: >>> making nimbus the owner of the copied files
Aug 30 06:51:49 nimbus-eth1-mainnet-short-benchmark[1068435]: <<< ending copyTemplateDatabase (success)
Aug 30 06:51:49 nimbus-eth1-mainnet-short-benchmark[1068435]: >>> starting startNimbusWithImport
Aug 30 06:51:49 nimbus-eth1-mainnet-short-benchmark[1100496]: INF 2026-08-30 06:51:49.487+00:00 Launching execution client                 version=v0.4.0-7d25cbb6 config="(configFile: none(InputFile), dataDirFlag: some(/data/status-im/nimbus-eth1/data/shared_mainnet_0), era1DirFlag: some(/data/era1), eraDirFlag: some(/data/era), ereDirFlag: none(OutDir), keyStoreDirFlag: none(OutDir), importKey: , trustedSetupFile: none(string), extraData: Nimbus/v0.4.0-7d25cbb6, gasLimit: none(uint64), maxBlobs: none(byte), network: [mainnet], logLevel: INFO, logFormat: auto, metricsEnabled: false, metricsPort: 9093, metricsAddress: 127.0.0.1, bootstrapNodes: [], elBootstrapNodes: [], bootstrapFile: , elBootstrapFile: , staticPeers: [], staticPeersFile: , reconnectMaxRetry: 0, reconnectInterval: 15, listenAddress: ::, tcpPort: 30303, udpPortFlag: none(Port), maxPeersOpt: none(int), elMaxPeersOpt: none(int), nat: (hasExtIp: false, nat: NatAny), discv5: true, netKey: random, agentString: Nimbus/v0.4.0-7d25cbb6/linux-amd64/Nim-2.2.10, numThreads: 0, persistBatchSize: 4, dynamicBatchSize: false, rocksdbMaxOpenFiles: 2048, rocksdbWriteBufferSize: 67108864, rocksdbRowCacheSize: 0, rocksdbBlockCacheSize: 2147483648, rocksdbBlockCacheType: hyperclock, rdbVtxCacheSize: 536870912, rdbKeyCacheSize: 1342177280, rdbBranchCacheSize: 1073741824, rdbPrintStats: false, rewriteDatadirId: true, aristoDbMaxSnapshots: 5, parallelStateRootComputation: false, parallelSenderRecovery: true, optimisticStatePrefetch: false, balStatePrefetch: false, balStatePrefetchWorkers: 0, balParallelExecution: false, eagerStateRootCheck: false, deserializeFcState: true, statelessProvider: false, statelessWitnessValidation: false, cmd: import, maxBlocks: 1000000, chunkSize: 8192, csvStats: some("/data/host-benchmarks/short/c3c8b2b49b744ab6b8b1bdb19687bc54/blocks-import-benchmark.csv"), validation: false, fullValidation: false, storeBodies: false, storeReceipts: false, storeSlotHashes: false)"
Aug 30 06:51:49 nimbus-eth1-mainnet-short-benchmark[1100496]: WRN 2026-08-30 06:51:49.495+00:00 Data directory has insecure permissions. Correcting them. data_dir=/data/status-im/nimbus-eth1/data/shared_mainnet_0 current_permissions=0755 required_permissions=0700
Aug 30 06:51:51 nimbus-eth1-mainnet-short-benchmark[1100496]: INF 2026-08-30 06:51:51.327+00:00 Taskpool started                           numThreads=16
Aug 30 06:51:51 nimbus-eth1-mainnet-short-benchmark[1100496]: INF 2026-08-30 06:51:51.447+00:00 Database initialized                       base="(0xd24fd73f794058a3807db926d8898c6481e902b7edb91ce0d479d6760f276183, 20000000)" finalized="(0xd24fd73f794058a3807db926d8898c6481e902b7edb91ce0d479d6760f276183, 20000000)" head="(0xd4e56740f876aef8c010b86a40d5f56745a118d0906a34e69aec8c0db1cb8fa3, 0)"
Aug 30 06:51:51 nimbus-eth1-mainnet-short-benchmark[1100496]: NTC 2026-08-30 06:51:51.447+00:00 Could not open ere database, falling back to era1/era import ereDir=/data/status-im/nimbus-eth1/data/shared_mainnet_0/ere networkName=mainnet error="No ere files found in /data/status-im/nimbus-eth1/data/shared_mainnet_0/ere"
Aug 30 06:51:51 nimbus-eth1-mainnet-short-benchmark[1100496]: NTC 2026-08-30 06:51:51.447+00:00 Importing era archive                      blockNumber=20000001 dataDir=/data/status-im/nimbus-eth1/data/shared_mainnet_0 eraDir=/data/era
Aug 30 06:51:53 nimbus-eth1-mainnet-short-benchmark[1100496]: NTC 2026-08-30 06:51:53.767+00:00 Matched block to slot number               blockNumber=20000001 slot=9204783
Aug 30 06:58:09 nimbus-eth1-mainnet-short-benchmark[1100496]: INF 2026-08-30 06:58:09.266+00:00 Imported blocks                            blockNumber=20008193 slot=9213020 blocks=8192 txs=1226966 mgas=124237 bps=21.68 tps=3247 mgps=328.8 avgBps=21.68 avgTps=3247 avgMGps=328.8 elapsed=6m17s821ms
Aug 30 07:03:42 nimbus-eth1-mainnet-short-benchmark[1100496]: INF 2026-08-30 07:03:42.445+00:00 Imported blocks                            blockNumber=20016385 slot=9221256 blocks=16384 txs=2540380 mgas=248071 bps=24.59 tps=3942 mgps=371.7 avgBps=23.04 avgTps=3572 avgMGps=348.9 elapsed=11m51s2ms
Aug 30 07:08:58 nimbus-eth1-mainnet-short-benchmark[1100496]: INF 2026-08-30 07:08:58.897+00:00 Imported blocks                            blockNumber=20024577 slot=9229485 blocks=24576 txs=3869398 mgas=372018 bps=25.89 tps=4199 mgps=391.7 avgBps=23.92 avgTps=3766 avgMGps=362.1 elapsed=17m7s453ms
Aug 30 07:13:43 nimbus-eth1-mainnet-short-benchmark[1100496]: INF 2026-08-30 07:13:43.197+00:00 Imported blocks                            blockNumber=20032769 slot=9237722 blocks=32768 txs=5222766 mgas=495797 bps=28.81 tps=4760 mgps=435.4 avgBps=24.98 avgTps=3981 avgMGps=378.0 elapsed=21m51s754ms
Aug 30 07:18:16 nimbus-eth1-mainnet-short-benchmark[1100496]: INF 2026-08-30 07:18:16.565+00:00 Imported blocks                            blockNumber=20040961 slot=9245957 blocks=40960 txs=6566802 mgas=619586 bps=29.97 tps=4916 mgps=452.8 avgBps=25.84 avgTps=4142 avgMGps=390.9 elapsed=26m25s119ms
Aug 30 07:23:10 nimbus-eth1-mainnet-short-benchmark[1100496]: INF 2026-08-30 07:23:10.701+00:00 Imported blocks                            blockNumber=20049153 slot=9254196 blocks=49152 txs=7904746 mgas=743522 bps=27.85 tps=4548 mgps=421.4 avgBps=26.16 avgTps=4206 avgMGps=395.6 elapsed=31m19s255ms
Aug 30 07:27:56 nimbus-eth1-mainnet-short-benchmark[1100496]: INF 2026-08-30 07:27:56.633+00:00 Imported blocks                            blockNumber=20057345 slot=9262435 blocks=57344 txs=9212009 mgas=867360 bps=28.65 tps=4571 mgps=433.1 avgBps=26.48 avgTps=4254 avgMGps=400.6 elapsed=36m5s190ms
Aug 30 07:32:22 nimbus-eth1-mainnet-short-benchmark[1100496]: INF 2026-08-30 07:32:22.061+00:00 Imported blocks                            blockNumber=20065537 slot=9270674 blocks=65536 txs=10559018 mgas=991371 bps=30.86 tps=5074 mgps=467.2 avgBps=26.96 avgTps=4344 avgMGps=407.9 elapsed=40m30s615ms
Aug 30 07:36:33 nimbus-eth1-mainnet-short-benchmark[1100496]: INF 2026-08-30 07:36:33.486+00:00 Imported blocks                            blockNumber=20073729 slot=9278910 blocks=73728 txs=11898676 mgas=1115111 bps=32.58 tps=5328 mgps=492.2 avgBps=27.49 avgTps=4436 avgMGps=415.8 elapsed=44m42s40ms
Aug 30 07:40:33 nimbus-eth1-mainnet-short-benchmark[1100496]: INF 2026-08-30 07:40:33.886+00:00 Imported blocks                            blockNumber=20081921 slot=9287152 blocks=81920 txs=13323263 mgas=1239150 bps=34.08 tps=5925 mgps=516.0 avgBps=28.03 avgTps=4558 avgMGps=424.0 elapsed=48m42s440ms
Aug 30 07:44:33 nimbus-eth1-mainnet-short-benchmark[1100496]: INF 2026-08-30 07:44:33.515+00:00 Imported blocks                            blockNumber=20090113 slot=9295408 blocks=90112 txs=14697082 mgas=1363113 bps=34.19 tps=5733 mgps=517.3 avgBps=28.50 avgTps=4647 avgMGps=431.1 elapsed=52m42s68ms
Aug 30 07:48:52 nimbus-eth1-mainnet-short-benchmark[1100496]: INF 2026-08-30 07:48:52.119+00:00 Imported blocks                            blockNumber=20098305 slot=9303658 blocks=98304 txs=16025683 mgas=1487146 bps=31.68 tps=5137 mgps=479.6 avgBps=28.74 avgTps=4684 avgMGps=434.8 elapsed=57m673ms6us
Aug 30 07:53:17 nimbus-eth1-mainnet-short-benchmark[1100496]: INF 2026-08-30 07:53:17.708+00:00 Imported blocks                            blockNumber=20106497 slot=9311895 blocks=106496 txs=17337157 mgas=1611066 bps=30.84 tps=4937 mgps=466.6 avgBps=28.89 avgTps=4703 avgMGps=437.0 elapsed=1h1m26s
Aug 30 07:57:30 nimbus-eth1-mainnet-short-benchmark[1100496]: INF 2026-08-30 07:57:30.588+00:00 Imported blocks                            blockNumber=20114689 slot=9320146 blocks=114688 txs=18632097 mgas=1735123 bps=32.39 tps=5120 mgps=490.6 avgBps=29.11 avgTps=4729 avgMGps=440.5 elapsed=1h5m39s
Aug 30 08:01:30 nimbus-eth1-mainnet-short-benchmark[1100496]: INF 2026-08-30 08:01:30.201+00:00 Imported blocks                            blockNumber=20122881 slot=9328409 blocks=122880 txs=19937418 mgas=1859249 bps=34.19 tps=5447 mgps=518.0 avgBps=29.41 avgTps=4771 avgMGps=444.9 elapsed=1h9m38s
Aug 30 08:05:26 nimbus-eth1-mainnet-short-benchmark[1100496]: INF 2026-08-30 08:05:26.885+00:00 Imported blocks                            blockNumber=20131073 slot=9336660 blocks=131072 txs=21214129 mgas=1983500 bps=34.61 tps=5394 mgps=525.0 avgBps=29.68 avgTps=4804 avgMGps=449.2 elapsed=1h13m35s
Aug 30 08:09:21 nimbus-eth1-mainnet-short-benchmark[1100496]: INF 2026-08-30 08:09:21.394+00:00 Imported blocks                            blockNumber=20139265 slot=9344906 blocks=139264 txs=22579079 mgas=2107571 bps=34.93 tps=5820 mgps=529.1 avgBps=29.95 avgTps=4855 avgMGps=453.2 elapsed=1h17m29s
Aug 30 08:13:59 nimbus-eth1-mainnet-short-benchmark[1100496]: INF 2026-08-30 08:13:59.854+00:00 Imported blocks                            blockNumber=20147457 slot=9353153 blocks=147456 txs=24133322 mgas=2231686 bps=29.42 tps=5581 mgps=445.7 avgBps=29.92 avgTps=4896 avgMGps=452.8 elapsed=1h22m8s
Aug 30 08:18:28 nimbus-eth1-mainnet-short-benchmark[1100496]: INF 2026-08-30 08:18:28.494+00:00 Imported blocks                            blockNumber=20155649 slot=9361407 blocks=155648 txs=25424015 mgas=2356018 bps=30.49 tps=4804 mgps=462.8 avgBps=29.95 avgTps=4892 avgMGps=453.3 elapsed=1h26m37s
Aug 30 08:22:37 nimbus-eth1-mainnet-short-benchmark[1100496]: INF 2026-08-30 08:22:37.239+00:00 Imported blocks                            blockNumber=20163841 slot=9369652 blocks=163840 txs=26749549 mgas=2480207 bps=32.93 tps=5328 mgps=499.3 avgBps=30.09 avgTps=4911 avgMGps=455.4 elapsed=1h30m45s
Aug 30 08:26:38 nimbus-eth1-mainnet-short-benchmark[1100496]: INF 2026-08-30 08:26:38.423+00:00 Imported blocks                            blockNumber=20172033 slot=9377892 blocks=172032 txs=28105316 mgas=2604026 bps=33.97 tps=5621 mgps=513.4 avgBps=30.25 avgTps=4942 avgMGps=457.9 elapsed=1h34m46s
Aug 30 08:30:46 nimbus-eth1-mainnet-short-benchmark[1100496]: INF 2026-08-30 08:30:46.376+00:00 Imported blocks                            blockNumber=20180225 slot=9386128 blocks=180224 txs=29524405 mgas=2728170 bps=33.04 tps=5723 mgps=500.7 avgBps=30.37 avgTps=4974 avgMGps=459.7 elapsed=1h38m54s
Aug 30 08:34:38 nimbus-eth1-mainnet-short-benchmark[1100496]: INF 2026-08-30 08:34:38.093+00:00 Imported blocks                            blockNumber=20188417 slot=9394365 blocks=188416 txs=30849021 mgas=2852023 bps=35.35 tps=5716 mgps=534.5 avgBps=30.55 avgTps=5002 avgMGps=462.5 elapsed=1h42m46s
Aug 30 08:38:55 nimbus-eth1-mainnet-short-benchmark[1100496]: INF 2026-08-30 08:38:55.897+00:00 Imported blocks                            blockNumber=20196609 slot=9402602 blocks=196608 txs=32174755 mgas=2976155 bps=31.78 tps=5142 mgps=481.5 avgBps=30.60 avgTps=5008 avgMGps=463.3 elapsed=1h47m4s
Aug 30 08:43:25 nimbus-eth1-mainnet-short-benchmark[1100496]: INF 2026-08-30 08:43:25.241+00:00 Imported blocks                            blockNumber=20204801 slot=9410840 blocks=204800 txs=33475942 mgas=3100410 bps=30.41 tps=4830 mgps=461.3 avgBps=30.60 avgTps=5001 avgMGps=463.2 elapsed=1h51m33s
Aug 30 08:47:35 nimbus-eth1-mainnet-short-benchmark[1100496]: INF 2026-08-30 08:47:35.222+00:00 Imported blocks                            blockNumber=20212993 slot=9419071 blocks=212992 txs=34798508 mgas=3224370 bps=32.77 tps=5290 mgps=495.9 avgBps=30.67 avgTps=5011 avgMGps=464.4 elapsed=1h55m43s
Aug 30 08:51:40 nimbus-eth1-mainnet-short-benchmark[1100496]: INF 2026-08-30 08:51:40.090+00:00 Imported blocks                            blockNumber=20221185 slot=9427313 blocks=221184 txs=36114045 mgas=3348169 bps=33.45 tps=5372 mgps=505.6 avgBps=30.77 avgTps=5023 avgMGps=465.8 elapsed=1h59m48s
Aug 30 08:55:25 nimbus-eth1-mainnet-short-benchmark[1100496]: INF 2026-08-30 08:55:25.135+00:00 Imported blocks                            blockNumber=20229377 slot=9435549 blocks=229376 txs=37421794 mgas=3472031 bps=36.40 tps=5811 mgps=550.4 avgBps=30.94 avgTps=5047 avgMGps=468.3 elapsed=2h3m33s
Aug 30 08:59:20 nimbus-eth1-mainnet-short-benchmark[1100496]: INF 2026-08-30 08:59:20.856+00:00 Imported blocks                            blockNumber=20237569 slot=9443788 blocks=237568 txs=38842064 mgas=3596351 bps=34.75 tps=6025 mgps=527.4 avgBps=31.06 avgTps=5077 avgMGps=470.1 elapsed=2h7m29s
Aug 30 09:03:35 nimbus-eth1-mainnet-short-benchmark[1100496]: INF 2026-08-30 09:03:35.380+00:00 Imported blocks                            blockNumber=20245761 slot=9452021 blocks=245760 txs=40225739 mgas=3720100 bps=32.18 tps=5436 mgps=486.2 avgBps=31.09 avgTps=5089 avgMGps=470.7 elapsed=2h11m43s
Aug 30 09:08:03 nimbus-eth1-mainnet-short-benchmark[1100496]: INF 2026-08-30 09:08:03.777+00:00 Imported blocks                            blockNumber=20253953 slot=9460253 blocks=253952 txs=41454921 mgas=3844385 bps=30.52 tps=4579 mgps=463.1 avgBps=31.07 avgTps=5072 avgMGps=470.4 elapsed=2h16m12s
Aug 30 09:12:19 nimbus-eth1-mainnet-short-benchmark[1100496]: INF 2026-08-30 09:12:19.061+00:00 Imported blocks                            blockNumber=20262145 slot=9468495 blocks=262144 txs=42726051 mgas=3968623 bps=32.09 tps=4979 mgps=486.7 avgBps=31.11 avgTps=5069 avgMGps=470.9 elapsed=2h20m27s
Aug 30 09:16:16 nimbus-eth1-mainnet-short-benchmark[1100496]: INF 2026-08-30 09:16:16.906+00:00 Imported blocks                            blockNumber=20270337 slot=9476748 blocks=270336 txs=44050436 mgas=4092682 bps=34.44 tps=5568 mgps=521.6 avgBps=31.20 avgTps=5083 avgMGps=472.3 elapsed=2h24m25s
Aug 30 09:19:59 nimbus-eth1-mainnet-short-benchmark[1100496]: INF 2026-08-30 09:19:59.714+00:00 Imported blocks                            blockNumber=20278529 slot=9484981 blocks=278528 txs=45382368 mgas=4216487 bps=36.77 tps=5977 mgps=555.7 avgBps=31.34 avgTps=5105 avgMGps=474.4 elapsed=2h28m8s
Aug 30 09:23:49 nimbus-eth1-mainnet-short-benchmark[1100496]: INF 2026-08-30 09:23:49.035+00:00 Imported blocks                            blockNumber=20286721 slot=9493213 blocks=286720 txs=46733429 mgas=4340363 bps=35.72 tps=5891 mgps=540.2 avgBps=31.45 avgTps=5125 avgMGps=476.0 elapsed=2h31m57s
Aug 30 09:27:57 nimbus-eth1-mainnet-short-benchmark[1100496]: INF 2026-08-30 09:27:57.540+00:00 Imported blocks                            blockNumber=20294913 slot=9501453 blocks=294912 txs=48075887 mgas=4464376 bps=32.97 tps=5402 mgps=499.0 avgBps=31.49 avgTps=5132 avgMGps=476.7 elapsed=2h36m6s
Aug 30 09:32:02 nimbus-eth1-mainnet-short-benchmark[1100496]: INF 2026-08-30 09:32:02.188+00:00 Imported blocks                            blockNumber=20303105 slot=9509696 blocks=303104 txs=49379538 mgas=4588534 bps=33.48 tps=5328 mgps=507.5 avgBps=31.54 avgTps=5137 avgMGps=477.4 elapsed=2h40m10s
Aug 30 09:36:00 nimbus-eth1-mainnet-short-benchmark[1100496]: INF 2026-08-30 09:36:00.865+00:00 Imported blocks                            blockNumber=20311297 slot=9517922 blocks=311296 txs=50637672 mgas=4712596 bps=34.32 tps=5271 mgps=519.8 avgBps=31.61 avgTps=5141 avgMGps=478.5 elapsed=2h44m9s
Aug 30 09:39:50 nimbus-eth1-mainnet-short-benchmark[1100496]: INF 2026-08-30 09:39:50.466+00:00 Imported blocks                            blockNumber=20319489 slot=9526159 blocks=319488 txs=51981692 mgas=4836521 bps=35.68 tps=5853 mgps=539.7 avgBps=31.70 avgTps=5157 avgMGps=479.9 elapsed=2h47m59s
Aug 30 09:43:20 nimbus-eth1-mainnet-short-benchmark[1100496]: INF 2026-08-30 09:43:20.575+00:00 Imported blocks                            blockNumber=20327681 slot=9534381 blocks=327680 txs=53356123 mgas=4960245 bps=38.99 tps=6541 mgps=588.9 avgBps=31.85 avgTps=5185 avgMGps=482.1 elapsed=2h51m29s
Aug 30 09:46:48 nimbus-eth1-mainnet-short-benchmark[1100496]: INF 2026-08-30 09:46:48.192+00:00 Imported blocks                            blockNumber=20335873 slot=9542617 blocks=335872 txs=54719105 mgas=5084025 bps=39.46 tps=6564 mgps=596.2 avgBps=32.00 avgTps=5212 avgMGps=484.3 elapsed=2h54m56s
Aug 30 09:50:35 nimbus-eth1-mainnet-short-benchmark[1100496]: INF 2026-08-30 09:50:35.877+00:00 Imported blocks                            blockNumber=20344065 slot=9550841 blocks=344064 txs=56021853 mgas=5207843 bps=35.98 tps=5721 mgps=543.8 avgBps=32.08 avgTps=5223 avgMGps=485.6 elapsed=2h58m44s
Aug 30 09:54:56 nimbus-eth1-mainnet-short-benchmark[1100496]: INF 2026-08-30 09:54:56.421+00:00 Imported blocks                            blockNumber=20352257 slot=9559072 blocks=352256 txs=57290408 mgas=5332016 bps=31.44 tps=4868 mgps=476.6 avgBps=32.07 avgTps=5215 avgMGps=485.4 elapsed=3h3m4s
Aug 30 09:58:54 nimbus-eth1-mainnet-short-benchmark[1100496]: INF 2026-08-30 09:58:54.390+00:00 Imported blocks                            blockNumber=20360449 slot=9567308 blocks=360448 txs=58543463 mgas=5456201 bps=34.43 tps=5265 mgps=521.9 avgBps=32.12 avgTps=5216 avgMGps=486.2 elapsed=3h7m2s
Aug 30 10:02:43 nimbus-eth1-mainnet-short-benchmark[1100496]: INF 2026-08-30 10:02:43.506+00:00 Imported blocks                            blockNumber=20368641 slot=9575548 blocks=368640 txs=59874056 mgas=5580204 bps=35.75 tps=5807 mgps=541.2 avgBps=32.19 avgTps=5228 avgMGps=487.3 elapsed=3h10m52s
Aug 30 10:06:41 nimbus-eth1-mainnet-short-benchmark[1100496]: INF 2026-08-30 10:06:41.115+00:00 Imported blocks                            blockNumber=20376833 slot=9583774 blocks=376832 txs=61167066 mgas=5704396 bps=34.48 tps=5441 mgps=522.7 avgBps=32.24 avgTps=5232 avgMGps=488.0 elapsed=3h14m49s
Aug 30 10:10:34 nimbus-eth1-mainnet-short-benchmark[1100496]: INF 2026-08-30 10:10:34.144+00:00 Imported blocks                            blockNumber=20385025 slot=9592009 blocks=385024 txs=62480333 mgas=5828235 bps=35.15 tps=5635 mgps=531.4 avgBps=32.29 avgTps=5240 avgMGps=488.8 elapsed=3h18m42s
Aug 30 10:14:27 nimbus-eth1-mainnet-short-benchmark[1100496]: INF 2026-08-30 10:14:27.020+00:00 Imported blocks                            blockNumber=20393217 slot=9600248 blocks=393216 txs=63800597 mgas=5952136 bps=35.18 tps=5669 mgps=532.0 avgBps=32.35 avgTps=5248 avgMGps=489.7 elapsed=3h22m35s
Aug 30 10:18:09 nimbus-eth1-mainnet-short-benchmark[1100496]: INF 2026-08-30 10:18:09.365+00:00 Imported blocks                            blockNumber=20401409 slot=9608486 blocks=401408 txs=65021243 mgas=6076384 bps=36.84 tps=5489 mgps=558.8 avgBps=32.43 avgTps=5253 avgMGps=490.9 elapsed=3h26m17s
Aug 30 10:22:05 nimbus-eth1-mainnet-short-benchmark[1100496]: INF 2026-08-30 10:22:05.934+00:00 Imported blocks                            blockNumber=20409601 slot=9616707 blocks=409600 txs=66199016 mgas=6200666 bps=34.63 tps=4978 mgps=525.4 avgBps=32.47 avgTps=5247 avgMGps=491.6 elapsed=3h30m14s
Aug 30 10:25:54 nimbus-eth1-mainnet-short-benchmark[1100496]: INF 2026-08-30 10:25:54.979+00:00 Imported blocks                            blockNumber=20417793 slot=9624941 blocks=417792 txs=67453930 mgas=6324823 bps=35.77 tps=5478 mgps=542.1 avgBps=32.53 avgTps=5251 avgMGps=492.5 elapsed=3h34m3s
Aug 30 10:29:17 nimbus-eth1-mainnet-short-benchmark[1100496]: INF 2026-08-30 10:29:17.380+00:00 Imported blocks                            blockNumber=20425985 slot=9633187 blocks=425984 txs=68814904 mgas=6448778 bps=40.47 tps=6724 mgps=612.4 avgBps=32.65 avgTps=5274 avgMGps=494.3 elapsed=3h37m25s
Aug 30 10:32:40 nimbus-eth1-mainnet-short-benchmark[1100496]: INF 2026-08-30 10:32:40.421+00:00 Imported blocks                            blockNumber=20434177 slot=9641422 blocks=434176 txs=70124508 mgas=6572711 bps=40.35 tps=6449 mgps=610.4 avgBps=32.77 avgTps=5292 avgMGps=496.1 elapsed=3h40m48s
Aug 30 10:36:12 nimbus-eth1-mainnet-short-benchmark[1100496]: INF 2026-08-30 10:36:12.394+00:00 Imported blocks                            blockNumber=20442369 slot=9649657 blocks=442368 txs=71403576 mgas=6696451 bps=38.65 tps=6034 mgps=583.8 avgBps=32.86 avgTps=5304 avgMGps=497.5 elapsed=3h44m20s
Aug 30 10:40:07 nimbus-eth1-mainnet-short-benchmark[1100496]: INF 2026-08-30 10:40:07.375+00:00 Imported blocks                            blockNumber=20450561 slot=9657896 blocks=450560 txs=72659905 mgas=6820521 bps=34.86 tps=5346 mgps=528.0 avgBps=32.90 avgTps=5305 avgMGps=498.0 elapsed=3h48m15s
Aug 30 10:44:20 nimbus-eth1-mainnet-short-benchmark[1100496]: INF 2026-08-30 10:44:20.755+00:00 Imported blocks                            blockNumber=20458753 slot=9666114 blocks=458752 txs=73838533 mgas=6945116 bps=32.33 tps=4651 mgps=491.7 avgBps=32.89 avgTps=5293 avgMGps=497.9 elapsed=3h52m29s
Aug 30 10:48:10 nimbus-eth1-mainnet-short-benchmark[1100496]: INF 2026-08-30 10:48:10.336+00:00 Imported blocks                            blockNumber=20466945 slot=9674343 blocks=466944 txs=75124748 mgas=7068943 bps=35.68 tps=5602 mgps=539.4 avgBps=32.93 avgTps=5298 avgMGps=498.6 elapsed=3h56m18s
Aug 30 10:51:57 nimbus-eth1-mainnet-short-benchmark[1100496]: INF 2026-08-30 10:51:57.737+00:00 Imported blocks                            blockNumber=20475137 slot=9682575 blocks=475136 txs=76420106 mgas=7192870 bps=36.02 tps=5696 mgps=545.0 avgBps=32.98 avgTps=5304 avgMGps=499.3 elapsed=4h6s291ms
Aug 30 10:55:36 nimbus-eth1-mainnet-short-benchmark[1100496]: INF 2026-08-30 10:55:36.946+00:00 Imported blocks                            blockNumber=20483329 slot=9690800 blocks=483328 txs=77675422 mgas=7316939 bps=37.37 tps=5726 mgps=566.0 avgBps=33.05 avgTps=5310 avgMGps=500.3 elapsed=4h3m45s
Aug 30 10:59:11 nimbus-eth1-mainnet-short-benchmark[1100496]: INF 2026-08-30 10:59:11.211+00:00 Imported blocks                            blockNumber=20491521 slot=9699019 blocks=491520 txs=78951232 mgas=7440784 bps=38.23 tps=5954 mgps=578.0 avgBps=33.12 avgTps=5320 avgMGps=501.4 elapsed=4h7m19s
Aug 30 11:03:01 nimbus-eth1-mainnet-short-benchmark[1100496]: INF 2026-08-30 11:03:01.291+00:00 Imported blocks                            blockNumber=20499713 slot=9707248 blocks=499712 txs=80189642 mgas=7564669 bps=35.61 tps=5382 mgps=538.4 avgBps=33.16 avgTps=5321 avgMGps=502.0 elapsed=4h11m9s
Aug 30 11:06:57 nimbus-eth1-mainnet-short-benchmark[1100496]: INF 2026-08-30 11:06:57.568+00:00 Imported blocks                            blockNumber=20507905 slot=9715488 blocks=507904 txs=81317763 mgas=7689208 bps=34.67 tps=4774 mgps=527.1 avgBps=33.18 avgTps=5312 avgMGps=502.4 elapsed=4h15m6s
Aug 30 11:10:29 nimbus-eth1-mainnet-short-benchmark[1100496]: INF 2026-08-30 11:10:29.833+00:00 Imported blocks                            blockNumber=20516097 slot=9723715 blocks=516096 txs=82520262 mgas=7813209 bps=38.59 tps=5665 mgps=584.2 avgBps=33.26 avgTps=5317 avgMGps=503.5 elapsed=4h18m38s
Aug 30 11:14:12 nimbus-eth1-mainnet-short-benchmark[1100496]: INF 2026-08-30 11:14:12.326+00:00 Imported blocks                            blockNumber=20524289 slot=9731945 blocks=524288 txs=83780075 mgas=7937233 bps=36.82 tps=5662 mgps=557.4 avgBps=33.31 avgTps=5322 avgMGps=504.2 elapsed=4h22m20s
Aug 30 11:17:58 nimbus-eth1-mainnet-short-benchmark[1100496]: INF 2026-08-30 11:17:58.535+00:00 Imported blocks                            blockNumber=20532481 slot=9740183 blocks=532480 txs=85263862 mgas=8061024 bps=36.21 tps=6559 mgps=547.2 avgBps=33.35 avgTps=5339 avgMGps=504.9 elapsed=4h26m7s
Aug 30 11:21:52 nimbus-eth1-mainnet-short-benchmark[1100496]: INF 2026-08-30 11:21:52.588+00:00 Imported blocks                            blockNumber=20540673 slot=9748418 blocks=540672 txs=86612143 mgas=8185090 bps=35.00 tps=5760 mgps=530.1 avgBps=33.37 avgTps=5346 avgMGps=505.2 elapsed=4h30m1s
Aug 30 11:25:52 nimbus-eth1-mainnet-short-benchmark[1100496]: INF 2026-08-30 11:25:52.852+00:00 Imported blocks                            blockNumber=20548865 slot=9756662 blocks=548864 txs=87802991 mgas=8309513 bps=34.10 tps=4956 mgps=517.9 avgBps=33.38 avgTps=5340 avgMGps=505.4 elapsed=4h34m1s
Aug 30 11:29:50 nimbus-eth1-mainnet-short-benchmark[1100496]: INF 2026-08-30 11:29:50.033+00:00 Imported blocks                            blockNumber=20557057 slot=9764892 blocks=557056 txs=88964987 mgas=8433956 bps=34.54 tps=4899 mgps=524.7 avgBps=33.40 avgTps=5334 avgMGps=505.7 elapsed=4h37m58s
Aug 30 11:33:35 nimbus-eth1-mainnet-short-benchmark[1100496]: INF 2026-08-30 11:33:35.334+00:00 Imported blocks                            blockNumber=20565249 slot=9773131 blocks=565248 txs=90186094 mgas=8558113 bps=36.36 tps=5419 mgps=551.1 avgBps=33.44 avgTps=5335 avgMGps=506.3 elapsed=4h41m43s
Aug 30 11:37:23 nimbus-eth1-mainnet-short-benchmark[1100496]: INF 2026-08-30 11:37:23.062+00:00 Imported blocks                            blockNumber=20573441 slot=9781369 blocks=573440 txs=91404654 mgas=8682228 bps=35.97 tps=5350 mgps=545.0 avgBps=33.47 avgTps=5335 avgMGps=506.8 elapsed=4h45m31s
Aug 30 11:41:05 nimbus-eth1-mainnet-short-benchmark[1100496]: INF 2026-08-30 11:41:05.431+00:00 Imported blocks                            blockNumber=20581633 slot=9789611 blocks=581632 txs=92628389 mgas=8806651 bps=36.84 tps=5503 mgps=559.5 avgBps=33.52 avgTps=5337 avgMGps=507.5 elapsed=4h49m13s
Aug 30 11:44:55 nimbus-eth1-mainnet-short-benchmark[1100496]: INF 2026-08-30 11:44:55.612+00:00 Imported blocks                            blockNumber=20589825 slot=9797855 blocks=589824 txs=93887208 mgas=8931023 bps=35.59 tps=5468 mgps=540.3 avgBps=33.54 avgTps=5339 avgMGps=507.9 elapsed=4h53m4s
Aug 30 11:48:50 nimbus-eth1-mainnet-short-benchmark[1100496]: INF 2026-08-30 11:48:50.517+00:00 Imported blocks                            blockNumber=20598017 slot=9806095 blocks=598016 txs=95163338 mgas=9055310 bps=34.87 tps=5432 mgps=529.1 avgBps=33.56 avgTps=5340 avgMGps=508.2 elapsed=4h56m59s
Aug 30 11:52:45 nimbus-eth1-mainnet-short-benchmark[1100496]: INF 2026-08-30 11:52:45.873+00:00 Imported blocks                            blockNumber=20606209 slot=9814347 blocks=606208 txs=96334664 mgas=9179976 bps=34.81 tps=4976 mgps=529.7 avgBps=33.58 avgTps=5335 avgMGps=508.5 elapsed=5h54s429ms
Aug 30 11:56:28 nimbus-eth1-mainnet-short-benchmark[1100496]: INF 2026-08-30 11:56:28.582+00:00 Imported blocks                            blockNumber=20614401 slot=9822581 blocks=614400 txs=97573414 mgas=9304574 bps=36.78 tps=5562 mgps=559.5 avgBps=33.62 avgTps=5338 avgMGps=509.1 elapsed=5h4m37s
Aug 30 12:00:12 nimbus-eth1-mainnet-short-benchmark[1100496]: INF 2026-08-30 12:00:12.559+00:00 Imported blocks                            blockNumber=20622593 slot=9830821 blocks=622592 txs=98874772 mgas=9428835 bps=36.58 tps=5810 mgps=554.8 avgBps=33.65 avgTps=5344 avgMGps=509.6 elapsed=5h8m21s
Aug 30 12:03:51 nimbus-eth1-mainnet-short-benchmark[1100496]: INF 2026-08-30 12:03:51.304+00:00 Imported blocks                            blockNumber=20630785 slot=9839058 blocks=630784 txs=100178707 mgas=9553009 bps=37.45 tps=5960 mgps=567.7 avgBps=33.70 avgTps=5351 avgMGps=510.3 elapsed=5h11m59s
Aug 30 12:07:38 nimbus-eth1-mainnet-short-benchmark[1100496]: INF 2026-08-30 12:07:38.785+00:00 Imported blocks                            blockNumber=20638977 slot=9847313 blocks=638976 txs=101489116 mgas=9677171 bps=36.01 tps=5760 mgps=545.8 avgBps=33.72 avgTps=5356 avgMGps=510.7 elapsed=5h15m47s
Aug 30 12:11:23 nimbus-eth1-mainnet-short-benchmark[1100496]: INF 2026-08-30 12:11:23.630+00:00 Imported blocks                            blockNumber=20647169 slot=9855549 blocks=647168 txs=102730058 mgas=9801643 bps=36.43 tps=5519 mgps=553.6 avgBps=33.76 avgTps=5358 avgMGps=511.2 elapsed=5h19m32s
Aug 30 12:15:21 nimbus-eth1-mainnet-short-benchmark[1100496]: INF 2026-08-30 12:15:21.414+00:00 Imported blocks                            blockNumber=20655361 slot=9863778 blocks=655360 txs=103868002 mgas=9926541 bps=34.45 tps=4785 mgps=525.3 avgBps=33.76 avgTps=5351 avgMGps=511.4 elapsed=5h23m29s
Aug 30 12:19:03 nimbus-eth1-mainnet-short-benchmark[1100496]: INF 2026-08-30 12:19:03.915+00:00 Imported blocks                            blockNumber=20663553 slot=9872013 blocks=663552 txs=105112198 mgas=10051274 bps=36.82 tps=5591 mgps=560.6 avgBps=33.80 avgTps=5353 avgMGps=512.0 elapsed=5h27m12s
Aug 30 12:22:35 nimbus-eth1-mainnet-short-benchmark[1100496]: INF 2026-08-30 12:22:35.016+00:00 Imported blocks                            blockNumber=20671745 slot=9880241 blocks=671744 txs=106395904 mgas=10175177 bps=38.81 tps=6080 mgps=586.9 avgBps=33.85 avgTps=5361 avgMGps=512.8 elapsed=5h30m43s
Aug 30 12:26:11 nimbus-eth1-mainnet-short-benchmark[1100496]: INF 2026-08-30 12:26:11.193+00:00 Imported blocks                            blockNumber=20679937 slot=9888471 blocks=679936 txs=107674271 mgas=10299404 bps=37.90 tps=5913 mgps=574.7 avgBps=33.90 avgTps=5367 avgMGps=513.4 elapsed=5h34m19s
Aug 30 12:29:38 nimbus-eth1-mainnet-short-benchmark[1100496]: INF 2026-08-30 12:29:38.550+00:00 Imported blocks                            blockNumber=20688129 slot=9896698 blocks=688128 txs=108938536 mgas=10423298 bps=39.51 tps=6097 mgps=597.5 avgBps=33.95 avgTps=5375 avgMGps=514.3 elapsed=5h37m47s
Aug 30 12:33:18 nimbus-eth1-mainnet-short-benchmark[1100496]: INF 2026-08-30 12:33:18.739+00:00 Imported blocks                            blockNumber=20696321 slot=9904930 blocks=696320 txs=110235786 mgas=10547469 bps=37.20 tps=5891 mgps=563.9 avgBps=33.99 avgTps=5380 avgMGps=514.8 elapsed=5h41m27s
Aug 30 12:37:15 nimbus-eth1-mainnet-short-benchmark[1100496]: INF 2026-08-30 12:37:15.224+00:00 Imported blocks                            blockNumber=20704513 slot=9913154 blocks=704512 txs=111483759 mgas=10671677 bps=34.64 tps=5277 mgps=525.2 avgBps=34.00 avgTps=5379 avgMGps=514.9 elapsed=5h45m23s
Aug 30 12:40:59 nimbus-eth1-mainnet-short-benchmark[1100496]: INF 2026-08-30 12:40:59.105+00:00 Imported blocks                            blockNumber=20712705 slot=9921388 blocks=712704 txs=112764170 mgas=10795980 bps=36.59 tps=5719 mgps=555.2 avgBps=34.02 avgTps=5383 avgMGps=515.4 elapsed=5h49m7s
Aug 30 12:44:27 nimbus-eth1-mainnet-short-benchmark[1100496]: INF 2026-08-30 12:44:27.942+00:00 Imported blocks                            blockNumber=20720897 slot=9929633 blocks=720896 txs=114110517 mgas=10919926 bps=39.23 tps=6446 mgps=593.5 avgBps=34.07 avgTps=5393 avgMGps=516.2 elapsed=5h52m36s
Aug 30 12:48:04 nimbus-eth1-mainnet-short-benchmark[1100496]: INF 2026-08-30 12:48:04.455+00:00 Imported blocks                            blockNumber=20729089 slot=9937869 blocks=729088 txs=115449431 mgas=11043768 bps=37.84 tps=6183 mgps=572.0 avgBps=34.11 avgTps=5401 avgMGps=516.7 elapsed=5h56m13s
Aug 30 12:51:31 nimbus-eth1-mainnet-short-benchmark[1100496]: INF 2026-08-30 12:51:31.304+00:00 Imported blocks                            blockNumber=20737281 slot=9946108 blocks=737280 txs=116784468 mgas=11167784 bps=39.60 tps=6454 mgps=599.6 avgBps=34.17 avgTps=5411 avgMGps=517.5 elapsed=5h59m39s
Aug 30 12:55:10 nimbus-eth1-mainnet-short-benchmark[1100496]: INF 2026-08-30 12:55:10.409+00:00 Imported blocks                            blockNumber=20745473 slot=9954342 blocks=745472 txs=118101003 mgas=11291742 bps=37.39 tps=6008 mgps=565.7 avgBps=34.20 avgTps=5417 avgMGps=518.0 elapsed=6h3m18s
Aug 30 12:59:03 nimbus-eth1-mainnet-short-benchmark[1100496]: INF 2026-08-30 12:59:03.817+00:00 Imported blocks                            blockNumber=20753665 slot=9962581 blocks=753664 txs=119337525 mgas=11415859 bps=35.10 tps=5297 mgps=531.8 avgBps=34.21 avgTps=5416 avgMGps=518.1 elapsed=6h7m12s
Aug 30 13:02:45 nimbus-eth1-mainnet-short-benchmark[1100496]: INF 2026-08-30 13:02:45.874+00:00 Imported blocks                            blockNumber=20761857 slot=9970803 blocks=761856 txs=120564314 mgas=11540225 bps=36.89 tps=5524 mgps=560.1 avgBps=34.23 avgTps=5417 avgMGps=518.6 elapsed=6h10m54s
Aug 30 13:06:15 nimbus-eth1-mainnet-short-benchmark[1100496]: INF 2026-08-30 13:06:15.239+00:00 Imported blocks                            blockNumber=20770049 slot=9979058 blocks=770048 txs=121858083 mgas=11663918 bps=39.13 tps=6179 mgps=590.8 avgBps=34.28 avgTps=5424 avgMGps=519.2 elapsed=6h14m23s
Aug 30 13:09:36 nimbus-eth1-mainnet-short-benchmark[1100496]: INF 2026-08-30 13:09:36.277+00:00 Imported blocks                            blockNumber=20778241 slot=9987307 blocks=778240 txs=123161734 mgas=11787906 bps=40.75 tps=6484 mgps=616.7 avgBps=34.34 avgTps=5434 avgMGps=520.1 elapsed=6h17m44s
Aug 30 13:12:52 nimbus-eth1-mainnet-short-benchmark[1100496]: INF 2026-08-30 13:12:52.038+00:00 Imported blocks                            blockNumber=20786433 slot=9995542 blocks=786432 txs=124509456 mgas=11911612 bps=41.85 tps=6884 mgps=631.9 avgBps=34.40 avgTps=5446 avgMGps=521.1 elapsed=6h21m594ms
Aug 30 13:16:13 nimbus-eth1-mainnet-short-benchmark[1100496]: INF 2026-08-30 13:16:13.807+00:00 Imported blocks                            blockNumber=20794625 slot=10003781 blocks=794624 txs=125848921 mgas=12035338 bps=40.60 tps=6638 mgps=613.2 avgBps=34.46 avgTps=5456 avgMGps=521.9 elapsed=6h24m22s
Aug 30 13:19:42 nimbus-eth1-mainnet-short-benchmark[1100496]: INF 2026-08-30 13:19:42.012+00:00 Imported blocks                            blockNumber=20802817 slot=10012028 blocks=802816 txs=127089868 mgas=12158989 bps=39.35 tps=5960 mgps=593.9 avgBps=34.50 avgTps=5461 avgMGps=522.5 elapsed=6h27m50s
Aug 30 13:23:18 nimbus-eth1-mainnet-short-benchmark[1100496]: INF 2026-08-30 13:23:18.869+00:00 Imported blocks                            blockNumber=20811009 slot=10020249 blocks=811008 txs=128299762 mgas=12282850 bps=37.78 tps=5579 mgps=571.2 avgBps=34.53 avgTps=5462 avgMGps=523.0 elapsed=6h31m27s
Aug 30 13:26:40 nimbus-eth1-mainnet-short-benchmark[1100496]: INF 2026-08-30 13:26:40.794+00:00 Imported blocks                            blockNumber=20819201 slot=10028481 blocks=819200 txs=129596319 mgas=12406594 bps=40.57 tps=6421 mgps=612.8 avgBps=34.58 avgTps=5470 avgMGps=523.7 elapsed=6h34m49s
Aug 30 13:30:01 nimbus-eth1-mainnet-short-benchmark[1100496]: INF 2026-08-30 13:30:01.211+00:00 Imported blocks                            blockNumber=20827393 slot=10036710 blocks=827392 txs=130916729 mgas=12530249 bps=40.87 tps=6588 mgps=617.0 avgBps=34.63 avgTps=5480 avgMGps=524.5 elapsed=6h38m9s
Aug 30 13:33:20 nimbus-eth1-mainnet-short-benchmark[1100496]: INF 2026-08-30 13:33:20.737+00:00 Imported blocks                            blockNumber=20835585 slot=10044938 blocks=835584 txs=132226625 mgas=12654070 bps=41.06 tps=6564 mgps=620.6 avgBps=34.69 avgTps=5489 avgMGps=525.3 elapsed=6h41m29s
Aug 30 13:36:50 nimbus-eth1-mainnet-short-benchmark[1100496]: INF 2026-08-30 13:36:50.782+00:00 Imported blocks                            blockNumber=20843777 slot=10053164 blocks=843776 txs=133604192 mgas=12777730 bps=39.00 tps=6558 mgps=588.7 avgBps=34.72 avgTps=5498 avgMGps=525.8 elapsed=6h44m59s
Aug 30 13:40:47 nimbus-eth1-mainnet-short-benchmark[1100496]: INF 2026-08-30 13:40:47.822+00:00 Imported blocks                            blockNumber=20851969 slot=10061391 blocks=851968 txs=134900706 mgas=12901664 bps=34.56 tps=5469 mgps=522.8 avgBps=34.72 avgTps=5497 avgMGps=525.8 elapsed=6h48m56s
Aug 30 13:44:34 nimbus-eth1-mainnet-short-benchmark[1100496]: INF 2026-08-30 13:44:34.423+00:00 Imported blocks                            blockNumber=20860161 slot=10069622 blocks=860160 txs=136168750 mgas=13025603 bps=36.15 tps=5596 mgps=547.0 avgBps=34.74 avgTps=5498 avgMGps=526.0 elapsed=6h52m42s
Aug 30 13:48:17 nimbus-eth1-mainnet-short-benchmark[1100496]: INF 2026-08-30 13:48:17.680+00:00 Imported blocks                            blockNumber=20868353 slot=10077838 blocks=868352 txs=137550724 mgas=13149742 bps=36.69 tps=6189 mgps=556.0 avgBps=34.75 avgTps=5505 avgMGps=526.3 elapsed=6h56m26s
Aug 30 13:51:59 nimbus-eth1-mainnet-short-benchmark[1100496]: INF 2026-08-30 13:51:59.341+00:00 Imported blocks                            blockNumber=20876545 slot=10086066 blocks=876544 txs=138954673 mgas=13273457 bps=36.96 tps=6333 mgps=558.1 avgBps=34.77 avgTps=5512 avgMGps=526.6 elapsed=7h7s898ms
Aug 30 13:55:34 nimbus-eth1-mainnet-short-benchmark[1100496]: INF 2026-08-30 13:55:34.942+00:00 Imported blocks                            blockNumber=20884737 slot=10094286 blocks=884736 txs=140256178 mgas=13397479 bps=38.00 tps=6036 mgps=575.2 avgBps=34.80 avgTps=5516 avgMGps=527.0 elapsed=7h3m43s
Aug 30 13:59:04 nimbus-eth1-mainnet-short-benchmark[1100496]: INF 2026-08-30 13:59:04.395+00:00 Imported blocks                            blockNumber=20892929 slot=10102512 blocks=892928 txs=141581868 mgas=13521575 bps=39.11 tps=6329 mgps=592.5 avgBps=34.84 avgTps=5523 avgMGps=527.5 elapsed=7h7m12s
Aug 30 14:02:36 nimbus-eth1-mainnet-short-benchmark[1100496]: INF 2026-08-30 14:02:36.164+00:00 Imported blocks                            blockNumber=20901121 slot=10110732 blocks=901120 txs=142875889 mgas=13645572 bps=38.68 tps=6110 mgps=585.5 avgBps=34.87 avgTps=5528 avgMGps=528.0 elapsed=7h10m44s
Aug 30 14:06:08 nimbus-eth1-mainnet-short-benchmark[1100496]: INF 2026-08-30 14:06:08.217+00:00 Imported blocks                            blockNumber=20909313 slot=10118953 blocks=909312 txs=144102308 mgas=13769390 bps=38.63 tps=5783 mgps=583.9 avgBps=34.90 avgTps=5530 avgMGps=528.4 elapsed=7h14m16s
Aug 30 14:09:34 nimbus-eth1-mainnet-short-benchmark[1100496]: INF 2026-08-30 14:09:34.474+00:00 Imported blocks                            blockNumber=20917505 slot=10127176 blocks=917504 txs=145406349 mgas=13893087 bps=39.72 tps=6322 mgps=599.7 avgBps=34.94 avgTps=5536 avgMGps=529.0 elapsed=7h17m43s
Aug 30 14:12:51 nimbus-eth1-mainnet-short-benchmark[1100496]: INF 2026-08-30 14:12:51.747+00:00 Imported blocks                            blockNumber=20925697 slot=10135394 blocks=925696 txs=146718394 mgas=14016820 bps=41.53 tps=6650 mgps=627.2 avgBps=34.98 avgTps=5544 avgMGps=529.7 elapsed=7h21m300ms
Aug 30 14:16:23 nimbus-eth1-mainnet-short-benchmark[1100496]: INF 2026-08-30 14:16:23.756+00:00 Imported blocks                            blockNumber=20933889 slot=10143614 blocks=933888 txs=148049109 mgas=14140625 bps=38.64 tps=6276 mgps=584.0 avgBps=35.01 avgTps=5550 avgMGps=530.2 elapsed=7h24m32s
Aug 30 14:19:48 nimbus-eth1-mainnet-short-benchmark[1100496]: INF 2026-08-30 14:19:48.257+00:00 Imported blocks                            blockNumber=20942081 slot=10151840 blocks=942080 txs=149397364 mgas=14264352 bps=40.06 tps=6592 mgps=605.0 avgBps=35.05 avgTps=5558 avgMGps=530.7 elapsed=7h27m56s
Aug 30 14:23:17 nimbus-eth1-mainnet-short-benchmark[1100496]: INF 2026-08-30 14:23:17.258+00:00 Imported blocks                            blockNumber=20950273 slot=10160098 blocks=950272 txs=150765507 mgas=14388237 bps=39.20 tps=6546 mgps=592.8 avgBps=35.08 avgTps=5566 avgMGps=531.2 elapsed=7h31m25s
Aug 30 14:26:59 nimbus-eth1-mainnet-short-benchmark[1100496]: INF 2026-08-30 14:26:59.119+00:00 Imported blocks                            blockNumber=20958465 slot=10168363 blocks=958464 txs=152044771 mgas=14511987 bps=36.92 tps=5766 mgps=557.8 avgBps=35.10 avgTps=5567 avgMGps=531.4 elapsed=7h35m7s
Aug 30 14:30:32 nimbus-eth1-mainnet-short-benchmark[1100496]: INF 2026-08-30 14:30:32.908+00:00 Imported blocks                            blockNumber=20966657 slot=10176609 blocks=966656 txs=153365296 mgas=14635804 bps=38.32 tps=6176 mgps=579.2 avgBps=35.12 avgTps=5572 avgMGps=531.8 elapsed=7h38m41s
Aug 30 14:34:04 nimbus-eth1-mainnet-short-benchmark[1100496]: INF 2026-08-30 14:34:04.913+00:00 Imported blocks                            blockNumber=20974849 slot=10184849 blocks=974848 txs=154744917 mgas=14759580 bps=38.64 tps=6507 mgps=583.8 avgBps=35.15 avgTps=5579 avgMGps=532.2 elapsed=7h42m13s
Aug 30 14:37:43 nimbus-eth1-mainnet-short-benchmark[1100496]: INF 2026-08-30 14:37:43.510+00:00 Imported blocks                            blockNumber=20983041 slot=10193086 blocks=983040 txs=156055229 mgas=14883451 bps=37.48 tps=5994 mgps=566.7 avgBps=35.17 avgTps=5582 avgMGps=532.5 elapsed=7h45m52s
Aug 30 14:40:55 nimbus-eth1-mainnet-short-benchmark[1100496]: INF 2026-08-30 14:40:55.259+00:00 Imported blocks                            blockNumber=20991233 slot=10201319 blocks=991232 txs=157563202 mgas=15007557 bps=42.72 tps=7864 mgps=647.2 avgBps=35.22 avgTps=5598 avgMGps=533.2 elapsed=7h49m3s
Aug 30 14:44:37 nimbus-eth1-mainnet-short-benchmark[1100496]: INF 2026-08-30 14:44:37.884+00:00 Imported blocks                            blockNumber=20999425 slot=10209549 blocks=999424 txs=159003277 mgas=15131383 bps=36.80 tps=6468 mgps=556.2 avgBps=35.23 avgTps=5605 avgMGps=533.4 elapsed=7h52m46s
Aug 30 14:44:54 nimbus-eth1-mainnet-short-benchmark[1100496]: INF 2026-08-30 14:44:54.148+00:00 Imported blocks                            blockNumber=21000001 slot=10210128 blocks=1000000 txs=159109486 mgas=15140191 bps=35.42 tps=6530 mgps=541.6 avgBps=35.23 avgTps=5605 avgMGps=533.4 elapsed=7h53m2s
Aug 30 14:44:54 nimbus-eth1-mainnet-short-benchmark[1100496]: NTC 2026-08-30 14:44:54.148+00:00 Import complete                            blockNumber=21000001 slot=10210128 blocks=1000000 txs=159109486 mgas=15140191
Aug 30 14:44:55 nimbus-eth1-mainnet-short-benchmark[1068435]: <<< ending startNimbusWithImport (success)
Aug 30 14:44:55 nimbus-eth1-mainnet-short-benchmark[1068435]: >>> starting moveBenchmarkingFileToRepo
Aug 30 14:44:55 nimbus-eth1-mainnet-short-benchmark[1068435]: >>> copying debug-csv generated by nimbus to benchmarks repo
Aug 30 14:44:55 nimbus-eth1-mainnet-short-benchmark[1068435]: <<< ending moveBenchmarkingFileToRepo (success)
Aug 30 14:44:55 nimbus-eth1-mainnet-short-benchmark[1068435]: >>> starting generateBuildEnvironmentLogFile
Aug 30 14:45:04 nimbus-eth1-mainnet-short-benchmark[1068435]: <<< ending generateBuildEnvironmentLogFile (success)
Aug 30 14:45:04 nimbus-eth1-mainnet-short-benchmark[1068435]: >>> starting generateSystemdServiceLogs
