Aug 29 22:31:03 nimbus-eth1-mainnet-short-benchmark[961114]: >>> starting cloneOrFetchBenchmarksRepo
Aug 29 22:31:03 nimbus-eth1-mainnet-short-benchmark[961114]: >>> Fetching latest changes for nimbus-eth1-benchmarks...
Aug 29 22:31:05 nimbus-eth1-mainnet-short-benchmark[961164]: HEAD is now at d931bc5 chore: update short benchmark Readme
Aug 29 22:31:05 nimbus-eth1-mainnet-short-benchmark[961114]: <<< ending cloneOrFetchBenchmarksRepo (success)
Aug 29 22:31:05 nimbus-eth1-mainnet-short-benchmark[961114]: >>> starting cloneOrFetchNimbusRepo
Aug 29 22:31:20 nimbus-eth1-mainnet-short-benchmark[961114]: >>> Fetching latest changes for nimbus-eth1...
Aug 29 22:31:20 nimbus-eth1-mainnet-short-benchmark[961527]: HEAD is now at 36e75fb4f Snap2 sync update download modules (#4708)
Aug 29 22:31:20 nimbus-eth1-mainnet-short-benchmark[961114]: >>> Found last benchmarked commit: 7cd3c15b
Aug 29 22:31:20 nimbus-eth1-mainnet-short-benchmark[961114]: >>> Using next commit: 9f8b54046590fdfb719dcbb07820449b79b9ceed
Aug 29 22:31:20 nimbus-eth1-mainnet-short-benchmark[961543]: HEAD is now at 9f8b54046 build(deps): bump vendor/nim-faststreams from `90f7812` to `1df2c2f` (#4616)
Aug 29 22:31:20 nimbus-eth1-mainnet-short-benchmark[961114]: >>> Current commit: 9f8b54046
Aug 29 22:31:20 nimbus-eth1-mainnet-short-benchmark[961114]: <<< ending cloneOrFetchNimbusRepo (success)
Aug 29 22:31:20 nimbus-eth1-mainnet-short-benchmark[961114]: >>> starting buildBinaries
Aug 29 22:31:20 nimbus-eth1-mainnet-short-benchmark[961114]: >>> Building binaries for commit 9f8b5404...
Aug 29 22:31:22 nimbus-eth1-mainnet-short-benchmark[962762]: Submodule path 'vendor/nim-faststreams': checked out '1df2c2ffb70de10599d17ce3a95421f6febd69cb'
Aug 29 22:31:28 nimbus-eth1-mainnet-short-benchmark[967036]: Building: Nim compiler
Aug 29 22:34:22 nimbus-eth1-mainnet-short-benchmark[967036]: Building custom Nimble commit: 42ef70c2102a942c46f13eb76872326edd525cec
Aug 29 22:34:32 nimbus-eth1-mainnet-short-benchmark[967036]: Building Nimble...
Aug 29 22:34:42 nimbus-eth1-mainnet-short-benchmark[967036]: Replacing nimble binary...
Aug 29 22:34:49 nimbus-eth1-mainnet-short-benchmark[983414]: cp: cannot stat '/data/status-im/nimbus-eth1/build/*': No such file or directory
Aug 29 22:34:49 nimbus-eth1-mainnet-short-benchmark[983378]: ROCKSDB VERSION NOT FOUND
Aug 29 22:34:49 nimbus-eth1-mainnet-short-benchmark[983537]: make[1]: Entering directory '/data/status-im/nimbus-eth1/vendor/nim-rocksdb/vendor/rocksdb'
Aug 29 22:34:50 nimbus-eth1-mainnet-short-benchmark[983537]: $DEBUG_LEVEL is 0, $LIB_MODE is static
Aug 29 22:34:50 nimbus-eth1-mainnet-short-benchmark[983537]: make[1]: Leaving directory '/data/status-im/nimbus-eth1/vendor/nim-rocksdb/vendor/rocksdb'
Aug 29 22:34:50 nimbus-eth1-mainnet-short-benchmark[983975]: Cleaning up RocksDb build artifacts.
Aug 29 22:34:51 nimbus-eth1-mainnet-short-benchmark[983418]: Building RocksDb static libraries.
Aug 29 22:38:04 nimbus-eth1-mainnet-short-benchmark[987491]: Building: build/nimbus_execution_client
Aug 29 22:40:38 nimbus-eth1-mainnet-short-benchmark[961114]: >>> renaming binaries to match commit they were built from
Aug 29 22:40:38 nimbus-eth1-mainnet-short-benchmark[961114]: >>> creating a symbolic link to the latest version
Aug 29 22:40:38 nimbus-eth1-mainnet-short-benchmark[961114]: >>> deleting copies that are older than N days
Aug 29 22:40:38 nimbus-eth1-mainnet-short-benchmark[961114]: <<< ending buildBinaries (success)
Aug 29 22:40:38 nimbus-eth1-mainnet-short-benchmark[961114]: >>> starting skipOrContinueBenchmark
Aug 29 22:40:38 nimbus-eth1-mainnet-short-benchmark[961114]: <<< ending skipOrContinueBenchmark (success)
Aug 29 22:40:38 nimbus-eth1-mainnet-short-benchmark[961114]: >>> starting copyTemplateDatabase
Aug 29 22:40:38 nimbus-eth1-mainnet-short-benchmark[961114]: >>> Copying template db into nimbus data directory
Aug 29 22:43:52 nimbus-eth1-mainnet-short-benchmark[961114]: >>> Template db copied
Aug 29 22:43:52 nimbus-eth1-mainnet-short-benchmark[961114]: >>> making nimbus the owner of the copied files
Aug 29 22:43:52 nimbus-eth1-mainnet-short-benchmark[961114]: <<< ending copyTemplateDatabase (success)
Aug 29 22:43:52 nimbus-eth1-mainnet-short-benchmark[961114]: >>> starting startNimbusWithImport
Aug 29 22:43:52 nimbus-eth1-mainnet-short-benchmark[993198]: INF 2026-08-29 22:43:52.493+00:00 Launching execution client                 version=v0.4.0-9f8b5404 config="(configFile: none(InputFile), dataDirFlag: some(/data/status-im/nimbus-eth1/data/shared_mainnet_0), era1DirFlag: some(/data/era1), eraDirFlag: some(/data/era), ereDirFlag: none(OutDir), keyStoreDirFlag: none(OutDir), importKey: , trustedSetupFile: none(string), extraData: Nimbus/v0.4.0-9f8b5404, gasLimit: none(uint64), maxBlobs: none(byte), network: [mainnet], logLevel: INFO, logFormat: auto, metricsEnabled: false, metricsPort: 9093, metricsAddress: 127.0.0.1, bootstrapNodes: [], elBootstrapNodes: [], bootstrapFile: , elBootstrapFile: , staticPeers: [], staticPeersFile: , reconnectMaxRetry: 0, reconnectInterval: 15, listenAddress: ::, tcpPort: 30303, udpPortFlag: none(Port), maxPeersOpt: none(int), elMaxPeersOpt: none(int), nat: (hasExtIp: false, nat: NatAny), discv5: true, netKey: random, agentString: Nimbus/v0.4.0-9f8b5404/linux-amd64/Nim-2.2.10, numThreads: 0, persistBatchSize: 4, dynamicBatchSize: false, rocksdbMaxOpenFiles: 2048, rocksdbWriteBufferSize: 67108864, rocksdbRowCacheSize: 0, rocksdbBlockCacheSize: 2147483648, rocksdbBlockCacheType: hyperclock, rdbVtxCacheSize: 536870912, rdbKeyCacheSize: 1342177280, rdbBranchCacheSize: 1073741824, rdbPrintStats: false, rewriteDatadirId: true, aristoDbMaxSnapshots: 5, parallelStateRootComputation: false, parallelSenderRecovery: true, optimisticStatePrefetch: false, balStatePrefetch: false, balStatePrefetchWorkers: 0, balParallelExecution: false, eagerStateRootCheck: false, deserializeFcState: true, statelessProvider: false, statelessWitnessValidation: false, cmd: import, maxBlocks: 1000000, chunkSize: 8192, csvStats: some("/data/host-benchmarks/short/eeb992ddb50e4d50a7a975f3f032100b/blocks-import-benchmark.csv"), validation: false, fullValidation: false, storeBodies: false, storeReceipts: false, storeSlotHashes: false)"
Aug 29 22:43:52 nimbus-eth1-mainnet-short-benchmark[993198]: WRN 2026-08-29 22:43:52.497+00:00 Data directory has insecure permissions. Correcting them. data_dir=/data/status-im/nimbus-eth1/data/shared_mainnet_0 current_permissions=0755 required_permissions=0700
Aug 29 22:43:54 nimbus-eth1-mainnet-short-benchmark[993198]: INF 2026-08-29 22:43:54.329+00:00 Taskpool started                           numThreads=16
Aug 29 22:43:54 nimbus-eth1-mainnet-short-benchmark[993198]: INF 2026-08-29 22:43:54.453+00:00 Database initialized                       base="(0xd24fd73f794058a3807db926d8898c6481e902b7edb91ce0d479d6760f276183, 20000000)" finalized="(0xd24fd73f794058a3807db926d8898c6481e902b7edb91ce0d479d6760f276183, 20000000)" head="(0xd4e56740f876aef8c010b86a40d5f56745a118d0906a34e69aec8c0db1cb8fa3, 0)"
Aug 29 22:43:54 nimbus-eth1-mainnet-short-benchmark[993198]: NTC 2026-08-29 22:43:54.453+00:00 Could not open ere database, falling back to era1/era import ereDir=/data/status-im/nimbus-eth1/data/shared_mainnet_0/ere networkName=mainnet error="No ere files found in /data/status-im/nimbus-eth1/data/shared_mainnet_0/ere"
Aug 29 22:43:54 nimbus-eth1-mainnet-short-benchmark[993198]: NTC 2026-08-29 22:43:54.453+00:00 Importing era archive                      blockNumber=20000001 dataDir=/data/status-im/nimbus-eth1/data/shared_mainnet_0 eraDir=/data/era
Aug 29 22:43:56 nimbus-eth1-mainnet-short-benchmark[993198]: NTC 2026-08-29 22:43:56.701+00:00 Matched block to slot number               blockNumber=20000001 slot=9204783
Aug 29 22:50:15 nimbus-eth1-mainnet-short-benchmark[993198]: INF 2026-08-29 22:50:15.260+00:00 Imported blocks                            blockNumber=20008193 slot=9213020 blocks=8192 txs=1226966 mgas=124237 bps=21.51 tps=3222 mgps=326.2 avgBps=21.51 avgTps=3222 avgMGps=326.2 elapsed=6m20s806ms
Aug 29 22:55:49 nimbus-eth1-mainnet-short-benchmark[993198]: INF 2026-08-29 22:55:49.771+00:00 Imported blocks                            blockNumber=20016385 slot=9221256 blocks=16384 txs=2540380 mgas=248071 bps=24.49 tps=3926 mgps=370.2 avgBps=22.90 avgTps=3551 avgMGps=346.8 elapsed=11m55s317ms
Aug 29 23:01:06 nimbus-eth1-mainnet-short-benchmark[993198]: INF 2026-08-29 23:01:06.631+00:00 Imported blocks                            blockNumber=20024577 slot=9229485 blocks=24576 txs=3869398 mgas=372018 bps=25.85 tps=4194 mgps=391.2 avgBps=23.81 avgTps=3748 avgMGps=360.4 elapsed=17m12s175ms
Aug 29 23:05:51 nimbus-eth1-mainnet-short-benchmark[993198]: INF 2026-08-29 23:05:51.591+00:00 Imported blocks                            blockNumber=20032769 slot=9237722 blocks=32768 txs=5222766 mgas=495797 bps=28.75 tps=4749 mgps=434.4 avgBps=24.88 avgTps=3965 avgMGps=376.4 elapsed=21m57s137ms
Aug 29 23:10:29 nimbus-eth1-mainnet-short-benchmark[993198]: INF 2026-08-29 23:10:29.315+00:00 Imported blocks                            blockNumber=20040961 slot=9245957 blocks=40960 txs=6566802 mgas=619586 bps=29.50 tps=4839 mgps=445.7 avgBps=25.68 avgTps=4117 avgMGps=388.5 elapsed=26m34s861ms
Aug 29 23:15:25 nimbus-eth1-mainnet-short-benchmark[993198]: INF 2026-08-29 23:15:25.566+00:00 Imported blocks                            blockNumber=20049153 slot=9254196 blocks=49152 txs=7904746 mgas=743522 bps=27.65 tps=4516 mgps=418.3 avgBps=25.99 avgTps=4179 avgMGps=393.2 elapsed=31m31s113ms
Aug 29 23:20:09 nimbus-eth1-mainnet-short-benchmark[993198]: INF 2026-08-29 23:20:09.866+00:00 Imported blocks                            blockNumber=20057345 slot=9262435 blocks=57344 txs=9212009 mgas=867360 bps=28.81 tps=4598 mgps=435.6 avgBps=26.36 avgTps=4234 avgMGps=398.7 elapsed=36m15s414ms
Aug 29 23:24:35 nimbus-eth1-mainnet-short-benchmark[993198]: INF 2026-08-29 23:24:35.703+00:00 Imported blocks                            blockNumber=20065537 slot=9270674 blocks=65536 txs=10559018 mgas=991371 bps=30.82 tps=5067 mgps=466.5 avgBps=26.85 avgTps=4325 avgMGps=406.1 elapsed=40m41s247ms
Aug 29 23:28:48 nimbus-eth1-mainnet-short-benchmark[993198]: INF 2026-08-29 23:28:48.723+00:00 Imported blocks                            blockNumber=20073729 slot=9278910 blocks=73728 txs=11898676 mgas=1115111 bps=32.38 tps=5294 mgps=489.1 avgBps=27.36 avgTps=4416 avgMGps=413.9 elapsed=44m54s268ms
Aug 29 23:32:50 nimbus-eth1-mainnet-short-benchmark[993198]: INF 2026-08-29 23:32:50.028+00:00 Imported blocks                            blockNumber=20081921 slot=9287152 blocks=81920 txs=13323263 mgas=1239150 bps=33.95 tps=5903 mgps=514.0 avgBps=27.91 avgTps=4538 avgMGps=422.1 elapsed=48m55s572ms
Aug 29 23:36:50 nimbus-eth1-mainnet-short-benchmark[993198]: INF 2026-08-29 23:36:50.496+00:00 Imported blocks                            blockNumber=20090113 slot=9295408 blocks=90112 txs=14697082 mgas=1363113 bps=34.07 tps=5713 mgps=515.5 avgBps=28.37 avgTps=4627 avgMGps=429.2 elapsed=52m56s42ms
Aug 29 23:41:07 nimbus-eth1-mainnet-short-benchmark[993198]: INF 2026-08-29 23:41:07.601+00:00 Imported blocks                            blockNumber=20098305 slot=9303658 blocks=98304 txs=16025683 mgas=1487146 bps=31.86 tps=5167 mgps=482.4 avgBps=28.63 avgTps=4667 avgMGps=433.2 elapsed=57m13s148ms
Aug 29 23:45:34 nimbus-eth1-mainnet-short-benchmark[993198]: INF 2026-08-29 23:45:34.585+00:00 Imported blocks                            blockNumber=20106497 slot=9311895 blocks=106496 txs=17337157 mgas=1611066 bps=30.68 tps=4912 mgps=464.1 avgBps=28.78 avgTps=4685 avgMGps=435.4 elapsed=1h1m40s
Aug 29 23:49:47 nimbus-eth1-mainnet-short-benchmark[993198]: INF 2026-08-29 23:49:47.981+00:00 Imported blocks                            blockNumber=20114689 slot=9320146 blocks=114688 txs=18632097 mgas=1735123 bps=32.33 tps=5110 mgps=489.6 avgBps=29.01 avgTps=4712 avgMGps=438.9 elapsed=1h5m53s
Aug 29 23:53:48 nimbus-eth1-mainnet-short-benchmark[993198]: INF 2026-08-29 23:53:48.394+00:00 Imported blocks                            blockNumber=20122881 slot=9328409 blocks=122880 txs=19937418 mgas=1859249 bps=34.07 tps=5429 mgps=516.3 avgBps=29.30 avgTps=4753 avgMGps=443.3 elapsed=1h9m53s
Aug 29 23:57:45 nimbus-eth1-mainnet-short-benchmark[993198]: INF 2026-08-29 23:57:44.994+00:00 Imported blocks                            blockNumber=20131073 slot=9336660 blocks=131072 txs=21214129 mgas=1983500 bps=34.62 tps=5396 mgps=525.2 avgBps=29.58 avgTps=4788 avgMGps=447.7 elapsed=1h13m50s
Aug 30 00:01:38 nimbus-eth1-mainnet-short-benchmark[993198]: INF 2026-08-30 00:01:38.591+00:00 Imported blocks                            blockNumber=20139265 slot=9344906 blocks=139264 txs=22579079 mgas=2107571 bps=35.07 tps=5843 mgps=531.1 avgBps=29.86 avgTps=4840 avgMGps=451.9 elapsed=1h17m44s
Aug 30 00:06:17 nimbus-eth1-mainnet-short-benchmark[993198]: INF 2026-08-30 00:06:17.171+00:00 Imported blocks                            blockNumber=20147457 slot=9353153 blocks=147456 txs=24133322 mgas=2231686 bps=29.41 tps=5579 mgps=445.5 avgBps=29.83 avgTps=4882 avgMGps=451.5 elapsed=1h22m22s
Aug 30 00:10:48 nimbus-eth1-mainnet-short-benchmark[993198]: INF 2026-08-30 00:10:48.379+00:00 Imported blocks                            blockNumber=20155649 slot=9361407 blocks=155648 txs=25424015 mgas=2356018 bps=30.21 tps=4759 mgps=458.4 avgBps=29.85 avgTps=4876 avgMGps=451.9 elapsed=1h26m53s
Aug 30 00:14:56 nimbus-eth1-mainnet-short-benchmark[993198]: INF 2026-08-30 00:14:56.572+00:00 Imported blocks                            blockNumber=20163841 slot=9369652 blocks=163840 txs=26749549 mgas=2480207 bps=33.01 tps=5340 mgps=500.4 avgBps=30.00 avgTps=4897 avgMGps=454.1 elapsed=1h31m2s
Aug 30 00:18:58 nimbus-eth1-mainnet-short-benchmark[993198]: INF 2026-08-30 00:18:58.956+00:00 Imported blocks                            blockNumber=20172033 slot=9377892 blocks=172032 txs=28105316 mgas=2604026 bps=33.80 tps=5593 mgps=510.8 avgBps=30.16 avgTps=4926 avgMGps=456.5 elapsed=1h35m4s
Aug 30 00:23:07 nimbus-eth1-mainnet-short-benchmark[993198]: INF 2026-08-30 00:23:07.749+00:00 Imported blocks                            blockNumber=20180225 slot=9386128 blocks=180224 txs=29524405 mgas=2728170 bps=32.93 tps=5703 mgps=499.0 avgBps=30.27 avgTps=4959 avgMGps=458.3 elapsed=1h39m13s
Aug 30 00:26:58 nimbus-eth1-mainnet-short-benchmark[993198]: INF 2026-08-30 00:26:58.662+00:00 Imported blocks                            blockNumber=20188417 slot=9394365 blocks=188416 txs=30849021 mgas=2852023 bps=35.48 tps=5736 mgps=536.4 avgBps=30.47 avgTps=4988 avgMGps=461.2 elapsed=1h43m4s
Aug 30 00:31:14 nimbus-eth1-mainnet-short-benchmark[993198]: INF 2026-08-30 00:31:14.994+00:00 Imported blocks                            blockNumber=20196609 slot=9402602 blocks=196608 txs=32174755 mgas=2976155 bps=31.96 tps=5171 mgps=484.3 avgBps=30.53 avgTps=4995 avgMGps=462.1 elapsed=1h47m20s
Aug 30 00:35:47 nimbus-eth1-mainnet-short-benchmark[993198]: INF 2026-08-30 00:35:47.318+00:00 Imported blocks                            blockNumber=20204801 slot=9410840 blocks=204800 txs=33475942 mgas=3100410 bps=30.08 tps=4778 mgps=456.3 avgBps=30.51 avgTps=4986 avgMGps=461.9 elapsed=1h51m52s
Aug 30 00:39:54 nimbus-eth1-mainnet-short-benchmark[993198]: INF 2026-08-30 00:39:54.199+00:00 Imported blocks                            blockNumber=20212993 slot=9419071 blocks=212992 txs=34798508 mgas=3224370 bps=33.18 tps=5357 mgps=502.1 avgBps=30.60 avgTps=4999 avgMGps=463.3 elapsed=1h55m59s
Aug 30 00:43:57 nimbus-eth1-mainnet-short-benchmark[993198]: INF 2026-08-30 00:43:57.331+00:00 Imported blocks                            blockNumber=20221185 slot=9427313 blocks=221184 txs=36114045 mgas=3348169 bps=33.69 tps=5410 mgps=509.2 avgBps=30.71 avgTps=5013 avgMGps=464.8 elapsed=2h2s876ms
Aug 30 00:47:42 nimbus-eth1-mainnet-short-benchmark[993198]: INF 2026-08-30 00:47:42.124+00:00 Imported blocks                            blockNumber=20229377 slot=9435549 blocks=229376 txs=37421794 mgas=3472031 bps=36.44 tps=5817 mgps=551.0 avgBps=30.88 avgTps=5038 avgMGps=467.4 elapsed=2h3m47s
Aug 30 00:51:35 nimbus-eth1-mainnet-short-benchmark[993198]: INF 2026-08-30 00:51:35.361+00:00 Imported blocks                            blockNumber=20237569 slot=9443788 blocks=237568 txs=38842064 mgas=3596351 bps=35.12 tps=6089 mgps=533.0 avgBps=31.01 avgTps=5070 avgMGps=469.4 elapsed=2h7m40s
Aug 30 00:55:48 nimbus-eth1-mainnet-short-benchmark[993198]: INF 2026-08-30 00:55:48.409+00:00 Imported blocks                            blockNumber=20245761 slot=9452021 blocks=245760 txs=40225739 mgas=3720100 bps=32.37 tps=5468 mgps=489.0 avgBps=31.05 avgTps=5082 avgMGps=470.1 elapsed=2h11m53s
Aug 30 01:00:17 nimbus-eth1-mainnet-short-benchmark[993198]: INF 2026-08-30 01:00:17.337+00:00 Imported blocks                            blockNumber=20253953 slot=9460253 blocks=253952 txs=41454921 mgas=3844385 bps=30.46 tps=4570 mgps=462.1 avgBps=31.03 avgTps=5066 avgMGps=469.8 elapsed=2h16m22s
Aug 30 01:04:32 nimbus-eth1-mainnet-short-benchmark[993198]: INF 2026-08-30 01:04:32.122+00:00 Imported blocks                            blockNumber=20262145 slot=9468495 blocks=262144 txs=42726051 mgas=3968623 bps=32.15 tps=4989 mgps=487.6 avgBps=31.07 avgTps=5063 avgMGps=470.3 elapsed=2h20m37s
Aug 30 01:08:30 nimbus-eth1-mainnet-short-benchmark[993198]: INF 2026-08-30 01:08:30.070+00:00 Imported blocks                            blockNumber=20270337 slot=9476748 blocks=270336 txs=44050436 mgas=4092682 bps=34.43 tps=5565 mgps=521.4 avgBps=31.16 avgTps=5077 avgMGps=471.7 elapsed=2h24m35s
Aug 30 01:12:12 nimbus-eth1-mainnet-short-benchmark[993198]: INF 2026-08-30 01:12:12.523+00:00 Imported blocks                            blockNumber=20278529 slot=9484981 blocks=278528 txs=45382368 mgas=4216487 bps=36.83 tps=5987 mgps=556.6 avgBps=31.30 avgTps=5100 avgMGps=473.9 elapsed=2h28m18s
Aug 30 01:16:00 nimbus-eth1-mainnet-short-benchmark[993198]: INF 2026-08-30 01:16:00.056+00:00 Imported blocks                            blockNumber=20286721 slot=9493213 blocks=286720 txs=46733429 mgas=4340363 bps=36.00 tps=5937 mgps=544.4 avgBps=31.42 avgTps=5121 avgMGps=475.6 elapsed=2h32m5s
Aug 30 01:20:10 nimbus-eth1-mainnet-short-benchmark[993198]: INF 2026-08-30 01:20:10.752+00:00 Imported blocks                            blockNumber=20294913 slot=9501453 blocks=294912 txs=48075887 mgas=4464376 bps=32.68 tps=5354 mgps=494.7 avgBps=31.45 avgTps=5127 avgMGps=476.1 elapsed=2h36m16s
Aug 30 01:24:15 nimbus-eth1-mainnet-short-benchmark[993198]: INF 2026-08-30 01:24:15.597+00:00 Imported blocks                            blockNumber=20303105 slot=9509696 blocks=303104 txs=49379538 mgas=4588534 bps=33.46 tps=5324 mgps=507.1 avgBps=31.50 avgTps=5132 avgMGps=476.9 elapsed=2h40m21s
Aug 30 01:28:13 nimbus-eth1-mainnet-short-benchmark[993198]: INF 2026-08-30 01:28:13.145+00:00 Imported blocks                            blockNumber=20311297 slot=9517922 blocks=311296 txs=50637672 mgas=4712596 bps=34.49 tps=5296 mgps=522.3 avgBps=31.58 avgTps=5136 avgMGps=478.0 elapsed=2h44m18s
Aug 30 01:32:03 nimbus-eth1-mainnet-short-benchmark[993198]: INF 2026-08-30 01:32:03.006+00:00 Imported blocks                            blockNumber=20319489 slot=9526159 blocks=319488 txs=51981692 mgas=4836521 bps=35.64 tps=5847 mgps=539.1 avgBps=31.67 avgTps=5152 avgMGps=479.4 elapsed=2h48m8s
Aug 30 01:35:33 nimbus-eth1-mainnet-short-benchmark[993198]: INF 2026-08-30 01:35:33.407+00:00 Imported blocks                            blockNumber=20327681 slot=9534381 blocks=327680 txs=53356123 mgas=4960245 bps=38.94 tps=6532 mgps=588.0 avgBps=31.82 avgTps=5180 avgMGps=481.6 elapsed=2h51m38s
Aug 30 01:39:01 nimbus-eth1-mainnet-short-benchmark[993198]: INF 2026-08-30 01:39:01.764+00:00 Imported blocks                            blockNumber=20335873 slot=9542617 blocks=335872 txs=54719105 mgas=5084025 bps=39.32 tps=6541 mgps=594.1 avgBps=31.97 avgTps=5207 avgMGps=483.9 elapsed=2h55m7s
Aug 30 01:42:50 nimbus-eth1-mainnet-short-benchmark[993198]: INF 2026-08-30 01:42:50.525+00:00 Imported blocks                            blockNumber=20344065 slot=9550841 blocks=344064 txs=56021853 mgas=5207843 bps=35.81 tps=5694 mgps=541.3 avgBps=32.05 avgTps=5218 avgMGps=485.1 elapsed=2h58m56s
Aug 30 01:47:09 nimbus-eth1-mainnet-short-benchmark[993198]: INF 2026-08-30 01:47:09.429+00:00 Imported blocks                            blockNumber=20352257 slot=9559072 blocks=352256 txs=57290408 mgas=5332016 bps=31.64 tps=4899 mgps=479.6 avgBps=32.04 avgTps=5210 avgMGps=485.0 elapsed=3h3m14s
Aug 30 01:51:05 nimbus-eth1-mainnet-short-benchmark[993198]: INF 2026-08-30 01:51:05.954+00:00 Imported blocks                            blockNumber=20360449 slot=9567308 blocks=360448 txs=58543463 mgas=5456201 bps=34.64 tps=5297 mgps=525.0 avgBps=32.09 avgTps=5212 avgMGps=485.8 elapsed=3h7m11s
Aug 30 01:54:53 nimbus-eth1-mainnet-short-benchmark[993198]: INF 2026-08-30 01:54:53.687+00:00 Imported blocks                            blockNumber=20368641 slot=9575548 blocks=368640 txs=59874056 mgas=5580204 bps=35.97 tps=5842 mgps=544.5 avgBps=32.17 avgTps=5224 avgMGps=487.0 elapsed=3h10m59s
Aug 30 01:58:51 nimbus-eth1-mainnet-short-benchmark[993198]: INF 2026-08-30 01:58:51.595+00:00 Imported blocks                            blockNumber=20376833 slot=9583774 blocks=376832 txs=61167066 mgas=5704396 bps=34.43 tps=5434 mgps=522.0 avgBps=32.22 avgTps=5229 avgMGps=487.7 elapsed=3h14m57s
Aug 30 02:02:43 nimbus-eth1-mainnet-short-benchmark[993198]: INF 2026-08-30 02:02:43.388+00:00 Imported blocks                            blockNumber=20385025 slot=9592009 blocks=385024 txs=62480333 mgas=5828235 bps=35.34 tps=5665 mgps=534.3 avgBps=32.28 avgTps=5237 avgMGps=488.6 elapsed=3h18m48s
Aug 30 02:06:35 nimbus-eth1-mainnet-short-benchmark[993198]: INF 2026-08-30 02:06:35.637+00:00 Imported blocks                            blockNumber=20393217 slot=9600248 blocks=393216 txs=63800597 mgas=5952136 bps=35.27 tps=5684 mgps=533.5 avgBps=32.33 avgTps=5246 avgMGps=489.4 elapsed=3h22m41s
Aug 30 02:10:17 nimbus-eth1-mainnet-short-benchmark[993198]: INF 2026-08-30 02:10:17.578+00:00 Imported blocks                            blockNumber=20401409 slot=9608486 blocks=401408 txs=65021243 mgas=6076384 bps=36.91 tps=5499 mgps=559.8 avgBps=32.42 avgTps=5250 avgMGps=490.7 elapsed=3h26m23s
Aug 30 02:14:14 nimbus-eth1-mainnet-short-benchmark[993198]: INF 2026-08-30 02:14:14.610+00:00 Imported blocks                            blockNumber=20409601 slot=9616707 blocks=409600 txs=66199016 mgas=6200666 bps=34.56 tps=4968 mgps=524.3 avgBps=32.46 avgTps=5245 avgMGps=491.3 elapsed=3h30m20s
Aug 30 02:18:04 nimbus-eth1-mainnet-short-benchmark[993198]: INF 2026-08-30 02:18:04.235+00:00 Imported blocks                            blockNumber=20417793 slot=9624941 blocks=417792 txs=67453930 mgas=6324823 bps=35.68 tps=5465 mgps=540.7 avgBps=32.51 avgTps=5249 avgMGps=492.2 elapsed=3h34m9s
Aug 30 02:21:27 nimbus-eth1-mainnet-short-benchmark[993198]: INF 2026-08-30 02:21:27.268+00:00 Imported blocks                            blockNumber=20425985 slot=9633187 blocks=425984 txs=68814904 mgas=6448778 bps=40.35 tps=6703 mgps=610.5 avgBps=32.64 avgTps=5272 avgMGps=494.1 elapsed=3h37m32s
Aug 30 02:24:49 nimbus-eth1-mainnet-short-benchmark[993198]: INF 2026-08-30 02:24:49.957+00:00 Imported blocks                            blockNumber=20434177 slot=9641422 blocks=434176 txs=70124508 mgas=6572711 bps=40.42 tps=6460 mgps=611.4 avgBps=32.75 avgTps=5290 avgMGps=495.8 elapsed=3h40m55s
Aug 30 02:28:22 nimbus-eth1-mainnet-short-benchmark[993198]: INF 2026-08-30 02:28:22.818+00:00 Imported blocks                            blockNumber=20442369 slot=9649657 blocks=442368 txs=71403576 mgas=6696451 bps=38.49 tps=6009 mgps=581.3 avgBps=32.84 avgTps=5301 avgMGps=497.2 elapsed=3h44m28s
Aug 30 02:32:15 nimbus-eth1-mainnet-short-benchmark[993198]: INF 2026-08-30 02:32:15.915+00:00 Imported blocks                            blockNumber=20450561 slot=9657896 blocks=450560 txs=72659905 mgas=6820521 bps=35.14 tps=5389 mgps=532.3 avgBps=32.88 avgTps=5303 avgMGps=497.8 elapsed=3h48m21s
Aug 30 02:36:28 nimbus-eth1-mainnet-short-benchmark[993198]: INF 2026-08-30 02:36:28.491+00:00 Imported blocks                            blockNumber=20458753 slot=9666114 blocks=458752 txs=73838533 mgas=6945116 bps=32.43 tps=4666 mgps=493.3 avgBps=32.88 avgTps=5291 avgMGps=497.7 elapsed=3h52m34s
Aug 30 02:40:18 nimbus-eth1-mainnet-short-benchmark[993198]: INF 2026-08-30 02:40:18.156+00:00 Imported blocks                            blockNumber=20466945 slot=9674343 blocks=466944 txs=75124748 mgas=7068943 bps=35.67 tps=5600 mgps=539.2 avgBps=32.92 avgTps=5296 avgMGps=498.4 elapsed=3h56m23s
Aug 30 02:44:06 nimbus-eth1-mainnet-short-benchmark[993198]: INF 2026-08-30 02:44:06.813+00:00 Imported blocks                            blockNumber=20475137 slot=9682575 blocks=475136 txs=76420106 mgas=7192870 bps=35.83 tps=5665 mgps=542.0 avgBps=32.97 avgTps=5302 avgMGps=499.1 elapsed=4h12s362ms
Aug 30 02:47:44 nimbus-eth1-mainnet-short-benchmark[993198]: INF 2026-08-30 02:47:44.678+00:00 Imported blocks                            blockNumber=20483329 slot=9690800 blocks=483328 txs=77675422 mgas=7316939 bps=37.60 tps=5761 mgps=569.5 avgBps=33.04 avgTps=5309 avgMGps=500.1 elapsed=4h3m50s
Aug 30 02:51:21 nimbus-eth1-mainnet-short-benchmark[993198]: INF 2026-08-30 02:51:21.143+00:00 Imported blocks                            blockNumber=20491521 slot=9699019 blocks=491520 txs=78951232 mgas=7440784 bps=37.84 tps=5893 mgps=572.1 avgBps=33.11 avgTps=5317 avgMGps=501.2 elapsed=4h7m26s
Aug 30 02:55:15 nimbus-eth1-mainnet-short-benchmark[993198]: INF 2026-08-30 02:55:15.948+00:00 Imported blocks                            blockNumber=20499713 slot=9707248 blocks=499712 txs=80189642 mgas=7564669 bps=34.89 tps=5274 mgps=527.6 avgBps=33.13 avgTps=5317 avgMGps=501.6 elapsed=4h11m21s
Aug 30 02:59:13 nimbus-eth1-mainnet-short-benchmark[993198]: INF 2026-08-30 02:59:13.880+00:00 Imported blocks                            blockNumber=20507905 slot=9715488 blocks=507904 txs=81317763 mgas=7689208 bps=34.43 tps=4741 mgps=523.4 avgBps=33.15 avgTps=5308 avgMGps=501.9 elapsed=4h15m19s
Aug 30 03:02:44 nimbus-eth1-mainnet-short-benchmark[993198]: INF 2026-08-30 03:02:44.805+00:00 Imported blocks                            blockNumber=20516097 slot=9723715 blocks=516096 txs=82520262 mgas=7813209 bps=38.84 tps=5700 mgps=587.9 avgBps=33.23 avgTps=5313 avgMGps=503.1 elapsed=4h18m50s
Aug 30 03:06:28 nimbus-eth1-mainnet-short-benchmark[993198]: INF 2026-08-30 03:06:28.414+00:00 Imported blocks                            blockNumber=20524289 slot=9731945 blocks=524288 txs=83780075 mgas=7937233 bps=36.64 tps=5634 mgps=554.7 avgBps=33.28 avgTps=5318 avgMGps=503.8 elapsed=4h22m33s
Aug 30 03:10:15 nimbus-eth1-mainnet-short-benchmark[993198]: INF 2026-08-30 03:10:15.951+00:00 Imported blocks                            blockNumber=20532481 slot=9740183 blocks=532480 txs=85263862 mgas=8061024 bps=36.00 tps=6521 mgps=544.1 avgBps=33.32 avgTps=5335 avgMGps=504.4 elapsed=4h26m21s
Aug 30 03:14:08 nimbus-eth1-mainnet-short-benchmark[993198]: INF 2026-08-30 03:14:08.783+00:00 Imported blocks                            blockNumber=20540673 slot=9748418 blocks=540672 txs=86612143 mgas=8185090 bps=35.18 tps=5790 mgps=532.9 avgBps=33.35 avgTps=5341 avgMGps=504.8 elapsed=4h30m14s
Aug 30 03:18:08 nimbus-eth1-mainnet-short-benchmark[993198]: INF 2026-08-30 03:18:08.540+00:00 Imported blocks                            blockNumber=20548865 slot=9756662 blocks=548864 txs=87802991 mgas=8309513 bps=34.17 tps=4966 mgps=519.0 avgBps=33.36 avgTps=5336 avgMGps=505.0 elapsed=4h34m14s
Aug 30 03:22:06 nimbus-eth1-mainnet-short-benchmark[993198]: INF 2026-08-30 03:22:06.373+00:00 Imported blocks                            blockNumber=20557057 slot=9764892 blocks=557056 txs=88964987 mgas=8433956 bps=34.44 tps=4885 mgps=523.2 avgBps=33.37 avgTps=5329 avgMGps=505.3 elapsed=4h38m11s
Aug 30 03:25:52 nimbus-eth1-mainnet-short-benchmark[993198]: INF 2026-08-30 03:25:52.198+00:00 Imported blocks                            blockNumber=20565249 slot=9773131 blocks=565248 txs=90186094 mgas=8558113 bps=36.28 tps=5407 mgps=549.8 avgBps=33.41 avgTps=5330 avgMGps=505.9 elapsed=4h41m57s
Aug 30 03:29:40 nimbus-eth1-mainnet-short-benchmark[993198]: INF 2026-08-30 03:29:40.242+00:00 Imported blocks                            blockNumber=20573441 slot=9781369 blocks=573440 txs=91404654 mgas=8682228 bps=35.92 tps=5343 mgps=544.3 avgBps=33.44 avgTps=5331 avgMGps=506.4 elapsed=4h45m45s
Aug 30 03:33:23 nimbus-eth1-mainnet-short-benchmark[993198]: INF 2026-08-30 03:33:23.911+00:00 Imported blocks                            blockNumber=20581633 slot=9789611 blocks=581632 txs=92628389 mgas=8806651 bps=36.63 tps=5471 mgps=556.3 avgBps=33.49 avgTps=5332 avgMGps=507.0 elapsed=4h49m29s
Aug 30 03:37:14 nimbus-eth1-mainnet-short-benchmark[993198]: INF 2026-08-30 03:37:14.552+00:00 Imported blocks                            blockNumber=20589825 slot=9797855 blocks=589824 txs=93887208 mgas=8931023 bps=35.52 tps=5457 mgps=539.2 avgBps=33.51 avgTps=5334 avgMGps=507.4 elapsed=4h53m20s
Aug 30 03:41:08 nimbus-eth1-mainnet-short-benchmark[993198]: INF 2026-08-30 03:41:08.353+00:00 Imported blocks                            blockNumber=20598017 slot=9806095 blocks=598016 txs=95163338 mgas=9055310 bps=35.04 tps=5458 mgps=531.6 avgBps=33.53 avgTps=5336 avgMGps=507.8 elapsed=4h57m13s
Aug 30 03:45:04 nimbus-eth1-mainnet-short-benchmark[993198]: INF 2026-08-30 03:45:04.613+00:00 Imported blocks                            blockNumber=20606209 slot=9814347 blocks=606208 txs=96334664 mgas=9179976 bps=34.67 tps=4957 mgps=527.7 avgBps=33.55 avgTps=5331 avgMGps=508.0 elapsed=5h1m10s
Aug 30 03:48:49 nimbus-eth1-mainnet-short-benchmark[993198]: INF 2026-08-30 03:48:49.046+00:00 Imported blocks                            blockNumber=20614401 slot=9822581 blocks=614400 txs=97573414 mgas=9304574 bps=36.50 tps=5519 mgps=555.2 avgBps=33.58 avgTps=5333 avgMGps=508.6 elapsed=5h4m54s
Aug 30 03:52:33 nimbus-eth1-mainnet-short-benchmark[993198]: INF 2026-08-30 03:52:33.179+00:00 Imported blocks                            blockNumber=20622593 slot=9830821 blocks=622592 txs=98874772 mgas=9428835 bps=36.55 tps=5806 mgps=554.4 avgBps=33.62 avgTps=5339 avgMGps=509.2 elapsed=5h8m38s
Aug 30 03:56:11 nimbus-eth1-mainnet-short-benchmark[993198]: INF 2026-08-30 03:56:11.864+00:00 Imported blocks                            blockNumber=20630785 slot=9839058 blocks=630784 txs=100178707 mgas=9553009 bps=37.46 tps=5962 mgps=567.8 avgBps=33.66 avgTps=5346 avgMGps=509.8 elapsed=5h12m17s
Aug 30 03:59:59 nimbus-eth1-mainnet-short-benchmark[993198]: INF 2026-08-30 03:59:59.125+00:00 Imported blocks                            blockNumber=20638977 slot=9847313 blocks=638976 txs=101489116 mgas=9677171 bps=36.05 tps=5766 mgps=546.3 avgBps=33.69 avgTps=5351 avgMGps=510.3 elapsed=5h16m4s
Aug 30 04:03:44 nimbus-eth1-mainnet-short-benchmark[993198]: INF 2026-08-30 04:03:44.805+00:00 Imported blocks                            blockNumber=20647169 slot=9855549 blocks=647168 txs=102730058 mgas=9801643 bps=36.30 tps=5498 mgps=551.5 avgBps=33.72 avgTps=5353 avgMGps=510.8 elapsed=5h19m50s
Aug 30 04:07:45 nimbus-eth1-mainnet-short-benchmark[993198]: INF 2026-08-30 04:07:45.990+00:00 Imported blocks                            blockNumber=20655361 slot=9863778 blocks=655360 txs=103868002 mgas=9926541 bps=33.97 tps=4718 mgps=517.9 avgBps=33.73 avgTps=5345 avgMGps=510.8 elapsed=5h23m51s
Aug 30 04:11:28 nimbus-eth1-mainnet-short-benchmark[993198]: INF 2026-08-30 04:11:28.511+00:00 Imported blocks                            blockNumber=20663553 slot=9872013 blocks=663552 txs=105112198 mgas=10051274 bps=36.81 tps=5591 mgps=560.5 avgBps=33.76 avgTps=5348 avgMGps=511.4 elapsed=5h27m34s
Aug 30 04:15:00 nimbus-eth1-mainnet-short-benchmark[993198]: INF 2026-08-30 04:15:00.964+00:00 Imported blocks                            blockNumber=20671745 slot=9880241 blocks=671744 txs=106395904 mgas=10175177 bps=38.56 tps=6042 mgps=583.2 avgBps=33.81 avgTps=5355 avgMGps=512.2 elapsed=5h31m6s
Aug 30 04:18:36 nimbus-eth1-mainnet-short-benchmark[993198]: INF 2026-08-30 04:18:36.649+00:00 Imported blocks                            blockNumber=20679937 slot=9888471 blocks=679936 txs=107674271 mgas=10299404 bps=37.98 tps=5926 mgps=576.0 avgBps=33.86 avgTps=5361 avgMGps=512.9 elapsed=5h34m42s
Aug 30 04:22:04 nimbus-eth1-mainnet-short-benchmark[993198]: INF 2026-08-30 04:22:04.338+00:00 Imported blocks                            blockNumber=20688129 slot=9896698 blocks=688128 txs=108938536 mgas=10423298 bps=39.44 tps=6087 mgps=596.5 avgBps=33.91 avgTps=5369 avgMGps=513.7 elapsed=5h38m9s
Aug 30 04:25:44 nimbus-eth1-mainnet-short-benchmark[993198]: INF 2026-08-30 04:25:44.419+00:00 Imported blocks                            blockNumber=20696321 slot=9904930 blocks=696320 txs=110235786 mgas=10547469 bps=37.22 tps=5894 mgps=564.2 avgBps=33.95 avgTps=5374 avgMGps=514.3 elapsed=5h41m49s
Aug 30 04:29:40 nimbus-eth1-mainnet-short-benchmark[993198]: INF 2026-08-30 04:29:40.547+00:00 Imported blocks                            blockNumber=20704513 slot=9913154 blocks=704512 txs=111483759 mgas=10671677 bps=34.69 tps=5285 mgps=526.0 avgBps=33.96 avgTps=5373 avgMGps=514.4 elapsed=5h45m46s
Aug 30 04:33:23 nimbus-eth1-mainnet-short-benchmark[993198]: INF 2026-08-30 04:33:23.496+00:00 Imported blocks                            blockNumber=20712705 slot=9921388 blocks=712704 txs=112764170 mgas=10795980 bps=36.74 tps=5743 mgps=557.5 avgBps=33.99 avgTps=5377 avgMGps=514.9 elapsed=5h49m29s
Aug 30 04:36:52 nimbus-eth1-mainnet-short-benchmark[993198]: INF 2026-08-30 04:36:52.417+00:00 Imported blocks                            blockNumber=20720897 slot=9929633 blocks=720896 txs=114110517 mgas=10919926 bps=39.21 tps=6444 mgps=593.3 avgBps=34.04 avgTps=5388 avgMGps=515.6 elapsed=5h52m57s
Aug 30 04:40:28 nimbus-eth1-mainnet-short-benchmark[993198]: INF 2026-08-30 04:40:28.414+00:00 Imported blocks                            blockNumber=20729089 slot=9937869 blocks=729088 txs=115449431 mgas=11043768 bps=37.93 tps=6198 mgps=573.4 avgBps=34.08 avgTps=5396 avgMGps=516.2 elapsed=5h56m33s
Aug 30 04:43:57 nimbus-eth1-mainnet-short-benchmark[993198]: INF 2026-08-30 04:43:57.759+00:00 Imported blocks                            blockNumber=20737281 slot=9946108 blocks=737280 txs=116784468 mgas=11167784 bps=39.13 tps=6377 mgps=592.4 avgBps=34.13 avgTps=5405 avgMGps=516.9 elapsed=6h3s305ms
Aug 30 04:47:35 nimbus-eth1-mainnet-short-benchmark[993198]: INF 2026-08-30 04:47:35.252+00:00 Imported blocks                            blockNumber=20745473 slot=9954342 blocks=745472 txs=118101003 mgas=11291742 bps=37.67 tps=6053 mgps=569.9 avgBps=34.16 avgTps=5412 avgMGps=517.5 elapsed=6h3m40s
Aug 30 04:51:29 nimbus-eth1-mainnet-short-benchmark[993198]: INF 2026-08-30 04:51:29.037+00:00 Imported blocks                            blockNumber=20753665 slot=9962581 blocks=753664 txs=119337525 mgas=11415859 bps=35.04 tps=5289 mgps=530.9 avgBps=34.17 avgTps=5411 avgMGps=517.6 elapsed=6h7m34s
Aug 30 04:55:11 nimbus-eth1-mainnet-short-benchmark[993198]: INF 2026-08-30 04:55:11.286+00:00 Imported blocks                            blockNumber=20761857 slot=9970803 blocks=761856 txs=120564314 mgas=11540225 bps=36.86 tps=5519 mgps=559.6 avgBps=34.20 avgTps=5412 avgMGps=518.0 elapsed=6h11m16s
Aug 30 04:58:40 nimbus-eth1-mainnet-short-benchmark[993198]: INF 2026-08-30 04:58:40.203+00:00 Imported blocks                            blockNumber=20770049 slot=9979058 blocks=770048 txs=121858083 mgas=11663918 bps=39.21 tps=6192 mgps=592.1 avgBps=34.25 avgTps=5419 avgMGps=518.7 elapsed=6h14m45s
Aug 30 05:02:01 nimbus-eth1-mainnet-short-benchmark[993198]: INF 2026-08-30 05:02:01.420+00:00 Imported blocks                            blockNumber=20778241 slot=9987307 blocks=778240 txs=123161734 mgas=11787906 bps=40.71 tps=6478 mgps=616.2 avgBps=34.30 avgTps=5428 avgMGps=519.6 elapsed=6h18m6s
Aug 30 05:05:16 nimbus-eth1-mainnet-short-benchmark[993198]: INF 2026-08-30 05:05:16.353+00:00 Imported blocks                            blockNumber=20786433 slot=9995542 blocks=786432 txs=124509456 mgas=11911612 bps=42.02 tps=6913 mgps=634.6 avgBps=34.37 avgTps=5441 avgMGps=520.6 elapsed=6h21m21s
Aug 30 05:08:39 nimbus-eth1-mainnet-short-benchmark[993198]: INF 2026-08-30 05:08:39.255+00:00 Imported blocks                            blockNumber=20794625 slot=10003781 blocks=794624 txs=125848921 mgas=12035338 bps=40.37 tps=6601 mgps=609.8 avgBps=34.42 avgTps=5451 avgMGps=521.4 elapsed=6h24m44s
Aug 30 05:12:04 nimbus-eth1-mainnet-short-benchmark[993198]: INF 2026-08-30 05:12:04.924+00:00 Imported blocks                            blockNumber=20802817 slot=10012028 blocks=802816 txs=127089868 mgas=12158989 bps=39.83 tps=6033 mgps=601.2 avgBps=34.47 avgTps=5456 avgMGps=522.1 elapsed=6h28m10s
Aug 30 05:15:38 nimbus-eth1-mainnet-short-benchmark[993198]: INF 2026-08-30 05:15:38.801+00:00 Imported blocks                            blockNumber=20811009 slot=10020249 blocks=811008 txs=128299762 mgas=12282850 bps=38.30 tps=5656 mgps=579.1 avgBps=34.50 avgTps=5458 avgMGps=522.6 elapsed=6h31m44s
Aug 30 05:18:59 nimbus-eth1-mainnet-short-benchmark[993198]: INF 2026-08-30 05:18:59.694+00:00 Imported blocks                            blockNumber=20819201 slot=10028481 blocks=819200 txs=129596319 mgas=12406594 bps=40.78 tps=6453 mgps=616.0 avgBps=34.56 avgTps=5466 avgMGps=523.4 elapsed=6h35m5s
Aug 30 05:22:19 nimbus-eth1-mainnet-short-benchmark[993198]: INF 2026-08-30 05:22:19.831+00:00 Imported blocks                            blockNumber=20827393 slot=10036710 blocks=827392 txs=130916729 mgas=12530249 bps=40.93 tps=6597 mgps=617.9 avgBps=34.61 avgTps=5476 avgMGps=524.2 elapsed=6h38m25s
Aug 30 05:25:39 nimbus-eth1-mainnet-short-benchmark[993198]: INF 2026-08-30 05:25:39.144+00:00 Imported blocks                            blockNumber=20835585 slot=10044938 blocks=835584 txs=132226625 mgas=12654070 bps=41.10 tps=6572 mgps=621.2 avgBps=34.66 avgTps=5485 avgMGps=525.0 elapsed=6h41m44s
Aug 30 05:29:10 nimbus-eth1-mainnet-short-benchmark[993198]: INF 2026-08-30 05:29:10.537+00:00 Imported blocks                            blockNumber=20843777 slot=10053164 blocks=843776 txs=133604192 mgas=12777730 bps=38.75 tps=6516 mgps=585.0 avgBps=34.70 avgTps=5494 avgMGps=525.5 elapsed=6h45m16s
Aug 30 05:33:08 nimbus-eth1-mainnet-short-benchmark[993198]: INF 2026-08-30 05:33:08.754+00:00 Imported blocks                            blockNumber=20851969 slot=10061391 blocks=851968 txs=134900706 mgas=12901664 bps=34.39 tps=5442 mgps=520.3 avgBps=34.70 avgTps=5493 avgMGps=525.4 elapsed=6h49m14s
Aug 30 05:36:54 nimbus-eth1-mainnet-short-benchmark[993198]: INF 2026-08-30 05:36:54.007+00:00 Imported blocks                            blockNumber=20860161 slot=10069622 blocks=860160 txs=136168750 mgas=13025603 bps=36.37 tps=5629 mgps=550.2 avgBps=34.71 avgTps=5495 avgMGps=525.7 elapsed=6h52m59s
Aug 30 05:40:37 nimbus-eth1-mainnet-short-benchmark[993198]: INF 2026-08-30 05:40:37.064+00:00 Imported blocks                            blockNumber=20868353 slot=10077838 blocks=868352 txs=137550724 mgas=13149742 bps=36.73 tps=6195 mgps=556.5 avgBps=34.73 avgTps=5501 avgMGps=525.9 elapsed=6h56m42s
Aug 30 05:44:17 nimbus-eth1-mainnet-short-benchmark[993198]: INF 2026-08-30 05:44:17.780+00:00 Imported blocks                            blockNumber=20876545 slot=10086066 blocks=876544 txs=138954673 mgas=13273457 bps=37.12 tps=6360 mgps=560.5 avgBps=34.75 avgTps=5508 avgMGps=526.2 elapsed=7h23s327ms
Aug 30 05:47:53 nimbus-eth1-mainnet-short-benchmark[993198]: INF 2026-08-30 05:47:53.465+00:00 Imported blocks                            blockNumber=20884737 slot=10094286 blocks=884736 txs=140256178 mgas=13397479 bps=37.98 tps=6034 mgps=575.0 avgBps=34.78 avgTps=5513 avgMGps=526.7 elapsed=7h3m59s
Aug 30 05:51:23 nimbus-eth1-mainnet-short-benchmark[993198]: INF 2026-08-30 05:51:23.262+00:00 Imported blocks                            blockNumber=20892929 slot=10102512 blocks=892928 txs=141581868 mgas=13521575 bps=39.05 tps=6318 mgps=591.5 avgBps=34.81 avgTps=5520 avgMGps=527.2 elapsed=7h7m28s
Aug 30 05:54:55 nimbus-eth1-mainnet-short-benchmark[993198]: INF 2026-08-30 05:54:55.167+00:00 Imported blocks                            blockNumber=20901121 slot=10110732 blocks=901120 txs=142875889 mgas=13645572 bps=38.66 tps=6106 mgps=585.2 avgBps=34.85 avgTps=5524 avgMGps=527.7 elapsed=7h11m712ms
Aug 30 05:58:27 nimbus-eth1-mainnet-short-benchmark[993198]: INF 2026-08-30 05:58:27.452+00:00 Imported blocks                            blockNumber=20909313 slot=10118953 blocks=909312 txs=144102308 mgas=13769390 bps=38.59 tps=5777 mgps=583.2 avgBps=34.88 avgTps=5526 avgMGps=528.1 elapsed=7h14m33s
Aug 30 06:01:53 nimbus-eth1-mainnet-short-benchmark[993198]: INF 2026-08-30 06:01:53.486+00:00 Imported blocks                            blockNumber=20917505 slot=10127176 blocks=917504 txs=145406349 mgas=13893087 bps=39.76 tps=6329 mgps=600.4 avgBps=34.91 avgTps=5533 avgMGps=528.7 elapsed=7h17m59s
Aug 30 06:05:09 nimbus-eth1-mainnet-short-benchmark[993198]: INF 2026-08-30 06:05:09.291+00:00 Imported blocks                            blockNumber=20925697 slot=10135394 blocks=925696 txs=146718394 mgas=14016820 bps=41.84 tps=6700 mgps=631.9 avgBps=34.97 avgTps=5541 avgMGps=529.4 elapsed=7h21m14s
Aug 30 06:08:39 nimbus-eth1-mainnet-short-benchmark[993198]: INF 2026-08-30 06:08:39.608+00:00 Imported blocks                            blockNumber=20933889 slot=10143614 blocks=933888 txs=148049109 mgas=14140625 bps=38.95 tps=6327 mgps=588.7 avgBps=35.00 avgTps=5547 avgMGps=529.9 elapsed=7h24m45s
Aug 30 06:12:03 nimbus-eth1-mainnet-short-benchmark[993198]: INF 2026-08-30 06:12:03.349+00:00 Imported blocks                            blockNumber=20942081 slot=10151840 blocks=942080 txs=149397364 mgas=14264352 bps=40.21 tps=6617 mgps=607.3 avgBps=35.04 avgTps=5556 avgMGps=530.5 elapsed=7h28m8s
Aug 30 06:15:31 nimbus-eth1-mainnet-short-benchmark[993198]: INF 2026-08-30 06:15:31.082+00:00 Imported blocks                            blockNumber=20950273 slot=10160098 blocks=950272 txs=150765507 mgas=14388237 bps=39.44 tps=6586 mgps=596.4 avgBps=35.07 avgTps=5563 avgMGps=531.0 elapsed=7h31m36s
Aug 30 06:19:14 nimbus-eth1-mainnet-short-benchmark[993198]: INF 2026-08-30 06:19:14.367+00:00 Imported blocks                            blockNumber=20958465 slot=10168363 blocks=958464 txs=152044771 mgas=14511987 bps=36.69 tps=5729 mgps=554.2 avgBps=35.08 avgTps=5565 avgMGps=531.2 elapsed=7h35m19s
Aug 30 06:22:47 nimbus-eth1-mainnet-short-benchmark[993198]: INF 2026-08-30 06:22:47.796+00:00 Imported blocks                            blockNumber=20966657 slot=10176609 blocks=966656 txs=153365296 mgas=14635804 bps=38.38 tps=6187 mgps=580.1 avgBps=35.11 avgTps=5570 avgMGps=531.6 elapsed=7h38m53s
Aug 30 06:26:19 nimbus-eth1-mainnet-short-benchmark[993198]: INF 2026-08-30 06:26:19.085+00:00 Imported blocks                            blockNumber=20974849 slot=10184849 blocks=974848 txs=154744917 mgas=14759580 bps=38.77 tps=6529 mgps=585.8 avgBps=35.14 avgTps=5577 avgMGps=532.0 elapsed=7h42m24s
Aug 30 06:29:57 nimbus-eth1-mainnet-short-benchmark[993198]: INF 2026-08-30 06:29:57.810+00:00 Imported blocks                            blockNumber=20983041 slot=10193086 blocks=983040 txs=156055229 mgas=14883451 bps=37.45 tps=5990 mgps=566.3 avgBps=35.15 avgTps=5580 avgMGps=532.2 elapsed=7h46m3s
Aug 30 06:33:09 nimbus-eth1-mainnet-short-benchmark[993198]: INF 2026-08-30 06:33:09.843+00:00 Imported blocks                            blockNumber=20991233 slot=10201319 blocks=991232 txs=157563202 mgas=15007557 bps=42.66 tps=7852 mgps=646.3 avgBps=35.21 avgTps=5596 avgMGps=533.0 elapsed=7h49m15s
Aug 30 06:36:50 nimbus-eth1-mainnet-short-benchmark[993198]: INF 2026-08-30 06:36:50.924+00:00 Imported blocks                            blockNumber=20999425 slot=10209549 blocks=999424 txs=159003277 mgas=15131383 bps=37.05 tps=6513 mgps=560.1 avgBps=35.22 avgTps=5603 avgMGps=533.2 elapsed=7h52m56s
Aug 30 06:37:07 nimbus-eth1-mainnet-short-benchmark[993198]: INF 2026-08-30 06:37:07.088+00:00 Imported blocks                            blockNumber=21000001 slot=10210128 blocks=1000000 txs=159109486 mgas=15140191 bps=35.64 tps=6571 mgps=545.0 avgBps=35.22 avgTps=5603 avgMGps=533.2 elapsed=7h53m12s
Aug 30 06:37:07 nimbus-eth1-mainnet-short-benchmark[993198]: NTC 2026-08-30 06:37:07.088+00:00 Import complete                            blockNumber=21000001 slot=10210128 blocks=1000000 txs=159109486 mgas=15140191
Aug 30 06:37:08 nimbus-eth1-mainnet-short-benchmark[961114]: <<< ending startNimbusWithImport (success)
Aug 30 06:37:08 nimbus-eth1-mainnet-short-benchmark[961114]: >>> starting moveBenchmarkingFileToRepo
Aug 30 06:37:08 nimbus-eth1-mainnet-short-benchmark[961114]: >>> copying debug-csv generated by nimbus to benchmarks repo
Aug 30 06:37:08 nimbus-eth1-mainnet-short-benchmark[961114]: <<< ending moveBenchmarkingFileToRepo (success)
Aug 30 06:37:08 nimbus-eth1-mainnet-short-benchmark[961114]: >>> starting generateBuildEnvironmentLogFile
Aug 30 06:37:16 nimbus-eth1-mainnet-short-benchmark[961114]: <<< ending generateBuildEnvironmentLogFile (success)
Aug 30 06:37:16 nimbus-eth1-mainnet-short-benchmark[961114]: >>> starting generateSystemdServiceLogs
