=== System Information Report ===
>>> Generated on: Sun Sep 20 07:18:37 AM UTC 2026
==========================
>>> CPU Architecture: x86_64
>>> CPU Byte Order: Little Endian
>>> CPU Cores: 16
>>> CPU Model: AMD Ryzen 7 PRO 8700GE w/ Radeon 780M Graphics
>>> CPU Cache Information:
L1d Cache: 256 KiB (8 instances)
L1i Cache: 256 KiB (8 instances)
L2 Cache: 8 MiB (8 instances)
L3 Cache: 16 MiB (1 instance)
>>> RAM Size: 61Gi
>>> Hard Disk Information:
/dev/md2 : 437G total, 199G free
/dev/md1 : 989M total, 690M free
/dev/nvme0n1p1 : 256M total, 256M free
/dev/nvme1n1 : 1.9T total, 487G free
==========================
=== Nimbus-ETH1 Benchmarking Report ===
>>> Total time spent in benchmarking (nanoseconds): 27347689102396
>>> Total time spent in benchmarking (human readable format): 7 hours 35 minutes 47 seconds
>>> Start block number is 20000001
>>> End block number is 21000001
==========================
=== Comparison of last two benchmarks ===
sort: write failed: 'standard output': Broken pipe
sort: write error
sort: write failed: 'standard output': Broken pipe
sort: write error
python /data/status-im/nimbus-eth1/scripts/block-import-stats.py /data/status-im/nimbus-eth1-benchmarks/short-benchmark/20260919T151103_7cd9269f/blocks-import-benchmark.csv /data/status-im/nimbus-eth1-benchmarks/short-benchmark/20260919T233338_3829d3f1/blocks-import-benchmark.csv
blocks-import-benchmark.csv vs blocks-import-benchmark.csv
                      bps_x  bps_y     tps_x     tps_y  time_x  time_y    bpsd    tpsd  timed
block_number                                                                                 
(20000001, 20111112]  30.48  30.16  4,977.14  4,926.13  59m11s  59m55s  -1.11%  -1.11%  1.13%
(20111112, 20222223]  34.36  34.00  5,618.94  5,559.83  55m48s  56m23s  -1.05%  -1.05%  1.07%
(20222223, 20333334]  36.32  35.86  5,886.75  5,812.54   49m5s  49m42s  -1.25%  -1.25%  1.27%
(20333334, 20444445]  38.29  37.85  6,033.57  5,962.72   50m8s  50m43s  -1.15%  -1.15%  1.16%
(20444445, 20555556]  37.85  37.30  5,832.43  5,747.90   47m0s  47m42s  -1.47%  -1.47%  1.50%
(20555556, 20666667]  37.96  37.37  5,733.65  5,644.06  50m23s  51m11s  -1.55%  -1.55%  1.58%
(20666667, 20777778]  39.90  39.27  6,278.41  6,179.01  44m34s  45m17s  -1.58%  -1.58%  1.60%
(20777778, 20888889]  41.27  40.51  6,620.85  6,498.57  46m28s  47m21s  -1.84%  -1.84%  1.88%
(20888889, 21000001]  41.17  40.30  6,786.42  6,642.79  46m27s  47m30s  -2.10%  -2.10%  2.15%

blocks: 991808, baseline: 7h29m8s, contender: 7h35m47s
Time (total): 6m38s, 1.48%

bpsd = blocks per sec diff (+), tpsd = txs per sec diff, timed = time to process diff (-)
+ = more is better, - = less is better
==========================
