Sep 19 23:33:34 nimbus-eth1-mainnet-short-benchmark[4086228]: >>> starting cloneOrFetchBenchmarksRepo
Sep 19 23:33:34 nimbus-eth1-mainnet-short-benchmark[4086228]: >>> Fetching latest changes for nimbus-eth1-benchmarks...
Sep 19 23:33:36 nimbus-eth1-mainnet-short-benchmark[4086279]: HEAD is now at e76484c chore: update short benchmark Readme
Sep 19 23:33:36 nimbus-eth1-mainnet-short-benchmark[4086228]: <<< ending cloneOrFetchBenchmarksRepo (success)
Sep 19 23:33:36 nimbus-eth1-mainnet-short-benchmark[4086228]: >>> starting cloneOrFetchNimbusRepo
Sep 19 23:33:37 nimbus-eth1-mainnet-short-benchmark[4086228]: >>> Fetching latest changes for nimbus-eth1...
Sep 19 23:33:38 nimbus-eth1-mainnet-short-benchmark[4086620]: From https://github.com/status-im/nimbus-eth1
Sep 19 23:33:38 nimbus-eth1-mainnet-short-benchmark[4086620]:    7cd9269ff..3829d3f1c  master     -> origin/master
Sep 19 23:33:38 nimbus-eth1-mainnet-short-benchmark[4086629]: HEAD is now at 3829d3f1c stateless: BLS12-381 precompiles with the zkVM accelerator (#4826)
Sep 19 23:33:38 nimbus-eth1-mainnet-short-benchmark[4086228]: >>> Found last benchmarked commit: 7cd9269f
Sep 19 23:33:38 nimbus-eth1-mainnet-short-benchmark[4086228]: >>> Using next commit: 3829d3f1caab5536edacf40d87555e01864c4b42
Sep 19 23:33:38 nimbus-eth1-mainnet-short-benchmark[4086645]: HEAD is now at 3829d3f1c stateless: BLS12-381 precompiles with the zkVM accelerator (#4826)
Sep 19 23:33:38 nimbus-eth1-mainnet-short-benchmark[4086228]: >>> Current commit: 3829d3f1c
Sep 19 23:33:38 nimbus-eth1-mainnet-short-benchmark[4086228]: <<< ending cloneOrFetchNimbusRepo (success)
Sep 19 23:33:38 nimbus-eth1-mainnet-short-benchmark[4086228]: >>> starting buildBinaries
Sep 19 23:33:38 nimbus-eth1-mainnet-short-benchmark[4086228]: >>> Building binaries for commit 3829d3f1...
Sep 19 23:33:44 nimbus-eth1-mainnet-short-benchmark[4092163]: Building: Nim compiler
Sep 19 23:36:49 nimbus-eth1-mainnet-short-benchmark[4092163]: Building custom Nimble commit: 42ef70c2102a942c46f13eb76872326edd525cec
Sep 19 23:36:58 nimbus-eth1-mainnet-short-benchmark[4092163]: Building Nimble...
Sep 19 23:37:08 nimbus-eth1-mainnet-short-benchmark[4092163]: Replacing nimble binary...
Sep 19 23:37:16 nimbus-eth1-mainnet-short-benchmark[4108853]: Building: build/generate_makefile
Sep 19 23:37:16 nimbus-eth1-mainnet-short-benchmark[4108717]: ROCKSDB CACHED VERSION: 11.8.1
Sep 19 23:37:16 nimbus-eth1-mainnet-short-benchmark[4109118]: RocksDb static libraries already built. Skipping build.
Sep 19 23:37:16 nimbus-eth1-mainnet-short-benchmark[4108853]: Build completed successfully: build/generate_makefile
Sep 19 23:37:16 nimbus-eth1-mainnet-short-benchmark[4109172]: Building: build/nimbus_execution_client
Sep 19 23:39:37 nimbus-eth1-mainnet-short-benchmark[4109172]: Build completed successfully: build/nimbus_execution_client
Sep 19 23:39:37 nimbus-eth1-mainnet-short-benchmark[4086228]: >>> renaming binaries to match commit they were built from
Sep 19 23:39:37 nimbus-eth1-mainnet-short-benchmark[4086228]: >>> creating a symbolic link to the latest version
Sep 19 23:39:37 nimbus-eth1-mainnet-short-benchmark[4086228]: >>> deleting copies that are older than N days
Sep 19 23:39:37 nimbus-eth1-mainnet-short-benchmark[4086228]: <<< ending buildBinaries (success)
Sep 19 23:39:37 nimbus-eth1-mainnet-short-benchmark[4086228]: >>> starting skipOrContinueBenchmark
Sep 19 23:39:37 nimbus-eth1-mainnet-short-benchmark[4086228]: <<< ending skipOrContinueBenchmark (success)
Sep 19 23:39:37 nimbus-eth1-mainnet-short-benchmark[4086228]: >>> starting copyTemplateDatabase
Sep 19 23:39:37 nimbus-eth1-mainnet-short-benchmark[4086228]: >>> Copying template db into nimbus data directory
Sep 19 23:42:46 nimbus-eth1-mainnet-short-benchmark[4086228]: >>> Template db copied
Sep 19 23:42:46 nimbus-eth1-mainnet-short-benchmark[4086228]: >>> making nimbus the owner of the copied files
Sep 19 23:42:46 nimbus-eth1-mainnet-short-benchmark[4086228]: <<< ending copyTemplateDatabase (success)
Sep 19 23:42:46 nimbus-eth1-mainnet-short-benchmark[4086228]: >>> starting startNimbusWithImport
Sep 19 23:42:46 nimbus-eth1-mainnet-short-benchmark[4114840]: INF 2026-09-19 23:42:46.555+00:00 Launching execution client                 version=v0.4.1-3829d3f1 config="(configFile: none(InputFile), dataDirFlag: some(/data/status-im/nimbus-eth1/data/shared_mainnet_0), era1DirFlag: some(/data/era1), eraDirFlag: some(/data/era), ereDirFlag: none(OutDir), keyStoreDirFlag: none(OutDir), importKey: , trustedSetupFile: none(string), extraData: Nimbus/v0.4.1-3829d3f1, gasLimit: none(uint64), maxBlobs: none(byte), network: [mainnet], logLevel: INFO, logFormat: auto, metricsEnabled: false, metricsPort: 9093, metricsAddress: 127.0.0.1, bootstrapNodes: [], elBootstrapNodes: [], bootstrapFile: , elBootstrapFile: , staticPeers: [], staticPeersFile: , reconnectMaxRetry: 0, reconnectInterval: 15, listenAddress: ::, tcpPort: 30303, udpPortFlag: none(Port), maxPeersOpt: none(int), elMaxPeersOpt: none(int), nat: (hasExtIp: false, nat: NatAny), discv5: true, netKey: random, agentString: Nimbus/v0.4.1-3829d3f1/linux-amd64/Nim-2.2.12, numThreads: 0, persistBatchSize: 4, dynamicBatchSize: false, rocksdbMaxOpenFiles: 2048, rocksdbWriteBufferSize: 67108864, rocksdbRowCacheSize: 0, rocksdbBlockCacheSize: 2147483648, rocksdbBlockCacheType: hyperclock, rdbVtxCacheSize: 536870912, rdbKeyCacheSize: 1342177280, rdbBranchCacheSize: 1073741824, rdbPrintStats: false, rewriteDatadirId: true, aristoDbMaxSnapshots: 5, debugParallel: none(bool), parallelStateRootComputationFlag: false, parallelSenderRecoveryFlag: true, optimisticStatePrefetchFlag: false, balStatePrefetchFlag: false, balStatePrefetchWorkers: 0, balParallelExecutionFlag: false, balPruning: true, eagerStateRootCheck: false, deserializeFcState: true, statelessProvider: false, statelessWitnessValidation: false, cmd: import, maxBlocks: 1000000, chunkSize: 8192, csvStats: some("/data/host-benchmarks/short/33dc72031cea4ca2aa04a597d290a22c/blocks-import-benchmark.csv"), validation: false, fullValidation: false, storeBodies: false, storeReceipts: false, storeSlotHashes: false)"
Sep 19 23:42:46 nimbus-eth1-mainnet-short-benchmark[4114840]: WRN 2026-09-19 23:42:46.559+00:00 Data directory has insecure permissions. Correcting them. data_dir=/data/status-im/nimbus-eth1/data/shared_mainnet_0 current_permissions=0755 required_permissions=0700
Sep 19 23:42:48 nimbus-eth1-mainnet-short-benchmark[4114840]: INF 2026-09-19 23:42:48.387+00:00 Taskpool started                           numThreads=16
Sep 19 23:42:48 nimbus-eth1-mainnet-short-benchmark[4114840]: CreateIOUring failed: Invalid argument (errno=22), thread=139859882032384
Sep 19 23:42:48 nimbus-eth1-mainnet-short-benchmark[4114840]: INF 2026-09-19 23:42:48.515+00:00 Database initialized                       base="(0xd24fd73f794058a3807db926d8898c6481e902b7edb91ce0d479d6760f276183, 20000000)" finalized="(0xd24fd73f794058a3807db926d8898c6481e902b7edb91ce0d479d6760f276183, 20000000)" head="(0xd4e56740f876aef8c010b86a40d5f56745a118d0906a34e69aec8c0db1cb8fa3, 0)"
Sep 19 23:42:48 nimbus-eth1-mainnet-short-benchmark[4114840]: NTC 2026-09-19 23:42:48.519+00:00 Could not open ere database, falling back to era1/era import ereDir=/data/status-im/nimbus-eth1/data/shared_mainnet_0/ere networkName=mainnet error="No ere files found in /data/status-im/nimbus-eth1/data/shared_mainnet_0/ere"
Sep 19 23:42:48 nimbus-eth1-mainnet-short-benchmark[4114840]: NTC 2026-09-19 23:42:48.519+00:00 Importing era archive                      blockNumber=20000001 dataDir=/data/status-im/nimbus-eth1/data/shared_mainnet_0 eraDir=/data/era
Sep 19 23:42:50 nimbus-eth1-mainnet-short-benchmark[4114840]: NTC 2026-09-19 23:42:50.891+00:00 Matched block to slot number               blockNumber=20000001 slot=9204783
Sep 19 23:49:04 nimbus-eth1-mainnet-short-benchmark[4114840]: INF 2026-09-19 23:49:04.181+00:00 Imported blocks                            blockNumber=20008193 slot=9213020 blocks=8192 txs=1226966 mgas=124237 bps=21.81 tps=3266 mgps=330.7 avgBps=21.81 avgTps=3266 avgMGps=330.7 elapsed=6m15s666ms
Sep 19 23:54:30 nimbus-eth1-mainnet-short-benchmark[4114840]: INF 2026-09-19 23:54:30.449+00:00 Imported blocks                            blockNumber=20016385 slot=9221256 blocks=16384 txs=2540380 mgas=248071 bps=25.11 tps=4025 mgps=379.5 avgBps=23.34 avgTps=3619 avgMGps=353.4 elapsed=11m41s935ms
Sep 19 23:59:41 nimbus-eth1-mainnet-short-benchmark[4114840]: INF 2026-09-19 23:59:41.184+00:00 Imported blocks                            blockNumber=20024577 slot=9229485 blocks=24576 txs=3869398 mgas=372018 bps=26.36 tps=4277 mgps=398.9 avgBps=24.27 avgTps=3820 avgMGps=367.4 elapsed=16m52s669ms
Sep 20 00:04:18 nimbus-eth1-mainnet-short-benchmark[4114840]: INF 2026-09-20 00:04:18.037+00:00 Imported blocks                            blockNumber=20032769 slot=9237722 blocks=32768 txs=5222766 mgas=495797 bps=29.59 tps=4888 mgps=447.1 avgBps=25.41 avgTps=4050 avgMGps=384.5 elapsed=21m29s520ms
Sep 20 00:08:43 nimbus-eth1-mainnet-short-benchmark[4114840]: INF 2026-09-20 00:08:43.289+00:00 Imported blocks                            blockNumber=20040961 slot=9245957 blocks=40960 txs=6566802 mgas=619586 bps=30.88 tps=5066 mgps=466.7 avgBps=26.34 avgTps=4223 avgMGps=398.5 elapsed=25m54s773ms
Sep 20 00:13:32 nimbus-eth1-mainnet-short-benchmark[4114840]: INF 2026-09-20 00:13:32.229+00:00 Imported blocks                            blockNumber=20049153 slot=9254196 blocks=49152 txs=7904746 mgas=743522 bps=28.35 tps=4630 mgps=428.9 avgBps=26.66 avgTps=4287 avgMGps=403.3 elapsed=30m43s715ms
Sep 20 00:18:10 nimbus-eth1-mainnet-short-benchmark[4114840]: INF 2026-09-20 00:18:10.577+00:00 Imported blocks                            blockNumber=20057345 slot=9262435 blocks=57344 txs=9212009 mgas=867360 bps=29.43 tps=4696 mgps=444.9 avgBps=27.02 avgTps=4341 avgMGps=408.7 elapsed=35m22s60ms
Sep 20 00:22:28 nimbus-eth1-mainnet-short-benchmark[4114840]: INF 2026-09-20 00:22:28.005+00:00 Imported blocks                            blockNumber=20065537 slot=9270674 blocks=65536 txs=10559018 mgas=991371 bps=31.82 tps=5232 mgps=481.7 avgBps=27.54 avgTps=4437 avgMGps=416.6 elapsed=39m39s490ms
Sep 20 00:26:30 nimbus-eth1-mainnet-short-benchmark[4114840]: INF 2026-09-20 00:26:30.470+00:00 Imported blocks                            blockNumber=20073729 slot=9278910 blocks=73728 txs=11898676 mgas=1115111 bps=33.79 tps=5525 mgps=510.3 avgBps=28.12 avgTps=4538 avgMGps=425.3 elapsed=43m41s952ms
Sep 20 00:30:23 nimbus-eth1-mainnet-short-benchmark[4114840]: INF 2026-09-20 00:30:23.242+00:00 Imported blocks                            blockNumber=20081921 slot=9287152 blocks=81920 txs=13323263 mgas=1239150 bps=35.19 tps=6120 mgps=532.9 avgBps=28.70 avgTps=4667 avgMGps=434.1 elapsed=47m34s726ms
Sep 20 00:34:15 nimbus-eth1-mainnet-short-benchmark[4114840]: INF 2026-09-20 00:34:15.767+00:00 Imported blocks                            blockNumber=20090113 slot=9295408 blocks=90112 txs=14697082 mgas=1363113 bps=35.23 tps=5908 mgps=533.1 avgBps=29.19 avgTps=4760 avgMGps=441.5 elapsed=51m27s252ms
Sep 20 00:38:25 nimbus-eth1-mainnet-short-benchmark[4114840]: INF 2026-09-20 00:38:25.639+00:00 Imported blocks                            blockNumber=20098305 slot=9303658 blocks=98304 txs=16025683 mgas=1487146 bps=32.78 tps=5317 mgps=496.4 avgBps=29.46 avgTps=4802 avgMGps=445.6 elapsed=55m37s123ms
Sep 20 00:42:43 nimbus-eth1-mainnet-short-benchmark[4114840]: INF 2026-09-20 00:42:43.532+00:00 Imported blocks                            blockNumber=20106497 slot=9311895 blocks=106496 txs=17337157 mgas=1611066 bps=31.77 tps=5085 mgps=480.5 avgBps=29.62 avgTps=4822 avgMGps=448.1 elapsed=59m55s16ms
Sep 20 00:46:47 nimbus-eth1-mainnet-short-benchmark[4114840]: INF 2026-09-20 00:46:47.740+00:00 Imported blocks                            blockNumber=20114689 slot=9320146 blocks=114688 txs=18632097 mgas=1735123 bps=33.54 tps=5302 mgps=508.0 avgBps=29.87 avgTps=4853 avgMGps=451.9 elapsed=1h3m59s
Sep 20 00:50:37 nimbus-eth1-mainnet-short-benchmark[4114840]: INF 2026-09-20 00:50:37.393+00:00 Imported blocks                            blockNumber=20122881 slot=9328409 blocks=122880 txs=19937418 mgas=1859249 bps=35.67 tps=5683 mgps=540.5 avgBps=30.20 avgTps=4899 avgMGps=456.9 elapsed=1h7m48s
Sep 20 00:54:25 nimbus-eth1-mainnet-short-benchmark[4114840]: INF 2026-09-20 00:54:25.706+00:00 Imported blocks                            blockNumber=20131073 slot=9336660 blocks=131072 txs=21214129 mgas=1983500 bps=35.88 tps=5591 mgps=544.2 avgBps=30.50 avgTps=4936 avgMGps=461.6 elapsed=1h11m37s
Sep 20 00:58:12 nimbus-eth1-mainnet-short-benchmark[4114840]: INF 2026-09-20 00:58:12.811+00:00 Imported blocks                            blockNumber=20139265 slot=9344906 blocks=139264 txs=22579079 mgas=2107571 bps=36.07 tps=6010 mgps=546.3 avgBps=30.78 avgTps=4990 avgMGps=465.8 elapsed=1h15m24s
Sep 20 01:02:43 nimbus-eth1-mainnet-short-benchmark[4114840]: INF 2026-09-20 01:02:43.943+00:00 Imported blocks                            blockNumber=20147457 slot=9353153 blocks=147456 txs=24133322 mgas=2231686 bps=30.21 tps=5732 mgps=457.8 avgBps=30.75 avgTps=5032 avgMGps=465.4 elapsed=1h19m55s
Sep 20 01:07:05 nimbus-eth1-mainnet-short-benchmark[4114840]: INF 2026-09-20 01:07:05.643+00:00 Imported blocks                            blockNumber=20155649 slot=9361407 blocks=155648 txs=25424015 mgas=2356018 bps=31.30 tps=4931 mgps=475.1 avgBps=30.78 avgTps=5027 avgMGps=465.9 elapsed=1h24m17s
Sep 20 01:11:06 nimbus-eth1-mainnet-short-benchmark[4114840]: INF 2026-09-20 01:11:06.936+00:00 Imported blocks                            blockNumber=20163841 slot=9369652 blocks=163840 txs=26749549 mgas=2480207 bps=33.95 tps=5493 mgps=514.7 avgBps=30.92 avgTps=5048 avgMGps=468.1 elapsed=1h28m18s
Sep 20 01:15:02 nimbus-eth1-mainnet-short-benchmark[4114840]: INF 2026-09-20 01:15:02.880+00:00 Imported blocks                            blockNumber=20172033 slot=9377892 blocks=172032 txs=28105316 mgas=2604026 bps=34.72 tps=5746 mgps=524.8 avgBps=31.08 avgTps=5078 avgMGps=470.5 elapsed=1h32m14s
Sep 20 01:19:03 nimbus-eth1-mainnet-short-benchmark[4114840]: INF 2026-09-20 01:19:03.281+00:00 Imported blocks                            blockNumber=20180225 slot=9386128 blocks=180224 txs=29524405 mgas=2728170 bps=34.08 tps=5903 mgps=516.4 avgBps=31.21 avgTps=5112 avgMGps=472.4 elapsed=1h36m14s
Sep 20 01:22:46 nimbus-eth1-mainnet-short-benchmark[4114840]: INF 2026-09-20 01:22:46.370+00:00 Imported blocks                            blockNumber=20188417 slot=9394365 blocks=188416 txs=30849021 mgas=2852023 bps=36.72 tps=5937 mgps=555.2 avgBps=31.41 avgTps=5143 avgMGps=475.5 elapsed=1h39m57s
Sep 20 01:26:53 nimbus-eth1-mainnet-short-benchmark[4114840]: INF 2026-09-20 01:26:53.354+00:00 Imported blocks                            blockNumber=20196609 slot=9402602 blocks=196608 txs=32174755 mgas=2976155 bps=33.17 tps=5367 mgps=502.6 avgBps=31.48 avgTps=5152 avgMGps=476.6 elapsed=1h44m4s
Sep 20 01:31:12 nimbus-eth1-mainnet-short-benchmark[4114840]: INF 2026-09-20 01:31:12.715+00:00 Imported blocks                            blockNumber=20204801 slot=9410840 blocks=204800 txs=33475942 mgas=3100410 bps=31.59 tps=5016 mgps=479.1 avgBps=31.49 avgTps=5146 avgMGps=476.7 elapsed=1h48m24s
Sep 20 01:35:12 nimbus-eth1-mainnet-short-benchmark[4114840]: INF 2026-09-20 01:35:12.311+00:00 Imported blocks                            blockNumber=20212993 slot=9419071 blocks=212992 txs=34798508 mgas=3224370 bps=34.19 tps=5520 mgps=517.4 avgBps=31.58 avgTps=5160 avgMGps=478.1 elapsed=1h52m23s
Sep 20 01:39:07 nimbus-eth1-mainnet-short-benchmark[4114840]: INF 2026-09-20 01:39:07.240+00:00 Imported blocks                            blockNumber=20221185 slot=9427313 blocks=221184 txs=36114045 mgas=3348169 bps=34.87 tps=5599 mgps=527.0 avgBps=31.69 avgTps=5174 avgMGps=479.8 elapsed=1h56m18s
Sep 20 01:42:41 nimbus-eth1-mainnet-short-benchmark[4114840]: INF 2026-09-20 01:42:41.977+00:00 Imported blocks                            blockNumber=20229377 slot=9435549 blocks=229376 txs=37421794 mgas=3472031 bps=38.15 tps=6089 mgps=576.8 avgBps=31.89 avgTps=5202 avgMGps=482.7 elapsed=1h59m53s
Sep 20 01:46:28 nimbus-eth1-mainnet-short-benchmark[4114840]: INF 2026-09-20 01:46:28.174+00:00 Imported blocks                            blockNumber=20237569 slot=9443788 blocks=237568 txs=38842064 mgas=3596351 bps=36.22 tps=6278 mgps=549.6 avgBps=32.02 avgTps=5235 avgMGps=484.7 elapsed=2h3m39s
Sep 20 01:50:31 nimbus-eth1-mainnet-short-benchmark[4114840]: INF 2026-09-20 01:50:31.747+00:00 Imported blocks                            blockNumber=20245761 slot=9452021 blocks=245760 txs=40225739 mgas=3720100 bps=33.63 tps=5680 mgps=508.1 avgBps=32.07 avgTps=5249 avgMGps=485.4 elapsed=2h7m43s
Sep 20 01:54:52 nimbus-eth1-mainnet-short-benchmark[4114840]: INF 2026-09-20 01:54:52.255+00:00 Imported blocks                            blockNumber=20253953 slot=9460253 blocks=253952 txs=41454921 mgas=3844385 bps=31.45 tps=4718 mgps=477.1 avgBps=32.05 avgTps=5231 avgMGps=485.2 elapsed=2h12m3s
Sep 20 01:58:57 nimbus-eth1-mainnet-short-benchmark[4114840]: INF 2026-09-20 01:58:57.899+00:00 Imported blocks                            blockNumber=20262145 slot=9468495 blocks=262144 txs=42726051 mgas=3968623 bps=33.35 tps=5174 mgps=505.8 avgBps=32.09 avgTps=5230 avgMGps=485.8 elapsed=2h16m9s
Sep 20 02:02:47 nimbus-eth1-mainnet-short-benchmark[4114840]: INF 2026-09-20 02:02:47.384+00:00 Imported blocks                            blockNumber=20270337 slot=9476748 blocks=270336 txs=44050436 mgas=4092682 bps=35.70 tps=5771 mgps=540.6 avgBps=32.19 avgTps=5244 avgMGps=487.3 elapsed=2h19m58s
Sep 20 02:06:22 nimbus-eth1-mainnet-short-benchmark[4114840]: INF 2026-09-20 02:06:22.297+00:00 Imported blocks                            blockNumber=20278529 slot=9484981 blocks=278528 txs=45382368 mgas=4216487 bps=38.12 tps=6197 mgps=576.1 avgBps=32.34 avgTps=5268 avgMGps=489.5 elapsed=2h23m33s
Sep 20 02:10:02 nimbus-eth1-mainnet-short-benchmark[4114840]: INF 2026-09-20 02:10:02.938+00:00 Imported blocks                            blockNumber=20286721 slot=9493213 blocks=286720 txs=46733429 mgas=4340363 bps=37.13 tps=6123 mgps=561.4 avgBps=32.45 avgTps=5289 avgMGps=491.3 elapsed=2h27m14s
Sep 20 02:14:03 nimbus-eth1-mainnet-short-benchmark[4114840]: INF 2026-09-20 02:14:03.087+00:00 Imported blocks                            blockNumber=20294913 slot=9501453 blocks=294912 txs=48075887 mgas=4464376 bps=34.11 tps=5590 mgps=516.4 avgBps=32.50 avgTps=5297 avgMGps=492.0 elapsed=2h31m14s
Sep 20 02:17:58 nimbus-eth1-mainnet-short-benchmark[4114840]: INF 2026-09-20 02:17:58.607+00:00 Imported blocks                            blockNumber=20303105 slot=9509696 blocks=303104 txs=49379538 mgas=4588534 bps=34.78 tps=5535 mgps=527.2 avgBps=32.56 avgTps=5303 avgMGps=492.9 elapsed=2h35m10s
Sep 20 02:21:48 nimbus-eth1-mainnet-short-benchmark[4114840]: INF 2026-09-20 02:21:48.544+00:00 Imported blocks                            blockNumber=20311297 slot=9517922 blocks=311296 txs=50637672 mgas=4712596 bps=35.63 tps=5471 mgps=539.5 avgBps=32.63 avgTps=5307 avgMGps=494.0 elapsed=2h39m26ms
Sep 20 02:25:28 nimbus-eth1-mainnet-short-benchmark[4114840]: INF 2026-09-20 02:25:28.109+00:00 Imported blocks                            blockNumber=20319489 slot=9526159 blocks=319488 txs=51981692 mgas=4836521 bps=37.31 tps=6121 mgps=564.4 avgBps=32.74 avgTps=5326 avgMGps=495.6 elapsed=2h42m39s
Sep 20 02:28:49 nimbus-eth1-mainnet-short-benchmark[4114840]: INF 2026-09-20 02:28:49.930+00:00 Imported blocks                            blockNumber=20327681 slot=9534381 blocks=327680 txs=53356123 mgas=4960245 bps=40.59 tps=6810 mgps=613.0 avgBps=32.89 avgTps=5356 avgMGps=497.9 elapsed=2h46m1s
Sep 20 02:32:11 nimbus-eth1-mainnet-short-benchmark[4114840]: INF 2026-09-20 02:32:11.691+00:00 Imported blocks                            blockNumber=20335873 slot=9542617 blocks=335872 txs=54719105 mgas=5084025 bps=40.60 tps=6755 mgps=613.5 avgBps=33.05 avgTps=5384 avgMGps=500.2 elapsed=2h49m23s
Sep 20 02:35:51 nimbus-eth1-mainnet-short-benchmark[4114840]: INF 2026-09-20 02:35:50.992+00:00 Imported blocks                            blockNumber=20344065 slot=9550841 blocks=344064 txs=56021853 mgas=5207843 bps=37.35 tps=5940 mgps=564.6 avgBps=33.14 avgTps=5395 avgMGps=501.6 elapsed=2h53m2s
Sep 20 02:39:59 nimbus-eth1-mainnet-short-benchmark[4114840]: INF 2026-09-20 02:39:59.721+00:00 Imported blocks                            blockNumber=20352257 slot=9559072 blocks=352256 txs=57290408 mgas=5332016 bps=32.94 tps=5100 mgps=499.2 avgBps=33.13 avgTps=5388 avgMGps=501.5 elapsed=2h57m11s
Sep 20 02:43:45 nimbus-eth1-mainnet-short-benchmark[4114840]: INF 2026-09-20 02:43:45.886+00:00 Imported blocks                            blockNumber=20360449 slot=9567308 blocks=360448 txs=58543463 mgas=5456201 bps=36.22 tps=5540 mgps=549.1 avgBps=33.20 avgTps=5392 avgMGps=502.5 elapsed=3h57s369ms
Sep 20 02:47:25 nimbus-eth1-mainnet-short-benchmark[4114840]: INF 2026-09-20 02:47:25.619+00:00 Imported blocks                            blockNumber=20368641 slot=9575548 blocks=368640 txs=59874056 mgas=5580204 bps=37.28 tps=6055 mgps=564.3 avgBps=33.28 avgTps=5405 avgMGps=503.8 elapsed=3h4m37s
Sep 20 02:51:13 nimbus-eth1-mainnet-short-benchmark[4114840]: INF 2026-09-20 02:51:13.351+00:00 Imported blocks                            blockNumber=20376833 slot=9583774 blocks=376832 txs=61167066 mgas=5704396 bps=35.97 tps=5677 mgps=545.3 avgBps=33.33 avgTps=5410 avgMGps=504.6 elapsed=3h8m24s
Sep 20 02:54:55 nimbus-eth1-mainnet-short-benchmark[4114840]: INF 2026-09-20 02:54:55.952+00:00 Imported blocks                            blockNumber=20385025 slot=9592009 blocks=385024 txs=62480333 mgas=5828235 bps=36.80 tps=5899 mgps=556.3 avgBps=33.40 avgTps=5420 avgMGps=505.6 elapsed=3h12m7s
Sep 20 02:58:38 nimbus-eth1-mainnet-short-benchmark[4114840]: INF 2026-09-20 02:58:38.681+00:00 Imported blocks                            blockNumber=20393217 slot=9600248 blocks=393216 txs=63800597 mgas=5952136 bps=36.78 tps=5927 mgps=556.3 avgBps=33.46 avgTps=5429 avgMGps=506.6 elapsed=3h15m50s
Sep 20 03:02:11 nimbus-eth1-mainnet-short-benchmark[4114840]: INF 2026-09-20 03:02:11.590+00:00 Imported blocks                            blockNumber=20401409 slot=9608486 blocks=401408 txs=65021243 mgas=6076384 bps=38.48 tps=5733 mgps=583.6 avgBps=33.55 avgTps=5435 avgMGps=507.9 elapsed=3h19m23s
Sep 20 03:05:58 nimbus-eth1-mainnet-short-benchmark[4114840]: INF 2026-09-20 03:05:58.851+00:00 Imported blocks                            blockNumber=20409601 slot=9616707 blocks=409600 txs=66199016 mgas=6200666 bps=36.05 tps=5182 mgps=546.9 avgBps=33.60 avgTps=5430 avgMGps=508.7 elapsed=3h23m10s
Sep 20 03:09:39 nimbus-eth1-mainnet-short-benchmark[4114840]: INF 2026-09-20 03:09:39.900+00:00 Imported blocks                            blockNumber=20417793 slot=9624941 blocks=417792 txs=67453930 mgas=6324823 bps=37.06 tps=5677 mgps=561.7 avgBps=33.66 avgTps=5434 avgMGps=509.6 elapsed=3h26m51s
Sep 20 03:12:55 nimbus-eth1-mainnet-short-benchmark[4114840]: INF 2026-09-20 03:12:55.329+00:00 Imported blocks                            blockNumber=20425985 slot=9633187 blocks=425984 txs=68814904 mgas=6448778 bps=41.92 tps=6963 mgps=634.3 avgBps=33.79 avgTps=5458 avgMGps=511.5 elapsed=3h30m6s
Sep 20 03:16:09 nimbus-eth1-mainnet-short-benchmark[4114840]: INF 2026-09-20 03:16:09.270+00:00 Imported blocks                            blockNumber=20434177 slot=9641422 blocks=434176 txs=70124508 mgas=6572711 bps=42.24 tps=6752 mgps=639.0 avgBps=33.92 avgTps=5478 avgMGps=513.5 elapsed=3h33m20s
Sep 20 03:19:33 nimbus-eth1-mainnet-short-benchmark[4114840]: INF 2026-09-20 03:19:33.219+00:00 Imported blocks                            blockNumber=20442369 slot=9649657 blocks=442368 txs=71403576 mgas=6696451 bps=40.17 tps=6271 mgps=606.7 avgBps=34.02 avgTps=5490 avgMGps=514.9 elapsed=3h36m44s
Sep 20 03:23:19 nimbus-eth1-mainnet-short-benchmark[4114840]: INF 2026-09-20 03:23:19.260+00:00 Imported blocks                            blockNumber=20450561 slot=9657896 blocks=450560 txs=72659905 mgas=6820521 bps=36.24 tps=5557 mgps=548.9 avgBps=34.05 avgTps=5491 avgMGps=515.5 elapsed=3h40m30s
Sep 20 03:27:23 nimbus-eth1-mainnet-short-benchmark[4114840]: INF 2026-09-20 03:27:23.317+00:00 Imported blocks                            blockNumber=20458753 slot=9666114 blocks=458752 txs=73838533 mgas=6945116 bps=33.57 tps=4829 mgps=510.5 avgBps=34.05 avgTps=5479 avgMGps=515.4 elapsed=3h44m34s
Sep 20 03:31:05 nimbus-eth1-mainnet-short-benchmark[4114840]: INF 2026-09-20 03:31:05.030+00:00 Imported blocks                            blockNumber=20466945 slot=9674343 blocks=466944 txs=75124748 mgas=7068943 bps=36.95 tps=5801 mgps=558.5 avgBps=34.09 avgTps=5484 avgMGps=516.1 elapsed=3h48m16s
Sep 20 03:34:44 nimbus-eth1-mainnet-short-benchmark[4114840]: INF 2026-09-20 03:34:44.871+00:00 Imported blocks                            blockNumber=20475137 slot=9682575 blocks=475136 txs=76420106 mgas=7192870 bps=37.26 tps=5892 mgps=563.7 avgBps=34.14 avgTps=5491 avgMGps=516.9 elapsed=3h51m56s
Sep 20 03:38:13 nimbus-eth1-mainnet-short-benchmark[4114840]: INF 2026-09-20 03:38:13.004+00:00 Imported blocks                            blockNumber=20483329 slot=9690800 blocks=483328 txs=77675422 mgas=7316939 bps=39.36 tps=6031 mgps=596.1 avgBps=34.22 avgTps=5499 avgMGps=518.0 elapsed=3h55m24s
Sep 20 03:41:38 nimbus-eth1-mainnet-short-benchmark[4114840]: INF 2026-09-20 03:41:38.885+00:00 Imported blocks                            blockNumber=20491521 slot=9699019 blocks=491520 txs=78951232 mgas=7440784 bps=39.79 tps=6196 mgps=601.5 avgBps=34.30 avgTps=5509 avgMGps=519.2 elapsed=3h58m50s
Sep 20 03:45:20 nimbus-eth1-mainnet-short-benchmark[4114840]: INF 2026-09-20 03:45:20.834+00:00 Imported blocks                            blockNumber=20499713 slot=9707248 blocks=499712 txs=80189642 mgas=7564669 bps=36.91 tps=5579 mgps=558.2 avgBps=34.34 avgTps=5510 avgMGps=519.8 elapsed=4h2m32s
Sep 20 03:49:08 nimbus-eth1-mainnet-short-benchmark[4114840]: INF 2026-09-20 03:49:08.863+00:00 Imported blocks                            blockNumber=20507905 slot=9715488 blocks=507904 txs=81317763 mgas=7689208 bps=35.93 tps=4947 mgps=546.2 avgBps=34.36 avgTps=5501 avgMGps=520.2 elapsed=4h6m20s
Sep 20 03:52:29 nimbus-eth1-mainnet-short-benchmark[4114840]: INF 2026-09-20 03:52:29.316+00:00 Imported blocks                            blockNumber=20516097 slot=9723715 blocks=516096 txs=82520262 mgas=7813209 bps=40.87 tps=5998 mgps=618.6 avgBps=34.45 avgTps=5508 avgMGps=521.5 elapsed=4h9m40s
Sep 20 03:56:02 nimbus-eth1-mainnet-short-benchmark[4114840]: INF 2026-09-20 03:56:02.753+00:00 Imported blocks                            blockNumber=20524289 slot=9731945 blocks=524288 txs=83780075 mgas=7937233 bps=38.38 tps=5902 mgps=581.1 avgBps=34.51 avgTps=5513 avgMGps=522.4 elapsed=4h13m14s
Sep 20 03:59:40 nimbus-eth1-mainnet-short-benchmark[4114840]: INF 2026-09-20 03:59:40.550+00:00 Imported blocks                            blockNumber=20532481 slot=9740183 blocks=532480 txs=85263862 mgas=8061024 bps=37.61 tps=6812 mgps=568.4 avgBps=34.55 avgTps=5532 avgMGps=523.0 elapsed=4h16m52s
Sep 20 04:03:24 nimbus-eth1-mainnet-short-benchmark[4114840]: INF 2026-09-20 04:03:24.010+00:00 Imported blocks                            blockNumber=20540673 slot=9748418 blocks=540672 txs=86612143 mgas=8185090 bps=36.66 tps=6033 mgps=555.2 avgBps=34.58 avgTps=5539 avgMGps=523.5 elapsed=4h20m35s
Sep 20 04:07:15 nimbus-eth1-mainnet-short-benchmark[4114840]: INF 2026-09-20 04:07:15.731+00:00 Imported blocks                            blockNumber=20548865 slot=9756662 blocks=548864 txs=87802991 mgas=8309513 bps=35.35 tps=5139 mgps=536.9 avgBps=34.59 avgTps=5533 avgMGps=523.7 elapsed=4h24m27s
Sep 20 04:11:02 nimbus-eth1-mainnet-short-benchmark[4114840]: INF 2026-09-20 04:11:02.564+00:00 Imported blocks                            blockNumber=20557057 slot=9764892 blocks=557056 txs=88964987 mgas=8433956 bps=36.11 tps=5122 mgps=548.6 avgBps=34.61 avgTps=5527 avgMGps=524.0 elapsed=4h28m14s
Sep 20 04:14:39 nimbus-eth1-mainnet-short-benchmark[4114840]: INF 2026-09-20 04:14:39.389+00:00 Imported blocks                            blockNumber=20565249 slot=9773131 blocks=565248 txs=90186094 mgas=8558113 bps=37.78 tps=5631 mgps=572.6 avgBps=34.65 avgTps=5529 avgMGps=524.7 elapsed=4h31m50s
Sep 20 04:18:17 nimbus-eth1-mainnet-short-benchmark[4114840]: INF 2026-09-20 04:18:17.950+00:00 Imported blocks                            blockNumber=20573441 slot=9781369 blocks=573440 txs=91404654 mgas=8682228 bps=37.48 tps=5575 mgps=567.9 avgBps=34.69 avgTps=5529 avgMGps=525.3 elapsed=4h35m29s
Sep 20 04:21:51 nimbus-eth1-mainnet-short-benchmark[4114840]: INF 2026-09-20 04:21:51.283+00:00 Imported blocks                            blockNumber=20581633 slot=9789611 blocks=581632 txs=92628389 mgas=8806651 bps=38.40 tps=5736 mgps=583.2 avgBps=34.74 avgTps=5532 avgMGps=526.0 elapsed=4h39m2s
Sep 20 04:25:32 nimbus-eth1-mainnet-short-benchmark[4114840]: INF 2026-09-20 04:25:32.552+00:00 Imported blocks                            blockNumber=20589825 slot=9797855 blocks=589824 txs=93887208 mgas=8931023 bps=37.02 tps=5689 mgps=562.1 avgBps=34.77 avgTps=5534 avgMGps=526.5 elapsed=4h42m44s
Sep 20 04:29:20 nimbus-eth1-mainnet-short-benchmark[4114840]: INF 2026-09-20 04:29:20.024+00:00 Imported blocks                            blockNumber=20598017 slot=9806095 blocks=598016 txs=95163338 mgas=9055310 bps=36.01 tps=5609 mgps=546.4 avgBps=34.79 avgTps=5535 avgMGps=526.7 elapsed=4h46m31s
Sep 20 04:33:06 nimbus-eth1-mainnet-short-benchmark[4114840]: INF 2026-09-20 04:33:06.265+00:00 Imported blocks                            blockNumber=20606209 slot=9814347 blocks=606208 txs=96334664 mgas=9179976 bps=36.21 tps=5177 mgps=551.0 avgBps=34.80 avgTps=5530 avgMGps=527.0 elapsed=4h50m17s
Sep 20 04:36:41 nimbus-eth1-mainnet-short-benchmark[4114840]: INF 2026-09-20 04:36:41.898+00:00 Imported blocks                            blockNumber=20614401 slot=9822581 blocks=614400 txs=97573414 mgas=9304574 bps=37.99 tps=5744 mgps=577.8 avgBps=34.84 avgTps=5533 avgMGps=527.7 elapsed=4h53m53s
Sep 20 04:40:18 nimbus-eth1-mainnet-short-benchmark[4114840]: INF 2026-09-20 04:40:18.967+00:00 Imported blocks                            blockNumber=20622593 slot=9830821 blocks=622592 txs=98874772 mgas=9428835 bps=37.74 tps=5995 mgps=572.5 avgBps=34.88 avgTps=5539 avgMGps=528.2 elapsed=4h57m30s
Sep 20 04:43:47 nimbus-eth1-mainnet-short-benchmark[4114840]: INF 2026-09-20 04:43:47.964+00:00 Imported blocks                            blockNumber=20630785 slot=9839058 blocks=630784 txs=100178707 mgas=9553009 bps=39.20 tps=6239 mgps=594.1 avgBps=34.93 avgTps=5547 avgMGps=529.0 elapsed=5h59s445ms
Sep 20 04:47:26 nimbus-eth1-mainnet-short-benchmark[4114840]: INF 2026-09-20 04:47:26.925+00:00 Imported blocks                            blockNumber=20638977 slot=9847313 blocks=638976 txs=101489116 mgas=9677171 bps=37.41 tps=5984 mgps=567.0 avgBps=34.96 avgTps=5552 avgMGps=529.4 elapsed=5h4m38s
Sep 20 04:51:04 nimbus-eth1-mainnet-short-benchmark[4114840]: INF 2026-09-20 04:51:04.362+00:00 Imported blocks                            blockNumber=20647169 slot=9855549 blocks=647168 txs=102730058 mgas=9801643 bps=37.68 tps=5707 mgps=572.5 avgBps=34.99 avgTps=5554 avgMGps=529.9 elapsed=5h8m15s
Sep 20 04:54:54 nimbus-eth1-mainnet-short-benchmark[4114840]: INF 2026-09-20 04:54:54.379+00:00 Imported blocks                            blockNumber=20655361 slot=9863778 blocks=655360 txs=103868002 mgas=9926541 bps=35.61 tps=4947 mgps=543.0 avgBps=35.00 avgTps=5546 avgMGps=530.1 elapsed=5h12m5s
Sep 20 04:58:26 nimbus-eth1-mainnet-short-benchmark[4114840]: INF 2026-09-20 04:58:26.828+00:00 Imported blocks                            blockNumber=20663553 slot=9872013 blocks=663552 txs=105112198 mgas=10051274 bps=38.56 tps=5856 mgps=587.1 avgBps=35.04 avgTps=5550 avgMGps=530.7 elapsed=5h15m38s
Sep 20 05:01:49 nimbus-eth1-mainnet-short-benchmark[4114840]: INF 2026-09-20 05:01:49.345+00:00 Imported blocks                            blockNumber=20671745 slot=9880241 blocks=671744 txs=106395904 mgas=10175177 bps=40.45 tps=6338 mgps=611.8 avgBps=35.09 avgTps=5558 avgMGps=531.6 elapsed=5h19m830ms
Sep 20 05:05:15 nimbus-eth1-mainnet-short-benchmark[4114840]: INF 2026-09-20 05:05:15.274+00:00 Imported blocks                            blockNumber=20679937 slot=9888471 blocks=679936 txs=107674271 mgas=10299404 bps=39.78 tps=6207 mgps=603.3 avgBps=35.14 avgTps=5565 avgMGps=532.4 elapsed=5h22m26s
Sep 20 05:08:33 nimbus-eth1-mainnet-short-benchmark[4114840]: INF 2026-09-20 05:08:33.307+00:00 Imported blocks                            blockNumber=20688129 slot=9896698 blocks=688128 txs=108938536 mgas=10423298 bps=41.37 tps=6384 mgps=625.6 avgBps=35.21 avgTps=5573 avgMGps=533.3 elapsed=5h25m44s
Sep 20 05:12:05 nimbus-eth1-mainnet-short-benchmark[4114840]: INF 2026-09-20 05:12:05.556+00:00 Imported blocks                            blockNumber=20696321 slot=9904930 blocks=696320 txs=110235786 mgas=10547469 bps=38.60 tps=6111 mgps=585.0 avgBps=35.24 avgTps=5579 avgMGps=533.9 elapsed=5h29m17s
Sep 20 05:15:53 nimbus-eth1-mainnet-short-benchmark[4114840]: INF 2026-09-20 05:15:53.857+00:00 Imported blocks                            blockNumber=20704513 slot=9913154 blocks=704512 txs=111483759 mgas=10671677 bps=35.88 tps=5466 mgps=544.0 avgBps=35.25 avgTps=5578 avgMGps=534.0 elapsed=5h33m5s
Sep 20 05:19:29 nimbus-eth1-mainnet-short-benchmark[4114840]: INF 2026-09-20 05:19:29.074+00:00 Imported blocks                            blockNumber=20712705 slot=9921388 blocks=712704 txs=112764170 mgas=10795980 bps=38.06 tps=5949 mgps=577.6 avgBps=35.28 avgTps=5582 avgMGps=534.4 elapsed=5h36m40s
Sep 20 05:22:48 nimbus-eth1-mainnet-short-benchmark[4114840]: INF 2026-09-20 05:22:48.391+00:00 Imported blocks                            blockNumber=20720897 slot=9929633 blocks=720896 txs=114110517 mgas=10919926 bps=41.10 tps=6754 mgps=621.8 avgBps=35.34 avgTps=5593 avgMGps=535.3 elapsed=5h39m59s
Sep 20 05:26:15 nimbus-eth1-mainnet-short-benchmark[4114840]: INF 2026-09-20 05:26:15.184+00:00 Imported blocks                            blockNumber=20729089 slot=9937869 blocks=729088 txs=115449431 mgas=11043768 bps=39.61 tps=6474 mgps=598.9 avgBps=35.38 avgTps=5602 avgMGps=535.9 elapsed=5h43m26s
Sep 20 05:29:34 nimbus-eth1-mainnet-short-benchmark[4114840]: INF 2026-09-20 05:29:34.677+00:00 Imported blocks                            blockNumber=20737281 slot=9946108 blocks=737280 txs=116784468 mgas=11167784 bps=41.06 tps=6692 mgps=621.6 avgBps=35.44 avgTps=5612 avgMGps=536.8 elapsed=5h46m46s
Sep 20 05:33:04 nimbus-eth1-mainnet-short-benchmark[4114840]: INF 2026-09-20 05:33:04.906+00:00 Imported blocks                            blockNumber=20745473 slot=9954342 blocks=745472 txs=118101003 mgas=11291742 bps=38.97 tps=6262 mgps=589.6 avgBps=35.47 avgTps=5619 avgMGps=537.3 elapsed=5h50m16s
Sep 20 05:36:50 nimbus-eth1-mainnet-short-benchmark[4114840]: INF 2026-09-20 05:36:50.451+00:00 Imported blocks                            blockNumber=20753665 slot=9962581 blocks=753664 txs=119337525 mgas=11415859 bps=36.32 tps=5482 mgps=550.3 avgBps=35.48 avgTps=5618 avgMGps=537.4 elapsed=5h54m1s
Sep 20 05:40:24 nimbus-eth1-mainnet-short-benchmark[4114840]: INF 2026-09-20 05:40:24.180+00:00 Imported blocks                            blockNumber=20761857 slot=9970803 blocks=761856 txs=120564314 mgas=11540225 bps=38.33 tps=5739 mgps=581.9 avgBps=35.51 avgTps=5619 avgMGps=537.9 elapsed=5h57m35s
Sep 20 05:43:44 nimbus-eth1-mainnet-short-benchmark[4114840]: INF 2026-09-20 05:43:44.377+00:00 Imported blocks                            blockNumber=20770049 slot=9979058 blocks=770048 txs=121858083 mgas=11663918 bps=40.92 tps=6462 mgps=617.9 avgBps=35.56 avgTps=5627 avgMGps=538.6 elapsed=6h55s861ms
Sep 20 05:46:56 nimbus-eth1-mainnet-short-benchmark[4114840]: INF 2026-09-20 05:46:56.118+00:00 Imported blocks                            blockNumber=20778241 slot=9987307 blocks=778240 txs=123161734 mgas=11787906 bps=42.72 tps=6799 mgps=646.6 avgBps=35.62 avgTps=5637 avgMGps=539.6 elapsed=6h4m7s
Sep 20 05:50:03 nimbus-eth1-mainnet-short-benchmark[4114840]: INF 2026-09-20 05:50:03.004+00:00 Imported blocks                            blockNumber=20786433 slot=9995542 blocks=786432 txs=124509456 mgas=11911612 bps=43.83 tps=7211 mgps=661.9 avgBps=35.69 avgTps=5650 avgMGps=540.6 elapsed=6h7m14s
Sep 20 05:53:16 nimbus-eth1-mainnet-short-benchmark[4114840]: INF 2026-09-20 05:53:16.917+00:00 Imported blocks                            blockNumber=20794625 slot=10003781 blocks=794624 txs=125848921 mgas=12035338 bps=42.25 tps=6907 mgps=638.0 avgBps=35.75 avgTps=5661 avgMGps=541.4 elapsed=6h10m28s
Sep 20 05:56:34 nimbus-eth1-mainnet-short-benchmark[4114840]: INF 2026-09-20 05:56:34.410+00:00 Imported blocks                            blockNumber=20802817 slot=10012028 blocks=802816 txs=127089868 mgas=12158989 bps=41.48 tps=6283 mgps=626.1 avgBps=35.80 avgTps=5667 avgMGps=542.2 elapsed=6h13m45s
Sep 20 05:59:58 nimbus-eth1-mainnet-short-benchmark[4114840]: INF 2026-09-20 05:59:58.355+00:00 Imported blocks                            blockNumber=20811009 slot=10020249 blocks=811008 txs=128299762 mgas=12282850 bps=40.17 tps=5932 mgps=607.3 avgBps=35.84 avgTps=5669 avgMGps=542.8 elapsed=6h17m9s
Sep 20 06:03:10 nimbus-eth1-mainnet-short-benchmark[4114840]: INF 2026-09-20 06:03:10.485+00:00 Imported blocks                            blockNumber=20819201 slot=10028481 blocks=819200 txs=129596319 mgas=12406594 bps=42.64 tps=6748 mgps=644.1 avgBps=35.90 avgTps=5678 avgMGps=543.6 elapsed=6h20m21s
Sep 20 06:06:23 nimbus-eth1-mainnet-short-benchmark[4114840]: INF 2026-09-20 06:06:22.994+00:00 Imported blocks                            blockNumber=20827393 slot=10036710 blocks=827392 txs=130916729 mgas=12530249 bps=42.55 tps=6858 mgps=642.3 avgBps=35.95 avgTps=5688 avgMGps=544.5 elapsed=6h23m34s
Sep 20 06:09:36 nimbus-eth1-mainnet-short-benchmark[4114840]: INF 2026-09-20 06:09:35.999+00:00 Imported blocks                            blockNumber=20835585 slot=10044938 blocks=835584 txs=132226625 mgas=12654070 bps=42.45 tps=6787 mgps=641.6 avgBps=36.00 avgTps=5697 avgMGps=545.3 elapsed=6h26m47s
Sep 20 06:12:58 nimbus-eth1-mainnet-short-benchmark[4114840]: INF 2026-09-20 06:12:58.184+00:00 Imported blocks                            blockNumber=20843777 slot=10053164 blocks=843776 txs=133604192 mgas=12777730 bps=40.52 tps=6813 mgps=611.6 avgBps=36.04 avgTps=5707 avgMGps=545.8 elapsed=6h30m9s
Sep 20 06:16:49 nimbus-eth1-mainnet-short-benchmark[4114840]: INF 2026-09-20 06:16:49.801+00:00 Imported blocks                            blockNumber=20851969 slot=10061391 blocks=851968 txs=134900706 mgas=12901664 bps=35.37 tps=5597 mgps=535.1 avgBps=36.04 avgTps=5706 avgMGps=545.7 elapsed=6h34m1s
Sep 20 06:20:29 nimbus-eth1-mainnet-short-benchmark[4114840]: INF 2026-09-20 06:20:29.450+00:00 Imported blocks                            blockNumber=20860161 slot=10069622 blocks=860160 txs=136168750 mgas=13025603 bps=37.30 tps=5773 mgps=564.3 avgBps=36.05 avgTps=5706 avgMGps=545.9 elapsed=6h37m40s
Sep 20 06:24:05 nimbus-eth1-mainnet-short-benchmark[4114840]: INF 2026-09-20 06:24:05.147+00:00 Imported blocks                            blockNumber=20868353 slot=10077838 blocks=868352 txs=137550724 mgas=13149742 bps=37.98 tps=6406 mgps=575.5 avgBps=36.07 avgTps=5713 avgMGps=546.2 elapsed=6h41m16s
Sep 20 06:27:39 nimbus-eth1-mainnet-short-benchmark[4114840]: INF 2026-09-20 06:27:39.076+00:00 Imported blocks                            blockNumber=20876545 slot=10086066 blocks=876544 txs=138954673 mgas=13273457 bps=38.29 tps=6562 mgps=578.3 avgBps=36.09 avgTps=5720 avgMGps=546.4 elapsed=6h44m50s
Sep 20 06:31:05 nimbus-eth1-mainnet-short-benchmark[4114840]: INF 2026-09-20 06:31:05.725+00:00 Imported blocks                            blockNumber=20884737 slot=10094286 blocks=884736 txs=140256178 mgas=13397479 bps=39.64 tps=6297 mgps=600.1 avgBps=36.12 avgTps=5725 avgMGps=546.9 elapsed=6h48m17s
Sep 20 06:34:32 nimbus-eth1-mainnet-short-benchmark[4114840]: INF 2026-09-20 06:34:32.518+00:00 Imported blocks                            blockNumber=20892929 slot=10102512 blocks=892928 txs=141581868 mgas=13521575 bps=39.61 tps=6410 mgps=600.1 avgBps=36.15 avgTps=5731 avgMGps=547.3 elapsed=6h51m44s
Sep 20 06:37:57 nimbus-eth1-mainnet-short-benchmark[4114840]: INF 2026-09-20 06:37:57.667+00:00 Imported blocks                            blockNumber=20901121 slot=10110732 blocks=901120 txs=142875889 mgas=13645572 bps=39.93 tps=6307 mgps=604.4 avgBps=36.18 avgTps=5735 avgMGps=547.8 elapsed=6h55m9s
Sep 20 06:41:19 nimbus-eth1-mainnet-short-benchmark[4114840]: INF 2026-09-20 06:41:19.032+00:00 Imported blocks                            blockNumber=20909313 slot=10118953 blocks=909312 txs=144102308 mgas=13769390 bps=40.68 tps=6090 mgps=614.9 avgBps=36.21 avgTps=5738 avgMGps=548.4 elapsed=6h58m30s
Sep 20 06:44:37 nimbus-eth1-mainnet-short-benchmark[4114840]: INF 2026-09-20 06:44:37.573+00:00 Imported blocks                            blockNumber=20917505 slot=10127176 blocks=917504 txs=145406349 mgas=13893087 bps=41.26 tps=6568 mgps=623.0 avgBps=36.25 avgTps=5745 avgMGps=548.9 elapsed=7h1m49s
Sep 20 06:47:45 nimbus-eth1-mainnet-short-benchmark[4114840]: INF 2026-09-20 06:47:45.671+00:00 Imported blocks                            blockNumber=20925697 slot=10135394 blocks=925696 txs=146718394 mgas=14016820 bps=43.55 tps=6975 mgps=657.8 avgBps=36.31 avgTps=5754 avgMGps=549.7 elapsed=7h4m57s
Sep 20 06:51:08 nimbus-eth1-mainnet-short-benchmark[4114840]: INF 2026-09-20 06:51:08.588+00:00 Imported blocks                            blockNumber=20933889 slot=10143614 blocks=933888 txs=148049109 mgas=14140625 bps=40.37 tps=6557 mgps=610.1 avgBps=36.34 avgTps=5760 avgMGps=550.2 elapsed=7h8m20s
Sep 20 06:54:24 nimbus-eth1-mainnet-short-benchmark[4114840]: INF 2026-09-20 06:54:24.805+00:00 Imported blocks                            blockNumber=20942081 slot=10151840 blocks=942080 txs=149397364 mgas=14264352 bps=41.75 tps=6871 mgps=630.6 avgBps=36.38 avgTps=5769 avgMGps=550.8 elapsed=7h11m36s
Sep 20 06:57:45 nimbus-eth1-mainnet-short-benchmark[4114840]: INF 2026-09-20 06:57:45.122+00:00 Imported blocks                            blockNumber=20950273 slot=10160098 blocks=950272 txs=150765507 mgas=14388237 bps=40.90 tps=6829 mgps=618.5 avgBps=36.41 avgTps=5777 avgMGps=551.3 elapsed=7h14m56s
Sep 20 07:01:20 nimbus-eth1-mainnet-short-benchmark[4114840]: INF 2026-09-20 07:01:20.675+00:00 Imported blocks                            blockNumber=20958465 slot=10168363 blocks=958464 txs=152044771 mgas=14511987 bps=38.00 tps=5934 mgps=574.1 avgBps=36.43 avgTps=5778 avgMGps=551.5 elapsed=7h18m32s
Sep 20 07:04:46 nimbus-eth1-mainnet-short-benchmark[4114840]: INF 2026-09-20 07:04:46.028+00:00 Imported blocks                            blockNumber=20966657 slot=10176609 blocks=966656 txs=153365296 mgas=14635804 bps=39.89 tps=6430 mgps=602.9 avgBps=36.45 avgTps=5783 avgMGps=551.9 elapsed=7h21m57s
Sep 20 07:08:09 nimbus-eth1-mainnet-short-benchmark[4114840]: INF 2026-09-20 07:08:09.697+00:00 Imported blocks                            blockNumber=20974849 slot=10184849 blocks=974848 txs=154744917 mgas=14759580 bps=40.22 tps=6773 mgps=607.7 avgBps=36.48 avgTps=5791 avgMGps=552.4 elapsed=7h25m21s
Sep 20 07:11:40 nimbus-eth1-mainnet-short-benchmark[4114840]: INF 2026-09-20 07:11:40.634+00:00 Imported blocks                            blockNumber=20983041 slot=10193086 blocks=983040 txs=156055229 mgas=14883451 bps=38.84 tps=6211 mgps=587.2 avgBps=36.50 avgTps=5794 avgMGps=552.6 elapsed=7h28m52s
Sep 20 07:14:47 nimbus-eth1-mainnet-short-benchmark[4114840]: INF 2026-09-20 07:14:47.540+00:00 Imported blocks                            blockNumber=20991233 slot=10201319 blocks=991232 txs=157563202 mgas=15007557 bps=43.83 tps=8068 mgps=664.0 avgBps=36.55 avgTps=5810 avgMGps=553.4 elapsed=7h31m59s
Sep 20 07:18:20 nimbus-eth1-mainnet-short-benchmark[4114840]: INF 2026-09-20 07:18:20.713+00:00 Imported blocks                            blockNumber=20999425 slot=10209549 blocks=999424 txs=159003277 mgas=15131383 bps=38.43 tps=6755 mgps=580.9 avgBps=36.57 avgTps=5817 avgMGps=553.6 elapsed=7h35m32s
Sep 20 07:18:36 nimbus-eth1-mainnet-short-benchmark[4114840]: INF 2026-09-20 07:18:36.205+00:00 Imported blocks                            blockNumber=21000001 slot=10210128 blocks=1000000 txs=159109486 mgas=15140191 bps=37.18 tps=6855 mgps=568.5 avgBps=36.57 avgTps=5818 avgMGps=553.6 elapsed=7h35m47s
Sep 20 07:18:36 nimbus-eth1-mainnet-short-benchmark[4114840]: NTC 2026-09-20 07:18:36.205+00:00 Import complete                            blockNumber=21000001 slot=10210128 blocks=1000000 txs=159109486 mgas=15140191
Sep 20 07:18:37 nimbus-eth1-mainnet-short-benchmark[4086228]: <<< ending startNimbusWithImport (success)
Sep 20 07:18:37 nimbus-eth1-mainnet-short-benchmark[4086228]: >>> starting moveBenchmarkingFileToRepo
Sep 20 07:18:37 nimbus-eth1-mainnet-short-benchmark[4086228]: >>> copying debug-csv generated by nimbus to benchmarks repo
Sep 20 07:18:37 nimbus-eth1-mainnet-short-benchmark[4086228]: <<< ending moveBenchmarkingFileToRepo (success)
Sep 20 07:18:37 nimbus-eth1-mainnet-short-benchmark[4086228]: >>> starting generateBuildEnvironmentLogFile
Sep 20 07:18:46 nimbus-eth1-mainnet-short-benchmark[4086228]: <<< ending generateBuildEnvironmentLogFile (success)
Sep 20 07:18:46 nimbus-eth1-mainnet-short-benchmark[4086228]: >>> starting generateSystemdServiceLogs
