Sep 10 06:26:57 nimbus-eth1-mainnet-short-benchmark[1341022]: >>> starting cloneOrFetchBenchmarksRepo
Sep 10 06:26:57 nimbus-eth1-mainnet-short-benchmark[1341022]: >>> Fetching latest changes for nimbus-eth1-benchmarks...
Sep 10 06:26:59 nimbus-eth1-mainnet-short-benchmark[1341069]: HEAD is now at 8f7aeec chore: update short benchmark Readme
Sep 10 06:26:59 nimbus-eth1-mainnet-short-benchmark[1341022]: <<< ending cloneOrFetchBenchmarksRepo (success)
Sep 10 06:26:59 nimbus-eth1-mainnet-short-benchmark[1341022]: >>> starting cloneOrFetchNimbusRepo
Sep 10 06:27:10 nimbus-eth1-mainnet-short-benchmark[1341022]: >>> Fetching latest changes for nimbus-eth1...
Sep 10 06:27:12 nimbus-eth1-mainnet-short-benchmark[1341422]: From https://github.com/status-im/nimbus-eth1
Sep 10 06:27:12 nimbus-eth1-mainnet-short-benchmark[1341422]:    351257840..b6f8116bb  master                 -> origin/master
Sep 10 06:27:12 nimbus-eth1-mainnet-short-benchmark[1341422]:  + 819ce21c0...d29b92def eip-8141               -> origin/eip-8141  (forced update)
Sep 10 06:27:12 nimbus-eth1-mainnet-short-benchmark[1341422]:  * [new branch]          proxy-go-transport-fix -> origin/proxy-go-transport-fix
Sep 10 06:27:12 nimbus-eth1-mainnet-short-benchmark[1341422]:    bedb9063a..72d080eb2  static-storage-vids    -> origin/static-storage-vids
Sep 10 06:27:12 nimbus-eth1-mainnet-short-benchmark[1341422]:    2df845d28..078a1607e  wasm-deploy            -> origin/wasm-deploy
Sep 10 06:27:12 nimbus-eth1-mainnet-short-benchmark[1341435]: HEAD is now at b6f8116bb fee history fixes (#4771)
Sep 10 06:27:12 nimbus-eth1-mainnet-short-benchmark[1341022]: >>> Found last benchmarked commit: 5671d785
Sep 10 06:27:12 nimbus-eth1-mainnet-short-benchmark[1341022]: >>> Using next commit: b8611dcd6d2be0bc0ea930651980daeecd19f4de
Sep 10 06:27:12 nimbus-eth1-mainnet-short-benchmark[1341451]: HEAD is now at b8611dcd6 Nimbus light flavour (#4357)
Sep 10 06:27:12 nimbus-eth1-mainnet-short-benchmark[1341022]: >>> Current commit: b8611dcd6
Sep 10 06:27:12 nimbus-eth1-mainnet-short-benchmark[1341022]: <<< ending cloneOrFetchNimbusRepo (success)
Sep 10 06:27:12 nimbus-eth1-mainnet-short-benchmark[1341022]: >>> starting buildBinaries
Sep 10 06:27:12 nimbus-eth1-mainnet-short-benchmark[1341022]: >>> Building binaries for commit b8611dcd...
Sep 10 06:27:20 nimbus-eth1-mainnet-short-benchmark[1346982]: Building: Nim compiler
Sep 10 06:30:14 nimbus-eth1-mainnet-short-benchmark[1346982]: Building custom Nimble commit: 42ef70c2102a942c46f13eb76872326edd525cec
Sep 10 06:30:25 nimbus-eth1-mainnet-short-benchmark[1346982]: Building Nimble...
Sep 10 06:30:35 nimbus-eth1-mainnet-short-benchmark[1346982]: Replacing nimble binary...
Sep 10 06:30:42 nimbus-eth1-mainnet-short-benchmark[1363581]: Building: build/generate_makefile
Sep 10 06:30:43 nimbus-eth1-mainnet-short-benchmark[1363446]: ROCKSDB CACHED VERSION: 11.8.1
Sep 10 06:30:43 nimbus-eth1-mainnet-short-benchmark[1363847]: RocksDb static libraries already built. Skipping build.
Sep 10 06:30:43 nimbus-eth1-mainnet-short-benchmark[1363581]: Build completed successfully: build/generate_makefile
Sep 10 06:30:43 nimbus-eth1-mainnet-short-benchmark[1363901]: Building: build/nimbus_execution_client
Sep 10 06:33:05 nimbus-eth1-mainnet-short-benchmark[1363901]: Build completed successfully: build/nimbus_execution_client
Sep 10 06:33:05 nimbus-eth1-mainnet-short-benchmark[1341022]: >>> renaming binaries to match commit they were built from
Sep 10 06:33:05 nimbus-eth1-mainnet-short-benchmark[1341022]: >>> creating a symbolic link to the latest version
Sep 10 06:33:05 nimbus-eth1-mainnet-short-benchmark[1341022]: >>> deleting copies that are older than N days
Sep 10 06:33:05 nimbus-eth1-mainnet-short-benchmark[1341022]: <<< ending buildBinaries (success)
Sep 10 06:33:05 nimbus-eth1-mainnet-short-benchmark[1341022]: >>> starting skipOrContinueBenchmark
Sep 10 06:33:05 nimbus-eth1-mainnet-short-benchmark[1341022]: <<< ending skipOrContinueBenchmark (success)
Sep 10 06:33:05 nimbus-eth1-mainnet-short-benchmark[1341022]: >>> starting copyTemplateDatabase
Sep 10 06:33:05 nimbus-eth1-mainnet-short-benchmark[1341022]: >>> Copying template db into nimbus data directory
Sep 10 06:36:19 nimbus-eth1-mainnet-short-benchmark[1341022]: >>> Template db copied
Sep 10 06:36:19 nimbus-eth1-mainnet-short-benchmark[1341022]: >>> making nimbus the owner of the copied files
Sep 10 06:36:19 nimbus-eth1-mainnet-short-benchmark[1341022]: <<< ending copyTemplateDatabase (success)
Sep 10 06:36:19 nimbus-eth1-mainnet-short-benchmark[1341022]: >>> starting startNimbusWithImport
Sep 10 06:36:19 nimbus-eth1-mainnet-short-benchmark[1369728]: INF 2026-09-10 06:36:19.143+00:00 Launching execution client                 version=v0.4.0-b8611dcd config="(configFile: none(InputFile), dataDirFlag: some(/data/status-im/nimbus-eth1/data/shared_mainnet_0), era1DirFlag: some(/data/era1), eraDirFlag: some(/data/era), ereDirFlag: none(OutDir), keyStoreDirFlag: none(OutDir), importKey: , trustedSetupFile: none(string), extraData: Nimbus/v0.4.0-b8611dcd, gasLimit: none(uint64), maxBlobs: none(byte), network: [mainnet], logLevel: INFO, logFormat: auto, metricsEnabled: false, metricsPort: 9093, metricsAddress: 127.0.0.1, bootstrapNodes: [], elBootstrapNodes: [], bootstrapFile: , elBootstrapFile: , staticPeers: [], staticPeersFile: , reconnectMaxRetry: 0, reconnectInterval: 15, listenAddress: ::, tcpPort: 30303, udpPortFlag: none(Port), maxPeersOpt: none(int), elMaxPeersOpt: none(int), nat: (hasExtIp: false, nat: NatAny), discv5: true, netKey: random, agentString: Nimbus/v0.4.0-b8611dcd/linux-amd64/Nim-2.2.10, numThreads: 0, persistBatchSize: 4, dynamicBatchSize: false, rocksdbMaxOpenFiles: 2048, rocksdbWriteBufferSize: 67108864, rocksdbRowCacheSize: 0, rocksdbBlockCacheSize: 2147483648, rocksdbBlockCacheType: hyperclock, rdbVtxCacheSize: 536870912, rdbKeyCacheSize: 1342177280, rdbBranchCacheSize: 1073741824, rdbPrintStats: false, rewriteDatadirId: true, aristoDbMaxSnapshots: 5, parallelStateRootComputation: false, parallelSenderRecovery: true, optimisticStatePrefetch: false, balStatePrefetch: false, balStatePrefetchWorkers: 0, balParallelExecution: false, balPruning: true, eagerStateRootCheck: false, deserializeFcState: true, statelessProvider: false, statelessWitnessValidation: false, cmd: import, maxBlocks: 1000000, chunkSize: 8192, csvStats: some("/data/host-benchmarks/short/e54cbdfefdb6459eacc875ed182950f3/blocks-import-benchmark.csv"), validation: false, fullValidation: false, storeBodies: false, storeReceipts: false, storeSlotHashes: false)"
Sep 10 06:36:19 nimbus-eth1-mainnet-short-benchmark[1369728]: WRN 2026-09-10 06:36:19.151+00:00 Data directory has insecure permissions. Correcting them. data_dir=/data/status-im/nimbus-eth1/data/shared_mainnet_0 current_permissions=0755 required_permissions=0700
Sep 10 06:36:20 nimbus-eth1-mainnet-short-benchmark[1369728]: INF 2026-09-10 06:36:20.987+00:00 Taskpool started                           numThreads=16
Sep 10 06:36:21 nimbus-eth1-mainnet-short-benchmark[1369728]: CreateIOUring failed: Invalid argument (errno=22), thread=140124321438976
Sep 10 06:36:21 nimbus-eth1-mainnet-short-benchmark[1369728]: INF 2026-09-10 06:36:21.131+00:00 Database initialized                       base="(0xd24fd73f794058a3807db926d8898c6481e902b7edb91ce0d479d6760f276183, 20000000)" finalized="(0xd24fd73f794058a3807db926d8898c6481e902b7edb91ce0d479d6760f276183, 20000000)" head="(0xd4e56740f876aef8c010b86a40d5f56745a118d0906a34e69aec8c0db1cb8fa3, 0)"
Sep 10 06:36:21 nimbus-eth1-mainnet-short-benchmark[1369728]: NTC 2026-09-10 06:36:21.131+00:00 Could not open ere database, falling back to era1/era import ereDir=/data/status-im/nimbus-eth1/data/shared_mainnet_0/ere networkName=mainnet error="No ere files found in /data/status-im/nimbus-eth1/data/shared_mainnet_0/ere"
Sep 10 06:36:21 nimbus-eth1-mainnet-short-benchmark[1369728]: NTC 2026-09-10 06:36:21.131+00:00 Importing era archive                      blockNumber=20000001 dataDir=/data/status-im/nimbus-eth1/data/shared_mainnet_0 eraDir=/data/era
Sep 10 06:36:23 nimbus-eth1-mainnet-short-benchmark[1369728]: NTC 2026-09-10 06:36:23.319+00:00 Matched block to slot number               blockNumber=20000001 slot=9204783
Sep 10 06:42:22 nimbus-eth1-mainnet-short-benchmark[1369728]: INF 2026-09-10 06:42:22.362+00:00 Imported blocks                            blockNumber=20008193 slot=9213020 blocks=8192 txs=1226966 mgas=124237 bps=22.68 tps=3396 mgps=343.9 avgBps=22.68 avgTps=3396 avgMGps=343.9 elapsed=6m1s232ms
Sep 10 06:47:43 nimbus-eth1-mainnet-short-benchmark[1369728]: INF 2026-09-10 06:47:43.021+00:00 Imported blocks                            blockNumber=20016385 slot=9221256 blocks=16384 txs=2540380 mgas=248071 bps=25.55 tps=4096 mgps=386.2 avgBps=24.03 avgTps=3725 avgMGps=363.8 elapsed=11m21s889ms
Sep 10 06:52:47 nimbus-eth1-mainnet-short-benchmark[1369728]: INF 2026-09-10 06:52:47.049+00:00 Imported blocks                            blockNumber=20024577 slot=9229485 blocks=24576 txs=3869398 mgas=372018 bps=26.94 tps=4371 mgps=407.7 avgBps=24.93 avgTps=3924 avgMGps=377.3 elapsed=16m25s920ms
Sep 10 06:57:22 nimbus-eth1-mainnet-short-benchmark[1369728]: INF 2026-09-10 06:57:22.689+00:00 Imported blocks                            blockNumber=20032769 slot=9237722 blocks=32768 txs=5222766 mgas=495797 bps=29.72 tps=4909 mgps=449.1 avgBps=25.97 avgTps=4139 avgMGps=393.0 elapsed=21m1s557ms
Sep 10 07:01:50 nimbus-eth1-mainnet-short-benchmark[1369728]: INF 2026-09-10 07:01:50.622+00:00 Imported blocks                            blockNumber=20040961 slot=9245957 blocks=40960 txs=6566802 mgas=619586 bps=30.57 tps=5016 mgps=462.0 avgBps=26.78 avgTps=4293 avgMGps=405.1 elapsed=25m29s492ms
Sep 10 07:06:34 nimbus-eth1-mainnet-short-benchmark[1369728]: INF 2026-09-10 07:06:34.362+00:00 Imported blocks                            blockNumber=20049153 slot=9254196 blocks=49152 txs=7904746 mgas=743522 bps=28.87 tps=4715 mgps=436.8 avgBps=27.11 avgTps=4359 avgMGps=410.1 elapsed=30m13s233ms
Sep 10 07:11:05 nimbus-eth1-mainnet-short-benchmark[1369728]: INF 2026-09-10 07:11:05.866+00:00 Imported blocks                            blockNumber=20057345 slot=9262435 blocks=57344 txs=9212009 mgas=867360 bps=30.17 tps=4814 mgps=456.1 avgBps=27.51 avgTps=4418 avgMGps=416.1 elapsed=34m44s734ms
Sep 10 07:15:20 nimbus-eth1-mainnet-short-benchmark[1369728]: INF 2026-09-10 07:15:20.014+00:00 Imported blocks                            blockNumber=20065537 slot=9270674 blocks=65536 txs=10559018 mgas=991371 bps=32.23 tps=5300 mgps=487.9 avgBps=28.02 avgTps=4514 avgMGps=423.9 elapsed=38m58s884ms
Sep 10 07:19:20 nimbus-eth1-mainnet-short-benchmark[1369728]: INF 2026-09-10 07:19:20.535+00:00 Imported blocks                            blockNumber=20073729 slot=9278910 blocks=73728 txs=11898676 mgas=1115111 bps=34.06 tps=5569 mgps=514.5 avgBps=28.58 avgTps=4612 avgMGps=432.3 elapsed=42m59s404ms
Sep 10 07:23:11 nimbus-eth1-mainnet-short-benchmark[1369728]: INF 2026-09-10 07:23:11.707+00:00 Imported blocks                            blockNumber=20081921 slot=9287152 blocks=81920 txs=13323263 mgas=1239150 bps=35.44 tps=6162 mgps=536.6 avgBps=29.15 avgTps=4740 avgMGps=440.9 elapsed=46m50s576ms
Sep 10 07:27:00 nimbus-eth1-mainnet-short-benchmark[1369728]: INF 2026-09-10 07:27:00.628+00:00 Imported blocks                            blockNumber=20090113 slot=9295408 blocks=90112 txs=14697082 mgas=1363113 bps=35.79 tps=6001 mgps=541.5 avgBps=29.65 avgTps=4835 avgMGps=448.5 elapsed=50m39s494ms
Sep 10 07:31:06 nimbus-eth1-mainnet-short-benchmark[1369728]: INF 2026-09-10 07:31:06.461+00:00 Imported blocks                            blockNumber=20098305 slot=9303658 blocks=98304 txs=16025683 mgas=1487146 bps=33.32 tps=5404 mgps=504.5 avgBps=29.92 avgTps=4877 avgMGps=452.7 elapsed=54m45s331ms
Sep 10 07:35:22 nimbus-eth1-mainnet-short-benchmark[1369728]: INF 2026-09-10 07:35:22.849+00:00 Imported blocks                            blockNumber=20106497 slot=9311895 blocks=106496 txs=17337157 mgas=1611066 bps=31.95 tps=5115 mgps=483.3 avgBps=30.07 avgTps=4895 avgMGps=454.9 elapsed=59m1s720ms
Sep 10 07:39:24 nimbus-eth1-mainnet-short-benchmark[1369728]: INF 2026-09-10 07:39:24.382+00:00 Imported blocks                            blockNumber=20114689 slot=9320146 blocks=114688 txs=18632097 mgas=1735123 bps=33.92 tps=5361 mgps=513.6 avgBps=30.31 avgTps=4924 avgMGps=458.6 elapsed=1h3m3s
Sep 10 07:43:12 nimbus-eth1-mainnet-short-benchmark[1369728]: INF 2026-09-10 07:43:12.422+00:00 Imported blocks                            blockNumber=20122881 slot=9328409 blocks=122880 txs=19937418 mgas=1859249 bps=35.92 tps=5724 mgps=544.3 avgBps=30.63 avgTps=4970 avgMGps=463.5 elapsed=1h6m51s
Sep 10 07:46:57 nimbus-eth1-mainnet-short-benchmark[1369728]: INF 2026-09-10 07:46:57.971+00:00 Imported blocks                            blockNumber=20131073 slot=9336660 blocks=131072 txs=21214129 mgas=1983500 bps=36.32 tps=5660 mgps=550.9 avgBps=30.94 avgTps=5007 avgMGps=468.2 elapsed=1h10m36s
Sep 10 07:50:41 nimbus-eth1-mainnet-short-benchmark[1369728]: INF 2026-09-10 07:50:41.656+00:00 Imported blocks                            blockNumber=20139265 slot=9344906 blocks=139264 txs=22579079 mgas=2107571 bps=36.62 tps=6102 mgps=554.7 avgBps=31.22 avgTps=5061 avgMGps=472.5 elapsed=1h14m20s
Sep 10 07:55:09 nimbus-eth1-mainnet-short-benchmark[1369728]: INF 2026-09-10 07:55:09.192+00:00 Imported blocks                            blockNumber=20147457 slot=9353153 blocks=147456 txs=24133322 mgas=2231686 bps=30.62 tps=5809 mgps=463.9 avgBps=31.19 avgTps=5104 avgMGps=472.0 elapsed=1h18m48s
Sep 10 07:59:27 nimbus-eth1-mainnet-short-benchmark[1369728]: INF 2026-09-10 07:59:27.073+00:00 Imported blocks                            blockNumber=20155649 slot=9361407 blocks=155648 txs=25424015 mgas=2356018 bps=31.77 tps=5005 mgps=482.1 avgBps=31.22 avgTps=5099 avgMGps=472.5 elapsed=1h23m5s
Sep 10 08:03:24 nimbus-eth1-mainnet-short-benchmark[1369728]: INF 2026-09-10 08:03:24.589+00:00 Imported blocks                            blockNumber=20163841 slot=9369652 blocks=163840 txs=26749549 mgas=2480207 bps=34.49 tps=5580 mgps=522.9 avgBps=31.37 avgTps=5121 avgMGps=474.8 elapsed=1h27m3s
Sep 10 08:07:18 nimbus-eth1-mainnet-short-benchmark[1369728]: INF 2026-09-10 08:07:18.798+00:00 Imported blocks                            blockNumber=20172033 slot=9377892 blocks=172032 txs=28105316 mgas=2604026 bps=34.98 tps=5788 mgps=528.7 avgBps=31.52 avgTps=5149 avgMGps=477.1 elapsed=1h30m57s
Sep 10 08:11:13 nimbus-eth1-mainnet-short-benchmark[1369728]: INF 2026-09-10 08:11:13.747+00:00 Imported blocks                            blockNumber=20180225 slot=9386128 blocks=180224 txs=29524405 mgas=2728170 bps=34.87 tps=6039 mgps=528.4 avgBps=31.66 avgTps=5186 avgMGps=479.2 elapsed=1h34m52s
Sep 10 08:14:53 nimbus-eth1-mainnet-short-benchmark[1369728]: INF 2026-09-10 08:14:53.852+00:00 Imported blocks                            blockNumber=20188417 slot=9394365 blocks=188416 txs=30849021 mgas=2852023 bps=37.22 tps=6018 mgps=562.7 avgBps=31.87 avgTps=5217 avgMGps=482.4 elapsed=1h38m32s
Sep 10 08:18:58 nimbus-eth1-mainnet-short-benchmark[1369728]: INF 2026-09-10 08:18:58.104+00:00 Imported blocks                            blockNumber=20196609 slot=9402602 blocks=196608 txs=32174755 mgas=2976155 bps=33.54 tps=5427 mgps=508.2 avgBps=31.93 avgTps=5225 avgMGps=483.4 elapsed=1h42m36s
Sep 10 08:23:14 nimbus-eth1-mainnet-short-benchmark[1369728]: INF 2026-09-10 08:23:14.988+00:00 Imported blocks                            blockNumber=20204801 slot=9410840 blocks=204800 txs=33475942 mgas=3100410 bps=31.89 tps=5065 mgps=483.7 avgBps=31.93 avgTps=5219 avgMGps=483.4 elapsed=1h46m53s
Sep 10 08:27:13 nimbus-eth1-mainnet-short-benchmark[1369728]: INF 2026-09-10 08:27:13.225+00:00 Imported blocks                            blockNumber=20212993 slot=9419071 blocks=212992 txs=34798508 mgas=3224370 bps=34.39 tps=5551 mgps=520.3 avgBps=32.02 avgTps=5231 avgMGps=484.7 elapsed=1h50m52s
Sep 10 08:31:04 nimbus-eth1-mainnet-short-benchmark[1369728]: INF 2026-09-10 08:31:04.526+00:00 Imported blocks                            blockNumber=20221185 slot=9427313 blocks=221184 txs=36114045 mgas=3348169 bps=35.42 tps=5687 mgps=535.2 avgBps=32.13 avgTps=5246 avgMGps=486.4 elapsed=1h54m43s
Sep 10 08:34:36 nimbus-eth1-mainnet-short-benchmark[1369728]: INF 2026-09-10 08:34:36.763+00:00 Imported blocks                            blockNumber=20229377 slot=9435549 blocks=229376 txs=37421794 mgas=3472031 bps=38.60 tps=6161 mgps=583.6 avgBps=32.33 avgTps=5273 avgMGps=489.3 elapsed=1h58m15s
Sep 10 08:38:21 nimbus-eth1-mainnet-short-benchmark[1369728]: INF 2026-09-10 08:38:21.116+00:00 Imported blocks                            blockNumber=20237569 slot=9443788 blocks=237568 txs=38842064 mgas=3596351 bps=36.51 tps=6330 mgps=554.1 avgBps=32.45 avgTps=5306 avgMGps=491.3 elapsed=2h1m59s
Sep 10 08:42:21 nimbus-eth1-mainnet-short-benchmark[1369728]: INF 2026-09-10 08:42:21.136+00:00 Imported blocks                            blockNumber=20245761 slot=9452021 blocks=245760 txs=40225739 mgas=3720100 bps=34.13 tps=5764 mgps=515.6 avgBps=32.51 avgTps=5320 avgMGps=492.1 elapsed=2h6m5ms
Sep 10 08:46:36 nimbus-eth1-mainnet-short-benchmark[1369728]: INF 2026-09-10 08:46:36.597+00:00 Imported blocks                            blockNumber=20253953 slot=9460253 blocks=253952 txs=41454921 mgas=3844385 bps=32.07 tps=4811 mgps=486.5 avgBps=32.49 avgTps=5304 avgMGps=491.9 elapsed=2h10m15s
Sep 10 08:50:39 nimbus-eth1-mainnet-short-benchmark[1369728]: INF 2026-09-10 08:50:39.429+00:00 Imported blocks                            blockNumber=20262145 slot=9468495 blocks=262144 txs=42726051 mgas=3968623 bps=33.74 tps=5234 mgps=511.6 avgBps=32.53 avgTps=5302 avgMGps=492.5 elapsed=2h14m18s
Sep 10 08:54:27 nimbus-eth1-mainnet-short-benchmark[1369728]: INF 2026-09-10 08:54:27.098+00:00 Imported blocks                            blockNumber=20270337 slot=9476748 blocks=270336 txs=44050436 mgas=4092682 bps=35.98 tps=5817 mgps=544.9 avgBps=32.63 avgTps=5316 avgMGps=493.9 elapsed=2h18m5s
Sep 10 08:57:58 nimbus-eth1-mainnet-short-benchmark[1369728]: INF 2026-09-10 08:57:58.795+00:00 Imported blocks                            blockNumber=20278529 slot=9484981 blocks=278528 txs=45382368 mgas=4216487 bps=38.70 tps=6291 mgps=584.8 avgBps=32.78 avgTps=5340 avgMGps=496.2 elapsed=2h21m37s
Sep 10 09:01:35 nimbus-eth1-mainnet-short-benchmark[1369728]: INF 2026-09-10 09:01:35.336+00:00 Imported blocks                            blockNumber=20286721 slot=9493213 blocks=286720 txs=46733429 mgas=4340363 bps=37.83 tps=6239 mgps=572.1 avgBps=32.90 avgTps=5362 avgMGps=498.1 elapsed=2h25m14s
Sep 10 09:05:32 nimbus-eth1-mainnet-short-benchmark[1369728]: INF 2026-09-10 09:05:32.785+00:00 Imported blocks                            blockNumber=20294913 slot=9501453 blocks=294912 txs=48075887 mgas=4464376 bps=34.50 tps=5653 mgps=522.3 avgBps=32.94 avgTps=5370 avgMGps=498.7 elapsed=2h29m11s
Sep 10 09:09:26 nimbus-eth1-mainnet-short-benchmark[1369728]: INF 2026-09-10 09:09:26.433+00:00 Imported blocks                            blockNumber=20303105 slot=9509696 blocks=303104 txs=49379538 mgas=4588534 bps=35.06 tps=5579 mgps=531.4 avgBps=33.00 avgTps=5375 avgMGps=499.6 elapsed=2h33m5s
Sep 10 09:13:12 nimbus-eth1-mainnet-short-benchmark[1369728]: INF 2026-09-10 09:13:12.754+00:00 Imported blocks                            blockNumber=20311297 slot=9517922 blocks=311296 txs=50637672 mgas=4712596 bps=36.20 tps=5559 mgps=548.2 avgBps=33.08 avgTps=5380 avgMGps=500.7 elapsed=2h36m51s
Sep 10 09:16:50 nimbus-eth1-mainnet-short-benchmark[1369728]: INF 2026-09-10 09:16:50.331+00:00 Imported blocks                            blockNumber=20319489 slot=9526159 blocks=319488 txs=51981692 mgas=4836521 bps=37.65 tps=6177 mgps=569.6 avgBps=33.18 avgTps=5398 avgMGps=502.3 elapsed=2h40m29s
Sep 10 09:20:09 nimbus-eth1-mainnet-short-benchmark[1369728]: INF 2026-09-10 09:20:09.812+00:00 Imported blocks                            blockNumber=20327681 slot=9534381 blocks=327680 txs=53356123 mgas=4960245 bps=41.07 tps=6890 mgps=620.2 avgBps=33.34 avgTps=5428 avgMGps=504.7 elapsed=2h43m48s
Sep 10 09:23:27 nimbus-eth1-mainnet-short-benchmark[1369728]: INF 2026-09-10 09:23:27.205+00:00 Imported blocks                            blockNumber=20335873 slot=9542617 blocks=335872 txs=54719105 mgas=5084025 bps=41.50 tps=6904 mgps=627.1 avgBps=33.50 avgTps=5457 avgMGps=507.1 elapsed=2h47m6s
Sep 10 09:27:04 nimbus-eth1-mainnet-short-benchmark[1369728]: INF 2026-09-10 09:27:04.518+00:00 Imported blocks                            blockNumber=20344065 slot=9550841 blocks=344064 txs=56021853 mgas=5207843 bps=37.70 tps=5994 mgps=569.8 avgBps=33.59 avgTps=5469 avgMGps=508.4 elapsed=2h50m43s
Sep 10 09:31:12 nimbus-eth1-mainnet-short-benchmark[1369728]: INF 2026-09-10 09:31:12.039+00:00 Imported blocks                            blockNumber=20352257 slot=9559072 blocks=352256 txs=57290408 mgas=5332016 bps=33.10 tps=5125 mgps=501.7 avgBps=33.58 avgTps=5460 avgMGps=508.3 elapsed=2h54m50s
Sep 10 09:34:57 nimbus-eth1-mainnet-short-benchmark[1369728]: INF 2026-09-10 09:34:57.028+00:00 Imported blocks                            blockNumber=20360449 slot=9567308 blocks=360448 txs=58543463 mgas=5456201 bps=36.41 tps=5569 mgps=552.0 avgBps=33.64 avgTps=5463 avgMGps=509.2 elapsed=2h58m35s
Sep 10 09:38:34 nimbus-eth1-mainnet-short-benchmark[1369728]: INF 2026-09-10 09:38:34.593+00:00 Imported blocks                            blockNumber=20368641 slot=9575548 blocks=368640 txs=59874056 mgas=5580204 bps=37.65 tps=6115 mgps=570.0 avgBps=33.72 avgTps=5476 avgMGps=510.4 elapsed=3h2m13s
Sep 10 09:42:21 nimbus-eth1-mainnet-short-benchmark[1369728]: INF 2026-09-10 09:42:21.177+00:00 Imported blocks                            blockNumber=20376833 slot=9583774 blocks=376832 txs=61167066 mgas=5704396 bps=36.15 tps=5706 mgps=548.1 avgBps=33.77 avgTps=5480 avgMGps=511.1 elapsed=3h6m49ms
Sep 10 09:46:00 nimbus-eth1-mainnet-short-benchmark[1369728]: INF 2026-09-10 09:46:00.210+00:00 Imported blocks                            blockNumber=20385025 slot=9592009 blocks=385024 txs=62480333 mgas=5828235 bps=37.40 tps=5995 mgps=565.4 avgBps=33.84 avgTps=5490 avgMGps=512.2 elapsed=3h9m39s
Sep 10 09:49:41 nimbus-eth1-mainnet-short-benchmark[1369728]: INF 2026-09-10 09:49:41.339+00:00 Imported blocks                            blockNumber=20393217 slot=9600248 blocks=393216 txs=63800597 mgas=5952136 bps=37.05 tps=5970 mgps=560.3 avgBps=33.90 avgTps=5499 avgMGps=513.1 elapsed=3h13m20s
Sep 10 09:53:12 nimbus-eth1-mainnet-short-benchmark[1369728]: INF 2026-09-10 09:53:12.332+00:00 Imported blocks                            blockNumber=20401409 slot=9608486 blocks=401408 txs=65021243 mgas=6076384 bps=38.83 tps=5785 mgps=588.9 avgBps=33.99 avgTps=5505 avgMGps=514.5 elapsed=3h16m51s
Sep 10 09:56:57 nimbus-eth1-mainnet-short-benchmark[1369728]: INF 2026-09-10 09:56:57.369+00:00 Imported blocks                            blockNumber=20409601 slot=9616707 blocks=409600 txs=66199016 mgas=6200666 bps=36.40 tps=5233 mgps=552.3 avgBps=34.03 avgTps=5499 avgMGps=515.2 elapsed=3h20m36s
Sep 10 10:00:34 nimbus-eth1-mainnet-short-benchmark[1369728]: INF 2026-09-10 10:00:34.786+00:00 Imported blocks                            blockNumber=20417793 slot=9624941 blocks=417792 txs=67453930 mgas=6324823 bps=37.68 tps=5771 mgps=571.1 avgBps=34.10 avgTps=5504 avgMGps=516.2 elapsed=3h24m13s
Sep 10 10:03:47 nimbus-eth1-mainnet-short-benchmark[1369728]: INF 2026-09-10 10:03:47.855+00:00 Imported blocks                            blockNumber=20425985 slot=9633187 blocks=425984 txs=68814904 mgas=6448778 bps=42.43 tps=7049 mgps=642.0 avgBps=34.22 avgTps=5528 avgMGps=518.1 elapsed=3h27m26s
Sep 10 10:06:59 nimbus-eth1-mainnet-short-benchmark[1369728]: INF 2026-09-10 10:06:59.992+00:00 Imported blocks                            blockNumber=20434177 slot=9641422 blocks=434176 txs=70124508 mgas=6572711 bps=42.64 tps=6815 mgps=645.0 avgBps=34.35 avgTps=5548 avgMGps=520.0 elapsed=3h30m38s
Sep 10 10:10:21 nimbus-eth1-mainnet-short-benchmark[1369728]: INF 2026-09-10 10:10:21.722+00:00 Imported blocks                            blockNumber=20442369 slot=9649657 blocks=442368 txs=71403576 mgas=6696451 bps=40.61 tps=6340 mgps=613.4 avgBps=34.45 avgTps=5560 avgMGps=521.5 elapsed=3h34m590ms
Sep 10 10:14:02 nimbus-eth1-mainnet-short-benchmark[1369728]: INF 2026-09-10 10:14:02.258+00:00 Imported blocks                            blockNumber=20450561 slot=9657896 blocks=450560 txs=72659905 mgas=6820521 bps=37.15 tps=5696 mgps=562.6 avgBps=34.50 avgTps=5563 avgMGps=522.2 elapsed=3h37m41s
Sep 10 10:18:03 nimbus-eth1-mainnet-short-benchmark[1369728]: INF 2026-09-10 10:18:03.623+00:00 Imported blocks                            blockNumber=20458753 slot=9666114 blocks=458752 txs=73838533 mgas=6945116 bps=33.94 tps=4883 mgps=516.2 avgBps=34.49 avgTps=5550 avgMGps=522.1 elapsed=3h41m42s
Sep 10 10:21:41 nimbus-eth1-mainnet-short-benchmark[1369728]: INF 2026-09-10 10:21:41.380+00:00 Imported blocks                            blockNumber=20466945 slot=9674343 blocks=466944 txs=75124748 mgas=7068943 bps=37.62 tps=5906 mgps=568.6 avgBps=34.54 avgTps=5556 avgMGps=522.8 elapsed=3h45m20s
Sep 10 10:25:16 nimbus-eth1-mainnet-short-benchmark[1369728]: INF 2026-09-10 10:25:16.893+00:00 Imported blocks                            blockNumber=20475137 slot=9682575 blocks=475136 txs=76420106 mgas=7192870 bps=38.01 tps=6010 mgps=575.0 avgBps=34.59 avgTps=5563 avgMGps=523.7 elapsed=3h48m55s
Sep 10 10:28:43 nimbus-eth1-mainnet-short-benchmark[1369728]: INF 2026-09-10 10:28:43.218+00:00 Imported blocks                            blockNumber=20483329 slot=9690800 blocks=483328 txs=77675422 mgas=7316939 bps=39.70 tps=6084 mgps=601.3 avgBps=34.67 avgTps=5571 avgMGps=524.8 elapsed=3h52m22s
Sep 10 10:32:06 nimbus-eth1-mainnet-short-benchmark[1369728]: INF 2026-09-10 10:32:06.931+00:00 Imported blocks                            blockNumber=20491521 slot=9699019 blocks=491520 txs=78951232 mgas=7440784 bps=40.21 tps=6262 mgps=607.9 avgBps=34.75 avgTps=5581 avgMGps=526.0 elapsed=3h55m45s
Sep 10 10:35:45 nimbus-eth1-mainnet-short-benchmark[1369728]: INF 2026-09-10 10:35:45.032+00:00 Imported blocks                            blockNumber=20499713 slot=9707248 blocks=499712 txs=80189642 mgas=7564669 bps=37.56 tps=5678 mgps=568.0 avgBps=34.79 avgTps=5582 avgMGps=526.6 elapsed=3h59m23s
Sep 10 10:39:27 nimbus-eth1-mainnet-short-benchmark[1369728]: INF 2026-09-10 10:39:27.781+00:00 Imported blocks                            blockNumber=20507905 slot=9715488 blocks=507904 txs=81317763 mgas=7689208 bps=36.78 tps=5064 mgps=559.1 avgBps=34.82 avgTps=5574 avgMGps=527.1 elapsed=4h3m6s
Sep 10 10:42:46 nimbus-eth1-mainnet-short-benchmark[1369728]: INF 2026-09-10 10:42:46.594+00:00 Imported blocks                            blockNumber=20516097 slot=9723715 blocks=516096 txs=82520262 mgas=7813209 bps=41.20 tps=6048 mgps=623.7 avgBps=34.91 avgTps=5581 avgMGps=528.4 elapsed=4h6m25s
Sep 10 10:46:17 nimbus-eth1-mainnet-short-benchmark[1369728]: INF 2026-09-10 10:46:17.319+00:00 Imported blocks                            blockNumber=20524289 slot=9731945 blocks=524288 txs=83780075 mgas=7937233 bps=38.88 tps=5978 mgps=588.6 avgBps=34.96 avgTps=5586 avgMGps=529.3 elapsed=4h9m56s
Sep 10 10:49:52 nimbus-eth1-mainnet-short-benchmark[1369728]: INF 2026-09-10 10:49:52.112+00:00 Imported blocks                            blockNumber=20532481 slot=9740183 blocks=532480 txs=85263862 mgas=8061024 bps=38.14 tps=6908 mgps=576.3 avgBps=35.01 avgTps=5605 avgMGps=529.9 elapsed=4h13m30s
Sep 10 10:53:33 nimbus-eth1-mainnet-short-benchmark[1369728]: INF 2026-09-10 10:53:33.429+00:00 Imported blocks                            blockNumber=20540673 slot=9748418 blocks=540672 txs=86612143 mgas=8185090 bps=37.01 tps=6091 mgps=560.6 avgBps=35.04 avgTps=5612 avgMGps=530.4 elapsed=4h17m12s
Sep 10 10:57:21 nimbus-eth1-mainnet-short-benchmark[1369728]: INF 2026-09-10 10:57:21.622+00:00 Imported blocks                            blockNumber=20548865 slot=9756662 blocks=548864 txs=87802991 mgas=8309513 bps=35.90 tps=5218 mgps=545.3 avgBps=35.05 avgTps=5606 avgMGps=530.6 elapsed=4h21m492ms
Sep 10 11:01:08 nimbus-eth1-mainnet-short-benchmark[1369728]: INF 2026-09-10 11:01:08.446+00:00 Imported blocks                            blockNumber=20557057 slot=9764892 blocks=557056 txs=88964987 mgas=8433956 bps=36.12 tps=5122 mgps=548.6 avgBps=35.06 avgTps=5599 avgMGps=530.9 elapsed=4h24m47s
Sep 10 11:04:41 nimbus-eth1-mainnet-short-benchmark[1369728]: INF 2026-09-10 11:04:41.959+00:00 Imported blocks                            blockNumber=20565249 slot=9773131 blocks=565248 txs=90186094 mgas=8558113 bps=38.37 tps=5719 mgps=581.5 avgBps=35.11 avgTps=5601 avgMGps=531.5 elapsed=4h28m20s
Sep 10 11:08:18 nimbus-eth1-mainnet-short-benchmark[1369728]: INF 2026-09-10 11:08:18.424+00:00 Imported blocks                            blockNumber=20573441 slot=9781369 blocks=573440 txs=91404654 mgas=8682228 bps=37.84 tps=5629 mgps=573.4 avgBps=35.14 avgTps=5601 avgMGps=532.1 elapsed=4h31m57s
Sep 10 11:11:49 nimbus-eth1-mainnet-short-benchmark[1369728]: INF 2026-09-10 11:11:49.065+00:00 Imported blocks                            blockNumber=20581633 slot=9789611 blocks=581632 txs=92628389 mgas=8806651 bps=38.89 tps=5809 mgps=590.7 avgBps=35.19 avgTps=5604 avgMGps=532.8 elapsed=4h35m27s
Sep 10 11:15:26 nimbus-eth1-mainnet-short-benchmark[1369728]: INF 2026-09-10 11:15:26.858+00:00 Imported blocks                            blockNumber=20589825 slot=9797855 blocks=589824 txs=93887208 mgas=8931023 bps=37.61 tps=5779 mgps=571.1 avgBps=35.22 avgTps=5606 avgMGps=533.3 elapsed=4h39m5s
Sep 10 11:19:10 nimbus-eth1-mainnet-short-benchmark[1369728]: INF 2026-09-10 11:19:10.823+00:00 Imported blocks                            blockNumber=20598017 slot=9806095 blocks=598016 txs=95163338 mgas=9055310 bps=36.58 tps=5697 mgps=554.9 avgBps=35.24 avgTps=5607 avgMGps=533.6 elapsed=4h42m49s
Sep 10 11:22:53 nimbus-eth1-mainnet-short-benchmark[1369728]: INF 2026-09-10 11:22:53.744+00:00 Imported blocks                            blockNumber=20606209 slot=9814347 blocks=606208 txs=96334664 mgas=9179976 bps=36.75 tps=5254 mgps=559.2 avgBps=35.26 avgTps=5603 avgMGps=533.9 elapsed=4h46m32s
Sep 10 11:26:25 nimbus-eth1-mainnet-short-benchmark[1369728]: INF 2026-09-10 11:26:25.245+00:00 Imported blocks                            blockNumber=20614401 slot=9822581 blocks=614400 txs=97573414 mgas=9304574 bps=38.73 tps=5856 mgps=589.1 avgBps=35.30 avgTps=5606 avgMGps=534.6 elapsed=4h50m4s
Sep 10 11:30:00 nimbus-eth1-mainnet-short-benchmark[1369728]: INF 2026-09-10 11:30:00.002+00:00 Imported blocks                            blockNumber=20622593 slot=9830821 blocks=622592 txs=98874772 mgas=9428835 bps=38.15 tps=6059 mgps=578.6 avgBps=35.34 avgTps=5611 avgMGps=535.2 elapsed=4h53m38s
Sep 10 11:33:26 nimbus-eth1-mainnet-short-benchmark[1369728]: INF 2026-09-10 11:33:26.523+00:00 Imported blocks                            blockNumber=20630785 slot=9839058 blocks=630784 txs=100178707 mgas=9553009 bps=39.67 tps=6313 mgps=601.3 avgBps=35.39 avgTps=5620 avgMGps=535.9 elapsed=4h57m5s
Sep 10 11:37:01 nimbus-eth1-mainnet-short-benchmark[1369728]: INF 2026-09-10 11:37:01.508+00:00 Imported blocks                            blockNumber=20638977 slot=9847313 blocks=638976 txs=101489116 mgas=9677171 bps=38.10 tps=6095 mgps=577.5 avgBps=35.42 avgTps=5625 avgMGps=536.4 elapsed=5h40s377ms
Sep 10 11:40:37 nimbus-eth1-mainnet-short-benchmark[1369728]: INF 2026-09-10 11:40:37.313+00:00 Imported blocks                            blockNumber=20647169 slot=9855549 blocks=647168 txs=102730058 mgas=9801643 bps=37.96 tps=5750 mgps=576.8 avgBps=35.45 avgTps=5627 avgMGps=536.9 elapsed=5h4m16s
Sep 10 11:44:22 nimbus-eth1-mainnet-short-benchmark[1369728]: INF 2026-09-10 11:44:22.826+00:00 Imported blocks                            blockNumber=20655361 slot=9863778 blocks=655360 txs=103868002 mgas=9926541 bps=36.33 tps=5046 mgps=553.8 avgBps=35.46 avgTps=5620 avgMGps=537.1 elapsed=5h8m1s
Sep 10 11:47:51 nimbus-eth1-mainnet-short-benchmark[1369728]: INF 2026-09-10 11:47:51.315+00:00 Imported blocks                            blockNumber=20663553 slot=9872013 blocks=663552 txs=105112198 mgas=10051274 bps=39.29 tps=5967 mgps=598.3 avgBps=35.50 avgTps=5623 avgMGps=537.8 elapsed=5h11m30s
Sep 10 11:51:10 nimbus-eth1-mainnet-short-benchmark[1369728]: INF 2026-09-10 11:51:10.804+00:00 Imported blocks                            blockNumber=20671745 slot=9880241 blocks=671744 txs=106395904 mgas=10175177 bps=41.06 tps=6434 mgps=621.1 avgBps=35.56 avgTps=5632 avgMGps=538.7 elapsed=5h14m49s
Sep 10 11:54:34 nimbus-eth1-mainnet-short-benchmark[1369728]: INF 2026-09-10 11:54:34.765+00:00 Imported blocks                            blockNumber=20679937 slot=9888471 blocks=679936 txs=107674271 mgas=10299404 bps=40.16 tps=6267 mgps=609.1 avgBps=35.61 avgTps=5639 avgMGps=539.4 elapsed=5h18m13s
Sep 10 11:57:50 nimbus-eth1-mainnet-short-benchmark[1369728]: INF 2026-09-10 11:57:50.718+00:00 Imported blocks                            blockNumber=20688129 slot=9896698 blocks=688128 txs=108938536 mgas=10423298 bps=41.81 tps=6451 mgps=632.3 avgBps=35.67 avgTps=5647 avgMGps=540.4 elapsed=5h21m29s
Sep 10 12:01:18 nimbus-eth1-mainnet-short-benchmark[1369728]: INF 2026-09-10 12:01:18.167+00:00 Imported blocks                            blockNumber=20696321 slot=9904930 blocks=696320 txs=110235786 mgas=10547469 bps=39.49 tps=6253 mgps=598.6 avgBps=35.71 avgTps=5653 avgMGps=541.0 elapsed=5h24m57s
Sep 10 12:05:04 nimbus-eth1-mainnet-short-benchmark[1369728]: INF 2026-09-10 12:05:04.124+00:00 Imported blocks                            blockNumber=20704513 slot=9913154 blocks=704512 txs=111483759 mgas=10671677 bps=36.26 tps=5523 mgps=549.7 avgBps=35.72 avgTps=5652 avgMGps=541.1 elapsed=5h28m42s
Sep 10 12:08:36 nimbus-eth1-mainnet-short-benchmark[1369728]: INF 2026-09-10 12:08:36.005+00:00 Imported blocks                            blockNumber=20712705 slot=9921388 blocks=712704 txs=112764170 mgas=10795980 bps=38.66 tps=6042 mgps=586.7 avgBps=35.75 avgTps=5656 avgMGps=541.6 elapsed=5h32m14s
Sep 10 12:11:54 nimbus-eth1-mainnet-short-benchmark[1369728]: INF 2026-09-10 12:11:54.790+00:00 Imported blocks                            blockNumber=20720897 slot=9929633 blocks=720896 txs=114110517 mgas=10919926 bps=41.21 tps=6772 mgps=623.5 avgBps=35.81 avgTps=5667 avgMGps=542.4 elapsed=5h35m33s
Sep 10 12:15:19 nimbus-eth1-mainnet-short-benchmark[1369728]: INF 2026-09-10 12:15:19.383+00:00 Imported blocks                            blockNumber=20729089 slot=9937869 blocks=729088 txs=115449431 mgas=11043768 bps=40.04 tps=6544 mgps=605.3 avgBps=35.85 avgTps=5676 avgMGps=543.0 elapsed=5h38m58s
Sep 10 12:18:34 nimbus-eth1-mainnet-short-benchmark[1369728]: INF 2026-09-10 12:18:34.861+00:00 Imported blocks                            blockNumber=20737281 slot=9946108 blocks=737280 txs=116784468 mgas=11167784 bps=41.91 tps=6829 mgps=634.4 avgBps=35.91 avgTps=5687 avgMGps=543.9 elapsed=5h42m13s
Sep 10 12:22:01 nimbus-eth1-mainnet-short-benchmark[1369728]: INF 2026-09-10 12:22:01.930+00:00 Imported blocks                            blockNumber=20745473 slot=9954342 blocks=745472 txs=118101003 mgas=11291742 bps=39.56 tps=6357 mgps=598.6 avgBps=35.94 avgTps=5694 avgMGps=544.4 elapsed=5h45m40s
Sep 10 12:25:43 nimbus-eth1-mainnet-short-benchmark[1369728]: INF 2026-09-10 12:25:43.954+00:00 Imported blocks                            blockNumber=20753665 slot=9962581 blocks=753664 txs=119337525 mgas=11415859 bps=36.90 tps=5569 mgps=559.0 avgBps=35.95 avgTps=5692 avgMGps=544.6 elapsed=5h49m22s
Sep 10 12:29:13 nimbus-eth1-mainnet-short-benchmark[1369728]: INF 2026-09-10 12:29:13.076+00:00 Imported blocks                            blockNumber=20761857 slot=9970803 blocks=761856 txs=120564314 mgas=11540225 bps=39.17 tps=5866 mgps=594.7 avgBps=35.98 avgTps=5694 avgMGps=545.1 elapsed=5h52m51s
Sep 10 12:32:29 nimbus-eth1-mainnet-short-benchmark[1369728]: INF 2026-09-10 12:32:29.717+00:00 Imported blocks                            blockNumber=20770049 slot=9979058 blocks=770048 txs=121858083 mgas=11663918 bps=41.66 tps=6579 mgps=629.0 avgBps=36.04 avgTps=5702 avgMGps=545.8 elapsed=5h56m8s
Sep 10 12:35:39 nimbus-eth1-mainnet-short-benchmark[1369728]: INF 2026-09-10 12:35:39.194+00:00 Imported blocks                            blockNumber=20778241 slot=9987307 blocks=778240 txs=123161734 mgas=11787906 bps=43.24 tps=6880 mgps=654.4 avgBps=36.10 avgTps=5713 avgMGps=546.8 elapsed=5h59m18s
Sep 10 12:38:45 nimbus-eth1-mainnet-short-benchmark[1369728]: INF 2026-09-10 12:38:45.147+00:00 Imported blocks                            blockNumber=20786433 slot=9995542 blocks=786432 txs=124509456 mgas=11911612 bps=44.05 tps=7247 mgps=665.3 avgBps=36.17 avgTps=5726 avgMGps=547.8 elapsed=6h2m24s
Sep 10 12:41:54 nimbus-eth1-mainnet-short-benchmark[1369728]: INF 2026-09-10 12:41:54.593+00:00 Imported blocks                            blockNumber=20794625 slot=10003781 blocks=794624 txs=125848921 mgas=12035338 bps=43.24 tps=7070 mgps=653.1 avgBps=36.23 avgTps=5737 avgMGps=548.7 elapsed=6h5m33s
Sep 10 12:45:09 nimbus-eth1-mainnet-short-benchmark[1369728]: INF 2026-09-10 12:45:09.902+00:00 Imported blocks                            blockNumber=20802817 slot=10012028 blocks=802816 txs=127089868 mgas=12158989 bps=41.94 tps=6353 mgps=633.1 avgBps=36.28 avgTps=5743 avgMGps=549.5 elapsed=6h8m48s
Sep 10 12:48:32 nimbus-eth1-mainnet-short-benchmark[1369728]: INF 2026-09-10 12:48:32.239+00:00 Imported blocks                            blockNumber=20811009 slot=10020249 blocks=811008 txs=128299762 mgas=12282850 bps=40.49 tps=5979 mgps=612.2 avgBps=36.32 avgTps=5745 avgMGps=550.0 elapsed=6h12m11s
Sep 10 12:51:42 nimbus-eth1-mainnet-short-benchmark[1369728]: INF 2026-09-10 12:51:42.180+00:00 Imported blocks                            blockNumber=20819201 slot=10028481 blocks=819200 txs=129596319 mgas=12406594 bps=43.13 tps=6826 mgps=651.5 avgBps=36.37 avgTps=5754 avgMGps=550.9 elapsed=6h15m21s
Sep 10 12:54:51 nimbus-eth1-mainnet-short-benchmark[1369728]: INF 2026-09-10 12:54:51.662+00:00 Imported blocks                            blockNumber=20827393 slot=10036710 blocks=827392 txs=130916729 mgas=12530249 bps=43.23 tps=6968 mgps=652.6 avgBps=36.43 avgTps=5764 avgMGps=551.7 elapsed=6h18m30s
Sep 10 12:58:01 nimbus-eth1-mainnet-short-benchmark[1369728]: INF 2026-09-10 12:58:01.243+00:00 Imported blocks                            blockNumber=20835585 slot=10044938 blocks=835584 txs=132226625 mgas=12654070 bps=43.21 tps=6909 mgps=653.1 avgBps=36.49 avgTps=5774 avgMGps=552.6 elapsed=6h21m40s
Sep 10 13:01:21 nimbus-eth1-mainnet-short-benchmark[1369728]: INF 2026-09-10 13:01:21.464+00:00 Imported blocks                            blockNumber=20843777 slot=10053164 blocks=843776 txs=133604192 mgas=12777730 bps=40.92 tps=6880 mgps=617.6 avgBps=36.53 avgTps=5783 avgMGps=553.1 elapsed=6h25m330ms
Sep 10 13:05:07 nimbus-eth1-mainnet-short-benchmark[1369728]: INF 2026-09-10 13:05:07.609+00:00 Imported blocks                            blockNumber=20851969 slot=10061391 blocks=851968 txs=134900706 mgas=12901664 bps=36.22 tps=5733 mgps=548.0 avgBps=36.52 avgTps=5783 avgMGps=553.1 elapsed=6h28m46s
Sep 10 13:08:42 nimbus-eth1-mainnet-short-benchmark[1369728]: INF 2026-09-10 13:08:42.738+00:00 Imported blocks                            blockNumber=20860161 slot=10069622 blocks=860160 txs=136168750 mgas=13025603 bps=38.08 tps=5894 mgps=576.1 avgBps=36.54 avgTps=5784 avgMGps=553.3 elapsed=6h32m21s
Sep 10 13:12:15 nimbus-eth1-mainnet-short-benchmark[1369728]: INF 2026-09-10 13:12:15.011+00:00 Imported blocks                            blockNumber=20868353 slot=10077838 blocks=868352 txs=137550724 mgas=13149742 bps=38.59 tps=6510 mgps=584.8 avgBps=36.56 avgTps=5790 avgMGps=553.6 elapsed=6h35m53s
Sep 10 13:15:45 nimbus-eth1-mainnet-short-benchmark[1369728]: INF 2026-09-10 13:15:45.628+00:00 Imported blocks                            blockNumber=20876545 slot=10086066 blocks=876544 txs=138954673 mgas=13273457 bps=38.90 tps=6665 mgps=587.4 avgBps=36.58 avgTps=5798 avgMGps=553.9 elapsed=6h39m24s
Sep 10 13:19:11 nimbus-eth1-mainnet-short-benchmark[1369728]: INF 2026-09-10 13:19:11.453+00:00 Imported blocks                            blockNumber=20884737 slot=10094286 blocks=884736 txs=140256178 mgas=13397479 bps=39.80 tps=6323 mgps=602.6 avgBps=36.60 avgTps=5802 avgMGps=554.3 elapsed=6h42m50s
Sep 10 13:22:29 nimbus-eth1-mainnet-short-benchmark[1369728]: INF 2026-09-10 13:22:29.910+00:00 Imported blocks                            blockNumber=20892929 slot=10102512 blocks=892928 txs=141581868 mgas=13521575 bps=41.28 tps=6680 mgps=625.3 avgBps=36.64 avgTps=5809 avgMGps=554.9 elapsed=6h46m8s
Sep 10 13:25:50 nimbus-eth1-mainnet-short-benchmark[1369728]: INF 2026-09-10 13:25:50.531+00:00 Imported blocks                            blockNumber=20901121 slot=10110732 blocks=901120 txs=142875889 mgas=13645572 bps=40.83 tps=6450 mgps=618.1 avgBps=36.68 avgTps=5815 avgMGps=555.4 elapsed=6h49m29s
Sep 10 13:29:09 nimbus-eth1-mainnet-short-benchmark[1369728]: INF 2026-09-10 13:29:09.237+00:00 Imported blocks                            blockNumber=20909313 slot=10118953 blocks=909312 txs=144102308 mgas=13769390 bps=41.23 tps=6172 mgps=623.1 avgBps=36.71 avgTps=5818 avgMGps=555.9 elapsed=6h52m48s
Sep 10 13:32:24 nimbus-eth1-mainnet-short-benchmark[1369728]: INF 2026-09-10 13:32:24.954+00:00 Imported blocks                            blockNumber=20917505 slot=10127176 blocks=917504 txs=145406349 mgas=13893087 bps=41.86 tps=6662 mgps=632.0 avgBps=36.75 avgTps=5824 avgMGps=556.5 elapsed=6h56m3s
Sep 10 13:35:31 nimbus-eth1-mainnet-short-benchmark[1369728]: INF 2026-09-10 13:35:31.707+00:00 Imported blocks                            blockNumber=20925697 slot=10135394 blocks=925696 txs=146718394 mgas=14016820 bps=43.87 tps=7025 mgps=662.5 avgBps=36.81 avgTps=5833 avgMGps=557.3 elapsed=6h59m10s
Sep 10 13:38:51 nimbus-eth1-mainnet-short-benchmark[1369728]: INF 2026-09-10 13:38:51.520+00:00 Imported blocks                            blockNumber=20933889 slot=10143614 blocks=933888 txs=148049109 mgas=14140625 bps=41.00 tps=6659 mgps=619.6 avgBps=36.84 avgTps=5840 avgMGps=557.8 elapsed=7h2m30s
Sep 10 13:42:04 nimbus-eth1-mainnet-short-benchmark[1369728]: INF 2026-09-10 13:42:04.310+00:00 Imported blocks                            blockNumber=20942081 slot=10151840 blocks=942080 txs=149397364 mgas=14264352 bps=42.49 tps=6993 mgps=641.8 avgBps=36.88 avgTps=5848 avgMGps=558.4 elapsed=7h5m43s
Sep 10 13:45:20 nimbus-eth1-mainnet-short-benchmark[1369728]: INF 2026-09-10 13:45:20.931+00:00 Imported blocks                            blockNumber=20950273 slot=10160098 blocks=950272 txs=150765507 mgas=14388237 bps=41.66 tps=6958 mgps=630.1 avgBps=36.92 avgTps=5857 avgMGps=559.0 elapsed=7h8m59s
Sep 10 13:48:50 nimbus-eth1-mainnet-short-benchmark[1369728]: INF 2026-09-10 13:48:50.284+00:00 Imported blocks                            blockNumber=20958465 slot=10168363 blocks=958464 txs=152044771 mgas=14511987 bps=39.13 tps=6110 mgps=591.1 avgBps=36.94 avgTps=5859 avgMGps=559.2 elapsed=7h12m29s
Sep 10 13:52:10 nimbus-eth1-mainnet-short-benchmark[1369728]: INF 2026-09-10 13:52:10.697+00:00 Imported blocks                            blockNumber=20966657 slot=10176609 blocks=966656 txs=153365296 mgas=14635804 bps=40.87 tps=6588 mgps=617.8 avgBps=36.97 avgTps=5864 avgMGps=559.7 elapsed=7h15m49s
Sep 10 13:55:32 nimbus-eth1-mainnet-short-benchmark[1369728]: INF 2026-09-10 13:55:32.286+00:00 Imported blocks                            blockNumber=20974849 slot=10184849 blocks=974848 txs=154744917 mgas=14759580 bps=40.64 tps=6843 mgps=614.0 avgBps=36.99 avgTps=5872 avgMGps=560.1 elapsed=7h19m11s
Sep 10 13:58:59 nimbus-eth1-mainnet-short-benchmark[1369728]: INF 2026-09-10 13:58:59.911+00:00 Imported blocks                            blockNumber=20983041 slot=10193086 blocks=983040 txs=156055229 mgas=14883451 bps=39.46 tps=6310 mgps=596.6 avgBps=37.01 avgTps=5875 avgMGps=560.4 elapsed=7h22m38s
Sep 10 14:02:00 nimbus-eth1-mainnet-short-benchmark[1369728]: INF 2026-09-10 14:02:00.637+00:00 Imported blocks                            blockNumber=20991233 slot=10201319 blocks=991232 txs=157563202 mgas=15007557 bps=45.33 tps=8343 mgps=686.7 avgBps=37.07 avgTps=5892 avgMGps=561.3 elapsed=7h25m39s
Sep 10 14:05:29 nimbus-eth1-mainnet-short-benchmark[1369728]: INF 2026-09-10 14:05:29.506+00:00 Imported blocks                            blockNumber=20999425 slot=10209549 blocks=999424 txs=159003277 mgas=15131383 bps=39.22 tps=6894 mgps=592.8 avgBps=37.09 avgTps=5900 avgMGps=561.5 elapsed=7h29m8s
Sep 10 14:05:44 nimbus-eth1-mainnet-short-benchmark[1369728]: INF 2026-09-10 14:05:44.917+00:00 Imported blocks                            blockNumber=21000001 slot=10210128 blocks=1000000 txs=159109486 mgas=15140191 bps=37.38 tps=6891 mgps=571.5 avgBps=37.09 avgTps=5900 avgMGps=561.5 elapsed=7h29m23s
Sep 10 14:05:44 nimbus-eth1-mainnet-short-benchmark[1369728]: NTC 2026-09-10 14:05:44.917+00:00 Import complete                            blockNumber=21000001 slot=10210128 blocks=1000000 txs=159109486 mgas=15140191
Sep 10 14:05:45 nimbus-eth1-mainnet-short-benchmark[1341022]: <<< ending startNimbusWithImport (success)
Sep 10 14:05:45 nimbus-eth1-mainnet-short-benchmark[1341022]: >>> starting moveBenchmarkingFileToRepo
Sep 10 14:05:45 nimbus-eth1-mainnet-short-benchmark[1341022]: >>> copying debug-csv generated by nimbus to benchmarks repo
Sep 10 14:05:45 nimbus-eth1-mainnet-short-benchmark[1341022]: <<< ending moveBenchmarkingFileToRepo (success)
Sep 10 14:05:45 nimbus-eth1-mainnet-short-benchmark[1341022]: >>> starting generateBuildEnvironmentLogFile
Sep 10 14:05:54 nimbus-eth1-mainnet-short-benchmark[1341022]: <<< ending generateBuildEnvironmentLogFile (success)
Sep 10 14:05:54 nimbus-eth1-mainnet-short-benchmark[1341022]: >>> starting generateSystemdServiceLogs
