=== System Information Report ===
>>> Generated on: Thu Aug  6 12:48:54 PM UTC 2026
==========================
>>> CPU Architecture: x86_64
>>> CPU Byte Order: Little Endian
>>> CPU Cores: 16
>>> CPU Model: AMD Ryzen 7 PRO 8700GE w/ Radeon 780M Graphics
>>> CPU Cache Information:
L1d Cache: 256 KiB (8 instances)
L1i Cache: 256 KiB (8 instances)
L2 Cache: 8 MiB (8 instances)
L3 Cache: 16 MiB (1 instance)
>>> RAM Size: 61Gi
>>> Hard Disk Information:
/dev/md2 : 437G total, 243G free
/dev/md1 : 989M total, 690M free
/dev/nvme0n1p1 : 256M total, 256M free
/dev/nvme1n1 : 1.9T total, 644G free
==========================
=== Nimbus-ETH1 Benchmarking Report ===
>>> Total time spent in benchmarking (nanoseconds): 348901132150745
>>> Total time spent in benchmarking (human readable format): 4 days 55 minutes 1 seconds
tail: error writing 'standard output': Broken pipe
>>> Start block number is 1
>>> End block number is 21005282
==========================
=== Comparison of last two benchmarks ===
python /data/status-im/nimbus-eth1/scripts/block-import-stats.py /data/status-im/nimbus-eth1-benchmarks/long-benchmark/20260729T104347_1ae79dc6/blocks-import-benchmark.csv /data/status-im/nimbus-eth1-benchmarks/long-benchmark/20260802T114544_9741f942/blocks-import-benchmark.csv
blocks-import-benchmark.csv vs blocks-import-benchmark.csv
                         bps_x     bps_y      tps_x      tps_y     time_x     time_y    bpsd    tpsd   timed
block_number                                                                                                
(499713, 2778109]     5,512.06  5,508.37  27,065.00  27,048.61     26m33s     26m44s  -0.12%  -0.12%   0.15%
(2778109, 5056506]    1,756.58  1,756.86  31,426.92  31,422.38   1h29m12s    1h29m2s   0.04%   0.04%  -0.00%
(5056506, 7334902]      141.90    142.64  15,192.25  15,269.98   4h30m51s   4h29m23s   0.54%   0.54%  -0.53%
(7334902, 9613299]      117.96    118.32  12,754.90  12,796.39   5h26m56s   5h25m55s   0.31%   0.31%  -0.31%
(9613299, 11891695]      66.07     66.07  10,362.54  10,360.41    9h49m1s    9h49m9s  -0.02%  -0.02%   0.02%
(11891695, 14170092]     42.65     42.58   8,371.47   8,357.73   15h1m39s   15h3m14s  -0.17%  -0.17%   0.17%
(14170092, 16448488]     37.58     37.52   6,312.05   6,302.19  16h53m19s  16h54m53s  -0.15%  -0.15%   0.15%
(16448488, 18726885]     30.85     30.75   4,524.72   4,510.55  20h54m36s  20h58m35s  -0.32%  -0.32%   0.32%
(18726885, 21005282]     28.91     28.96   4,689.03   4,697.35  22h19m11s  22h17m31s   0.16%   0.16%  -0.15%

blocks: 20497377, baseline: 96h51m21s, contender: 96h54m31s
Time (total): 3m9s, 0.05%

bpsd = blocks per sec diff (+), tpsd = txs per sec diff, timed = time to process diff (-)
+ = more is better, - = less is better
==========================
