Sep 21 19:13:41 nimbus-eth1-mainnet-short-benchmark[2673079]: >>> starting cloneOrFetchBenchmarksRepo
Sep 21 19:13:41 nimbus-eth1-mainnet-short-benchmark[2673079]: >>> Fetching latest changes for nimbus-eth1-benchmarks...
Sep 21 19:13:43 nimbus-eth1-mainnet-short-benchmark[2673126]: HEAD is now at a84e7c6 chore: update short benchmark Readme
Sep 21 19:13:43 nimbus-eth1-mainnet-short-benchmark[2673079]: <<< ending cloneOrFetchBenchmarksRepo (success)
Sep 21 19:13:43 nimbus-eth1-mainnet-short-benchmark[2673079]: >>> starting cloneOrFetchNimbusRepo
Sep 21 19:13:44 nimbus-eth1-mainnet-short-benchmark[2673079]: >>> Fetching latest changes for nimbus-eth1...
Sep 21 19:13:45 nimbus-eth1-mainnet-short-benchmark[2673468]: From https://github.com/status-im/nimbus-eth1
Sep 21 19:13:45 nimbus-eth1-mainnet-short-benchmark[2673468]:    3a36e9ae6..8370dde1f  master     -> origin/master
Sep 21 19:13:45 nimbus-eth1-mainnet-short-benchmark[2673490]: HEAD is now at 8370dde1f Snap2 sync update cordb assembly (#4833)
Sep 21 19:13:45 nimbus-eth1-mainnet-short-benchmark[2673079]: >>> Found last benchmarked commit: 3a36e9ae
Sep 21 19:13:45 nimbus-eth1-mainnet-short-benchmark[2673079]: >>> Using next commit: 8370dde1febdf96e87f15bbc0816f738e81045f1
Sep 21 19:13:45 nimbus-eth1-mainnet-short-benchmark[2673506]: HEAD is now at 8370dde1f Snap2 sync update cordb assembly (#4833)
Sep 21 19:13:45 nimbus-eth1-mainnet-short-benchmark[2673079]: >>> Current commit: 8370dde1f
Sep 21 19:13:45 nimbus-eth1-mainnet-short-benchmark[2673079]: <<< ending cloneOrFetchNimbusRepo (success)
Sep 21 19:13:45 nimbus-eth1-mainnet-short-benchmark[2673079]: >>> starting buildBinaries
Sep 21 19:13:45 nimbus-eth1-mainnet-short-benchmark[2673079]: >>> Building binaries for commit 8370dde1...
Sep 21 19:13:51 nimbus-eth1-mainnet-short-benchmark[2679027]: Building: Nim compiler
Sep 21 19:16:55 nimbus-eth1-mainnet-short-benchmark[2679027]: Building custom Nimble commit: 42ef70c2102a942c46f13eb76872326edd525cec
Sep 21 19:17:06 nimbus-eth1-mainnet-short-benchmark[2679027]: Building Nimble...
Sep 21 19:17:16 nimbus-eth1-mainnet-short-benchmark[2679027]: Replacing nimble binary...
Sep 21 19:17:23 nimbus-eth1-mainnet-short-benchmark[2695710]: Building: build/generate_makefile
Sep 21 19:17:24 nimbus-eth1-mainnet-short-benchmark[2695574]: ROCKSDB CACHED VERSION: 11.8.1
Sep 21 19:17:24 nimbus-eth1-mainnet-short-benchmark[2695975]: RocksDb static libraries already built. Skipping build.
Sep 21 19:17:24 nimbus-eth1-mainnet-short-benchmark[2695710]: Build completed successfully: build/generate_makefile
Sep 21 19:17:24 nimbus-eth1-mainnet-short-benchmark[2696029]: Building: build/nimbus_execution_client
Sep 21 19:19:44 nimbus-eth1-mainnet-short-benchmark[2696029]: Build completed successfully: build/nimbus_execution_client
Sep 21 19:19:44 nimbus-eth1-mainnet-short-benchmark[2673079]: >>> renaming binaries to match commit they were built from
Sep 21 19:19:44 nimbus-eth1-mainnet-short-benchmark[2673079]: >>> creating a symbolic link to the latest version
Sep 21 19:19:44 nimbus-eth1-mainnet-short-benchmark[2673079]: >>> deleting copies that are older than N days
Sep 21 19:19:44 nimbus-eth1-mainnet-short-benchmark[2673079]: <<< ending buildBinaries (success)
Sep 21 19:19:44 nimbus-eth1-mainnet-short-benchmark[2673079]: >>> starting skipOrContinueBenchmark
Sep 21 19:19:44 nimbus-eth1-mainnet-short-benchmark[2673079]: <<< ending skipOrContinueBenchmark (success)
Sep 21 19:19:44 nimbus-eth1-mainnet-short-benchmark[2673079]: >>> starting copyTemplateDatabase
Sep 21 19:19:44 nimbus-eth1-mainnet-short-benchmark[2673079]: >>> Copying template db into nimbus data directory
Sep 21 19:22:52 nimbus-eth1-mainnet-short-benchmark[2673079]: >>> Template db copied
Sep 21 19:22:52 nimbus-eth1-mainnet-short-benchmark[2673079]: >>> making nimbus the owner of the copied files
Sep 21 19:22:52 nimbus-eth1-mainnet-short-benchmark[2673079]: <<< ending copyTemplateDatabase (success)
Sep 21 19:22:52 nimbus-eth1-mainnet-short-benchmark[2673079]: >>> starting startNimbusWithImport
Sep 21 19:22:52 nimbus-eth1-mainnet-short-benchmark[2701747]: INF 2026-09-21 19:22:52.283+00:00 Launching execution client                 version=v0.4.1-8370dde1 config="(configFile: none(InputFile), dataDirFlag: some(/data/status-im/nimbus-eth1/data/shared_mainnet_0), era1DirFlag: some(/data/era1), eraDirFlag: some(/data/era), ereDirFlag: none(OutDir), keyStoreDirFlag: none(OutDir), importKey: , trustedSetupFile: none(string), extraData: Nimbus/v0.4.1-8370dde1, gasLimit: none(uint64), maxBlobs: none(byte), network: [mainnet], logLevel: INFO, logFormat: auto, metricsEnabled: false, metricsPort: 9093, metricsAddress: 127.0.0.1, bootstrapNodes: [], elBootstrapNodes: [], bootstrapFile: , elBootstrapFile: , staticPeers: [], staticPeersFile: , reconnectMaxRetry: 0, reconnectInterval: 15, listenAddress: ::, tcpPort: 30303, udpPortFlag: none(Port), maxPeersOpt: none(int), elMaxPeersOpt: none(int), nat: (hasExtIp: false, nat: NatAny), discv5: true, netKey: random, agentString: Nimbus/v0.4.1-8370dde1/linux-amd64/Nim-2.2.12, numThreads: 0, persistBatchSize: 4, dynamicBatchSize: false, rocksdbMaxOpenFiles: 2048, rocksdbWriteBufferSize: 67108864, rocksdbRowCacheSize: 0, rocksdbBlockCacheSize: 2147483648, rocksdbBlockCacheType: hyperclock, rdbVtxCacheSize: 536870912, rdbKeyCacheSize: 1342177280, rdbBranchCacheSize: 1073741824, rdbPrintStats: false, rewriteDatadirId: true, aristoDbMaxSnapshots: 5, debugParallel: none(bool), parallelStateRootComputationFlag: false, parallelSenderRecoveryFlag: true, optimisticStatePrefetchFlag: false, balStatePrefetchFlag: false, balStatePrefetchWorkers: 0, balParallelExecutionFlag: false, balPruning: true, eagerStateRootCheck: false, deserializeFcState: true, statelessProvider: false, statelessWitnessValidation: false, cmd: import, maxBlocks: 1000000, chunkSize: 8192, csvStats: some("/data/host-benchmarks/short/bf62dc27db06419a8010cefd1cc83930/blocks-import-benchmark.csv"), validation: false, fullValidation: false, storeBodies: false, storeReceipts: false, storeSlotHashes: false)"
Sep 21 19:22:52 nimbus-eth1-mainnet-short-benchmark[2701747]: WRN 2026-09-21 19:22:52.291+00:00 Data directory has insecure permissions. Correcting them. data_dir=/data/status-im/nimbus-eth1/data/shared_mainnet_0 current_permissions=0755 required_permissions=0700
Sep 21 19:22:54 nimbus-eth1-mainnet-short-benchmark[2701747]: INF 2026-09-21 19:22:54.119+00:00 Taskpool started                           numThreads=16
Sep 21 19:22:54 nimbus-eth1-mainnet-short-benchmark[2701747]: CreateIOUring failed: Invalid argument (errno=22), thread=140145183853824
Sep 21 19:22:54 nimbus-eth1-mainnet-short-benchmark[2701747]: INF 2026-09-21 19:22:54.267+00:00 Database initialized                       base="(0xd24fd73f794058a3807db926d8898c6481e902b7edb91ce0d479d6760f276183, 20000000)" finalized="(0xd24fd73f794058a3807db926d8898c6481e902b7edb91ce0d479d6760f276183, 20000000)" head="(0xd4e56740f876aef8c010b86a40d5f56745a118d0906a34e69aec8c0db1cb8fa3, 0)"
Sep 21 19:22:54 nimbus-eth1-mainnet-short-benchmark[2701747]: NTC 2026-09-21 19:22:54.267+00:00 Could not open ere database, falling back to era1/era import ereDir=/data/status-im/nimbus-eth1/data/shared_mainnet_0/ere networkName=mainnet error="No ere files found in /data/status-im/nimbus-eth1/data/shared_mainnet_0/ere"
Sep 21 19:22:54 nimbus-eth1-mainnet-short-benchmark[2701747]: NTC 2026-09-21 19:22:54.267+00:00 Importing era archive                      blockNumber=20000001 dataDir=/data/status-im/nimbus-eth1/data/shared_mainnet_0 eraDir=/data/era
Sep 21 19:22:56 nimbus-eth1-mainnet-short-benchmark[2701747]: NTC 2026-09-21 19:22:56.487+00:00 Matched block to slot number               blockNumber=20000001 slot=9204783
Sep 21 19:28:57 nimbus-eth1-mainnet-short-benchmark[2701747]: INF 2026-09-21 19:28:57.402+00:00 Imported blocks                            blockNumber=20008193 slot=9213020 blocks=8192 txs=1226966 mgas=124237 bps=22.56 tps=3378 mgps=342.1 avgBps=22.56 avgTps=3378 avgMGps=342.1 elapsed=6m3s135ms
Sep 21 19:34:17 nimbus-eth1-mainnet-short-benchmark[2701747]: INF 2026-09-21 19:34:17.085+00:00 Imported blocks                            blockNumber=20016385 slot=9221256 blocks=16384 txs=2540380 mgas=248071 bps=25.63 tps=4108 mgps=387.4 avgBps=23.99 avgTps=3720 avgMGps=363.3 elapsed=11m22s818ms
Sep 21 19:39:27 nimbus-eth1-mainnet-short-benchmark[2701747]: INF 2026-09-21 19:39:27.733+00:00 Imported blocks                            blockNumber=20024577 slot=9229485 blocks=24576 txs=3869398 mgas=372018 bps=26.37 tps=4278 mgps=399.0 avgBps=24.74 avgTps=3894 avgMGps=374.5 elapsed=16m33s466ms
Sep 21 19:44:06 nimbus-eth1-mainnet-short-benchmark[2701747]: INF 2026-09-21 19:44:06.821+00:00 Imported blocks                            blockNumber=20032769 slot=9237722 blocks=32768 txs=5222766 mgas=495797 bps=29.35 tps=4849 mgps=443.5 avgBps=25.75 avgTps=4104 avgMGps=389.6 elapsed=21m12s555ms
Sep 21 19:48:34 nimbus-eth1-mainnet-short-benchmark[2701747]: INF 2026-09-21 19:48:34.645+00:00 Imported blocks                            blockNumber=20040961 slot=9245957 blocks=40960 txs=6566802 mgas=619586 bps=30.59 tps=5018 mgps=462.2 avgBps=26.59 avgTps=4263 avgMGps=402.2 elapsed=25m40s378ms
Sep 21 19:53:20 nimbus-eth1-mainnet-short-benchmark[2701747]: INF 2026-09-21 19:53:20.785+00:00 Imported blocks                            blockNumber=20049153 slot=9254196 blocks=49152 txs=7904746 mgas=743522 bps=28.63 tps=4675 mgps=433.1 avgBps=26.91 avgTps=4327 avgMGps=407.1 elapsed=30m26s519ms
Sep 21 19:57:57 nimbus-eth1-mainnet-short-benchmark[2701747]: INF 2026-09-21 19:57:57.953+00:00 Imported blocks                            blockNumber=20057345 slot=9262435 blocks=57344 txs=9212009 mgas=867360 bps=29.56 tps=4716 mgps=446.8 avgBps=27.26 avgTps=4378 avgMGps=412.3 elapsed=35m3s685ms
Sep 21 20:02:14 nimbus-eth1-mainnet-short-benchmark[2701747]: INF 2026-09-21 20:02:14.689+00:00 Imported blocks                            blockNumber=20065537 slot=9270674 blocks=65536 txs=10559018 mgas=991371 bps=31.91 tps=5246 mgps=483.0 avgBps=27.76 avgTps=4473 avgMGps=420.0 elapsed=39m20s422ms
Sep 21 20:06:17 nimbus-eth1-mainnet-short-benchmark[2701747]: INF 2026-09-21 20:06:17.298+00:00 Imported blocks                            blockNumber=20073729 slot=9278910 blocks=73728 txs=11898676 mgas=1115111 bps=33.77 tps=5521 mgps=510.0 avgBps=28.32 avgTps=4571 avgMGps=428.4 elapsed=43m23s29ms
Sep 21 20:10:07 nimbus-eth1-mainnet-short-benchmark[2701747]: INF 2026-09-21 20:10:07.075+00:00 Imported blocks                            blockNumber=20081921 slot=9287152 blocks=81920 txs=13323263 mgas=1239150 bps=35.65 tps=6199 mgps=539.8 avgBps=28.92 avgTps=4703 avgMGps=437.4 elapsed=47m12s807ms
Sep 21 20:13:58 nimbus-eth1-mainnet-short-benchmark[2701747]: INF 2026-09-21 20:13:58.967+00:00 Imported blocks                            blockNumber=20090113 slot=9295408 blocks=90112 txs=14697082 mgas=1363113 bps=35.33 tps=5924 mgps=534.6 avgBps=29.40 avgTps=4795 avgMGps=444.8 elapsed=51m4s700ms
Sep 21 20:18:08 nimbus-eth1-mainnet-short-benchmark[2701747]: INF 2026-09-21 20:18:08.196+00:00 Imported blocks                            blockNumber=20098305 slot=9303658 blocks=98304 txs=16025683 mgas=1487146 bps=32.87 tps=5330 mgps=497.7 avgBps=29.66 avgTps=4835 avgMGps=448.8 elapsed=55m13s929ms
Sep 21 20:22:24 nimbus-eth1-mainnet-short-benchmark[2701747]: INF 2026-09-21 20:22:24.496+00:00 Imported blocks                            blockNumber=20106497 slot=9311895 blocks=106496 txs=17337157 mgas=1611066 bps=31.96 tps=5116 mgps=483.5 avgBps=29.83 avgTps=4856 avgMGps=451.3 elapsed=59m30s227ms
Sep 21 20:26:26 nimbus-eth1-mainnet-short-benchmark[2701747]: INF 2026-09-21 20:26:26.097+00:00 Imported blocks                            blockNumber=20114689 slot=9320146 blocks=114688 txs=18632097 mgas=1735123 bps=33.91 tps=5359 mgps=513.5 avgBps=30.09 avgTps=4887 avgMGps=455.2 elapsed=1h3m31s
Sep 21 20:30:16 nimbus-eth1-mainnet-short-benchmark[2701747]: INF 2026-09-21 20:30:16.761+00:00 Imported blocks                            blockNumber=20122881 slot=9328409 blocks=122880 txs=19937418 mgas=1859249 bps=35.51 tps=5658 mgps=538.1 avgBps=30.40 avgTps=4931 avgMGps=459.9 elapsed=1h7m22s
Sep 21 20:34:01 nimbus-eth1-mainnet-short-benchmark[2701747]: INF 2026-09-21 20:34:01.886+00:00 Imported blocks                            blockNumber=20131073 slot=9336660 blocks=131072 txs=21214129 mgas=1983500 bps=36.39 tps=5671 mgps=551.9 avgBps=30.71 avgTps=4970 avgMGps=464.8 elapsed=1h11m7s
Sep 21 20:37:46 nimbus-eth1-mainnet-short-benchmark[2701747]: INF 2026-09-21 20:37:46.839+00:00 Imported blocks                            blockNumber=20139265 slot=9344906 blocks=139264 txs=22579079 mgas=2107571 bps=36.42 tps=6067 mgps=551.5 avgBps=31.00 avgTps=5025 avgMGps=469.1 elapsed=1h14m52s
Sep 21 20:42:15 nimbus-eth1-mainnet-short-benchmark[2701747]: INF 2026-09-21 20:42:15.895+00:00 Imported blocks                            blockNumber=20147457 slot=9353153 blocks=147456 txs=24133322 mgas=2231686 bps=30.45 tps=5776 mgps=461.3 avgBps=30.97 avgTps=5068 avgMGps=468.7 elapsed=1h19m21s
Sep 21 20:46:34 nimbus-eth1-mainnet-short-benchmark[2701747]: INF 2026-09-21 20:46:34.819+00:00 Imported blocks                            blockNumber=20155649 slot=9361407 blocks=155648 txs=25424015 mgas=2356018 bps=31.64 tps=4984 mgps=480.2 avgBps=31.00 avgTps=5063 avgMGps=469.3 elapsed=1h23m40s
Sep 21 20:50:33 nimbus-eth1-mainnet-short-benchmark[2701747]: INF 2026-09-21 20:50:33.920+00:00 Imported blocks                            blockNumber=20163841 slot=9369652 blocks=163840 txs=26749549 mgas=2480207 bps=34.26 tps=5543 mgps=519.4 avgBps=31.15 avgTps=5085 avgMGps=471.6 elapsed=1h27m39s
Sep 21 20:54:27 nimbus-eth1-mainnet-short-benchmark[2701747]: INF 2026-09-21 20:54:27.241+00:00 Imported blocks                            blockNumber=20172033 slot=9377892 blocks=172032 txs=28105316 mgas=2604026 bps=35.11 tps=5810 mgps=530.7 avgBps=31.32 avgTps=5116 avgMGps=474.1 elapsed=1h31m32s
Sep 21 20:58:24 nimbus-eth1-mainnet-short-benchmark[2701747]: INF 2026-09-21 20:58:24.473+00:00 Imported blocks                            blockNumber=20180225 slot=9386128 blocks=180224 txs=29524405 mgas=2728170 bps=34.53 tps=5981 mgps=523.3 avgBps=31.45 avgTps=5152 avgMGps=476.1 elapsed=1h35m30s
Sep 21 21:02:06 nimbus-eth1-mainnet-short-benchmark[2701747]: INF 2026-09-21 21:02:06.554+00:00 Imported blocks                            blockNumber=20188417 slot=9394365 blocks=188416 txs=30849021 mgas=2852023 bps=36.89 tps=5964 mgps=557.7 avgBps=31.65 avgTps=5182 avgMGps=479.1 elapsed=1h39m12s
Sep 21 21:06:11 nimbus-eth1-mainnet-short-benchmark[2701747]: INF 2026-09-21 21:06:11.059+00:00 Imported blocks                            blockNumber=20196609 slot=9402602 blocks=196608 txs=32174755 mgas=2976155 bps=33.50 tps=5422 mgps=507.7 avgBps=31.73 avgTps=5192 avgMGps=480.3 elapsed=1h43m16s
Sep 21 21:10:29 nimbus-eth1-mainnet-short-benchmark[2701747]: INF 2026-09-21 21:10:29.223+00:00 Imported blocks                            blockNumber=20204801 slot=9410840 blocks=204800 txs=33475942 mgas=3100410 bps=31.73 tps=5040 mgps=481.3 avgBps=31.73 avgTps=5186 avgMGps=480.3 elapsed=1h47m34s
Sep 21 21:14:25 nimbus-eth1-mainnet-short-benchmark[2701747]: INF 2026-09-21 21:14:25.900+00:00 Imported blocks                            blockNumber=20212993 slot=9419071 blocks=212992 txs=34798508 mgas=3224370 bps=34.61 tps=5588 mgps=523.8 avgBps=31.83 avgTps=5200 avgMGps=481.9 elapsed=1h51m31s
Sep 21 21:18:18 nimbus-eth1-mainnet-short-benchmark[2701747]: INF 2026-09-21 21:18:18.436+00:00 Imported blocks                            blockNumber=20221185 slot=9427313 blocks=221184 txs=36114045 mgas=3348169 bps=35.23 tps=5657 mgps=532.4 avgBps=31.94 avgTps=5215 avgMGps=483.5 elapsed=1h55m24s
Sep 21 21:21:51 nimbus-eth1-mainnet-short-benchmark[2701747]: INF 2026-09-21 21:21:51.753+00:00 Imported blocks                            blockNumber=20229377 slot=9435549 blocks=229376 txs=37421794 mgas=3472031 bps=38.40 tps=6130 mgps=580.7 avgBps=32.14 avgTps=5242 avgMGps=486.5 elapsed=1h58m57s
Sep 21 21:25:34 nimbus-eth1-mainnet-short-benchmark[2701747]: INF 2026-09-21 21:25:34.978+00:00 Imported blocks                            blockNumber=20237569 slot=9443788 blocks=237568 txs=38842064 mgas=3596351 bps=36.70 tps=6362 mgps=556.9 avgBps=32.28 avgTps=5276 avgMGps=488.6 elapsed=2h2m40s
Sep 21 21:29:35 nimbus-eth1-mainnet-short-benchmark[2701747]: INF 2026-09-21 21:29:35.219+00:00 Imported blocks                            blockNumber=20245761 slot=9452021 blocks=245760 txs=40225739 mgas=3720100 bps=34.10 tps=5759 mgps=515.1 avgBps=32.33 avgTps=5292 avgMGps=489.4 elapsed=2h6m40s
Sep 21 21:33:52 nimbus-eth1-mainnet-short-benchmark[2701747]: INF 2026-09-21 21:33:52.223+00:00 Imported blocks                            blockNumber=20253953 slot=9460253 blocks=253952 txs=41454921 mgas=3844385 bps=31.87 tps=4782 mgps=483.6 avgBps=32.32 avgTps=5275 avgMGps=489.2 elapsed=2h10m57s
Sep 21 21:37:54 nimbus-eth1-mainnet-short-benchmark[2701747]: INF 2026-09-21 21:37:54.840+00:00 Imported blocks                            blockNumber=20262145 slot=9468495 blocks=262144 txs=42726051 mgas=3968623 bps=33.77 tps=5239 mgps=512.1 avgBps=32.36 avgTps=5274 avgMGps=489.9 elapsed=2h15m572ms
Sep 21 21:41:43 nimbus-eth1-mainnet-short-benchmark[2701747]: INF 2026-09-21 21:41:43.177+00:00 Imported blocks                            blockNumber=20270337 slot=9476748 blocks=270336 txs=44050436 mgas=4092682 bps=35.88 tps=5800 mgps=543.3 avgBps=32.46 avgTps=5288 avgMGps=491.4 elapsed=2h18m48s
Sep 21 21:45:15 nimbus-eth1-mainnet-short-benchmark[2701747]: INF 2026-09-21 21:45:15.549+00:00 Imported blocks                            blockNumber=20278529 slot=9484981 blocks=278528 txs=45382368 mgas=4216487 bps=38.57 tps=6271 mgps=583.0 avgBps=32.61 avgTps=5313 avgMGps=493.7 elapsed=2h22m21s
Sep 21 21:48:53 nimbus-eth1-mainnet-short-benchmark[2701747]: INF 2026-09-21 21:48:53.062+00:00 Imported blocks                            blockNumber=20286721 slot=9493213 blocks=286720 txs=46733429 mgas=4340363 bps=37.66 tps=6211 mgps=569.5 avgBps=32.74 avgTps=5335 avgMGps=495.5 elapsed=2h25m58s
Sep 21 21:52:52 nimbus-eth1-mainnet-short-benchmark[2701747]: INF 2026-09-21 21:52:52.795+00:00 Imported blocks                            blockNumber=20294913 slot=9501453 blocks=294912 txs=48075887 mgas=4464376 bps=34.17 tps=5599 mgps=517.3 avgBps=32.77 avgTps=5342 avgMGps=496.1 elapsed=2h29m58s
Sep 21 21:56:45 nimbus-eth1-mainnet-short-benchmark[2701747]: INF 2026-09-21 21:56:45.704+00:00 Imported blocks                            blockNumber=20303105 slot=9509696 blocks=303104 txs=49379538 mgas=4588534 bps=35.17 tps=5597 mgps=533.1 avgBps=32.83 avgTps=5349 avgMGps=497.1 elapsed=2h33m51s
Sep 21 22:00:32 nimbus-eth1-mainnet-short-benchmark[2701747]: INF 2026-09-21 22:00:32.528+00:00 Imported blocks                            blockNumber=20311297 slot=9517922 blocks=311296 txs=50637672 mgas=4712596 bps=36.12 tps=5546 mgps=546.9 avgBps=32.91 avgTps=5353 avgMGps=498.3 elapsed=2h37m38s
Sep 21 22:04:11 nimbus-eth1-mainnet-short-benchmark[2701747]: INF 2026-09-21 22:04:11.149+00:00 Imported blocks                            blockNumber=20319489 slot=9526159 blocks=319488 txs=51981692 mgas=4836521 bps=37.47 tps=6147 mgps=566.8 avgBps=33.02 avgTps=5371 avgMGps=499.8 elapsed=2h41m16s
Sep 21 22:07:29 nimbus-eth1-mainnet-short-benchmark[2701747]: INF 2026-09-21 22:07:29.171+00:00 Imported blocks                            blockNumber=20327681 slot=9534381 blocks=327680 txs=53356123 mgas=4960245 bps=41.37 tps=6940 mgps=624.8 avgBps=33.18 avgTps=5403 avgMGps=502.3 elapsed=2h44m34s
Sep 21 22:10:47 nimbus-eth1-mainnet-short-benchmark[2701747]: INF 2026-09-21 22:10:47.060+00:00 Imported blocks                            blockNumber=20335873 slot=9542617 blocks=335872 txs=54719105 mgas=5084025 bps=41.40 tps=6887 mgps=625.5 avgBps=33.34 avgTps=5432 avgMGps=504.7 elapsed=2h47m52s
Sep 21 22:14:22 nimbus-eth1-mainnet-short-benchmark[2701747]: INF 2026-09-21 22:14:22.993+00:00 Imported blocks                            blockNumber=20344065 slot=9550841 blocks=344064 txs=56021853 mgas=5207843 bps=37.94 tps=6033 mgps=573.4 avgBps=33.44 avgTps=5444 avgMGps=506.2 elapsed=2h51m28s
Sep 21 22:18:31 nimbus-eth1-mainnet-short-benchmark[2701747]: INF 2026-09-21 22:18:31.949+00:00 Imported blocks                            blockNumber=20352257 slot=9559072 blocks=352256 txs=57290408 mgas=5332016 bps=32.91 tps=5095 mgps=498.8 avgBps=33.43 avgTps=5436 avgMGps=506.0 elapsed=2h55m37s
Sep 21 22:22:18 nimbus-eth1-mainnet-short-benchmark[2701747]: INF 2026-09-21 22:22:18.530+00:00 Imported blocks                            blockNumber=20360449 slot=9567308 blocks=360448 txs=58543463 mgas=5456201 bps=36.16 tps=5530 mgps=548.1 avgBps=33.49 avgTps=5438 avgMGps=506.9 elapsed=2h59m24s
Sep 21 22:25:55 nimbus-eth1-mainnet-short-benchmark[2701747]: INF 2026-09-21 22:25:55.211+00:00 Imported blocks                            blockNumber=20368641 slot=9575548 blocks=368640 txs=59874056 mgas=5580204 bps=37.81 tps=6140 mgps=572.3 avgBps=33.57 avgTps=5452 avgMGps=508.2 elapsed=3h3m945ms
Sep 21 22:29:41 nimbus-eth1-mainnet-short-benchmark[2701747]: INF 2026-09-21 22:29:41.344+00:00 Imported blocks                            blockNumber=20376833 slot=9583774 blocks=376832 txs=61167066 mgas=5704396 bps=36.23 tps=5717 mgps=549.2 avgBps=33.62 avgTps=5457 avgMGps=509.0 elapsed=3h6m47s
Sep 21 22:33:21 nimbus-eth1-mainnet-short-benchmark[2701747]: INF 2026-09-21 22:33:21.912+00:00 Imported blocks                            blockNumber=20385025 slot=9592009 blocks=385024 txs=62480333 mgas=5828235 bps=37.14 tps=5953 mgps=561.4 avgBps=33.69 avgTps=5467 avgMGps=510.0 elapsed=3h10m27s
Sep 21 22:37:02 nimbus-eth1-mainnet-short-benchmark[2701747]: INF 2026-09-21 22:37:02.985+00:00 Imported blocks                            blockNumber=20393217 slot=9600248 blocks=393216 txs=63800597 mgas=5952136 bps=37.06 tps=5972 mgps=560.5 avgBps=33.76 avgTps=5477 avgMGps=511.0 elapsed=3h14m8s
Sep 21 22:40:35 nimbus-eth1-mainnet-short-benchmark[2701747]: INF 2026-09-21 22:40:35.438+00:00 Imported blocks                            blockNumber=20401409 slot=9608486 blocks=401408 txs=65021243 mgas=6076384 bps=38.56 tps=5745 mgps=584.8 avgBps=33.84 avgTps=5481 avgMGps=512.3 elapsed=3h17m41s
Sep 21 22:44:20 nimbus-eth1-mainnet-short-benchmark[2701747]: INF 2026-09-21 22:44:20.907+00:00 Imported blocks                            blockNumber=20409601 slot=9616707 blocks=409600 txs=66199016 mgas=6200666 bps=36.33 tps=5223 mgps=551.2 avgBps=33.89 avgTps=5477 avgMGps=513.0 elapsed=3h21m26s
Sep 21 22:48:00 nimbus-eth1-mainnet-short-benchmark[2701747]: INF 2026-09-21 22:48:00.592+00:00 Imported blocks                            blockNumber=20417793 slot=9624941 blocks=417792 txs=67453930 mgas=6324823 bps=37.29 tps=5712 mgps=565.2 avgBps=33.95 avgTps=5481 avgMGps=513.9 elapsed=3h25m6s
Sep 21 22:51:14 nimbus-eth1-mainnet-short-benchmark[2701747]: INF 2026-09-21 22:51:13.998+00:00 Imported blocks                            blockNumber=20425985 slot=9633187 blocks=425984 txs=68814904 mgas=6448778 bps=42.36 tps=7036 mgps=640.9 avgBps=34.08 avgTps=5505 avgMGps=515.9 elapsed=3h28m19s
Sep 21 22:54:27 nimbus-eth1-mainnet-short-benchmark[2701747]: INF 2026-09-21 22:54:27.635+00:00 Imported blocks                            blockNumber=20434177 slot=9641422 blocks=434176 txs=70124508 mgas=6572711 bps=42.31 tps=6763 mgps=640.0 avgBps=34.20 avgTps=5524 avgMGps=517.8 elapsed=3h31m33s
Sep 21 22:57:49 nimbus-eth1-mainnet-short-benchmark[2701747]: INF 2026-09-21 22:57:49.116+00:00 Imported blocks                            blockNumber=20442369 slot=9649657 blocks=442368 txs=71403576 mgas=6696451 bps=40.66 tps=6348 mgps=614.2 avgBps=34.31 avgTps=5537 avgMGps=519.3 elapsed=3h34m54s
Sep 21 23:01:31 nimbus-eth1-mainnet-short-benchmark[2701747]: INF 2026-09-21 23:01:31.433+00:00 Imported blocks                            blockNumber=20450561 slot=9657896 blocks=450560 txs=72659905 mgas=6820521 bps=36.85 tps=5650 mgps=558.1 avgBps=34.35 avgTps=5539 avgMGps=520.0 elapsed=3h38m37s
Sep 21 23:05:33 nimbus-eth1-mainnet-short-benchmark[2701747]: INF 2026-09-21 23:05:33.606+00:00 Imported blocks                            blockNumber=20458753 slot=9666114 blocks=458752 txs=73838533 mgas=6945116 bps=33.83 tps=4866 mgps=514.5 avgBps=34.34 avgTps=5527 avgMGps=519.9 elapsed=3h42m39s
Sep 21 23:09:13 nimbus-eth1-mainnet-short-benchmark[2701747]: INF 2026-09-21 23:09:13.015+00:00 Imported blocks                            blockNumber=20466945 slot=9674343 blocks=466944 txs=75124748 mgas=7068943 bps=37.34 tps=5862 mgps=564.4 avgBps=34.39 avgTps=5532 avgMGps=520.6 elapsed=3h46m18s
Sep 21 23:12:50 nimbus-eth1-mainnet-short-benchmark[2701747]: INF 2026-09-21 23:12:50.187+00:00 Imported blocks                            blockNumber=20475137 slot=9682575 blocks=475136 txs=76420106 mgas=7192870 bps=37.72 tps=5964 mgps=570.6 avgBps=34.44 avgTps=5539 avgMGps=521.4 elapsed=3h49m55s
Sep 21 23:16:16 nimbus-eth1-mainnet-short-benchmark[2701747]: INF 2026-09-21 23:16:16.964+00:00 Imported blocks                            blockNumber=20483329 slot=9690800 blocks=483328 txs=77675422 mgas=7316939 bps=39.62 tps=6070 mgps=600.0 avgBps=34.52 avgTps=5547 avgMGps=522.5 elapsed=3h53m22s
Sep 21 23:19:40 nimbus-eth1-mainnet-short-benchmark[2701747]: INF 2026-09-21 23:19:40.530+00:00 Imported blocks                            blockNumber=20491521 slot=9699019 blocks=491520 txs=78951232 mgas=7440784 bps=40.24 tps=6267 mgps=608.4 avgBps=34.60 avgTps=5557 avgMGps=523.8 elapsed=3h56m46s
Sep 21 23:23:20 nimbus-eth1-mainnet-short-benchmark[2701747]: INF 2026-09-21 23:23:20.623+00:00 Imported blocks                            blockNumber=20499713 slot=9707248 blocks=499712 txs=80189642 mgas=7564669 bps=37.22 tps=5626 mgps=562.9 avgBps=34.64 avgTps=5558 avgMGps=524.4 elapsed=4h26s355ms
Sep 21 23:27:05 nimbus-eth1-mainnet-short-benchmark[2701747]: INF 2026-09-21 23:27:05.511+00:00 Imported blocks                            blockNumber=20507905 slot=9715488 blocks=507904 txs=81317763 mgas=7689208 bps=36.43 tps=5016 mgps=553.8 avgBps=34.67 avgTps=5550 avgMGps=524.8 elapsed=4h4m11s
Sep 21 23:30:25 nimbus-eth1-mainnet-short-benchmark[2701747]: INF 2026-09-21 23:30:25.141+00:00 Imported blocks                            blockNumber=20516097 slot=9723715 blocks=516096 txs=82520262 mgas=7813209 bps=41.03 tps=6023 mgps=621.1 avgBps=34.75 avgTps=5556 avgMGps=526.1 elapsed=4h7m30s
Sep 21 23:33:59 nimbus-eth1-mainnet-short-benchmark[2701747]: INF 2026-09-21 23:33:59.093+00:00 Imported blocks                            blockNumber=20524289 slot=9731945 blocks=524288 txs=83780075 mgas=7937233 bps=38.29 tps=5888 mgps=579.7 avgBps=34.80 avgTps=5561 avgMGps=526.9 elapsed=4h11m4s
Sep 21 23:37:36 nimbus-eth1-mainnet-short-benchmark[2701747]: INF 2026-09-21 23:37:36.794+00:00 Imported blocks                            blockNumber=20532481 slot=9740183 blocks=532480 txs=85263862 mgas=8061024 bps=37.63 tps=6815 mgps=568.6 avgBps=34.84 avgTps=5579 avgMGps=527.5 elapsed=4h14m42s
Sep 21 23:41:19 nimbus-eth1-mainnet-short-benchmark[2701747]: INF 2026-09-21 23:41:19.451+00:00 Imported blocks                            blockNumber=20540673 slot=9748418 blocks=540672 txs=86612143 mgas=8185090 bps=36.79 tps=6055 mgps=557.2 avgBps=34.87 avgTps=5586 avgMGps=527.9 elapsed=4h18m25s
Sep 21 23:45:08 nimbus-eth1-mainnet-short-benchmark[2701747]: INF 2026-09-21 23:45:08.800+00:00 Imported blocks                            blockNumber=20548865 slot=9756662 blocks=548864 txs=87802991 mgas=8309513 bps=35.72 tps=5192 mgps=542.5 avgBps=34.88 avgTps=5580 avgMGps=528.1 elapsed=4h22m14s
Sep 21 23:48:54 nimbus-eth1-mainnet-short-benchmark[2701747]: INF 2026-09-21 23:48:54.409+00:00 Imported blocks                            blockNumber=20557057 slot=9764892 blocks=557056 txs=88964987 mgas=8433956 bps=36.31 tps=5150 mgps=551.6 avgBps=34.90 avgTps=5574 avgMGps=528.4 elapsed=4h26m144ms
Sep 21 23:52:28 nimbus-eth1-mainnet-short-benchmark[2701747]: INF 2026-09-21 23:52:28.782+00:00 Imported blocks                            blockNumber=20565249 slot=9773131 blocks=565248 txs=90186094 mgas=8558113 bps=38.21 tps=5696 mgps=579.2 avgBps=34.95 avgTps=5575 avgMGps=529.1 elapsed=4h29m34s
Sep 21 23:56:06 nimbus-eth1-mainnet-short-benchmark[2701747]: INF 2026-09-21 23:56:06.575+00:00 Imported blocks                            blockNumber=20573441 slot=9781369 blocks=573440 txs=91404654 mgas=8682228 bps=37.61 tps=5595 mgps=569.9 avgBps=34.98 avgTps=5576 avgMGps=529.7 elapsed=4h33m12s
Sep 21 23:59:37 nimbus-eth1-mainnet-short-benchmark[2701747]: INF 2026-09-21 23:59:37.260+00:00 Imported blocks                            blockNumber=20581633 slot=9789611 blocks=581632 txs=92628389 mgas=8806651 bps=38.88 tps=5808 mgps=590.6 avgBps=35.03 avgTps=5579 avgMGps=530.4 elapsed=4h36m42s
Sep 22 00:03:16 nimbus-eth1-mainnet-short-benchmark[2701747]: INF 2026-09-22 00:03:16.084+00:00 Imported blocks                            blockNumber=20589825 slot=9797855 blocks=589824 txs=93887208 mgas=8931023 bps=37.44 tps=5752 mgps=568.4 avgBps=35.06 avgTps=5581 avgMGps=530.9 elapsed=4h40m21s
Sep 22 00:07:01 nimbus-eth1-mainnet-short-benchmark[2701747]: INF 2026-09-22 00:07:01.841+00:00 Imported blocks                            blockNumber=20598017 slot=9806095 blocks=598016 txs=95163338 mgas=9055310 bps=36.29 tps=5652 mgps=550.5 avgBps=35.08 avgTps=5582 avgMGps=531.2 elapsed=4h44m7s
Sep 22 00:10:46 nimbus-eth1-mainnet-short-benchmark[2701747]: INF 2026-09-22 00:10:46.362+00:00 Imported blocks                            blockNumber=20606209 slot=9814347 blocks=606208 txs=96334664 mgas=9179976 bps=36.49 tps=5217 mgps=555.3 avgBps=35.10 avgTps=5577 avgMGps=531.5 elapsed=4h47m52s
Sep 22 00:14:19 nimbus-eth1-mainnet-short-benchmark[2701747]: INF 2026-09-22 00:14:19.883+00:00 Imported blocks                            blockNumber=20614401 slot=9822581 blocks=614400 txs=97573414 mgas=9304574 bps=38.37 tps=5801 mgps=583.5 avgBps=35.14 avgTps=5580 avgMGps=532.1 elapsed=4h51m25s
Sep 22 00:17:54 nimbus-eth1-mainnet-short-benchmark[2701747]: INF 2026-09-22 00:17:54.356+00:00 Imported blocks                            blockNumber=20622593 slot=9830821 blocks=622592 txs=98874772 mgas=9428835 bps=38.20 tps=6067 mgps=579.4 avgBps=35.17 avgTps=5586 avgMGps=532.7 elapsed=4h55m85ms
Sep 22 00:21:21 nimbus-eth1-mainnet-short-benchmark[2701747]: INF 2026-09-22 00:21:21.117+00:00 Imported blocks                            blockNumber=20630785 slot=9839058 blocks=630784 txs=100178707 mgas=9553009 bps=39.62 tps=6306 mgps=600.6 avgBps=35.23 avgTps=5594 avgMGps=533.5 elapsed=4h58m26s
Sep 22 00:24:56 nimbus-eth1-mainnet-short-benchmark[2701747]: INF 2026-09-22 00:24:56.174+00:00 Imported blocks                            blockNumber=20638977 slot=9847313 blocks=638976 txs=101489116 mgas=9677171 bps=38.09 tps=6093 mgps=577.3 avgBps=35.26 avgTps=5600 avgMGps=534.0 elapsed=5h2m1s
Sep 22 00:28:30 nimbus-eth1-mainnet-short-benchmark[2701747]: INF 2026-09-22 00:28:30.243+00:00 Imported blocks                            blockNumber=20647169 slot=9855549 blocks=647168 txs=102730058 mgas=9801643 bps=38.27 tps=5796 mgps=581.5 avgBps=35.29 avgTps=5602 avgMGps=534.6 elapsed=5h5m35s
Sep 22 00:32:19 nimbus-eth1-mainnet-short-benchmark[2701747]: INF 2026-09-22 00:32:19.627+00:00 Imported blocks                            blockNumber=20655361 slot=9863778 blocks=655360 txs=103868002 mgas=9926541 bps=35.71 tps=4960 mgps=544.5 avgBps=35.30 avgTps=5594 avgMGps=534.7 elapsed=5h9m25s
Sep 22 00:35:50 nimbus-eth1-mainnet-short-benchmark[2701747]: INF 2026-09-22 00:35:50.072+00:00 Imported blocks                            blockNumber=20663553 slot=9872013 blocks=663552 txs=105112198 mgas=10051274 bps=38.93 tps=5912 mgps=592.7 avgBps=35.34 avgTps=5598 avgMGps=535.3 elapsed=5h12m55s
Sep 22 00:39:09 nimbus-eth1-mainnet-short-benchmark[2701747]: INF 2026-09-22 00:39:09.554+00:00 Imported blocks                            blockNumber=20671745 slot=9880241 blocks=671744 txs=106395904 mgas=10175177 bps=41.07 tps=6435 mgps=621.1 avgBps=35.40 avgTps=5607 avgMGps=536.2 elapsed=5h16m15s
Sep 22 00:42:34 nimbus-eth1-mainnet-short-benchmark[2701747]: INF 2026-09-22 00:42:34.147+00:00 Imported blocks                            blockNumber=20679937 slot=9888471 blocks=679936 txs=107674271 mgas=10299404 bps=40.04 tps=6248 mgps=607.2 avgBps=35.45 avgTps=5613 avgMGps=537.0 elapsed=5h19m39s
Sep 22 00:45:49 nimbus-eth1-mainnet-short-benchmark[2701747]: INF 2026-09-22 00:45:49.416+00:00 Imported blocks                            blockNumber=20688129 slot=9896698 blocks=688128 txs=108938536 mgas=10423298 bps=41.95 tps=6474 mgps=634.5 avgBps=35.52 avgTps=5622 avgMGps=538.0 elapsed=5h22m55s
Sep 22 00:49:19 nimbus-eth1-mainnet-short-benchmark[2701747]: INF 2026-09-22 00:49:19.609+00:00 Imported blocks                            blockNumber=20696321 slot=9904930 blocks=696320 txs=110235786 mgas=10547469 bps=38.97 tps=6171 mgps=590.7 avgBps=35.55 avgTps=5628 avgMGps=538.5 elapsed=5h26m25s
Sep 22 00:53:07 nimbus-eth1-mainnet-short-benchmark[2701747]: INF 2026-09-22 00:53:07.758+00:00 Imported blocks                            blockNumber=20704513 slot=9913154 blocks=704512 txs=111483759 mgas=10671677 bps=35.91 tps=5470 mgps=544.4 avgBps=35.56 avgTps=5626 avgMGps=538.6 elapsed=5h30m13s
Sep 22 00:56:41 nimbus-eth1-mainnet-short-benchmark[2701747]: INF 2026-09-22 00:56:41.710+00:00 Imported blocks                            blockNumber=20712705 slot=9921388 blocks=712704 txs=112764170 mgas=10795980 bps=38.29 tps=5984 mgps=581.0 avgBps=35.59 avgTps=5630 avgMGps=539.1 elapsed=5h33m47s
Sep 22 00:59:58 nimbus-eth1-mainnet-short-benchmark[2701747]: INF 2026-09-22 00:59:58.716+00:00 Imported blocks                            blockNumber=20720897 slot=9929633 blocks=720896 txs=114110517 mgas=10919926 bps=41.58 tps=6834 mgps=629.2 avgBps=35.64 avgTps=5642 avgMGps=539.9 elapsed=5h37m4s
Sep 22 01:03:24 nimbus-eth1-mainnet-short-benchmark[2701747]: INF 2026-09-22 01:03:24.689+00:00 Imported blocks                            blockNumber=20729089 slot=9937869 blocks=729088 txs=115449431 mgas=11043768 bps=39.77 tps=6500 mgps=601.2 avgBps=35.69 avgTps=5650 avgMGps=540.6 elapsed=5h40m30s
Sep 22 01:06:42 nimbus-eth1-mainnet-short-benchmark[2701747]: INF 2026-09-22 01:06:42.206+00:00 Imported blocks                            blockNumber=20737281 slot=9946108 blocks=737280 txs=116784468 mgas=11167784 bps=41.48 tps=6759 mgps=627.9 avgBps=35.74 avgTps=5661 avgMGps=541.4 elapsed=5h43m47s
Sep 22 01:10:09 nimbus-eth1-mainnet-short-benchmark[2701747]: INF 2026-09-22 01:10:09.407+00:00 Imported blocks                            blockNumber=20745473 slot=9954342 blocks=745472 txs=118101003 mgas=11291742 bps=39.54 tps=6353 mgps=598.3 avgBps=35.78 avgTps=5668 avgMGps=542.0 elapsed=5h47m15s
Sep 22 01:13:52 nimbus-eth1-mainnet-short-benchmark[2701747]: INF 2026-09-22 01:13:52.236+00:00 Imported blocks                            blockNumber=20753665 slot=9962581 blocks=753664 txs=119337525 mgas=11415859 bps=36.76 tps=5549 mgps=557.0 avgBps=35.79 avgTps=5667 avgMGps=542.1 elapsed=5h50m57s
Sep 22 01:17:22 nimbus-eth1-mainnet-short-benchmark[2701747]: INF 2026-09-22 01:17:22.121+00:00 Imported blocks                            blockNumber=20761857 slot=9970803 blocks=761856 txs=120564314 mgas=11540225 bps=39.03 tps=5844 mgps=592.5 avgBps=35.82 avgTps=5668 avgMGps=542.6 elapsed=5h54m27s
Sep 22 01:20:40 nimbus-eth1-mainnet-short-benchmark[2701747]: INF 2026-09-22 01:20:40.490+00:00 Imported blocks                            blockNumber=20770049 slot=9979058 blocks=770048 txs=121858083 mgas=11663918 bps=41.30 tps=6522 mgps=623.6 avgBps=35.87 avgTps=5676 avgMGps=543.4 elapsed=5h57m46s
Sep 22 01:23:51 nimbus-eth1-mainnet-short-benchmark[2701747]: INF 2026-09-22 01:23:51.079+00:00 Imported blocks                            blockNumber=20778241 slot=9987307 blocks=778240 txs=123161734 mgas=11787906 bps=42.98 tps=6840 mgps=650.6 avgBps=35.94 avgTps=5686 avgMGps=544.3 elapsed=6h56s809ms
Sep 22 01:26:56 nimbus-eth1-mainnet-short-benchmark[2701747]: INF 2026-09-22 01:26:56.733+00:00 Imported blocks                            blockNumber=20786433 slot=9995542 blocks=786432 txs=124509456 mgas=11911612 bps=44.12 tps=7259 mgps=666.3 avgBps=36.00 avgTps=5700 avgMGps=545.3 elapsed=6h4m2s
Sep 22 01:30:07 nimbus-eth1-mainnet-short-benchmark[2701747]: INF 2026-09-22 01:30:07.906+00:00 Imported blocks                            blockNumber=20794625 slot=10003781 blocks=794624 txs=125848921 mgas=12035338 bps=42.85 tps=7006 mgps=647.2 avgBps=36.06 avgTps=5711 avgMGps=546.2 elapsed=6h7m13s
Sep 22 01:33:22 nimbus-eth1-mainnet-short-benchmark[2701747]: INF 2026-09-22 01:33:22.015+00:00 Imported blocks                            blockNumber=20802817 slot=10012028 blocks=802816 txs=127089868 mgas=12158989 bps=42.20 tps=6393 mgps=637.0 avgBps=36.12 avgTps=5717 avgMGps=547.0 elapsed=6h10m27s
Sep 22 01:36:46 nimbus-eth1-mainnet-short-benchmark[2701747]: INF 2026-09-22 01:36:46.248+00:00 Imported blocks                            blockNumber=20811009 slot=10020249 blocks=811008 txs=128299762 mgas=12282850 bps=40.11 tps=5924 mgps=606.5 avgBps=36.15 avgTps=5719 avgMGps=547.6 elapsed=6h13m51s
Sep 22 01:39:55 nimbus-eth1-mainnet-short-benchmark[2701747]: INF 2026-09-22 01:39:55.617+00:00 Imported blocks                            blockNumber=20819201 slot=10028481 blocks=819200 txs=129596319 mgas=12406594 bps=43.26 tps=6846 mgps=653.4 avgBps=36.21 avgTps=5728 avgMGps=548.4 elapsed=6h17m1s
Sep 22 01:43:04 nimbus-eth1-mainnet-short-benchmark[2701747]: INF 2026-09-22 01:43:04.995+00:00 Imported blocks                            blockNumber=20827393 slot=10036710 blocks=827392 txs=130916729 mgas=12530249 bps=43.26 tps=6972 mgps=653.0 avgBps=36.27 avgTps=5739 avgMGps=549.3 elapsed=6h20m10s
Sep 22 01:46:14 nimbus-eth1-mainnet-short-benchmark[2701747]: INF 2026-09-22 01:46:14.204+00:00 Imported blocks                            blockNumber=20835585 slot=10044938 blocks=835584 txs=132226625 mgas=12654070 bps=43.30 tps=6923 mgps=654.4 avgBps=36.33 avgTps=5748 avgMGps=550.2 elapsed=6h23m19s
Sep 22 01:49:36 nimbus-eth1-mainnet-short-benchmark[2701747]: INF 2026-09-22 01:49:36.113+00:00 Imported blocks                            blockNumber=20843777 slot=10053164 blocks=843776 txs=133604192 mgas=12777730 bps=40.57 tps=6822 mgps=612.4 avgBps=36.37 avgTps=5758 avgMGps=550.7 elapsed=6h26m41s
Sep 22 01:53:24 nimbus-eth1-mainnet-short-benchmark[2701747]: INF 2026-09-22 01:53:24.634+00:00 Imported blocks                            blockNumber=20851969 slot=10061391 blocks=851968 txs=134900706 mgas=12901664 bps=35.85 tps=5673 mgps=542.3 avgBps=36.36 avgTps=5757 avgMGps=550.6 elapsed=6h30m30s
Sep 22 01:57:01 nimbus-eth1-mainnet-short-benchmark[2701747]: INF 2026-09-22 01:57:01.567+00:00 Imported blocks                            blockNumber=20860161 slot=10069622 blocks=860160 txs=136168750 mgas=13025603 bps=37.76 tps=5845 mgps=571.3 avgBps=36.37 avgTps=5758 avgMGps=550.8 elapsed=6h34m7s
Sep 22 02:00:33 nimbus-eth1-mainnet-short-benchmark[2701747]: INF 2026-09-22 02:00:33.956+00:00 Imported blocks                            blockNumber=20868353 slot=10077838 blocks=868352 txs=137550724 mgas=13149742 bps=38.57 tps=6506 mgps=584.5 avgBps=36.39 avgTps=5764 avgMGps=551.1 elapsed=6h37m39s
Sep 22 02:04:05 nimbus-eth1-mainnet-short-benchmark[2701747]: INF 2026-09-22 02:04:05.233+00:00 Imported blocks                            blockNumber=20876545 slot=10086066 blocks=876544 txs=138954673 mgas=13273457 bps=38.77 tps=6645 mgps=585.6 avgBps=36.41 avgTps=5772 avgMGps=551.4 elapsed=6h41m10s
Sep 22 02:07:32 nimbus-eth1-mainnet-short-benchmark[2701747]: INF 2026-09-22 02:07:32.210+00:00 Imported blocks                            blockNumber=20884737 slot=10094286 blocks=884736 txs=140256178 mgas=13397479 bps=39.58 tps=6288 mgps=599.2 avgBps=36.44 avgTps=5777 avgMGps=551.8 elapsed=6h44m37s
Sep 22 02:10:52 nimbus-eth1-mainnet-short-benchmark[2701747]: INF 2026-09-22 02:10:52.215+00:00 Imported blocks                            blockNumber=20892929 slot=10102512 blocks=892928 txs=141581868 mgas=13521575 bps=40.96 tps=6628 mgps=620.5 avgBps=36.48 avgTps=5784 avgMGps=552.4 elapsed=6h47m57s
Sep 22 02:14:12 nimbus-eth1-mainnet-short-benchmark[2701747]: INF 2026-09-22 02:14:12.688+00:00 Imported blocks                            blockNumber=20901121 slot=10110732 blocks=901120 txs=142875889 mgas=13645572 bps=40.86 tps=6454 mgps=618.5 avgBps=36.51 avgTps=5789 avgMGps=552.9 elapsed=6h51m18s
Sep 22 02:17:33 nimbus-eth1-mainnet-short-benchmark[2701747]: INF 2026-09-22 02:17:33.301+00:00 Imported blocks                            blockNumber=20909313 slot=10118953 blocks=909312 txs=144102308 mgas=13769390 bps=40.83 tps=6113 mgps=617.2 avgBps=36.55 avgTps=5792 avgMGps=553.5 elapsed=6h54m39s
Sep 22 02:20:48 nimbus-eth1-mainnet-short-benchmark[2701747]: INF 2026-09-22 02:20:48.810+00:00 Imported blocks                            blockNumber=20917505 slot=10127176 blocks=917504 txs=145406349 mgas=13893087 bps=41.90 tps=6670 mgps=632.7 avgBps=36.59 avgTps=5798 avgMGps=554.1 elapsed=6h57m54s
Sep 22 02:23:54 nimbus-eth1-mainnet-short-benchmark[2701747]: INF 2026-09-22 02:23:54.972+00:00 Imported blocks                            blockNumber=20925697 slot=10135394 blocks=925696 txs=146718394 mgas=14016820 bps=44.00 tps=7047 mgps=664.6 avgBps=36.65 avgTps=5808 avgMGps=554.9 elapsed=7h1m704ms
Sep 22 02:27:14 nimbus-eth1-mainnet-short-benchmark[2701747]: INF 2026-09-22 02:27:14.465+00:00 Imported blocks                            blockNumber=20933889 slot=10143614 blocks=933888 txs=148049109 mgas=14140625 bps=41.06 tps=6670 mgps=620.6 avgBps=36.68 avgTps=5814 avgMGps=555.4 elapsed=7h4m20s
Sep 22 02:30:28 nimbus-eth1-mainnet-short-benchmark[2701747]: INF 2026-09-22 02:30:28.226+00:00 Imported blocks                            blockNumber=20942081 slot=10151840 blocks=942080 txs=149397364 mgas=14264352 bps=42.28 tps=6958 mgps=638.6 avgBps=36.72 avgTps=5823 avgMGps=556.0 elapsed=7h7m33s
Sep 22 02:33:45 nimbus-eth1-mainnet-short-benchmark[2701747]: INF 2026-09-22 02:33:45.279+00:00 Imported blocks                            blockNumber=20950273 slot=10160098 blocks=950272 txs=150765507 mgas=14388237 bps=41.57 tps=6943 mgps=628.7 avgBps=36.76 avgTps=5832 avgMGps=556.6 elapsed=7h10m51s
Sep 22 02:37:16 nimbus-eth1-mainnet-short-benchmark[2701747]: INF 2026-09-22 02:37:16.768+00:00 Imported blocks                            blockNumber=20958465 slot=10168363 blocks=958464 txs=152044771 mgas=14511987 bps=38.74 tps=6048 mgps=585.1 avgBps=36.78 avgTps=5833 avgMGps=556.8 elapsed=7h14m22s
Sep 22 02:40:38 nimbus-eth1-mainnet-short-benchmark[2701747]: INF 2026-09-22 02:40:38.613+00:00 Imported blocks                            blockNumber=20966657 slot=10176609 blocks=966656 txs=153365296 mgas=14635804 bps=40.58 tps=6542 mgps=613.4 avgBps=36.80 avgTps=5839 avgMGps=557.2 elapsed=7h17m44s
Sep 22 02:43:59 nimbus-eth1-mainnet-short-benchmark[2701747]: INF 2026-09-22 02:43:59.390+00:00 Imported blocks                            blockNumber=20974849 slot=10184849 blocks=974848 txs=154744917 mgas=14759580 bps=40.80 tps=6871 mgps=616.5 avgBps=36.84 avgTps=5847 avgMGps=557.7 elapsed=7h21m5s
Sep 22 02:47:28 nimbus-eth1-mainnet-short-benchmark[2701747]: INF 2026-09-22 02:47:28.531+00:00 Imported blocks                            blockNumber=20983041 slot=10193086 blocks=983040 txs=156055229 mgas=14883451 bps=39.17 tps=6265 mgps=592.3 avgBps=36.85 avgTps=5850 avgMGps=558.0 elapsed=7h24m34s
Sep 22 02:50:33 nimbus-eth1-mainnet-short-benchmark[2701747]: INF 2026-09-22 02:50:33.257+00:00 Imported blocks                            blockNumber=20991233 slot=10201319 blocks=991232 txs=157563202 mgas=15007557 bps=44.35 tps=8163 mgps=671.8 avgBps=36.91 avgTps=5866 avgMGps=558.8 elapsed=7h27m38s
Sep 22 02:54:04 nimbus-eth1-mainnet-short-benchmark[2701747]: INF 2026-09-22 02:54:04.846+00:00 Imported blocks                            blockNumber=20999425 slot=10209549 blocks=999424 txs=159003277 mgas=15131383 bps=38.72 tps=6805 mgps=585.2 avgBps=36.92 avgTps=5873 avgMGps=559.0 elapsed=7h31m10s
Sep 22 02:54:20 nimbus-eth1-mainnet-short-benchmark[2701747]: INF 2026-09-22 02:54:20.282+00:00 Imported blocks                            blockNumber=21000001 slot=10210128 blocks=1000000 txs=159109486 mgas=15140191 bps=37.32 tps=6880 mgps=570.6 avgBps=36.92 avgTps=5874 avgMGps=559.0 elapsed=7h31m26s
Sep 22 02:54:20 nimbus-eth1-mainnet-short-benchmark[2701747]: NTC 2026-09-22 02:54:20.282+00:00 Import complete                            blockNumber=21000001 slot=10210128 blocks=1000000 txs=159109486 mgas=15140191
Sep 22 02:54:21 nimbus-eth1-mainnet-short-benchmark[2673079]: <<< ending startNimbusWithImport (success)
Sep 22 02:54:21 nimbus-eth1-mainnet-short-benchmark[2673079]: >>> starting moveBenchmarkingFileToRepo
Sep 22 02:54:21 nimbus-eth1-mainnet-short-benchmark[2673079]: >>> copying debug-csv generated by nimbus to benchmarks repo
Sep 22 02:54:21 nimbus-eth1-mainnet-short-benchmark[2673079]: <<< ending moveBenchmarkingFileToRepo (success)
Sep 22 02:54:21 nimbus-eth1-mainnet-short-benchmark[2673079]: >>> starting generateBuildEnvironmentLogFile
Sep 22 02:54:30 nimbus-eth1-mainnet-short-benchmark[2673079]: <<< ending generateBuildEnvironmentLogFile (success)
Sep 22 02:54:30 nimbus-eth1-mainnet-short-benchmark[2673079]: >>> starting generateSystemdServiceLogs
