Oct 01 16:32:56 nimbus-eth1-mainnet-short-benchmark[3601271]: >>> starting cloneOrFetchBenchmarksRepo
Oct 01 16:32:56 nimbus-eth1-mainnet-short-benchmark[3601271]: >>> Fetching latest changes for nimbus-eth1-benchmarks...
Oct 01 16:32:57 nimbus-eth1-mainnet-short-benchmark[3601318]: HEAD is now at 59ddf41 chore: update short benchmark Readme
Oct 01 16:32:58 nimbus-eth1-mainnet-short-benchmark[3601271]: <<< ending cloneOrFetchBenchmarksRepo (success)
Oct 01 16:32:58 nimbus-eth1-mainnet-short-benchmark[3601271]: >>> starting cloneOrFetchNimbusRepo
Oct 01 16:33:07 nimbus-eth1-mainnet-short-benchmark[3601271]: >>> Fetching latest changes for nimbus-eth1...
Oct 01 16:33:08 nimbus-eth1-mainnet-short-benchmark[3601690]: From https://github.com/status-im/nimbus-eth1
Oct 01 16:33:08 nimbus-eth1-mainnet-short-benchmark[3601690]:    f249c6316..50c1eec7c  master            -> origin/master
Oct 01 16:33:08 nimbus-eth1-mainnet-short-benchmark[3601690]:  * [new branch]          dependabot/submodules/vendor/nim-minilru-e2d6421 -> origin/dependabot/submodules/vendor/nim-minilru-e2d6421
Oct 01 16:33:08 nimbus-eth1-mainnet-short-benchmark[3601690]:  * [new branch]          optimize-retrieveAccLeaf -> origin/optimize-retrieveAccLeaf
Oct 01 16:33:08 nimbus-eth1-mainnet-short-benchmark[3601690]:  * [new branch]          packer-early-exit -> origin/packer-early-exit
Oct 01 16:33:08 nimbus-eth1-mainnet-short-benchmark[3601690]:  * [new branch]          tPV               -> origin/tPV
Oct 01 16:33:08 nimbus-eth1-mainnet-short-benchmark[3601690]: warning: 725e249bc5cb58641f25c6901599bd8dc6b99e13:.gitmodules, multiple configurations found for 'submodule.vendor/nim-libplum.path'. Skipping second one!
Oct 01 16:33:08 nimbus-eth1-mainnet-short-benchmark[3601690]: warning: 725e249bc5cb58641f25c6901599bd8dc6b99e13:.gitmodules, multiple configurations found for 'submodule.vendor/nim-libplum.url'. Skipping second one!
Oct 01 16:33:08 nimbus-eth1-mainnet-short-benchmark[3601690]: Fetching submodule vendor/nim-minilru
Oct 01 16:33:08 nimbus-eth1-mainnet-short-benchmark[3601690]: From https://github.com/status-im/nim-minilru
Oct 01 16:33:08 nimbus-eth1-mainnet-short-benchmark[3601690]:    6a6929e..e2d6421  master     -> origin/master
Oct 01 16:33:08 nimbus-eth1-mainnet-short-benchmark[3601706]: HEAD is now at 50c1eec7c stateless: link the vendor's memcpy, memmove, memset and memcmp (#4882)
Oct 01 16:33:08 nimbus-eth1-mainnet-short-benchmark[3601271]: >>> Found last benchmarked commit: f249c631
Oct 01 16:33:08 nimbus-eth1-mainnet-short-benchmark[3601271]: >>> Using next commit: 50c1eec7cf617997a6359959b09f6b0d9e849abc
Oct 01 16:33:08 nimbus-eth1-mainnet-short-benchmark[3601725]: HEAD is now at 50c1eec7c stateless: link the vendor's memcpy, memmove, memset and memcmp (#4882)
Oct 01 16:33:08 nimbus-eth1-mainnet-short-benchmark[3601271]: >>> Current commit: 50c1eec7c
Oct 01 16:33:08 nimbus-eth1-mainnet-short-benchmark[3601271]: <<< ending cloneOrFetchNimbusRepo (success)
Oct 01 16:33:08 nimbus-eth1-mainnet-short-benchmark[3601271]: >>> starting buildBinaries
Oct 01 16:33:08 nimbus-eth1-mainnet-short-benchmark[3601271]: >>> Building binaries for commit 50c1eec7...
Oct 01 16:33:24 nimbus-eth1-mainnet-short-benchmark[3607450]: Building: Nim compiler
Oct 01 16:36:14 nimbus-eth1-mainnet-short-benchmark[3607450]: Building custom Nimble commit: 42ef70c2102a942c46f13eb76872326edd525cec
Oct 01 16:36:24 nimbus-eth1-mainnet-short-benchmark[3607450]: Building Nimble...
Oct 01 16:36:34 nimbus-eth1-mainnet-short-benchmark[3607450]: Replacing nimble binary...
Oct 01 16:36:42 nimbus-eth1-mainnet-short-benchmark[3624376]: Building: build/generate_makefile
Oct 01 16:36:42 nimbus-eth1-mainnet-short-benchmark[3624239]: ROCKSDB CACHED VERSION: 11.8.1
Oct 01 16:36:42 nimbus-eth1-mainnet-short-benchmark[3624642]: RocksDb static libraries already built. Skipping build.
Oct 01 16:36:42 nimbus-eth1-mainnet-short-benchmark[3624376]: Build completed successfully: build/generate_makefile
Oct 01 16:36:42 nimbus-eth1-mainnet-short-benchmark[3624696]: Building: build/nimbus_execution_client
Oct 01 16:37:09 nimbus-eth1-mainnet-short-benchmark[3624814]: @["Unknown constants in file: ", "GAS_LIMIT_SCHEDULE", "GAS_LIMIT", "- EPOCH", "    GAS_LIMIT"]
Oct 01 16:37:09 nimbus-eth1-mainnet-short-benchmark[3624814]: @["Unknown constants in file: ", "GAS_LIMIT_SCHEDULE", "GAS_LIMIT", "- EPOCH", "    GAS_LIMIT"]
Oct 01 16:39:05 nimbus-eth1-mainnet-short-benchmark[3624696]: Build completed successfully: build/nimbus_execution_client
Oct 01 16:39:05 nimbus-eth1-mainnet-short-benchmark[3601271]: >>> renaming binaries to match commit they were built from
Oct 01 16:39:05 nimbus-eth1-mainnet-short-benchmark[3601271]: >>> creating a symbolic link to the latest version
Oct 01 16:39:05 nimbus-eth1-mainnet-short-benchmark[3601271]: >>> deleting copies that are older than N days
Oct 01 16:39:05 nimbus-eth1-mainnet-short-benchmark[3601271]: <<< ending buildBinaries (success)
Oct 01 16:39:05 nimbus-eth1-mainnet-short-benchmark[3601271]: >>> starting skipOrContinueBenchmark
Oct 01 16:39:05 nimbus-eth1-mainnet-short-benchmark[3601271]: <<< ending skipOrContinueBenchmark (success)
Oct 01 16:39:05 nimbus-eth1-mainnet-short-benchmark[3601271]: >>> starting copyTemplateDatabase
Oct 01 16:39:05 nimbus-eth1-mainnet-short-benchmark[3601271]: >>> Copying template db into nimbus data directory
Oct 01 16:42:11 nimbus-eth1-mainnet-short-benchmark[3601271]: >>> Template db copied
Oct 01 16:42:11 nimbus-eth1-mainnet-short-benchmark[3601271]: >>> making nimbus the owner of the copied files
Oct 01 16:42:11 nimbus-eth1-mainnet-short-benchmark[3601271]: <<< ending copyTemplateDatabase (success)
Oct 01 16:42:11 nimbus-eth1-mainnet-short-benchmark[3601271]: >>> starting startNimbusWithImport
Oct 01 16:42:11 nimbus-eth1-mainnet-short-benchmark[3630394]: INF 2026-10-01 16:42:11.461+00:00 Launching execution client                 version=v0.4.2-50c1eec7 config="(configFile: none(InputFile), dataDirFlag: some(/data/status-im/nimbus-eth1/data/shared_mainnet_0), era1DirFlag: some(/data/era1), eraDirFlag: some(/data/era), ereDirFlag: none(OutDir), keyStoreDirFlag: none(OutDir), importKey: , trustedSetupFile: none(string), extraData: Nimbus/v0.4.2-50c1eec7, gasLimit: none(uint64), maxBlobs: none(byte), network: [mainnet], logLevel: INFO, logFormat: auto, metricsEnabled: false, metricsPort: 9093, metricsAddress: 127.0.0.1, bootstrapNodes: [], elBootstrapNodes: [], bootstrapFile: , elBootstrapFile: , staticPeers: [], staticPeersFile: , reconnectMaxRetry: 0, reconnectInterval: 15, listenAddress: ::, tcpPort: 30303, udpPortFlag: none(Port), maxPeersOpt: none(int), elMaxPeersOpt: none(int), nat: (hasExtIp: false, nat: NatAny), discv5: true, netKey: random, agentString: Nimbus/v0.4.2-50c1eec7/linux-amd64/Nim-2.2.12, numThreads: 0, persistBatchSize: 4, dynamicBatchSize: false, rocksdbMaxOpenFiles: 2048, rocksdbWriteBufferSize: 67108864, rocksdbRowCacheSize: 0, rocksdbBlockCacheSize: 2147483648, rocksdbBlockCacheType: hyperclock, rdbVtxCacheSize: 684720128, rdbKeyCacheSize: 1342177280, rdbBranchCacheSize: 1395654656, accLeafCacheSize: 1310720, stoLeafCacheSize: 1441792, rdbPrintStats: false, rewriteDatadirId: true, aristoDbMaxSnapshots: 5, debugParallel: none(bool), parallelStateRootComputationFlag: false, parallelSenderRecoveryFlag: true, optimisticStatePrefetchFlag: false, balStatePrefetchFlag: false, balStatePrefetchWorkers: 0, balParallelExecutionFlag: false, balPruning: true, eagerStateRootCheck: false, deserializeFcState: true, statelessProvider: false, statelessWitnessValidation: false, cmd: import, maxBlocks: 1000000, chunkSize: 8192, csvStats: some("/data/host-benchmarks/short/28bde889824e4f0ba50e807ae6cd5ee6/blocks-import-benchmark.csv"), validation: false, fullValidation: false, storeBodies: false, storeReceipts: false, storeSlotHashes: false)"
Oct 01 16:42:11 nimbus-eth1-mainnet-short-benchmark[3630394]: WRN 2026-10-01 16:42:11.469+00:00 Data directory has insecure permissions. Correcting them. data_dir=/data/status-im/nimbus-eth1/data/shared_mainnet_0 current_permissions=0755 required_permissions=0700
Oct 01 16:42:13 nimbus-eth1-mainnet-short-benchmark[3630394]: INF 2026-10-01 16:42:13.301+00:00 Taskpool started                           numThreads=16
Oct 01 16:42:13 nimbus-eth1-mainnet-short-benchmark[3630394]: CreateIOUring failed: Invalid argument (errno=22), thread=139656867929344
Oct 01 16:42:13 nimbus-eth1-mainnet-short-benchmark[3630394]: INF 2026-10-01 16:42:13.433+00:00 Database initialized                       base="(0xd24fd73f794058a3807db926d8898c6481e902b7edb91ce0d479d6760f276183, 20000000)" finalized="(0xd24fd73f794058a3807db926d8898c6481e902b7edb91ce0d479d6760f276183, 20000000)" head="(0xd4e56740f876aef8c010b86a40d5f56745a118d0906a34e69aec8c0db1cb8fa3, 0)" startOfHistory=0
Oct 01 16:42:13 nimbus-eth1-mainnet-short-benchmark[3630394]: NTC 2026-10-01 16:42:13.433+00:00 Could not open ere database, falling back to era1/era import ereDir=/data/status-im/nimbus-eth1/data/shared_mainnet_0/ere networkName=mainnet error="No ere files found in /data/status-im/nimbus-eth1/data/shared_mainnet_0/ere"
Oct 01 16:42:13 nimbus-eth1-mainnet-short-benchmark[3630394]: NTC 2026-10-01 16:42:13.433+00:00 Importing era archive                      blockNumber=20000001 dataDir=/data/status-im/nimbus-eth1/data/shared_mainnet_0 eraDir=/data/era
Oct 01 16:42:15 nimbus-eth1-mainnet-short-benchmark[3630394]: NTC 2026-10-01 16:42:15.637+00:00 Matched block to slot number               blockNumber=20000001 slot=9204783
Oct 01 16:48:23 nimbus-eth1-mainnet-short-benchmark[3630394]: INF 2026-10-01 16:48:23.816+00:00 Imported blocks                            blockNumber=20008193 slot=9213020 blocks=8192 txs=1226966 mgas=124237 bps=22.12 tps=3312 mgps=335.4 avgBps=22.12 avgTps=3312 avgMGps=335.4 elapsed=6m10s381ms
Oct 01 16:53:52 nimbus-eth1-mainnet-short-benchmark[3630394]: INF 2026-10-01 16:53:52.671+00:00 Imported blocks                            blockNumber=20016385 slot=9221256 blocks=16384 txs=2540380 mgas=248071 bps=24.91 tps=3993 mgps=376.6 avgBps=23.43 avgTps=3633 avgMGps=354.8 elapsed=11m39s235ms
Oct 01 16:59:01 nimbus-eth1-mainnet-short-benchmark[3630394]: INF 2026-10-01 16:59:01.863+00:00 Imported blocks                            blockNumber=20024577 slot=9229485 blocks=24576 txs=3869398 mgas=372018 bps=26.49 tps=4298 mgps=400.9 avgBps=24.37 avgTps=3837 avgMGps=368.9 elapsed=16m48s427ms
Oct 01 17:03:42 nimbus-eth1-mainnet-short-benchmark[3630394]: INF 2026-10-01 17:03:42.255+00:00 Imported blocks                            blockNumber=20032769 slot=9237722 blocks=32768 txs=5222766 mgas=495797 bps=29.22 tps=4826 mgps=441.5 avgBps=25.42 avgTps=4052 avgMGps=384.7 elapsed=21m28s818ms
Oct 01 17:08:12 nimbus-eth1-mainnet-short-benchmark[3630394]: INF 2026-10-01 17:08:12.671+00:00 Imported blocks                            blockNumber=20040961 slot=9245957 blocks=40960 txs=6566802 mgas=619586 bps=30.29 tps=4970 mgps=457.8 avgBps=26.27 avgTps=4211 avgMGps=397.4 elapsed=25m59s234ms
Oct 01 17:13:00 nimbus-eth1-mainnet-short-benchmark[3630394]: INF 2026-10-01 17:13:00.727+00:00 Imported blocks                            blockNumber=20049153 slot=9254196 blocks=49152 txs=7904746 mgas=743522 bps=28.44 tps=4644 mgps=430.3 avgBps=26.61 avgTps=4279 avgMGps=402.5 elapsed=30m47s290ms
Oct 01 17:17:37 nimbus-eth1-mainnet-short-benchmark[3630394]: INF 2026-10-01 17:17:37.755+00:00 Imported blocks                            blockNumber=20057345 slot=9262435 blocks=57344 txs=9212009 mgas=867360 bps=29.57 tps=4718 mgps=447.0 avgBps=26.99 avgTps=4336 avgMGps=408.3 elapsed=35m24s317ms
Oct 01 17:21:54 nimbus-eth1-mainnet-short-benchmark[3630394]: INF 2026-10-01 17:21:54.020+00:00 Imported blocks                            blockNumber=20065537 slot=9270674 blocks=65536 txs=10559018 mgas=991371 bps=31.97 tps=5256 mgps=483.9 avgBps=27.53 avgTps=4435 avgMGps=416.4 elapsed=39m40s581ms
Oct 01 17:25:56 nimbus-eth1-mainnet-short-benchmark[3630394]: INF 2026-10-01 17:25:56.808+00:00 Imported blocks                            blockNumber=20073729 slot=9278910 blocks=73728 txs=11898676 mgas=1115111 bps=33.74 tps=5517 mgps=509.7 avgBps=28.10 avgTps=4535 avgMGps=425.1 elapsed=43m43s372ms
Oct 01 17:29:51 nimbus-eth1-mainnet-short-benchmark[3630394]: INF 2026-10-01 17:29:51.821+00:00 Imported blocks                            blockNumber=20081921 slot=9287152 blocks=81920 txs=13323263 mgas=1239150 bps=34.86 tps=6061 mgps=527.8 avgBps=28.66 avgTps=4661 avgMGps=433.5 elapsed=47m38s386ms
Oct 01 17:33:43 nimbus-eth1-mainnet-short-benchmark[3630394]: INF 2026-10-01 17:33:43.897+00:00 Imported blocks                            blockNumber=20090113 slot=9295408 blocks=90112 txs=14697082 mgas=1363113 bps=35.30 tps=5919 mgps=534.1 avgBps=29.16 avgTps=4755 avgMGps=441.1 elapsed=51m30s463ms
Oct 01 17:37:52 nimbus-eth1-mainnet-short-benchmark[3630394]: INF 2026-10-01 17:37:52.666+00:00 Imported blocks                            blockNumber=20098305 slot=9303658 blocks=98304 txs=16025683 mgas=1487146 bps=32.93 tps=5340 mgps=498.6 avgBps=29.44 avgTps=4799 avgMGps=445.4 elapsed=55m39s233ms
Oct 01 17:42:15 nimbus-eth1-mainnet-short-benchmark[3630394]: INF 2026-10-01 17:42:15.802+00:00 Imported blocks                            blockNumber=20106497 slot=9311895 blocks=106496 txs=17337157 mgas=1611066 bps=31.13 tps=4984 mgps=470.9 avgBps=29.56 avgTps=4812 avgMGps=447.2 elapsed=1h2s367ms
Oct 01 17:46:21 nimbus-eth1-mainnet-short-benchmark[3630394]: INF 2026-10-01 17:46:21.723+00:00 Imported blocks                            blockNumber=20114689 slot=9320146 blocks=114688 txs=18632097 mgas=1735123 bps=33.31 tps=5265 mgps=504.5 avgBps=29.80 avgTps=4841 avgMGps=450.9 elapsed=1h4m8s
Oct 01 17:50:12 nimbus-eth1-mainnet-short-benchmark[3630394]: INF 2026-10-01 17:50:12.443+00:00 Imported blocks                            blockNumber=20122881 slot=9328409 blocks=122880 txs=19937418 mgas=1859249 bps=35.51 tps=5657 mgps=538.0 avgBps=30.12 avgTps=4887 avgMGps=455.8 elapsed=1h7m59s
Oct 01 17:54:00 nimbus-eth1-mainnet-short-benchmark[3630394]: INF 2026-10-01 17:54:00.068+00:00 Imported blocks                            blockNumber=20131073 slot=9336660 blocks=131072 txs=21214129 mgas=1983500 bps=35.99 tps=5608 mgps=545.9 avgBps=30.43 avgTps=4925 avgMGps=460.6 elapsed=1h11m46s
Oct 01 17:57:48 nimbus-eth1-mainnet-short-benchmark[3630394]: INF 2026-10-01 17:57:48.385+00:00 Imported blocks                            blockNumber=20139265 slot=9344906 blocks=139264 txs=22579079 mgas=2107571 bps=35.88 tps=5978 mgps=543.4 avgBps=30.71 avgTps=4978 avgMGps=464.7 elapsed=1h15m34s
Oct 01 18:02:20 nimbus-eth1-mainnet-short-benchmark[3630394]: INF 2026-10-01 18:02:20.209+00:00 Imported blocks                            blockNumber=20147457 slot=9353153 blocks=147456 txs=24133322 mgas=2231686 bps=30.14 tps=5717 mgps=456.6 avgBps=30.68 avgTps=5020 avgMGps=464.3 elapsed=1h20m6s
Oct 01 18:06:40 nimbus-eth1-mainnet-short-benchmark[3630394]: INF 2026-10-01 18:06:40.601+00:00 Imported blocks                            blockNumber=20155649 slot=9361407 blocks=155648 txs=25424015 mgas=2356018 bps=31.46 tps=4956 mgps=477.5 avgBps=30.72 avgTps=5017 avgMGps=465.0 elapsed=1h24m27s
Oct 01 18:10:40 nimbus-eth1-mainnet-short-benchmark[3630394]: INF 2026-10-01 18:10:40.530+00:00 Imported blocks                            blockNumber=20163841 slot=9369652 blocks=163840 txs=26749549 mgas=2480207 bps=34.14 tps=5524 mgps=517.6 avgBps=30.87 avgTps=5040 avgMGps=467.3 elapsed=1h28m27s
Oct 01 18:14:34 nimbus-eth1-mainnet-short-benchmark[3630394]: INF 2026-10-01 18:14:34.787+00:00 Imported blocks                            blockNumber=20172033 slot=9377892 blocks=172032 txs=28105316 mgas=2604026 bps=34.97 tps=5787 mgps=528.6 avgBps=31.05 avgTps=5071 avgMGps=469.9 elapsed=1h32m21s
Oct 01 18:18:35 nimbus-eth1-mainnet-short-benchmark[3630394]: INF 2026-10-01 18:18:35.923+00:00 Imported blocks                            blockNumber=20180225 slot=9386128 blocks=180224 txs=29524405 mgas=2728170 bps=33.97 tps=5884 mgps=514.8 avgBps=31.17 avgTps=5105 avgMGps=471.8 elapsed=1h36m22s
Oct 01 18:22:18 nimbus-eth1-mainnet-short-benchmark[3630394]: INF 2026-10-01 18:22:18.064+00:00 Imported blocks                            blockNumber=20188417 slot=9394365 blocks=188416 txs=30849021 mgas=2852023 bps=36.88 tps=5962 mgps=557.5 avgBps=31.38 avgTps=5137 avgMGps=475.0 elapsed=1h40m4s
Oct 01 18:26:26 nimbus-eth1-mainnet-short-benchmark[3630394]: INF 2026-10-01 18:26:26.964+00:00 Imported blocks                            blockNumber=20196609 slot=9402602 blocks=196608 txs=32174755 mgas=2976155 bps=32.91 tps=5326 mgps=498.7 avgBps=31.44 avgTps=5145 avgMGps=475.9 elapsed=1h44m13s
Oct 01 18:30:48 nimbus-eth1-mainnet-short-benchmark[3630394]: INF 2026-10-01 18:30:48.673+00:00 Imported blocks                            blockNumber=20204801 slot=9410840 blocks=204800 txs=33475942 mgas=3100410 bps=31.30 tps=4971 mgps=474.8 avgBps=31.43 avgTps=5138 avgMGps=475.9 elapsed=1h48m35s
Oct 01 18:34:49 nimbus-eth1-mainnet-short-benchmark[3630394]: INF 2026-10-01 18:34:49.717+00:00 Imported blocks                            blockNumber=20212993 slot=9419071 blocks=212992 txs=34798508 mgas=3224370 bps=33.99 tps=5486 mgps=514.3 avgBps=31.53 avgTps=5150 avgMGps=477.2 elapsed=1h52m36s
Oct 01 18:38:42 nimbus-eth1-mainnet-short-benchmark[3630394]: INF 2026-10-01 18:38:42.038+00:00 Imported blocks                            blockNumber=20221185 slot=9427313 blocks=221184 txs=36114045 mgas=3348169 bps=35.26 tps=5662 mgps=532.9 avgBps=31.65 avgTps=5167 avgMGps=479.1 elapsed=1h56m28s
Oct 01 18:42:17 nimbus-eth1-mainnet-short-benchmark[3630394]: INF 2026-10-01 18:42:17.579+00:00 Imported blocks                            blockNumber=20229377 slot=9435549 blocks=229376 txs=37421794 mgas=3472031 bps=38.01 tps=6067 mgps=574.7 avgBps=31.84 avgTps=5194 avgMGps=481.9 elapsed=2h4s141ms
Oct 01 18:46:02 nimbus-eth1-mainnet-short-benchmark[3630394]: INF 2026-10-01 18:46:02.652+00:00 Imported blocks                            blockNumber=20237569 slot=9443788 blocks=237568 txs=38842064 mgas=3596351 bps=36.40 tps=6310 mgps=552.4 avgBps=31.98 avgTps=5228 avgMGps=484.1 elapsed=2h3m49s
Oct 01 18:50:05 nimbus-eth1-mainnet-short-benchmark[3630394]: INF 2026-10-01 18:50:05.728+00:00 Imported blocks                            blockNumber=20245761 slot=9452021 blocks=245760 txs=40225739 mgas=3720100 bps=33.70 tps=5692 mgps=509.1 avgBps=32.03 avgTps=5242 avgMGps=484.9 elapsed=2h7m52s
Oct 01 18:54:23 nimbus-eth1-mainnet-short-benchmark[3630394]: INF 2026-10-01 18:54:23.637+00:00 Imported blocks                            blockNumber=20253953 slot=9460253 blocks=253952 txs=41454921 mgas=3844385 bps=31.76 tps=4765 mgps=481.9 avgBps=32.02 avgTps=5227 avgMGps=484.8 elapsed=2h12m10s
Oct 01 18:58:29 nimbus-eth1-mainnet-short-benchmark[3630394]: INF 2026-10-01 18:58:29.609+00:00 Imported blocks                            blockNumber=20262145 slot=9468495 blocks=262144 txs=42726051 mgas=3968623 bps=33.30 tps=5167 mgps=505.1 avgBps=32.06 avgTps=5225 avgMGps=485.4 elapsed=2h16m16s
Oct 01 19:02:20 nimbus-eth1-mainnet-short-benchmark[3630394]: INF 2026-10-01 19:02:20.678+00:00 Imported blocks                            blockNumber=20270337 slot=9476748 blocks=270336 txs=44050436 mgas=4092682 bps=35.45 tps=5731 mgps=536.9 avgBps=32.16 avgTps=5239 avgMGps=486.8 elapsed=2h20m7s
Oct 01 19:05:55 nimbus-eth1-mainnet-short-benchmark[3630394]: INF 2026-10-01 19:05:55.931+00:00 Imported blocks                            blockNumber=20278529 slot=9484981 blocks=278528 txs=45382368 mgas=4216487 bps=38.06 tps=6187 mgps=575.2 avgBps=32.30 avgTps=5263 avgMGps=489.0 elapsed=2h23m42s
Oct 01 19:09:34 nimbus-eth1-mainnet-short-benchmark[3630394]: INF 2026-10-01 19:09:34.092+00:00 Imported blocks                            blockNumber=20286721 slot=9493213 blocks=286720 txs=46733429 mgas=4340363 bps=37.55 tps=6193 mgps=567.8 avgBps=32.43 avgTps=5286 avgMGps=491.0 elapsed=2h27m20s
Oct 01 19:13:34 nimbus-eth1-mainnet-short-benchmark[3630394]: INF 2026-10-01 19:13:34.728+00:00 Imported blocks                            blockNumber=20294913 slot=9501453 blocks=294912 txs=48075887 mgas=4464376 bps=34.04 tps=5578 mgps=515.3 avgBps=32.47 avgTps=5293 avgMGps=491.6 elapsed=2h31m21s
Oct 01 19:17:31 nimbus-eth1-mainnet-short-benchmark[3630394]: INF 2026-10-01 19:17:31.621+00:00 Imported blocks                            blockNumber=20303105 slot=9509696 blocks=303104 txs=49379538 mgas=4588534 bps=34.58 tps=5503 mgps=524.1 avgBps=32.53 avgTps=5299 avgMGps=492.4 elapsed=2h35m18s
Oct 01 19:21:21 nimbus-eth1-mainnet-short-benchmark[3630394]: INF 2026-10-01 19:21:21.174+00:00 Imported blocks                            blockNumber=20311297 slot=9517922 blocks=311296 txs=50637672 mgas=4712596 bps=35.69 tps=5480 mgps=540.5 avgBps=32.60 avgTps=5303 avgMGps=493.6 elapsed=2h39m7s
Oct 01 19:25:02 nimbus-eth1-mainnet-short-benchmark[3630394]: INF 2026-10-01 19:25:02.130+00:00 Imported blocks                            blockNumber=20319489 slot=9526159 blocks=319488 txs=51981692 mgas=4836521 bps=37.08 tps=6082 mgps=560.9 avgBps=32.71 avgTps=5321 avgMGps=495.1 elapsed=2h42m48s
Oct 01 19:28:24 nimbus-eth1-mainnet-short-benchmark[3630394]: INF 2026-10-01 19:28:24.620+00:00 Imported blocks                            blockNumber=20327681 slot=9534381 blocks=327680 txs=53356123 mgas=4960245 bps=40.46 tps=6787 mgps=611.0 avgBps=32.86 avgTps=5351 avgMGps=497.5 elapsed=2h46m11s
Oct 01 19:31:47 nimbus-eth1-mainnet-short-benchmark[3630394]: INF 2026-10-01 19:31:47.041+00:00 Imported blocks                            blockNumber=20335873 slot=9542617 blocks=335872 txs=54719105 mgas=5084025 bps=40.47 tps=6733 mgps=611.5 avgBps=33.01 avgTps=5378 avgMGps=499.7 elapsed=2h49m33s
Oct 01 19:35:28 nimbus-eth1-mainnet-short-benchmark[3630394]: INF 2026-10-01 19:35:28.026+00:00 Imported blocks                            blockNumber=20344065 slot=9550841 blocks=344064 txs=56021853 mgas=5207843 bps=37.07 tps=5895 mgps=560.3 avgBps=33.10 avgTps=5389 avgMGps=501.0 elapsed=2h53m14s
Oct 01 19:39:39 nimbus-eth1-mainnet-short-benchmark[3630394]: INF 2026-10-01 19:39:39.078+00:00 Imported blocks                            blockNumber=20352257 slot=9559072 blocks=352256 txs=57290408 mgas=5332016 bps=32.63 tps=5052 mgps=494.6 avgBps=33.09 avgTps=5381 avgMGps=500.9 elapsed=2h57m25s
Oct 01 19:43:28 nimbus-eth1-mainnet-short-benchmark[3630394]: INF 2026-10-01 19:43:28.639+00:00 Imported blocks                            blockNumber=20360449 slot=9567308 blocks=360448 txs=58543463 mgas=5456201 bps=35.69 tps=5458 mgps=541.0 avgBps=33.14 avgTps=5383 avgMGps=501.7 elapsed=3h1m15s
Oct 01 19:47:11 nimbus-eth1-mainnet-short-benchmark[3630394]: INF 2026-10-01 19:47:11.012+00:00 Imported blocks                            blockNumber=20368641 slot=9575548 blocks=368640 txs=59874056 mgas=5580204 bps=36.84 tps=5983 mgps=557.6 avgBps=33.22 avgTps=5395 avgMGps=502.8 elapsed=3h4m57s
Oct 01 19:51:01 nimbus-eth1-mainnet-short-benchmark[3630394]: INF 2026-10-01 19:51:01.956+00:00 Imported blocks                            blockNumber=20376833 slot=9583774 blocks=376832 txs=61167066 mgas=5704396 bps=35.47 tps=5598 mgps=537.7 avgBps=33.26 avgTps=5399 avgMGps=503.5 elapsed=3h8m48s
Oct 01 19:54:47 nimbus-eth1-mainnet-short-benchmark[3630394]: INF 2026-10-01 19:54:47.381+00:00 Imported blocks                            blockNumber=20385025 slot=9592009 blocks=385024 txs=62480333 mgas=5828235 bps=36.34 tps=5825 mgps=549.4 avgBps=33.32 avgTps=5407 avgMGps=504.4 elapsed=3h12m33s
Oct 01 19:58:33 nimbus-eth1-mainnet-short-benchmark[3630394]: INF 2026-10-01 19:58:33.218+00:00 Imported blocks                            blockNumber=20393217 slot=9600248 blocks=393216 txs=63800597 mgas=5952136 bps=36.27 tps=5846 mgps=548.6 avgBps=33.38 avgTps=5416 avgMGps=505.3 elapsed=3h16m19s
Oct 01 20:02:12 nimbus-eth1-mainnet-short-benchmark[3630394]: INF 2026-10-01 20:02:12.171+00:00 Imported blocks                            blockNumber=20401409 slot=9608486 blocks=401408 txs=65021243 mgas=6076384 bps=37.41 tps=5574 mgps=567.5 avgBps=33.45 avgTps=5419 avgMGps=506.4 elapsed=3h19m58s
Oct 01 20:06:04 nimbus-eth1-mainnet-short-benchmark[3630394]: INF 2026-10-01 20:06:04.507+00:00 Imported blocks                            blockNumber=20409601 slot=9616707 blocks=409600 txs=66199016 mgas=6200666 bps=35.26 tps=5069 mgps=534.9 avgBps=33.49 avgTps=5412 avgMGps=507.0 elapsed=3h23m51s
Oct 01 20:09:48 nimbus-eth1-mainnet-short-benchmark[3630394]: INF 2026-10-01 20:09:48.416+00:00 Imported blocks                            blockNumber=20417793 slot=9624941 blocks=417792 txs=67453930 mgas=6324823 bps=36.59 tps=5604 mgps=554.5 avgBps=33.54 avgTps=5415 avgMGps=507.8 elapsed=3h27m34s
Oct 01 20:13:06 nimbus-eth1-mainnet-short-benchmark[3630394]: INF 2026-10-01 20:13:06.165+00:00 Imported blocks                            blockNumber=20425985 slot=9633187 blocks=425984 txs=68814904 mgas=6448778 bps=41.43 tps=6882 mgps=626.8 avgBps=33.67 avgTps=5438 avgMGps=509.7 elapsed=3h30m52s
Oct 01 20:16:23 nimbus-eth1-mainnet-short-benchmark[3630394]: INF 2026-10-01 20:16:23.655+00:00 Imported blocks                            blockNumber=20434177 slot=9641422 blocks=434176 txs=70124508 mgas=6572711 bps=41.48 tps=6631 mgps=627.5 avgBps=33.79 avgTps=5457 avgMGps=511.5 elapsed=3h34m10s
Oct 01 20:19:51 nimbus-eth1-mainnet-short-benchmark[3630394]: INF 2026-10-01 20:19:51.580+00:00 Imported blocks                            blockNumber=20442369 slot=9649657 blocks=442368 txs=71403576 mgas=6696451 bps=39.40 tps=6151 mgps=595.1 avgBps=33.88 avgTps=5468 avgMGps=512.8 elapsed=3h37m38s
Oct 01 20:23:39 nimbus-eth1-mainnet-short-benchmark[3630394]: INF 2026-10-01 20:23:39.840+00:00 Imported blocks                            blockNumber=20450561 slot=9657896 blocks=450560 txs=72659905 mgas=6820521 bps=35.89 tps=5503 mgps=543.5 avgBps=33.91 avgTps=5468 avgMGps=513.3 elapsed=3h41m26s
Oct 01 20:27:45 nimbus-eth1-mainnet-short-benchmark[3630394]: INF 2026-10-01 20:27:45.845+00:00 Imported blocks                            blockNumber=20458753 slot=9666114 blocks=458752 txs=73838533 mgas=6945116 bps=33.30 tps=4791 mgps=506.5 avgBps=33.90 avgTps=5456 avgMGps=513.2 elapsed=3h45m32s
Oct 01 20:31:29 nimbus-eth1-mainnet-short-benchmark[3630394]: INF 2026-10-01 20:31:29.050+00:00 Imported blocks                            blockNumber=20466945 slot=9674343 blocks=466944 txs=75124748 mgas=7068943 bps=36.70 tps=5762 mgps=554.8 avgBps=33.95 avgTps=5461 avgMGps=513.9 elapsed=3h49m15s
Oct 01 20:35:11 nimbus-eth1-mainnet-short-benchmark[3630394]: INF 2026-10-01 20:35:11.271+00:00 Imported blocks                            blockNumber=20475137 slot=9682575 blocks=475136 txs=76420106 mgas=7192870 bps=36.86 tps=5829 mgps=557.7 avgBps=33.99 avgTps=5467 avgMGps=514.6 elapsed=3h52m57s
Oct 01 20:38:43 nimbus-eth1-mainnet-short-benchmark[3630394]: INF 2026-10-01 20:38:43.388+00:00 Imported blocks                            blockNumber=20483329 slot=9690800 blocks=483328 txs=77675422 mgas=7316939 bps=38.62 tps=5918 mgps=584.9 avgBps=34.06 avgTps=5473 avgMGps=515.6 elapsed=3h56m29s
Oct 01 20:42:12 nimbus-eth1-mainnet-short-benchmark[3630394]: INF 2026-10-01 20:42:12.137+00:00 Imported blocks                            blockNumber=20491521 slot=9699019 blocks=491520 txs=78951232 mgas=7440784 bps=39.24 tps=6111 mgps=593.3 avgBps=34.14 avgTps=5483 avgMGps=516.8 elapsed=3h59m58s
Oct 01 20:45:57 nimbus-eth1-mainnet-short-benchmark[3630394]: INF 2026-10-01 20:45:57.061+00:00 Imported blocks                            blockNumber=20499713 slot=9707248 blocks=499712 txs=80189642 mgas=7564669 bps=36.42 tps=5505 mgps=550.8 avgBps=34.17 avgTps=5483 avgMGps=517.3 elapsed=4h3m43s
Oct 01 20:49:48 nimbus-eth1-mainnet-short-benchmark[3630394]: INF 2026-10-01 20:49:48.014+00:00 Imported blocks                            blockNumber=20507905 slot=9715488 blocks=507904 txs=81317763 mgas=7689208 bps=35.47 tps=4884 mgps=539.2 avgBps=34.19 avgTps=5474 avgMGps=517.6 elapsed=4h7m34s
Oct 01 20:53:12 nimbus-eth1-mainnet-short-benchmark[3630394]: INF 2026-10-01 20:53:12.507+00:00 Imported blocks                            blockNumber=20516097 slot=9723715 blocks=516096 txs=82520262 mgas=7813209 bps=40.06 tps=5880 mgps=606.4 avgBps=34.27 avgTps=5479 avgMGps=518.8 elapsed=4h10m59s
Oct 01 20:56:48 nimbus-eth1-mainnet-short-benchmark[3630394]: INF 2026-10-01 20:56:48.968+00:00 Imported blocks                            blockNumber=20524289 slot=9731945 blocks=524288 txs=83780075 mgas=7937233 bps=37.85 tps=5820 mgps=573.0 avgBps=34.32 avgTps=5484 avgMGps=519.6 elapsed=4h14m35s
Oct 01 21:00:30 nimbus-eth1-mainnet-short-benchmark[3630394]: INF 2026-10-01 21:00:30.689+00:00 Imported blocks                            blockNumber=20532481 slot=9740183 blocks=532480 txs=85263862 mgas=8061024 bps=36.95 tps=6692 mgps=558.3 avgBps=34.36 avgTps=5501 avgMGps=520.2 elapsed=4h18m17s
Oct 01 21:04:16 nimbus-eth1-mainnet-short-benchmark[3630394]: INF 2026-10-01 21:04:16.410+00:00 Imported blocks                            blockNumber=20540673 slot=9748418 blocks=540672 txs=86612143 mgas=8185090 bps=36.29 tps=5973 mgps=549.6 avgBps=34.39 avgTps=5508 avgMGps=520.6 elapsed=4h22m2s
Oct 01 21:08:11 nimbus-eth1-mainnet-short-benchmark[3630394]: INF 2026-10-01 21:08:11.127+00:00 Imported blocks                            blockNumber=20548865 slot=9756662 blocks=548864 txs=87802991 mgas=8309513 bps=34.90 tps=5073 mgps=530.1 avgBps=34.39 avgTps=5502 avgMGps=520.7 elapsed=4h25m57s
Oct 01 21:12:00 nimbus-eth1-mainnet-short-benchmark[3630394]: INF 2026-10-01 21:12:00.591+00:00 Imported blocks                            blockNumber=20557057 slot=9764892 blocks=557056 txs=88964987 mgas=8433956 bps=35.70 tps=5063 mgps=542.3 avgBps=34.41 avgTps=5496 avgMGps=521.0 elapsed=4h29m47s
Oct 01 21:15:41 nimbus-eth1-mainnet-short-benchmark[3630394]: INF 2026-10-01 21:15:41.056+00:00 Imported blocks                            blockNumber=20565249 slot=9773131 blocks=565248 txs=90186094 mgas=8558113 bps=37.16 tps=5538 mgps=563.2 avgBps=34.45 avgTps=5496 avgMGps=521.6 elapsed=4h33m27s
Oct 01 21:19:20 nimbus-eth1-mainnet-short-benchmark[3630394]: INF 2026-10-01 21:19:20.729+00:00 Imported blocks                            blockNumber=20573441 slot=9781369 blocks=573440 txs=91404654 mgas=8682228 bps=37.29 tps=5547 mgps=565.0 avgBps=34.49 avgTps=5497 avgMGps=522.2 elapsed=4h37m7s
Oct 01 21:22:55 nimbus-eth1-mainnet-short-benchmark[3630394]: INF 2026-10-01 21:22:55.962+00:00 Imported blocks                            blockNumber=20581633 slot=9789611 blocks=581632 txs=92628389 mgas=8806651 bps=38.06 tps=5685 mgps=578.1 avgBps=34.53 avgTps=5499 avgMGps=522.9 elapsed=4h40m42s
Oct 01 21:26:40 nimbus-eth1-mainnet-short-benchmark[3630394]: INF 2026-10-01 21:26:40.651+00:00 Imported blocks                            blockNumber=20589825 slot=9797855 blocks=589824 txs=93887208 mgas=8931023 bps=36.46 tps=5602 mgps=553.5 avgBps=34.56 avgTps=5501 avgMGps=523.3 elapsed=4h44m27s
Oct 01 21:30:29 nimbus-eth1-mainnet-short-benchmark[3630394]: INF 2026-10-01 21:30:29.504+00:00 Imported blocks                            blockNumber=20598017 slot=9806095 blocks=598016 txs=95163338 mgas=9055310 bps=35.80 tps=5576 mgps=543.1 avgBps=34.58 avgTps=5502 avgMGps=523.5 elapsed=4h48m16s
Oct 01 21:34:19 nimbus-eth1-mainnet-short-benchmark[3630394]: INF 2026-10-01 21:34:19.528+00:00 Imported blocks                            blockNumber=20606209 slot=9814347 blocks=606208 txs=96334664 mgas=9179976 bps=35.61 tps=5092 mgps=542.0 avgBps=34.59 avgTps=5496 avgMGps=523.8 elapsed=4h52m6s
Oct 01 21:38:01 nimbus-eth1-mainnet-short-benchmark[3630394]: INF 2026-10-01 21:38:01.369+00:00 Imported blocks                            blockNumber=20614401 slot=9822581 blocks=614400 txs=97573414 mgas=9304574 bps=36.93 tps=5583 mgps=561.7 avgBps=34.62 avgTps=5497 avgMGps=524.3 elapsed=4h55m47s
Oct 01 21:41:40 nimbus-eth1-mainnet-short-benchmark[3630394]: INF 2026-10-01 21:41:40.606+00:00 Imported blocks                            blockNumber=20622593 slot=9830821 blocks=622592 txs=98874772 mgas=9428835 bps=37.37 tps=5935 mgps=566.8 avgBps=34.65 avgTps=5503 avgMGps=524.8 elapsed=4h59m27s
Oct 01 21:45:13 nimbus-eth1-mainnet-short-benchmark[3630394]: INF 2026-10-01 21:45:13.843+00:00 Imported blocks                            blockNumber=20630785 slot=9839058 blocks=630784 txs=100178707 mgas=9553009 bps=38.42 tps=6115 mgps=582.3 avgBps=34.70 avgTps=5510 avgMGps=525.5 elapsed=5h3m406ms
Oct 01 21:48:58 nimbus-eth1-mainnet-short-benchmark[3630394]: INF 2026-10-01 21:48:58.932+00:00 Imported blocks                            blockNumber=20638977 slot=9847313 blocks=638976 txs=101489116 mgas=9677171 bps=36.39 tps=5821 mgps=551.6 avgBps=34.72 avgTps=5514 avgMGps=525.8 elapsed=5h6m45s
Oct 01 21:52:40 nimbus-eth1-mainnet-short-benchmark[3630394]: INF 2026-10-01 21:52:40.201+00:00 Imported blocks                            blockNumber=20647169 slot=9855549 blocks=647168 txs=102730058 mgas=9801643 bps=37.02 tps=5608 mgps=562.5 avgBps=34.74 avgTps=5515 avgMGps=526.2 elapsed=5h10m26s
Oct 01 21:56:36 nimbus-eth1-mainnet-short-benchmark[3630394]: INF 2026-10-01 21:56:36.549+00:00 Imported blocks                            blockNumber=20655361 slot=9863778 blocks=655360 txs=103868002 mgas=9926541 bps=34.66 tps=4814 mgps=528.5 avgBps=34.74 avgTps=5506 avgMGps=526.2 elapsed=5h14m23s
Oct 01 22:00:13 nimbus-eth1-mainnet-short-benchmark[3630394]: INF 2026-10-01 22:00:13.186+00:00 Imported blocks                            blockNumber=20663553 slot=9872013 blocks=663552 txs=105112198 mgas=10051274 bps=37.81 tps=5743 mgps=575.8 avgBps=34.78 avgTps=5509 avgMGps=526.8 elapsed=5h17m59s
Oct 01 22:03:39 nimbus-eth1-mainnet-short-benchmark[3630394]: INF 2026-10-01 22:03:39.751+00:00 Imported blocks                            blockNumber=20671745 slot=9880241 blocks=671744 txs=106395904 mgas=10175177 bps=39.66 tps=6214 mgps=599.8 avgBps=34.83 avgTps=5516 avgMGps=527.6 elapsed=5h21m26s
Oct 01 22:07:07 nimbus-eth1-mainnet-short-benchmark[3630394]: INF 2026-10-01 22:07:07.756+00:00 Imported blocks                            blockNumber=20679937 slot=9888471 blocks=679936 txs=107674271 mgas=10299404 bps=39.38 tps=6145 mgps=597.2 avgBps=34.88 avgTps=5523 avgMGps=528.3 elapsed=5h24m54s
Oct 01 22:10:28 nimbus-eth1-mainnet-short-benchmark[3630394]: INF 2026-10-01 22:10:28.877+00:00 Imported blocks                            blockNumber=20688129 slot=9896698 blocks=688128 txs=108938536 mgas=10423298 bps=40.73 tps=6286 mgps=616.0 avgBps=34.94 avgTps=5531 avgMGps=529.2 elapsed=5h28m15s
Oct 01 22:14:02 nimbus-eth1-mainnet-short-benchmark[3630394]: INF 2026-10-01 22:14:02.078+00:00 Imported blocks                            blockNumber=20696321 slot=9904930 blocks=696320 txs=110235786 mgas=10547469 bps=38.42 tps=6084 mgps=582.4 avgBps=34.98 avgTps=5537 avgMGps=529.8 elapsed=5h31m48s
Oct 01 22:17:53 nimbus-eth1-mainnet-short-benchmark[3630394]: INF 2026-10-01 22:17:53.299+00:00 Imported blocks                            blockNumber=20704513 slot=9913154 blocks=704512 txs=111483759 mgas=10671677 bps=35.43 tps=5397 mgps=537.2 avgBps=34.98 avgTps=5535 avgMGps=529.9 elapsed=5h35m39s
Oct 01 22:21:30 nimbus-eth1-mainnet-short-benchmark[3630394]: INF 2026-10-01 22:21:30.552+00:00 Imported blocks                            blockNumber=20712705 slot=9921388 blocks=712704 txs=112764170 mgas=10795980 bps=37.71 tps=5893 mgps=572.2 avgBps=35.01 avgTps=5539 avgMGps=530.3 elapsed=5h39m17s
Oct 01 22:24:53 nimbus-eth1-mainnet-short-benchmark[3630394]: INF 2026-10-01 22:24:53.737+00:00 Imported blocks                            blockNumber=20720897 slot=9929633 blocks=720896 txs=114110517 mgas=10919926 bps=40.32 tps=6626 mgps=610.0 avgBps=35.06 avgTps=5550 avgMGps=531.1 elapsed=5h42m40s
Oct 01 22:28:24 nimbus-eth1-mainnet-short-benchmark[3630394]: INF 2026-10-01 22:28:24.118+00:00 Imported blocks                            blockNumber=20729089 slot=9937869 blocks=729088 txs=115449431 mgas=11043768 bps=38.94 tps=6364 mgps=588.7 avgBps=35.10 avgTps=5558 avgMGps=531.7 elapsed=5h46m10s
Oct 01 22:31:46 nimbus-eth1-mainnet-short-benchmark[3630394]: INF 2026-10-01 22:31:46.743+00:00 Imported blocks                            blockNumber=20737281 slot=9946108 blocks=737280 txs=116784468 mgas=11167784 bps=40.43 tps=6588 mgps=612.1 avgBps=35.15 avgTps=5568 avgMGps=532.5 elapsed=5h49m33s
Oct 01 22:35:18 nimbus-eth1-mainnet-short-benchmark[3630394]: INF 2026-10-01 22:35:18.700+00:00 Imported blocks                            blockNumber=20745473 slot=9954342 blocks=745472 txs=118101003 mgas=11291742 bps=38.65 tps=6211 mgps=584.8 avgBps=35.19 avgTps=5574 avgMGps=533.0 elapsed=5h53m5s
Oct 01 22:39:08 nimbus-eth1-mainnet-short-benchmark[3630394]: INF 2026-10-01 22:39:08.805+00:00 Imported blocks                            blockNumber=20753665 slot=9962581 blocks=753664 txs=119337525 mgas=11415859 bps=35.60 tps=5373 mgps=539.4 avgBps=35.19 avgTps=5572 avgMGps=533.1 elapsed=5h56m55s
Oct 01 22:42:44 nimbus-eth1-mainnet-short-benchmark[3630394]: INF 2026-10-01 22:42:44.378+00:00 Imported blocks                            blockNumber=20761857 slot=9970803 blocks=761856 txs=120564314 mgas=11540225 bps=38.00 tps=5690 mgps=576.9 avgBps=35.22 avgTps=5573 avgMGps=533.5 elapsed=6h30s942ms
Oct 01 22:46:09 nimbus-eth1-mainnet-short-benchmark[3630394]: INF 2026-10-01 22:46:09.351+00:00 Imported blocks                            blockNumber=20770049 slot=9979058 blocks=770048 txs=121858083 mgas=11663918 bps=39.97 tps=6311 mgps=603.5 avgBps=35.27 avgTps=5580 avgMGps=534.2 elapsed=6h3m55s
Oct 01 22:49:24 nimbus-eth1-mainnet-short-benchmark[3630394]: INF 2026-10-01 22:49:24.116+00:00 Imported blocks                            blockNumber=20778241 slot=9987307 blocks=778240 txs=123161734 mgas=11787906 bps=42.06 tps=6693 mgps=636.6 avgBps=35.33 avgTps=5590 avgMGps=535.1 elapsed=6h7m10s
Oct 01 22:52:32 nimbus-eth1-mainnet-short-benchmark[3630394]: INF 2026-10-01 22:52:32.482+00:00 Imported blocks                            blockNumber=20786433 slot=9995542 blocks=786432 txs=124509456 mgas=11911612 bps=43.49 tps=7154 mgps=656.7 avgBps=35.39 avgTps=5603 avgMGps=536.1 elapsed=6h10m19s
Oct 01 22:55:46 nimbus-eth1-mainnet-short-benchmark[3630394]: INF 2026-10-01 22:55:46.023+00:00 Imported blocks                            blockNumber=20794625 slot=10003781 blocks=794624 txs=125848921 mgas=12035338 bps=42.33 tps=6920 mgps=639.3 avgBps=35.45 avgTps=5615 avgMGps=537.0 elapsed=6h13m32s
Oct 01 22:59:05 nimbus-eth1-mainnet-short-benchmark[3630394]: INF 2026-10-01 22:59:05.728+00:00 Imported blocks                            blockNumber=20802817 slot=10012028 blocks=802816 txs=127089868 mgas=12158989 bps=41.02 tps=6213 mgps=619.2 avgBps=35.50 avgTps=5620 avgMGps=537.7 elapsed=6h16m52s
Oct 01 23:02:33 nimbus-eth1-mainnet-short-benchmark[3630394]: INF 2026-10-01 23:02:33.901+00:00 Imported blocks                            blockNumber=20811009 slot=10020249 blocks=811008 txs=128299762 mgas=12282850 bps=39.35 tps=5811 mgps=595.0 avgBps=35.54 avgTps=5622 avgMGps=538.2 elapsed=6h20m20s
Oct 01 23:05:47 nimbus-eth1-mainnet-short-benchmark[3630394]: INF 2026-10-01 23:05:47.478+00:00 Imported blocks                            blockNumber=20819201 slot=10028481 blocks=819200 txs=129596319 mgas=12406594 bps=42.32 tps=6697 mgps=639.2 avgBps=35.60 avgTps=5631 avgMGps=539.1 elapsed=6h23m34s
Oct 01 23:08:59 nimbus-eth1-mainnet-short-benchmark[3630394]: INF 2026-10-01 23:08:59.852+00:00 Imported blocks                            blockNumber=20827393 slot=10036710 blocks=827392 txs=130916729 mgas=12530249 bps=42.58 tps=6863 mgps=642.8 avgBps=35.65 avgTps=5641 avgMGps=539.9 elapsed=6h26m46s
Oct 01 23:12:15 nimbus-eth1-mainnet-short-benchmark[3630394]: INF 2026-10-01 23:12:15.613+00:00 Imported blocks                            blockNumber=20835585 slot=10044938 blocks=835584 txs=132226625 mgas=12654070 bps=41.85 tps=6691 mgps=632.5 avgBps=35.71 avgTps=5650 avgMGps=540.7 elapsed=6h30m2s
Oct 01 23:15:42 nimbus-eth1-mainnet-short-benchmark[3630394]: INF 2026-10-01 23:15:42.406+00:00 Imported blocks                            blockNumber=20843777 slot=10053164 blocks=843776 txs=133604192 mgas=12777730 bps=39.61 tps=6661 mgps=598.0 avgBps=35.74 avgTps=5659 avgMGps=541.2 elapsed=6h33m28s
Oct 01 23:19:41 nimbus-eth1-mainnet-short-benchmark[3630394]: INF 2026-10-01 23:19:41.778+00:00 Imported blocks                            blockNumber=20851969 slot=10061391 blocks=851968 txs=134900706 mgas=12901664 bps=34.22 tps=5416 mgps=517.7 avgBps=35.72 avgTps=5656 avgMGps=541.0 elapsed=6h37m28s
Oct 01 23:23:24 nimbus-eth1-mainnet-short-benchmark[3630394]: INF 2026-10-01 23:23:24.383+00:00 Imported blocks                            blockNumber=20860161 slot=10069622 blocks=860160 txs=136168750 mgas=13025603 bps=36.80 tps=5696 mgps=556.8 avgBps=35.73 avgTps=5656 avgMGps=541.1 elapsed=6h41m10s
Oct 01 23:27:02 nimbus-eth1-mainnet-short-benchmark[3630394]: INF 2026-10-01 23:27:02.796+00:00 Imported blocks                            blockNumber=20868353 slot=10077838 blocks=868352 txs=137550724 mgas=13149742 bps=37.51 tps=6327 mgps=568.4 avgBps=35.75 avgTps=5663 avgMGps=541.4 elapsed=6h44m49s
Oct 01 23:30:36 nimbus-eth1-mainnet-short-benchmark[3630394]: INF 2026-10-01 23:30:36.901+00:00 Imported blocks                            blockNumber=20876545 slot=10086066 blocks=876544 txs=138954673 mgas=13273457 bps=38.26 tps=6557 mgps=577.8 avgBps=35.77 avgTps=5670 avgMGps=541.7 elapsed=6h48m23s
Oct 01 23:34:06 nimbus-eth1-mainnet-short-benchmark[3630394]: INF 2026-10-01 23:34:06.874+00:00 Imported blocks                            blockNumber=20884737 slot=10094286 blocks=884736 txs=140256178 mgas=13397479 bps=39.02 tps=6198 mgps=590.7 avgBps=35.80 avgTps=5675 avgMGps=542.1 elapsed=6h51m53s
Oct 01 23:37:29 nimbus-eth1-mainnet-short-benchmark[3630394]: INF 2026-10-01 23:37:29.715+00:00 Imported blocks                            blockNumber=20892929 slot=10102512 blocks=892928 txs=141581868 mgas=13521575 bps=40.39 tps=6535 mgps=611.8 avgBps=35.84 avgTps=5682 avgMGps=542.7 elapsed=6h55m16s
Oct 01 23:40:54 nimbus-eth1-mainnet-short-benchmark[3630394]: INF 2026-10-01 23:40:54.044+00:00 Imported blocks                            blockNumber=20901121 slot=10110732 blocks=901120 txs=142875889 mgas=13645572 bps=40.09 tps=6332 mgps=606.8 avgBps=35.87 avgTps=5687 avgMGps=543.2 elapsed=6h58m40s
Oct 01 23:44:16 nimbus-eth1-mainnet-short-benchmark[3630394]: INF 2026-10-01 23:44:16.753+00:00 Imported blocks                            blockNumber=20909313 slot=10118953 blocks=909312 txs=144102308 mgas=13769390 bps=40.41 tps=6050 mgps=610.8 avgBps=35.91 avgTps=5690 avgMGps=543.7 elapsed=7h2m3s
Oct 01 23:47:37 nimbus-eth1-mainnet-short-benchmark[3630394]: INF 2026-10-01 23:47:37.915+00:00 Imported blocks                            blockNumber=20917505 slot=10127176 blocks=917504 txs=145406349 mgas=13893087 bps=40.72 tps=6482 mgps=614.9 avgBps=35.95 avgTps=5696 avgMGps=544.3 elapsed=7h5m24s
Oct 01 23:50:48 nimbus-eth1-mainnet-short-benchmark[3630394]: INF 2026-10-01 23:50:48.524+00:00 Imported blocks                            blockNumber=20925697 slot=10135394 blocks=925696 txs=146718394 mgas=14016820 bps=42.98 tps=6883 mgps=649.2 avgBps=36.00 avgTps=5705 avgMGps=545.1 elapsed=7h8m35s
Oct 01 23:54:12 nimbus-eth1-mainnet-short-benchmark[3630394]: INF 2026-10-01 23:54:12.261+00:00 Imported blocks                            blockNumber=20933889 slot=10143614 blocks=933888 txs=148049109 mgas=14140625 bps=40.21 tps=6531 mgps=607.7 avgBps=36.03 avgTps=5712 avgMGps=545.6 elapsed=7h11m58s
Oct 01 23:57:28 nimbus-eth1-mainnet-short-benchmark[3630394]: INF 2026-10-01 23:57:28.626+00:00 Imported blocks                            blockNumber=20942081 slot=10151840 blocks=942080 txs=149397364 mgas=14264352 bps=41.72 tps=6866 mgps=630.1 avgBps=36.07 avgTps=5720 avgMGps=546.2 elapsed=7h15m15s
Oct 02 00:00:49 nimbus-eth1-mainnet-short-benchmark[3630394]: INF 2026-10-02 00:00:49.523+00:00 Imported blocks                            blockNumber=20950273 slot=10160098 blocks=950272 txs=150765507 mgas=14388237 bps=40.78 tps=6810 mgps=616.7 avgBps=36.11 avgTps=5729 avgMGps=546.7 elapsed=7h18m36s
Oct 02 00:04:26 nimbus-eth1-mainnet-short-benchmark[3630394]: INF 2026-10-02 00:04:26.340+00:00 Imported blocks                            blockNumber=20958465 slot=10168363 blocks=958464 txs=152044771 mgas=14511987 bps=37.78 tps=5900 mgps=570.7 avgBps=36.12 avgTps=5730 avgMGps=546.9 elapsed=7h22m12s
Oct 02 00:07:54 nimbus-eth1-mainnet-short-benchmark[3630394]: INF 2026-10-02 00:07:54.029+00:00 Imported blocks                            blockNumber=20966657 slot=10176609 blocks=966656 txs=153365296 mgas=14635804 bps=39.44 tps=6358 mgps=596.2 avgBps=36.15 avgTps=5735 avgMGps=547.3 elapsed=7h25m40s
Oct 02 00:11:19 nimbus-eth1-mainnet-short-benchmark[3630394]: INF 2026-10-02 00:11:18.994+00:00 Imported blocks                            blockNumber=20974849 slot=10184849 blocks=974848 txs=154744917 mgas=14759580 bps=39.97 tps=6731 mgps=603.9 avgBps=36.18 avgTps=5742 avgMGps=547.8 elapsed=7h29m5s
Oct 02 00:14:49 nimbus-eth1-mainnet-short-benchmark[3630394]: INF 2026-10-02 00:14:49.871+00:00 Imported blocks                            blockNumber=20983041 slot=10193086 blocks=983040 txs=156055229 mgas=14883451 bps=38.85 tps=6213 mgps=587.4 avgBps=36.20 avgTps=5746 avgMGps=548.1 elapsed=7h32m36s
Oct 02 00:17:56 nimbus-eth1-mainnet-short-benchmark[3630394]: INF 2026-10-02 00:17:56.685+00:00 Imported blocks                            blockNumber=20991233 slot=10201319 blocks=991232 txs=157563202 mgas=15007557 bps=43.85 tps=8071 mgps=664.3 avgBps=36.25 avgTps=5762 avgMGps=548.9 elapsed=7h35m43s
Oct 02 00:21:33 nimbus-eth1-mainnet-short-benchmark[3630394]: INF 2026-10-02 00:21:33.306+00:00 Imported blocks                            blockNumber=20999425 slot=10209549 blocks=999424 txs=159003277 mgas=15131383 bps=37.82 tps=6647 mgps=571.6 avgBps=36.26 avgTps=5769 avgMGps=549.0 elapsed=7h39m19s
Oct 02 00:21:49 nimbus-eth1-mainnet-short-benchmark[3630394]: INF 2026-10-02 00:21:49.009+00:00 Imported blocks                            blockNumber=21000001 slot=10210128 blocks=1000000 txs=159109486 mgas=15140191 bps=36.68 tps=6763 mgps=560.9 avgBps=36.26 avgTps=5769 avgMGps=549.0 elapsed=7h39m35s
Oct 02 00:21:49 nimbus-eth1-mainnet-short-benchmark[3630394]: NTC 2026-10-02 00:21:49.009+00:00 Import complete                            blockNumber=21000001 slot=10210128 blocks=1000000 txs=159109486 mgas=15140191
Oct 02 00:21:50 nimbus-eth1-mainnet-short-benchmark[3601271]: <<< ending startNimbusWithImport (success)
Oct 02 00:21:50 nimbus-eth1-mainnet-short-benchmark[3601271]: >>> starting moveBenchmarkingFileToRepo
Oct 02 00:21:50 nimbus-eth1-mainnet-short-benchmark[3601271]: >>> copying debug-csv generated by nimbus to benchmarks repo
Oct 02 00:21:50 nimbus-eth1-mainnet-short-benchmark[3601271]: <<< ending moveBenchmarkingFileToRepo (success)
Oct 02 00:21:50 nimbus-eth1-mainnet-short-benchmark[3601271]: >>> starting generateBuildEnvironmentLogFile
Oct 02 00:21:58 nimbus-eth1-mainnet-short-benchmark[3601271]: <<< ending generateBuildEnvironmentLogFile (success)
Oct 02 00:21:58 nimbus-eth1-mainnet-short-benchmark[3601271]: >>> starting generateSystemdServiceLogs
