Aug 26 13:38:37 nimbus-eth1-mainnet-short-benchmark[4094885]: >>> starting cloneOrFetchBenchmarksRepo
Aug 26 13:38:37 nimbus-eth1-mainnet-short-benchmark[4094885]: >>> Fetching latest changes for nimbus-eth1-benchmarks...
Aug 26 13:38:39 nimbus-eth1-mainnet-short-benchmark[4094933]: HEAD is now at 73424fc chore: update short benchmark Readme
Aug 26 13:38:39 nimbus-eth1-mainnet-short-benchmark[4094885]: <<< ending cloneOrFetchBenchmarksRepo (success)
Aug 26 13:38:39 nimbus-eth1-mainnet-short-benchmark[4094885]: >>> starting cloneOrFetchNimbusRepo
Aug 26 13:38:54 nimbus-eth1-mainnet-short-benchmark[4094885]: >>> Fetching latest changes for nimbus-eth1...
Aug 26 13:38:55 nimbus-eth1-mainnet-short-benchmark[4095294]: From https://github.com/status-im/nimbus-eth1
Aug 26 13:38:55 nimbus-eth1-mainnet-short-benchmark[4095294]:  * [new branch]          fix-tx-rpc  -> origin/fix-tx-rpc
Aug 26 13:38:55 nimbus-eth1-mainnet-short-benchmark[4095294]:    0f7ed4280..d9ac0135c  ssz-rest    -> origin/ssz-rest
Aug 26 13:38:55 nimbus-eth1-mainnet-short-benchmark[4095294]:    4a8dcb323..aec54798b  wasm-deploy -> origin/wasm-deploy
Aug 26 13:38:55 nimbus-eth1-mainnet-short-benchmark[4095294]: Fetching submodule vendor/nimbus-eth2
Aug 26 13:38:57 nimbus-eth1-mainnet-short-benchmark[4095294]: From https://github.com/status-im/nimbus-eth2
Aug 26 13:38:57 nimbus-eth1-mainnet-short-benchmark[4095294]:  * [new branch]          chore/nim-libp2p-v2.3.0 -> origin/chore/nim-libp2p-v2.3.0
Aug 26 13:38:57 nimbus-eth1-mainnet-short-benchmark[4095294]:  * [new branch]          dependabot/submodules/unstable/vendor/nim-web3-3ac3d92 -> origin/dependabot/submodules/unstable/vendor/nim-web3-3ac3d92
Aug 26 13:38:57 nimbus-eth1-mainnet-short-benchmark[4095294]:    20fc4392c..d0d2ce05c  dev/etan/vc-deprootcache -> origin/dev/etan/vc-deprootcache
Aug 26 13:38:57 nimbus-eth1-mainnet-short-benchmark[4095294]:  * [new branch]          dev/etan/vc-reloadcfg   -> origin/dev/etan/vc-reloadcfg
Aug 26 13:38:57 nimbus-eth1-mainnet-short-benchmark[4095294]:  * [new branch]          dsg                     -> origin/dsg
Aug 26 13:38:57 nimbus-eth1-mainnet-short-benchmark[4095294]:  + 209531690...dd73fbb87 engine-ssz-api          -> origin/engine-ssz-api  (forced update)
Aug 26 13:38:57 nimbus-eth1-mainnet-short-benchmark[4095294]:  + 093b74979...fae9ee1a8 il3                     -> origin/il3  (forced update)
Aug 26 13:38:57 nimbus-eth1-mainnet-short-benchmark[4095294]:    d1d130707..08d99ec13  pm                      -> origin/pm
Aug 26 13:38:57 nimbus-eth1-mainnet-short-benchmark[4095294]:  + fb980079f...927ee40d3 syncv3                  -> origin/syncv3  (forced update)
Aug 26 13:38:57 nimbus-eth1-mainnet-short-benchmark[4095294]:    79fda84dd..62eda4462  tcq                     -> origin/tcq
Aug 26 13:38:57 nimbus-eth1-mainnet-short-benchmark[4095294]:    06fee180e..f4580b607  testing                 -> origin/testing
Aug 26 13:38:57 nimbus-eth1-mainnet-short-benchmark[4095294]:    7acd21113..e9dca820b  unstable                -> origin/unstable
Aug 26 13:38:57 nimbus-eth1-mainnet-short-benchmark[4095294]: fatal: exec 'rev-list': cd to 'vendor/nim-libp2p' failed: No such file or directory
Aug 26 13:38:57 nimbus-eth1-mainnet-short-benchmark[4095294]: Fetching submodule vendor/nimbus-eth2/vendor/nim-libp2p
Aug 26 13:38:58 nimbus-eth1-mainnet-short-benchmark[4095294]: From https://github.com/vacp2p/nim-libp2p
Aug 26 13:38:58 nimbus-eth1-mainnet-short-benchmark[4095294]:  * [new branch]          feat/dial-ranking       -> origin/feat/dial-ranking
Aug 26 13:38:58 nimbus-eth1-mainnet-short-benchmark[4095294]:  + 5663cb41d...b87085cc9 fix-flaky-test          -> origin/fix-flaky-test  (forced update)
Aug 26 13:38:58 nimbus-eth1-mainnet-short-benchmark[4095294]:  * [new branch]          fix/bufferstream-close-wakeup -> origin/fix/bufferstream-close-wakeup
Aug 26 13:38:58 nimbus-eth1-mainnet-short-benchmark[4095294]:  * [new branch]          fix/buffestream-readbuf -> origin/fix/buffestream-readbuf
Aug 26 13:38:58 nimbus-eth1-mainnet-short-benchmark[4095294]:  * [new branch]          fix/kad/dead-streams    -> origin/fix/kad/dead-streams
Aug 26 13:38:58 nimbus-eth1-mainnet-short-benchmark[4095294]:    91c4b30b7..4e2e370f0  gh-pages                -> origin/gh-pages
Aug 26 13:38:58 nimbus-eth1-mainnet-short-benchmark[4095294]:    d1b1ad814..ec6fa7935  master                  -> origin/master
Aug 26 13:38:58 nimbus-eth1-mainnet-short-benchmark[4095294]:  * [new branch]          test-quic-1             -> origin/test-quic-1
Aug 26 13:38:58 nimbus-eth1-mainnet-short-benchmark[4095294]:  * [new tag]             v2.3.0                  -> v2.3.0
Aug 26 13:38:58 nimbus-eth1-mainnet-short-benchmark[4095294]: Fetching submodule vendor/nimbus-eth2/vendor/nim-web3
Aug 26 13:38:59 nimbus-eth1-mainnet-short-benchmark[4095294]: From https://github.com/status-im/nim-web3
Aug 26 13:38:59 nimbus-eth1-mainnet-short-benchmark[4095294]:    adf596f..60a534c  feature/checked_exceptions -> origin/feature/checked_exceptions
Aug 26 13:38:59 nimbus-eth1-mainnet-short-benchmark[4095294]:    69dfc40..273386e  focil       -> origin/focil
Aug 26 13:38:59 nimbus-eth1-mainnet-short-benchmark[4095294]:    f991521..09dca1b  master      -> origin/master
Aug 26 13:38:59 nimbus-eth1-mainnet-short-benchmark[4095294]:    e733787..a20d775  simulate-v1 -> origin/simulate-v1
Aug 26 13:38:59 nimbus-eth1-mainnet-short-benchmark[4095294]:  * [new branch]      test-minver -> origin/test-minver
Aug 26 13:38:59 nimbus-eth1-mainnet-short-benchmark[4095294]:  * [new tag]         v0.8.1      -> v0.8.1
Aug 26 13:38:59 nimbus-eth1-mainnet-short-benchmark[4095344]: HEAD is now at 97cbcdda8 build(deps): bump vendor/nim-ssz-serialization (#4675)
Aug 26 13:38:59 nimbus-eth1-mainnet-short-benchmark[4094885]: >>> Found last benchmarked commit: 48835f6d
Aug 26 13:38:59 nimbus-eth1-mainnet-short-benchmark[4094885]: >>> Using next commit: d31ed4b1fe56ef43379ab0cbc10f28fabf4137bf
Aug 26 13:38:59 nimbus-eth1-mainnet-short-benchmark[4095361]: HEAD is now at d31ed4b1f Updated client identification code to NE (#4447)
Aug 26 13:38:59 nimbus-eth1-mainnet-short-benchmark[4094885]: >>> Current commit: d31ed4b1f
Aug 26 13:38:59 nimbus-eth1-mainnet-short-benchmark[4094885]: <<< ending cloneOrFetchNimbusRepo (success)
Aug 26 13:38:59 nimbus-eth1-mainnet-short-benchmark[4094885]: >>> starting buildBinaries
Aug 26 13:38:59 nimbus-eth1-mainnet-short-benchmark[4094885]: >>> Building binaries for commit d31ed4b1...
Aug 26 13:39:01 nimbus-eth1-mainnet-short-benchmark[4096580]: Submodule path 'vendor/nim-ssz-serialization': checked out '85562542cde0b1835bb0701f5799e603f9b5ad46'
Aug 26 13:39:07 nimbus-eth1-mainnet-short-benchmark[4100861]: Building: Nim compiler
Aug 26 13:42:02 nimbus-eth1-mainnet-short-benchmark[4100861]: Building custom Nimble commit: 42ef70c2102a942c46f13eb76872326edd525cec
Aug 26 13:42:13 nimbus-eth1-mainnet-short-benchmark[4100861]: Building Nimble...
Aug 26 13:42:23 nimbus-eth1-mainnet-short-benchmark[4100861]: Replacing nimble binary...
Aug 26 13:42:30 nimbus-eth1-mainnet-short-benchmark[4117218]: cp: cannot stat '/data/status-im/nimbus-eth1/build/*': No such file or directory
Aug 26 13:42:30 nimbus-eth1-mainnet-short-benchmark[4117177]: ROCKSDB VERSION NOT FOUND
Aug 26 13:42:30 nimbus-eth1-mainnet-short-benchmark[4117335]: make[1]: Entering directory '/data/status-im/nimbus-eth1/vendor/nim-rocksdb/vendor/rocksdb'
Aug 26 13:42:30 nimbus-eth1-mainnet-short-benchmark[4117335]: $DEBUG_LEVEL is 0, $LIB_MODE is static
Aug 26 13:42:31 nimbus-eth1-mainnet-short-benchmark[4117335]: make[1]: Leaving directory '/data/status-im/nimbus-eth1/vendor/nim-rocksdb/vendor/rocksdb'
Aug 26 13:42:31 nimbus-eth1-mainnet-short-benchmark[4117774]: Cleaning up RocksDb build artifacts.
Aug 26 13:42:31 nimbus-eth1-mainnet-short-benchmark[4117225]: Building RocksDb static libraries.
Aug 26 13:45:44 nimbus-eth1-mainnet-short-benchmark[4121309]: Building: build/nimbus_execution_client
Aug 26 13:48:18 nimbus-eth1-mainnet-short-benchmark[4094885]: >>> renaming binaries to match commit they were built from
Aug 26 13:48:18 nimbus-eth1-mainnet-short-benchmark[4094885]: >>> creating a symbolic link to the latest version
Aug 26 13:48:18 nimbus-eth1-mainnet-short-benchmark[4094885]: >>> deleting copies that are older than N days
Aug 26 13:48:18 nimbus-eth1-mainnet-short-benchmark[4094885]: <<< ending buildBinaries (success)
Aug 26 13:48:18 nimbus-eth1-mainnet-short-benchmark[4094885]: >>> starting skipOrContinueBenchmark
Aug 26 13:48:18 nimbus-eth1-mainnet-short-benchmark[4094885]: <<< ending skipOrContinueBenchmark (success)
Aug 26 13:48:18 nimbus-eth1-mainnet-short-benchmark[4094885]: >>> starting copyTemplateDatabase
Aug 26 13:48:18 nimbus-eth1-mainnet-short-benchmark[4094885]: >>> Copying template db into nimbus data directory
Aug 26 13:51:32 nimbus-eth1-mainnet-short-benchmark[4094885]: >>> Template db copied
Aug 26 13:51:32 nimbus-eth1-mainnet-short-benchmark[4094885]: >>> making nimbus the owner of the copied files
Aug 26 13:51:32 nimbus-eth1-mainnet-short-benchmark[4094885]: <<< ending copyTemplateDatabase (success)
Aug 26 13:51:32 nimbus-eth1-mainnet-short-benchmark[4094885]: >>> starting startNimbusWithImport
Aug 26 13:51:32 nimbus-eth1-mainnet-short-benchmark[4126978]: INF 2026-08-26 13:51:32.241+00:00 Launching execution client                 version=v0.4.0-d31ed4b1 config="(configFile: none(InputFile), dataDirFlag: some(/data/status-im/nimbus-eth1/data/shared_mainnet_0), era1DirFlag: some(/data/era1), eraDirFlag: some(/data/era), ereDirFlag: none(OutDir), keyStoreDirFlag: none(OutDir), importKey: , trustedSetupFile: none(string), extraData: Nimbus/v0.4.0-d31ed4b1, gasLimit: none(uint64), maxBlobs: none(byte), network: [mainnet], logLevel: INFO, logFormat: auto, metricsEnabled: false, metricsPort: 9093, metricsAddress: 127.0.0.1, bootstrapNodes: [], elBootstrapNodes: [], bootstrapFile: , elBootstrapFile: , staticPeers: [], staticPeersFile: , reconnectMaxRetry: 0, reconnectInterval: 15, listenAddress: ::, tcpPort: 30303, udpPortFlag: none(Port), maxPeersOpt: none(int), elMaxPeersOpt: none(int), nat: (hasExtIp: false, nat: NatAny), discv5: true, netKey: random, agentString: Nimbus/v0.4.0-d31ed4b1/linux-amd64/Nim-2.2.10, numThreads: 0, persistBatchSize: 4, dynamicBatchSize: false, rocksdbMaxOpenFiles: 2048, rocksdbWriteBufferSize: 67108864, rocksdbRowCacheSize: 0, rocksdbBlockCacheSize: 2147483648, rocksdbBlockCacheType: hyperclock, rdbVtxCacheSize: 536870912, rdbKeyCacheSize: 1342177280, rdbBranchCacheSize: 1073741824, rdbPrintStats: false, rewriteDatadirId: true, aristoDbMaxSnapshots: 5, parallelStateRootComputation: false, parallelSenderRecovery: true, optimisticStatePrefetch: false, balStatePrefetch: false, balStatePrefetchWorkers: 0, balParallelExecution: false, eagerStateRootCheck: false, deserializeFcState: true, statelessProvider: false, statelessWitnessValidation: false, cmd: import, maxBlocks: 1000000, chunkSize: 8192, csvStats: some("/data/host-benchmarks/short/e48aadea710245daa198815382ec4e10/blocks-import-benchmark.csv"), validation: false, fullValidation: false, storeBodies: false, storeReceipts: false, storeSlotHashes: false)"
Aug 26 13:51:32 nimbus-eth1-mainnet-short-benchmark[4126978]: WRN 2026-08-26 13:51:32.245+00:00 Data directory has insecure permissions. Correcting them. data_dir=/data/status-im/nimbus-eth1/data/shared_mainnet_0 current_permissions=0755 required_permissions=0700
Aug 26 13:51:34 nimbus-eth1-mainnet-short-benchmark[4126978]: INF 2026-08-26 13:51:34.073+00:00 Taskpool started                           numThreads=16
Aug 26 13:51:34 nimbus-eth1-mainnet-short-benchmark[4126978]: INF 2026-08-26 13:51:34.197+00:00 Writing data dir ID                        ID=0x0a036d6f6dfe59156bb6359f0243c93d5a421ed688de5aa85a62d15dca8dbd5c
Aug 26 13:51:34 nimbus-eth1-mainnet-short-benchmark[4126978]: INF 2026-08-26 13:51:34.217+00:00 Database initialized                       base="(0xd24fd73f794058a3807db926d8898c6481e902b7edb91ce0d479d6760f276183, 20000000)" finalized="(0xd24fd73f794058a3807db926d8898c6481e902b7edb91ce0d479d6760f276183, 20000000)" head="(0xd4e56740f876aef8c010b86a40d5f56745a118d0906a34e69aec8c0db1cb8fa3, 0)"
Aug 26 13:51:34 nimbus-eth1-mainnet-short-benchmark[4126978]: NTC 2026-08-26 13:51:34.221+00:00 Could not open ere database, falling back to era1/era import ereDir=/data/status-im/nimbus-eth1/data/shared_mainnet_0/ere networkName=mainnet error="No ere files found in /data/status-im/nimbus-eth1/data/shared_mainnet_0/ere"
Aug 26 13:51:34 nimbus-eth1-mainnet-short-benchmark[4126978]: NTC 2026-08-26 13:51:34.221+00:00 Importing era archive                      blockNumber=20000001 dataDir=/data/status-im/nimbus-eth1/data/shared_mainnet_0 eraDir=/data/era
Aug 26 13:51:36 nimbus-eth1-mainnet-short-benchmark[4126978]: NTC 2026-08-26 13:51:36.453+00:00 Matched block to slot number               blockNumber=20000001 slot=9204783
Aug 26 13:57:45 nimbus-eth1-mainnet-short-benchmark[4126978]: INF 2026-08-26 13:57:45.911+00:00 Imported blocks                            blockNumber=20008193 slot=9213020 blocks=8192 txs=1226966 mgas=124237 bps=22.04 tps=3301 mgps=334.3 avgBps=22.04 avgTps=3301 avgMGps=334.3 elapsed=6m11s688ms
Aug 26 14:03:21 nimbus-eth1-mainnet-short-benchmark[4126978]: INF 2026-08-26 14:03:21.094+00:00 Imported blocks                            blockNumber=20016385 slot=9221256 blocks=16384 txs=2540380 mgas=248071 bps=24.44 tps=3918 mgps=369.4 avgBps=23.18 avgTps=3593 avgMGps=350.9 elapsed=11m46s873ms
Aug 26 14:08:36 nimbus-eth1-mainnet-short-benchmark[4126978]: INF 2026-08-26 14:08:36.710+00:00 Imported blocks                            blockNumber=20024577 slot=9229485 blocks=24576 txs=3869398 mgas=372018 bps=25.96 tps=4210 mgps=392.7 avgBps=24.04 avgTps=3784 avgMGps=363.8 elapsed=17m2s489ms
Aug 26 14:13:22 nimbus-eth1-mainnet-short-benchmark[4126978]: INF 2026-08-26 14:13:22.958+00:00 Imported blocks                            blockNumber=20032769 slot=9237722 blocks=32768 txs=5222766 mgas=495797 bps=28.62 tps=4727 mgps=432.4 avgBps=25.04 avgTps=3990 avgMGps=378.8 elapsed=21m48s737ms
Aug 26 14:17:59 nimbus-eth1-mainnet-short-benchmark[4126978]: INF 2026-08-26 14:17:59.466+00:00 Imported blocks                            blockNumber=20040961 slot=9245957 blocks=40960 txs=6566802 mgas=619586 bps=29.63 tps=4860 mgps=447.7 avgBps=25.84 avgTps=4142 avgMGps=390.8 elapsed=26m25s247ms
Aug 26 14:22:53 nimbus-eth1-mainnet-short-benchmark[4126978]: INF 2026-08-26 14:22:53.778+00:00 Imported blocks                            blockNumber=20049153 slot=9254196 blocks=49152 txs=7904746 mgas=743522 bps=27.83 tps=4546 mgps=421.1 avgBps=26.15 avgTps=4205 avgMGps=395.6 elapsed=31m19s559ms
Aug 26 14:27:38 nimbus-eth1-mainnet-short-benchmark[4126978]: INF 2026-08-26 14:27:38.174+00:00 Imported blocks                            blockNumber=20057345 slot=9262435 blocks=57344 txs=9212009 mgas=867360 bps=28.81 tps=4596 mgps=435.4 avgBps=26.50 avgTps=4257 avgMGps=400.8 elapsed=36m3s953ms
Aug 26 14:32:03 nimbus-eth1-mainnet-short-benchmark[4126978]: INF 2026-08-26 14:32:03.338+00:00 Imported blocks                            blockNumber=20065537 slot=9270674 blocks=65536 txs=10559018 mgas=991371 bps=30.89 tps=5079 mgps=467.7 avgBps=26.98 avgTps=4346 avgMGps=408.1 elapsed=40m29s117ms
Aug 26 14:36:13 nimbus-eth1-mainnet-short-benchmark[4126978]: INF 2026-08-26 14:36:13.854+00:00 Imported blocks                            blockNumber=20073729 slot=9278910 blocks=73728 txs=11898676 mgas=1115111 bps=32.70 tps=5347 mgps=493.9 avgBps=27.51 avgTps=4440 avgMGps=416.1 elapsed=44m39s635ms
Aug 26 14:40:14 nimbus-eth1-mainnet-short-benchmark[4126978]: INF 2026-08-26 14:40:14.499+00:00 Imported blocks                            blockNumber=20081921 slot=9287152 blocks=81920 txs=13323263 mgas=1239150 bps=34.04 tps=5919 mgps=515.5 avgBps=28.05 avgTps=4562 avgMGps=424.3 elapsed=48m40s276ms
Aug 26 14:44:14 nimbus-eth1-mainnet-short-benchmark[4126978]: INF 2026-08-26 14:44:14.411+00:00 Imported blocks                            blockNumber=20090113 slot=9295408 blocks=90112 txs=14697082 mgas=1363113 bps=34.15 tps=5726 mgps=516.7 avgBps=28.51 avgTps=4650 avgMGps=431.3 elapsed=52m40s191ms
Aug 26 14:48:29 nimbus-eth1-mainnet-short-benchmark[4126978]: INF 2026-08-26 14:48:29.736+00:00 Imported blocks                            blockNumber=20098305 slot=9303658 blocks=98304 txs=16025683 mgas=1487146 bps=32.08 tps=5203 mgps=485.8 avgBps=28.78 avgTps=4692 avgMGps=435.4 elapsed=56m55s515ms
Aug 26 14:52:55 nimbus-eth1-mainnet-short-benchmark[4126978]: INF 2026-08-26 14:52:55.436+00:00 Imported blocks                            blockNumber=20106497 slot=9311895 blocks=106496 txs=17337157 mgas=1611066 bps=30.83 tps=4935 mgps=466.4 avgBps=28.93 avgTps=4709 avgMGps=437.6 elapsed=1h1m21s
Aug 26 14:57:07 nimbus-eth1-mainnet-short-benchmark[4126978]: INF 2026-08-26 14:57:06.996+00:00 Imported blocks                            blockNumber=20114689 slot=9320146 blocks=114688 txs=18632097 mgas=1735123 bps=32.56 tps=5147 mgps=493.1 avgBps=29.16 avgTps=4737 avgMGps=441.2 elapsed=1h5m32s
Aug 26 15:01:06 nimbus-eth1-mainnet-short-benchmark[4126978]: INF 2026-08-26 15:01:06.273+00:00 Imported blocks                            blockNumber=20122881 slot=9328409 blocks=122880 txs=19937418 mgas=1859249 bps=34.24 tps=5455 mgps=518.8 avgBps=29.45 avgTps=4778 avgMGps=445.6 elapsed=1h9m32s
Aug 26 15:05:02 nimbus-eth1-mainnet-short-benchmark[4126978]: INF 2026-08-26 15:05:02.502+00:00 Imported blocks                            blockNumber=20131073 slot=9336660 blocks=131072 txs=21214129 mgas=1983500 bps=34.68 tps=5404 mgps=526.0 avgBps=29.73 avgTps=4812 avgMGps=449.9 elapsed=1h13m28s
Aug 26 15:08:55 nimbus-eth1-mainnet-short-benchmark[4126978]: INF 2026-08-26 15:08:55.310+00:00 Imported blocks                            blockNumber=20139265 slot=9344906 blocks=139264 txs=22579079 mgas=2107571 bps=35.19 tps=5863 mgps=532.9 avgBps=30.01 avgTps=4865 avgMGps=454.1 elapsed=1h17m21s
Aug 26 15:13:31 nimbus-eth1-mainnet-short-benchmark[4126978]: INF 2026-08-26 15:13:31.654+00:00 Imported blocks                            blockNumber=20147457 slot=9353153 blocks=147456 txs=24133322 mgas=2231686 bps=29.64 tps=5624 mgps=449.1 avgBps=29.99 avgTps=4907 avgMGps=453.8 elapsed=1h21m57s
Aug 26 15:18:00 nimbus-eth1-mainnet-short-benchmark[4126978]: INF 2026-08-26 15:18:00.039+00:00 Imported blocks                            blockNumber=20155649 slot=9361407 blocks=155648 txs=25424015 mgas=2356018 bps=30.52 tps=4809 mgps=463.3 avgBps=30.01 avgTps=4902 avgMGps=454.3 elapsed=1h26m25s
Aug 26 15:22:05 nimbus-eth1-mainnet-short-benchmark[4126978]: INF 2026-08-26 15:22:05.699+00:00 Imported blocks                            blockNumber=20163841 slot=9369652 blocks=163840 txs=26749549 mgas=2480207 bps=33.35 tps=5395 mgps=505.5 avgBps=30.16 avgTps=4924 avgMGps=456.6 elapsed=1h30m31s
Aug 26 15:26:05 nimbus-eth1-mainnet-short-benchmark[4126978]: INF 2026-08-26 15:26:05.692+00:00 Imported blocks                            blockNumber=20172033 slot=9377892 blocks=172032 txs=28105316 mgas=2604026 bps=34.13 tps=5649 mgps=515.9 avgBps=30.33 avgTps=4955 avgMGps=459.1 elapsed=1h34m31s
Aug 26 15:30:12 nimbus-eth1-mainnet-short-benchmark[4126978]: INF 2026-08-26 15:30:12.816+00:00 Imported blocks                            blockNumber=20180225 slot=9386128 blocks=180224 txs=29524405 mgas=2728170 bps=33.15 tps=5742 mgps=502.4 avgBps=30.45 avgTps=4988 avgMGps=460.9 elapsed=1h38m38s
Aug 26 15:34:00 nimbus-eth1-mainnet-short-benchmark[4126978]: INF 2026-08-26 15:34:00.021+00:00 Imported blocks                            blockNumber=20188417 slot=9394365 blocks=188416 txs=30849021 mgas=2852023 bps=36.05 tps=5829 mgps=545.1 avgBps=30.66 avgTps=5019 avgMGps=464.1 elapsed=1h42m25s
Aug 26 15:38:11 nimbus-eth1-mainnet-short-benchmark[4126978]: INF 2026-08-26 15:38:11.897+00:00 Imported blocks                            blockNumber=20196609 slot=9402602 blocks=196608 txs=32174755 mgas=2976155 bps=32.52 tps=5263 mgps=492.8 avgBps=30.73 avgTps=5029 avgMGps=465.2 elapsed=1h46m37s
Aug 26 15:42:41 nimbus-eth1-mainnet-short-benchmark[4126978]: INF 2026-08-26 15:42:41.765+00:00 Imported blocks                            blockNumber=20204801 slot=9410840 blocks=204800 txs=33475942 mgas=3100410 bps=30.36 tps=4821 mgps=460.4 avgBps=30.72 avgTps=5020 avgMGps=465.0 elapsed=1h51m7s
Aug 26 15:46:45 nimbus-eth1-mainnet-short-benchmark[4126978]: INF 2026-08-26 15:46:45.922+00:00 Imported blocks                            blockNumber=20212993 slot=9419071 blocks=212992 txs=34798508 mgas=3224370 bps=33.55 tps=5416 mgps=507.7 avgBps=30.82 avgTps=5034 avgMGps=466.5 elapsed=1h55m11s
Aug 26 15:50:45 nimbus-eth1-mainnet-short-benchmark[4126978]: INF 2026-08-26 15:50:45.827+00:00 Imported blocks                            blockNumber=20221185 slot=9427313 blocks=221184 txs=36114045 mgas=3348169 bps=34.15 tps=5483 mgps=516.0 avgBps=30.93 avgTps=5049 avgMGps=468.2 elapsed=1h59m11s
Aug 26 15:54:28 nimbus-eth1-mainnet-short-benchmark[4126978]: INF 2026-08-26 15:54:28.175+00:00 Imported blocks                            blockNumber=20229377 slot=9435549 blocks=229376 txs=37421794 mgas=3472031 bps=36.84 tps=5881 mgps=557.1 avgBps=31.11 avgTps=5074 avgMGps=470.9 elapsed=2h2m53s
Aug 26 15:58:18 nimbus-eth1-mainnet-short-benchmark[4126978]: INF 2026-08-26 15:58:18.824+00:00 Imported blocks                            blockNumber=20237569 slot=9443788 blocks=237568 txs=38842064 mgas=3596351 bps=35.52 tps=6157 mgps=539.0 avgBps=31.24 avgTps=5107 avgMGps=472.9 elapsed=2h6m44s
Aug 26 16:02:28 nimbus-eth1-mainnet-short-benchmark[4126978]: INF 2026-08-26 16:02:28.025+00:00 Imported blocks                            blockNumber=20245761 slot=9452021 blocks=245760 txs=40225739 mgas=3720100 bps=32.87 tps=5552 mgps=496.6 avgBps=31.29 avgTps=5121 avgMGps=473.7 elapsed=2h10m53s
Aug 26 16:06:54 nimbus-eth1-mainnet-short-benchmark[4126978]: INF 2026-08-26 16:06:54.157+00:00 Imported blocks                            blockNumber=20253953 slot=9460253 blocks=253952 txs=41454921 mgas=3844385 bps=30.78 tps=4618 mgps=467.0 avgBps=31.28 avgTps=5105 avgMGps=473.5 elapsed=2h15m19s
Aug 26 16:11:07 nimbus-eth1-mainnet-short-benchmark[4126978]: INF 2026-08-26 16:11:07.653+00:00 Imported blocks                            blockNumber=20262145 slot=9468495 blocks=262144 txs=42726051 mgas=3968623 bps=32.32 tps=5014 mgps=490.1 avgBps=31.31 avgTps=5102 avgMGps=474.0 elapsed=2h19m33s
Aug 26 16:15:04 nimbus-eth1-mainnet-short-benchmark[4126978]: INF 2026-08-26 16:15:04.134+00:00 Imported blocks                            blockNumber=20270337 slot=9476748 blocks=270336 txs=44050436 mgas=4092682 bps=34.64 tps=5600 mgps=524.6 avgBps=31.40 avgTps=5116 avgMGps=475.3 elapsed=2h23m29s
Aug 26 16:18:46 nimbus-eth1-mainnet-short-benchmark[4126978]: INF 2026-08-26 16:18:46.391+00:00 Imported blocks                            blockNumber=20278529 slot=9484981 blocks=278528 txs=45382368 mgas=4216487 bps=36.86 tps=5992 mgps=557.0 avgBps=31.54 avgTps=5138 avgMGps=477.4 elapsed=2h27m12s
Aug 26 16:22:30 nimbus-eth1-mainnet-short-benchmark[4126978]: INF 2026-08-26 16:22:30.764+00:00 Imported blocks                            blockNumber=20286721 slot=9493213 blocks=286720 txs=46733429 mgas=4340363 bps=36.51 tps=6021 mgps=552.1 avgBps=31.66 avgTps=5160 avgMGps=479.3 elapsed=2h30m56s
Aug 26 16:26:35 nimbus-eth1-mainnet-short-benchmark[4126978]: INF 2026-08-26 16:26:35.788+00:00 Imported blocks                            blockNumber=20294913 slot=9501453 blocks=294912 txs=48075887 mgas=4464376 bps=33.43 tps=5478 mgps=506.1 avgBps=31.71 avgTps=5168 avgMGps=480.0 elapsed=2h35m1s
Aug 26 16:30:36 nimbus-eth1-mainnet-short-benchmark[4126978]: INF 2026-08-26 16:30:36.877+00:00 Imported blocks                            blockNumber=20303105 slot=9509696 blocks=303104 txs=49379538 mgas=4588534 bps=33.98 tps=5407 mgps=515.0 avgBps=31.76 avgTps=5174 avgMGps=480.8 elapsed=2h39m2s
Aug 26 16:34:31 nimbus-eth1-mainnet-short-benchmark[4126978]: INF 2026-08-26 16:34:31.961+00:00 Imported blocks                            blockNumber=20311297 slot=9517922 blocks=311296 txs=50637672 mgas=4712596 bps=34.85 tps=5351 mgps=527.7 avgBps=31.84 avgTps=5178 avgMGps=482.0 elapsed=2h42m57s
Aug 26 16:38:18 nimbus-eth1-mainnet-short-benchmark[4126978]: INF 2026-08-26 16:38:18.426+00:00 Imported blocks                            blockNumber=20319489 slot=9526159 blocks=319488 txs=51981692 mgas=4836521 bps=36.17 tps=5934 mgps=547.2 avgBps=31.94 avgTps=5195 avgMGps=483.4 elapsed=2h46m44s
Aug 26 16:41:45 nimbus-eth1-mainnet-short-benchmark[4126978]: INF 2026-08-26 16:41:45.571+00:00 Imported blocks                            blockNumber=20327681 slot=9534381 blocks=327680 txs=53356123 mgas=4960245 bps=39.55 tps=6635 mgps=597.3 avgBps=32.09 avgTps=5225 avgMGps=485.8 elapsed=2h50m11s
Aug 26 16:45:11 nimbus-eth1-mainnet-short-benchmark[4126978]: INF 2026-08-26 16:45:11.572+00:00 Imported blocks                            blockNumber=20335873 slot=9542617 blocks=335872 txs=54719105 mgas=5084025 bps=39.77 tps=6616 mgps=600.9 avgBps=32.24 avgTps=5252 avgMGps=488.0 elapsed=2h53m37s
Aug 26 16:48:56 nimbus-eth1-mainnet-short-benchmark[4126978]: INF 2026-08-26 16:48:56.221+00:00 Imported blocks                            blockNumber=20344065 slot=9550841 blocks=344064 txs=56021853 mgas=5207843 bps=36.47 tps=5798 mgps=551.2 avgBps=32.33 avgTps=5264 avgMGps=489.4 elapsed=2h57m22s
Aug 26 16:53:14 nimbus-eth1-mainnet-short-benchmark[4126978]: INF 2026-08-26 16:53:14.081+00:00 Imported blocks                            blockNumber=20352257 slot=9559072 blocks=352256 txs=57290408 mgas=5332016 bps=31.77 tps=4919 mgps=481.6 avgBps=32.32 avgTps=5256 avgMGps=489.2 elapsed=3h1m39s
Aug 26 16:57:08 nimbus-eth1-mainnet-short-benchmark[4126978]: INF 2026-08-26 16:57:08.618+00:00 Imported blocks                            blockNumber=20360449 slot=9567308 blocks=360448 txs=58543463 mgas=5456201 bps=34.93 tps=5342 mgps=529.5 avgBps=32.37 avgTps=5257 avgMGps=490.0 elapsed=3h5m34s
Aug 26 17:00:53 nimbus-eth1-mainnet-short-benchmark[4126978]: INF 2026-08-26 17:00:53.847+00:00 Imported blocks                            blockNumber=20368641 slot=9575548 blocks=368640 txs=59874056 mgas=5580204 bps=36.37 tps=5907 mgps=550.6 avgBps=32.45 avgTps=5270 avgMGps=491.2 elapsed=3h9m19s
Aug 26 17:04:50 nimbus-eth1-mainnet-short-benchmark[4126978]: INF 2026-08-26 17:04:50.423+00:00 Imported blocks                            blockNumber=20376833 slot=9583774 blocks=376832 txs=61167066 mgas=5704396 bps=34.63 tps=5465 mgps=525.0 avgBps=32.50 avgTps=5274 avgMGps=491.9 elapsed=3h13m16s
Aug 26 17:08:39 nimbus-eth1-mainnet-short-benchmark[4126978]: INF 2026-08-26 17:08:39.732+00:00 Imported blocks                            blockNumber=20385025 slot=9592009 blocks=385024 txs=62480333 mgas=5828235 bps=35.72 tps=5727 mgps=540.1 avgBps=32.56 avgTps=5283 avgMGps=492.9 elapsed=3h17m5s
Aug 26 17:12:28 nimbus-eth1-mainnet-short-benchmark[4126978]: INF 2026-08-26 17:12:28.917+00:00 Imported blocks                            blockNumber=20393217 slot=9600248 blocks=393216 txs=63800597 mgas=5952136 bps=35.74 tps=5760 mgps=540.6 avgBps=32.62 avgTps=5292 avgMGps=493.8 elapsed=3h20m54s
Aug 26 17:16:09 nimbus-eth1-mainnet-short-benchmark[4126978]: INF 2026-08-26 17:16:09.582+00:00 Imported blocks                            blockNumber=20401409 slot=9608486 blocks=401408 txs=65021243 mgas=6076384 bps=37.12 tps=5531 mgps=563.1 avgBps=32.70 avgTps=5296 avgMGps=495.0 elapsed=3h24m35s
Aug 26 17:20:04 nimbus-eth1-mainnet-short-benchmark[4126978]: INF 2026-08-26 17:20:04.690+00:00 Imported blocks                            blockNumber=20409601 slot=9616707 blocks=409600 txs=66199016 mgas=6200666 bps=34.84 tps=5009 mgps=528.6 avgBps=32.74 avgTps=5291 avgMGps=495.6 elapsed=3h28m30s
Aug 26 17:23:51 nimbus-eth1-mainnet-short-benchmark[4126978]: INF 2026-08-26 17:23:51.075+00:00 Imported blocks                            blockNumber=20417793 slot=9624941 blocks=417792 txs=67453930 mgas=6324823 bps=36.19 tps=5543 mgps=548.4 avgBps=32.80 avgTps=5295 avgMGps=496.6 elapsed=3h32m16s
Aug 26 17:27:11 nimbus-eth1-mainnet-short-benchmark[4126978]: INF 2026-08-26 17:27:11.120+00:00 Imported blocks                            blockNumber=20425985 slot=9633187 blocks=425984 txs=68814904 mgas=6448778 bps=40.95 tps=6803 mgps=619.6 avgBps=32.93 avgTps=5319 avgMGps=498.5 elapsed=3h35m36s
Aug 26 17:30:32 nimbus-eth1-mainnet-short-benchmark[4126978]: INF 2026-08-26 17:30:32.750+00:00 Imported blocks                            blockNumber=20434177 slot=9641422 blocks=434176 txs=70124508 mgas=6572711 bps=40.63 tps=6495 mgps=614.7 avgBps=33.05 avgTps=5337 avgMGps=500.3 elapsed=3h38m58s
Aug 26 17:34:02 nimbus-eth1-mainnet-short-benchmark[4126978]: INF 2026-08-26 17:34:02.643+00:00 Imported blocks                            blockNumber=20442369 slot=9649657 blocks=442368 txs=71403576 mgas=6696451 bps=39.03 tps=6093 mgps=589.5 avgBps=33.14 avgTps=5349 avgMGps=501.7 elapsed=3h42m28s
Aug 26 17:37:52 nimbus-eth1-mainnet-short-benchmark[4126978]: INF 2026-08-26 17:37:52.559+00:00 Imported blocks                            blockNumber=20450561 slot=9657896 blocks=450560 txs=72659905 mgas=6820521 bps=35.63 tps=5464 mgps=539.6 avgBps=33.18 avgTps=5351 avgMGps=502.3 elapsed=3h46m18s
Aug 26 17:42:03 nimbus-eth1-mainnet-short-benchmark[4126978]: INF 2026-08-26 17:42:03.668+00:00 Imported blocks                            blockNumber=20458753 slot=9666114 blocks=458752 txs=73838533 mgas=6945116 bps=32.62 tps=4693 mgps=496.2 avgBps=33.17 avgTps=5339 avgMGps=502.2 elapsed=3h50m29s
Aug 26 17:45:51 nimbus-eth1-mainnet-short-benchmark[4126978]: INF 2026-08-26 17:45:51.681+00:00 Imported blocks                            blockNumber=20466945 slot=9674343 blocks=466944 txs=75124748 mgas=7068943 bps=35.93 tps=5640 mgps=543.1 avgBps=33.22 avgTps=5344 avgMGps=502.9 elapsed=3h54m17s
Aug 26 17:49:37 nimbus-eth1-mainnet-short-benchmark[4126978]: INF 2026-08-26 17:49:37.545+00:00 Imported blocks                            blockNumber=20475137 slot=9682575 blocks=475136 txs=76420106 mgas=7192870 bps=36.27 tps=5735 mgps=548.7 avgBps=33.27 avgTps=5350 avgMGps=503.6 elapsed=3h58m3s
Aug 26 17:53:15 nimbus-eth1-mainnet-short-benchmark[4126978]: INF 2026-08-26 17:53:15.238+00:00 Imported blocks                            blockNumber=20483329 slot=9690800 blocks=483328 txs=77675422 mgas=7316939 bps=37.63 tps=5766 mgps=569.9 avgBps=33.33 avgTps=5356 avgMGps=504.6 elapsed=4h1m41s
Aug 26 17:56:48 nimbus-eth1-mainnet-short-benchmark[4126978]: INF 2026-08-26 17:56:48.423+00:00 Imported blocks                            blockNumber=20491521 slot=9699019 blocks=491520 txs=78951232 mgas=7440784 bps=38.43 tps=5984 mgps=580.9 avgBps=33.40 avgTps=5365 avgMGps=505.7 elapsed=4h5m14s
Aug 26 18:00:38 nimbus-eth1-mainnet-short-benchmark[4126978]: INF 2026-08-26 18:00:38.336+00:00 Imported blocks                            blockNumber=20499713 slot=9707248 blocks=499712 txs=80189642 mgas=7564669 bps=35.63 tps=5386 mgps=538.8 avgBps=33.44 avgTps=5365 avgMGps=506.2 elapsed=4h9m4s
Aug 26 18:04:33 nimbus-eth1-mainnet-short-benchmark[4126978]: INF 2026-08-26 18:04:33.509+00:00 Imported blocks                            blockNumber=20507905 slot=9715488 blocks=507904 txs=81317763 mgas=7689208 bps=34.83 tps=4796 mgps=529.6 avgBps=33.46 avgTps=5357 avgMGps=506.6 elapsed=4h12m59s
Aug 26 18:08:03 nimbus-eth1-mainnet-short-benchmark[4126978]: INF 2026-08-26 18:08:03.302+00:00 Imported blocks                            blockNumber=20516097 slot=9723715 blocks=516096 txs=82520262 mgas=7813209 bps=39.05 tps=5731 mgps=591.1 avgBps=33.54 avgTps=5362 avgMGps=507.7 elapsed=4h16m29s
Aug 26 18:11:44 nimbus-eth1-mainnet-short-benchmark[4126978]: INF 2026-08-26 18:11:44.403+00:00 Imported blocks                            blockNumber=20524289 slot=9731945 blocks=524288 txs=83780075 mgas=7937233 bps=37.05 tps=5697 mgps=560.9 avgBps=33.59 avgTps=5367 avgMGps=508.5 elapsed=4h20m10s
Aug 26 18:15:30 nimbus-eth1-mainnet-short-benchmark[4126978]: INF 2026-08-26 18:15:30.127+00:00 Imported blocks                            blockNumber=20532481 slot=9740183 blocks=532480 txs=85263862 mgas=8061024 bps=36.29 tps=6573 mgps=548.4 avgBps=33.62 avgTps=5384 avgMGps=509.0 elapsed=4h23m55s
Aug 26 18:19:20 nimbus-eth1-mainnet-short-benchmark[4126978]: INF 2026-08-26 18:19:20.248+00:00 Imported blocks                            blockNumber=20540673 slot=9748418 blocks=540672 txs=86612143 mgas=8185090 bps=35.60 tps=5858 mgps=539.1 avgBps=33.65 avgTps=5391 avgMGps=509.5 elapsed=4h27m46s
Aug 26 18:23:19 nimbus-eth1-mainnet-short-benchmark[4126978]: INF 2026-08-26 18:23:19.633+00:00 Imported blocks                            blockNumber=20548865 slot=9756662 blocks=548864 txs=87802991 mgas=8309513 bps=34.22 tps=4974 mgps=519.8 avgBps=33.66 avgTps=5384 avgMGps=509.6 elapsed=4h31m45s
Aug 26 18:27:17 nimbus-eth1-mainnet-short-benchmark[4126978]: INF 2026-08-26 18:27:17.429+00:00 Imported blocks                            blockNumber=20557057 slot=9764892 blocks=557056 txs=88964987 mgas=8433956 bps=34.45 tps=4886 mgps=523.3 avgBps=33.67 avgTps=5377 avgMGps=509.8 elapsed=4h35m43s
Aug 26 18:31:00 nimbus-eth1-mainnet-short-benchmark[4126978]: INF 2026-08-26 18:31:00.946+00:00 Imported blocks                            blockNumber=20565249 slot=9773131 blocks=565248 txs=90186094 mgas=8558113 bps=36.65 tps=5463 mgps=555.5 avgBps=33.71 avgTps=5378 avgMGps=510.4 elapsed=4h39m26s
Aug 26 18:34:46 nimbus-eth1-mainnet-short-benchmark[4126978]: INF 2026-08-26 18:34:46.955+00:00 Imported blocks                            blockNumber=20573441 slot=9781369 blocks=573440 txs=91404654 mgas=8682228 bps=36.25 tps=5391 mgps=549.2 avgBps=33.75 avgTps=5379 avgMGps=510.9 elapsed=4h43m12s
Aug 26 18:38:29 nimbus-eth1-mainnet-short-benchmark[4126978]: INF 2026-08-26 18:38:29.740+00:00 Imported blocks                            blockNumber=20581633 slot=9789611 blocks=581632 txs=92628389 mgas=8806651 bps=36.77 tps=5492 mgps=558.5 avgBps=33.79 avgTps=5380 avgMGps=511.6 elapsed=4h46m55s
Aug 26 18:42:17 nimbus-eth1-mainnet-short-benchmark[4126978]: INF 2026-08-26 18:42:17.069+00:00 Imported blocks                            blockNumber=20589825 slot=9797855 blocks=589824 txs=93887208 mgas=8931023 bps=36.04 tps=5537 mgps=547.1 avgBps=33.81 avgTps=5382 avgMGps=512.0 elapsed=4h50m42s
Aug 26 18:46:11 nimbus-eth1-mainnet-short-benchmark[4126978]: INF 2026-08-26 18:46:11.437+00:00 Imported blocks                            blockNumber=20598017 slot=9806095 blocks=598016 txs=95163338 mgas=9055310 bps=34.95 tps=5444 mgps=530.3 avgBps=33.83 avgTps=5383 avgMGps=512.3 elapsed=4h54m37s
Aug 26 18:50:04 nimbus-eth1-mainnet-short-benchmark[4126978]: INF 2026-08-26 18:50:04.730+00:00 Imported blocks                            blockNumber=20606209 slot=9814347 blocks=606208 txs=96334664 mgas=9179976 bps=35.12 tps=5020 mgps=534.4 avgBps=33.85 avgTps=5378 avgMGps=512.5 elapsed=4h58m30s
Aug 26 18:53:48 nimbus-eth1-mainnet-short-benchmark[4126978]: INF 2026-08-26 18:53:48.811+00:00 Imported blocks                            blockNumber=20614401 slot=9822581 blocks=614400 txs=97573414 mgas=9304574 bps=36.56 tps=5528 mgps=556.0 avgBps=33.88 avgTps=5380 avgMGps=513.1 elapsed=5h2m14s
Aug 26 18:57:34 nimbus-eth1-mainnet-short-benchmark[4126978]: INF 2026-08-26 18:57:34.372+00:00 Imported blocks                            blockNumber=20622593 slot=9830821 blocks=622592 txs=98874772 mgas=9428835 bps=36.32 tps=5769 mgps=550.9 avgBps=33.91 avgTps=5385 avgMGps=513.5 elapsed=5h6m151ms
Aug 26 19:01:10 nimbus-eth1-mainnet-short-benchmark[4126978]: INF 2026-08-26 19:01:10.761+00:00 Imported blocks                            blockNumber=20630785 slot=9839058 blocks=630784 txs=100178707 mgas=9553009 bps=37.86 tps=6025 mgps=573.8 avgBps=33.96 avgTps=5392 avgMGps=514.3 elapsed=5h9m36s
Aug 26 19:04:56 nimbus-eth1-mainnet-short-benchmark[4126978]: INF 2026-08-26 19:04:56.389+00:00 Imported blocks                            blockNumber=20638977 slot=9847313 blocks=638976 txs=101489116 mgas=9677171 bps=36.31 tps=5807 mgps=550.3 avgBps=33.98 avgTps=5397 avgMGps=514.7 elapsed=5h13m22s
Aug 26 19:08:40 nimbus-eth1-mainnet-short-benchmark[4126978]: INF 2026-08-26 19:08:40.518+00:00 Imported blocks                            blockNumber=20647169 slot=9855549 blocks=647168 txs=102730058 mgas=9801643 bps=36.55 tps=5536 mgps=555.4 avgBps=34.01 avgTps=5399 avgMGps=515.2 elapsed=5h17m6s
Aug 26 19:12:38 nimbus-eth1-mainnet-short-benchmark[4126978]: INF 2026-08-26 19:12:38.667+00:00 Imported blocks                            blockNumber=20655361 slot=9863778 blocks=655360 txs=103868002 mgas=9926541 bps=34.40 tps=4778 mgps=524.5 avgBps=34.02 avgTps=5391 avgMGps=515.3 elapsed=5h21m4s
Aug 26 19:16:17 nimbus-eth1-mainnet-short-benchmark[4126978]: INF 2026-08-26 19:16:17.620+00:00 Imported blocks                            blockNumber=20663553 slot=9872013 blocks=663552 txs=105112198 mgas=10051274 bps=37.41 tps=5682 mgps=569.7 avgBps=34.06 avgTps=5394 avgMGps=515.9 elapsed=5h24m43s
Aug 26 19:19:47 nimbus-eth1-mainnet-short-benchmark[4126978]: INF 2026-08-26 19:19:47.309+00:00 Imported blocks                            blockNumber=20671745 slot=9880241 blocks=671744 txs=106395904 mgas=10175177 bps=39.07 tps=6121 mgps=590.9 avgBps=34.11 avgTps=5402 avgMGps=516.7 elapsed=5h28m13s
Aug 26 19:23:22 nimbus-eth1-mainnet-short-benchmark[4126978]: INF 2026-08-26 19:23:22.026+00:00 Imported blocks                            blockNumber=20679937 slot=9888471 blocks=679936 txs=107674271 mgas=10299404 bps=38.15 tps=5953 mgps=578.6 avgBps=34.15 avgTps=5408 avgMGps=517.4 elapsed=5h31m47s
Aug 26 19:26:46 nimbus-eth1-mainnet-short-benchmark[4126978]: INF 2026-08-26 19:26:46.783+00:00 Imported blocks                            blockNumber=20688129 slot=9896698 blocks=688128 txs=108938536 mgas=10423298 bps=40.01 tps=6174 mgps=605.1 avgBps=34.21 avgTps=5416 avgMGps=518.2 elapsed=5h35m12s
Aug 26 19:30:24 nimbus-eth1-mainnet-short-benchmark[4126978]: INF 2026-08-26 19:30:24.948+00:00 Imported blocks                            blockNumber=20696321 slot=9904930 blocks=696320 txs=110235786 mgas=10547469 bps=37.55 tps=5946 mgps=569.2 avgBps=34.25 avgTps=5422 avgMGps=518.8 elapsed=5h38m50s
Aug 26 19:34:20 nimbus-eth1-mainnet-short-benchmark[4126978]: INF 2026-08-26 19:34:20.821+00:00 Imported blocks                            blockNumber=20704513 slot=9913154 blocks=704512 txs=111483759 mgas=10671677 bps=34.73 tps=5290 mgps=526.6 avgBps=34.26 avgTps=5420 avgMGps=518.9 elapsed=5h42m46s
Aug 26 19:38:02 nimbus-eth1-mainnet-short-benchmark[4126978]: INF 2026-08-26 19:38:02.721+00:00 Imported blocks                            blockNumber=20712705 slot=9921388 blocks=712704 txs=112764170 mgas=10795980 bps=36.92 tps=5770 mgps=560.2 avgBps=34.28 avgTps=5424 avgMGps=519.3 elapsed=5h46m28s
Aug 26 19:41:30 nimbus-eth1-mainnet-short-benchmark[4126978]: INF 2026-08-26 19:41:30.886+00:00 Imported blocks                            blockNumber=20720897 slot=9929633 blocks=720896 txs=114110517 mgas=10919926 bps=39.35 tps=6467 mgps=595.4 avgBps=34.33 avgTps=5434 avgMGps=520.1 elapsed=5h49m56s
Aug 26 19:45:03 nimbus-eth1-mainnet-short-benchmark[4126978]: INF 2026-08-26 19:45:03.943+00:00 Imported blocks                            blockNumber=20729089 slot=9937869 blocks=729088 txs=115449431 mgas=11043768 bps=38.45 tps=6284 mgps=581.3 avgBps=34.38 avgTps=5443 avgMGps=520.7 elapsed=5h53m29s
Aug 26 19:48:29 nimbus-eth1-mainnet-short-benchmark[4126978]: INF 2026-08-26 19:48:29.321+00:00 Imported blocks                            blockNumber=20737281 slot=9946108 blocks=737280 txs=116784468 mgas=11167784 bps=39.89 tps=6500 mgps=603.8 avgBps=34.43 avgTps=5453 avgMGps=521.5 elapsed=5h56m55s
Aug 26 19:52:05 nimbus-eth1-mainnet-short-benchmark[4126978]: INF 2026-08-26 19:52:05.085+00:00 Imported blocks                            blockNumber=20745473 slot=9954342 blocks=745472 txs=118101003 mgas=11291742 bps=37.97 tps=6101 mgps=574.5 avgBps=34.46 avgTps=5459 avgMGps=522.0 elapsed=6h30s866ms
Aug 26 19:55:56 nimbus-eth1-mainnet-short-benchmark[4126978]: INF 2026-08-26 19:55:56.626+00:00 Imported blocks                            blockNumber=20753665 slot=9962581 blocks=753664 txs=119337525 mgas=11415859 bps=35.38 tps=5340 mgps=536.1 avgBps=34.47 avgTps=5458 avgMGps=522.2 elapsed=6h4m22s
Aug 26 19:59:37 nimbus-eth1-mainnet-short-benchmark[4126978]: INF 2026-08-26 19:59:37.959+00:00 Imported blocks                            blockNumber=20761857 slot=9970803 blocks=761856 txs=120564314 mgas=11540225 bps=37.01 tps=5542 mgps=561.9 avgBps=34.50 avgTps=5459 avgMGps=522.6 elapsed=6h8m3s
Aug 26 20:03:04 nimbus-eth1-mainnet-short-benchmark[4126978]: INF 2026-08-26 20:03:04.328+00:00 Imported blocks                            blockNumber=20770049 slot=9979058 blocks=770048 txs=121858083 mgas=11663918 bps=39.70 tps=6269 mgps=599.4 avgBps=34.55 avgTps=5466 avgMGps=523.3 elapsed=6h11m30s
Aug 26 20:06:24 nimbus-eth1-mainnet-short-benchmark[4126978]: INF 2026-08-26 20:06:24.089+00:00 Imported blocks                            blockNumber=20778241 slot=9987307 blocks=778240 txs=123161734 mgas=11787906 bps=41.01 tps=6525 mgps=620.7 avgBps=34.60 avgTps=5476 avgMGps=524.1 elapsed=6h14m49s
Aug 26 20:09:37 nimbus-eth1-mainnet-short-benchmark[4126978]: INF 2026-08-26 20:09:37.031+00:00 Imported blocks                            blockNumber=20786433 slot=9995542 blocks=786432 txs=124509456 mgas=11911612 bps=42.46 tps=6985 mgps=641.2 avgBps=34.67 avgTps=5489 avgMGps=525.1 elapsed=6h18m2s
Aug 26 20:12:55 nimbus-eth1-mainnet-short-benchmark[4126978]: INF 2026-08-26 20:12:55.004+00:00 Imported blocks                            blockNumber=20794625 slot=10003781 blocks=794624 txs=125848921 mgas=12035338 bps=41.38 tps=6766 mgps=625.0 avgBps=34.73 avgTps=5500 avgMGps=526.0 elapsed=6h21m20s
Aug 26 20:16:18 nimbus-eth1-mainnet-short-benchmark[4126978]: INF 2026-08-26 20:16:18.857+00:00 Imported blocks                            blockNumber=20802817 slot=10012028 blocks=802816 txs=127089868 mgas=12158989 bps=40.18 tps=6087 mgps=606.5 avgBps=34.78 avgTps=5505 avgMGps=526.7 elapsed=6h24m44s
Aug 26 20:19:50 nimbus-eth1-mainnet-short-benchmark[4126978]: INF 2026-08-26 20:19:50.914+00:00 Imported blocks                            blockNumber=20811009 slot=10020249 blocks=811008 txs=128299762 mgas=12282850 bps=38.63 tps=5705 mgps=584.1 avgBps=34.81 avgTps=5507 avgMGps=527.2 elapsed=6h28m16s
Aug 26 20:23:08 nimbus-eth1-mainnet-short-benchmark[4126978]: INF 2026-08-26 20:23:08.491+00:00 Imported blocks                            blockNumber=20819201 slot=10028481 blocks=819200 txs=129596319 mgas=12406594 bps=41.46 tps=6562 mgps=626.3 avgBps=34.87 avgTps=5516 avgMGps=528.1 elapsed=6h31m34s
Aug 26 20:26:25 nimbus-eth1-mainnet-short-benchmark[4126978]: INF 2026-08-26 20:26:25.556+00:00 Imported blocks                            blockNumber=20827393 slot=10036710 blocks=827392 txs=130916729 mgas=12530249 bps=41.57 tps=6700 mgps=627.5 avgBps=34.92 avgTps=5525 avgMGps=528.9 elapsed=6h34m51s
Aug 26 20:29:42 nimbus-eth1-mainnet-short-benchmark[4126978]: INF 2026-08-26 20:29:42.526+00:00 Imported blocks                            blockNumber=20835585 slot=10044938 blocks=835584 txs=132226625 mgas=12654070 bps=41.59 tps=6650 mgps=628.6 avgBps=34.98 avgTps=5535 avgMGps=529.7 elapsed=6h38m8s
Aug 26 20:33:11 nimbus-eth1-mainnet-short-benchmark[4126978]: INF 2026-08-26 20:33:11.939+00:00 Imported blocks                            blockNumber=20843777 slot=10053164 blocks=843776 txs=133604192 mgas=12777730 bps=39.12 tps=6578 mgps=590.5 avgBps=35.01 avgTps=5544 avgMGps=530.2 elapsed=6h41m37s
Aug 26 20:37:06 nimbus-eth1-mainnet-short-benchmark[4126978]: INF 2026-08-26 20:37:06.615+00:00 Imported blocks                            blockNumber=20851969 slot=10061391 blocks=851968 txs=134900706 mgas=12901664 bps=34.91 tps=5524 mgps=528.1 avgBps=35.01 avgTps=5544 avgMGps=530.2 elapsed=6h45m32s
Aug 26 20:40:50 nimbus-eth1-mainnet-short-benchmark[4126978]: INF 2026-08-26 20:40:50.400+00:00 Imported blocks                            blockNumber=20860161 slot=10069622 blocks=860160 txs=136168750 mgas=13025603 bps=36.61 tps=5666 mgps=553.8 avgBps=35.03 avgTps=5545 avgMGps=530.4 elapsed=6h49m16s
Aug 26 20:44:33 nimbus-eth1-mainnet-short-benchmark[4126978]: INF 2026-08-26 20:44:33.433+00:00 Imported blocks                            blockNumber=20868353 slot=10077838 blocks=868352 txs=137550724 mgas=13149742 bps=36.73 tps=6196 mgps=556.6 avgBps=35.04 avgTps=5551 avgMGps=530.7 elapsed=6h52m59s
Aug 26 20:48:13 nimbus-eth1-mainnet-short-benchmark[4126978]: INF 2026-08-26 20:48:13.894+00:00 Imported blocks                            blockNumber=20876545 slot=10086066 blocks=876544 txs=138954673 mgas=13273457 bps=37.16 tps=6368 mgps=561.2 avgBps=35.06 avgTps=5558 avgMGps=530.9 elapsed=6h56m39s
Aug 26 20:51:47 nimbus-eth1-mainnet-short-benchmark[4126978]: INF 2026-08-26 20:51:47.699+00:00 Imported blocks                            blockNumber=20884737 slot=10094286 blocks=884736 txs=140256178 mgas=13397479 bps=38.32 tps=6087 mgps=580.1 avgBps=35.09 avgTps=5562 avgMGps=531.4 elapsed=7h13s478ms
Aug 26 20:55:16 nimbus-eth1-mainnet-short-benchmark[4126978]: INF 2026-08-26 20:55:16.992+00:00 Imported blocks                            blockNumber=20892929 slot=10102512 blocks=892928 txs=141581868 mgas=13521575 bps=39.14 tps=6334 mgps=592.9 avgBps=35.12 avgTps=5569 avgMGps=531.9 elapsed=7h3m42s
Aug 26 20:58:46 nimbus-eth1-mainnet-short-benchmark[4126978]: INF 2026-08-26 20:58:46.601+00:00 Imported blocks                            blockNumber=20901121 slot=10110732 blocks=901120 txs=142875889 mgas=13645572 bps=39.08 tps=6173 mgps=591.6 avgBps=35.16 avgTps=5574 avgMGps=532.4 elapsed=7h7m12s
Aug 26 21:02:15 nimbus-eth1-mainnet-short-benchmark[4126978]: INF 2026-08-26 21:02:15.938+00:00 Imported blocks                            blockNumber=20909313 slot=10118953 blocks=909312 txs=144102308 mgas=13769390 bps=39.13 tps=5858 mgps=591.5 avgBps=35.19 avgTps=5576 avgMGps=532.8 elapsed=7h10m41s
Aug 26 21:05:40 nimbus-eth1-mainnet-short-benchmark[4126978]: INF 2026-08-26 21:05:40.627+00:00 Imported blocks                            blockNumber=20917505 slot=10127176 blocks=917504 txs=145406349 mgas=13893087 bps=40.02 tps=6370 mgps=604.3 avgBps=35.23 avgTps=5582 avgMGps=533.4 elapsed=7h14m6s
Aug 26 21:08:56 nimbus-eth1-mainnet-short-benchmark[4126978]: INF 2026-08-26 21:08:55.992+00:00 Imported blocks                            blockNumber=20925697 slot=10135394 blocks=925696 txs=146718394 mgas=14016820 bps=41.93 tps=6715 mgps=633.3 avgBps=35.28 avgTps=5591 avgMGps=534.1 elapsed=7h17m21s
Aug 26 21:12:24 nimbus-eth1-mainnet-short-benchmark[4126978]: INF 2026-08-26 21:12:24.973+00:00 Imported blocks                            blockNumber=20933889 slot=10143614 blocks=933888 txs=148049109 mgas=14140625 bps=39.20 tps=6367 mgps=592.4 avgBps=35.31 avgTps=5597 avgMGps=534.6 elapsed=7h20m50s
Aug 26 21:15:47 nimbus-eth1-mainnet-short-benchmark[4126978]: INF 2026-08-26 21:15:47.638+00:00 Imported blocks                            blockNumber=20942081 slot=10151840 blocks=942080 txs=149397364 mgas=14264352 bps=40.42 tps=6652 mgps=610.5 avgBps=35.35 avgTps=5605 avgMGps=535.2 elapsed=7h24m13s
Aug 26 21:19:14 nimbus-eth1-mainnet-short-benchmark[4126978]: INF 2026-08-26 21:19:14.060+00:00 Imported blocks                            blockNumber=20950273 slot=10160098 blocks=950272 txs=150765507 mgas=14388237 bps=39.69 tps=6628 mgps=600.2 avgBps=35.38 avgTps=5613 avgMGps=535.7 elapsed=7h27m39s
Aug 26 21:22:55 nimbus-eth1-mainnet-short-benchmark[4126978]: INF 2026-08-26 21:22:55.812+00:00 Imported blocks                            blockNumber=20958465 slot=10168363 blocks=958464 txs=152044771 mgas=14511987 bps=36.94 tps=5768 mgps=558.1 avgBps=35.39 avgTps=5614 avgMGps=535.9 elapsed=7h31m21s
Aug 26 21:26:28 nimbus-eth1-mainnet-short-benchmark[4126978]: INF 2026-08-26 21:26:28.085+00:00 Imported blocks                            blockNumber=20966657 slot=10176609 blocks=966656 txs=153365296 mgas=14635804 bps=38.59 tps=6220 mgps=583.3 avgBps=35.42 avgTps=5619 avgMGps=536.2 elapsed=7h34m53s
Aug 26 21:29:56 nimbus-eth1-mainnet-short-benchmark[4126978]: INF 2026-08-26 21:29:56.610+00:00 Imported blocks                            blockNumber=20974849 slot=10184849 blocks=974848 txs=154744917 mgas=14759580 bps=39.29 tps=6616 mgps=593.6 avgBps=35.45 avgTps=5626 avgMGps=536.7 elapsed=7h38m22s
Aug 26 21:33:32 nimbus-eth1-mainnet-short-benchmark[4126978]: INF 2026-08-26 21:33:32.083+00:00 Imported blocks                            blockNumber=20983041 slot=10193086 blocks=983040 txs=156055229 mgas=14883451 bps=38.02 tps=6081 mgps=574.9 avgBps=35.47 avgTps=5630 avgMGps=537.0 elapsed=7h41m57s
Aug 26 21:36:43 nimbus-eth1-mainnet-short-benchmark[4126978]: INF 2026-08-26 21:36:43.661+00:00 Imported blocks                            blockNumber=20991233 slot=10201319 blocks=991232 txs=157563202 mgas=15007557 bps=42.76 tps=7871 mgps=647.8 avgBps=35.52 avgTps=5645 avgMGps=537.7 elapsed=7h45m9s
Aug 26 21:40:23 nimbus-eth1-mainnet-short-benchmark[4126978]: INF 2026-08-26 21:40:23.262+00:00 Imported blocks                            blockNumber=20999425 slot=10209549 blocks=999424 txs=159003277 mgas=15131383 bps=37.30 tps=6557 mgps=563.9 avgBps=35.53 avgTps=5652 avgMGps=537.9 elapsed=7h48m49s
Aug 26 21:40:39 nimbus-eth1-mainnet-short-benchmark[4126978]: INF 2026-08-26 21:40:39.293+00:00 Imported blocks                            blockNumber=21000001 slot=10210128 blocks=1000000 txs=159109486 mgas=15140191 bps=35.93 tps=6625 mgps=549.4 avgBps=35.53 avgTps=5653 avgMGps=537.9 elapsed=7h49m5s
Aug 26 21:40:39 nimbus-eth1-mainnet-short-benchmark[4126978]: NTC 2026-08-26 21:40:39.293+00:00 Import complete                            blockNumber=21000001 slot=10210128 blocks=1000000 txs=159109486 mgas=15140191
Aug 26 21:40:40 nimbus-eth1-mainnet-short-benchmark[4094885]: <<< ending startNimbusWithImport (success)
Aug 26 21:40:40 nimbus-eth1-mainnet-short-benchmark[4094885]: >>> starting moveBenchmarkingFileToRepo
Aug 26 21:40:40 nimbus-eth1-mainnet-short-benchmark[4094885]: >>> copying debug-csv generated by nimbus to benchmarks repo
Aug 26 21:40:40 nimbus-eth1-mainnet-short-benchmark[4094885]: <<< ending moveBenchmarkingFileToRepo (success)
Aug 26 21:40:40 nimbus-eth1-mainnet-short-benchmark[4094885]: >>> starting generateBuildEnvironmentLogFile
Aug 26 21:40:49 nimbus-eth1-mainnet-short-benchmark[4094885]: <<< ending generateBuildEnvironmentLogFile (success)
Aug 26 21:40:49 nimbus-eth1-mainnet-short-benchmark[4094885]: >>> starting generateSystemdServiceLogs
