Oct 05 15:08:11 nimbus-eth1-mainnet-short-benchmark[2589782]: >>> starting cloneOrFetchBenchmarksRepo
Oct 05 15:08:12 nimbus-eth1-mainnet-short-benchmark[2589782]: >>> Fetching latest changes for nimbus-eth1-benchmarks...
Oct 05 15:08:13 nimbus-eth1-mainnet-short-benchmark[2589830]: HEAD is now at 1ff6763 chore: update short benchmark Readme
Oct 05 15:08:13 nimbus-eth1-mainnet-short-benchmark[2589782]: <<< ending cloneOrFetchBenchmarksRepo (success)
Oct 05 15:08:13 nimbus-eth1-mainnet-short-benchmark[2589782]: >>> starting cloneOrFetchNimbusRepo
Oct 05 15:08:23 nimbus-eth1-mainnet-short-benchmark[2589782]: >>> Fetching latest changes for nimbus-eth1...
Oct 05 15:08:24 nimbus-eth1-mainnet-short-benchmark[2590212]: From https://github.com/status-im/nimbus-eth1
Oct 05 15:08:24 nimbus-eth1-mainnet-short-benchmark[2590212]:    7e6c38ee2..2bd5a7d45  master              -> origin/master
Oct 05 15:08:24 nimbus-eth1-mainnet-short-benchmark[2590212]:    07fc64508..a419bf35a  async-block-builder -> origin/async-block-builder
Oct 05 15:08:24 nimbus-eth1-mainnet-short-benchmark[2590212]:  * [new branch]          dependabot/submodules/vendor/nim-stew-7c219f4 -> origin/dependabot/submodules/vendor/nim-stew-7c219f4
Oct 05 15:08:24 nimbus-eth1-mainnet-short-benchmark[2590212]:  * [new branch]          dependabot/submodules/vendor/nim-unittest2-b982a2f -> origin/dependabot/submodules/vendor/nim-unittest2-b982a2f
Oct 05 15:08:24 nimbus-eth1-mainnet-short-benchmark[2590212]:  * [new branch]          dependabot/submodules/vendor/nimbus-build-system-660fea5 -> origin/dependabot/submodules/vendor/nimbus-build-system-660fea5
Oct 05 15:08:24 nimbus-eth1-mainnet-short-benchmark[2590212]:  * [new branch]          parallel-logsbloom-computation -> origin/parallel-logsbloom-computation
Oct 05 15:08:24 nimbus-eth1-mainnet-short-benchmark[2590212]: warning: 2f91d07605986c26783bcf5cabf3ea3dcb09f87d:.gitmodules, multiple configurations found for 'submodule.vendor/nim-libplum.path'. Skipping second one!
Oct 05 15:08:24 nimbus-eth1-mainnet-short-benchmark[2590212]: warning: 2f91d07605986c26783bcf5cabf3ea3dcb09f87d:.gitmodules, multiple configurations found for 'submodule.vendor/nim-libplum.url'. Skipping second one!
Oct 05 15:08:24 nimbus-eth1-mainnet-short-benchmark[2590212]: Fetching submodule vendor/nim-stew
Oct 05 15:08:24 nimbus-eth1-mainnet-short-benchmark[2590212]: From https://github.com/status-im/nim-stew
Oct 05 15:08:24 nimbus-eth1-mainnet-short-benchmark[2590212]:    58dec23..7c219f4  master     -> origin/master
Oct 05 15:08:25 nimbus-eth1-mainnet-short-benchmark[2590212]: Fetching submodule vendor/nim-unittest2
Oct 05 15:08:25 nimbus-eth1-mainnet-short-benchmark[2590212]: From https://github.com/status-im/nim-unittest2
Oct 05 15:08:25 nimbus-eth1-mainnet-short-benchmark[2590212]:    7a9f511..18cc14b  gh-pages    -> origin/gh-pages
Oct 05 15:08:25 nimbus-eth1-mainnet-short-benchmark[2590212]:    ce88334..b982a2f  master      -> origin/master
Oct 05 15:08:25 nimbus-eth1-mainnet-short-benchmark[2590212]:  * [new branch]      test-minver -> origin/test-minver
Oct 05 15:08:25 nimbus-eth1-mainnet-short-benchmark[2590212]: Fetching submodule vendor/nimbus-build-system
Oct 05 15:08:26 nimbus-eth1-mainnet-short-benchmark[2590212]: From https://github.com/status-im/nimbus-build-system
Oct 05 15:08:26 nimbus-eth1-mainnet-short-benchmark[2590212]:    d82132f..660fea5  master     -> origin/master
Oct 05 15:08:26 nimbus-eth1-mainnet-short-benchmark[2590244]: HEAD is now at 2bd5a7d45 Skip empty log packing in parallel tx execution (#4905)
Oct 05 15:08:26 nimbus-eth1-mainnet-short-benchmark[2589782]: >>> Found last benchmarked commit: 7e6c38ee
Oct 05 15:08:26 nimbus-eth1-mainnet-short-benchmark[2589782]: >>> Using next commit: 2bd5a7d45e3148110acabd8839f642b96b302b26
Oct 05 15:08:26 nimbus-eth1-mainnet-short-benchmark[2590263]: HEAD is now at 2bd5a7d45 Skip empty log packing in parallel tx execution (#4905)
Oct 05 15:08:26 nimbus-eth1-mainnet-short-benchmark[2589782]: >>> Current commit: 2bd5a7d45
Oct 05 15:08:26 nimbus-eth1-mainnet-short-benchmark[2589782]: <<< ending cloneOrFetchNimbusRepo (success)
Oct 05 15:08:26 nimbus-eth1-mainnet-short-benchmark[2589782]: >>> starting buildBinaries
Oct 05 15:08:26 nimbus-eth1-mainnet-short-benchmark[2589782]: >>> Building binaries for commit 2bd5a7d4...
Oct 05 15:08:34 nimbus-eth1-mainnet-short-benchmark[2595965]: Building: Nim compiler
Oct 05 15:11:36 nimbus-eth1-mainnet-short-benchmark[2595965]: Building custom Nimble commit: 42ef70c2102a942c46f13eb76872326edd525cec
Oct 05 15:11:46 nimbus-eth1-mainnet-short-benchmark[2595965]: Building Nimble...
Oct 05 15:11:56 nimbus-eth1-mainnet-short-benchmark[2595965]: Replacing nimble binary...
Oct 05 15:12:04 nimbus-eth1-mainnet-short-benchmark[2612906]: Building: build/generate_makefile
Oct 05 15:12:04 nimbus-eth1-mainnet-short-benchmark[2612770]: ROCKSDB CACHED VERSION: 11.8.1
Oct 05 15:12:04 nimbus-eth1-mainnet-short-benchmark[2613173]: RocksDb static libraries already built. Skipping build.
Oct 05 15:12:04 nimbus-eth1-mainnet-short-benchmark[2612906]: Build completed successfully: build/generate_makefile
Oct 05 15:12:04 nimbus-eth1-mainnet-short-benchmark[2613227]: Building: build/nimbus_execution_client
Oct 05 15:12:18 nimbus-eth1-mainnet-short-benchmark[2613345]: /data/status-im/nimbus-eth1/execution_chain/networking/p2p.nim(116, 18) template/generic instantiation of `start` from here
Oct 05 15:12:18 nimbus-eth1-mainnet-short-benchmark[2613345]: /data/status-im/nimbus-eth1/execution_chain/networking/peer_pool.nim(336, 16) template/generic instantiation of `run` from here
Oct 05 15:12:18 nimbus-eth1-mainnet-short-benchmark[2613345]: /data/status-im/nimbus-eth1/execution_chain/networking/peer_pool.nim(227, 19) Warning: Use `race` instead; one is deprecated [Deprecated]
Oct 05 15:12:18 nimbus-eth1-mainnet-short-benchmark[2613345]: /data/status-im/nimbus-eth1/execution_chain/networking/p2p.nim(116, 18) template/generic instantiation of `start` from here
Oct 05 15:12:18 nimbus-eth1-mainnet-short-benchmark[2613345]: /data/status-im/nimbus-eth1/execution_chain/networking/peer_pool.nim(336, 16) template/generic instantiation of `run` from here
Oct 05 15:12:18 nimbus-eth1-mainnet-short-benchmark[2613345]: /data/status-im/nimbus-eth1/vendor/nim-chronos/chronos/internal/asyncmacro.nim(609, 46) template/generic instantiation of `internalRaiseIfError` from here
Oct 05 15:12:18 nimbus-eth1-mainnet-short-benchmark[2613345]: /data/status-im/nimbus-eth1/execution_chain/networking/peer_pool.nim(227, 22) Warning: Use `race` instead; one is deprecated [Deprecated]
Oct 05 15:12:18 nimbus-eth1-mainnet-short-benchmark[2613345]: /data/status-im/nimbus-eth1/execution_chain/networking/p2p.nim(116, 18) template/generic instantiation of `start` from here
Oct 05 15:12:18 nimbus-eth1-mainnet-short-benchmark[2613345]: /data/status-im/nimbus-eth1/execution_chain/networking/peer_pool.nim(336, 16) template/generic instantiation of `run` from here
Oct 05 15:12:18 nimbus-eth1-mainnet-short-benchmark[2613345]: /data/status-im/nimbus-eth1/execution_chain/networking/peer_pool.nim(227, 19) Warning: Use `race` instead; one is deprecated [Deprecated]
Oct 05 15:12:27 nimbus-eth1-mainnet-short-benchmark[2613345]: /data/status-im/nimbus-eth1/execution_chain/sync/wire_protocol/eth/eth_broadcast.nim(641, 38) template/generic instantiation of `async` from here
Oct 05 15:12:27 nimbus-eth1-mainnet-short-benchmark[2613345]: /data/status-im/nimbus-eth1/execution_chain/sync/wire_protocol/eth/eth_broadcast.nim(651, 19) Warning: Use `race` instead; one is deprecated [Deprecated]
Oct 05 15:12:27 nimbus-eth1-mainnet-short-benchmark[2613345]: /data/status-im/nimbus-eth1/execution_chain/sync/wire_protocol/eth/eth_broadcast.nim(641, 38) template/generic instantiation of `async` from here
Oct 05 15:12:27 nimbus-eth1-mainnet-short-benchmark[2613345]: /data/status-im/nimbus-eth1/vendor/nim-chronos/chronos/internal/asyncmacro.nim(609, 46) template/generic instantiation of `internalRaiseIfError` from here
Oct 05 15:12:27 nimbus-eth1-mainnet-short-benchmark[2613345]: /data/status-im/nimbus-eth1/execution_chain/sync/wire_protocol/eth/eth_broadcast.nim(651, 22) Warning: Use `race` instead; one is deprecated [Deprecated]
Oct 05 15:12:27 nimbus-eth1-mainnet-short-benchmark[2613345]: /data/status-im/nimbus-eth1/execution_chain/sync/wire_protocol/eth/eth_broadcast.nim(641, 38) template/generic instantiation of `async` from here
Oct 05 15:12:27 nimbus-eth1-mainnet-short-benchmark[2613345]: /data/status-im/nimbus-eth1/execution_chain/sync/wire_protocol/eth/eth_broadcast.nim(651, 19) Warning: Use `race` instead; one is deprecated [Deprecated]
Oct 05 15:12:31 nimbus-eth1-mainnet-short-benchmark[2613345]: @["Unknown constants in file: ", "GAS_LIMIT_SCHEDULE", "GAS_LIMIT", "- EPOCH", "    GAS_LIMIT"]
Oct 05 15:12:31 nimbus-eth1-mainnet-short-benchmark[2613345]: @["Unknown constants in file: ", "GAS_LIMIT_SCHEDULE", "GAS_LIMIT", "- EPOCH", "    GAS_LIMIT"]
Oct 05 15:14:26 nimbus-eth1-mainnet-short-benchmark[2613227]: Build completed successfully: build/nimbus_execution_client
Oct 05 15:14:26 nimbus-eth1-mainnet-short-benchmark[2589782]: >>> renaming binaries to match commit they were built from
Oct 05 15:14:26 nimbus-eth1-mainnet-short-benchmark[2589782]: >>> creating a symbolic link to the latest version
Oct 05 15:14:26 nimbus-eth1-mainnet-short-benchmark[2589782]: >>> deleting copies that are older than N days
Oct 05 15:14:26 nimbus-eth1-mainnet-short-benchmark[2589782]: <<< ending buildBinaries (success)
Oct 05 15:14:26 nimbus-eth1-mainnet-short-benchmark[2589782]: >>> starting skipOrContinueBenchmark
Oct 05 15:14:26 nimbus-eth1-mainnet-short-benchmark[2589782]: <<< ending skipOrContinueBenchmark (success)
Oct 05 15:14:26 nimbus-eth1-mainnet-short-benchmark[2589782]: >>> starting copyTemplateDatabase
Oct 05 15:14:26 nimbus-eth1-mainnet-short-benchmark[2589782]: >>> Copying template db into nimbus data directory
Oct 05 15:17:41 nimbus-eth1-mainnet-short-benchmark[2589782]: >>> Template db copied
Oct 05 15:17:41 nimbus-eth1-mainnet-short-benchmark[2589782]: >>> making nimbus the owner of the copied files
Oct 05 15:17:41 nimbus-eth1-mainnet-short-benchmark[2589782]: <<< ending copyTemplateDatabase (success)
Oct 05 15:17:41 nimbus-eth1-mainnet-short-benchmark[2589782]: >>> starting startNimbusWithImport
Oct 05 15:17:41 nimbus-eth1-mainnet-short-benchmark[2618943]: INF 2026-10-05 15:17:41.778+00:00 Launching execution client                 version=v0.4.2-2bd5a7d4 config="(configFile: none(InputFile), dataDirFlag: some(/data/status-im/nimbus-eth1/data/shared_mainnet_0), era1DirFlag: some(/data/era1), eraDirFlag: some(/data/era), ereDirFlag: none(OutDir), keyStoreDirFlag: none(OutDir), importKey: , trustedSetupFile: none(string), extraData: Nimbus/v0.4.2-2bd5a7d4, gasLimit: none(uint64), maxBlobs: none(byte), network: [mainnet], logLevel: INFO, logFormat: auto, metricsEnabled: false, metricsPort: 9093, metricsAddress: 127.0.0.1, bootstrapNodes: [], elBootstrapNodes: [], bootstrapFile: , elBootstrapFile: , staticPeers: [], staticPeersFile: , reconnectMaxRetry: 0, reconnectInterval: 15, listenAddress: ::, tcpPort: 30303, udpPortFlag: none(Port), maxPeersOpt: none(int), elMaxPeersOpt: none(int), nat: (hasExtIp: false, nat: NatAny), discv5: true, netKey: random, agentString: Nimbus/v0.4.2-2bd5a7d4/linux-amd64/Nim-2.2.12, numThreads: 0, persistBatchSize: 4, dynamicBatchSize: false, rocksdbMaxOpenFiles: 2048, rocksdbWriteBufferSize: 67108864, rocksdbRowCacheSize: 0, rocksdbBlockCacheSize: 2147483648, rocksdbBlockCacheType: hyperclock, rdbVtxCacheSize: 684720128, rdbKeyCacheSize: 1342177280, rdbBranchCacheSize: 1395654656, accLeafCacheSize: 1310720, stoLeafCacheSize: 1441792, rdbPrintStats: false, rewriteDatadirId: true, aristoDbMaxSnapshots: 5, debugParallel: none(bool), parallelStateRootComputationFlag: false, parallelSenderRecoveryFlag: true, optimisticStatePrefetchFlag: false, balStatePrefetchFlag: false, balStatePrefetchWorkers: 0, balParallelExecutionFlag: false, balPruning: true, eagerStateRootCheck: false, deserializeFcState: true, statelessProvider: false, statelessWitnessValidation: false, cmd: import, maxBlocks: 1000000, chunkSize: 8192, csvStats: some("/data/host-benchmarks/short/5dc5d60fd210482abacf165fa374f73a/blocks-import-benchmark.csv"), validation: false, fullValidation: false, storeBodies: false, storeReceipts: false, storeSlotHashes: false)"
Oct 05 15:17:41 nimbus-eth1-mainnet-short-benchmark[2618943]: WRN 2026-10-05 15:17:41.782+00:00 Data directory has insecure permissions. Correcting them. data_dir=/data/status-im/nimbus-eth1/data/shared_mainnet_0 current_permissions=0755 required_permissions=0700
Oct 05 15:17:43 nimbus-eth1-mainnet-short-benchmark[2618943]: INF 2026-10-05 15:17:43.614+00:00 Taskpool started                           numThreads=16
Oct 05 15:17:43 nimbus-eth1-mainnet-short-benchmark[2618943]: CreateIOUring failed: Invalid argument (errno=22), thread=140490527833344
Oct 05 15:17:43 nimbus-eth1-mainnet-short-benchmark[2618943]: INF 2026-10-05 15:17:43.742+00:00 Database initialized                       base="(0xd24fd73f794058a3807db926d8898c6481e902b7edb91ce0d479d6760f276183, 20000000)" finalized="(0xd24fd73f794058a3807db926d8898c6481e902b7edb91ce0d479d6760f276183, 20000000)" head="(0xd4e56740f876aef8c010b86a40d5f56745a118d0906a34e69aec8c0db1cb8fa3, 0)" startOfHistory=0
Oct 05 15:17:43 nimbus-eth1-mainnet-short-benchmark[2618943]: NTC 2026-10-05 15:17:43.742+00:00 Could not open ere database, falling back to era1/era import ereDir=/data/status-im/nimbus-eth1/data/shared_mainnet_0/ere networkName=mainnet error="No ere files found in /data/status-im/nimbus-eth1/data/shared_mainnet_0/ere"
Oct 05 15:17:43 nimbus-eth1-mainnet-short-benchmark[2618943]: NTC 2026-10-05 15:17:43.742+00:00 Importing era archive                      blockNumber=20000001 dataDir=/data/status-im/nimbus-eth1/data/shared_mainnet_0 eraDir=/data/era
Oct 05 15:17:45 nimbus-eth1-mainnet-short-benchmark[2618943]: NTC 2026-10-05 15:17:45.962+00:00 Matched block to slot number               blockNumber=20000001 slot=9204783
Oct 05 15:23:53 nimbus-eth1-mainnet-short-benchmark[2618943]: INF 2026-10-05 15:23:53.049+00:00 Imported blocks                            blockNumber=20008193 slot=9213020 blocks=8192 txs=1226966 mgas=124237 bps=22.18 tps=3322 mgps=336.4 avgBps=22.18 avgTps=3322 avgMGps=336.4 elapsed=6m9s306ms
Oct 05 15:29:12 nimbus-eth1-mainnet-short-benchmark[2618943]: INF 2026-10-05 15:29:12.680+00:00 Imported blocks                            blockNumber=20016385 slot=9221256 blocks=16384 txs=2540380 mgas=248071 bps=25.63 tps=4109 mgps=387.4 avgBps=23.78 avgTps=3687 avgMGps=360.1 elapsed=11m28s937ms
Oct 05 15:34:16 nimbus-eth1-mainnet-short-benchmark[2618943]: INF 2026-10-05 15:34:16.752+00:00 Imported blocks                            blockNumber=20024577 slot=9229485 blocks=24576 txs=3869398 mgas=372018 bps=26.94 tps=4370 mgps=407.6 avgBps=24.75 avgTps=3896 avgMGps=374.6 elapsed=16m33s7ms
Oct 05 15:38:55 nimbus-eth1-mainnet-short-benchmark[2618943]: INF 2026-10-05 15:38:55.748+00:00 Imported blocks                            blockNumber=20032769 slot=9237722 blocks=32768 txs=5222766 mgas=495797 bps=29.36 tps=4850 mgps=443.7 avgBps=25.76 avgTps=4105 avgMGps=389.8 elapsed=21m12s4ms
Oct 05 15:43:23 nimbus-eth1-mainnet-short-benchmark[2618943]: INF 2026-10-05 15:43:23.588+00:00 Imported blocks                            blockNumber=20040961 slot=9245957 blocks=40960 txs=6566802 mgas=619586 bps=30.59 tps=5018 mgps=462.2 avgBps=26.60 avgTps=4264 avgMGps=402.4 elapsed=25m39s846ms
Oct 05 15:48:13 nimbus-eth1-mainnet-short-benchmark[2618943]: INF 2026-10-05 15:48:13.268+00:00 Imported blocks                            blockNumber=20049153 slot=9254196 blocks=49152 txs=7904746 mgas=743522 bps=28.28 tps=4618 mgps=427.8 avgBps=26.87 avgTps=4320 avgMGps=406.4 elapsed=30m29s521ms
Oct 05 15:52:49 nimbus-eth1-mainnet-short-benchmark[2618943]: INF 2026-10-05 15:52:49.012+00:00 Imported blocks                            blockNumber=20057345 slot=9262435 blocks=57344 txs=9212009 mgas=867360 bps=29.71 tps=4740 mgps=449.1 avgBps=27.24 avgTps=4375 avgMGps=412.0 elapsed=35m5s267ms
Oct 05 15:57:07 nimbus-eth1-mainnet-short-benchmark[2618943]: INF 2026-10-05 15:57:07.116+00:00 Imported blocks                            blockNumber=20065537 slot=9270674 blocks=65536 txs=10559018 mgas=991371 bps=31.74 tps=5218 mgps=480.5 avgBps=27.73 avgTps=4467 avgMGps=419.5 elapsed=39m23s376ms
Oct 05 16:01:11 nimbus-eth1-mainnet-short-benchmark[2618943]: INF 2026-10-05 16:01:11.521+00:00 Imported blocks                            blockNumber=20073729 slot=9278910 blocks=73728 txs=11898676 mgas=1115111 bps=33.52 tps=5481 mgps=506.3 avgBps=28.27 avgTps=4562 avgMGps=427.6 elapsed=43m27s777ms
Oct 05 16:05:06 nimbus-eth1-mainnet-short-benchmark[2618943]: INF 2026-10-05 16:05:06.782+00:00 Imported blocks                            blockNumber=20081921 slot=9287152 blocks=81920 txs=13323263 mgas=1239150 bps=34.82 tps=6055 mgps=527.2 avgBps=28.81 avgTps=4686 avgMGps=435.9 elapsed=47m23s37ms
Oct 05 16:08:58 nimbus-eth1-mainnet-short-benchmark[2618943]: INF 2026-10-05 16:08:58.674+00:00 Imported blocks                            blockNumber=20090113 slot=9295408 blocks=90112 txs=14697082 mgas=1363113 bps=35.33 tps=5924 mgps=534.6 avgBps=29.31 avgTps=4779 avgMGps=443.3 elapsed=51m14s930ms
Oct 05 16:13:08 nimbus-eth1-mainnet-short-benchmark[2618943]: INF 2026-10-05 16:13:08.119+00:00 Imported blocks                            blockNumber=20098305 slot=9303658 blocks=98304 txs=16025683 mgas=1487146 bps=32.84 tps=5326 mgps=497.2 avgBps=29.57 avgTps=4820 avgMGps=447.3 elapsed=55m24s375ms
Oct 05 16:17:28 nimbus-eth1-mainnet-short-benchmark[2618943]: INF 2026-10-05 16:17:28.947+00:00 Imported blocks                            blockNumber=20106497 slot=9311895 blocks=106496 txs=17337157 mgas=1611066 bps=31.41 tps=5028 mgps=475.1 avgBps=29.70 avgTps=4835 avgMGps=449.4 elapsed=59m45s203ms
Oct 05 16:21:35 nimbus-eth1-mainnet-short-benchmark[2618943]: INF 2026-10-05 16:21:35.427+00:00 Imported blocks                            blockNumber=20114689 slot=9320146 blocks=114688 txs=18632097 mgas=1735123 bps=33.24 tps=5253 mgps=503.3 avgBps=29.93 avgTps=4862 avgMGps=452.8 elapsed=1h3m51s
Oct 05 16:25:26 nimbus-eth1-mainnet-short-benchmark[2618943]: INF 2026-10-05 16:25:26.900+00:00 Imported blocks                            blockNumber=20122881 slot=9328409 blocks=122880 txs=19937418 mgas=1859249 bps=35.39 tps=5639 mgps=536.2 avgBps=30.24 avgTps=4906 avgMGps=457.6 elapsed=1h7m43s
Oct 05 16:29:15 nimbus-eth1-mainnet-short-benchmark[2618943]: INF 2026-10-05 16:29:15.553+00:00 Imported blocks                            blockNumber=20131073 slot=9336660 blocks=131072 txs=21214129 mgas=1983500 bps=35.83 tps=5583 mgps=543.4 avgBps=30.54 avgTps=4942 avgMGps=462.2 elapsed=1h11m31s
Oct 05 16:33:04 nimbus-eth1-mainnet-short-benchmark[2618943]: INF 2026-10-05 16:33:04.946+00:00 Imported blocks                            blockNumber=20139265 slot=9344906 blocks=139264 txs=22579079 mgas=2107571 bps=35.71 tps=5950 mgps=540.9 avgBps=30.80 avgTps=4994 avgMGps=466.2 elapsed=1h15m21s
Oct 05 16:37:37 nimbus-eth1-mainnet-short-benchmark[2618943]: INF 2026-10-05 16:37:37.186+00:00 Imported blocks                            blockNumber=20147457 slot=9353153 blocks=147456 txs=24133322 mgas=2231686 bps=30.09 tps=5709 mgps=455.9 avgBps=30.76 avgTps=5034 avgMGps=465.6 elapsed=1h19m53s
Oct 05 16:41:57 nimbus-eth1-mainnet-short-benchmark[2618943]: INF 2026-10-05 16:41:57.922+00:00 Imported blocks                            blockNumber=20155649 slot=9361407 blocks=155648 txs=25424015 mgas=2356018 bps=31.42 tps=4950 mgps=476.9 avgBps=30.80 avgTps=5030 avgMGps=466.2 elapsed=1h24m14s
Oct 05 16:45:58 nimbus-eth1-mainnet-short-benchmark[2618943]: INF 2026-10-05 16:45:58.151+00:00 Imported blocks                            blockNumber=20163841 slot=9369652 blocks=163840 txs=26749549 mgas=2480207 bps=34.10 tps=5517 mgps=517.0 avgBps=30.95 avgTps=5052 avgMGps=468.5 elapsed=1h28m14s
Oct 05 16:49:53 nimbus-eth1-mainnet-short-benchmark[2618943]: INF 2026-10-05 16:49:53.143+00:00 Imported blocks                            blockNumber=20172033 slot=9377892 blocks=172032 txs=28105316 mgas=2604026 bps=34.86 tps=5769 mgps=526.9 avgBps=31.11 avgTps=5082 avgMGps=470.9 elapsed=1h32m9s
Oct 05 16:53:53 nimbus-eth1-mainnet-short-benchmark[2618943]: INF 2026-10-05 16:53:53.976+00:00 Imported blocks                            blockNumber=20180225 slot=9386128 blocks=180224 txs=29524405 mgas=2728170 bps=34.02 tps=5892 mgps=515.5 avgBps=31.23 avgTps=5116 avgMGps=472.8 elapsed=1h36m10s
Oct 05 16:57:35 nimbus-eth1-mainnet-short-benchmark[2618943]: INF 2026-10-05 16:57:35.985+00:00 Imported blocks                            blockNumber=20188417 slot=9394365 blocks=188416 txs=30849021 mgas=2852023 bps=36.90 tps=5966 mgps=557.9 avgBps=31.44 avgTps=5148 avgMGps=476.0 elapsed=1h39m52s
Oct 05 17:01:44 nimbus-eth1-mainnet-short-benchmark[2618943]: INF 2026-10-05 17:01:44.869+00:00 Imported blocks                            blockNumber=20196609 slot=9402602 blocks=196608 txs=32174755 mgas=2976155 bps=32.92 tps=5326 mgps=498.8 avgBps=31.50 avgTps=5155 avgMGps=476.9 elapsed=1h44m1s
Oct 05 17:06:08 nimbus-eth1-mainnet-short-benchmark[2618943]: INF 2026-10-05 17:06:08.450+00:00 Imported blocks                            blockNumber=20204801 slot=9410840 blocks=204800 txs=33475942 mgas=3100410 bps=31.08 tps=4936 mgps=471.4 avgBps=31.48 avgTps=5146 avgMGps=476.6 elapsed=1h48m24s
Oct 05 17:10:09 nimbus-eth1-mainnet-short-benchmark[2618943]: INF 2026-10-05 17:10:09.766+00:00 Imported blocks                            blockNumber=20212993 slot=9419071 blocks=212992 txs=34798508 mgas=3224370 bps=33.95 tps=5480 mgps=513.7 avgBps=31.57 avgTps=5158 avgMGps=478.0 elapsed=1h52m26s
Oct 05 17:14:06 nimbus-eth1-mainnet-short-benchmark[2618943]: INF 2026-10-05 17:14:06.755+00:00 Imported blocks                            blockNumber=20221185 slot=9427313 blocks=221184 txs=36114045 mgas=3348169 bps=34.57 tps=5551 mgps=522.4 avgBps=31.67 avgTps=5171 avgMGps=479.5 elapsed=1h56m23s
Oct 05 17:17:43 nimbus-eth1-mainnet-short-benchmark[2618943]: INF 2026-10-05 17:17:43.672+00:00 Imported blocks                            blockNumber=20229377 slot=9435549 blocks=229376 txs=37421794 mgas=3472031 bps=37.77 tps=6028 mgps=571.0 avgBps=31.86 avgTps=5197 avgMGps=482.2 elapsed=1h59m59s
Oct 05 17:21:29 nimbus-eth1-mainnet-short-benchmark[2618943]: INF 2026-10-05 17:21:29.277+00:00 Imported blocks                            blockNumber=20237569 slot=9443788 blocks=237568 txs=38842064 mgas=3596351 bps=36.31 tps=6295 mgps=551.0 avgBps=31.99 avgTps=5230 avgMGps=484.3 elapsed=2h3m45s
Oct 05 17:25:31 nimbus-eth1-mainnet-short-benchmark[2618943]: INF 2026-10-05 17:25:31.485+00:00 Imported blocks                            blockNumber=20245761 slot=9452021 blocks=245760 txs=40225739 mgas=3720100 bps=33.82 tps=5712 mgps=510.9 avgBps=32.05 avgTps=5246 avgMGps=485.2 elapsed=2h7m47s
Oct 05 17:29:50 nimbus-eth1-mainnet-short-benchmark[2618943]: INF 2026-10-05 17:29:50.229+00:00 Imported blocks                            blockNumber=20253953 slot=9460253 blocks=253952 txs=41454921 mgas=3844385 bps=31.66 tps=4750 mgps=480.3 avgBps=32.04 avgTps=5229 avgMGps=485.0 elapsed=2h12m6s
Oct 05 17:33:56 nimbus-eth1-mainnet-short-benchmark[2618943]: INF 2026-10-05 17:33:56.490+00:00 Imported blocks                            blockNumber=20262145 slot=9468495 blocks=262144 txs=42726051 mgas=3968623 bps=33.27 tps=5161 mgps=504.5 avgBps=32.08 avgTps=5227 avgMGps=485.6 elapsed=2h16m12s
Oct 05 17:37:46 nimbus-eth1-mainnet-short-benchmark[2618943]: INF 2026-10-05 17:37:46.887+00:00 Imported blocks                            blockNumber=20270337 slot=9476748 blocks=270336 txs=44050436 mgas=4092682 bps=35.56 tps=5748 mgps=538.5 avgBps=32.17 avgTps=5242 avgMGps=487.0 elapsed=2h20m3s
Oct 05 17:41:21 nimbus-eth1-mainnet-short-benchmark[2618943]: INF 2026-10-05 17:41:21.284+00:00 Imported blocks                            blockNumber=20278529 slot=9484981 blocks=278528 txs=45382368 mgas=4216487 bps=38.21 tps=6212 mgps=577.5 avgBps=32.32 avgTps=5266 avgMGps=489.3 elapsed=2h23m37s
Oct 05 17:45:01 nimbus-eth1-mainnet-short-benchmark[2618943]: INF 2026-10-05 17:45:01.477+00:00 Imported blocks                            blockNumber=20286721 slot=9493213 blocks=286720 txs=46733429 mgas=4340363 bps=37.20 tps=6135 mgps=562.6 avgBps=32.44 avgTps=5287 avgMGps=491.1 elapsed=2h27m17s
Oct 05 17:49:02 nimbus-eth1-mainnet-short-benchmark[2618943]: INF 2026-10-05 17:49:02.657+00:00 Imported blocks                            blockNumber=20294913 slot=9501453 blocks=294912 txs=48075887 mgas=4464376 bps=33.97 tps=5566 mgps=514.2 avgBps=32.48 avgTps=5295 avgMGps=491.7 elapsed=2h31m18s
Oct 05 17:52:58 nimbus-eth1-mainnet-short-benchmark[2618943]: INF 2026-10-05 17:52:58.826+00:00 Imported blocks                            blockNumber=20303105 slot=9509696 blocks=303104 txs=49379538 mgas=4588534 bps=34.69 tps=5520 mgps=525.7 avgBps=32.54 avgTps=5301 avgMGps=492.6 elapsed=2h35m15s
Oct 05 17:56:48 nimbus-eth1-mainnet-short-benchmark[2618943]: INF 2026-10-05 17:56:48.574+00:00 Imported blocks                            blockNumber=20311297 slot=9517922 blocks=311296 txs=50637672 mgas=4712596 bps=35.66 tps=5476 mgps=540.0 avgBps=32.61 avgTps=5305 avgMGps=493.7 elapsed=2h39m4s
Oct 05 18:00:28 nimbus-eth1-mainnet-short-benchmark[2618943]: INF 2026-10-05 18:00:28.495+00:00 Imported blocks                            blockNumber=20319489 slot=9526159 blocks=319488 txs=51981692 mgas=4836521 bps=37.25 tps=6111 mgps=563.5 avgBps=32.72 avgTps=5323 avgMGps=495.3 elapsed=2h42m44s
Oct 05 18:03:50 nimbus-eth1-mainnet-short-benchmark[2618943]: INF 2026-10-05 18:03:50.049+00:00 Imported blocks                            blockNumber=20327681 slot=9534381 blocks=327680 txs=53356123 mgas=4960245 bps=40.64 tps=6819 mgps=613.8 avgBps=32.88 avgTps=5353 avgMGps=497.7 elapsed=2h46m6s
Oct 05 18:07:11 nimbus-eth1-mainnet-short-benchmark[2618943]: INF 2026-10-05 18:07:11.754+00:00 Imported blocks                            blockNumber=20335873 slot=9542617 blocks=335872 txs=54719105 mgas=5084025 bps=40.61 tps=6757 mgps=613.7 avgBps=33.03 avgTps=5381 avgMGps=500.0 elapsed=2h49m28s
Oct 05 18:10:53 nimbus-eth1-mainnet-short-benchmark[2618943]: INF 2026-10-05 18:10:53.407+00:00 Imported blocks                            blockNumber=20344065 slot=9550841 blocks=344064 txs=56021853 mgas=5207843 bps=36.96 tps=5877 mgps=558.6 avgBps=33.12 avgTps=5392 avgMGps=501.3 elapsed=2h53m9s
Oct 05 18:15:05 nimbus-eth1-mainnet-short-benchmark[2618943]: INF 2026-10-05 18:15:05.719+00:00 Imported blocks                            blockNumber=20352257 slot=9559072 blocks=352256 txs=57290408 mgas=5332016 bps=32.47 tps=5027 mgps=492.1 avgBps=33.10 avgTps=5383 avgMGps=501.0 elapsed=2h57m21s
Oct 05 18:18:54 nimbus-eth1-mainnet-short-benchmark[2618943]: INF 2026-10-05 18:18:54.764+00:00 Imported blocks                            blockNumber=20360449 slot=9567308 blocks=360448 txs=58543463 mgas=5456201 bps=35.77 tps=5470 mgps=542.2 avgBps=33.16 avgTps=5385 avgMGps=501.9 elapsed=3h1m11s
Oct 05 18:22:36 nimbus-eth1-mainnet-short-benchmark[2618943]: INF 2026-10-05 18:22:36.217+00:00 Imported blocks                            blockNumber=20368641 slot=9575548 blocks=368640 txs=59874056 mgas=5580204 bps=36.99 tps=6008 mgps=559.9 avgBps=33.23 avgTps=5397 avgMGps=503.1 elapsed=3h4m52s
Oct 05 18:26:27 nimbus-eth1-mainnet-short-benchmark[2618943]: INF 2026-10-05 18:26:27.025+00:00 Imported blocks                            blockNumber=20376833 slot=9583774 blocks=376832 txs=61167066 mgas=5704396 bps=35.49 tps=5602 mgps=538.1 avgBps=33.28 avgTps=5401 avgMGps=503.8 elapsed=3h8m43s
Oct 05 18:30:15 nimbus-eth1-mainnet-short-benchmark[2618943]: INF 2026-10-05 18:30:15.150+00:00 Imported blocks                            blockNumber=20385025 slot=9592009 blocks=385024 txs=62480333 mgas=5828235 bps=35.91 tps=5756 mgps=542.9 avgBps=33.33 avgTps=5408 avgMGps=504.5 elapsed=3h12m31s
Oct 05 18:34:02 nimbus-eth1-mainnet-short-benchmark[2618943]: INF 2026-10-05 18:34:02.279+00:00 Imported blocks                            blockNumber=20393217 slot=9600248 blocks=393216 txs=63800597 mgas=5952136 bps=36.07 tps=5812 mgps=545.5 avgBps=33.38 avgTps=5416 avgMGps=505.3 elapsed=3h16m18s
Oct 05 18:37:40 nimbus-eth1-mainnet-short-benchmark[2618943]: INF 2026-10-05 18:37:40.928+00:00 Imported blocks                            blockNumber=20401409 slot=9608486 blocks=401408 txs=65021243 mgas=6076384 bps=37.47 tps=5582 mgps=568.3 avgBps=33.46 avgTps=5419 avgMGps=506.5 elapsed=3h19m57s
Oct 05 18:41:30 nimbus-eth1-mainnet-short-benchmark[2618943]: INF 2026-10-05 18:41:30.985+00:00 Imported blocks                            blockNumber=20409601 slot=9616707 blocks=409600 txs=66199016 mgas=6200666 bps=35.61 tps=5119 mgps=540.2 avgBps=33.50 avgTps=5414 avgMGps=507.1 elapsed=3h23m47s
Oct 05 18:45:17 nimbus-eth1-mainnet-short-benchmark[2618943]: INF 2026-10-05 18:45:17.789+00:00 Imported blocks                            blockNumber=20417793 slot=9624941 blocks=417792 txs=67453930 mgas=6324823 bps=36.12 tps=5533 mgps=547.4 avgBps=33.55 avgTps=5416 avgMGps=507.9 elapsed=3h27m34s
Oct 05 18:48:34 nimbus-eth1-mainnet-short-benchmark[2618943]: INF 2026-10-05 18:48:34.563+00:00 Imported blocks                            blockNumber=20425985 slot=9633187 blocks=425984 txs=68814904 mgas=6448778 bps=41.63 tps=6916 mgps=629.9 avgBps=33.67 avgTps=5439 avgMGps=509.8 elapsed=3h30m50s
Oct 05 18:51:52 nimbus-eth1-mainnet-short-benchmark[2618943]: INF 2026-10-05 18:51:52.388+00:00 Imported blocks                            blockNumber=20434177 slot=9641422 blocks=434176 txs=70124508 mgas=6572711 bps=41.41 tps=6620 mgps=626.5 avgBps=33.79 avgTps=5457 avgMGps=511.5 elapsed=3h34m8s
Oct 05 18:55:20 nimbus-eth1-mainnet-short-benchmark[2618943]: INF 2026-10-05 18:55:20.065+00:00 Imported blocks                            blockNumber=20442369 slot=9649657 blocks=442368 txs=71403576 mgas=6696451 bps=39.44 tps=6158 mgps=595.8 avgBps=33.88 avgTps=5468 avgMGps=512.9 elapsed=3h37m36s
Oct 05 18:59:06 nimbus-eth1-mainnet-short-benchmark[2618943]: INF 2026-10-05 18:59:06.298+00:00 Imported blocks                            blockNumber=20450561 slot=9657896 blocks=450560 txs=72659905 mgas=6820521 bps=36.21 tps=5553 mgps=548.4 avgBps=33.92 avgTps=5470 avgMGps=513.5 elapsed=3h41m22s
Oct 05 19:03:15 nimbus-eth1-mainnet-short-benchmark[2618943]: INF 2026-10-05 19:03:15.290+00:00 Imported blocks                            blockNumber=20458753 slot=9666114 blocks=458752 txs=73838533 mgas=6945116 bps=32.90 tps=4733 mgps=500.4 avgBps=33.90 avgTps=5456 avgMGps=513.3 elapsed=3h45m31s
Oct 05 19:06:58 nimbus-eth1-mainnet-short-benchmark[2618943]: INF 2026-10-05 19:06:58.655+00:00 Imported blocks                            blockNumber=20466945 slot=9674343 blocks=466944 txs=75124748 mgas=7068943 bps=36.68 tps=5758 mgps=554.4 avgBps=33.95 avgTps=5461 avgMGps=513.9 elapsed=3h49m14s
Oct 05 19:10:41 nimbus-eth1-mainnet-short-benchmark[2618943]: INF 2026-10-05 19:10:41.588+00:00 Imported blocks                            blockNumber=20475137 slot=9682575 blocks=475136 txs=76420106 mgas=7192870 bps=36.75 tps=5810 mgps=555.9 avgBps=33.99 avgTps=5467 avgMGps=514.6 elapsed=3h52m57s
Oct 05 19:14:15 nimbus-eth1-mainnet-short-benchmark[2618943]: INF 2026-10-05 19:14:15.009+00:00 Imported blocks                            blockNumber=20483329 slot=9690800 blocks=483328 txs=77675422 mgas=7316939 bps=38.38 tps=5881 mgps=581.3 avgBps=34.06 avgTps=5473 avgMGps=515.6 elapsed=3h56m31s
Oct 05 19:17:44 nimbus-eth1-mainnet-short-benchmark[2618943]: INF 2026-10-05 19:17:44.478+00:00 Imported blocks                            blockNumber=20491521 slot=9699019 blocks=491520 txs=78951232 mgas=7440784 bps=39.11 tps=6090 mgps=591.2 avgBps=34.13 avgTps=5482 avgMGps=516.7 elapsed=4h735ms427us
Oct 05 19:21:29 nimbus-eth1-mainnet-short-benchmark[2618943]: INF 2026-10-05 19:21:29.695+00:00 Imported blocks                            blockNumber=20499713 slot=9707248 blocks=499712 txs=80189642 mgas=7564669 bps=36.37 tps=5498 mgps=550.1 avgBps=34.17 avgTps=5482 avgMGps=517.2 elapsed=4h3m45s
Oct 05 19:25:23 nimbus-eth1-mainnet-short-benchmark[2618943]: INF 2026-10-05 19:25:23.271+00:00 Imported blocks                            blockNumber=20507905 slot=9715488 blocks=507904 txs=81317763 mgas=7689208 bps=35.07 tps=4829 mgps=533.2 avgBps=34.18 avgTps=5472 avgMGps=517.5 elapsed=4h7m39s
Oct 05 19:28:48 nimbus-eth1-mainnet-short-benchmark[2618943]: INF 2026-10-05 19:28:48.197+00:00 Imported blocks                            blockNumber=20516097 slot=9723715 blocks=516096 txs=82520262 mgas=7813209 bps=39.97 tps=5867 mgps=605.1 avgBps=34.26 avgTps=5477 avgMGps=518.7 elapsed=4h11m4s
Oct 05 19:32:25 nimbus-eth1-mainnet-short-benchmark[2618943]: INF 2026-10-05 19:32:25.329+00:00 Imported blocks                            blockNumber=20524289 slot=9731945 blocks=524288 txs=83780075 mgas=7937233 bps=37.73 tps=5802 mgps=571.2 avgBps=34.31 avgTps=5482 avgMGps=519.4 elapsed=4h14m41s
Oct 05 19:36:07 nimbus-eth1-mainnet-short-benchmark[2618943]: INF 2026-10-05 19:36:07.606+00:00 Imported blocks                            blockNumber=20532481 slot=9740183 blocks=532480 txs=85263862 mgas=8061024 bps=36.86 tps=6675 mgps=556.9 avgBps=34.34 avgTps=5499 avgMGps=519.9 elapsed=4h18m23s
Oct 05 19:39:53 nimbus-eth1-mainnet-short-benchmark[2618943]: INF 2026-10-05 19:39:53.639+00:00 Imported blocks                            blockNumber=20540673 slot=9748418 blocks=540672 txs=86612143 mgas=8185090 bps=36.24 tps=5964 mgps=548.9 avgBps=34.37 avgTps=5506 avgMGps=520.4 elapsed=4h22m9s
Oct 05 19:43:47 nimbus-eth1-mainnet-short-benchmark[2618943]: INF 2026-10-05 19:43:47.708+00:00 Imported blocks                            blockNumber=20548865 slot=9756662 blocks=548864 txs=87802991 mgas=8309513 bps=35.00 tps=5087 mgps=531.6 avgBps=34.38 avgTps=5500 avgMGps=520.5 elapsed=4h26m3s
Oct 05 19:47:38 nimbus-eth1-mainnet-short-benchmark[2618943]: INF 2026-10-05 19:47:38.889+00:00 Imported blocks                            blockNumber=20557057 slot=9764892 blocks=557056 txs=88964987 mgas=8433956 bps=35.43 tps=5026 mgps=538.3 avgBps=34.40 avgTps=5493 avgMGps=520.8 elapsed=4h29m55s
Oct 05 19:51:17 nimbus-eth1-mainnet-short-benchmark[2618943]: INF 2026-10-05 19:51:17.697+00:00 Imported blocks                            blockNumber=20565249 slot=9773131 blocks=565248 txs=90186094 mgas=8558113 bps=37.44 tps=5580 mgps=567.4 avgBps=34.44 avgTps=5494 avgMGps=521.4 elapsed=4h33m33s
Oct 05 19:54:57 nimbus-eth1-mainnet-short-benchmark[2618943]: INF 2026-10-05 19:54:57.782+00:00 Imported blocks                            blockNumber=20573441 slot=9781369 blocks=573440 txs=91404654 mgas=8682228 bps=37.22 tps=5536 mgps=563.9 avgBps=34.47 avgTps=5495 avgMGps=522.0 elapsed=4h37m14s
Oct 05 19:58:33 nimbus-eth1-mainnet-short-benchmark[2618943]: INF 2026-10-05 19:58:33.127+00:00 Imported blocks                            blockNumber=20581633 slot=9789611 blocks=581632 txs=92628389 mgas=8806651 bps=38.04 tps=5682 mgps=577.8 avgBps=34.52 avgTps=5497 avgMGps=522.7 elapsed=4h40m49s
Oct 05 20:02:17 nimbus-eth1-mainnet-short-benchmark[2618943]: INF 2026-10-05 20:02:17.884+00:00 Imported blocks                            blockNumber=20589825 slot=9797855 blocks=589824 txs=93887208 mgas=8931023 bps=36.45 tps=5600 mgps=553.4 avgBps=34.54 avgTps=5498 avgMGps=523.1 elapsed=4h44m34s
Oct 05 20:06:06 nimbus-eth1-mainnet-short-benchmark[2618943]: INF 2026-10-05 20:06:06.249+00:00 Imported blocks                            blockNumber=20598017 slot=9806095 blocks=598016 txs=95163338 mgas=9055310 bps=35.87 tps=5587 mgps=544.2 avgBps=34.56 avgTps=5499 avgMGps=523.4 elapsed=4h48m22s
Oct 05 20:09:55 nimbus-eth1-mainnet-short-benchmark[2618943]: INF 2026-10-05 20:09:55.162+00:00 Imported blocks                            blockNumber=20606209 slot=9814347 blocks=606208 txs=96334664 mgas=9179976 bps=35.79 tps=5116 mgps=544.6 avgBps=34.58 avgTps=5494 avgMGps=523.6 elapsed=4h52m11s
Oct 05 20:13:36 nimbus-eth1-mainnet-short-benchmark[2618943]: INF 2026-10-05 20:13:36.363+00:00 Imported blocks                            blockNumber=20614401 slot=9822581 blocks=614400 txs=97573414 mgas=9304574 bps=37.03 tps=5600 mgps=563.3 avgBps=34.61 avgTps=5496 avgMGps=524.1 elapsed=4h55m52s
Oct 05 20:17:16 nimbus-eth1-mainnet-short-benchmark[2618943]: INF 2026-10-05 20:17:16.055+00:00 Imported blocks                            blockNumber=20622593 slot=9830821 blocks=622592 txs=98874772 mgas=9428835 bps=37.29 tps=5923 mgps=565.6 avgBps=34.64 avgTps=5501 avgMGps=524.6 elapsed=4h59m32s
Oct 05 20:20:49 nimbus-eth1-mainnet-short-benchmark[2618943]: INF 2026-10-05 20:20:49.144+00:00 Imported blocks                            blockNumber=20630785 slot=9839058 blocks=630784 txs=100178707 mgas=9553009 bps=38.44 tps=6119 mgps=582.7 avgBps=34.69 avgTps=5508 avgMGps=525.3 elapsed=5h3m5s
Oct 05 20:24:33 nimbus-eth1-mainnet-short-benchmark[2618943]: INF 2026-10-05 20:24:33.637+00:00 Imported blocks                            blockNumber=20638977 slot=9847313 blocks=638976 txs=101489116 mgas=9677171 bps=36.49 tps=5837 mgps=553.1 avgBps=34.71 avgTps=5512 avgMGps=525.7 elapsed=5h6m49s
Oct 05 20:28:15 nimbus-eth1-mainnet-short-benchmark[2618943]: INF 2026-10-05 20:28:15.758+00:00 Imported blocks                            blockNumber=20647169 slot=9855549 blocks=647168 txs=102730058 mgas=9801643 bps=36.88 tps=5586 mgps=560.4 avgBps=34.73 avgTps=5513 avgMGps=526.1 elapsed=5h10m32s
Oct 05 20:32:13 nimbus-eth1-mainnet-short-benchmark[2618943]: INF 2026-10-05 20:32:13.343+00:00 Imported blocks                            blockNumber=20655361 slot=9863778 blocks=655360 txs=103868002 mgas=9926541 bps=34.48 tps=4789 mgps=525.7 avgBps=34.73 avgTps=5504 avgMGps=526.1 elapsed=5h14m29s
Oct 05 20:35:50 nimbus-eth1-mainnet-short-benchmark[2618943]: INF 2026-10-05 20:35:50.104+00:00 Imported blocks                            blockNumber=20663553 slot=9872013 blocks=663552 txs=105112198 mgas=10051274 bps=37.79 tps=5739 mgps=575.4 avgBps=34.77 avgTps=5507 avgMGps=526.6 elapsed=5h18m6s
Oct 05 20:39:16 nimbus-eth1-mainnet-short-benchmark[2618943]: INF 2026-10-05 20:39:16.245+00:00 Imported blocks                            blockNumber=20671745 slot=9880241 blocks=671744 txs=106395904 mgas=10175177 bps=39.74 tps=6227 mgps=601.0 avgBps=34.82 avgTps=5514 avgMGps=527.4 elapsed=5h21m32s
Oct 05 20:42:46 nimbus-eth1-mainnet-short-benchmark[2618943]: INF 2026-10-05 20:42:46.662+00:00 Imported blocks                            blockNumber=20679937 slot=9888471 blocks=679936 txs=107674271 mgas=10299404 bps=38.93 tps=6075 mgps=590.4 avgBps=34.86 avgTps=5520 avgMGps=528.1 elapsed=5h25m2s
Oct 05 20:46:08 nimbus-eth1-mainnet-short-benchmark[2618943]: INF 2026-10-05 20:46:08.247+00:00 Imported blocks                            blockNumber=20688129 slot=9896698 blocks=688128 txs=108938536 mgas=10423298 bps=40.64 tps=6271 mgps=614.6 avgBps=34.92 avgTps=5528 avgMGps=529.0 elapsed=5h28m24s
Oct 05 20:49:42 nimbus-eth1-mainnet-short-benchmark[2618943]: INF 2026-10-05 20:49:42.304+00:00 Imported blocks                            blockNumber=20696321 slot=9904930 blocks=696320 txs=110235786 mgas=10547469 bps=38.27 tps=6060 mgps=580.1 avgBps=34.96 avgTps=5534 avgMGps=529.5 elapsed=5h31m58s
Oct 05 20:53:34 nimbus-eth1-mainnet-short-benchmark[2618943]: INF 2026-10-05 20:53:34.161+00:00 Imported blocks                            blockNumber=20704513 slot=9913154 blocks=704512 txs=111483759 mgas=10671677 bps=35.33 tps=5382 mgps=535.7 avgBps=34.96 avgTps=5532 avgMGps=529.6 elapsed=5h35m50s
Oct 05 20:57:11 nimbus-eth1-mainnet-short-benchmark[2618943]: INF 2026-10-05 20:57:11.985+00:00 Imported blocks                            blockNumber=20712705 slot=9921388 blocks=712704 txs=112764170 mgas=10795980 bps=37.61 tps=5878 mgps=570.7 avgBps=34.99 avgTps=5536 avgMGps=530.0 elapsed=5h39m28s
Oct 05 21:00:34 nimbus-eth1-mainnet-short-benchmark[2618943]: INF 2026-10-05 21:00:34.859+00:00 Imported blocks                            blockNumber=20720897 slot=9929633 blocks=720896 txs=114110517 mgas=10919926 bps=40.38 tps=6636 mgps=611.0 avgBps=35.04 avgTps=5547 avgMGps=530.8 elapsed=5h42m51s
Oct 05 21:04:04 nimbus-eth1-mainnet-short-benchmark[2618943]: INF 2026-10-05 21:04:04.936+00:00 Imported blocks                            blockNumber=20729089 slot=9937869 blocks=729088 txs=115449431 mgas=11043768 bps=39.00 tps=6373 mgps=589.5 avgBps=35.08 avgTps=5555 avgMGps=531.4 elapsed=5h46m21s
Oct 05 21:07:26 nimbus-eth1-mainnet-short-benchmark[2618943]: INF 2026-10-05 21:07:26.773+00:00 Imported blocks                            blockNumber=20737281 slot=9946108 blocks=737280 txs=116784468 mgas=11167784 bps=40.59 tps=6614 mgps=614.4 avgBps=35.14 avgTps=5565 avgMGps=532.2 elapsed=5h49m43s
Oct 05 21:10:59 nimbus-eth1-mainnet-short-benchmark[2618943]: INF 2026-10-05 21:10:59.642+00:00 Imported blocks                            blockNumber=20745473 slot=9954342 blocks=745472 txs=118101003 mgas=11291742 bps=38.48 tps=6184 mgps=582.3 avgBps=35.17 avgTps=5571 avgMGps=532.7 elapsed=5h53m15s
Oct 05 21:14:48 nimbus-eth1-mainnet-short-benchmark[2618943]: INF 2026-10-05 21:14:48.442+00:00 Imported blocks                            blockNumber=20753665 slot=9962581 blocks=753664 txs=119337525 mgas=11415859 bps=35.80 tps=5404 mgps=542.5 avgBps=35.18 avgTps=5570 avgMGps=532.8 elapsed=5h57m4s
Oct 05 21:18:24 nimbus-eth1-mainnet-short-benchmark[2618943]: INF 2026-10-05 21:18:24.175+00:00 Imported blocks                            blockNumber=20761857 slot=9970803 blocks=761856 txs=120564314 mgas=11540225 bps=37.97 tps=5686 mgps=576.5 avgBps=35.21 avgTps=5571 avgMGps=533.3 elapsed=6h40s429ms
Oct 05 21:21:46 nimbus-eth1-mainnet-short-benchmark[2618943]: INF 2026-10-05 21:21:46.392+00:00 Imported blocks                            blockNumber=20770049 slot=9979058 blocks=770048 txs=121858083 mgas=11663918 bps=40.51 tps=6397 mgps=611.7 avgBps=35.25 avgTps=5578 avgMGps=534.0 elapsed=6h4m2s
Oct 05 21:25:00 nimbus-eth1-mainnet-short-benchmark[2618943]: INF 2026-10-05 21:25:00.874+00:00 Imported blocks                            blockNumber=20778241 slot=9987307 blocks=778240 txs=123161734 mgas=11787906 bps=42.12 tps=6703 mgps=637.5 avgBps=35.31 avgTps=5588 avgMGps=534.9 elapsed=6h7m17s
Oct 05 21:28:09 nimbus-eth1-mainnet-short-benchmark[2618943]: INF 2026-10-05 21:28:09.419+00:00 Imported blocks                            blockNumber=20786433 slot=9995542 blocks=786432 txs=124509456 mgas=11911612 bps=43.45 tps=7147 mgps=656.1 avgBps=35.38 avgTps=5602 avgMGps=535.9 elapsed=6h10m25s
Oct 05 21:31:24 nimbus-eth1-mainnet-short-benchmark[2618943]: INF 2026-10-05 21:31:24.100+00:00 Imported blocks                            blockNumber=20794625 slot=10003781 blocks=794624 txs=125848921 mgas=12035338 bps=42.08 tps=6880 mgps=635.5 avgBps=35.44 avgTps=5613 avgMGps=536.8 elapsed=6h13m40s
Oct 05 21:34:44 nimbus-eth1-mainnet-short-benchmark[2618943]: INF 2026-10-05 21:34:44.529+00:00 Imported blocks                            blockNumber=20802817 slot=10012028 blocks=802816 txs=127089868 mgas=12158989 bps=40.87 tps=6191 mgps=616.9 avgBps=35.49 avgTps=5618 avgMGps=537.5 elapsed=6h17m786ms
Oct 05 21:38:12 nimbus-eth1-mainnet-short-benchmark[2618943]: INF 2026-10-05 21:38:12.850+00:00 Imported blocks                            blockNumber=20811009 slot=10020249 blocks=811008 txs=128299762 mgas=12282850 bps=39.32 tps=5807 mgps=594.6 avgBps=35.53 avgTps=5620 avgMGps=538.0 elapsed=6h20m29s
Oct 05 21:41:28 nimbus-eth1-mainnet-short-benchmark[2618943]: INF 2026-10-05 21:41:28.084+00:00 Imported blocks                            blockNumber=20819201 slot=10028481 blocks=819200 txs=129596319 mgas=12406594 bps=41.96 tps=6641 mgps=633.8 avgBps=35.58 avgTps=5628 avgMGps=538.8 elapsed=6h23m44s
Oct 05 21:44:42 nimbus-eth1-mainnet-short-benchmark[2618943]: INF 2026-10-05 21:44:42.033+00:00 Imported blocks                            blockNumber=20827393 slot=10036710 blocks=827392 txs=130916729 mgas=12530249 bps=42.24 tps=6807 mgps=637.6 avgBps=35.64 avgTps=5638 avgMGps=539.7 elapsed=6h26m58s
Oct 05 21:47:56 nimbus-eth1-mainnet-short-benchmark[2618943]: INF 2026-10-05 21:47:56.370+00:00 Imported blocks                            blockNumber=20835585 slot=10044938 blocks=835584 txs=132226625 mgas=12654070 bps=42.15 tps=6740 mgps=637.1 avgBps=35.69 avgTps=5647 avgMGps=540.5 elapsed=6h30m12s
Oct 05 21:51:22 nimbus-eth1-mainnet-short-benchmark[2618943]: INF 2026-10-05 21:51:22.191+00:00 Imported blocks                            blockNumber=20843777 slot=10053164 blocks=843776 txs=133604192 mgas=12777730 bps=39.80 tps=6693 mgps=600.8 avgBps=35.73 avgTps=5656 avgMGps=541.0 elapsed=6h33m38s
Oct 05 21:55:19 nimbus-eth1-mainnet-short-benchmark[2618943]: INF 2026-10-05 21:55:19.060+00:00 Imported blocks                            blockNumber=20851969 slot=10061391 blocks=851968 txs=134900706 mgas=12901664 bps=34.58 tps=5473 mgps=523.2 avgBps=35.71 avgTps=5654 avgMGps=540.8 elapsed=6h37m35s
Oct 05 21:59:00 nimbus-eth1-mainnet-short-benchmark[2618943]: INF 2026-10-05 21:59:00.041+00:00 Imported blocks                            blockNumber=20860161 slot=10069622 blocks=860160 txs=136168750 mgas=13025603 bps=37.07 tps=5738 mgps=560.9 avgBps=35.73 avgTps=5655 avgMGps=541.0 elapsed=6h41m16s
Oct 05 22:02:38 nimbus-eth1-mainnet-short-benchmark[2618943]: INF 2026-10-05 22:02:38.630+00:00 Imported blocks                            blockNumber=20868353 slot=10077838 blocks=868352 txs=137550724 mgas=13149742 bps=37.48 tps=6322 mgps=567.9 avgBps=35.74 avgTps=5661 avgMGps=541.3 elapsed=6h44m54s
Oct 05 22:06:14 nimbus-eth1-mainnet-short-benchmark[2618943]: INF 2026-10-05 22:06:14.011+00:00 Imported blocks                            blockNumber=20876545 slot=10086066 blocks=876544 txs=138954673 mgas=13273457 bps=38.04 tps=6518 mgps=574.4 avgBps=35.76 avgTps=5669 avgMGps=541.5 elapsed=6h48m30s
Oct 05 22:09:45 nimbus-eth1-mainnet-short-benchmark[2618943]: INF 2026-10-05 22:09:45.344+00:00 Imported blocks                            blockNumber=20884737 slot=10094286 blocks=884736 txs=140256178 mgas=13397479 bps=38.76 tps=6158 mgps=586.9 avgBps=35.79 avgTps=5673 avgMGps=541.9 elapsed=6h52m1s
Oct 05 22:13:08 nimbus-eth1-mainnet-short-benchmark[2618943]: INF 2026-10-05 22:13:08.161+00:00 Imported blocks                            blockNumber=20892929 slot=10102512 blocks=892928 txs=141581868 mgas=13521575 bps=40.39 tps=6536 mgps=611.9 avgBps=35.83 avgTps=5680 avgMGps=542.5 elapsed=6h55m24s
Oct 05 22:16:33 nimbus-eth1-mainnet-short-benchmark[2618943]: INF 2026-10-05 22:16:33.162+00:00 Imported blocks                            blockNumber=20901121 slot=10110732 blocks=901120 txs=142875889 mgas=13645572 bps=39.96 tps=6312 mgps=604.9 avgBps=35.86 avgTps=5685 avgMGps=543.0 elapsed=6h58m49s
Oct 05 22:19:59 nimbus-eth1-mainnet-short-benchmark[2618943]: INF 2026-10-05 22:19:59.527+00:00 Imported blocks                            blockNumber=20909313 slot=10118953 blocks=909312 txs=144102308 mgas=13769390 bps=39.70 tps=5943 mgps=600.0 avgBps=35.89 avgTps=5687 avgMGps=543.5 elapsed=7h2m15s
Oct 05 22:23:19 nimbus-eth1-mainnet-short-benchmark[2618943]: INF 2026-10-05 22:23:19.764+00:00 Imported blocks                            blockNumber=20917505 slot=10127176 blocks=917504 txs=145406349 mgas=13893087 bps=40.91 tps=6512 mgps=617.8 avgBps=35.93 avgTps=5694 avgMGps=544.1 elapsed=7h5m36s
Oct 05 22:26:29 nimbus-eth1-mainnet-short-benchmark[2618943]: INF 2026-10-05 22:26:29.521+00:00 Imported blocks                            blockNumber=20925697 slot=10135394 blocks=925696 txs=146718394 mgas=14016820 bps=43.17 tps=6914 mgps=652.1 avgBps=35.98 avgTps=5703 avgMGps=544.9 elapsed=7h8m45s
Oct 05 22:29:52 nimbus-eth1-mainnet-short-benchmark[2618943]: INF 2026-10-05 22:29:52.735+00:00 Imported blocks                            blockNumber=20933889 slot=10143614 blocks=933888 txs=148049109 mgas=14140625 bps=40.31 tps=6548 mgps=609.2 avgBps=36.02 avgTps=5709 avgMGps=545.4 elapsed=7h12m8s
Oct 05 22:33:11 nimbus-eth1-mainnet-short-benchmark[2618943]: INF 2026-10-05 22:33:11.088+00:00 Imported blocks                            blockNumber=20942081 slot=10151840 blocks=942080 txs=149397364 mgas=14264352 bps=41.30 tps=6797 mgps=623.8 avgBps=36.06 avgTps=5718 avgMGps=546.0 elapsed=7h15m27s
Oct 05 22:36:33 nimbus-eth1-mainnet-short-benchmark[2618943]: INF 2026-10-05 22:36:33.161+00:00 Imported blocks                            blockNumber=20950273 slot=10160098 blocks=950272 txs=150765507 mgas=14388237 bps=40.54 tps=6770 mgps=613.1 avgBps=36.09 avgTps=5726 avgMGps=546.5 elapsed=7h18m49s
Oct 05 22:40:10 nimbus-eth1-mainnet-short-benchmark[2618943]: INF 2026-10-05 22:40:10.902+00:00 Imported blocks                            blockNumber=20958465 slot=10168363 blocks=958464 txs=152044771 mgas=14511987 bps=37.62 tps=5875 mgps=568.3 avgBps=36.10 avgTps=5727 avgMGps=546.6 elapsed=7h22m27s
Oct 05 22:43:38 nimbus-eth1-mainnet-short-benchmark[2618943]: INF 2026-10-05 22:43:38.499+00:00 Imported blocks                            blockNumber=20966657 slot=10176609 blocks=966656 txs=153365296 mgas=14635804 bps=39.46 tps=6361 mgps=596.4 avgBps=36.13 avgTps=5732 avgMGps=547.0 elapsed=7h25m54s
Oct 05 22:47:04 nimbus-eth1-mainnet-short-benchmark[2618943]: INF 2026-10-05 22:47:04.308+00:00 Imported blocks                            blockNumber=20974849 slot=10184849 blocks=974848 txs=154744917 mgas=14759580 bps=39.80 tps=6703 mgps=601.4 avgBps=36.16 avgTps=5739 avgMGps=547.5 elapsed=7h29m20s
Oct 05 22:50:36 nimbus-eth1-mainnet-short-benchmark[2618943]: INF 2026-10-05 22:50:36.413+00:00 Imported blocks                            blockNumber=20983041 slot=10193086 blocks=983040 txs=156055229 mgas=14883451 bps=38.62 tps=6177 mgps=584.0 avgBps=36.18 avgTps=5743 avgMGps=547.7 elapsed=7h32m52s
Oct 05 22:53:43 nimbus-eth1-mainnet-short-benchmark[2618943]: INF 2026-10-05 22:53:43.082+00:00 Imported blocks                            blockNumber=20991233 slot=10201319 blocks=991232 txs=157563202 mgas=15007557 bps=43.89 tps=8078 mgps=664.9 avgBps=36.23 avgTps=5759 avgMGps=548.5 elapsed=7h35m59s
Oct 05 22:57:21 nimbus-eth1-mainnet-short-benchmark[2618943]: INF 2026-10-05 22:57:21.223+00:00 Imported blocks                            blockNumber=20999425 slot=10209549 blocks=999424 txs=159003277 mgas=15131383 bps=37.55 tps=6601 mgps=567.6 avgBps=36.24 avgTps=5765 avgMGps=548.7 elapsed=7h39m37s
Oct 05 22:57:37 nimbus-eth1-mainnet-short-benchmark[2618943]: INF 2026-10-05 22:57:37.127+00:00 Imported blocks                            blockNumber=21000001 slot=10210128 blocks=1000000 txs=159109486 mgas=15140191 bps=36.22 tps=6678 mgps=553.8 avgBps=36.24 avgTps=5766 avgMGps=548.7 elapsed=7h39m53s
Oct 05 22:57:37 nimbus-eth1-mainnet-short-benchmark[2618943]: NTC 2026-10-05 22:57:37.127+00:00 Import complete                            blockNumber=21000001 slot=10210128 blocks=1000000 txs=159109486 mgas=15140191
Oct 05 22:57:38 nimbus-eth1-mainnet-short-benchmark[2589782]: <<< ending startNimbusWithImport (success)
Oct 05 22:57:38 nimbus-eth1-mainnet-short-benchmark[2589782]: >>> starting moveBenchmarkingFileToRepo
Oct 05 22:57:38 nimbus-eth1-mainnet-short-benchmark[2589782]: >>> copying debug-csv generated by nimbus to benchmarks repo
Oct 05 22:57:38 nimbus-eth1-mainnet-short-benchmark[2589782]: <<< ending moveBenchmarkingFileToRepo (success)
Oct 05 22:57:38 nimbus-eth1-mainnet-short-benchmark[2589782]: >>> starting generateBuildEnvironmentLogFile
Oct 05 22:57:47 nimbus-eth1-mainnet-short-benchmark[2589782]: <<< ending generateBuildEnvironmentLogFile (success)
Oct 05 22:57:47 nimbus-eth1-mainnet-short-benchmark[2589782]: >>> starting generateSystemdServiceLogs
