=== System Information Report ===
>>> Generated on: Sat Sep 19 10:49:26 PM UTC 2026
==========================
>>> CPU Architecture: x86_64
>>> CPU Byte Order: Little Endian
>>> CPU Cores: 16
>>> CPU Model: AMD Ryzen 7 PRO 8700GE w/ Radeon 780M Graphics
>>> CPU Cache Information:
L1d Cache: 256 KiB (8 instances)
L1i Cache: 256 KiB (8 instances)
L2 Cache: 8 MiB (8 instances)
L3 Cache: 16 MiB (1 instance)
>>> RAM Size: 61Gi
>>> Hard Disk Information:
/dev/md2 : 437G total, 199G free
/dev/md1 : 989M total, 690M free
/dev/nvme0n1p1 : 256M total, 256M free
/dev/nvme1n1 : 1.9T total, 487G free
==========================
=== Nimbus-ETH1 Benchmarking Report ===
>>> Total time spent in benchmarking (nanoseconds): 26948758883468
>>> Total time spent in benchmarking (human readable format): 7 hours 29 minutes 8 seconds
>>> Start block number is 20000001
>>> End block number is 21000001
==========================
=== Comparison of last two benchmarks ===
sort: write failed: 'standard output': Broken pipe
sort: write error
sort: write failed: 'standard output': Broken pipe
sort: write error
python /data/status-im/nimbus-eth1/scripts/block-import-stats.py /data/status-im/nimbus-eth1-benchmarks/short-benchmark/20260526T142028_79139c68/blocks-import-benchmark.csv /data/status-im/nimbus-eth1-benchmarks/short-benchmark/20260919T151103_7cd9269f/blocks-import-benchmark.csv
blocks-import-benchmark.csv vs blocks-import-benchmark.csv
                      bps_x  bps_y     tps_x     tps_y   time_x  time_y    bpsd    tpsd    timed
block_number                                                                                    
(20000001, 20111112]  27.06  30.48  4,418.78  4,977.14  1h6m54s  59m11s  12.85%  12.85%  -11.36%
(20111112, 20222223]  31.04  34.36  5,076.22  5,618.94  1h1m45s  55m48s  10.69%  10.69%   -9.65%
(20222223, 20333334]  32.84  36.32  5,323.41  5,886.75   54m15s   49m5s  10.57%  10.57%   -9.55%
(20333334, 20444445]  34.55  38.29  5,442.94  6,033.57   55m34s   50m8s  10.83%  10.83%   -9.77%
(20444445, 20555556]  33.87  37.85  5,220.46  5,832.43   52m29s   47m0s  11.73%  11.73%  -10.48%
(20555556, 20666667]  33.70  37.96  5,088.91  5,733.65   56m45s  50m23s  12.64%  12.64%  -11.21%
(20666667, 20777778]  35.51  39.90  5,586.90  6,278.41    50m4s  44m34s  12.34%  12.34%  -10.98%
(20777778, 20888889]  36.67  41.27  5,883.42  6,620.85   52m17s  46m28s  12.53%  12.53%  -11.13%
(20888889, 21000001]  37.01  41.17  6,105.04  6,786.42   51m50s  46m27s  11.20%  11.20%  -10.05%

blocks: 991808, baseline: 8h21m57s, contender: 7h29m8s
Time (total): -52m48s, -10.52%

bpsd = blocks per sec diff (+), tpsd = txs per sec diff, timed = time to process diff (-)
+ = more is better, - = less is better
==========================
