Sep 19 15:10:59 nimbus-eth1-mainnet-short-benchmark[3813013]: >>> starting cloneOrFetchBenchmarksRepo
Sep 19 15:10:59 nimbus-eth1-mainnet-short-benchmark[3813013]: >>> Fetching latest changes for nimbus-eth1-benchmarks...
Sep 19 15:11:01 nimbus-eth1-mainnet-short-benchmark[3813060]: HEAD is now at b3e3e44 chore: update short benchmark Readme
Sep 19 15:11:01 nimbus-eth1-mainnet-short-benchmark[3813013]: <<< ending cloneOrFetchBenchmarksRepo (success)
Sep 19 15:11:01 nimbus-eth1-mainnet-short-benchmark[3813013]: >>> starting cloneOrFetchNimbusRepo
Sep 19 15:11:02 nimbus-eth1-mainnet-short-benchmark[3813013]: >>> Fetching latest changes for nimbus-eth1...
Sep 19 15:11:03 nimbus-eth1-mainnet-short-benchmark[3813404]: From https://github.com/status-im/nimbus-eth1
Sep 19 15:11:03 nimbus-eth1-mainnet-short-benchmark[3813404]:    5dfdf626b..7cd9269ff  master     -> origin/master
Sep 19 15:11:03 nimbus-eth1-mainnet-short-benchmark[3813412]: HEAD is now at 7cd9269ff use the sharedNAT config for the lc (#4823)
Sep 19 15:11:03 nimbus-eth1-mainnet-short-benchmark[3813013]: >>> Found last benchmarked commit: 5dfdf626
Sep 19 15:11:03 nimbus-eth1-mainnet-short-benchmark[3813013]: >>> Using next commit: 7cd9269ff60e0241856f238843c91d12cd123c07
Sep 19 15:11:03 nimbus-eth1-mainnet-short-benchmark[3813428]: HEAD is now at 7cd9269ff use the sharedNAT config for the lc (#4823)
Sep 19 15:11:03 nimbus-eth1-mainnet-short-benchmark[3813013]: >>> Current commit: 7cd9269ff
Sep 19 15:11:03 nimbus-eth1-mainnet-short-benchmark[3813013]: <<< ending cloneOrFetchNimbusRepo (success)
Sep 19 15:11:03 nimbus-eth1-mainnet-short-benchmark[3813013]: >>> starting buildBinaries
Sep 19 15:11:03 nimbus-eth1-mainnet-short-benchmark[3813013]: >>> Building binaries for commit 7cd9269f...
Sep 19 15:11:09 nimbus-eth1-mainnet-short-benchmark[3818963]: Building: Nim compiler
Sep 19 15:14:14 nimbus-eth1-mainnet-short-benchmark[3818963]: Building custom Nimble commit: 42ef70c2102a942c46f13eb76872326edd525cec
Sep 19 15:14:24 nimbus-eth1-mainnet-short-benchmark[3818963]: Building Nimble...
Sep 19 15:14:35 nimbus-eth1-mainnet-short-benchmark[3818963]: Replacing nimble binary...
Sep 19 15:14:42 nimbus-eth1-mainnet-short-benchmark[3835658]: Building: build/generate_makefile
Sep 19 15:14:42 nimbus-eth1-mainnet-short-benchmark[3835522]: ROCKSDB CACHED VERSION: 11.8.1
Sep 19 15:14:42 nimbus-eth1-mainnet-short-benchmark[3835923]: RocksDb static libraries already built. Skipping build.
Sep 19 15:14:42 nimbus-eth1-mainnet-short-benchmark[3835658]: Build completed successfully: build/generate_makefile
Sep 19 15:14:42 nimbus-eth1-mainnet-short-benchmark[3835977]: Building: build/nimbus_execution_client
Sep 19 15:17:04 nimbus-eth1-mainnet-short-benchmark[3835977]: Build completed successfully: build/nimbus_execution_client
Sep 19 15:17:04 nimbus-eth1-mainnet-short-benchmark[3813013]: >>> renaming binaries to match commit they were built from
Sep 19 15:17:04 nimbus-eth1-mainnet-short-benchmark[3813013]: >>> creating a symbolic link to the latest version
Sep 19 15:17:04 nimbus-eth1-mainnet-short-benchmark[3813013]: >>> deleting copies that are older than N days
Sep 19 15:17:04 nimbus-eth1-mainnet-short-benchmark[3813013]: <<< ending buildBinaries (success)
Sep 19 15:17:04 nimbus-eth1-mainnet-short-benchmark[3813013]: >>> starting skipOrContinueBenchmark
Sep 19 15:17:04 nimbus-eth1-mainnet-short-benchmark[3813013]: <<< ending skipOrContinueBenchmark (success)
Sep 19 15:17:04 nimbus-eth1-mainnet-short-benchmark[3813013]: >>> starting copyTemplateDatabase
Sep 19 15:17:04 nimbus-eth1-mainnet-short-benchmark[3813013]: >>> Copying template db into nimbus data directory
Sep 19 15:20:14 nimbus-eth1-mainnet-short-benchmark[3813013]: >>> Template db copied
Sep 19 15:20:14 nimbus-eth1-mainnet-short-benchmark[3813013]: >>> making nimbus the owner of the copied files
Sep 19 15:20:14 nimbus-eth1-mainnet-short-benchmark[3813013]: <<< ending copyTemplateDatabase (success)
Sep 19 15:20:14 nimbus-eth1-mainnet-short-benchmark[3813013]: >>> starting startNimbusWithImport
Sep 19 15:20:15 nimbus-eth1-mainnet-short-benchmark[3841712]: INF 2026-09-19 15:20:15.005+00:00 Launching execution client                 version=v0.4.1-7cd9269f config="(configFile: none(InputFile), dataDirFlag: some(/data/status-im/nimbus-eth1/data/shared_mainnet_0), era1DirFlag: some(/data/era1), eraDirFlag: some(/data/era), ereDirFlag: none(OutDir), keyStoreDirFlag: none(OutDir), importKey: , trustedSetupFile: none(string), extraData: Nimbus/v0.4.1-7cd9269f, gasLimit: none(uint64), maxBlobs: none(byte), network: [mainnet], logLevel: INFO, logFormat: auto, metricsEnabled: false, metricsPort: 9093, metricsAddress: 127.0.0.1, bootstrapNodes: [], elBootstrapNodes: [], bootstrapFile: , elBootstrapFile: , staticPeers: [], staticPeersFile: , reconnectMaxRetry: 0, reconnectInterval: 15, listenAddress: ::, tcpPort: 30303, udpPortFlag: none(Port), maxPeersOpt: none(int), elMaxPeersOpt: none(int), nat: (hasExtIp: false, nat: NatAny), discv5: true, netKey: random, agentString: Nimbus/v0.4.1-7cd9269f/linux-amd64/Nim-2.2.12, numThreads: 0, persistBatchSize: 4, dynamicBatchSize: false, rocksdbMaxOpenFiles: 2048, rocksdbWriteBufferSize: 67108864, rocksdbRowCacheSize: 0, rocksdbBlockCacheSize: 2147483648, rocksdbBlockCacheType: hyperclock, rdbVtxCacheSize: 536870912, rdbKeyCacheSize: 1342177280, rdbBranchCacheSize: 1073741824, rdbPrintStats: false, rewriteDatadirId: true, aristoDbMaxSnapshots: 5, debugParallel: none(bool), parallelStateRootComputationFlag: false, parallelSenderRecoveryFlag: true, optimisticStatePrefetchFlag: false, balStatePrefetchFlag: false, balStatePrefetchWorkers: 0, balParallelExecutionFlag: false, balPruning: true, eagerStateRootCheck: false, deserializeFcState: true, statelessProvider: false, statelessWitnessValidation: false, cmd: import, maxBlocks: 1000000, chunkSize: 8192, csvStats: some("/data/host-benchmarks/short/f48ea3087b904979ac2b5c7cf0fe8c29/blocks-import-benchmark.csv"), validation: false, fullValidation: false, storeBodies: false, storeReceipts: false, storeSlotHashes: false)"
Sep 19 15:20:15 nimbus-eth1-mainnet-short-benchmark[3841712]: WRN 2026-09-19 15:20:15.009+00:00 Data directory has insecure permissions. Correcting them. data_dir=/data/status-im/nimbus-eth1/data/shared_mainnet_0 current_permissions=0755 required_permissions=0700
Sep 19 15:20:16 nimbus-eth1-mainnet-short-benchmark[3841712]: INF 2026-09-19 15:20:16.845+00:00 Taskpool started                           numThreads=16
Sep 19 15:20:16 nimbus-eth1-mainnet-short-benchmark[3841712]: CreateIOUring failed: Invalid argument (errno=22), thread=140424617946368
Sep 19 15:20:16 nimbus-eth1-mainnet-short-benchmark[3841712]: INF 2026-09-19 15:20:16.969+00:00 Database initialized                       base="(0xd24fd73f794058a3807db926d8898c6481e902b7edb91ce0d479d6760f276183, 20000000)" finalized="(0xd24fd73f794058a3807db926d8898c6481e902b7edb91ce0d479d6760f276183, 20000000)" head="(0xd4e56740f876aef8c010b86a40d5f56745a118d0906a34e69aec8c0db1cb8fa3, 0)"
Sep 19 15:20:16 nimbus-eth1-mainnet-short-benchmark[3841712]: NTC 2026-09-19 15:20:16.969+00:00 Could not open ere database, falling back to era1/era import ereDir=/data/status-im/nimbus-eth1/data/shared_mainnet_0/ere networkName=mainnet error="No ere files found in /data/status-im/nimbus-eth1/data/shared_mainnet_0/ere"
Sep 19 15:20:16 nimbus-eth1-mainnet-short-benchmark[3841712]: NTC 2026-09-19 15:20:16.969+00:00 Importing era archive                      blockNumber=20000001 dataDir=/data/status-im/nimbus-eth1/data/shared_mainnet_0 eraDir=/data/era
Sep 19 15:20:19 nimbus-eth1-mainnet-short-benchmark[3841712]: NTC 2026-09-19 15:20:19.217+00:00 Matched block to slot number               blockNumber=20000001 slot=9204783
Sep 19 15:26:19 nimbus-eth1-mainnet-short-benchmark[3841712]: INF 2026-09-19 15:26:19.180+00:00 Imported blocks                            blockNumber=20008193 slot=9213020 blocks=8192 txs=1226966 mgas=124237 bps=22.62 tps=3387 mgps=343.0 avgBps=22.62 avgTps=3387 avgMGps=343.0 elapsed=6m2s208ms
Sep 19 15:31:40 nimbus-eth1-mainnet-short-benchmark[3841712]: INF 2026-09-19 15:31:40.295+00:00 Imported blocks                            blockNumber=20016385 slot=9221256 blocks=16384 txs=2540380 mgas=248071 bps=25.51 tps=4090 mgps=385.6 avgBps=23.98 avgTps=3717 avgMGps=363.0 elapsed=11m23s323ms
Sep 19 15:36:48 nimbus-eth1-mainnet-short-benchmark[3841712]: INF 2026-09-19 15:36:48.475+00:00 Imported blocks                            blockNumber=20024577 slot=9229485 blocks=24576 txs=3869398 mgas=372018 bps=26.58 tps=4312 mgps=402.2 avgBps=24.79 avgTps=3902 avgMGps=375.2 elapsed=16m31s502ms
Sep 19 15:41:23 nimbus-eth1-mainnet-short-benchmark[3841712]: INF 2026-09-19 15:41:23.063+00:00 Imported blocks                            blockNumber=20032769 slot=9237722 blocks=32768 txs=5222766 mgas=495797 bps=29.83 tps=4928 mgps=450.8 avgBps=25.88 avgTps=4125 avgMGps=391.6 elapsed=21m6s92ms
Sep 19 15:45:50 nimbus-eth1-mainnet-short-benchmark[3841712]: INF 2026-09-19 15:45:50.727+00:00 Imported blocks                            blockNumber=20040961 slot=9245957 blocks=40960 txs=6566802 mgas=619586 bps=30.61 tps=5021 mgps=462.5 avgBps=26.71 avgTps=4281 avgMGps=404.0 elapsed=25m33s754ms
Sep 19 15:50:36 nimbus-eth1-mainnet-short-benchmark[3841712]: INF 2026-09-19 15:50:36.867+00:00 Imported blocks                            blockNumber=20049153 slot=9254196 blocks=49152 txs=7904746 mgas=743522 bps=28.63 tps=4675 mgps=433.1 avgBps=27.01 avgTps=4343 avgMGps=408.6 elapsed=30m19s895ms
Sep 19 15:55:09 nimbus-eth1-mainnet-short-benchmark[3841712]: INF 2026-09-19 15:55:09.867+00:00 Imported blocks                            blockNumber=20057345 slot=9262435 blocks=57344 txs=9212009 mgas=867360 bps=30.01 tps=4788 mgps=453.6 avgBps=27.40 avgTps=4401 avgMGps=414.4 elapsed=34m52s893ms
Sep 19 15:59:23 nimbus-eth1-mainnet-short-benchmark[3841712]: INF 2026-09-19 15:59:23.015+00:00 Imported blocks                            blockNumber=20065537 slot=9270674 blocks=65536 txs=10559018 mgas=991371 bps=32.36 tps=5321 mgps=489.9 avgBps=27.93 avgTps=4500 avgMGps=422.6 elapsed=39m6s42ms
Sep 19 16:03:25 nimbus-eth1-mainnet-short-benchmark[3841712]: INF 2026-09-19 16:03:25.172+00:00 Imported blocks                            blockNumber=20073729 slot=9278910 blocks=73728 txs=11898676 mgas=1115111 bps=33.83 tps=5532 mgps=511.0 avgBps=28.49 avgTps=4597 avgMGps=430.8 elapsed=43m8s200ms
Sep 19 16:07:16 nimbus-eth1-mainnet-short-benchmark[3841712]: INF 2026-09-19 16:07:16.500+00:00 Imported blocks                            blockNumber=20081921 slot=9287152 blocks=81920 txs=13323263 mgas=1239150 bps=35.41 tps=6158 mgps=536.2 avgBps=29.05 avgTps=4725 avgMGps=439.5 elapsed=46m59s525ms
Sep 19 16:11:06 nimbus-eth1-mainnet-short-benchmark[3841712]: INF 2026-09-19 16:11:06.481+00:00 Imported blocks                            blockNumber=20090113 slot=9295408 blocks=90112 txs=14697082 mgas=1363113 bps=35.62 tps=5973 mgps=539.0 avgBps=29.55 avgTps=4819 avgMGps=447.0 elapsed=50m49s512ms
Sep 19 16:15:13 nimbus-eth1-mainnet-short-benchmark[3841712]: INF 2026-09-19 16:15:13.369+00:00 Imported blocks                            blockNumber=20098305 slot=9303658 blocks=98304 txs=16025683 mgas=1487146 bps=33.18 tps=5381 mgps=502.4 avgBps=29.82 avgTps=4861 avgMGps=451.1 elapsed=54m56s400ms
Sep 19 16:19:28 nimbus-eth1-mainnet-short-benchmark[3841712]: INF 2026-09-19 16:19:28.926+00:00 Imported blocks                            blockNumber=20106497 slot=9311895 blocks=106496 txs=17337157 mgas=1611066 bps=32.06 tps=5131 mgps=484.9 avgBps=29.98 avgTps=4881 avgMGps=453.6 elapsed=59m11s956ms
Sep 19 16:23:30 nimbus-eth1-mainnet-short-benchmark[3841712]: INF 2026-09-19 16:23:30.378+00:00 Imported blocks                            blockNumber=20114689 slot=9320146 blocks=114688 txs=18632097 mgas=1735123 bps=33.93 tps=5363 mgps=513.8 avgBps=30.23 avgTps=4911 avgMGps=457.4 elapsed=1h3m13s
Sep 19 16:27:18 nimbus-eth1-mainnet-short-benchmark[3841712]: INF 2026-09-19 16:27:18.491+00:00 Imported blocks                            blockNumber=20122881 slot=9328409 blocks=122880 txs=19937418 mgas=1859249 bps=35.91 tps=5722 mgps=544.1 avgBps=30.56 avgTps=4957 avgMGps=462.3 elapsed=1h7m1s
Sep 19 16:31:04 nimbus-eth1-mainnet-short-benchmark[3841712]: INF 2026-09-19 16:31:04.112+00:00 Imported blocks                            blockNumber=20131073 slot=9336660 blocks=131072 txs=21214129 mgas=1983500 bps=36.31 tps=5658 mgps=550.7 avgBps=30.86 avgTps=4994 avgMGps=467.0 elapsed=1h10m47s
Sep 19 16:34:48 nimbus-eth1-mainnet-short-benchmark[3841712]: INF 2026-09-19 16:34:48.497+00:00 Imported blocks                            blockNumber=20139265 slot=9344906 blocks=139264 txs=22579079 mgas=2107571 bps=36.51 tps=6082 mgps=552.9 avgBps=31.14 avgTps=5049 avgMGps=471.3 elapsed=1h14m31s
Sep 19 16:39:17 nimbus-eth1-mainnet-short-benchmark[3841712]: INF 2026-09-19 16:39:17.849+00:00 Imported blocks                            blockNumber=20147457 slot=9353153 blocks=147456 txs=24133322 mgas=2231686 bps=30.41 tps=5770 mgps=460.8 avgBps=31.10 avgTps=5090 avgMGps=470.7 elapsed=1h19m879ms
Sep 19 16:43:35 nimbus-eth1-mainnet-short-benchmark[3841712]: INF 2026-09-19 16:43:35.149+00:00 Imported blocks                            blockNumber=20155649 slot=9361407 blocks=155648 txs=25424015 mgas=2356018 bps=31.84 tps=5016 mgps=483.2 avgBps=31.14 avgTps=5086 avgMGps=471.4 elapsed=1h23m18s
Sep 19 16:47:32 nimbus-eth1-mainnet-short-benchmark[3841712]: INF 2026-09-19 16:47:32.002+00:00 Imported blocks                            blockNumber=20163841 slot=9369652 blocks=163840 txs=26749549 mgas=2480207 bps=34.59 tps=5596 mgps=524.3 avgBps=31.30 avgTps=5109 avgMGps=473.8 elapsed=1h27m15s
Sep 19 16:51:24 nimbus-eth1-mainnet-short-benchmark[3841712]: INF 2026-09-19 16:51:24.915+00:00 Imported blocks                            blockNumber=20172033 slot=9377892 blocks=172032 txs=28105316 mgas=2604026 bps=35.17 tps=5820 mgps=531.6 avgBps=31.46 avgTps=5140 avgMGps=476.2 elapsed=1h31m7s
Sep 19 16:55:23 nimbus-eth1-mainnet-short-benchmark[3841712]: INF 2026-09-19 16:55:23.872+00:00 Imported blocks                            blockNumber=20180225 slot=9386128 blocks=180224 txs=29524405 mgas=2728170 bps=34.28 tps=5938 mgps=519.5 avgBps=31.58 avgTps=5173 avgMGps=478.0 elapsed=1h35m6s
Sep 19 16:59:03 nimbus-eth1-mainnet-short-benchmark[3841712]: INF 2026-09-19 16:59:03.796+00:00 Imported blocks                            blockNumber=20188417 slot=9394365 blocks=188416 txs=30849021 mgas=2852023 bps=37.25 tps=6022 mgps=563.2 avgBps=31.79 avgTps=5204 avgMGps=481.2 elapsed=1h38m46s
Sep 19 17:03:08 nimbus-eth1-mainnet-short-benchmark[3841712]: INF 2026-09-19 17:03:08.733+00:00 Imported blocks                            blockNumber=20196609 slot=9402602 blocks=196608 txs=32174755 mgas=2976155 bps=33.45 tps=5412 mgps=506.8 avgBps=31.86 avgTps=5213 avgMGps=482.2 elapsed=1h42m51s
Sep 19 17:07:26 nimbus-eth1-mainnet-short-benchmark[3841712]: INF 2026-09-19 17:07:26.209+00:00 Imported blocks                            blockNumber=20204801 slot=9410840 blocks=204800 txs=33475942 mgas=3100410 bps=31.82 tps=5053 mgps=482.6 avgBps=31.85 avgTps=5206 avgMGps=482.2 elapsed=1h47m9s
Sep 19 17:11:24 nimbus-eth1-mainnet-short-benchmark[3841712]: INF 2026-09-19 17:11:24.526+00:00 Imported blocks                            blockNumber=20212993 slot=9419071 blocks=212992 txs=34798508 mgas=3224370 bps=34.37 tps=5549 mgps=520.1 avgBps=31.94 avgTps=5219 avgMGps=483.6 elapsed=1h51m7s
Sep 19 17:15:17 nimbus-eth1-mainnet-short-benchmark[3841712]: INF 2026-09-19 17:15:17.095+00:00 Imported blocks                            blockNumber=20221185 slot=9427313 blocks=221184 txs=36114045 mgas=3348169 bps=35.22 tps=5656 mgps=532.3 avgBps=32.06 avgTps=5233 avgMGps=485.2 elapsed=1h55m124ms
Sep 19 17:18:50 nimbus-eth1-mainnet-short-benchmark[3841712]: INF 2026-09-19 17:18:50.648+00:00 Imported blocks                            blockNumber=20229377 slot=9435549 blocks=229376 txs=37421794 mgas=3472031 bps=38.36 tps=6123 mgps=580.0 avgBps=32.24 avgTps=5260 avgMGps=488.1 elapsed=1h58m33s
Sep 19 17:22:33 nimbus-eth1-mainnet-short-benchmark[3841712]: INF 2026-09-19 17:22:33.093+00:00 Imported blocks                            blockNumber=20237569 slot=9443788 blocks=237568 txs=38842064 mgas=3596351 bps=36.83 tps=6384 mgps=558.9 avgBps=32.38 avgTps=5294 avgMGps=490.2 elapsed=2h2m16s
Sep 19 17:26:33 nimbus-eth1-mainnet-short-benchmark[3841712]: INF 2026-09-19 17:26:33.073+00:00 Imported blocks                            blockNumber=20245761 slot=9452021 blocks=245760 txs=40225739 mgas=3720100 bps=34.14 tps=5765 mgps=515.7 avgBps=32.44 avgTps=5309 avgMGps=491.0 elapsed=2h6m16s
Sep 19 17:30:49 nimbus-eth1-mainnet-short-benchmark[3841712]: INF 2026-09-19 17:30:49.554+00:00 Imported blocks                            blockNumber=20253953 slot=9460253 blocks=253952 txs=41454921 mgas=3844385 bps=31.94 tps=4792 mgps=484.6 avgBps=32.42 avgTps=5292 avgMGps=490.8 elapsed=2h10m32s
Sep 19 17:34:52 nimbus-eth1-mainnet-short-benchmark[3841712]: INF 2026-09-19 17:34:52.530+00:00 Imported blocks                            blockNumber=20262145 slot=9468495 blocks=262144 txs=42726051 mgas=3968623 bps=33.72 tps=5231 mgps=511.3 avgBps=32.46 avgTps=5290 avgMGps=491.4 elapsed=2h14m35s
Sep 19 17:38:39 nimbus-eth1-mainnet-short-benchmark[3841712]: INF 2026-09-19 17:38:39.799+00:00 Imported blocks                            blockNumber=20270337 slot=9476748 blocks=270336 txs=44050436 mgas=4092682 bps=36.05 tps=5827 mgps=545.9 avgBps=32.56 avgTps=5305 avgMGps=492.9 elapsed=2h18m22s
Sep 19 17:42:11 nimbus-eth1-mainnet-short-benchmark[3841712]: INF 2026-09-19 17:42:11.372+00:00 Imported blocks                            blockNumber=20278529 slot=9484981 blocks=278528 txs=45382368 mgas=4216487 bps=38.72 tps=6295 mgps=585.2 avgBps=32.71 avgTps=5330 avgMGps=495.2 elapsed=2h21m54s
Sep 19 17:45:47 nimbus-eth1-mainnet-short-benchmark[3841712]: INF 2026-09-19 17:45:47.561+00:00 Imported blocks                            blockNumber=20286721 slot=9493213 blocks=286720 txs=46733429 mgas=4340363 bps=37.89 tps=6249 mgps=573.0 avgBps=32.84 avgTps=5352 avgMGps=497.1 elapsed=2h25m30s
Sep 19 17:49:45 nimbus-eth1-mainnet-short-benchmark[3841712]: INF 2026-09-19 17:49:45.706+00:00 Imported blocks                            blockNumber=20294913 slot=9501453 blocks=294912 txs=48075887 mgas=4464376 bps=34.40 tps=5637 mgps=520.8 avgBps=32.88 avgTps=5360 avgMGps=497.8 elapsed=2h29m28s
Sep 19 17:53:39 nimbus-eth1-mainnet-short-benchmark[3841712]: INF 2026-09-19 17:53:39.527+00:00 Imported blocks                            blockNumber=20303105 slot=9509696 blocks=303104 txs=49379538 mgas=4588534 bps=35.04 tps=5575 mgps=531.0 avgBps=32.94 avgTps=5365 avgMGps=498.6 elapsed=2h33m22s
Sep 19 17:57:25 nimbus-eth1-mainnet-short-benchmark[3841712]: INF 2026-09-19 17:57:25.647+00:00 Imported blocks                            blockNumber=20311297 slot=9517922 blocks=311296 txs=50637672 mgas=4712596 bps=36.23 tps=5563 mgps=548.6 avgBps=33.02 avgTps=5370 avgMGps=499.8 elapsed=2h37m8s
Sep 19 18:01:03 nimbus-eth1-mainnet-short-benchmark[3841712]: INF 2026-09-19 18:01:03.492+00:00 Imported blocks                            blockNumber=20319489 slot=9526159 blocks=319488 txs=51981692 mgas=4836521 bps=37.60 tps=6169 mgps=568.9 avgBps=33.12 avgTps=5388 avgMGps=501.4 elapsed=2h40m46s
Sep 19 18:04:22 nimbus-eth1-mainnet-short-benchmark[3841712]: INF 2026-09-19 18:04:22.370+00:00 Imported blocks                            blockNumber=20327681 slot=9534381 blocks=327680 txs=53356123 mgas=4960245 bps=41.19 tps=6911 mgps=622.1 avgBps=33.28 avgTps=5419 avgMGps=503.8 elapsed=2h44m5s
Sep 19 18:07:40 nimbus-eth1-mainnet-short-benchmark[3841712]: INF 2026-09-19 18:07:40.171+00:00 Imported blocks                            blockNumber=20335873 slot=9542617 blocks=335872 txs=54719105 mgas=5084025 bps=41.42 tps=6890 mgps=625.8 avgBps=33.44 avgTps=5448 avgMGps=506.2 elapsed=2h47m23s
Sep 19 18:11:17 nimbus-eth1-mainnet-short-benchmark[3841712]: INF 2026-09-19 18:11:17.928+00:00 Imported blocks                            blockNumber=20344065 slot=9550841 blocks=344064 txs=56021853 mgas=5207843 bps=37.62 tps=5982 mgps=568.6 avgBps=33.53 avgTps=5459 avgMGps=507.5 elapsed=2h51m955ms
Sep 19 18:15:25 nimbus-eth1-mainnet-short-benchmark[3841712]: INF 2026-09-19 18:15:25.264+00:00 Imported blocks                            blockNumber=20352257 slot=9559072 blocks=352256 txs=57290408 mgas=5332016 bps=33.12 tps=5128 mgps=502.0 avgBps=33.52 avgTps=5451 avgMGps=507.4 elapsed=2h55m8s
Sep 19 18:19:11 nimbus-eth1-mainnet-short-benchmark[3841712]: INF 2026-09-19 18:19:11.401+00:00 Imported blocks                            blockNumber=20360449 slot=9567308 blocks=360448 txs=58543463 mgas=5456201 bps=36.23 tps=5541 mgps=549.2 avgBps=33.58 avgTps=5453 avgMGps=508.3 elapsed=2h58m54s
Sep 19 18:22:47 nimbus-eth1-mainnet-short-benchmark[3841712]: INF 2026-09-19 18:22:47.774+00:00 Imported blocks                            blockNumber=20368641 slot=9575548 blocks=368640 txs=59874056 mgas=5580204 bps=37.86 tps=6149 mgps=573.1 avgBps=33.66 avgTps=5467 avgMGps=509.6 elapsed=3h2m30s
Sep 19 18:26:33 nimbus-eth1-mainnet-short-benchmark[3841712]: INF 2026-09-19 18:26:33.343+00:00 Imported blocks                            blockNumber=20376833 slot=9583774 blocks=376832 txs=61167066 mgas=5704396 bps=36.32 tps=5732 mgps=550.6 avgBps=33.72 avgTps=5472 avgMGps=510.4 elapsed=3h6m16s
Sep 19 18:30:12 nimbus-eth1-mainnet-short-benchmark[3841712]: INF 2026-09-19 18:30:12.184+00:00 Imported blocks                            blockNumber=20385025 slot=9592009 blocks=385024 txs=62480333 mgas=5828235 bps=37.43 tps=6001 mgps=565.9 avgBps=33.79 avgTps=5483 avgMGps=511.5 elapsed=3h9m55s
Sep 19 18:33:53 nimbus-eth1-mainnet-short-benchmark[3841712]: INF 2026-09-19 18:33:53.233+00:00 Imported blocks                            blockNumber=20393217 slot=9600248 blocks=393216 txs=63800597 mgas=5952136 bps=37.06 tps=5972 mgps=560.5 avgBps=33.85 avgTps=5492 avgMGps=512.4 elapsed=3h13m36s
Sep 19 18:37:25 nimbus-eth1-mainnet-short-benchmark[3841712]: INF 2026-09-19 18:37:25.014+00:00 Imported blocks                            blockNumber=20401409 slot=9608486 blocks=401408 txs=65021243 mgas=6076384 bps=38.68 tps=5763 mgps=586.7 avgBps=33.94 avgTps=5497 avgMGps=513.7 elapsed=3h17m8s
Sep 19 18:41:10 nimbus-eth1-mainnet-short-benchmark[3841712]: INF 2026-09-19 18:41:10.258+00:00 Imported blocks                            blockNumber=20409601 slot=9616707 blocks=409600 txs=66199016 mgas=6200666 bps=36.37 tps=5228 mgps=551.8 avgBps=33.98 avgTps=5492 avgMGps=514.4 elapsed=3h20m53s
Sep 19 18:44:45 nimbus-eth1-mainnet-short-benchmark[3841712]: INF 2026-09-19 18:44:45.043+00:00 Imported blocks                            blockNumber=20417793 slot=9624941 blocks=417792 txs=67453930 mgas=6324823 bps=38.14 tps=5842 mgps=578.1 avgBps=34.06 avgTps=5498 avgMGps=515.6 elapsed=3h24m28s
Sep 19 18:47:57 nimbus-eth1-mainnet-short-benchmark[3841712]: INF 2026-09-19 18:47:57.573+00:00 Imported blocks                            blockNumber=20425985 slot=9633187 blocks=425984 txs=68814904 mgas=6448778 bps=42.55 tps=7068 mgps=643.8 avgBps=34.19 avgTps=5522 avgMGps=517.5 elapsed=3h27m40s
Sep 19 18:51:08 nimbus-eth1-mainnet-short-benchmark[3841712]: INF 2026-09-19 18:51:08.898+00:00 Imported blocks                            blockNumber=20434177 slot=9641422 blocks=434176 txs=70124508 mgas=6572711 bps=42.82 tps=6844 mgps=647.8 avgBps=34.32 avgTps=5542 avgMGps=519.5 elapsed=3h30m51s
Sep 19 18:54:31 nimbus-eth1-mainnet-short-benchmark[3841712]: INF 2026-09-19 18:54:31.215+00:00 Imported blocks                            blockNumber=20442369 slot=9649657 blocks=442368 txs=71403576 mgas=6696451 bps=40.49 tps=6322 mgps=611.6 avgBps=34.41 avgTps=5554 avgMGps=521.0 elapsed=3h34m14s
Sep 19 18:58:10 nimbus-eth1-mainnet-short-benchmark[3841712]: INF 2026-09-19 18:58:10.808+00:00 Imported blocks                            blockNumber=20450561 slot=9657896 blocks=450560 txs=72659905 mgas=6820521 bps=37.31 tps=5721 mgps=565.0 avgBps=34.46 avgTps=5557 avgMGps=521.7 elapsed=3h37m53s
Sep 19 19:02:11 nimbus-eth1-mainnet-short-benchmark[3841712]: INF 2026-09-19 19:02:11.725+00:00 Imported blocks                            blockNumber=20458753 slot=9666114 blocks=458752 txs=73838533 mgas=6945116 bps=34.00 tps=4892 mgps=517.2 avgBps=34.45 avgTps=5545 avgMGps=521.6 elapsed=3h41m54s
Sep 19 19:05:49 nimbus-eth1-mainnet-short-benchmark[3841712]: INF 2026-09-19 19:05:49.850+00:00 Imported blocks                            blockNumber=20466945 slot=9674343 blocks=466944 txs=75124748 mgas=7068943 bps=37.56 tps=5896 mgps=567.7 avgBps=34.50 avgTps=5551 avgMGps=522.4 elapsed=3h45m32s
Sep 19 19:09:25 nimbus-eth1-mainnet-short-benchmark[3841712]: INF 2026-09-19 19:09:25.859+00:00 Imported blocks                            blockNumber=20475137 slot=9682575 blocks=475136 txs=76420106 mgas=7192870 bps=37.92 tps=5996 mgps=573.7 avgBps=34.56 avgTps=5558 avgMGps=523.2 elapsed=3h49m8s
Sep 19 19:12:51 nimbus-eth1-mainnet-short-benchmark[3841712]: INF 2026-09-19 19:12:51.320+00:00 Imported blocks                            blockNumber=20483329 slot=9690800 blocks=483328 txs=77675422 mgas=7316939 bps=39.87 tps=6109 mgps=603.9 avgBps=34.64 avgTps=5566 avgMGps=524.3 elapsed=3h52m34s
Sep 19 19:16:14 nimbus-eth1-mainnet-short-benchmark[3841712]: INF 2026-09-19 19:16:14.857+00:00 Imported blocks                            blockNumber=20491521 slot=9699019 blocks=491520 txs=78951232 mgas=7440784 bps=40.25 tps=6268 mgps=608.5 avgBps=34.72 avgTps=5576 avgMGps=525.6 elapsed=3h55m57s
Sep 19 19:19:55 nimbus-eth1-mainnet-short-benchmark[3841712]: INF 2026-09-19 19:19:55.050+00:00 Imported blocks                            blockNumber=20499713 slot=9707248 blocks=499712 txs=80189642 mgas=7564669 bps=37.20 tps=5624 mgps=562.6 avgBps=34.76 avgTps=5577 avgMGps=526.1 elapsed=3h59m38s
Sep 19 19:23:38 nimbus-eth1-mainnet-short-benchmark[3841712]: INF 2026-09-19 19:23:38.638+00:00 Imported blocks                            blockNumber=20507905 slot=9715488 blocks=507904 txs=81317763 mgas=7689208 bps=36.64 tps=5045 mgps=557.0 avgBps=34.78 avgTps=5569 avgMGps=526.6 elapsed=4h3m21s
Sep 19 19:26:56 nimbus-eth1-mainnet-short-benchmark[3841712]: INF 2026-09-19 19:26:56.596+00:00 Imported blocks                            blockNumber=20516097 slot=9723715 blocks=516096 txs=82520262 mgas=7813209 bps=41.38 tps=6074 mgps=626.4 avgBps=34.87 avgTps=5575 avgMGps=527.9 elapsed=4h6m39s
Sep 19 19:30:28 nimbus-eth1-mainnet-short-benchmark[3841712]: INF 2026-09-19 19:30:28.017+00:00 Imported blocks                            blockNumber=20524289 slot=9731945 blocks=524288 txs=83780075 mgas=7937233 bps=38.75 tps=5958 mgps=586.6 avgBps=34.93 avgTps=5581 avgMGps=528.8 elapsed=4h10m11s
Sep 19 19:34:03 nimbus-eth1-mainnet-short-benchmark[3841712]: INF 2026-09-19 19:34:03.802+00:00 Imported blocks                            blockNumber=20532481 slot=9740183 blocks=532480 txs=85263862 mgas=8061024 bps=37.96 tps=6876 mgps=573.7 avgBps=34.97 avgTps=5599 avgMGps=529.4 elapsed=4h13m46s
Sep 19 19:37:44 nimbus-eth1-mainnet-short-benchmark[3841712]: INF 2026-09-19 19:37:44.794+00:00 Imported blocks                            blockNumber=20540673 slot=9748418 blocks=540672 txs=86612143 mgas=8185090 bps=37.07 tps=6100 mgps=561.4 avgBps=35.00 avgTps=5606 avgMGps=529.9 elapsed=4h17m27s
Sep 19 19:41:31 nimbus-eth1-mainnet-short-benchmark[3841712]: INF 2026-09-19 19:41:31.339+00:00 Imported blocks                            blockNumber=20548865 slot=9756662 blocks=548864 txs=87802991 mgas=8309513 bps=36.16 tps=5256 mgps=549.2 avgBps=35.02 avgTps=5601 avgMGps=530.1 elapsed=4h21m14s
Sep 19 19:45:15 nimbus-eth1-mainnet-short-benchmark[3841712]: INF 2026-09-19 19:45:15.056+00:00 Imported blocks                            blockNumber=20557057 slot=9764892 blocks=557056 txs=88964987 mgas=8433956 bps=36.62 tps=5194 mgps=556.3 avgBps=35.04 avgTps=5595 avgMGps=530.5 elapsed=4h24m58s
Sep 19 19:48:48 nimbus-eth1-mainnet-short-benchmark[3841712]: INF 2026-09-19 19:48:48.637+00:00 Imported blocks                            blockNumber=20565249 slot=9773131 blocks=565248 txs=90186094 mgas=8558113 bps=38.36 tps=5717 mgps=581.3 avgBps=35.08 avgTps=5597 avgMGps=531.2 elapsed=4h28m31s
Sep 19 19:52:22 nimbus-eth1-mainnet-short-benchmark[3841712]: INF 2026-09-19 19:52:22.442+00:00 Imported blocks                            blockNumber=20573441 slot=9781369 blocks=573440 txs=91404654 mgas=8682228 bps=38.32 tps=5699 mgps=580.5 avgBps=35.13 avgTps=5598 avgMGps=531.8 elapsed=4h32m5s
Sep 19 19:55:51 nimbus-eth1-mainnet-short-benchmark[3841712]: INF 2026-09-19 19:55:51.675+00:00 Imported blocks                            blockNumber=20581633 slot=9789611 blocks=581632 txs=92628389 mgas=8806651 bps=39.15 tps=5848 mgps=594.7 avgBps=35.18 avgTps=5602 avgMGps=532.6 elapsed=4h35m34s
Sep 19 19:59:29 nimbus-eth1-mainnet-short-benchmark[3841712]: INF 2026-09-19 19:59:29.604+00:00 Imported blocks                            blockNumber=20589825 slot=9797855 blocks=589824 txs=93887208 mgas=8931023 bps=37.59 tps=5776 mgps=570.7 avgBps=35.21 avgTps=5604 avgMGps=533.1 elapsed=4h39m12s
Sep 19 20:03:09 nimbus-eth1-mainnet-short-benchmark[3841712]: INF 2026-09-19 20:03:09.677+00:00 Imported blocks                            blockNumber=20598017 slot=9806095 blocks=598016 txs=95163338 mgas=9055310 bps=37.22 tps=5798 mgps=564.7 avgBps=35.23 avgTps=5606 avgMGps=533.5 elapsed=4h42m52s
Sep 19 20:06:53 nimbus-eth1-mainnet-short-benchmark[3841712]: INF 2026-09-19 20:06:53.830+00:00 Imported blocks                            blockNumber=20606209 slot=9814347 blocks=606208 txs=96334664 mgas=9179976 bps=36.55 tps=5225 mgps=556.2 avgBps=35.25 avgTps=5601 avgMGps=533.8 elapsed=4h46m36s
Sep 19 20:10:27 nimbus-eth1-mainnet-short-benchmark[3841712]: INF 2026-09-19 20:10:27.279+00:00 Imported blocks                            blockNumber=20614401 slot=9822581 blocks=614400 txs=97573414 mgas=9304574 bps=38.38 tps=5803 mgps=583.7 avgBps=35.29 avgTps=5604 avgMGps=534.4 elapsed=4h50m10s
Sep 19 20:14:02 nimbus-eth1-mainnet-short-benchmark[3841712]: INF 2026-09-19 20:14:02.108+00:00 Imported blocks                            blockNumber=20622593 slot=9830821 blocks=622592 txs=98874772 mgas=9428835 bps=38.13 tps=6057 mgps=578.4 avgBps=35.32 avgTps=5609 avgMGps=535.0 elapsed=4h53m45s
Sep 19 20:17:27 nimbus-eth1-mainnet-short-benchmark[3841712]: INF 2026-09-19 20:17:27.965+00:00 Imported blocks                            blockNumber=20630785 slot=9839058 blocks=630784 txs=100178707 mgas=9553009 bps=39.79 tps=6334 mgps=603.2 avgBps=35.38 avgTps=5618 avgMGps=535.8 elapsed=4h57m10s
Sep 19 20:21:02 nimbus-eth1-mainnet-short-benchmark[3841712]: INF 2026-09-19 20:21:02.562+00:00 Imported blocks                            blockNumber=20638977 slot=9847313 blocks=638976 txs=101489116 mgas=9677171 bps=38.17 tps=6106 mgps=578.6 avgBps=35.41 avgTps=5624 avgMGps=536.3 elapsed=5h45s593ms
Sep 19 20:24:37 nimbus-eth1-mainnet-short-benchmark[3841712]: INF 2026-09-19 20:24:37.855+00:00 Imported blocks                            blockNumber=20647169 slot=9855549 blocks=647168 txs=102730058 mgas=9801643 bps=38.05 tps=5764 mgps=578.2 avgBps=35.44 avgTps=5625 avgMGps=536.8 elapsed=5h4m20s
Sep 19 20:28:25 nimbus-eth1-mainnet-short-benchmark[3841712]: INF 2026-09-19 20:28:25.996+00:00 Imported blocks                            blockNumber=20655361 slot=9863778 blocks=655360 txs=103868002 mgas=9926541 bps=35.91 tps=4987 mgps=547.5 avgBps=35.45 avgTps=5617 avgMGps=536.9 elapsed=5h8m9s
Sep 19 20:31:54 nimbus-eth1-mainnet-short-benchmark[3841712]: INF 2026-09-19 20:31:54.837+00:00 Imported blocks                            blockNumber=20663553 slot=9872013 blocks=663552 txs=105112198 mgas=10051274 bps=39.23 tps=5957 mgps=597.2 avgBps=35.49 avgTps=5621 avgMGps=537.6 elapsed=5h11m37s
Sep 19 20:35:13 nimbus-eth1-mainnet-short-benchmark[3841712]: INF 2026-09-19 20:35:13.994+00:00 Imported blocks                            blockNumber=20671745 slot=9880241 blocks=671744 txs=106395904 mgas=10175177 bps=41.13 tps=6445 mgps=622.1 avgBps=35.55 avgTps=5630 avgMGps=538.5 elapsed=5h14m57s
Sep 19 20:38:37 nimbus-eth1-mainnet-short-benchmark[3841712]: INF 2026-09-19 20:38:37.987+00:00 Imported blocks                            blockNumber=20679937 slot=9888471 blocks=679936 txs=107674271 mgas=10299404 bps=40.16 tps=6266 mgps=609.0 avgBps=35.60 avgTps=5637 avgMGps=539.2 elapsed=5h18m21s
Sep 19 20:41:52 nimbus-eth1-mainnet-short-benchmark[3841712]: INF 2026-09-19 20:41:52.544+00:00 Imported blocks                            blockNumber=20688129 slot=9896698 blocks=688128 txs=108938536 mgas=10423298 bps=42.11 tps=6498 mgps=636.8 avgBps=35.66 avgTps=5645 avgMGps=540.2 elapsed=5h21m35s
Sep 19 20:45:20 nimbus-eth1-mainnet-short-benchmark[3841712]: INF 2026-09-19 20:45:20.293+00:00 Imported blocks                            blockNumber=20696321 slot=9904930 blocks=696320 txs=110235786 mgas=10547469 bps=39.43 tps=6244 mgps=597.7 avgBps=35.70 avgTps=5652 avgMGps=540.8 elapsed=5h25m3s
Sep 19 20:49:04 nimbus-eth1-mainnet-short-benchmark[3841712]: INF 2026-09-19 20:49:04.506+00:00 Imported blocks                            blockNumber=20704513 slot=9913154 blocks=704512 txs=111483759 mgas=10671677 bps=36.54 tps=5566 mgps=554.0 avgBps=35.71 avgTps=5651 avgMGps=541.0 elapsed=5h28m47s
Sep 19 20:52:38 nimbus-eth1-mainnet-short-benchmark[3841712]: INF 2026-09-19 20:52:38.379+00:00 Imported blocks                            blockNumber=20712705 slot=9921388 blocks=712704 txs=112764170 mgas=10795980 bps=38.30 tps=5986 mgps=581.2 avgBps=35.74 avgTps=5654 avgMGps=541.4 elapsed=5h32m21s
Sep 19 20:55:54 nimbus-eth1-mainnet-short-benchmark[3841712]: INF 2026-09-19 20:55:54.305+00:00 Imported blocks                            blockNumber=20720897 slot=9929633 blocks=720896 txs=114110517 mgas=10919926 bps=41.81 tps=6871 mgps=632.6 avgBps=35.80 avgTps=5666 avgMGps=542.3 elapsed=5h35m37s
Sep 19 20:59:16 nimbus-eth1-mainnet-short-benchmark[3841712]: INF 2026-09-19 20:59:16.718+00:00 Imported blocks                            blockNumber=20729089 slot=9937869 blocks=729088 txs=115449431 mgas=11043768 bps=40.47 tps=6614 mgps=611.8 avgBps=35.85 avgTps=5676 avgMGps=543.0 elapsed=5h38m59s
Sep 19 21:02:32 nimbus-eth1-mainnet-short-benchmark[3841712]: INF 2026-09-19 21:02:32.535+00:00 Imported blocks                            blockNumber=20737281 slot=9946108 blocks=737280 txs=116784468 mgas=11167784 bps=41.83 tps=6817 mgps=633.3 avgBps=35.90 avgTps=5686 avgMGps=543.8 elapsed=5h42m15s
Sep 19 21:05:59 nimbus-eth1-mainnet-short-benchmark[3841712]: INF 2026-09-19 21:05:59.644+00:00 Imported blocks                            blockNumber=20745473 slot=9954342 blocks=745472 txs=118101003 mgas=11291742 bps=39.55 tps=6356 mgps=598.5 avgBps=35.94 avgTps=5693 avgMGps=544.4 elapsed=5h45m42s
Sep 19 21:09:42 nimbus-eth1-mainnet-short-benchmark[3841712]: INF 2026-09-19 21:09:42.029+00:00 Imported blocks                            blockNumber=20753665 slot=9962581 blocks=753664 txs=119337525 mgas=11415859 bps=36.84 tps=5560 mgps=558.1 avgBps=35.95 avgTps=5692 avgMGps=544.5 elapsed=5h49m25s
Sep 19 21:13:12 nimbus-eth1-mainnet-short-benchmark[3841712]: INF 2026-09-19 21:13:12.166+00:00 Imported blocks                            blockNumber=20761857 slot=9970803 blocks=761856 txs=120564314 mgas=11540225 bps=38.98 tps=5838 mgps=591.8 avgBps=35.98 avgTps=5693 avgMGps=545.0 elapsed=5h52m55s
Sep 19 21:16:29 nimbus-eth1-mainnet-short-benchmark[3841712]: INF 2026-09-19 21:16:29.623+00:00 Imported blocks                            blockNumber=20770049 slot=9979058 blocks=770048 txs=121858083 mgas=11663918 bps=41.49 tps=6552 mgps=626.4 avgBps=36.03 avgTps=5701 avgMGps=545.7 elapsed=5h56m12s
Sep 19 21:19:38 nimbus-eth1-mainnet-short-benchmark[3841712]: INF 2026-09-19 21:19:38.917+00:00 Imported blocks                            blockNumber=20778241 slot=9987307 blocks=778240 txs=123161734 mgas=11787906 bps=43.28 tps=6886 mgps=655.0 avgBps=36.09 avgTps=5711 avgMGps=546.7 elapsed=5h59m21s
Sep 19 21:22:42 nimbus-eth1-mainnet-short-benchmark[3841712]: INF 2026-09-19 21:22:42.558+00:00 Imported blocks                            blockNumber=20786433 slot=9995542 blocks=786432 txs=124509456 mgas=11911612 bps=44.61 tps=7338 mgps=673.6 avgBps=36.17 avgTps=5725 avgMGps=547.8 elapsed=6h2m25s
Sep 19 21:25:51 nimbus-eth1-mainnet-short-benchmark[3841712]: INF 2026-09-19 21:25:51.631+00:00 Imported blocks                            blockNumber=20794625 slot=10003781 blocks=794624 txs=125848921 mgas=12035338 bps=43.33 tps=7084 mgps=654.4 avgBps=36.23 avgTps=5737 avgMGps=548.7 elapsed=6h5m34s
Sep 19 21:29:06 nimbus-eth1-mainnet-short-benchmark[3841712]: INF 2026-09-19 21:29:06.601+00:00 Imported blocks                            blockNumber=20802817 slot=10012028 blocks=802816 txs=127089868 mgas=12158989 bps=42.02 tps=6364 mgps=634.2 avgBps=36.28 avgTps=5742 avgMGps=549.4 elapsed=6h8m49s
Sep 19 21:32:27 nimbus-eth1-mainnet-short-benchmark[3841712]: INF 2026-09-19 21:32:27.110+00:00 Imported blocks                            blockNumber=20811009 slot=10020249 blocks=811008 txs=128299762 mgas=12282850 bps=40.86 tps=6034 mgps=617.7 avgBps=36.32 avgTps=5745 avgMGps=550.1 elapsed=6h12m10s
Sep 19 21:35:36 nimbus-eth1-mainnet-short-benchmark[3841712]: INF 2026-09-19 21:35:36.079+00:00 Imported blocks                            blockNumber=20819201 slot=10028481 blocks=819200 txs=129596319 mgas=12406594 bps=43.35 tps=6861 mgps=654.8 avgBps=36.38 avgTps=5754 avgMGps=550.9 elapsed=6h15m19s
Sep 19 21:38:44 nimbus-eth1-mainnet-short-benchmark[3841712]: INF 2026-09-19 21:38:44.480+00:00 Imported blocks                            blockNumber=20827393 slot=10036710 blocks=827392 txs=130916729 mgas=12530249 bps=43.48 tps=7008 mgps=656.3 avgBps=36.44 avgTps=5765 avgMGps=551.8 elapsed=6h18m27s
Sep 19 21:41:52 nimbus-eth1-mainnet-short-benchmark[3841712]: INF 2026-09-19 21:41:52.210+00:00 Imported blocks                            blockNumber=20835585 slot=10044938 blocks=835584 txs=132226625 mgas=12654070 bps=43.64 tps=6977 mgps=659.6 avgBps=36.50 avgTps=5775 avgMGps=552.7 elapsed=6h21m35s
Sep 19 21:45:12 nimbus-eth1-mainnet-short-benchmark[3841712]: INF 2026-09-19 21:45:12.003+00:00 Imported blocks                            blockNumber=20843777 slot=10053164 blocks=843776 txs=133604192 mgas=12777730 bps=41.00 tps=6894 mgps=618.9 avgBps=36.53 avgTps=5784 avgMGps=553.3 elapsed=6h24m55s
Sep 19 21:48:57 nimbus-eth1-mainnet-short-benchmark[3841712]: INF 2026-09-19 21:48:57.808+00:00 Imported blocks                            blockNumber=20851969 slot=10061391 blocks=851968 txs=134900706 mgas=12901664 bps=36.28 tps=5741 mgps=548.9 avgBps=36.53 avgTps=5784 avgMGps=553.2 elapsed=6h28m40s
Sep 19 21:52:34 nimbus-eth1-mainnet-short-benchmark[3841712]: INF 2026-09-19 21:52:34.021+00:00 Imported blocks                            blockNumber=20860161 slot=10069622 blocks=860160 txs=136168750 mgas=13025603 bps=37.89 tps=5864 mgps=573.2 avgBps=36.54 avgTps=5785 avgMGps=553.4 elapsed=6h32m17s
Sep 19 21:56:03 nimbus-eth1-mainnet-short-benchmark[3841712]: INF 2026-09-19 21:56:03.422+00:00 Imported blocks                            blockNumber=20868353 slot=10077838 blocks=868352 txs=137550724 mgas=13149742 bps=39.12 tps=6599 mgps=592.8 avgBps=36.57 avgTps=5792 avgMGps=553.8 elapsed=6h35m46s
Sep 19 21:59:34 nimbus-eth1-mainnet-short-benchmark[3841712]: INF 2026-09-19 21:59:34.815+00:00 Imported blocks                            blockNumber=20876545 slot=10086066 blocks=876544 txs=138954673 mgas=13273457 bps=38.75 tps=6641 mgps=585.2 avgBps=36.59 avgTps=5799 avgMGps=554.0 elapsed=6h39m17s
Sep 19 22:02:58 nimbus-eth1-mainnet-short-benchmark[3841712]: INF 2026-09-19 22:02:58.400+00:00 Imported blocks                            blockNumber=20884737 slot=10094286 blocks=884736 txs=140256178 mgas=13397479 bps=40.24 tps=6392 mgps=609.2 avgBps=36.62 avgTps=5804 avgMGps=554.5 elapsed=6h42m41s
Sep 19 22:06:15 nimbus-eth1-mainnet-short-benchmark[3841712]: INF 2026-09-19 22:06:15.893+00:00 Imported blocks                            blockNumber=20892929 slot=10102512 blocks=892928 txs=141581868 mgas=13521575 bps=41.48 tps=6712 mgps=628.3 avgBps=36.66 avgTps=5812 avgMGps=555.1 elapsed=6h45m58s
Sep 19 22:09:37 nimbus-eth1-mainnet-short-benchmark[3841712]: INF 2026-09-19 22:09:37.062+00:00 Imported blocks                            blockNumber=20901121 slot=10110732 blocks=901120 txs=142875889 mgas=13645572 bps=40.72 tps=6432 mgps=616.4 avgBps=36.69 avgTps=5817 avgMGps=555.6 elapsed=6h49m20s
Sep 19 22:12:56 nimbus-eth1-mainnet-short-benchmark[3841712]: INF 2026-09-19 22:12:56.455+00:00 Imported blocks                            blockNumber=20909313 slot=10118953 blocks=909312 txs=144102308 mgas=13769390 bps=41.09 tps=6150 mgps=621.0 avgBps=36.73 avgTps=5820 avgMGps=556.1 elapsed=6h52m39s
Sep 19 22:16:10 nimbus-eth1-mainnet-short-benchmark[3841712]: INF 2026-09-19 22:16:10.380+00:00 Imported blocks                            blockNumber=20917505 slot=10127176 blocks=917504 txs=145406349 mgas=13893087 bps=42.24 tps=6724 mgps=637.9 avgBps=36.77 avgTps=5827 avgMGps=556.8 elapsed=6h55m53s
Sep 19 22:19:14 nimbus-eth1-mainnet-short-benchmark[3841712]: INF 2026-09-19 22:19:14.378+00:00 Imported blocks                            blockNumber=20925697 slot=10135394 blocks=925696 txs=146718394 mgas=14016820 bps=44.52 tps=7130 mgps=672.5 avgBps=36.83 avgTps=5836 avgMGps=557.6 elapsed=6h58m57s
Sep 19 22:22:32 nimbus-eth1-mainnet-short-benchmark[3841712]: INF 2026-09-19 22:22:32.515+00:00 Imported blocks                            blockNumber=20933889 slot=10143614 blocks=933888 txs=148049109 mgas=14140625 bps=41.35 tps=6716 mgps=624.8 avgBps=36.86 avgTps=5843 avgMGps=558.1 elapsed=7h2m15s
Sep 19 22:25:44 nimbus-eth1-mainnet-short-benchmark[3841712]: INF 2026-09-19 22:25:44.596+00:00 Imported blocks                            blockNumber=20942081 slot=10151840 blocks=942080 txs=149397364 mgas=14264352 bps=42.65 tps=7019 mgps=644.1 avgBps=36.90 avgTps=5852 avgMGps=558.8 elapsed=7h5m27s
Sep 19 22:29:01 nimbus-eth1-mainnet-short-benchmark[3841712]: INF 2026-09-19 22:29:01.721+00:00 Imported blocks                            blockNumber=20950273 slot=10160098 blocks=950272 txs=150765507 mgas=14388237 bps=41.56 tps=6940 mgps=628.5 avgBps=36.94 avgTps=5860 avgMGps=559.3 elapsed=7h8m44s
Sep 19 22:32:31 nimbus-eth1-mainnet-short-benchmark[3841712]: INF 2026-09-19 22:32:31.519+00:00 Imported blocks                            blockNumber=20958465 slot=10168363 blocks=958464 txs=152044771 mgas=14511987 bps=39.05 tps=6097 mgps=589.9 avgBps=36.96 avgTps=5862 avgMGps=559.6 elapsed=7h12m14s
Sep 19 22:35:52 nimbus-eth1-mainnet-short-benchmark[3841712]: INF 2026-09-19 22:35:52.596+00:00 Imported blocks                            blockNumber=20966657 slot=10176609 blocks=966656 txs=153365296 mgas=14635804 bps=40.74 tps=6567 mgps=615.8 avgBps=36.99 avgTps=5868 avgMGps=560.0 elapsed=7h15m35s
Sep 19 22:39:13 nimbus-eth1-mainnet-short-benchmark[3841712]: INF 2026-09-19 22:39:13.381+00:00 Imported blocks                            blockNumber=20974849 slot=10184849 blocks=974848 txs=154744917 mgas=14759580 bps=40.80 tps=6871 mgps=616.5 avgBps=37.02 avgTps=5875 avgMGps=560.4 elapsed=7h18m56s
Sep 19 22:42:39 nimbus-eth1-mainnet-short-benchmark[3841712]: INF 2026-09-19 22:42:39.962+00:00 Imported blocks                            blockNumber=20983041 slot=10193086 blocks=983040 txs=156055229 mgas=14883451 bps=39.66 tps=6342 mgps=599.6 avgBps=37.04 avgTps=5879 avgMGps=560.7 elapsed=7h22m22s
Sep 19 22:45:40 nimbus-eth1-mainnet-short-benchmark[3841712]: INF 2026-09-19 22:45:40.835+00:00 Imported blocks                            blockNumber=20991233 slot=10201319 blocks=991232 txs=157563202 mgas=15007557 bps=45.29 tps=8337 mgps=686.2 avgBps=37.09 avgTps=5895 avgMGps=561.6 elapsed=7h25m23s
Sep 19 22:49:10 nimbus-eth1-mainnet-short-benchmark[3841712]: INF 2026-09-19 22:49:10.288+00:00 Imported blocks                            blockNumber=20999425 slot=10209549 blocks=999424 txs=159003277 mgas=15131383 bps=39.11 tps=6875 mgps=591.2 avgBps=37.11 avgTps=5903 avgMGps=561.8 elapsed=7h28m53s
Sep 19 22:49:25 nimbus-eth1-mainnet-short-benchmark[3841712]: INF 2026-09-19 22:49:25.732+00:00 Imported blocks                            blockNumber=21000001 slot=10210128 blocks=1000000 txs=159109486 mgas=15140191 bps=37.30 tps=6878 mgps=570.4 avgBps=37.11 avgTps=5904 avgMGps=561.8 elapsed=7h29m8s
Sep 19 22:49:25 nimbus-eth1-mainnet-short-benchmark[3841712]: NTC 2026-09-19 22:49:25.732+00:00 Import complete                            blockNumber=21000001 slot=10210128 blocks=1000000 txs=159109486 mgas=15140191
Sep 19 22:49:26 nimbus-eth1-mainnet-short-benchmark[3813013]: <<< ending startNimbusWithImport (success)
Sep 19 22:49:26 nimbus-eth1-mainnet-short-benchmark[3813013]: >>> starting moveBenchmarkingFileToRepo
Sep 19 22:49:26 nimbus-eth1-mainnet-short-benchmark[3813013]: >>> copying debug-csv generated by nimbus to benchmarks repo
Sep 19 22:49:26 nimbus-eth1-mainnet-short-benchmark[3813013]: <<< ending moveBenchmarkingFileToRepo (success)
Sep 19 22:49:26 nimbus-eth1-mainnet-short-benchmark[3813013]: >>> starting generateBuildEnvironmentLogFile
Sep 19 22:49:35 nimbus-eth1-mainnet-short-benchmark[3813013]: <<< ending generateBuildEnvironmentLogFile (success)
Sep 19 22:49:35 nimbus-eth1-mainnet-short-benchmark[3813013]: >>> starting generateSystemdServiceLogs
