Aug 29 06:20:48 nimbus-eth1-mainnet-short-benchmark[750765]: >>> starting cloneOrFetchBenchmarksRepo
Aug 29 06:20:48 nimbus-eth1-mainnet-short-benchmark[750765]: >>> Fetching latest changes for nimbus-eth1-benchmarks...
Aug 29 06:20:50 nimbus-eth1-mainnet-short-benchmark[750812]: HEAD is now at 31695e7 chore: update short benchmark Readme
Aug 29 06:20:50 nimbus-eth1-mainnet-short-benchmark[750765]: <<< ending cloneOrFetchBenchmarksRepo (success)
Aug 29 06:20:50 nimbus-eth1-mainnet-short-benchmark[750765]: >>> starting cloneOrFetchNimbusRepo
Aug 29 06:21:00 nimbus-eth1-mainnet-short-benchmark[750765]: >>> Fetching latest changes for nimbus-eth1...
Aug 29 06:21:01 nimbus-eth1-mainnet-short-benchmark[751167]: From https://github.com/status-im/nimbus-eth1
Aug 29 06:21:01 nimbus-eth1-mainnet-short-benchmark[751167]:    eeb612a17..c4bfecfbf  master      -> origin/master
Aug 29 06:21:01 nimbus-eth1-mainnet-short-benchmark[751167]:    c7f37c496..dfe65daec  wasm-deploy -> origin/wasm-deploy
Aug 29 06:21:01 nimbus-eth1-mainnet-short-benchmark[751177]: HEAD is now at c4bfecfbf Remove unused isNewAccount from callCodeOp/delegateCallOp/staticCallOp (#4706)
Aug 29 06:21:01 nimbus-eth1-mainnet-short-benchmark[750765]: >>> Found last benchmarked commit: a08f6a5c
Aug 29 06:21:01 nimbus-eth1-mainnet-short-benchmark[750765]: >>> Using next commit: 1a6a221eefba2563158090f638c2d33461de3e71
Aug 29 06:21:01 nimbus-eth1-mainnet-short-benchmark[751193]: HEAD is now at 1a6a221ee ConcurrentLruCache performance improvements (#4621)
Aug 29 06:21:01 nimbus-eth1-mainnet-short-benchmark[750765]: >>> Current commit: 1a6a221ee
Aug 29 06:21:01 nimbus-eth1-mainnet-short-benchmark[750765]: <<< ending cloneOrFetchNimbusRepo (success)
Aug 29 06:21:01 nimbus-eth1-mainnet-short-benchmark[750765]: >>> starting buildBinaries
Aug 29 06:21:01 nimbus-eth1-mainnet-short-benchmark[750765]: >>> Building binaries for commit 1a6a221e...
Aug 29 06:21:09 nimbus-eth1-mainnet-short-benchmark[756689]: Building: Nim compiler
Aug 29 06:24:11 nimbus-eth1-mainnet-short-benchmark[756689]: Building custom Nimble commit: 42ef70c2102a942c46f13eb76872326edd525cec
Aug 29 06:24:21 nimbus-eth1-mainnet-short-benchmark[756689]: Building Nimble...
Aug 29 06:24:31 nimbus-eth1-mainnet-short-benchmark[756689]: Replacing nimble binary...
Aug 29 06:24:38 nimbus-eth1-mainnet-short-benchmark[773059]: cp: cannot stat '/data/status-im/nimbus-eth1/build/*': No such file or directory
Aug 29 06:24:38 nimbus-eth1-mainnet-short-benchmark[773037]: ROCKSDB VERSION NOT FOUND
Aug 29 06:24:38 nimbus-eth1-mainnet-short-benchmark[773190]: make[1]: Entering directory '/data/status-im/nimbus-eth1/vendor/nim-rocksdb/vendor/rocksdb'
Aug 29 06:24:38 nimbus-eth1-mainnet-short-benchmark[773190]: $DEBUG_LEVEL is 0, $LIB_MODE is static
Aug 29 06:24:39 nimbus-eth1-mainnet-short-benchmark[773190]: make[1]: Leaving directory '/data/status-im/nimbus-eth1/vendor/nim-rocksdb/vendor/rocksdb'
Aug 29 06:24:39 nimbus-eth1-mainnet-short-benchmark[773634]: Cleaning up RocksDb build artifacts.
Aug 29 06:24:39 nimbus-eth1-mainnet-short-benchmark[773064]: Building RocksDb static libraries.
Aug 29 06:27:52 nimbus-eth1-mainnet-short-benchmark[777186]: Building: build/nimbus_execution_client
Aug 29 06:30:26 nimbus-eth1-mainnet-short-benchmark[750765]: >>> renaming binaries to match commit they were built from
Aug 29 06:30:26 nimbus-eth1-mainnet-short-benchmark[750765]: >>> creating a symbolic link to the latest version
Aug 29 06:30:26 nimbus-eth1-mainnet-short-benchmark[750765]: >>> deleting copies that are older than N days
Aug 29 06:30:26 nimbus-eth1-mainnet-short-benchmark[750765]: <<< ending buildBinaries (success)
Aug 29 06:30:26 nimbus-eth1-mainnet-short-benchmark[750765]: >>> starting skipOrContinueBenchmark
Aug 29 06:30:26 nimbus-eth1-mainnet-short-benchmark[750765]: <<< ending skipOrContinueBenchmark (success)
Aug 29 06:30:26 nimbus-eth1-mainnet-short-benchmark[750765]: >>> starting copyTemplateDatabase
Aug 29 06:30:26 nimbus-eth1-mainnet-short-benchmark[750765]: >>> Copying template db into nimbus data directory
Aug 29 06:33:39 nimbus-eth1-mainnet-short-benchmark[750765]: >>> Template db copied
Aug 29 06:33:39 nimbus-eth1-mainnet-short-benchmark[750765]: >>> making nimbus the owner of the copied files
Aug 29 06:33:39 nimbus-eth1-mainnet-short-benchmark[750765]: <<< ending copyTemplateDatabase (success)
Aug 29 06:33:39 nimbus-eth1-mainnet-short-benchmark[750765]: >>> starting startNimbusWithImport
Aug 29 06:33:39 nimbus-eth1-mainnet-short-benchmark[782877]: INF 2026-08-29 06:33:39.311+00:00 Launching execution client                 version=v0.4.0-1a6a221e config="(configFile: none(InputFile), dataDirFlag: some(/data/status-im/nimbus-eth1/data/shared_mainnet_0), era1DirFlag: some(/data/era1), eraDirFlag: some(/data/era), ereDirFlag: none(OutDir), keyStoreDirFlag: none(OutDir), importKey: , trustedSetupFile: none(string), extraData: Nimbus/v0.4.0-1a6a221e, gasLimit: none(uint64), maxBlobs: none(byte), network: [mainnet], logLevel: INFO, logFormat: auto, metricsEnabled: false, metricsPort: 9093, metricsAddress: 127.0.0.1, bootstrapNodes: [], elBootstrapNodes: [], bootstrapFile: , elBootstrapFile: , staticPeers: [], staticPeersFile: , reconnectMaxRetry: 0, reconnectInterval: 15, listenAddress: ::, tcpPort: 30303, udpPortFlag: none(Port), maxPeersOpt: none(int), elMaxPeersOpt: none(int), nat: (hasExtIp: false, nat: NatAny), discv5: true, netKey: random, agentString: Nimbus/v0.4.0-1a6a221e/linux-amd64/Nim-2.2.10, numThreads: 0, persistBatchSize: 4, dynamicBatchSize: false, rocksdbMaxOpenFiles: 2048, rocksdbWriteBufferSize: 67108864, rocksdbRowCacheSize: 0, rocksdbBlockCacheSize: 2147483648, rocksdbBlockCacheType: hyperclock, rdbVtxCacheSize: 536870912, rdbKeyCacheSize: 1342177280, rdbBranchCacheSize: 1073741824, rdbPrintStats: false, rewriteDatadirId: true, aristoDbMaxSnapshots: 5, parallelStateRootComputation: false, parallelSenderRecovery: true, optimisticStatePrefetch: false, balStatePrefetch: false, balStatePrefetchWorkers: 0, balParallelExecution: false, eagerStateRootCheck: false, deserializeFcState: true, statelessProvider: false, statelessWitnessValidation: false, cmd: import, maxBlocks: 1000000, chunkSize: 8192, csvStats: some("/data/host-benchmarks/short/8c2a11f056dc4657b61c6d344e3332d4/blocks-import-benchmark.csv"), validation: false, fullValidation: false, storeBodies: false, storeReceipts: false, storeSlotHashes: false)"
Aug 29 06:33:39 nimbus-eth1-mainnet-short-benchmark[782877]: WRN 2026-08-29 06:33:39.319+00:00 Data directory has insecure permissions. Correcting them. data_dir=/data/status-im/nimbus-eth1/data/shared_mainnet_0 current_permissions=0755 required_permissions=0700
Aug 29 06:33:41 nimbus-eth1-mainnet-short-benchmark[782877]: INF 2026-08-29 06:33:41.151+00:00 Taskpool started                           numThreads=16
Aug 29 06:33:41 nimbus-eth1-mainnet-short-benchmark[782877]: INF 2026-08-29 06:33:41.263+00:00 Writing data dir ID                        ID=0xebd42021f4f140bc71b3c3b426b48f934de3443ed8f650d8d7d51eafc383bd57
Aug 29 06:33:41 nimbus-eth1-mainnet-short-benchmark[782877]: INF 2026-08-29 06:33:41.283+00:00 Database initialized                       base="(0xd24fd73f794058a3807db926d8898c6481e902b7edb91ce0d479d6760f276183, 20000000)" finalized="(0xd24fd73f794058a3807db926d8898c6481e902b7edb91ce0d479d6760f276183, 20000000)" head="(0xd4e56740f876aef8c010b86a40d5f56745a118d0906a34e69aec8c0db1cb8fa3, 0)"
Aug 29 06:33:41 nimbus-eth1-mainnet-short-benchmark[782877]: NTC 2026-08-29 06:33:41.283+00:00 Could not open ere database, falling back to era1/era import ereDir=/data/status-im/nimbus-eth1/data/shared_mainnet_0/ere networkName=mainnet error="No ere files found in /data/status-im/nimbus-eth1/data/shared_mainnet_0/ere"
Aug 29 06:33:41 nimbus-eth1-mainnet-short-benchmark[782877]: NTC 2026-08-29 06:33:41.283+00:00 Importing era archive                      blockNumber=20000001 dataDir=/data/status-im/nimbus-eth1/data/shared_mainnet_0 eraDir=/data/era
Aug 29 06:33:43 nimbus-eth1-mainnet-short-benchmark[782877]: NTC 2026-08-29 06:33:43.479+00:00 Matched block to slot number               blockNumber=20000001 slot=9204783
Aug 29 06:40:02 nimbus-eth1-mainnet-short-benchmark[782877]: INF 2026-08-29 06:40:02.146+00:00 Imported blocks                            blockNumber=20008193 slot=9213020 blocks=8192 txs=1226966 mgas=124237 bps=21.51 tps=3221 mgps=326.2 avgBps=21.51 avgTps=3221 avgMGps=326.2 elapsed=6m20s865ms
Aug 29 06:45:34 nimbus-eth1-mainnet-short-benchmark[782877]: INF 2026-08-29 06:45:34.333+00:00 Imported blocks                            blockNumber=20016385 slot=9221256 blocks=16384 txs=2540380 mgas=248071 bps=24.66 tps=3953 mgps=372.8 avgBps=22.98 avgTps=3562 avgMGps=347.9 elapsed=11m53s54ms
Aug 29 06:50:50 nimbus-eth1-mainnet-short-benchmark[782877]: INF 2026-08-29 06:50:50.732+00:00 Imported blocks                            blockNumber=20024577 slot=9229485 blocks=24576 txs=3869398 mgas=372018 bps=25.89 tps=4200 mgps=391.7 avgBps=23.87 avgTps=3758 avgMGps=361.4 elapsed=17m9s451ms
Aug 29 06:55:36 nimbus-eth1-mainnet-short-benchmark[782877]: INF 2026-08-29 06:55:36.536+00:00 Imported blocks                            blockNumber=20032769 slot=9237722 blocks=32768 txs=5222766 mgas=495797 bps=28.66 tps=4735 mgps=433.1 avgBps=24.91 avgTps=3970 avgMGps=377.0 elapsed=21m55s256ms
Aug 29 07:00:11 nimbus-eth1-mainnet-short-benchmark[782877]: INF 2026-08-29 07:00:11.260+00:00 Imported blocks                            blockNumber=20040961 slot=9245957 blocks=40960 txs=6566802 mgas=619586 bps=29.82 tps=4892 mgps=450.6 avgBps=25.76 avgTps=4130 avgMGps=389.7 elapsed=26m29s978ms
Aug 29 07:05:09 nimbus-eth1-mainnet-short-benchmark[782877]: INF 2026-08-29 07:05:09.552+00:00 Imported blocks                            blockNumber=20049153 slot=9254196 blocks=49152 txs=7904746 mgas=743522 bps=27.46 tps=4485 mgps=415.5 avgBps=26.03 avgTps=4186 avgMGps=393.8 elapsed=31m28s267ms
Aug 29 07:09:56 nimbus-eth1-mainnet-short-benchmark[782877]: INF 2026-08-29 07:09:56.660+00:00 Imported blocks                            blockNumber=20057345 slot=9262435 blocks=57344 txs=9212009 mgas=867360 bps=28.53 tps=4553 mgps=431.3 avgBps=26.36 avgTps=4234 avgMGps=398.7 elapsed=36m15s375ms
Aug 29 07:14:21 nimbus-eth1-mainnet-short-benchmark[782877]: INF 2026-08-29 07:14:21.132+00:00 Imported blocks                            blockNumber=20065537 slot=9270674 blocks=65536 txs=10559018 mgas=991371 bps=30.97 tps=5093 mgps=468.9 avgBps=26.86 avgTps=4327 avgMGps=406.3 elapsed=40m39s853ms
Aug 29 07:18:31 nimbus-eth1-mainnet-short-benchmark[782877]: INF 2026-08-29 07:18:31.689+00:00 Imported blocks                            blockNumber=20073729 slot=9278910 blocks=73728 txs=11898676 mgas=1115111 bps=32.70 tps=5346 mgps=493.9 avgBps=27.40 avgTps=4422 avgMGps=414.5 elapsed=44m50s407ms
Aug 29 07:22:32 nimbus-eth1-mainnet-short-benchmark[782877]: INF 2026-08-29 07:22:32.933+00:00 Imported blocks                            blockNumber=20081921 slot=9287152 blocks=81920 txs=13323263 mgas=1239150 bps=33.96 tps=5905 mgps=514.2 avgBps=27.94 avgTps=4544 avgMGps=422.7 elapsed=48m51s654ms
Aug 29 07:26:31 nimbus-eth1-mainnet-short-benchmark[782877]: INF 2026-08-29 07:26:31.802+00:00 Imported blocks                            blockNumber=20090113 slot=9295408 blocks=90112 txs=14697082 mgas=1363113 bps=34.30 tps=5751 mgps=519.0 avgBps=28.42 avgTps=4635 avgMGps=429.9 elapsed=52m50s521ms
Aug 29 07:30:48 nimbus-eth1-mainnet-short-benchmark[782877]: INF 2026-08-29 07:30:48.206+00:00 Imported blocks                            blockNumber=20098305 slot=9303658 blocks=98304 txs=16025683 mgas=1487146 bps=31.95 tps=5181 mgps=483.7 avgBps=28.69 avgTps=4676 avgMGps=434.0 elapsed=57m6s927ms
Aug 29 07:35:14 nimbus-eth1-mainnet-short-benchmark[782877]: INF 2026-08-29 07:35:14.683+00:00 Imported blocks                            blockNumber=20106497 slot=9311895 blocks=106496 txs=17337157 mgas=1611066 bps=30.74 tps=4921 mgps=465.0 avgBps=28.83 avgTps=4694 avgMGps=436.2 elapsed=1h1m33s
Aug 29 07:39:26 nimbus-eth1-mainnet-short-benchmark[782877]: INF 2026-08-29 07:39:26.419+00:00 Imported blocks                            blockNumber=20114689 slot=9320146 blocks=114688 txs=18632097 mgas=1735123 bps=32.54 tps=5144 mgps=492.8 avgBps=29.07 avgTps=4722 avgMGps=439.8 elapsed=1h5m45s
Aug 29 07:43:24 nimbus-eth1-mainnet-short-benchmark[782877]: INF 2026-08-29 07:43:24.576+00:00 Imported blocks                            blockNumber=20122881 slot=9328409 blocks=122880 txs=19937418 mgas=1859249 bps=34.40 tps=5480 mgps=521.2 avgBps=29.37 avgTps=4765 avgMGps=444.4 elapsed=1h9m43s
Aug 29 07:47:20 nimbus-eth1-mainnet-short-benchmark[782877]: INF 2026-08-29 07:47:20.432+00:00 Imported blocks                            blockNumber=20131073 slot=9336660 blocks=131072 txs=21214129 mgas=1983500 bps=34.73 tps=5412 mgps=526.8 avgBps=29.66 avgTps=4800 avgMGps=448.8 elapsed=1h13m39s
Aug 29 07:51:12 nimbus-eth1-mainnet-short-benchmark[782877]: INF 2026-08-29 07:51:12.681+00:00 Imported blocks                            blockNumber=20139265 slot=9344906 blocks=139264 txs=22579079 mgas=2107571 bps=35.27 tps=5877 mgps=534.2 avgBps=29.94 avgTps=4854 avgMGps=453.1 elapsed=1h17m31s
Aug 29 07:55:49 nimbus-eth1-mainnet-short-benchmark[782877]: INF 2026-08-29 07:55:49.773+00:00 Imported blocks                            blockNumber=20147457 slot=9353153 blocks=147456 txs=24133322 mgas=2231686 bps=29.56 tps=5609 mgps=447.9 avgBps=29.92 avgTps=4896 avgMGps=452.8 elapsed=1h22m8s
Aug 29 08:00:19 nimbus-eth1-mainnet-short-benchmark[782877]: INF 2026-08-29 08:00:19.149+00:00 Imported blocks                            blockNumber=20155649 slot=9361407 blocks=155648 txs=25424015 mgas=2356018 bps=30.41 tps=4791 mgps=461.6 avgBps=29.94 avgTps=4891 avgMGps=453.3 elapsed=1h26m37s
Aug 29 08:04:25 nimbus-eth1-mainnet-short-benchmark[782877]: INF 2026-08-29 08:04:25.838+00:00 Imported blocks                            blockNumber=20163841 slot=9369652 blocks=163840 txs=26749549 mgas=2480207 bps=33.21 tps=5373 mgps=503.4 avgBps=30.09 avgTps=4913 avgMGps=455.5 elapsed=1h30m44s
Aug 29 08:08:26 nimbus-eth1-mainnet-short-benchmark[782877]: INF 2026-08-29 08:08:26.550+00:00 Imported blocks                            blockNumber=20172033 slot=9377892 blocks=172032 txs=28105316 mgas=2604026 bps=34.03 tps=5632 mgps=514.4 avgBps=30.26 avgTps=4943 avgMGps=458.0 elapsed=1h34m45s
Aug 29 08:12:33 nimbus-eth1-mainnet-short-benchmark[782877]: INF 2026-08-29 08:12:33.583+00:00 Imported blocks                            blockNumber=20180225 slot=9386128 blocks=180224 txs=29524405 mgas=2728170 bps=33.16 tps=5744 mgps=502.5 avgBps=30.38 avgTps=4976 avgMGps=459.9 elapsed=1h38m52s
Aug 29 08:16:23 nimbus-eth1-mainnet-short-benchmark[782877]: INF 2026-08-29 08:16:23.664+00:00 Imported blocks                            blockNumber=20188417 slot=9394365 blocks=188416 txs=30849021 mgas=2852023 bps=35.60 tps=5757 mgps=538.3 avgBps=30.58 avgTps=5006 avgMGps=462.8 elapsed=1h42m42s
Aug 29 08:20:37 nimbus-eth1-mainnet-short-benchmark[782877]: INF 2026-08-29 08:20:37.520+00:00 Imported blocks                            blockNumber=20196609 slot=9402602 blocks=196608 txs=32174755 mgas=2976155 bps=32.27 tps=5222 mgps=489.0 avgBps=30.64 avgTps=5014 avgMGps=463.8 elapsed=1h46m56s
Aug 29 08:25:05 nimbus-eth1-mainnet-short-benchmark[782877]: INF 2026-08-29 08:25:05.696+00:00 Imported blocks                            blockNumber=20204801 slot=9410840 blocks=204800 txs=33475942 mgas=3100410 bps=30.55 tps=4852 mgps=463.3 avgBps=30.64 avgTps=5008 avgMGps=463.8 elapsed=1h51m24s
Aug 29 08:29:11 nimbus-eth1-mainnet-short-benchmark[782877]: INF 2026-08-29 08:29:11.965+00:00 Imported blocks                            blockNumber=20212993 slot=9419071 blocks=212992 txs=34798508 mgas=3224370 bps=33.26 tps=5370 mgps=503.3 avgBps=30.73 avgTps=5020 avgMGps=465.2 elapsed=1h55m30s
Aug 29 08:33:14 nimbus-eth1-mainnet-short-benchmark[782877]: INF 2026-08-29 08:33:14.325+00:00 Imported blocks                            blockNumber=20221185 slot=9427313 blocks=221184 txs=36114045 mgas=3348169 bps=33.80 tps=5428 mgps=510.8 avgBps=30.84 avgTps=5034 avgMGps=466.8 elapsed=1h59m33s
Aug 29 08:36:56 nimbus-eth1-mainnet-short-benchmark[782877]: INF 2026-08-29 08:36:56.670+00:00 Imported blocks                            blockNumber=20229377 slot=9435549 blocks=229376 txs=37421794 mgas=3472031 bps=36.84 tps=5881 mgps=557.1 avgBps=31.02 avgTps=5060 avgMGps=469.5 elapsed=2h3m15s
Aug 29 08:40:48 nimbus-eth1-mainnet-short-benchmark[782877]: INF 2026-08-29 08:40:48.771+00:00 Imported blocks                            blockNumber=20237569 slot=9443788 blocks=237568 txs=38842064 mgas=3596351 bps=35.30 tps=6119 mgps=535.6 avgBps=31.15 avgTps=5092 avgMGps=471.5 elapsed=2h7m7s
Aug 29 08:44:58 nimbus-eth1-mainnet-short-benchmark[782877]: INF 2026-08-29 08:44:58.795+00:00 Imported blocks                            blockNumber=20245761 slot=9452021 blocks=245760 txs=40225739 mgas=3720100 bps=32.76 tps=5534 mgps=494.9 avgBps=31.20 avgTps=5106 avgMGps=472.2 elapsed=2h11m17s
Aug 29 08:49:25 nimbus-eth1-mainnet-short-benchmark[782877]: INF 2026-08-29 08:49:25.492+00:00 Imported blocks                            blockNumber=20253953 slot=9460253 blocks=253952 txs=41454921 mgas=3844385 bps=30.72 tps=4608 mgps=466.0 avgBps=31.18 avgTps=5090 avgMGps=472.0 elapsed=2h15m44s
Aug 29 08:53:40 nimbus-eth1-mainnet-short-benchmark[782877]: INF 2026-08-29 08:53:40.224+00:00 Imported blocks                            blockNumber=20262145 slot=9468495 blocks=262144 txs=42726051 mgas=3968623 bps=32.16 tps=4990 mgps=487.7 avgBps=31.21 avgTps=5087 avgMGps=472.5 elapsed=2h19m58s
Aug 29 08:57:35 nimbus-eth1-mainnet-short-benchmark[782877]: INF 2026-08-29 08:57:35.561+00:00 Imported blocks                            blockNumber=20270337 slot=9476748 blocks=270336 txs=44050436 mgas=4092682 bps=34.81 tps=5627 mgps=527.1 avgBps=31.31 avgTps=5101 avgMGps=474.0 elapsed=2h23m54s
Aug 29 09:01:17 nimbus-eth1-mainnet-short-benchmark[782877]: INF 2026-08-29 09:01:17.433+00:00 Imported blocks                            blockNumber=20278529 slot=9484981 blocks=278528 txs=45382368 mgas=4216487 bps=36.92 tps=6003 mgps=558.0 avgBps=31.45 avgTps=5124 avgMGps=476.1 elapsed=2h27m36s
Aug 29 09:05:03 nimbus-eth1-mainnet-short-benchmark[782877]: INF 2026-08-29 09:05:03.750+00:00 Imported blocks                            blockNumber=20286721 slot=9493213 blocks=286720 txs=46733429 mgas=4340363 bps=36.20 tps=5969 mgps=547.4 avgBps=31.57 avgTps=5145 avgMGps=477.9 elapsed=2h31m22s
Aug 29 09:09:10 nimbus-eth1-mainnet-short-benchmark[782877]: INF 2026-08-29 09:09:10.675+00:00 Imported blocks                            blockNumber=20294913 slot=9501453 blocks=294912 txs=48075887 mgas=4464376 bps=33.18 tps=5436 mgps=502.2 avgBps=31.61 avgTps=5153 avgMGps=478.5 elapsed=2h35m29s
Aug 29 09:13:11 nimbus-eth1-mainnet-short-benchmark[782877]: INF 2026-08-29 09:13:11.755+00:00 Imported blocks                            blockNumber=20303105 slot=9509696 blocks=303104 txs=49379538 mgas=4588534 bps=33.98 tps=5407 mgps=515.0 avgBps=31.67 avgTps=5159 avgMGps=479.4 elapsed=2h39m30s
Aug 29 09:17:07 nimbus-eth1-mainnet-short-benchmark[782877]: INF 2026-08-29 09:17:07.972+00:00 Imported blocks                            blockNumber=20311297 slot=9517922 blocks=311296 txs=50637672 mgas=4712596 bps=34.68 tps=5326 mgps=525.2 avgBps=31.74 avgTps=5163 avgMGps=480.5 elapsed=2h43m26s
Aug 29 09:20:54 nimbus-eth1-mainnet-short-benchmark[782877]: INF 2026-08-29 09:20:54.621+00:00 Imported blocks                            blockNumber=20319489 slot=9526159 blocks=319488 txs=51981692 mgas=4836521 bps=36.14 tps=5929 mgps=546.8 avgBps=31.84 avgTps=5180 avgMGps=482.0 elapsed=2h47m13s
Aug 29 09:24:23 nimbus-eth1-mainnet-short-benchmark[782877]: INF 2026-08-29 09:24:23.470+00:00 Imported blocks                            blockNumber=20327681 slot=9534381 blocks=327680 txs=53356123 mgas=4960245 bps=39.22 tps=6581 mgps=592.4 avgBps=31.99 avgTps=5209 avgMGps=484.3 elapsed=2h50m42s
Aug 29 09:27:49 nimbus-eth1-mainnet-short-benchmark[782877]: INF 2026-08-29 09:27:49.103+00:00 Imported blocks                            blockNumber=20335873 slot=9542617 blocks=335872 txs=54719105 mgas=5084025 bps=39.84 tps=6628 mgps=601.9 avgBps=32.15 avgTps=5237 avgMGps=486.6 elapsed=2h54m7s
Aug 29 09:31:34 nimbus-eth1-mainnet-short-benchmark[782877]: INF 2026-08-29 09:31:34.492+00:00 Imported blocks                            blockNumber=20344065 slot=9550841 blocks=344064 txs=56021853 mgas=5207843 bps=36.35 tps=5780 mgps=549.4 avgBps=32.24 avgTps=5248 avgMGps=487.9 elapsed=2h57m53s
Aug 29 09:35:52 nimbus-eth1-mainnet-short-benchmark[782877]: INF 2026-08-29 09:35:52.740+00:00 Imported blocks                            blockNumber=20352257 slot=9559072 blocks=352256 txs=57290408 mgas=5332016 bps=31.72 tps=4912 mgps=480.8 avgBps=32.22 avgTps=5240 avgMGps=487.8 elapsed=3h2m11s
Aug 29 09:39:49 nimbus-eth1-mainnet-short-benchmark[782877]: INF 2026-08-29 09:39:49.257+00:00 Imported blocks                            blockNumber=20360449 slot=9567308 blocks=360448 txs=58543463 mgas=5456201 bps=34.64 tps=5297 mgps=525.1 avgBps=32.28 avgTps=5242 avgMGps=488.6 elapsed=3h6m7s
Aug 29 09:43:34 nimbus-eth1-mainnet-short-benchmark[782877]: INF 2026-08-29 09:43:34.282+00:00 Imported blocks                            blockNumber=20368641 slot=9575548 blocks=368640 txs=59874056 mgas=5580204 bps=36.40 tps=5913 mgps=551.1 avgBps=32.36 avgTps=5255 avgMGps=489.8 elapsed=3h9m53s
Aug 29 09:47:29 nimbus-eth1-mainnet-short-benchmark[782877]: INF 2026-08-29 09:47:29.242+00:00 Imported blocks                            blockNumber=20376833 slot=9583774 blocks=376832 txs=61167066 mgas=5704396 bps=34.87 tps=5503 mgps=528.6 avgBps=32.41 avgTps=5260 avgMGps=490.6 elapsed=3h13m47s
Aug 29 09:51:20 nimbus-eth1-mainnet-short-benchmark[782877]: INF 2026-08-29 09:51:20.927+00:00 Imported blocks                            blockNumber=20385025 slot=9592009 blocks=385024 txs=62480333 mgas=5828235 bps=35.36 tps=5668 mgps=534.5 avgBps=32.47 avgTps=5268 avgMGps=491.4 elapsed=3h17m39s
Aug 29 09:55:11 nimbus-eth1-mainnet-short-benchmark[782877]: INF 2026-08-29 09:55:11.408+00:00 Imported blocks                            blockNumber=20393217 slot=9600248 blocks=393216 txs=63800597 mgas=5952136 bps=35.54 tps=5728 mgps=537.6 avgBps=32.52 avgTps=5277 avgMGps=492.3 elapsed=3h21m30s
Aug 29 09:58:53 nimbus-eth1-mainnet-short-benchmark[782877]: INF 2026-08-29 09:58:53.633+00:00 Imported blocks                            blockNumber=20401409 slot=9608486 blocks=401408 txs=65021243 mgas=6076384 bps=36.86 tps=5492 mgps=559.1 avgBps=32.60 avgTps=5280 avgMGps=493.5 elapsed=3h25m12s
Aug 29 10:02:48 nimbus-eth1-mainnet-short-benchmark[782877]: INF 2026-08-29 10:02:48.053+00:00 Imported blocks                            blockNumber=20409601 slot=9616707 blocks=409600 txs=66199016 mgas=6200666 bps=34.95 tps=5024 mgps=530.2 avgBps=32.65 avgTps=5276 avgMGps=494.2 elapsed=3h29m6s
Aug 29 10:06:36 nimbus-eth1-mainnet-short-benchmark[782877]: INF 2026-08-29 10:06:36.506+00:00 Imported blocks                            blockNumber=20417793 slot=9624941 blocks=417792 txs=67453930 mgas=6324823 bps=35.86 tps=5493 mgps=543.5 avgBps=32.70 avgTps=5280 avgMGps=495.1 elapsed=3h32m55s
Aug 29 10:09:59 nimbus-eth1-mainnet-short-benchmark[782877]: INF 2026-08-29 10:09:59.111+00:00 Imported blocks                            blockNumber=20425985 slot=9633187 blocks=425984 txs=68814904 mgas=6448778 bps=40.43 tps=6717 mgps=611.8 avgBps=32.82 avgTps=5302 avgMGps=496.9 elapsed=3h36m17s
Aug 29 10:13:20 nimbus-eth1-mainnet-short-benchmark[782877]: INF 2026-08-29 10:13:20.368+00:00 Imported blocks                            blockNumber=20434177 slot=9641422 blocks=434176 txs=70124508 mgas=6572711 bps=40.70 tps=6507 mgps=615.8 avgBps=32.94 avgTps=5320 avgMGps=498.7 elapsed=3h39m39s
Aug 29 10:16:51 nimbus-eth1-mainnet-short-benchmark[782877]: INF 2026-08-29 10:16:51.621+00:00 Imported blocks                            blockNumber=20442369 slot=9649657 blocks=442368 txs=71403576 mgas=6696451 bps=38.78 tps=6054 mgps=585.7 avgBps=33.04 avgTps=5332 avgMGps=500.1 elapsed=3h43m10s
Aug 29 10:20:43 nimbus-eth1-mainnet-short-benchmark[782877]: INF 2026-08-29 10:20:43.582+00:00 Imported blocks                            blockNumber=20450561 slot=9657896 blocks=450560 txs=72659905 mgas=6820521 bps=35.32 tps=5416 mgps=534.9 avgBps=33.08 avgTps=5333 avgMGps=500.7 elapsed=3h47m2s
Aug 29 10:24:56 nimbus-eth1-mainnet-short-benchmark[782877]: INF 2026-08-29 10:24:56.294+00:00 Imported blocks                            blockNumber=20458753 slot=9666114 blocks=458752 txs=73838533 mgas=6945116 bps=32.42 tps=4663 mgps=493.0 avgBps=33.06 avgTps=5321 avgMGps=500.5 elapsed=3h51m15s
Aug 29 10:28:44 nimbus-eth1-mainnet-short-benchmark[782877]: INF 2026-08-29 10:28:44.895+00:00 Imported blocks                            blockNumber=20466945 slot=9674343 blocks=466944 txs=75124748 mgas=7068943 bps=35.84 tps=5626 mgps=541.7 avgBps=33.11 avgTps=5326 avgMGps=501.2 elapsed=3h55m3s
Aug 29 10:32:31 nimbus-eth1-mainnet-short-benchmark[782877]: INF 2026-08-29 10:32:31.288+00:00 Imported blocks                            blockNumber=20475137 slot=9682575 blocks=475136 txs=76420106 mgas=7192870 bps=36.19 tps=5721 mgps=547.4 avgBps=33.16 avgTps=5332 avgMGps=501.9 elapsed=3h58m50s
Aug 29 10:36:07 nimbus-eth1-mainnet-short-benchmark[782877]: INF 2026-08-29 10:36:07.201+00:00 Imported blocks                            blockNumber=20483329 slot=9690800 blocks=483328 txs=77675422 mgas=7316939 bps=37.94 tps=5813 mgps=574.6 avgBps=33.23 avgTps=5340 avgMGps=503.0 elapsed=4h2m25s
Aug 29 10:39:40 nimbus-eth1-mainnet-short-benchmark[782877]: INF 2026-08-29 10:39:40.022+00:00 Imported blocks                            blockNumber=20491521 slot=9699019 blocks=491520 txs=78951232 mgas=7440784 bps=38.49 tps=5994 mgps=581.9 avgBps=33.30 avgTps=5349 avgMGps=504.2 elapsed=4h5m58s
Aug 29 10:43:30 nimbus-eth1-mainnet-short-benchmark[782877]: INF 2026-08-29 10:43:30.846+00:00 Imported blocks                            blockNumber=20499713 slot=9707248 blocks=499712 txs=80189642 mgas=7564669 bps=35.49 tps=5365 mgps=536.7 avgBps=33.34 avgTps=5349 avgMGps=504.7 elapsed=4h9m49s
Aug 29 10:47:26 nimbus-eth1-mainnet-short-benchmark[782877]: INF 2026-08-29 10:47:26.171+00:00 Imported blocks                            blockNumber=20507905 slot=9715488 blocks=507904 txs=81317763 mgas=7689208 bps=34.81 tps=4793 mgps=529.2 avgBps=33.36 avgTps=5341 avgMGps=505.0 elapsed=4h13m44s
Aug 29 10:50:55 nimbus-eth1-mainnet-short-benchmark[782877]: INF 2026-08-29 10:50:55.716+00:00 Imported blocks                            blockNumber=20516097 slot=9723715 blocks=516096 txs=82520262 mgas=7813209 bps=39.09 tps=5738 mgps=591.8 avgBps=33.44 avgTps=5346 avgMGps=506.2 elapsed=4h17m14s
Aug 29 10:54:35 nimbus-eth1-mainnet-short-benchmark[782877]: INF 2026-08-29 10:54:35.877+00:00 Imported blocks                            blockNumber=20524289 slot=9731945 blocks=524288 txs=83780075 mgas=7937233 bps=37.21 tps=5722 mgps=563.3 avgBps=33.49 avgTps=5351 avgMGps=507.0 elapsed=4h20m54s
Aug 29 10:58:20 nimbus-eth1-mainnet-short-benchmark[782877]: INF 2026-08-29 10:58:20.254+00:00 Imported blocks                            blockNumber=20532481 slot=9740183 blocks=532480 txs=85263862 mgas=8061024 bps=36.51 tps=6612 mgps=551.7 avgBps=33.53 avgTps=5369 avgMGps=507.7 elapsed=4h24m38s
Aug 29 11:02:11 nimbus-eth1-mainnet-short-benchmark[782877]: INF 2026-08-29 11:02:11.323+00:00 Imported blocks                            blockNumber=20540673 slot=9748418 blocks=540672 txs=86612143 mgas=8185090 bps=35.45 tps=5835 mgps=536.9 avgBps=33.56 avgTps=5376 avgMGps=508.1 elapsed=4h28m30s
Aug 29 11:06:10 nimbus-eth1-mainnet-short-benchmark[782877]: INF 2026-08-29 11:06:10.771+00:00 Imported blocks                            blockNumber=20548865 slot=9756662 blocks=548864 txs=87802991 mgas=8309513 bps=34.21 tps=4973 mgps=519.6 avgBps=33.57 avgTps=5370 avgMGps=508.2 elapsed=4h32m29s
Aug 29 11:10:06 nimbus-eth1-mainnet-short-benchmark[782877]: INF 2026-08-29 11:10:06.580+00:00 Imported blocks                            blockNumber=20557057 slot=9764892 blocks=557056 txs=88964987 mgas=8433956 bps=34.74 tps=4927 mgps=527.7 avgBps=33.59 avgTps=5364 avgMGps=508.5 elapsed=4h36m25s
Aug 29 11:13:52 nimbus-eth1-mainnet-short-benchmark[782877]: INF 2026-08-29 11:13:52.205+00:00 Imported blocks                            blockNumber=20565249 slot=9773131 blocks=565248 txs=90186094 mgas=8558113 bps=36.31 tps=5412 mgps=550.3 avgBps=33.62 avgTps=5364 avgMGps=509.1 elapsed=4h40m10s
Aug 29 11:17:38 nimbus-eth1-mainnet-short-benchmark[782877]: INF 2026-08-29 11:17:38.545+00:00 Imported blocks                            blockNumber=20573441 slot=9781369 blocks=573440 txs=91404654 mgas=8682228 bps=36.19 tps=5383 mgps=548.4 avgBps=33.66 avgTps=5364 avgMGps=509.6 elapsed=4h43m57s
Aug 29 11:21:19 nimbus-eth1-mainnet-short-benchmark[782877]: INF 2026-08-29 11:21:19.954+00:00 Imported blocks                            blockNumber=20581633 slot=9789611 blocks=581632 txs=92628389 mgas=8806651 bps=37.00 tps=5526 mgps=562.0 avgBps=33.70 avgTps=5367 avgMGps=510.3 elapsed=4h47m38s
Aug 29 11:25:09 nimbus-eth1-mainnet-short-benchmark[782877]: INF 2026-08-29 11:25:09.731+00:00 Imported blocks                            blockNumber=20589825 slot=9797855 blocks=589824 txs=93887208 mgas=8931023 bps=35.65 tps=5478 mgps=541.3 avgBps=33.73 avgTps=5368 avgMGps=510.7 elapsed=4h51m28s
Aug 29 11:29:03 nimbus-eth1-mainnet-short-benchmark[782877]: INF 2026-08-29 11:29:03.356+00:00 Imported blocks                            blockNumber=20598017 slot=9806095 blocks=598016 txs=95163338 mgas=9055310 bps=35.06 tps=5462 mgps=532.0 avgBps=33.74 avgTps=5369 avgMGps=511.0 elapsed=4h55m22s
Aug 29 11:32:58 nimbus-eth1-mainnet-short-benchmark[782877]: INF 2026-08-29 11:32:58.384+00:00 Imported blocks                            blockNumber=20606209 slot=9814347 blocks=606208 txs=96334664 mgas=9179976 bps=34.85 tps=4983 mgps=530.4 avgBps=33.76 avgTps=5364 avgMGps=511.2 elapsed=4h59m17s
Aug 29 11:36:43 nimbus-eth1-mainnet-short-benchmark[782877]: INF 2026-08-29 11:36:43.733+00:00 Imported blocks                            blockNumber=20614401 slot=9822581 blocks=614400 txs=97573414 mgas=9304574 bps=36.35 tps=5497 mgps=552.9 avgBps=33.79 avgTps=5366 avgMGps=511.7 elapsed=5h3m2s
Aug 29 11:40:28 nimbus-eth1-mainnet-short-benchmark[782877]: INF 2026-08-29 11:40:28.502+00:00 Imported blocks                            blockNumber=20622593 slot=9830821 blocks=622592 txs=98874772 mgas=9428835 bps=36.45 tps=5789 mgps=552.8 avgBps=33.82 avgTps=5371 avgMGps=512.2 elapsed=5h6m47s
Aug 29 11:44:06 nimbus-eth1-mainnet-short-benchmark[782877]: INF 2026-08-29 11:44:06.263+00:00 Imported blocks                            blockNumber=20630785 slot=9839058 blocks=630784 txs=100178707 mgas=9553009 bps=37.62 tps=5987 mgps=570.2 avgBps=33.87 avgTps=5378 avgMGps=512.9 elapsed=5h10m24s
Aug 29 11:47:52 nimbus-eth1-mainnet-short-benchmark[782877]: INF 2026-08-29 11:47:52.200+00:00 Imported blocks                            blockNumber=20638977 slot=9847313 blocks=638976 txs=101489116 mgas=9677171 bps=36.26 tps=5800 mgps=549.6 avgBps=33.90 avgTps=5383 avgMGps=513.4 elapsed=5h14m10s
Aug 29 11:51:36 nimbus-eth1-mainnet-short-benchmark[782877]: INF 2026-08-29 11:51:36.136+00:00 Imported blocks                            blockNumber=20647169 slot=9855549 blocks=647168 txs=102730058 mgas=9801643 bps=36.58 tps=5541 mgps=555.8 avgBps=33.93 avgTps=5385 avgMGps=513.9 elapsed=5h17m54s
Aug 29 11:55:33 nimbus-eth1-mainnet-short-benchmark[782877]: INF 2026-08-29 11:55:33.073+00:00 Imported blocks                            blockNumber=20655361 slot=9863778 blocks=655360 txs=103868002 mgas=9926541 bps=34.57 tps=4802 mgps=527.1 avgBps=33.94 avgTps=5378 avgMGps=514.0 elapsed=5h21m51s
Aug 29 11:59:13 nimbus-eth1-mainnet-short-benchmark[782877]: INF 2026-08-29 11:59:13.858+00:00 Imported blocks                            blockNumber=20663553 slot=9872013 blocks=663552 txs=105112198 mgas=10051274 bps=37.10 tps=5635 mgps=564.9 avgBps=33.97 avgTps=5381 avgMGps=514.6 elapsed=5h25m32s
Aug 29 12:02:44 nimbus-eth1-mainnet-short-benchmark[782877]: INF 2026-08-29 12:02:44.783+00:00 Imported blocks                            blockNumber=20671745 slot=9880241 blocks=671744 txs=106395904 mgas=10175177 bps=38.84 tps=6086 mgps=587.4 avgBps=34.02 avgTps=5388 avgMGps=515.4 elapsed=5h29m3s
Aug 29 12:06:20 nimbus-eth1-mainnet-short-benchmark[782877]: INF 2026-08-29 12:06:20.500+00:00 Imported blocks                            blockNumber=20679937 slot=9888471 blocks=679936 txs=107674271 mgas=10299404 bps=37.98 tps=5926 mgps=575.9 avgBps=34.07 avgTps=5394 avgMGps=516.0 elapsed=5h32m39s
Aug 29 12:09:47 nimbus-eth1-mainnet-short-benchmark[782877]: INF 2026-08-29 12:09:47.309+00:00 Imported blocks                            blockNumber=20688129 slot=9896698 blocks=688128 txs=108938536 mgas=10423298 bps=39.61 tps=6113 mgps=599.1 avgBps=34.12 avgTps=5402 avgMGps=516.9 elapsed=5h36m6s
Aug 29 12:13:26 nimbus-eth1-mainnet-short-benchmark[782877]: INF 2026-08-29 12:13:26.546+00:00 Imported blocks                            blockNumber=20696321 slot=9904930 blocks=696320 txs=110235786 mgas=10547469 bps=37.37 tps=5917 mgps=566.4 avgBps=34.16 avgTps=5407 avgMGps=517.4 elapsed=5h39m45s
Aug 29 12:17:23 nimbus-eth1-mainnet-short-benchmark[782877]: INF 2026-08-29 12:17:23.234+00:00 Imported blocks                            blockNumber=20704513 slot=9913154 blocks=704512 txs=111483759 mgas=10671677 bps=34.61 tps=5272 mgps=524.8 avgBps=34.16 avgTps=5406 avgMGps=517.5 elapsed=5h43m41s
Aug 29 12:21:04 nimbus-eth1-mainnet-short-benchmark[782877]: INF 2026-08-29 12:21:04.563+00:00 Imported blocks                            blockNumber=20712705 slot=9921388 blocks=712704 txs=112764170 mgas=10795980 bps=37.01 tps=5785 mgps=561.6 avgBps=34.19 avgTps=5410 avgMGps=518.0 elapsed=5h47m23s
Aug 29 12:24:32 nimbus-eth1-mainnet-short-benchmark[782877]: INF 2026-08-29 12:24:32.120+00:00 Imported blocks                            blockNumber=20720897 slot=9929633 blocks=720896 txs=114110517 mgas=10919926 bps=39.47 tps=6486 mgps=597.2 avgBps=34.25 avgTps=5420 avgMGps=518.7 elapsed=5h50m50s
Aug 29 12:28:07 nimbus-eth1-mainnet-short-benchmark[782877]: INF 2026-08-29 12:28:07.837+00:00 Imported blocks                            blockNumber=20729089 slot=9937869 blocks=729088 txs=115449431 mgas=11043768 bps=37.98 tps=6206 mgps=574.1 avgBps=34.28 avgTps=5428 avgMGps=519.3 elapsed=5h54m26s
Aug 29 12:31:35 nimbus-eth1-mainnet-short-benchmark[782877]: INF 2026-08-29 12:31:35.658+00:00 Imported blocks                            blockNumber=20737281 slot=9946108 blocks=737280 txs=116784468 mgas=11167784 bps=39.42 tps=6423 mgps=596.7 avgBps=34.33 avgTps=5438 avgMGps=520.1 elapsed=5h57m54s
Aug 29 12:35:11 nimbus-eth1-mainnet-short-benchmark[782877]: INF 2026-08-29 12:35:11.763+00:00 Imported blocks                            blockNumber=20745473 slot=9954342 blocks=745472 txs=118101003 mgas=11291742 bps=37.91 tps=6092 mgps=573.6 avgBps=34.37 avgTps=5444 avgMGps=520.6 elapsed=6h1m30s
Aug 29 12:39:04 nimbus-eth1-mainnet-short-benchmark[782877]: INF 2026-08-29 12:39:04.768+00:00 Imported blocks                            blockNumber=20753665 slot=9962581 blocks=753664 txs=119337525 mgas=11415859 bps=35.16 tps=5306 mgps=532.7 avgBps=34.38 avgTps=5443 avgMGps=520.7 elapsed=6h5m23s
Aug 29 12:42:45 nimbus-eth1-mainnet-short-benchmark[782877]: INF 2026-08-29 12:42:45.313+00:00 Imported blocks                            blockNumber=20761857 slot=9970803 blocks=761856 txs=120564314 mgas=11540225 bps=37.14 tps=5562 mgps=563.9 avgBps=34.40 avgTps=5444 avgMGps=521.1 elapsed=6h9m4s
Aug 29 12:46:13 nimbus-eth1-mainnet-short-benchmark[782877]: INF 2026-08-29 12:46:13.594+00:00 Imported blocks                            blockNumber=20770049 slot=9979058 blocks=770048 txs=121858083 mgas=11663918 bps=39.33 tps=6211 mgps=593.9 avgBps=34.45 avgTps=5451 avgMGps=521.8 elapsed=6h12m32s
Aug 29 12:49:34 nimbus-eth1-mainnet-short-benchmark[782877]: INF 2026-08-29 12:49:34.031+00:00 Imported blocks                            blockNumber=20778241 slot=9987307 blocks=778240 txs=123161734 mgas=11787906 bps=40.87 tps=6504 mgps=618.6 avgBps=34.51 avgTps=5461 avgMGps=522.7 elapsed=6h15m52s
Aug 29 12:52:46 nimbus-eth1-mainnet-short-benchmark[782877]: INF 2026-08-29 12:52:46.556+00:00 Imported blocks                            blockNumber=20786433 slot=9995542 blocks=786432 txs=124509456 mgas=11911612 bps=42.55 tps=7000 mgps=642.5 avgBps=34.58 avgTps=5474 avgMGps=523.7 elapsed=6h19m5s
Aug 29 12:56:06 nimbus-eth1-mainnet-short-benchmark[782877]: INF 2026-08-29 12:56:06.613+00:00 Imported blocks                            blockNumber=20794625 slot=10003781 blocks=794624 txs=125848921 mgas=12035338 bps=40.95 tps=6695 mgps=618.5 avgBps=34.63 avgTps=5484 avgMGps=524.5 elapsed=6h22m25s
Aug 29 12:59:31 nimbus-eth1-mainnet-short-benchmark[782877]: INF 2026-08-29 12:59:31.767+00:00 Imported blocks                            blockNumber=20802817 slot=10012028 blocks=802816 txs=127089868 mgas=12158989 bps=39.93 tps=6048 mgps=602.7 avgBps=34.68 avgTps=5489 avgMGps=525.2 elapsed=6h25m50s
Aug 29 13:03:05 nimbus-eth1-mainnet-short-benchmark[782877]: INF 2026-08-29 13:03:05.727+00:00 Imported blocks                            blockNumber=20811009 slot=10020249 blocks=811008 txs=128299762 mgas=12282850 bps=38.29 tps=5654 mgps=578.9 avgBps=34.71 avgTps=5491 avgMGps=525.7 elapsed=6h29m24s
Aug 29 13:06:25 nimbus-eth1-mainnet-short-benchmark[782877]: INF 2026-08-29 13:06:25.373+00:00 Imported blocks                            blockNumber=20819201 slot=10028481 blocks=819200 txs=129596319 mgas=12406594 bps=41.03 tps=6494 mgps=619.8 avgBps=34.76 avgTps=5499 avgMGps=526.5 elapsed=6h32m44s
Aug 29 13:09:43 nimbus-eth1-mainnet-short-benchmark[782877]: INF 2026-08-29 13:09:43.338+00:00 Imported blocks                            blockNumber=20827393 slot=10036710 blocks=827392 txs=130916729 mgas=12530249 bps=41.38 tps=6669 mgps=624.6 avgBps=34.82 avgTps=5509 avgMGps=527.3 elapsed=6h36m2s
Aug 29 13:13:02 nimbus-eth1-mainnet-short-benchmark[782877]: INF 2026-08-29 13:13:02.635+00:00 Imported blocks                            blockNumber=20835585 slot=10044938 blocks=835584 txs=132226625 mgas=12654070 bps=41.10 tps=6572 mgps=621.3 avgBps=34.87 avgTps=5518 avgMGps=528.1 elapsed=6h39m21s
Aug 29 13:16:34 nimbus-eth1-mainnet-short-benchmark[782877]: INF 2026-08-29 13:16:34.960+00:00 Imported blocks                            blockNumber=20843777 slot=10053164 blocks=843776 txs=133604192 mgas=12777730 bps=38.58 tps=6488 mgps=582.4 avgBps=34.90 avgTps=5526 avgMGps=528.6 elapsed=6h42m53s
Aug 29 13:20:34 nimbus-eth1-mainnet-short-benchmark[782877]: INF 2026-08-29 13:20:34.061+00:00 Imported blocks                            blockNumber=20851969 slot=10061391 blocks=851968 txs=134900706 mgas=12901664 bps=34.26 tps=5422 mgps=518.3 avgBps=34.90 avgTps=5525 avgMGps=528.5 elapsed=6h46m52s
Aug 29 13:24:19 nimbus-eth1-mainnet-short-benchmark[782877]: INF 2026-08-29 13:24:19.981+00:00 Imported blocks                            blockNumber=20860161 slot=10069622 blocks=860160 txs=136168750 mgas=13025603 bps=36.26 tps=5612 mgps=548.6 avgBps=34.91 avgTps=5526 avgMGps=528.7 elapsed=6h50m38s
Aug 29 13:28:03 nimbus-eth1-mainnet-short-benchmark[782877]: INF 2026-08-29 13:28:03.494+00:00 Imported blocks                            blockNumber=20868353 slot=10077838 blocks=868352 txs=137550724 mgas=13149742 bps=36.65 tps=6183 mgps=555.4 avgBps=34.93 avgTps=5532 avgMGps=528.9 elapsed=6h54m22s
Aug 29 13:31:43 nimbus-eth1-mainnet-short-benchmark[782877]: INF 2026-08-29 13:31:43.695+00:00 Imported blocks                            blockNumber=20876545 slot=10086066 blocks=876544 txs=138954673 mgas=13273457 bps=37.20 tps=6375 mgps=561.8 avgBps=34.95 avgTps=5539 avgMGps=529.2 elapsed=6h58m2s
Aug 29 13:35:19 nimbus-eth1-mainnet-short-benchmark[782877]: INF 2026-08-29 13:35:19.588+00:00 Imported blocks                            blockNumber=20884737 slot=10094286 blocks=884736 txs=140256178 mgas=13397479 bps=37.95 tps=6028 mgps=574.5 avgBps=34.97 avgTps=5544 avgMGps=529.6 elapsed=7h1m38s
Aug 29 13:38:49 nimbus-eth1-mainnet-short-benchmark[782877]: INF 2026-08-29 13:38:49.361+00:00 Imported blocks                            blockNumber=20892929 slot=10102512 blocks=892928 txs=141581868 mgas=13521575 bps=39.05 tps=6319 mgps=591.6 avgBps=35.01 avgTps=5550 avgMGps=530.1 elapsed=7h5m8s
Aug 29 13:42:20 nimbus-eth1-mainnet-short-benchmark[782877]: INF 2026-08-29 13:42:20.586+00:00 Imported blocks                            blockNumber=20901121 slot=10110732 blocks=901120 txs=142875889 mgas=13645572 bps=38.78 tps=6126 mgps=587.0 avgBps=35.04 avgTps=5555 avgMGps=530.6 elapsed=7h8m39s
Aug 29 13:45:52 nimbus-eth1-mainnet-short-benchmark[782877]: INF 2026-08-29 13:45:52.263+00:00 Imported blocks                            blockNumber=20909313 slot=10118953 blocks=909312 txs=144102308 mgas=13769390 bps=38.70 tps=5793 mgps=584.9 avgBps=35.07 avgTps=5557 avgMGps=531.0 elapsed=7h12m10s
Aug 29 13:49:19 nimbus-eth1-mainnet-short-benchmark[782877]: INF 2026-08-29 13:49:19.236+00:00 Imported blocks                            blockNumber=20917505 slot=10127176 blocks=917504 txs=145406349 mgas=13893087 bps=39.58 tps=6300 mgps=597.7 avgBps=35.10 avgTps=5563 avgMGps=531.5 elapsed=7h15m37s
Aug 29 13:52:35 nimbus-eth1-mainnet-short-benchmark[782877]: INF 2026-08-29 13:52:35.177+00:00 Imported blocks                            blockNumber=20925697 slot=10135394 blocks=925696 txs=146718394 mgas=14016820 bps=41.81 tps=6695 mgps=631.5 avgBps=35.15 avgTps=5571 avgMGps=532.3 elapsed=7h18m53s
Aug 29 13:56:04 nimbus-eth1-mainnet-short-benchmark[782877]: INF 2026-08-29 13:56:04.186+00:00 Imported blocks                            blockNumber=20933889 slot=10143614 blocks=933888 txs=148049109 mgas=14140625 bps=39.19 tps=6366 mgps=592.3 avgBps=35.18 avgTps=5577 avgMGps=532.7 elapsed=7h22m22s
Aug 29 13:59:29 nimbus-eth1-mainnet-short-benchmark[782877]: INF 2026-08-29 13:59:29.127+00:00 Imported blocks                            blockNumber=20942081 slot=10151840 blocks=942080 txs=149397364 mgas=14264352 bps=39.97 tps=6578 mgps=603.7 avgBps=35.22 avgTps=5585 avgMGps=533.3 elapsed=7h25m47s
Aug 29 14:02:56 nimbus-eth1-mainnet-short-benchmark[782877]: INF 2026-08-29 14:02:56.924+00:00 Imported blocks                            blockNumber=20950273 slot=10160098 blocks=950272 txs=150765507 mgas=14388237 bps=39.42 tps=6583 mgps=596.2 avgBps=35.25 avgTps=5593 avgMGps=533.8 elapsed=7h29m15s
Aug 29 14:06:38 nimbus-eth1-mainnet-short-benchmark[782877]: INF 2026-08-29 14:06:38.437+00:00 Imported blocks                            blockNumber=20958465 slot=10168363 blocks=958464 txs=152044771 mgas=14511987 bps=36.98 tps=5775 mgps=558.7 avgBps=35.27 avgTps=5594 avgMGps=534.0 elapsed=7h32m57s
Aug 29 14:10:11 nimbus-eth1-mainnet-short-benchmark[782877]: INF 2026-08-29 14:10:11.090+00:00 Imported blocks                            blockNumber=20966657 slot=10176609 blocks=966656 txs=153365296 mgas=14635804 bps=38.52 tps=6209 mgps=582.3 avgBps=35.29 avgTps=5599 avgMGps=534.4 elapsed=7h36m29s
Aug 29 14:13:42 nimbus-eth1-mainnet-short-benchmark[782877]: INF 2026-08-29 14:13:42.711+00:00 Imported blocks                            blockNumber=20974849 slot=10184849 blocks=974848 txs=154744917 mgas=14759580 bps=38.71 tps=6519 mgps=584.9 avgBps=35.32 avgTps=5606 avgMGps=534.7 elapsed=7h40m1s
Aug 29 14:17:21 nimbus-eth1-mainnet-short-benchmark[782877]: INF 2026-08-29 14:17:21.768+00:00 Imported blocks                            blockNumber=20983041 slot=10193086 blocks=983040 txs=156055229 mgas=14883451 bps=37.40 tps=5981 mgps=565.5 avgBps=35.34 avgTps=5609 avgMGps=535.0 elapsed=7h43m40s
Aug 29 14:20:33 nimbus-eth1-mainnet-short-benchmark[782877]: INF 2026-08-29 14:20:33.657+00:00 Imported blocks                            blockNumber=20991233 slot=10201319 blocks=991232 txs=157563202 mgas=15007557 bps=42.69 tps=7858 mgps=646.7 avgBps=35.39 avgTps=5624 avgMGps=535.7 elapsed=7h46m52s
Aug 29 14:24:14 nimbus-eth1-mainnet-short-benchmark[782877]: INF 2026-08-29 14:24:14.690+00:00 Imported blocks                            blockNumber=20999425 slot=10209549 blocks=999424 txs=159003277 mgas=15131383 bps=37.06 tps=6515 mgps=560.2 avgBps=35.40 avgTps=5631 avgMGps=535.9 elapsed=7h50m33s
Aug 29 14:24:30 nimbus-eth1-mainnet-short-benchmark[782877]: INF 2026-08-29 14:24:30.726+00:00 Imported blocks                            blockNumber=21000001 slot=10210128 blocks=1000000 txs=159109486 mgas=15140191 bps=35.92 tps=6624 mgps=549.3 avgBps=35.40 avgTps=5632 avgMGps=535.9 elapsed=7h50m49s
Aug 29 14:24:30 nimbus-eth1-mainnet-short-benchmark[782877]: NTC 2026-08-29 14:24:30.726+00:00 Import complete                            blockNumber=21000001 slot=10210128 blocks=1000000 txs=159109486 mgas=15140191
Aug 29 14:24:31 nimbus-eth1-mainnet-short-benchmark[750765]: <<< ending startNimbusWithImport (success)
Aug 29 14:24:31 nimbus-eth1-mainnet-short-benchmark[750765]: >>> starting moveBenchmarkingFileToRepo
Aug 29 14:24:31 nimbus-eth1-mainnet-short-benchmark[750765]: >>> copying debug-csv generated by nimbus to benchmarks repo
Aug 29 14:24:31 nimbus-eth1-mainnet-short-benchmark[750765]: <<< ending moveBenchmarkingFileToRepo (success)
Aug 29 14:24:31 nimbus-eth1-mainnet-short-benchmark[750765]: >>> starting generateBuildEnvironmentLogFile
Aug 29 14:24:40 nimbus-eth1-mainnet-short-benchmark[750765]: <<< ending generateBuildEnvironmentLogFile (success)
Aug 29 14:24:40 nimbus-eth1-mainnet-short-benchmark[750765]: >>> starting generateSystemdServiceLogs
