=== System Information Report ===
>>> Generated on: Thu Sep 24 11:20:19 PM UTC 2026
==========================
>>> CPU Architecture: x86_64
>>> CPU Byte Order: Little Endian
>>> CPU Cores: 16
>>> CPU Model: AMD Ryzen 7 PRO 8700GE w/ Radeon 780M Graphics
>>> CPU Cache Information:
L1d Cache: 256 KiB (8 instances)
L1i Cache: 256 KiB (8 instances)
L2 Cache: 8 MiB (8 instances)
L3 Cache: 16 MiB (1 instance)
>>> RAM Size: 61Gi
>>> Hard Disk Information:
/dev/md2 : 437G total, 199G free
/dev/md1 : 989M total, 690M free
/dev/nvme0n1p1 : 256M total, 256M free
/dev/nvme1n1 : 1.9T total, 486G free
==========================
=== Nimbus-ETH1 Benchmarking Report ===
>>> Total time spent in benchmarking (nanoseconds): 27978494010589
>>> Total time spent in benchmarking (human readable format): 7 hours 46 minutes 18 seconds
>>> Start block number is 20000001
>>> End block number is 21000001
==========================
=== Comparison of last two benchmarks ===
sort: write failed: 'standard output': Broken pipe
sort: write error
sort: write failed: 'standard output': Broken pipe
sort: write error
python /data/status-im/nimbus-eth1/scripts/block-import-stats.py /data/status-im/nimbus-eth1-benchmarks/short-benchmark/20260924T072558_637caf0a/blocks-import-benchmark.csv /data/status-im/nimbus-eth1-benchmarks/short-benchmark/20260924T152428_4b0ce0b9/blocks-import-benchmark.csv
blocks-import-benchmark.csv vs blocks-import-benchmark.csv
                      bps_x  bps_y     tps_x     tps_y   time_x   time_y    bpsd    tpsd   timed
block_number                                                                                    
(20000001, 20111112]  29.78  29.65  4,863.18  4,842.55  1h0m32s  1h0m56s  -0.53%  -0.53%   0.54%
(20111112, 20222223]  33.53  33.52  5,482.13  5,481.11   57m12s   57m12s  -0.01%  -0.01%   0.02%
(20222223, 20333334]  35.23  35.26  5,709.92  5,715.89   50m35s   50m32s   0.10%   0.10%  -0.10%
(20333334, 20444445]  36.74  36.78  5,788.59  5,794.63   52m14s   52m12s   0.09%   0.09%  -0.09%
(20444445, 20555556]  36.29  36.27  5,591.61  5,589.09    49m1s    49m2s  -0.02%  -0.02%   0.03%
(20555556, 20666667]  36.25  36.33  5,474.53  5,487.28   52m45s   52m38s   0.23%   0.23%  -0.23%
(20666667, 20777778]  37.93  38.23  5,968.72  6,015.37   46m53s   46m31s   0.78%   0.78%  -0.77%
(20777778, 20888889]  39.15  39.42  6,280.82  6,324.11    49m0s   48m40s   0.69%   0.69%  -0.69%
(20888889, 21000001]  39.17  39.42  6,457.15  6,496.80   48m53s   48m31s   0.62%   0.62%  -0.62%

blocks: 991808, baseline: 7h47m10s, contender: 7h46m18s
Time (total): -52s, -0.19%

bpsd = blocks per sec diff (+), tpsd = txs per sec diff, timed = time to process diff (-)
+ = more is better, - = less is better
==========================
