Sep 24 15:24:08 nimbus-eth1-mainnet-short-benchmark[4167544]: >>> starting cloneOrFetchBenchmarksRepo
Sep 24 15:24:09 nimbus-eth1-mainnet-short-benchmark[4167544]: >>> Fetching latest changes for nimbus-eth1-benchmarks...
Sep 24 15:24:10 nimbus-eth1-mainnet-short-benchmark[4167598]: HEAD is now at 860615b chore: update short benchmark Readme
Sep 24 15:24:10 nimbus-eth1-mainnet-short-benchmark[4167544]: <<< ending cloneOrFetchBenchmarksRepo (success)
Sep 24 15:24:10 nimbus-eth1-mainnet-short-benchmark[4167544]: >>> starting cloneOrFetchNimbusRepo
Sep 24 15:24:22 nimbus-eth1-mainnet-short-benchmark[4167544]: >>> Fetching latest changes for nimbus-eth1...
Sep 24 15:24:23 nimbus-eth1-mainnet-short-benchmark[4167958]: From https://github.com/status-im/nimbus-eth1
Sep 24 15:24:23 nimbus-eth1-mainnet-short-benchmark[4167958]:    637caf0a1..4dc018eb1  master             -> origin/master
Sep 24 15:24:23 nimbus-eth1-mainnet-short-benchmark[4167958]:  + e323f565d...c767e8855 eip-8141           -> origin/eip-8141  (forced update)
Sep 24 15:24:23 nimbus-eth1-mainnet-short-benchmark[4167958]:  * [new branch]          fc-asynclock       -> origin/fc-asynclock
Sep 24 15:24:23 nimbus-eth1-mainnet-short-benchmark[4167958]:  * [new branch]          remove-txFrame-v1  -> origin/remove-txFrame-v1
Sep 24 15:24:23 nimbus-eth1-mainnet-short-benchmark[4167958]:  + da3edf821...61e66f267 ssz-rest           -> origin/ssz-rest  (forced update)
Sep 24 15:24:23 nimbus-eth1-mainnet-short-benchmark[4167958]:    5af33d0da..60856bc23  txframe            -> origin/txframe
Sep 24 15:24:23 nimbus-eth1-mainnet-short-benchmark[4167958]:  * [new branch]          txframe-memory-opt -> origin/txframe-memory-opt
Sep 24 15:24:23 nimbus-eth1-mainnet-short-benchmark[4167958]: warning: 4dc018eb118182174bb70f7d37203cd0edbbd5cf:.gitmodules, multiple configurations found for 'submodule.vendor/nim-libplum.path'. Skipping second one!
Sep 24 15:24:23 nimbus-eth1-mainnet-short-benchmark[4167958]: warning: 4dc018eb118182174bb70f7d37203cd0edbbd5cf:.gitmodules, multiple configurations found for 'submodule.vendor/nim-libplum.url'. Skipping second one!
Sep 24 15:24:23 nimbus-eth1-mainnet-short-benchmark[4167958]: Fetching submodule vendor/nim-eth
Sep 24 15:24:24 nimbus-eth1-mainnet-short-benchmark[4167958]: From https://github.com/status-im/nim-eth
Sep 24 15:24:24 nimbus-eth1-mainnet-short-benchmark[4167958]:  * [new branch]      discv5-enr-auto-update-ip-only -> origin/discv5-enr-auto-update-ip-only
Sep 24 15:24:24 nimbus-eth1-mainnet-short-benchmark[4167958]:    e0bdea7..b581711  eip-8141   -> origin/eip-8141
Sep 24 15:24:24 nimbus-eth1-mainnet-short-benchmark[4167958]:    bfa9344..1f5d7cc  master     -> origin/master
Sep 24 15:24:24 nimbus-eth1-mainnet-short-benchmark[4167958]: Fetching submodule vendor/nim-stew
Sep 24 15:24:24 nimbus-eth1-mainnet-short-benchmark[4167958]: From https://github.com/status-im/nim-stew
Sep 24 15:24:24 nimbus-eth1-mainnet-short-benchmark[4167958]:    c75502c..58dec23  master     -> origin/master
Sep 24 15:24:25 nimbus-eth1-mainnet-short-benchmark[4167958]: Fetching submodule vendor/nimbus-eth2
Sep 24 15:24:26 nimbus-eth1-mainnet-short-benchmark[4167958]: From https://github.com/status-im/nimbus-eth2
Sep 24 15:24:26 nimbus-eth1-mainnet-short-benchmark[4167958]:  + e0265c98d...5ec26ee58 S0s                     -> origin/S0s  (forced update)
Sep 24 15:24:26 nimbus-eth1-mainnet-short-benchmark[4167958]:  * [new branch]          bump-geth-1-17-6        -> origin/bump-geth-1-17-6
Sep 24 15:24:26 nimbus-eth1-mainnet-short-benchmark[4167958]:  * [new branch]          discv5-enr-auto-update-ip-only -> origin/discv5-enr-auto-update-ip-only
Sep 24 15:24:26 nimbus-eth1-mainnet-short-benchmark[4167958]:  + 5ef58a780...101a18f7f engine-ssz-api-isolated -> origin/engine-ssz-api-isolated  (forced update)
Sep 24 15:24:26 nimbus-eth1-mainnet-short-benchmark[4167958]:    84e94a7ec..b0ce9aa62  fdr                     -> origin/fdr
Sep 24 15:24:26 nimbus-eth1-mainnet-short-benchmark[4167958]:    c0c350cf9..75ac82ffa  n5T                     -> origin/n5T
Sep 24 15:24:26 nimbus-eth1-mainnet-short-benchmark[4167958]:    8cc4477db..6a913e723  unstable                -> origin/unstable
Sep 24 15:24:26 nimbus-eth1-mainnet-short-benchmark[4167958]: fatal: exec 'rev-list': cd to 'vendor/nim-ssz-serialization' failed: No such file or directory
Sep 24 15:24:26 nimbus-eth1-mainnet-short-benchmark[4167958]: Fetching submodule vendor/nimbus-eth2/vendor/nim-eth
Sep 24 15:24:26 nimbus-eth1-mainnet-short-benchmark[4167958]: From https://github.com/status-im/nim-eth
Sep 24 15:24:26 nimbus-eth1-mainnet-short-benchmark[4167958]:  * [new branch]      discv5-enr-auto-update-ip-only -> origin/discv5-enr-auto-update-ip-only
Sep 24 15:24:26 nimbus-eth1-mainnet-short-benchmark[4167958]: Fetching submodule vendor/nimbus-eth2/vendor/nim-ssz-serialization
Sep 24 15:24:27 nimbus-eth1-mainnet-short-benchmark[4167958]: Fetching submodule vendor/nimbus-eth2/vendor/nim-stew
Sep 24 15:24:28 nimbus-eth1-mainnet-short-benchmark[4167958]: From https://github.com/status-im/nim-stew
Sep 24 15:24:28 nimbus-eth1-mainnet-short-benchmark[4167958]:    232673b..58dec23  master      -> origin/master
Sep 24 15:24:28 nimbus-eth1-mainnet-short-benchmark[4167958]:  * [new branch]      test-minver -> origin/test-minver
Sep 24 15:24:28 nimbus-eth1-mainnet-short-benchmark[4167958]:  * [new tag]         v0.5.2      -> v0.5.2
Sep 24 15:24:28 nimbus-eth1-mainnet-short-benchmark[4168040]: HEAD is now at 4dc018eb1 eth2: bump (#4838)
Sep 24 15:24:28 nimbus-eth1-mainnet-short-benchmark[4167544]: >>> Found last benchmarked commit: 637caf0a
Sep 24 15:24:28 nimbus-eth1-mainnet-short-benchmark[4167544]: >>> Using next commit: 4b0ce0b937d48c5ac8f7b72f39d438d8aa0be0e2
Sep 24 15:24:28 nimbus-eth1-mainnet-short-benchmark[4168056]: HEAD is now at 4b0ce0b93 stop using broken atConsensusFork in favor of atEpoch (#4840)
Sep 24 15:24:28 nimbus-eth1-mainnet-short-benchmark[4167544]: >>> Current commit: 4b0ce0b93
Sep 24 15:24:28 nimbus-eth1-mainnet-short-benchmark[4167544]: <<< ending cloneOrFetchNimbusRepo (success)
Sep 24 15:24:28 nimbus-eth1-mainnet-short-benchmark[4167544]: >>> starting buildBinaries
Sep 24 15:24:28 nimbus-eth1-mainnet-short-benchmark[4167544]: >>> Building binaries for commit 4b0ce0b9...
Sep 24 15:24:42 nimbus-eth1-mainnet-short-benchmark[4173591]: Building: Nim compiler
Sep 24 15:27:48 nimbus-eth1-mainnet-short-benchmark[4173591]: Building custom Nimble commit: 42ef70c2102a942c46f13eb76872326edd525cec
Sep 24 15:28:01 nimbus-eth1-mainnet-short-benchmark[4173591]: Building Nimble...
Sep 24 15:28:11 nimbus-eth1-mainnet-short-benchmark[4173591]: Replacing nimble binary...
Sep 24 15:28:18 nimbus-eth1-mainnet-short-benchmark[4190290]: Building: build/generate_makefile
Sep 24 15:28:19 nimbus-eth1-mainnet-short-benchmark[4190154]: ROCKSDB CACHED VERSION: 11.8.1
Sep 24 15:28:19 nimbus-eth1-mainnet-short-benchmark[4190555]: RocksDb static libraries already built. Skipping build.
Sep 24 15:28:19 nimbus-eth1-mainnet-short-benchmark[4190290]: Build completed successfully: build/generate_makefile
Sep 24 15:28:19 nimbus-eth1-mainnet-short-benchmark[4190622]: Building: build/nimbus_execution_client
Sep 24 15:30:42 nimbus-eth1-mainnet-short-benchmark[4190622]: Build completed successfully: build/nimbus_execution_client
Sep 24 15:30:42 nimbus-eth1-mainnet-short-benchmark[4167544]: >>> renaming binaries to match commit they were built from
Sep 24 15:30:42 nimbus-eth1-mainnet-short-benchmark[4167544]: >>> creating a symbolic link to the latest version
Sep 24 15:30:42 nimbus-eth1-mainnet-short-benchmark[4167544]: >>> deleting copies that are older than N days
Sep 24 15:30:42 nimbus-eth1-mainnet-short-benchmark[4167544]: <<< ending buildBinaries (success)
Sep 24 15:30:42 nimbus-eth1-mainnet-short-benchmark[4167544]: >>> starting skipOrContinueBenchmark
Sep 24 15:30:42 nimbus-eth1-mainnet-short-benchmark[4167544]: <<< ending skipOrContinueBenchmark (success)
Sep 24 15:30:42 nimbus-eth1-mainnet-short-benchmark[4167544]: >>> starting copyTemplateDatabase
Sep 24 15:30:42 nimbus-eth1-mainnet-short-benchmark[4167544]: >>> Copying template db into nimbus data directory
Sep 24 15:33:57 nimbus-eth1-mainnet-short-benchmark[4167544]: >>> Template db copied
Sep 24 15:33:57 nimbus-eth1-mainnet-short-benchmark[4167544]: >>> making nimbus the owner of the copied files
Sep 24 15:33:57 nimbus-eth1-mainnet-short-benchmark[4167544]: <<< ending copyTemplateDatabase (success)
Sep 24 15:33:57 nimbus-eth1-mainnet-short-benchmark[4167544]: >>> starting startNimbusWithImport
Sep 24 15:33:57 nimbus-eth1-mainnet-short-benchmark[2435]: INF 2026-09-24 15:33:57.676+00:00 Launching execution client                 version=v0.4.1-4b0ce0b9 config="(configFile: none(InputFile), dataDirFlag: some(/data/status-im/nimbus-eth1/data/shared_mainnet_0), era1DirFlag: some(/data/era1), eraDirFlag: some(/data/era), ereDirFlag: none(OutDir), keyStoreDirFlag: none(OutDir), importKey: , trustedSetupFile: none(string), extraData: Nimbus/v0.4.1-4b0ce0b9, gasLimit: none(uint64), maxBlobs: none(byte), network: [mainnet], logLevel: INFO, logFormat: auto, metricsEnabled: false, metricsPort: 9093, metricsAddress: 127.0.0.1, bootstrapNodes: [], elBootstrapNodes: [], bootstrapFile: , elBootstrapFile: , staticPeers: [], staticPeersFile: , reconnectMaxRetry: 0, reconnectInterval: 15, listenAddress: ::, tcpPort: 30303, udpPortFlag: none(Port), maxPeersOpt: none(int), elMaxPeersOpt: none(int), nat: (hasExtIp: false, nat: NatAny), discv5: true, netKey: random, agentString: Nimbus/v0.4.1-4b0ce0b9/linux-amd64/Nim-2.2.12, numThreads: 0, persistBatchSize: 4, dynamicBatchSize: false, rocksdbMaxOpenFiles: 2048, rocksdbWriteBufferSize: 67108864, rocksdbRowCacheSize: 0, rocksdbBlockCacheSize: 2147483648, rocksdbBlockCacheType: hyperclock, rdbVtxCacheSize: 536870912, rdbKeyCacheSize: 1342177280, rdbBranchCacheSize: 1312817152, rdbPrintStats: false, rewriteDatadirId: true, aristoDbMaxSnapshots: 5, debugParallel: none(bool), parallelStateRootComputationFlag: false, parallelSenderRecoveryFlag: true, optimisticStatePrefetchFlag: false, balStatePrefetchFlag: false, balStatePrefetchWorkers: 0, balParallelExecutionFlag: false, balPruning: true, eagerStateRootCheck: false, deserializeFcState: true, statelessProvider: false, statelessWitnessValidation: false, cmd: import, maxBlocks: 1000000, chunkSize: 8192, csvStats: some("/data/host-benchmarks/short/518aad42b73e49bb9cb39d3c40874c3c/blocks-import-benchmark.csv"), validation: false, fullValidation: false, storeBodies: false, storeReceipts: false, storeSlotHashes: false)"
Sep 24 15:33:57 nimbus-eth1-mainnet-short-benchmark[2435]: WRN 2026-09-24 15:33:57.684+00:00 Data directory has insecure permissions. Correcting them. data_dir=/data/status-im/nimbus-eth1/data/shared_mainnet_0 current_permissions=0755 required_permissions=0700
Sep 24 15:33:59 nimbus-eth1-mainnet-short-benchmark[2435]: INF 2026-09-24 15:33:59.516+00:00 Taskpool started                           numThreads=16
Sep 24 15:33:59 nimbus-eth1-mainnet-short-benchmark[2435]: CreateIOUring failed: Invalid argument (errno=22), thread=139815068630272
Sep 24 15:33:59 nimbus-eth1-mainnet-short-benchmark[2435]: INF 2026-09-24 15:33:59.648+00:00 Database initialized                       base="(0xd24fd73f794058a3807db926d8898c6481e902b7edb91ce0d479d6760f276183, 20000000)" finalized="(0xd24fd73f794058a3807db926d8898c6481e902b7edb91ce0d479d6760f276183, 20000000)" head="(0xd4e56740f876aef8c010b86a40d5f56745a118d0906a34e69aec8c0db1cb8fa3, 0)"
Sep 24 15:33:59 nimbus-eth1-mainnet-short-benchmark[2435]: NTC 2026-09-24 15:33:59.648+00:00 Could not open ere database, falling back to era1/era import ereDir=/data/status-im/nimbus-eth1/data/shared_mainnet_0/ere networkName=mainnet error="No ere files found in /data/status-im/nimbus-eth1/data/shared_mainnet_0/ere"
Sep 24 15:33:59 nimbus-eth1-mainnet-short-benchmark[2435]: NTC 2026-09-24 15:33:59.648+00:00 Importing era archive                      blockNumber=20000001 dataDir=/data/status-im/nimbus-eth1/data/shared_mainnet_0 eraDir=/data/era
Sep 24 15:34:01 nimbus-eth1-mainnet-short-benchmark[2435]: NTC 2026-09-24 15:34:01.936+00:00 Matched block to slot number               blockNumber=20000001 slot=9204783
Sep 24 15:40:22 nimbus-eth1-mainnet-short-benchmark[2435]: INF 2026-09-24 15:40:22.046+00:00 Imported blocks                            blockNumber=20008193 slot=9213020 blocks=8192 txs=1226966 mgas=124237 bps=21.42 tps=3208 mgps=324.9 avgBps=21.42 avgTps=3208 avgMGps=324.9 elapsed=6m22s402ms
Sep 24 15:45:51 nimbus-eth1-mainnet-short-benchmark[2435]: INF 2026-09-24 15:45:51.066+00:00 Imported blocks                            blockNumber=20016385 slot=9221256 blocks=16384 txs=2540380 mgas=248071 bps=24.90 tps=3991 mgps=376.4 avgBps=23.03 avgTps=3570 avgMGps=348.7 elapsed=11m51s420ms
Sep 24 15:51:10 nimbus-eth1-mainnet-short-benchmark[2435]: INF 2026-09-24 15:51:10.425+00:00 Imported blocks                            blockNumber=20024577 slot=9229485 blocks=24576 txs=3869398 mgas=372018 bps=25.65 tps=4161 mgps=388.1 avgBps=23.84 avgTps=3753 avgMGps=360.9 elapsed=17m10s781ms
Sep 24 15:55:50 nimbus-eth1-mainnet-short-benchmark[2435]: INF 2026-09-24 15:55:50.713+00:00 Imported blocks                            blockNumber=20032769 slot=9237722 blocks=32768 txs=5222766 mgas=495797 bps=29.23 tps=4828 mgps=441.6 avgBps=24.99 avgTps=3983 avgMGps=378.2 elapsed=21m51s69ms
Sep 24 16:00:19 nimbus-eth1-mainnet-short-benchmark[2435]: INF 2026-09-24 16:00:19.049+00:00 Imported blocks                            blockNumber=20040961 slot=9245957 blocks=40960 txs=6566802 mgas=619586 bps=30.53 tps=5008 mgps=461.3 avgBps=25.93 avgTps=4157 avgMGps=392.3 elapsed=26m19s405ms
Sep 24 16:05:14 nimbus-eth1-mainnet-short-benchmark[2435]: INF 2026-09-24 16:05:14.665+00:00 Imported blocks                            blockNumber=20049153 slot=9254196 blocks=49152 txs=7904746 mgas=743522 bps=27.71 tps=4525 mgps=419.2 avgBps=26.21 avgTps=4215 avgMGps=396.5 elapsed=31m15s22ms
Sep 24 16:09:55 nimbus-eth1-mainnet-short-benchmark[2435]: INF 2026-09-24 16:09:55.309+00:00 Imported blocks                            blockNumber=20057345 slot=9262435 blocks=57344 txs=9212009 mgas=867360 bps=29.19 tps=4658 mgps=441.3 avgBps=26.60 avgTps=4273 avgMGps=402.4 elapsed=35m55s665ms
Sep 24 16:14:16 nimbus-eth1-mainnet-short-benchmark[2435]: INF 2026-09-24 16:14:16.469+00:00 Imported blocks                            blockNumber=20065537 slot=9270674 blocks=65536 txs=10559018 mgas=991371 bps=31.37 tps=5157 mgps=474.8 avgBps=27.12 avgTps=4368 avgMGps=410.2 elapsed=40m16s825ms
Sep 24 16:18:26 nimbus-eth1-mainnet-short-benchmark[2435]: INF 2026-09-24 16:18:26.378+00:00 Imported blocks                            blockNumber=20073729 slot=9278910 blocks=73728 txs=11898676 mgas=1115111 bps=32.78 tps=5360 mgps=495.1 avgBps=27.65 avgTps=4461 avgMGps=418.2 elapsed=44m26s733ms
Sep 24 16:22:25 nimbus-eth1-mainnet-short-benchmark[2435]: INF 2026-09-24 16:22:25.030+00:00 Imported blocks                            blockNumber=20081921 slot=9287152 blocks=81920 txs=13323263 mgas=1239150 bps=34.33 tps=5969 mgps=519.7 avgBps=28.20 avgTps=4585 avgMGps=426.5 elapsed=48m25s386ms
Sep 24 16:26:20 nimbus-eth1-mainnet-short-benchmark[2435]: INF 2026-09-24 16:26:20.339+00:00 Imported blocks                            blockNumber=20090113 slot=9295408 blocks=90112 txs=14697082 mgas=1363113 bps=34.81 tps=5838 mgps=526.8 avgBps=28.69 avgTps=4679 avgMGps=434.0 elapsed=52m20s693ms
Sep 24 16:30:32 nimbus-eth1-mainnet-short-benchmark[2435]: INF 2026-09-24 16:30:32.244+00:00 Imported blocks                            blockNumber=20098305 slot=9303658 blocks=98304 txs=16025683 mgas=1487146 bps=32.52 tps=5274 mgps=492.4 avgBps=28.98 avgTps=4723 avgMGps=438.4 elapsed=56m32s595ms
Sep 24 16:34:56 nimbus-eth1-mainnet-short-benchmark[2435]: INF 2026-09-24 16:34:56.148+00:00 Imported blocks                            blockNumber=20106497 slot=9311895 blocks=106496 txs=17337157 mgas=1611066 bps=31.04 tps=4969 mgps=469.6 avgBps=29.13 avgTps=4741 avgMGps=440.6 elapsed=1h56s500ms
Sep 24 16:39:06 nimbus-eth1-mainnet-short-benchmark[2435]: INF 2026-09-24 16:39:06.092+00:00 Imported blocks                            blockNumber=20114689 slot=9320146 blocks=114688 txs=18632097 mgas=1735123 bps=32.78 tps=5180 mgps=496.3 avgBps=29.36 avgTps=4769 avgMGps=444.2 elapsed=1h5m6s
Sep 24 16:43:00 nimbus-eth1-mainnet-short-benchmark[2435]: INF 2026-09-24 16:43:00.381+00:00 Imported blocks                            blockNumber=20122881 slot=9328409 blocks=122880 txs=19937418 mgas=1859249 bps=34.96 tps=5571 mgps=529.8 avgBps=29.68 avgTps=4814 avgMGps=449.0 elapsed=1h9m738ms
Sep 24 16:46:51 nimbus-eth1-mainnet-short-benchmark[2435]: INF 2026-09-24 16:46:51.190+00:00 Imported blocks                            blockNumber=20131073 slot=9336660 blocks=131072 txs=21214129 mgas=1983500 bps=35.49 tps=5531 mgps=538.3 avgBps=29.98 avgTps=4852 avgMGps=453.7 elapsed=1h12m51s
Sep 24 16:50:41 nimbus-eth1-mainnet-short-benchmark[2435]: INF 2026-09-24 16:50:41.986+00:00 Imported blocks                            blockNumber=20139265 slot=9344906 blocks=139264 txs=22579079 mgas=2107571 bps=35.49 tps=5914 mgps=537.6 avgBps=30.26 avgTps=4905 avgMGps=457.9 elapsed=1h16m42s
Sep 24 16:55:17 nimbus-eth1-mainnet-short-benchmark[2435]: INF 2026-09-24 16:55:17.398+00:00 Imported blocks                            blockNumber=20147457 slot=9353153 blocks=147456 txs=24133322 mgas=2231686 bps=29.74 tps=5643 mgps=450.7 avgBps=30.23 avgTps=4947 avgMGps=457.5 elapsed=1h21m17s
Sep 24 16:59:40 nimbus-eth1-mainnet-short-benchmark[2435]: INF 2026-09-24 16:59:40.395+00:00 Imported blocks                            blockNumber=20155649 slot=9361407 blocks=155648 txs=25424015 mgas=2356018 bps=31.15 tps=4907 mgps=472.8 avgBps=30.28 avgTps=4945 avgMGps=458.3 elapsed=1h25m40s
Sep 24 17:03:42 nimbus-eth1-mainnet-short-benchmark[2435]: INF 2026-09-24 17:03:42.247+00:00 Imported blocks                            blockNumber=20163841 slot=9369652 blocks=163840 txs=26749549 mgas=2480207 bps=33.87 tps=5480 mgps=513.5 avgBps=30.44 avgTps=4969 avgMGps=460.8 elapsed=1h29m42s
Sep 24 17:07:39 nimbus-eth1-mainnet-short-benchmark[2435]: INF 2026-09-24 17:07:39.708+00:00 Imported blocks                            blockNumber=20172033 slot=9377892 blocks=172032 txs=28105316 mgas=2604026 bps=34.50 tps=5709 mgps=521.4 avgBps=30.61 avgTps=5000 avgMGps=463.3 elapsed=1h33m40s
Sep 24 17:11:42 nimbus-eth1-mainnet-short-benchmark[2435]: INF 2026-09-24 17:11:42.700+00:00 Imported blocks                            blockNumber=20180225 slot=9386128 blocks=180224 txs=29524405 mgas=2728170 bps=33.71 tps=5839 mgps=510.9 avgBps=30.74 avgTps=5035 avgMGps=465.3 elapsed=1h37m43s
Sep 24 17:15:27 nimbus-eth1-mainnet-short-benchmark[2435]: INF 2026-09-24 17:15:27.613+00:00 Imported blocks                            blockNumber=20188417 slot=9394365 blocks=188416 txs=30849021 mgas=2852023 bps=36.42 tps=5889 mgps=550.7 avgBps=30.95 avgTps=5067 avgMGps=468.5 elapsed=1h41m27s
Sep 24 17:19:38 nimbus-eth1-mainnet-short-benchmark[2435]: INF 2026-09-24 17:19:38.750+00:00 Imported blocks                            blockNumber=20196609 slot=9402602 blocks=196608 txs=32174755 mgas=2976155 bps=32.62 tps=5279 mgps=494.3 avgBps=31.02 avgTps=5075 avgMGps=469.5 elapsed=1h45m39s
Sep 24 17:24:03 nimbus-eth1-mainnet-short-benchmark[2435]: INF 2026-09-24 17:24:03.858+00:00 Imported blocks                            blockNumber=20204801 slot=9410840 blocks=204800 txs=33475942 mgas=3100410 bps=30.90 tps=4908 mgps=468.7 avgBps=31.01 avgTps=5068 avgMGps=469.5 elapsed=1h50m4s
Sep 24 17:28:08 nimbus-eth1-mainnet-short-benchmark[2435]: INF 2026-09-24 17:28:08.911+00:00 Imported blocks                            blockNumber=20212993 slot=9419071 blocks=212992 txs=34798508 mgas=3224370 bps=33.43 tps=5397 mgps=505.9 avgBps=31.10 avgTps=5080 avgMGps=470.8 elapsed=1h54m9s
Sep 24 17:32:08 nimbus-eth1-mainnet-short-benchmark[2435]: INF 2026-09-24 17:32:08.847+00:00 Imported blocks                            blockNumber=20221185 slot=9427313 blocks=221184 txs=36114045 mgas=3348169 bps=34.14 tps=5482 mgps=516.0 avgBps=31.20 avgTps=5094 avgMGps=472.3 elapsed=1h58m9s
Sep 24 17:35:47 nimbus-eth1-mainnet-short-benchmark[2435]: INF 2026-09-24 17:35:47.360+00:00 Imported blocks                            blockNumber=20229377 slot=9435549 blocks=229376 txs=37421794 mgas=3472031 bps=37.49 tps=5984 mgps=566.8 avgBps=31.39 avgTps=5120 avgMGps=475.1 elapsed=2h1m47s
Sep 24 17:39:36 nimbus-eth1-mainnet-short-benchmark[2435]: INF 2026-09-24 17:39:36.985+00:00 Imported blocks                            blockNumber=20237569 slot=9443788 blocks=237568 txs=38842064 mgas=3596351 bps=35.67 tps=6185 mgps=541.4 avgBps=31.52 avgTps=5153 avgMGps=477.1 elapsed=2h5m37s
Sep 24 17:43:46 nimbus-eth1-mainnet-short-benchmark[2435]: INF 2026-09-24 17:43:46.417+00:00 Imported blocks                            blockNumber=20245761 slot=9452021 blocks=245760 txs=40225739 mgas=3720100 bps=32.84 tps=5547 mgps=496.1 avgBps=31.56 avgTps=5165 avgMGps=477.7 elapsed=2h9m46s
Sep 24 17:48:09 nimbus-eth1-mainnet-short-benchmark[2435]: INF 2026-09-24 17:48:09.770+00:00 Imported blocks                            blockNumber=20253953 slot=9460253 blocks=253952 txs=41454921 mgas=3844385 bps=31.11 tps=4667 mgps=471.9 avgBps=31.55 avgTps=5149 avgMGps=477.6 elapsed=2h14m10s
Sep 24 17:52:18 nimbus-eth1-mainnet-short-benchmark[2435]: INF 2026-09-24 17:52:18.570+00:00 Imported blocks                            blockNumber=20262145 slot=9468495 blocks=262144 txs=42726051 mgas=3968623 bps=32.93 tps=5109 mgps=499.4 avgBps=31.59 avgTps=5148 avgMGps=478.2 elapsed=2h18m18s
Sep 24 17:56:12 nimbus-eth1-mainnet-short-benchmark[2435]: INF 2026-09-24 17:56:12.803+00:00 Imported blocks                            blockNumber=20270337 slot=9476748 blocks=270336 txs=44050436 mgas=4092682 bps=34.97 tps=5654 mgps=529.6 avgBps=31.68 avgTps=5162 avgMGps=479.6 elapsed=2h22m13s
Sep 24 17:59:50 nimbus-eth1-mainnet-short-benchmark[2435]: INF 2026-09-24 17:59:50.752+00:00 Imported blocks                            blockNumber=20278529 slot=9484981 blocks=278528 txs=45382368 mgas=4216487 bps=37.59 tps=6111 mgps=568.0 avgBps=31.83 avgTps=5185 avgMGps=481.8 elapsed=2h25m51s
Sep 24 18:03:33 nimbus-eth1-mainnet-short-benchmark[2435]: INF 2026-09-24 18:03:33.324+00:00 Imported blocks                            blockNumber=20286721 slot=9493213 blocks=286720 txs=46733429 mgas=4340363 bps=36.81 tps=6070 mgps=556.6 avgBps=31.95 avgTps=5207 avgMGps=483.7 elapsed=2h29m33s
Sep 24 18:07:39 nimbus-eth1-mainnet-short-benchmark[2435]: INF 2026-09-24 18:07:39.289+00:00 Imported blocks                            blockNumber=20294913 slot=9501453 blocks=294912 txs=48075887 mgas=4464376 bps=33.31 tps=5457 mgps=504.2 avgBps=31.99 avgTps=5214 avgMGps=484.2 elapsed=2h33m39s
Sep 24 18:11:38 nimbus-eth1-mainnet-short-benchmark[2435]: INF 2026-09-24 18:11:38.774+00:00 Imported blocks                            blockNumber=20303105 slot=9509696 blocks=303104 txs=49379538 mgas=4588534 bps=34.21 tps=5443 mgps=518.4 avgBps=32.04 avgTps=5220 avgMGps=485.1 elapsed=2h37m39s
Sep 24 18:15:32 nimbus-eth1-mainnet-short-benchmark[2435]: INF 2026-09-24 18:15:32.086+00:00 Imported blocks                            blockNumber=20311297 slot=9517922 blocks=311296 txs=50637672 mgas=4712596 bps=35.11 tps=5392 mgps=531.7 avgBps=32.12 avgTps=5224 avgMGps=486.2 elapsed=2h41m32s
Sep 24 18:19:15 nimbus-eth1-mainnet-short-benchmark[2435]: INF 2026-09-24 18:19:15.843+00:00 Imported blocks                            blockNumber=20319489 slot=9526159 blocks=319488 txs=51981692 mgas=4836521 bps=36.61 tps=6006 mgps=553.8 avgBps=32.22 avgTps=5242 avgMGps=487.7 elapsed=2h45m16s
Sep 24 18:22:41 nimbus-eth1-mainnet-short-benchmark[2435]: INF 2026-09-24 18:22:41.696+00:00 Imported blocks                            blockNumber=20327681 slot=9534381 blocks=327680 txs=53356123 mgas=4960245 bps=39.80 tps=6676 mgps=601.0 avgBps=32.37 avgTps=5271 avgMGps=490.0 elapsed=2h48m42s
Sep 24 18:26:06 nimbus-eth1-mainnet-short-benchmark[2435]: INF 2026-09-24 18:26:06.125+00:00 Imported blocks                            blockNumber=20335873 slot=9542617 blocks=335872 txs=54719105 mgas=5084025 bps=40.07 tps=6667 mgps=605.5 avgBps=32.53 avgTps=5298 avgMGps=492.3 elapsed=2h52m6s
Sep 24 18:29:51 nimbus-eth1-mainnet-short-benchmark[2435]: INF 2026-09-24 18:29:51.050+00:00 Imported blocks                            blockNumber=20344065 slot=9550841 blocks=344064 txs=56021853 mgas=5207843 bps=36.42 tps=5792 mgps=550.5 avgBps=32.61 avgTps=5309 avgMGps=493.6 elapsed=2h55m51s
Sep 24 18:34:07 nimbus-eth1-mainnet-short-benchmark[2435]: INF 2026-09-24 18:34:07.122+00:00 Imported blocks                            blockNumber=20352257 slot=9559072 blocks=352256 txs=57290408 mgas=5332016 bps=31.99 tps=4953 mgps=484.9 avgBps=32.59 avgTps=5300 avgMGps=493.4 elapsed=3h7s476ms
Sep 24 18:38:00 nimbus-eth1-mainnet-short-benchmark[2435]: INF 2026-09-24 18:38:00.003+00:00 Imported blocks                            blockNumber=20360449 slot=9567308 blocks=360448 txs=58543463 mgas=5456201 bps=35.18 tps=5380 mgps=533.3 avgBps=32.65 avgTps=5302 avgMGps=494.2 elapsed=3h4m358ms
Sep 24 18:41:43 nimbus-eth1-mainnet-short-benchmark[2435]: INF 2026-09-24 18:41:43.956+00:00 Imported blocks                            blockNumber=20368641 slot=9575548 blocks=368640 txs=59874056 mgas=5580204 bps=36.58 tps=5941 mgps=553.7 avgBps=32.73 avgTps=5315 avgMGps=495.4 elapsed=3h7m44s
Sep 24 18:45:38 nimbus-eth1-mainnet-short-benchmark[2435]: INF 2026-09-24 18:45:38.493+00:00 Imported blocks                            blockNumber=20376833 slot=9583774 blocks=376832 txs=61167066 mgas=5704396 bps=34.93 tps=5512 mgps=529.5 avgBps=32.77 avgTps=5319 avgMGps=496.1 elapsed=3h11m38s
Sep 24 18:49:28 nimbus-eth1-mainnet-short-benchmark[2435]: INF 2026-09-24 18:49:28.557+00:00 Imported blocks                            blockNumber=20385025 slot=9592009 blocks=385024 txs=62480333 mgas=5828235 bps=35.61 tps=5708 mgps=538.3 avgBps=32.83 avgTps=5327 avgMGps=496.9 elapsed=3h15m28s
Sep 24 18:53:18 nimbus-eth1-mainnet-short-benchmark[2435]: INF 2026-09-24 18:53:18.394+00:00 Imported blocks                            blockNumber=20393217 slot=9600248 blocks=393216 txs=63800597 mgas=5952136 bps=35.64 tps=5744 mgps=539.1 avgBps=32.88 avgTps=5335 avgMGps=497.7 elapsed=3h19m18s
Sep 24 18:56:59 nimbus-eth1-mainnet-short-benchmark[2435]: INF 2026-09-24 18:56:59.331+00:00 Imported blocks                            blockNumber=20401409 slot=9608486 blocks=401408 txs=65021243 mgas=6076384 bps=37.08 tps=5524 mgps=562.4 avgBps=32.96 avgTps=5338 avgMGps=498.9 elapsed=3h22m59s
Sep 24 19:00:53 nimbus-eth1-mainnet-short-benchmark[2435]: INF 2026-09-24 19:00:53.816+00:00 Imported blocks                            blockNumber=20409601 slot=9616707 blocks=409600 txs=66199016 mgas=6200666 bps=34.94 tps=5022 mgps=530.0 avgBps=32.99 avgTps=5332 avgMGps=499.5 elapsed=3h26m54s
Sep 24 19:04:40 nimbus-eth1-mainnet-short-benchmark[2435]: INF 2026-09-24 19:04:40.905+00:00 Imported blocks                            blockNumber=20417793 slot=9624941 blocks=417792 txs=67453930 mgas=6324823 bps=36.07 tps=5526 mgps=546.7 avgBps=33.05 avgTps=5336 avgMGps=500.3 elapsed=3h30m41s
Sep 24 19:08:02 nimbus-eth1-mainnet-short-benchmark[2435]: INF 2026-09-24 19:08:02.290+00:00 Imported blocks                            blockNumber=20425985 slot=9633187 blocks=425984 txs=68814904 mgas=6448778 bps=40.68 tps=6758 mgps=615.5 avgBps=33.17 avgTps=5358 avgMGps=502.1 elapsed=3h34m2s
Sep 24 19:11:22 nimbus-eth1-mainnet-short-benchmark[2435]: INF 2026-09-24 19:11:22.251+00:00 Imported blocks                            blockNumber=20434177 slot=9641422 blocks=434176 txs=70124508 mgas=6572711 bps=40.97 tps=6549 mgps=619.8 avgBps=33.29 avgTps=5376 avgMGps=503.9 elapsed=3h37m22s
Sep 24 19:14:53 nimbus-eth1-mainnet-short-benchmark[2435]: INF 2026-09-24 19:14:53.912+00:00 Imported blocks                            blockNumber=20442369 slot=9649657 blocks=442368 txs=71403576 mgas=6696451 bps=38.70 tps=6043 mgps=584.6 avgBps=33.38 avgTps=5387 avgMGps=505.2 elapsed=3h40m54s
Sep 24 19:18:42 nimbus-eth1-mainnet-short-benchmark[2435]: INF 2026-09-24 19:18:42.593+00:00 Imported blocks                            blockNumber=20450561 slot=9657896 blocks=450560 txs=72659905 mgas=6820521 bps=35.82 tps=5493 mgps=542.5 avgBps=33.42 avgTps=5389 avgMGps=505.9 elapsed=3h44m42s
Sep 24 19:22:52 nimbus-eth1-mainnet-short-benchmark[2435]: INF 2026-09-24 19:22:52.833+00:00 Imported blocks                            blockNumber=20458753 slot=9666114 blocks=458752 txs=73838533 mgas=6945116 bps=32.74 tps=4710 mgps=497.9 avgBps=33.40 avgTps=5376 avgMGps=505.7 elapsed=3h48m53s
Sep 24 19:26:40 nimbus-eth1-mainnet-short-benchmark[2435]: INF 2026-09-24 19:26:40.378+00:00 Imported blocks                            blockNumber=20466945 slot=9674343 blocks=466944 txs=75124748 mgas=7068943 bps=36.00 tps=5652 mgps=544.2 avgBps=33.45 avgTps=5381 avgMGps=506.3 elapsed=3h52m40s
Sep 24 19:30:27 nimbus-eth1-mainnet-short-benchmark[2435]: INF 2026-09-24 19:30:27.599+00:00 Imported blocks                            blockNumber=20475137 slot=9682575 blocks=475136 txs=76420106 mgas=7192870 bps=36.05 tps=5700 mgps=545.4 avgBps=33.49 avgTps=5386 avgMGps=507.0 elapsed=3h56m27s
Sep 24 19:34:03 nimbus-eth1-mainnet-short-benchmark[2435]: INF 2026-09-24 19:34:03.488+00:00 Imported blocks                            blockNumber=20483329 slot=9690800 blocks=483328 txs=77675422 mgas=7316939 bps=37.95 tps=5814 mgps=574.7 avgBps=33.56 avgTps=5392 avgMGps=508.0 elapsed=4h3s841ms
Sep 24 19:37:36 nimbus-eth1-mainnet-short-benchmark[2435]: INF 2026-09-24 19:37:36.809+00:00 Imported blocks                            blockNumber=20491521 slot=9699019 blocks=491520 txs=78951232 mgas=7440784 bps=38.40 tps=5980 mgps=580.5 avgBps=33.63 avgTps=5401 avgMGps=509.0 elapsed=4h3m37s
Sep 24 19:41:23 nimbus-eth1-mainnet-short-benchmark[2435]: INF 2026-09-24 19:41:23.785+00:00 Imported blocks                            blockNumber=20499713 slot=9707248 blocks=499712 txs=80189642 mgas=7564669 bps=36.09 tps=5456 mgps=545.8 avgBps=33.66 avgTps=5402 avgMGps=509.6 elapsed=4h7m24s
Sep 24 19:45:18 nimbus-eth1-mainnet-short-benchmark[2435]: INF 2026-09-24 19:45:18.478+00:00 Imported blocks                            blockNumber=20507905 slot=9715488 blocks=507904 txs=81317763 mgas=7689208 bps=34.91 tps=4806 mgps=530.6 avgBps=33.68 avgTps=5392 avgMGps=509.9 elapsed=4h11m18s
Sep 24 19:48:46 nimbus-eth1-mainnet-short-benchmark[2435]: INF 2026-09-24 19:48:46.031+00:00 Imported blocks                            blockNumber=20516097 slot=9723715 blocks=516096 txs=82520262 mgas=7813209 bps=39.47 tps=5793 mgps=597.4 avgBps=33.76 avgTps=5398 avgMGps=511.1 elapsed=4h14m46s
Sep 24 19:52:24 nimbus-eth1-mainnet-short-benchmark[2435]: INF 2026-09-24 19:52:24.500+00:00 Imported blocks                            blockNumber=20524289 slot=9731945 blocks=524288 txs=83780075 mgas=7937233 bps=37.50 tps=5766 mgps=567.7 avgBps=33.81 avgTps=5403 avgMGps=511.9 elapsed=4h18m24s
Sep 24 19:56:10 nimbus-eth1-mainnet-short-benchmark[2435]: INF 2026-09-24 19:56:10.013+00:00 Imported blocks                            blockNumber=20532481 slot=9740183 blocks=532480 txs=85263862 mgas=8061024 bps=36.33 tps=6579 mgps=548.9 avgBps=33.85 avgTps=5420 avgMGps=512.4 elapsed=4h22m10s
Sep 24 20:00:00 nimbus-eth1-mainnet-short-benchmark[2435]: INF 2026-09-24 20:00:00.066+00:00 Imported blocks                            blockNumber=20540673 slot=9748418 blocks=540672 txs=86612143 mgas=8185090 bps=35.61 tps=5860 mgps=539.3 avgBps=33.88 avgTps=5426 avgMGps=512.8 elapsed=4h26m421ms
Sep 24 20:03:56 nimbus-eth1-mainnet-short-benchmark[2435]: INF 2026-09-24 20:03:56.246+00:00 Imported blocks                            blockNumber=20548865 slot=9756662 blocks=548864 txs=87802991 mgas=8309513 bps=34.69 tps=5042 mgps=526.8 avgBps=33.89 avgTps=5421 avgMGps=513.0 elapsed=4h29m56s
Sep 24 20:07:48 nimbus-eth1-mainnet-short-benchmark[2435]: INF 2026-09-24 20:07:48.167+00:00 Imported blocks                            blockNumber=20557057 slot=9764892 blocks=557056 txs=88964987 mgas=8433956 bps=35.32 tps=5010 mgps=536.6 avgBps=33.91 avgTps=5415 avgMGps=513.4 elapsed=4h33m48s
Sep 24 20:11:31 nimbus-eth1-mainnet-short-benchmark[2435]: INF 2026-09-24 20:11:31.212+00:00 Imported blocks                            blockNumber=20565249 slot=9773131 blocks=565248 txs=90186094 mgas=8558113 bps=36.73 tps=5474 mgps=556.7 avgBps=33.95 avgTps=5416 avgMGps=514.0 elapsed=4h37m31s
Sep 24 20:15:13 nimbus-eth1-mainnet-short-benchmark[2435]: INF 2026-09-24 20:15:13.797+00:00 Imported blocks                            blockNumber=20573441 slot=9781369 blocks=573440 txs=91404654 mgas=8682228 bps=36.80 tps=5474 mgps=557.6 avgBps=33.98 avgTps=5416 avgMGps=514.5 elapsed=4h41m14s
Sep 24 20:18:52 nimbus-eth1-mainnet-short-benchmark[2435]: INF 2026-09-24 20:18:52.654+00:00 Imported blocks                            blockNumber=20581633 slot=9789611 blocks=581632 txs=92628389 mgas=8806651 bps=37.43 tps=5591 mgps=568.5 avgBps=34.03 avgTps=5419 avgMGps=515.2 elapsed=4h44m53s
Sep 24 20:22:40 nimbus-eth1-mainnet-short-benchmark[2435]: INF 2026-09-24 20:22:40.674+00:00 Imported blocks                            blockNumber=20589825 slot=9797855 blocks=589824 txs=93887208 mgas=8931023 bps=35.93 tps=5520 mgps=545.4 avgBps=34.05 avgTps=5420 avgMGps=515.6 elapsed=4h48m41s
Sep 24 20:26:32 nimbus-eth1-mainnet-short-benchmark[2435]: INF 2026-09-24 20:26:32.087+00:00 Imported blocks                            blockNumber=20598017 slot=9806095 blocks=598016 txs=95163338 mgas=9055310 bps=35.40 tps=5514 mgps=537.1 avgBps=34.07 avgTps=5421 avgMGps=515.9 elapsed=4h52m32s
Sep 24 20:30:24 nimbus-eth1-mainnet-short-benchmark[2435]: INF 2026-09-24 20:30:24.388+00:00 Imported blocks                            blockNumber=20606209 slot=9814347 blocks=606208 txs=96334664 mgas=9179976 bps=35.26 tps=5042 mgps=536.7 avgBps=34.09 avgTps=5416 avgMGps=516.2 elapsed=4h56m24s
Sep 24 20:34:08 nimbus-eth1-mainnet-short-benchmark[2435]: INF 2026-09-24 20:34:08.377+00:00 Imported blocks                            blockNumber=20614401 slot=9822581 blocks=614400 txs=97573414 mgas=9304574 bps=36.57 tps=5530 mgps=556.3 avgBps=34.12 avgTps=5418 avgMGps=516.7 elapsed=5h8s733ms
Sep 24 20:37:53 nimbus-eth1-mainnet-short-benchmark[2435]: INF 2026-09-24 20:37:53.006+00:00 Imported blocks                            blockNumber=20622593 slot=9830821 blocks=622592 txs=98874772 mgas=9428835 bps=36.47 tps=5793 mgps=553.2 avgBps=34.15 avgTps=5422 avgMGps=517.1 elapsed=5h3m53s
Sep 24 20:41:27 nimbus-eth1-mainnet-short-benchmark[2435]: INF 2026-09-24 20:41:27.658+00:00 Imported blocks                            blockNumber=20630785 slot=9839058 blocks=630784 txs=100178707 mgas=9553009 bps=38.16 tps=6074 mgps=578.5 avgBps=34.19 avgTps=5430 avgMGps=517.8 elapsed=5h7m28s
Sep 24 20:45:14 nimbus-eth1-mainnet-short-benchmark[2435]: INF 2026-09-24 20:45:14.499+00:00 Imported blocks                            blockNumber=20638977 slot=9847313 blocks=638976 txs=101489116 mgas=9677171 bps=36.11 tps=5776 mgps=547.4 avgBps=34.22 avgTps=5434 avgMGps=518.2 elapsed=5h11m14s
Sep 24 20:48:57 nimbus-eth1-mainnet-short-benchmark[2435]: INF 2026-09-24 20:48:57.872+00:00 Imported blocks                            blockNumber=20647169 slot=9855549 blocks=647168 txs=102730058 mgas=9801643 bps=36.67 tps=5555 mgps=557.2 avgBps=34.24 avgTps=5435 avgMGps=518.7 elapsed=5h14m58s
Sep 24 20:52:56 nimbus-eth1-mainnet-short-benchmark[2435]: INF 2026-09-24 20:52:56.533+00:00 Imported blocks                            blockNumber=20655361 slot=9863778 blocks=655360 txs=103868002 mgas=9926541 bps=34.32 tps=4767 mgps=523.3 avgBps=34.25 avgTps=5427 avgMGps=518.7 elapsed=5h18m56s
Sep 24 20:56:35 nimbus-eth1-mainnet-short-benchmark[2435]: INF 2026-09-24 20:56:35.014+00:00 Imported blocks                            blockNumber=20663553 slot=9872013 blocks=663552 txs=105112198 mgas=10051274 bps=37.50 tps=5694 mgps=570.9 avgBps=34.28 avgTps=5430 avgMGps=519.3 elapsed=5h22m35s
Sep 24 21:00:01 nimbus-eth1-mainnet-short-benchmark[2435]: INF 2026-09-24 21:00:01.939+00:00 Imported blocks                            blockNumber=20671745 slot=9880241 blocks=671744 txs=106395904 mgas=10175177 bps=39.59 tps=6203 mgps=598.8 avgBps=34.34 avgTps=5438 avgMGps=520.1 elapsed=5h26m2s
Sep 24 21:03:34 nimbus-eth1-mainnet-short-benchmark[2435]: INF 2026-09-24 21:03:34.924+00:00 Imported blocks                            blockNumber=20679937 slot=9888471 blocks=679936 txs=107674271 mgas=10299404 bps=38.46 tps=6002 mgps=583.3 avgBps=34.38 avgTps=5444 avgMGps=520.8 elapsed=5h29m35s
Sep 24 21:06:59 nimbus-eth1-mainnet-short-benchmark[2435]: INF 2026-09-24 21:06:59.065+00:00 Imported blocks                            blockNumber=20688129 slot=9896698 blocks=688128 txs=108938536 mgas=10423298 bps=40.13 tps=6192 mgps=606.9 avgBps=34.44 avgTps=5452 avgMGps=521.7 elapsed=5h32m59s
Sep 24 21:10:34 nimbus-eth1-mainnet-short-benchmark[2435]: INF 2026-09-24 21:10:34.982+00:00 Imported blocks                            blockNumber=20696321 slot=9904930 blocks=696320 txs=110235786 mgas=10547469 bps=37.94 tps=6008 mgps=575.1 avgBps=34.48 avgTps=5458 avgMGps=522.3 elapsed=5h36m35s
Sep 24 21:14:29 nimbus-eth1-mainnet-short-benchmark[2435]: INF 2026-09-24 21:14:29.866+00:00 Imported blocks                            blockNumber=20704513 slot=9913154 blocks=704512 txs=111483759 mgas=10671677 bps=34.88 tps=5313 mgps=528.8 avgBps=34.48 avgTps=5456 avgMGps=522.3 elapsed=5h40m30s
Sep 24 21:18:09 nimbus-eth1-mainnet-short-benchmark[2435]: INF 2026-09-24 21:18:09.323+00:00 Imported blocks                            blockNumber=20712705 slot=9921388 blocks=712704 txs=112764170 mgas=10795980 bps=37.33 tps=5834 mgps=566.4 avgBps=34.51 avgTps=5460 avgMGps=522.8 elapsed=5h44m9s
Sep 24 21:21:34 nimbus-eth1-mainnet-short-benchmark[2435]: INF 2026-09-24 21:21:34.476+00:00 Imported blocks                            blockNumber=20720897 slot=9929633 blocks=720896 txs=114110517 mgas=10919926 bps=39.93 tps=6562 mgps=604.2 avgBps=34.57 avgTps=5471 avgMGps=523.6 elapsed=5h47m34s
Sep 24 21:25:07 nimbus-eth1-mainnet-short-benchmark[2435]: INF 2026-09-24 21:25:07.413+00:00 Imported blocks                            blockNumber=20729089 slot=9937869 blocks=729088 txs=115449431 mgas=11043768 bps=38.47 tps=6287 mgps=581.6 avgBps=34.61 avgTps=5479 avgMGps=524.2 elapsed=5h51m7s
Sep 24 21:28:31 nimbus-eth1-mainnet-short-benchmark[2435]: INF 2026-09-24 21:28:31.562+00:00 Imported blocks                            blockNumber=20737281 slot=9946108 blocks=737280 txs=116784468 mgas=11167784 bps=40.13 tps=6539 mgps=607.5 avgBps=34.66 avgTps=5490 avgMGps=525.0 elapsed=5h54m31s
Sep 24 21:32:08 nimbus-eth1-mainnet-short-benchmark[2435]: INF 2026-09-24 21:32:08.151+00:00 Imported blocks                            blockNumber=20745473 slot=9954342 blocks=745472 txs=118101003 mgas=11291742 bps=37.82 tps=6078 mgps=572.3 avgBps=34.69 avgTps=5496 avgMGps=525.5 elapsed=5h58m8s
Sep 24 21:36:01 nimbus-eth1-mainnet-short-benchmark[2435]: INF 2026-09-24 21:36:01.364+00:00 Imported blocks                            blockNumber=20753665 slot=9962581 blocks=753664 txs=119337525 mgas=11415859 bps=35.13 tps=5302 mgps=532.2 avgBps=34.70 avgTps=5493 avgMGps=525.6 elapsed=6h2m1s
Sep 24 21:39:40 nimbus-eth1-mainnet-short-benchmark[2435]: INF 2026-09-24 21:39:40.009+00:00 Imported blocks                            blockNumber=20761857 slot=9970803 blocks=761856 txs=120564314 mgas=11540225 bps=37.47 tps=5610 mgps=568.8 avgBps=34.72 avgTps=5495 avgMGps=526.0 elapsed=6h5m40s
Sep 24 21:43:06 nimbus-eth1-mainnet-short-benchmark[2435]: INF 2026-09-24 21:43:06.558+00:00 Imported blocks                            blockNumber=20770049 slot=9979058 blocks=770048 txs=121858083 mgas=11663918 bps=39.66 tps=6263 mgps=598.8 avgBps=34.77 avgTps=5502 avgMGps=526.7 elapsed=6h9m6s
Sep 24 21:46:23 nimbus-eth1-mainnet-short-benchmark[2435]: INF 2026-09-24 21:46:23.299+00:00 Imported blocks                            blockNumber=20778241 slot=9987307 blocks=778240 txs=123161734 mgas=11787906 bps=41.64 tps=6626 mgps=630.2 avgBps=34.83 avgTps=5512 avgMGps=527.6 elapsed=6h12m23s
Sep 24 21:49:35 nimbus-eth1-mainnet-short-benchmark[2435]: INF 2026-09-24 21:49:35.816+00:00 Imported blocks                            blockNumber=20786433 slot=9995542 blocks=786432 txs=124509456 mgas=11911612 bps=42.55 tps=7000 mgps=642.6 avgBps=34.90 avgTps=5524 avgMGps=528.6 elapsed=6h15m36s
Sep 24 21:52:54 nimbus-eth1-mainnet-short-benchmark[2435]: INF 2026-09-24 21:52:54.286+00:00 Imported blocks                            blockNumber=20794625 slot=10003781 blocks=794624 txs=125848921 mgas=12035338 bps=41.28 tps=6749 mgps=623.4 avgBps=34.95 avgTps=5535 avgMGps=529.4 elapsed=6h18m54s
Sep 24 21:56:18 nimbus-eth1-mainnet-short-benchmark[2435]: INF 2026-09-24 21:56:18.323+00:00 Imported blocks                            blockNumber=20802817 slot=10012028 blocks=802816 txs=127089868 mgas=12158989 bps=40.15 tps=6081 mgps=606.0 avgBps=35.00 avgTps=5540 avgMGps=530.1 elapsed=6h22m18s
Sep 24 21:59:49 nimbus-eth1-mainnet-short-benchmark[2435]: INF 2026-09-24 21:59:49.520+00:00 Imported blocks                            blockNumber=20811009 slot=10020249 blocks=811008 txs=128299762 mgas=12282850 bps=38.79 tps=5728 mgps=586.5 avgBps=35.03 avgTps=5542 avgMGps=530.6 elapsed=6h25m49s
Sep 24 22:03:07 nimbus-eth1-mainnet-short-benchmark[2435]: INF 2026-09-24 22:03:07.037+00:00 Imported blocks                            blockNumber=20819201 slot=10028481 blocks=819200 txs=129596319 mgas=12406594 bps=41.47 tps=6564 mgps=626.5 avgBps=35.09 avgTps=5550 avgMGps=531.4 elapsed=6h29m7s
Sep 24 22:06:23 nimbus-eth1-mainnet-short-benchmark[2435]: INF 2026-09-24 22:06:23.238+00:00 Imported blocks                            blockNumber=20827393 slot=10036710 blocks=827392 txs=130916729 mgas=12530249 bps=41.75 tps=6729 mgps=630.3 avgBps=35.14 avgTps=5560 avgMGps=532.2 elapsed=6h32m23s
Sep 24 22:09:39 nimbus-eth1-mainnet-short-benchmark[2435]: INF 2026-09-24 22:09:39.927+00:00 Imported blocks                            blockNumber=20835585 slot=10044938 blocks=835584 txs=132226625 mgas=12654070 bps=41.65 tps=6659 mgps=629.5 avgBps=35.20 avgTps=5569 avgMGps=533.0 elapsed=6h35m40s
Sep 24 22:13:08 nimbus-eth1-mainnet-short-benchmark[2435]: INF 2026-09-24 22:13:08.744+00:00 Imported blocks                            blockNumber=20843777 slot=10053164 blocks=843776 txs=133604192 mgas=12777730 bps=39.23 tps=6596 mgps=592.2 avgBps=35.23 avgTps=5578 avgMGps=533.5 elapsed=6h39m9s
Sep 24 22:17:06 nimbus-eth1-mainnet-short-benchmark[2435]: INF 2026-09-24 22:17:06.313+00:00 Imported blocks                            blockNumber=20851969 slot=10061391 blocks=851968 txs=134900706 mgas=12901664 bps=34.48 tps=5457 mgps=521.7 avgBps=35.22 avgTps=5577 avgMGps=533.4 elapsed=6h43m6s
Sep 24 22:20:51 nimbus-eth1-mainnet-short-benchmark[2435]: INF 2026-09-24 22:20:51.790+00:00 Imported blocks                            blockNumber=20860161 slot=10069622 blocks=860160 txs=136168750 mgas=13025603 bps=36.33 tps=5623 mgps=549.7 avgBps=35.23 avgTps=5577 avgMGps=533.6 elapsed=6h46m52s
Sep 24 22:24:33 nimbus-eth1-mainnet-short-benchmark[2435]: INF 2026-09-24 22:24:33.471+00:00 Imported blocks                            blockNumber=20868353 slot=10077838 blocks=868352 txs=137550724 mgas=13149742 bps=36.95 tps=6234 mgps=560.0 avgBps=35.25 avgTps=5583 avgMGps=533.8 elapsed=6h50m33s
Sep 24 22:28:13 nimbus-eth1-mainnet-short-benchmark[2435]: INF 2026-09-24 22:28:13.788+00:00 Imported blocks                            blockNumber=20876545 slot=10086066 blocks=876544 txs=138954673 mgas=13273457 bps=37.18 tps=6372 mgps=561.5 avgBps=35.27 avgTps=5590 avgMGps=534.1 elapsed=6h54m14s
Sep 24 22:31:46 nimbus-eth1-mainnet-short-benchmark[2435]: INF 2026-09-24 22:31:46.717+00:00 Imported blocks                            blockNumber=20884737 slot=10094286 blocks=884736 txs=140256178 mgas=13397479 bps=38.47 tps=6112 mgps=582.4 avgBps=35.29 avgTps=5595 avgMGps=534.5 elapsed=6h57m47s
Sep 24 22:35:12 nimbus-eth1-mainnet-short-benchmark[2435]: INF 2026-09-24 22:35:12.970+00:00 Imported blocks                            blockNumber=20892929 slot=10102512 blocks=892928 txs=141581868 mgas=13521575 bps=39.72 tps=6427 mgps=601.7 avgBps=35.33 avgTps=5602 avgMGps=535.0 elapsed=7h1m13s
Sep 24 22:38:40 nimbus-eth1-mainnet-short-benchmark[2435]: INF 2026-09-24 22:38:40.679+00:00 Imported blocks                            blockNumber=20901121 slot=10110732 blocks=901120 txs=142875889 mgas=13645572 bps=39.44 tps=6230 mgps=597.0 avgBps=35.36 avgTps=5607 avgMGps=535.5 elapsed=7h4m41s
Sep 24 22:42:06 nimbus-eth1-mainnet-short-benchmark[2435]: INF 2026-09-24 22:42:06.956+00:00 Imported blocks                            blockNumber=20909313 slot=10118953 blocks=909312 txs=144102308 mgas=13769390 bps=39.71 tps=5945 mgps=600.3 avgBps=35.40 avgTps=5609 avgMGps=536.0 elapsed=7h8m7s
Sep 24 22:45:29 nimbus-eth1-mainnet-short-benchmark[2435]: INF 2026-09-24 22:45:29.093+00:00 Imported blocks                            blockNumber=20917505 slot=10127176 blocks=917504 txs=145406349 mgas=13893087 bps=40.53 tps=6451 mgps=611.9 avgBps=35.44 avgTps=5616 avgMGps=536.6 elapsed=7h11m29s
Sep 24 22:48:41 nimbus-eth1-mainnet-short-benchmark[2435]: INF 2026-09-24 22:48:41.722+00:00 Imported blocks                            blockNumber=20925697 slot=10135394 blocks=925696 txs=146718394 mgas=14016820 bps=42.53 tps=6811 mgps=642.3 avgBps=35.49 avgTps=5625 avgMGps=537.4 elapsed=7h14m42s
Sep 24 22:52:09 nimbus-eth1-mainnet-short-benchmark[2435]: INF 2026-09-24 22:52:09.351+00:00 Imported blocks                            blockNumber=20933889 slot=10143614 blocks=933888 txs=148049109 mgas=14140625 bps=39.46 tps=6409 mgps=596.3 avgBps=35.52 avgTps=5631 avgMGps=537.9 elapsed=7h18m9s
Sep 24 22:55:28 nimbus-eth1-mainnet-short-benchmark[2435]: INF 2026-09-24 22:55:28.780+00:00 Imported blocks                            blockNumber=20942081 slot=10151840 blocks=942080 txs=149397364 mgas=14264352 bps=41.08 tps=6760 mgps=620.4 avgBps=35.56 avgTps=5639 avgMGps=538.5 elapsed=7h21m29s
Sep 24 22:58:53 nimbus-eth1-mainnet-short-benchmark[2435]: INF 2026-09-24 22:58:53.133+00:00 Imported blocks                            blockNumber=20950273 slot=10160098 blocks=950272 txs=150765507 mgas=14388237 bps=40.09 tps=6695 mgps=606.2 avgBps=35.60 avgTps=5648 avgMGps=539.0 elapsed=7h24m53s
Sep 24 23:02:32 nimbus-eth1-mainnet-short-benchmark[2435]: INF 2026-09-24 23:02:32.790+00:00 Imported blocks                            blockNumber=20958465 slot=10168363 blocks=958464 txs=152044771 mgas=14511987 bps=37.29 tps=5823 mgps=563.4 avgBps=35.61 avgTps=5649 avgMGps=539.2 elapsed=7h28m33s
Sep 24 23:06:03 nimbus-eth1-mainnet-short-benchmark[2435]: INF 2026-09-24 23:06:03.959+00:00 Imported blocks                            blockNumber=20966657 slot=10176609 blocks=966656 txs=153365296 mgas=14635804 bps=38.79 tps=6253 mgps=586.4 avgBps=35.64 avgTps=5654 avgMGps=539.6 elapsed=7h32m4s
Sep 24 23:09:32 nimbus-eth1-mainnet-short-benchmark[2435]: INF 2026-09-24 23:09:32.820+00:00 Imported blocks                            blockNumber=20974849 slot=10184849 blocks=974848 txs=154744917 mgas=14759580 bps=39.22 tps=6605 mgps=592.6 avgBps=35.67 avgTps=5661 avgMGps=540.0 elapsed=7h35m33s
Sep 24 23:13:08 nimbus-eth1-mainnet-short-benchmark[2435]: INF 2026-09-24 23:13:08.941+00:00 Imported blocks                            blockNumber=20983041 slot=10193086 blocks=983040 txs=156055229 mgas=14883451 bps=37.90 tps=6062 mgps=573.1 avgBps=35.68 avgTps=5664 avgMGps=540.2 elapsed=7h39m9s
Sep 24 23:16:19 nimbus-eth1-mainnet-short-benchmark[2435]: INF 2026-09-24 23:16:19.939+00:00 Imported blocks                            blockNumber=20991233 slot=10201319 blocks=991232 txs=157563202 mgas=15007557 bps=42.89 tps=7895 mgps=649.8 avgBps=35.73 avgTps=5679 avgMGps=541.0 elapsed=7h42m20s
Sep 24 23:20:02 nimbus-eth1-mainnet-short-benchmark[2435]: INF 2026-09-24 23:20:02.040+00:00 Imported blocks                            blockNumber=20999425 slot=10209549 blocks=999424 txs=159003277 mgas=15131383 bps=36.88 tps=6483 mgps=557.5 avgBps=35.74 avgTps=5686 avgMGps=541.1 elapsed=7h46m2s
Sep 24 23:20:18 nimbus-eth1-mainnet-short-benchmark[2435]: INF 2026-09-24 23:20:18.139+00:00 Imported blocks                            blockNumber=21000001 slot=10210128 blocks=1000000 txs=159109486 mgas=15140191 bps=35.78 tps=6597 mgps=547.1 avgBps=35.74 avgTps=5686 avgMGps=541.1 elapsed=7h46m18s
Sep 24 23:20:18 nimbus-eth1-mainnet-short-benchmark[2435]: NTC 2026-09-24 23:20:18.139+00:00 Import complete                            blockNumber=21000001 slot=10210128 blocks=1000000 txs=159109486 mgas=15140191
Sep 24 23:20:19 nimbus-eth1-mainnet-short-benchmark[4167544]: <<< ending startNimbusWithImport (success)
Sep 24 23:20:19 nimbus-eth1-mainnet-short-benchmark[4167544]: >>> starting moveBenchmarkingFileToRepo
Sep 24 23:20:19 nimbus-eth1-mainnet-short-benchmark[4167544]: >>> copying debug-csv generated by nimbus to benchmarks repo
Sep 24 23:20:19 nimbus-eth1-mainnet-short-benchmark[4167544]: <<< ending moveBenchmarkingFileToRepo (success)
Sep 24 23:20:19 nimbus-eth1-mainnet-short-benchmark[4167544]: >>> starting generateBuildEnvironmentLogFile
Sep 24 23:20:27 nimbus-eth1-mainnet-short-benchmark[4167544]: <<< ending generateBuildEnvironmentLogFile (success)
Sep 24 23:20:27 nimbus-eth1-mainnet-short-benchmark[4167544]: >>> starting generateSystemdServiceLogs
