=== System Information Report ===
>>> Generated on: Sun Sep 20 09:41:45 PM UTC 2026
==========================
>>> CPU Architecture: x86_64
>>> CPU Byte Order: Little Endian
>>> CPU Cores: 16
>>> CPU Model: AMD Ryzen 7 PRO 8700GE w/ Radeon 780M Graphics
>>> CPU Cache Information:
L1d Cache: 256 KiB (8 instances)
L1i Cache: 256 KiB (8 instances)
L2 Cache: 8 MiB (8 instances)
L3 Cache: 16 MiB (1 instance)
>>> RAM Size: 61Gi
>>> Hard Disk Information:
/dev/md2 : 437G total, 199G free
/dev/md1 : 989M total, 690M free
/dev/nvme0n1p1 : 256M total, 256M free
/dev/nvme1n1 : 1.9T total, 487G free
==========================
=== Nimbus-ETH1 Benchmarking Report ===
>>> Total time spent in benchmarking (nanoseconds): 27361385219330
>>> Total time spent in benchmarking (human readable format): 7 hours 36 minutes 1 seconds
>>> Start block number is 20000001
>>> End block number is 21000001
==========================
=== Comparison of last two benchmarks ===
sort: write failed: 'standard output': Broken pipe
sort: write error
sort: write failed: 'standard output': Broken pipe
sort: write error
python /data/status-im/nimbus-eth1/scripts/block-import-stats.py /data/status-im/nimbus-eth1-benchmarks/short-benchmark/20250329T053822_7b822c84f/blocks-import-benchmark.csv /data/status-im/nimbus-eth1-benchmarks/short-benchmark/20260920T135625_3a36e9ae/blocks-import-benchmark.csv
blocks-import-benchmark.csv vs blocks-import-benchmark.csv
                      bps_x  bps_y     tps_x     tps_y    time_x  time_y    bpsd    tpsd    timed
block_number                                                                                     
(20000001, 20111112]  24.31  30.12  3,965.96  4,918.62  1h13m25s  59m55s  23.45%  23.45%  -18.71%
(20111112, 20222223]  26.45  33.98  4,327.17  5,557.37  1h12m23s  56m25s  28.41%  28.41%  -22.10%
(20222223, 20333334]  27.58  35.77  4,472.98  5,797.93   1h4m40s  49m50s  29.81%  29.81%  -22.87%
(20333334, 20444445]  30.19  37.71  4,755.10  5,941.79   1h3m31s  50m55s  24.84%  24.84%  -19.88%
(20444445, 20555556]  29.79  37.33  4,588.07  5,752.11    59m39s  47m40s  25.24%  25.24%  -20.13%
(20555556, 20666667]  30.05  37.40  4,537.15  5,648.10   1h3m38s   51m8s  24.46%  24.46%  -19.63%
(20666667, 20777778]  31.38  39.21  4,937.94  6,169.43    56m38s  45m21s  24.91%  24.91%  -19.93%
(20777778, 20888889]  32.45  40.47  5,205.14  6,492.32     59m3s  47m23s  24.69%  24.69%  -19.79%
(20888889, 21000001]  32.15  40.44  5,300.65  6,666.38    59m41s  47m20s  25.78%  25.78%  -20.47%

blocks: 991808, baseline: 9h32m42s, contender: 7h36m1s
Time (total): -1h56m40s, -20.37%

bpsd = blocks per sec diff (+), tpsd = txs per sec diff, timed = time to process diff (-)
+ = more is better, - = less is better
==========================
