Sep 29 09:39:41 nimbus-eth1-mainnet-short-benchmark[3512547]: >>> starting cloneOrFetchBenchmarksRepo
Sep 29 09:39:41 nimbus-eth1-mainnet-short-benchmark[3512547]: >>> Fetching latest changes for nimbus-eth1-benchmarks...
Sep 29 09:39:43 nimbus-eth1-mainnet-short-benchmark[3512594]: HEAD is now at c21cca1 chore: update short benchmark Readme
Sep 29 09:39:43 nimbus-eth1-mainnet-short-benchmark[3512547]: <<< ending cloneOrFetchBenchmarksRepo (success)
Sep 29 09:39:43 nimbus-eth1-mainnet-short-benchmark[3512547]: >>> starting cloneOrFetchNimbusRepo
Sep 29 09:39:44 nimbus-eth1-mainnet-short-benchmark[3512547]: >>> Fetching latest changes for nimbus-eth1...
Sep 29 09:39:45 nimbus-eth1-mainnet-short-benchmark[3512946]: From https://github.com/status-im/nimbus-eth1
Sep 29 09:39:45 nimbus-eth1-mainnet-short-benchmark[3512946]:    ee2df9089..705f4d9ac  master     -> origin/master
Sep 29 09:39:45 nimbus-eth1-mainnet-short-benchmark[3512946]:    c17433a2d..211cabc8a  Snap2-sync-download-and-continue -> origin/Snap2-sync-download-and-continue
Sep 29 09:39:45 nimbus-eth1-mainnet-short-benchmark[3512946]:  * [new tag]             v0.4.2     -> v0.4.2
Sep 29 09:39:45 nimbus-eth1-mainnet-short-benchmark[3512954]: HEAD is now at 705f4d9ac version v0.4.2
Sep 29 09:39:45 nimbus-eth1-mainnet-short-benchmark[3512547]: >>> Found last benchmarked commit: ee2df908
Sep 29 09:39:45 nimbus-eth1-mainnet-short-benchmark[3512547]: >>> Using next commit: 705f4d9aced29de0049d7ad5f686b0e585f3f38d
Sep 29 09:39:45 nimbus-eth1-mainnet-short-benchmark[3512970]: HEAD is now at 705f4d9ac version v0.4.2
Sep 29 09:39:45 nimbus-eth1-mainnet-short-benchmark[3512547]: >>> Current commit: 705f4d9ac
Sep 29 09:39:45 nimbus-eth1-mainnet-short-benchmark[3512547]: <<< ending cloneOrFetchNimbusRepo (success)
Sep 29 09:39:45 nimbus-eth1-mainnet-short-benchmark[3512547]: >>> starting buildBinaries
Sep 29 09:39:45 nimbus-eth1-mainnet-short-benchmark[3512547]: >>> Building binaries for commit 705f4d9a...
Sep 29 09:39:52 nimbus-eth1-mainnet-short-benchmark[3518674]: Building: Nim compiler
Sep 29 09:42:56 nimbus-eth1-mainnet-short-benchmark[3518674]: Building custom Nimble commit: 42ef70c2102a942c46f13eb76872326edd525cec
Sep 29 09:43:06 nimbus-eth1-mainnet-short-benchmark[3518674]: Building Nimble...
Sep 29 09:43:16 nimbus-eth1-mainnet-short-benchmark[3518674]: Replacing nimble binary...
Sep 29 09:43:24 nimbus-eth1-mainnet-short-benchmark[3535634]: Building: build/generate_makefile
Sep 29 09:43:24 nimbus-eth1-mainnet-short-benchmark[3535495]: ROCKSDB CACHED VERSION: 11.8.1
Sep 29 09:43:24 nimbus-eth1-mainnet-short-benchmark[3535898]: RocksDb static libraries already built. Skipping build.
Sep 29 09:43:25 nimbus-eth1-mainnet-short-benchmark[3535634]: Build completed successfully: build/generate_makefile
Sep 29 09:43:25 nimbus-eth1-mainnet-short-benchmark[3535952]: Building: build/nimbus_execution_client
Sep 29 09:43:50 nimbus-eth1-mainnet-short-benchmark[3536070]: @["Unknown constants in file: ", "GAS_LIMIT_SCHEDULE", "GAS_LIMIT", "- EPOCH", "    GAS_LIMIT"]
Sep 29 09:43:50 nimbus-eth1-mainnet-short-benchmark[3536070]: @["Unknown constants in file: ", "GAS_LIMIT_SCHEDULE", "GAS_LIMIT", "- EPOCH", "    GAS_LIMIT"]
Sep 29 09:45:46 nimbus-eth1-mainnet-short-benchmark[3535952]: Build completed successfully: build/nimbus_execution_client
Sep 29 09:45:46 nimbus-eth1-mainnet-short-benchmark[3512547]: >>> renaming binaries to match commit they were built from
Sep 29 09:45:46 nimbus-eth1-mainnet-short-benchmark[3512547]: >>> creating a symbolic link to the latest version
Sep 29 09:45:46 nimbus-eth1-mainnet-short-benchmark[3512547]: >>> deleting copies that are older than N days
Sep 29 09:45:46 nimbus-eth1-mainnet-short-benchmark[3512547]: <<< ending buildBinaries (success)
Sep 29 09:45:46 nimbus-eth1-mainnet-short-benchmark[3512547]: >>> starting skipOrContinueBenchmark
Sep 29 09:45:46 nimbus-eth1-mainnet-short-benchmark[3512547]: <<< ending skipOrContinueBenchmark (success)
Sep 29 09:45:46 nimbus-eth1-mainnet-short-benchmark[3512547]: >>> starting copyTemplateDatabase
Sep 29 09:45:46 nimbus-eth1-mainnet-short-benchmark[3512547]: >>> Copying template db into nimbus data directory
Sep 29 09:49:02 nimbus-eth1-mainnet-short-benchmark[3512547]: >>> Template db copied
Sep 29 09:49:02 nimbus-eth1-mainnet-short-benchmark[3512547]: >>> making nimbus the owner of the copied files
Sep 29 09:49:02 nimbus-eth1-mainnet-short-benchmark[3512547]: <<< ending copyTemplateDatabase (success)
Sep 29 09:49:02 nimbus-eth1-mainnet-short-benchmark[3512547]: >>> starting startNimbusWithImport
Sep 29 09:49:03 nimbus-eth1-mainnet-short-benchmark[3541661]: INF 2026-09-29 09:49:03.038+00:00 Launching execution client                 version=v0.4.2-705f4d9a config="(configFile: none(InputFile), dataDirFlag: some(/data/status-im/nimbus-eth1/data/shared_mainnet_0), era1DirFlag: some(/data/era1), eraDirFlag: some(/data/era), ereDirFlag: none(OutDir), keyStoreDirFlag: none(OutDir), importKey: , trustedSetupFile: none(string), extraData: Nimbus/v0.4.2-705f4d9a, gasLimit: none(uint64), maxBlobs: none(byte), network: [mainnet], logLevel: INFO, logFormat: auto, metricsEnabled: false, metricsPort: 9093, metricsAddress: 127.0.0.1, bootstrapNodes: [], elBootstrapNodes: [], bootstrapFile: , elBootstrapFile: , staticPeers: [], staticPeersFile: , reconnectMaxRetry: 0, reconnectInterval: 15, listenAddress: ::, tcpPort: 30303, udpPortFlag: none(Port), maxPeersOpt: none(int), elMaxPeersOpt: none(int), nat: (hasExtIp: false, nat: NatAny), discv5: true, netKey: random, agentString: Nimbus/v0.4.2-705f4d9a/linux-amd64/Nim-2.2.12, numThreads: 0, persistBatchSize: 4, dynamicBatchSize: false, rocksdbMaxOpenFiles: 2048, rocksdbWriteBufferSize: 67108864, rocksdbRowCacheSize: 0, rocksdbBlockCacheSize: 2147483648, rocksdbBlockCacheType: hyperclock, rdbVtxCacheSize: 536870912, rdbKeyCacheSize: 1342177280, rdbBranchCacheSize: 1312817152, rdbPrintStats: false, rewriteDatadirId: true, aristoDbMaxSnapshots: 5, debugParallel: none(bool), parallelStateRootComputationFlag: false, parallelSenderRecoveryFlag: true, optimisticStatePrefetchFlag: false, balStatePrefetchFlag: false, balStatePrefetchWorkers: 0, balParallelExecutionFlag: false, balPruning: true, eagerStateRootCheck: false, deserializeFcState: true, statelessProvider: false, statelessWitnessValidation: false, cmd: import, maxBlocks: 1000000, chunkSize: 8192, csvStats: some("/data/host-benchmarks/short/ae95d562f36940bcb063b7cf98ffa064/blocks-import-benchmark.csv"), validation: false, fullValidation: false, storeBodies: false, storeReceipts: false, storeSlotHashes: false)"
Sep 29 09:49:03 nimbus-eth1-mainnet-short-benchmark[3541661]: WRN 2026-09-29 09:49:03.046+00:00 Data directory has insecure permissions. Correcting them. data_dir=/data/status-im/nimbus-eth1/data/shared_mainnet_0 current_permissions=0755 required_permissions=0700
Sep 29 09:49:04 nimbus-eth1-mainnet-short-benchmark[3541661]: INF 2026-09-29 09:49:04.878+00:00 Taskpool started                           numThreads=16
Sep 29 09:49:05 nimbus-eth1-mainnet-short-benchmark[3541661]: CreateIOUring failed: Invalid argument (errno=22), thread=140169129327872
Sep 29 09:49:05 nimbus-eth1-mainnet-short-benchmark[3541661]: INF 2026-09-29 09:49:05.018+00:00 Database initialized                       base="(0xd24fd73f794058a3807db926d8898c6481e902b7edb91ce0d479d6760f276183, 20000000)" finalized="(0xd24fd73f794058a3807db926d8898c6481e902b7edb91ce0d479d6760f276183, 20000000)" head="(0xd4e56740f876aef8c010b86a40d5f56745a118d0906a34e69aec8c0db1cb8fa3, 0)" startOfHistory=0
Sep 29 09:49:05 nimbus-eth1-mainnet-short-benchmark[3541661]: NTC 2026-09-29 09:49:05.018+00:00 Could not open ere database, falling back to era1/era import ereDir=/data/status-im/nimbus-eth1/data/shared_mainnet_0/ere networkName=mainnet error="No ere files found in /data/status-im/nimbus-eth1/data/shared_mainnet_0/ere"
Sep 29 09:49:05 nimbus-eth1-mainnet-short-benchmark[3541661]: NTC 2026-09-29 09:49:05.018+00:00 Importing era archive                      blockNumber=20000001 dataDir=/data/status-im/nimbus-eth1/data/shared_mainnet_0 eraDir=/data/era
Sep 29 09:49:07 nimbus-eth1-mainnet-short-benchmark[3541661]: NTC 2026-09-29 09:49:07.454+00:00 Matched block to slot number               blockNumber=20000001 slot=9204783
Sep 29 09:55:13 nimbus-eth1-mainnet-short-benchmark[3541661]: INF 2026-09-29 09:55:13.508+00:00 Imported blocks                            blockNumber=20008193 slot=9213020 blocks=8192 txs=1226966 mgas=124237 bps=22.23 tps=3329 mgps=337.2 avgBps=22.23 avgTps=3329 avgMGps=337.1 elapsed=6m8s493ms
Sep 29 10:00:46 nimbus-eth1-mainnet-short-benchmark[3541661]: INF 2026-09-29 10:00:46.924+00:00 Imported blocks                            blockNumber=20016385 slot=9221256 blocks=16384 txs=2540380 mgas=248071 bps=24.57 tps=3939 mgps=371.4 avgBps=23.34 avgTps=3619 avgMGps=353.4 elapsed=11m41s904ms
Sep 29 10:05:57 nimbus-eth1-mainnet-short-benchmark[3541661]: INF 2026-09-29 10:05:57.591+00:00 Imported blocks                            blockNumber=20024577 slot=9229485 blocks=24576 txs=3869398 mgas=372018 bps=26.37 tps=4277 mgps=399.0 avgBps=24.27 avgTps=3821 avgMGps=367.4 elapsed=16m52s571ms
Sep 29 10:10:38 nimbus-eth1-mainnet-short-benchmark[3541661]: INF 2026-09-29 10:10:38.643+00:00 Imported blocks                            blockNumber=20032769 slot=9237722 blocks=32768 txs=5222766 mgas=495797 bps=29.15 tps=4815 mgps=440.4 avgBps=25.33 avgTps=4037 avgMGps=383.3 elapsed=21m33s625ms
Sep 29 10:15:13 nimbus-eth1-mainnet-short-benchmark[3541661]: INF 2026-09-29 10:15:13.235+00:00 Imported blocks                            blockNumber=20040961 slot=9245957 blocks=40960 txs=6566802 mgas=619586 bps=29.83 tps=4894 mgps=450.8 avgBps=26.12 avgTps=4187 avgMGps=395.1 elapsed=26m8s214ms
Sep 29 10:20:05 nimbus-eth1-mainnet-short-benchmark[3541661]: INF 2026-09-29 10:20:05.575+00:00 Imported blocks                            blockNumber=20049153 slot=9254196 blocks=49152 txs=7904746 mgas=743522 bps=28.02 tps=4576 mgps=423.9 avgBps=26.42 avgTps=4248 avgMGps=399.6 elapsed=31m557ms478us
Sep 29 10:24:45 nimbus-eth1-mainnet-short-benchmark[3541661]: INF 2026-09-29 10:24:45.407+00:00 Imported blocks                            blockNumber=20057345 slot=9262435 blocks=57344 txs=9212009 mgas=867360 bps=29.27 tps=4671 mgps=442.5 avgBps=26.79 avgTps=4303 avgMGps=405.2 elapsed=35m40s388ms
Sep 29 10:29:05 nimbus-eth1-mainnet-short-benchmark[3541661]: INF 2026-09-29 10:29:05.671+00:00 Imported blocks                            blockNumber=20065537 slot=9270674 blocks=65536 txs=10559018 mgas=991371 bps=31.48 tps=5175 mgps=476.5 avgBps=27.30 avgTps=4398 avgMGps=413.0 elapsed=40m653ms633us
Sep 29 10:33:15 nimbus-eth1-mainnet-short-benchmark[3541661]: INF 2026-09-29 10:33:15.624+00:00 Imported blocks                            blockNumber=20073729 slot=9278910 blocks=73728 txs=11898676 mgas=1115111 bps=32.77 tps=5359 mgps=495.1 avgBps=27.82 avgTps=4489 avgMGps=420.7 elapsed=44m10s605ms
Sep 29 10:37:14 nimbus-eth1-mainnet-short-benchmark[3541661]: INF 2026-09-29 10:37:14.080+00:00 Imported blocks                            blockNumber=20081921 slot=9287152 blocks=81920 txs=13323263 mgas=1239150 bps=34.35 tps=5974 mgps=520.2 avgBps=28.36 avgTps=4611 avgMGps=428.9 elapsed=48m9s61ms
Sep 29 10:41:10 nimbus-eth1-mainnet-short-benchmark[3541661]: INF 2026-09-29 10:41:10.865+00:00 Imported blocks                            blockNumber=20090113 slot=9295408 blocks=90112 txs=14697082 mgas=1363113 bps=34.60 tps=5801 mgps=523.5 avgBps=28.83 avgTps=4701 avgMGps=436.1 elapsed=52m5s847ms
Sep 29 10:45:24 nimbus-eth1-mainnet-short-benchmark[3541661]: INF 2026-09-29 10:45:24.561+00:00 Imported blocks                            blockNumber=20098305 slot=9303658 blocks=98304 txs=16025683 mgas=1487146 bps=32.29 tps=5236 mgps=488.9 avgBps=29.09 avgTps=4741 avgMGps=440.0 elapsed=56m19s545ms
Sep 29 10:49:47 nimbus-eth1-mainnet-short-benchmark[3541661]: INF 2026-09-29 10:49:47.930+00:00 Imported blocks                            blockNumber=20106497 slot=9311895 blocks=106496 txs=17337157 mgas=1611066 bps=31.11 tps=4979 mgps=470.5 avgBps=29.23 avgTps=4759 avgMGps=442.2 elapsed=1h42s910ms
Sep 29 10:53:58 nimbus-eth1-mainnet-short-benchmark[3541661]: INF 2026-09-29 10:53:58.066+00:00 Imported blocks                            blockNumber=20114689 slot=9320146 blocks=114688 txs=18632097 mgas=1735123 bps=32.75 tps=5176 mgps=496.0 avgBps=29.46 avgTps=4785 avgMGps=445.7 elapsed=1h4m53s
Sep 29 10:57:52 nimbus-eth1-mainnet-short-benchmark[3541661]: INF 2026-09-29 10:57:52.191+00:00 Imported blocks                            blockNumber=20122881 slot=9328409 blocks=122880 txs=19937418 mgas=1859249 bps=34.99 tps=5575 mgps=530.2 avgBps=29.77 avgTps=4830 avgMGps=450.5 elapsed=1h8m47s
Sep 29 11:01:43 nimbus-eth1-mainnet-short-benchmark[3541661]: INF 2026-09-29 11:01:43.607+00:00 Imported blocks                            blockNumber=20131073 slot=9336660 blocks=131072 txs=21214129 mgas=1983500 bps=35.40 tps=5516 mgps=536.9 avgBps=30.07 avgTps=4867 avgMGps=455.1 elapsed=1h12m38s
Sep 29 11:05:36 nimbus-eth1-mainnet-short-benchmark[3541661]: INF 2026-09-29 11:05:36.804+00:00 Imported blocks                            blockNumber=20139265 slot=9344906 blocks=139264 txs=22579079 mgas=2107571 bps=35.13 tps=5853 mgps=532.1 avgBps=30.33 avgTps=4917 avgMGps=459.0 elapsed=1h16m31s
Sep 29 11:10:15 nimbus-eth1-mainnet-short-benchmark[3541661]: INF 2026-09-29 11:10:15.680+00:00 Imported blocks                            blockNumber=20147457 slot=9353153 blocks=147456 txs=24133322 mgas=2231686 bps=29.37 tps=5573 mgps=445.1 avgBps=30.27 avgTps=4954 avgMGps=458.2 elapsed=1h21m10s
Sep 29 11:14:40 nimbus-eth1-mainnet-short-benchmark[3541661]: INF 2026-09-29 11:14:40.168+00:00 Imported blocks                            blockNumber=20155649 slot=9361407 blocks=155648 txs=25424015 mgas=2356018 bps=30.97 tps=4879 mgps=470.1 avgBps=30.31 avgTps=4950 avgMGps=458.8 elapsed=1h25m35s
Sep 29 11:18:44 nimbus-eth1-mainnet-short-benchmark[3541661]: INF 2026-09-29 11:18:44.241+00:00 Imported blocks                            blockNumber=20163841 slot=9369652 blocks=163840 txs=26749549 mgas=2480207 bps=33.56 tps=5430 mgps=508.8 avgBps=30.46 avgTps=4972 avgMGps=461.1 elapsed=1h29m39s
Sep 29 11:22:43 nimbus-eth1-mainnet-short-benchmark[3541661]: INF 2026-09-29 11:22:43.074+00:00 Imported blocks                            blockNumber=20172033 slot=9377892 blocks=172032 txs=28105316 mgas=2604026 bps=34.30 tps=5676 mgps=518.4 avgBps=30.62 avgTps=5002 avgMGps=463.5 elapsed=1h33m38s
Sep 29 11:26:49 nimbus-eth1-mainnet-short-benchmark[3541661]: INF 2026-09-29 11:26:49.450+00:00 Imported blocks                            blockNumber=20180225 slot=9386128 blocks=180224 txs=29524405 mgas=2728170 bps=33.25 tps=5759 mgps=503.9 avgBps=30.73 avgTps=5034 avgMGps=465.2 elapsed=1h37m44s
Sep 29 11:30:34 nimbus-eth1-mainnet-short-benchmark[3541661]: INF 2026-09-29 11:30:34.843+00:00 Imported blocks                            blockNumber=20188417 slot=9394365 blocks=188416 txs=30849021 mgas=2852023 bps=36.35 tps=5876 mgps=549.5 avgBps=30.94 avgTps=5065 avgMGps=468.3 elapsed=1h41m29s
Sep 29 11:34:48 nimbus-eth1-mainnet-short-benchmark[3541661]: INF 2026-09-29 11:34:48.835+00:00 Imported blocks                            blockNumber=20196609 slot=9402602 blocks=196608 txs=32174755 mgas=2976155 bps=32.25 tps=5219 mgps=488.7 avgBps=30.99 avgTps=5071 avgMGps=469.1 elapsed=1h45m43s
Sep 29 11:39:14 nimbus-eth1-mainnet-short-benchmark[3541661]: INF 2026-09-29 11:39:14.731+00:00 Imported blocks                            blockNumber=20204801 slot=9410840 blocks=204800 txs=33475942 mgas=3100410 bps=30.81 tps=4893 mgps=467.3 avgBps=30.98 avgTps=5064 avgMGps=469.1 elapsed=1h50m9s
Sep 29 11:43:19 nimbus-eth1-mainnet-short-benchmark[3541661]: INF 2026-09-29 11:43:19.536+00:00 Imported blocks                            blockNumber=20212993 slot=9419071 blocks=212992 txs=34798508 mgas=3224370 bps=33.46 tps=5402 mgps=506.4 avgBps=31.07 avgTps=5076 avgMGps=470.4 elapsed=1h54m14s
Sep 29 11:47:18 nimbus-eth1-mainnet-short-benchmark[3541661]: INF 2026-09-29 11:47:18.165+00:00 Imported blocks                            blockNumber=20221185 slot=9427313 blocks=221184 txs=36114045 mgas=3348169 bps=34.33 tps=5512 mgps=518.8 avgBps=31.18 avgTps=5091 avgMGps=472.0 elapsed=1h58m13s
Sep 29 11:50:58 nimbus-eth1-mainnet-short-benchmark[3541661]: INF 2026-09-29 11:50:58.973+00:00 Imported blocks                            blockNumber=20229377 slot=9435549 blocks=229376 txs=37421794 mgas=3472031 bps=37.10 tps=5922 mgps=560.9 avgBps=31.36 avgTps=5116 avgMGps=474.7 elapsed=2h1m53s
Sep 29 11:54:50 nimbus-eth1-mainnet-short-benchmark[3541661]: INF 2026-09-29 11:54:50.866+00:00 Imported blocks                            blockNumber=20237569 slot=9443788 blocks=237568 txs=38842064 mgas=3596351 bps=35.33 tps=6124 mgps=536.1 avgBps=31.48 avgTps=5147 avgMGps=476.6 elapsed=2h5m45s
Sep 29 11:58:59 nimbus-eth1-mainnet-short-benchmark[3541661]: INF 2026-09-29 11:58:59.827+00:00 Imported blocks                            blockNumber=20245761 slot=9452021 blocks=245760 txs=40225739 mgas=3720100 bps=32.91 tps=5557 mgps=497.1 avgBps=31.53 avgTps=5160 avgMGps=477.3 elapsed=2h9m54s
Sep 29 12:03:20 nimbus-eth1-mainnet-short-benchmark[3541661]: INF 2026-09-29 12:03:20.823+00:00 Imported blocks                            blockNumber=20253953 slot=9460253 blocks=253952 txs=41454921 mgas=3844385 bps=31.39 tps=4709 mgps=476.2 avgBps=31.52 avgTps=5145 avgMGps=477.2 elapsed=2h14m15s
Sep 29 12:07:30 nimbus-eth1-mainnet-short-benchmark[3541661]: INF 2026-09-29 12:07:30.747+00:00 Imported blocks                            blockNumber=20262145 slot=9468495 blocks=262144 txs=42726051 mgas=3968623 bps=32.78 tps=5086 mgps=497.1 avgBps=31.56 avgTps=5144 avgMGps=477.8 elapsed=2h18m25s
Sep 29 12:11:25 nimbus-eth1-mainnet-short-benchmark[3541661]: INF 2026-09-29 12:11:25.344+00:00 Imported blocks                            blockNumber=20270337 slot=9476748 blocks=270336 txs=44050436 mgas=4092682 bps=34.92 tps=5645 mgps=528.8 avgBps=31.65 avgTps=5157 avgMGps=479.2 elapsed=2h22m20s
Sep 29 12:15:04 nimbus-eth1-mainnet-short-benchmark[3541661]: INF 2026-09-29 12:15:04.253+00:00 Imported blocks                            blockNumber=20278529 slot=9484981 blocks=278528 txs=45382368 mgas=4216487 bps=37.42 tps=6084 mgps=565.6 avgBps=31.80 avgTps=5181 avgMGps=481.4 elapsed=2h25m59s
Sep 29 12:18:49 nimbus-eth1-mainnet-short-benchmark[3541661]: INF 2026-09-29 12:18:49.158+00:00 Imported blocks                            blockNumber=20286721 slot=9493213 blocks=286720 txs=46733429 mgas=4340363 bps=36.42 tps=6007 mgps=550.8 avgBps=31.91 avgTps=5201 avgMGps=483.1 elapsed=2h29m44s
Sep 29 12:22:54 nimbus-eth1-mainnet-short-benchmark[3541661]: INF 2026-09-29 12:22:54.470+00:00 Imported blocks                            blockNumber=20294913 slot=9501453 blocks=294912 txs=48075887 mgas=4464376 bps=33.39 tps=5472 mgps=505.5 avgBps=31.95 avgTps=5208 avgMGps=483.7 elapsed=2h33m49s
Sep 29 12:26:55 nimbus-eth1-mainnet-short-benchmark[3541661]: INF 2026-09-29 12:26:55.139+00:00 Imported blocks                            blockNumber=20303105 slot=9509696 blocks=303104 txs=49379538 mgas=4588534 bps=34.04 tps=5416 mgps=515.9 avgBps=32.01 avgTps=5214 avgMGps=484.5 elapsed=2h37m50s
Sep 29 12:30:51 nimbus-eth1-mainnet-short-benchmark[3541661]: INF 2026-09-29 12:30:51.484+00:00 Imported blocks                            blockNumber=20311297 slot=9517922 blocks=311296 txs=50637672 mgas=4712596 bps=34.66 tps=5323 mgps=524.9 avgBps=32.07 avgTps=5216 avgMGps=485.5 elapsed=2h41m46s
Sep 29 12:34:38 nimbus-eth1-mainnet-short-benchmark[3541661]: INF 2026-09-29 12:34:38.496+00:00 Imported blocks                            blockNumber=20319489 slot=9526159 blocks=319488 txs=51981692 mgas=4836521 bps=36.09 tps=5920 mgps=545.9 avgBps=32.16 avgTps=5232 avgMGps=486.9 elapsed=2h45m33s
Sep 29 12:38:04 nimbus-eth1-mainnet-short-benchmark[3541661]: INF 2026-09-29 12:38:04.593+00:00 Imported blocks                            blockNumber=20327681 slot=9534381 blocks=327680 txs=53356123 mgas=4960245 bps=39.75 tps=6668 mgps=600.3 avgBps=32.32 avgTps=5262 avgMGps=489.2 elapsed=2h48m59s
Sep 29 12:41:31 nimbus-eth1-mainnet-short-benchmark[3541661]: INF 2026-09-29 12:41:31.934+00:00 Imported blocks                            blockNumber=20335873 slot=9542617 blocks=335872 txs=54719105 mgas=5084025 bps=39.51 tps=6573 mgps=597.0 avgBps=32.46 avgTps=5288 avgMGps=491.4 elapsed=2h52m26s
Sep 29 12:45:18 nimbus-eth1-mainnet-short-benchmark[3541661]: INF 2026-09-29 12:45:18.631+00:00 Imported blocks                            blockNumber=20344065 slot=9550841 blocks=344064 txs=56021853 mgas=5207843 bps=36.14 tps=5746 mgps=546.2 avgBps=32.54 avgTps=5298 avgMGps=492.5 elapsed=2h56m13s
Sep 29 12:49:37 nimbus-eth1-mainnet-short-benchmark[3541661]: INF 2026-09-29 12:49:37.972+00:00 Imported blocks                            blockNumber=20352257 slot=9559072 blocks=352256 txs=57290408 mgas=5332016 bps=31.59 tps=4891 mgps=478.8 avgBps=32.52 avgTps=5288 avgMGps=492.2 elapsed=3h32s949ms
Sep 29 12:53:34 nimbus-eth1-mainnet-short-benchmark[3541661]: INF 2026-09-29 12:53:34.212+00:00 Imported blocks                            blockNumber=20360449 slot=9567308 blocks=360448 txs=58543463 mgas=5456201 bps=34.68 tps=5304 mgps=525.7 avgBps=32.56 avgTps=5288 avgMGps=492.9 elapsed=3h4m29s
Sep 29 12:57:20 nimbus-eth1-mainnet-short-benchmark[3541661]: INF 2026-09-29 12:57:20.617+00:00 Imported blocks                            blockNumber=20368641 slot=9575548 blocks=368640 txs=59874056 mgas=5580204 bps=36.18 tps=5876 mgps=547.7 avgBps=32.64 avgTps=5300 avgMGps=494.0 elapsed=3h8m15s
Sep 29 13:01:18 nimbus-eth1-mainnet-short-benchmark[3541661]: INF 2026-09-29 13:01:18.194+00:00 Imported blocks                            blockNumber=20376833 slot=9583774 blocks=376832 txs=61167066 mgas=5704396 bps=34.48 tps=5442 mgps=522.7 avgBps=32.67 avgTps=5303 avgMGps=494.6 elapsed=3h12m13s
Sep 29 13:05:09 nimbus-eth1-mainnet-short-benchmark[3541661]: INF 2026-09-29 13:05:09.070+00:00 Imported blocks                            blockNumber=20385025 slot=9592009 blocks=385024 txs=62480333 mgas=5828235 bps=35.48 tps=5688 mgps=536.4 avgBps=32.73 avgTps=5311 avgMGps=495.4 elapsed=3h16m4s
Sep 29 13:08:58 nimbus-eth1-mainnet-short-benchmark[3541661]: INF 2026-09-29 13:08:58.447+00:00 Imported blocks                            blockNumber=20393217 slot=9600248 blocks=393216 txs=63800597 mgas=5952136 bps=35.71 tps=5755 mgps=540.2 avgBps=32.79 avgTps=5319 avgMGps=496.3 elapsed=3h19m53s
Sep 29 13:12:39 nimbus-eth1-mainnet-short-benchmark[3541661]: INF 2026-09-29 13:12:39.220+00:00 Imported blocks                            blockNumber=20401409 slot=9608486 blocks=401408 txs=65021243 mgas=6076384 bps=37.11 tps=5528 mgps=562.8 avgBps=32.86 avgTps=5323 avgMGps=497.5 elapsed=3h23m34s
Sep 29 13:16:35 nimbus-eth1-mainnet-short-benchmark[3541661]: INF 2026-09-29 13:16:35.017+00:00 Imported blocks                            blockNumber=20409601 slot=9616707 blocks=409600 txs=66199016 mgas=6200666 bps=34.74 tps=4994 mgps=527.1 avgBps=32.90 avgTps=5317 avgMGps=498.0 elapsed=3h27m30s
Sep 29 13:20:22 nimbus-eth1-mainnet-short-benchmark[3541661]: INF 2026-09-29 13:20:22.309+00:00 Imported blocks                            blockNumber=20417793 slot=9624941 blocks=417792 txs=67453930 mgas=6324823 bps=36.04 tps=5521 mgps=546.2 avgBps=32.96 avgTps=5320 avgMGps=498.9 elapsed=3h31m17s
Sep 29 13:23:42 nimbus-eth1-mainnet-short-benchmark[3541661]: INF 2026-09-29 13:23:42.719+00:00 Imported blocks                            blockNumber=20425985 slot=9633187 blocks=425984 txs=68814904 mgas=6448778 bps=40.88 tps=6791 mgps=618.5 avgBps=33.08 avgTps=5343 avgMGps=500.8 elapsed=3h34m37s
Sep 29 13:27:03 nimbus-eth1-mainnet-short-benchmark[3541661]: INF 2026-09-29 13:27:03.952+00:00 Imported blocks                            blockNumber=20434177 slot=9641422 blocks=434176 txs=70124508 mgas=6572711 bps=40.71 tps=6508 mgps=615.9 avgBps=33.20 avgTps=5361 avgMGps=502.5 elapsed=3h37m58s
Sep 29 13:30:36 nimbus-eth1-mainnet-short-benchmark[3541661]: INF 2026-09-29 13:30:36.081+00:00 Imported blocks                            blockNumber=20442369 slot=9649657 blocks=442368 txs=71403576 mgas=6696451 bps=38.62 tps=6029 mgps=583.3 avgBps=33.28 avgTps=5372 avgMGps=503.8 elapsed=3h41m31s
Sep 29 13:34:27 nimbus-eth1-mainnet-short-benchmark[3541661]: INF 2026-09-29 13:34:27.634+00:00 Imported blocks                            blockNumber=20450561 slot=9657896 blocks=450560 txs=72659905 mgas=6820521 bps=35.38 tps=5425 mgps=535.8 avgBps=33.32 avgTps=5373 avgMGps=504.4 elapsed=3h45m22s
Sep 29 13:38:39 nimbus-eth1-mainnet-short-benchmark[3541661]: INF 2026-09-29 13:38:39.930+00:00 Imported blocks                            blockNumber=20458753 slot=9666114 blocks=458752 txs=73838533 mgas=6945116 bps=32.47 tps=4671 mgps=493.8 avgBps=33.30 avgTps=5360 avgMGps=504.2 elapsed=3h49m34s
Sep 29 13:42:29 nimbus-eth1-mainnet-short-benchmark[3541661]: INF 2026-09-29 13:42:29.015+00:00 Imported blocks                            blockNumber=20466945 slot=9674343 blocks=466944 txs=75124748 mgas=7068943 bps=35.76 tps=5614 mgps=540.5 avgBps=33.34 avgTps=5364 avgMGps=504.8 elapsed=3h53m23s
Sep 29 13:46:16 nimbus-eth1-mainnet-short-benchmark[3541661]: INF 2026-09-29 13:46:16.640+00:00 Imported blocks                            blockNumber=20475137 slot=9682575 blocks=475136 txs=76420106 mgas=7192870 bps=35.99 tps=5690 mgps=544.4 avgBps=33.39 avgTps=5369 avgMGps=505.4 elapsed=3h57m11s
Sep 29 13:49:53 nimbus-eth1-mainnet-short-benchmark[3541661]: INF 2026-09-29 13:49:53.481+00:00 Imported blocks                            blockNumber=20483329 slot=9690800 blocks=483328 txs=77675422 mgas=7316939 bps=37.78 tps=5789 mgps=572.2 avgBps=33.45 avgTps=5376 avgMGps=506.4 elapsed=4h48s463ms
Sep 29 13:53:25 nimbus-eth1-mainnet-short-benchmark[3541661]: INF 2026-09-29 13:53:25.678+00:00 Imported blocks                            blockNumber=20491521 slot=9699019 blocks=491520 txs=78951232 mgas=7440784 bps=38.61 tps=6012 mgps=583.6 avgBps=33.53 avgTps=5385 avgMGps=507.5 elapsed=4h4m20s
Sep 29 13:57:14 nimbus-eth1-mainnet-short-benchmark[3541661]: INF 2026-09-29 13:57:14.274+00:00 Imported blocks                            blockNumber=20499713 slot=9707248 blocks=499712 txs=80189642 mgas=7564669 bps=35.84 tps=5417 mgps=541.9 avgBps=33.56 avgTps=5385 avgMGps=508.1 elapsed=4h8m9s
Sep 29 14:01:10 nimbus-eth1-mainnet-short-benchmark[3541661]: INF 2026-09-29 14:01:10.387+00:00 Imported blocks                            blockNumber=20507905 slot=9715488 blocks=507904 txs=81317763 mgas=7689208 bps=34.70 tps=4777 mgps=527.5 avgBps=33.58 avgTps=5376 avgMGps=508.4 elapsed=4h12m5s
Sep 29 14:04:38 nimbus-eth1-mainnet-short-benchmark[3541661]: INF 2026-09-29 14:04:38.716+00:00 Imported blocks                            blockNumber=20516097 slot=9723715 blocks=516096 txs=82520262 mgas=7813209 bps=39.32 tps=5772 mgps=595.2 avgBps=33.66 avgTps=5381 avgMGps=509.5 elapsed=4h15m33s
Sep 29 14:08:18 nimbus-eth1-mainnet-short-benchmark[3541661]: INF 2026-09-29 14:08:18.909+00:00 Imported blocks                            blockNumber=20524289 slot=9731945 blocks=524288 txs=83780075 mgas=7937233 bps=37.20 tps=5721 mgps=563.3 avgBps=33.71 avgTps=5386 avgMGps=510.3 elapsed=4h19m13s
Sep 29 14:12:06 nimbus-eth1-mainnet-short-benchmark[3541661]: INF 2026-09-29 14:12:06.370+00:00 Imported blocks                            blockNumber=20532481 slot=9740183 blocks=532480 txs=85263862 mgas=8061024 bps=36.01 tps=6523 mgps=544.2 avgBps=33.74 avgTps=5402 avgMGps=510.8 elapsed=4h23m1s
Sep 29 14:15:57 nimbus-eth1-mainnet-short-benchmark[3541661]: INF 2026-09-29 14:15:57.207+00:00 Imported blocks                            blockNumber=20540673 slot=9748418 blocks=540672 txs=86612143 mgas=8185090 bps=35.49 tps=5840 mgps=537.5 avgBps=33.77 avgTps=5409 avgMGps=511.2 elapsed=4h26m52s
Sep 29 14:19:53 nimbus-eth1-mainnet-short-benchmark[3541661]: INF 2026-09-29 14:19:53.167+00:00 Imported blocks                            blockNumber=20548865 slot=9756662 blocks=548864 txs=87802991 mgas=8309513 bps=34.72 tps=5046 mgps=527.3 avgBps=33.78 avgTps=5403 avgMGps=511.4 elapsed=4h30m48s
Sep 29 14:23:46 nimbus-eth1-mainnet-short-benchmark[3541661]: INF 2026-09-29 14:23:46.820+00:00 Imported blocks                            blockNumber=20557057 slot=9764892 blocks=557056 txs=88964987 mgas=8433956 bps=35.06 tps=4973 mgps=532.6 avgBps=33.80 avgTps=5397 avgMGps=511.7 elapsed=4h34m41s
Sep 29 14:27:31 nimbus-eth1-mainnet-short-benchmark[3541661]: INF 2026-09-29 14:27:31.301+00:00 Imported blocks                            blockNumber=20565249 slot=9773131 blocks=565248 txs=90186094 mgas=8558113 bps=36.49 tps=5439 mgps=553.1 avgBps=33.83 avgTps=5398 avgMGps=512.3 elapsed=4h38m26s
Sep 29 14:31:14 nimbus-eth1-mainnet-short-benchmark[3541661]: INF 2026-09-29 14:31:14.058+00:00 Imported blocks                            blockNumber=20573441 slot=9781369 blocks=573440 txs=91404654 mgas=8682228 bps=36.78 tps=5470 mgps=557.2 avgBps=33.87 avgTps=5399 avgMGps=512.9 elapsed=4h42m9s
Sep 29 14:34:52 nimbus-eth1-mainnet-short-benchmark[3541661]: INF 2026-09-29 14:34:52.887+00:00 Imported blocks                            blockNumber=20581633 slot=9789611 blocks=581632 txs=92628389 mgas=8806651 bps=37.44 tps=5592 mgps=568.6 avgBps=33.92 avgTps=5401 avgMGps=513.6 elapsed=4h45m47s
Sep 29 14:38:41 nimbus-eth1-mainnet-short-benchmark[3541661]: INF 2026-09-29 14:38:41.080+00:00 Imported blocks                            blockNumber=20589825 slot=9797855 blocks=589824 txs=93887208 mgas=8931023 bps=35.90 tps=5516 mgps=545.0 avgBps=33.94 avgTps=5403 avgMGps=514.0 elapsed=4h49m36s
Sep 29 14:42:33 nimbus-eth1-mainnet-short-benchmark[3541661]: INF 2026-09-29 14:42:33.492+00:00 Imported blocks                            blockNumber=20598017 slot=9806095 blocks=598016 txs=95163338 mgas=9055310 bps=35.25 tps=5490 mgps=534.8 avgBps=33.96 avgTps=5404 avgMGps=514.3 elapsed=4h53m28s
Sep 29 14:46:26 nimbus-eth1-mainnet-short-benchmark[3541661]: INF 2026-09-29 14:46:26.945+00:00 Imported blocks                            blockNumber=20606209 slot=9814347 blocks=606208 txs=96334664 mgas=9179976 bps=35.09 tps=5017 mgps=534.0 avgBps=33.98 avgTps=5399 avgMGps=514.5 elapsed=4h57m21s
Sep 29 14:50:13 nimbus-eth1-mainnet-short-benchmark[3541661]: INF 2026-09-29 14:50:13.122+00:00 Imported blocks                            blockNumber=20614401 slot=9822581 blocks=614400 txs=97573414 mgas=9304574 bps=36.22 tps=5476 mgps=550.9 avgBps=34.00 avgTps=5400 avgMGps=515.0 elapsed=5h1m8s
Sep 29 14:53:56 nimbus-eth1-mainnet-short-benchmark[3541661]: INF 2026-09-29 14:53:56.295+00:00 Imported blocks                            blockNumber=20622593 slot=9830821 blocks=622592 txs=98874772 mgas=9428835 bps=36.71 tps=5831 mgps=556.8 avgBps=34.04 avgTps=5405 avgMGps=515.5 elapsed=5h4m51s
Sep 29 14:57:34 nimbus-eth1-mainnet-short-benchmark[3541661]: INF 2026-09-29 14:57:34.896+00:00 Imported blocks                            blockNumber=20630785 slot=9839058 blocks=630784 txs=100178707 mgas=9553009 bps=37.47 tps=5964 mgps=568.0 avgBps=34.08 avgTps=5412 avgMGps=516.1 elapsed=5h8m29s
Sep 29 15:01:22 nimbus-eth1-mainnet-short-benchmark[3541661]: INF 2026-09-29 15:01:22.480+00:00 Imported blocks                            blockNumber=20638977 slot=9847313 blocks=638976 txs=101489116 mgas=9677171 bps=35.99 tps=5757 mgps=545.6 avgBps=34.10 avgTps=5416 avgMGps=516.5 elapsed=5h12m17s
Sep 29 15:05:06 nimbus-eth1-mainnet-short-benchmark[3541661]: INF 2026-09-29 15:05:06.669+00:00 Imported blocks                            blockNumber=20647169 slot=9855549 blocks=647168 txs=102730058 mgas=9801643 bps=36.54 tps=5535 mgps=555.2 avgBps=34.13 avgTps=5417 avgMGps=516.9 elapsed=5h16m1s
Sep 29 15:09:07 nimbus-eth1-mainnet-short-benchmark[3541661]: INF 2026-09-29 15:09:07.290+00:00 Imported blocks                            blockNumber=20655361 slot=9863778 blocks=655360 txs=103868002 mgas=9926541 bps=34.05 tps=4729 mgps=519.1 avgBps=34.13 avgTps=5409 avgMGps=516.9 elapsed=5h20m2s
Sep 29 15:12:47 nimbus-eth1-mainnet-short-benchmark[3541661]: INF 2026-09-29 15:12:47.823+00:00 Imported blocks                            blockNumber=20663553 slot=9872013 blocks=663552 txs=105112198 mgas=10051274 bps=37.15 tps=5641 mgps=565.6 avgBps=34.16 avgTps=5411 avgMGps=517.5 elapsed=5h23m42s
Sep 29 15:16:17 nimbus-eth1-mainnet-short-benchmark[3541661]: INF 2026-09-29 15:16:17.508+00:00 Imported blocks                            blockNumber=20671745 slot=9880241 blocks=671744 txs=106395904 mgas=10175177 bps=39.07 tps=6122 mgps=590.9 avgBps=34.22 avgTps=5419 avgMGps=518.3 elapsed=5h27m12s
Sep 29 15:19:51 nimbus-eth1-mainnet-short-benchmark[3541661]: INF 2026-09-29 15:19:51.077+00:00 Imported blocks                            blockNumber=20679937 slot=9888471 blocks=679936 txs=107674271 mgas=10299404 bps=38.36 tps=5985 mgps=581.7 avgBps=34.26 avgTps=5425 avgMGps=519.0 elapsed=5h30m46s
Sep 29 15:23:16 nimbus-eth1-mainnet-short-benchmark[3541661]: INF 2026-09-29 15:23:16.362+00:00 Imported blocks                            blockNumber=20688129 slot=9896698 blocks=688128 txs=108938536 mgas=10423298 bps=39.91 tps=6158 mgps=603.5 avgBps=34.32 avgTps=5432 avgMGps=519.8 elapsed=5h34m11s
Sep 29 15:26:55 nimbus-eth1-mainnet-short-benchmark[3541661]: INF 2026-09-29 15:26:55.415+00:00 Imported blocks                            blockNumber=20696321 slot=9904930 blocks=696320 txs=110235786 mgas=10547469 bps=37.40 tps=5922 mgps=566.9 avgBps=34.35 avgTps=5438 avgMGps=520.3 elapsed=5h37m50s
Sep 29 15:30:52 nimbus-eth1-mainnet-short-benchmark[3541661]: INF 2026-09-29 15:30:52.515+00:00 Imported blocks                            blockNumber=20704513 slot=9913154 blocks=704512 txs=111483759 mgas=10671677 bps=34.55 tps=5263 mgps=523.9 avgBps=34.35 avgTps=5436 avgMGps=520.4 elapsed=5h41m47s
Sep 29 15:34:35 nimbus-eth1-mainnet-short-benchmark[3541661]: INF 2026-09-29 15:34:35.220+00:00 Imported blocks                            blockNumber=20712705 slot=9921388 blocks=712704 txs=112764170 mgas=10795980 bps=36.78 tps=5749 mgps=558.1 avgBps=34.38 avgTps=5439 avgMGps=520.8 elapsed=5h45m30s
Sep 29 15:38:01 nimbus-eth1-mainnet-short-benchmark[3541661]: INF 2026-09-29 15:38:01.561+00:00 Imported blocks                            blockNumber=20720897 slot=9929633 blocks=720896 txs=114110517 mgas=10919926 bps=39.70 tps=6524 mgps=600.7 avgBps=34.43 avgTps=5450 avgMGps=521.6 elapsed=5h48m56s
Sep 29 15:41:36 nimbus-eth1-mainnet-short-benchmark[3541661]: INF 2026-09-29 15:41:36.738+00:00 Imported blocks                            blockNumber=20729089 slot=9937869 blocks=729088 txs=115449431 mgas=11043768 bps=38.07 tps=6222 mgps=575.5 avgBps=34.47 avgTps=5458 avgMGps=522.1 elapsed=5h52m31s
Sep 29 15:45:03 nimbus-eth1-mainnet-short-benchmark[3541661]: INF 2026-09-29 15:45:03.627+00:00 Imported blocks                            blockNumber=20737281 slot=9946108 blocks=737280 txs=116784468 mgas=11167784 bps=39.60 tps=6452 mgps=599.4 avgBps=34.52 avgTps=5467 avgMGps=522.9 elapsed=5h55m58s
Sep 29 15:48:40 nimbus-eth1-mainnet-short-benchmark[3541661]: INF 2026-09-29 15:48:40.592+00:00 Imported blocks                            blockNumber=20745473 slot=9954342 blocks=745472 txs=118101003 mgas=11291742 bps=37.76 tps=6067 mgps=571.3 avgBps=34.55 avgTps=5473 avgMGps=523.4 elapsed=5h59m35s
Sep 29 15:52:33 nimbus-eth1-mainnet-short-benchmark[3541661]: INF 2026-09-29 15:52:33.549+00:00 Imported blocks                            blockNumber=20753665 slot=9962581 blocks=753664 txs=119337525 mgas=11415859 bps=35.17 tps=5307 mgps=532.8 avgBps=34.56 avgTps=5472 avgMGps=523.5 elapsed=6h3m28s
Sep 29 15:56:13 nimbus-eth1-mainnet-short-benchmark[3541661]: INF 2026-09-29 15:56:13.854+00:00 Imported blocks                            blockNumber=20761857 slot=9970803 blocks=761856 txs=120564314 mgas=11540225 bps=37.18 tps=5568 mgps=564.5 avgBps=34.58 avgTps=5473 avgMGps=523.9 elapsed=6h7m8s
Sep 29 15:59:42 nimbus-eth1-mainnet-short-benchmark[3541661]: INF 2026-09-29 15:59:42.319+00:00 Imported blocks                            blockNumber=20770049 slot=9979058 blocks=770048 txs=121858083 mgas=11663918 bps=39.30 tps=6206 mgps=593.4 avgBps=34.63 avgTps=5479 avgMGps=524.5 elapsed=6h10m37s
Sep 29 16:03:00 nimbus-eth1-mainnet-short-benchmark[3541661]: INF 2026-09-29 16:03:00.600+00:00 Imported blocks                            blockNumber=20778241 slot=9987307 blocks=778240 txs=123161734 mgas=11787906 bps=41.31 tps=6574 mgps=625.3 avgBps=34.69 avgTps=5489 avgMGps=525.4 elapsed=6h13m55s
Sep 29 16:06:14 nimbus-eth1-mainnet-short-benchmark[3541661]: INF 2026-09-29 16:06:14.246+00:00 Imported blocks                            blockNumber=20786433 slot=9995542 blocks=786432 txs=124509456 mgas=11911612 bps=42.30 tps=6959 mgps=638.8 avgBps=34.75 avgTps=5502 avgMGps=526.4 elapsed=6h17m9s
Sep 29 16:09:32 nimbus-eth1-mainnet-short-benchmark[3541661]: INF 2026-09-29 16:09:32.943+00:00 Imported blocks                            blockNumber=20794625 slot=10003781 blocks=794624 txs=125848921 mgas=12035338 bps=41.23 tps=6741 mgps=622.7 avgBps=34.81 avgTps=5512 avgMGps=527.2 elapsed=6h20m27s
Sep 29 16:12:57 nimbus-eth1-mainnet-short-benchmark[3541661]: INF 2026-09-29 16:12:57.048+00:00 Imported blocks                            blockNumber=20802817 slot=10012028 blocks=802816 txs=127089868 mgas=12158989 bps=40.14 tps=6080 mgps=605.8 avgBps=34.86 avgTps=5517 avgMGps=527.9 elapsed=6h23m52s
Sep 29 16:16:29 nimbus-eth1-mainnet-short-benchmark[3541661]: INF 2026-09-29 16:16:29.881+00:00 Imported blocks                            blockNumber=20811009 slot=10020249 blocks=811008 txs=128299762 mgas=12282850 bps=38.49 tps=5684 mgps=582.0 avgBps=34.89 avgTps=5519 avgMGps=528.4 elapsed=6h27m24s
Sep 29 16:19:48 nimbus-eth1-mainnet-short-benchmark[3541661]: INF 2026-09-29 16:19:48.482+00:00 Imported blocks                            blockNumber=20819201 slot=10028481 blocks=819200 txs=129596319 mgas=12406594 bps=41.25 tps=6528 mgps=623.1 avgBps=34.94 avgTps=5528 avgMGps=529.2 elapsed=6h30m43s
Sep 29 16:23:05 nimbus-eth1-mainnet-short-benchmark[3541661]: INF 2026-09-29 16:23:05.691+00:00 Imported blocks                            blockNumber=20827393 slot=10036710 blocks=827392 txs=130916729 mgas=12530249 bps=41.54 tps=6695 mgps=627.0 avgBps=35.00 avgTps=5537 avgMGps=530.0 elapsed=6h34m672ms
Sep 29 16:26:24 nimbus-eth1-mainnet-short-benchmark[3541661]: INF 2026-09-29 16:26:24.461+00:00 Imported blocks                            blockNumber=20835585 slot=10044938 blocks=835584 txs=132226625 mgas=12654070 bps=41.21 tps=6589 mgps=622.9 avgBps=35.05 avgTps=5546 avgMGps=530.8 elapsed=6h37m19s
Sep 29 16:29:54 nimbus-eth1-mainnet-short-benchmark[3541661]: INF 2026-09-29 16:29:54.202+00:00 Imported blocks                            blockNumber=20843777 slot=10053164 blocks=843776 txs=133604192 mgas=12777730 bps=39.06 tps=6567 mgps=589.6 avgBps=35.09 avgTps=5555 avgMGps=531.3 elapsed=6h40m49s
Sep 29 16:33:52 nimbus-eth1-mainnet-short-benchmark[3541661]: INF 2026-09-29 16:33:52.467+00:00 Imported blocks                            blockNumber=20851969 slot=10061391 blocks=851968 txs=134900706 mgas=12901664 bps=34.38 tps=5441 mgps=520.2 avgBps=35.08 avgTps=5554 avgMGps=531.2 elapsed=6h44m47s
Sep 29 16:37:40 nimbus-eth1-mainnet-short-benchmark[3541661]: INF 2026-09-29 16:37:40.839+00:00 Imported blocks                            blockNumber=20860161 slot=10069622 blocks=860160 txs=136168750 mgas=13025603 bps=35.87 tps=5552 mgps=542.7 avgBps=35.09 avgTps=5554 avgMGps=531.3 elapsed=6h48m35s
Sep 29 16:41:25 nimbus-eth1-mainnet-short-benchmark[3541661]: INF 2026-09-29 16:41:25.112+00:00 Imported blocks                            blockNumber=20868353 slot=10077838 blocks=868352 txs=137550724 mgas=13149742 bps=36.53 tps=6161 mgps=553.5 avgBps=35.10 avgTps=5559 avgMGps=531.5 elapsed=6h52m20s
Sep 29 16:45:06 nimbus-eth1-mainnet-short-benchmark[3541661]: INF 2026-09-29 16:45:06.041+00:00 Imported blocks                            blockNumber=20876545 slot=10086066 blocks=876544 txs=138954673 mgas=13273457 bps=37.08 tps=6354 mgps=560.0 avgBps=35.12 avgTps=5566 avgMGps=531.8 elapsed=6h56m1s
Sep 29 16:48:40 nimbus-eth1-mainnet-short-benchmark[3541661]: INF 2026-09-29 16:48:40.234+00:00 Imported blocks                            blockNumber=20884737 slot=10094286 blocks=884736 txs=140256178 mgas=13397479 bps=38.25 tps=6076 mgps=579.0 avgBps=35.14 avgTps=5571 avgMGps=532.2 elapsed=6h59m35s
Sep 29 16:52:11 nimbus-eth1-mainnet-short-benchmark[3541661]: INF 2026-09-29 16:52:11.107+00:00 Imported blocks                            blockNumber=20892929 slot=10102512 blocks=892928 txs=141581868 mgas=13521575 bps=38.85 tps=6286 mgps=588.5 avgBps=35.17 avgTps=5577 avgMGps=532.6 elapsed=7h3m6s
Sep 29 16:55:41 nimbus-eth1-mainnet-short-benchmark[3541661]: INF 2026-09-29 16:55:41.172+00:00 Imported blocks                            blockNumber=20901121 slot=10110732 blocks=901120 txs=142875889 mgas=13645572 bps=39.00 tps=6159 mgps=590.3 avgBps=35.21 avgTps=5581 avgMGps=533.1 elapsed=7h6m36s
Sep 29 16:59:10 nimbus-eth1-mainnet-short-benchmark[3541661]: INF 2026-09-29 16:59:10.125+00:00 Imported blocks                            blockNumber=20909313 slot=10118953 blocks=909312 txs=144102308 mgas=13769390 bps=39.21 tps=5869 mgps=592.6 avgBps=35.24 avgTps=5584 avgMGps=533.6 elapsed=7h10m5s
Sep 29 17:02:34 nimbus-eth1-mainnet-short-benchmark[3541661]: INF 2026-09-29 17:02:34.703+00:00 Imported blocks                            blockNumber=20917505 slot=10127176 blocks=917504 txs=145406349 mgas=13893087 bps=40.04 tps=6374 mgps=604.6 avgBps=35.28 avgTps=5590 avgMGps=534.2 elapsed=7h13m29s
Sep 29 17:05:48 nimbus-eth1-mainnet-short-benchmark[3541661]: INF 2026-09-29 17:05:48.784+00:00 Imported blocks                            blockNumber=20925697 slot=10135394 blocks=925696 txs=146718394 mgas=14016820 bps=42.21 tps=6760 mgps=637.5 avgBps=35.33 avgTps=5599 avgMGps=534.9 elapsed=7h16m43s
Sep 29 17:09:17 nimbus-eth1-mainnet-short-benchmark[3541661]: INF 2026-09-29 17:09:17.393+00:00 Imported blocks                            blockNumber=20933889 slot=10143614 blocks=933888 txs=148049109 mgas=14140625 bps=39.27 tps=6378 mgps=593.5 avgBps=35.36 avgTps=5605 avgMGps=535.4 elapsed=7h20m12s
Sep 29 17:12:38 nimbus-eth1-mainnet-short-benchmark[3541661]: INF 2026-09-29 17:12:38.538+00:00 Imported blocks                            blockNumber=20942081 slot=10151840 blocks=942080 txs=149397364 mgas=14264352 bps=40.73 tps=6703 mgps=615.1 avgBps=35.40 avgTps=5613 avgMGps=536.0 elapsed=7h23m33s
Sep 29 17:16:06 nimbus-eth1-mainnet-short-benchmark[3541661]: INF 2026-09-29 17:16:06.311+00:00 Imported blocks                            blockNumber=20950273 slot=10160098 blocks=950272 txs=150765507 mgas=14388237 bps=39.43 tps=6584 mgps=596.3 avgBps=35.43 avgTps=5621 avgMGps=536.4 elapsed=7h27m1s
Sep 29 17:19:49 nimbus-eth1-mainnet-short-benchmark[3541661]: INF 2026-09-29 17:19:49.372+00:00 Imported blocks                            blockNumber=20958465 slot=10168363 blocks=958464 txs=152044771 mgas=14511987 bps=36.73 tps=5735 mgps=554.8 avgBps=35.44 avgTps=5622 avgMGps=536.6 elapsed=7h30m44s
Sep 29 17:23:22 nimbus-eth1-mainnet-short-benchmark[3541661]: INF 2026-09-29 17:23:22.369+00:00 Imported blocks                            blockNumber=20966657 slot=10176609 blocks=966656 txs=153365296 mgas=14635804 bps=38.46 tps=6199 mgps=581.3 avgBps=35.46 avgTps=5626 avgMGps=536.9 elapsed=7h34m17s
Sep 29 17:26:53 nimbus-eth1-mainnet-short-benchmark[3541661]: INF 2026-09-29 17:26:53.174+00:00 Imported blocks                            blockNumber=20974849 slot=10184849 blocks=974848 txs=154744917 mgas=14759580 bps=38.86 tps=6544 mgps=587.2 avgBps=35.49 avgTps=5633 avgMGps=537.3 elapsed=7h37m48s
Sep 29 17:30:30 nimbus-eth1-mainnet-short-benchmark[3541661]: INF 2026-09-29 17:30:30.551+00:00 Imported blocks                            blockNumber=20983041 slot=10193086 blocks=983040 txs=156055229 mgas=14883451 bps=37.69 tps=6027 mgps=569.9 avgBps=35.51 avgTps=5636 avgMGps=537.6 elapsed=7h41m25s
Sep 29 17:33:42 nimbus-eth1-mainnet-short-benchmark[3541661]: INF 2026-09-29 17:33:42.800+00:00 Imported blocks                            blockNumber=20991233 slot=10201319 blocks=991232 txs=157563202 mgas=15007557 bps=42.61 tps=7843 mgps=645.5 avgBps=35.56 avgTps=5651 avgMGps=538.3 elapsed=7h44m37s
Sep 29 17:37:24 nimbus-eth1-mainnet-short-benchmark[3541661]: INF 2026-09-29 17:37:24.573+00:00 Imported blocks                            blockNumber=20999425 slot=10209549 blocks=999424 txs=159003277 mgas=15131383 bps=36.94 tps=6493 mgps=558.3 avgBps=35.57 avgTps=5658 avgMGps=538.5 elapsed=7h48m19s
Sep 29 17:37:40 nimbus-eth1-mainnet-short-benchmark[3541661]: INF 2026-09-29 17:37:40.757+00:00 Imported blocks                            blockNumber=21000001 slot=10210128 blocks=1000000 txs=159109486 mgas=15140191 bps=35.60 tps=6563 mgps=544.3 avgBps=35.57 avgTps=5659 avgMGps=538.5 elapsed=7h48m35s
Sep 29 17:37:40 nimbus-eth1-mainnet-short-benchmark[3541661]: NTC 2026-09-29 17:37:40.757+00:00 Import complete                            blockNumber=21000001 slot=10210128 blocks=1000000 txs=159109486 mgas=15140191
Sep 29 17:37:41 nimbus-eth1-mainnet-short-benchmark[3512547]: <<< ending startNimbusWithImport (success)
Sep 29 17:37:41 nimbus-eth1-mainnet-short-benchmark[3512547]: >>> starting moveBenchmarkingFileToRepo
Sep 29 17:37:41 nimbus-eth1-mainnet-short-benchmark[3512547]: >>> copying debug-csv generated by nimbus to benchmarks repo
Sep 29 17:37:41 nimbus-eth1-mainnet-short-benchmark[3512547]: <<< ending moveBenchmarkingFileToRepo (success)
Sep 29 17:37:41 nimbus-eth1-mainnet-short-benchmark[3512547]: >>> starting generateBuildEnvironmentLogFile
Sep 29 17:37:50 nimbus-eth1-mainnet-short-benchmark[3512547]: <<< ending generateBuildEnvironmentLogFile (success)
Sep 29 17:37:50 nimbus-eth1-mainnet-short-benchmark[3512547]: >>> starting generateSystemdServiceLogs
