Aug 28 14:07:41 nimbus-eth1-mainnet-short-benchmark[538618]: >>> starting cloneOrFetchBenchmarksRepo
Aug 28 14:07:42 nimbus-eth1-mainnet-short-benchmark[538618]: >>> Fetching latest changes for nimbus-eth1-benchmarks...
Aug 28 14:07:43 nimbus-eth1-mainnet-short-benchmark[538665]: HEAD is now at 4a93a75 chore: update short benchmark Readme
Aug 28 14:07:44 nimbus-eth1-mainnet-short-benchmark[538618]: <<< ending cloneOrFetchBenchmarksRepo (success)
Aug 28 14:07:44 nimbus-eth1-mainnet-short-benchmark[538618]: >>> starting cloneOrFetchNimbusRepo
Aug 28 14:07:53 nimbus-eth1-mainnet-short-benchmark[538618]: >>> Fetching latest changes for nimbus-eth1...
Aug 28 14:07:54 nimbus-eth1-mainnet-short-benchmark[539036]: From https://github.com/status-im/nimbus-eth1
Aug 28 14:07:54 nimbus-eth1-mainnet-short-benchmark[539036]:    584cbcd2d..99070f7dc  master               -> origin/master
Aug 28 14:07:54 nimbus-eth1-mainnet-short-benchmark[539036]:  * [new branch]          add-shallow-flag-for-nix-ci -> origin/add-shallow-flag-for-nix-ci
Aug 28 14:07:54 nimbus-eth1-mainnet-short-benchmark[539036]:  * [new branch]          dependabot/submodules/vendor/nim-json-serialization-73c37b4 -> origin/dependabot/submodules/vendor/nim-json-serialization-73c37b4
Aug 28 14:07:54 nimbus-eth1-mainnet-short-benchmark[539036]:    07e73f962..71aa44aeb  multiget-branch-keys -> origin/multiget-branch-keys
Aug 28 14:07:54 nimbus-eth1-mainnet-short-benchmark[539036]:  + 36a849e80...5a61e6e32 update-nim-rocksdb   -> origin/update-nim-rocksdb  (forced update)
Aug 28 14:07:54 nimbus-eth1-mainnet-short-benchmark[539036]:    c4afe3972..c7f37c496  wasm-deploy          -> origin/wasm-deploy
Aug 28 14:07:54 nimbus-eth1-mainnet-short-benchmark[539036]: Fetching submodule vendor/nim-json-serialization
Aug 28 14:07:55 nimbus-eth1-mainnet-short-benchmark[539036]: From https://github.com/status-im/nim-json-serialization
Aug 28 14:07:55 nimbus-eth1-mainnet-short-benchmark[539036]:    de6e056..b9001bf  gh-pages    -> origin/gh-pages
Aug 28 14:07:55 nimbus-eth1-mainnet-short-benchmark[539036]:    962ed76..73c37b4  master      -> origin/master
Aug 28 14:07:55 nimbus-eth1-mainnet-short-benchmark[539036]:  * [new branch]      test-minver -> origin/test-minver
Aug 28 14:07:55 nimbus-eth1-mainnet-short-benchmark[539036]:  * [new tag]         v0.4.5      -> v0.4.5
Aug 28 14:07:55 nimbus-eth1-mainnet-short-benchmark[539036]: Fetching submodule vendor/nim-rocksdb
Aug 28 14:07:56 nimbus-eth1-mainnet-short-benchmark[539036]: From https://github.com/status-im/nim-rocksdb
Aug 28 14:07:56 nimbus-eth1-mainnet-short-benchmark[539036]:    bfbf82f..89ca9c7  master                -> origin/master
Aug 28 14:07:56 nimbus-eth1-mainnet-short-benchmark[539036]:  * [new branch]      multiget-improvements -> origin/multiget-improvements
Aug 28 14:07:56 nimbus-eth1-mainnet-short-benchmark[539036]:  * [new tag]         v10.10.1.0            -> v10.10.1.0
Aug 28 14:07:56 nimbus-eth1-mainnet-short-benchmark[539036]: Fetching submodule vendor/nim-rocksdb/vendor/rocksdb
Aug 28 14:07:58 nimbus-eth1-mainnet-short-benchmark[539036]: From https://github.com/facebook/rocksdb
Aug 28 14:07:58 nimbus-eth1-mainnet-short-benchmark[539036]:    6cdeb9d9d..3b4460891  11.1.fb                 -> origin/11.1.fb
Aug 28 14:07:58 nimbus-eth1-mainnet-short-benchmark[539036]:  * [new branch]          11.1.fb-no-rtc-with-rc-ldb -> origin/11.1.fb-no-rtc-with-rc-ldb
Aug 28 14:07:58 nimbus-eth1-mainnet-short-benchmark[539036]:  * [new branch]          11.10.fb                -> origin/11.10.fb
Aug 28 14:07:58 nimbus-eth1-mainnet-short-benchmark[539036]:  * [new branch]          11.2.fb                 -> origin/11.2.fb
Aug 28 14:07:58 nimbus-eth1-mainnet-short-benchmark[539036]:  * [new branch]          11.3.fb                 -> origin/11.3.fb
Aug 28 14:07:58 nimbus-eth1-mainnet-short-benchmark[539036]:  * [new branch]          11.4.fb                 -> origin/11.4.fb
Aug 28 14:07:58 nimbus-eth1-mainnet-short-benchmark[539036]:  * [new branch]          11.5.fb                 -> origin/11.5.fb
Aug 28 14:07:58 nimbus-eth1-mainnet-short-benchmark[539036]:  * [new branch]          11.6.fb                 -> origin/11.6.fb
Aug 28 14:07:58 nimbus-eth1-mainnet-short-benchmark[539036]:  * [new branch]          11.7.fb                 -> origin/11.7.fb
Aug 28 14:07:58 nimbus-eth1-mainnet-short-benchmark[539036]:  * [new branch]          11.8.fb                 -> origin/11.8.fb
Aug 28 14:07:58 nimbus-eth1-mainnet-short-benchmark[539036]:  * [new branch]          11.9.fb                 -> origin/11.9.fb
Aug 28 14:07:58 nimbus-eth1-mainnet-short-benchmark[539036]:  * [new branch]          2026_08_05_ci_failure   -> origin/2026_08_05_ci_failure
Aug 28 14:07:58 nimbus-eth1-mainnet-short-benchmark[539036]:  * [new branch]          export-D107999834       -> origin/export-D107999834
Aug 28 14:07:58 nimbus-eth1-mainnet-short-benchmark[539036]:  * [new branch]          export-D107999835       -> origin/export-D107999835
Aug 28 14:07:58 nimbus-eth1-mainnet-short-benchmark[539036]:  * [new branch]          export-D108367345       -> origin/export-D108367345
Aug 28 14:07:58 nimbus-eth1-mainnet-short-benchmark[539036]:  * [new branch]          export-D108551605       -> origin/export-D108551605
Aug 28 14:07:58 nimbus-eth1-mainnet-short-benchmark[539036]:  * [new branch]          export-D110209012       -> origin/export-D110209012
Aug 28 14:07:58 nimbus-eth1-mainnet-short-benchmark[539036]:  * [new branch]          export-D111068809       -> origin/export-D111068809
Aug 28 14:07:58 nimbus-eth1-mainnet-short-benchmark[539036]:  * [new branch]          export-D112075800       -> origin/export-D112075800
Aug 28 14:07:58 nimbus-eth1-mainnet-short-benchmark[539036]:  * [new branch]          export-D116833037       -> origin/export-D116833037
Aug 28 14:07:58 nimbus-eth1-mainnet-short-benchmark[539036]:  * [new branch]          fix_agent_review2       -> origin/fix_agent_review2
Aug 28 14:07:58 nimbus-eth1-mainnet-short-benchmark[539036]:  * [new branch]          fix_codex_review_command -> origin/fix_codex_review_command
Aug 28 14:07:58 nimbus-eth1-mainnet-short-benchmark[539036]:  * [new branch]          fix_hidden_review_details_test -> origin/fix_hidden_review_details_test
Aug 28 14:07:58 nimbus-eth1-mainnet-short-benchmark[539036]:  * [new branch]          gh/joshkang97/1/base    -> origin/gh/joshkang97/1/base
Aug 28 14:07:58 nimbus-eth1-mainnet-short-benchmark[539036]:  * [new branch]          gh/joshkang97/1/head    -> origin/gh/joshkang97/1/head
Aug 28 14:07:58 nimbus-eth1-mainnet-short-benchmark[539036]:  * [new branch]          gh/joshkang97/1/orig    -> origin/gh/joshkang97/1/orig
Aug 28 14:07:58 nimbus-eth1-mainnet-short-benchmark[539036]:  * [new branch]          gh/joshkang97/2/base    -> origin/gh/joshkang97/2/base
Aug 28 14:07:58 nimbus-eth1-mainnet-short-benchmark[539036]:  * [new branch]          gh/joshkang97/2/head    -> origin/gh/joshkang97/2/head
Aug 28 14:07:58 nimbus-eth1-mainnet-short-benchmark[539036]:  * [new branch]          gh/joshkang97/2/orig    -> origin/gh/joshkang97/2/orig
Aug 28 14:07:58 nimbus-eth1-mainnet-short-benchmark[539036]:  * [new branch]          gh/joshkang97/3/base    -> origin/gh/joshkang97/3/base
Aug 28 14:07:58 nimbus-eth1-mainnet-short-benchmark[539036]:  * [new branch]          gh/joshkang97/3/head    -> origin/gh/joshkang97/3/head
Aug 28 14:07:58 nimbus-eth1-mainnet-short-benchmark[539036]:  * [new branch]          gh/joshkang97/3/orig    -> origin/gh/joshkang97/3/orig
Aug 28 14:07:58 nimbus-eth1-mainnet-short-benchmark[539036]:  * [new branch]          gh/joshkang97/4/base    -> origin/gh/joshkang97/4/base
Aug 28 14:07:58 nimbus-eth1-mainnet-short-benchmark[539036]:  * [new branch]          gh/joshkang97/4/head    -> origin/gh/joshkang97/4/head
Aug 28 14:07:58 nimbus-eth1-mainnet-short-benchmark[539036]:  * [new branch]          gh/joshkang97/4/orig    -> origin/gh/joshkang97/4/orig
Aug 28 14:07:58 nimbus-eth1-mainnet-short-benchmark[539036]:  * [new branch]          gh/joshkang97/5/base    -> origin/gh/joshkang97/5/base
Aug 28 14:07:58 nimbus-eth1-mainnet-short-benchmark[539036]:  * [new branch]          gh/joshkang97/5/head    -> origin/gh/joshkang97/5/head
Aug 28 14:07:58 nimbus-eth1-mainnet-short-benchmark[539036]:  * [new branch]          gh/joshkang97/5/orig    -> origin/gh/joshkang97/5/orig
Aug 28 14:07:58 nimbus-eth1-mainnet-short-benchmark[539036]:  * [new branch]          gh/joshkang97/6/base    -> origin/gh/joshkang97/6/base
Aug 28 14:07:58 nimbus-eth1-mainnet-short-benchmark[539036]:  * [new branch]          gh/joshkang97/6/head    -> origin/gh/joshkang97/6/head
Aug 28 14:07:58 nimbus-eth1-mainnet-short-benchmark[539036]:  * [new branch]          gh/joshkang97/6/orig    -> origin/gh/joshkang97/6/orig
Aug 28 14:07:58 nimbus-eth1-mainnet-short-benchmark[539036]:  * [new branch]          gh/joshkang97/7/base    -> origin/gh/joshkang97/7/base
Aug 28 14:07:58 nimbus-eth1-mainnet-short-benchmark[539036]:  * [new branch]          gh/joshkang97/7/head    -> origin/gh/joshkang97/7/head
Aug 28 14:07:58 nimbus-eth1-mainnet-short-benchmark[539036]:  * [new branch]          gh/joshkang97/7/orig    -> origin/gh/joshkang97/7/orig
Aug 28 14:07:58 nimbus-eth1-mainnet-short-benchmark[539036]:    820c4a77c..80a5a6e4b  main                    -> origin/main
Aug 28 14:07:58 nimbus-eth1-mainnet-short-benchmark[539036]:  * [new branch]          main-with-rtc-rc-ldb-break-compat -> origin/main-with-rtc-rc-ldb-break-compat
Aug 28 14:07:58 nimbus-eth1-mainnet-short-benchmark[539036]:  * [new branch]          rc-ldb-smoke-test       -> origin/rc-ldb-smoke-test
Aug 28 14:07:58 nimbus-eth1-mainnet-short-benchmark[539036]:  * [new branch]          refresh-history-11.8    -> origin/refresh-history-11.8
Aug 28 14:07:58 nimbus-eth1-mainnet-short-benchmark[539036]:  * [new branch]          rollback_11.2.1         -> origin/rollback_11.2.1
Aug 28 14:07:58 nimbus-eth1-mainnet-short-benchmark[539036]:  * [new branch]          update-folly-11.10      -> origin/update-folly-11.10
Aug 28 14:07:58 nimbus-eth1-mainnet-short-benchmark[539036]:  * [new branch]          update-folly-11.6       -> origin/update-folly-11.6
Aug 28 14:07:58 nimbus-eth1-mainnet-short-benchmark[539036]:  * [new branch]          update-folly-11.7       -> origin/update-folly-11.7
Aug 28 14:07:58 nimbus-eth1-mainnet-short-benchmark[539036]:  * [new branch]          update-folly-11.8       -> origin/update-folly-11.8
Aug 28 14:07:58 nimbus-eth1-mainnet-short-benchmark[539036]:  * [new branch]          update-folly-11.9       -> origin/update-folly-11.9
Aug 28 14:07:58 nimbus-eth1-mainnet-short-benchmark[539036]:  * [new branch]          update-main-for-11.10.0 -> origin/update-main-for-11.10.0
Aug 28 14:07:58 nimbus-eth1-mainnet-short-benchmark[539036]:  * [new branch]          update-main-for-11.11.0 -> origin/update-main-for-11.11.0
Aug 28 14:07:58 nimbus-eth1-mainnet-short-benchmark[539036]:  + a42bba3bf...7d274331a update-main-for-11.3.0  -> origin/update-main-for-11.3.0  (forced update)
Aug 28 14:07:58 nimbus-eth1-mainnet-short-benchmark[539036]:  * [new branch]          update-main-for-11.5.0  -> origin/update-main-for-11.5.0
Aug 28 14:07:58 nimbus-eth1-mainnet-short-benchmark[539036]:  * [new branch]          update-main-for-11.7.0  -> origin/update-main-for-11.7.0
Aug 28 14:07:58 nimbus-eth1-mainnet-short-benchmark[539036]:  * [new branch]          update-main-for-11.8.0  -> origin/update-main-for-11.8.0
Aug 28 14:07:58 nimbus-eth1-mainnet-short-benchmark[539036]:  * [new branch]          update-main-for-11.9.0  -> origin/update-main-for-11.9.0
Aug 28 14:07:58 nimbus-eth1-mainnet-short-benchmark[539036]:  * [new tag]             third-party-deps        -> third-party-deps
Aug 28 14:07:58 nimbus-eth1-mainnet-short-benchmark[539036]:  * [new tag]             v11.1.1                 -> v11.1.1
Aug 28 14:07:58 nimbus-eth1-mainnet-short-benchmark[539036]:  * [new tag]             v11.1.2                 -> v11.1.2
Aug 28 14:07:58 nimbus-eth1-mainnet-short-benchmark[539036]:  * [new tag]             v11.8.0                 -> v11.8.0
Aug 28 14:07:58 nimbus-eth1-mainnet-short-benchmark[539036]:  * [new tag]             v11.8.1                 -> v11.8.1
Aug 28 14:07:58 nimbus-eth1-mainnet-short-benchmark[539036]: Fetching submodule vendor/nim-rocksdb/vendor/vcpkg
Aug 28 14:08:01 nimbus-eth1-mainnet-short-benchmark[539036]: From https://github.com/microsoft/vcpkg
Aug 28 14:08:01 nimbus-eth1-mainnet-short-benchmark[539036]:    2f8d9f7d3f..e99d87dcf0  master     -> origin/master
Aug 28 14:08:01 nimbus-eth1-mainnet-short-benchmark[539036]:  * [new tag]               2026.04.27 -> 2026.04.27
Aug 28 14:08:01 nimbus-eth1-mainnet-short-benchmark[539036]:  * [new tag]               2026.05.25 -> 2026.05.25
Aug 28 14:08:01 nimbus-eth1-mainnet-short-benchmark[539036]:  * [new tag]               2026.06.01 -> 2026.06.01
Aug 28 14:08:01 nimbus-eth1-mainnet-short-benchmark[539036]:  * [new tag]               2026.06.24 -> 2026.06.24
Aug 28 14:08:01 nimbus-eth1-mainnet-short-benchmark[539036]:  * [new tag]               2026.07.29 -> 2026.07.29
Aug 28 14:08:02 nimbus-eth1-mainnet-short-benchmark[539036]: From https://github.com/status-im/nim-rocksdb
Aug 28 14:08:02 nimbus-eth1-mainnet-short-benchmark[539036]:  * branch            8fb56531b177d71c5e83c5392f71e3e4862e0186 -> FETCH_HEAD
Aug 28 14:08:02 nimbus-eth1-mainnet-short-benchmark[539106]: HEAD is now at 99070f7dc Ledger: differentiate accountExists and accountAlive (#4701)
Aug 28 14:08:02 nimbus-eth1-mainnet-short-benchmark[538618]: >>> Found last benchmarked commit: 70c2f00e
Aug 28 14:08:02 nimbus-eth1-mainnet-short-benchmark[538618]: >>> Using next commit: 413dda0e86c233178039204657612af0b34b9190
Aug 28 14:08:02 nimbus-eth1-mainnet-short-benchmark[539122]: HEAD is now at 413dda0e8 use the same genesis in test nodes (#4614)
Aug 28 14:08:02 nimbus-eth1-mainnet-short-benchmark[538618]: >>> Current commit: 413dda0e8
Aug 28 14:08:02 nimbus-eth1-mainnet-short-benchmark[538618]: <<< ending cloneOrFetchNimbusRepo (success)
Aug 28 14:08:02 nimbus-eth1-mainnet-short-benchmark[538618]: >>> starting buildBinaries
Aug 28 14:08:02 nimbus-eth1-mainnet-short-benchmark[538618]: >>> Building binaries for commit 413dda0e...
Aug 28 14:08:16 nimbus-eth1-mainnet-short-benchmark[544624]: Building: Nim compiler
Aug 28 14:11:06 nimbus-eth1-mainnet-short-benchmark[544624]: Building custom Nimble commit: 42ef70c2102a942c46f13eb76872326edd525cec
Aug 28 14:11:16 nimbus-eth1-mainnet-short-benchmark[544624]: Building Nimble...
Aug 28 14:11:26 nimbus-eth1-mainnet-short-benchmark[544624]: Replacing nimble binary...
Aug 28 14:11:34 nimbus-eth1-mainnet-short-benchmark[560960]: cp: cannot stat '/data/status-im/nimbus-eth1/build/*': No such file or directory
Aug 28 14:11:34 nimbus-eth1-mainnet-short-benchmark[560935]: ROCKSDB VERSION NOT FOUND
Aug 28 14:11:34 nimbus-eth1-mainnet-short-benchmark[561086]: make[1]: Entering directory '/data/status-im/nimbus-eth1/vendor/nim-rocksdb/vendor/rocksdb'
Aug 28 14:11:34 nimbus-eth1-mainnet-short-benchmark[561086]: $DEBUG_LEVEL is 0, $LIB_MODE is static
Aug 28 14:11:34 nimbus-eth1-mainnet-short-benchmark[561086]: make[1]: Leaving directory '/data/status-im/nimbus-eth1/vendor/nim-rocksdb/vendor/rocksdb'
Aug 28 14:11:34 nimbus-eth1-mainnet-short-benchmark[561545]: Cleaning up RocksDb build artifacts.
Aug 28 14:11:35 nimbus-eth1-mainnet-short-benchmark[560964]: Building RocksDb static libraries.
Aug 28 14:14:48 nimbus-eth1-mainnet-short-benchmark[565080]: Building: build/nimbus_execution_client
Aug 28 14:17:22 nimbus-eth1-mainnet-short-benchmark[538618]: >>> renaming binaries to match commit they were built from
Aug 28 14:17:22 nimbus-eth1-mainnet-short-benchmark[538618]: >>> creating a symbolic link to the latest version
Aug 28 14:17:22 nimbus-eth1-mainnet-short-benchmark[538618]: >>> deleting copies that are older than N days
Aug 28 14:17:22 nimbus-eth1-mainnet-short-benchmark[538618]: <<< ending buildBinaries (success)
Aug 28 14:17:22 nimbus-eth1-mainnet-short-benchmark[538618]: >>> starting skipOrContinueBenchmark
Aug 28 14:17:22 nimbus-eth1-mainnet-short-benchmark[538618]: <<< ending skipOrContinueBenchmark (success)
Aug 28 14:17:22 nimbus-eth1-mainnet-short-benchmark[538618]: >>> starting copyTemplateDatabase
Aug 28 14:17:22 nimbus-eth1-mainnet-short-benchmark[538618]: >>> Copying template db into nimbus data directory
Aug 28 14:20:34 nimbus-eth1-mainnet-short-benchmark[538618]: >>> Template db copied
Aug 28 14:20:34 nimbus-eth1-mainnet-short-benchmark[538618]: >>> making nimbus the owner of the copied files
Aug 28 14:20:34 nimbus-eth1-mainnet-short-benchmark[538618]: <<< ending copyTemplateDatabase (success)
Aug 28 14:20:34 nimbus-eth1-mainnet-short-benchmark[538618]: >>> starting startNimbusWithImport
Aug 28 14:20:35 nimbus-eth1-mainnet-short-benchmark[570790]: INF 2026-08-28 14:20:35.083+00:00 Launching execution client                 version=v0.4.0-413dda0e config="(configFile: none(InputFile), dataDirFlag: some(/data/status-im/nimbus-eth1/data/shared_mainnet_0), era1DirFlag: some(/data/era1), eraDirFlag: some(/data/era), ereDirFlag: none(OutDir), keyStoreDirFlag: none(OutDir), importKey: , trustedSetupFile: none(string), extraData: Nimbus/v0.4.0-413dda0e, gasLimit: none(uint64), maxBlobs: none(byte), network: [mainnet], logLevel: INFO, logFormat: auto, metricsEnabled: false, metricsPort: 9093, metricsAddress: 127.0.0.1, bootstrapNodes: [], elBootstrapNodes: [], bootstrapFile: , elBootstrapFile: , staticPeers: [], staticPeersFile: , reconnectMaxRetry: 0, reconnectInterval: 15, listenAddress: ::, tcpPort: 30303, udpPortFlag: none(Port), maxPeersOpt: none(int), elMaxPeersOpt: none(int), nat: (hasExtIp: false, nat: NatAny), discv5: true, netKey: random, agentString: Nimbus/v0.4.0-413dda0e/linux-amd64/Nim-2.2.10, numThreads: 0, persistBatchSize: 4, dynamicBatchSize: false, rocksdbMaxOpenFiles: 2048, rocksdbWriteBufferSize: 67108864, rocksdbRowCacheSize: 0, rocksdbBlockCacheSize: 2147483648, rocksdbBlockCacheType: hyperclock, rdbVtxCacheSize: 536870912, rdbKeyCacheSize: 1342177280, rdbBranchCacheSize: 1073741824, rdbPrintStats: false, rewriteDatadirId: true, aristoDbMaxSnapshots: 5, parallelStateRootComputation: false, parallelSenderRecovery: true, optimisticStatePrefetch: false, balStatePrefetch: false, balStatePrefetchWorkers: 0, balParallelExecution: false, eagerStateRootCheck: false, deserializeFcState: true, statelessProvider: false, statelessWitnessValidation: false, cmd: import, maxBlocks: 1000000, chunkSize: 8192, csvStats: some("/data/host-benchmarks/short/a7105e1ea2a64c3da5dbfcafb9ffdbe2/blocks-import-benchmark.csv"), validation: false, fullValidation: false, storeBodies: false, storeReceipts: false, storeSlotHashes: false)"
Aug 28 14:20:35 nimbus-eth1-mainnet-short-benchmark[570790]: WRN 2026-08-28 14:20:35.095+00:00 Data directory has insecure permissions. Correcting them. data_dir=/data/status-im/nimbus-eth1/data/shared_mainnet_0 current_permissions=0755 required_permissions=0700
Aug 28 14:20:36 nimbus-eth1-mainnet-short-benchmark[570790]: INF 2026-08-28 14:20:36.939+00:00 Taskpool started                           numThreads=16
Aug 28 14:20:37 nimbus-eth1-mainnet-short-benchmark[570790]: INF 2026-08-28 14:20:37.091+00:00 Writing data dir ID                        ID=0xebd42021f4f140bc71b3c3b426b48f934de3443ed8f650d8d7d51eafc383bd57
Aug 28 14:20:37 nimbus-eth1-mainnet-short-benchmark[570790]: INF 2026-08-28 14:20:37.107+00:00 Database initialized                       base="(0xd24fd73f794058a3807db926d8898c6481e902b7edb91ce0d479d6760f276183, 20000000)" finalized="(0xd24fd73f794058a3807db926d8898c6481e902b7edb91ce0d479d6760f276183, 20000000)" head="(0xd4e56740f876aef8c010b86a40d5f56745a118d0906a34e69aec8c0db1cb8fa3, 0)"
Aug 28 14:20:37 nimbus-eth1-mainnet-short-benchmark[570790]: NTC 2026-08-28 14:20:37.107+00:00 Could not open ere database, falling back to era1/era import ereDir=/data/status-im/nimbus-eth1/data/shared_mainnet_0/ere networkName=mainnet error="No ere files found in /data/status-im/nimbus-eth1/data/shared_mainnet_0/ere"
Aug 28 14:20:37 nimbus-eth1-mainnet-short-benchmark[570790]: NTC 2026-08-28 14:20:37.107+00:00 Importing era archive                      blockNumber=20000001 dataDir=/data/status-im/nimbus-eth1/data/shared_mainnet_0 eraDir=/data/era
Aug 28 14:20:39 nimbus-eth1-mainnet-short-benchmark[570790]: NTC 2026-08-28 14:20:39.451+00:00 Matched block to slot number               blockNumber=20000001 slot=9204783
Aug 28 14:26:47 nimbus-eth1-mainnet-short-benchmark[570790]: INF 2026-08-28 14:26:47.402+00:00 Imported blocks                            blockNumber=20008193 slot=9213020 blocks=8192 txs=1226966 mgas=124237 bps=22.12 tps=3313 mgps=335.5 avgBps=22.12 avgTps=3313 avgMGps=335.5 elapsed=6m10s296ms
Aug 28 14:32:18 nimbus-eth1-mainnet-short-benchmark[570790]: INF 2026-08-28 14:32:18.377+00:00 Imported blocks                            blockNumber=20016385 slot=9221256 blocks=16384 txs=2540380 mgas=248071 bps=24.75 tps=3968 mgps=374.1 avgBps=23.36 avgTps=3622 avgMGps=353.7 elapsed=11m41s271ms
Aug 28 14:37:34 nimbus-eth1-mainnet-short-benchmark[570790]: INF 2026-08-28 14:37:34.169+00:00 Imported blocks                            blockNumber=20024577 slot=9229485 blocks=24576 txs=3869398 mgas=372018 bps=25.94 tps=4208 mgps=392.5 avgBps=24.16 avgTps=3804 avgMGps=365.8 elapsed=16m57s64ms
Aug 28 14:42:14 nimbus-eth1-mainnet-short-benchmark[570790]: INF 2026-08-28 14:42:14.109+00:00 Imported blocks                            blockNumber=20032769 slot=9237722 blocks=32768 txs=5222766 mgas=495797 bps=29.26 tps=4834 mgps=442.2 avgBps=25.26 avgTps=4026 avgMGps=382.3 elapsed=21m37s6ms
Aug 28 14:46:47 nimbus-eth1-mainnet-short-benchmark[570790]: INF 2026-08-28 14:46:47.589+00:00 Imported blocks                            blockNumber=20040961 slot=9245957 blocks=40960 txs=6566802 mgas=619586 bps=29.95 tps=4914 mgps=452.6 avgBps=26.08 avgTps=4181 avgMGps=394.5 elapsed=26m10s485ms
Aug 28 14:51:42 nimbus-eth1-mainnet-short-benchmark[570790]: INF 2026-08-28 14:51:42.581+00:00 Imported blocks                            blockNumber=20049153 slot=9254196 blocks=49152 txs=7904746 mgas=743522 bps=27.77 tps=4535 mgps=420.1 avgBps=26.35 avgTps=4237 avgMGps=398.6 elapsed=31m5s478ms
Aug 28 14:56:30 nimbus-eth1-mainnet-short-benchmark[570790]: INF 2026-08-28 14:56:30.113+00:00 Imported blocks                            blockNumber=20057345 slot=9262435 blocks=57344 txs=9212009 mgas=867360 bps=28.49 tps=4546 mgps=430.7 avgBps=26.63 avgTps=4278 avgMGps=402.9 elapsed=35m53s7ms
Aug 28 15:00:56 nimbus-eth1-mainnet-short-benchmark[570790]: INF 2026-08-28 15:00:56.053+00:00 Imported blocks                            blockNumber=20065537 slot=9270674 blocks=65536 txs=10559018 mgas=991371 bps=30.80 tps=5065 mgps=466.3 avgBps=27.09 avgTps=4365 avgMGps=409.8 elapsed=40m18s947ms
Aug 28 15:05:12 nimbus-eth1-mainnet-short-benchmark[570790]: INF 2026-08-28 15:05:12.209+00:00 Imported blocks                            blockNumber=20073729 slot=9278910 blocks=73728 txs=11898676 mgas=1115111 bps=31.98 tps=5229 mgps=483.1 avgBps=27.56 avgTps=4447 avgMGps=416.8 elapsed=44m35s105ms
Aug 28 15:09:13 nimbus-eth1-mainnet-short-benchmark[570790]: INF 2026-08-28 15:09:13.950+00:00 Imported blocks                            blockNumber=20081921 slot=9287152 blocks=81920 txs=13323263 mgas=1239150 bps=33.89 tps=5893 mgps=513.1 avgBps=28.09 avgTps=4567 avgMGps=424.8 elapsed=48m36s845ms
Aug 28 15:13:13 nimbus-eth1-mainnet-short-benchmark[570790]: INF 2026-08-28 15:13:13.834+00:00 Imported blocks                            blockNumber=20090113 slot=9295408 blocks=90112 txs=14697082 mgas=1363113 bps=34.15 tps=5726 mgps=516.8 avgBps=28.55 avgTps=4655 avgMGps=431.8 elapsed=52m36s730ms
Aug 28 15:17:30 nimbus-eth1-mainnet-short-benchmark[570790]: INF 2026-08-28 15:17:30.819+00:00 Imported blocks                            blockNumber=20098305 slot=9303658 blocks=98304 txs=16025683 mgas=1487146 bps=31.88 tps=5169 mgps=482.7 avgBps=28.80 avgTps=4694 avgMGps=435.6 elapsed=56m53s713ms
Aug 28 15:21:58 nimbus-eth1-mainnet-short-benchmark[570790]: INF 2026-08-28 15:21:58.035+00:00 Imported blocks                            blockNumber=20106497 slot=9311895 blocks=106496 txs=17337157 mgas=1611066 bps=30.66 tps=4907 mgps=463.7 avgBps=28.93 avgTps=4709 avgMGps=437.7 elapsed=1h1m20s
Aug 28 15:26:11 nimbus-eth1-mainnet-short-benchmark[570790]: INF 2026-08-28 15:26:11.439+00:00 Imported blocks                            blockNumber=20114689 slot=9320146 blocks=114688 txs=18632097 mgas=1735123 bps=32.33 tps=5110 mgps=489.6 avgBps=29.15 avgTps=4735 avgMGps=441.0 elapsed=1h5m34s
Aug 28 15:30:11 nimbus-eth1-mainnet-short-benchmark[570790]: INF 2026-08-28 15:30:11.612+00:00 Imported blocks                            blockNumber=20122881 slot=9328409 blocks=122880 txs=19937418 mgas=1859249 bps=34.11 tps=5434 mgps=516.8 avgBps=29.44 avgTps=4775 avgMGps=445.4 elapsed=1h9m34s
Aug 28 15:34:07 nimbus-eth1-mainnet-short-benchmark[570790]: INF 2026-08-28 15:34:07.556+00:00 Imported blocks                            blockNumber=20131073 slot=9336660 blocks=131072 txs=21214129 mgas=1983500 bps=34.72 tps=5411 mgps=526.6 avgBps=29.72 avgTps=4809 avgMGps=449.7 elapsed=1h13m30s
Aug 28 15:38:00 nimbus-eth1-mainnet-short-benchmark[570790]: INF 2026-08-28 15:38:00.669+00:00 Imported blocks                            blockNumber=20139265 slot=9344906 blocks=139264 txs=22579079 mgas=2107571 bps=35.14 tps=5855 mgps=532.2 avgBps=29.99 avgTps=4862 avgMGps=453.9 elapsed=1h17m23s
Aug 28 15:42:37 nimbus-eth1-mainnet-short-benchmark[570790]: INF 2026-08-28 15:42:37.541+00:00 Imported blocks                            blockNumber=20147457 slot=9353153 blocks=147456 txs=24133322 mgas=2231686 bps=29.59 tps=5613 mgps=448.3 avgBps=29.97 avgTps=4904 avgMGps=453.6 elapsed=1h22m437ms
Aug 28 15:47:05 nimbus-eth1-mainnet-short-benchmark[570790]: INF 2026-08-28 15:47:05.069+00:00 Imported blocks                            blockNumber=20155649 slot=9361407 blocks=155648 txs=25424015 mgas=2356018 bps=30.62 tps=4824 mgps=464.7 avgBps=30.00 avgTps=4900 avgMGps=454.1 elapsed=1h26m27s
Aug 28 15:51:12 nimbus-eth1-mainnet-short-benchmark[570790]: INF 2026-08-28 15:51:12.030+00:00 Imported blocks                            blockNumber=20163841 slot=9369652 blocks=163840 txs=26749549 mgas=2480207 bps=33.17 tps=5367 mgps=502.9 avgBps=30.15 avgTps=4921 avgMGps=456.3 elapsed=1h30m34s
Aug 28 15:55:13 nimbus-eth1-mainnet-short-benchmark[570790]: INF 2026-08-28 15:55:13.934+00:00 Imported blocks                            blockNumber=20172033 slot=9377892 blocks=172032 txs=28105316 mgas=2604026 bps=33.86 tps=5604 mgps=511.9 avgBps=30.30 avgTps=4950 avgMGps=458.7 elapsed=1h34m36s
Aug 28 15:59:19 nimbus-eth1-mainnet-short-benchmark[570790]: INF 2026-08-28 15:59:19.955+00:00 Imported blocks                            blockNumber=20180225 slot=9386128 blocks=180224 txs=29524405 mgas=2728170 bps=33.30 tps=5768 mgps=504.6 avgBps=30.43 avgTps=4984 avgMGps=460.6 elapsed=1h38m42s
Aug 28 16:03:08 nimbus-eth1-mainnet-short-benchmark[570790]: INF 2026-08-28 16:03:08.968+00:00 Imported blocks                            blockNumber=20188417 slot=9394365 blocks=188416 txs=30849021 mgas=2852023 bps=35.77 tps=5784 mgps=540.8 avgBps=30.63 avgTps=5014 avgMGps=463.6 elapsed=1h42m31s
Aug 28 16:07:23 nimbus-eth1-mainnet-short-benchmark[570790]: INF 2026-08-28 16:07:23.028+00:00 Imported blocks                            blockNumber=20196609 slot=9402602 blocks=196608 txs=32174755 mgas=2976155 bps=32.24 tps=5218 mgps=488.6 avgBps=30.69 avgTps=5022 avgMGps=464.6 elapsed=1h46m45s
Aug 28 16:11:52 nimbus-eth1-mainnet-short-benchmark[570790]: INF 2026-08-28 16:11:52.924+00:00 Imported blocks                            blockNumber=20204801 slot=9410840 blocks=204800 txs=33475942 mgas=3100410 bps=30.35 tps=4821 mgps=460.4 avgBps=30.68 avgTps=5014 avgMGps=464.4 elapsed=1h51m15s
Aug 28 16:15:59 nimbus-eth1-mainnet-short-benchmark[570790]: INF 2026-08-28 16:15:59.613+00:00 Imported blocks                            blockNumber=20212993 slot=9419071 blocks=212992 txs=34798508 mgas=3224370 bps=33.21 tps=5361 mgps=502.5 avgBps=30.77 avgTps=5026 avgMGps=465.8 elapsed=1h55m22s
Aug 28 16:20:01 nimbus-eth1-mainnet-short-benchmark[570790]: INF 2026-08-28 16:20:01.141+00:00 Imported blocks                            blockNumber=20221185 slot=9427313 blocks=221184 txs=36114045 mgas=3348169 bps=33.92 tps=5446 mgps=512.6 avgBps=30.87 avgTps=5041 avgMGps=467.4 elapsed=1h59m24s
Aug 28 16:23:43 nimbus-eth1-mainnet-short-benchmark[570790]: INF 2026-08-28 16:23:43.638+00:00 Imported blocks                            blockNumber=20229377 slot=9435549 blocks=229376 txs=37421794 mgas=3472031 bps=36.82 tps=5877 mgps=556.7 avgBps=31.05 avgTps=5066 avgMGps=470.0 elapsed=2h3m6s
Aug 28 16:27:36 nimbus-eth1-mainnet-short-benchmark[570790]: INF 2026-08-28 16:27:36.283+00:00 Imported blocks                            blockNumber=20237569 slot=9443788 blocks=237568 txs=38842064 mgas=3596351 bps=35.21 tps=6104 mgps=534.4 avgBps=31.18 avgTps=5097 avgMGps=472.0 elapsed=2h6m59s
Aug 28 16:31:47 nimbus-eth1-mainnet-short-benchmark[570790]: INF 2026-08-28 16:31:47.727+00:00 Imported blocks                            blockNumber=20245761 slot=9452021 blocks=245760 txs=40225739 mgas=3720100 bps=32.58 tps=5502 mgps=492.1 avgBps=31.22 avgTps=5110 avgMGps=472.7 elapsed=2h11m10s
Aug 28 16:36:14 nimbus-eth1-mainnet-short-benchmark[570790]: INF 2026-08-28 16:36:14.843+00:00 Imported blocks                            blockNumber=20253953 slot=9460253 blocks=253952 txs=41454921 mgas=3844385 bps=30.67 tps=4601 mgps=465.3 avgBps=31.21 avgTps=5094 avgMGps=472.4 elapsed=2h15m37s
Aug 28 16:40:29 nimbus-eth1-mainnet-short-benchmark[570790]: INF 2026-08-28 16:40:29.640+00:00 Imported blocks                            blockNumber=20262145 slot=9468495 blocks=262144 txs=42726051 mgas=3968623 bps=32.15 tps=4988 mgps=487.6 avgBps=31.24 avgTps=5090 avgMGps=472.9 elapsed=2h19m52s
Aug 28 16:44:26 nimbus-eth1-mainnet-short-benchmark[570790]: INF 2026-08-28 16:44:26.024+00:00 Imported blocks                            blockNumber=20270337 slot=9476748 blocks=270336 txs=44050436 mgas=4092682 bps=34.65 tps=5602 mgps=524.8 avgBps=31.33 avgTps=5104 avgMGps=474.3 elapsed=2h23m48s
Aug 28 16:48:06 nimbus-eth1-mainnet-short-benchmark[570790]: INF 2026-08-28 16:48:06.165+00:00 Imported blocks                            blockNumber=20278529 slot=9484981 blocks=278528 txs=45382368 mgas=4216487 bps=37.21 tps=6050 mgps=562.4 avgBps=31.48 avgTps=5128 avgMGps=476.5 elapsed=2h27m29s
Aug 28 16:51:52 nimbus-eth1-mainnet-short-benchmark[570790]: INF 2026-08-28 16:51:52.586+00:00 Imported blocks                            blockNumber=20286721 slot=9493213 blocks=286720 txs=46733429 mgas=4340363 bps=36.18 tps=5966 mgps=547.1 avgBps=31.59 avgTps=5149 avgMGps=478.3 elapsed=2h31m15s
Aug 28 16:56:00 nimbus-eth1-mainnet-short-benchmark[570790]: INF 2026-08-28 16:56:00.378+00:00 Imported blocks                            blockNumber=20294913 slot=9501453 blocks=294912 txs=48075887 mgas=4464376 bps=33.06 tps=5417 mgps=500.5 avgBps=31.63 avgTps=5156 avgMGps=478.8 elapsed=2h35m23s
Aug 28 17:00:04 nimbus-eth1-mainnet-short-benchmark[570790]: INF 2026-08-28 17:00:04.375+00:00 Imported blocks                            blockNumber=20303105 slot=9509696 blocks=303104 txs=49379538 mgas=4588534 bps=33.57 tps=5342 mgps=508.8 avgBps=31.68 avgTps=5161 avgMGps=479.6 elapsed=2h39m27s
Aug 28 17:04:00 nimbus-eth1-mainnet-short-benchmark[570790]: INF 2026-08-28 17:04:00.292+00:00 Imported blocks                            blockNumber=20311297 slot=9517922 blocks=311296 txs=50637672 mgas=4712596 bps=34.72 tps=5333 mgps=525.9 avgBps=31.75 avgTps=5165 avgMGps=480.7 elapsed=2h43m23s
Aug 28 17:07:47 nimbus-eth1-mainnet-short-benchmark[570790]: INF 2026-08-28 17:07:47.792+00:00 Imported blocks                            blockNumber=20319489 slot=9526159 blocks=319488 txs=51981692 mgas=4836521 bps=36.01 tps=5907 mgps=544.7 avgBps=31.85 avgTps=5182 avgMGps=482.2 elapsed=2h47m10s
Aug 28 17:11:16 nimbus-eth1-mainnet-short-benchmark[570790]: INF 2026-08-28 17:11:16.901+00:00 Imported blocks                            blockNumber=20327681 slot=9534381 blocks=327680 txs=53356123 mgas=4960245 bps=39.18 tps=6572 mgps=591.7 avgBps=32.00 avgTps=5210 avgMGps=484.4 elapsed=2h50m39s
Aug 28 17:14:44 nimbus-eth1-mainnet-short-benchmark[570790]: INF 2026-08-28 17:14:44.794+00:00 Imported blocks                            blockNumber=20335873 slot=9542617 blocks=335872 txs=54719105 mgas=5084025 bps=39.41 tps=6556 mgps=595.4 avgBps=32.15 avgTps=5237 avgMGps=486.6 elapsed=2h54m7s
Aug 28 17:18:30 nimbus-eth1-mainnet-short-benchmark[570790]: INF 2026-08-28 17:18:30.835+00:00 Imported blocks                            blockNumber=20344065 slot=9550841 blocks=344064 txs=56021853 mgas=5207843 bps=36.24 tps=5763 mgps=547.8 avgBps=32.23 avgTps=5248 avgMGps=487.9 elapsed=2h57m53s
Aug 28 17:22:49 nimbus-eth1-mainnet-short-benchmark[570790]: INF 2026-08-28 17:22:49.172+00:00 Imported blocks                            blockNumber=20352257 slot=9559072 blocks=352256 txs=57290408 mgas=5332016 bps=31.71 tps=4910 mgps=480.7 avgBps=32.22 avgTps=5240 avgMGps=487.7 elapsed=3h2m12s
Aug 28 17:26:46 nimbus-eth1-mainnet-short-benchmark[570790]: INF 2026-08-28 17:26:46.016+00:00 Imported blocks                            blockNumber=20360449 slot=9567308 blocks=360448 txs=58543463 mgas=5456201 bps=34.59 tps=5290 mgps=524.3 avgBps=32.27 avgTps=5241 avgMGps=488.5 elapsed=3h6m8s
Aug 28 17:30:31 nimbus-eth1-mainnet-short-benchmark[570790]: INF 2026-08-28 17:30:31.461+00:00 Imported blocks                            blockNumber=20368641 slot=9575548 blocks=368640 txs=59874056 mgas=5580204 bps=36.34 tps=5901 mgps=550.0 avgBps=32.35 avgTps=5254 avgMGps=489.7 elapsed=3h9m54s
Aug 28 17:34:26 nimbus-eth1-mainnet-short-benchmark[570790]: INF 2026-08-28 17:34:26.862+00:00 Imported blocks                            blockNumber=20376833 slot=9583774 blocks=376832 txs=61167066 mgas=5704396 bps=34.80 tps=5492 mgps=527.6 avgBps=32.40 avgTps=5259 avgMGps=490.5 elapsed=3h13m49s
Aug 28 17:38:18 nimbus-eth1-mainnet-short-benchmark[570790]: INF 2026-08-28 17:38:18.638+00:00 Imported blocks                            blockNumber=20385025 slot=9592009 blocks=385024 txs=62480333 mgas=5828235 bps=35.34 tps=5666 mgps=534.3 avgBps=32.46 avgTps=5267 avgMGps=491.4 elapsed=3h17m41s
Aug 28 17:42:07 nimbus-eth1-mainnet-short-benchmark[570790]: INF 2026-08-28 17:42:07.819+00:00 Imported blocks                            blockNumber=20393217 slot=9600248 blocks=393216 txs=63800597 mgas=5952136 bps=35.74 tps=5760 mgps=540.6 avgBps=32.52 avgTps=5276 avgMGps=492.3 elapsed=3h21m30s
Aug 28 17:45:48 nimbus-eth1-mainnet-short-benchmark[570790]: INF 2026-08-28 17:45:48.700+00:00 Imported blocks                            blockNumber=20401409 slot=9608486 blocks=401408 txs=65021243 mgas=6076384 bps=37.09 tps=5526 mgps=562.5 avgBps=32.60 avgTps=5281 avgMGps=493.5 elapsed=3h25m11s
Aug 28 17:49:44 nimbus-eth1-mainnet-short-benchmark[570790]: INF 2026-08-28 17:49:44.265+00:00 Imported blocks                            blockNumber=20409601 slot=9616707 blocks=409600 txs=66199016 mgas=6200666 bps=34.78 tps=4999 mgps=527.6 avgBps=32.64 avgTps=5276 avgMGps=494.2 elapsed=3h29m7s
Aug 28 17:53:32 nimbus-eth1-mainnet-short-benchmark[570790]: INF 2026-08-28 17:53:32.661+00:00 Imported blocks                            blockNumber=20417793 slot=9624941 blocks=417792 txs=67453930 mgas=6324823 bps=35.87 tps=5494 mgps=543.6 avgBps=32.70 avgTps=5279 avgMGps=495.1 elapsed=3h32m55s
Aug 28 17:56:53 nimbus-eth1-mainnet-short-benchmark[570790]: INF 2026-08-28 17:56:53.463+00:00 Imported blocks                            blockNumber=20425985 slot=9633187 blocks=425984 txs=68814904 mgas=6448778 bps=40.80 tps=6777 mgps=617.3 avgBps=32.83 avgTps=5303 avgMGps=497.0 elapsed=3h36m16s
Aug 28 18:00:13 nimbus-eth1-mainnet-short-benchmark[570790]: INF 2026-08-28 18:00:13.724+00:00 Imported blocks                            blockNumber=20434177 slot=9641422 blocks=434176 txs=70124508 mgas=6572711 bps=40.91 tps=6539 mgps=618.9 avgBps=32.95 avgTps=5321 avgMGps=498.8 elapsed=3h39m36s
Aug 28 18:03:44 nimbus-eth1-mainnet-short-benchmark[570790]: INF 2026-08-28 18:03:44.361+00:00 Imported blocks                            blockNumber=20442369 slot=9649657 blocks=442368 txs=71403576 mgas=6696451 bps=38.89 tps=6072 mgps=587.5 avgBps=33.04 avgTps=5333 avgMGps=500.2 elapsed=3h43m7s
Aug 28 18:07:38 nimbus-eth1-mainnet-short-benchmark[570790]: INF 2026-08-28 18:07:38.617+00:00 Imported blocks                            blockNumber=20450561 slot=9657896 blocks=450560 txs=72659905 mgas=6820521 bps=34.97 tps=5363 mgps=529.6 avgBps=33.08 avgTps=5334 avgMGps=500.7 elapsed=3h47m1s
Aug 28 18:11:52 nimbus-eth1-mainnet-short-benchmark[570790]: INF 2026-08-28 18:11:52.062+00:00 Imported blocks                            blockNumber=20458753 slot=9666114 blocks=458752 txs=73838533 mgas=6945116 bps=32.32 tps=4650 mgps=491.6 avgBps=33.06 avgTps=5321 avgMGps=500.6 elapsed=3h51m14s
Aug 28 18:15:41 nimbus-eth1-mainnet-short-benchmark[570790]: INF 2026-08-28 18:15:41.170+00:00 Imported blocks                            blockNumber=20466945 slot=9674343 blocks=466944 txs=75124748 mgas=7068943 bps=35.76 tps=5613 mgps=540.5 avgBps=33.11 avgTps=5326 avgMGps=501.2 elapsed=3h55m4s
Aug 28 18:19:26 nimbus-eth1-mainnet-short-benchmark[570790]: INF 2026-08-28 18:19:26.927+00:00 Imported blocks                            blockNumber=20475137 slot=9682575 blocks=475136 txs=76420106 mgas=7192870 bps=36.29 tps=5737 mgps=548.9 avgBps=33.16 avgTps=5332 avgMGps=502.0 elapsed=3h58m49s
Aug 28 18:23:03 nimbus-eth1-mainnet-short-benchmark[570790]: INF 2026-08-28 18:23:03.836+00:00 Imported blocks                            blockNumber=20483329 slot=9690800 blocks=483328 txs=77675422 mgas=7316939 bps=37.77 tps=5787 mgps=572.0 avgBps=33.23 avgTps=5339 avgMGps=503.0 elapsed=4h2m26s
Aug 28 18:26:36 nimbus-eth1-mainnet-short-benchmark[570790]: INF 2026-08-28 18:26:36.593+00:00 Imported blocks                            blockNumber=20491521 slot=9699019 blocks=491520 txs=78951232 mgas=7440784 bps=38.50 tps=5996 mgps=582.1 avgBps=33.30 avgTps=5349 avgMGps=504.1 elapsed=4h5m59s
Aug 28 18:30:27 nimbus-eth1-mainnet-short-benchmark[570790]: INF 2026-08-28 18:30:27.950+00:00 Imported blocks                            blockNumber=20499713 slot=9707248 blocks=499712 txs=80189642 mgas=7564669 bps=35.41 tps=5352 mgps=535.5 avgBps=33.33 avgTps=5349 avgMGps=504.6 elapsed=4h9m50s
Aug 28 18:34:23 nimbus-eth1-mainnet-short-benchmark[570790]: INF 2026-08-28 18:34:23.567+00:00 Imported blocks                            blockNumber=20507905 slot=9715488 blocks=507904 txs=81317763 mgas=7689208 bps=34.77 tps=4788 mgps=528.6 avgBps=33.36 avgTps=5340 avgMGps=505.0 elapsed=4h13m46s
Aug 28 18:37:53 nimbus-eth1-mainnet-short-benchmark[570790]: INF 2026-08-28 18:37:53.936+00:00 Imported blocks                            blockNumber=20516097 slot=9723715 blocks=516096 txs=82520262 mgas=7813209 bps=38.94 tps=5716 mgps=589.4 avgBps=33.43 avgTps=5345 avgMGps=506.1 elapsed=4h17m16s
Aug 28 18:41:35 nimbus-eth1-mainnet-short-benchmark[570790]: INF 2026-08-28 18:41:35.692+00:00 Imported blocks                            blockNumber=20524289 slot=9731945 blocks=524288 txs=83780075 mgas=7937233 bps=36.94 tps=5680 mgps=559.3 avgBps=33.48 avgTps=5350 avgMGps=506.9 elapsed=4h20m58s
Aug 28 18:45:19 nimbus-eth1-mainnet-short-benchmark[570790]: INF 2026-08-28 18:45:19.421+00:00 Imported blocks                            blockNumber=20532481 slot=9740183 blocks=532480 txs=85263862 mgas=8061024 bps=36.62 tps=6632 mgps=553.3 avgBps=33.53 avgTps=5368 avgMGps=507.5 elapsed=4h24m42s
Aug 28 18:49:09 nimbus-eth1-mainnet-short-benchmark[570790]: INF 2026-08-28 18:49:09.978+00:00 Imported blocks                            blockNumber=20540673 slot=9748418 blocks=540672 txs=86612143 mgas=8185090 bps=35.53 tps=5847 mgps=538.1 avgBps=33.56 avgTps=5375 avgMGps=508.0 elapsed=4h28m32s
Aug 28 18:53:08 nimbus-eth1-mainnet-short-benchmark[570790]: INF 2026-08-28 18:53:08.687+00:00 Imported blocks                            blockNumber=20548865 slot=9756662 blocks=548864 txs=87802991 mgas=8309513 bps=34.32 tps=4988 mgps=521.2 avgBps=33.57 avgTps=5369 avgMGps=508.2 elapsed=4h32m31s
Aug 28 18:57:04 nimbus-eth1-mainnet-short-benchmark[570790]: INF 2026-08-28 18:57:04.935+00:00 Imported blocks                            blockNumber=20557057 slot=9764892 blocks=557056 txs=88964987 mgas=8433956 bps=34.68 tps=4918 mgps=526.7 avgBps=33.58 avgTps=5363 avgMGps=508.4 elapsed=4h36m27s
Aug 28 19:00:50 nimbus-eth1-mainnet-short-benchmark[570790]: INF 2026-08-28 19:00:50.444+00:00 Imported blocks                            blockNumber=20565249 slot=9773131 blocks=565248 txs=90186094 mgas=8558113 bps=36.33 tps=5414 mgps=550.6 avgBps=33.62 avgTps=5363 avgMGps=509.0 elapsed=4h40m13s
Aug 28 19:04:37 nimbus-eth1-mainnet-short-benchmark[570790]: INF 2026-08-28 19:04:37.385+00:00 Imported blocks                            blockNumber=20573441 slot=9781369 blocks=573440 txs=91404654 mgas=8682228 bps=36.10 tps=5369 mgps=546.9 avgBps=33.65 avgTps=5364 avgMGps=509.5 elapsed=4h44m282ms
Aug 28 19:08:19 nimbus-eth1-mainnet-short-benchmark[570790]: INF 2026-08-28 19:08:19.274+00:00 Imported blocks                            blockNumber=20581633 slot=9789611 blocks=581632 txs=92628389 mgas=8806651 bps=36.92 tps=5515 mgps=560.8 avgBps=33.69 avgTps=5365 avgMGps=510.2 elapsed=4h47m42s
Aug 28 19:12:08 nimbus-eth1-mainnet-short-benchmark[570790]: INF 2026-08-28 19:12:08.058+00:00 Imported blocks                            blockNumber=20589825 slot=9797855 blocks=589824 txs=93887208 mgas=8931023 bps=35.81 tps=5502 mgps=543.6 avgBps=33.72 avgTps=5367 avgMGps=510.6 elapsed=4h51m30s
Aug 28 19:15:59 nimbus-eth1-mainnet-short-benchmark[570790]: INF 2026-08-28 19:15:59.759+00:00 Imported blocks                            blockNumber=20598017 slot=9806095 blocks=598016 txs=95163338 mgas=9055310 bps=35.36 tps=5507 mgps=536.4 avgBps=33.74 avgTps=5369 avgMGps=510.9 elapsed=4h55m22s
Aug 28 19:19:52 nimbus-eth1-mainnet-short-benchmark[570790]: INF 2026-08-28 19:19:52.724+00:00 Imported blocks                            blockNumber=20606209 slot=9814347 blocks=606208 txs=96334664 mgas=9179976 bps=35.16 tps=5027 mgps=535.1 avgBps=33.76 avgTps=5365 avgMGps=511.3 elapsed=4h59m15s
Aug 28 19:23:36 nimbus-eth1-mainnet-short-benchmark[570790]: INF 2026-08-28 19:23:36.581+00:00 Imported blocks                            blockNumber=20614401 slot=9822581 blocks=614400 txs=97573414 mgas=9304574 bps=36.59 tps=5533 mgps=556.6 avgBps=33.80 avgTps=5367 avgMGps=511.8 elapsed=5h2m59s
Aug 28 19:27:21 nimbus-eth1-mainnet-short-benchmark[570790]: INF 2026-08-28 19:27:21.114+00:00 Imported blocks                            blockNumber=20622593 slot=9830821 blocks=622592 txs=98874772 mgas=9428835 bps=36.48 tps=5795 mgps=553.4 avgBps=33.83 avgTps=5372 avgMGps=512.3 elapsed=5h6m44s
Aug 28 19:30:59 nimbus-eth1-mainnet-short-benchmark[570790]: INF 2026-08-28 19:30:59.034+00:00 Imported blocks                            blockNumber=20630785 slot=9839058 blocks=630784 txs=100178707 mgas=9553009 bps=37.59 tps=5983 mgps=569.8 avgBps=33.87 avgTps=5379 avgMGps=513.0 elapsed=5h10m21s
Aug 28 19:34:44 nimbus-eth1-mainnet-short-benchmark[570790]: INF 2026-08-28 19:34:44.163+00:00 Imported blocks                            blockNumber=20638977 slot=9847313 blocks=638976 txs=101489116 mgas=9677171 bps=36.39 tps=5820 mgps=551.5 avgBps=33.90 avgTps=5384 avgMGps=513.5 elapsed=5h14m7s
Aug 28 19:38:27 nimbus-eth1-mainnet-short-benchmark[570790]: INF 2026-08-28 19:38:27.152+00:00 Imported blocks                            blockNumber=20647169 slot=9855549 blocks=647168 txs=102730058 mgas=9801643 bps=36.74 tps=5565 mgps=558.2 avgBps=33.94 avgTps=5386 avgMGps=514.0 elapsed=5h17m50s
Aug 28 19:42:24 nimbus-eth1-mainnet-short-benchmark[570790]: INF 2026-08-28 19:42:24.005+00:00 Imported blocks                            blockNumber=20655361 slot=9863778 blocks=655360 txs=103868002 mgas=9926541 bps=34.59 tps=4804 mgps=527.3 avgBps=33.94 avgTps=5379 avgMGps=514.1 elapsed=5h21m46s
Aug 28 19:46:04 nimbus-eth1-mainnet-short-benchmark[570790]: INF 2026-08-28 19:46:04.826+00:00 Imported blocks                            blockNumber=20663553 slot=9872013 blocks=663552 txs=105112198 mgas=10051274 bps=37.10 tps=5634 mgps=564.9 avgBps=33.98 avgTps=5382 avgMGps=514.7 elapsed=5h25m27s
Aug 28 19:49:34 nimbus-eth1-mainnet-short-benchmark[570790]: INF 2026-08-28 19:49:34.891+00:00 Imported blocks                            blockNumber=20671745 slot=9880241 blocks=671744 txs=106395904 mgas=10175177 bps=39.00 tps=6111 mgps=589.8 avgBps=34.03 avgTps=5390 avgMGps=515.5 elapsed=5h28m57s
Aug 28 19:53:09 nimbus-eth1-mainnet-short-benchmark[570790]: INF 2026-08-28 19:53:09.404+00:00 Imported blocks                            blockNumber=20679937 slot=9888471 blocks=679936 txs=107674271 mgas=10299404 bps=38.19 tps=5959 mgps=579.1 avgBps=34.08 avgTps=5396 avgMGps=516.2 elapsed=5h32m32s
Aug 28 19:56:34 nimbus-eth1-mainnet-short-benchmark[570790]: INF 2026-08-28 19:56:34.361+00:00 Imported blocks                            blockNumber=20688129 slot=9896698 blocks=688128 txs=108938536 mgas=10423298 bps=39.97 tps=6168 mgps=604.5 avgBps=34.14 avgTps=5404 avgMGps=517.1 elapsed=5h35m57s
Aug 28 20:00:13 nimbus-eth1-mainnet-short-benchmark[570790]: INF 2026-08-28 20:00:13.446+00:00 Imported blocks                            blockNumber=20696321 slot=9904930 blocks=696320 txs=110235786 mgas=10547469 bps=37.39 tps=5921 mgps=566.8 avgBps=34.17 avgTps=5409 avgMGps=517.6 elapsed=5h39m36s
Aug 28 20:04:09 nimbus-eth1-mainnet-short-benchmark[570790]: INF 2026-08-28 20:04:09.490+00:00 Imported blocks                            blockNumber=20704513 slot=9913154 blocks=704512 txs=111483759 mgas=10671677 bps=34.71 tps=5286 mgps=526.2 avgBps=34.18 avgTps=5408 avgMGps=517.7 elapsed=5h43m32s
Aug 28 20:07:51 nimbus-eth1-mainnet-short-benchmark[570790]: INF 2026-08-28 20:07:51.883+00:00 Imported blocks                            blockNumber=20712705 slot=9921388 blocks=712704 txs=112764170 mgas=10795980 bps=36.84 tps=5757 mgps=558.9 avgBps=34.21 avgTps=5412 avgMGps=518.2 elapsed=5h47m14s
Aug 28 20:11:19 nimbus-eth1-mainnet-short-benchmark[570790]: INF 2026-08-28 20:11:19.456+00:00 Imported blocks                            blockNumber=20720897 slot=9929633 blocks=720896 txs=114110517 mgas=10919926 bps=39.47 tps=6486 mgps=597.1 avgBps=34.26 avgTps=5422 avgMGps=519.0 elapsed=5h50m42s
Aug 28 20:14:54 nimbus-eth1-mainnet-short-benchmark[570790]: INF 2026-08-28 20:14:54.489+00:00 Imported blocks                            blockNumber=20729089 slot=9937869 blocks=729088 txs=115449431 mgas=11043768 bps=38.10 tps=6226 mgps=575.9 avgBps=34.30 avgTps=5431 avgMGps=519.5 elapsed=5h54m17s
Aug 28 20:18:20 nimbus-eth1-mainnet-short-benchmark[570790]: INF 2026-08-28 20:18:20.182+00:00 Imported blocks                            blockNumber=20737281 slot=9946108 blocks=737280 txs=116784468 mgas=11167784 bps=39.83 tps=6490 mgps=602.9 avgBps=34.35 avgTps=5441 avgMGps=520.3 elapsed=5h57m43s
Aug 28 20:21:56 nimbus-eth1-mainnet-short-benchmark[570790]: INF 2026-08-28 20:21:56.267+00:00 Imported blocks                            blockNumber=20745473 slot=9954342 blocks=745472 txs=118101003 mgas=11291742 bps=37.91 tps=6092 mgps=573.7 avgBps=34.39 avgTps=5447 avgMGps=520.9 elapsed=6h1m19s
Aug 28 20:25:49 nimbus-eth1-mainnet-short-benchmark[570790]: INF 2026-08-28 20:25:49.180+00:00 Imported blocks                            blockNumber=20753665 slot=9962581 blocks=753664 txs=119337525 mgas=11415859 bps=35.17 tps=5308 mgps=532.9 avgBps=34.39 avgTps=5446 avgMGps=521.0 elapsed=6h5m12s
Aug 28 20:29:30 nimbus-eth1-mainnet-short-benchmark[570790]: INF 2026-08-28 20:29:30.577+00:00 Imported blocks                            blockNumber=20761857 slot=9970803 blocks=761856 txs=120564314 mgas=11540225 bps=37.00 tps=5541 mgps=561.7 avgBps=34.42 avgTps=5447 avgMGps=521.4 elapsed=6h8m53s
Aug 28 20:32:58 nimbus-eth1-mainnet-short-benchmark[570790]: INF 2026-08-28 20:32:58.162+00:00 Imported blocks                            blockNumber=20770049 slot=9979058 blocks=770048 txs=121858083 mgas=11663918 bps=39.46 tps=6232 mgps=595.9 avgBps=34.47 avgTps=5454 avgMGps=522.1 elapsed=6h12m21s
Aug 28 20:36:17 nimbus-eth1-mainnet-short-benchmark[570790]: INF 2026-08-28 20:36:17.111+00:00 Imported blocks                            blockNumber=20778241 slot=9987307 blocks=778240 txs=123161734 mgas=11787906 bps=41.18 tps=6552 mgps=623.2 avgBps=34.53 avgTps=5464 avgMGps=523.0 elapsed=6h15m40s
Aug 28 20:39:30 nimbus-eth1-mainnet-short-benchmark[570790]: INF 2026-08-28 20:39:30.400+00:00 Imported blocks                            blockNumber=20786433 slot=9995542 blocks=786432 txs=124509456 mgas=11911612 bps=42.38 tps=6972 mgps=640.0 avgBps=34.59 avgTps=5476 avgMGps=524.0 elapsed=6h18m53s
Aug 28 20:42:51 nimbus-eth1-mainnet-short-benchmark[570790]: INF 2026-08-28 20:42:51.557+00:00 Imported blocks                            blockNumber=20794625 slot=10003781 blocks=794624 txs=125848921 mgas=12035338 bps=40.72 tps=6658 mgps=615.1 avgBps=34.65 avgTps=5487 avgMGps=524.8 elapsed=6h22m14s
Aug 28 20:46:17 nimbus-eth1-mainnet-short-benchmark[570790]: INF 2026-08-28 20:46:17.007+00:00 Imported blocks                            blockNumber=20802817 slot=10012028 blocks=802816 txs=127089868 mgas=12158989 bps=39.87 tps=6040 mgps=601.9 avgBps=34.69 avgTps=5492 avgMGps=525.5 elapsed=6h25m39s
Aug 28 20:49:49 nimbus-eth1-mainnet-short-benchmark[570790]: INF 2026-08-28 20:49:49.532+00:00 Imported blocks                            blockNumber=20811009 slot=10020249 blocks=811008 txs=128299762 mgas=12282850 bps=38.55 tps=5692 mgps=582.8 avgBps=34.73 avgTps=5494 avgMGps=526.0 elapsed=6h29m12s
Aug 28 20:53:06 nimbus-eth1-mainnet-short-benchmark[570790]: INF 2026-08-28 20:53:06.385+00:00 Imported blocks                            blockNumber=20819201 slot=10028481 blocks=819200 txs=129596319 mgas=12406594 bps=41.61 tps=6586 mgps=628.6 avgBps=34.79 avgTps=5503 avgMGps=526.8 elapsed=6h32m29s
Aug 28 20:56:25 nimbus-eth1-mainnet-short-benchmark[570790]: INF 2026-08-28 20:56:25.682+00:00 Imported blocks                            blockNumber=20827393 slot=10036710 blocks=827392 txs=130916729 mgas=12530249 bps=41.10 tps=6625 mgps=620.5 avgBps=34.84 avgTps=5512 avgMGps=527.6 elapsed=6h35m48s
Aug 28 20:59:43 nimbus-eth1-mainnet-short-benchmark[570790]: INF 2026-08-28 20:59:43.847+00:00 Imported blocks                            blockNumber=20835585 slot=10044938 blocks=835584 txs=132226625 mgas=12654070 bps=41.34 tps=6610 mgps=624.8 avgBps=34.89 avgTps=5521 avgMGps=528.4 elapsed=6h39m6s
Aug 28 21:03:13 nimbus-eth1-mainnet-short-benchmark[570790]: INF 2026-08-28 21:03:13.832+00:00 Imported blocks                            blockNumber=20843777 slot=10053164 blocks=843776 txs=133604192 mgas=12777730 bps=39.01 tps=6560 mgps=588.9 avgBps=34.93 avgTps=5530 avgMGps=529.0 elapsed=6h42m36s
Aug 28 21:07:10 nimbus-eth1-mainnet-short-benchmark[570790]: INF 2026-08-28 21:07:10.421+00:00 Imported blocks                            blockNumber=20851969 slot=10061391 blocks=851968 txs=134900706 mgas=12901664 bps=34.63 tps=5479 mgps=523.8 avgBps=34.93 avgTps=5530 avgMGps=528.9 elapsed=6h46m33s
Aug 28 21:10:54 nimbus-eth1-mainnet-short-benchmark[570790]: INF 2026-08-28 21:10:54.670+00:00 Imported blocks                            blockNumber=20860161 slot=10069622 blocks=860160 txs=136168750 mgas=13025603 bps=36.53 tps=5654 mgps=552.7 avgBps=34.94 avgTps=5531 avgMGps=529.1 elapsed=6h50m17s
Aug 28 21:14:36 nimbus-eth1-mainnet-short-benchmark[570790]: INF 2026-08-28 21:14:36.610+00:00 Imported blocks                            blockNumber=20868353 slot=10077838 blocks=868352 txs=137550724 mgas=13149742 bps=36.91 tps=6226 mgps=559.3 avgBps=34.96 avgTps=5537 avgMGps=529.4 elapsed=6h53m59s
Aug 28 21:18:17 nimbus-eth1-mainnet-short-benchmark[570790]: INF 2026-08-28 21:18:17.619+00:00 Imported blocks                            blockNumber=20876545 slot=10086066 blocks=876544 txs=138954673 mgas=13273457 bps=37.07 tps=6352 mgps=559.8 avgBps=34.98 avgTps=5544 avgMGps=529.7 elapsed=6h57m40s
Aug 28 21:21:52 nimbus-eth1-mainnet-short-benchmark[570790]: INF 2026-08-28 21:21:52.416+00:00 Imported blocks                            blockNumber=20884737 slot=10094286 blocks=884736 txs=140256178 mgas=13397479 bps=38.14 tps=6059 mgps=577.4 avgBps=35.00 avgTps=5549 avgMGps=530.1 elapsed=7h1m15s
Aug 28 21:25:20 nimbus-eth1-mainnet-short-benchmark[570790]: INF 2026-08-28 21:25:20.869+00:00 Imported blocks                            blockNumber=20892929 slot=10102512 blocks=892928 txs=141581868 mgas=13521575 bps=39.30 tps=6359 mgps=595.3 avgBps=35.04 avgTps=5555 avgMGps=530.6 elapsed=7h4m43s
Aug 28 21:28:50 nimbus-eth1-mainnet-short-benchmark[570790]: INF 2026-08-28 21:28:50.202+00:00 Imported blocks                            blockNumber=20901121 slot=10110732 blocks=901120 txs=142875889 mgas=13645572 bps=39.13 tps=6181 mgps=592.3 avgBps=35.07 avgTps=5560 avgMGps=531.1 elapsed=7h8m13s
Aug 28 21:32:19 nimbus-eth1-mainnet-short-benchmark[570790]: INF 2026-08-28 21:32:19.111+00:00 Imported blocks                            blockNumber=20909313 slot=10118953 blocks=909312 txs=144102308 mgas=13769390 bps=39.21 tps=5870 mgps=592.7 avgBps=35.11 avgTps=5563 avgMGps=531.6 elapsed=7h11m42s
Aug 28 21:35:43 nimbus-eth1-mainnet-short-benchmark[570790]: INF 2026-08-28 21:35:43.968+00:00 Imported blocks                            blockNumber=20917505 slot=10127176 blocks=917504 txs=145406349 mgas=13893087 bps=39.99 tps=6365 mgps=603.8 avgBps=35.14 avgTps=5569 avgMGps=532.2 elapsed=7h15m6s
Aug 28 21:38:58 nimbus-eth1-mainnet-short-benchmark[570790]: INF 2026-08-28 21:38:58.774+00:00 Imported blocks                            blockNumber=20925697 slot=10135394 blocks=925696 txs=146718394 mgas=14016820 bps=42.05 tps=6735 mgps=635.2 avgBps=35.20 avgTps=5578 avgMGps=532.9 elapsed=7h18m21s
Aug 28 21:42:27 nimbus-eth1-mainnet-short-benchmark[570790]: INF 2026-08-28 21:42:27.407+00:00 Imported blocks                            blockNumber=20933889 slot=10143614 blocks=933888 txs=148049109 mgas=14140625 bps=39.27 tps=6378 mgps=593.4 avgBps=35.23 avgTps=5584 avgMGps=533.4 elapsed=7h21m50s
Aug 28 21:45:50 nimbus-eth1-mainnet-short-benchmark[570790]: INF 2026-08-28 21:45:50.316+00:00 Imported blocks                            blockNumber=20942081 slot=10151840 blocks=942080 txs=149397364 mgas=14264352 bps=40.37 tps=6644 mgps=609.8 avgBps=35.27 avgTps=5592 avgMGps=534.0 elapsed=7h25m13s
Aug 28 21:49:17 nimbus-eth1-mainnet-short-benchmark[570790]: INF 2026-08-28 21:49:17.185+00:00 Imported blocks                            blockNumber=20950273 slot=10160098 blocks=950272 txs=150765507 mgas=14388237 bps=39.60 tps=6613 mgps=598.9 avgBps=35.30 avgTps=5600 avgMGps=534.5 elapsed=7h28m40s
Aug 28 21:52:58 nimbus-eth1-mainnet-short-benchmark[570790]: INF 2026-08-28 21:52:58.490+00:00 Imported blocks                            blockNumber=20958465 slot=10168363 blocks=958464 txs=152044771 mgas=14511987 bps=37.02 tps=5780 mgps=559.2 avgBps=35.31 avgTps=5601 avgMGps=534.7 elapsed=7h32m21s
Aug 28 21:56:30 nimbus-eth1-mainnet-short-benchmark[570790]: INF 2026-08-28 21:56:30.507+00:00 Imported blocks                            blockNumber=20966657 slot=10176609 blocks=966656 txs=153365296 mgas=14635804 bps=38.64 tps=6228 mgps=584.0 avgBps=35.34 avgTps=5606 avgMGps=535.1 elapsed=7h35m53s
Aug 28 22:00:00 nimbus-eth1-mainnet-short-benchmark[570790]: INF 2026-08-28 22:00:00.408+00:00 Imported blocks                            blockNumber=20974849 slot=10184849 blocks=974848 txs=154744917 mgas=14759580 bps=39.03 tps=6572 mgps=589.7 avgBps=35.37 avgTps=5614 avgMGps=535.5 elapsed=7h39m23s
Aug 28 22:03:37 nimbus-eth1-mainnet-short-benchmark[570790]: INF 2026-08-28 22:03:37.297+00:00 Imported blocks                            blockNumber=20983041 slot=10193086 blocks=983040 txs=156055229 mgas=14883451 bps=37.77 tps=6041 mgps=571.1 avgBps=35.39 avgTps=5617 avgMGps=535.8 elapsed=7h43m191ms
Aug 28 22:06:47 nimbus-eth1-mainnet-short-benchmark[570790]: INF 2026-08-28 22:06:47.758+00:00 Imported blocks                            blockNumber=20991233 slot=10201319 blocks=991232 txs=157563202 mgas=15007557 bps=43.01 tps=7917 mgps=651.6 avgBps=35.44 avgTps=5633 avgMGps=536.5 elapsed=7h46m10s
Aug 28 22:10:27 nimbus-eth1-mainnet-short-benchmark[570790]: INF 2026-08-28 22:10:27.579+00:00 Imported blocks                            blockNumber=20999425 slot=10209549 blocks=999424 txs=159003277 mgas=15131383 bps=37.27 tps=6551 mgps=563.3 avgBps=35.45 avgTps=5640 avgMGps=536.8 elapsed=7h49m50s
Aug 28 22:10:43 nimbus-eth1-mainnet-short-benchmark[570790]: INF 2026-08-28 22:10:43.767+00:00 Imported blocks                            blockNumber=21000001 slot=10210128 blocks=1000000 txs=159109486 mgas=15140191 bps=35.58 tps=6560 mgps=544.1 avgBps=35.45 avgTps=5640 avgMGps=536.8 elapsed=7h50m6s
Aug 28 22:10:43 nimbus-eth1-mainnet-short-benchmark[570790]: NTC 2026-08-28 22:10:43.767+00:00 Import complete                            blockNumber=21000001 slot=10210128 blocks=1000000 txs=159109486 mgas=15140191
Aug 28 22:10:44 nimbus-eth1-mainnet-short-benchmark[538618]: <<< ending startNimbusWithImport (success)
Aug 28 22:10:44 nimbus-eth1-mainnet-short-benchmark[538618]: >>> starting moveBenchmarkingFileToRepo
Aug 28 22:10:44 nimbus-eth1-mainnet-short-benchmark[538618]: >>> copying debug-csv generated by nimbus to benchmarks repo
Aug 28 22:10:44 nimbus-eth1-mainnet-short-benchmark[538618]: <<< ending moveBenchmarkingFileToRepo (success)
Aug 28 22:10:44 nimbus-eth1-mainnet-short-benchmark[538618]: >>> starting generateBuildEnvironmentLogFile
Aug 28 22:10:53 nimbus-eth1-mainnet-short-benchmark[538618]: <<< ending generateBuildEnvironmentLogFile (success)
Aug 28 22:10:53 nimbus-eth1-mainnet-short-benchmark[538618]: >>> starting generateSystemdServiceLogs
