=== System Information Report ===
>>> Generated on: Sat Jul 25 02:27:32 PM UTC 2026
==========================
>>> CPU Architecture: x86_64
>>> CPU Byte Order: Little Endian
>>> CPU Cores: 16
>>> CPU Model: AMD Ryzen 7 PRO 8700GE w/ Radeon 780M Graphics
>>> CPU Cache Information:
L1d Cache: 256 KiB (8 instances)
L1i Cache: 256 KiB (8 instances)
L2 Cache: 8 MiB (8 instances)
L3 Cache: 16 MiB (1 instance)
>>> RAM Size: 61Gi
>>> Hard Disk Information:
/dev/md2 : 437G total, 199G free
/dev/md1 : 989M total, 690M free
/dev/nvme0n1p1 : 256M total, 256M free
/dev/nvme1n1 : 1.9T total, 482G free
==========================
=== Nimbus-ETH1 Benchmarking Report ===
>>> Total time spent in benchmarking (nanoseconds): 28802974107414
>>> Total time spent in benchmarking (human readable format): 8 hours 2 seconds
>>> Start block number is 20000001
>>> End block number is 21000001
==========================
=== Comparison of last two benchmarks ===
sort: write failed: 'standard output': Broken pipe
sort: write error
sort: write failed: 'standard output': Broken pipe
sort: write error
python /data/status-im/nimbus-eth1/scripts/block-import-stats.py /data/status-im/nimbus-eth1-benchmarks/short-benchmark/20260724T220509_dab03825/blocks-import-benchmark.csv /data/status-im/nimbus-eth1-benchmarks/short-benchmark/20260725T061614_d5fa1da4/blocks-import-benchmark.csv
blocks-import-benchmark.csv vs blocks-import-benchmark.csv
                      bps_x  bps_y     tps_x     tps_y   time_x   time_y    bpsd    tpsd   timed
block_number                                                                                    
(20000001, 20111112]  28.79  28.56  4,701.19  4,664.43  1h2m38s  1h3m13s  -0.85%  -0.85%   0.86%
(20111112, 20222223]  32.52  32.44  5,319.49  5,306.47   58m55s    59m4s  -0.25%  -0.25%   0.25%
(20222223, 20333334]  34.33  34.22  5,563.87  5,547.78   51m54s    52m4s  -0.31%  -0.31%   0.32%
(20333334, 20444445]  36.06  35.86  5,680.89  5,650.54   53m13s   53m31s  -0.54%  -0.54%   0.54%
(20444445, 20555556]  35.55  35.34  5,479.56  5,447.17    50m1s   50m19s  -0.59%  -0.59%   0.60%
(20555556, 20666667]  35.65  35.41  5,383.65  5,348.29   53m39s    54m0s  -0.66%  -0.66%   0.66%
(20666667, 20777778]  37.32  37.15  5,871.95  5,845.23   47m38s   47m51s  -0.44%  -0.44%   0.45%
(20777778, 20888889]  38.35  38.35  6,151.17  6,152.23    50m0s    50m0s   0.00%   0.00%  -0.00%
(20888889, 21000001]  38.41  38.33  6,333.37  6,319.09   49m53s   49m57s  -0.21%  -0.21%   0.21%

blocks: 991808, baseline: 7h57m54s, contender: 8h0m2s
Time (total): 2m8s, 0.45%

bpsd = blocks per sec diff (+), tpsd = txs per sec diff, timed = time to process diff (-)
+ = more is better, - = less is better
==========================
