Jul 25 06:15:58 nimbus-eth1-mainnet-short-benchmark[2950045]: >>> starting cloneOrFetchBenchmarksRepo
Jul 25 06:15:58 nimbus-eth1-mainnet-short-benchmark[2950045]: >>> Fetching latest changes for nimbus-eth1-benchmarks...
Jul 25 06:16:00 nimbus-eth1-mainnet-short-benchmark[2950105]: HEAD is now at 0a3aa4d chore: update short benchmark Readme
Jul 25 06:16:00 nimbus-eth1-mainnet-short-benchmark[2950045]: <<< ending cloneOrFetchBenchmarksRepo (success)
Jul 25 06:16:00 nimbus-eth1-mainnet-short-benchmark[2950045]: >>> starting cloneOrFetchNimbusRepo
Jul 25 06:16:12 nimbus-eth1-mainnet-short-benchmark[2950045]: >>> Fetching latest changes for nimbus-eth1...
Jul 25 06:16:13 nimbus-eth1-mainnet-short-benchmark[2950446]: From https://github.com/status-im/nimbus-eth1
Jul 25 06:16:13 nimbus-eth1-mainnet-short-benchmark[2950446]:    231df5492..f2202a6fc  master                 -> origin/master
Jul 25 06:16:13 nimbus-eth1-mainnet-short-benchmark[2950446]:  * [new branch]          bn256-ecadd-affine     -> origin/bn256-ecadd-affine
Jul 25 06:16:13 nimbus-eth1-mainnet-short-benchmark[2950446]:  + 172fbee51...f063f10f4 proxy-2935-anchor-jump -> origin/proxy-2935-anchor-jump  (forced update)
Jul 25 06:16:13 nimbus-eth1-mainnet-short-benchmark[2950457]: warning: unable to rmdir 'vendor/libtommath': Directory not empty
Jul 25 06:16:13 nimbus-eth1-mainnet-short-benchmark[2950457]: HEAD is now at f2202a6fc build(deps): bump vendor/nim-kzg4844 from `6cfb836` to `94fba95` (#4548)
Jul 25 06:16:13 nimbus-eth1-mainnet-short-benchmark[2950045]: >>> Found last benchmarked commit: dab03825
Jul 25 06:16:14 nimbus-eth1-mainnet-short-benchmark[2950045]: >>> Using next commit: d5fa1da44669acf2266370ecbf29b075c71838c2
Jul 25 06:16:14 nimbus-eth1-mainnet-short-benchmark[2950467]: HEAD is now at d5fa1da44 build(deps): bump vendor/nim-sqlite3-abi from `ec5f6de` to `a4d052e` (#4370)
Jul 25 06:16:14 nimbus-eth1-mainnet-short-benchmark[2950045]: >>> Current commit: d5fa1da44
Jul 25 06:16:14 nimbus-eth1-mainnet-short-benchmark[2950045]: <<< ending cloneOrFetchNimbusRepo (success)
Jul 25 06:16:14 nimbus-eth1-mainnet-short-benchmark[2950045]: >>> starting buildBinaries
Jul 25 06:16:14 nimbus-eth1-mainnet-short-benchmark[2950045]: >>> Building binaries for commit d5fa1da4...
Jul 25 06:16:18 nimbus-eth1-mainnet-short-benchmark[2951612]: Submodule path 'vendor/nim-sqlite3-abi': checked out 'a4d052efe81472b8d5271ece8e5a3caea90a45eb'
Jul 25 06:16:23 nimbus-eth1-mainnet-short-benchmark[2955805]: Building: Nim compiler
Jul 25 06:18:17 nimbus-eth1-mainnet-short-benchmark[2955805]: Building custom Nimble commit: 42ef70c2102a942c46f13eb76872326edd525cec
Jul 25 06:18:27 nimbus-eth1-mainnet-short-benchmark[2955805]: Building Nimble...
Jul 25 06:18:37 nimbus-eth1-mainnet-short-benchmark[2955805]: Replacing nimble binary...
Jul 25 06:18:37 nimbus-eth1-mainnet-short-benchmark[2964739]: cp: cannot stat '/data/status-im/nimbus-eth1/build/*': No such file or directory
Jul 25 06:18:37 nimbus-eth1-mainnet-short-benchmark[2964697]: ROCKSDB VERSION NOT FOUND
Jul 25 06:18:37 nimbus-eth1-mainnet-short-benchmark[2964857]: make[1]: Entering directory '/data/status-im/nimbus-eth1/vendor/nim-rocksdb/vendor/rocksdb'
Jul 25 06:18:37 nimbus-eth1-mainnet-short-benchmark[2964857]: $DEBUG_LEVEL is 0, $LIB_MODE is static
Jul 25 06:18:38 nimbus-eth1-mainnet-short-benchmark[2964857]: make[1]: Leaving directory '/data/status-im/nimbus-eth1/vendor/nim-rocksdb/vendor/rocksdb'
Jul 25 06:18:38 nimbus-eth1-mainnet-short-benchmark[2965294]: Cleaning up RocksDb build artifacts.
Jul 25 06:18:39 nimbus-eth1-mainnet-short-benchmark[2964744]: Building RocksDb static libraries.
Jul 25 06:21:51 nimbus-eth1-mainnet-short-benchmark[2968802]: Building: build/nimbus_execution_client
Jul 25 06:24:16 nimbus-eth1-mainnet-short-benchmark[2950045]: >>> renaming binaries to match commit they were built from
Jul 25 06:24:16 nimbus-eth1-mainnet-short-benchmark[2950045]: >>> creating a symbolic link to the latest version
Jul 25 06:24:16 nimbus-eth1-mainnet-short-benchmark[2950045]: >>> deleting copies that are older than N days
Jul 25 06:24:16 nimbus-eth1-mainnet-short-benchmark[2950045]: <<< ending buildBinaries (success)
Jul 25 06:24:16 nimbus-eth1-mainnet-short-benchmark[2950045]: >>> starting skipOrContinueBenchmark
Jul 25 06:24:16 nimbus-eth1-mainnet-short-benchmark[2950045]: <<< ending skipOrContinueBenchmark (success)
Jul 25 06:24:16 nimbus-eth1-mainnet-short-benchmark[2950045]: >>> starting copyTemplateDatabase
Jul 25 06:24:16 nimbus-eth1-mainnet-short-benchmark[2950045]: >>> Copying template db into nimbus data directory
Jul 25 06:27:26 nimbus-eth1-mainnet-short-benchmark[2950045]: >>> Template db copied
Jul 25 06:27:26 nimbus-eth1-mainnet-short-benchmark[2950045]: >>> making nimbus the owner of the copied files
Jul 25 06:27:26 nimbus-eth1-mainnet-short-benchmark[2950045]: <<< ending copyTemplateDatabase (success)
Jul 25 06:27:26 nimbus-eth1-mainnet-short-benchmark[2950045]: >>> starting startNimbusWithImport
Jul 25 06:27:26 nimbus-eth1-mainnet-short-benchmark[2974588]: INF 2026-07-25 06:27:26.323+00:00 Launching execution client                 version=v0.3.1-d5fa1da4 config="(configFile: none(InputFile), dataDirFlag: some(/data/status-im/nimbus-eth1/data/shared_mainnet_0), era1DirFlag: some(/data/era1), eraDirFlag: some(/data/era), ereDirFlag: none(OutDir), keyStoreDirFlag: none(OutDir), importKey: , trustedSetupFile: none(string), extraData: Nimbus/v0.3.1-d5fa1da4, gasLimit: 60000000, maxBlobs: none(byte), network: [mainnet], customNetwork: none(NetworkParams), networkId: 1, networkParams: (config: ..., genesis: (nonce: 0x0000000000000042, timestamp: 0, extraData: [17, 187, 232, 219, 78, 52, 123, 78, 140, 147, 124, 28, 131, 112, 228, 181, 237, 51, 173, 179, 219, 105, 203, 219, 122, 56, 225, 229, 11, 27, 130, 250], gasLimit: 5000, difficulty: 17179869184, mixHash: 0x0000000000000000000000000000000000000000000000000000000000000000, coinbase: 0x0000000000000000000000000000000000000000, alloc: 8893, number: 0, gasUser: 0, parentHash: 0x0000000000000000000000000000000000000000000000000000000000000000, baseFeePerGas: none(), blobGasUsed: -1, excessBlobGas: -1, parentBeaconBlockRoot: none())), logLevel: INFO, logFormat: auto, metricsEnabled: false, metricsPort: 9093, metricsAddress: 127.0.0.1, bootstrapNodes: [], bootstrapFile: , staticPeers: [], staticPeersFile: , reconnectMaxRetry: 0, reconnectInterval: 15, listenAddress: ::, tcpPort: 30303, udpPortFlag: none(Port), maxPeers: 25, nat: (hasExtIp: false, nat: NatAny), discovery: [V4, V5], netKey: random, agentString: Nimbus/v0.3.1-d5fa1da4/linux-amd64/Nim-2.2.10, numThreads: 0, persistBatchSize: 4, dynamicBatchSize: false, rocksdbMaxOpenFiles: 2048, rocksdbWriteBufferSize: 67108864, rocksdbRowCacheSize: 0, rocksdbBlockCacheSize: 2147483648, rocksdbBlockCacheType: hyperclock, rdbVtxCacheSize: 536870912, rdbKeyCacheSize: 1342177280, rdbBranchCacheSize: 1073741824, rdbPrintStats: false, rewriteDatadirId: true, aristoDbMaxSnapshots: 5, parallelStateRootComputation: false, optimisticStatePrefetch: false, balStatePrefetch: false, balStatePrefetchWorkers: 0, eagerStateRootCheck: false, deserializeFcState: true, statelessProviderEnabled: false, statelessWitnessValidation: false, cmd: import, maxBlocks: 1000000, chunkSize: 8192, csvStats: some("/data/host-benchmarks/short/a78039815cf94e5580fe0178011317eb/blocks-import-benchmark.csv"), validation: false, fullValidation: false, storeBodies: false, storeReceipts: false, storeSlotHashes: false)"
Jul 25 06:27:26 nimbus-eth1-mainnet-short-benchmark[2974588]: WRN 2026-07-25 06:27:26.323+00:00 Data directory has insecure permissions. Correcting them. data_dir=/data/status-im/nimbus-eth1/data/shared_mainnet_0 current_permissions=0755 required_permissions=0700
Jul 25 06:27:28 nimbus-eth1-mainnet-short-benchmark[2974588]: INF 2026-07-25 06:27:28.231+00:00 Taskpool started                           numThreads=16
Jul 25 06:27:28 nimbus-eth1-mainnet-short-benchmark[2974588]: INF 2026-07-25 06:27:28.351+00:00 Writing data dir ID                        ID=0x0a036d6f6dfe59156bb6359f0243c93d5a421ed688de5aa85a62d15dca8dbd5c
Jul 25 06:27:28 nimbus-eth1-mainnet-short-benchmark[2974588]: INF 2026-07-25 06:27:28.379+00:00 Database initialized                       base="(0xd24fd73f794058a3807db926d8898c6481e902b7edb91ce0d479d6760f276183, 20000000)" finalized="(0xd24fd73f794058a3807db926d8898c6481e902b7edb91ce0d479d6760f276183, 20000000)" head="(0xd4e56740f876aef8c010b86a40d5f56745a118d0906a34e69aec8c0db1cb8fa3, 0)"
Jul 25 06:27:28 nimbus-eth1-mainnet-short-benchmark[2974588]: NTC 2026-07-25 06:27:28.379+00:00 Could not open ere database, falling back to era1/era import ereDir=/data/status-im/nimbus-eth1/data/shared_mainnet_0/ere networkName=mainnet error="No ere files found in /data/status-im/nimbus-eth1/data/shared_mainnet_0/ere"
Jul 25 06:27:28 nimbus-eth1-mainnet-short-benchmark[2974588]: NTC 2026-07-25 06:27:28.379+00:00 Importing era archive                      blockNumber=20000001 dataDir=/data/status-im/nimbus-eth1/data/shared_mainnet_0 eraDir=/data/era
Jul 25 06:27:30 nimbus-eth1-mainnet-short-benchmark[2974588]: NTC 2026-07-25 06:27:30.642+00:00 Matched block to slot number               blockNumber=20000001 slot=9204783
Jul 25 06:34:01 nimbus-eth1-mainnet-short-benchmark[2974588]: INF 2026-07-25 06:34:01.701+00:00 Imported blocks                            blockNumber=20008193 slot=9213020 blocks=8192 txs=1226966 mgas=124237 bps=20.83 tps=3119 mgps=315.9 avgBps=20.83 avgTps=3119 avgMGps=315.9 elapsed=6m33s322ms
Jul 25 06:39:45 nimbus-eth1-mainnet-short-benchmark[2974588]: INF 2026-07-25 06:39:45.268+00:00 Imported blocks                            blockNumber=20016385 slot=9221256 blocks=16384 txs=2540380 mgas=248071 bps=23.84 tps=3822 mgps=360.4 avgBps=22.23 avgTps=3447 avgMGps=336.6 elapsed=12m16s886ms
Jul 25 06:45:16 nimbus-eth1-mainnet-short-benchmark[2974588]: INF 2026-07-25 06:45:16.315+00:00 Imported blocks                            blockNumber=20024577 slot=9229485 blocks=24576 txs=3869398 mgas=372018 bps=24.75 tps=4014 mgps=374.4 avgBps=23.01 avgTps=3623 avgMGps=348.4 elapsed=17m47s936ms
Jul 25 06:50:07 nimbus-eth1-mainnet-short-benchmark[2974588]: INF 2026-07-25 06:50:07.915+00:00 Imported blocks                            blockNumber=20032769 slot=9237722 blocks=32768 txs=5222766 mgas=495797 bps=28.09 tps=4641 mgps=424.5 avgBps=24.10 avgTps=3841 avgMGps=364.7 elapsed=22m39s536ms
Jul 25 06:54:48 nimbus-eth1-mainnet-short-benchmark[2974588]: INF 2026-07-25 06:54:48.843+00:00 Imported blocks                            blockNumber=20040961 slot=9245957 blocks=40960 txs=6566802 mgas=619586 bps=29.16 tps=4784 mgps=440.6 avgBps=24.97 avgTps=4003 avgMGps=377.7 elapsed=27m20s462ms
Jul 25 06:59:51 nimbus-eth1-mainnet-short-benchmark[2974588]: INF 2026-07-25 06:59:51.335+00:00 Imported blocks                            blockNumber=20049153 slot=9254196 blocks=49152 txs=7904746 mgas=743522 bps=27.08 tps=4423 mgps=409.7 avgBps=25.30 avgTps=4068 avgMGps=382.7 elapsed=32m22s954ms
Jul 25 07:04:43 nimbus-eth1-mainnet-short-benchmark[2974588]: INF 2026-07-25 07:04:43.595+00:00 Imported blocks                            blockNumber=20057345 slot=9262435 blocks=57344 txs=9212009 mgas=867360 bps=28.03 tps=4472 mgps=423.7 avgBps=25.65 avgTps=4121 avgMGps=388.0 elapsed=37m15s214ms
Jul 25 07:09:14 nimbus-eth1-mainnet-short-benchmark[2974588]: INF 2026-07-25 07:09:14.971+00:00 Imported blocks                            blockNumber=20065537 slot=9270674 blocks=65536 txs=10559018 mgas=991371 bps=30.19 tps=4963 mgps=457.0 avgBps=26.15 avgTps=4212 avgMGps=395.5 elapsed=41m46s593ms
Jul 25 07:13:34 nimbus-eth1-mainnet-short-benchmark[2974588]: INF 2026-07-25 07:13:34.563+00:00 Imported blocks                            blockNumber=20073729 slot=9278910 blocks=73728 txs=11898676 mgas=1115111 bps=31.56 tps=5160 mgps=476.7 avgBps=26.65 avgTps=4301 avgMGps=403.1 elapsed=46m6s184ms
Jul 25 07:17:42 nimbus-eth1-mainnet-short-benchmark[2974588]: INF 2026-07-25 07:17:42.107+00:00 Imported blocks                            blockNumber=20081921 slot=9287152 blocks=81920 txs=13323263 mgas=1239150 bps=33.09 tps=5754 mgps=501.1 avgBps=27.18 avgTps=4420 avgMGps=411.2 elapsed=50m13s727ms
Jul 25 07:21:48 nimbus-eth1-mainnet-short-benchmark[2974588]: INF 2026-07-25 07:21:48.588+00:00 Imported blocks                            blockNumber=20090113 slot=9295408 blocks=90112 txs=14697082 mgas=1363113 bps=33.24 tps=5573 mgps=502.9 avgBps=27.64 avgTps=4508 avgMGps=418.1 elapsed=54m20s207ms
Jul 25 07:26:10 nimbus-eth1-mainnet-short-benchmark[2974588]: INF 2026-07-25 07:26:10.520+00:00 Imported blocks                            blockNumber=20098305 slot=9303658 blocks=98304 txs=16025683 mgas=1487146 bps=31.28 tps=5072 mgps=473.5 avgBps=27.91 avgTps=4549 avgMGps=422.2 elapsed=58m42s138ms
Jul 25 07:30:41 nimbus-eth1-mainnet-short-benchmark[2974588]: INF 2026-07-25 07:30:41.828+00:00 Imported blocks                            blockNumber=20106497 slot=9311895 blocks=106496 txs=17337157 mgas=1611066 bps=30.19 tps=4833 mgps=456.7 avgBps=28.07 avgTps=4570 avgMGps=424.7 elapsed=1h3m13s
Jul 25 07:34:59 nimbus-eth1-mainnet-short-benchmark[2974588]: INF 2026-07-25 07:34:59.081+00:00 Imported blocks                            blockNumber=20114689 slot=9320146 blocks=114688 txs=18632097 mgas=1735123 bps=31.84 tps=5033 mgps=482.2 avgBps=28.31 avgTps=4599 avgMGps=428.4 elapsed=1h7m30s
Jul 25 07:39:04 nimbus-eth1-mainnet-short-benchmark[2974588]: INF 2026-07-25 07:39:04.557+00:00 Imported blocks                            blockNumber=20122881 slot=9328409 blocks=122880 txs=19937418 mgas=1859249 bps=33.37 tps=5317 mgps=505.7 avgBps=28.60 avgTps=4640 avgMGps=432.8 elapsed=1h11m36s
Jul 25 07:43:06 nimbus-eth1-mainnet-short-benchmark[2974588]: INF 2026-07-25 07:43:06.862+00:00 Imported blocks                            blockNumber=20131073 slot=9336660 blocks=131072 txs=21214129 mgas=1983500 bps=33.81 tps=5269 mgps=512.8 avgBps=28.88 avgTps=4674 avgMGps=437.0 elapsed=1h15m38s
Jul 25 07:47:04 nimbus-eth1-mainnet-short-benchmark[2974588]: INF 2026-07-25 07:47:04.478+00:00 Imported blocks                            blockNumber=20139265 slot=9344906 blocks=139264 txs=22579079 mgas=2107571 bps=34.48 tps=5744 mgps=522.1 avgBps=29.16 avgTps=4727 avgMGps=441.3 elapsed=1h19m36s
Jul 25 07:51:45 nimbus-eth1-mainnet-short-benchmark[2974588]: INF 2026-07-25 07:51:45.442+00:00 Imported blocks                            blockNumber=20147457 slot=9353153 blocks=147456 txs=24133322 mgas=2231686 bps=29.16 tps=5531 mgps=441.8 avgBps=29.16 avgTps=4772 avgMGps=441.3 elapsed=1h24m17s
Jul 25 07:56:16 nimbus-eth1-mainnet-short-benchmark[2974588]: INF 2026-07-25 07:56:16.234+00:00 Imported blocks                            blockNumber=20155649 slot=9361407 blocks=155648 txs=25424015 mgas=2356018 bps=30.25 tps=4766 mgps=459.1 avgBps=29.21 avgTps=4771 avgMGps=442.2 elapsed=1h28m47s
Jul 25 08:00:27 nimbus-eth1-mainnet-short-benchmark[2974588]: INF 2026-07-25 08:00:27.943+00:00 Imported blocks                            blockNumber=20163841 slot=9369652 blocks=163840 txs=26749549 mgas=2480207 bps=32.55 tps=5266 mgps=493.4 avgBps=29.36 avgTps=4794 avgMGps=444.5 elapsed=1h32m59s
Jul 25 08:04:32 nimbus-eth1-mainnet-short-benchmark[2974588]: INF 2026-07-25 08:04:32.983+00:00 Imported blocks                            blockNumber=20172033 slot=9377892 blocks=172032 txs=28105316 mgas=2604026 bps=33.43 tps=5532 mgps=505.3 avgBps=29.54 avgTps=4825 avgMGps=447.1 elapsed=1h37m4s
Jul 25 08:08:43 nimbus-eth1-mainnet-short-benchmark[2974588]: INF 2026-07-25 08:08:43.424+00:00 Imported blocks                            blockNumber=20180225 slot=9386128 blocks=180224 txs=29524405 mgas=2728170 bps=32.71 tps=5666 mgps=495.7 avgBps=29.67 avgTps=4859 avgMGps=449.1 elapsed=1h41m15s
Jul 25 08:12:37 nimbus-eth1-mainnet-short-benchmark[2974588]: INF 2026-07-25 08:12:37.012+00:00 Imported blocks                            blockNumber=20188417 slot=9394365 blocks=188416 txs=30849021 mgas=2852023 bps=35.07 tps=5670 mgps=530.2 avgBps=29.87 avgTps=4889 avgMGps=452.1 elapsed=1h45m8s
Jul 25 08:16:54 nimbus-eth1-mainnet-short-benchmark[2974588]: INF 2026-07-25 08:16:54.705+00:00 Imported blocks                            blockNumber=20196609 slot=9402602 blocks=196608 txs=32174755 mgas=2976155 bps=31.79 tps=5144 mgps=481.7 avgBps=29.94 avgTps=4899 avgMGps=453.2 elapsed=1h49m26s
Jul 25 08:21:28 nimbus-eth1-mainnet-short-benchmark[2974588]: INF 2026-07-25 08:21:28.681+00:00 Imported blocks                            blockNumber=20204801 slot=9410840 blocks=204800 txs=33475942 mgas=3100410 bps=29.90 tps=4749 mgps=453.5 avgBps=29.94 avgTps=4893 avgMGps=453.3 elapsed=1h54m305ms
Jul 25 08:25:39 nimbus-eth1-mainnet-short-benchmark[2974588]: INF 2026-07-25 08:25:39.297+00:00 Imported blocks                            blockNumber=20212993 slot=9419071 blocks=212992 txs=34798508 mgas=3224370 bps=32.69 tps=5277 mgps=494.6 avgBps=30.04 avgTps=4907 avgMGps=454.7 elapsed=1h58m10s
Jul 25 08:29:46 nimbus-eth1-mainnet-short-benchmark[2974588]: INF 2026-07-25 08:29:46.546+00:00 Imported blocks                            blockNumber=20221185 slot=9427313 blocks=221184 txs=36114045 mgas=3348169 bps=33.13 tps=5320 mgps=500.7 avgBps=30.14 avgTps=4921 avgMGps=456.3 elapsed=2h2m18s
Jul 25 08:33:33 nimbus-eth1-mainnet-short-benchmark[2974588]: INF 2026-07-25 08:33:33.030+00:00 Imported blocks                            blockNumber=20229377 slot=9435549 blocks=229376 txs=37421794 mgas=3472031 bps=36.17 tps=5774 mgps=546.9 avgBps=30.32 avgTps=4946 avgMGps=459.0 elapsed=2h6m4s
Jul 25 08:37:29 nimbus-eth1-mainnet-short-benchmark[2974588]: INF 2026-07-25 08:37:29.299+00:00 Imported blocks                            blockNumber=20237569 slot=9443788 blocks=237568 txs=38842064 mgas=3596351 bps=34.67 tps=6011 mgps=526.2 avgBps=30.45 avgTps=4979 avgMGps=461.0 elapsed=2h10m919ms
Jul 25 08:41:43 nimbus-eth1-mainnet-short-benchmark[2974588]: INF 2026-07-25 08:41:43.087+00:00 Imported blocks                            blockNumber=20245761 slot=9452021 blocks=245760 txs=40225739 mgas=3720100 bps=32.28 tps=5452 mgps=487.6 avgBps=30.51 avgTps=4994 avgMGps=461.9 elapsed=2h14m14s
Jul 25 08:46:14 nimbus-eth1-mainnet-short-benchmark[2974588]: INF 2026-07-25 08:46:14.735+00:00 Imported blocks                            blockNumber=20253953 slot=9460253 blocks=253952 txs=41454921 mgas=3844385 bps=30.16 tps=4524 mgps=457.5 avgBps=30.50 avgTps=4978 avgMGps=461.7 elapsed=2h18m46s
Jul 25 08:50:33 nimbus-eth1-mainnet-short-benchmark[2974588]: INF 2026-07-25 08:50:33.076+00:00 Imported blocks                            blockNumber=20262145 slot=9468495 blocks=262144 txs=42726051 mgas=3968623 bps=31.71 tps=4920 mgps=480.9 avgBps=30.54 avgTps=4977 avgMGps=462.3 elapsed=2h23m4s
Jul 25 08:54:33 nimbus-eth1-mainnet-short-benchmark[2974588]: INF 2026-07-25 08:54:33.480+00:00 Imported blocks                            blockNumber=20270337 slot=9476748 blocks=270336 txs=44050436 mgas=4092682 bps=34.08 tps=5508 mgps=516.0 avgBps=30.63 avgTps=4991 avgMGps=463.8 elapsed=2h27m5s
Jul 25 08:58:18 nimbus-eth1-mainnet-short-benchmark[2974588]: INF 2026-07-25 08:58:18.241+00:00 Imported blocks                            blockNumber=20278529 slot=9484981 blocks=278528 txs=45382368 mgas=4216487 bps=36.45 tps=5926 mgps=550.8 avgBps=30.78 avgTps=5014 avgMGps=465.9 elapsed=2h30m49s
Jul 25 09:02:07 nimbus-eth1-mainnet-short-benchmark[2974588]: INF 2026-07-25 09:02:07.286+00:00 Imported blocks                            blockNumber=20286721 slot=9493213 blocks=286720 txs=46733429 mgas=4340363 bps=35.77 tps=5898 mgps=540.8 avgBps=30.90 avgTps=5036 avgMGps=467.8 elapsed=2h34m38s
Jul 25 09:06:18 nimbus-eth1-mainnet-short-benchmark[2974588]: INF 2026-07-25 09:06:18.018+00:00 Imported blocks                            blockNumber=20294913 slot=9501453 blocks=294912 txs=48075887 mgas=4464376 bps=32.67 tps=5354 mgps=494.6 avgBps=30.95 avgTps=5044 avgMGps=468.5 elapsed=2h38m49s
Jul 25 09:10:25 nimbus-eth1-mainnet-short-benchmark[2974588]: INF 2026-07-25 09:10:25.251+00:00 Imported blocks                            blockNumber=20303105 slot=9509696 blocks=303104 txs=49379538 mgas=4588534 bps=33.13 tps=5272 mgps=502.2 avgBps=31.00 avgTps=5050 avgMGps=469.3 elapsed=2h42m56s
Jul 25 09:14:26 nimbus-eth1-mainnet-short-benchmark[2974588]: INF 2026-07-25 09:14:26.319+00:00 Imported blocks                            blockNumber=20311297 slot=9517922 blocks=311296 txs=50637672 mgas=4712596 bps=33.98 tps=5219 mgps=514.6 avgBps=31.07 avgTps=5054 avgMGps=470.4 elapsed=2h46m57s
Jul 25 09:18:18 nimbus-eth1-mainnet-short-benchmark[2974588]: INF 2026-07-25 09:18:18.600+00:00 Imported blocks                            blockNumber=20319489 slot=9526159 blocks=319488 txs=51981692 mgas=4836521 bps=35.27 tps=5786 mgps=533.5 avgBps=31.17 avgTps=5071 avgMGps=471.8 elapsed=2h50m50s
Jul 25 09:21:50 nimbus-eth1-mainnet-short-benchmark[2974588]: INF 2026-07-25 09:21:50.953+00:00 Imported blocks                            blockNumber=20327681 slot=9534381 blocks=327680 txs=53356123 mgas=4960245 bps=38.58 tps=6472 mgps=582.6 avgBps=31.32 avgTps=5099 avgMGps=474.1 elapsed=2h54m22s
Jul 25 09:25:21 nimbus-eth1-mainnet-short-benchmark[2974588]: INF 2026-07-25 09:25:21.134+00:00 Imported blocks                            blockNumber=20335873 slot=9542617 blocks=335872 txs=54719105 mgas=5084025 bps=38.98 tps=6484 mgps=588.9 avgBps=31.47 avgTps=5126 avgMGps=476.4 elapsed=2h57m52s
Jul 25 09:29:11 nimbus-eth1-mainnet-short-benchmark[2974588]: INF 2026-07-25 09:29:11.455+00:00 Imported blocks                            blockNumber=20344065 slot=9550841 blocks=344064 txs=56021853 mgas=5207843 bps=35.57 tps=5656 mgps=537.6 avgBps=31.56 avgTps=5138 avgMGps=477.6 elapsed=3h1m43s
Jul 25 09:33:33 nimbus-eth1-mainnet-short-benchmark[2974588]: INF 2026-07-25 09:33:33.699+00:00 Imported blocks                            blockNumber=20352257 slot=9559072 blocks=352256 txs=57290408 mgas=5332016 bps=31.24 tps=4837 mgps=473.5 avgBps=31.55 avgTps=5131 avgMGps=477.6 elapsed=3h6m5s
Jul 25 09:37:33 nimbus-eth1-mainnet-short-benchmark[2974588]: INF 2026-07-25 09:37:33.831+00:00 Imported blocks                            blockNumber=20360449 slot=9567308 blocks=360448 txs=58543463 mgas=5456201 bps=34.11 tps=5218 mgps=517.2 avgBps=31.60 avgTps=5132 avgMGps=478.4 elapsed=3h10m5s
Jul 25 09:41:23 nimbus-eth1-mainnet-short-benchmark[2974588]: INF 2026-07-25 09:41:23.456+00:00 Imported blocks                            blockNumber=20368641 slot=9575548 blocks=368640 txs=59874056 mgas=5580204 bps=35.68 tps=5794 mgps=540.0 avgBps=31.68 avgTps=5145 avgMGps=479.6 elapsed=3h13m55s
Jul 25 09:45:23 nimbus-eth1-mainnet-short-benchmark[2974588]: INF 2026-07-25 09:45:23.909+00:00 Imported blocks                            blockNumber=20376833 slot=9583774 blocks=376832 txs=61167066 mgas=5704396 bps=34.07 tps=5377 mgps=516.5 avgBps=31.73 avgTps=5150 avgMGps=480.3 elapsed=3h17m55s
Jul 25 09:49:19 nimbus-eth1-mainnet-short-benchmark[2974588]: INF 2026-07-25 09:49:19.297+00:00 Imported blocks                            blockNumber=20385025 slot=9592009 blocks=385024 txs=62480333 mgas=5828235 bps=34.80 tps=5579 mgps=526.1 avgBps=31.79 avgTps=5159 avgMGps=481.2 elapsed=3h21m50s
Jul 25 09:53:13 nimbus-eth1-mainnet-short-benchmark[2974588]: INF 2026-07-25 09:53:13.990+00:00 Imported blocks                            blockNumber=20393217 slot=9600248 blocks=393216 txs=63800597 mgas=5952136 bps=34.91 tps=5625 mgps=527.9 avgBps=31.85 avgTps=5167 avgMGps=482.1 elapsed=3h25m45s
Jul 25 09:56:59 nimbus-eth1-mainnet-short-benchmark[2974588]: INF 2026-07-25 09:56:59.703+00:00 Imported blocks                            blockNumber=20401409 slot=9608486 blocks=401408 txs=65021243 mgas=6076384 bps=36.29 tps=5408 mgps=550.5 avgBps=31.93 avgTps=5172 avgMGps=483.4 elapsed=3h29m31s
Jul 25 10:01:00 nimbus-eth1-mainnet-short-benchmark[2974588]: INF 2026-07-25 10:01:00.007+00:00 Imported blocks                            blockNumber=20409601 slot=9616707 blocks=409600 txs=66199016 mgas=6200666 bps=34.09 tps=4901 mgps=517.2 avgBps=31.97 avgTps=5167 avgMGps=484.0 elapsed=3h33m31s
Jul 25 10:04:52 nimbus-eth1-mainnet-short-benchmark[2974588]: INF 2026-07-25 10:04:52.244+00:00 Imported blocks                            blockNumber=20417793 slot=9624941 blocks=417792 txs=67453930 mgas=6324823 bps=35.27 tps=5403 mgps=534.6 avgBps=32.03 avgTps=5171 avgMGps=484.9 elapsed=3h37m23s
Jul 25 10:08:18 nimbus-eth1-mainnet-short-benchmark[2974588]: INF 2026-07-25 10:08:18.929+00:00 Imported blocks                            blockNumber=20425985 slot=9633187 blocks=425984 txs=68814904 mgas=6448778 bps=39.63 tps=6584 mgps=599.7 avgBps=32.15 avgTps=5193 avgMGps=486.7 elapsed=3h40m50s
Jul 25 10:11:46 nimbus-eth1-mainnet-short-benchmark[2974588]: INF 2026-07-25 10:11:46.142+00:00 Imported blocks                            blockNumber=20434177 slot=9641422 blocks=434176 txs=70124508 mgas=6572711 bps=39.53 tps=6320 mgps=598.1 avgBps=32.26 avgTps=5210 avgMGps=488.4 elapsed=3h44m17s
Jul 25 10:15:22 nimbus-eth1-mainnet-short-benchmark[2974588]: INF 2026-07-25 10:15:22.319+00:00 Imported blocks                            blockNumber=20442369 slot=9649657 blocks=442368 txs=71403576 mgas=6696451 bps=37.90 tps=5916 mgps=572.4 avgBps=32.35 avgTps=5221 avgMGps=489.7 elapsed=3h47m53s
Jul 25 10:19:19 nimbus-eth1-mainnet-short-benchmark[2974588]: INF 2026-07-25 10:19:19.212+00:00 Imported blocks                            blockNumber=20450561 slot=9657896 blocks=450560 txs=72659905 mgas=6820521 bps=34.58 tps=5303 mgps=523.7 avgBps=32.39 avgTps=5223 avgMGps=490.3 elapsed=3h51m50s
Jul 25 10:23:35 nimbus-eth1-mainnet-short-benchmark[2974588]: INF 2026-07-25 10:23:35.080+00:00 Imported blocks                            blockNumber=20458753 slot=9666114 blocks=458752 txs=73838533 mgas=6945116 bps=32.02 tps=4606 mgps=487.0 avgBps=32.38 avgTps=5212 avgMGps=490.2 elapsed=3h56m6s
Jul 25 10:27:28 nimbus-eth1-mainnet-short-benchmark[2974588]: INF 2026-07-25 10:27:28.789+00:00 Imported blocks                            blockNumber=20466945 slot=9674343 blocks=466944 txs=75124748 mgas=7068943 bps=35.05 tps=5503 mgps=529.8 avgBps=32.43 avgTps=5216 avgMGps=490.9 elapsed=4h411ms734us
Jul 25 10:31:20 nimbus-eth1-mainnet-short-benchmark[2974588]: INF 2026-07-25 10:31:20.445+00:00 Imported blocks                            blockNumber=20475137 slot=9682575 blocks=475136 txs=76420106 mgas=7192870 bps=35.36 tps=5591 mgps=535.0 avgBps=32.47 avgTps=5222 avgMGps=491.6 elapsed=4h3m52s
Jul 25 10:35:01 nimbus-eth1-mainnet-short-benchmark[2974588]: INF 2026-07-25 10:35:01.374+00:00 Imported blocks                            blockNumber=20483329 slot=9690800 blocks=483328 txs=77675422 mgas=7316939 bps=37.08 tps=5681 mgps=561.6 avgBps=32.54 avgTps=5229 avgMGps=492.6 elapsed=4h7m32s
Jul 25 10:38:39 nimbus-eth1-mainnet-short-benchmark[2974588]: INF 2026-07-25 10:38:39.543+00:00 Imported blocks                            blockNumber=20491521 slot=9699019 blocks=491520 txs=78951232 mgas=7440784 bps=37.55 tps=5847 mgps=567.7 avgBps=32.61 avgTps=5238 avgMGps=493.7 elapsed=4h11m11s
Jul 25 10:42:36 nimbus-eth1-mainnet-short-benchmark[2974588]: INF 2026-07-25 10:42:36.084+00:00 Imported blocks                            blockNumber=20499713 slot=9707248 blocks=499712 txs=80189642 mgas=7564669 bps=34.63 tps=5235 mgps=523.7 avgBps=32.64 avgTps=5238 avgMGps=494.2 elapsed=4h15m7s
Jul 25 10:46:34 nimbus-eth1-mainnet-short-benchmark[2974588]: INF 2026-07-25 10:46:34.756+00:00 Imported blocks                            blockNumber=20507905 slot=9715488 blocks=507904 txs=81317763 mgas=7689208 bps=34.32 tps=4726 mgps=521.8 avgBps=32.67 avgTps=5230 avgMGps=494.6 elapsed=4h19m6s
Jul 25 10:50:09 nimbus-eth1-mainnet-short-benchmark[2974588]: INF 2026-07-25 10:50:09.657+00:00 Imported blocks                            blockNumber=20516097 slot=9723715 blocks=516096 txs=82520262 mgas=7813209 bps=38.12 tps=5595 mgps=577.0 avgBps=32.74 avgTps=5235 avgMGps=495.7 elapsed=4h22m41s
Jul 25 10:53:56 nimbus-eth1-mainnet-short-benchmark[2974588]: INF 2026-07-25 10:53:56.238+00:00 Imported blocks                            blockNumber=20524289 slot=9731945 blocks=524288 txs=83780075 mgas=7937233 bps=36.15 tps=5560 mgps=547.4 avgBps=32.79 avgTps=5240 avgMGps=496.5 elapsed=4h26m27s
Jul 25 10:57:43 nimbus-eth1-mainnet-short-benchmark[2974588]: INF 2026-07-25 10:57:43.991+00:00 Imported blocks                            blockNumber=20532481 slot=9740183 blocks=532480 txs=85263862 mgas=8061024 bps=35.97 tps=6514 mgps=543.5 avgBps=32.84 avgTps=5258 avgMGps=497.1 elapsed=4h30m15s
Jul 25 11:01:37 nimbus-eth1-mainnet-short-benchmark[2974588]: INF 2026-07-25 11:01:37.743+00:00 Imported blocks                            blockNumber=20540673 slot=9748418 blocks=540672 txs=86612143 mgas=8185090 bps=35.05 tps=5768 mgps=530.8 avgBps=32.87 avgTps=5265 avgMGps=497.6 elapsed=4h34m9s
Jul 25 11:05:41 nimbus-eth1-mainnet-short-benchmark[2974588]: INF 2026-07-25 11:05:41.884+00:00 Imported blocks                            blockNumber=20548865 slot=9756662 blocks=548864 txs=87802991 mgas=8309513 bps=33.55 tps=4877 mgps=509.6 avgBps=32.88 avgTps=5259 avgMGps=497.8 elapsed=4h38m13s
Jul 25 11:09:43 nimbus-eth1-mainnet-short-benchmark[2974588]: INF 2026-07-25 11:09:43.952+00:00 Imported blocks                            blockNumber=20557057 slot=9764892 blocks=557056 txs=88964987 mgas=8433956 bps=33.84 tps=4800 mgps=514.1 avgBps=32.89 avgTps=5253 avgMGps=498.0 elapsed=4h42m15s
Jul 25 11:13:32 nimbus-eth1-mainnet-short-benchmark[2974588]: INF 2026-07-25 11:13:32.141+00:00 Imported blocks                            blockNumber=20565249 slot=9773131 blocks=565248 txs=90186094 mgas=8558113 bps=35.90 tps=5351 mgps=544.1 avgBps=32.93 avgTps=5254 avgMGps=498.6 elapsed=4h46m3s
Jul 25 11:17:22 nimbus-eth1-mainnet-short-benchmark[2974588]: INF 2026-07-25 11:17:22.678+00:00 Imported blocks                            blockNumber=20573441 slot=9781369 blocks=573440 txs=91404654 mgas=8682228 bps=35.53 tps=5285 mgps=538.4 avgBps=32.97 avgTps=5254 avgMGps=499.1 elapsed=4h49m54s
Jul 25 11:21:08 nimbus-eth1-mainnet-short-benchmark[2974588]: INF 2026-07-25 11:21:08.563+00:00 Imported blocks                            blockNumber=20581633 slot=9789611 blocks=581632 txs=92628389 mgas=8806651 bps=36.27 tps=5417 mgps=550.8 avgBps=33.01 avgTps=5256 avgMGps=499.8 elapsed=4h53m40s
Jul 25 11:25:02 nimbus-eth1-mainnet-short-benchmark[2974588]: INF 2026-07-25 11:25:02.243+00:00 Imported blocks                            blockNumber=20589825 slot=9797855 blocks=589824 txs=93887208 mgas=8931023 bps=35.06 tps=5386 mgps=532.2 avgBps=33.04 avgTps=5258 avgMGps=500.2 elapsed=4h57m33s
Jul 25 11:28:59 nimbus-eth1-mainnet-short-benchmark[2974588]: INF 2026-07-25 11:28:59.440+00:00 Imported blocks                            blockNumber=20598017 slot=9806095 blocks=598016 txs=95163338 mgas=9055310 bps=34.54 tps=5380 mgps=524.0 avgBps=33.06 avgTps=5260 avgMGps=500.5 elapsed=5h1m31s
Jul 25 11:32:58 nimbus-eth1-mainnet-short-benchmark[2974588]: INF 2026-07-25 11:32:58.088+00:00 Imported blocks                            blockNumber=20606209 slot=9814347 blocks=606208 txs=96334664 mgas=9179976 bps=34.33 tps=4908 mgps=522.4 avgBps=33.07 avgTps=5255 avgMGps=500.8 elapsed=5h5m29s
Jul 25 11:36:46 nimbus-eth1-mainnet-short-benchmark[2974588]: INF 2026-07-25 11:36:46.493+00:00 Imported blocks                            blockNumber=20614401 slot=9822581 blocks=614400 txs=97573414 mgas=9304574 bps=35.87 tps=5423 mgps=545.5 avgBps=33.11 avgTps=5257 avgMGps=501.4 elapsed=5h9m18s
Jul 25 11:40:35 nimbus-eth1-mainnet-short-benchmark[2974588]: INF 2026-07-25 11:40:35.134+00:00 Imported blocks                            blockNumber=20622593 slot=9830821 blocks=622592 txs=98874772 mgas=9428835 bps=35.83 tps=5691 mgps=543.5 avgBps=33.14 avgTps=5263 avgMGps=501.9 elapsed=5h13m6s
Jul 25 11:44:17 nimbus-eth1-mainnet-short-benchmark[2974588]: INF 2026-07-25 11:44:17.075+00:00 Imported blocks                            blockNumber=20630785 slot=9839058 blocks=630784 txs=100178707 mgas=9553009 bps=36.91 tps=5875 mgps=559.5 avgBps=33.18 avgTps=5270 avgMGps=502.6 elapsed=5h16m48s
Jul 25 11:48:07 nimbus-eth1-mainnet-short-benchmark[2974588]: INF 2026-07-25 11:48:07.991+00:00 Imported blocks                            blockNumber=20638977 slot=9847313 blocks=638976 txs=101489116 mgas=9677171 bps=35.48 tps=5674 mgps=537.7 avgBps=33.21 avgTps=5275 avgMGps=503.0 elapsed=5h20m39s
Jul 25 11:51:58 nimbus-eth1-mainnet-short-benchmark[2974588]: INF 2026-07-25 11:51:58.260+00:00 Imported blocks                            blockNumber=20647169 slot=9855549 blocks=647168 txs=102730058 mgas=9801643 bps=35.58 tps=5389 mgps=540.5 avgBps=33.24 avgTps=5276 avgMGps=503.4 elapsed=5h24m29s
Jul 25 11:55:58 nimbus-eth1-mainnet-short-benchmark[2974588]: INF 2026-07-25 11:55:58.673+00:00 Imported blocks                            blockNumber=20655361 slot=9863778 blocks=655360 txs=103868002 mgas=9926541 bps=34.07 tps=4733 mgps=519.5 avgBps=33.25 avgTps=5269 avgMGps=503.6 elapsed=5h28m30s
Jul 25 11:59:42 nimbus-eth1-mainnet-short-benchmark[2974588]: INF 2026-07-25 11:59:42.510+00:00 Imported blocks                            blockNumber=20663553 slot=9872013 blocks=663552 txs=105112198 mgas=10051274 bps=36.60 tps=5558 mgps=557.3 avgBps=33.29 avgTps=5272 avgMGps=504.2 elapsed=5h32m14s
Jul 25 12:03:17 nimbus-eth1-mainnet-short-benchmark[2974588]: INF 2026-07-25 12:03:17.166+00:00 Imported blocks                            blockNumber=20671745 slot=9880241 blocks=671744 txs=106395904 mgas=10175177 bps=38.16 tps=5980 mgps=577.2 avgBps=33.34 avgTps=5280 avgMGps=505.0 elapsed=5h35m48s
Jul 25 12:06:57 nimbus-eth1-mainnet-short-benchmark[2974588]: INF 2026-07-25 12:06:57.931+00:00 Imported blocks                            blockNumber=20679937 slot=9888471 blocks=679936 txs=107674271 mgas=10299404 bps=37.11 tps=5790 mgps=562.7 avgBps=33.38 avgTps=5286 avgMGps=505.6 elapsed=5h39m29s
Jul 25 12:10:27 nimbus-eth1-mainnet-short-benchmark[2974588]: INF 2026-07-25 12:10:27.436+00:00 Imported blocks                            blockNumber=20688129 slot=9896698 blocks=688128 txs=108938536 mgas=10423298 bps=39.10 tps=6034 mgps=591.4 avgBps=33.44 avgTps=5293 avgMGps=506.5 elapsed=5h42m59s
Jul 25 12:14:11 nimbus-eth1-mainnet-short-benchmark[2974588]: INF 2026-07-25 12:14:11.117+00:00 Imported blocks                            blockNumber=20696321 slot=9904930 blocks=696320 txs=110235786 mgas=10547469 bps=36.62 tps=5799 mgps=555.1 avgBps=33.47 avgTps=5299 avgMGps=507.0 elapsed=5h46m42s
Jul 25 12:18:10 nimbus-eth1-mainnet-short-benchmark[2974588]: INF 2026-07-25 12:18:10.630+00:00 Imported blocks                            blockNumber=20704513 slot=9913154 blocks=704512 txs=111483759 mgas=10671677 bps=34.20 tps=5210 mgps=518.6 avgBps=33.48 avgTps=5298 avgMGps=507.2 elapsed=5h50m42s
Jul 25 12:21:55 nimbus-eth1-mainnet-short-benchmark[2974588]: INF 2026-07-25 12:21:55.691+00:00 Imported blocks                            blockNumber=20712705 slot=9921388 blocks=712704 txs=112764170 mgas=10795980 bps=36.40 tps=5689 mgps=552.3 avgBps=33.51 avgTps=5302 avgMGps=507.6 elapsed=5h54m27s
Jul 25 12:25:28 nimbus-eth1-mainnet-short-benchmark[2974588]: INF 2026-07-25 12:25:28.184+00:00 Imported blocks                            blockNumber=20720897 slot=9929633 blocks=720896 txs=114110517 mgas=10919926 bps=38.55 tps=6335 mgps=583.3 avgBps=33.56 avgTps=5312 avgMGps=508.4 elapsed=5h57m59s
Jul 25 12:29:07 nimbus-eth1-mainnet-short-benchmark[2974588]: INF 2026-07-25 12:29:07.728+00:00 Imported blocks                            blockNumber=20729089 slot=9937869 blocks=729088 txs=115449431 mgas=11043768 bps=37.31 tps=6098 mgps=564.1 avgBps=33.60 avgTps=5320 avgMGps=508.9 elapsed=6h1m39s
Jul 25 12:32:39 nimbus-eth1-mainnet-short-benchmark[2974588]: INF 2026-07-25 12:32:39.773+00:00 Imported blocks                            blockNumber=20737281 slot=9946108 blocks=737280 txs=116784468 mgas=11167784 bps=38.63 tps=6295 mgps=584.9 avgBps=33.65 avgTps=5329 avgMGps=509.7 elapsed=6h5m11s
Jul 25 12:36:21 nimbus-eth1-mainnet-short-benchmark[2974588]: INF 2026-07-25 12:36:21.662+00:00 Imported blocks                            blockNumber=20745473 slot=9954342 blocks=745472 txs=118101003 mgas=11291742 bps=36.92 tps=5933 mgps=558.7 avgBps=33.68 avgTps=5335 avgMGps=510.2 elapsed=6h8m53s
Jul 25 12:40:16 nimbus-eth1-mainnet-short-benchmark[2974588]: INF 2026-07-25 12:40:16.711+00:00 Imported blocks                            blockNumber=20753665 slot=9962581 blocks=753664 txs=119337525 mgas=11415859 bps=34.85 tps=5260 mgps=528.0 avgBps=33.69 avgTps=5335 avgMGps=510.4 elapsed=6h12m48s
Jul 25 12:44:01 nimbus-eth1-mainnet-short-benchmark[2974588]: INF 2026-07-25 12:44:01.844+00:00 Imported blocks                            blockNumber=20761857 slot=9970803 blocks=761856 txs=120564314 mgas=11540225 bps=36.39 tps=5449 mgps=552.4 avgBps=33.72 avgTps=5336 avgMGps=510.8 elapsed=6h16m33s
Jul 25 12:47:33 nimbus-eth1-mainnet-short-benchmark[2974588]: INF 2026-07-25 12:47:33.601+00:00 Imported blocks                            blockNumber=20770049 slot=9979058 blocks=770048 txs=121858083 mgas=11663918 bps=38.68 tps=6109 mgps=584.1 avgBps=33.77 avgTps=5343 avgMGps=511.5 elapsed=6h20m5s
Jul 25 12:50:57 nimbus-eth1-mainnet-short-benchmark[2974588]: INF 2026-07-25 12:50:57.862+00:00 Imported blocks                            blockNumber=20778241 slot=9987307 blocks=778240 txs=123161734 mgas=11787906 bps=40.11 tps=6382 mgps=607.0 avgBps=33.82 avgTps=5352 avgMGps=512.3 elapsed=6h23m29s
Jul 25 12:54:15 nimbus-eth1-mainnet-short-benchmark[2974588]: INF 2026-07-25 12:54:15.891+00:00 Imported blocks                            blockNumber=20786433 slot=9995542 blocks=786432 txs=124509456 mgas=11911612 bps=41.37 tps=6805 mgps=624.7 avgBps=33.89 avgTps=5365 avgMGps=513.3 elapsed=6h26m47s
Jul 25 12:57:39 nimbus-eth1-mainnet-short-benchmark[2974588]: INF 2026-07-25 12:57:39.408+00:00 Imported blocks                            blockNumber=20794625 slot=10003781 blocks=794624 txs=125848921 mgas=12035338 bps=40.25 tps=6581 mgps=607.9 avgBps=33.94 avgTps=5375 avgMGps=514.1 elapsed=6h30m11s
Jul 25 13:01:09 nimbus-eth1-mainnet-short-benchmark[2974588]: INF 2026-07-25 13:01:09.601+00:00 Imported blocks                            blockNumber=20802817 slot=10012028 blocks=802816 txs=127089868 mgas=12158989 bps=38.97 tps=5903 mgps=588.3 avgBps=33.99 avgTps=5380 avgMGps=514.7 elapsed=6h33m41s
Jul 25 13:04:46 nimbus-eth1-mainnet-short-benchmark[2974588]: INF 2026-07-25 13:04:46.378+00:00 Imported blocks                            blockNumber=20811009 slot=10020249 blocks=811008 txs=128299762 mgas=12282850 bps=37.79 tps=5581 mgps=571.4 avgBps=34.02 avgTps=5382 avgMGps=515.3 elapsed=6h37m17s
Jul 25 13:08:11 nimbus-eth1-mainnet-short-benchmark[2974588]: INF 2026-07-25 13:08:10.999+00:00 Imported blocks                            blockNumber=20819201 slot=10028481 blocks=819200 txs=129596319 mgas=12406594 bps=40.04 tps=6336 mgps=604.8 avgBps=34.07 avgTps=5390 avgMGps=516.0 elapsed=6h40m42s
Jul 25 13:11:34 nimbus-eth1-mainnet-short-benchmark[2974588]: INF 2026-07-25 13:11:34.356+00:00 Imported blocks                            blockNumber=20827393 slot=10036710 blocks=827392 txs=130916729 mgas=12530249 bps=40.28 tps=6493 mgps=608.1 avgBps=34.12 avgTps=5399 avgMGps=516.8 elapsed=6h44m5s
Jul 25 13:14:57 nimbus-eth1-mainnet-short-benchmark[2974588]: INF 2026-07-25 13:14:57.421+00:00 Imported blocks                            blockNumber=20835585 slot=10044938 blocks=835584 txs=132226625 mgas=12654070 bps=40.34 tps=6450 mgps=609.7 avgBps=34.18 avgTps=5408 avgMGps=517.6 elapsed=6h47m29s
Jul 25 13:18:31 nimbus-eth1-mainnet-short-benchmark[2974588]: INF 2026-07-25 13:18:31.578+00:00 Imported blocks                            blockNumber=20843777 slot=10053164 blocks=843776 txs=133604192 mgas=12777730 bps=38.25 tps=6432 mgps=577.4 avgBps=34.21 avgTps=5417 avgMGps=518.1 elapsed=6h51m3s
Jul 25 13:22:33 nimbus-eth1-mainnet-short-benchmark[2974588]: INF 2026-07-25 13:22:33.099+00:00 Imported blocks                            blockNumber=20851969 slot=10061391 blocks=851968 txs=134900706 mgas=12901664 bps=33.92 tps=5368 mgps=513.1 avgBps=34.21 avgTps=5416 avgMGps=518.0 elapsed=6h55m4s
Jul 25 13:26:24 nimbus-eth1-mainnet-short-benchmark[2974588]: INF 2026-07-25 13:26:24.251+00:00 Imported blocks                            blockNumber=20860161 slot=10069622 blocks=860160 txs=136168750 mgas=13025603 bps=35.44 tps=5485 mgps=536.2 avgBps=34.22 avgTps=5417 avgMGps=518.2 elapsed=6h58m55s
Jul 25 13:30:09 nimbus-eth1-mainnet-short-benchmark[2974588]: INF 2026-07-25 13:30:09.780+00:00 Imported blocks                            blockNumber=20868353 slot=10077838 blocks=868352 txs=137550724 mgas=13149742 bps=36.32 tps=6127 mgps=550.4 avgBps=34.24 avgTps=5423 avgMGps=518.5 elapsed=7h2m41s
Jul 25 13:33:53 nimbus-eth1-mainnet-short-benchmark[2974588]: INF 2026-07-25 13:33:53.685+00:00 Imported blocks                            blockNumber=20876545 slot=10086066 blocks=876544 txs=138954673 mgas=13273457 bps=36.59 tps=6270 mgps=552.5 avgBps=34.26 avgTps=5431 avgMGps=518.8 elapsed=7h6m25s
Jul 25 13:37:33 nimbus-eth1-mainnet-short-benchmark[2974588]: INF 2026-07-25 13:37:33.830+00:00 Imported blocks                            blockNumber=20884737 slot=10094286 blocks=884736 txs=140256178 mgas=13397479 bps=37.21 tps=5912 mgps=563.4 avgBps=34.28 avgTps=5435 avgMGps=519.2 elapsed=7h10m5s
Jul 25 13:41:08 nimbus-eth1-mainnet-short-benchmark[2974588]: INF 2026-07-25 13:41:08.167+00:00 Imported blocks                            blockNumber=20892929 slot=10102512 blocks=892928 txs=141581868 mgas=13521575 bps=38.22 tps=6185 mgps=579.0 avgBps=34.32 avgTps=5441 avgMGps=519.7 elapsed=7h13m39s
Jul 25 13:44:42 nimbus-eth1-mainnet-short-benchmark[2974588]: INF 2026-07-25 13:44:42.700+00:00 Imported blocks                            blockNumber=20901121 slot=10110732 blocks=901120 txs=142875889 mgas=13645572 bps=38.19 tps=6031 mgps=578.0 avgBps=34.35 avgTps=5446 avgMGps=520.1 elapsed=7h17m14s
Jul 25 13:48:17 nimbus-eth1-mainnet-short-benchmark[2974588]: INF 2026-07-25 13:48:17.101+00:00 Imported blocks                            blockNumber=20909313 slot=10118953 blocks=909312 txs=144102308 mgas=13769390 bps=38.21 tps=5720 mgps=577.5 avgBps=34.38 avgTps=5448 avgMGps=520.6 elapsed=7h20m48s
Jul 25 13:51:46 nimbus-eth1-mainnet-short-benchmark[2974588]: INF 2026-07-25 13:51:46.534+00:00 Imported blocks                            blockNumber=20917505 slot=10127176 blocks=917504 txs=145406349 mgas=13893087 bps=39.12 tps=6226 mgps=590.6 avgBps=34.42 avgTps=5454 avgMGps=521.2 elapsed=7h24m18s
Jul 25 13:55:07 nimbus-eth1-mainnet-short-benchmark[2974588]: INF 2026-07-25 13:55:07.363+00:00 Imported blocks                            blockNumber=20925697 slot=10135394 blocks=925696 txs=146718394 mgas=14016820 bps=40.79 tps=6533 mgps=616.1 avgBps=34.47 avgTps=5462 avgMGps=521.9 elapsed=7h27m38s
Jul 25 13:58:41 nimbus-eth1-mainnet-short-benchmark[2974588]: INF 2026-07-25 13:58:41.512+00:00 Imported blocks                            blockNumber=20933889 slot=10143614 blocks=933888 txs=148049109 mgas=14140625 bps=38.25 tps=6214 mgps=578.1 avgBps=34.50 avgTps=5468 avgMGps=522.3 elapsed=7h31m13s
Jul 25 14:02:07 nimbus-eth1-mainnet-short-benchmark[2974588]: INF 2026-07-25 14:02:07.777+00:00 Imported blocks                            blockNumber=20942081 slot=10151840 blocks=942080 txs=149397364 mgas=14264352 bps=39.72 tps=6536 mgps=599.8 avgBps=34.53 avgTps=5476 avgMGps=522.9 elapsed=7h34m39s
Jul 25 14:05:38 nimbus-eth1-mainnet-short-benchmark[2974588]: INF 2026-07-25 14:05:38.286+00:00 Imported blocks                            blockNumber=20950273 slot=10160098 blocks=950272 txs=150765507 mgas=14388237 bps=38.92 tps=6499 mgps=588.5 avgBps=34.57 avgTps=5484 avgMGps=523.4 elapsed=7h38m9s
Jul 25 14:09:24 nimbus-eth1-mainnet-short-benchmark[2974588]: INF 2026-07-25 14:09:24.831+00:00 Imported blocks                            blockNumber=20958465 slot=10168363 blocks=958464 txs=152044771 mgas=14511987 bps=36.16 tps=5646 mgps=546.3 avgBps=34.58 avgTps=5485 avgMGps=523.6 elapsed=7h41m56s
Jul 25 14:13:01 nimbus-eth1-mainnet-short-benchmark[2974588]: INF 2026-07-25 14:13:01.695+00:00 Imported blocks                            blockNumber=20966657 slot=10176609 blocks=966656 txs=153365296 mgas=14635804 bps=37.77 tps=6089 mgps=570.9 avgBps=34.61 avgTps=5490 avgMGps=524.0 elapsed=7h45m33s
Jul 25 14:16:34 nimbus-eth1-mainnet-short-benchmark[2974588]: INF 2026-07-25 14:16:34.888+00:00 Imported blocks                            blockNumber=20974849 slot=10184849 blocks=974848 txs=154744917 mgas=14759580 bps=38.42 tps=6471 mgps=580.6 avgBps=34.63 avgTps=5497 avgMGps=524.4 elapsed=7h49m6s
Jul 25 14:20:16 nimbus-eth1-mainnet-short-benchmark[2974588]: INF 2026-07-25 14:20:16.065+00:00 Imported blocks                            blockNumber=20983041 slot=10193086 blocks=983040 txs=156055229 mgas=14883451 bps=37.04 tps=5924 mgps=560.1 avgBps=34.65 avgTps=5501 avgMGps=524.7 elapsed=7h52m47s
Jul 25 14:23:31 nimbus-eth1-mainnet-short-benchmark[2974588]: INF 2026-07-25 14:23:31.214+00:00 Imported blocks                            blockNumber=20991233 slot=10201319 blocks=991232 txs=157563202 mgas=15007557 bps=41.98 tps=7727 mgps=636.0 avgBps=34.70 avgTps=5516 avgMGps=525.4 elapsed=7h56m2s
Jul 25 14:27:15 nimbus-eth1-mainnet-short-benchmark[2974588]: INF 2026-07-25 14:27:15.139+00:00 Imported blocks                            blockNumber=20999425 slot=10209549 blocks=999424 txs=159003277 mgas=15131383 bps=36.58 tps=6431 mgps=553.0 avgBps=34.72 avgTps=5523 avgMGps=525.6 elapsed=7h59m46s
Jul 25 14:27:31 nimbus-eth1-mainnet-short-benchmark[2974588]: INF 2026-07-25 14:27:31.355+00:00 Imported blocks                            blockNumber=21000001 slot=10210128 blocks=1000000 txs=159109486 mgas=15140191 bps=35.52 tps=6550 mgps=543.2 avgBps=34.72 avgTps=5524 avgMGps=525.6 elapsed=8h2s974ms
Jul 25 14:27:31 nimbus-eth1-mainnet-short-benchmark[2974588]: NTC 2026-07-25 14:27:31.355+00:00 Import complete                            blockNumber=21000001 slot=10210128 blocks=1000000 txs=159109486 mgas=15140191
Jul 25 14:27:32 nimbus-eth1-mainnet-short-benchmark[2950045]: <<< ending startNimbusWithImport (success)
Jul 25 14:27:32 nimbus-eth1-mainnet-short-benchmark[2950045]: >>> starting moveBenchmarkingFileToRepo
Jul 25 14:27:32 nimbus-eth1-mainnet-short-benchmark[2950045]: >>> copying debug-csv generated by nimbus to benchmarks repo
Jul 25 14:27:32 nimbus-eth1-mainnet-short-benchmark[2950045]: <<< ending moveBenchmarkingFileToRepo (success)
Jul 25 14:27:32 nimbus-eth1-mainnet-short-benchmark[2950045]: >>> starting generateBuildEnvironmentLogFile
Jul 25 14:27:41 nimbus-eth1-mainnet-short-benchmark[2950045]: <<< ending generateBuildEnvironmentLogFile (success)
Jul 25 14:27:41 nimbus-eth1-mainnet-short-benchmark[2950045]: >>> starting generateSystemdServiceLogs
