=== System Information Report ===
>>> Generated on: Tue Sep 15 10:11:49 AM UTC 2026
==========================
>>> CPU Architecture: x86_64
>>> CPU Byte Order: Little Endian
>>> CPU Cores: 16
>>> CPU Model: AMD Ryzen 7 PRO 8700GE w/ Radeon 780M Graphics
>>> CPU Cache Information:
L1d Cache: 256 KiB (8 instances)
L1i Cache: 256 KiB (8 instances)
L2 Cache: 8 MiB (8 instances)
L3 Cache: 16 MiB (1 instance)
>>> RAM Size: 61Gi
>>> Hard Disk Information:
/dev/md2 : 437G total, 199G free
/dev/md1 : 989M total, 690M free
/dev/nvme0n1p1 : 256M total, 256M free
/dev/nvme1n1 : 1.9T total, 487G free
==========================
=== Nimbus-ETH1 Benchmarking Report ===
>>> Total time spent in benchmarking (nanoseconds): 27239867926242
>>> Total time spent in benchmarking (human readable format): 7 hours 33 minutes 59 seconds
>>> Start block number is 20000001
>>> End block number is 21000001
==========================
=== Comparison of last two benchmarks ===
sort: write failed: 'standard output': Broken pipe
sort: write error
sort: write failed: 'standard output': Broken pipe
sort: write error
python /data/status-im/nimbus-eth1/scripts/block-import-stats.py /data/status-im/nimbus-eth1-benchmarks/short-benchmark/20260914T184448_fb1869ed/blocks-import-benchmark.csv /data/status-im/nimbus-eth1-benchmarks/short-benchmark/20260915T022845_0f35be0f/blocks-import-benchmark.csv
blocks-import-benchmark.csv vs blocks-import-benchmark.csv
                      bps_x  bps_y     tps_x     tps_y  time_x  time_y    bpsd    tpsd   timed
block_number                                                                                  
(20000001, 20111112]  30.24  30.26  4,939.26  4,940.64  59m46s  59m40s   0.11%   0.11%  -0.10%
(20111112, 20222223]  34.28  34.12  5,606.14  5,579.02  55m56s  56m12s  -0.48%  -0.48%   0.48%
(20222223, 20333334]  36.10  35.88  5,851.72  5,816.46  49m22s  49m40s  -0.60%  -0.60%   0.61%
(20333334, 20444445]  38.05  37.72  5,994.76  5,942.50  50m28s  50m54s  -0.86%  -0.86%   0.87%
(20444445, 20555556]  37.63  37.40  5,799.88  5,763.34  47m16s  47m34s  -0.61%  -0.61%   0.62%
(20555556, 20666667]  37.59  37.58  5,677.41  5,675.50  50m53s  50m53s  -0.02%  -0.02%   0.03%
(20666667, 20777778]  39.55  39.43  6,224.00  6,205.57  44m57s   45m5s  -0.30%  -0.30%   0.30%
(20777778, 20888889]  40.86  40.77  6,554.32  6,540.08  46m56s   47m2s  -0.20%  -0.20%   0.21%
(20888889, 21000001]  40.77  40.78  6,720.45  6,723.62  46m58s  46m56s   0.04%   0.04%  -0.04%

blocks: 991808, baseline: 7h32m36s, contender: 7h33m59s
Time (total): 1m23s, 0.31%

bpsd = blocks per sec diff (+), tpsd = txs per sec diff, timed = time to process diff (-)
+ = more is better, - = less is better
==========================
