=== System Information Report ===
>>> Generated on: Thu Sep 17 07:52:50 PM UTC 2026
==========================
>>> CPU Architecture: x86_64
>>> CPU Byte Order: Little Endian
>>> CPU Cores: 16
>>> CPU Model: AMD Ryzen 7 PRO 8700GE w/ Radeon 780M Graphics
>>> CPU Cache Information:
L1d Cache: 256 KiB (8 instances)
L1i Cache: 256 KiB (8 instances)
L2 Cache: 8 MiB (8 instances)
L3 Cache: 16 MiB (1 instance)
>>> RAM Size: 61Gi
>>> Hard Disk Information:
/dev/md2 : 437G total, 199G free
/dev/md1 : 989M total, 690M free
/dev/nvme0n1p1 : 256M total, 256M free
/dev/nvme1n1 : 1.9T total, 487G free
==========================
=== Nimbus-ETH1 Benchmarking Report ===
>>> Total time spent in benchmarking (nanoseconds): 27005361136706
>>> Total time spent in benchmarking (human readable format): 7 hours 30 minutes 5 seconds
>>> Start block number is 20000001
>>> End block number is 21000001
==========================
=== Comparison of last two benchmarks ===
sort: write failed: 'standard output': Broken pipe
sort: write error
sort: write failed: 'standard output': Broken pipe
sort: write error
python /data/status-im/nimbus-eth1/scripts/block-import-stats.py /data/status-im/nimbus-eth1-benchmarks/short-benchmark/20260712T033549_b49be5d6/blocks-import-benchmark.csv /data/status-im/nimbus-eth1-benchmarks/short-benchmark/20260917T121327_61d79b62/blocks-import-benchmark.csv
blocks-import-benchmark.csv vs blocks-import-benchmark.csv
                      bps_x  bps_y     tps_x     tps_y   time_x  time_y   bpsd   tpsd   timed
block_number                                                                                 
(20000001, 20111112]  27.92  30.55  4,559.35  4,989.08  1h4m43s  59m13s  9.37%  9.37%  -8.53%
(20111112, 20222223]  31.87  34.39  5,213.85  5,623.87   1h0m9s  55m45s  7.89%  7.89%  -7.30%
(20222223, 20333334]  33.65  36.18  5,454.74  5,865.45   52m57s  49m16s  7.52%  7.52%  -6.99%
(20333334, 20444445]  35.32  38.19  5,565.52  6,017.46   54m20s  50m18s  8.08%  8.08%  -7.47%
(20444445, 20555556]  34.67  37.77  5,344.18  5,820.68   51m17s   47m6s  8.92%  8.92%  -8.18%
(20555556, 20666667]  34.78  37.96  5,252.44  5,732.76    55m0s  50m23s  9.16%  9.16%  -8.38%
(20666667, 20777778]  36.51  39.74  5,744.89  6,252.95   48m41s  44m45s  8.82%  8.82%  -8.10%
(20777778, 20888889]  37.57  41.05  6,026.70  6,585.03    51m2s  46m44s  9.25%  9.25%  -8.45%
(20888889, 21000001]  37.57  41.11  6,194.19  6,777.29   50m58s  46m31s  9.42%  9.42%  -8.61%

blocks: 991808, baseline: 8h9m11s, contender: 7h30m5s
Time (total): -39m5s, -7.99%

bpsd = blocks per sec diff (+), tpsd = txs per sec diff, timed = time to process diff (-)
+ = more is better, - = less is better
==========================
