Oct 06 11:30:39 nimbus-eth1-mainnet-short-benchmark[1564107]: >>> starting cloneOrFetchBenchmarksRepo
Oct 06 11:30:39 nimbus-eth1-mainnet-short-benchmark[1564107]: >>> Fetching latest changes for nimbus-eth1-benchmarks...
Oct 06 11:30:40 nimbus-eth1-mainnet-short-benchmark[1564155]: HEAD is now at b36f8f9 chore: update short benchmark Readme
Oct 06 11:30:41 nimbus-eth1-mainnet-short-benchmark[1564107]: <<< ending cloneOrFetchBenchmarksRepo (success)
Oct 06 11:30:41 nimbus-eth1-mainnet-short-benchmark[1564107]: >>> starting cloneOrFetchNimbusRepo
Oct 06 11:30:42 nimbus-eth1-mainnet-short-benchmark[1564107]: >>> Fetching latest changes for nimbus-eth1...
Oct 06 11:30:43 nimbus-eth1-mainnet-short-benchmark[1564506]: From https://github.com/status-im/nimbus-eth1
Oct 06 11:30:43 nimbus-eth1-mainnet-short-benchmark[1564506]:    2bd5a7d45..f34bed59b  master     -> origin/master
Oct 06 11:30:43 nimbus-eth1-mainnet-short-benchmark[1564506]:  * [new branch]          proxy-evm-batch-requests -> origin/proxy-evm-batch-requests
Oct 06 11:30:43 nimbus-eth1-mainnet-short-benchmark[1564514]: HEAD is now at f34bed59b rpc: default omitted block parameter to latest in state queries (#4907)
Oct 06 11:30:43 nimbus-eth1-mainnet-short-benchmark[1564107]: >>> Found last benchmarked commit: 2bd5a7d4
Oct 06 11:30:43 nimbus-eth1-mainnet-short-benchmark[1564107]: >>> Using next commit: f34bed59b8e7c2c1f9478a1de28508061682693a
Oct 06 11:30:43 nimbus-eth1-mainnet-short-benchmark[1564530]: HEAD is now at f34bed59b rpc: default omitted block parameter to latest in state queries (#4907)
Oct 06 11:30:43 nimbus-eth1-mainnet-short-benchmark[1564107]: >>> Current commit: f34bed59b
Oct 06 11:30:43 nimbus-eth1-mainnet-short-benchmark[1564107]: <<< ending cloneOrFetchNimbusRepo (success)
Oct 06 11:30:43 nimbus-eth1-mainnet-short-benchmark[1564107]: >>> starting buildBinaries
Oct 06 11:30:43 nimbus-eth1-mainnet-short-benchmark[1564107]: >>> Building binaries for commit f34bed59...
Oct 06 11:30:49 nimbus-eth1-mainnet-short-benchmark[1570234]: Building: Nim compiler
Oct 06 11:33:53 nimbus-eth1-mainnet-short-benchmark[1570234]: Building custom Nimble commit: 42ef70c2102a942c46f13eb76872326edd525cec
Oct 06 11:34:03 nimbus-eth1-mainnet-short-benchmark[1570234]: Building Nimble...
Oct 06 11:34:13 nimbus-eth1-mainnet-short-benchmark[1570234]: Replacing nimble binary...
Oct 06 11:34:21 nimbus-eth1-mainnet-short-benchmark[1587168]: Building: build/generate_makefile
Oct 06 11:34:21 nimbus-eth1-mainnet-short-benchmark[1587032]: ROCKSDB CACHED VERSION: 11.8.1
Oct 06 11:34:21 nimbus-eth1-mainnet-short-benchmark[1587433]: RocksDb static libraries already built. Skipping build.
Oct 06 11:34:21 nimbus-eth1-mainnet-short-benchmark[1587168]: Build completed successfully: build/generate_makefile
Oct 06 11:34:21 nimbus-eth1-mainnet-short-benchmark[1587502]: Building: build/nimbus_execution_client
Oct 06 11:34:34 nimbus-eth1-mainnet-short-benchmark[1587620]: /data/status-im/nimbus-eth1/execution_chain/networking/p2p.nim(116, 18) template/generic instantiation of `start` from here
Oct 06 11:34:34 nimbus-eth1-mainnet-short-benchmark[1587620]: /data/status-im/nimbus-eth1/execution_chain/networking/peer_pool.nim(336, 16) template/generic instantiation of `run` from here
Oct 06 11:34:34 nimbus-eth1-mainnet-short-benchmark[1587620]: /data/status-im/nimbus-eth1/execution_chain/networking/peer_pool.nim(227, 19) Warning: Use `race` instead; one is deprecated [Deprecated]
Oct 06 11:34:34 nimbus-eth1-mainnet-short-benchmark[1587620]: /data/status-im/nimbus-eth1/execution_chain/networking/p2p.nim(116, 18) template/generic instantiation of `start` from here
Oct 06 11:34:34 nimbus-eth1-mainnet-short-benchmark[1587620]: /data/status-im/nimbus-eth1/execution_chain/networking/peer_pool.nim(336, 16) template/generic instantiation of `run` from here
Oct 06 11:34:34 nimbus-eth1-mainnet-short-benchmark[1587620]: /data/status-im/nimbus-eth1/vendor/nim-chronos/chronos/internal/asyncmacro.nim(609, 46) template/generic instantiation of `internalRaiseIfError` from here
Oct 06 11:34:34 nimbus-eth1-mainnet-short-benchmark[1587620]: /data/status-im/nimbus-eth1/execution_chain/networking/peer_pool.nim(227, 22) Warning: Use `race` instead; one is deprecated [Deprecated]
Oct 06 11:34:34 nimbus-eth1-mainnet-short-benchmark[1587620]: /data/status-im/nimbus-eth1/execution_chain/networking/p2p.nim(116, 18) template/generic instantiation of `start` from here
Oct 06 11:34:34 nimbus-eth1-mainnet-short-benchmark[1587620]: /data/status-im/nimbus-eth1/execution_chain/networking/peer_pool.nim(336, 16) template/generic instantiation of `run` from here
Oct 06 11:34:34 nimbus-eth1-mainnet-short-benchmark[1587620]: /data/status-im/nimbus-eth1/execution_chain/networking/peer_pool.nim(227, 19) Warning: Use `race` instead; one is deprecated [Deprecated]
Oct 06 11:34:43 nimbus-eth1-mainnet-short-benchmark[1587620]: /data/status-im/nimbus-eth1/execution_chain/sync/wire_protocol/eth/eth_broadcast.nim(641, 38) template/generic instantiation of `async` from here
Oct 06 11:34:43 nimbus-eth1-mainnet-short-benchmark[1587620]: /data/status-im/nimbus-eth1/execution_chain/sync/wire_protocol/eth/eth_broadcast.nim(651, 19) Warning: Use `race` instead; one is deprecated [Deprecated]
Oct 06 11:34:43 nimbus-eth1-mainnet-short-benchmark[1587620]: /data/status-im/nimbus-eth1/execution_chain/sync/wire_protocol/eth/eth_broadcast.nim(641, 38) template/generic instantiation of `async` from here
Oct 06 11:34:43 nimbus-eth1-mainnet-short-benchmark[1587620]: /data/status-im/nimbus-eth1/vendor/nim-chronos/chronos/internal/asyncmacro.nim(609, 46) template/generic instantiation of `internalRaiseIfError` from here
Oct 06 11:34:43 nimbus-eth1-mainnet-short-benchmark[1587620]: /data/status-im/nimbus-eth1/execution_chain/sync/wire_protocol/eth/eth_broadcast.nim(651, 22) Warning: Use `race` instead; one is deprecated [Deprecated]
Oct 06 11:34:43 nimbus-eth1-mainnet-short-benchmark[1587620]: /data/status-im/nimbus-eth1/execution_chain/sync/wire_protocol/eth/eth_broadcast.nim(641, 38) template/generic instantiation of `async` from here
Oct 06 11:34:43 nimbus-eth1-mainnet-short-benchmark[1587620]: /data/status-im/nimbus-eth1/execution_chain/sync/wire_protocol/eth/eth_broadcast.nim(651, 19) Warning: Use `race` instead; one is deprecated [Deprecated]
Oct 06 11:34:47 nimbus-eth1-mainnet-short-benchmark[1587620]: @["Unknown constants in file: ", "GAS_LIMIT_SCHEDULE", "GAS_LIMIT", "- EPOCH", "    GAS_LIMIT"]
Oct 06 11:34:47 nimbus-eth1-mainnet-short-benchmark[1587620]: @["Unknown constants in file: ", "GAS_LIMIT_SCHEDULE", "GAS_LIMIT", "- EPOCH", "    GAS_LIMIT"]
Oct 06 11:36:43 nimbus-eth1-mainnet-short-benchmark[1587502]: Build completed successfully: build/nimbus_execution_client
Oct 06 11:36:43 nimbus-eth1-mainnet-short-benchmark[1564107]: >>> renaming binaries to match commit they were built from
Oct 06 11:36:43 nimbus-eth1-mainnet-short-benchmark[1564107]: >>> creating a symbolic link to the latest version
Oct 06 11:36:43 nimbus-eth1-mainnet-short-benchmark[1564107]: >>> deleting copies that are older than N days
Oct 06 11:36:43 nimbus-eth1-mainnet-short-benchmark[1564107]: <<< ending buildBinaries (success)
Oct 06 11:36:43 nimbus-eth1-mainnet-short-benchmark[1564107]: >>> starting skipOrContinueBenchmark
Oct 06 11:36:43 nimbus-eth1-mainnet-short-benchmark[1564107]: <<< ending skipOrContinueBenchmark (success)
Oct 06 11:36:43 nimbus-eth1-mainnet-short-benchmark[1564107]: >>> starting copyTemplateDatabase
Oct 06 11:36:43 nimbus-eth1-mainnet-short-benchmark[1564107]: >>> Copying template db into nimbus data directory
Oct 06 11:39:54 nimbus-eth1-mainnet-short-benchmark[1564107]: >>> Template db copied
Oct 06 11:39:54 nimbus-eth1-mainnet-short-benchmark[1564107]: >>> making nimbus the owner of the copied files
Oct 06 11:39:54 nimbus-eth1-mainnet-short-benchmark[1564107]: <<< ending copyTemplateDatabase (success)
Oct 06 11:39:54 nimbus-eth1-mainnet-short-benchmark[1564107]: >>> starting startNimbusWithImport
Oct 06 11:39:54 nimbus-eth1-mainnet-short-benchmark[1593211]: INF 2026-10-06 11:39:54.866+00:00 Launching execution client                 version=v0.4.2-f34bed59 config="(configFile: none(InputFile), dataDirFlag: some(/data/status-im/nimbus-eth1/data/shared_mainnet_0), era1DirFlag: some(/data/era1), eraDirFlag: some(/data/era), ereDirFlag: none(OutDir), keyStoreDirFlag: none(OutDir), importKey: , trustedSetupFile: none(string), extraData: Nimbus/v0.4.2-f34bed59, gasLimit: none(uint64), maxBlobs: none(byte), network: [mainnet], logLevel: INFO, logFormat: auto, metricsEnabled: false, metricsPort: 9093, metricsAddress: 127.0.0.1, bootstrapNodes: [], elBootstrapNodes: [], bootstrapFile: , elBootstrapFile: , staticPeers: [], staticPeersFile: , reconnectMaxRetry: 0, reconnectInterval: 15, listenAddress: ::, tcpPort: 30303, udpPortFlag: none(Port), maxPeersOpt: none(int), elMaxPeersOpt: none(int), nat: (hasExtIp: false, nat: NatAny), discv5: true, netKey: random, agentString: Nimbus/v0.4.2-f34bed59/linux-amd64/Nim-2.2.12, numThreads: 0, persistBatchSize: 4, dynamicBatchSize: false, rocksdbMaxOpenFiles: 2048, rocksdbWriteBufferSize: 67108864, rocksdbRowCacheSize: 0, rocksdbBlockCacheSize: 2147483648, rocksdbBlockCacheType: hyperclock, rdbVtxCacheSize: 684720128, rdbKeyCacheSize: 1342177280, rdbBranchCacheSize: 1395654656, accLeafCacheSize: 1310720, stoLeafCacheSize: 1441792, rdbPrintStats: false, rewriteDatadirId: true, aristoDbMaxSnapshots: 5, debugParallel: none(bool), parallelStateRootComputationFlag: false, parallelSenderRecoveryFlag: true, optimisticStatePrefetchFlag: false, balStatePrefetchFlag: false, balStatePrefetchWorkers: 0, balParallelExecutionFlag: false, balPruning: true, eagerStateRootCheck: false, deserializeFcState: true, statelessProvider: false, statelessWitnessValidation: false, cmd: import, maxBlocks: 1000000, chunkSize: 8192, csvStats: some("/data/host-benchmarks/short/22358995abb0433daabf21ebb3024325/blocks-import-benchmark.csv"), validation: false, fullValidation: false, storeBodies: false, storeReceipts: false, storeSlotHashes: false)"
Oct 06 11:39:54 nimbus-eth1-mainnet-short-benchmark[1593211]: WRN 2026-10-06 11:39:54.870+00:00 Data directory has insecure permissions. Correcting them. data_dir=/data/status-im/nimbus-eth1/data/shared_mainnet_0 current_permissions=0755 required_permissions=0700
Oct 06 11:39:56 nimbus-eth1-mainnet-short-benchmark[1593211]: INF 2026-10-06 11:39:56.702+00:00 Taskpool started                           numThreads=16
Oct 06 11:39:56 nimbus-eth1-mainnet-short-benchmark[1593211]: CreateIOUring failed: Invalid argument (errno=22), thread=139963290025216
Oct 06 11:39:56 nimbus-eth1-mainnet-short-benchmark[1593211]: INF 2026-10-06 11:39:56.858+00:00 Database initialized                       base="(0xd24fd73f794058a3807db926d8898c6481e902b7edb91ce0d479d6760f276183, 20000000)" finalized="(0xd24fd73f794058a3807db926d8898c6481e902b7edb91ce0d479d6760f276183, 20000000)" head="(0xd4e56740f876aef8c010b86a40d5f56745a118d0906a34e69aec8c0db1cb8fa3, 0)" startOfHistory=0
Oct 06 11:39:56 nimbus-eth1-mainnet-short-benchmark[1593211]: NTC 2026-10-06 11:39:56.858+00:00 Could not open ere database, falling back to era1/era import ereDir=/data/status-im/nimbus-eth1/data/shared_mainnet_0/ere networkName=mainnet error="No ere files found in /data/status-im/nimbus-eth1/data/shared_mainnet_0/ere"
Oct 06 11:39:56 nimbus-eth1-mainnet-short-benchmark[1593211]: NTC 2026-10-06 11:39:56.858+00:00 Importing era archive                      blockNumber=20000001 dataDir=/data/status-im/nimbus-eth1/data/shared_mainnet_0 eraDir=/data/era
Oct 06 11:39:59 nimbus-eth1-mainnet-short-benchmark[1593211]: NTC 2026-10-06 11:39:59.050+00:00 Matched block to slot number               blockNumber=20000001 slot=9204783
Oct 06 11:46:09 nimbus-eth1-mainnet-short-benchmark[1593211]: INF 2026-10-06 11:46:09.217+00:00 Imported blocks                            blockNumber=20008193 slot=9213020 blocks=8192 txs=1226966 mgas=124237 bps=22.00 tps=3295 mgps=333.6 avgBps=22.00 avgTps=3295 avgMGps=333.6 elapsed=6m12s362ms
Oct 06 11:51:32 nimbus-eth1-mainnet-short-benchmark[1593211]: INF 2026-10-06 11:51:32.920+00:00 Imported blocks                            blockNumber=20016385 slot=9221256 blocks=16384 txs=2540380 mgas=248071 bps=25.31 tps=4057 mgps=382.6 avgBps=23.54 avgTps=3649 avgMGps=356.4 elapsed=11m36s65ms
Oct 06 11:56:40 nimbus-eth1-mainnet-short-benchmark[1593211]: INF 2026-10-06 11:56:40.932+00:00 Imported blocks                            blockNumber=20024577 slot=9229485 blocks=24576 txs=3869398 mgas=372018 bps=26.60 tps=4314 mgps=402.4 avgBps=24.48 avgTps=3853 avgMGps=370.5 elapsed=16m44s73ms
Oct 06 12:01:19 nimbus-eth1-mainnet-short-benchmark[1593211]: INF 2026-10-06 12:01:19.244+00:00 Imported blocks                            blockNumber=20032769 slot=9237722 blocks=32768 txs=5222766 mgas=495797 bps=29.43 tps=4862 mgps=444.7 avgBps=25.55 avgTps=4072 avgMGps=386.6 elapsed=21m22s385ms
Oct 06 12:05:44 nimbus-eth1-mainnet-short-benchmark[1593211]: INF 2026-10-06 12:05:44.568+00:00 Imported blocks                            blockNumber=20040961 slot=9245957 blocks=40960 txs=6566802 mgas=619586 bps=30.87 tps=5065 mgps=466.5 avgBps=26.46 avgTps=4242 avgMGps=400.3 elapsed=25m47s714ms
Oct 06 12:10:32 nimbus-eth1-mainnet-short-benchmark[1593211]: INF 2026-10-06 12:10:32.312+00:00 Imported blocks                            blockNumber=20049153 slot=9254196 blocks=49152 txs=7904746 mgas=743522 bps=28.47 tps=4649 mgps=430.7 avgBps=26.78 avgTps=4306 avgMGps=405.1 elapsed=30m35s458ms
Oct 06 12:15:12 nimbus-eth1-mainnet-short-benchmark[1593211]: INF 2026-10-06 12:15:12.352+00:00 Imported blocks                            blockNumber=20057345 slot=9262435 blocks=57344 txs=9212009 mgas=867360 bps=29.25 tps=4668 mgps=442.2 avgBps=27.11 avgTps=4354 avgMGps=410.0 elapsed=35m15s496ms
Oct 06 12:19:28 nimbus-eth1-mainnet-short-benchmark[1593211]: INF 2026-10-06 12:19:28.477+00:00 Imported blocks                            blockNumber=20065537 slot=9270674 blocks=65536 txs=10559018 mgas=991371 bps=31.98 tps=5259 mgps=484.2 avgBps=27.63 avgTps=4452 avgMGps=418.0 elapsed=39m31s622ms
Oct 06 12:23:31 nimbus-eth1-mainnet-short-benchmark[1593211]: INF 2026-10-06 12:23:31.477+00:00 Imported blocks                            blockNumber=20073729 slot=9278910 blocks=73728 txs=11898676 mgas=1115111 bps=33.71 tps=5512 mgps=509.2 avgBps=28.20 avgTps=4550 avgMGps=426.5 elapsed=43m34s622ms
Oct 06 12:27:28 nimbus-eth1-mainnet-short-benchmark[1593211]: INF 2026-10-06 12:27:28.626+00:00 Imported blocks                            blockNumber=20081921 slot=9287152 blocks=81920 txs=13323263 mgas=1239150 bps=34.54 tps=6007 mgps=523.0 avgBps=28.73 avgTps=4671 avgMGps=434.5 elapsed=47m31s770ms
Oct 06 12:31:21 nimbus-eth1-mainnet-short-benchmark[1593211]: INF 2026-10-06 12:31:21.318+00:00 Imported blocks                            blockNumber=20090113 slot=9295408 blocks=90112 txs=14697082 mgas=1363113 bps=35.21 tps=5904 mgps=532.7 avgBps=29.21 avgTps=4764 avgMGps=441.9 elapsed=51m24s462ms
Oct 06 12:35:29 nimbus-eth1-mainnet-short-benchmark[1593211]: INF 2026-10-06 12:35:29.863+00:00 Imported blocks                            blockNumber=20098305 slot=9303658 blocks=98304 txs=16025683 mgas=1487146 bps=32.96 tps=5345 mgps=499.0 avgBps=29.49 avgTps=4808 avgMGps=446.2 elapsed=55m33s7ms
Oct 06 12:39:49 nimbus-eth1-mainnet-short-benchmark[1593211]: INF 2026-10-06 12:39:49.511+00:00 Imported blocks                            blockNumber=20106497 slot=9311895 blocks=106496 txs=17337157 mgas=1611066 bps=31.55 tps=5051 mgps=477.3 avgBps=29.64 avgTps=4825 avgMGps=448.4 elapsed=59m52s652ms
Oct 06 12:43:53 nimbus-eth1-mainnet-short-benchmark[1593211]: INF 2026-10-06 12:43:53.820+00:00 Imported blocks                            blockNumber=20114689 slot=9320146 blocks=114688 txs=18632097 mgas=1735123 bps=33.53 tps=5300 mgps=507.8 avgBps=29.89 avgTps=4855 avgMGps=452.2 elapsed=1h3m56s
Oct 06 12:47:45 nimbus-eth1-mainnet-short-benchmark[1593211]: INF 2026-10-06 12:47:45.556+00:00 Imported blocks                            blockNumber=20122881 slot=9328409 blocks=122880 txs=19937418 mgas=1859249 bps=35.35 tps=5632 mgps=535.6 avgBps=30.20 avgTps=4900 avgMGps=457.0 elapsed=1h7m48s
Oct 06 12:51:33 nimbus-eth1-mainnet-short-benchmark[1593211]: INF 2026-10-06 12:51:33.361+00:00 Imported blocks                            blockNumber=20131073 slot=9336660 blocks=131072 txs=21214129 mgas=1983500 bps=35.96 tps=5604 mgps=545.4 avgBps=30.51 avgTps=4937 avgMGps=461.7 elapsed=1h11m36s
Oct 06 12:55:21 nimbus-eth1-mainnet-short-benchmark[1593211]: INF 2026-10-06 12:55:21.618+00:00 Imported blocks                            blockNumber=20139265 slot=9344906 blocks=139264 txs=22579079 mgas=2107571 bps=35.89 tps=5979 mgps=543.6 avgBps=30.78 avgTps=4990 avgMGps=465.8 elapsed=1h15m24s
Oct 06 12:59:55 nimbus-eth1-mainnet-short-benchmark[1593211]: INF 2026-10-06 12:59:55.514+00:00 Imported blocks                            blockNumber=20147457 slot=9353153 blocks=147456 txs=24133322 mgas=2231686 bps=29.91 tps=5674 mgps=453.1 avgBps=30.73 avgTps=5029 avgMGps=465.1 elapsed=1h19m58s
Oct 06 13:04:16 nimbus-eth1-mainnet-short-benchmark[1593211]: INF 2026-10-06 13:04:16.294+00:00 Imported blocks                            blockNumber=20155649 slot=9361407 blocks=155648 txs=25424015 mgas=2356018 bps=31.41 tps=4949 mgps=476.8 avgBps=30.76 avgTps=5025 avgMGps=465.7 elapsed=1h24m19s
Oct 06 13:08:18 nimbus-eth1-mainnet-short-benchmark[1593211]: INF 2026-10-06 13:08:18.727+00:00 Imported blocks                            blockNumber=20163841 slot=9369652 blocks=163840 txs=26749549 mgas=2480207 bps=33.79 tps=5467 mgps=512.3 avgBps=30.90 avgTps=5045 avgMGps=467.8 elapsed=1h28m21s
Oct 06 13:12:14 nimbus-eth1-mainnet-short-benchmark[1593211]: INF 2026-10-06 13:12:14.155+00:00 Imported blocks                            blockNumber=20172033 slot=9377892 blocks=172032 txs=28105316 mgas=2604026 bps=34.80 tps=5758 mgps=525.9 avgBps=31.07 avgTps=5075 avgMGps=470.3 elapsed=1h32m17s
Oct 06 13:16:17 nimbus-eth1-mainnet-short-benchmark[1593211]: INF 2026-10-06 13:16:17.232+00:00 Imported blocks                            blockNumber=20180225 slot=9386128 blocks=180224 txs=29524405 mgas=2728170 bps=33.70 tps=5838 mgps=510.7 avgBps=31.18 avgTps=5107 avgMGps=472.0 elapsed=1h36m20s
Oct 06 13:20:01 nimbus-eth1-mainnet-short-benchmark[1593211]: INF 2026-10-06 13:20:01.489+00:00 Imported blocks                            blockNumber=20188417 slot=9394365 blocks=188416 txs=30849021 mgas=2852023 bps=36.53 tps=5906 mgps=552.3 avgBps=31.38 avgTps=5137 avgMGps=475.0 elapsed=1h40m4s
Oct 06 13:24:14 nimbus-eth1-mainnet-short-benchmark[1593211]: INF 2026-10-06 13:24:14.017+00:00 Imported blocks                            blockNumber=20196609 slot=9402602 blocks=196608 txs=32174755 mgas=2976155 bps=32.44 tps=5249 mgps=491.6 avgBps=31.42 avgTps=5142 avgMGps=475.6 elapsed=1h44m17s
Oct 06 13:28:35 nimbus-eth1-mainnet-short-benchmark[1593211]: INF 2026-10-06 13:28:35.617+00:00 Imported blocks                            blockNumber=20204801 slot=9410840 blocks=204800 txs=33475942 mgas=3100410 bps=31.32 tps=4973 mgps=475.0 avgBps=31.42 avgTps=5135 avgMGps=475.6 elapsed=1h48m38s
Oct 06 13:32:37 nimbus-eth1-mainnet-short-benchmark[1593211]: INF 2026-10-06 13:32:37.170+00:00 Imported blocks                            blockNumber=20212993 slot=9419071 blocks=212992 txs=34798508 mgas=3224370 bps=33.91 tps=5475 mgps=513.2 avgBps=31.51 avgTps=5147 avgMGps=477.0 elapsed=1h52m40s
Oct 06 13:36:31 nimbus-eth1-mainnet-short-benchmark[1593211]: INF 2026-10-06 13:36:31.631+00:00 Imported blocks                            blockNumber=20221185 slot=9427313 blocks=221184 txs=36114045 mgas=3348169 bps=34.94 tps=5610 mgps=528.0 avgBps=31.62 avgTps=5163 avgMGps=478.7 elapsed=1h56m34s
Oct 06 13:40:07 nimbus-eth1-mainnet-short-benchmark[1593211]: INF 2026-10-06 13:40:07.460+00:00 Imported blocks                            blockNumber=20229377 slot=9435549 blocks=229376 txs=37421794 mgas=3472031 bps=37.96 tps=6059 mgps=573.9 avgBps=31.81 avgTps=5189 avgMGps=481.5 elapsed=2h10s602ms
Oct 06 13:43:52 nimbus-eth1-mainnet-short-benchmark[1593211]: INF 2026-10-06 13:43:52.712+00:00 Imported blocks                            blockNumber=20237569 slot=9443788 blocks=237568 txs=38842064 mgas=3596351 bps=36.37 tps=6305 mgps=551.9 avgBps=31.95 avgTps=5223 avgMGps=483.6 elapsed=2h3m55s
Oct 06 13:47:57 nimbus-eth1-mainnet-short-benchmark[1593211]: INF 2026-10-06 13:47:57.625+00:00 Imported blocks                            blockNumber=20245761 slot=9452021 blocks=245760 txs=40225739 mgas=3720100 bps=33.45 tps=5649 mgps=505.3 avgBps=32.00 avgTps=5237 avgMGps=484.3 elapsed=2h8m770ms
Oct 06 13:52:15 nimbus-eth1-mainnet-short-benchmark[1593211]: INF 2026-10-06 13:52:15.805+00:00 Imported blocks                            blockNumber=20253953 slot=9460253 blocks=253952 txs=41454921 mgas=3844385 bps=31.73 tps=4760 mgps=481.4 avgBps=31.99 avgTps=5221 avgMGps=484.2 elapsed=2h12m18s
Oct 06 13:56:21 nimbus-eth1-mainnet-short-benchmark[1593211]: INF 2026-10-06 13:56:21.246+00:00 Imported blocks                            blockNumber=20262145 slot=9468495 blocks=262144 txs=42726051 mgas=3968623 bps=33.38 tps=5178 mgps=506.2 avgBps=32.03 avgTps=5220 avgMGps=484.9 elapsed=2h16m24s
Oct 06 14:00:12 nimbus-eth1-mainnet-short-benchmark[1593211]: INF 2026-10-06 14:00:12.670+00:00 Imported blocks                            blockNumber=20270337 slot=9476748 blocks=270336 txs=44050436 mgas=4092682 bps=35.40 tps=5722 mgps=536.1 avgBps=32.12 avgTps=5234 avgMGps=486.3 elapsed=2h20m15s
Oct 06 14:03:47 nimbus-eth1-mainnet-short-benchmark[1593211]: INF 2026-10-06 14:03:47.663+00:00 Imported blocks                            blockNumber=20278529 slot=9484981 blocks=278528 txs=45382368 mgas=4216487 bps=38.10 tps=6195 mgps=575.9 avgBps=32.27 avgTps=5258 avgMGps=488.5 elapsed=2h23m50s
Oct 06 14:07:26 nimbus-eth1-mainnet-short-benchmark[1593211]: INF 2026-10-06 14:07:26.188+00:00 Imported blocks                            blockNumber=20286721 slot=9493213 blocks=286720 txs=46733429 mgas=4340363 bps=37.49 tps=6182 mgps=566.9 avgBps=32.40 avgTps=5281 avgMGps=490.5 elapsed=2h27m29s
Oct 06 14:11:27 nimbus-eth1-mainnet-short-benchmark[1593211]: INF 2026-10-06 14:11:27.465+00:00 Imported blocks                            blockNumber=20294913 slot=9501453 blocks=294912 txs=48075887 mgas=4464376 bps=33.95 tps=5564 mgps=514.0 avgBps=32.44 avgTps=5288 avgMGps=491.1 elapsed=2h31m30s
Oct 06 14:15:25 nimbus-eth1-mainnet-short-benchmark[1593211]: INF 2026-10-06 14:15:25.042+00:00 Imported blocks                            blockNumber=20303105 slot=9509696 blocks=303104 txs=49379538 mgas=4588534 bps=34.48 tps=5487 mgps=522.6 avgBps=32.49 avgTps=5293 avgMGps=491.9 elapsed=2h35m28s
Oct 06 14:19:15 nimbus-eth1-mainnet-short-benchmark[1593211]: INF 2026-10-06 14:19:15.298+00:00 Imported blocks                            blockNumber=20311297 slot=9517922 blocks=311296 txs=50637672 mgas=4712596 bps=35.58 tps=5464 mgps=538.8 avgBps=32.57 avgTps=5297 avgMGps=493.0 elapsed=2h39m18s
Oct 06 14:22:55 nimbus-eth1-mainnet-short-benchmark[1593211]: INF 2026-10-06 14:22:55.795+00:00 Imported blocks                            blockNumber=20319489 slot=9526159 blocks=319488 txs=51981692 mgas=4836521 bps=37.15 tps=6095 mgps=562.0 avgBps=32.67 avgTps=5315 avgMGps=494.6 elapsed=2h42m58s
Oct 06 14:26:18 nimbus-eth1-mainnet-short-benchmark[1593211]: INF 2026-10-06 14:26:18.212+00:00 Imported blocks                            blockNumber=20327681 slot=9534381 blocks=327680 txs=53356123 mgas=4960245 bps=40.47 tps=6789 mgps=611.2 avgBps=32.83 avgTps=5345 avgMGps=497.0 elapsed=2h46m21s
Oct 06 14:29:39 nimbus-eth1-mainnet-short-benchmark[1593211]: INF 2026-10-06 14:29:39.521+00:00 Imported blocks                            blockNumber=20335873 slot=9542617 blocks=335872 txs=54719105 mgas=5084025 bps=40.69 tps=6770 mgps=614.9 avgBps=32.98 avgTps=5373 avgMGps=499.3 elapsed=2h49m42s
Oct 06 14:33:20 nimbus-eth1-mainnet-short-benchmark[1593211]: INF 2026-10-06 14:33:20.230+00:00 Imported blocks                            blockNumber=20344065 slot=9550841 blocks=344064 txs=56021853 mgas=5207843 bps=37.12 tps=5902 mgps=561.0 avgBps=33.07 avgTps=5384 avgMGps=500.6 elapsed=2h53m23s
Oct 06 14:37:33 nimbus-eth1-mainnet-short-benchmark[1593211]: INF 2026-10-06 14:37:33.595+00:00 Imported blocks                            blockNumber=20352257 slot=9559072 blocks=352256 txs=57290408 mgas=5332016 bps=32.33 tps=5006 mgps=490.1 avgBps=33.05 avgTps=5375 avgMGps=500.3 elapsed=2h57m36s
Oct 06 14:41:24 nimbus-eth1-mainnet-short-benchmark[1593211]: INF 2026-10-06 14:41:24.727+00:00 Imported blocks                            blockNumber=20360449 slot=9567308 blocks=360448 txs=58543463 mgas=5456201 bps=35.44 tps=5421 mgps=537.3 avgBps=33.11 avgTps=5376 avgMGps=501.1 elapsed=3h1m27s
Oct 06 14:45:05 nimbus-eth1-mainnet-short-benchmark[1593211]: INF 2026-10-06 14:45:05.680+00:00 Imported blocks                            blockNumber=20368641 slot=9575548 blocks=368640 txs=59874056 mgas=5580204 bps=37.08 tps=6021 mgps=561.2 avgBps=33.18 avgTps=5389 avgMGps=502.3 elapsed=3h5m8s
Oct 06 14:48:56 nimbus-eth1-mainnet-short-benchmark[1593211]: INF 2026-10-06 14:48:56.377+00:00 Imported blocks                            blockNumber=20376833 slot=9583774 blocks=376832 txs=61167066 mgas=5704396 bps=35.51 tps=5604 mgps=538.3 avgBps=33.23 avgTps=5394 avgMGps=503.1 elapsed=3h8m59s
Oct 06 14:52:44 nimbus-eth1-mainnet-short-benchmark[1593211]: INF 2026-10-06 14:52:44.042+00:00 Imported blocks                            blockNumber=20385025 slot=9592009 blocks=385024 txs=62480333 mgas=5828235 bps=35.98 tps=5768 mgps=544.0 avgBps=33.29 avgTps=5401 avgMGps=503.9 elapsed=3h12m47s
Oct 06 14:56:28 nimbus-eth1-mainnet-short-benchmark[1593211]: INF 2026-10-06 14:56:28.235+00:00 Imported blocks                            blockNumber=20393217 slot=9600248 blocks=393216 txs=63800597 mgas=5952136 bps=36.54 tps=5888 mgps=552.7 avgBps=33.35 avgTps=5410 avgMGps=504.8 elapsed=3h16m31s
Oct 06 15:00:04 nimbus-eth1-mainnet-short-benchmark[1593211]: INF 2026-10-06 15:00:04.912+00:00 Imported blocks                            blockNumber=20401409 slot=9608486 blocks=401408 txs=65021243 mgas=6076384 bps=37.81 tps=5633 mgps=573.4 avgBps=33.43 avgTps=5414 avgMGps=506.0 elapsed=3h20m8s
Oct 06 15:03:55 nimbus-eth1-mainnet-short-benchmark[1593211]: INF 2026-10-06 15:03:55.848+00:00 Imported blocks                            blockNumber=20409601 slot=9616707 blocks=409600 txs=66199016 mgas=6200666 bps=35.47 tps=5099 mgps=538.2 avgBps=33.47 avgTps=5408 avgMGps=506.6 elapsed=3h23m58s
Oct 06 15:07:40 nimbus-eth1-mainnet-short-benchmark[1593211]: INF 2026-10-06 15:07:40.129+00:00 Imported blocks                            blockNumber=20417793 slot=9624941 blocks=417792 txs=67453930 mgas=6324823 bps=36.53 tps=5595 mgps=553.6 avgBps=33.52 avgTps=5412 avgMGps=507.5 elapsed=3h27m43s
Oct 06 15:10:57 nimbus-eth1-mainnet-short-benchmark[1593211]: INF 2026-10-06 15:10:57.066+00:00 Imported blocks                            blockNumber=20425985 slot=9633187 blocks=425984 txs=68814904 mgas=6448778 bps=41.60 tps=6910 mgps=629.4 avgBps=33.65 avgTps=5435 avgMGps=509.4 elapsed=3h31m210ms
Oct 06 15:14:13 nimbus-eth1-mainnet-short-benchmark[1593211]: INF 2026-10-06 15:14:13.111+00:00 Imported blocks                            blockNumber=20434177 slot=9641422 blocks=434176 txs=70124508 mgas=6572711 bps=41.79 tps=6680 mgps=632.2 avgBps=33.77 avgTps=5454 avgMGps=511.2 elapsed=3h34m16s
Oct 06 15:17:39 nimbus-eth1-mainnet-short-benchmark[1593211]: INF 2026-10-06 15:17:39.325+00:00 Imported blocks                            blockNumber=20442369 slot=9649657 blocks=442368 txs=71403576 mgas=6696451 bps=39.73 tps=6202 mgps=600.1 avgBps=33.87 avgTps=5466 avgMGps=512.6 elapsed=3h37m42s
Oct 06 15:21:26 nimbus-eth1-mainnet-short-benchmark[1593211]: INF 2026-10-06 15:21:26.369+00:00 Imported blocks                            blockNumber=20450561 slot=9657896 blocks=450560 txs=72659905 mgas=6820521 bps=36.08 tps=5533 mgps=546.5 avgBps=33.90 avgTps=5467 avgMGps=513.2 elapsed=3h41m29s
Oct 06 15:25:34 nimbus-eth1-mainnet-short-benchmark[1593211]: INF 2026-10-06 15:25:34.190+00:00 Imported blocks                            blockNumber=20458753 slot=9666114 blocks=458752 txs=73838533 mgas=6945116 bps=33.06 tps=4756 mgps=502.8 avgBps=33.89 avgTps=5454 avgMGps=513.0 elapsed=3h45m37s
Oct 06 15:29:17 nimbus-eth1-mainnet-short-benchmark[1593211]: INF 2026-10-06 15:29:17.703+00:00 Imported blocks                            blockNumber=20466945 slot=9674343 blocks=466944 txs=75124748 mgas=7068943 bps=36.65 tps=5754 mgps=554.0 avgBps=33.93 avgTps=5459 avgMGps=513.7 elapsed=3h49m20s
Oct 06 15:33:00 nimbus-eth1-mainnet-short-benchmark[1593211]: INF 2026-10-06 15:33:00.691+00:00 Imported blocks                            blockNumber=20475137 slot=9682575 blocks=475136 txs=76420106 mgas=7192870 bps=36.74 tps=5809 mgps=555.8 avgBps=33.98 avgTps=5464 avgMGps=514.4 elapsed=3h53m3s
Oct 06 15:36:32 nimbus-eth1-mainnet-short-benchmark[1593211]: INF 2026-10-06 15:36:32.976+00:00 Imported blocks                            blockNumber=20483329 slot=9690800 blocks=483328 txs=77675422 mgas=7316939 bps=38.59 tps=5913 mgps=584.4 avgBps=34.05 avgTps=5471 avgMGps=515.4 elapsed=3h56m36s
Oct 06 15:40:02 nimbus-eth1-mainnet-short-benchmark[1593211]: INF 2026-10-06 15:40:02.829+00:00 Imported blocks                            blockNumber=20491521 slot=9699019 blocks=491520 txs=78951232 mgas=7440784 bps=39.04 tps=6079 mgps=590.2 avgBps=34.12 avgTps=5480 avgMGps=516.5 elapsed=4h5s971ms
Oct 06 15:43:47 nimbus-eth1-mainnet-short-benchmark[1593211]: INF 2026-10-06 15:43:47.766+00:00 Imported blocks                            blockNumber=20499713 slot=9707248 blocks=499712 txs=80189642 mgas=7564669 bps=36.42 tps=5505 mgps=550.8 avgBps=34.15 avgTps=5480 avgMGps=517.0 elapsed=4h3m50s
Oct 06 15:47:39 nimbus-eth1-mainnet-short-benchmark[1593211]: INF 2026-10-06 15:47:39.211+00:00 Imported blocks                            blockNumber=20507905 slot=9715488 blocks=507904 txs=81317763 mgas=7689208 bps=35.40 tps=4874 mgps=538.1 avgBps=34.17 avgTps=5471 avgMGps=517.4 elapsed=4h7m42s
Oct 06 15:51:02 nimbus-eth1-mainnet-short-benchmark[1593211]: INF 2026-10-06 15:51:02.856+00:00 Imported blocks                            blockNumber=20516097 slot=9723715 blocks=516096 txs=82520262 mgas=7813209 bps=40.23 tps=5904 mgps=608.9 avgBps=34.26 avgTps=5477 avgMGps=518.6 elapsed=4h11m5s
Oct 06 15:54:39 nimbus-eth1-mainnet-short-benchmark[1593211]: INF 2026-10-06 15:54:39.769+00:00 Imported blocks                            blockNumber=20524289 slot=9731945 blocks=524288 txs=83780075 mgas=7937233 bps=37.77 tps=5807 mgps=571.8 avgBps=34.31 avgTps=5481 avgMGps=519.4 elapsed=4h14m42s
Oct 06 15:58:21 nimbus-eth1-mainnet-short-benchmark[1593211]: INF 2026-10-06 15:58:21.202+00:00 Imported blocks                            blockNumber=20532481 slot=9740183 blocks=532480 txs=85263862 mgas=8061024 bps=37.00 tps=6700 mgps=559.0 avgBps=34.34 avgTps=5499 avgMGps=519.9 elapsed=4h18m24s
Oct 06 16:02:08 nimbus-eth1-mainnet-short-benchmark[1593211]: INF 2026-10-06 16:02:08.275+00:00 Imported blocks                            blockNumber=20540673 slot=9748418 blocks=540672 txs=86612143 mgas=8185090 bps=36.08 tps=5937 mgps=546.4 avgBps=34.37 avgTps=5505 avgMGps=520.3 elapsed=4h22m11s
Oct 06 16:06:05 nimbus-eth1-mainnet-short-benchmark[1593211]: INF 2026-10-06 16:06:05.351+00:00 Imported blocks                            blockNumber=20548865 slot=9756662 blocks=548864 txs=87802991 mgas=8309513 bps=34.55 tps=5023 mgps=524.8 avgBps=34.37 avgTps=5498 avgMGps=520.4 elapsed=4h26m8s
Oct 06 16:09:56 nimbus-eth1-mainnet-short-benchmark[1593211]: INF 2026-10-06 16:09:56.392+00:00 Imported blocks                            blockNumber=20557057 slot=9764892 blocks=557056 txs=88964987 mgas=8433956 bps=35.46 tps=5029 mgps=538.6 avgBps=34.39 avgTps=5491 avgMGps=520.6 elapsed=4h29m59s
Oct 06 16:13:35 nimbus-eth1-mainnet-short-benchmark[1593211]: INF 2026-10-06 16:13:35.309+00:00 Imported blocks                            blockNumber=20565249 slot=9773131 blocks=565248 txs=90186094 mgas=8558113 bps=37.42 tps=5577 mgps=567.1 avgBps=34.43 avgTps=5492 avgMGps=521.2 elapsed=4h33m38s
Oct 06 16:17:17 nimbus-eth1-mainnet-short-benchmark[1593211]: INF 2026-10-06 16:17:17.626+00:00 Imported blocks                            blockNumber=20573441 slot=9781369 blocks=573440 txs=91404654 mgas=8682228 bps=36.85 tps=5481 mgps=558.3 avgBps=34.46 avgTps=5492 avgMGps=521.7 elapsed=4h37m20s
Oct 06 16:20:53 nimbus-eth1-mainnet-short-benchmark[1593211]: INF 2026-10-06 16:20:53.619+00:00 Imported blocks                            blockNumber=20581633 slot=9789611 blocks=581632 txs=92628389 mgas=8806651 bps=37.93 tps=5665 mgps=576.1 avgBps=34.50 avgTps=5495 avgMGps=522.4 elapsed=4h40m56s
Oct 06 16:24:39 nimbus-eth1-mainnet-short-benchmark[1593211]: INF 2026-10-06 16:24:39.363+00:00 Imported blocks                            blockNumber=20589825 slot=9797855 blocks=589824 txs=93887208 mgas=8931023 bps=36.29 tps=5576 mgps=550.9 avgBps=34.53 avgTps=5496 avgMGps=522.8 elapsed=4h44m42s
Oct 06 16:28:28 nimbus-eth1-mainnet-short-benchmark[1593211]: INF 2026-10-06 16:28:28.020+00:00 Imported blocks                            blockNumber=20598017 slot=9806095 blocks=598016 txs=95163338 mgas=9055310 bps=35.83 tps=5580 mgps=543.6 avgBps=34.55 avgTps=5497 avgMGps=523.1 elapsed=4h48m31s
Oct 06 16:32:19 nimbus-eth1-mainnet-short-benchmark[1593211]: INF 2026-10-06 16:32:19.305+00:00 Imported blocks                            blockNumber=20606209 slot=9814347 blocks=606208 txs=96334664 mgas=9179976 bps=35.42 tps=5064 mgps=539.0 avgBps=34.56 avgTps=5491 avgMGps=523.3 elapsed=4h52m22s
Oct 06 16:35:59 nimbus-eth1-mainnet-short-benchmark[1593211]: INF 2026-10-06 16:35:59.698+00:00 Imported blocks                            blockNumber=20614401 slot=9822581 blocks=614400 txs=97573414 mgas=9304574 bps=37.17 tps=5620 mgps=565.3 avgBps=34.59 avgTps=5493 avgMGps=523.8 elapsed=4h56m2s
Oct 06 16:39:40 nimbus-eth1-mainnet-short-benchmark[1593211]: INF 2026-10-06 16:39:40.523+00:00 Imported blocks                            blockNumber=20622593 slot=9830821 blocks=622592 txs=98874772 mgas=9428835 bps=37.10 tps=5893 mgps=562.7 avgBps=34.62 avgTps=5498 avgMGps=524.3 elapsed=4h59m43s
Oct 06 16:43:13 nimbus-eth1-mainnet-short-benchmark[1593211]: INF 2026-10-06 16:43:13.679+00:00 Imported blocks                            blockNumber=20630785 slot=9839058 blocks=630784 txs=100178707 mgas=9553009 bps=38.43 tps=6117 mgps=582.6 avgBps=34.66 avgTps=5505 avgMGps=525.0 elapsed=5h3m16s
Oct 06 16:46:59 nimbus-eth1-mainnet-short-benchmark[1593211]: INF 2026-10-06 16:46:59.276+00:00 Imported blocks                            blockNumber=20638977 slot=9847313 blocks=638976 txs=101489116 mgas=9677171 bps=36.31 tps=5808 mgps=550.4 avgBps=34.68 avgTps=5508 avgMGps=525.3 elapsed=5h7m2s
Oct 06 16:50:39 nimbus-eth1-mainnet-short-benchmark[1593211]: INF 2026-10-06 16:50:39.693+00:00 Imported blocks                            blockNumber=20647169 slot=9855549 blocks=647168 txs=102730058 mgas=9801643 bps=37.17 tps=5629 mgps=564.7 avgBps=34.71 avgTps=5510 avgMGps=525.8 elapsed=5h10m42s
Oct 06 16:54:35 nimbus-eth1-mainnet-short-benchmark[1593211]: INF 2026-10-06 16:54:35.854+00:00 Imported blocks                            blockNumber=20655361 slot=9863778 blocks=655360 txs=103868002 mgas=9926541 bps=34.69 tps=4818 mgps=528.9 avgBps=34.71 avgTps=5501 avgMGps=525.8 elapsed=5h14m38s
Oct 06 16:58:11 nimbus-eth1-mainnet-short-benchmark[1593211]: INF 2026-10-06 16:58:11.603+00:00 Imported blocks                            blockNumber=20663553 slot=9872013 blocks=663552 txs=105112198 mgas=10051274 bps=37.97 tps=5766 mgps=578.1 avgBps=34.75 avgTps=5504 avgMGps=526.4 elapsed=5h18m14s
Oct 06 17:01:35 nimbus-eth1-mainnet-short-benchmark[1593211]: INF 2026-10-06 17:01:35.940+00:00 Imported blocks                            blockNumber=20671745 slot=9880241 blocks=671744 txs=106395904 mgas=10175177 bps=40.09 tps=6282 mgps=606.4 avgBps=34.81 avgTps=5513 avgMGps=527.2 elapsed=5h21m39s
Oct 06 17:05:05 nimbus-eth1-mainnet-short-benchmark[1593211]: INF 2026-10-06 17:05:05.389+00:00 Imported blocks                            blockNumber=20679937 slot=9888471 blocks=679936 txs=107674271 mgas=10299404 bps=39.11 tps=6103 mgps=593.1 avgBps=34.85 avgTps=5519 avgMGps=527.9 elapsed=5h25m8s
Oct 06 17:08:27 nimbus-eth1-mainnet-short-benchmark[1593211]: INF 2026-10-06 17:08:27.286+00:00 Imported blocks                            blockNumber=20688129 slot=9896698 blocks=688128 txs=108938536 mgas=10423298 bps=40.58 tps=6262 mgps=613.7 avgBps=34.91 avgTps=5526 avgMGps=528.8 elapsed=5h28m30s
Oct 06 17:12:02 nimbus-eth1-mainnet-short-benchmark[1593211]: INF 2026-10-06 17:12:02.287+00:00 Imported blocks                            blockNumber=20696321 slot=9904930 blocks=696320 txs=110235786 mgas=10547469 bps=38.10 tps=6033 mgps=577.5 avgBps=34.95 avgTps=5532 avgMGps=529.3 elapsed=5h32m5s
Oct 06 17:15:54 nimbus-eth1-mainnet-short-benchmark[1593211]: INF 2026-10-06 17:15:54.204+00:00 Imported blocks                            blockNumber=20704513 slot=9913154 blocks=704512 txs=111483759 mgas=10671677 bps=35.32 tps=5381 mgps=535.6 avgBps=34.95 avgTps=5530 avgMGps=529.4 elapsed=5h35m57s
Oct 06 17:19:32 nimbus-eth1-mainnet-short-benchmark[1593211]: INF 2026-10-06 17:19:32.352+00:00 Imported blocks                            blockNumber=20712705 slot=9921388 blocks=712704 txs=112764170 mgas=10795980 bps=37.55 tps=5869 mgps=569.8 avgBps=34.98 avgTps=5534 avgMGps=529.9 elapsed=5h39m35s
Oct 06 17:22:54 nimbus-eth1-mainnet-short-benchmark[1593211]: INF 2026-10-06 17:22:54.338+00:00 Imported blocks                            blockNumber=20720897 slot=9929633 blocks=720896 txs=114110517 mgas=10919926 bps=40.56 tps=6665 mgps=613.6 avgBps=35.03 avgTps=5545 avgMGps=530.7 elapsed=5h42m57s
Oct 06 17:26:23 nimbus-eth1-mainnet-short-benchmark[1593211]: INF 2026-10-06 17:26:23.775+00:00 Imported blocks                            blockNumber=20729089 slot=9937869 blocks=729088 txs=115449431 mgas=11043768 bps=39.11 tps=6392 mgps=591.3 avgBps=35.07 avgTps=5553 avgMGps=531.3 elapsed=5h46m26s
Oct 06 17:29:43 nimbus-eth1-mainnet-short-benchmark[1593211]: INF 2026-10-06 17:29:43.984+00:00 Imported blocks                            blockNumber=20737281 slot=9946108 blocks=737280 txs=116784468 mgas=11167784 bps=40.92 tps=6668 mgps=619.4 avgBps=35.13 avgTps=5564 avgMGps=532.1 elapsed=5h49m47s
Oct 06 17:33:16 nimbus-eth1-mainnet-short-benchmark[1593211]: INF 2026-10-06 17:33:16.125+00:00 Imported blocks                            blockNumber=20745473 slot=9954342 blocks=745472 txs=118101003 mgas=11291742 bps=38.62 tps=6205 mgps=584.3 avgBps=35.16 avgTps=5570 avgMGps=532.6 elapsed=5h53m19s
Oct 06 17:37:07 nimbus-eth1-mainnet-short-benchmark[1593211]: INF 2026-10-06 17:37:07.201+00:00 Imported blocks                            blockNumber=20753665 slot=9962581 blocks=753664 txs=119337525 mgas=11415859 bps=35.45 tps=5351 mgps=537.1 avgBps=35.17 avgTps=5568 avgMGps=532.7 elapsed=5h57m10s
Oct 06 17:40:43 nimbus-eth1-mainnet-short-benchmark[1593211]: INF 2026-10-06 17:40:43.454+00:00 Imported blocks                            blockNumber=20761857 slot=9970803 blocks=761856 txs=120564314 mgas=11540225 bps=37.88 tps=5673 mgps=575.1 avgBps=35.20 avgTps=5569 avgMGps=533.1 elapsed=6h46s595ms
Oct 06 17:44:06 nimbus-eth1-mainnet-short-benchmark[1593211]: INF 2026-10-06 17:44:06.323+00:00 Imported blocks                            blockNumber=20770049 slot=9979058 blocks=770048 txs=121858083 mgas=11663918 bps=40.38 tps=6377 mgps=609.7 avgBps=35.24 avgTps=5577 avgMGps=533.8 elapsed=6h4m9s
Oct 06 17:47:21 nimbus-eth1-mainnet-short-benchmark[1593211]: INF 2026-10-06 17:47:21.689+00:00 Imported blocks                            blockNumber=20778241 slot=9987307 blocks=778240 txs=123161734 mgas=11787906 bps=41.93 tps=6672 mgps=634.6 avgBps=35.30 avgTps=5586 avgMGps=534.7 elapsed=6h7m24s
Oct 06 17:50:29 nimbus-eth1-mainnet-short-benchmark[1593211]: INF 2026-10-06 17:50:29.646+00:00 Imported blocks                            blockNumber=20786433 slot=9995542 blocks=786432 txs=124509456 mgas=11911612 bps=43.58 tps=7170 mgps=658.2 avgBps=35.37 avgTps=5600 avgMGps=535.8 elapsed=6h10m32s
Oct 06 17:53:43 nimbus-eth1-mainnet-short-benchmark[1593211]: INF 2026-10-06 17:53:43.299+00:00 Imported blocks                            blockNumber=20794625 slot=10003781 blocks=794624 txs=125848921 mgas=12035338 bps=42.30 tps=6916 mgps=638.9 avgBps=35.43 avgTps=5611 avgMGps=536.7 elapsed=6h13m46s
Oct 06 17:57:03 nimbus-eth1-mainnet-short-benchmark[1593211]: INF 2026-10-06 17:57:03.236+00:00 Imported blocks                            blockNumber=20802817 slot=10012028 blocks=802816 txs=127089868 mgas=12158989 bps=40.97 tps=6206 mgps=618.4 avgBps=35.48 avgTps=5616 avgMGps=537.4 elapsed=6h17m6s
Oct 06 18:00:31 nimbus-eth1-mainnet-short-benchmark[1593211]: INF 2026-10-06 18:00:31.977+00:00 Imported blocks                            blockNumber=20811009 slot=10020249 blocks=811008 txs=128299762 mgas=12282850 bps=39.25 tps=5796 mgps=593.4 avgBps=35.52 avgTps=5618 avgMGps=537.9 elapsed=6h20m35s
Oct 06 18:03:45 nimbus-eth1-mainnet-short-benchmark[1593211]: INF 2026-10-06 18:03:45.447+00:00 Imported blocks                            blockNumber=20819201 slot=10028481 blocks=819200 txs=129596319 mgas=12406594 bps=42.34 tps=6701 mgps=639.6 avgBps=35.57 avgTps=5627 avgMGps=538.7 elapsed=6h23m48s
Oct 06 18:06:58 nimbus-eth1-mainnet-short-benchmark[1593211]: INF 2026-10-06 18:06:58.412+00:00 Imported blocks                            blockNumber=20827393 slot=10036710 blocks=827392 txs=130916729 mgas=12530249 bps=42.45 tps=6842 mgps=640.8 avgBps=35.63 avgTps=5637 avgMGps=539.6 elapsed=6h27m1s
Oct 06 18:10:13 nimbus-eth1-mainnet-short-benchmark[1593211]: INF 2026-10-06 18:10:13.777+00:00 Imported blocks                            blockNumber=20835585 slot=10044938 blocks=835584 txs=132226625 mgas=12654070 bps=41.93 tps=6704 mgps=633.8 avgBps=35.68 avgTps=5646 avgMGps=540.4 elapsed=6h30m16s
Oct 06 18:13:39 nimbus-eth1-mainnet-short-benchmark[1593211]: INF 2026-10-06 18:13:39.090+00:00 Imported blocks                            blockNumber=20843777 slot=10053164 blocks=843776 txs=133604192 mgas=12777730 bps=39.90 tps=6709 mgps=602.3 avgBps=35.72 avgTps=5655 avgMGps=540.9 elapsed=6h33m42s
Oct 06 18:17:36 nimbus-eth1-mainnet-short-benchmark[1593211]: INF 2026-10-06 18:17:36.483+00:00 Imported blocks                            blockNumber=20851969 slot=10061391 blocks=851968 txs=134900706 mgas=12901664 bps=34.51 tps=5461 mgps=522.1 avgBps=35.71 avgTps=5653 avgMGps=540.7 elapsed=6h37m39s
Oct 06 18:21:18 nimbus-eth1-mainnet-short-benchmark[1593211]: INF 2026-10-06 18:21:18.420+00:00 Imported blocks                            blockNumber=20860161 slot=10069622 blocks=860160 txs=136168750 mgas=13025603 bps=36.91 tps=5713 mgps=558.5 avgBps=35.72 avgTps=5654 avgMGps=540.9 elapsed=6h41m21s
Oct 06 18:24:57 nimbus-eth1-mainnet-short-benchmark[1593211]: INF 2026-10-06 18:24:57.676+00:00 Imported blocks                            blockNumber=20868353 slot=10077838 blocks=868352 txs=137550724 mgas=13149742 bps=37.36 tps=6302 mgps=566.2 avgBps=35.73 avgTps=5660 avgMGps=541.1 elapsed=6h45m823ms
Oct 06 18:28:33 nimbus-eth1-mainnet-short-benchmark[1593211]: INF 2026-10-06 18:28:33.649+00:00 Imported blocks                            blockNumber=20876545 slot=10086066 blocks=876544 txs=138954673 mgas=13273457 bps=37.93 tps=6500 mgps=572.8 avgBps=35.75 avgTps=5667 avgMGps=541.4 elapsed=6h48m36s
Oct 06 18:32:05 nimbus-eth1-mainnet-short-benchmark[1593211]: INF 2026-10-06 18:32:05.258+00:00 Imported blocks                            blockNumber=20884737 slot=10094286 blocks=884736 txs=140256178 mgas=13397479 bps=38.71 tps=6150 mgps=586.1 avgBps=35.78 avgTps=5671 avgMGps=541.8 elapsed=6h52m8s
Oct 06 18:35:28 nimbus-eth1-mainnet-short-benchmark[1593211]: INF 2026-10-06 18:35:28.591+00:00 Imported blocks                            blockNumber=20892929 slot=10102512 blocks=892928 txs=141581868 mgas=13521575 bps=40.29 tps=6519 mgps=610.3 avgBps=35.81 avgTps=5678 avgMGps=542.3 elapsed=6h55m31s
Oct 06 18:38:53 nimbus-eth1-mainnet-short-benchmark[1593211]: INF 2026-10-06 18:38:53.709+00:00 Imported blocks                            blockNumber=20901121 slot=10110732 blocks=901120 txs=142875889 mgas=13645572 bps=39.94 tps=6308 mgps=604.5 avgBps=35.85 avgTps=5683 avgMGps=542.9 elapsed=6h58m56s
Oct 06 18:42:18 nimbus-eth1-mainnet-short-benchmark[1593211]: INF 2026-10-06 18:42:18.214+00:00 Imported blocks                            blockNumber=20909313 slot=10118953 blocks=909312 txs=144102308 mgas=13769390 bps=40.06 tps=5996 mgps=605.4 avgBps=35.88 avgTps=5686 avgMGps=543.4 elapsed=7h2m21s
Oct 06 18:45:38 nimbus-eth1-mainnet-short-benchmark[1593211]: INF 2026-10-06 18:45:38.463+00:00 Imported blocks                            blockNumber=20917505 slot=10127176 blocks=917504 txs=145406349 mgas=13893087 bps=40.91 tps=6512 mgps=617.7 avgBps=35.92 avgTps=5692 avgMGps=543.9 elapsed=7h5m41s
Oct 06 18:48:48 nimbus-eth1-mainnet-short-benchmark[1593211]: INF 2026-10-06 18:48:48.348+00:00 Imported blocks                            blockNumber=20925697 slot=10135394 blocks=925696 txs=146718394 mgas=14016820 bps=43.14 tps=6909 mgps=651.6 avgBps=35.98 avgTps=5701 avgMGps=544.7 elapsed=7h8m51s
Oct 06 18:52:13 nimbus-eth1-mainnet-short-benchmark[1593211]: INF 2026-10-06 18:52:13.625+00:00 Imported blocks                            blockNumber=20933889 slot=10143614 blocks=933888 txs=148049109 mgas=14140625 bps=39.91 tps=6482 mgps=603.1 avgBps=36.01 avgTps=5708 avgMGps=545.2 elapsed=7h12m16s
Oct 06 18:55:29 nimbus-eth1-mainnet-short-benchmark[1593211]: INF 2026-10-06 18:55:29.930+00:00 Imported blocks                            blockNumber=20942081 slot=10151840 blocks=942080 txs=149397364 mgas=14264352 bps=41.73 tps=6868 mgps=630.3 avgBps=36.05 avgTps=5716 avgMGps=545.8 elapsed=7h15m33s
Oct 06 18:58:52 nimbus-eth1-mainnet-short-benchmark[1593211]: INF 2026-10-06 18:58:52.387+00:00 Imported blocks                            blockNumber=20950273 slot=10160098 blocks=950272 txs=150765507 mgas=14388237 bps=40.46 tps=6757 mgps=611.9 avgBps=36.08 avgTps=5724 avgMGps=546.3 elapsed=7h18m55s
Oct 06 19:02:30 nimbus-eth1-mainnet-short-benchmark[1593211]: INF 2026-10-06 19:02:30.128+00:00 Imported blocks                            blockNumber=20958465 slot=10168363 blocks=958464 txs=152044771 mgas=14511987 bps=37.62 tps=5875 mgps=568.3 avgBps=36.10 avgTps=5726 avgMGps=546.5 elapsed=7h22m33s
Oct 06 19:05:59 nimbus-eth1-mainnet-short-benchmark[1593211]: INF 2026-10-06 19:05:59.081+00:00 Imported blocks                            blockNumber=20966657 slot=10176609 blocks=966656 txs=153365296 mgas=14635804 bps=39.21 tps=6319 mgps=592.6 avgBps=36.12 avgTps=5730 avgMGps=546.9 elapsed=7h26m2s
Oct 06 19:09:24 nimbus-eth1-mainnet-short-benchmark[1593211]: INF 2026-10-06 19:09:24.562+00:00 Imported blocks                            blockNumber=20974849 slot=10184849 blocks=974848 txs=154744917 mgas=14759580 bps=39.87 tps=6714 mgps=602.4 avgBps=36.15 avgTps=5738 avgMGps=547.3 elapsed=7h29m27s
Oct 06 19:12:56 nimbus-eth1-mainnet-short-benchmark[1593211]: INF 2026-10-06 19:12:56.779+00:00 Imported blocks                            blockNumber=20983041 slot=10193086 blocks=983040 txs=156055229 mgas=14883451 bps=38.60 tps=6174 mgps=583.7 avgBps=36.17 avgTps=5741 avgMGps=547.6 elapsed=7h32m59s
Oct 06 19:16:04 nimbus-eth1-mainnet-short-benchmark[1593211]: INF 2026-10-06 19:16:04.585+00:00 Imported blocks                            blockNumber=20991233 slot=10201319 blocks=991232 txs=157563202 mgas=15007557 bps=43.62 tps=8029 mgps=660.8 avgBps=36.22 avgTps=5757 avgMGps=548.4 elapsed=7h36m7s
Oct 06 19:19:43 nimbus-eth1-mainnet-short-benchmark[1593211]: INF 2026-10-06 19:19:43.230+00:00 Imported blocks                            blockNumber=20999425 slot=10209549 blocks=999424 txs=159003277 mgas=15131383 bps=37.47 tps=6586 mgps=566.3 avgBps=36.23 avgTps=5763 avgMGps=548.5 elapsed=7h39m46s
Oct 06 19:19:58 nimbus-eth1-mainnet-short-benchmark[1593211]: INF 2026-10-06 19:19:58.869+00:00 Imported blocks                            blockNumber=21000001 slot=10210128 blocks=1000000 txs=159109486 mgas=15140191 bps=36.83 tps=6791 mgps=563.2 avgBps=36.23 avgTps=5764 avgMGps=548.5 elapsed=7h40m2s
Oct 06 19:19:58 nimbus-eth1-mainnet-short-benchmark[1593211]: NTC 2026-10-06 19:19:58.869+00:00 Import complete                            blockNumber=21000001 slot=10210128 blocks=1000000 txs=159109486 mgas=15140191
Oct 06 19:19:59 nimbus-eth1-mainnet-short-benchmark[1564107]: <<< ending startNimbusWithImport (success)
Oct 06 19:19:59 nimbus-eth1-mainnet-short-benchmark[1564107]: >>> starting moveBenchmarkingFileToRepo
Oct 06 19:19:59 nimbus-eth1-mainnet-short-benchmark[1564107]: >>> copying debug-csv generated by nimbus to benchmarks repo
Oct 06 19:19:59 nimbus-eth1-mainnet-short-benchmark[1564107]: <<< ending moveBenchmarkingFileToRepo (success)
Oct 06 19:19:59 nimbus-eth1-mainnet-short-benchmark[1564107]: >>> starting generateBuildEnvironmentLogFile
Oct 06 19:20:08 nimbus-eth1-mainnet-short-benchmark[1564107]: <<< ending generateBuildEnvironmentLogFile (success)
Oct 06 19:20:08 nimbus-eth1-mainnet-short-benchmark[1564107]: >>> starting generateSystemdServiceLogs
