Sep 14 03:20:28 nimbus-eth1-mainnet-short-benchmark[2589363]: >>> starting cloneOrFetchBenchmarksRepo
Sep 14 03:20:28 nimbus-eth1-mainnet-short-benchmark[2589363]: >>> Fetching latest changes for nimbus-eth1-benchmarks...
Sep 14 03:20:30 nimbus-eth1-mainnet-short-benchmark[2589423]: HEAD is now at 4f47ef1 chore: update short benchmark Readme
Sep 14 03:20:30 nimbus-eth1-mainnet-short-benchmark[2589363]: <<< ending cloneOrFetchBenchmarksRepo (success)
Sep 14 03:20:30 nimbus-eth1-mainnet-short-benchmark[2589363]: >>> starting cloneOrFetchNimbusRepo
Sep 14 03:20:38 nimbus-eth1-mainnet-short-benchmark[2589363]: >>> Fetching latest changes for nimbus-eth1...
Sep 14 03:20:39 nimbus-eth1-mainnet-short-benchmark[2589770]: From https://github.com/status-im/nimbus-eth1
Sep 14 03:20:39 nimbus-eth1-mainnet-short-benchmark[2589770]:    eb2a8dcd7..c119d9e19  master     -> origin/master
Sep 14 03:20:39 nimbus-eth1-mainnet-short-benchmark[2589780]: HEAD is now at c119d9e19 build(deps): bump vendor/nim-chronos from `5adeb72` to `536169b` (#4782)
Sep 14 03:20:39 nimbus-eth1-mainnet-short-benchmark[2589363]: >>> Found last benchmarked commit: 8cf573b1
Sep 14 03:20:39 nimbus-eth1-mainnet-short-benchmark[2589363]: >>> Using next commit: eb2a8dcd76266bc2cfcf1102fff67e3de3f18849
Sep 14 03:20:39 nimbus-eth1-mainnet-short-benchmark[2589796]: HEAD is now at eb2a8dcd7 Snap2 sync fix acceptance window design (#4787)
Sep 14 03:20:39 nimbus-eth1-mainnet-short-benchmark[2589363]: >>> Current commit: eb2a8dcd7
Sep 14 03:20:39 nimbus-eth1-mainnet-short-benchmark[2589363]: <<< ending cloneOrFetchNimbusRepo (success)
Sep 14 03:20:39 nimbus-eth1-mainnet-short-benchmark[2589363]: >>> starting buildBinaries
Sep 14 03:20:39 nimbus-eth1-mainnet-short-benchmark[2589363]: >>> Building binaries for commit eb2a8dcd...
Sep 14 03:20:47 nimbus-eth1-mainnet-short-benchmark[2595316]: Building: Nim compiler
Sep 14 03:23:39 nimbus-eth1-mainnet-short-benchmark[2595316]: Building custom Nimble commit: 42ef70c2102a942c46f13eb76872326edd525cec
Sep 14 03:23:49 nimbus-eth1-mainnet-short-benchmark[2595316]: Building Nimble...
Sep 14 03:23:59 nimbus-eth1-mainnet-short-benchmark[2595316]: Replacing nimble binary...
Sep 14 03:24:06 nimbus-eth1-mainnet-short-benchmark[2611992]: Building: build/generate_makefile
Sep 14 03:24:06 nimbus-eth1-mainnet-short-benchmark[2611861]: ROCKSDB CACHED VERSION: 11.8.1
Sep 14 03:24:06 nimbus-eth1-mainnet-short-benchmark[2612262]: RocksDb static libraries already built. Skipping build.
Sep 14 03:24:06 nimbus-eth1-mainnet-short-benchmark[2611992]: Build completed successfully: build/generate_makefile
Sep 14 03:24:06 nimbus-eth1-mainnet-short-benchmark[2612316]: Building: build/nimbus_execution_client
Sep 14 03:26:28 nimbus-eth1-mainnet-short-benchmark[2612316]: Build completed successfully: build/nimbus_execution_client
Sep 14 03:26:28 nimbus-eth1-mainnet-short-benchmark[2589363]: >>> renaming binaries to match commit they were built from
Sep 14 03:26:28 nimbus-eth1-mainnet-short-benchmark[2589363]: >>> creating a symbolic link to the latest version
Sep 14 03:26:28 nimbus-eth1-mainnet-short-benchmark[2589363]: >>> deleting copies that are older than N days
Sep 14 03:26:28 nimbus-eth1-mainnet-short-benchmark[2589363]: <<< ending buildBinaries (success)
Sep 14 03:26:28 nimbus-eth1-mainnet-short-benchmark[2589363]: >>> starting skipOrContinueBenchmark
Sep 14 03:26:28 nimbus-eth1-mainnet-short-benchmark[2589363]: <<< ending skipOrContinueBenchmark (success)
Sep 14 03:26:28 nimbus-eth1-mainnet-short-benchmark[2589363]: >>> starting copyTemplateDatabase
Sep 14 03:26:28 nimbus-eth1-mainnet-short-benchmark[2589363]: >>> Copying template db into nimbus data directory
Sep 14 03:29:36 nimbus-eth1-mainnet-short-benchmark[2589363]: >>> Template db copied
Sep 14 03:29:36 nimbus-eth1-mainnet-short-benchmark[2589363]: >>> making nimbus the owner of the copied files
Sep 14 03:29:36 nimbus-eth1-mainnet-short-benchmark[2589363]: <<< ending copyTemplateDatabase (success)
Sep 14 03:29:36 nimbus-eth1-mainnet-short-benchmark[2589363]: >>> starting startNimbusWithImport
Sep 14 03:29:36 nimbus-eth1-mainnet-short-benchmark[2618026]: INF 2026-09-14 03:29:36.911+00:00 Launching execution client                 version=v0.4.1-eb2a8dcd config="(configFile: none(InputFile), dataDirFlag: some(/data/status-im/nimbus-eth1/data/shared_mainnet_0), era1DirFlag: some(/data/era1), eraDirFlag: some(/data/era), ereDirFlag: none(OutDir), keyStoreDirFlag: none(OutDir), importKey: , trustedSetupFile: none(string), extraData: Nimbus/v0.4.1-eb2a8dcd, gasLimit: none(uint64), maxBlobs: none(byte), network: [mainnet], logLevel: INFO, logFormat: auto, metricsEnabled: false, metricsPort: 9093, metricsAddress: 127.0.0.1, bootstrapNodes: [], elBootstrapNodes: [], bootstrapFile: , elBootstrapFile: , staticPeers: [], staticPeersFile: , reconnectMaxRetry: 0, reconnectInterval: 15, listenAddress: ::, tcpPort: 30303, udpPortFlag: none(Port), maxPeersOpt: none(int), elMaxPeersOpt: none(int), nat: (hasExtIp: false, nat: NatAny), discv5: true, netKey: random, agentString: Nimbus/v0.4.1-eb2a8dcd/linux-amd64/Nim-2.2.12, numThreads: 0, persistBatchSize: 4, dynamicBatchSize: false, rocksdbMaxOpenFiles: 2048, rocksdbWriteBufferSize: 67108864, rocksdbRowCacheSize: 0, rocksdbBlockCacheSize: 2147483648, rocksdbBlockCacheType: hyperclock, rdbVtxCacheSize: 536870912, rdbKeyCacheSize: 1342177280, rdbBranchCacheSize: 1073741824, rdbPrintStats: false, rewriteDatadirId: true, aristoDbMaxSnapshots: 5, parallelStateRootComputation: false, parallelSenderRecovery: true, optimisticStatePrefetch: false, balStatePrefetch: false, balStatePrefetchWorkers: 0, balParallelExecution: false, balPruning: true, eagerStateRootCheck: false, deserializeFcState: true, statelessProvider: false, statelessWitnessValidation: false, cmd: import, maxBlocks: 1000000, chunkSize: 8192, csvStats: some("/data/host-benchmarks/short/bf14e4222a544c21b97930914b381cf7/blocks-import-benchmark.csv"), validation: false, fullValidation: false, storeBodies: false, storeReceipts: false, storeSlotHashes: false)"
Sep 14 03:29:36 nimbus-eth1-mainnet-short-benchmark[2618026]: WRN 2026-09-14 03:29:36.927+00:00 Data directory has insecure permissions. Correcting them. data_dir=/data/status-im/nimbus-eth1/data/shared_mainnet_0 current_permissions=0755 required_permissions=0700
Sep 14 03:29:38 nimbus-eth1-mainnet-short-benchmark[2618026]: INF 2026-09-14 03:29:38.791+00:00 Taskpool started                           numThreads=16
Sep 14 03:29:39 nimbus-eth1-mainnet-short-benchmark[2618026]: CreateIOUring failed: Invalid argument (errno=22), thread=139805549481216
Sep 14 03:29:39 nimbus-eth1-mainnet-short-benchmark[2618026]: INF 2026-09-14 03:29:39.379+00:00 Database initialized                       base="(0xd24fd73f794058a3807db926d8898c6481e902b7edb91ce0d479d6760f276183, 20000000)" finalized="(0xd24fd73f794058a3807db926d8898c6481e902b7edb91ce0d479d6760f276183, 20000000)" head="(0xd4e56740f876aef8c010b86a40d5f56745a118d0906a34e69aec8c0db1cb8fa3, 0)"
Sep 14 03:29:39 nimbus-eth1-mainnet-short-benchmark[2618026]: NTC 2026-09-14 03:29:39.383+00:00 Could not open ere database, falling back to era1/era import ereDir=/data/status-im/nimbus-eth1/data/shared_mainnet_0/ere networkName=mainnet error="No ere files found in /data/status-im/nimbus-eth1/data/shared_mainnet_0/ere"
Sep 14 03:29:39 nimbus-eth1-mainnet-short-benchmark[2618026]: NTC 2026-09-14 03:29:39.383+00:00 Importing era archive                      blockNumber=20000001 dataDir=/data/status-im/nimbus-eth1/data/shared_mainnet_0 eraDir=/data/era
Sep 14 03:29:41 nimbus-eth1-mainnet-short-benchmark[2618026]: NTC 2026-09-14 03:29:41.927+00:00 Matched block to slot number               blockNumber=20000001 slot=9204783
Sep 14 03:35:37 nimbus-eth1-mainnet-short-benchmark[2618026]: INF 2026-09-14 03:35:37.254+00:00 Imported blocks                            blockNumber=20008193 slot=9213020 blocks=8192 txs=1226966 mgas=124237 bps=22.89 tps=3428 mgps=347.2 avgBps=22.89 avgTps=3428 avgMGps=347.2 elapsed=5m57s873ms
Sep 14 03:40:55 nimbus-eth1-mainnet-short-benchmark[2618026]: INF 2026-09-14 03:40:55.534+00:00 Imported blocks                            blockNumber=20016385 slot=9221256 blocks=16384 txs=2540380 mgas=248071 bps=25.74 tps=4126 mgps=389.1 avgBps=24.23 avgTps=3757 avgMGps=366.9 elapsed=11m16s155ms
Sep 14 03:46:12 nimbus-eth1-mainnet-short-benchmark[2618026]: INF 2026-09-14 03:46:12.709+00:00 Imported blocks                            blockNumber=20024577 slot=9229485 blocks=24576 txs=3869398 mgas=372018 bps=25.83 tps=4190 mgps=390.8 avgBps=24.74 avgTps=3895 avgMGps=374.5 elapsed=16m33s332ms
Sep 14 03:50:45 nimbus-eth1-mainnet-short-benchmark[2618026]: INF 2026-09-14 03:50:45.233+00:00 Imported blocks                            blockNumber=20032769 slot=9237722 blocks=32768 txs=5222766 mgas=495797 bps=30.06 tps=4966 mgps=454.2 avgBps=25.89 avgTps=4125 avgMGps=391.7 elapsed=21m5s856ms
Sep 14 03:55:13 nimbus-eth1-mainnet-short-benchmark[2618026]: INF 2026-09-14 03:55:13.026+00:00 Imported blocks                            blockNumber=20040961 slot=9245957 blocks=40960 txs=6566802 mgas=619586 bps=30.59 tps=5018 mgps=462.3 avgBps=26.71 avgTps=4281 avgMGps=404.0 elapsed=25m33s648ms
Sep 14 03:59:57 nimbus-eth1-mainnet-short-benchmark[2618026]: INF 2026-09-14 03:59:57.229+00:00 Imported blocks                            blockNumber=20049153 slot=9254196 blocks=49152 txs=7904746 mgas=743522 bps=28.82 tps=4707 mgps=436.1 avgBps=27.04 avgTps=4348 avgMGps=409.0 elapsed=30m17s850ms
Sep 14 04:04:34 nimbus-eth1-mainnet-short-benchmark[2618026]: INF 2026-09-14 04:04:34.210+00:00 Imported blocks                            blockNumber=20057345 slot=9262435 blocks=57344 txs=9212009 mgas=867360 bps=29.58 tps=4719 mgps=447.1 avgBps=27.37 avgTps=4397 avgMGps=414.0 elapsed=34m54s832ms
Sep 14 04:08:51 nimbus-eth1-mainnet-short-benchmark[2618026]: INF 2026-09-14 04:08:51.046+00:00 Imported blocks                            blockNumber=20065537 slot=9270674 blocks=65536 txs=10559018 mgas=991371 bps=31.90 tps=5244 mgps=482.8 avgBps=27.87 avgTps=4490 avgMGps=421.6 elapsed=39m11s669ms
Sep 14 04:12:55 nimbus-eth1-mainnet-short-benchmark[2618026]: INF 2026-09-14 04:12:55.110+00:00 Imported blocks                            blockNumber=20073729 slot=9278910 blocks=73728 txs=11898676 mgas=1115111 bps=33.57 tps=5489 mgps=507.0 avgBps=28.40 avgTps=4583 avgMGps=429.6 elapsed=43m15s729ms
Sep 14 04:16:44 nimbus-eth1-mainnet-short-benchmark[2618026]: INF 2026-09-14 04:16:44.547+00:00 Imported blocks                            blockNumber=20081921 slot=9287152 blocks=81920 txs=13323263 mgas=1239150 bps=35.70 tps=6209 mgps=540.6 avgBps=29.00 avgTps=4715 avgMGps=438.6 elapsed=47m5s167ms
Sep 14 04:20:37 nimbus-eth1-mainnet-short-benchmark[2618026]: INF 2026-09-14 04:20:37.276+00:00 Imported blocks                            blockNumber=20090113 slot=9295408 blocks=90112 txs=14697082 mgas=1363113 bps=35.20 tps=5903 mgps=532.6 avgBps=29.47 avgTps=4806 avgMGps=445.8 elapsed=50m57s896ms
Sep 14 04:24:44 nimbus-eth1-mainnet-short-benchmark[2618026]: INF 2026-09-14 04:24:44.636+00:00 Imported blocks                            blockNumber=20098305 slot=9303658 blocks=98304 txs=16025683 mgas=1487146 bps=33.12 tps=5371 mgps=501.4 avgBps=29.74 avgTps=4848 avgMGps=449.9 elapsed=55m5s258ms
Sep 14 04:29:01 nimbus-eth1-mainnet-short-benchmark[2618026]: INF 2026-09-14 04:29:01.197+00:00 Imported blocks                            blockNumber=20106497 slot=9311895 blocks=106496 txs=17337157 mgas=1611066 bps=31.93 tps=5111 mgps=483.0 avgBps=29.90 avgTps=4867 avgMGps=452.3 elapsed=59m21s818ms
Sep 14 04:33:03 nimbus-eth1-mainnet-short-benchmark[2618026]: INF 2026-09-14 04:33:03.449+00:00 Imported blocks                            blockNumber=20114689 slot=9320146 blocks=114688 txs=18632097 mgas=1735123 bps=33.82 tps=5345 mgps=512.1 avgBps=30.15 avgTps=4897 avgMGps=456.1 elapsed=1h3m24s
Sep 14 04:36:54 nimbus-eth1-mainnet-short-benchmark[2618026]: INF 2026-09-14 04:36:54.786+00:00 Imported blocks                            blockNumber=20122881 slot=9328409 blocks=122880 txs=19937418 mgas=1859249 bps=35.41 tps=5642 mgps=536.6 avgBps=30.45 avgTps=4940 avgMGps=460.7 elapsed=1h7m15s
Sep 14 04:40:40 nimbus-eth1-mainnet-short-benchmark[2618026]: INF 2026-09-14 04:40:40.023+00:00 Imported blocks                            blockNumber=20131073 slot=9336660 blocks=131072 txs=21214129 mgas=1983500 bps=36.37 tps=5668 mgps=551.7 avgBps=30.76 avgTps=4979 avgMGps=465.5 elapsed=1h11m641ms
Sep 14 04:44:27 nimbus-eth1-mainnet-short-benchmark[2618026]: INF 2026-09-14 04:44:27.272+00:00 Imported blocks                            blockNumber=20139265 slot=9344906 blocks=139264 txs=22579079 mgas=2107571 bps=36.05 tps=6006 mgps=546.0 avgBps=31.03 avgTps=5031 avgMGps=469.6 elapsed=1h14m47s
Sep 14 04:48:56 nimbus-eth1-mainnet-short-benchmark[2618026]: INF 2026-09-14 04:48:56.240+00:00 Imported blocks                            blockNumber=20147457 slot=9353153 blocks=147456 txs=24133322 mgas=2231686 bps=30.46 tps=5778 mgps=461.4 avgBps=31.00 avgTps=5073 avgMGps=469.2 elapsed=1h19m16s
Sep 14 04:53:14 nimbus-eth1-mainnet-short-benchmark[2618026]: INF 2026-09-14 04:53:14.608+00:00 Imported blocks                            blockNumber=20155649 slot=9361407 blocks=155648 txs=25424015 mgas=2356018 bps=31.71 tps=4995 mgps=481.2 avgBps=31.04 avgTps=5069 avgMGps=469.8 elapsed=1h23m35s
Sep 14 04:57:13 nimbus-eth1-mainnet-short-benchmark[2618026]: INF 2026-09-14 04:57:13.276+00:00 Imported blocks                            blockNumber=20163841 slot=9369652 blocks=163840 txs=26749549 mgas=2480207 bps=34.32 tps=5553 mgps=520.3 avgBps=31.18 avgTps=5091 avgMGps=472.1 elapsed=1h27m33s
Sep 14 05:01:05 nimbus-eth1-mainnet-short-benchmark[2618026]: INF 2026-09-14 05:01:05.977+00:00 Imported blocks                            blockNumber=20172033 slot=9377892 blocks=172032 txs=28105316 mgas=2604026 bps=35.20 tps=5826 mgps=532.1 avgBps=31.35 avgTps=5122 avgMGps=474.6 elapsed=1h31m26s
Sep 14 05:05:04 nimbus-eth1-mainnet-short-benchmark[2618026]: INF 2026-09-14 05:05:04.405+00:00 Imported blocks                            blockNumber=20180225 slot=9386128 blocks=180224 txs=29524405 mgas=2728170 bps=34.36 tps=5951 mgps=520.7 avgBps=31.48 avgTps=5157 avgMGps=476.5 elapsed=1h35m25s
Sep 14 05:08:44 nimbus-eth1-mainnet-short-benchmark[2618026]: INF 2026-09-14 05:08:44.214+00:00 Imported blocks                            blockNumber=20188417 slot=9394365 blocks=188416 txs=30849021 mgas=2852023 bps=37.27 tps=6026 mgps=563.5 avgBps=31.69 avgTps=5189 avgMGps=479.7 elapsed=1h39m4s
Sep 14 05:12:49 nimbus-eth1-mainnet-short-benchmark[2618026]: INF 2026-09-14 05:12:49.142+00:00 Imported blocks                            blockNumber=20196609 slot=9402602 blocks=196608 txs=32174755 mgas=2976155 bps=33.45 tps=5412 mgps=506.8 avgBps=31.76 avgTps=5198 avgMGps=480.8 elapsed=1h43m9s
Sep 14 05:17:07 nimbus-eth1-mainnet-short-benchmark[2618026]: INF 2026-09-14 05:17:07.031+00:00 Imported blocks                            blockNumber=20204801 slot=9410840 blocks=204800 txs=33475942 mgas=3100410 bps=31.77 tps=5045 mgps=481.8 avgBps=31.76 avgTps=5191 avgMGps=480.9 elapsed=1h47m27s
Sep 14 05:21:05 nimbus-eth1-mainnet-short-benchmark[2618026]: INF 2026-09-14 05:21:05.019+00:00 Imported blocks                            blockNumber=20212993 slot=9419071 blocks=212992 txs=34798508 mgas=3224370 bps=34.42 tps=5557 mgps=520.9 avgBps=31.86 avgTps=5204 avgMGps=482.3 elapsed=1h51m25s
Sep 14 05:24:58 nimbus-eth1-mainnet-short-benchmark[2618026]: INF 2026-09-14 05:24:58.880+00:00 Imported blocks                            blockNumber=20221185 slot=9427313 blocks=221184 txs=36114045 mgas=3348169 bps=35.03 tps=5625 mgps=529.4 avgBps=31.97 avgTps=5219 avgMGps=483.9 elapsed=1h55m19s
Sep 14 05:28:34 nimbus-eth1-mainnet-short-benchmark[2618026]: INF 2026-09-14 05:28:34.113+00:00 Imported blocks                            blockNumber=20229377 slot=9435549 blocks=229376 txs=37421794 mgas=3472031 bps=38.06 tps=6075 mgps=575.5 avgBps=32.15 avgTps=5245 avgMGps=486.6 elapsed=1h58m54s
Sep 14 05:32:20 nimbus-eth1-mainnet-short-benchmark[2618026]: INF 2026-09-14 05:32:20.357+00:00 Imported blocks                            blockNumber=20237569 slot=9443788 blocks=237568 txs=38842064 mgas=3596351 bps=36.21 tps=6277 mgps=549.5 avgBps=32.27 avgTps=5276 avgMGps=488.6 elapsed=2h2m40s
Sep 14 05:36:22 nimbus-eth1-mainnet-short-benchmark[2618026]: INF 2026-09-14 05:36:22.730+00:00 Imported blocks                            blockNumber=20245761 slot=9452021 blocks=245760 txs=40225739 mgas=3720100 bps=33.80 tps=5708 mgps=510.6 avgBps=32.32 avgTps=5290 avgMGps=489.3 elapsed=2h6m43s
Sep 14 05:40:39 nimbus-eth1-mainnet-short-benchmark[2618026]: INF 2026-09-14 05:40:39.898+00:00 Imported blocks                            blockNumber=20253953 slot=9460253 blocks=253952 txs=41454921 mgas=3844385 bps=31.85 tps=4779 mgps=483.3 avgBps=32.31 avgTps=5273 avgMGps=489.1 elapsed=2h11m518ms
Sep 14 05:44:43 nimbus-eth1-mainnet-short-benchmark[2618026]: INF 2026-09-14 05:44:43.943+00:00 Imported blocks                            blockNumber=20262145 slot=9468495 blocks=262144 txs=42726051 mgas=3968623 bps=33.57 tps=5208 mgps=509.1 avgBps=32.35 avgTps=5271 avgMGps=489.7 elapsed=2h15m4s
Sep 14 05:48:32 nimbus-eth1-mainnet-short-benchmark[2618026]: INF 2026-09-14 05:48:32.304+00:00 Imported blocks                            blockNumber=20270337 slot=9476748 blocks=270336 txs=44050436 mgas=4092682 bps=35.87 tps=5799 mgps=543.3 avgBps=32.44 avgTps=5286 avgMGps=491.1 elapsed=2h18m52s
Sep 14 05:52:05 nimbus-eth1-mainnet-short-benchmark[2618026]: INF 2026-09-14 05:52:05.713+00:00 Imported blocks                            blockNumber=20278529 slot=9484981 blocks=278528 txs=45382368 mgas=4216487 bps=38.39 tps=6241 mgps=580.1 avgBps=32.59 avgTps=5310 avgMGps=493.4 elapsed=2h22m26s
Sep 14 05:55:45 nimbus-eth1-mainnet-short-benchmark[2618026]: INF 2026-09-14 05:55:45.445+00:00 Imported blocks                            blockNumber=20286721 slot=9493213 blocks=286720 txs=46733429 mgas=4340363 bps=37.28 tps=6148 mgps=563.8 avgBps=32.71 avgTps=5331 avgMGps=495.1 elapsed=2h26m6s
Sep 14 05:59:45 nimbus-eth1-mainnet-short-benchmark[2618026]: INF 2026-09-14 05:59:45.082+00:00 Imported blocks                            blockNumber=20294913 slot=9501453 blocks=294912 txs=48075887 mgas=4464376 bps=34.19 tps=5602 mgps=517.5 avgBps=32.75 avgTps=5338 avgMGps=495.7 elapsed=2h30m5s
Sep 14 06:03:39 nimbus-eth1-mainnet-short-benchmark[2618026]: INF 2026-09-14 06:03:39.139+00:00 Imported blocks                            blockNumber=20303105 slot=9509696 blocks=303104 txs=49379538 mgas=4588534 bps=35.00 tps=5569 mgps=530.5 avgBps=32.80 avgTps=5344 avgMGps=496.6 elapsed=2h33m59s
Sep 14 06:07:27 nimbus-eth1-mainnet-short-benchmark[2618026]: INF 2026-09-14 06:07:27.675+00:00 Imported blocks                            blockNumber=20311297 slot=9517922 blocks=311296 txs=50637672 mgas=4712596 bps=35.85 tps=5505 mgps=542.9 avgBps=32.88 avgTps=5348 avgMGps=497.7 elapsed=2h37m48s
Sep 14 06:11:07 nimbus-eth1-mainnet-short-benchmark[2618026]: INF 2026-09-14 06:11:07.460+00:00 Imported blocks                            blockNumber=20319489 slot=9526159 blocks=319488 txs=51981692 mgas=4836521 bps=37.27 tps=6115 mgps=563.8 avgBps=32.98 avgTps=5365 avgMGps=499.2 elapsed=2h41m28s
Sep 14 06:14:28 nimbus-eth1-mainnet-short-benchmark[2618026]: INF 2026-09-14 06:14:28.613+00:00 Imported blocks                            blockNumber=20327681 slot=9534381 blocks=327680 txs=53356123 mgas=4960245 bps=40.73 tps=6832 mgps=615.1 avgBps=33.14 avgTps=5395 avgMGps=501.6 elapsed=2h44m49s
Sep 14 06:17:49 nimbus-eth1-mainnet-short-benchmark[2618026]: INF 2026-09-14 06:17:49.715+00:00 Imported blocks                            blockNumber=20335873 slot=9542617 blocks=335872 txs=54719105 mgas=5084025 bps=40.74 tps=6777 mgps=615.5 avgBps=33.29 avgTps=5422 avgMGps=503.9 elapsed=2h48m10s
Sep 14 06:21:27 nimbus-eth1-mainnet-short-benchmark[2618026]: INF 2026-09-14 06:21:27.155+00:00 Imported blocks                            blockNumber=20344065 slot=9550841 blocks=344064 txs=56021853 mgas=5207843 bps=37.67 tps=5991 mgps=569.4 avgBps=33.38 avgTps=5434 avgMGps=505.2 elapsed=2h51m47s
Sep 14 06:25:34 nimbus-eth1-mainnet-short-benchmark[2618026]: INF 2026-09-14 06:25:34.016+00:00 Imported blocks                            blockNumber=20352257 slot=9559072 blocks=352256 txs=57290408 mgas=5332016 bps=33.19 tps=5138 mgps=503.0 avgBps=33.37 avgTps=5427 avgMGps=505.2 elapsed=2h55m54s
Sep 14 06:29:21 nimbus-eth1-mainnet-short-benchmark[2618026]: INF 2026-09-14 06:29:21.261+00:00 Imported blocks                            blockNumber=20360449 slot=9567308 blocks=360448 txs=58543463 mgas=5456201 bps=36.05 tps=5514 mgps=546.5 avgBps=33.43 avgTps=5429 avgMGps=506.1 elapsed=2h59m41s
Sep 14 06:33:00 nimbus-eth1-mainnet-short-benchmark[2618026]: INF 2026-09-14 06:33:00.642+00:00 Imported blocks                            blockNumber=20368641 slot=9575548 blocks=368640 txs=59874056 mgas=5580204 bps=37.34 tps=6065 mgps=565.2 avgBps=33.51 avgTps=5442 avgMGps=507.2 elapsed=3h3m21s
Sep 14 06:36:47 nimbus-eth1-mainnet-short-benchmark[2618026]: INF 2026-09-14 06:36:47.198+00:00 Imported blocks                            blockNumber=20376833 slot=9583774 blocks=376832 txs=61167066 mgas=5704396 bps=36.16 tps=5707 mgps=548.2 avgBps=33.56 avgTps=5447 avgMGps=508.1 elapsed=3h7m7s
Sep 14 06:40:29 nimbus-eth1-mainnet-short-benchmark[2618026]: INF 2026-09-14 06:40:29.835+00:00 Imported blocks                            blockNumber=20385025 slot=9592009 blocks=385024 txs=62480333 mgas=5828235 bps=36.80 tps=5898 mgps=556.2 avgBps=33.63 avgTps=5456 avgMGps=509.0 elapsed=3h10m50s
Sep 14 06:44:13 nimbus-eth1-mainnet-short-benchmark[2618026]: INF 2026-09-14 06:44:13.052+00:00 Imported blocks                            blockNumber=20393217 slot=9600248 blocks=393216 txs=63800597 mgas=5952136 bps=36.70 tps=5914 mgps=555.1 avgBps=33.68 avgTps=5465 avgMGps=509.9 elapsed=3h14m33s
Sep 14 06:47:46 nimbus-eth1-mainnet-short-benchmark[2618026]: INF 2026-09-14 06:47:46.182+00:00 Imported blocks                            blockNumber=20401409 slot=9608486 blocks=401408 txs=65021243 mgas=6076384 bps=38.44 tps=5727 mgps=583.0 avgBps=33.77 avgTps=5470 avgMGps=511.2 elapsed=3h18m6s
Sep 14 06:51:33 nimbus-eth1-mainnet-short-benchmark[2618026]: INF 2026-09-14 06:51:33.050+00:00 Imported blocks                            blockNumber=20409601 slot=9616707 blocks=409600 txs=66199016 mgas=6200666 bps=36.11 tps=5191 mgps=547.8 avgBps=33.81 avgTps=5464 avgMGps=511.9 elapsed=3h21m53s
Sep 14 06:55:12 nimbus-eth1-mainnet-short-benchmark[2618026]: INF 2026-09-14 06:55:12.095+00:00 Imported blocks                            blockNumber=20417793 slot=9624941 blocks=417792 txs=67453930 mgas=6324823 bps=37.40 tps=5729 mgps=566.8 avgBps=33.88 avgTps=5469 avgMGps=512.8 elapsed=3h25m32s
Sep 14 06:58:25 nimbus-eth1-mainnet-short-benchmark[2618026]: INF 2026-09-14 06:58:25.349+00:00 Imported blocks                            blockNumber=20425985 slot=9633187 blocks=425984 txs=68814904 mgas=6448778 bps=42.39 tps=7042 mgps=641.4 avgBps=34.01 avgTps=5493 avgMGps=514.8 elapsed=3h28m45s
Sep 14 07:01:38 nimbus-eth1-mainnet-short-benchmark[2618026]: INF 2026-09-14 07:01:38.030+00:00 Imported blocks                            blockNumber=20434177 slot=9641422 blocks=434176 txs=70124508 mgas=6572711 bps=42.52 tps=6796 mgps=643.2 avgBps=34.14 avgTps=5513 avgMGps=516.8 elapsed=3h31m58s
Sep 14 07:05:00 nimbus-eth1-mainnet-short-benchmark[2618026]: INF 2026-09-14 07:05:00.527+00:00 Imported blocks                            blockNumber=20442369 slot=9649657 blocks=442368 txs=71403576 mgas=6696451 bps=40.45 tps=6316 mgps=611.1 avgBps=34.24 avgTps=5526 avgMGps=518.3 elapsed=3h35m21s
Sep 14 07:08:42 nimbus-eth1-mainnet-short-benchmark[2618026]: INF 2026-09-14 07:08:42.164+00:00 Imported blocks                            blockNumber=20450561 slot=9657896 blocks=450560 txs=72659905 mgas=6820521 bps=36.96 tps=5668 mgps=559.8 avgBps=34.28 avgTps=5528 avgMGps=519.0 elapsed=3h39m2s
Sep 14 07:12:44 nimbus-eth1-mainnet-short-benchmark[2618026]: INF 2026-09-14 07:12:44.668+00:00 Imported blocks                            blockNumber=20458753 slot=9666114 blocks=458752 txs=73838533 mgas=6945116 bps=33.78 tps=4860 mgps=513.8 avgBps=34.27 avgTps=5516 avgMGps=518.9 elapsed=3h43m5s
Sep 14 07:16:23 nimbus-eth1-mainnet-short-benchmark[2618026]: INF 2026-09-14 07:16:23.153+00:00 Imported blocks                            blockNumber=20466945 slot=9674343 blocks=466944 txs=75124748 mgas=7068943 bps=37.49 tps=5886 mgps=566.8 avgBps=34.32 avgTps=5522 avgMGps=519.6 elapsed=3h46m43s
Sep 14 07:20:00 nimbus-eth1-mainnet-short-benchmark[2618026]: INF 2026-09-14 07:20:00.570+00:00 Imported blocks                            blockNumber=20475137 slot=9682575 blocks=475136 txs=76420106 mgas=7192870 bps=37.68 tps=5957 mgps=570.0 avgBps=34.38 avgTps=5529 avgMGps=520.4 elapsed=3h50m21s
Sep 14 07:23:26 nimbus-eth1-mainnet-short-benchmark[2618026]: INF 2026-09-14 07:23:26.943+00:00 Imported blocks                            blockNumber=20483329 slot=9690800 blocks=483328 txs=77675422 mgas=7316939 bps=39.70 tps=6082 mgps=601.2 avgBps=34.46 avgTps=5537 avgMGps=521.6 elapsed=3h53m47s
Sep 14 07:26:51 nimbus-eth1-mainnet-short-benchmark[2618026]: INF 2026-09-14 07:26:51.196+00:00 Imported blocks                            blockNumber=20491521 slot=9699019 blocks=491520 txs=78951232 mgas=7440784 bps=40.11 tps=6246 mgps=606.3 avgBps=34.54 avgTps=5547 avgMGps=522.8 elapsed=3h57m11s
Sep 14 07:30:33 nimbus-eth1-mainnet-short-benchmark[2618026]: INF 2026-09-14 07:30:33.757+00:00 Imported blocks                            blockNumber=20499713 slot=9707248 blocks=499712 txs=80189642 mgas=7564669 bps=36.81 tps=5564 mgps=556.6 avgBps=34.57 avgTps=5547 avgMGps=523.3 elapsed=4h54s378ms
Sep 14 07:34:19 nimbus-eth1-mainnet-short-benchmark[2618026]: INF 2026-09-14 07:34:19.294+00:00 Imported blocks                            blockNumber=20507905 slot=9715488 blocks=507904 txs=81317763 mgas=7689208 bps=36.32 tps=5001 mgps=552.2 avgBps=34.60 avgTps=5539 avgMGps=523.8 elapsed=4h4m39s
Sep 14 07:37:39 nimbus-eth1-mainnet-short-benchmark[2618026]: INF 2026-09-14 07:37:39.675+00:00 Imported blocks                            blockNumber=20516097 slot=9723715 blocks=516096 txs=82520262 mgas=7813209 bps=40.88 tps=6001 mgps=618.8 avgBps=34.68 avgTps=5545 avgMGps=525.1 elapsed=4h8m295ms
Sep 14 07:41:11 nimbus-eth1-mainnet-short-benchmark[2618026]: INF 2026-09-14 07:41:11.600+00:00 Imported blocks                            blockNumber=20524289 slot=9731945 blocks=524288 txs=83780075 mgas=7937233 bps=38.66 tps=5944 mgps=585.2 avgBps=34.74 avgTps=5551 avgMGps=525.9 elapsed=4h11m32s
Sep 14 07:44:46 nimbus-eth1-mainnet-short-benchmark[2618026]: INF 2026-09-14 07:44:46.821+00:00 Imported blocks                            blockNumber=20532481 slot=9740183 blocks=532480 txs=85263862 mgas=8061024 bps=38.06 tps=6894 mgps=575.2 avgBps=34.79 avgTps=5570 avgMGps=526.6 elapsed=4h15m7s
Sep 14 07:48:27 nimbus-eth1-mainnet-short-benchmark[2618026]: INF 2026-09-14 07:48:27.242+00:00 Imported blocks                            blockNumber=20540673 slot=9748418 blocks=540672 txs=86612143 mgas=8185090 bps=37.16 tps=6116 mgps=562.9 avgBps=34.82 avgTps=5577 avgMGps=527.1 elapsed=4h18m47s
Sep 14 07:52:16 nimbus-eth1-mainnet-short-benchmark[2618026]: INF 2026-09-14 07:52:16.007+00:00 Imported blocks                            blockNumber=20548865 slot=9756662 blocks=548864 txs=87802991 mgas=8309513 bps=35.81 tps=5205 mgps=543.9 avgBps=34.83 avgTps=5572 avgMGps=527.4 elapsed=4h22m36s
Sep 14 07:56:01 nimbus-eth1-mainnet-short-benchmark[2618026]: INF 2026-09-14 07:56:01.107+00:00 Imported blocks                            blockNumber=20557057 slot=9764892 blocks=557056 txs=88964987 mgas=8433956 bps=36.39 tps=5162 mgps=552.8 avgBps=34.86 avgTps=5566 avgMGps=527.7 elapsed=4h26m21s
Sep 14 07:59:34 nimbus-eth1-mainnet-short-benchmark[2618026]: INF 2026-09-14 07:59:34.176+00:00 Imported blocks                            blockNumber=20565249 slot=9773131 blocks=565248 txs=90186094 mgas=8558113 bps=38.45 tps=5730 mgps=582.7 avgBps=34.90 avgTps=5568 avgMGps=528.4 elapsed=4h29m54s
Sep 14 08:03:11 nimbus-eth1-mainnet-short-benchmark[2618026]: INF 2026-09-14 08:03:11.129+00:00 Imported blocks                            blockNumber=20573441 slot=9781369 blocks=573440 txs=91404654 mgas=8682228 bps=37.76 tps=5616 mgps=572.1 avgBps=34.94 avgTps=5569 avgMGps=529.0 elapsed=4h33m31s
Sep 14 08:06:44 nimbus-eth1-mainnet-short-benchmark[2618026]: INF 2026-09-14 08:06:44.190+00:00 Imported blocks                            blockNumber=20581633 slot=9789611 blocks=581632 txs=92628389 mgas=8806651 bps=38.45 tps=5743 mgps=584.0 avgBps=34.99 avgTps=5571 avgMGps=529.7 elapsed=4h37m4s
Sep 14 08:10:24 nimbus-eth1-mainnet-short-benchmark[2618026]: INF 2026-09-14 08:10:24.939+00:00 Imported blocks                            blockNumber=20589825 slot=9797855 blocks=589824 txs=93887208 mgas=8931023 bps=37.11 tps=5702 mgps=563.4 avgBps=35.01 avgTps=5573 avgMGps=530.2 elapsed=4h40m45s
Sep 14 08:14:06 nimbus-eth1-mainnet-short-benchmark[2618026]: INF 2026-09-14 08:14:06.304+00:00 Imported blocks                            blockNumber=20598017 slot=9806095 blocks=598016 txs=95163338 mgas=9055310 bps=37.01 tps=5764 mgps=561.5 avgBps=35.04 avgTps=5575 avgMGps=530.6 elapsed=4h44m26s
Sep 14 08:17:51 nimbus-eth1-mainnet-short-benchmark[2618026]: INF 2026-09-14 08:17:51.313+00:00 Imported blocks                            blockNumber=20606209 slot=9814347 blocks=606208 txs=96334664 mgas=9179976 bps=36.41 tps=5205 mgps=554.0 avgBps=35.06 avgTps=5571 avgMGps=530.9 elapsed=4h48m11s
Sep 14 08:21:26 nimbus-eth1-mainnet-short-benchmark[2618026]: INF 2026-09-14 08:21:26.062+00:00 Imported blocks                            blockNumber=20614401 slot=9822581 blocks=614400 txs=97573414 mgas=9304574 bps=38.15 tps=5768 mgps=580.2 avgBps=35.10 avgTps=5573 avgMGps=531.5 elapsed=4h51m46s
Sep 14 08:25:01 nimbus-eth1-mainnet-short-benchmark[2618026]: INF 2026-09-14 08:25:01.287+00:00 Imported blocks                            blockNumber=20622593 slot=9830821 blocks=622592 txs=98874772 mgas=9428835 bps=38.06 tps=6046 mgps=577.4 avgBps=35.13 avgTps=5579 avgMGps=532.0 elapsed=4h55m21s
Sep 14 08:28:29 nimbus-eth1-mainnet-short-benchmark[2618026]: INF 2026-09-14 08:28:29.092+00:00 Imported blocks                            blockNumber=20630785 slot=9839058 blocks=630784 txs=100178707 mgas=9553009 bps=39.42 tps=6274 mgps=597.5 avgBps=35.18 avgTps=5587 avgMGps=532.8 elapsed=4h58m49s
Sep 14 08:32:04 nimbus-eth1-mainnet-short-benchmark[2618026]: INF 2026-09-14 08:32:04.973+00:00 Imported blocks                            blockNumber=20638977 slot=9847313 blocks=638976 txs=101489116 mgas=9677171 bps=37.95 tps=6069 mgps=575.1 avgBps=35.21 avgTps=5593 avgMGps=533.3 elapsed=5h2m25s
Sep 14 08:35:38 nimbus-eth1-mainnet-short-benchmark[2618026]: INF 2026-09-14 08:35:38.349+00:00 Imported blocks                            blockNumber=20647169 slot=9855549 blocks=647168 txs=102730058 mgas=9801643 bps=38.39 tps=5815 mgps=583.3 avgBps=35.25 avgTps=5595 avgMGps=533.9 elapsed=5h5m58s
Sep 14 08:39:24 nimbus-eth1-mainnet-short-benchmark[2618026]: INF 2026-09-14 08:39:24.338+00:00 Imported blocks                            blockNumber=20655361 slot=9863778 blocks=655360 txs=103868002 mgas=9926541 bps=36.25 tps=5035 mgps=552.7 avgBps=35.26 avgTps=5588 avgMGps=534.1 elapsed=5h9m44s
Sep 14 08:42:56 nimbus-eth1-mainnet-short-benchmark[2618026]: INF 2026-09-14 08:42:56.287+00:00 Imported blocks                            blockNumber=20663553 slot=9872013 blocks=663552 txs=105112198 mgas=10051274 bps=38.65 tps=5870 mgps=588.5 avgBps=35.30 avgTps=5591 avgMGps=534.7 elapsed=5h13m16s
Sep 14 08:46:17 nimbus-eth1-mainnet-short-benchmark[2618026]: INF 2026-09-14 08:46:17.012+00:00 Imported blocks                            blockNumber=20671745 slot=9880241 blocks=671744 txs=106395904 mgas=10175177 bps=40.81 tps=6395 mgps=617.3 avgBps=35.36 avgTps=5600 avgMGps=535.6 elapsed=5h16m37s
Sep 14 08:49:41 nimbus-eth1-mainnet-short-benchmark[2618026]: INF 2026-09-14 08:49:41.526+00:00 Imported blocks                            blockNumber=20679937 slot=9888471 blocks=679936 txs=107674271 mgas=10299404 bps=40.06 tps=6250 mgps=607.4 avgBps=35.41 avgTps=5607 avgMGps=536.4 elapsed=5h20m2s
Sep 14 08:52:56 nimbus-eth1-mainnet-short-benchmark[2618026]: INF 2026-09-14 08:52:56.719+00:00 Imported blocks                            blockNumber=20688129 slot=9896698 blocks=688128 txs=108938536 mgas=10423298 bps=41.97 tps=6476 mgps=634.7 avgBps=35.48 avgTps=5616 avgMGps=537.4 elapsed=5h23m17s
Sep 14 08:56:27 nimbus-eth1-mainnet-short-benchmark[2618026]: INF 2026-09-14 08:56:27.224+00:00 Imported blocks                            blockNumber=20696321 slot=9904930 blocks=696320 txs=110235786 mgas=10547469 bps=38.92 tps=6162 mgps=589.9 avgBps=35.51 avgTps=5622 avgMGps=537.9 elapsed=5h26m47s
Sep 14 09:00:13 nimbus-eth1-mainnet-short-benchmark[2618026]: INF 2026-09-14 09:00:13.805+00:00 Imported blocks                            blockNumber=20704513 slot=9913154 blocks=704512 txs=111483759 mgas=10671677 bps=36.15 tps=5507 mgps=548.2 avgBps=35.52 avgTps=5620 avgMGps=538.0 elapsed=5h30m34s
Sep 14 09:03:48 nimbus-eth1-mainnet-short-benchmark[2618026]: INF 2026-09-14 09:03:48.809+00:00 Imported blocks                            blockNumber=20712705 slot=9921388 blocks=712704 txs=112764170 mgas=10795980 bps=38.10 tps=5955 mgps=578.1 avgBps=35.55 avgTps=5624 avgMGps=538.5 elapsed=5h34m9s
Sep 14 09:07:05 nimbus-eth1-mainnet-short-benchmark[2618026]: INF 2026-09-14 09:07:05.895+00:00 Imported blocks                            blockNumber=20720897 slot=9929633 blocks=720896 txs=114110517 mgas=10919926 bps=41.57 tps=6831 mgps=628.9 avgBps=35.61 avgTps=5636 avgMGps=539.3 elapsed=5h37m26s
Sep 14 09:10:31 nimbus-eth1-mainnet-short-benchmark[2618026]: INF 2026-09-14 09:10:31.892+00:00 Imported blocks                            blockNumber=20729089 slot=9937869 blocks=729088 txs=115449431 mgas=11043768 bps=39.77 tps=6499 mgps=601.2 avgBps=35.65 avgTps=5644 avgMGps=540.0 elapsed=5h40m52s
Sep 14 09:13:49 nimbus-eth1-mainnet-short-benchmark[2618026]: INF 2026-09-14 09:13:49.825+00:00 Imported blocks                            blockNumber=20737281 slot=9946108 blocks=737280 txs=116784468 mgas=11167784 bps=41.39 tps=6744 mgps=626.6 avgBps=35.70 avgTps=5655 avgMGps=540.8 elapsed=5h44m10s
Sep 14 09:17:18 nimbus-eth1-mainnet-short-benchmark[2618026]: INF 2026-09-14 09:17:18.054+00:00 Imported blocks                            blockNumber=20745473 slot=9954342 blocks=745472 txs=118101003 mgas=11291742 bps=39.34 tps=6322 mgps=595.3 avgBps=35.74 avgTps=5661 avgMGps=541.3 elapsed=5h47m38s
Sep 14 09:21:01 nimbus-eth1-mainnet-short-benchmark[2618026]: INF 2026-09-14 09:21:01.151+00:00 Imported blocks                            blockNumber=20753665 slot=9962581 blocks=753664 txs=119337525 mgas=11415859 bps=36.72 tps=5542 mgps=556.3 avgBps=35.75 avgTps=5660 avgMGps=541.5 elapsed=5h51m21s
Sep 14 09:24:32 nimbus-eth1-mainnet-short-benchmark[2618026]: INF 2026-09-14 09:24:32.832+00:00 Imported blocks                            blockNumber=20761857 slot=9970803 blocks=761856 txs=120564314 mgas=11540225 bps=38.70 tps=5795 mgps=587.5 avgBps=35.78 avgTps=5662 avgMGps=542.0 elapsed=5h54m53s
Sep 14 09:27:51 nimbus-eth1-mainnet-short-benchmark[2618026]: INF 2026-09-14 09:27:51.433+00:00 Imported blocks                            blockNumber=20770049 slot=9979058 blocks=770048 txs=121858083 mgas=11663918 bps=41.25 tps=6514 mgps=622.8 avgBps=35.83 avgTps=5669 avgMGps=542.7 elapsed=5h58m12s
Sep 14 09:31:00 nimbus-eth1-mainnet-short-benchmark[2618026]: INF 2026-09-14 09:31:00.750+00:00 Imported blocks                            blockNumber=20778241 slot=9987307 blocks=778240 txs=123161734 mgas=11787906 bps=43.27 tps=6886 mgps=654.9 avgBps=35.89 avgTps=5680 avgMGps=543.7 elapsed=6h1m21s
Sep 14 09:34:05 nimbus-eth1-mainnet-short-benchmark[2618026]: INF 2026-09-14 09:34:05.267+00:00 Imported blocks                            blockNumber=20786433 slot=9995542 blocks=786432 txs=124509456 mgas=11911612 bps=44.40 tps=7304 mgps=670.4 avgBps=35.97 avgTps=5694 avgMGps=544.8 elapsed=6h4m25s
Sep 14 09:37:15 nimbus-eth1-mainnet-short-benchmark[2618026]: INF 2026-09-14 09:37:15.109+00:00 Imported blocks                            blockNumber=20794625 slot=10003781 blocks=794624 txs=125848921 mgas=12035338 bps=43.15 tps=7055 mgps=651.7 avgBps=36.03 avgTps=5705 avgMGps=545.7 elapsed=6h7m35s
Sep 14 09:40:30 nimbus-eth1-mainnet-short-benchmark[2618026]: INF 2026-09-14 09:40:30.478+00:00 Imported blocks                            blockNumber=20802817 slot=10012028 blocks=802816 txs=127089868 mgas=12158989 bps=41.93 tps=6351 mgps=632.9 avgBps=36.08 avgTps=5711 avgMGps=546.4 elapsed=6h10m51s
Sep 14 09:43:54 nimbus-eth1-mainnet-short-benchmark[2618026]: INF 2026-09-14 09:43:54.983+00:00 Imported blocks                            blockNumber=20811009 slot=10020249 blocks=811008 txs=128299762 mgas=12282850 bps=40.06 tps=5916 mgps=605.7 avgBps=36.12 avgTps=5713 avgMGps=547.0 elapsed=6h14m15s
Sep 14 09:47:04 nimbus-eth1-mainnet-short-benchmark[2618026]: INF 2026-09-14 09:47:04.424+00:00 Imported blocks                            blockNumber=20819201 slot=10028481 blocks=819200 txs=129596319 mgas=12406594 bps=43.24 tps=6844 mgps=653.2 avgBps=36.18 avgTps=5722 avgMGps=547.9 elapsed=6h17m25s
Sep 14 09:50:14 nimbus-eth1-mainnet-short-benchmark[2618026]: INF 2026-09-14 09:50:14.613+00:00 Imported blocks                            blockNumber=20827393 slot=10036710 blocks=827392 txs=130916729 mgas=12530249 bps=43.07 tps=6942 mgps=650.2 avgBps=36.23 avgTps=5733 avgMGps=548.7 elapsed=6h20m35s
Sep 14 09:53:24 nimbus-eth1-mainnet-short-benchmark[2618026]: INF 2026-09-14 09:53:24.827+00:00 Imported blocks                            blockNumber=20835585 slot=10044938 blocks=835584 txs=132226625 mgas=12654070 bps=43.07 tps=6886 mgps=651.0 avgBps=36.29 avgTps=5742 avgMGps=549.6 elapsed=6h23m45s
Sep 14 09:56:46 nimbus-eth1-mainnet-short-benchmark[2618026]: INF 2026-09-14 09:56:46.856+00:00 Imported blocks                            blockNumber=20843777 slot=10053164 blocks=843776 txs=133604192 mgas=12777730 bps=40.55 tps=6818 mgps=612.1 avgBps=36.33 avgTps=5751 avgMGps=550.1 elapsed=6h27m7s
Sep 14 10:00:33 nimbus-eth1-mainnet-short-benchmark[2618026]: INF 2026-09-14 10:00:33.209+00:00 Imported blocks                            blockNumber=20851969 slot=10061391 blocks=851968 txs=134900706 mgas=12901664 bps=36.19 tps=5727 mgps=547.5 avgBps=36.33 avgTps=5751 avgMGps=550.1 elapsed=6h30m53s
Sep 14 10:04:10 nimbus-eth1-mainnet-short-benchmark[2618026]: INF 2026-09-14 10:04:10.145+00:00 Imported blocks                            blockNumber=20860161 slot=10069622 blocks=860160 txs=136168750 mgas=13025603 bps=37.76 tps=5845 mgps=571.3 avgBps=36.34 avgTps=5752 avgMGps=550.3 elapsed=6h34m30s
Sep 14 10:07:43 nimbus-eth1-mainnet-short-benchmark[2618026]: INF 2026-09-14 10:07:43.042+00:00 Imported blocks                            blockNumber=20868353 slot=10077838 blocks=868352 txs=137550724 mgas=13149742 bps=38.48 tps=6491 mgps=583.1 avgBps=36.36 avgTps=5759 avgMGps=550.6 elapsed=6h38m3s
Sep 14 10:11:15 nimbus-eth1-mainnet-short-benchmark[2618026]: INF 2026-09-14 10:11:15.031+00:00 Imported blocks                            blockNumber=20876545 slot=10086066 blocks=876544 txs=138954673 mgas=13273457 bps=38.64 tps=6622 mgps=583.6 avgBps=36.38 avgTps=5766 avgMGps=550.9 elapsed=6h41m35s
Sep 14 10:14:40 nimbus-eth1-mainnet-short-benchmark[2618026]: INF 2026-09-14 10:14:40.260+00:00 Imported blocks                            blockNumber=20884737 slot=10094286 blocks=884736 txs=140256178 mgas=13397479 bps=39.92 tps=6341 mgps=604.3 avgBps=36.41 avgTps=5771 avgMGps=551.3 elapsed=6h45m884ms
Sep 14 10:18:00 nimbus-eth1-mainnet-short-benchmark[2618026]: INF 2026-09-14 10:18:00.654+00:00 Imported blocks                            blockNumber=20892929 slot=10102512 blocks=892928 txs=141581868 mgas=13521575 bps=40.88 tps=6615 mgps=619.3 avgBps=36.44 avgTps=5778 avgMGps=551.9 elapsed=6h48m21s
Sep 14 10:21:22 nimbus-eth1-mainnet-short-benchmark[2618026]: INF 2026-09-14 10:21:22.487+00:00 Imported blocks                            blockNumber=20901121 slot=10110732 blocks=901120 txs=142875889 mgas=13645572 bps=40.59 tps=6411 mgps=614.4 avgBps=36.48 avgTps=5783 avgMGps=552.4 elapsed=6h51m43s
Sep 14 10:24:42 nimbus-eth1-mainnet-short-benchmark[2618026]: INF 2026-09-14 10:24:42.532+00:00 Imported blocks                            blockNumber=20909313 slot=10118953 blocks=909312 txs=144102308 mgas=13769390 bps=40.95 tps=6130 mgps=619.0 avgBps=36.51 avgTps=5786 avgMGps=552.9 elapsed=6h55m3s
Sep 14 10:27:57 nimbus-eth1-mainnet-short-benchmark[2618026]: INF 2026-09-14 10:27:57.201+00:00 Imported blocks                            blockNumber=20917505 slot=10127176 blocks=917504 txs=145406349 mgas=13893087 bps=42.08 tps=6698 mgps=635.4 avgBps=36.56 avgTps=5793 avgMGps=553.6 elapsed=6h58m17s
Sep 14 10:31:03 nimbus-eth1-mainnet-short-benchmark[2618026]: INF 2026-09-14 10:31:03.782+00:00 Imported blocks                            blockNumber=20925697 slot=10135394 blocks=925696 txs=146718394 mgas=14016820 bps=43.91 tps=7032 mgps=663.2 avgBps=36.61 avgTps=5802 avgMGps=554.4 elapsed=7h1m24s
Sep 14 10:34:23 nimbus-eth1-mainnet-short-benchmark[2618026]: INF 2026-09-14 10:34:23.807+00:00 Imported blocks                            blockNumber=20933889 slot=10143614 blocks=933888 txs=148049109 mgas=14140625 bps=40.95 tps=6652 mgps=618.9 avgBps=36.65 avgTps=5809 avgMGps=554.9 elapsed=7h4m44s
Sep 14 10:37:37 nimbus-eth1-mainnet-short-benchmark[2618026]: INF 2026-09-14 10:37:37.629+00:00 Imported blocks                            blockNumber=20942081 slot=10151840 blocks=942080 txs=149397364 mgas=14264352 bps=42.27 tps=6956 mgps=638.4 avgBps=36.69 avgTps=5818 avgMGps=555.5 elapsed=7h7m58s
Sep 14 10:40:56 nimbus-eth1-mainnet-short-benchmark[2618026]: INF 2026-09-14 10:40:56.394+00:00 Imported blocks                            blockNumber=20950273 slot=10160098 blocks=950272 txs=150765507 mgas=14388237 bps=41.21 tps=6883 mgps=623.3 avgBps=36.72 avgTps=5826 avgMGps=556.0 elapsed=7h11m17s
Sep 14 10:44:30 nimbus-eth1-mainnet-short-benchmark[2618026]: INF 2026-09-14 10:44:30.579+00:00 Imported blocks                            blockNumber=20958465 slot=10168363 blocks=958464 txs=152044771 mgas=14511987 bps=38.25 tps=5972 mgps=577.8 avgBps=36.74 avgTps=5827 avgMGps=556.2 elapsed=7h14m51s
Sep 14 10:47:54 nimbus-eth1-mainnet-short-benchmark[2618026]: INF 2026-09-14 10:47:54.168+00:00 Imported blocks                            blockNumber=20966657 slot=10176609 blocks=966656 txs=153365296 mgas=14635804 bps=40.24 tps=6486 mgps=608.2 avgBps=36.76 avgTps=5832 avgMGps=556.6 elapsed=7h18m14s
Sep 14 10:51:15 nimbus-eth1-mainnet-short-benchmark[2618026]: INF 2026-09-14 10:51:15.001+00:00 Imported blocks                            blockNumber=20974849 slot=10184849 blocks=974848 txs=154744917 mgas=14759580 bps=40.79 tps=6869 mgps=616.3 avgBps=36.79 avgTps=5840 avgMGps=557.1 elapsed=7h21m35s
Sep 14 10:54:42 nimbus-eth1-mainnet-short-benchmark[2618026]: INF 2026-09-14 10:54:42.898+00:00 Imported blocks                            blockNumber=20983041 slot=10193086 blocks=983040 txs=156055229 mgas=14883451 bps=39.40 tps=6302 mgps=595.8 avgBps=36.81 avgTps=5843 avgMGps=557.4 elapsed=7h25m3s
Sep 14 10:57:46 nimbus-eth1-mainnet-short-benchmark[2618026]: INF 2026-09-14 10:57:46.239+00:00 Imported blocks                            blockNumber=20991233 slot=10201319 blocks=991232 txs=157563202 mgas=15007557 bps=44.68 tps=8224 mgps=676.9 avgBps=36.87 avgTps=5860 avgMGps=558.2 elapsed=7h28m6s
Sep 14 11:01:18 nimbus-eth1-mainnet-short-benchmark[2618026]: INF 2026-09-14 11:01:18.048+00:00 Imported blocks                            blockNumber=20999425 slot=10209549 blocks=999424 txs=159003277 mgas=15131383 bps=38.68 tps=6798 mgps=584.6 avgBps=36.88 avgTps=5867 avgMGps=558.4 elapsed=7h31m38s
Sep 14 11:01:33 nimbus-eth1-mainnet-short-benchmark[2618026]: INF 2026-09-14 11:01:33.296+00:00 Imported blocks                            blockNumber=21000001 slot=10210128 blocks=1000000 txs=159109486 mgas=15140191 bps=37.79 tps=6967 mgps=577.8 avgBps=36.88 avgTps=5868 avgMGps=558.4 elapsed=7h31m53s
Sep 14 11:01:33 nimbus-eth1-mainnet-short-benchmark[2618026]: NTC 2026-09-14 11:01:33.296+00:00 Import complete                            blockNumber=21000001 slot=10210128 blocks=1000000 txs=159109486 mgas=15140191
Sep 14 11:01:34 nimbus-eth1-mainnet-short-benchmark[2589363]: <<< ending startNimbusWithImport (success)
Sep 14 11:01:34 nimbus-eth1-mainnet-short-benchmark[2589363]: >>> starting moveBenchmarkingFileToRepo
Sep 14 11:01:34 nimbus-eth1-mainnet-short-benchmark[2589363]: >>> copying debug-csv generated by nimbus to benchmarks repo
Sep 14 11:01:34 nimbus-eth1-mainnet-short-benchmark[2589363]: <<< ending moveBenchmarkingFileToRepo (success)
Sep 14 11:01:34 nimbus-eth1-mainnet-short-benchmark[2589363]: >>> starting generateBuildEnvironmentLogFile
Sep 14 11:01:43 nimbus-eth1-mainnet-short-benchmark[2589363]: <<< ending generateBuildEnvironmentLogFile (success)
Sep 14 11:01:43 nimbus-eth1-mainnet-short-benchmark[2589363]: >>> starting generateSystemdServiceLogs
