=== System Information Report ===
>>> Generated on: Sat Sep 12 04:45:17 AM UTC 2026
==========================
>>> CPU Architecture: x86_64
>>> CPU Byte Order: Little Endian
>>> CPU Cores: 16
>>> CPU Model: AMD Ryzen 7 PRO 8700GE w/ Radeon 780M Graphics
>>> CPU Cache Information:
L1d Cache: 256 KiB (8 instances)
L1i Cache: 256 KiB (8 instances)
L2 Cache: 8 MiB (8 instances)
L3 Cache: 16 MiB (1 instance)
>>> RAM Size: 61Gi
>>> Hard Disk Information:
/dev/md2 : 437G total, 199G free
/dev/md1 : 989M total, 690M free
/dev/nvme0n1p1 : 256M total, 256M free
/dev/nvme1n1 : 1.9T total, 487G free
==========================
=== Nimbus-ETH1 Benchmarking Report ===
>>> Total time spent in benchmarking (nanoseconds): 27150868851161
>>> Total time spent in benchmarking (human readable format): 7 hours 32 minutes 30 seconds
>>> Start block number is 20000001
>>> End block number is 21000001
==========================
=== Comparison of last two benchmarks ===
sort: write failed: 'standard output': Broken pipe
sort: write error
sort: write failed: 'standard output': Broken pipe
sort: write error
python /data/status-im/nimbus-eth1/scripts/block-import-stats.py /data/status-im/nimbus-eth1-benchmarks/short-benchmark/20260911T131722_e3161fd9/blocks-import-benchmark.csv /data/status-im/nimbus-eth1-benchmarks/short-benchmark/20260911T210337_5de8f6bb/blocks-import-benchmark.csv
blocks-import-benchmark.csv vs blocks-import-benchmark.csv
                      bps_x  bps_y     tps_x     tps_y  time_x  time_y   bpsd   tpsd   timed
block_number                                                                                
(20000001, 20111112]  30.16  30.38  4,924.71  4,962.02  59m47s  59m26s  0.68%  0.68%  -0.67%
(20111112, 20222223]  34.11  34.24  5,577.97  5,598.90  56m12s   56m0s  0.38%  0.38%  -0.37%
(20222223, 20333334]  35.90  36.08  5,819.62  5,848.16  49m38s  49m24s  0.49%  0.49%  -0.49%
(20333334, 20444445]  37.65  37.90  5,932.60  5,971.84   51m0s  50m39s  0.68%  0.68%  -0.67%
(20444445, 20555556]  37.44  37.46  5,769.67  5,772.63  47m31s  47m30s  0.04%  0.04%  -0.03%
(20555556, 20666667]  37.48  37.67  5,659.93  5,690.08   51m2s  50m46s  0.52%  0.52%  -0.51%
(20666667, 20777778]  39.32  39.47  6,186.81  6,211.69  45m13s   45m3s  0.40%  0.40%  -0.39%
(20777778, 20888889]  40.55  40.94  6,504.77  6,566.74  47m17s  46m51s  0.95%  0.95%  -0.94%
(20888889, 21000001]  40.57  40.90  6,687.12  6,742.25  47m12s  46m48s  0.82%  0.82%  -0.81%

blocks: 991808, baseline: 7h34m56s, contender: 7h32m30s
Time (total): -2m25s, -0.53%

bpsd = blocks per sec diff (+), tpsd = txs per sec diff, timed = time to process diff (-)
+ = more is better, - = less is better
==========================
