=== System Information Report ===
>>> Generated on: Mon Aug 10 09:32:32 AM UTC 2026
==========================
>>> CPU Architecture: x86_64
>>> CPU Byte Order: Little Endian
>>> CPU Cores: 16
>>> CPU Model: AMD Ryzen 7 PRO 8700GE w/ Radeon 780M Graphics
>>> CPU Cache Information:
L1d Cache: 256 KiB (8 instances)
L1i Cache: 256 KiB (8 instances)
L2 Cache: 8 MiB (8 instances)
L3 Cache: 16 MiB (1 instance)
>>> RAM Size: 61Gi
>>> Hard Disk Information:
/dev/md2 : 437G total, 199G free
/dev/md1 : 989M total, 690M free
/dev/nvme0n1p1 : 256M total, 256M free
/dev/nvme1n1 : 1.9T total, 481G free
==========================
=== Nimbus-ETH1 Benchmarking Report ===
>>> Total time spent in benchmarking (nanoseconds): 28900679161525
>>> Total time spent in benchmarking (human readable format): 8 hours 1 minutes 40 seconds
>>> Start block number is 20000001
>>> End block number is 21000001
==========================
=== Comparison of last two benchmarks ===
sort: write failed: 'standard output': Broken pipe
sort: write error
sort: write failed: 'standard output': Broken pipe
sort: write error
python /data/status-im/nimbus-eth1/scripts/block-import-stats.py /data/status-im/nimbus-eth1-benchmarks/short-benchmark/20260809T170512_f06384c6/blocks-import-benchmark.csv /data/status-im/nimbus-eth1-benchmarks/short-benchmark/20260810T011926_4e9d6fad/blocks-import-benchmark.csv
blocks-import-benchmark.csv vs blocks-import-benchmark.csv
                      bps_x  bps_y     tps_x     tps_y   time_x   time_y    bpsd    tpsd   timed
block_number                                                                                    
(20000001, 20111112]  28.82  28.73  4,706.16  4,691.75  1h2m31s  1h2m51s  -0.42%  -0.42%   0.43%
(20111112, 20222223]  32.34  32.35  5,289.58  5,291.19   59m16s   59m15s   0.04%   0.04%  -0.04%
(20222223, 20333334]  34.05  34.00  5,519.32  5,511.84   52m20s   52m24s  -0.12%  -0.12%   0.12%
(20333334, 20444445]  35.74  35.66  5,631.05  5,619.32   53m43s   53m49s  -0.19%  -0.19%   0.19%
(20444445, 20555556]  35.22  35.17  5,428.10  5,421.05   50m30s   50m34s  -0.14%  -0.14%   0.14%
(20555556, 20666667]  35.45  35.27  5,354.54  5,327.11   53m56s   54m13s  -0.52%  -0.52%   0.52%
(20666667, 20777778]  37.06  36.96  5,831.89  5,816.58   47m58s    48m6s  -0.26%  -0.26%   0.26%
(20777778, 20888889]  38.19  38.14  6,127.18  6,118.22   50m12s   50m17s  -0.16%  -0.16%   0.16%
(20888889, 21000001]  38.20  38.20  6,298.21  6,298.56    50m7s    50m9s   0.00%   0.00%  -0.00%

blocks: 991808, baseline: 8h0m37s, contender: 8h1m40s
Time (total): 1m3s, 0.22%

bpsd = blocks per sec diff (+), tpsd = txs per sec diff, timed = time to process diff (-)
+ = more is better, - = less is better
==========================
