Aug 10 01:19:11 nimbus-eth1-mainnet-short-benchmark[236729]: >>> starting cloneOrFetchBenchmarksRepo
Aug 10 01:19:12 nimbus-eth1-mainnet-short-benchmark[236729]: >>> Fetching latest changes for nimbus-eth1-benchmarks...
Aug 10 01:19:13 nimbus-eth1-mainnet-short-benchmark[236778]: HEAD is now at 9940eba chore: update short benchmark Readme
Aug 10 01:19:13 nimbus-eth1-mainnet-short-benchmark[236729]: <<< ending cloneOrFetchBenchmarksRepo (success)
Aug 10 01:19:13 nimbus-eth1-mainnet-short-benchmark[236729]: >>> starting cloneOrFetchNimbusRepo
Aug 10 01:19:25 nimbus-eth1-mainnet-short-benchmark[236729]: >>> Fetching latest changes for nimbus-eth1...
Aug 10 01:19:26 nimbus-eth1-mainnet-short-benchmark[237129]: From https://github.com/status-im/nimbus-eth1
Aug 10 01:19:26 nimbus-eth1-mainnet-short-benchmark[237129]:    6c6f90729..c149cca1b  fc-queue-time-budget -> origin/fc-queue-time-budget
Aug 10 01:19:26 nimbus-eth1-mainnet-short-benchmark[237137]: warning: unable to rmdir 'vendor/libtommath': Directory not empty
Aug 10 01:19:26 nimbus-eth1-mainnet-short-benchmark[237137]: HEAD is now at 7cd3c15bf Use genesis block hash to validate network matches data directory (#4622)
Aug 10 01:19:26 nimbus-eth1-mainnet-short-benchmark[236729]: >>> Found last benchmarked commit: f06384c6
Aug 10 01:19:26 nimbus-eth1-mainnet-short-benchmark[236729]: >>> Using next commit: 4e9d6fadb9d73cbd2822f1ef4b79b499b4f34edb
Aug 10 01:19:26 nimbus-eth1-mainnet-short-benchmark[237153]: HEAD is now at 4e9d6fadb fix p2p as per spec and hive tests (#4486)
Aug 10 01:19:26 nimbus-eth1-mainnet-short-benchmark[236729]: >>> Current commit: 4e9d6fadb
Aug 10 01:19:26 nimbus-eth1-mainnet-short-benchmark[236729]: <<< ending cloneOrFetchNimbusRepo (success)
Aug 10 01:19:26 nimbus-eth1-mainnet-short-benchmark[236729]: >>> starting buildBinaries
Aug 10 01:19:26 nimbus-eth1-mainnet-short-benchmark[236729]: >>> Building binaries for commit 4e9d6fad...
Aug 10 01:19:28 nimbus-eth1-mainnet-short-benchmark[238360]: Submodule path 'vendor/nim-lsquic': checked out 'b778d16d6f00b47249e2674c23f21aa26b711eb7'
Aug 10 01:19:29 nimbus-eth1-mainnet-short-benchmark[238360]: Submodule path 'vendor/nimbus-eth2': checked out '4110bc7828a45518d22d60e2f60438ae81ff17e9'
Aug 10 01:19:29 nimbus-eth1-mainnet-short-benchmark[239204]: Submodule path 'vendor/nimbus-eth2/vendor/nim-eth': checked out 'ccc1d5555e90f90368e9870ed8d3cc1597d0393d'
Aug 10 01:19:29 nimbus-eth1-mainnet-short-benchmark[239204]: Submodule path 'vendor/nimbus-eth2/vendor/nim-kzg4844': checked out '6cfb836fd7f6b632333546a1ff1a529b8cefcb46'
Aug 10 01:19:29 nimbus-eth1-mainnet-short-benchmark[239474]: Submodule path 'vendor/nimbus-eth2/vendor/nim-kzg4844/kzg4844/csources': checked out 'e125905e5e01186e6ccb7a0ced4845bf7eddbcfe'
Aug 10 01:19:29 nimbus-eth1-mainnet-short-benchmark[239204]: Submodule path 'vendor/nimbus-eth2/vendor/nim-libp2p': checked out 'cb467731bdfaf4284715f911b7b1b77add6720fa'
Aug 10 01:19:29 nimbus-eth1-mainnet-short-benchmark[239204]: Submodule path 'vendor/nimbus-eth2/vendor/nim-ssz-serialization': checked out '38c06c4da3554e08666740b27531037482c4df08'
Aug 10 01:19:30 nimbus-eth1-mainnet-short-benchmark[238360]: Submodule path 'vendor/nimcrypto': checked out '48f4079cf84640e85970298ca7fdf963c6966283'
Aug 10 01:19:35 nimbus-eth1-mainnet-short-benchmark[242708]: Building: Nim compiler
Aug 10 01:21:28 nimbus-eth1-mainnet-short-benchmark[242708]: Building custom Nimble commit: 42ef70c2102a942c46f13eb76872326edd525cec
Aug 10 01:21:38 nimbus-eth1-mainnet-short-benchmark[242708]: Building Nimble...
Aug 10 01:21:48 nimbus-eth1-mainnet-short-benchmark[242708]: Replacing nimble binary...
Aug 10 01:21:56 nimbus-eth1-mainnet-short-benchmark[258214]: cp: cannot stat '/data/status-im/nimbus-eth1/build/*': No such file or directory
Aug 10 01:21:56 nimbus-eth1-mainnet-short-benchmark[258188]: ROCKSDB VERSION NOT FOUND
Aug 10 01:21:56 nimbus-eth1-mainnet-short-benchmark[258339]: make[1]: Entering directory '/data/status-im/nimbus-eth1/vendor/nim-rocksdb/vendor/rocksdb'
Aug 10 01:21:56 nimbus-eth1-mainnet-short-benchmark[258339]: $DEBUG_LEVEL is 0, $LIB_MODE is static
Aug 10 01:21:56 nimbus-eth1-mainnet-short-benchmark[258339]: make[1]: Leaving directory '/data/status-im/nimbus-eth1/vendor/nim-rocksdb/vendor/rocksdb'
Aug 10 01:21:56 nimbus-eth1-mainnet-short-benchmark[258785]: Cleaning up RocksDb build artifacts.
Aug 10 01:21:57 nimbus-eth1-mainnet-short-benchmark[258218]: Building RocksDb static libraries.
Aug 10 01:25:10 nimbus-eth1-mainnet-short-benchmark[262315]: Building: build/nimbus_execution_client
Aug 10 01:27:38 nimbus-eth1-mainnet-short-benchmark[236729]: >>> renaming binaries to match commit they were built from
Aug 10 01:27:38 nimbus-eth1-mainnet-short-benchmark[236729]: >>> creating a symbolic link to the latest version
Aug 10 01:27:38 nimbus-eth1-mainnet-short-benchmark[236729]: >>> deleting copies that are older than N days
Aug 10 01:27:38 nimbus-eth1-mainnet-short-benchmark[236729]: <<< ending buildBinaries (success)
Aug 10 01:27:38 nimbus-eth1-mainnet-short-benchmark[236729]: >>> starting skipOrContinueBenchmark
Aug 10 01:27:38 nimbus-eth1-mainnet-short-benchmark[236729]: <<< ending skipOrContinueBenchmark (success)
Aug 10 01:27:38 nimbus-eth1-mainnet-short-benchmark[236729]: >>> starting copyTemplateDatabase
Aug 10 01:27:38 nimbus-eth1-mainnet-short-benchmark[236729]: >>> Copying template db into nimbus data directory
Aug 10 01:30:48 nimbus-eth1-mainnet-short-benchmark[236729]: >>> Template db copied
Aug 10 01:30:48 nimbus-eth1-mainnet-short-benchmark[236729]: >>> making nimbus the owner of the copied files
Aug 10 01:30:48 nimbus-eth1-mainnet-short-benchmark[236729]: <<< ending copyTemplateDatabase (success)
Aug 10 01:30:48 nimbus-eth1-mainnet-short-benchmark[236729]: >>> starting startNimbusWithImport
Aug 10 01:30:48 nimbus-eth1-mainnet-short-benchmark[268201]: INF 2026-08-10 01:30:48.432+00:00 Launching execution client                 version=v0.3.1-4e9d6fad config="(configFile: none(InputFile), dataDirFlag: some(/data/status-im/nimbus-eth1/data/shared_mainnet_0), era1DirFlag: some(/data/era1), eraDirFlag: some(/data/era), ereDirFlag: none(OutDir), keyStoreDirFlag: none(OutDir), importKey: , trustedSetupFile: none(string), extraData: Nimbus/v0.3.1-4e9d6fad, gasLimit: none(uint64), maxBlobs: none(byte), network: [mainnet], customNetwork: none(NetworkParams), networkId: 1, networkParams: (config: ..., genesis: (nonce: 0x0000000000000042, timestamp: 0, extraData: [17, 187, 232, 219, 78, 52, 123, 78, 140, 147, 124, 28, 131, 112, 228, 181, 237, 51, 173, 179, 219, 105, 203, 219, 122, 56, 225, 229, 11, 27, 130, 250], gasLimit: 5000, difficulty: 17179869184, mixHash: 0x0000000000000000000000000000000000000000000000000000000000000000, coinbase: 0x0000000000000000000000000000000000000000, alloc: 8893, number: 0, gasUser: 0, parentHash: 0x0000000000000000000000000000000000000000000000000000000000000000, baseFeePerGas: none(), blobGasUsed: -1, excessBlobGas: -1, parentBeaconBlockRoot: none())), logLevel: INFO, logFormat: auto, metricsEnabled: false, metricsPort: 9093, metricsAddress: 127.0.0.1, bootstrapNodes: [], elBootstrapNodes: [], bootstrapFile: , elBootstrapFile: , staticPeers: [], staticPeersFile: , reconnectMaxRetry: 0, reconnectInterval: 15, listenAddress: ::, tcpPort: 30303, udpPortFlag: none(Port), maxPeersOpt: none(int), elMaxPeersOpt: none(int), nat: (hasExtIp: false, nat: NatAny), discv5: true, netKey: random, agentString: Nimbus/v0.3.1-4e9d6fad/linux-amd64/Nim-2.2.10, numThreads: 0, persistBatchSize: 4, dynamicBatchSize: false, rocksdbMaxOpenFiles: 2048, rocksdbWriteBufferSize: 67108864, rocksdbRowCacheSize: 0, rocksdbBlockCacheSize: 2147483648, rocksdbBlockCacheType: hyperclock, rdbVtxCacheSize: 536870912, rdbKeyCacheSize: 1342177280, rdbBranchCacheSize: 1073741824, rdbPrintStats: false, rewriteDatadirId: true, aristoDbMaxSnapshots: 5, parallelStateRootComputation: false, parallelSenderRecovery: true, optimisticStatePrefetch: false, balStatePrefetch: false, balStatePrefetchWorkers: 0, balParallelExecution: false, eagerStateRootCheck: false, deserializeFcState: true, statelessProvider: false, statelessWitnessValidation: false, cmd: import, maxBlocks: 1000000, chunkSize: 8192, csvStats: some("/data/host-benchmarks/short/cf65593febb34ea7bf12b12e09629cc3/blocks-import-benchmark.csv"), validation: false, fullValidation: false, storeBodies: false, storeReceipts: false, storeSlotHashes: false)"
Aug 10 01:30:48 nimbus-eth1-mainnet-short-benchmark[268201]: WRN 2026-08-10 01:30:48.432+00:00 Data directory has insecure permissions. Correcting them. data_dir=/data/status-im/nimbus-eth1/data/shared_mainnet_0 current_permissions=0755 required_permissions=0700
Aug 10 01:30:50 nimbus-eth1-mainnet-short-benchmark[268201]: INF 2026-08-10 01:30:50.344+00:00 Taskpool started                           numThreads=16
Aug 10 01:30:50 nimbus-eth1-mainnet-short-benchmark[268201]: INF 2026-08-10 01:30:50.472+00:00 Writing data dir ID                        ID=0x0a036d6f6dfe59156bb6359f0243c93d5a421ed688de5aa85a62d15dca8dbd5c
Aug 10 01:30:50 nimbus-eth1-mainnet-short-benchmark[268201]: INF 2026-08-10 01:30:50.492+00:00 Database initialized                       base="(0xd24fd73f794058a3807db926d8898c6481e902b7edb91ce0d479d6760f276183, 20000000)" finalized="(0xd24fd73f794058a3807db926d8898c6481e902b7edb91ce0d479d6760f276183, 20000000)" head="(0xd4e56740f876aef8c010b86a40d5f56745a118d0906a34e69aec8c0db1cb8fa3, 0)"
Aug 10 01:30:50 nimbus-eth1-mainnet-short-benchmark[268201]: NTC 2026-08-10 01:30:50.492+00:00 Could not open ere database, falling back to era1/era import ereDir=/data/status-im/nimbus-eth1/data/shared_mainnet_0/ere networkName=mainnet error="No ere files found in /data/status-im/nimbus-eth1/data/shared_mainnet_0/ere"
Aug 10 01:30:50 nimbus-eth1-mainnet-short-benchmark[268201]: NTC 2026-08-10 01:30:50.492+00:00 Importing era archive                      blockNumber=20000001 dataDir=/data/status-im/nimbus-eth1/data/shared_mainnet_0 eraDir=/data/era
Aug 10 01:30:52 nimbus-eth1-mainnet-short-benchmark[268201]: NTC 2026-08-10 01:30:52.740+00:00 Matched block to slot number               blockNumber=20000001 slot=9204783
Aug 10 01:37:21 nimbus-eth1-mainnet-short-benchmark[268201]: INF 2026-08-10 01:37:21.387+00:00 Imported blocks                            blockNumber=20008193 slot=9213020 blocks=8192 txs=1226966 mgas=124237 bps=20.96 tps=3138 mgps=317.8 avgBps=20.96 avgTps=3138 avgMGps=317.8 elapsed=6m30s897ms
Aug 10 01:43:03 nimbus-eth1-mainnet-short-benchmark[268201]: INF 2026-08-10 01:43:03.550+00:00 Imported blocks                            blockNumber=20016385 slot=9221256 blocks=16384 txs=2540380 mgas=248071 bps=23.94 tps=3838 mgps=361.9 avgBps=22.35 avgTps=3465 avgMGps=338.4 elapsed=12m13s58ms
Aug 10 01:48:26 nimbus-eth1-mainnet-short-benchmark[268201]: INF 2026-08-10 01:48:26.357+00:00 Imported blocks                            blockNumber=20024577 slot=9229485 blocks=24576 txs=3869398 mgas=372018 bps=25.38 tps=4117 mgps=384.0 avgBps=23.28 avgTps=3664 avgMGps=352.3 elapsed=17m35s867ms
Aug 10 01:53:19 nimbus-eth1-mainnet-short-benchmark[268201]: INF 2026-08-10 01:53:19.093+00:00 Imported blocks                            blockNumber=20032769 slot=9237722 blocks=32768 txs=5222766 mgas=495797 bps=27.98 tps=4623 mgps=422.8 avgBps=24.30 avgTps=3872 avgMGps=367.6 elapsed=22m28s602ms
Aug 10 01:57:58 nimbus-eth1-mainnet-short-benchmark[268201]: INF 2026-08-10 01:57:58.045+00:00 Imported blocks                            blockNumber=20040961 slot=9245957 blocks=40960 txs=6566802 mgas=619586 bps=29.37 tps=4818 mgps=443.8 avgBps=25.17 avgTps=4034 avgMGps=380.7 elapsed=27m7s555ms
Aug 10 02:02:59 nimbus-eth1-mainnet-short-benchmark[268201]: INF 2026-08-10 02:02:59.345+00:00 Imported blocks                            blockNumber=20049153 slot=9254196 blocks=49152 txs=7904746 mgas=743522 bps=27.19 tps=4440 mgps=411.3 avgBps=25.48 avgTps=4098 avgMGps=385.5 elapsed=32m8s854ms
Aug 10 02:07:52 nimbus-eth1-mainnet-short-benchmark[268201]: INF 2026-08-10 02:07:52.241+00:00 Imported blocks                            blockNumber=20057345 slot=9262435 blocks=57344 txs=9212009 mgas=867360 bps=27.97 tps=4463 mgps=422.8 avgBps=25.81 avgTps=4146 avgMGps=390.4 elapsed=37m1s753ms
Aug 10 02:12:21 nimbus-eth1-mainnet-short-benchmark[268201]: INF 2026-08-10 02:12:21.885+00:00 Imported blocks                            blockNumber=20065537 slot=9270674 blocks=65536 txs=10559018 mgas=991371 bps=30.38 tps=4995 mgps=459.9 avgBps=26.30 avgTps=4238 avgMGps=397.9 elapsed=41m31s397ms
Aug 10 02:16:38 nimbus-eth1-mainnet-short-benchmark[268201]: INF 2026-08-10 02:16:38.477+00:00 Imported blocks                            blockNumber=20073729 slot=9278910 blocks=73728 txs=11898676 mgas=1115111 bps=31.93 tps=5221 mgps=482.3 avgBps=26.83 avgTps=4329 avgMGps=405.8 elapsed=45m47s985ms
Aug 10 02:20:41 nimbus-eth1-mainnet-short-benchmark[268201]: INF 2026-08-10 02:20:41.830+00:00 Imported blocks                            blockNumber=20081921 slot=9287152 blocks=81920 txs=13323263 mgas=1239150 bps=33.66 tps=5853 mgps=509.7 avgBps=27.39 avgTps=4453 avgMGps=414.2 elapsed=49m51s340ms
Aug 10 02:24:47 nimbus-eth1-mainnet-short-benchmark[268201]: INF 2026-08-10 02:24:47.122+00:00 Imported blocks                            blockNumber=20090113 slot=9295408 blocks=90112 txs=14697082 mgas=1363113 bps=33.40 tps=5600 mgps=505.4 avgBps=27.84 avgTps=4540 avgMGps=421.2 elapsed=53m56s631ms
Aug 10 02:29:10 nimbus-eth1-mainnet-short-benchmark[268201]: INF 2026-08-10 02:29:10.290+00:00 Imported blocks                            blockNumber=20098305 slot=9303658 blocks=98304 txs=16025683 mgas=1487146 bps=31.13 tps=5048 mgps=471.3 avgBps=28.09 avgTps=4579 avgMGps=424.9 elapsed=58m19s800ms
Aug 10 02:33:41 nimbus-eth1-mainnet-short-benchmark[268201]: INF 2026-08-10 02:33:41.627+00:00 Imported blocks                            blockNumber=20106497 slot=9311895 blocks=106496 txs=17337157 mgas=1611066 bps=30.19 tps=4833 mgps=456.7 avgBps=28.24 avgTps=4597 avgMGps=427.2 elapsed=1h2m51s
Aug 10 02:37:58 nimbus-eth1-mainnet-short-benchmark[268201]: INF 2026-08-10 02:37:58.099+00:00 Imported blocks                            blockNumber=20114689 slot=9320146 blocks=114688 txs=18632097 mgas=1735123 bps=31.94 tps=5049 mgps=483.7 avgBps=28.48 avgTps=4626 avgMGps=430.8 elapsed=1h7m7s
Aug 10 02:42:03 nimbus-eth1-mainnet-short-benchmark[268201]: INF 2026-08-10 02:42:03.871+00:00 Imported blocks                            blockNumber=20122881 slot=9328409 blocks=122880 txs=19937418 mgas=1859249 bps=33.33 tps=5311 mgps=505.0 avgBps=28.75 avgTps=4665 avgMGps=435.1 elapsed=1h11m13s
Aug 10 02:46:04 nimbus-eth1-mainnet-short-benchmark[268201]: INF 2026-08-10 02:46:04.872+00:00 Imported blocks                            blockNumber=20131073 slot=9336660 blocks=131072 txs=21214129 mgas=1983500 bps=33.99 tps=5297 mgps=515.6 avgBps=29.03 avgTps=4699 avgMGps=439.4 elapsed=1h15m14s
Aug 10 02:50:03 nimbus-eth1-mainnet-short-benchmark[268201]: INF 2026-08-10 02:50:03.405+00:00 Imported blocks                            blockNumber=20139265 slot=9344906 blocks=139264 txs=22579079 mgas=2107571 bps=34.34 tps=5722 mgps=520.1 avgBps=29.30 avgTps=4750 avgMGps=443.4 elapsed=1h19m12s
Aug 10 02:54:46 nimbus-eth1-mainnet-short-benchmark[268201]: INF 2026-08-10 02:54:46.197+00:00 Imported blocks                            blockNumber=20147457 slot=9353153 blocks=147456 txs=24133322 mgas=2231686 bps=28.97 tps=5496 mgps=438.9 avgBps=29.28 avgTps=4792 avgMGps=443.2 elapsed=1h23m55s
Aug 10 02:59:20 nimbus-eth1-mainnet-short-benchmark[268201]: INF 2026-08-10 02:59:20.821+00:00 Imported blocks                            blockNumber=20155649 slot=9361407 blocks=155648 txs=25424015 mgas=2356018 bps=29.83 tps=4699 mgps=452.7 avgBps=29.31 avgTps=4787 avgMGps=443.7 elapsed=1h28m30s
Aug 10 03:03:32 nimbus-eth1-mainnet-short-benchmark[268201]: INF 2026-08-10 03:03:32.805+00:00 Imported blocks                            blockNumber=20163841 slot=9369652 blocks=163840 txs=26749549 mgas=2480207 bps=32.51 tps=5260 mgps=492.8 avgBps=29.46 avgTps=4809 avgMGps=445.9 elapsed=1h32m42s
Aug 10 03:07:38 nimbus-eth1-mainnet-short-benchmark[268201]: INF 2026-08-10 03:07:38.582+00:00 Imported blocks                            blockNumber=20172033 slot=9377892 blocks=172032 txs=28105316 mgas=2604026 bps=33.33 tps=5516 mgps=503.8 avgBps=29.62 avgTps=4838 avgMGps=448.3 elapsed=1h36m48s
Aug 10 03:11:50 nimbus-eth1-mainnet-short-benchmark[268201]: INF 2026-08-10 03:11:50.674+00:00 Imported blocks                            blockNumber=20180225 slot=9386128 blocks=180224 txs=29524405 mgas=2728170 bps=32.50 tps=5629 mgps=492.4 avgBps=29.74 avgTps=4871 avgMGps=450.2 elapsed=1h41m185ms
Aug 10 03:15:46 nimbus-eth1-mainnet-short-benchmark[268201]: INF 2026-08-10 03:15:46.359+00:00 Imported blocks                            blockNumber=20188417 slot=9394365 blocks=188416 txs=30849021 mgas=2852023 bps=34.76 tps=5620 mgps=525.5 avgBps=29.93 avgTps=4899 avgMGps=453.0 elapsed=1h44m55s
Aug 10 03:20:05 nimbus-eth1-mainnet-short-benchmark[268201]: INF 2026-08-10 03:20:05.207+00:00 Imported blocks                            blockNumber=20196609 slot=9402602 blocks=196608 txs=32174755 mgas=2976155 bps=31.65 tps=5121 mgps=479.6 avgBps=29.99 avgTps=4908 avgMGps=454.0 elapsed=1h49m14s
Aug 10 03:24:38 nimbus-eth1-mainnet-short-benchmark[268201]: INF 2026-08-10 03:24:38.619+00:00 Imported blocks                            blockNumber=20204801 slot=9410840 blocks=204800 txs=33475942 mgas=3100410 bps=29.96 tps=4759 mgps=454.5 avgBps=29.99 avgTps=4902 avgMGps=454.1 elapsed=1h53m48s
Aug 10 03:28:49 nimbus-eth1-mainnet-short-benchmark[268201]: INF 2026-08-10 03:28:49.648+00:00 Imported blocks                            blockNumber=20212993 slot=9419071 blocks=212992 txs=34798508 mgas=3224370 bps=32.63 tps=5268 mgps=493.8 avgBps=30.09 avgTps=4915 avgMGps=455.5 elapsed=1h57m59s
Aug 10 03:32:56 nimbus-eth1-mainnet-short-benchmark[268201]: INF 2026-08-10 03:32:56.688+00:00 Imported blocks                            blockNumber=20221185 slot=9427313 blocks=221184 txs=36114045 mgas=3348169 bps=33.16 tps=5325 mgps=501.1 avgBps=30.19 avgTps=4929 avgMGps=457.0 elapsed=2h2m6s
Aug 10 03:36:43 nimbus-eth1-mainnet-short-benchmark[268201]: INF 2026-08-10 03:36:43.805+00:00 Imported blocks                            blockNumber=20229377 slot=9435549 blocks=229376 txs=37421794 mgas=3472031 bps=36.07 tps=5757 mgps=545.4 avgBps=30.37 avgTps=4954 avgMGps=459.7 elapsed=2h5m53s
Aug 10 03:40:41 nimbus-eth1-mainnet-short-benchmark[268201]: INF 2026-08-10 03:40:41.725+00:00 Imported blocks                            blockNumber=20237569 slot=9443788 blocks=237568 txs=38842064 mgas=3596351 bps=34.43 tps=5969 mgps=522.5 avgBps=30.49 avgTps=4985 avgMGps=461.6 elapsed=2h9m51s
Aug 10 03:44:57 nimbus-eth1-mainnet-short-benchmark[268201]: INF 2026-08-10 03:44:57.566+00:00 Imported blocks                            blockNumber=20245761 slot=9452021 blocks=245760 txs=40225739 mgas=3720100 bps=32.02 tps=5408 mgps=483.7 avgBps=30.54 avgTps=4998 avgMGps=462.3 elapsed=2h14m7s
Aug 10 03:49:29 nimbus-eth1-mainnet-short-benchmark[268201]: INF 2026-08-10 03:49:29.806+00:00 Imported blocks                            blockNumber=20253953 slot=9460253 blocks=253952 txs=41454921 mgas=3844385 bps=30.09 tps=4515 mgps=456.5 avgBps=30.53 avgTps=4982 avgMGps=462.1 elapsed=2h18m39s
Aug 10 03:53:46 nimbus-eth1-mainnet-short-benchmark[268201]: INF 2026-08-10 03:53:46.946+00:00 Imported blocks                            blockNumber=20262145 slot=9468495 blocks=262144 txs=42726051 mgas=3968623 bps=31.86 tps=4943 mgps=483.2 avgBps=30.57 avgTps=4981 avgMGps=462.7 elapsed=2h22m56s
Aug 10 03:57:49 nimbus-eth1-mainnet-short-benchmark[268201]: INF 2026-08-10 03:57:49.711+00:00 Imported blocks                            blockNumber=20270337 slot=9476748 blocks=270336 txs=44050436 mgas=4092682 bps=33.74 tps=5455 mgps=511.0 avgBps=30.65 avgTps=4994 avgMGps=464.1 elapsed=2h26m59s
Aug 10 04:01:35 nimbus-eth1-mainnet-short-benchmark[268201]: INF 2026-08-10 04:01:35.732+00:00 Imported blocks                            blockNumber=20278529 slot=9484981 blocks=278528 txs=45382368 mgas=4216487 bps=36.24 tps=5892 mgps=547.8 avgBps=30.79 avgTps=5017 avgMGps=466.2 elapsed=2h30m45s
Aug 10 04:05:27 nimbus-eth1-mainnet-short-benchmark[268201]: INF 2026-08-10 04:05:27.088+00:00 Imported blocks                            blockNumber=20286721 slot=9493213 blocks=286720 txs=46733429 mgas=4340363 bps=35.41 tps=5839 mgps=535.4 avgBps=30.91 avgTps=5037 avgMGps=467.9 elapsed=2h34m36s
Aug 10 04:09:41 nimbus-eth1-mainnet-short-benchmark[268201]: INF 2026-08-10 04:09:41.069+00:00 Imported blocks                            blockNumber=20294913 slot=9501453 blocks=294912 txs=48075887 mgas=4464376 bps=32.25 tps=5285 mgps=488.3 avgBps=30.94 avgTps=5044 avgMGps=468.4 elapsed=2h38m50s
Aug 10 04:13:51 nimbus-eth1-mainnet-short-benchmark[268201]: INF 2026-08-10 04:13:51.309+00:00 Imported blocks                            blockNumber=20303105 slot=9509696 blocks=303104 txs=49379538 mgas=4588534 bps=32.74 tps=5209 mgps=496.2 avgBps=30.99 avgTps=5048 avgMGps=469.1 elapsed=2h43m818ms
Aug 10 04:17:54 nimbus-eth1-mainnet-short-benchmark[268201]: INF 2026-08-10 04:17:54.974+00:00 Imported blocks                            blockNumber=20311297 slot=9517922 blocks=311296 txs=50637672 mgas=4712596 bps=33.62 tps=5163 mgps=509.1 avgBps=31.05 avgTps=5051 avgMGps=470.1 elapsed=2h47m4s
Aug 10 04:21:47 nimbus-eth1-mainnet-short-benchmark[268201]: INF 2026-08-10 04:21:47.507+00:00 Imported blocks                            blockNumber=20319489 slot=9526159 blocks=319488 txs=51981692 mgas=4836521 bps=35.23 tps=5779 mgps=532.9 avgBps=31.15 avgTps=5067 avgMGps=471.5 elapsed=2h50m57s
Aug 10 04:25:21 nimbus-eth1-mainnet-short-benchmark[268201]: INF 2026-08-10 04:25:21.163+00:00 Imported blocks                            blockNumber=20327681 slot=9534381 blocks=327680 txs=53356123 mgas=4960245 bps=38.34 tps=6432 mgps=579.1 avgBps=31.30 avgTps=5095 avgMGps=473.7 elapsed=2h54m30s
Aug 10 04:28:54 nimbus-eth1-mainnet-short-benchmark[268201]: INF 2026-08-10 04:28:54.448+00:00 Imported blocks                            blockNumber=20335873 slot=9542617 blocks=335872 txs=54719105 mgas=5084025 bps=38.41 tps=6390 mgps=580.3 avgBps=31.44 avgTps=5121 avgMGps=475.9 elapsed=2h58m3s
Aug 10 04:32:44 nimbus-eth1-mainnet-short-benchmark[268201]: INF 2026-08-10 04:32:44.821+00:00 Imported blocks                            blockNumber=20344065 slot=9550841 blocks=344064 txs=56021853 mgas=5207843 bps=35.56 tps=5654 mgps=537.5 avgBps=31.52 avgTps=5132 avgMGps=477.2 elapsed=3h1m54s
Aug 10 04:37:08 nimbus-eth1-mainnet-short-benchmark[268201]: INF 2026-08-10 04:37:08.385+00:00 Imported blocks                            blockNumber=20352257 slot=9559072 blocks=352256 txs=57290408 mgas=5332016 bps=31.08 tps=4813 mgps=471.1 avgBps=31.51 avgTps=5125 avgMGps=477.0 elapsed=3h6m17s
Aug 10 04:41:08 nimbus-eth1-mainnet-short-benchmark[268201]: INF 2026-08-10 04:41:08.666+00:00 Imported blocks                            blockNumber=20360449 slot=9567308 blocks=360448 txs=58543463 mgas=5456201 bps=34.09 tps=5214 mgps=516.8 avgBps=31.57 avgTps=5127 avgMGps=477.9 elapsed=3h10m18s
Aug 10 04:45:02 nimbus-eth1-mainnet-short-benchmark[268201]: INF 2026-08-10 04:45:02.195+00:00 Imported blocks                            blockNumber=20368641 slot=9575548 blocks=368640 txs=59874056 mgas=5580204 bps=35.08 tps=5697 mgps=531.0 avgBps=31.64 avgTps=5138 avgMGps=478.9 elapsed=3h14m11s
Aug 10 04:49:02 nimbus-eth1-mainnet-short-benchmark[268201]: INF 2026-08-10 04:49:02.915+00:00 Imported blocks                            blockNumber=20376833 slot=9583774 blocks=376832 txs=61167066 mgas=5704396 bps=34.03 tps=5371 mgps=515.9 avgBps=31.69 avgTps=5143 avgMGps=479.7 elapsed=3h18m12s
Aug 10 04:52:59 nimbus-eth1-mainnet-short-benchmark[268201]: INF 2026-08-10 04:52:59.512+00:00 Imported blocks                            blockNumber=20385025 slot=9592009 blocks=385024 txs=62480333 mgas=5828235 bps=34.62 tps=5550 mgps=523.4 avgBps=31.74 avgTps=5151 avgMGps=480.5 elapsed=3h22m9s
Aug 10 04:56:55 nimbus-eth1-mainnet-short-benchmark[268201]: INF 2026-08-10 04:56:55.085+00:00 Imported blocks                            blockNumber=20393217 slot=9600248 blocks=393216 txs=63800597 mgas=5952136 bps=34.77 tps=5604 mgps=526.0 avgBps=31.80 avgTps=5159 avgMGps=481.4 elapsed=3h26m4s
Aug 10 05:00:45 nimbus-eth1-mainnet-short-benchmark[268201]: INF 2026-08-10 05:00:45.249+00:00 Imported blocks                            blockNumber=20401409 slot=9608486 blocks=401408 txs=65021243 mgas=6076384 bps=35.59 tps=5303 mgps=539.8 avgBps=31.87 avgTps=5162 avgMGps=482.5 elapsed=3h29m54s
Aug 10 05:04:45 nimbus-eth1-mainnet-short-benchmark[268201]: INF 2026-08-10 05:04:45.894+00:00 Imported blocks                            blockNumber=20409601 slot=9616707 blocks=409600 txs=66199016 mgas=6200666 bps=34.04 tps=4894 mgps=516.5 avgBps=31.91 avgTps=5157 avgMGps=483.1 elapsed=3h33m55s
Aug 10 05:08:39 nimbus-eth1-mainnet-short-benchmark[268201]: INF 2026-08-10 05:08:39.219+00:00 Imported blocks                            blockNumber=20417793 slot=9624941 blocks=417792 txs=67453930 mgas=6324823 bps=35.11 tps=5378 mgps=532.1 avgBps=31.97 avgTps=5161 avgMGps=484.0 elapsed=3h37m48s
Aug 10 05:12:05 nimbus-eth1-mainnet-short-benchmark[268201]: INF 2026-08-10 05:12:05.944+00:00 Imported blocks                            blockNumber=20425985 slot=9633187 blocks=425984 txs=68814904 mgas=6448778 bps=39.63 tps=6583 mgps=599.6 avgBps=32.09 avgTps=5183 avgMGps=485.8 elapsed=3h41m15s
Aug 10 05:15:32 nimbus-eth1-mainnet-short-benchmark[268201]: INF 2026-08-10 05:15:32.585+00:00 Imported blocks                            blockNumber=20434177 slot=9641422 blocks=434176 txs=70124508 mgas=6572711 bps=39.64 tps=6337 mgps=599.7 avgBps=32.20 avgTps=5201 avgMGps=487.5 elapsed=3h44m42s
Aug 10 05:19:10 nimbus-eth1-mainnet-short-benchmark[268201]: INF 2026-08-10 05:19:10.274+00:00 Imported blocks                            blockNumber=20442369 slot=9649657 blocks=442368 txs=71403576 mgas=6696451 bps=37.63 tps=5875 mgps=568.4 avgBps=32.29 avgTps=5212 avgMGps=488.8 elapsed=3h48m19s
Aug 10 05:23:07 nimbus-eth1-mainnet-short-benchmark[268201]: INF 2026-08-10 05:23:07.486+00:00 Imported blocks                            blockNumber=20450561 slot=9657896 blocks=450560 txs=72659905 mgas=6820521 bps=34.53 tps=5296 mgps=523.0 avgBps=32.33 avgTps=5213 avgMGps=489.4 elapsed=3h52m16s
Aug 10 05:27:25 nimbus-eth1-mainnet-short-benchmark[268201]: INF 2026-08-10 05:27:25.527+00:00 Imported blocks                            blockNumber=20458753 slot=9666114 blocks=458752 txs=73838533 mgas=6945116 bps=31.75 tps=4567 mgps=482.9 avgBps=32.32 avgTps=5201 avgMGps=489.3 elapsed=3h56m35s
Aug 10 05:31:21 nimbus-eth1-mainnet-short-benchmark[268201]: INF 2026-08-10 05:31:21.215+00:00 Imported blocks                            blockNumber=20466945 slot=9674343 blocks=466944 txs=75124748 mgas=7068943 bps=34.76 tps=5457 mgps=525.4 avgBps=32.36 avgTps=5205 avgMGps=489.9 elapsed=4h30s725ms
Aug 10 05:35:13 nimbus-eth1-mainnet-short-benchmark[268201]: INF 2026-08-10 05:35:13.704+00:00 Imported blocks                            blockNumber=20475137 slot=9682575 blocks=475136 txs=76420106 mgas=7192870 bps=35.24 tps=5571 mgps=533.1 avgBps=32.40 avgTps=5211 avgMGps=490.5 elapsed=4h4m23s
Aug 10 05:38:55 nimbus-eth1-mainnet-short-benchmark[268201]: INF 2026-08-10 05:38:55.745+00:00 Imported blocks                            blockNumber=20483329 slot=9690800 blocks=483328 txs=77675422 mgas=7316939 bps=36.89 tps=5653 mgps=558.8 avgBps=32.47 avgTps=5218 avgMGps=491.6 elapsed=4h8m5s
Aug 10 05:42:34 nimbus-eth1-mainnet-short-benchmark[268201]: INF 2026-08-10 05:42:34.946+00:00 Imported blocks                            blockNumber=20491521 slot=9699019 blocks=491520 txs=78951232 mgas=7440784 bps=37.37 tps=5820 mgps=565.0 avgBps=32.54 avgTps=5227 avgMGps=492.6 elapsed=4h11m44s
Aug 10 05:46:32 nimbus-eth1-mainnet-short-benchmark[268201]: INF 2026-08-10 05:46:32.746+00:00 Imported blocks                            blockNumber=20499713 slot=9707248 blocks=499712 txs=80189642 mgas=7564669 bps=34.45 tps=5207 mgps=521.0 avgBps=32.57 avgTps=5226 avgMGps=493.1 elapsed=4h15m42s
Aug 10 05:50:35 nimbus-eth1-mainnet-short-benchmark[268201]: INF 2026-08-10 05:50:35.559+00:00 Imported blocks                            blockNumber=20507905 slot=9715488 blocks=507904 txs=81317763 mgas=7689208 bps=33.74 tps=4646 mgps=512.9 avgBps=32.59 avgTps=5217 avgMGps=493.4 elapsed=4h19m45s
Aug 10 05:54:11 nimbus-eth1-mainnet-short-benchmark[268201]: INF 2026-08-10 05:54:11.264+00:00 Imported blocks                            blockNumber=20516097 slot=9723715 blocks=516096 txs=82520262 mgas=7813209 bps=37.98 tps=5574 mgps=574.9 avgBps=32.66 avgTps=5222 avgMGps=494.5 elapsed=4h23m20s
Aug 10 05:57:58 nimbus-eth1-mainnet-short-benchmark[268201]: INF 2026-08-10 05:57:58.533+00:00 Imported blocks                            blockNumber=20524289 slot=9731945 blocks=524288 txs=83780075 mgas=7937233 bps=36.05 tps=5543 mgps=545.7 avgBps=32.71 avgTps=5227 avgMGps=495.2 elapsed=4h27m8s
Aug 10 06:01:46 nimbus-eth1-mainnet-short-benchmark[268201]: INF 2026-08-10 06:01:46.765+00:00 Imported blocks                            blockNumber=20532481 slot=9740183 blocks=532480 txs=85263862 mgas=8061024 bps=35.89 tps=6501 mgps=542.4 avgBps=32.76 avgTps=5244 avgMGps=495.9 elapsed=4h30m56s
Aug 10 06:05:41 nimbus-eth1-mainnet-short-benchmark[268201]: INF 2026-08-10 06:05:41.982+00:00 Imported blocks                            blockNumber=20540673 slot=9748418 blocks=540672 txs=86612143 mgas=8185090 bps=34.83 tps=5732 mgps=527.5 avgBps=32.78 avgTps=5251 avgMGps=496.3 elapsed=4h34m51s
Aug 10 06:09:44 nimbus-eth1-mainnet-short-benchmark[268201]: INF 2026-08-10 06:09:44.919+00:00 Imported blocks                            blockNumber=20548865 slot=9756662 blocks=548864 txs=87802991 mgas=8309513 bps=33.72 tps=4901 mgps=512.2 avgBps=32.80 avgTps=5246 avgMGps=496.6 elapsed=4h38m54s
Aug 10 06:13:47 nimbus-eth1-mainnet-short-benchmark[268201]: INF 2026-08-10 06:13:47.467+00:00 Imported blocks                            blockNumber=20557057 slot=9764892 blocks=557056 txs=88964987 mgas=8433956 bps=33.77 tps=4790 mgps=513.1 avgBps=32.81 avgTps=5240 avgMGps=496.8 elapsed=4h42m56s
Aug 10 06:17:38 nimbus-eth1-mainnet-short-benchmark[268201]: INF 2026-08-10 06:17:38.520+00:00 Imported blocks                            blockNumber=20565249 slot=9773131 blocks=565248 txs=90186094 mgas=8558113 bps=35.46 tps=5285 mgps=537.4 avgBps=32.85 avgTps=5240 avgMGps=497.3 elapsed=4h46m48s
Aug 10 06:21:31 nimbus-eth1-mainnet-short-benchmark[268201]: INF 2026-08-10 06:21:31.045+00:00 Imported blocks                            blockNumber=20573441 slot=9781369 blocks=573440 txs=91404654 mgas=8682228 bps=35.23 tps=5240 mgps=533.8 avgBps=32.88 avgTps=5240 avgMGps=497.8 elapsed=4h50m40s
Aug 10 06:25:17 nimbus-eth1-mainnet-short-benchmark[268201]: INF 2026-08-10 06:25:17.349+00:00 Imported blocks                            blockNumber=20581633 slot=9789611 blocks=581632 txs=92628389 mgas=8806651 bps=36.20 tps=5407 mgps=549.8 avgBps=32.92 avgTps=5243 avgMGps=498.5 elapsed=4h54m26s
Aug 10 06:29:11 nimbus-eth1-mainnet-short-benchmark[268201]: INF 2026-08-10 06:29:11.130+00:00 Imported blocks                            blockNumber=20589825 slot=9797855 blocks=589824 txs=93887208 mgas=8931023 bps=35.04 tps=5384 mgps=532.0 avgBps=32.95 avgTps=5244 avgMGps=498.9 elapsed=4h58m20s
Aug 10 06:33:09 nimbus-eth1-mainnet-short-benchmark[268201]: INF 2026-08-10 06:33:09.595+00:00 Imported blocks                            blockNumber=20598017 slot=9806095 blocks=598016 txs=95163338 mgas=9055310 bps=34.35 tps=5351 mgps=521.2 avgBps=32.97 avgTps=5246 avgMGps=499.2 elapsed=5h2m19s
Aug 10 06:37:09 nimbus-eth1-mainnet-short-benchmark[268201]: INF 2026-08-10 06:37:09.115+00:00 Imported blocks                            blockNumber=20606209 slot=9814347 blocks=606208 txs=96334664 mgas=9179976 bps=34.20 tps=4890 mgps=520.5 avgBps=32.98 avgTps=5241 avgMGps=499.5 elapsed=5h6m18s
Aug 10 06:40:57 nimbus-eth1-mainnet-short-benchmark[268201]: INF 2026-08-10 06:40:57.268+00:00 Imported blocks                            blockNumber=20614401 slot=9822581 blocks=614400 txs=97573414 mgas=9304574 bps=35.91 tps=5429 mgps=546.1 avgBps=33.02 avgTps=5243 avgMGps=500.1 elapsed=5h10m6s
Aug 10 06:44:45 nimbus-eth1-mainnet-short-benchmark[268201]: INF 2026-08-10 06:44:45.745+00:00 Imported blocks                            blockNumber=20622593 slot=9830821 blocks=622592 txs=98874772 mgas=9428835 bps=35.85 tps=5695 mgps=543.9 avgBps=33.05 avgTps=5249 avgMGps=500.6 elapsed=5h13m55s
Aug 10 06:48:27 nimbus-eth1-mainnet-short-benchmark[268201]: INF 2026-08-10 06:48:27.926+00:00 Imported blocks                            blockNumber=20630785 slot=9839058 blocks=630784 txs=100178707 mgas=9553009 bps=36.87 tps=5868 mgps=558.9 avgBps=33.10 avgTps=5256 avgMGps=501.3 elapsed=5h17m37s
Aug 10 06:52:19 nimbus-eth1-mainnet-short-benchmark[268201]: INF 2026-08-10 06:52:19.642+00:00 Imported blocks                            blockNumber=20638977 slot=9847313 blocks=638976 txs=101489116 mgas=9677171 bps=35.35 tps=5655 mgps=535.8 avgBps=33.13 avgTps=5261 avgMGps=501.7 elapsed=5h21m29s
Aug 10 06:56:09 nimbus-eth1-mainnet-short-benchmark[268201]: INF 2026-08-10 06:56:09.403+00:00 Imported blocks                            blockNumber=20647169 slot=9855549 blocks=647168 txs=102730058 mgas=9801643 bps=35.65 tps=5400 mgps=541.7 avgBps=33.16 avgTps=5263 avgMGps=502.2 elapsed=5h25m18s
Aug 10 07:00:12 nimbus-eth1-mainnet-short-benchmark[268201]: INF 2026-08-10 07:00:12.556+00:00 Imported blocks                            blockNumber=20655361 slot=9863778 blocks=655360 txs=103868002 mgas=9926541 bps=33.69 tps=4679 mgps=513.7 avgBps=33.16 avgTps=5255 avgMGps=502.3 elapsed=5h29m22s
Aug 10 07:03:58 nimbus-eth1-mainnet-short-benchmark[268201]: INF 2026-08-10 07:03:58.804+00:00 Imported blocks                            blockNumber=20663553 slot=9872013 blocks=663552 txs=105112198 mgas=10051274 bps=36.21 tps=5499 mgps=551.3 avgBps=33.20 avgTps=5258 avgMGps=502.9 elapsed=5h33m8s
Aug 10 07:07:33 nimbus-eth1-mainnet-short-benchmark[268201]: INF 2026-08-10 07:07:33.285+00:00 Imported blocks                            blockNumber=20671745 slot=9880241 blocks=671744 txs=106395904 mgas=10175177 bps=38.19 tps=5985 mgps=577.7 avgBps=33.25 avgTps=5266 avgMGps=503.7 elapsed=5h36m42s
Aug 10 07:11:14 nimbus-eth1-mainnet-short-benchmark[268201]: INF 2026-08-10 07:11:14.118+00:00 Imported blocks                            blockNumber=20679937 slot=9888471 blocks=679936 txs=107674271 mgas=10299404 bps=37.10 tps=5788 mgps=562.6 avgBps=33.29 avgTps=5272 avgMGps=504.3 elapsed=5h40m23s
Aug 10 07:14:46 nimbus-eth1-mainnet-short-benchmark[268201]: INF 2026-08-10 07:14:46.091+00:00 Imported blocks                            blockNumber=20688129 slot=9896698 blocks=688128 txs=108938536 mgas=10423298 bps=38.65 tps=5964 mgps=584.5 avgBps=33.35 avgTps=5279 avgMGps=505.1 elapsed=5h43m55s
Aug 10 07:18:31 nimbus-eth1-mainnet-short-benchmark[268201]: INF 2026-08-10 07:18:31.016+00:00 Imported blocks                            blockNumber=20696321 slot=9904930 blocks=696320 txs=110235786 mgas=10547469 bps=36.42 tps=5767 mgps=552.1 avgBps=33.38 avgTps=5284 avgMGps=505.6 elapsed=5h47m40s
Aug 10 07:22:32 nimbus-eth1-mainnet-short-benchmark[268201]: INF 2026-08-10 07:22:32.676+00:00 Imported blocks                            blockNumber=20704513 slot=9913154 blocks=704512 txs=111483759 mgas=10671677 bps=33.90 tps=5164 mgps=514.0 avgBps=33.39 avgTps=5283 avgMGps=505.7 elapsed=5h51m42s
Aug 10 07:26:20 nimbus-eth1-mainnet-short-benchmark[268201]: INF 2026-08-10 07:26:20.133+00:00 Imported blocks                            blockNumber=20712705 slot=9921388 blocks=712704 txs=112764170 mgas=10795980 bps=36.02 tps=5629 mgps=546.5 avgBps=33.41 avgTps=5286 avgMGps=506.1 elapsed=5h55m29s
Aug 10 07:29:53 nimbus-eth1-mainnet-short-benchmark[268201]: INF 2026-08-10 07:29:53.362+00:00 Imported blocks                            blockNumber=20720897 slot=9929633 blocks=720896 txs=114110517 mgas=10919926 bps=38.42 tps=6314 mgps=581.3 avgBps=33.46 avgTps=5296 avgMGps=506.9 elapsed=5h59m2s
Aug 10 07:33:33 nimbus-eth1-mainnet-short-benchmark[268201]: INF 2026-08-10 07:33:33.079+00:00 Imported blocks                            blockNumber=20729089 slot=9937869 blocks=729088 txs=115449431 mgas=11043768 bps=37.28 tps=6093 mgps=563.6 avgBps=33.50 avgTps=5304 avgMGps=507.5 elapsed=6h2m42s
Aug 10 07:37:04 nimbus-eth1-mainnet-short-benchmark[268201]: INF 2026-08-10 07:37:04.444+00:00 Imported blocks                            blockNumber=20737281 slot=9946108 blocks=737280 txs=116784468 mgas=11167784 bps=38.76 tps=6316 mgps=586.7 avgBps=33.55 avgTps=5314 avgMGps=508.2 elapsed=6h6m13s
Aug 10 07:40:46 nimbus-eth1-mainnet-short-benchmark[268201]: INF 2026-08-10 07:40:46.665+00:00 Imported blocks                            blockNumber=20745473 slot=9954342 blocks=745472 txs=118101003 mgas=11291742 bps=36.86 tps=5924 mgps=557.8 avgBps=33.59 avgTps=5320 avgMGps=508.7 elapsed=6h9m56s
Aug 10 07:44:44 nimbus-eth1-mainnet-short-benchmark[268201]: INF 2026-08-10 07:44:44.750+00:00 Imported blocks                            blockNumber=20753665 slot=9962581 blocks=753664 txs=119337525 mgas=11415859 bps=34.41 tps=5193 mgps=521.3 avgBps=33.59 avgTps=5319 avgMGps=508.9 elapsed=6h13m54s
Aug 10 07:48:31 nimbus-eth1-mainnet-short-benchmark[268201]: INF 2026-08-10 07:48:31.254+00:00 Imported blocks                            blockNumber=20761857 slot=9970803 blocks=761856 txs=120564314 mgas=11540225 bps=36.17 tps=5416 mgps=549.1 avgBps=33.62 avgTps=5320 avgMGps=509.3 elapsed=6h17m40s
Aug 10 07:52:04 nimbus-eth1-mainnet-short-benchmark[268201]: INF 2026-08-10 07:52:04.823+00:00 Imported blocks                            blockNumber=20770049 slot=9979058 blocks=770048 txs=121858083 mgas=11663918 bps=38.36 tps=6057 mgps=579.2 avgBps=33.66 avgTps=5327 avgMGps=509.9 elapsed=6h21m14s
Aug 10 07:55:29 nimbus-eth1-mainnet-short-benchmark[268201]: INF 2026-08-10 07:55:29.800+00:00 Imported blocks                            blockNumber=20778241 slot=9987307 blocks=778240 txs=123161734 mgas=11787906 bps=39.96 tps=6359 mgps=604.9 avgBps=33.72 avgTps=5336 avgMGps=510.8 elapsed=6h24m39s
Aug 10 07:58:48 nimbus-eth1-mainnet-short-benchmark[268201]: INF 2026-08-10 07:58:48.078+00:00 Imported blocks                            blockNumber=20786433 slot=9995542 blocks=786432 txs=124509456 mgas=11911612 bps=41.32 tps=6797 mgps=623.9 avgBps=33.78 avgTps=5348 avgMGps=511.7 elapsed=6h27m57s
Aug 10 08:02:13 nimbus-eth1-mainnet-short-benchmark[268201]: INF 2026-08-10 08:02:13.439+00:00 Imported blocks                            blockNumber=20794625 slot=10003781 blocks=794624 txs=125848921 mgas=12035338 bps=39.89 tps=6522 mgps=602.5 avgBps=33.84 avgTps=5359 avgMGps=512.5 elapsed=6h31m22s
Aug 10 08:05:43 nimbus-eth1-mainnet-short-benchmark[268201]: INF 2026-08-10 08:05:43.380+00:00 Imported blocks                            blockNumber=20802817 slot=10012028 blocks=802816 txs=127089868 mgas=12158989 bps=39.02 tps=5910 mgps=589.0 avgBps=33.88 avgTps=5364 avgMGps=513.2 elapsed=6h34m52s
Aug 10 08:09:22 nimbus-eth1-mainnet-short-benchmark[268201]: INF 2026-08-10 08:09:22.733+00:00 Imported blocks                            blockNumber=20811009 slot=10020249 blocks=811008 txs=128299762 mgas=12282850 bps=37.35 tps=5515 mgps=564.7 avgBps=33.92 avgTps=5365 avgMGps=513.7 elapsed=6h38m32s
Aug 10 08:12:48 nimbus-eth1-mainnet-short-benchmark[268201]: INF 2026-08-10 08:12:48.494+00:00 Imported blocks                            blockNumber=20819201 slot=10028481 blocks=819200 txs=129596319 mgas=12406594 bps=39.81 tps=6301 mgps=601.4 avgBps=33.97 avgTps=5373 avgMGps=514.4 elapsed=6h41m58s
Aug 10 08:16:13 nimbus-eth1-mainnet-short-benchmark[268201]: INF 2026-08-10 08:16:13.007+00:00 Imported blocks                            blockNumber=20827393 slot=10036710 blocks=827392 txs=130916729 mgas=12530249 bps=40.06 tps=6456 mgps=604.6 avgBps=34.02 avgTps=5382 avgMGps=515.2 elapsed=6h45m22s
Aug 10 08:19:37 nimbus-eth1-mainnet-short-benchmark[268201]: INF 2026-08-10 08:19:37.560+00:00 Imported blocks                            blockNumber=20835585 slot=10044938 blocks=835584 txs=132226625 mgas=12654070 bps=40.05 tps=6403 mgps=605.3 avgBps=34.07 avgTps=5391 avgMGps=515.9 elapsed=6h48m47s
Aug 10 08:23:12 nimbus-eth1-mainnet-short-benchmark[268201]: INF 2026-08-10 08:23:12.245+00:00 Imported blocks                            blockNumber=20843777 slot=10053164 blocks=843776 txs=133604192 mgas=12777730 bps=38.16 tps=6416 mgps=576.0 avgBps=34.10 avgTps=5399 avgMGps=516.4 elapsed=6h52m21s
Aug 10 08:27:16 nimbus-eth1-mainnet-short-benchmark[268201]: INF 2026-08-10 08:27:16.221+00:00 Imported blocks                            blockNumber=20851969 slot=10061391 blocks=851968 txs=134900706 mgas=12901664 bps=33.58 tps=5314 mgps=508.0 avgBps=34.10 avgTps=5399 avgMGps=516.4 elapsed=6h56m25s
Aug 10 08:31:07 nimbus-eth1-mainnet-short-benchmark[268201]: INF 2026-08-10 08:31:07.366+00:00 Imported blocks                            blockNumber=20860161 slot=10069622 blocks=860160 txs=136168750 mgas=13025603 bps=35.44 tps=5485 mgps=536.2 avgBps=34.11 avgTps=5399 avgMGps=516.5 elapsed=7h16s875ms
Aug 10 08:34:55 nimbus-eth1-mainnet-short-benchmark[268201]: INF 2026-08-10 08:34:55.891+00:00 Imported blocks                            blockNumber=20868353 slot=10077838 blocks=868352 txs=137550724 mgas=13149742 bps=35.85 tps=6047 mgps=543.2 avgBps=34.13 avgTps=5405 avgMGps=516.8 elapsed=7h4m5s
Aug 10 08:38:41 nimbus-eth1-mainnet-short-benchmark[268201]: INF 2026-08-10 08:38:41.479+00:00 Imported blocks                            blockNumber=20876545 slot=10086066 blocks=876544 txs=138954673 mgas=13273457 bps=36.31 tps=6223 mgps=548.4 avgBps=34.15 avgTps=5412 avgMGps=517.1 elapsed=7h7m50s
Aug 10 08:42:22 nimbus-eth1-mainnet-short-benchmark[268201]: INF 2026-08-10 08:42:22.076+00:00 Imported blocks                            blockNumber=20884737 slot=10094286 blocks=884736 txs=140256178 mgas=13397479 bps=37.14 tps=5899 mgps=562.2 avgBps=34.17 avgTps=5417 avgMGps=517.4 elapsed=7h11m31s
Aug 10 08:45:56 nimbus-eth1-mainnet-short-benchmark[268201]: INF 2026-08-10 08:45:56.781+00:00 Imported blocks                            blockNumber=20892929 slot=10102512 blocks=892928 txs=141581868 mgas=13521575 bps=38.16 tps=6174 mgps=578.0 avgBps=34.20 avgTps=5423 avgMGps=517.9 elapsed=7h15m6s
Aug 10 08:49:31 nimbus-eth1-mainnet-short-benchmark[268201]: INF 2026-08-10 08:49:31.554+00:00 Imported blocks                            blockNumber=20901121 slot=10110732 blocks=901120 txs=142875889 mgas=13645572 bps=38.14 tps=6025 mgps=577.3 avgBps=34.24 avgTps=5428 avgMGps=518.4 elapsed=7h18m41s
Aug 10 08:53:06 nimbus-eth1-mainnet-short-benchmark[268201]: INF 2026-08-10 08:53:06.943+00:00 Imported blocks                            blockNumber=20909313 slot=10118953 blocks=909312 txs=144102308 mgas=13769390 bps=38.03 tps=5694 mgps=574.9 avgBps=34.27 avgTps=5430 avgMGps=518.9 elapsed=7h22m16s
Aug 10 08:56:38 nimbus-eth1-mainnet-short-benchmark[268201]: INF 2026-08-10 08:56:38.256+00:00 Imported blocks                            blockNumber=20917505 slot=10127176 blocks=917504 txs=145406349 mgas=13893087 bps=38.77 tps=6171 mgps=585.4 avgBps=34.30 avgTps=5436 avgMGps=519.4 elapsed=7h25m47s
Aug 10 08:59:59 nimbus-eth1-mainnet-short-benchmark[268201]: INF 2026-08-10 08:59:59.821+00:00 Imported blocks                            blockNumber=20925697 slot=10135394 blocks=925696 txs=146718394 mgas=14016820 bps=40.64 tps=6509 mgps=613.8 avgBps=34.35 avgTps=5444 avgMGps=520.1 elapsed=7h29m9s
Aug 10 09:03:32 nimbus-eth1-mainnet-short-benchmark[268201]: INF 2026-08-10 09:03:32.678+00:00 Imported blocks                            blockNumber=20933889 slot=10143614 blocks=933888 txs=148049109 mgas=14140625 bps=38.49 tps=6251 mgps=581.6 avgBps=34.38 avgTps=5450 avgMGps=520.6 elapsed=7h32m42s
Aug 10 09:06:59 nimbus-eth1-mainnet-short-benchmark[268201]: INF 2026-08-10 09:06:59.887+00:00 Imported blocks                            blockNumber=20942081 slot=10151840 blocks=942080 txs=149397364 mgas=14264352 bps=39.54 tps=6506 mgps=597.1 avgBps=34.42 avgTps=5458 avgMGps=521.2 elapsed=7h36m9s
Aug 10 09:10:32 nimbus-eth1-mainnet-short-benchmark[268201]: INF 2026-08-10 09:10:32.112+00:00 Imported blocks                            blockNumber=20950273 slot=10160098 blocks=950272 txs=150765507 mgas=14388237 bps=38.60 tps=6446 mgps=583.7 avgBps=34.45 avgTps=5466 avgMGps=521.7 elapsed=7h39m41s
Aug 10 09:14:20 nimbus-eth1-mainnet-short-benchmark[268201]: INF 2026-08-10 09:14:20.241+00:00 Imported blocks                            blockNumber=20958465 slot=10168363 blocks=958464 txs=152044771 mgas=14511987 bps=35.91 tps=5607 mgps=542.5 avgBps=34.47 avgTps=5467 avgMGps=521.8 elapsed=7h43m29s
Aug 10 09:17:58 nimbus-eth1-mainnet-short-benchmark[268201]: INF 2026-08-10 09:17:58.694+00:00 Imported blocks                            blockNumber=20966657 slot=10176609 blocks=966656 txs=153365296 mgas=14635804 bps=37.50 tps=6044 mgps=566.8 avgBps=34.49 avgTps=5471 avgMGps=522.2 elapsed=7h47m8s
Aug 10 09:21:32 nimbus-eth1-mainnet-short-benchmark[268201]: INF 2026-08-10 09:21:32.871+00:00 Imported blocks                            blockNumber=20974849 slot=10184849 blocks=974848 txs=154744917 mgas=14759580 bps=38.25 tps=6441 mgps=577.9 avgBps=34.52 avgTps=5479 avgMGps=522.6 elapsed=7h50m42s
Aug 10 09:25:14 nimbus-eth1-mainnet-short-benchmark[268201]: INF 2026-08-10 09:25:14.224+00:00 Imported blocks                            blockNumber=20983041 slot=10193086 blocks=983040 txs=156055229 mgas=14883451 bps=37.01 tps=5919 mgps=559.6 avgBps=34.54 avgTps=5482 avgMGps=522.9 elapsed=7h54m23s
Aug 10 09:28:29 nimbus-eth1-mainnet-short-benchmark[268201]: INF 2026-08-10 09:28:29.409+00:00 Imported blocks                            blockNumber=20991233 slot=10201319 blocks=991232 txs=157563202 mgas=15007557 bps=41.97 tps=7725 mgps=635.8 avgBps=34.59 avgTps=5497 avgMGps=523.7 elapsed=7h57m38s
Aug 10 09:32:15 nimbus-eth1-mainnet-short-benchmark[268201]: INF 2026-08-10 09:32:15.022+00:00 Imported blocks                            blockNumber=20999425 slot=10209549 blocks=999424 txs=159003277 mgas=15131383 bps=36.31 tps=6382 mgps=548.8 avgBps=34.60 avgTps=5504 avgMGps=523.9 elapsed=8h1m24s
Aug 10 09:32:31 nimbus-eth1-mainnet-short-benchmark[268201]: INF 2026-08-10 09:32:31.169+00:00 Imported blocks                            blockNumber=21000001 slot=10210128 blocks=1000000 txs=159109486 mgas=15140191 bps=35.67 tps=6576 mgps=545.4 avgBps=34.60 avgTps=5505 avgMGps=523.9 elapsed=8h1m40s
Aug 10 09:32:31 nimbus-eth1-mainnet-short-benchmark[268201]: NTC 2026-08-10 09:32:31.169+00:00 Import complete                            blockNumber=21000001 slot=10210128 blocks=1000000 txs=159109486 mgas=15140191
Aug 10 09:32:32 nimbus-eth1-mainnet-short-benchmark[236729]: <<< ending startNimbusWithImport (success)
Aug 10 09:32:32 nimbus-eth1-mainnet-short-benchmark[236729]: >>> starting moveBenchmarkingFileToRepo
Aug 10 09:32:32 nimbus-eth1-mainnet-short-benchmark[236729]: >>> copying debug-csv generated by nimbus to benchmarks repo
Aug 10 09:32:32 nimbus-eth1-mainnet-short-benchmark[236729]: <<< ending moveBenchmarkingFileToRepo (success)
Aug 10 09:32:32 nimbus-eth1-mainnet-short-benchmark[236729]: >>> starting generateBuildEnvironmentLogFile
Aug 10 09:32:40 nimbus-eth1-mainnet-short-benchmark[236729]: <<< ending generateBuildEnvironmentLogFile (success)
Aug 10 09:32:40 nimbus-eth1-mainnet-short-benchmark[236729]: >>> starting generateSystemdServiceLogs
