Aug 11 18:28:18 nimbus-eth1-mainnet-short-benchmark[762561]: >>> starting cloneOrFetchBenchmarksRepo
Aug 11 18:28:18 nimbus-eth1-mainnet-short-benchmark[762561]: >>> Fetching latest changes for nimbus-eth1-benchmarks...
Aug 11 18:28:20 nimbus-eth1-mainnet-short-benchmark[762608]: HEAD is now at 8732f98 chore: update short benchmark Readme
Aug 11 18:28:20 nimbus-eth1-mainnet-short-benchmark[762561]: <<< ending cloneOrFetchBenchmarksRepo (success)
Aug 11 18:28:20 nimbus-eth1-mainnet-short-benchmark[762561]: >>> starting cloneOrFetchNimbusRepo
Aug 11 18:28:32 nimbus-eth1-mainnet-short-benchmark[762561]: >>> Fetching latest changes for nimbus-eth1...
Aug 11 18:28:33 nimbus-eth1-mainnet-short-benchmark[762964]: From https://github.com/status-im/nimbus-eth1
Aug 11 18:28:33 nimbus-eth1-mainnet-short-benchmark[762964]:    7d25cbb68..eb14e37c8  master               -> origin/master
Aug 11 18:28:33 nimbus-eth1-mainnet-short-benchmark[762964]:  * [new branch]          build-docker-actions -> origin/build-docker-actions
Aug 11 18:28:33 nimbus-eth1-mainnet-short-benchmark[762964]:  * [new branch]          db-close             -> origin/db-close
Aug 11 18:28:33 nimbus-eth1-mainnet-short-benchmark[762964]:    b4aeeb023..b75da2884  shutdown-fix         -> origin/shutdown-fix
Aug 11 18:28:33 nimbus-eth1-mainnet-short-benchmark[762972]: warning: unable to rmdir 'vendor/libtommath': Directory not empty
Aug 11 18:28:33 nimbus-eth1-mainnet-short-benchmark[762972]: HEAD is now at eb14e37c8 bump timeout for Nix CI builds to accomodate rocksdb (#4631)
Aug 11 18:28:33 nimbus-eth1-mainnet-short-benchmark[762561]: >>> Found last benchmarked commit: 97ba0244
Aug 11 18:28:33 nimbus-eth1-mainnet-short-benchmark[762561]: >>> Using next commit: 680a4a65c6a32ba225a1ee4e328bb69abb5c5347
Aug 11 18:28:33 nimbus-eth1-mainnet-short-benchmark[762988]: HEAD is now at 680a4a65c check tx KZG after sender/nonce (#4508)
Aug 11 18:28:33 nimbus-eth1-mainnet-short-benchmark[762561]: >>> Current commit: 680a4a65c
Aug 11 18:28:33 nimbus-eth1-mainnet-short-benchmark[762561]: <<< ending cloneOrFetchNimbusRepo (success)
Aug 11 18:28:33 nimbus-eth1-mainnet-short-benchmark[762561]: >>> starting buildBinaries
Aug 11 18:28:33 nimbus-eth1-mainnet-short-benchmark[762561]: >>> Building binaries for commit 680a4a65...
Aug 11 18:28:41 nimbus-eth1-mainnet-short-benchmark[768501]: Building: Nim compiler
Aug 11 18:30:34 nimbus-eth1-mainnet-short-benchmark[768501]: Building custom Nimble commit: 42ef70c2102a942c46f13eb76872326edd525cec
Aug 11 18:30:45 nimbus-eth1-mainnet-short-benchmark[768501]: Building Nimble...
Aug 11 18:30:55 nimbus-eth1-mainnet-short-benchmark[768501]: Replacing nimble binary...
Aug 11 18:31:03 nimbus-eth1-mainnet-short-benchmark[784006]: cp: cannot stat '/data/status-im/nimbus-eth1/build/*': No such file or directory
Aug 11 18:31:03 nimbus-eth1-mainnet-short-benchmark[783983]: ROCKSDB VERSION NOT FOUND
Aug 11 18:31:03 nimbus-eth1-mainnet-short-benchmark[784134]: make[1]: Entering directory '/data/status-im/nimbus-eth1/vendor/nim-rocksdb/vendor/rocksdb'
Aug 11 18:31:03 nimbus-eth1-mainnet-short-benchmark[784134]: $DEBUG_LEVEL is 0, $LIB_MODE is static
Aug 11 18:31:03 nimbus-eth1-mainnet-short-benchmark[784134]: make[1]: Leaving directory '/data/status-im/nimbus-eth1/vendor/nim-rocksdb/vendor/rocksdb'
Aug 11 18:31:03 nimbus-eth1-mainnet-short-benchmark[784580]: Cleaning up RocksDb build artifacts.
Aug 11 18:31:04 nimbus-eth1-mainnet-short-benchmark[784012]: Building RocksDb static libraries.
Aug 11 18:34:17 nimbus-eth1-mainnet-short-benchmark[788121]: Building: build/nimbus_execution_client
Aug 11 18:36:45 nimbus-eth1-mainnet-short-benchmark[762561]: >>> renaming binaries to match commit they were built from
Aug 11 18:36:45 nimbus-eth1-mainnet-short-benchmark[762561]: >>> creating a symbolic link to the latest version
Aug 11 18:36:45 nimbus-eth1-mainnet-short-benchmark[762561]: >>> deleting copies that are older than N days
Aug 11 18:36:45 nimbus-eth1-mainnet-short-benchmark[762561]: <<< ending buildBinaries (success)
Aug 11 18:36:45 nimbus-eth1-mainnet-short-benchmark[762561]: >>> starting skipOrContinueBenchmark
Aug 11 18:36:45 nimbus-eth1-mainnet-short-benchmark[762561]: <<< ending skipOrContinueBenchmark (success)
Aug 11 18:36:45 nimbus-eth1-mainnet-short-benchmark[762561]: >>> starting copyTemplateDatabase
Aug 11 18:36:45 nimbus-eth1-mainnet-short-benchmark[762561]: >>> Copying template db into nimbus data directory
Aug 11 18:39:57 nimbus-eth1-mainnet-short-benchmark[762561]: >>> Template db copied
Aug 11 18:39:57 nimbus-eth1-mainnet-short-benchmark[762561]: >>> making nimbus the owner of the copied files
Aug 11 18:39:57 nimbus-eth1-mainnet-short-benchmark[762561]: <<< ending copyTemplateDatabase (success)
Aug 11 18:39:57 nimbus-eth1-mainnet-short-benchmark[762561]: >>> starting startNimbusWithImport
Aug 11 18:39:57 nimbus-eth1-mainnet-short-benchmark[794027]: INF 2026-08-11 18:39:57.490+00:00 Launching execution client                 version=v0.3.1-680a4a65 config="(configFile: none(InputFile), dataDirFlag: some(/data/status-im/nimbus-eth1/data/shared_mainnet_0), era1DirFlag: some(/data/era1), eraDirFlag: some(/data/era), ereDirFlag: none(OutDir), keyStoreDirFlag: none(OutDir), importKey: , trustedSetupFile: none(string), extraData: Nimbus/v0.3.1-680a4a65, gasLimit: none(uint64), maxBlobs: none(byte), network: [mainnet], customNetwork: none(NetworkParams), networkId: 1, networkParams: (config: ..., genesis: (nonce: 0x0000000000000042, timestamp: 0, extraData: [17, 187, 232, 219, 78, 52, 123, 78, 140, 147, 124, 28, 131, 112, 228, 181, 237, 51, 173, 179, 219, 105, 203, 219, 122, 56, 225, 229, 11, 27, 130, 250], gasLimit: 5000, difficulty: 17179869184, mixHash: 0x0000000000000000000000000000000000000000000000000000000000000000, coinbase: 0x0000000000000000000000000000000000000000, alloc: 8893, number: 0, gasUser: 0, parentHash: 0x0000000000000000000000000000000000000000000000000000000000000000, baseFeePerGas: none(), blobGasUsed: -1, excessBlobGas: -1, parentBeaconBlockRoot: none())), logLevel: INFO, logFormat: auto, metricsEnabled: false, metricsPort: 9093, metricsAddress: 127.0.0.1, bootstrapNodes: [], elBootstrapNodes: [], bootstrapFile: , elBootstrapFile: , staticPeers: [], staticPeersFile: , reconnectMaxRetry: 0, reconnectInterval: 15, listenAddress: ::, tcpPort: 30303, udpPortFlag: none(Port), maxPeersOpt: none(int), elMaxPeersOpt: none(int), nat: (hasExtIp: false, nat: NatAny), discv5: true, netKey: random, agentString: Nimbus/v0.3.1-680a4a65/linux-amd64/Nim-2.2.10, numThreads: 0, persistBatchSize: 4, dynamicBatchSize: false, rocksdbMaxOpenFiles: 2048, rocksdbWriteBufferSize: 67108864, rocksdbRowCacheSize: 0, rocksdbBlockCacheSize: 2147483648, rocksdbBlockCacheType: hyperclock, rdbVtxCacheSize: 536870912, rdbKeyCacheSize: 1342177280, rdbBranchCacheSize: 1073741824, rdbPrintStats: false, rewriteDatadirId: true, aristoDbMaxSnapshots: 5, parallelStateRootComputation: false, parallelSenderRecovery: true, optimisticStatePrefetch: false, balStatePrefetch: false, balStatePrefetchWorkers: 0, balParallelExecution: false, eagerStateRootCheck: false, deserializeFcState: true, statelessProvider: false, statelessWitnessValidation: false, cmd: import, maxBlocks: 1000000, chunkSize: 8192, csvStats: some("/data/host-benchmarks/short/daf77b31e6c84994bb216f112ad8c82a/blocks-import-benchmark.csv"), validation: false, fullValidation: false, storeBodies: false, storeReceipts: false, storeSlotHashes: false)"
Aug 11 18:39:57 nimbus-eth1-mainnet-short-benchmark[794027]: WRN 2026-08-11 18:39:57.494+00:00 Data directory has insecure permissions. Correcting them. data_dir=/data/status-im/nimbus-eth1/data/shared_mainnet_0 current_permissions=0755 required_permissions=0700
Aug 11 18:39:59 nimbus-eth1-mainnet-short-benchmark[794027]: INF 2026-08-11 18:39:59.406+00:00 Taskpool started                           numThreads=16
Aug 11 18:39:59 nimbus-eth1-mainnet-short-benchmark[794027]: INF 2026-08-11 18:39:59.530+00:00 Writing data dir ID                        ID=0x0a036d6f6dfe59156bb6359f0243c93d5a421ed688de5aa85a62d15dca8dbd5c
Aug 11 18:39:59 nimbus-eth1-mainnet-short-benchmark[794027]: INF 2026-08-11 18:39:59.558+00:00 Database initialized                       base="(0xd24fd73f794058a3807db926d8898c6481e902b7edb91ce0d479d6760f276183, 20000000)" finalized="(0xd24fd73f794058a3807db926d8898c6481e902b7edb91ce0d479d6760f276183, 20000000)" head="(0xd4e56740f876aef8c010b86a40d5f56745a118d0906a34e69aec8c0db1cb8fa3, 0)"
Aug 11 18:39:59 nimbus-eth1-mainnet-short-benchmark[794027]: NTC 2026-08-11 18:39:59.558+00:00 Could not open ere database, falling back to era1/era import ereDir=/data/status-im/nimbus-eth1/data/shared_mainnet_0/ere networkName=mainnet error="No ere files found in /data/status-im/nimbus-eth1/data/shared_mainnet_0/ere"
Aug 11 18:39:59 nimbus-eth1-mainnet-short-benchmark[794027]: NTC 2026-08-11 18:39:59.558+00:00 Importing era archive                      blockNumber=20000001 dataDir=/data/status-im/nimbus-eth1/data/shared_mainnet_0 eraDir=/data/era
Aug 11 18:40:01 nimbus-eth1-mainnet-short-benchmark[794027]: NTC 2026-08-11 18:40:01.854+00:00 Matched block to slot number               blockNumber=20000001 slot=9204783
Aug 11 18:46:14 nimbus-eth1-mainnet-short-benchmark[794027]: INF 2026-08-11 18:46:14.085+00:00 Imported blocks                            blockNumber=20008193 slot=9213020 blocks=8192 txs=1226966 mgas=124237 bps=21.87 tps=3276 mgps=331.7 avgBps=21.87 avgTps=3276 avgMGps=331.7 elapsed=6m14s530ms
Aug 11 18:51:52 nimbus-eth1-mainnet-short-benchmark[794027]: INF 2026-08-11 18:51:52.264+00:00 Imported blocks                            blockNumber=20016385 slot=9221256 blocks=16384 txs=2540380 mgas=248071 bps=24.22 tps=3883 mgps=366.2 avgBps=22.99 avgTps=3564 avgMGps=348.1 elapsed=11m52s706ms
Aug 11 18:57:10 nimbus-eth1-mainnet-short-benchmark[794027]: INF 2026-08-11 18:57:10.656+00:00 Imported blocks                            blockNumber=20024577 slot=9229485 blocks=24576 txs=3869398 mgas=372018 bps=25.73 tps=4174 mgps=389.3 avgBps=23.83 avgTps=3752 avgMGps=360.8 elapsed=17m11s96ms
Aug 11 19:01:59 nimbus-eth1-mainnet-short-benchmark[794027]: INF 2026-08-11 19:01:59.879+00:00 Imported blocks                            blockNumber=20032769 slot=9237722 blocks=32768 txs=5222766 mgas=495797 bps=28.32 tps=4679 mgps=428.0 avgBps=24.82 avgTps=3955 avgMGps=375.5 elapsed=22m322ms932us
Aug 11 19:06:39 nimbus-eth1-mainnet-short-benchmark[794027]: INF 2026-08-11 19:06:39.155+00:00 Imported blocks                            blockNumber=20040961 slot=9245957 blocks=40960 txs=6566802 mgas=619586 bps=29.33 tps=4812 mgps=443.2 avgBps=25.61 avgTps=4105 avgMGps=387.3 elapsed=26m39s599ms
Aug 11 19:11:38 nimbus-eth1-mainnet-short-benchmark[794027]: INF 2026-08-11 19:11:38.643+00:00 Imported blocks                            blockNumber=20049153 slot=9254196 blocks=49152 txs=7904746 mgas=743522 bps=27.35 tps=4467 mgps=413.8 avgBps=25.88 avgTps=4162 avgMGps=391.5 elapsed=31m39s87ms
Aug 11 19:16:29 nimbus-eth1-mainnet-short-benchmark[794027]: INF 2026-08-11 19:16:29.831+00:00 Imported blocks                            blockNumber=20057345 slot=9262435 blocks=57344 txs=9212009 mgas=867360 bps=28.13 tps=4489 mgps=425.3 avgBps=26.18 avgTps=4205 avgMGps=396.0 elapsed=36m30s275ms
Aug 11 19:20:59 nimbus-eth1-mainnet-short-benchmark[794027]: INF 2026-08-11 19:20:59.059+00:00 Imported blocks                            blockNumber=20065537 slot=9270674 blocks=65536 txs=10559018 mgas=991371 bps=30.43 tps=5003 mgps=460.6 avgBps=26.65 avgTps=4293 avgMGps=403.1 elapsed=40m59s501ms
Aug 11 19:25:15 nimbus-eth1-mainnet-short-benchmark[794027]: INF 2026-08-11 19:25:15.363+00:00 Imported blocks                            blockNumber=20073729 slot=9278910 blocks=73728 txs=11898676 mgas=1115111 bps=31.96 tps=5226 mgps=482.8 avgBps=27.15 avgTps=4381 avgMGps=410.6 elapsed=45m15s805ms
Aug 11 19:29:20 nimbus-eth1-mainnet-short-benchmark[794027]: INF 2026-08-11 19:29:20.868+00:00 Imported blocks                            blockNumber=20081921 slot=9287152 blocks=81920 txs=13323263 mgas=1239150 bps=33.37 tps=5802 mgps=505.2 avgBps=27.66 avgTps=4499 avgMGps=418.4 elapsed=49m21s311ms
Aug 11 19:33:27 nimbus-eth1-mainnet-short-benchmark[794027]: INF 2026-08-11 19:33:27.904+00:00 Imported blocks                            blockNumber=20090113 slot=9295408 blocks=90112 txs=14697082 mgas=1363113 bps=33.16 tps=5561 mgps=501.8 avgBps=28.09 avgTps=4580 avgMGps=424.9 elapsed=53m28s351ms
Aug 11 19:37:49 nimbus-eth1-mainnet-short-benchmark[794027]: INF 2026-08-11 19:37:49.105+00:00 Imported blocks                            blockNumber=20098305 slot=9303658 blocks=98304 txs=16025683 mgas=1487146 bps=31.36 tps=5086 mgps=474.9 avgBps=28.33 avgTps=4618 avgMGps=428.6 elapsed=57m49s548ms
Aug 11 19:42:18 nimbus-eth1-mainnet-short-benchmark[794027]: INF 2026-08-11 19:42:18.649+00:00 Imported blocks                            blockNumber=20106497 slot=9311895 blocks=106496 txs=17337157 mgas=1611066 bps=30.39 tps=4865 mgps=459.7 avgBps=28.48 avgTps=4636 avgMGps=430.9 elapsed=1h2m19s
Aug 11 19:46:34 nimbus-eth1-mainnet-short-benchmark[794027]: INF 2026-08-11 19:46:34.241+00:00 Imported blocks                            blockNumber=20114689 slot=9320146 blocks=114688 txs=18632097 mgas=1735123 bps=32.05 tps=5066 mgps=485.4 avgBps=28.71 avgTps=4664 avgMGps=434.4 elapsed=1h6m34s
Aug 11 19:50:39 nimbus-eth1-mainnet-short-benchmark[794027]: INF 2026-08-11 19:50:39.594+00:00 Imported blocks                            blockNumber=20122881 slot=9328409 blocks=122880 txs=19937418 mgas=1859249 bps=33.39 tps=5320 mgps=505.9 avgBps=28.98 avgTps=4702 avgMGps=438.5 elapsed=1h10m40s
Aug 11 19:54:40 nimbus-eth1-mainnet-short-benchmark[794027]: INF 2026-08-11 19:54:40.370+00:00 Imported blocks                            blockNumber=20131073 slot=9336660 blocks=131072 txs=21214129 mgas=1983500 bps=34.02 tps=5302 mgps=516.0 avgBps=29.25 avgTps=4734 avgMGps=442.7 elapsed=1h14m40s
Aug 11 19:58:37 nimbus-eth1-mainnet-short-benchmark[794027]: INF 2026-08-11 19:58:37.431+00:00 Imported blocks                            blockNumber=20139265 slot=9344906 blocks=139264 txs=22579079 mgas=2107571 bps=34.56 tps=5757 mgps=523.4 avgBps=29.52 avgTps=4785 avgMGps=446.7 elapsed=1h18m37s
Aug 11 20:03:18 nimbus-eth1-mainnet-short-benchmark[794027]: INF 2026-08-11 20:03:18.747+00:00 Imported blocks                            blockNumber=20147457 slot=9353153 blocks=147456 txs=24133322 mgas=2231686 bps=29.12 tps=5524 mgps=441.2 avgBps=29.50 avgTps=4827 avgMGps=446.4 elapsed=1h23m19s
Aug 11 20:07:52 nimbus-eth1-mainnet-short-benchmark[794027]: INF 2026-08-11 20:07:52.531+00:00 Imported blocks                            blockNumber=20155649 slot=9361407 blocks=155648 txs=25424015 mgas=2356018 bps=29.92 tps=4714 mgps=454.1 avgBps=29.52 avgTps=4821 avgMGps=446.8 elapsed=1h27m52s
Aug 11 20:12:05 nimbus-eth1-mainnet-short-benchmark[794027]: INF 2026-08-11 20:12:05.295+00:00 Imported blocks                            blockNumber=20163841 slot=9369652 blocks=163840 txs=26749549 mgas=2480207 bps=32.41 tps=5244 mgps=491.3 avgBps=29.65 avgTps=4840 avgMGps=448.8 elapsed=1h32m5s
Aug 11 20:16:12 nimbus-eth1-mainnet-short-benchmark[794027]: INF 2026-08-11 20:16:12.088+00:00 Imported blocks                            blockNumber=20172033 slot=9377892 blocks=172032 txs=28105316 mgas=2604026 bps=33.19 tps=5493 mgps=501.7 avgBps=29.80 avgTps=4868 avgMGps=451.1 elapsed=1h36m12s
Aug 11 20:20:23 nimbus-eth1-mainnet-short-benchmark[794027]: INF 2026-08-11 20:20:23.232+00:00 Imported blocks                            blockNumber=20180225 slot=9386128 blocks=180224 txs=29524405 mgas=2728170 bps=32.62 tps=5650 mgps=494.3 avgBps=29.92 avgTps=4901 avgMGps=452.9 elapsed=1h40m23s
Aug 11 20:24:17 nimbus-eth1-mainnet-short-benchmark[794027]: INF 2026-08-11 20:24:17.801+00:00 Imported blocks                            blockNumber=20188417 slot=9394365 blocks=188416 txs=30849021 mgas=2852023 bps=34.92 tps=5646 mgps=528.0 avgBps=30.11 avgTps=4929 avgMGps=455.7 elapsed=1h44m18s
Aug 11 20:28:36 nimbus-eth1-mainnet-short-benchmark[794027]: INF 2026-08-11 20:28:36.897+00:00 Imported blocks                            blockNumber=20196609 slot=9402602 blocks=196608 txs=32174755 mgas=2976155 bps=31.62 tps=5116 mgps=479.1 avgBps=30.17 avgTps=4936 avgMGps=456.7 elapsed=1h48m37s
Aug 11 20:33:10 nimbus-eth1-mainnet-short-benchmark[794027]: INF 2026-08-11 20:33:10.025+00:00 Imported blocks                            blockNumber=20204801 slot=9410840 blocks=204800 txs=33475942 mgas=3100410 bps=29.99 tps=4764 mgps=454.9 avgBps=30.16 avgTps=4929 avgMGps=456.6 elapsed=1h53m10s
Aug 11 20:37:24 nimbus-eth1-mainnet-short-benchmark[794027]: INF 2026-08-11 20:37:24.414+00:00 Imported blocks                            blockNumber=20212993 slot=9419071 blocks=212992 txs=34798508 mgas=3224370 bps=32.20 tps=5198 mgps=487.3 avgBps=30.23 avgTps=4939 avgMGps=457.7 elapsed=1h57m24s
Aug 11 20:41:28 nimbus-eth1-mainnet-short-benchmark[794027]: INF 2026-08-11 20:41:28.814+00:00 Imported blocks                            blockNumber=20221185 slot=9427313 blocks=221184 txs=36114045 mgas=3348169 bps=33.52 tps=5382 mgps=506.5 avgBps=30.34 avgTps=4954 avgMGps=459.3 elapsed=2h1m29s
Aug 11 20:45:16 nimbus-eth1-mainnet-short-benchmark[794027]: INF 2026-08-11 20:45:16.283+00:00 Imported blocks                            blockNumber=20229377 slot=9435549 blocks=229376 txs=37421794 mgas=3472031 bps=36.01 tps=5749 mgps=544.5 avgBps=30.52 avgTps=4978 avgMGps=461.9 elapsed=2h5m16s
Aug 11 20:49:12 nimbus-eth1-mainnet-short-benchmark[794027]: INF 2026-08-11 20:49:12.552+00:00 Imported blocks                            blockNumber=20237569 slot=9443788 blocks=237568 txs=38842064 mgas=3596351 bps=34.67 tps=6011 mgps=526.2 avgBps=30.64 avgTps=5009 avgMGps=463.9 elapsed=2h9m12s
Aug 11 20:53:27 nimbus-eth1-mainnet-short-benchmark[794027]: INF 2026-08-11 20:53:27.856+00:00 Imported blocks                            blockNumber=20245761 slot=9452021 blocks=245760 txs=40225739 mgas=3720100 bps=32.09 tps=5419 mgps=484.7 avgBps=30.69 avgTps=5023 avgMGps=464.5 elapsed=2h13m28s
Aug 11 20:58:00 nimbus-eth1-mainnet-short-benchmark[794027]: INF 2026-08-11 20:58:00.104+00:00 Imported blocks                            blockNumber=20253953 slot=9460253 blocks=253952 txs=41454921 mgas=3844385 bps=30.09 tps=4514 mgps=456.5 avgBps=30.67 avgTps=5006 avgMGps=464.3 elapsed=2h18m545ms
Aug 11 21:02:20 nimbus-eth1-mainnet-short-benchmark[794027]: INF 2026-08-11 21:02:20.544+00:00 Imported blocks                            blockNumber=20262145 slot=9468495 blocks=262144 txs=42726051 mgas=3968623 bps=31.45 tps=4880 mgps=477.0 avgBps=30.69 avgTps=5002 avgMGps=464.7 elapsed=2h22m20s
Aug 11 21:06:23 nimbus-eth1-mainnet-short-benchmark[794027]: INF 2026-08-11 21:06:23.165+00:00 Imported blocks                            blockNumber=20270337 slot=9476748 blocks=270336 txs=44050436 mgas=4092682 bps=33.76 tps=5458 mgps=511.3 avgBps=30.78 avgTps=5015 avgMGps=465.9 elapsed=2h26m23s
Aug 11 21:10:09 nimbus-eth1-mainnet-short-benchmark[794027]: INF 2026-08-11 21:10:09.254+00:00 Imported blocks                            blockNumber=20278529 slot=9484981 blocks=278528 txs=45382368 mgas=4216487 bps=36.23 tps=5891 mgps=547.6 avgBps=30.91 avgTps=5037 avgMGps=468.0 elapsed=2h30m9s
Aug 11 21:14:00 nimbus-eth1-mainnet-short-benchmark[794027]: INF 2026-08-11 21:14:00.474+00:00 Imported blocks                            blockNumber=20286721 slot=9493213 blocks=286720 txs=46733429 mgas=4340363 bps=35.43 tps=5843 mgps=535.8 avgBps=31.03 avgTps=5057 avgMGps=469.7 elapsed=2h34m917ms
Aug 11 21:18:12 nimbus-eth1-mainnet-short-benchmark[794027]: INF 2026-08-11 21:18:12.215+00:00 Imported blocks                            blockNumber=20294913 slot=9501453 blocks=294912 txs=48075887 mgas=4464376 bps=32.54 tps=5332 mgps=492.6 avgBps=31.07 avgTps=5064 avgMGps=470.3 elapsed=2h38m12s
Aug 11 21:22:20 nimbus-eth1-mainnet-short-benchmark[794027]: INF 2026-08-11 21:22:20.263+00:00 Imported blocks                            blockNumber=20303105 slot=9509696 blocks=303104 txs=49379538 mgas=4588534 bps=33.03 tps=5255 mgps=500.5 avgBps=31.12 avgTps=5069 avgMGps=471.1 elapsed=2h42m20s
Aug 11 21:26:23 nimbus-eth1-mainnet-short-benchmark[794027]: INF 2026-08-11 21:26:23.348+00:00 Imported blocks                            blockNumber=20311297 slot=9517922 blocks=311296 txs=50637672 mgas=4712596 bps=33.70 tps=5175 mgps=510.4 avgBps=31.18 avgTps=5071 avgMGps=472.0 elapsed=2h46m23s
Aug 11 21:30:15 nimbus-eth1-mainnet-short-benchmark[794027]: INF 2026-08-11 21:30:15.161+00:00 Imported blocks                            blockNumber=20319489 slot=9526159 blocks=319488 txs=51981692 mgas=4836521 bps=35.34 tps=5797 mgps=534.6 avgBps=31.27 avgTps=5088 avgMGps=473.4 elapsed=2h50m15s
Aug 11 21:33:47 nimbus-eth1-mainnet-short-benchmark[794027]: INF 2026-08-11 21:33:47.790+00:00 Imported blocks                            blockNumber=20327681 slot=9534381 blocks=327680 txs=53356123 mgas=4960245 bps=38.53 tps=6464 mgps=581.9 avgBps=31.42 avgTps=5116 avgMGps=475.7 elapsed=2h53m48s
Aug 11 21:37:17 nimbus-eth1-mainnet-short-benchmark[794027]: INF 2026-08-11 21:37:17.539+00:00 Imported blocks                            blockNumber=20335873 slot=9542617 blocks=335872 txs=54719105 mgas=5084025 bps=39.06 tps=6498 mgps=590.1 avgBps=31.57 avgTps=5143 avgMGps=477.9 elapsed=2h57m17s
Aug 11 21:41:07 nimbus-eth1-mainnet-short-benchmark[794027]: INF 2026-08-11 21:41:07.587+00:00 Imported blocks                            blockNumber=20344065 slot=9550841 blocks=344064 txs=56021853 mgas=5207843 bps=35.61 tps=5662 mgps=538.2 avgBps=31.66 avgTps=5154 avgMGps=479.2 elapsed=3h1m8s
Aug 11 21:45:30 nimbus-eth1-mainnet-short-benchmark[794027]: INF 2026-08-11 21:45:30.352+00:00 Imported blocks                            blockNumber=20352257 slot=9559072 blocks=352256 txs=57290408 mgas=5332016 bps=31.18 tps=4827 mgps=472.6 avgBps=31.65 avgTps=5147 avgMGps=479.0 elapsed=3h5m30s
Aug 11 21:49:30 nimbus-eth1-mainnet-short-benchmark[794027]: INF 2026-08-11 21:49:30.016+00:00 Imported blocks                            blockNumber=20360449 slot=9567308 blocks=360448 txs=58543463 mgas=5456201 bps=34.18 tps=5228 mgps=518.2 avgBps=31.70 avgTps=5148 avgMGps=479.9 elapsed=3h9m30s
Aug 11 21:53:22 nimbus-eth1-mainnet-short-benchmark[794027]: INF 2026-08-11 21:53:22.433+00:00 Imported blocks                            blockNumber=20368641 slot=9575548 blocks=368640 txs=59874056 mgas=5580204 bps=35.25 tps=5725 mgps=533.5 avgBps=31.77 avgTps=5160 avgMGps=480.9 elapsed=3h13m22s
Aug 11 21:57:24 nimbus-eth1-mainnet-short-benchmark[794027]: INF 2026-08-11 21:57:24.482+00:00 Imported blocks                            blockNumber=20376833 slot=9583774 blocks=376832 txs=61167066 mgas=5704396 bps=33.84 tps=5341 mgps=513.1 avgBps=31.81 avgTps=5163 avgMGps=481.6 elapsed=3h17m24s
Aug 11 22:01:19 nimbus-eth1-mainnet-short-benchmark[794027]: INF 2026-08-11 22:01:19.710+00:00 Imported blocks                            blockNumber=20385025 slot=9592009 blocks=385024 txs=62480333 mgas=5828235 bps=34.83 tps=5582 mgps=526.5 avgBps=31.87 avgTps=5172 avgMGps=482.5 elapsed=3h21m20s
Aug 11 22:05:14 nimbus-eth1-mainnet-short-benchmark[794027]: INF 2026-08-11 22:05:14.179+00:00 Imported blocks                            blockNumber=20393217 slot=9600248 blocks=393216 txs=63800597 mgas=5952136 bps=34.94 tps=5630 mgps=528.4 avgBps=31.93 avgTps=5180 avgMGps=483.3 elapsed=3h25m14s
Aug 11 22:09:00 nimbus-eth1-mainnet-short-benchmark[794027]: INF 2026-08-11 22:09:00.984+00:00 Imported blocks                            blockNumber=20401409 slot=9608486 blocks=401408 txs=65021243 mgas=6076384 bps=36.12 tps=5381 mgps=547.8 avgBps=32.01 avgTps=5184 avgMGps=484.5 elapsed=3h29m1s
Aug 11 22:13:00 nimbus-eth1-mainnet-short-benchmark[794027]: INF 2026-08-11 22:13:00.804+00:00 Imported blocks                            blockNumber=20409601 slot=9616707 blocks=409600 txs=66199016 mgas=6200666 bps=34.16 tps=4911 mgps=518.2 avgBps=32.05 avgTps=5179 avgMGps=485.1 elapsed=3h33m1s
Aug 11 22:16:55 nimbus-eth1-mainnet-short-benchmark[794027]: INF 2026-08-11 22:16:55.781+00:00 Imported blocks                            blockNumber=20417793 slot=9624941 blocks=417792 txs=67453930 mgas=6324823 bps=34.86 tps=5340 mgps=528.4 avgBps=32.10 avgTps=5182 avgMGps=485.9 elapsed=3h36m56s
Aug 11 22:20:20 nimbus-eth1-mainnet-short-benchmark[794027]: INF 2026-08-11 22:20:20.562+00:00 Imported blocks                            blockNumber=20425985 slot=9633187 blocks=425984 txs=68814904 mgas=6448778 bps=40.00 tps=6646 mgps=605.3 avgBps=32.22 avgTps=5204 avgMGps=487.8 elapsed=3h40m21s
Aug 11 22:23:45 nimbus-eth1-mainnet-short-benchmark[794027]: INF 2026-08-11 22:23:45.631+00:00 Imported blocks                            blockNumber=20434177 slot=9641422 blocks=434176 txs=70124508 mgas=6572711 bps=39.95 tps=6386 mgps=604.3 avgBps=32.34 avgTps=5223 avgMGps=489.5 elapsed=3h43m46s
Aug 11 22:27:22 nimbus-eth1-mainnet-short-benchmark[794027]: INF 2026-08-11 22:27:22.608+00:00 Imported blocks                            blockNumber=20442369 slot=9649657 blocks=442368 txs=71403576 mgas=6696451 bps=37.76 tps=5895 mgps=570.3 avgBps=32.42 avgTps=5233 avgMGps=490.8 elapsed=3h47m23s
Aug 11 22:31:18 nimbus-eth1-mainnet-short-benchmark[794027]: INF 2026-08-11 22:31:18.893+00:00 Imported blocks                            blockNumber=20450561 slot=9657896 blocks=450560 txs=72659905 mgas=6820521 bps=34.67 tps=5316 mgps=525.1 avgBps=32.46 avgTps=5235 avgMGps=491.4 elapsed=3h51m19s
Aug 11 22:35:34 nimbus-eth1-mainnet-short-benchmark[794027]: INF 2026-08-11 22:35:34.805+00:00 Imported blocks                            blockNumber=20458753 slot=9666114 blocks=458752 txs=73838533 mgas=6945116 bps=32.01 tps=4605 mgps=486.9 avgBps=32.45 avgTps=5223 avgMGps=491.3 elapsed=3h55m35s
Aug 11 22:39:27 nimbus-eth1-mainnet-short-benchmark[794027]: INF 2026-08-11 22:39:27.586+00:00 Imported blocks                            blockNumber=20466945 slot=9674343 blocks=466944 txs=75124748 mgas=7068943 bps=35.19 tps=5525 mgps=531.9 avgBps=32.50 avgTps=5228 avgMGps=492.0 elapsed=3h59m28s
Aug 11 22:43:18 nimbus-eth1-mainnet-short-benchmark[794027]: INF 2026-08-11 22:43:18.939+00:00 Imported blocks                            blockNumber=20475137 slot=9682575 blocks=475136 txs=76420106 mgas=7192870 bps=35.41 tps=5599 mgps=535.7 avgBps=32.54 avgTps=5234 avgMGps=492.7 elapsed=4h3m19s
Aug 11 22:47:00 nimbus-eth1-mainnet-short-benchmark[794027]: INF 2026-08-11 22:47:00.683+00:00 Imported blocks                            blockNumber=20483329 slot=9690800 blocks=483328 txs=77675422 mgas=7316939 bps=36.94 tps=5661 mgps=559.5 avgBps=32.61 avgTps=5240 avgMGps=493.7 elapsed=4h7m1s
Aug 11 22:50:40 nimbus-eth1-mainnet-short-benchmark[794027]: INF 2026-08-11 22:50:40.196+00:00 Imported blocks                            blockNumber=20491521 slot=9699019 blocks=491520 txs=78951232 mgas=7440784 bps=37.32 tps=5811 mgps=564.2 avgBps=32.68 avgTps=5249 avgMGps=494.7 elapsed=4h10m40s
Aug 11 22:54:36 nimbus-eth1-mainnet-short-benchmark[794027]: INF 2026-08-11 22:54:36.041+00:00 Imported blocks                            blockNumber=20499713 slot=9707248 blocks=499712 txs=80189642 mgas=7564669 bps=34.74 tps=5251 mgps=525.3 avgBps=32.71 avgTps=5249 avgMGps=495.2 elapsed=4h14m36s
Aug 11 22:58:37 nimbus-eth1-mainnet-short-benchmark[794027]: INF 2026-08-11 22:58:37.746+00:00 Imported blocks                            blockNumber=20507905 slot=9715488 blocks=507904 txs=81317763 mgas=7689208 bps=33.89 tps=4667 mgps=515.3 avgBps=32.73 avgTps=5240 avgMGps=495.5 elapsed=4h18m38s
Aug 11 23:02:11 nimbus-eth1-mainnet-short-benchmark[794027]: INF 2026-08-11 23:02:11.779+00:00 Imported blocks                            blockNumber=20516097 slot=9723715 blocks=516096 txs=82520262 mgas=7813209 bps=38.27 tps=5618 mgps=579.4 avgBps=32.81 avgTps=5245 avgMGps=496.6 elapsed=4h22m12s
Aug 11 23:05:57 nimbus-eth1-mainnet-short-benchmark[794027]: INF 2026-08-11 23:05:57.803+00:00 Imported blocks                            blockNumber=20524289 slot=9731945 blocks=524288 txs=83780075 mgas=7937233 bps=36.24 tps=5573 mgps=548.7 avgBps=32.85 avgTps=5249 avgMGps=497.4 elapsed=4h25m58s
Aug 11 23:09:44 nimbus-eth1-mainnet-short-benchmark[794027]: INF 2026-08-11 23:09:44.112+00:00 Imported blocks                            blockNumber=20532481 slot=9740183 blocks=532480 txs=85263862 mgas=8061024 bps=36.20 tps=6556 mgps=547.0 avgBps=32.90 avgTps=5268 avgMGps=498.1 elapsed=4h29m44s
Aug 11 23:13:38 nimbus-eth1-mainnet-short-benchmark[794027]: INF 2026-08-11 23:13:38.121+00:00 Imported blocks                            blockNumber=20540673 slot=9748418 blocks=540672 txs=86612143 mgas=8185090 bps=35.01 tps=5761 mgps=530.2 avgBps=32.93 avgTps=5275 avgMGps=498.5 elapsed=4h33m38s
Aug 11 23:17:41 nimbus-eth1-mainnet-short-benchmark[794027]: INF 2026-08-11 23:17:41.434+00:00 Imported blocks                            blockNumber=20548865 slot=9756662 blocks=548864 txs=87802991 mgas=8309513 bps=33.67 tps=4894 mgps=511.4 avgBps=32.94 avgTps=5269 avgMGps=498.7 elapsed=4h37m41s
Aug 11 23:21:42 nimbus-eth1-mainnet-short-benchmark[794027]: INF 2026-08-11 23:21:42.670+00:00 Imported blocks                            blockNumber=20557057 slot=9764892 blocks=557056 txs=88964987 mgas=8433956 bps=33.96 tps=4816 mgps=515.9 avgBps=32.96 avgTps=5263 avgMGps=499.0 elapsed=4h41m43s
Aug 11 23:25:32 nimbus-eth1-mainnet-short-benchmark[794027]: INF 2026-08-11 23:25:32.027+00:00 Imported blocks                            blockNumber=20565249 slot=9773131 blocks=565248 txs=90186094 mgas=8558113 bps=35.72 tps=5324 mgps=541.3 avgBps=32.99 avgTps=5264 avgMGps=499.5 elapsed=4h45m32s
Aug 11 23:29:21 nimbus-eth1-mainnet-short-benchmark[794027]: INF 2026-08-11 23:29:21.828+00:00 Imported blocks                            blockNumber=20573441 slot=9781369 blocks=573440 txs=91404654 mgas=8682228 bps=35.65 tps=5302 mgps=540.1 avgBps=33.03 avgTps=5264 avgMGps=500.1 elapsed=4h49m22s
Aug 11 23:33:08 nimbus-eth1-mainnet-short-benchmark[794027]: INF 2026-08-11 23:33:08.316+00:00 Imported blocks                            blockNumber=20581633 slot=9789611 blocks=581632 txs=92628389 mgas=8806651 bps=36.17 tps=5402 mgps=549.3 avgBps=33.07 avgTps=5266 avgMGps=500.7 elapsed=4h53m8s
Aug 11 23:36:59 nimbus-eth1-mainnet-short-benchmark[794027]: INF 2026-08-11 23:36:59.633+00:00 Imported blocks                            blockNumber=20589825 slot=9797855 blocks=589824 txs=93887208 mgas=8931023 bps=35.41 tps=5441 mgps=537.7 avgBps=33.10 avgTps=5268 avgMGps=501.2 elapsed=4h57m79ms
Aug 11 23:40:57 nimbus-eth1-mainnet-short-benchmark[794027]: INF 2026-08-11 23:40:57.026+00:00 Imported blocks                            blockNumber=20598017 slot=9806095 blocks=598016 txs=95163338 mgas=9055310 bps=34.51 tps=5375 mgps=523.6 avgBps=33.12 avgTps=5270 avgMGps=501.5 elapsed=5h57s471ms
Aug 11 23:44:53 nimbus-eth1-mainnet-short-benchmark[794027]: INF 2026-08-11 23:44:53.574+00:00 Imported blocks                            blockNumber=20606209 slot=9814347 blocks=606208 txs=96334664 mgas=9179976 bps=34.63 tps=4951 mgps=527.0 avgBps=33.14 avgTps=5265 avgMGps=501.8 elapsed=5h4m54s
Aug 11 23:48:41 nimbus-eth1-mainnet-short-benchmark[794027]: INF 2026-08-11 23:48:41.323+00:00 Imported blocks                            blockNumber=20614401 slot=9822581 blocks=614400 txs=97573414 mgas=9304574 bps=35.97 tps=5439 mgps=547.1 avgBps=33.17 avgTps=5268 avgMGps=502.4 elapsed=5h8m41s
Aug 11 23:52:29 nimbus-eth1-mainnet-short-benchmark[794027]: INF 2026-08-11 23:52:29.016+00:00 Imported blocks                            blockNumber=20622593 slot=9830821 blocks=622592 txs=98874772 mgas=9428835 bps=35.98 tps=5715 mgps=545.7 avgBps=33.21 avgTps=5273 avgMGps=502.9 elapsed=5h12m29s
Aug 11 23:56:09 nimbus-eth1-mainnet-short-benchmark[794027]: INF 2026-08-11 23:56:09.533+00:00 Imported blocks                            blockNumber=20630785 slot=9839058 blocks=630784 txs=100178707 mgas=9553009 bps=37.15 tps=5912 mgps=563.1 avgBps=33.25 avgTps=5280 avgMGps=503.6 elapsed=5h16m9s
Aug 12 00:00:01 nimbus-eth1-mainnet-short-benchmark[794027]: INF 2026-08-12 00:00:01.546+00:00 Imported blocks                            blockNumber=20638977 slot=9847313 blocks=638976 txs=101489116 mgas=9677171 bps=35.31 tps=5648 mgps=535.2 avgBps=33.28 avgTps=5285 avgMGps=504.0 elapsed=5h20m1s
Aug 12 00:03:50 nimbus-eth1-mainnet-short-benchmark[794027]: INF 2026-08-12 00:03:50.838+00:00 Imported blocks                            blockNumber=20647169 slot=9855549 blocks=647168 txs=102730058 mgas=9801643 bps=35.73 tps=5412 mgps=542.9 avgBps=33.31 avgTps=5286 avgMGps=504.4 elapsed=5h23m51s
Aug 12 00:07:52 nimbus-eth1-mainnet-short-benchmark[794027]: INF 2026-08-12 00:07:52.859+00:00 Imported blocks                            blockNumber=20655361 slot=9863778 blocks=655360 txs=103868002 mgas=9926541 bps=33.85 tps=4701 mgps=516.1 avgBps=33.31 avgTps=5279 avgMGps=504.6 elapsed=5h27m53s
Aug 12 00:11:37 nimbus-eth1-mainnet-short-benchmark[794027]: INF 2026-08-12 00:11:37.200+00:00 Imported blocks                            blockNumber=20663553 slot=9872013 blocks=663552 txs=105112198 mgas=10051274 bps=36.52 tps=5546 mgps=556.0 avgBps=33.35 avgTps=5282 avgMGps=505.1 elapsed=5h31m37s
Aug 12 00:15:12 nimbus-eth1-mainnet-short-benchmark[794027]: INF 2026-08-12 00:15:12.225+00:00 Imported blocks                            blockNumber=20671745 slot=9880241 blocks=671744 txs=106395904 mgas=10175177 bps=38.10 tps=5969 mgps=576.2 avgBps=33.40 avgTps=5289 avgMGps=505.9 elapsed=5h35m12s
Aug 12 00:18:53 nimbus-eth1-mainnet-short-benchmark[794027]: INF 2026-08-12 00:18:53.813+00:00 Imported blocks                            blockNumber=20679937 slot=9888471 blocks=679936 txs=107674271 mgas=10299404 bps=36.97 tps=5769 mgps=560.6 avgBps=33.44 avgTps=5295 avgMGps=506.5 elapsed=5h38m54s
Aug 12 00:22:23 nimbus-eth1-mainnet-short-benchmark[794027]: INF 2026-08-12 00:22:23.798+00:00 Imported blocks                            blockNumber=20688129 slot=9896698 blocks=688128 txs=108938536 mgas=10423298 bps=39.01 tps=6020 mgps=590.0 avgBps=33.49 avgTps=5302 avgMGps=507.4 elapsed=5h42m24s
Aug 12 00:26:07 nimbus-eth1-mainnet-short-benchmark[794027]: INF 2026-08-12 00:26:07.691+00:00 Imported blocks                            blockNumber=20696321 slot=9904930 blocks=696320 txs=110235786 mgas=10547469 bps=36.59 tps=5794 mgps=554.6 avgBps=33.53 avgTps=5307 avgMGps=507.9 elapsed=5h46m8s
Aug 12 00:30:09 nimbus-eth1-mainnet-short-benchmark[794027]: INF 2026-08-12 00:30:09.248+00:00 Imported blocks                            blockNumber=20704513 slot=9913154 blocks=704512 txs=111483759 mgas=10671677 bps=33.91 tps=5166 mgps=514.2 avgBps=33.53 avgTps=5306 avgMGps=507.9 elapsed=5h50m9s
Aug 12 00:33:55 nimbus-eth1-mainnet-short-benchmark[794027]: INF 2026-08-12 00:33:55.225+00:00 Imported blocks                            blockNumber=20712705 slot=9921388 blocks=712704 txs=112764170 mgas=10795980 bps=36.25 tps=5666 mgps=550.1 avgBps=33.56 avgTps=5310 avgMGps=508.4 elapsed=5h53m55s
Aug 12 00:37:28 nimbus-eth1-mainnet-short-benchmark[794027]: INF 2026-08-12 00:37:28.498+00:00 Imported blocks                            blockNumber=20720897 slot=9929633 blocks=720896 txs=114110517 mgas=10919926 bps=38.41 tps=6312 mgps=581.2 avgBps=33.61 avgTps=5320 avgMGps=509.1 elapsed=5h57m28s
Aug 12 00:41:08 nimbus-eth1-mainnet-short-benchmark[794027]: INF 2026-08-12 00:41:08.027+00:00 Imported blocks                            blockNumber=20729089 slot=9937869 blocks=729088 txs=115449431 mgas=11043768 bps=37.32 tps=6099 mgps=564.1 avgBps=33.65 avgTps=5327 avgMGps=509.7 elapsed=6h1m8s
Aug 12 00:44:40 nimbus-eth1-mainnet-short-benchmark[794027]: INF 2026-08-12 00:44:40.056+00:00 Imported blocks                            blockNumber=20737281 slot=9946108 blocks=737280 txs=116784468 mgas=11167784 bps=38.64 tps=6296 mgps=584.9 avgBps=33.70 avgTps=5337 avgMGps=510.4 elapsed=6h4m40s
Aug 12 00:48:20 nimbus-eth1-mainnet-short-benchmark[794027]: INF 2026-08-12 00:48:20.948+00:00 Imported blocks                            blockNumber=20745473 slot=9954342 blocks=745472 txs=118101003 mgas=11291742 bps=37.09 tps=5959 mgps=561.2 avgBps=33.73 avgTps=5343 avgMGps=510.9 elapsed=6h8m21s
Aug 12 00:52:18 nimbus-eth1-mainnet-short-benchmark[794027]: INF 2026-08-12 00:52:18.033+00:00 Imported blocks                            blockNumber=20753665 slot=9962581 blocks=753664 txs=119337525 mgas=11415859 bps=34.55 tps=5215 mgps=523.5 avgBps=33.74 avgTps=5342 avgMGps=511.0 elapsed=6h12m18s
Aug 12 00:56:04 nimbus-eth1-mainnet-short-benchmark[794027]: INF 2026-08-12 00:56:04.162+00:00 Imported blocks                            blockNumber=20761857 slot=9970803 blocks=761856 txs=120564314 mgas=11540225 bps=36.23 tps=5425 mgps=550.0 avgBps=33.76 avgTps=5343 avgMGps=511.4 elapsed=6h16m4s
Aug 12 00:59:36 nimbus-eth1-mainnet-short-benchmark[794027]: INF 2026-08-12 00:59:36.419+00:00 Imported blocks                            blockNumber=20770049 slot=9979058 blocks=770048 txs=121858083 mgas=11663918 bps=38.59 tps=6095 mgps=582.8 avgBps=33.81 avgTps=5350 avgMGps=512.1 elapsed=6h19m36s
Aug 12 01:03:01 nimbus-eth1-mainnet-short-benchmark[794027]: INF 2026-08-12 01:03:01.196+00:00 Imported blocks                            blockNumber=20778241 slot=9987307 blocks=778240 txs=123161734 mgas=11787906 bps=40.00 tps=6366 mgps=605.5 avgBps=33.86 avgTps=5359 avgMGps=512.9 elapsed=6h23m1s
Aug 12 01:06:19 nimbus-eth1-mainnet-short-benchmark[794027]: INF 2026-08-12 01:06:19.957+00:00 Imported blocks                            blockNumber=20786433 slot=9995542 blocks=786432 txs=124509456 mgas=11911612 bps=41.21 tps=6780 mgps=622.4 avgBps=33.93 avgTps=5371 avgMGps=513.9 elapsed=6h26m20s
Aug 12 01:09:45 nimbus-eth1-mainnet-short-benchmark[794027]: INF 2026-08-12 01:09:45.426+00:00 Imported blocks                            blockNumber=20794625 slot=10003781 blocks=794624 txs=125848921 mgas=12035338 bps=39.87 tps=6519 mgps=602.2 avgBps=33.98 avgTps=5381 avgMGps=514.6 elapsed=6h29m45s
Aug 12 01:13:16 nimbus-eth1-mainnet-short-benchmark[794027]: INF 2026-08-12 01:13:16.483+00:00 Imported blocks                            blockNumber=20802817 slot=10012028 blocks=802816 txs=127089868 mgas=12158989 bps=38.81 tps=5879 mgps=585.9 avgBps=34.02 avgTps=5385 avgMGps=515.3 elapsed=6h33m16s
Aug 12 01:16:55 nimbus-eth1-mainnet-short-benchmark[794027]: INF 2026-08-12 01:16:55.660+00:00 Imported blocks                            blockNumber=20811009 slot=10020249 blocks=811008 txs=128299762 mgas=12282850 bps=37.38 tps=5520 mgps=565.1 avgBps=34.05 avgTps=5387 avgMGps=515.7 elapsed=6h36m56s
Aug 12 01:20:20 nimbus-eth1-mainnet-short-benchmark[794027]: INF 2026-08-12 01:20:20.621+00:00 Imported blocks                            blockNumber=20819201 slot=10028481 blocks=819200 txs=129596319 mgas=12406594 bps=39.97 tps=6325 mgps=603.7 avgBps=34.10 avgTps=5395 avgMGps=516.5 elapsed=6h40m21s
Aug 12 01:23:42 nimbus-eth1-mainnet-short-benchmark[794027]: INF 2026-08-12 01:23:42.938+00:00 Imported blocks                            blockNumber=20827393 slot=10036710 blocks=827392 txs=130916729 mgas=12530249 bps=40.49 tps=6526 mgps=611.2 avgBps=34.16 avgTps=5404 avgMGps=517.3 elapsed=6h43m43s
Aug 12 01:27:05 nimbus-eth1-mainnet-short-benchmark[794027]: INF 2026-08-12 01:27:05.911+00:00 Imported blocks                            blockNumber=20835585 slot=10044938 blocks=835584 txs=132226625 mgas=12654070 bps=40.36 tps=6453 mgps=610.0 avgBps=34.21 avgTps=5413 avgMGps=518.0 elapsed=6h47m6s
Aug 12 01:30:41 nimbus-eth1-mainnet-short-benchmark[794027]: INF 2026-08-12 01:30:41.144+00:00 Imported blocks                            blockNumber=20843777 slot=10053164 blocks=843776 txs=133604192 mgas=12777730 bps=38.06 tps=6400 mgps=574.5 avgBps=34.24 avgTps=5421 avgMGps=518.5 elapsed=6h50m41s
Aug 12 01:34:43 nimbus-eth1-mainnet-short-benchmark[794027]: INF 2026-08-12 01:34:43.353+00:00 Imported blocks                            blockNumber=20851969 slot=10061391 blocks=851968 txs=134900706 mgas=12901664 bps=33.82 tps=5352 mgps=511.7 avgBps=34.24 avgTps=5421 avgMGps=518.5 elapsed=6h54m43s
Aug 12 01:38:33 nimbus-eth1-mainnet-short-benchmark[794027]: INF 2026-08-12 01:38:33.646+00:00 Imported blocks                            blockNumber=20860161 slot=10069622 blocks=860160 txs=136168750 mgas=13025603 bps=35.57 tps=5506 mgps=538.2 avgBps=34.25 avgTps=5422 avgMGps=518.7 elapsed=6h58m34s
Aug 12 01:42:19 nimbus-eth1-mainnet-short-benchmark[794027]: INF 2026-08-12 01:42:19.474+00:00 Imported blocks                            blockNumber=20868353 slot=10077838 blocks=868352 txs=137550724 mgas=13149742 bps=36.28 tps=6119 mgps=549.7 avgBps=34.27 avgTps=5428 avgMGps=518.9 elapsed=7h2m19s
Aug 12 01:46:04 nimbus-eth1-mainnet-short-benchmark[794027]: INF 2026-08-12 01:46:04.543+00:00 Imported blocks                            blockNumber=20876545 slot=10086066 blocks=876544 txs=138954673 mgas=13273457 bps=36.40 tps=6237 mgps=549.7 avgBps=34.29 avgTps=5435 avgMGps=519.2 elapsed=7h6m4s
Aug 12 01:49:45 nimbus-eth1-mainnet-short-benchmark[794027]: INF 2026-08-12 01:49:45.052+00:00 Imported blocks                            blockNumber=20884737 slot=10094286 blocks=884736 txs=140256178 mgas=13397479 bps=37.15 tps=5902 mgps=562.4 avgBps=34.31 avgTps=5439 avgMGps=519.6 elapsed=7h9m45s
Aug 12 01:53:18 nimbus-eth1-mainnet-short-benchmark[794027]: INF 2026-08-12 01:53:18.689+00:00 Imported blocks                            blockNumber=20892929 slot=10102512 blocks=892928 txs=141581868 mgas=13521575 bps=38.35 tps=6205 mgps=580.9 avgBps=34.34 avgTps=5445 avgMGps=520.1 elapsed=7h13m19s
Aug 12 01:56:54 nimbus-eth1-mainnet-short-benchmark[794027]: INF 2026-08-12 01:56:54.794+00:00 Imported blocks                            blockNumber=20901121 slot=10110732 blocks=901120 txs=142875889 mgas=13645572 bps=37.91 tps=5987 mgps=573.8 avgBps=34.37 avgTps=5450 avgMGps=520.5 elapsed=7h16m55s
Aug 12 02:00:28 nimbus-eth1-mainnet-short-benchmark[794027]: INF 2026-08-12 02:00:28.983+00:00 Imported blocks                            blockNumber=20909313 slot=10118953 blocks=909312 txs=144102308 mgas=13769390 bps=38.25 tps=5725 mgps=578.1 avgBps=34.41 avgTps=5452 avgMGps=521.0 elapsed=7h20m29s
Aug 12 02:03:58 nimbus-eth1-mainnet-short-benchmark[794027]: INF 2026-08-12 02:03:58.032+00:00 Imported blocks                            blockNumber=20917505 slot=10127176 blocks=917504 txs=145406349 mgas=13893087 bps=39.19 tps=6237 mgps=591.7 avgBps=34.44 avgTps=5458 avgMGps=521.5 elapsed=7h23m58s
Aug 12 02:07:19 nimbus-eth1-mainnet-short-benchmark[794027]: INF 2026-08-12 02:07:19.245+00:00 Imported blocks                            blockNumber=20925697 slot=10135394 blocks=925696 txs=146718394 mgas=14016820 bps=40.71 tps=6520 mgps=614.9 avgBps=34.49 avgTps=5466 avgMGps=522.2 elapsed=7h27m19s
Aug 12 02:10:54 nimbus-eth1-mainnet-short-benchmark[794027]: INF 2026-08-12 02:10:54.414+00:00 Imported blocks                            blockNumber=20933889 slot=10143614 blocks=933888 txs=148049109 mgas=14140625 bps=38.07 tps=6184 mgps=575.4 avgBps=34.52 avgTps=5472 avgMGps=522.7 elapsed=7h30m54s
Aug 12 02:14:21 nimbus-eth1-mainnet-short-benchmark[794027]: INF 2026-08-12 02:14:21.899+00:00 Imported blocks                            blockNumber=20942081 slot=10151840 blocks=942080 txs=149397364 mgas=14264352 bps=39.48 tps=6497 mgps=596.3 avgBps=34.56 avgTps=5479 avgMGps=523.2 elapsed=7h34m22s
Aug 12 02:17:54 nimbus-eth1-mainnet-short-benchmark[794027]: INF 2026-08-12 02:17:54.480+00:00 Imported blocks                            blockNumber=20950273 slot=10160098 blocks=950272 txs=150765507 mgas=14388237 bps=38.54 tps=6435 mgps=582.8 avgBps=34.59 avgTps=5487 avgMGps=523.7 elapsed=7h37m54s
Aug 12 02:21:42 nimbus-eth1-mainnet-short-benchmark[794027]: INF 2026-08-12 02:21:42.893+00:00 Imported blocks                            blockNumber=20958465 slot=10168363 blocks=958464 txs=152044771 mgas=14511987 bps=35.86 tps=5600 mgps=541.8 avgBps=34.60 avgTps=5488 avgMGps=523.8 elapsed=7h41m43s
Aug 12 02:25:21 nimbus-eth1-mainnet-short-benchmark[794027]: INF 2026-08-12 02:25:21.682+00:00 Imported blocks                            blockNumber=20966657 slot=10176609 blocks=966656 txs=153365296 mgas=14635804 bps=37.44 tps=6035 mgps=565.9 avgBps=34.62 avgTps=5492 avgMGps=524.2 elapsed=7h45m22s
Aug 12 02:28:56 nimbus-eth1-mainnet-short-benchmark[794027]: INF 2026-08-12 02:28:56.175+00:00 Imported blocks                            blockNumber=20974849 slot=10184849 blocks=974848 txs=154744917 mgas=14759580 bps=38.19 tps=6432 mgps=577.1 avgBps=34.65 avgTps=5499 avgMGps=524.6 elapsed=7h48m56s
Aug 12 02:32:37 nimbus-eth1-mainnet-short-benchmark[794027]: INF 2026-08-12 02:32:37.075+00:00 Imported blocks                            blockNumber=20983041 slot=10193086 blocks=983040 txs=156055229 mgas=14883451 bps=37.08 tps=5931 mgps=560.8 avgBps=34.67 avgTps=5503 avgMGps=524.9 elapsed=7h52m37s
Aug 12 02:35:53 nimbus-eth1-mainnet-short-benchmark[794027]: INF 2026-08-12 02:35:53.485+00:00 Imported blocks                            blockNumber=20991233 slot=10201319 blocks=991232 txs=157563202 mgas=15007557 bps=41.71 tps=7677 mgps=631.9 avgBps=34.71 avgTps=5518 avgMGps=525.6 elapsed=7h55m53s
Aug 12 02:39:39 nimbus-eth1-mainnet-short-benchmark[794027]: INF 2026-08-12 02:39:39.625+00:00 Imported blocks                            blockNumber=20999425 slot=10209549 blocks=999424 txs=159003277 mgas=15131383 bps=36.23 tps=6368 mgps=547.6 avgBps=34.73 avgTps=5524 avgMGps=525.8 elapsed=7h59m40s
Aug 12 02:39:55 nimbus-eth1-mainnet-short-benchmark[794027]: INF 2026-08-12 02:39:55.757+00:00 Imported blocks                            blockNumber=21000001 slot=10210128 blocks=1000000 txs=159109486 mgas=15140191 bps=35.71 tps=6584 mgps=546.0 avgBps=34.73 avgTps=5525 avgMGps=525.8 elapsed=7h59m56s
Aug 12 02:39:55 nimbus-eth1-mainnet-short-benchmark[794027]: NTC 2026-08-12 02:39:55.757+00:00 Import complete                            blockNumber=21000001 slot=10210128 blocks=1000000 txs=159109486 mgas=15140191
Aug 12 02:39:56 nimbus-eth1-mainnet-short-benchmark[762561]: <<< ending startNimbusWithImport (success)
Aug 12 02:39:56 nimbus-eth1-mainnet-short-benchmark[762561]: >>> starting moveBenchmarkingFileToRepo
Aug 12 02:39:56 nimbus-eth1-mainnet-short-benchmark[762561]: >>> copying debug-csv generated by nimbus to benchmarks repo
Aug 12 02:39:56 nimbus-eth1-mainnet-short-benchmark[762561]: <<< ending moveBenchmarkingFileToRepo (success)
Aug 12 02:39:56 nimbus-eth1-mainnet-short-benchmark[762561]: >>> starting generateBuildEnvironmentLogFile
Aug 12 02:40:05 nimbus-eth1-mainnet-short-benchmark[762561]: <<< ending generateBuildEnvironmentLogFile (success)
Aug 12 02:40:05 nimbus-eth1-mainnet-short-benchmark[762561]: >>> starting generateSystemdServiceLogs
