=== System Information Report ===
>>> Generated on: Mon Oct  5 04:42:15 AM UTC 2026
==========================
>>> CPU Architecture: x86_64
>>> CPU Byte Order: Little Endian
>>> CPU Cores: 16
>>> CPU Model: AMD Ryzen 7 PRO 8700GE w/ Radeon 780M Graphics
>>> CPU Cache Information:
L1d Cache: 256 KiB (8 instances)
L1i Cache: 256 KiB (8 instances)
L2 Cache: 8 MiB (8 instances)
L3 Cache: 16 MiB (1 instance)
>>> RAM Size: 61Gi
>>> Hard Disk Information:
/dev/md2 : 437G total, 199G free
/dev/md1 : 989M total, 690M free
/dev/nvme0n1p1 : 256M total, 256M free
/dev/nvme1n1 : 1.9T total, 487G free
==========================
=== Nimbus-ETH1 Benchmarking Report ===
>>> Total time spent in benchmarking (nanoseconds): 27642257653432
>>> Total time spent in benchmarking (human readable format): 7 hours 40 minutes 42 seconds
>>> Start block number is 20000001
>>> End block number is 21000001
==========================
=== Comparison of last two benchmarks ===
sort: write failed: 'standard output': Broken pipe
sort: write error
sort: write failed: 'standard output': Broken pipe
sort: write error
python /data/status-im/nimbus-eth1/scripts/block-import-stats.py /data/status-im/nimbus-eth1-benchmarks/short-benchmark/20261004T130324_f04aa537/blocks-import-benchmark.csv /data/status-im/nimbus-eth1-benchmarks/short-benchmark/20261004T205215_8795b658/blocks-import-benchmark.csv
blocks-import-benchmark.csv vs blocks-import-benchmark.csv
                      bps_x  bps_y     tps_x     tps_y  time_x  time_y    bpsd    tpsd  timed
block_number                                                                                 
(20000001, 20111112]  30.18  30.08  4,928.60  4,911.95  59m49s  1h0m1s  -0.34%  -0.34%  0.35%
(20111112, 20222223]  34.05  33.93  5,567.23  5,548.93  56m19s  56m30s  -0.34%  -0.34%  0.34%
(20222223, 20333334]  36.07  35.73  5,847.49  5,791.45  49m24s  49m52s  -0.95%  -0.95%  0.96%
(20333334, 20444445]  37.53  37.26  5,914.55  5,871.37   51m9s  51m32s  -0.73%  -0.73%  0.74%
(20444445, 20555556]  36.94  36.57  5,692.85  5,636.11   48m9s  48m39s  -1.01%  -1.01%  1.02%
(20555556, 20666667]  37.05  36.79  5,595.49  5,556.74  51m38s  51m59s  -0.67%  -0.67%  0.68%
(20666667, 20777778]  38.97  38.53  6,133.15  6,062.83  45m38s   46m8s  -1.12%  -1.12%  1.14%
(20777778, 20888889]  40.27  39.89  6,459.75  6,398.70  47m40s   48m5s  -0.91%  -0.91%  0.92%
(20888889, 21000001]  40.23  39.98  6,630.14  6,589.87  47m33s  47m51s  -0.59%  -0.59%  0.60%

blocks: 991808, baseline: 7h37m23s, contender: 7h40m42s
Time (total): 3m19s, 0.73%

bpsd = blocks per sec diff (+), tpsd = txs per sec diff, timed = time to process diff (-)
+ = more is better, - = less is better
==========================
