Oct 04 20:51:57 nimbus-eth1-mainnet-short-benchmark[1743214]: >>> starting cloneOrFetchBenchmarksRepo
Oct 04 20:51:57 nimbus-eth1-mainnet-short-benchmark[1743214]: >>> Fetching latest changes for nimbus-eth1-benchmarks...
Oct 04 20:51:59 nimbus-eth1-mainnet-short-benchmark[1743261]: HEAD is now at b8d5938 chore: update short benchmark Readme
Oct 04 20:51:59 nimbus-eth1-mainnet-short-benchmark[1743214]: <<< ending cloneOrFetchBenchmarksRepo (success)
Oct 04 20:51:59 nimbus-eth1-mainnet-short-benchmark[1743214]: >>> starting cloneOrFetchNimbusRepo
Oct 04 20:52:09 nimbus-eth1-mainnet-short-benchmark[1743214]: >>> Fetching latest changes for nimbus-eth1...
Oct 04 20:52:10 nimbus-eth1-mainnet-short-benchmark[1743628]: From https://github.com/status-im/nimbus-eth1
Oct 04 20:52:10 nimbus-eth1-mainnet-short-benchmark[1743628]:    f04aa5378..8795b658c  master              -> origin/master
Oct 04 20:52:10 nimbus-eth1-mainnet-short-benchmark[1743628]:    037fc8bf6..07fc64508  async-block-builder -> origin/async-block-builder
Oct 04 20:52:10 nimbus-eth1-mainnet-short-benchmark[1743628]:  + 1aaca5dbd...233ce05a7 eip-8141            -> origin/eip-8141  (forced update)
Oct 04 20:52:10 nimbus-eth1-mainnet-short-benchmark[1743628]:  + 1174bf021...9ba81e8fe focil-devnet-0      -> origin/focil-devnet-0  (forced update)
Oct 04 20:52:10 nimbus-eth1-mainnet-short-benchmark[1743628]:  * [new branch]          stateless-eest-zkevm-benchmark -> origin/stateless-eest-zkevm-benchmark
Oct 04 20:52:10 nimbus-eth1-mainnet-short-benchmark[1743628]: warning: 4f75c3b8ef10b08b27e7f5e5765da8d3ce3d4711:.gitmodules, multiple configurations found for 'submodule.vendor/nim-libplum.path'. Skipping second one!
Oct 04 20:52:10 nimbus-eth1-mainnet-short-benchmark[1743628]: warning: 4f75c3b8ef10b08b27e7f5e5765da8d3ce3d4711:.gitmodules, multiple configurations found for 'submodule.vendor/nim-libplum.url'. Skipping second one!
Oct 04 20:52:10 nimbus-eth1-mainnet-short-benchmark[1743628]: Fetching submodule vendor/nim-json-serialization
Oct 04 20:52:11 nimbus-eth1-mainnet-short-benchmark[1743628]: From https://github.com/status-im/nim-json-serialization
Oct 04 20:52:11 nimbus-eth1-mainnet-short-benchmark[1743628]:    99b1790..6aa408b  gh-pages   -> origin/gh-pages
Oct 04 20:52:11 nimbus-eth1-mainnet-short-benchmark[1743628]:    a8c5169..326b48f  master     -> origin/master
Oct 04 20:52:11 nimbus-eth1-mainnet-short-benchmark[1743628]:  * [new tag]         v0.5.0     -> v0.5.0
Oct 04 20:52:11 nimbus-eth1-mainnet-short-benchmark[1743628]: Fetching submodule vendor/nim-web3
Oct 04 20:52:11 nimbus-eth1-mainnet-short-benchmark[1743628]: From https://github.com/status-im/nim-web3
Oct 04 20:52:11 nimbus-eth1-mainnet-short-benchmark[1743628]:    8aef7ab..a603e5d  eip-8141   -> origin/eip-8141
Oct 04 20:52:12 nimbus-eth1-mainnet-short-benchmark[1743628]: Fetching submodule vendor/nimbus-eth2
Oct 04 20:52:12 nimbus-eth1-mainnet-short-benchmark[1743628]: From https://github.com/status-im/nimbus-eth2
Oct 04 20:52:12 nimbus-eth1-mainnet-short-benchmark[1743628]:    3cc8902e3..b8394412b  PRF        -> origin/PRF
Oct 04 20:52:12 nimbus-eth1-mainnet-short-benchmark[1743628]:  + 79491b809...28b521805 nim-libp2p-auto-bump-stable -> origin/nim-libp2p-auto-bump-stable  (forced update)
Oct 04 20:52:12 nimbus-eth1-mainnet-short-benchmark[1743628]:  + d75d5422d...2665dc870 nim-libp2p-auto-bump-unstable -> origin/nim-libp2p-auto-bump-unstable  (forced update)
Oct 04 20:52:12 nimbus-eth1-mainnet-short-benchmark[1743628]:    5fbb3f3b8..f66306157  pc         -> origin/pc
Oct 04 20:52:12 nimbus-eth1-mainnet-short-benchmark[1743628]:    123ea73d4..657beb3d6  stable     -> origin/stable
Oct 04 20:52:12 nimbus-eth1-mainnet-short-benchmark[1743628]:  + ba33a289f...657beb3d6 testing    -> origin/testing  (forced update)
Oct 04 20:52:12 nimbus-eth1-mainnet-short-benchmark[1743628]:    b90cb500d..8ef50dc40  unstable   -> origin/unstable
Oct 04 20:52:12 nimbus-eth1-mainnet-short-benchmark[1743628]:  * [new tag]             v26.10.0   -> v26.10.0
Oct 04 20:52:12 nimbus-eth1-mainnet-short-benchmark[1743628]: fatal: exec 'rev-list': cd to 'vendor/nim-json-rpc' failed: No such file or directory
Oct 04 20:52:12 nimbus-eth1-mainnet-short-benchmark[1743628]: fatal: exec 'rev-list': cd to 'vendor/nim-json-serialization' failed: No such file or directory
Oct 04 20:52:12 nimbus-eth1-mainnet-short-benchmark[1743628]: fatal: exec 'rev-list': cd to 'vendor/nim-libp2p' failed: No such file or directory
Oct 04 20:52:12 nimbus-eth1-mainnet-short-benchmark[1743628]: fatal: exec 'rev-list': cd to 'vendor/nim-web3' failed: No such file or directory
Oct 04 20:52:12 nimbus-eth1-mainnet-short-benchmark[1743628]: Fetching submodule vendor/nimbus-eth2/vendor/nim-json-rpc
Oct 04 20:52:13 nimbus-eth1-mainnet-short-benchmark[1743628]: From https://github.com/status-im/nim-json-rpc
Oct 04 20:52:13 nimbus-eth1-mainnet-short-benchmark[1743628]:    72a6391..50d000f  gh-pages   -> origin/gh-pages
Oct 04 20:52:13 nimbus-eth1-mainnet-short-benchmark[1743628]:    c188bf9..0b4a7bd  master     -> origin/master
Oct 04 20:52:13 nimbus-eth1-mainnet-short-benchmark[1743628]: Fetching submodule vendor/nimbus-eth2/vendor/nim-json-serialization
Oct 04 20:52:14 nimbus-eth1-mainnet-short-benchmark[1743628]: From https://github.com/status-im/nim-json-serialization
Oct 04 20:52:14 nimbus-eth1-mainnet-short-benchmark[1743628]:    d64d7f8..6aa408b  gh-pages   -> origin/gh-pages
Oct 04 20:52:14 nimbus-eth1-mainnet-short-benchmark[1743628]:    5bd1d25..326b48f  master     -> origin/master
Oct 04 20:52:14 nimbus-eth1-mainnet-short-benchmark[1743628]: Fetching submodule vendor/nimbus-eth2/vendor/nim-libp2p
Oct 04 20:52:14 nimbus-eth1-mainnet-short-benchmark[1743628]: From https://github.com/vacp2p/nim-libp2p
Oct 04 20:52:14 nimbus-eth1-mainnet-short-benchmark[1743628]:    f8f64e58a..f1c084217  gh-pages   -> origin/gh-pages
Oct 04 20:52:15 nimbus-eth1-mainnet-short-benchmark[1743628]: Fetching submodule vendor/nimbus-eth2/vendor/nim-web3
Oct 04 20:52:15 nimbus-eth1-mainnet-short-benchmark[1743628]: From https://github.com/status-im/nim-web3
Oct 04 20:52:15 nimbus-eth1-mainnet-short-benchmark[1743628]:    8aef7ab..a603e5d  eip-8141   -> origin/eip-8141
Oct 04 20:52:15 nimbus-eth1-mainnet-short-benchmark[1743719]: HEAD is now at 8795b658c stateless guest: pin the Rust nightly building ZisK (#4898)
Oct 04 20:52:15 nimbus-eth1-mainnet-short-benchmark[1743214]: >>> Found last benchmarked commit: f04aa537
Oct 04 20:52:15 nimbus-eth1-mainnet-short-benchmark[1743214]: >>> Using next commit: 8795b658c818c11381aa7681ae081a9b7ec66a28
Oct 04 20:52:15 nimbus-eth1-mainnet-short-benchmark[1743738]: HEAD is now at 8795b658c stateless guest: pin the Rust nightly building ZisK (#4898)
Oct 04 20:52:15 nimbus-eth1-mainnet-short-benchmark[1743214]: >>> Current commit: 8795b658c
Oct 04 20:52:15 nimbus-eth1-mainnet-short-benchmark[1743214]: <<< ending cloneOrFetchNimbusRepo (success)
Oct 04 20:52:15 nimbus-eth1-mainnet-short-benchmark[1743214]: >>> starting buildBinaries
Oct 04 20:52:15 nimbus-eth1-mainnet-short-benchmark[1743214]: >>> Building binaries for commit 8795b658...
Oct 04 20:52:19 nimbus-eth1-mainnet-short-benchmark[1744994]: Submodule path 'vendor/nim-chronos': checked out 'c679d2901faf905e9228275863eb5d670695409b'
Oct 04 20:52:19 nimbus-eth1-mainnet-short-benchmark[1744994]: Submodule path 'vendor/nim-json-serialization': checked out '5bd1d25bf33ad63093dfd949435bc92d6d722a75'
Oct 04 20:52:19 nimbus-eth1-mainnet-short-benchmark[1744994]: Submodule path 'vendor/nim-ssz-serialization': checked out '51a257aaafd15358c4455c534b15cdbab803ca27'
Oct 04 20:52:20 nimbus-eth1-mainnet-short-benchmark[1745639]: Submodule path 'vendor/nim-ssz-serialization/vendor/hashtree': checked out '76c54d6dcf3596c03788ea5bc0ef030e9f1b43f4'
Oct 04 20:52:20 nimbus-eth1-mainnet-short-benchmark[1744994]: Submodule path 'vendor/nim-web3': checked out 'b0a2d3d7ee9ecdb9b24fadf4f50a503e4721398d'
Oct 04 20:52:20 nimbus-eth1-mainnet-short-benchmark[1744994]: Submodule path 'vendor/nimbus-eth2': checked out 'c6d6ec5f7bcef85c784db4fb02766c68d9adca94'
Oct 04 20:52:20 nimbus-eth1-mainnet-short-benchmark[1745852]: Submodule path 'vendor/nimbus-eth2/vendor/nim-eth': checked out 'df77246a793a2cf016c00f9f503f7d0aac937f3a'
Oct 04 20:52:20 nimbus-eth1-mainnet-short-benchmark[1745852]: Submodule path 'vendor/nimbus-eth2/vendor/nim-json-rpc': checked out '8404818830c034e80deb74c75a4d2ed65d808543'
Oct 04 20:52:20 nimbus-eth1-mainnet-short-benchmark[1745852]: Submodule path 'vendor/nimbus-eth2/vendor/nim-json-serialization': checked out '5bd1d25bf33ad63093dfd949435bc92d6d722a75'
Oct 04 20:52:20 nimbus-eth1-mainnet-short-benchmark[1745852]: Submodule path 'vendor/nimbus-eth2/vendor/nim-libp2p': checked out '05e8dfea23ce355b81c9ffc7df7dffdf9ce8106d'
Oct 04 20:52:20 nimbus-eth1-mainnet-short-benchmark[1745852]: Submodule path 'vendor/nimbus-eth2/vendor/nim-lsquic': checked out 'f156ed72554d16e925ed654833e7f37e8c8e7f8f'
Oct 04 20:52:21 nimbus-eth1-mainnet-short-benchmark[1745852]: Submodule path 'vendor/nimbus-eth2/vendor/nim-ssz-serialization': checked out '7550620b7cfec63a1e334d5ac3c4d3d21f924baa'
Oct 04 20:52:21 nimbus-eth1-mainnet-short-benchmark[1745852]: Submodule path 'vendor/nimbus-eth2/vendor/nim-web3': checked out 'b0a2d3d7ee9ecdb9b24fadf4f50a503e4721398d'
Oct 04 20:52:21 nimbus-eth1-mainnet-short-benchmark[1745852]: Submodule path 'vendor/nimbus-eth2/vendor/nimbus-build-system': checked out '660fea594e0338a8e2678e54662d7751cf28b1c5'
Oct 04 20:52:31 nimbus-eth1-mainnet-short-benchmark[1749502]: Building: Nim compiler
Oct 04 20:55:25 nimbus-eth1-mainnet-short-benchmark[1749502]: Building custom Nimble commit: 42ef70c2102a942c46f13eb76872326edd525cec
Oct 04 20:55:34 nimbus-eth1-mainnet-short-benchmark[1749502]: Building Nimble...
Oct 04 20:55:44 nimbus-eth1-mainnet-short-benchmark[1749502]: Replacing nimble binary...
Oct 04 20:55:52 nimbus-eth1-mainnet-short-benchmark[1766447]: Building: build/generate_makefile
Oct 04 20:55:52 nimbus-eth1-mainnet-short-benchmark[1766312]: ROCKSDB CACHED VERSION: 11.8.1
Oct 04 20:55:52 nimbus-eth1-mainnet-short-benchmark[1766715]: RocksDb static libraries already built. Skipping build.
Oct 04 20:55:52 nimbus-eth1-mainnet-short-benchmark[1766447]: Build completed successfully: build/generate_makefile
Oct 04 20:55:52 nimbus-eth1-mainnet-short-benchmark[1766771]: Building: build/nimbus_execution_client
Oct 04 20:56:06 nimbus-eth1-mainnet-short-benchmark[1766889]: /data/status-im/nimbus-eth1/execution_chain/networking/p2p.nim(116, 18) template/generic instantiation of `start` from here
Oct 04 20:56:06 nimbus-eth1-mainnet-short-benchmark[1766889]: /data/status-im/nimbus-eth1/execution_chain/networking/peer_pool.nim(336, 16) template/generic instantiation of `run` from here
Oct 04 20:56:06 nimbus-eth1-mainnet-short-benchmark[1766889]: /data/status-im/nimbus-eth1/execution_chain/networking/peer_pool.nim(227, 19) Warning: Use `race` instead; one is deprecated [Deprecated]
Oct 04 20:56:06 nimbus-eth1-mainnet-short-benchmark[1766889]: /data/status-im/nimbus-eth1/execution_chain/networking/p2p.nim(116, 18) template/generic instantiation of `start` from here
Oct 04 20:56:06 nimbus-eth1-mainnet-short-benchmark[1766889]: /data/status-im/nimbus-eth1/execution_chain/networking/peer_pool.nim(336, 16) template/generic instantiation of `run` from here
Oct 04 20:56:06 nimbus-eth1-mainnet-short-benchmark[1766889]: /data/status-im/nimbus-eth1/vendor/nim-chronos/chronos/internal/asyncmacro.nim(609, 46) template/generic instantiation of `internalRaiseIfError` from here
Oct 04 20:56:06 nimbus-eth1-mainnet-short-benchmark[1766889]: /data/status-im/nimbus-eth1/execution_chain/networking/peer_pool.nim(227, 22) Warning: Use `race` instead; one is deprecated [Deprecated]
Oct 04 20:56:06 nimbus-eth1-mainnet-short-benchmark[1766889]: /data/status-im/nimbus-eth1/execution_chain/networking/p2p.nim(116, 18) template/generic instantiation of `start` from here
Oct 04 20:56:06 nimbus-eth1-mainnet-short-benchmark[1766889]: /data/status-im/nimbus-eth1/execution_chain/networking/peer_pool.nim(336, 16) template/generic instantiation of `run` from here
Oct 04 20:56:06 nimbus-eth1-mainnet-short-benchmark[1766889]: /data/status-im/nimbus-eth1/execution_chain/networking/peer_pool.nim(227, 19) Warning: Use `race` instead; one is deprecated [Deprecated]
Oct 04 20:56:15 nimbus-eth1-mainnet-short-benchmark[1766889]: /data/status-im/nimbus-eth1/execution_chain/sync/wire_protocol/eth/eth_broadcast.nim(641, 38) template/generic instantiation of `async` from here
Oct 04 20:56:15 nimbus-eth1-mainnet-short-benchmark[1766889]: /data/status-im/nimbus-eth1/execution_chain/sync/wire_protocol/eth/eth_broadcast.nim(651, 19) Warning: Use `race` instead; one is deprecated [Deprecated]
Oct 04 20:56:15 nimbus-eth1-mainnet-short-benchmark[1766889]: /data/status-im/nimbus-eth1/execution_chain/sync/wire_protocol/eth/eth_broadcast.nim(641, 38) template/generic instantiation of `async` from here
Oct 04 20:56:15 nimbus-eth1-mainnet-short-benchmark[1766889]: /data/status-im/nimbus-eth1/vendor/nim-chronos/chronos/internal/asyncmacro.nim(609, 46) template/generic instantiation of `internalRaiseIfError` from here
Oct 04 20:56:15 nimbus-eth1-mainnet-short-benchmark[1766889]: /data/status-im/nimbus-eth1/execution_chain/sync/wire_protocol/eth/eth_broadcast.nim(651, 22) Warning: Use `race` instead; one is deprecated [Deprecated]
Oct 04 20:56:15 nimbus-eth1-mainnet-short-benchmark[1766889]: /data/status-im/nimbus-eth1/execution_chain/sync/wire_protocol/eth/eth_broadcast.nim(641, 38) template/generic instantiation of `async` from here
Oct 04 20:56:15 nimbus-eth1-mainnet-short-benchmark[1766889]: /data/status-im/nimbus-eth1/execution_chain/sync/wire_protocol/eth/eth_broadcast.nim(651, 19) Warning: Use `race` instead; one is deprecated [Deprecated]
Oct 04 20:56:19 nimbus-eth1-mainnet-short-benchmark[1766889]: @["Unknown constants in file: ", "GAS_LIMIT_SCHEDULE", "GAS_LIMIT", "- EPOCH", "    GAS_LIMIT"]
Oct 04 20:56:19 nimbus-eth1-mainnet-short-benchmark[1766889]: @["Unknown constants in file: ", "GAS_LIMIT_SCHEDULE", "GAS_LIMIT", "- EPOCH", "    GAS_LIMIT"]
Oct 04 20:58:15 nimbus-eth1-mainnet-short-benchmark[1766771]: Build completed successfully: build/nimbus_execution_client
Oct 04 20:58:15 nimbus-eth1-mainnet-short-benchmark[1743214]: >>> renaming binaries to match commit they were built from
Oct 04 20:58:15 nimbus-eth1-mainnet-short-benchmark[1743214]: >>> creating a symbolic link to the latest version
Oct 04 20:58:15 nimbus-eth1-mainnet-short-benchmark[1743214]: >>> deleting copies that are older than N days
Oct 04 20:58:15 nimbus-eth1-mainnet-short-benchmark[1743214]: <<< ending buildBinaries (success)
Oct 04 20:58:15 nimbus-eth1-mainnet-short-benchmark[1743214]: >>> starting skipOrContinueBenchmark
Oct 04 20:58:15 nimbus-eth1-mainnet-short-benchmark[1743214]: <<< ending skipOrContinueBenchmark (success)
Oct 04 20:58:15 nimbus-eth1-mainnet-short-benchmark[1743214]: >>> starting copyTemplateDatabase
Oct 04 20:58:15 nimbus-eth1-mainnet-short-benchmark[1743214]: >>> Copying template db into nimbus data directory
Oct 04 21:01:30 nimbus-eth1-mainnet-short-benchmark[1743214]: >>> Template db copied
Oct 04 21:01:30 nimbus-eth1-mainnet-short-benchmark[1743214]: >>> making nimbus the owner of the copied files
Oct 04 21:01:30 nimbus-eth1-mainnet-short-benchmark[1743214]: <<< ending copyTemplateDatabase (success)
Oct 04 21:01:30 nimbus-eth1-mainnet-short-benchmark[1743214]: >>> starting startNimbusWithImport
Oct 04 21:01:30 nimbus-eth1-mainnet-short-benchmark[1772520]: INF 2026-10-04 21:01:30.156+00:00 Launching execution client                 version=v0.4.2-8795b658 config="(configFile: none(InputFile), dataDirFlag: some(/data/status-im/nimbus-eth1/data/shared_mainnet_0), era1DirFlag: some(/data/era1), eraDirFlag: some(/data/era), ereDirFlag: none(OutDir), keyStoreDirFlag: none(OutDir), importKey: , trustedSetupFile: none(string), extraData: Nimbus/v0.4.2-8795b658, gasLimit: none(uint64), maxBlobs: none(byte), network: [mainnet], logLevel: INFO, logFormat: auto, metricsEnabled: false, metricsPort: 9093, metricsAddress: 127.0.0.1, bootstrapNodes: [], elBootstrapNodes: [], bootstrapFile: , elBootstrapFile: , staticPeers: [], staticPeersFile: , reconnectMaxRetry: 0, reconnectInterval: 15, listenAddress: ::, tcpPort: 30303, udpPortFlag: none(Port), maxPeersOpt: none(int), elMaxPeersOpt: none(int), nat: (hasExtIp: false, nat: NatAny), discv5: true, netKey: random, agentString: Nimbus/v0.4.2-8795b658/linux-amd64/Nim-2.2.12, numThreads: 0, persistBatchSize: 4, dynamicBatchSize: false, rocksdbMaxOpenFiles: 2048, rocksdbWriteBufferSize: 67108864, rocksdbRowCacheSize: 0, rocksdbBlockCacheSize: 2147483648, rocksdbBlockCacheType: hyperclock, rdbVtxCacheSize: 684720128, rdbKeyCacheSize: 1342177280, rdbBranchCacheSize: 1395654656, accLeafCacheSize: 1310720, stoLeafCacheSize: 1441792, rdbPrintStats: false, rewriteDatadirId: true, aristoDbMaxSnapshots: 5, debugParallel: none(bool), parallelStateRootComputationFlag: false, parallelSenderRecoveryFlag: true, optimisticStatePrefetchFlag: false, balStatePrefetchFlag: false, balStatePrefetchWorkers: 0, balParallelExecutionFlag: false, balPruning: true, eagerStateRootCheck: false, deserializeFcState: true, statelessProvider: false, statelessWitnessValidation: false, cmd: import, maxBlocks: 1000000, chunkSize: 8192, csvStats: some("/data/host-benchmarks/short/5e0030be1af042209830450b14fab09d/blocks-import-benchmark.csv"), validation: false, fullValidation: false, storeBodies: false, storeReceipts: false, storeSlotHashes: false)"
Oct 04 21:01:30 nimbus-eth1-mainnet-short-benchmark[1772520]: WRN 2026-10-04 21:01:30.160+00:00 Data directory has insecure permissions. Correcting them. data_dir=/data/status-im/nimbus-eth1/data/shared_mainnet_0 current_permissions=0755 required_permissions=0700
Oct 04 21:01:31 nimbus-eth1-mainnet-short-benchmark[1772520]: INF 2026-10-04 21:01:31.991+00:00 Taskpool started                           numThreads=16
Oct 04 21:01:32 nimbus-eth1-mainnet-short-benchmark[1772520]: CreateIOUring failed: Invalid argument (errno=22), thread=139974550981888
Oct 04 21:01:32 nimbus-eth1-mainnet-short-benchmark[1772520]: INF 2026-10-04 21:01:32.139+00:00 Database initialized                       base="(0xd24fd73f794058a3807db926d8898c6481e902b7edb91ce0d479d6760f276183, 20000000)" finalized="(0xd24fd73f794058a3807db926d8898c6481e902b7edb91ce0d479d6760f276183, 20000000)" head="(0xd4e56740f876aef8c010b86a40d5f56745a118d0906a34e69aec8c0db1cb8fa3, 0)" startOfHistory=0
Oct 04 21:01:32 nimbus-eth1-mainnet-short-benchmark[1772520]: NTC 2026-10-04 21:01:32.139+00:00 Could not open ere database, falling back to era1/era import ereDir=/data/status-im/nimbus-eth1/data/shared_mainnet_0/ere networkName=mainnet error="No ere files found in /data/status-im/nimbus-eth1/data/shared_mainnet_0/ere"
Oct 04 21:01:32 nimbus-eth1-mainnet-short-benchmark[1772520]: NTC 2026-10-04 21:01:32.139+00:00 Importing era archive                      blockNumber=20000001 dataDir=/data/status-im/nimbus-eth1/data/shared_mainnet_0 eraDir=/data/era
Oct 04 21:01:34 nimbus-eth1-mainnet-short-benchmark[1772520]: NTC 2026-10-04 21:01:34.379+00:00 Matched block to slot number               blockNumber=20000001 slot=9204783
Oct 04 21:07:44 nimbus-eth1-mainnet-short-benchmark[1772520]: INF 2026-10-04 21:07:44.046+00:00 Imported blocks                            blockNumber=20008193 slot=9213020 blocks=8192 txs=1226966 mgas=124237 bps=22.03 tps=3299 mgps=334.1 avgBps=22.03 avgTps=3299 avgMGps=334.1 elapsed=6m11s907ms
Oct 04 21:13:12 nimbus-eth1-mainnet-short-benchmark[1772520]: INF 2026-10-04 21:13:12.286+00:00 Imported blocks                            blockNumber=20016385 slot=9221256 blocks=16384 txs=2540380 mgas=248071 bps=24.96 tps=4001 mgps=377.3 avgBps=23.40 avgTps=3628 avgMGps=354.3 elapsed=11m40s149ms
Oct 04 21:18:20 nimbus-eth1-mainnet-short-benchmark[1772520]: INF 2026-10-04 21:18:20.661+00:00 Imported blocks                            blockNumber=20024577 slot=9229485 blocks=24576 txs=3869398 mgas=372018 bps=26.56 tps=4309 mgps=401.9 avgBps=24.37 avgTps=3836 avgMGps=368.9 elapsed=16m48s525ms
Oct 04 21:22:58 nimbus-eth1-mainnet-short-benchmark[1772520]: INF 2026-10-04 21:22:58.561+00:00 Imported blocks                            blockNumber=20032769 slot=9237722 blocks=32768 txs=5222766 mgas=495797 bps=29.48 tps=4870 mgps=445.4 avgBps=25.47 avgTps=4059 avgMGps=385.4 elapsed=21m26s422ms
Oct 04 21:27:26 nimbus-eth1-mainnet-short-benchmark[1772520]: INF 2026-10-04 21:27:26.557+00:00 Imported blocks                            blockNumber=20040961 slot=9245957 blocks=40960 txs=6566802 mgas=619586 bps=30.57 tps=5015 mgps=461.9 avgBps=26.35 avgTps=4224 avgMGps=398.6 elapsed=25m54s421ms
Oct 04 21:32:15 nimbus-eth1-mainnet-short-benchmark[1772520]: INF 2026-10-04 21:32:15.929+00:00 Imported blocks                            blockNumber=20049153 slot=9254196 blocks=49152 txs=7904746 mgas=743522 bps=28.31 tps=4623 mgps=428.3 avgBps=26.66 avgTps=4287 avgMGps=403.3 elapsed=30m43s792ms
Oct 04 21:36:56 nimbus-eth1-mainnet-short-benchmark[1772520]: INF 2026-10-04 21:36:56.761+00:00 Imported blocks                            blockNumber=20057345 slot=9262435 blocks=57344 txs=9212009 mgas=867360 bps=29.17 tps=4654 mgps=441.0 avgBps=26.99 avgTps=4335 avgMGps=408.2 elapsed=35m24s624ms
Oct 04 21:41:13 nimbus-eth1-mainnet-short-benchmark[1772520]: INF 2026-10-04 21:41:13.050+00:00 Imported blocks                            blockNumber=20065537 slot=9270674 blocks=65536 txs=10559018 mgas=991371 bps=31.96 tps=5255 mgps=483.9 avgBps=27.53 avgTps=4434 avgMGps=416.4 elapsed=39m40s911ms
Oct 04 21:45:17 nimbus-eth1-mainnet-short-benchmark[1772520]: INF 2026-10-04 21:45:17.674+00:00 Imported blocks                            blockNumber=20073729 slot=9278910 blocks=73728 txs=11898676 mgas=1115111 bps=33.49 tps=5476 mgps=505.8 avgBps=28.08 avgTps=4531 avgMGps=424.7 elapsed=43m45s536ms
Oct 04 21:49:13 nimbus-eth1-mainnet-short-benchmark[1772520]: INF 2026-10-04 21:49:13.267+00:00 Imported blocks                            blockNumber=20081921 slot=9287152 blocks=81920 txs=13323263 mgas=1239150 bps=34.77 tps=6046 mgps=526.5 avgBps=28.63 avgTps=4656 avgMGps=433.1 elapsed=47m41s129ms
Oct 04 21:53:06 nimbus-eth1-mainnet-short-benchmark[1772520]: INF 2026-10-04 21:53:06.000+00:00 Imported blocks                            blockNumber=20090113 slot=9295408 blocks=90112 txs=14697082 mgas=1363113 bps=35.20 tps=5902 mgps=532.6 avgBps=29.13 avgTps=4750 avgMGps=440.6 elapsed=51m33s862ms
Oct 04 21:57:14 nimbus-eth1-mainnet-short-benchmark[1772520]: INF 2026-10-04 21:57:14.392+00:00 Imported blocks                            blockNumber=20098305 slot=9303658 blocks=98304 txs=16025683 mgas=1487146 bps=32.98 tps=5348 mgps=499.4 avgBps=29.41 avgTps=4794 avgMGps=445.0 elapsed=55m42s251ms
Oct 04 22:01:34 nimbus-eth1-mainnet-short-benchmark[1772520]: INF 2026-10-04 22:01:34.056+00:00 Imported blocks                            blockNumber=20106497 slot=9311895 blocks=106496 txs=17337157 mgas=1611066 bps=31.55 tps=5050 mgps=477.2 avgBps=29.57 avgTps=4813 avgMGps=447.3 elapsed=1h1s920ms
Oct 04 22:05:39 nimbus-eth1-mainnet-short-benchmark[1772520]: INF 2026-10-04 22:05:39.989+00:00 Imported blocks                            blockNumber=20114689 slot=9320146 blocks=114688 txs=18632097 mgas=1735123 bps=33.31 tps=5265 mgps=504.4 avgBps=29.81 avgTps=4842 avgMGps=450.9 elapsed=1h4m7s
Oct 04 22:09:29 nimbus-eth1-mainnet-short-benchmark[1772520]: INF 2026-10-04 22:09:29.238+00:00 Imported blocks                            blockNumber=20122881 slot=9328409 blocks=122880 txs=19937418 mgas=1859249 bps=35.73 tps=5693 mgps=541.4 avgBps=30.14 avgTps=4890 avgMGps=456.0 elapsed=1h7m57s
Oct 04 22:13:17 nimbus-eth1-mainnet-short-benchmark[1772520]: INF 2026-10-04 22:13:17.510+00:00 Imported blocks                            blockNumber=20131073 slot=9336660 blocks=131072 txs=21214129 mgas=1983500 bps=35.89 tps=5592 mgps=544.3 avgBps=30.44 avgTps=4927 avgMGps=460.7 elapsed=1h11m45s
Oct 04 22:17:05 nimbus-eth1-mainnet-short-benchmark[1772520]: INF 2026-10-04 22:17:05.399+00:00 Imported blocks                            blockNumber=20139265 slot=9344906 blocks=139264 txs=22579079 mgas=2107571 bps=35.95 tps=5989 mgps=544.4 avgBps=30.72 avgTps=4980 avgMGps=464.9 elapsed=1h15m33s
Oct 04 22:21:37 nimbus-eth1-mainnet-short-benchmark[1772520]: INF 2026-10-04 22:21:37.019+00:00 Imported blocks                            blockNumber=20147457 slot=9353153 blocks=147456 txs=24133322 mgas=2231686 bps=30.16 tps=5722 mgps=456.9 avgBps=30.69 avgTps=5022 avgMGps=464.5 elapsed=1h20m4s
Oct 04 22:25:57 nimbus-eth1-mainnet-short-benchmark[1772520]: INF 2026-10-04 22:25:57.651+00:00 Imported blocks                            blockNumber=20155649 slot=9361407 blocks=155648 txs=25424015 mgas=2356018 bps=31.43 tps=4952 mgps=477.0 avgBps=30.73 avgTps=5019 avgMGps=465.1 elapsed=1h24m25s
Oct 04 22:29:59 nimbus-eth1-mainnet-short-benchmark[1772520]: INF 2026-10-04 22:29:59.052+00:00 Imported blocks                            blockNumber=20163841 slot=9369652 blocks=163840 txs=26749549 mgas=2480207 bps=33.94 tps=5491 mgps=514.5 avgBps=30.87 avgTps=5040 avgMGps=467.4 elapsed=1h28m26s
Oct 04 22:33:53 nimbus-eth1-mainnet-short-benchmark[1772520]: INF 2026-10-04 22:33:53.189+00:00 Imported blocks                            blockNumber=20172033 slot=9377892 blocks=172032 txs=28105316 mgas=2604026 bps=34.99 tps=5790 mgps=528.8 avgBps=31.05 avgTps=5072 avgMGps=470.0 elapsed=1h32m21s
Oct 04 22:37:52 nimbus-eth1-mainnet-short-benchmark[1772520]: INF 2026-10-04 22:37:52.589+00:00 Imported blocks                            blockNumber=20180225 slot=9386128 blocks=180224 txs=29524405 mgas=2728170 bps=34.22 tps=5927 mgps=518.6 avgBps=31.18 avgTps=5107 avgMGps=472.0 elapsed=1h36m20s
Oct 04 22:41:37 nimbus-eth1-mainnet-short-benchmark[1772520]: INF 2026-10-04 22:41:37.150+00:00 Imported blocks                            blockNumber=20188417 slot=9394365 blocks=188416 txs=30849021 mgas=2852023 bps=36.48 tps=5898 mgps=551.5 avgBps=31.38 avgTps=5137 avgMGps=474.9 elapsed=1h40m5s
Oct 04 22:45:48 nimbus-eth1-mainnet-short-benchmark[1772520]: INF 2026-10-04 22:45:48.302+00:00 Imported blocks                            blockNumber=20196609 slot=9402602 blocks=196608 txs=32174755 mgas=2976155 bps=32.62 tps=5278 mgps=494.3 avgBps=31.43 avgTps=5142 avgMGps=475.7 elapsed=1h44m16s
Oct 04 22:50:08 nimbus-eth1-mainnet-short-benchmark[1772520]: INF 2026-10-04 22:50:08.615+00:00 Imported blocks                            blockNumber=20204801 slot=9410840 blocks=204800 txs=33475942 mgas=3100410 bps=31.47 tps=4998 mgps=477.3 avgBps=31.43 avgTps=5137 avgMGps=475.8 elapsed=1h48m36s
Oct 04 22:54:10 nimbus-eth1-mainnet-short-benchmark[1772520]: INF 2026-10-04 22:54:10.995+00:00 Imported blocks                            blockNumber=20212993 slot=9419071 blocks=212992 txs=34798508 mgas=3224370 bps=33.80 tps=5456 mgps=511.4 avgBps=31.51 avgTps=5148 avgMGps=477.1 elapsed=1h52m38s
Oct 04 22:58:04 nimbus-eth1-mainnet-short-benchmark[1772520]: INF 2026-10-04 22:58:04.776+00:00 Imported blocks                            blockNumber=20221185 slot=9427313 blocks=221184 txs=36114045 mgas=3348169 bps=35.04 tps=5627 mgps=529.5 avgBps=31.63 avgTps=5164 avgMGps=478.8 elapsed=1h56m32s
Oct 04 23:01:39 nimbus-eth1-mainnet-short-benchmark[1772520]: INF 2026-10-04 23:01:39.845+00:00 Imported blocks                            blockNumber=20229377 slot=9435549 blocks=229376 txs=37421794 mgas=3472031 bps=38.09 tps=6080 mgps=575.9 avgBps=31.82 avgTps=5191 avgMGps=481.7 elapsed=2h7s706ms
Oct 04 23:05:26 nimbus-eth1-mainnet-short-benchmark[1772520]: INF 2026-10-04 23:05:26.562+00:00 Imported blocks                            blockNumber=20237569 slot=9443788 blocks=237568 txs=38842064 mgas=3596351 bps=36.13 tps=6264 mgps=548.3 avgBps=31.96 avgTps=5224 avgMGps=483.7 elapsed=2h3m54s
Oct 04 23:09:31 nimbus-eth1-mainnet-short-benchmark[1772520]: INF 2026-10-04 23:09:31.054+00:00 Imported blocks                            blockNumber=20245761 slot=9452021 blocks=245760 txs=40225739 mgas=3720100 bps=33.51 tps=5659 mgps=506.1 avgBps=32.00 avgTps=5238 avgMGps=484.5 elapsed=2h7m58s
Oct 04 23:13:48 nimbus-eth1-mainnet-short-benchmark[1772520]: INF 2026-10-04 23:13:48.835+00:00 Imported blocks                            blockNumber=20253953 slot=9460253 blocks=253952 txs=41454921 mgas=3844385 bps=31.78 tps=4768 mgps=482.1 avgBps=32.00 avgTps=5223 avgMGps=484.4 elapsed=2h12m16s
Oct 04 23:17:54 nimbus-eth1-mainnet-short-benchmark[1772520]: INF 2026-10-04 23:17:54.431+00:00 Imported blocks                            blockNumber=20262145 slot=9468495 blocks=262144 txs=42726051 mgas=3968623 bps=33.36 tps=5175 mgps=505.9 avgBps=32.04 avgTps=5221 avgMGps=485.0 elapsed=2h16m22s
Oct 04 23:21:46 nimbus-eth1-mainnet-short-benchmark[1772520]: INF 2026-10-04 23:21:46.344+00:00 Imported blocks                            blockNumber=20270337 slot=9476748 blocks=270336 txs=44050436 mgas=4092682 bps=35.32 tps=5710 mgps=534.9 avgBps=32.13 avgTps=5235 avgMGps=486.4 elapsed=2h20m14s
Oct 04 23:25:23 nimbus-eth1-mainnet-short-benchmark[1772520]: INF 2026-10-04 23:25:23.105+00:00 Imported blocks                            blockNumber=20278529 slot=9484981 blocks=278528 txs=45382368 mgas=4216487 bps=37.79 tps=6144 mgps=571.2 avgBps=32.27 avgTps=5258 avgMGps=488.5 elapsed=2h23m50s
Oct 04 23:29:04 nimbus-eth1-mainnet-short-benchmark[1772520]: INF 2026-10-04 23:29:04.242+00:00 Imported blocks                            blockNumber=20286721 slot=9493213 blocks=286720 txs=46733429 mgas=4340363 bps=37.05 tps=6109 mgps=560.2 avgBps=32.39 avgTps=5279 avgMGps=490.3 elapsed=2h27m32s
Oct 04 23:33:07 nimbus-eth1-mainnet-short-benchmark[1772520]: INF 2026-10-04 23:33:07.238+00:00 Imported blocks                            blockNumber=20294913 slot=9501453 blocks=294912 txs=48075887 mgas=4464376 bps=33.71 tps=5524 mgps=510.3 avgBps=32.43 avgTps=5285 avgMGps=490.9 elapsed=2h31m35s
Oct 04 23:37:03 nimbus-eth1-mainnet-short-benchmark[1772520]: INF 2026-10-04 23:37:03.699+00:00 Imported blocks                            blockNumber=20303105 slot=9509696 blocks=303104 txs=49379538 mgas=4588534 bps=34.64 tps=5513 mgps=525.1 avgBps=32.48 avgTps=5291 avgMGps=491.7 elapsed=2h35m31s
Oct 04 23:40:54 nimbus-eth1-mainnet-short-benchmark[1772520]: INF 2026-10-04 23:40:54.120+00:00 Imported blocks                            blockNumber=20311297 slot=9517922 blocks=311296 txs=50637672 mgas=4712596 bps=35.55 tps=5460 mgps=538.4 avgBps=32.56 avgTps=5295 avgMGps=492.8 elapsed=2h39m21s
Oct 04 23:44:35 nimbus-eth1-mainnet-short-benchmark[1772520]: INF 2026-10-04 23:44:35.364+00:00 Imported blocks                            blockNumber=20319489 slot=9526159 blocks=319488 txs=51981692 mgas=4836521 bps=37.03 tps=6074 mgps=560.1 avgBps=32.66 avgTps=5313 avgMGps=494.4 elapsed=2h43m3s
Oct 04 23:47:57 nimbus-eth1-mainnet-short-benchmark[1772520]: INF 2026-10-04 23:47:57.410+00:00 Imported blocks                            blockNumber=20327681 slot=9534381 blocks=327680 txs=53356123 mgas=4960245 bps=40.55 tps=6802 mgps=612.4 avgBps=32.82 avgTps=5343 avgMGps=496.8 elapsed=2h46m25s
Oct 04 23:51:18 nimbus-eth1-mainnet-short-benchmark[1772520]: INF 2026-10-04 23:51:18.671+00:00 Imported blocks                            blockNumber=20335873 slot=9542617 blocks=335872 txs=54719105 mgas=5084025 bps=40.70 tps=6772 mgps=615.0 avgBps=32.97 avgTps=5371 avgMGps=499.1 elapsed=2h49m46s
Oct 04 23:54:58 nimbus-eth1-mainnet-short-benchmark[1772520]: INF 2026-10-04 23:54:58.600+00:00 Imported blocks                            blockNumber=20344065 slot=9550841 blocks=344064 txs=56021853 mgas=5207843 bps=37.25 tps=5923 mgps=563.0 avgBps=33.06 avgTps=5383 avgMGps=500.4 elapsed=2h53m26s
Oct 04 23:59:13 nimbus-eth1-mainnet-short-benchmark[1772520]: INF 2026-10-04 23:59:13.308+00:00 Imported blocks                            blockNumber=20352257 slot=9559072 blocks=352256 txs=57290408 mgas=5332016 bps=32.16 tps=4980 mgps=487.5 avgBps=33.04 avgTps=5373 avgMGps=500.1 elapsed=2h57m41s
Oct 05 00:03:05 nimbus-eth1-mainnet-short-benchmark[1772520]: INF 2026-10-05 00:03:05.949+00:00 Imported blocks                            blockNumber=20360449 slot=9567308 blocks=360448 txs=58543463 mgas=5456201 bps=35.21 tps=5386 mgps=533.8 avgBps=33.09 avgTps=5374 avgMGps=500.9 elapsed=3h1m33s
Oct 05 00:06:48 nimbus-eth1-mainnet-short-benchmark[1772520]: INF 2026-10-05 00:06:48.141+00:00 Imported blocks                            blockNumber=20368641 slot=9575548 blocks=368640 txs=59874056 mgas=5580204 bps=36.87 tps=5988 mgps=558.1 avgBps=33.16 avgTps=5386 avgMGps=502.0 elapsed=3h5m16s
Oct 05 00:10:39 nimbus-eth1-mainnet-short-benchmark[1772520]: INF 2026-10-05 00:10:39.382+00:00 Imported blocks                            blockNumber=20376833 slot=9583774 blocks=376832 txs=61167066 mgas=5704396 bps=35.43 tps=5591 mgps=537.1 avgBps=33.21 avgTps=5390 avgMGps=502.7 elapsed=3h9m7s
Oct 05 00:14:26 nimbus-eth1-mainnet-short-benchmark[1772520]: INF 2026-10-05 00:14:26.555+00:00 Imported blocks                            blockNumber=20385025 slot=9592009 blocks=385024 txs=62480333 mgas=5828235 bps=36.06 tps=5780 mgps=545.1 avgBps=33.27 avgTps=5398 avgMGps=503.5 elapsed=3h12m54s
Oct 05 00:18:11 nimbus-eth1-mainnet-short-benchmark[1772520]: INF 2026-10-05 00:18:11.888+00:00 Imported blocks                            blockNumber=20393217 slot=9600248 blocks=393216 txs=63800597 mgas=5952136 bps=36.35 tps=5859 mgps=549.9 avgBps=33.32 avgTps=5406 avgMGps=504.4 elapsed=3h16m39s
Oct 05 00:21:49 nimbus-eth1-mainnet-short-benchmark[1772520]: INF 2026-10-05 00:21:49.633+00:00 Imported blocks                            blockNumber=20401409 slot=9608486 blocks=401408 txs=65021243 mgas=6076384 bps=37.62 tps=5605 mgps=570.6 avgBps=33.40 avgTps=5410 avgMGps=505.6 elapsed=3h20m17s
Oct 05 00:25:41 nimbus-eth1-mainnet-short-benchmark[1772520]: INF 2026-10-05 00:25:41.449+00:00 Imported blocks                            blockNumber=20409601 slot=9616707 blocks=409600 txs=66199016 mgas=6200666 bps=35.34 tps=5080 mgps=536.1 avgBps=33.44 avgTps=5404 avgMGps=506.2 elapsed=3h24m9s
Oct 05 00:29:26 nimbus-eth1-mainnet-short-benchmark[1772520]: INF 2026-10-05 00:29:26.134+00:00 Imported blocks                            blockNumber=20417793 slot=9624941 blocks=417792 txs=67453930 mgas=6324823 bps=36.46 tps=5585 mgps=552.6 avgBps=33.49 avgTps=5407 avgMGps=507.0 elapsed=3h27m53s
Oct 05 00:32:44 nimbus-eth1-mainnet-short-benchmark[1772520]: INF 2026-10-05 00:32:44.407+00:00 Imported blocks                            blockNumber=20425985 slot=9633187 blocks=425984 txs=68814904 mgas=6448778 bps=41.32 tps=6864 mgps=625.2 avgBps=33.62 avgTps=5430 avgMGps=508.9 elapsed=3h31m12s
Oct 05 00:36:01 nimbus-eth1-mainnet-short-benchmark[1772520]: INF 2026-10-05 00:36:01.369+00:00 Imported blocks                            blockNumber=20434177 slot=9641422 blocks=434176 txs=70124508 mgas=6572711 bps=41.59 tps=6648 mgps=629.2 avgBps=33.74 avgTps=5449 avgMGps=510.7 elapsed=3h34m29s
Oct 05 00:39:29 nimbus-eth1-mainnet-short-benchmark[1772520]: INF 2026-10-05 00:39:29.962+00:00 Imported blocks                            blockNumber=20442369 slot=9649657 blocks=442368 txs=71403576 mgas=6696451 bps=39.27 tps=6131 mgps=593.2 avgBps=33.83 avgTps=5459 avgMGps=512.0 elapsed=3h37m57s
Oct 05 00:43:19 nimbus-eth1-mainnet-short-benchmark[1772520]: INF 2026-10-05 00:43:18.998+00:00 Imported blocks                            blockNumber=20450561 slot=9657896 blocks=450560 txs=72659905 mgas=6820521 bps=35.77 tps=5485 mgps=541.7 avgBps=33.86 avgTps=5460 avgMGps=512.6 elapsed=3h41m46s
Oct 05 00:47:29 nimbus-eth1-mainnet-short-benchmark[1772520]: INF 2026-10-05 00:47:29.079+00:00 Imported blocks                            blockNumber=20458753 slot=9666114 blocks=458752 txs=73838533 mgas=6945116 bps=32.76 tps=4712 mgps=498.2 avgBps=33.84 avgTps=5446 avgMGps=512.3 elapsed=3h45m56s
Oct 05 00:51:14 nimbus-eth1-mainnet-short-benchmark[1772520]: INF 2026-10-05 00:51:14.595+00:00 Imported blocks                            blockNumber=20466945 slot=9674343 blocks=466944 txs=75124748 mgas=7068943 bps=36.33 tps=5703 mgps=549.1 avgBps=33.88 avgTps=5450 avgMGps=512.9 elapsed=3h49m42s
Oct 05 00:54:58 nimbus-eth1-mainnet-short-benchmark[1772520]: INF 2026-10-05 00:54:58.080+00:00 Imported blocks                            blockNumber=20475137 slot=9682575 blocks=475136 txs=76420106 mgas=7192870 bps=36.66 tps=5796 mgps=554.5 avgBps=33.92 avgTps=5456 avgMGps=513.6 elapsed=3h53m25s
Oct 05 00:58:30 nimbus-eth1-mainnet-short-benchmark[1772520]: INF 2026-10-05 00:58:30.337+00:00 Imported blocks                            blockNumber=20483329 slot=9690800 blocks=483328 txs=77675422 mgas=7316939 bps=38.59 tps=5914 mgps=584.5 avgBps=33.99 avgTps=5463 avgMGps=514.6 elapsed=3h56m58s
Oct 05 01:02:02 nimbus-eth1-mainnet-short-benchmark[1772520]: INF 2026-10-05 01:02:02.894+00:00 Imported blocks                            blockNumber=20491521 slot=9699019 blocks=491520 txs=78951232 mgas=7440784 bps=38.54 tps=6002 mgps=582.6 avgBps=34.06 avgTps=5471 avgMGps=515.6 elapsed=4h30s758ms
Oct 05 01:05:47 nimbus-eth1-mainnet-short-benchmark[1772520]: INF 2026-10-05 01:05:47.451+00:00 Imported blocks                            blockNumber=20499713 slot=9707248 blocks=499712 txs=80189642 mgas=7564669 bps=36.48 tps=5514 mgps=551.7 avgBps=34.10 avgTps=5471 avgMGps=516.2 elapsed=4h4m15s
Oct 05 01:09:40 nimbus-eth1-mainnet-short-benchmark[1772520]: INF 2026-10-05 01:09:40.612+00:00 Imported blocks                            blockNumber=20507905 slot=9715488 blocks=507904 txs=81317763 mgas=7689208 bps=35.13 tps=4838 mgps=534.1 avgBps=34.11 avgTps=5461 avgMGps=516.5 elapsed=4h8m8s
Oct 05 01:13:05 nimbus-eth1-mainnet-short-benchmark[1772520]: INF 2026-10-05 01:13:05.389+00:00 Imported blocks                            blockNumber=20516097 slot=9723715 blocks=516096 txs=82520262 mgas=7813209 bps=40.00 tps=5872 mgps=605.5 avgBps=34.19 avgTps=5467 avgMGps=517.7 elapsed=4h11m33s
Oct 05 01:16:44 nimbus-eth1-mainnet-short-benchmark[1772520]: INF 2026-10-05 01:16:44.402+00:00 Imported blocks                            blockNumber=20524289 slot=9731945 blocks=524288 txs=83780075 mgas=7937233 bps=37.40 tps=5752 mgps=566.3 avgBps=34.24 avgTps=5471 avgMGps=518.4 elapsed=4h15m12s
Oct 05 01:20:26 nimbus-eth1-mainnet-short-benchmark[1772520]: INF 2026-10-05 01:20:26.558+00:00 Imported blocks                            blockNumber=20532481 slot=9740183 blocks=532480 txs=85263862 mgas=8061024 bps=36.87 tps=6679 mgps=557.2 avgBps=34.28 avgTps=5488 avgMGps=518.9 elapsed=4h18m54s
Oct 05 01:24:13 nimbus-eth1-mainnet-short-benchmark[1772520]: INF 2026-10-05 01:24:13.351+00:00 Imported blocks                            blockNumber=20540673 slot=9748418 blocks=540672 txs=86612143 mgas=8185090 bps=36.12 tps=5945 mgps=547.1 avgBps=34.30 avgTps=5495 avgMGps=519.3 elapsed=4h22m41s
Oct 05 01:28:09 nimbus-eth1-mainnet-short-benchmark[1772520]: INF 2026-10-05 01:28:09.004+00:00 Imported blocks                            blockNumber=20548865 slot=9756662 blocks=548864 txs=87802991 mgas=8309513 bps=34.76 tps=5053 mgps=528.0 avgBps=34.31 avgTps=5488 avgMGps=519.4 elapsed=4h26m36s
Oct 05 01:31:57 nimbus-eth1-mainnet-short-benchmark[1772520]: INF 2026-10-05 01:31:57.585+00:00 Imported blocks                            blockNumber=20557057 slot=9764892 blocks=557056 txs=88964987 mgas=8433956 bps=35.84 tps=5083 mgps=544.4 avgBps=34.33 avgTps=5483 avgMGps=519.8 elapsed=4h30m25s
Oct 05 01:35:37 nimbus-eth1-mainnet-short-benchmark[1772520]: INF 2026-10-05 01:35:37.269+00:00 Imported blocks                            blockNumber=20565249 slot=9773131 blocks=565248 txs=90186094 mgas=8558113 bps=37.29 tps=5558 mgps=565.2 avgBps=34.37 avgTps=5484 avgMGps=520.4 elapsed=4h34m5s
Oct 05 01:39:16 nimbus-eth1-mainnet-short-benchmark[1772520]: INF 2026-10-05 01:39:16.434+00:00 Imported blocks                            blockNumber=20573441 slot=9781369 blocks=573440 txs=91404654 mgas=8682228 bps=37.38 tps=5560 mgps=566.3 avgBps=34.41 avgTps=5485 avgMGps=521.0 elapsed=4h37m44s
Oct 05 01:42:53 nimbus-eth1-mainnet-short-benchmark[1772520]: INF 2026-10-05 01:42:53.891+00:00 Imported blocks                            blockNumber=20581633 slot=9789611 blocks=581632 txs=92628389 mgas=8806651 bps=37.67 tps=5627 mgps=572.2 avgBps=34.45 avgTps=5486 avgMGps=521.7 elapsed=4h41m21s
Oct 05 01:46:37 nimbus-eth1-mainnet-short-benchmark[1772520]: INF 2026-10-05 01:46:37.564+00:00 Imported blocks                            blockNumber=20589825 slot=9797855 blocks=589824 txs=93887208 mgas=8931023 bps=36.63 tps=5628 mgps=556.0 avgBps=34.48 avgTps=5488 avgMGps=522.1 elapsed=4h45m5s
Oct 05 01:50:27 nimbus-eth1-mainnet-short-benchmark[1772520]: INF 2026-10-05 01:50:27.505+00:00 Imported blocks                            blockNumber=20598017 slot=9806095 blocks=598016 txs=95163338 mgas=9055310 bps=35.63 tps=5549 mgps=540.5 avgBps=34.50 avgTps=5489 avgMGps=522.4 elapsed=4h48m55s
Oct 05 01:54:16 nimbus-eth1-mainnet-short-benchmark[1772520]: INF 2026-10-05 01:54:16.401+00:00 Imported blocks                            blockNumber=20606209 slot=9814347 blocks=606208 txs=96334664 mgas=9179976 bps=35.79 tps=5117 mgps=544.6 avgBps=34.51 avgTps=5484 avgMGps=522.7 elapsed=4h52m44s
Oct 05 01:57:58 nimbus-eth1-mainnet-short-benchmark[1772520]: INF 2026-10-05 01:57:58.198+00:00 Imported blocks                            blockNumber=20614401 slot=9822581 blocks=614400 txs=97573414 mgas=9304574 bps=36.93 tps=5585 mgps=561.8 avgBps=34.54 avgTps=5485 avgMGps=523.1 elapsed=4h56m26s
Oct 05 02:01:36 nimbus-eth1-mainnet-short-benchmark[1772520]: INF 2026-10-05 02:01:36.935+00:00 Imported blocks                            blockNumber=20622593 slot=9830821 blocks=622592 txs=98874772 mgas=9428835 bps=37.45 tps=5949 mgps=568.1 avgBps=34.58 avgTps=5491 avgMGps=523.7 elapsed=5h4s798ms
Oct 05 02:05:09 nimbus-eth1-mainnet-short-benchmark[1772520]: INF 2026-10-05 02:05:09.740+00:00 Imported blocks                            blockNumber=20630785 slot=9839058 blocks=630784 txs=100178707 mgas=9553009 bps=38.50 tps=6127 mgps=583.5 avgBps=34.62 avgTps=5499 avgMGps=524.4 elapsed=5h3m37s
Oct 05 02:08:54 nimbus-eth1-mainnet-short-benchmark[1772520]: INF 2026-10-05 02:08:54.513+00:00 Imported blocks                            blockNumber=20638977 slot=9847313 blocks=638976 txs=101489116 mgas=9677171 bps=36.45 tps=5829 mgps=552.4 avgBps=34.65 avgTps=5503 avgMGps=524.7 elapsed=5h7m22s
Oct 05 02:12:35 nimbus-eth1-mainnet-short-benchmark[1772520]: INF 2026-10-05 02:12:35.474+00:00 Imported blocks                            blockNumber=20647169 slot=9855549 blocks=647168 txs=102730058 mgas=9801643 bps=37.07 tps=5616 mgps=563.3 avgBps=34.68 avgTps=5504 avgMGps=525.2 elapsed=5h11m3s
Oct 05 02:16:31 nimbus-eth1-mainnet-short-benchmark[1772520]: INF 2026-10-05 02:16:31.658+00:00 Imported blocks                            blockNumber=20655361 slot=9863778 blocks=655360 txs=103868002 mgas=9926541 bps=34.68 tps=4817 mgps=528.8 avgBps=34.68 avgTps=5495 avgMGps=525.2 elapsed=5h14m59s
Oct 05 02:20:08 nimbus-eth1-mainnet-short-benchmark[1772520]: INF 2026-10-05 02:20:08.271+00:00 Imported blocks                            blockNumber=20663553 slot=9872013 blocks=663552 txs=105112198 mgas=10051274 bps=37.82 tps=5743 mgps=575.8 avgBps=34.71 avgTps=5498 avgMGps=525.8 elapsed=5h18m36s
Oct 05 02:23:33 nimbus-eth1-mainnet-short-benchmark[1772520]: INF 2026-10-05 02:23:33.420+00:00 Imported blocks                            blockNumber=20671745 slot=9880241 blocks=671744 txs=106395904 mgas=10175177 bps=39.93 tps=6257 mgps=604.0 avgBps=34.77 avgTps=5506 avgMGps=526.6 elapsed=5h22m1s
Oct 05 02:27:03 nimbus-eth1-mainnet-short-benchmark[1772520]: INF 2026-10-05 02:27:03.849+00:00 Imported blocks                            blockNumber=20679937 slot=9888471 blocks=679936 txs=107674271 mgas=10299404 bps=38.93 tps=6075 mgps=590.3 avgBps=34.81 avgTps=5512 avgMGps=527.3 elapsed=5h25m31s
Oct 05 02:30:25 nimbus-eth1-mainnet-short-benchmark[1772520]: INF 2026-10-05 02:30:25.990+00:00 Imported blocks                            blockNumber=20688129 slot=9896698 blocks=688128 txs=108938536 mgas=10423298 bps=40.53 tps=6254 mgps=612.9 avgBps=34.87 avgTps=5520 avgMGps=528.2 elapsed=5h28m53s
Oct 05 02:34:01 nimbus-eth1-mainnet-short-benchmark[1772520]: INF 2026-10-05 02:34:01.719+00:00 Imported blocks                            blockNumber=20696321 slot=9904930 blocks=696320 txs=110235786 mgas=10547469 bps=37.97 tps=6013 mgps=575.6 avgBps=34.90 avgTps=5525 avgMGps=528.7 elapsed=5h32m29s
Oct 05 02:37:53 nimbus-eth1-mainnet-short-benchmark[1772520]: INF 2026-10-05 02:37:53.264+00:00 Imported blocks                            blockNumber=20704513 slot=9913154 blocks=704512 txs=111483759 mgas=10671677 bps=35.38 tps=5389 mgps=536.4 avgBps=34.91 avgTps=5524 avgMGps=528.8 elapsed=5h36m21s
Oct 05 02:41:31 nimbus-eth1-mainnet-short-benchmark[1772520]: INF 2026-10-05 02:41:31.949+00:00 Imported blocks                            blockNumber=20712705 slot=9921388 blocks=712704 txs=112764170 mgas=10795980 bps=37.46 tps=5854 mgps=568.4 avgBps=34.94 avgTps=5527 avgMGps=529.2 elapsed=5h39m59s
Oct 05 02:44:56 nimbus-eth1-mainnet-short-benchmark[1772520]: INF 2026-10-05 02:44:56.246+00:00 Imported blocks                            blockNumber=20720897 slot=9929633 blocks=720896 txs=114110517 mgas=10919926 bps=40.10 tps=6590 mgps=606.7 avgBps=34.99 avgTps=5538 avgMGps=530.0 elapsed=5h43m24s
Oct 05 02:48:28 nimbus-eth1-mainnet-short-benchmark[1772520]: INF 2026-10-05 02:48:28.447+00:00 Imported blocks                            blockNumber=20729089 slot=9937869 blocks=729088 txs=115449431 mgas=11043768 bps=38.61 tps=6309 mgps=583.6 avgBps=35.02 avgTps=5546 avgMGps=530.5 elapsed=5h46m56s
Oct 05 02:51:50 nimbus-eth1-mainnet-short-benchmark[1772520]: INF 2026-10-05 02:51:50.780+00:00 Imported blocks                            blockNumber=20737281 slot=9946108 blocks=737280 txs=116784468 mgas=11167784 bps=40.49 tps=6598 mgps=612.9 avgBps=35.08 avgTps=5556 avgMGps=531.3 elapsed=5h50m18s
Oct 05 02:55:24 nimbus-eth1-mainnet-short-benchmark[1772520]: INF 2026-10-05 02:55:24.853+00:00 Imported blocks                            blockNumber=20745473 slot=9954342 blocks=745472 txs=118101003 mgas=11291742 bps=38.27 tps=6149 mgps=579.0 avgBps=35.11 avgTps=5562 avgMGps=531.8 elapsed=5h53m52s
Oct 05 02:59:13 nimbus-eth1-mainnet-short-benchmark[1772520]: INF 2026-10-05 02:59:13.358+00:00 Imported blocks                            blockNumber=20753665 slot=9962581 blocks=753664 txs=119337525 mgas=11415859 bps=35.85 tps=5411 mgps=543.2 avgBps=35.12 avgTps=5560 avgMGps=531.9 elapsed=5h57m41s
Oct 05 03:02:50 nimbus-eth1-mainnet-short-benchmark[1772520]: INF 2026-10-05 03:02:50.655+00:00 Imported blocks                            blockNumber=20761857 slot=9970803 blocks=761856 txs=120564314 mgas=11540225 bps=37.70 tps=5645 mgps=572.3 avgBps=35.14 avgTps=5561 avgMGps=532.3 elapsed=6h1m18s
Oct 05 03:06:17 nimbus-eth1-mainnet-short-benchmark[1772520]: INF 2026-10-05 03:06:17.104+00:00 Imported blocks                            blockNumber=20770049 slot=9979058 blocks=770048 txs=121858083 mgas=11663918 bps=39.68 tps=6266 mgps=599.2 avgBps=35.19 avgTps=5568 avgMGps=533.0 elapsed=6h4m44s
Oct 05 03:09:34 nimbus-eth1-mainnet-short-benchmark[1772520]: INF 2026-10-05 03:09:34.381+00:00 Imported blocks                            blockNumber=20778241 slot=9987307 blocks=778240 txs=123161734 mgas=11787906 bps=41.52 tps=6608 mgps=628.5 avgBps=35.24 avgTps=5577 avgMGps=533.8 elapsed=6h8m2s
Oct 05 03:12:44 nimbus-eth1-mainnet-short-benchmark[1772520]: INF 2026-10-05 03:12:44.822+00:00 Imported blocks                            blockNumber=20786433 slot=9995542 blocks=786432 txs=124509456 mgas=11911612 bps=43.02 tps=7076 mgps=649.6 avgBps=35.31 avgTps=5590 avgMGps=534.8 elapsed=6h11m12s
Oct 05 03:16:01 nimbus-eth1-mainnet-short-benchmark[1772520]: INF 2026-10-05 03:16:01.623+00:00 Imported blocks                            blockNumber=20794625 slot=10003781 blocks=794624 txs=125848921 mgas=12035338 bps=41.63 tps=6806 mgps=628.7 avgBps=35.36 avgTps=5600 avgMGps=535.6 elapsed=6h14m29s
Oct 05 03:19:22 nimbus-eth1-mainnet-short-benchmark[1772520]: INF 2026-10-05 03:19:22.629+00:00 Imported blocks                            blockNumber=20802817 slot=10012028 blocks=802816 txs=127089868 mgas=12158989 bps=40.75 tps=6173 mgps=615.2 avgBps=35.41 avgTps=5605 avgMGps=536.3 elapsed=6h17m50s
Oct 05 03:22:51 nimbus-eth1-mainnet-short-benchmark[1772520]: INF 2026-10-05 03:22:51.658+00:00 Imported blocks                            blockNumber=20811009 slot=10020249 blocks=811008 txs=128299762 mgas=12282850 bps=39.19 tps=5788 mgps=592.6 avgBps=35.45 avgTps=5607 avgMGps=536.8 elapsed=6h21m19s
Oct 05 03:26:04 nimbus-eth1-mainnet-short-benchmark[1772520]: INF 2026-10-05 03:26:04.987+00:00 Imported blocks                            blockNumber=20819201 slot=10028481 blocks=819200 txs=129596319 mgas=12406594 bps=42.37 tps=6706 mgps=640.1 avgBps=35.50 avgTps=5616 avgMGps=537.7 elapsed=6h24m32s
Oct 05 03:29:19 nimbus-eth1-mainnet-short-benchmark[1772520]: INF 2026-10-05 03:29:19.004+00:00 Imported blocks                            blockNumber=20827393 slot=10036710 blocks=827392 txs=130916729 mgas=12530249 bps=42.22 tps=6805 mgps=637.3 avgBps=35.56 avgTps=5626 avgMGps=538.5 elapsed=6h27m46s
Oct 05 03:32:34 nimbus-eth1-mainnet-short-benchmark[1772520]: INF 2026-10-05 03:32:34.249+00:00 Imported blocks                            blockNumber=20835585 slot=10044938 blocks=835584 txs=132226625 mgas=12654070 bps=41.96 tps=6708 mgps=634.2 avgBps=35.61 avgTps=5635 avgMGps=539.3 elapsed=6h31m2s
Oct 05 03:36:01 nimbus-eth1-mainnet-short-benchmark[1772520]: INF 2026-10-05 03:36:01.370+00:00 Imported blocks                            blockNumber=20843777 slot=10053164 blocks=843776 txs=133604192 mgas=12777730 bps=39.55 tps=6651 mgps=597.1 avgBps=35.65 avgTps=5644 avgMGps=539.8 elapsed=6h34m29s
Oct 05 03:39:57 nimbus-eth1-mainnet-short-benchmark[1772520]: INF 2026-10-05 03:39:57.439+00:00 Imported blocks                            blockNumber=20851969 slot=10061391 blocks=851968 txs=134900706 mgas=12901664 bps=34.70 tps=5492 mgps=525.0 avgBps=35.64 avgTps=5643 avgMGps=539.7 elapsed=6h38m25s
Oct 05 03:43:39 nimbus-eth1-mainnet-short-benchmark[1772520]: INF 2026-10-05 03:43:39.512+00:00 Imported blocks                            blockNumber=20860161 slot=10069622 blocks=860160 txs=136168750 mgas=13025603 bps=36.89 tps=5710 mgps=558.1 avgBps=35.65 avgTps=5643 avgMGps=539.9 elapsed=6h42m7s
Oct 05 03:47:17 nimbus-eth1-mainnet-short-benchmark[1772520]: INF 2026-10-05 03:47:17.889+00:00 Imported blocks                            blockNumber=20868353 slot=10077838 blocks=868352 txs=137550724 mgas=13149742 bps=37.51 tps=6328 mgps=568.5 avgBps=35.67 avgTps=5649 avgMGps=540.1 elapsed=6h45m45s
Oct 05 03:50:52 nimbus-eth1-mainnet-short-benchmark[1772520]: INF 2026-10-05 03:50:52.994+00:00 Imported blocks                            blockNumber=20876545 slot=10086066 blocks=876544 txs=138954673 mgas=13273457 bps=38.08 tps=6526 mgps=575.1 avgBps=35.69 avgTps=5657 avgMGps=540.4 elapsed=6h49m20s
Oct 05 03:54:22 nimbus-eth1-mainnet-short-benchmark[1772520]: INF 2026-10-05 03:54:22.939+00:00 Imported blocks                            blockNumber=20884737 slot=10094286 blocks=884736 txs=140256178 mgas=13397479 bps=39.02 tps=6199 mgps=590.7 avgBps=35.72 avgTps=5662 avgMGps=540.9 elapsed=6h52m50s
Oct 05 03:57:46 nimbus-eth1-mainnet-short-benchmark[1772520]: INF 2026-10-05 03:57:46.312+00:00 Imported blocks                            blockNumber=20892929 slot=10102512 blocks=892928 txs=141581868 mgas=13521575 bps=40.28 tps=6518 mgps=610.2 avgBps=35.75 avgTps=5669 avgMGps=541.4 elapsed=6h56m14s
Oct 05 04:01:10 nimbus-eth1-mainnet-short-benchmark[1772520]: INF 2026-10-05 04:01:10.449+00:00 Imported blocks                            blockNumber=20901121 slot=10110732 blocks=901120 txs=142875889 mgas=13645572 bps=40.13 tps=6338 mgps=607.4 avgBps=35.79 avgTps=5674 avgMGps=542.0 elapsed=6h59m38s
Oct 05 04:04:34 nimbus-eth1-mainnet-short-benchmark[1772520]: INF 2026-10-05 04:04:34.526+00:00 Imported blocks                            blockNumber=20909313 slot=10118953 blocks=909312 txs=144102308 mgas=13769390 bps=40.14 tps=6009 mgps=606.7 avgBps=35.82 avgTps=5677 avgMGps=542.5 elapsed=7h3m2s
Oct 05 04:07:55 nimbus-eth1-mainnet-short-benchmark[1772520]: INF 2026-10-05 04:07:55.019+00:00 Imported blocks                            blockNumber=20917505 slot=10127176 blocks=917504 txs=145406349 mgas=13893087 bps=40.86 tps=6504 mgps=617.0 avgBps=35.86 avgTps=5683 avgMGps=543.1 elapsed=7h6m22s
Oct 05 04:11:05 nimbus-eth1-mainnet-short-benchmark[1772520]: INF 2026-10-05 04:11:05.448+00:00 Imported blocks                            blockNumber=20925697 slot=10135394 blocks=925696 txs=146718394 mgas=14016820 bps=43.02 tps=6889 mgps=649.8 avgBps=35.92 avgTps=5692 avgMGps=543.9 elapsed=7h9m33s
Oct 05 04:14:29 nimbus-eth1-mainnet-short-benchmark[1772520]: INF 2026-10-05 04:14:29.618+00:00 Imported blocks                            blockNumber=20933889 slot=10143614 blocks=933888 txs=148049109 mgas=14140625 bps=40.12 tps=6517 mgps=606.4 avgBps=35.95 avgTps=5699 avgMGps=544.3 elapsed=7h12m57s
Oct 05 04:17:46 nimbus-eth1-mainnet-short-benchmark[1772520]: INF 2026-10-05 04:17:46.979+00:00 Imported blocks                            blockNumber=20942081 slot=10151840 blocks=942080 txs=149397364 mgas=14264352 bps=41.51 tps=6831 mgps=626.9 avgBps=35.99 avgTps=5707 avgMGps=545.0 elapsed=7h16m14s
Oct 05 04:21:09 nimbus-eth1-mainnet-short-benchmark[1772520]: INF 2026-10-05 04:21:09.476+00:00 Imported blocks                            blockNumber=20950273 slot=10160098 blocks=950272 txs=150765507 mgas=14388237 bps=40.45 tps=6756 mgps=611.8 avgBps=36.03 avgTps=5715 avgMGps=545.5 elapsed=7h19m37s
Oct 05 04:24:46 nimbus-eth1-mainnet-short-benchmark[1772520]: INF 2026-10-05 04:24:46.429+00:00 Imported blocks                            blockNumber=20958465 slot=10168363 blocks=958464 txs=152044771 mgas=14511987 bps=37.76 tps=5896 mgps=570.4 avgBps=36.04 avgTps=5717 avgMGps=545.7 elapsed=7h23m14s
Oct 05 04:28:13 nimbus-eth1-mainnet-short-benchmark[1772520]: INF 2026-10-05 04:28:13.658+00:00 Imported blocks                            blockNumber=20966657 slot=10176609 blocks=966656 txs=153365296 mgas=14635804 bps=39.53 tps=6372 mgps=597.5 avgBps=36.07 avgTps=5722 avgMGps=546.1 elapsed=7h26m41s
Oct 05 04:31:39 nimbus-eth1-mainnet-short-benchmark[1772520]: INF 2026-10-05 04:31:39.299+00:00 Imported blocks                            blockNumber=20974849 slot=10184849 blocks=974848 txs=154744917 mgas=14759580 bps=39.84 tps=6708 mgps=601.9 avgBps=36.10 avgTps=5729 avgMGps=546.5 elapsed=7h30m7s
Oct 05 04:35:11 nimbus-eth1-mainnet-short-benchmark[1772520]: INF 2026-10-05 04:35:11.888+00:00 Imported blocks                            blockNumber=20983041 slot=10193086 blocks=983040 txs=156055229 mgas=14883451 bps=38.53 tps=6163 mgps=582.7 avgBps=36.11 avgTps=5733 avgMGps=546.8 elapsed=7h33m39s
Oct 05 04:38:20 nimbus-eth1-mainnet-short-benchmark[1772520]: INF 2026-10-05 04:38:20.725+00:00 Imported blocks                            blockNumber=20991233 slot=10201319 blocks=991232 txs=157563202 mgas=15007557 bps=43.38 tps=7985 mgps=657.2 avgBps=36.17 avgTps=5748 avgMGps=547.5 elapsed=7h36m48s
Oct 05 04:41:58 nimbus-eth1-mainnet-short-benchmark[1772520]: INF 2026-10-05 04:41:58.654+00:00 Imported blocks                            blockNumber=20999425 slot=10209549 blocks=999424 txs=159003277 mgas=15131383 bps=37.59 tps=6608 mgps=568.2 avgBps=36.18 avgTps=5755 avgMGps=547.7 elapsed=7h40m26s
Oct 05 04:42:14 nimbus-eth1-mainnet-short-benchmark[1772520]: INF 2026-10-05 04:42:14.394+00:00 Imported blocks                            blockNumber=21000001 slot=10210128 blocks=1000000 txs=159109486 mgas=15140191 bps=36.59 tps=6746 mgps=559.5 avgBps=36.18 avgTps=5756 avgMGps=547.7 elapsed=7h40m42s
Oct 05 04:42:14 nimbus-eth1-mainnet-short-benchmark[1772520]: NTC 2026-10-05 04:42:14.394+00:00 Import complete                            blockNumber=21000001 slot=10210128 blocks=1000000 txs=159109486 mgas=15140191
Oct 05 04:42:15 nimbus-eth1-mainnet-short-benchmark[1743214]: <<< ending startNimbusWithImport (success)
Oct 05 04:42:15 nimbus-eth1-mainnet-short-benchmark[1743214]: >>> starting moveBenchmarkingFileToRepo
Oct 05 04:42:15 nimbus-eth1-mainnet-short-benchmark[1743214]: >>> copying debug-csv generated by nimbus to benchmarks repo
Oct 05 04:42:15 nimbus-eth1-mainnet-short-benchmark[1743214]: <<< ending moveBenchmarkingFileToRepo (success)
Oct 05 04:42:15 nimbus-eth1-mainnet-short-benchmark[1743214]: >>> starting generateBuildEnvironmentLogFile
Oct 05 04:42:24 nimbus-eth1-mainnet-short-benchmark[1743214]: <<< ending generateBuildEnvironmentLogFile (success)
Oct 05 04:42:24 nimbus-eth1-mainnet-short-benchmark[1743214]: >>> starting generateSystemdServiceLogs
