=== System Information Report ===
>>> Generated on: Fri Aug 28 02:05:54 PM UTC 2026
==========================
>>> CPU Architecture: x86_64
>>> CPU Byte Order: Little Endian
>>> CPU Cores: 16
>>> CPU Model: AMD Ryzen 7 PRO 8700GE w/ Radeon 780M Graphics
>>> CPU Cache Information:
L1d Cache: 256 KiB (8 instances)
L1i Cache: 256 KiB (8 instances)
L2 Cache: 8 MiB (8 instances)
L3 Cache: 16 MiB (1 instance)
>>> RAM Size: 61Gi
>>> Hard Disk Information:
/dev/md2 : 437G total, 199G free
/dev/md1 : 989M total, 690M free
/dev/nvme0n1p1 : 256M total, 256M free
/dev/nvme1n1 : 1.9T total, 486G free
==========================
=== Nimbus-ETH1 Benchmarking Report ===
>>> Total time spent in benchmarking (nanoseconds): 28272275677579
>>> Total time spent in benchmarking (human readable format): 7 hours 51 minutes 12 seconds
>>> Start block number is 20000001
>>> End block number is 21000001
==========================
=== Comparison of last two benchmarks ===
sort: write failed: 'standard output': Broken pipe
sort: write error
sort: write failed: 'standard output': Broken pipe
sort: write error
python /data/status-im/nimbus-eth1/scripts/block-import-stats.py /data/status-im/nimbus-eth1-benchmarks/short-benchmark/20260827T215618_0cc96908/blocks-import-benchmark.csv /data/status-im/nimbus-eth1-benchmarks/short-benchmark/20260828T060231_70c2f00e/blocks-import-benchmark.csv
blocks-import-benchmark.csv vs blocks-import-benchmark.csv
                      bps_x  bps_y     tps_x     tps_y   time_x   time_y    bpsd    tpsd   timed
block_number                                                                                    
(20000001, 20111112]  29.25  29.39  4,776.68  4,799.44  1h1m41s  1h1m25s   0.46%   0.46%  -0.46%
(20111112, 20222223]  32.98  33.08  5,393.22  5,409.68    58m9s   57m57s   0.32%   0.32%  -0.31%
(20222223, 20333334]  34.71  34.83  5,626.83  5,645.62   51m20s   51m10s   0.33%   0.33%  -0.33%
(20333334, 20444445]  36.47  36.45  5,746.19  5,743.84   52m40s   52m40s  -0.02%  -0.02%   0.03%
(20444445, 20555556]  35.98  35.97  5,545.97  5,544.52   49m26s   49m26s  -0.02%  -0.02%   0.02%
(20555556, 20666667]  35.90  36.02  5,421.50  5,440.72   53m17s    53m5s   0.36%   0.36%  -0.35%
(20666667, 20777778]  37.88  37.83  5,961.51  5,952.71   46m56s    47m0s  -0.13%  -0.13%   0.14%
(20777778, 20888889]  39.11  38.97  6,275.11  6,251.61    49m1s   49m12s  -0.36%  -0.36%   0.37%
(20888889, 21000001]  39.09  38.89  6,445.26  6,411.50   48m57s   49m12s  -0.51%  -0.51%   0.51%

blocks: 991808, baseline: 7h51m30s, contender: 7h51m12s
Time (total): -18s, -0.07%

bpsd = blocks per sec diff (+), tpsd = txs per sec diff, timed = time to process diff (-)
+ = more is better, - = less is better
==========================
