Aug 23 20:39:30 nimbus-eth1-mainnet-short-benchmark[3246084]: >>> starting cloneOrFetchBenchmarksRepo
Aug 23 20:39:30 nimbus-eth1-mainnet-short-benchmark[3246084]: >>> Fetching latest changes for nimbus-eth1-benchmarks...
Aug 23 20:39:32 nimbus-eth1-mainnet-short-benchmark[3246132]: HEAD is now at 0f92d6f chore: update short benchmark Readme
Aug 23 20:39:32 nimbus-eth1-mainnet-short-benchmark[3246084]: <<< ending cloneOrFetchBenchmarksRepo (success)
Aug 23 20:39:32 nimbus-eth1-mainnet-short-benchmark[3246084]: >>> starting cloneOrFetchNimbusRepo
Aug 23 20:39:41 nimbus-eth1-mainnet-short-benchmark[3246084]: >>> Fetching latest changes for nimbus-eth1...
Aug 23 20:39:42 nimbus-eth1-mainnet-short-benchmark[3246495]: HEAD is now at 7e573f7ce Snap2 sync maint update (#4672)
Aug 23 20:39:42 nimbus-eth1-mainnet-short-benchmark[3246084]: >>> Found last benchmarked commit: 7d3f3485
Aug 23 20:39:42 nimbus-eth1-mainnet-short-benchmark[3246084]: >>> Using next commit: a6c494facedd3098ee83887d7e88464455e9211d
Aug 23 20:39:42 nimbus-eth1-mainnet-short-benchmark[3246511]: HEAD is now at a6c494fac detect corrupt fc state and reset (#4581)
Aug 23 20:39:42 nimbus-eth1-mainnet-short-benchmark[3246084]: >>> Current commit: a6c494fac
Aug 23 20:39:42 nimbus-eth1-mainnet-short-benchmark[3246084]: <<< ending cloneOrFetchNimbusRepo (success)
Aug 23 20:39:42 nimbus-eth1-mainnet-short-benchmark[3246084]: >>> starting buildBinaries
Aug 23 20:39:42 nimbus-eth1-mainnet-short-benchmark[3246084]: >>> Building binaries for commit a6c494fa...
Aug 23 20:39:44 nimbus-eth1-mainnet-short-benchmark[3247717]: Submodule path 'vendor/nim-eth': checked out 'a7b34d30422f86062421160b0e959aa9c0d31982'
Aug 23 20:39:44 nimbus-eth1-mainnet-short-benchmark[3247717]: Submodule path 'vendor/nim-sqlite3-abi': checked out '9645cad7f8c6d27a322ef48a60722a3f88f44c27'
Aug 23 20:39:50 nimbus-eth1-mainnet-short-benchmark[3251995]: Building: Nim compiler
Aug 23 20:42:50 nimbus-eth1-mainnet-short-benchmark[3251995]: Building custom Nimble commit: 42ef70c2102a942c46f13eb76872326edd525cec
Aug 23 20:43:00 nimbus-eth1-mainnet-short-benchmark[3251995]: Building Nimble...
Aug 23 20:43:12 nimbus-eth1-mainnet-short-benchmark[3251995]: Replacing nimble binary...
Aug 23 20:43:19 nimbus-eth1-mainnet-short-benchmark[3268359]: cp: cannot stat '/data/status-im/nimbus-eth1/build/*': No such file or directory
Aug 23 20:43:19 nimbus-eth1-mainnet-short-benchmark[3268338]: ROCKSDB VERSION NOT FOUND
Aug 23 20:43:19 nimbus-eth1-mainnet-short-benchmark[3268489]: make[1]: Entering directory '/data/status-im/nimbus-eth1/vendor/nim-rocksdb/vendor/rocksdb'
Aug 23 20:43:19 nimbus-eth1-mainnet-short-benchmark[3268489]: $DEBUG_LEVEL is 0, $LIB_MODE is static
Aug 23 20:43:20 nimbus-eth1-mainnet-short-benchmark[3268489]: make[1]: Leaving directory '/data/status-im/nimbus-eth1/vendor/nim-rocksdb/vendor/rocksdb'
Aug 23 20:43:20 nimbus-eth1-mainnet-short-benchmark[3268935]: Cleaning up RocksDb build artifacts.
Aug 23 20:43:21 nimbus-eth1-mainnet-short-benchmark[3268362]: Building RocksDb static libraries.
Aug 23 20:46:33 nimbus-eth1-mainnet-short-benchmark[3272442]: Building: build/nimbus_execution_client
Aug 23 20:49:05 nimbus-eth1-mainnet-short-benchmark[3246084]: >>> renaming binaries to match commit they were built from
Aug 23 20:49:06 nimbus-eth1-mainnet-short-benchmark[3246084]: >>> creating a symbolic link to the latest version
Aug 23 20:49:06 nimbus-eth1-mainnet-short-benchmark[3246084]: >>> deleting copies that are older than N days
Aug 23 20:49:06 nimbus-eth1-mainnet-short-benchmark[3246084]: <<< ending buildBinaries (success)
Aug 23 20:49:06 nimbus-eth1-mainnet-short-benchmark[3246084]: >>> starting skipOrContinueBenchmark
Aug 23 20:49:06 nimbus-eth1-mainnet-short-benchmark[3246084]: <<< ending skipOrContinueBenchmark (success)
Aug 23 20:49:06 nimbus-eth1-mainnet-short-benchmark[3246084]: >>> starting copyTemplateDatabase
Aug 23 20:49:06 nimbus-eth1-mainnet-short-benchmark[3246084]: >>> Copying template db into nimbus data directory
Aug 23 20:52:17 nimbus-eth1-mainnet-short-benchmark[3246084]: >>> Template db copied
Aug 23 20:52:17 nimbus-eth1-mainnet-short-benchmark[3246084]: >>> making nimbus the owner of the copied files
Aug 23 20:52:17 nimbus-eth1-mainnet-short-benchmark[3246084]: <<< ending copyTemplateDatabase (success)
Aug 23 20:52:17 nimbus-eth1-mainnet-short-benchmark[3246084]: >>> starting startNimbusWithImport
Aug 23 20:52:18 nimbus-eth1-mainnet-short-benchmark[3278127]: INF 2026-08-23 20:52:18.082+00:00 Launching execution client                 version=v0.3.1-a6c494fa config="(configFile: none(InputFile), dataDirFlag: some(/data/status-im/nimbus-eth1/data/shared_mainnet_0), era1DirFlag: some(/data/era1), eraDirFlag: some(/data/era), ereDirFlag: none(OutDir), keyStoreDirFlag: none(OutDir), importKey: , trustedSetupFile: none(string), extraData: Nimbus/v0.3.1-a6c494fa, gasLimit: none(uint64), maxBlobs: none(byte), network: [mainnet], logLevel: INFO, logFormat: auto, metricsEnabled: false, metricsPort: 9093, metricsAddress: 127.0.0.1, bootstrapNodes: [], elBootstrapNodes: [], bootstrapFile: , elBootstrapFile: , staticPeers: [], staticPeersFile: , reconnectMaxRetry: 0, reconnectInterval: 15, listenAddress: ::, tcpPort: 30303, udpPortFlag: none(Port), maxPeersOpt: none(int), elMaxPeersOpt: none(int), nat: (hasExtIp: false, nat: NatAny), discv5: true, netKey: random, agentString: Nimbus/v0.3.1-a6c494fa/linux-amd64/Nim-2.2.10, numThreads: 0, persistBatchSize: 4, dynamicBatchSize: false, rocksdbMaxOpenFiles: 2048, rocksdbWriteBufferSize: 67108864, rocksdbRowCacheSize: 0, rocksdbBlockCacheSize: 2147483648, rocksdbBlockCacheType: hyperclock, rdbVtxCacheSize: 536870912, rdbKeyCacheSize: 1342177280, rdbBranchCacheSize: 1073741824, rdbPrintStats: false, rewriteDatadirId: true, aristoDbMaxSnapshots: 5, parallelStateRootComputation: false, parallelSenderRecovery: true, optimisticStatePrefetch: false, balStatePrefetch: false, balStatePrefetchWorkers: 0, balParallelExecution: false, eagerStateRootCheck: false, deserializeFcState: true, statelessProvider: false, statelessWitnessValidation: false, cmd: import, maxBlocks: 1000000, chunkSize: 8192, csvStats: some("/data/host-benchmarks/short/c4ac4546ec754d80950e9c04ec27d1e0/blocks-import-benchmark.csv"), validation: false, fullValidation: false, storeBodies: false, storeReceipts: false, storeSlotHashes: false)"
Aug 23 20:52:18 nimbus-eth1-mainnet-short-benchmark[3278127]: WRN 2026-08-23 20:52:18.090+00:00 Data directory has insecure permissions. Correcting them. data_dir=/data/status-im/nimbus-eth1/data/shared_mainnet_0 current_permissions=0755 required_permissions=0700
Aug 23 20:52:20 nimbus-eth1-mainnet-short-benchmark[3278127]: INF 2026-08-23 20:52:19.998+00:00 Taskpool started                           numThreads=16
Aug 23 20:52:20 nimbus-eth1-mainnet-short-benchmark[3278127]: INF 2026-08-23 20:52:20.126+00:00 Writing data dir ID                        ID=0x0a036d6f6dfe59156bb6359f0243c93d5a421ed688de5aa85a62d15dca8dbd5c
Aug 23 20:52:20 nimbus-eth1-mainnet-short-benchmark[3278127]: INF 2026-08-23 20:52:20.146+00:00 Database initialized                       base="(0xd24fd73f794058a3807db926d8898c6481e902b7edb91ce0d479d6760f276183, 20000000)" finalized="(0xd24fd73f794058a3807db926d8898c6481e902b7edb91ce0d479d6760f276183, 20000000)" head="(0xd4e56740f876aef8c010b86a40d5f56745a118d0906a34e69aec8c0db1cb8fa3, 0)"
Aug 23 20:52:20 nimbus-eth1-mainnet-short-benchmark[3278127]: NTC 2026-08-23 20:52:20.146+00:00 Could not open ere database, falling back to era1/era import ereDir=/data/status-im/nimbus-eth1/data/shared_mainnet_0/ere networkName=mainnet error="No ere files found in /data/status-im/nimbus-eth1/data/shared_mainnet_0/ere"
Aug 23 20:52:20 nimbus-eth1-mainnet-short-benchmark[3278127]: NTC 2026-08-23 20:52:20.146+00:00 Importing era archive                      blockNumber=20000001 dataDir=/data/status-im/nimbus-eth1/data/shared_mainnet_0 eraDir=/data/era
Aug 23 20:52:22 nimbus-eth1-mainnet-short-benchmark[3278127]: NTC 2026-08-23 20:52:22.390+00:00 Matched block to slot number               blockNumber=20000001 slot=9204783
Aug 23 20:58:47 nimbus-eth1-mainnet-short-benchmark[3278127]: INF 2026-08-23 20:58:47.388+00:00 Imported blocks                            blockNumber=20008193 slot=9213020 blocks=8192 txs=1226966 mgas=124237 bps=21.15 tps=3168 mgps=320.8 avgBps=21.15 avgTps=3168 avgMGps=320.8 elapsed=6m27s238ms
Aug 23 21:04:25 nimbus-eth1-mainnet-short-benchmark[3278127]: INF 2026-08-23 21:04:25.339+00:00 Imported blocks                            blockNumber=20016385 slot=9221256 blocks=16384 txs=2540380 mgas=248071 bps=24.24 tps=3886 mgps=366.4 avgBps=22.59 avgTps=3503 avgMGps=342.1 elapsed=12m5s192ms
Aug 23 21:09:44 nimbus-eth1-mainnet-short-benchmark[3278127]: INF 2026-08-23 21:09:44.255+00:00 Imported blocks                            blockNumber=20024577 slot=9229485 blocks=24576 txs=3869398 mgas=372018 bps=25.69 tps=4167 mgps=388.7 avgBps=23.54 avgTps=3705 avgMGps=356.3 elapsed=17m24s108ms
Aug 23 21:14:31 nimbus-eth1-mainnet-short-benchmark[3278127]: INF 2026-08-23 21:14:31.715+00:00 Imported blocks                            blockNumber=20032769 slot=9237722 blocks=32768 txs=5222766 mgas=495797 bps=28.50 tps=4708 mgps=430.6 avgBps=24.61 avgTps=3922 avgMGps=372.3 elapsed=22m11s568ms
Aug 23 21:19:07 nimbus-eth1-mainnet-short-benchmark[3278127]: INF 2026-08-23 21:19:07.623+00:00 Imported blocks                            blockNumber=20040961 slot=9245957 blocks=40960 txs=6566802 mgas=619586 bps=29.69 tps=4871 mgps=448.7 avgBps=25.48 avgTps=4085 avgMGps=385.4 elapsed=26m47s474ms
Aug 23 21:24:03 nimbus-eth1-mainnet-short-benchmark[3278127]: INF 2026-08-23 21:24:03.399+00:00 Imported blocks                            blockNumber=20049153 slot=9254196 blocks=49152 txs=7904746 mgas=743522 bps=27.70 tps=4523 mgps=419.0 avgBps=25.83 avgTps=4153 avgMGps=390.7 elapsed=31m43s251ms
Aug 23 21:28:51 nimbus-eth1-mainnet-short-benchmark[3278127]: INF 2026-08-23 21:28:51.774+00:00 Imported blocks                            blockNumber=20057345 slot=9262435 blocks=57344 txs=9212009 mgas=867360 bps=28.41 tps=4533 mgps=429.4 avgBps=26.17 avgTps=4203 avgMGps=395.8 elapsed=36m31s628ms
Aug 23 21:33:17 nimbus-eth1-mainnet-short-benchmark[3278127]: INF 2026-08-23 21:33:17.915+00:00 Imported blocks                            blockNumber=20065537 slot=9270674 blocks=65536 txs=10559018 mgas=991371 bps=30.78 tps=5061 mgps=466.0 avgBps=26.66 avgTps=4296 avgMGps=403.4 elapsed=40m57s769ms
Aug 23 21:37:31 nimbus-eth1-mainnet-short-benchmark[3278127]: INF 2026-08-23 21:37:31.047+00:00 Imported blocks                            blockNumber=20073729 slot=9278910 blocks=73728 txs=11898676 mgas=1115111 bps=32.36 tps=5292 mgps=488.8 avgBps=27.20 avgTps=4389 avgMGps=411.3 elapsed=45m10s901ms
Aug 23 21:41:33 nimbus-eth1-mainnet-short-benchmark[3278127]: INF 2026-08-23 21:41:33.032+00:00 Imported blocks                            blockNumber=20081921 slot=9287152 blocks=81920 txs=13323263 mgas=1239150 bps=33.85 tps=5887 mgps=512.6 avgBps=27.74 avgTps=4511 avgMGps=419.6 elapsed=49m12s885ms
Aug 23 21:45:34 nimbus-eth1-mainnet-short-benchmark[3278127]: INF 2026-08-23 21:45:34.868+00:00 Imported blocks                            blockNumber=20090113 slot=9295408 blocks=90112 txs=14697082 mgas=1363113 bps=33.87 tps=5680 mgps=512.6 avgBps=28.21 avgTps=4600 avgMGps=426.7 elapsed=53m14s721ms
Aug 23 21:49:52 nimbus-eth1-mainnet-short-benchmark[3278127]: INF 2026-08-23 21:49:52.116+00:00 Imported blocks                            blockNumber=20098305 slot=9303658 blocks=98304 txs=16025683 mgas=1487146 bps=31.84 tps=5164 mgps=482.2 avgBps=28.48 avgTps=4642 avgMGps=430.8 elapsed=57m31s972ms
Aug 23 21:54:20 nimbus-eth1-mainnet-short-benchmark[3278127]: INF 2026-08-23 21:54:20.849+00:00 Imported blocks                            blockNumber=20106497 slot=9311895 blocks=106496 txs=17337157 mgas=1611066 bps=30.48 tps=4880 mgps=461.1 avgBps=28.62 avgTps=4659 avgMGps=433.0 elapsed=1h2m705ms
Aug 23 21:58:34 nimbus-eth1-mainnet-short-benchmark[3278127]: INF 2026-08-23 21:58:34.421+00:00 Imported blocks                            blockNumber=20114689 slot=9320146 blocks=114688 txs=18632097 mgas=1735123 bps=32.31 tps=5106 mgps=489.2 avgBps=28.86 avgTps=4688 avgMGps=436.6 elapsed=1h6m14s
Aug 23 22:02:32 nimbus-eth1-mainnet-short-benchmark[3278127]: INF 2026-08-23 22:02:32.990+00:00 Imported blocks                            blockNumber=20122881 slot=9328409 blocks=122880 txs=19937418 mgas=1859249 bps=34.34 tps=5471 mgps=520.3 avgBps=29.17 avgTps=4732 avgMGps=441.3 elapsed=1h10m12s
Aug 23 22:06:30 nimbus-eth1-mainnet-short-benchmark[3278127]: INF 2026-08-23 22:06:30.186+00:00 Imported blocks                            blockNumber=20131073 slot=9336660 blocks=131072 txs=21214129 mgas=1983500 bps=34.54 tps=5382 mgps=523.8 avgBps=29.45 avgTps=4767 avgMGps=445.7 elapsed=1h14m10s
Aug 23 22:10:25 nimbus-eth1-mainnet-short-benchmark[3278127]: INF 2026-08-23 22:10:25.555+00:00 Imported blocks                            blockNumber=20139265 slot=9344906 blocks=139264 txs=22579079 mgas=2107571 bps=34.80 tps=5799 mgps=527.1 avgBps=29.72 avgTps=4819 avgMGps=449.8 elapsed=1h18m5s
Aug 23 22:15:04 nimbus-eth1-mainnet-short-benchmark[3278127]: INF 2026-08-23 22:15:04.919+00:00 Imported blocks                            blockNumber=20147457 slot=9353153 blocks=147456 txs=24133322 mgas=2231686 bps=29.32 tps=5563 mgps=444.3 avgBps=29.70 avgTps=4860 avgMGps=449.5 elapsed=1h22m44s
Aug 23 22:19:36 nimbus-eth1-mainnet-short-benchmark[3278127]: INF 2026-08-23 22:19:36.955+00:00 Imported blocks                            blockNumber=20155649 slot=9361407 blocks=155648 txs=25424015 mgas=2356018 bps=30.11 tps=4744 mgps=457.0 avgBps=29.72 avgTps=4854 avgMGps=449.9 elapsed=1h27m16s
Aug 23 22:23:46 nimbus-eth1-mainnet-short-benchmark[3278127]: INF 2026-08-23 22:23:46.392+00:00 Imported blocks                            blockNumber=20163841 slot=9369652 blocks=163840 txs=26749549 mgas=2480207 bps=32.84 tps=5314 mgps=497.9 avgBps=29.86 avgTps=4875 avgMGps=452.1 elapsed=1h31m26s
Aug 23 22:27:51 nimbus-eth1-mainnet-short-benchmark[3278127]: INF 2026-08-23 22:27:51.024+00:00 Imported blocks                            blockNumber=20172033 slot=9377892 blocks=172032 txs=28105316 mgas=2604026 bps=33.49 tps=5542 mgps=506.1 avgBps=30.02 avgTps=4904 avgMGps=454.4 elapsed=1h35m30s
Aug 23 22:31:59 nimbus-eth1-mainnet-short-benchmark[3278127]: INF 2026-08-23 22:31:59.829+00:00 Imported blocks                            blockNumber=20180225 slot=9386128 blocks=180224 txs=29524405 mgas=2728170 bps=32.92 tps=5703 mgps=498.9 avgBps=30.14 avgTps=4937 avgMGps=456.2 elapsed=1h39m39s
Aug 23 22:35:52 nimbus-eth1-mainnet-short-benchmark[3278127]: INF 2026-08-23 22:35:52.321+00:00 Imported blocks                            blockNumber=20188417 slot=9394365 blocks=188416 txs=30849021 mgas=2852023 bps=35.24 tps=5697 mgps=532.7 avgBps=30.33 avgTps=4965 avgMGps=459.1 elapsed=1h43m32s
Aug 23 22:40:10 nimbus-eth1-mainnet-short-benchmark[3278127]: INF 2026-08-23 22:40:10.342+00:00 Imported blocks                            blockNumber=20196609 slot=9402602 blocks=196608 txs=32174755 mgas=2976155 bps=31.75 tps=5138 mgps=481.1 avgBps=30.39 avgTps=4972 avgMGps=460.0 elapsed=1h47m50s
Aug 23 22:44:44 nimbus-eth1-mainnet-short-benchmark[3278127]: INF 2026-08-23 22:44:44.438+00:00 Imported blocks                            blockNumber=20204801 slot=9410840 blocks=204800 txs=33475942 mgas=3100410 bps=29.89 tps=4747 mgps=453.3 avgBps=30.37 avgTps=4963 avgMGps=459.7 elapsed=1h52m24s
Aug 23 22:48:54 nimbus-eth1-mainnet-short-benchmark[3278127]: INF 2026-08-23 22:48:54.974+00:00 Imported blocks                            blockNumber=20212993 slot=9419071 blocks=212992 txs=34798508 mgas=3224370 bps=32.70 tps=5278 mgps=494.8 avgBps=30.45 avgTps=4974 avgMGps=461.0 elapsed=1h56m34s
Aug 23 22:52:59 nimbus-eth1-mainnet-short-benchmark[3278127]: INF 2026-08-23 22:52:59.447+00:00 Imported blocks                            blockNumber=20221185 slot=9427313 blocks=221184 txs=36114045 mgas=3348169 bps=33.51 tps=5381 mgps=506.4 avgBps=30.55 avgTps=4988 avgMGps=462.5 elapsed=2h39s300ms
Aug 23 22:56:45 nimbus-eth1-mainnet-short-benchmark[3278127]: INF 2026-08-23 22:56:45.015+00:00 Imported blocks                            blockNumber=20229377 slot=9435549 blocks=229376 txs=37421794 mgas=3472031 bps=36.32 tps=5797 mgps=549.1 avgBps=30.73 avgTps=5013 avgMGps=465.1 elapsed=2h4m24s
Aug 23 23:00:40 nimbus-eth1-mainnet-short-benchmark[3278127]: INF 2026-08-23 23:00:40.104+00:00 Imported blocks                            blockNumber=20237569 slot=9443788 blocks=237568 txs=38842064 mgas=3596351 bps=34.85 tps=6041 mgps=528.8 avgBps=30.85 avgTps=5044 avgMGps=467.1 elapsed=2h8m19s
Aug 23 23:04:54 nimbus-eth1-mainnet-short-benchmark[3278127]: INF 2026-08-23 23:04:54.552+00:00 Imported blocks                            blockNumber=20245761 slot=9452021 blocks=245760 txs=40225739 mgas=3720100 bps=32.19 tps=5437 mgps=486.3 avgBps=30.90 avgTps=5057 avgMGps=467.7 elapsed=2h12m34s
Aug 23 23:09:26 nimbus-eth1-mainnet-short-benchmark[3278127]: INF 2026-08-23 23:09:26.753+00:00 Imported blocks                            blockNumber=20253953 slot=9460253 blocks=253952 txs=41454921 mgas=3844385 bps=30.10 tps=4515 mgps=456.6 avgBps=30.87 avgTps=5039 avgMGps=467.3 elapsed=2h17m6s
Aug 23 23:13:44 nimbus-eth1-mainnet-short-benchmark[3278127]: INF 2026-08-23 23:13:44.749+00:00 Imported blocks                            blockNumber=20262145 slot=9468495 blocks=262144 txs=42726051 mgas=3968623 bps=31.75 tps=4926 mgps=481.5 avgBps=30.90 avgTps=5035 avgMGps=467.7 elapsed=2h21m24s
Aug 23 23:17:47 nimbus-eth1-mainnet-short-benchmark[3278127]: INF 2026-08-23 23:17:47.977+00:00 Imported blocks                            blockNumber=20270337 slot=9476748 blocks=270336 txs=44050436 mgas=4092682 bps=33.68 tps=5445 mgps=510.1 avgBps=30.97 avgTps=5047 avgMGps=468.9 elapsed=2h25m27s
Aug 23 23:21:31 nimbus-eth1-mainnet-short-benchmark[3278127]: INF 2026-08-23 23:21:31.990+00:00 Imported blocks                            blockNumber=20278529 slot=9484981 blocks=278528 txs=45382368 mgas=4216487 bps=36.57 tps=5945 mgps=552.7 avgBps=31.11 avgTps=5069 avgMGps=471.0 elapsed=2h29m11s
Aug 23 23:25:21 nimbus-eth1-mainnet-short-benchmark[3278127]: INF 2026-08-23 23:25:21.843+00:00 Imported blocks                            blockNumber=20286721 slot=9493213 blocks=286720 txs=46733429 mgas=4340363 bps=35.64 tps=5877 mgps=538.9 avgBps=31.23 avgTps=5089 avgMGps=472.7 elapsed=2h33m1s
Aug 23 23:29:33 nimbus-eth1-mainnet-short-benchmark[3278127]: INF 2026-08-23 23:29:33.287+00:00 Imported blocks                            blockNumber=20294913 slot=9501453 blocks=294912 txs=48075887 mgas=4464376 bps=32.58 tps=5339 mgps=493.2 avgBps=31.26 avgTps=5096 avgMGps=473.3 elapsed=2h37m13s
Aug 23 23:33:40 nimbus-eth1-mainnet-short-benchmark[3278127]: INF 2026-08-23 23:33:40.776+00:00 Imported blocks                            blockNumber=20303105 slot=9509696 blocks=303104 txs=49379538 mgas=4588534 bps=33.10 tps=5267 mgps=501.7 avgBps=31.31 avgTps=5100 avgMGps=474.0 elapsed=2h41m20s
Aug 23 23:37:41 nimbus-eth1-mainnet-short-benchmark[3278127]: INF 2026-08-23 23:37:41.193+00:00 Imported blocks                            blockNumber=20311297 slot=9517922 blocks=311296 txs=50637672 mgas=4712596 bps=34.07 tps=5233 mgps=516.0 avgBps=31.38 avgTps=5104 avgMGps=475.0 elapsed=2h45m21s
Aug 23 23:41:31 nimbus-eth1-mainnet-short-benchmark[3278127]: INF 2026-08-23 23:41:31.337+00:00 Imported blocks                            blockNumber=20319489 slot=9526159 blocks=319488 txs=51981692 mgas=4836521 bps=35.59 tps=5839 mgps=538.5 avgBps=31.47 avgTps=5120 avgMGps=476.4 elapsed=2h49m11s
Aug 23 23:45:02 nimbus-eth1-mainnet-short-benchmark[3278127]: INF 2026-08-23 23:45:02.642+00:00 Imported blocks                            blockNumber=20327681 slot=9534381 blocks=327680 txs=53356123 mgas=4960245 bps=38.77 tps=6504 mgps=585.5 avgBps=31.62 avgTps=5148 avgMGps=478.7 elapsed=2h52m42s
Aug 23 23:48:31 nimbus-eth1-mainnet-short-benchmark[3278127]: INF 2026-08-23 23:48:31.795+00:00 Imported blocks                            blockNumber=20335873 slot=9542617 blocks=335872 txs=54719105 mgas=5084025 bps=39.17 tps=6516 mgps=591.8 avgBps=31.77 avgTps=5176 avgMGps=480.9 elapsed=2h56m11s
Aug 23 23:52:21 nimbus-eth1-mainnet-short-benchmark[3278127]: INF 2026-08-23 23:52:21.452+00:00 Imported blocks                            blockNumber=20344065 slot=9550841 blocks=344064 txs=56021853 mgas=5207843 bps=35.67 tps=5672 mgps=539.2 avgBps=31.85 avgTps=5186 avgMGps=482.1 elapsed=3h1s304ms
Aug 23 23:56:42 nimbus-eth1-mainnet-short-benchmark[3278127]: INF 2026-08-23 23:56:42.904+00:00 Imported blocks                            blockNumber=20352257 slot=9559072 blocks=352256 txs=57290408 mgas=5332016 bps=31.33 tps=4851 mgps=474.9 avgBps=31.84 avgTps=5178 avgMGps=482.0 elapsed=3h4m22s
Aug 24 00:00:43 nimbus-eth1-mainnet-short-benchmark[3278127]: INF 2026-08-24 00:00:43.385+00:00 Imported blocks                            blockNumber=20360449 slot=9567308 blocks=360448 txs=58543463 mgas=5456201 bps=34.07 tps=5210 mgps=516.4 avgBps=31.89 avgTps=5179 avgMGps=482.7 elapsed=3h8m23s
Aug 24 00:04:36 nimbus-eth1-mainnet-short-benchmark[3278127]: INF 2026-08-24 00:04:36.218+00:00 Imported blocks                            blockNumber=20368641 slot=9575548 blocks=368640 txs=59874056 mgas=5580204 bps=35.18 tps=5714 mgps=532.6 avgBps=31.96 avgTps=5190 avgMGps=483.7 elapsed=3h12m16s
Aug 24 00:08:36 nimbus-eth1-mainnet-short-benchmark[3278127]: INF 2026-08-24 00:08:36.002+00:00 Imported blocks                            blockNumber=20376833 slot=9583774 blocks=376832 txs=61167066 mgas=5704396 bps=34.16 tps=5392 mgps=517.9 avgBps=32.00 avgTps=5194 avgMGps=484.4 elapsed=3h16m15s
Aug 24 00:12:32 nimbus-eth1-mainnet-short-benchmark[3278127]: INF 2026-08-24 00:12:32.163+00:00 Imported blocks                            blockNumber=20385025 slot=9592009 blocks=385024 txs=62480333 mgas=5828235 bps=34.69 tps=5560 mgps=524.4 avgBps=32.05 avgTps=5201 avgMGps=485.2 elapsed=3h20m12s
Aug 24 00:16:27 nimbus-eth1-mainnet-short-benchmark[3278127]: INF 2026-08-24 00:16:27.008+00:00 Imported blocks                            blockNumber=20393217 slot=9600248 blocks=393216 txs=63800597 mgas=5952136 bps=34.88 tps=5621 mgps=527.6 avgBps=32.11 avgTps=5209 avgMGps=486.0 elapsed=3h24m6s
Aug 24 00:20:11 nimbus-eth1-mainnet-short-benchmark[3278127]: INF 2026-08-24 00:20:11.692+00:00 Imported blocks                            blockNumber=20401409 slot=9608486 blocks=401408 txs=65021243 mgas=6076384 bps=36.46 tps=5432 mgps=553.0 avgBps=32.19 avgTps=5213 avgMGps=487.2 elapsed=3h27m51s
Aug 24 00:24:11 nimbus-eth1-mainnet-short-benchmark[3278127]: INF 2026-08-24 00:24:11.725+00:00 Imported blocks                            blockNumber=20409601 slot=9616707 blocks=409600 txs=66199016 mgas=6200666 bps=34.13 tps=4906 mgps=517.8 avgBps=32.22 avgTps=5207 avgMGps=487.8 elapsed=3h31m51s
Aug 24 00:28:02 nimbus-eth1-mainnet-short-benchmark[3278127]: INF 2026-08-24 00:28:02.434+00:00 Imported blocks                            blockNumber=20417793 slot=9624941 blocks=417792 txs=67453930 mgas=6324823 bps=35.51 tps=5439 mgps=538.2 avgBps=32.28 avgTps=5211 avgMGps=488.7 elapsed=3h35m42s
Aug 24 00:31:25 nimbus-eth1-mainnet-short-benchmark[3278127]: INF 2026-08-24 00:31:25.511+00:00 Imported blocks                            blockNumber=20425985 slot=9633187 blocks=425984 txs=68814904 mgas=6448778 bps=40.34 tps=6701 mgps=610.4 avgBps=32.41 avgTps=5234 avgMGps=490.6 elapsed=3h39m5s
Aug 24 00:34:48 nimbus-eth1-mainnet-short-benchmark[3278127]: INF 2026-08-24 00:34:48.952+00:00 Imported blocks                            blockNumber=20434177 slot=9641422 blocks=434176 txs=70124508 mgas=6572711 bps=40.27 tps=6437 mgps=609.2 avgBps=32.53 avgTps=5253 avgMGps=492.4 elapsed=3h42m28s
Aug 24 00:38:24 nimbus-eth1-mainnet-short-benchmark[3278127]: INF 2026-08-24 00:38:24.093+00:00 Imported blocks                            blockNumber=20442369 slot=9649657 blocks=442368 txs=71403576 mgas=6696451 bps=38.08 tps=5945 mgps=575.2 avgBps=32.61 avgTps=5264 avgMGps=493.7 elapsed=3h46m3s
Aug 24 00:42:19 nimbus-eth1-mainnet-short-benchmark[3278127]: INF 2026-08-24 00:42:19.493+00:00 Imported blocks                            blockNumber=20450561 slot=9657896 blocks=450560 txs=72659905 mgas=6820521 bps=34.80 tps=5337 mgps=527.1 avgBps=32.65 avgTps=5265 avgMGps=494.3 elapsed=3h49m59s
Aug 24 00:46:34 nimbus-eth1-mainnet-short-benchmark[3278127]: INF 2026-08-24 00:46:34.762+00:00 Imported blocks                            blockNumber=20458753 slot=9666114 blocks=458752 txs=73838533 mgas=6945116 bps=32.09 tps=4617 mgps=488.1 avgBps=32.64 avgTps=5253 avgMGps=494.2 elapsed=3h54m14s
Aug 24 00:50:27 nimbus-eth1-mainnet-short-benchmark[3278127]: INF 2026-08-24 00:50:27.599+00:00 Imported blocks                            blockNumber=20466945 slot=9674343 blocks=466944 txs=75124748 mgas=7068943 bps=35.18 tps=5524 mgps=531.8 avgBps=32.68 avgTps=5258 avgMGps=494.8 elapsed=3h58m7s
Aug 24 00:54:17 nimbus-eth1-mainnet-short-benchmark[3278127]: INF 2026-08-24 00:54:17.399+00:00 Imported blocks                            blockNumber=20475137 slot=9682575 blocks=475136 txs=76420106 mgas=7192870 bps=35.65 tps=5636 mgps=539.3 avgBps=32.73 avgTps=5264 avgMGps=495.5 elapsed=4h1m57s
Aug 24 00:57:56 nimbus-eth1-mainnet-short-benchmark[3278127]: INF 2026-08-24 00:57:56.696+00:00 Imported blocks                            blockNumber=20483329 slot=9690800 blocks=483328 txs=77675422 mgas=7316939 bps=37.36 tps=5724 mgps=565.8 avgBps=32.80 avgTps=5270 avgMGps=496.5 elapsed=4h5m36s
Aug 24 01:01:33 nimbus-eth1-mainnet-short-benchmark[3278127]: INF 2026-08-24 01:01:33.201+00:00 Imported blocks                            blockNumber=20491521 slot=9699019 blocks=491520 txs=78951232 mgas=7440784 bps=37.84 tps=5892 mgps=572.0 avgBps=32.87 avgTps=5279 avgMGps=497.6 elapsed=4h9m13s
Aug 24 01:05:26 nimbus-eth1-mainnet-short-benchmark[3278127]: INF 2026-08-24 01:05:26.454+00:00 Imported blocks                            blockNumber=20499713 slot=9707248 blocks=499712 txs=80189642 mgas=7564669 bps=35.12 tps=5309 mgps=531.1 avgBps=32.91 avgTps=5280 avgMGps=498.1 elapsed=4h13m6s
Aug 24 01:09:24 nimbus-eth1-mainnet-short-benchmark[3278127]: INF 2026-08-24 01:09:24.942+00:00 Imported blocks                            blockNumber=20507905 slot=9715488 blocks=507904 txs=81317763 mgas=7689208 bps=34.35 tps=4730 mgps=522.2 avgBps=32.93 avgTps=5271 avgMGps=498.5 elapsed=4h17m4s
Aug 24 01:12:57 nimbus-eth1-mainnet-short-benchmark[3278127]: INF 2026-08-24 01:12:57.747+00:00 Imported blocks                            blockNumber=20516097 slot=9723715 blocks=516096 txs=82520262 mgas=7813209 bps=38.50 tps=5650 mgps=582.7 avgBps=33.00 avgTps=5277 avgMGps=499.6 elapsed=4h20m37s
Aug 24 01:16:41 nimbus-eth1-mainnet-short-benchmark[3278127]: INF 2026-08-24 01:16:41.088+00:00 Imported blocks                            blockNumber=20524289 slot=9731945 blocks=524288 txs=83780075 mgas=7937233 bps=36.68 tps=5640 mgps=555.3 avgBps=33.06 avgTps=5282 avgMGps=500.4 elapsed=4h24m20s
Aug 24 01:20:28 nimbus-eth1-mainnet-short-benchmark[3278127]: INF 2026-08-24 01:20:28.481+00:00 Imported blocks                            blockNumber=20532481 slot=9740183 blocks=532480 txs=85263862 mgas=8061024 bps=36.02 tps=6525 mgps=544.4 avgBps=33.10 avgTps=5299 avgMGps=501.0 elapsed=4h28m8s
Aug 24 01:24:21 nimbus-eth1-mainnet-short-benchmark[3278127]: INF 2026-08-24 01:24:21.066+00:00 Imported blocks                            blockNumber=20540673 slot=9748418 blocks=540672 txs=86612143 mgas=8185090 bps=35.22 tps=5797 mgps=533.4 avgBps=33.13 avgTps=5306 avgMGps=501.5 elapsed=4h32m919ms
Aug 24 01:28:23 nimbus-eth1-mainnet-short-benchmark[3278127]: INF 2026-08-24 01:28:23.350+00:00 Imported blocks                            blockNumber=20548865 slot=9756662 blocks=548864 txs=87802991 mgas=8309513 bps=33.81 tps=4915 mgps=513.5 avgBps=33.14 avgTps=5301 avgMGps=501.7 elapsed=4h36m3s
Aug 24 01:32:23 nimbus-eth1-mainnet-short-benchmark[3278127]: INF 2026-08-24 01:32:23.071+00:00 Imported blocks                            blockNumber=20557057 slot=9764892 blocks=557056 txs=88964987 mgas=8433956 bps=34.17 tps=4847 mgps=519.1 avgBps=33.15 avgTps=5294 avgMGps=501.9 elapsed=4h40m2s
Aug 24 01:36:09 nimbus-eth1-mainnet-short-benchmark[3278127]: INF 2026-08-24 01:36:09.912+00:00 Imported blocks                            blockNumber=20565249 slot=9773131 blocks=565248 txs=90186094 mgas=8558113 bps=36.11 tps=5383 mgps=547.3 avgBps=33.19 avgTps=5295 avgMGps=502.5 elapsed=4h43m49s
Aug 24 01:39:58 nimbus-eth1-mainnet-short-benchmark[3278127]: INF 2026-08-24 01:39:58.684+00:00 Imported blocks                            blockNumber=20573441 slot=9781369 blocks=573440 txs=91404654 mgas=8682228 bps=35.81 tps=5326 mgps=542.5 avgBps=33.23 avgTps=5296 avgMGps=503.1 elapsed=4h47m38s
Aug 24 01:43:43 nimbus-eth1-mainnet-short-benchmark[3278127]: INF 2026-08-24 01:43:43.765+00:00 Imported blocks                            blockNumber=20581633 slot=9789611 blocks=581632 txs=92628389 mgas=8806651 bps=36.40 tps=5436 mgps=552.8 avgBps=33.27 avgTps=5298 avgMGps=503.7 elapsed=4h51m23s
Aug 24 01:47:35 nimbus-eth1-mainnet-short-benchmark[3278127]: INF 2026-08-24 01:47:35.890+00:00 Imported blocks                            blockNumber=20589825 slot=9797855 blocks=589824 txs=93887208 mgas=8931023 bps=35.29 tps=5423 mgps=535.8 avgBps=33.29 avgTps=5299 avgMGps=504.1 elapsed=4h55m15s
Aug 24 01:51:31 nimbus-eth1-mainnet-short-benchmark[3278127]: INF 2026-08-24 01:51:31.571+00:00 Imported blocks                            blockNumber=20598017 slot=9806095 blocks=598016 txs=95163338 mgas=9055310 bps=34.76 tps=5414 mgps=527.4 avgBps=33.31 avgTps=5301 avgMGps=504.4 elapsed=4h59m11s
Aug 24 01:55:24 nimbus-eth1-mainnet-short-benchmark[3278127]: INF 2026-08-24 01:55:24.979+00:00 Imported blocks                            blockNumber=20606209 slot=9814347 blocks=606208 txs=96334664 mgas=9179976 bps=35.10 tps=5018 mgps=534.1 avgBps=33.34 avgTps=5297 avgMGps=504.8 elapsed=5h3m4s
Aug 24 01:59:12 nimbus-eth1-mainnet-short-benchmark[3278127]: INF 2026-08-24 01:59:12.384+00:00 Imported blocks                            blockNumber=20614401 slot=9822581 blocks=614400 txs=97573414 mgas=9304574 bps=36.02 tps=5447 mgps=547.9 avgBps=33.37 avgTps=5299 avgMGps=505.3 elapsed=5h6m52s
Aug 24 02:02:59 nimbus-eth1-mainnet-short-benchmark[3278127]: INF 2026-08-24 02:02:59.449+00:00 Imported blocks                            blockNumber=20622593 slot=9830821 blocks=622592 txs=98874772 mgas=9428835 bps=36.08 tps=5731 mgps=547.2 avgBps=33.40 avgTps=5304 avgMGps=505.9 elapsed=5h10m39s
Aug 24 02:06:39 nimbus-eth1-mainnet-short-benchmark[3278127]: INF 2026-08-24 02:06:39.898+00:00 Imported blocks                            blockNumber=20630785 slot=9839058 blocks=630784 txs=100178707 mgas=9553009 bps=37.16 tps=5914 mgps=563.3 avgBps=33.45 avgTps=5311 avgMGps=506.5 elapsed=5h14m19s
Aug 24 02:10:28 nimbus-eth1-mainnet-short-benchmark[3278127]: INF 2026-08-24 02:10:28.126+00:00 Imported blocks                            blockNumber=20638977 slot=9847313 blocks=638976 txs=101489116 mgas=9677171 bps=35.89 tps=5741 mgps=544.0 avgBps=33.48 avgTps=5316 avgMGps=507.0 elapsed=5h18m7s
Aug 24 02:14:15 nimbus-eth1-mainnet-short-benchmark[3278127]: INF 2026-08-24 02:14:15.291+00:00 Imported blocks                            blockNumber=20647169 slot=9855549 blocks=647168 txs=102730058 mgas=9801643 bps=36.06 tps=5462 mgps=547.9 avgBps=33.51 avgTps=5318 avgMGps=507.5 elapsed=5h21m55s
Aug 24 02:18:15 nimbus-eth1-mainnet-short-benchmark[3278127]: INF 2026-08-24 02:18:15.856+00:00 Imported blocks                            blockNumber=20655361 slot=9863778 blocks=655360 txs=103868002 mgas=9926541 bps=34.05 tps=4730 mgps=519.2 avgBps=33.51 avgTps=5311 avgMGps=507.6 elapsed=5h25m55s
Aug 24 02:21:59 nimbus-eth1-mainnet-short-benchmark[3278127]: INF 2026-08-24 02:21:59.085+00:00 Imported blocks                            blockNumber=20663553 slot=9872013 blocks=663552 txs=105112198 mgas=10051274 bps=36.70 tps=5573 mgps=558.8 avgBps=33.55 avgTps=5314 avgMGps=508.2 elapsed=5h29m38s
Aug 24 02:25:31 nimbus-eth1-mainnet-short-benchmark[3278127]: INF 2026-08-24 02:25:31.450+00:00 Imported blocks                            blockNumber=20671745 slot=9880241 blocks=671744 txs=106395904 mgas=10175177 bps=38.58 tps=6044 mgps=583.4 avgBps=33.60 avgTps=5322 avgMGps=509.0 elapsed=5h33m11s
Aug 24 02:29:10 nimbus-eth1-mainnet-short-benchmark[3278127]: INF 2026-08-24 02:29:10.122+00:00 Imported blocks                            blockNumber=20679937 slot=9888471 blocks=679936 txs=107674271 mgas=10299404 bps=37.46 tps=5846 mgps=568.1 avgBps=33.64 avgTps=5327 avgMGps=509.6 elapsed=5h36m49s
Aug 24 02:32:37 nimbus-eth1-mainnet-short-benchmark[3278127]: INF 2026-08-24 02:32:37.476+00:00 Imported blocks                            blockNumber=20688129 slot=9896698 blocks=688128 txs=108938536 mgas=10423298 bps=39.51 tps=6097 mgps=597.5 avgBps=33.70 avgTps=5335 avgMGps=510.5 elapsed=5h40m17s
Aug 24 02:36:19 nimbus-eth1-mainnet-short-benchmark[3278127]: INF 2026-08-24 02:36:19.376+00:00 Imported blocks                            blockNumber=20696321 slot=9904930 blocks=696320 txs=110235786 mgas=10547469 bps=36.92 tps=5846 mgps=559.6 avgBps=33.74 avgTps=5341 avgMGps=511.0 elapsed=5h43m59s
Aug 24 02:40:19 nimbus-eth1-mainnet-short-benchmark[3278127]: INF 2026-08-24 02:40:19.109+00:00 Imported blocks                            blockNumber=20704513 slot=9913154 blocks=704512 txs=111483759 mgas=10671677 bps=34.17 tps=5205 mgps=518.1 avgBps=33.74 avgTps=5339 avgMGps=511.1 elapsed=5h47m58s
Aug 24 02:44:03 nimbus-eth1-mainnet-short-benchmark[3278127]: INF 2026-08-24 02:44:03.730+00:00 Imported blocks                            blockNumber=20712705 slot=9921388 blocks=712704 txs=112764170 mgas=10795980 bps=36.47 tps=5700 mgps=553.4 avgBps=33.77 avgTps=5343 avgMGps=511.6 elapsed=5h51m43s
Aug 24 02:47:32 nimbus-eth1-mainnet-short-benchmark[3278127]: INF 2026-08-24 02:47:32.135+00:00 Imported blocks                            blockNumber=20720897 slot=9929633 blocks=720896 txs=114110517 mgas=10919926 bps=39.31 tps=6460 mgps=594.7 avgBps=33.83 avgTps=5354 avgMGps=512.4 elapsed=5h55m11s
Aug 24 02:51:09 nimbus-eth1-mainnet-short-benchmark[3278127]: INF 2026-08-24 02:51:09.224+00:00 Imported blocks                            blockNumber=20729089 slot=9937869 blocks=729088 txs=115449431 mgas=11043768 bps=37.74 tps=6167 mgps=570.5 avgBps=33.87 avgTps=5362 avgMGps=513.0 elapsed=5h58m49s
Aug 24 02:54:37 nimbus-eth1-mainnet-short-benchmark[3278127]: INF 2026-08-24 02:54:37.661+00:00 Imported blocks                            blockNumber=20737281 slot=9946108 blocks=737280 txs=116784468 mgas=11167784 bps=39.30 tps=6404 mgps=595.0 avgBps=33.92 avgTps=5372 avgMGps=513.8 elapsed=6h2m17s
Aug 24 02:58:18 nimbus-eth1-mainnet-short-benchmark[3278127]: INF 2026-08-24 02:58:18.082+00:00 Imported blocks                            blockNumber=20745473 slot=9954342 blocks=745472 txs=118101003 mgas=11291742 bps=37.17 tps=5972 mgps=562.4 avgBps=33.95 avgTps=5378 avgMGps=514.2 elapsed=6h5m57s
Aug 24 03:02:13 nimbus-eth1-mainnet-short-benchmark[3278127]: INF 2026-08-24 03:02:13.758+00:00 Imported blocks                            blockNumber=20753665 slot=9962581 blocks=753664 txs=119337525 mgas=11415859 bps=34.76 tps=5246 mgps=526.6 avgBps=33.96 avgTps=5377 avgMGps=514.4 elapsed=6h9m53s
Aug 24 03:05:57 nimbus-eth1-mainnet-short-benchmark[3278127]: INF 2026-08-24 03:05:57.535+00:00 Imported blocks                            blockNumber=20761857 slot=9970803 blocks=761856 txs=120564314 mgas=11540225 bps=36.61 tps=5482 mgps=555.8 avgBps=33.99 avgTps=5378 avgMGps=514.8 elapsed=6h13m37s
Aug 24 03:09:26 nimbus-eth1-mainnet-short-benchmark[3278127]: INF 2026-08-24 03:09:26.272+00:00 Imported blocks                            blockNumber=20770049 slot=9979058 blocks=770048 txs=121858083 mgas=11663918 bps=39.25 tps=6198 mgps=592.6 avgBps=34.03 avgTps=5385 avgMGps=515.5 elapsed=6h17m6s
Aug 24 03:12:47 nimbus-eth1-mainnet-short-benchmark[3278127]: INF 2026-08-24 03:12:47.797+00:00 Imported blocks                            blockNumber=20778241 slot=9987307 blocks=778240 txs=123161734 mgas=11787906 bps=40.65 tps=6468 mgps=615.2 avgBps=34.09 avgTps=5395 avgMGps=516.4 elapsed=6h20m27s
Aug 24 03:16:04 nimbus-eth1-mainnet-short-benchmark[3278127]: INF 2026-08-24 03:16:04.991+00:00 Imported blocks                            blockNumber=20786433 slot=9995542 blocks=786432 txs=124509456 mgas=11911612 bps=41.54 tps=6834 mgps=627.3 avgBps=34.16 avgTps=5407 avgMGps=517.3 elapsed=6h23m44s
Aug 24 03:19:28 nimbus-eth1-mainnet-short-benchmark[3278127]: INF 2026-08-24 03:19:28.248+00:00 Imported blocks                            blockNumber=20794625 slot=10003781 blocks=794624 txs=125848921 mgas=12035338 bps=40.30 tps=6590 mgps=608.7 avgBps=34.21 avgTps=5417 avgMGps=518.1 elapsed=6h27m8s
Aug 24 03:22:55 nimbus-eth1-mainnet-short-benchmark[3278127]: INF 2026-08-24 03:22:55.717+00:00 Imported blocks                            blockNumber=20802817 slot=10012028 blocks=802816 txs=127089868 mgas=12158989 bps=39.49 tps=5981 mgps=596.0 avgBps=34.26 avgTps=5422 avgMGps=518.8 elapsed=6h30m35s
Aug 24 03:26:32 nimbus-eth1-mainnet-short-benchmark[3278127]: INF 2026-08-24 03:26:32.474+00:00 Imported blocks                            blockNumber=20811009 slot=10020249 blocks=811008 txs=128299762 mgas=12282850 bps=37.79 tps=5581 mgps=571.4 avgBps=34.29 avgTps=5424 avgMGps=519.3 elapsed=6h34m12s
Aug 24 03:29:53 nimbus-eth1-mainnet-short-benchmark[3278127]: INF 2026-08-24 03:29:53.175+00:00 Imported blocks                            blockNumber=20819201 slot=10028481 blocks=819200 txs=129596319 mgas=12406594 bps=40.82 tps=6460 mgps=616.6 avgBps=34.34 avgTps=5433 avgMGps=520.1 elapsed=6h37m33s
Aug 24 03:33:14 nimbus-eth1-mainnet-short-benchmark[3278127]: INF 2026-08-24 03:33:14.972+00:00 Imported blocks                            blockNumber=20827393 slot=10036710 blocks=827392 txs=130916729 mgas=12530249 bps=40.60 tps=6543 mgps=612.8 avgBps=34.40 avgTps=5442 avgMGps=520.9 elapsed=6h40m54s
Aug 24 03:36:36 nimbus-eth1-mainnet-short-benchmark[3278127]: INF 2026-08-24 03:36:36.009+00:00 Imported blocks                            blockNumber=20835585 slot=10044938 blocks=835584 txs=132226625 mgas=12654070 bps=40.75 tps=6515 mgps=615.9 avgBps=34.45 avgTps=5451 avgMGps=521.7 elapsed=6h44m15s
Aug 24 03:40:08 nimbus-eth1-mainnet-short-benchmark[3278127]: INF 2026-08-24 03:40:08.478+00:00 Imported blocks                            blockNumber=20843777 slot=10053164 blocks=843776 txs=133604192 mgas=12777730 bps=38.56 tps=6483 mgps=582.0 avgBps=34.48 avgTps=5460 avgMGps=522.2 elapsed=6h47m48s
Aug 24 03:44:05 nimbus-eth1-mainnet-short-benchmark[3278127]: INF 2026-08-24 03:44:05.291+00:00 Imported blocks                            blockNumber=20851969 slot=10061391 blocks=851968 txs=134900706 mgas=12901664 bps=34.59 tps=5474 mgps=523.3 avgBps=34.49 avgTps=5460 avgMGps=522.2 elapsed=6h51m45s
Aug 24 03:47:52 nimbus-eth1-mainnet-short-benchmark[3278127]: INF 2026-08-24 03:47:52.595+00:00 Imported blocks                            blockNumber=20860161 slot=10069622 blocks=860160 txs=136168750 mgas=13025603 bps=36.04 tps=5578 mgps=545.3 avgBps=34.50 avgTps=5461 avgMGps=522.4 elapsed=6h55m32s
Aug 24 03:51:36 nimbus-eth1-mainnet-short-benchmark[3278127]: INF 2026-08-24 03:51:36.780+00:00 Imported blocks                            blockNumber=20868353 slot=10077838 blocks=868352 txs=137550724 mgas=13149742 bps=36.54 tps=6164 mgps=553.7 avgBps=34.52 avgTps=5467 avgMGps=522.7 elapsed=6h59m16s
Aug 24 03:55:18 nimbus-eth1-mainnet-short-benchmark[3278127]: INF 2026-08-24 03:55:18.141+00:00 Imported blocks                            blockNumber=20876545 slot=10086066 blocks=876544 txs=138954673 mgas=13273457 bps=37.01 tps=6342 mgps=558.9 avgBps=34.54 avgTps=5475 avgMGps=523.0 elapsed=7h2m57s
Aug 24 03:58:54 nimbus-eth1-mainnet-short-benchmark[3278127]: INF 2026-08-24 03:58:54.790+00:00 Imported blocks                            blockNumber=20884737 slot=10094286 blocks=884736 txs=140256178 mgas=13397479 bps=37.81 tps=6007 mgps=572.5 avgBps=34.57 avgTps=5479 avgMGps=523.4 elapsed=7h6m34s
Aug 24 04:02:26 nimbus-eth1-mainnet-short-benchmark[3278127]: INF 2026-08-24 04:02:26.467+00:00 Imported blocks                            blockNumber=20892929 slot=10102512 blocks=892928 txs=141581868 mgas=13521575 bps=38.70 tps=6262 mgps=586.3 avgBps=34.60 avgTps=5486 avgMGps=524.0 elapsed=7h10m6s
Aug 24 04:05:57 nimbus-eth1-mainnet-short-benchmark[3278127]: INF 2026-08-24 04:05:57.972+00:00 Imported blocks                            blockNumber=20901121 slot=10110732 blocks=901120 txs=142875889 mgas=13645572 bps=38.73 tps=6118 mgps=586.3 avgBps=34.63 avgTps=5491 avgMGps=524.5 elapsed=7h13m37s
Aug 24 04:09:29 nimbus-eth1-mainnet-short-benchmark[3278127]: INF 2026-08-24 04:09:29.505+00:00 Imported blocks                            blockNumber=20909313 slot=10118953 blocks=909312 txs=144102308 mgas=13769390 bps=38.73 tps=5797 mgps=585.3 avgBps=34.67 avgTps=5493 avgMGps=525.0 elapsed=7h17m9s
Aug 24 04:12:55 nimbus-eth1-mainnet-short-benchmark[3278127]: INF 2026-08-24 04:12:55.806+00:00 Imported blocks                            blockNumber=20917505 slot=10127176 blocks=917504 txs=145406349 mgas=13893087 bps=39.71 tps=6321 mgps=599.6 avgBps=34.71 avgTps=5500 avgMGps=525.5 elapsed=7h20m35s
Aug 24 04:16:14 nimbus-eth1-mainnet-short-benchmark[3278127]: INF 2026-08-24 04:16:14.371+00:00 Imported blocks                            blockNumber=20925697 slot=10135394 blocks=925696 txs=146718394 mgas=14016820 bps=41.26 tps=6607 mgps=623.1 avgBps=34.76 avgTps=5508 avgMGps=526.3 elapsed=7h23m54s
Aug 24 04:19:43 nimbus-eth1-mainnet-short-benchmark[3278127]: INF 2026-08-24 04:19:43.960+00:00 Imported blocks                            blockNumber=20933889 slot=10143614 blocks=933888 txs=148049109 mgas=14140625 bps=39.09 tps=6349 mgps=590.7 avgBps=34.79 avgTps=5515 avgMGps=526.8 elapsed=7h27m23s
Aug 24 04:23:08 nimbus-eth1-mainnet-short-benchmark[3278127]: INF 2026-08-24 04:23:08.705+00:00 Imported blocks                            blockNumber=20942081 slot=10151840 blocks=942080 txs=149397364 mgas=14264352 bps=40.01 tps=6585 mgps=604.3 avgBps=34.83 avgTps=5523 avgMGps=527.4 elapsed=7h30m48s
Aug 24 04:26:36 nimbus-eth1-mainnet-short-benchmark[3278127]: INF 2026-08-24 04:26:36.154+00:00 Imported blocks                            blockNumber=20950273 slot=10160098 blocks=950272 txs=150765507 mgas=14388237 bps=39.49 tps=6595 mgps=597.2 avgBps=34.86 avgTps=5531 avgMGps=527.9 elapsed=7h34m16s
Aug 24 04:30:20 nimbus-eth1-mainnet-short-benchmark[3278127]: INF 2026-08-24 04:30:20.235+00:00 Imported blocks                            blockNumber=20958465 slot=10168363 blocks=958464 txs=152044771 mgas=14511987 bps=36.56 tps=5709 mgps=552.3 avgBps=34.88 avgTps=5532 avgMGps=528.1 elapsed=7h38m86ms
Aug 24 04:33:55 nimbus-eth1-mainnet-short-benchmark[3278127]: INF 2026-08-24 04:33:55.076+00:00 Imported blocks                            blockNumber=20966657 slot=10176609 blocks=966656 txs=153365296 mgas=14635804 bps=38.13 tps=6146 mgps=576.3 avgBps=34.90 avgTps=5537 avgMGps=528.5 elapsed=7h41m34s
Aug 24 04:37:27 nimbus-eth1-mainnet-short-benchmark[3278127]: INF 2026-08-24 04:37:27.797+00:00 Imported blocks                            blockNumber=20974849 slot=10184849 blocks=974848 txs=154744917 mgas=14759580 bps=38.51 tps=6485 mgps=581.9 avgBps=34.93 avgTps=5544 avgMGps=528.9 elapsed=7h45m7s
Aug 24 04:41:06 nimbus-eth1-mainnet-short-benchmark[3278127]: INF 2026-08-24 04:41:06.538+00:00 Imported blocks                            blockNumber=20983041 slot=10193086 blocks=983040 txs=156055229 mgas=14883451 bps=37.45 tps=5990 mgps=566.3 avgBps=34.95 avgTps=5548 avgMGps=529.2 elapsed=7h48m46s
Aug 24 04:44:18 nimbus-eth1-mainnet-short-benchmark[3278127]: INF 2026-08-24 04:44:18.135+00:00 Imported blocks                            blockNumber=20991233 slot=10201319 blocks=991232 txs=157563202 mgas=15007557 bps=42.76 tps=7870 mgps=647.8 avgBps=35.00 avgTps=5564 avgMGps=530.0 elapsed=7h51m57s
Aug 24 04:48:01 nimbus-eth1-mainnet-short-benchmark[3278127]: INF 2026-08-24 04:48:01.076+00:00 Imported blocks                            blockNumber=20999425 slot=10209549 blocks=999424 txs=159003277 mgas=15131383 bps=36.74 tps=6459 mgps=555.4 avgBps=35.02 avgTps=5571 avgMGps=530.2 elapsed=7h55m40s
Aug 24 04:48:17 nimbus-eth1-mainnet-short-benchmark[3278127]: INF 2026-08-24 04:48:17.504+00:00 Imported blocks                            blockNumber=21000001 slot=10210128 blocks=1000000 txs=159109486 mgas=15140191 bps=35.07 tps=6466 mgps=536.2 avgBps=35.02 avgTps=5571 avgMGps=530.2 elapsed=7h55m57s
Aug 24 04:48:17 nimbus-eth1-mainnet-short-benchmark[3278127]: NTC 2026-08-24 04:48:17.504+00:00 Import complete                            blockNumber=21000001 slot=10210128 blocks=1000000 txs=159109486 mgas=15140191
Aug 24 04:48:18 nimbus-eth1-mainnet-short-benchmark[3246084]: <<< ending startNimbusWithImport (success)
Aug 24 04:48:18 nimbus-eth1-mainnet-short-benchmark[3246084]: >>> starting moveBenchmarkingFileToRepo
Aug 24 04:48:18 nimbus-eth1-mainnet-short-benchmark[3246084]: >>> copying debug-csv generated by nimbus to benchmarks repo
Aug 24 04:48:18 nimbus-eth1-mainnet-short-benchmark[3246084]: <<< ending moveBenchmarkingFileToRepo (success)
Aug 24 04:48:18 nimbus-eth1-mainnet-short-benchmark[3246084]: >>> starting generateBuildEnvironmentLogFile
Aug 24 04:48:27 nimbus-eth1-mainnet-short-benchmark[3246084]: <<< ending generateBuildEnvironmentLogFile (success)
Aug 24 04:48:27 nimbus-eth1-mainnet-short-benchmark[3246084]: >>> starting generateSystemdServiceLogs
