Jul 28 00:25:06 nimbus-eth1-mainnet-short-benchmark[3727968]: >>> starting cloneOrFetchBenchmarksRepo
Jul 28 00:25:06 nimbus-eth1-mainnet-short-benchmark[3727968]: >>> Fetching latest changes for nimbus-eth1-benchmarks...
Jul 28 00:25:08 nimbus-eth1-mainnet-short-benchmark[3728017]: HEAD is now at a2f115d chore: update short benchmark Readme
Jul 28 00:25:08 nimbus-eth1-mainnet-short-benchmark[3727968]: <<< ending cloneOrFetchBenchmarksRepo (success)
Jul 28 00:25:08 nimbus-eth1-mainnet-short-benchmark[3727968]: >>> starting cloneOrFetchNimbusRepo
Jul 28 00:25:20 nimbus-eth1-mainnet-short-benchmark[3727968]: >>> Fetching latest changes for nimbus-eth1...
Jul 28 00:25:22 nimbus-eth1-mainnet-short-benchmark[3728372]: From https://github.com/status-im/nimbus-eth1
Jul 28 00:25:22 nimbus-eth1-mainnet-short-benchmark[3728372]:    e6e60f981..f5b8f9adf  master     -> origin/master
Jul 28 00:25:22 nimbus-eth1-mainnet-short-benchmark[3728372]:  * [new branch]          uWF        -> origin/uWF
Jul 28 00:25:22 nimbus-eth1-mainnet-short-benchmark[3728385]: warning: unable to rmdir 'vendor/libtommath': Directory not empty
Jul 28 00:25:23 nimbus-eth1-mainnet-short-benchmark[3728385]: HEAD is now at f5b8f9adf build(deps): bump vendor/nim-lsquic from `b778d16` to `d6d8f81` (#4558)
Jul 28 00:25:23 nimbus-eth1-mainnet-short-benchmark[3727968]: >>> Found last benchmarked commit: b4809857
Jul 28 00:25:23 nimbus-eth1-mainnet-short-benchmark[3727968]: >>> Using next commit: 0b73ec7c24b8eeb91d2d8345509cbc12db112fec
Jul 28 00:25:23 nimbus-eth1-mainnet-short-benchmark[3728395]: HEAD is now at 0b73ec7c2 stateless: add guest program and integrate into EEST blockchain test (#4383)
Jul 28 00:25:23 nimbus-eth1-mainnet-short-benchmark[3727968]: >>> Current commit: 0b73ec7c2
Jul 28 00:25:23 nimbus-eth1-mainnet-short-benchmark[3727968]: <<< ending cloneOrFetchNimbusRepo (success)
Jul 28 00:25:23 nimbus-eth1-mainnet-short-benchmark[3727968]: >>> starting buildBinaries
Jul 28 00:25:23 nimbus-eth1-mainnet-short-benchmark[3727968]: >>> Building binaries for commit 0b73ec7c...
Jul 28 00:25:32 nimbus-eth1-mainnet-short-benchmark[3733745]: Building: Nim compiler
Jul 28 00:27:25 nimbus-eth1-mainnet-short-benchmark[3733745]: Building custom Nimble commit: 42ef70c2102a942c46f13eb76872326edd525cec
Jul 28 00:27:34 nimbus-eth1-mainnet-short-benchmark[3733745]: Building Nimble...
Jul 28 00:27:45 nimbus-eth1-mainnet-short-benchmark[3733745]: Replacing nimble binary...
Jul 28 00:27:45 nimbus-eth1-mainnet-short-benchmark[3742682]: cp: cannot stat '/data/status-im/nimbus-eth1/build/*': No such file or directory
Jul 28 00:27:45 nimbus-eth1-mainnet-short-benchmark[3742661]: ROCKSDB VERSION NOT FOUND
Jul 28 00:27:45 nimbus-eth1-mainnet-short-benchmark[3742812]: make[1]: Entering directory '/data/status-im/nimbus-eth1/vendor/nim-rocksdb/vendor/rocksdb'
Jul 28 00:27:45 nimbus-eth1-mainnet-short-benchmark[3742812]: $DEBUG_LEVEL is 0, $LIB_MODE is static
Jul 28 00:27:46 nimbus-eth1-mainnet-short-benchmark[3742812]: make[1]: Leaving directory '/data/status-im/nimbus-eth1/vendor/nim-rocksdb/vendor/rocksdb'
Jul 28 00:27:46 nimbus-eth1-mainnet-short-benchmark[3743259]: Cleaning up RocksDb build artifacts.
Jul 28 00:27:46 nimbus-eth1-mainnet-short-benchmark[3742688]: Building RocksDb static libraries.
Jul 28 00:31:00 nimbus-eth1-mainnet-short-benchmark[3746793]: Building: build/nimbus_execution_client
Jul 28 00:33:25 nimbus-eth1-mainnet-short-benchmark[3727968]: >>> renaming binaries to match commit they were built from
Jul 28 00:33:25 nimbus-eth1-mainnet-short-benchmark[3727968]: >>> creating a symbolic link to the latest version
Jul 28 00:33:25 nimbus-eth1-mainnet-short-benchmark[3727968]: >>> deleting copies that are older than N days
Jul 28 00:33:25 nimbus-eth1-mainnet-short-benchmark[3727968]: <<< ending buildBinaries (success)
Jul 28 00:33:25 nimbus-eth1-mainnet-short-benchmark[3727968]: >>> starting skipOrContinueBenchmark
Jul 28 00:33:25 nimbus-eth1-mainnet-short-benchmark[3727968]: <<< ending skipOrContinueBenchmark (success)
Jul 28 00:33:25 nimbus-eth1-mainnet-short-benchmark[3727968]: >>> starting copyTemplateDatabase
Jul 28 00:33:25 nimbus-eth1-mainnet-short-benchmark[3727968]: >>> Copying template db into nimbus data directory
Jul 28 00:36:34 nimbus-eth1-mainnet-short-benchmark[3727968]: >>> Template db copied
Jul 28 00:36:34 nimbus-eth1-mainnet-short-benchmark[3727968]: >>> making nimbus the owner of the copied files
Jul 28 00:36:34 nimbus-eth1-mainnet-short-benchmark[3727968]: <<< ending copyTemplateDatabase (success)
Jul 28 00:36:34 nimbus-eth1-mainnet-short-benchmark[3727968]: >>> starting startNimbusWithImport
Jul 28 00:36:34 nimbus-eth1-mainnet-short-benchmark[3752607]: INF 2026-07-28 00:36:34.476+00:00 Launching execution client                 version=v0.3.1-0b73ec7c config="(configFile: none(InputFile), dataDirFlag: some(/data/status-im/nimbus-eth1/data/shared_mainnet_0), era1DirFlag: some(/data/era1), eraDirFlag: some(/data/era), ereDirFlag: none(OutDir), keyStoreDirFlag: none(OutDir), importKey: , trustedSetupFile: none(string), extraData: Nimbus/v0.3.1-0b73ec7c, gasLimit: 60000000, maxBlobs: none(byte), network: [mainnet], customNetwork: none(NetworkParams), networkId: 1, networkParams: (config: ..., genesis: (nonce: 0x0000000000000042, timestamp: 0, extraData: [17, 187, 232, 219, 78, 52, 123, 78, 140, 147, 124, 28, 131, 112, 228, 181, 237, 51, 173, 179, 219, 105, 203, 219, 122, 56, 225, 229, 11, 27, 130, 250], gasLimit: 5000, difficulty: 17179869184, mixHash: 0x0000000000000000000000000000000000000000000000000000000000000000, coinbase: 0x0000000000000000000000000000000000000000, alloc: 8893, number: 0, gasUser: 0, parentHash: 0x0000000000000000000000000000000000000000000000000000000000000000, baseFeePerGas: none(), blobGasUsed: -1, excessBlobGas: -1, parentBeaconBlockRoot: none())), logLevel: INFO, logFormat: auto, metricsEnabled: false, metricsPort: 9093, metricsAddress: 127.0.0.1, bootstrapNodes: [], bootstrapFile: , staticPeers: [], staticPeersFile: , reconnectMaxRetry: 0, reconnectInterval: 15, listenAddress: ::, tcpPort: 30303, udpPortFlag: none(Port), maxPeers: 25, nat: (hasExtIp: false, nat: NatAny), discovery: [V4, V5], netKey: random, agentString: Nimbus/v0.3.1-0b73ec7c/linux-amd64/Nim-2.2.10, numThreads: 0, persistBatchSize: 4, dynamicBatchSize: false, rocksdbMaxOpenFiles: 2048, rocksdbWriteBufferSize: 67108864, rocksdbRowCacheSize: 0, rocksdbBlockCacheSize: 2147483648, rocksdbBlockCacheType: hyperclock, rdbVtxCacheSize: 536870912, rdbKeyCacheSize: 1342177280, rdbBranchCacheSize: 1073741824, rdbPrintStats: false, rewriteDatadirId: true, aristoDbMaxSnapshots: 5, parallelStateRootComputation: false, optimisticStatePrefetch: false, balStatePrefetch: false, balStatePrefetchWorkers: 0, eagerStateRootCheck: false, deserializeFcState: true, statelessProviderEnabled: false, statelessWitnessValidation: false, cmd: import, maxBlocks: 1000000, chunkSize: 8192, csvStats: some("/data/host-benchmarks/short/7a6bdc50da184b0da4cf9e3af3dd5a55/blocks-import-benchmark.csv"), validation: false, fullValidation: false, storeBodies: false, storeReceipts: false, storeSlotHashes: false)"
Jul 28 00:36:34 nimbus-eth1-mainnet-short-benchmark[3752607]: WRN 2026-07-28 00:36:34.476+00:00 Data directory has insecure permissions. Correcting them. data_dir=/data/status-im/nimbus-eth1/data/shared_mainnet_0 current_permissions=0755 required_permissions=0700
Jul 28 00:36:36 nimbus-eth1-mainnet-short-benchmark[3752607]: INF 2026-07-28 00:36:36.388+00:00 Taskpool started                           numThreads=16
Jul 28 00:36:36 nimbus-eth1-mainnet-short-benchmark[3752607]: INF 2026-07-28 00:36:36.508+00:00 Writing data dir ID                        ID=0x0a036d6f6dfe59156bb6359f0243c93d5a421ed688de5aa85a62d15dca8dbd5c
Jul 28 00:36:36 nimbus-eth1-mainnet-short-benchmark[3752607]: INF 2026-07-28 00:36:36.528+00:00 Database initialized                       base="(0xd24fd73f794058a3807db926d8898c6481e902b7edb91ce0d479d6760f276183, 20000000)" finalized="(0xd24fd73f794058a3807db926d8898c6481e902b7edb91ce0d479d6760f276183, 20000000)" head="(0xd4e56740f876aef8c010b86a40d5f56745a118d0906a34e69aec8c0db1cb8fa3, 0)"
Jul 28 00:36:36 nimbus-eth1-mainnet-short-benchmark[3752607]: NTC 2026-07-28 00:36:36.528+00:00 Could not open ere database, falling back to era1/era import ereDir=/data/status-im/nimbus-eth1/data/shared_mainnet_0/ere networkName=mainnet error="No ere files found in /data/status-im/nimbus-eth1/data/shared_mainnet_0/ere"
Jul 28 00:36:36 nimbus-eth1-mainnet-short-benchmark[3752607]: NTC 2026-07-28 00:36:36.528+00:00 Importing era archive                      blockNumber=20000001 dataDir=/data/status-im/nimbus-eth1/data/shared_mainnet_0 eraDir=/data/era
Jul 28 00:36:38 nimbus-eth1-mainnet-short-benchmark[3752607]: NTC 2026-07-28 00:36:38.740+00:00 Matched block to slot number               blockNumber=20000001 slot=9204783
Jul 28 00:43:04 nimbus-eth1-mainnet-short-benchmark[3752607]: INF 2026-07-28 00:43:04.107+00:00 Imported blocks                            blockNumber=20008193 slot=9213020 blocks=8192 txs=1226966 mgas=124237 bps=21.14 tps=3165 mgps=320.5 avgBps=21.14 avgTps=3165 avgMGps=320.5 elapsed=6m27s582ms
Jul 28 00:48:52 nimbus-eth1-mainnet-short-benchmark[3752607]: INF 2026-07-28 00:48:52.002+00:00 Imported blocks                            blockNumber=20016385 slot=9221256 blocks=16384 txs=2540380 mgas=248071 bps=23.55 tps=3775 mgps=356.0 avgBps=22.28 avgTps=3454 avgMGps=337.3 elapsed=12m15s475ms
Jul 28 00:54:22 nimbus-eth1-mainnet-short-benchmark[3752607]: INF 2026-07-28 00:54:22.613+00:00 Imported blocks                            blockNumber=20024577 slot=9229485 blocks=24576 txs=3869398 mgas=372018 bps=24.78 tps=4019 mgps=374.9 avgBps=23.05 avgTps=3629 avgMGps=349.0 elapsed=17m46s88ms
Jul 28 00:59:15 nimbus-eth1-mainnet-short-benchmark[3752607]: INF 2026-07-28 00:59:15.057+00:00 Imported blocks                            blockNumber=20032769 slot=9237722 blocks=32768 txs=5222766 mgas=495797 bps=28.01 tps=4627 mgps=423.3 avgBps=24.12 avgTps=3844 avgMGps=365.0 elapsed=22m38s531ms
Jul 28 01:03:56 nimbus-eth1-mainnet-short-benchmark[3752607]: INF 2026-07-28 01:03:56.401+00:00 Imported blocks                            blockNumber=20040961 slot=9245957 blocks=40960 txs=6566802 mgas=619586 bps=29.12 tps=4777 mgps=440.0 avgBps=24.98 avgTps=4004 avgMGps=377.8 elapsed=27m19s875ms
Jul 28 01:09:03 nimbus-eth1-mainnet-short-benchmark[3752607]: INF 2026-07-28 01:09:03.908+00:00 Imported blocks                            blockNumber=20049153 slot=9254196 blocks=49152 txs=7904746 mgas=743522 bps=26.64 tps=4350 mgps=403.0 avgBps=25.24 avgTps=4059 avgMGps=381.8 elapsed=32m27s386ms
Jul 28 01:13:57 nimbus-eth1-mainnet-short-benchmark[3752607]: INF 2026-07-28 01:13:57.820+00:00 Imported blocks                            blockNumber=20057345 slot=9262435 blocks=57344 txs=9212009 mgas=867360 bps=27.87 tps=4447 mgps=421.3 avgBps=25.59 avgTps=4110 avgMGps=387.0 elapsed=37m21s296ms
Jul 28 01:18:29 nimbus-eth1-mainnet-short-benchmark[3752607]: INF 2026-07-28 01:18:29.088+00:00 Imported blocks                            blockNumber=20065537 slot=9270674 blocks=65536 txs=10559018 mgas=991371 bps=30.20 tps=4965 mgps=457.2 avgBps=26.08 avgTps=4202 avgMGps=394.6 elapsed=41m52s564ms
Jul 28 01:22:48 nimbus-eth1-mainnet-short-benchmark[3752607]: INF 2026-07-28 01:22:48.901+00:00 Imported blocks                            blockNumber=20073729 slot=9278910 blocks=73728 txs=11898676 mgas=1115111 bps=31.53 tps=5156 mgps=476.3 avgBps=26.59 avgTps=4291 avgMGps=402.2 elapsed=46m12s375ms
Jul 28 01:26:57 nimbus-eth1-mainnet-short-benchmark[3752607]: INF 2026-07-28 01:26:57.465+00:00 Imported blocks                            blockNumber=20081921 slot=9287152 blocks=81920 txs=13323263 mgas=1239150 bps=32.96 tps=5731 mgps=499.0 avgBps=27.12 avgTps=4410 avgMGps=410.2 elapsed=50m20s942ms
Jul 28 01:31:04 nimbus-eth1-mainnet-short-benchmark[3752607]: INF 2026-07-28 01:31:04.642+00:00 Imported blocks                            blockNumber=20090113 slot=9295408 blocks=90112 txs=14697082 mgas=1363113 bps=33.14 tps=5558 mgps=501.5 avgBps=27.57 avgTps=4497 avgMGps=417.1 elapsed=54m28s117ms
Jul 28 01:35:28 nimbus-eth1-mainnet-short-benchmark[3752607]: INF 2026-07-28 01:35:28.198+00:00 Imported blocks                            blockNumber=20098305 slot=9303658 blocks=98304 txs=16025683 mgas=1487146 bps=31.08 tps=5041 mgps=470.6 avgBps=27.83 avgTps=4537 avgMGps=421.1 elapsed=58m51s671ms
Jul 28 01:40:01 nimbus-eth1-mainnet-short-benchmark[3752607]: INF 2026-07-28 01:40:01.310+00:00 Imported blocks                            blockNumber=20106497 slot=9311895 blocks=106496 txs=17337157 mgas=1611066 bps=29.99 tps=4801 mgps=453.7 avgBps=27.99 avgTps=4556 avgMGps=423.4 elapsed=1h3m24s
Jul 28 01:44:20 nimbus-eth1-mainnet-short-benchmark[3752607]: INF 2026-07-28 01:44:20.906+00:00 Imported blocks                            blockNumber=20114689 slot=9320146 blocks=114688 txs=18632097 mgas=1735123 bps=31.56 tps=4988 mgps=477.9 avgBps=28.22 avgTps=4584 avgMGps=426.9 elapsed=1h7m44s
Jul 28 01:48:27 nimbus-eth1-mainnet-short-benchmark[3752607]: INF 2026-07-28 01:48:27.227+00:00 Imported blocks                            blockNumber=20122881 slot=9328409 blocks=122880 txs=19937418 mgas=1859249 bps=33.26 tps=5299 mgps=503.9 avgBps=28.51 avgTps=4625 avgMGps=431.3 elapsed=1h11m50s
Jul 28 01:52:30 nimbus-eth1-mainnet-short-benchmark[3752607]: INF 2026-07-28 01:52:30.815+00:00 Imported blocks                            blockNumber=20131073 slot=9336660 blocks=131072 txs=21214129 mgas=1983500 bps=33.63 tps=5241 mgps=510.1 avgBps=28.78 avgTps=4658 avgMGps=435.5 elapsed=1h15m54s
Jul 28 01:56:31 nimbus-eth1-mainnet-short-benchmark[3752607]: INF 2026-07-28 01:56:31.508+00:00 Imported blocks                            blockNumber=20139265 slot=9344906 blocks=139264 txs=22579079 mgas=2107571 bps=34.04 tps=5670 mgps=515.5 avgBps=29.04 avgTps=4708 avgMGps=439.5 elapsed=1h19m54s
Jul 28 02:01:15 nimbus-eth1-mainnet-short-benchmark[3752607]: INF 2026-07-28 02:01:15.848+00:00 Imported blocks                            blockNumber=20147457 slot=9353153 blocks=147456 txs=24133322 mgas=2231686 bps=28.81 tps=5466 mgps=436.5 avgBps=29.03 avgTps=4751 avgMGps=439.4 elapsed=1h24m39s
Jul 28 02:05:50 nimbus-eth1-mainnet-short-benchmark[3752607]: INF 2026-07-28 02:05:50.512+00:00 Imported blocks                            blockNumber=20155649 slot=9361407 blocks=155648 txs=25424015 mgas=2356018 bps=29.83 tps=4699 mgps=452.7 avgBps=29.07 avgTps=4748 avgMGps=440.0 elapsed=1h29m13s
Jul 28 02:10:03 nimbus-eth1-mainnet-short-benchmark[3752607]: INF 2026-07-28 02:10:03.753+00:00 Imported blocks                            blockNumber=20163841 slot=9369652 blocks=163840 txs=26749549 mgas=2480207 bps=32.35 tps=5234 mgps=490.4 avgBps=29.22 avgTps=4770 avgMGps=442.3 elapsed=1h33m27s
Jul 28 02:14:11 nimbus-eth1-mainnet-short-benchmark[3752607]: INF 2026-07-28 02:14:11.485+00:00 Imported blocks                            blockNumber=20172033 slot=9377892 blocks=172032 txs=28105316 mgas=2604026 bps=33.07 tps=5472 mgps=499.8 avgBps=29.38 avgTps=4800 avgMGps=444.8 elapsed=1h37m34s
Jul 28 02:18:25 nimbus-eth1-mainnet-short-benchmark[3752607]: INF 2026-07-28 02:18:25.805+00:00 Imported blocks                            blockNumber=20180225 slot=9386128 blocks=180224 txs=29524405 mgas=2728170 bps=32.21 tps=5579 mgps=488.1 avgBps=29.50 avgTps=4832 avgMGps=446.6 elapsed=1h41m49s
Jul 28 02:22:21 nimbus-eth1-mainnet-short-benchmark[3752607]: INF 2026-07-28 02:22:21.758+00:00 Imported blocks                            blockNumber=20188417 slot=9394365 blocks=188416 txs=30849021 mgas=2852023 bps=34.72 tps=5613 mgps=524.9 avgBps=29.69 avgTps=4861 avgMGps=449.5 elapsed=1h45m45s
Jul 28 02:26:43 nimbus-eth1-mainnet-short-benchmark[3752607]: INF 2026-07-28 02:26:43.698+00:00 Imported blocks                            blockNumber=20196609 slot=9402602 blocks=196608 txs=32174755 mgas=2976155 bps=31.27 tps=5061 mgps=473.9 avgBps=29.76 avgTps=4869 avgMGps=450.4 elapsed=1h50m7s
Jul 28 02:31:22 nimbus-eth1-mainnet-short-benchmark[3752607]: INF 2026-07-28 02:31:22.390+00:00 Imported blocks                            blockNumber=20204801 slot=9410840 blocks=204800 txs=33475942 mgas=3100410 bps=29.39 tps=4668 mgps=445.9 avgBps=29.74 avgTps=4861 avgMGps=450.3 elapsed=1h54m45s
Jul 28 02:35:38 nimbus-eth1-mainnet-short-benchmark[3752607]: INF 2026-07-28 02:35:38.175+00:00 Imported blocks                            blockNumber=20212993 slot=9419071 blocks=212992 txs=34798508 mgas=3224370 bps=32.03 tps=5170 mgps=484.6 avgBps=29.82 avgTps=4872 avgMGps=451.5 elapsed=1h59m1s
Jul 28 02:39:44 nimbus-eth1-mainnet-short-benchmark[3752607]: INF 2026-07-28 02:39:44.875+00:00 Imported blocks                            blockNumber=20221185 slot=9427313 blocks=221184 txs=36114045 mgas=3348169 bps=33.21 tps=5332 mgps=501.8 avgBps=29.94 avgTps=4887 avgMGps=453.2 elapsed=2h3m8s
Jul 28 02:43:33 nimbus-eth1-mainnet-short-benchmark[3752607]: INF 2026-07-28 02:43:33.936+00:00 Imported blocks                            blockNumber=20229377 slot=9435549 blocks=229376 txs=37421794 mgas=3472031 bps=35.76 tps=5709 mgps=540.7 avgBps=30.11 avgTps=4912 avgMGps=455.8 elapsed=2h6m57s
Jul 28 02:47:32 nimbus-eth1-mainnet-short-benchmark[3752607]: INF 2026-07-28 02:47:32.641+00:00 Imported blocks                            blockNumber=20237569 slot=9443788 blocks=237568 txs=38842064 mgas=3596351 bps=34.32 tps=5949 mgps=520.8 avgBps=30.24 avgTps=4944 avgMGps=457.8 elapsed=2h10m56s
Jul 28 02:51:48 nimbus-eth1-mainnet-short-benchmark[3752607]: INF 2026-07-28 02:51:48.897+00:00 Imported blocks                            blockNumber=20245761 slot=9452021 blocks=245760 txs=40225739 mgas=3720100 bps=31.97 tps=5399 mgps=482.9 avgBps=30.29 avgTps=4958 avgMGps=458.6 elapsed=2h15m12s
Jul 28 02:56:22 nimbus-eth1-mainnet-short-benchmark[3752607]: INF 2026-07-28 02:56:22.145+00:00 Imported blocks                            blockNumber=20253953 slot=9460253 blocks=253952 txs=41454921 mgas=3844385 bps=29.98 tps=4498 mgps=454.8 avgBps=30.28 avgTps=4943 avgMGps=458.4 elapsed=2h19m45s
Jul 28 03:00:43 nimbus-eth1-mainnet-short-benchmark[3752607]: INF 2026-07-28 03:00:43.605+00:00 Imported blocks                            blockNumber=20262145 slot=9468495 blocks=262144 txs=42726051 mgas=3968623 bps=31.33 tps=4861 mgps=475.2 avgBps=30.32 avgTps=4941 avgMGps=459.0 elapsed=2h24m7s
Jul 28 03:04:47 nimbus-eth1-mainnet-short-benchmark[3752607]: INF 2026-07-28 03:04:47.374+00:00 Imported blocks                            blockNumber=20270337 slot=9476748 blocks=270336 txs=44050436 mgas=4092682 bps=33.61 tps=5432 mgps=508.9 avgBps=30.41 avgTps=4954 avgMGps=460.3 elapsed=2h28m10s
Jul 28 03:08:35 nimbus-eth1-mainnet-short-benchmark[3752607]: INF 2026-07-28 03:08:35.203+00:00 Imported blocks                            blockNumber=20278529 slot=9484981 blocks=278528 txs=45382368 mgas=4216487 bps=35.96 tps=5846 mgps=543.4 avgBps=30.54 avgTps=4976 avgMGps=462.4 elapsed=2h31m58s
Jul 28 03:12:28 nimbus-eth1-mainnet-short-benchmark[3752607]: INF 2026-07-28 03:12:28.647+00:00 Imported blocks                            blockNumber=20286721 slot=9493213 blocks=286720 txs=46733429 mgas=4340363 bps=35.09 tps=5787 mgps=530.6 avgBps=30.66 avgTps=4997 avgMGps=464.1 elapsed=2h35m52s
Jul 28 03:16:43 nimbus-eth1-mainnet-short-benchmark[3752607]: INF 2026-07-28 03:16:43.592+00:00 Imported blocks                            blockNumber=20294913 slot=9501453 blocks=294912 txs=48075887 mgas=4464376 bps=32.13 tps=5265 mgps=486.4 avgBps=30.70 avgTps=5004 avgMGps=464.7 elapsed=2h40m7s
Jul 28 03:20:54 nimbus-eth1-mainnet-short-benchmark[3752607]: INF 2026-07-28 03:20:54.340+00:00 Imported blocks                            blockNumber=20303105 slot=9509696 blocks=303104 txs=49379538 mgas=4588534 bps=32.67 tps=5198 mgps=495.1 avgBps=30.75 avgTps=5009 avgMGps=465.5 elapsed=2h44m17s
Jul 28 03:24:59 nimbus-eth1-mainnet-short-benchmark[3752607]: INF 2026-07-28 03:24:59.637+00:00 Imported blocks                            blockNumber=20311297 slot=9517922 blocks=311296 txs=50637672 mgas=4712596 bps=33.40 tps=5129 mgps=505.8 avgBps=30.81 avgTps=5012 avgMGps=466.4 elapsed=2h48m23s
Jul 28 03:28:54 nimbus-eth1-mainnet-short-benchmark[3752607]: INF 2026-07-28 03:28:54.089+00:00 Imported blocks                            blockNumber=20319489 slot=9526159 blocks=319488 txs=51981692 mgas=4836521 bps=34.94 tps=5732 mgps=528.6 avgBps=30.91 avgTps=5028 avgMGps=467.9 elapsed=2h52m17s
Jul 28 03:32:29 nimbus-eth1-mainnet-short-benchmark[3752607]: INF 2026-07-28 03:32:29.250+00:00 Imported blocks                            blockNumber=20327681 slot=9534381 blocks=327680 txs=53356123 mgas=4960245 bps=38.07 tps=6387 mgps=575.0 avgBps=31.05 avgTps=5056 avgMGps=470.0 elapsed=2h55m52s
Jul 28 03:36:03 nimbus-eth1-mainnet-short-benchmark[3752607]: INF 2026-07-28 03:36:03.479+00:00 Imported blocks                            blockNumber=20335873 slot=9542617 blocks=335872 txs=54719105 mgas=5084025 bps=38.24 tps=6362 mgps=577.8 avgBps=31.19 avgTps=5082 avgMGps=472.2 elapsed=2h59m26s
Jul 28 03:39:56 nimbus-eth1-mainnet-short-benchmark[3752607]: INF 2026-07-28 03:39:56.544+00:00 Imported blocks                            blockNumber=20344065 slot=9550841 blocks=344064 txs=56021853 mgas=5207843 bps=35.15 tps=5589 mgps=531.3 avgBps=31.28 avgTps=5092 avgMGps=473.4 elapsed=3h3m20s
Jul 28 03:44:21 nimbus-eth1-mainnet-short-benchmark[3752607]: INF 2026-07-28 03:44:21.396+00:00 Imported blocks                            blockNumber=20352257 slot=9559072 blocks=352256 txs=57290408 mgas=5332016 bps=30.93 tps=4789 mgps=468.8 avgBps=31.27 avgTps=5085 avgMGps=473.3 elapsed=3h7m44s
Jul 28 03:48:24 nimbus-eth1-mainnet-short-benchmark[3752607]: INF 2026-07-28 03:48:24.777+00:00 Imported blocks                            blockNumber=20360449 slot=9567308 blocks=360448 txs=58543463 mgas=5456201 bps=33.66 tps=5148 mgps=510.3 avgBps=31.32 avgTps=5087 avgMGps=474.1 elapsed=3h11m48s
Jul 28 03:52:18 nimbus-eth1-mainnet-short-benchmark[3752607]: INF 2026-07-28 03:52:18.830+00:00 Imported blocks                            blockNumber=20368641 slot=9575548 blocks=368640 txs=59874056 mgas=5580204 bps=35.00 tps=5684 mgps=529.8 avgBps=31.39 avgTps=5099 avgMGps=475.2 elapsed=3h15m42s
Jul 28 03:56:22 nimbus-eth1-mainnet-short-benchmark[3752607]: INF 2026-07-28 03:56:22.302+00:00 Imported blocks                            blockNumber=20376833 slot=9583774 blocks=376832 txs=61167066 mgas=5704396 bps=33.65 tps=5310 mgps=510.1 avgBps=31.44 avgTps=5103 avgMGps=475.9 elapsed=3h19m45s
Jul 28 04:00:19 nimbus-eth1-mainnet-short-benchmark[3752607]: INF 2026-07-28 04:00:19.067+00:00 Imported blocks                            blockNumber=20385025 slot=9592009 blocks=385024 txs=62480333 mgas=5828235 bps=34.60 tps=5546 mgps=523.1 avgBps=31.50 avgTps=5111 avgMGps=476.8 elapsed=3h23m42s
Jul 28 04:04:16 nimbus-eth1-mainnet-short-benchmark[3752607]: INF 2026-07-28 04:04:16.627+00:00 Imported blocks                            blockNumber=20393217 slot=9600248 blocks=393216 txs=63800597 mgas=5952136 bps=34.48 tps=5557 mgps=521.6 avgBps=31.56 avgTps=5120 avgMGps=477.7 elapsed=3h27m40s
Jul 28 04:08:05 nimbus-eth1-mainnet-short-benchmark[3752607]: INF 2026-07-28 04:08:05.508+00:00 Imported blocks                            blockNumber=20401409 slot=9608486 blocks=401408 txs=65021243 mgas=6076384 bps=35.79 tps=5333 mgps=542.9 avgBps=31.63 avgTps=5124 avgMGps=478.9 elapsed=3h31m28s
Jul 28 04:12:07 nimbus-eth1-mainnet-short-benchmark[3752607]: INF 2026-07-28 04:12:07.017+00:00 Imported blocks                            blockNumber=20409601 slot=9616707 blocks=409600 txs=66199016 mgas=6200666 bps=33.92 tps=4876 mgps=514.6 avgBps=31.68 avgTps=5119 avgMGps=479.5 elapsed=3h35m30s
Jul 28 04:16:04 nimbus-eth1-mainnet-short-benchmark[3752607]: INF 2026-07-28 04:16:04.065+00:00 Imported blocks                            blockNumber=20417793 slot=9624941 blocks=417792 txs=67453930 mgas=6324823 bps=34.56 tps=5293 mgps=523.8 avgBps=31.73 avgTps=5122 avgMGps=480.3 elapsed=3h39m27s
Jul 28 04:19:33 nimbus-eth1-mainnet-short-benchmark[3752607]: INF 2026-07-28 04:19:33.546+00:00 Imported blocks                            blockNumber=20425985 slot=9633187 blocks=425984 txs=68814904 mgas=6448778 bps=39.11 tps=6496 mgps=591.7 avgBps=31.84 avgTps=5144 avgMGps=482.1 elapsed=3h42m57s
Jul 28 04:23:03 nimbus-eth1-mainnet-short-benchmark[3752607]: INF 2026-07-28 04:23:03.323+00:00 Imported blocks                            blockNumber=20434177 slot=9641422 blocks=434176 txs=70124508 mgas=6572711 bps=39.05 tps=6242 mgps=590.8 avgBps=31.96 avgTps=5161 avgMGps=483.8 elapsed=3h46m26s
Jul 28 04:26:43 nimbus-eth1-mainnet-short-benchmark[3752607]: INF 2026-07-28 04:26:43.100+00:00 Imported blocks                            blockNumber=20442369 slot=9649657 blocks=442368 txs=71403576 mgas=6696451 bps=37.27 tps=5819 mgps=563.0 avgBps=32.04 avgTps=5171 avgMGps=485.0 elapsed=3h50m6s
Jul 28 04:30:43 nimbus-eth1-mainnet-short-benchmark[3752607]: INF 2026-07-28 04:30:43.081+00:00 Imported blocks                            blockNumber=20450561 slot=9657896 blocks=450560 txs=72659905 mgas=6820521 bps=34.14 tps=5235 mgps=517.0 avgBps=32.08 avgTps=5172 avgMGps=485.6 elapsed=3h54m6s
Jul 28 04:35:02 nimbus-eth1-mainnet-short-benchmark[3752607]: INF 2026-07-28 04:35:02.333+00:00 Imported blocks                            blockNumber=20458753 slot=9666114 blocks=458752 txs=73838533 mgas=6945116 bps=31.60 tps=4546 mgps=480.6 avgBps=32.07 avgTps=5161 avgMGps=485.5 elapsed=3h58m25s
Jul 28 04:38:58 nimbus-eth1-mainnet-short-benchmark[3752607]: INF 2026-07-28 04:38:58.786+00:00 Imported blocks                            blockNumber=20466945 slot=9674343 blocks=466944 txs=75124748 mgas=7068943 bps=34.65 tps=5439 mgps=523.7 avgBps=32.11 avgTps=5165 avgMGps=486.1 elapsed=4h2m22s
Jul 28 04:42:53 nimbus-eth1-mainnet-short-benchmark[3752607]: INF 2026-07-28 04:42:53.111+00:00 Imported blocks                            blockNumber=20475137 slot=9682575 blocks=475136 txs=76420106 mgas=7192870 bps=34.96 tps=5528 mgps=528.9 avgBps=32.15 avgTps=5171 avgMGps=486.8 elapsed=4h6m16s
Jul 28 04:46:36 nimbus-eth1-mainnet-short-benchmark[3752607]: INF 2026-07-28 04:46:36.563+00:00 Imported blocks                            blockNumber=20483329 slot=9690800 blocks=483328 txs=77675422 mgas=7316939 bps=36.66 tps=5617 mgps=555.2 avgBps=32.22 avgTps=5178 avgMGps=487.8 elapsed=4h10m37ms
Jul 28 04:50:17 nimbus-eth1-mainnet-short-benchmark[3752607]: INF 2026-07-28 04:50:17.068+00:00 Imported blocks                            blockNumber=20491521 slot=9699019 blocks=491520 txs=78951232 mgas=7440784 bps=37.15 tps=5785 mgps=561.6 avgBps=32.29 avgTps=5187 avgMGps=488.9 elapsed=4h13m40s
Jul 28 04:54:15 nimbus-eth1-mainnet-short-benchmark[3752607]: INF 2026-07-28 04:54:15.589+00:00 Imported blocks                            blockNumber=20499713 slot=9707248 blocks=499712 txs=80189642 mgas=7564669 bps=34.34 tps=5192 mgps=519.4 avgBps=32.32 avgTps=5187 avgMGps=489.3 elapsed=4h17m39s
Jul 28 04:58:17 nimbus-eth1-mainnet-short-benchmark[3752607]: INF 2026-07-28 04:58:17.622+00:00 Imported blocks                            blockNumber=20507905 slot=9715488 blocks=507904 txs=81317763 mgas=7689208 bps=33.85 tps=4661 mgps=514.6 avgBps=32.35 avgTps=5179 avgMGps=489.7 elapsed=4h21m41s
Jul 28 05:01:54 nimbus-eth1-mainnet-short-benchmark[3752607]: INF 2026-07-28 05:01:54.914+00:00 Imported blocks                            blockNumber=20516097 slot=9723715 blocks=516096 txs=82520262 mgas=7813209 bps=37.70 tps=5534 mgps=570.7 avgBps=32.42 avgTps=5183 avgMGps=490.8 elapsed=4h25m18s
Jul 28 05:05:44 nimbus-eth1-mainnet-short-benchmark[3752607]: INF 2026-07-28 05:05:44.199+00:00 Imported blocks                            blockNumber=20524289 slot=9731945 blocks=524288 txs=83780075 mgas=7937233 bps=35.73 tps=5494 mgps=540.9 avgBps=32.47 avgTps=5188 avgMGps=491.5 elapsed=4h29m7s
Jul 28 05:09:35 nimbus-eth1-mainnet-short-benchmark[3752607]: INF 2026-07-28 05:09:35.660+00:00 Imported blocks                            blockNumber=20532481 slot=9740183 blocks=532480 txs=85263862 mgas=8061024 bps=35.39 tps=6410 mgps=534.8 avgBps=32.51 avgTps=5205 avgMGps=492.2 elapsed=4h32m59s
Jul 28 05:13:33 nimbus-eth1-mainnet-short-benchmark[3752607]: INF 2026-07-28 05:13:33.605+00:00 Imported blocks                            blockNumber=20540673 slot=9748418 blocks=540672 txs=86612143 mgas=8185090 bps=34.43 tps=5666 mgps=521.4 avgBps=32.54 avgTps=5212 avgMGps=492.6 elapsed=4h36m57s
Jul 28 05:17:38 nimbus-eth1-mainnet-short-benchmark[3752607]: INF 2026-07-28 05:17:38.041+00:00 Imported blocks                            blockNumber=20548865 slot=9756662 blocks=548864 txs=87802991 mgas=8309513 bps=33.51 tps=4871 mgps=509.0 avgBps=32.55 avgTps=5207 avgMGps=492.8 elapsed=4h41m1s
Jul 28 05:21:42 nimbus-eth1-mainnet-short-benchmark[3752607]: INF 2026-07-28 05:21:42.670+00:00 Imported blocks                            blockNumber=20557057 slot=9764892 blocks=557056 txs=88964987 mgas=8433956 bps=33.49 tps=4750 mgps=508.7 avgBps=32.56 avgTps=5200 avgMGps=493.0 elapsed=4h45m6s
Jul 28 05:25:36 nimbus-eth1-mainnet-short-benchmark[3752607]: INF 2026-07-28 05:25:36.282+00:00 Imported blocks                            blockNumber=20565249 slot=9773131 blocks=565248 txs=90186094 mgas=8558113 bps=35.07 tps=5227 mgps=531.5 avgBps=32.60 avgTps=5201 avgMGps=493.6 elapsed=4h48m59s
Jul 28 05:29:30 nimbus-eth1-mainnet-short-benchmark[3752607]: INF 2026-07-28 05:29:30.679+00:00 Imported blocks                            blockNumber=20573441 slot=9781369 blocks=573440 txs=91404654 mgas=8682228 bps=34.95 tps=5198 mgps=529.5 avgBps=32.63 avgTps=5201 avgMGps=494.0 elapsed=4h52m54s
Jul 28 05:33:20 nimbus-eth1-mainnet-short-benchmark[3752607]: INF 2026-07-28 05:33:20.612+00:00 Imported blocks                            blockNumber=20581633 slot=9789611 blocks=581632 txs=92628389 mgas=8806651 bps=35.63 tps=5322 mgps=541.1 avgBps=32.67 avgTps=5202 avgMGps=494.6 elapsed=4h56m44s
Jul 28 05:37:17 nimbus-eth1-mainnet-short-benchmark[3752607]: INF 2026-07-28 05:37:17.216+00:00 Imported blocks                            blockNumber=20589825 slot=9797855 blocks=589824 txs=93887208 mgas=8931023 bps=34.62 tps=5320 mgps=525.7 avgBps=32.69 avgTps=5204 avgMGps=495.0 elapsed=5h40s691ms
Jul 28 05:41:17 nimbus-eth1-mainnet-short-benchmark[3752607]: INF 2026-07-28 05:41:17.641+00:00 Imported blocks                            blockNumber=20598017 slot=9806095 blocks=598016 txs=95163338 mgas=9055310 bps=34.07 tps=5307 mgps=516.9 avgBps=32.71 avgTps=5205 avgMGps=495.3 elapsed=5h4m41s
Jul 28 05:45:17 nimbus-eth1-mainnet-short-benchmark[3752607]: INF 2026-07-28 05:45:17.038+00:00 Imported blocks                            blockNumber=20606209 slot=9814347 blocks=606208 txs=96334664 mgas=9179976 bps=34.22 tps=4892 mgps=520.7 avgBps=32.73 avgTps=5201 avgMGps=495.7 elapsed=5h8m40s
Jul 28 05:49:08 nimbus-eth1-mainnet-short-benchmark[3752607]: INF 2026-07-28 05:49:08.362+00:00 Imported blocks                            blockNumber=20614401 slot=9822581 blocks=614400 txs=97573414 mgas=9304574 bps=35.41 tps=5355 mgps=538.6 avgBps=32.76 avgTps=5203 avgMGps=496.2 elapsed=5h12m31s
Jul 28 05:52:59 nimbus-eth1-mainnet-short-benchmark[3752607]: INF 2026-07-28 05:52:59.423+00:00 Imported blocks                            blockNumber=20622593 slot=9830821 blocks=622592 txs=98874772 mgas=9428835 bps=35.45 tps=5632 mgps=537.8 avgBps=32.80 avgTps=5208 avgMGps=496.7 elapsed=5h16m22s
Jul 28 05:56:43 nimbus-eth1-mainnet-short-benchmark[3752607]: INF 2026-07-28 05:56:43.476+00:00 Imported blocks                            blockNumber=20630785 slot=9839058 blocks=630784 txs=100178707 mgas=9553009 bps=36.56 tps=5819 mgps=554.2 avgBps=32.84 avgTps=5215 avgMGps=497.4 elapsed=5h20m6s
Jul 28 06:00:35 nimbus-eth1-mainnet-short-benchmark[3752607]: INF 2026-07-28 06:00:35.613+00:00 Imported blocks                            blockNumber=20638977 slot=9847313 blocks=638976 txs=101489116 mgas=9677171 bps=35.29 tps=5644 mgps=534.9 avgBps=32.87 avgTps=5220 avgMGps=497.8 elapsed=5h23m59s
Jul 28 06:04:28 nimbus-eth1-mainnet-short-benchmark[3752607]: INF 2026-07-28 06:04:28.941+00:00 Imported blocks                            blockNumber=20647169 slot=9855549 blocks=647168 txs=102730058 mgas=9801643 bps=35.11 tps=5318 mgps=533.5 avgBps=32.90 avgTps=5222 avgMGps=498.2 elapsed=5h27m52s
Jul 28 06:08:31 nimbus-eth1-mainnet-short-benchmark[3752607]: INF 2026-07-28 06:08:31.602+00:00 Imported blocks                            blockNumber=20655361 slot=9863778 blocks=655360 txs=103868002 mgas=9926541 bps=33.76 tps=4689 mgps=514.7 avgBps=32.91 avgTps=5215 avgMGps=498.4 elapsed=5h31m55s
Jul 28 06:12:19 nimbus-eth1-mainnet-short-benchmark[3752607]: INF 2026-07-28 06:12:19.711+00:00 Imported blocks                            blockNumber=20663553 slot=9872013 blocks=663552 txs=105112198 mgas=10051274 bps=35.91 tps=5454 mgps=546.8 avgBps=32.94 avgTps=5218 avgMGps=499.0 elapsed=5h35m43s
Jul 28 06:15:58 nimbus-eth1-mainnet-short-benchmark[3752607]: INF 2026-07-28 06:15:58.227+00:00 Imported blocks                            blockNumber=20671745 slot=9880241 blocks=671744 txs=106395904 mgas=10175177 bps=37.49 tps=5874 mgps=567.0 avgBps=32.99 avgTps=5225 avgMGps=499.7 elapsed=5h39m21s
Jul 28 06:19:40 nimbus-eth1-mainnet-short-benchmark[3752607]: INF 2026-07-28 06:19:40.332+00:00 Imported blocks                            blockNumber=20679937 slot=9888471 blocks=679936 txs=107674271 mgas=10299404 bps=36.88 tps=5755 mgps=559.3 avgBps=33.03 avgTps=5231 avgMGps=500.4 elapsed=5h43m3s
Jul 28 06:23:13 nimbus-eth1-mainnet-short-benchmark[3752607]: INF 2026-07-28 06:23:13.109+00:00 Imported blocks                            blockNumber=20688129 slot=9896698 blocks=688128 txs=108938536 mgas=10423298 bps=38.50 tps=5941 mgps=582.3 avgBps=33.09 avgTps=5238 avgMGps=501.2 elapsed=5h46m36s
Jul 28 06:26:59 nimbus-eth1-mainnet-short-benchmark[3752607]: INF 2026-07-28 06:26:59.370+00:00 Imported blocks                            blockNumber=20696321 slot=9904930 blocks=696320 txs=110235786 mgas=10547469 bps=36.21 tps=5733 mgps=548.8 avgBps=33.12 avgTps=5243 avgMGps=501.7 elapsed=5h50m22s
Jul 28 06:31:02 nimbus-eth1-mainnet-short-benchmark[3752607]: INF 2026-07-28 06:31:02.231+00:00 Imported blocks                            blockNumber=20704513 slot=9913154 blocks=704512 txs=111483759 mgas=10671677 bps=33.73 tps=5138 mgps=511.4 avgBps=33.13 avgTps=5242 avgMGps=501.8 elapsed=5h54m25s
Jul 28 06:34:48 nimbus-eth1-mainnet-short-benchmark[3752607]: INF 2026-07-28 06:34:48.743+00:00 Imported blocks                            blockNumber=20712705 slot=9921388 blocks=712704 txs=112764170 mgas=10795980 bps=36.17 tps=5652 mgps=548.8 avgBps=33.16 avgTps=5246 avgMGps=502.3 elapsed=5h58m12s
Jul 28 06:38:23 nimbus-eth1-mainnet-short-benchmark[3752607]: INF 2026-07-28 06:38:23.048+00:00 Imported blocks                            blockNumber=20720897 slot=9929633 blocks=720896 txs=114110517 mgas=10919926 bps=38.23 tps=6282 mgps=578.4 avgBps=33.21 avgTps=5256 avgMGps=503.1 elapsed=6h1m46s
Jul 28 06:42:05 nimbus-eth1-mainnet-short-benchmark[3752607]: INF 2026-07-28 06:42:05.541+00:00 Imported blocks                            blockNumber=20729089 slot=9937869 blocks=729088 txs=115449431 mgas=11043768 bps=36.82 tps=6017 mgps=556.6 avgBps=33.25 avgTps=5264 avgMGps=503.6 elapsed=6h5m29s
Jul 28 06:45:40 nimbus-eth1-mainnet-short-benchmark[3752607]: INF 2026-07-28 06:45:40.266+00:00 Imported blocks                            blockNumber=20737281 slot=9946108 blocks=737280 txs=116784468 mgas=11167784 bps=38.15 tps=6217 mgps=577.6 avgBps=33.30 avgTps=5273 avgMGps=504.3 elapsed=6h9m3s
Jul 28 06:49:23 nimbus-eth1-mainnet-short-benchmark[3752607]: INF 2026-07-28 06:49:23.859+00:00 Imported blocks                            blockNumber=20745473 slot=9954342 blocks=745472 txs=118101003 mgas=11291742 bps=36.64 tps=5888 mgps=554.4 avgBps=33.33 avgTps=5280 avgMGps=504.8 elapsed=6h12m47s
Jul 28 06:53:21 nimbus-eth1-mainnet-short-benchmark[3752607]: INF 2026-07-28 06:53:21.296+00:00 Imported blocks                            blockNumber=20753665 slot=9962581 blocks=753664 txs=119337525 mgas=11415859 bps=34.50 tps=5207 mgps=522.7 avgBps=33.34 avgTps=5279 avgMGps=505.0 elapsed=6h16m44s
Jul 28 06:57:09 nimbus-eth1-mainnet-short-benchmark[3752607]: INF 2026-07-28 06:57:09.812+00:00 Imported blocks                            blockNumber=20761857 slot=9970803 blocks=761856 txs=120564314 mgas=11540225 bps=35.85 tps=5368 mgps=544.2 avgBps=33.37 avgTps=5280 avgMGps=505.4 elapsed=6h20m33s
Jul 28 07:00:45 nimbus-eth1-mainnet-short-benchmark[3752607]: INF 2026-07-28 07:00:45.829+00:00 Imported blocks                            blockNumber=20770049 slot=9979058 blocks=770048 txs=121858083 mgas=11663918 bps=37.92 tps=5989 mgps=572.6 avgBps=33.41 avgTps=5286 avgMGps=506.0 elapsed=6h24m9s
Jul 28 07:04:13 nimbus-eth1-mainnet-short-benchmark[3752607]: INF 2026-07-28 07:04:13.118+00:00 Imported blocks                            blockNumber=20778241 slot=9987307 blocks=778240 txs=123161734 mgas=11787906 bps=39.52 tps=6289 mgps=598.1 avgBps=33.46 avgTps=5295 avgMGps=506.9 elapsed=6h27m36s
Jul 28 07:07:35 nimbus-eth1-mainnet-short-benchmark[3752607]: INF 2026-07-28 07:07:35.767+00:00 Imported blocks                            blockNumber=20786433 slot=9995542 blocks=786432 txs=124509456 mgas=11911612 bps=40.42 tps=6650 mgps=610.4 avgBps=33.52 avgTps=5307 avgMGps=507.8 elapsed=6h30m59s
Jul 28 07:11:03 nimbus-eth1-mainnet-short-benchmark[3752607]: INF 2026-07-28 07:11:03.328+00:00 Imported blocks                            blockNumber=20794625 slot=10003781 blocks=794624 txs=125848921 mgas=12035338 bps=39.47 tps=6453 mgps=596.1 avgBps=33.58 avgTps=5317 avgMGps=508.5 elapsed=6h34m26s
Jul 28 07:14:35 nimbus-eth1-mainnet-short-benchmark[3752607]: INF 2026-07-28 07:14:35.641+00:00 Imported blocks                            blockNumber=20802817 slot=10012028 blocks=802816 txs=127089868 mgas=12158989 bps=38.58 tps=5844 mgps=582.4 avgBps=33.62 avgTps=5322 avgMGps=509.2 elapsed=6h37m59s
Jul 28 07:18:15 nimbus-eth1-mainnet-short-benchmark[3752607]: INF 2026-07-28 07:18:15.810+00:00 Imported blocks                            blockNumber=20811009 slot=10020249 blocks=811008 txs=128299762 mgas=12282850 bps=37.21 tps=5495 mgps=562.6 avgBps=33.65 avgTps=5323 avgMGps=509.7 elapsed=6h41m39s
Jul 28 07:21:44 nimbus-eth1-mainnet-short-benchmark[3752607]: INF 2026-07-28 07:21:44.199+00:00 Imported blocks                            blockNumber=20819201 slot=10028481 blocks=819200 txs=129596319 mgas=12406594 bps=39.31 tps=6221 mgps=593.8 avgBps=33.70 avgTps=5331 avgMGps=510.4 elapsed=6h45m7s
Jul 28 07:25:12 nimbus-eth1-mainnet-short-benchmark[3752607]: INF 2026-07-28 07:25:12.844+00:00 Imported blocks                            blockNumber=20827393 slot=10036710 blocks=827392 txs=130916729 mgas=12530249 bps=39.26 tps=6328 mgps=592.7 avgBps=33.75 avgTps=5339 avgMGps=511.1 elapsed=6h48m36s
Jul 28 07:28:38 nimbus-eth1-mainnet-short-benchmark[3752607]: INF 2026-07-28 07:28:38.401+00:00 Imported blocks                            blockNumber=20835585 slot=10044938 blocks=835584 txs=132226625 mgas=12654070 bps=39.85 tps=6372 mgps=602.4 avgBps=33.80 avgTps=5348 avgMGps=511.9 elapsed=6h52m1s
Jul 28 07:32:16 nimbus-eth1-mainnet-short-benchmark[3752607]: INF 2026-07-28 07:32:16.846+00:00 Imported blocks                            blockNumber=20843777 slot=10053164 blocks=843776 txs=133604192 mgas=12777730 bps=37.50 tps=6306 mgps=566.1 avgBps=33.83 avgTps=5356 avgMGps=512.3 elapsed=6h55m40s
Jul 28 07:36:19 nimbus-eth1-mainnet-short-benchmark[3752607]: INF 2026-07-28 07:36:19.827+00:00 Imported blocks                            blockNumber=20851969 slot=10061391 blocks=851968 txs=134900706 mgas=12901664 bps=33.71 tps=5335 mgps=510.0 avgBps=33.83 avgTps=5356 avgMGps=512.3 elapsed=6h59m43s
Jul 28 07:40:13 nimbus-eth1-mainnet-short-benchmark[3752607]: INF 2026-07-28 07:40:13.911+00:00 Imported blocks                            blockNumber=20860161 slot=10069622 blocks=860160 txs=136168750 mgas=13025603 bps=35.00 tps=5417 mgps=529.5 avgBps=33.84 avgTps=5357 avgMGps=512.5 elapsed=7h3m37s
Jul 28 07:44:02 nimbus-eth1-mainnet-short-benchmark[3752607]: INF 2026-07-28 07:44:02.940+00:00 Imported blocks                            blockNumber=20868353 slot=10077838 blocks=868352 txs=137550724 mgas=13149742 bps=35.77 tps=6034 mgps=542.0 avgBps=33.86 avgTps=5363 avgMGps=512.7 elapsed=7h7m26s
Jul 28 07:47:48 nimbus-eth1-mainnet-short-benchmark[3752607]: INF 2026-07-28 07:47:48.525+00:00 Imported blocks                            blockNumber=20876545 slot=10086066 blocks=876544 txs=138954673 mgas=13273457 bps=36.31 tps=6223 mgps=548.4 avgBps=33.88 avgTps=5370 avgMGps=513.0 elapsed=7h11m12s
Jul 28 07:51:30 nimbus-eth1-mainnet-short-benchmark[3752607]: INF 2026-07-28 07:51:30.562+00:00 Imported blocks                            blockNumber=20884737 slot=10094286 blocks=884736 txs=140256178 mgas=13397479 bps=36.89 tps=5861 mgps=558.6 avgBps=33.91 avgTps=5375 avgMGps=513.4 elapsed=7h14m54s
Jul 28 07:55:08 nimbus-eth1-mainnet-short-benchmark[3752607]: INF 2026-07-28 07:55:08.335+00:00 Imported blocks                            blockNumber=20892929 slot=10102512 blocks=892928 txs=141581868 mgas=13521575 bps=37.62 tps=6087 mgps=569.8 avgBps=33.94 avgTps=5380 avgMGps=513.9 elapsed=7h18m31s
Jul 28 07:58:45 nimbus-eth1-mainnet-short-benchmark[3752607]: INF 2026-07-28 07:58:45.667+00:00 Imported blocks                            blockNumber=20901121 slot=10110732 blocks=901120 txs=142875889 mgas=13645572 bps=37.69 tps=5954 mgps=570.5 avgBps=33.97 avgTps=5385 avgMGps=514.4 elapsed=7h22m9s
Jul 28 08:02:22 nimbus-eth1-mainnet-short-benchmark[3752607]: INF 2026-07-28 08:02:22.528+00:00 Imported blocks                            blockNumber=20909313 slot=10118953 blocks=909312 txs=144102308 mgas=13769390 bps=37.77 tps=5655 mgps=570.9 avgBps=34.00 avgTps=5387 avgMGps=514.8 elapsed=7h25m46s
Jul 28 08:05:53 nimbus-eth1-mainnet-short-benchmark[3752607]: INF 2026-07-28 08:05:53.641+00:00 Imported blocks                            blockNumber=20917505 slot=10127176 blocks=917504 txs=145406349 mgas=13893087 bps=38.80 tps=6177 mgps=585.9 avgBps=34.04 avgTps=5393 avgMGps=515.4 elapsed=7h29m17s
Jul 28 08:09:17 nimbus-eth1-mainnet-short-benchmark[3752607]: INF 2026-07-28 08:09:17.658+00:00 Imported blocks                            blockNumber=20925697 slot=10135394 blocks=925696 txs=146718394 mgas=14016820 bps=40.15 tps=6431 mgps=606.5 avgBps=34.08 avgTps=5401 avgMGps=516.1 elapsed=7h32m41s
Jul 28 08:12:54 nimbus-eth1-mainnet-short-benchmark[3752607]: INF 2026-07-28 08:12:54.007+00:00 Imported blocks                            blockNumber=20933889 slot=10143614 blocks=933888 txs=148049109 mgas=14140625 bps=37.86 tps=6150 mgps=572.2 avgBps=34.11 avgTps=5407 avgMGps=516.5 elapsed=7h36m17s
Jul 28 08:16:23 nimbus-eth1-mainnet-short-benchmark[3752607]: INF 2026-07-28 08:16:23.672+00:00 Imported blocks                            blockNumber=20942081 slot=10151840 blocks=942080 txs=149397364 mgas=14264352 bps=39.07 tps=6430 mgps=590.1 avgBps=34.15 avgTps=5415 avgMGps=517.1 elapsed=7h39m47s
Jul 28 08:19:57 nimbus-eth1-mainnet-short-benchmark[3752607]: INF 2026-07-28 08:19:57.193+00:00 Imported blocks                            blockNumber=20950273 slot=10160098 blocks=950272 txs=150765507 mgas=14388237 bps=38.37 tps=6407 mgps=580.2 avgBps=34.18 avgTps=5423 avgMGps=517.6 elapsed=7h43m20s
Jul 28 08:23:46 nimbus-eth1-mainnet-short-benchmark[3752607]: INF 2026-07-28 08:23:46.166+00:00 Imported blocks                            blockNumber=20958465 slot=10168363 blocks=958464 txs=152044771 mgas=14511987 bps=35.78 tps=5587 mgps=540.5 avgBps=34.19 avgTps=5424 avgMGps=517.7 elapsed=7h47m9s
Jul 28 08:27:25 nimbus-eth1-mainnet-short-benchmark[3752607]: INF 2026-07-28 08:27:25.687+00:00 Imported blocks                            blockNumber=20966657 slot=10176609 blocks=966656 txs=153365296 mgas=14635804 bps=37.32 tps=6015 mgps=564.0 avgBps=34.22 avgTps=5429 avgMGps=518.1 elapsed=7h50m49s
Jul 28 08:31:02 nimbus-eth1-mainnet-short-benchmark[3752607]: INF 2026-07-28 08:31:02.180+00:00 Imported blocks                            blockNumber=20974849 slot=10184849 blocks=974848 txs=154744917 mgas=14759580 bps=37.84 tps=6372 mgps=571.7 avgBps=34.25 avgTps=5436 avgMGps=518.5 elapsed=7h54m25s
Jul 28 08:34:45 nimbus-eth1-mainnet-short-benchmark[3752607]: INF 2026-07-28 08:34:45.325+00:00 Imported blocks                            blockNumber=20983041 slot=10193086 blocks=983040 txs=156055229 mgas=14883451 bps=36.71 tps=5871 mgps=555.1 avgBps=34.27 avgTps=5439 avgMGps=518.8 elapsed=7h58m8s
Jul 28 08:38:03 nimbus-eth1-mainnet-short-benchmark[3752607]: INF 2026-07-28 08:38:03.702+00:00 Imported blocks                            blockNumber=20991233 slot=10201319 blocks=991232 txs=157563202 mgas=15007557 bps=41.30 tps=7601 mgps=625.6 avgBps=34.31 avgTps=5454 avgMGps=519.5 elapsed=8h1m27s
Jul 28 08:41:50 nimbus-eth1-mainnet-short-benchmark[3752607]: INF 2026-07-28 08:41:50.582+00:00 Imported blocks                            blockNumber=20999425 slot=10209549 blocks=999424 txs=159003277 mgas=15131383 bps=36.11 tps=6347 mgps=545.8 avgBps=34.33 avgTps=5461 avgMGps=519.7 elapsed=8h5m14s
Jul 28 08:42:07 nimbus-eth1-mainnet-short-benchmark[3752607]: INF 2026-07-28 08:42:07.130+00:00 Imported blocks                            blockNumber=21000001 slot=10210128 blocks=1000000 txs=159109486 mgas=15140191 bps=34.81 tps=6418 mgps=532.2 avgBps=34.33 avgTps=5461 avgMGps=519.7 elapsed=8h5m30s
Jul 28 08:42:07 nimbus-eth1-mainnet-short-benchmark[3752607]: NTC 2026-07-28 08:42:07.130+00:00 Import complete                            blockNumber=21000001 slot=10210128 blocks=1000000 txs=159109486 mgas=15140191
Jul 28 08:42:08 nimbus-eth1-mainnet-short-benchmark[3727968]: <<< ending startNimbusWithImport (success)
Jul 28 08:42:08 nimbus-eth1-mainnet-short-benchmark[3727968]: >>> starting moveBenchmarkingFileToRepo
Jul 28 08:42:08 nimbus-eth1-mainnet-short-benchmark[3727968]: >>> copying debug-csv generated by nimbus to benchmarks repo
Jul 28 08:42:08 nimbus-eth1-mainnet-short-benchmark[3727968]: <<< ending moveBenchmarkingFileToRepo (success)
Jul 28 08:42:08 nimbus-eth1-mainnet-short-benchmark[3727968]: >>> starting generateBuildEnvironmentLogFile
Jul 28 08:42:17 nimbus-eth1-mainnet-short-benchmark[3727968]: <<< ending generateBuildEnvironmentLogFile (success)
Jul 28 08:42:17 nimbus-eth1-mainnet-short-benchmark[3727968]: >>> starting generateSystemdServiceLogs
