=== System Information Report ===
>>> Generated on: Fri Sep 18 03:35:33 AM UTC 2026
==========================
>>> CPU Architecture: x86_64
>>> CPU Byte Order: Little Endian
>>> CPU Cores: 16
>>> CPU Model: AMD Ryzen 7 PRO 8700GE w/ Radeon 780M Graphics
>>> CPU Cache Information:
L1d Cache: 256 KiB (8 instances)
L1i Cache: 256 KiB (8 instances)
L2 Cache: 8 MiB (8 instances)
L3 Cache: 16 MiB (1 instance)
>>> RAM Size: 61Gi
>>> Hard Disk Information:
/dev/md2 : 437G total, 199G free
/dev/md1 : 989M total, 690M free
/dev/nvme0n1p1 : 256M total, 256M free
/dev/nvme1n1 : 1.9T total, 487G free
==========================
=== Nimbus-ETH1 Benchmarking Report ===
>>> Total time spent in benchmarking (nanoseconds): 27078746287214
>>> Total time spent in benchmarking (human readable format): 7 hours 31 minutes 18 seconds
>>> Start block number is 20000001
>>> End block number is 21000001
==========================
=== Comparison of last two benchmarks ===
sort: write failed: 'standard output': Broken pipe
sort: write error
sort: write failed: 'standard output': Broken pipe
sort: write error
python /data/status-im/nimbus-eth1/scripts/block-import-stats.py /data/status-im/nimbus-eth1-benchmarks/short-benchmark/20260917T121327_61d79b62/blocks-import-benchmark.csv /data/status-im/nimbus-eth1-benchmarks/short-benchmark/20260917T195454_479bfcee/blocks-import-benchmark.csv
blocks-import-benchmark.csv vs blocks-import-benchmark.csv
                      bps_x  bps_y     tps_x     tps_y  time_x  time_y    bpsd    tpsd   timed
block_number                                                                                  
(20000001, 20111112]  30.55  30.32  4,989.08  4,950.89  59m13s  59m31s  -0.61%  -0.61%   0.65%
(20111112, 20222223]  34.39  34.30  5,623.87  5,609.61  55m45s  55m53s  -0.25%  -0.25%   0.25%
(20222223, 20333334]  36.18  36.27  5,865.45  5,879.17  49m16s   49m8s   0.24%   0.24%  -0.24%
(20333334, 20444445]  38.19  38.12  6,017.46  6,005.74  50m18s  50m23s  -0.18%  -0.18%   0.18%
(20444445, 20555556]  37.77  37.63  5,820.68  5,799.25   47m6s  47m16s  -0.36%  -0.36%   0.36%
(20555556, 20666667]  37.96  37.72  5,732.76  5,697.01  50m23s  50m42s  -0.62%  -0.62%   0.62%
(20666667, 20777778]  39.74  39.61  6,252.95  6,233.13  44m45s  44m53s  -0.30%  -0.30%   0.31%
(20777778, 20888889]  41.05  41.05  6,585.03  6,585.72  46m44s  46m43s   0.01%   0.01%  -0.01%
(20888889, 21000001]  41.11  40.93  6,777.29  6,747.31  46m31s  46m45s  -0.45%  -0.45%   0.45%

blocks: 991808, baseline: 7h30m5s, contender: 7h31m18s
Time (total): 1m13s, 0.27%

bpsd = blocks per sec diff (+), tpsd = txs per sec diff, timed = time to process diff (-)
+ = more is better, - = less is better
==========================
