Sep 17 19:54:39 nimbus-eth1-mainnet-short-benchmark[2154024]: >>> starting cloneOrFetchBenchmarksRepo
Sep 17 19:54:39 nimbus-eth1-mainnet-short-benchmark[2154024]: >>> Fetching latest changes for nimbus-eth1-benchmarks...
Sep 17 19:54:41 nimbus-eth1-mainnet-short-benchmark[2154071]: HEAD is now at 8d37005 chore: update short benchmark Readme
Sep 17 19:54:41 nimbus-eth1-mainnet-short-benchmark[2154024]: <<< ending cloneOrFetchBenchmarksRepo (success)
Sep 17 19:54:41 nimbus-eth1-mainnet-short-benchmark[2154024]: >>> starting cloneOrFetchNimbusRepo
Sep 17 19:54:53 nimbus-eth1-mainnet-short-benchmark[2154024]: >>> Fetching latest changes for nimbus-eth1...
Sep 17 19:54:54 nimbus-eth1-mainnet-short-benchmark[2154431]: From https://github.com/status-im/nimbus-eth1
Sep 17 19:54:54 nimbus-eth1-mainnet-short-benchmark[2154431]:    61d79b625..479bfcee2  master                  -> origin/master
Sep 17 19:54:54 nimbus-eth1-mainnet-short-benchmark[2154431]:    805f9a5c3..0caddc9a1  fix-inbound-connections -> origin/fix-inbound-connections
Sep 17 19:54:54 nimbus-eth1-mainnet-short-benchmark[2154431]:  * [new branch]          fix-optimistic-prefetch -> origin/fix-optimistic-prefetch
Sep 17 19:54:54 nimbus-eth1-mainnet-short-benchmark[2154444]: HEAD is now at 479bfcee2 history_exporter: Increase open file limit (#4811)
Sep 17 19:54:54 nimbus-eth1-mainnet-short-benchmark[2154024]: >>> Found last benchmarked commit: 61d79b62
Sep 17 19:54:54 nimbus-eth1-mainnet-short-benchmark[2154024]: >>> Using next commit: 479bfcee2ad9adacbcaa0332d9e01cfdd485ce97
Sep 17 19:54:54 nimbus-eth1-mainnet-short-benchmark[2154463]: HEAD is now at 479bfcee2 history_exporter: Increase open file limit (#4811)
Sep 17 19:54:54 nimbus-eth1-mainnet-short-benchmark[2154024]: >>> Current commit: 479bfcee2
Sep 17 19:54:54 nimbus-eth1-mainnet-short-benchmark[2154024]: <<< ending cloneOrFetchNimbusRepo (success)
Sep 17 19:54:54 nimbus-eth1-mainnet-short-benchmark[2154024]: >>> starting buildBinaries
Sep 17 19:54:54 nimbus-eth1-mainnet-short-benchmark[2154024]: >>> Building binaries for commit 479bfcee...
Sep 17 19:54:56 nimbus-eth1-mainnet-short-benchmark[2155694]: Submodule path 'vendor/nim-json-rpc': checked out 'ac5056b98509d93cca947b6947e7db7bdbcca386'
Sep 17 19:55:02 nimbus-eth1-mainnet-short-benchmark[2160017]: Building: Nim compiler
Sep 17 19:58:04 nimbus-eth1-mainnet-short-benchmark[2160017]: Building custom Nimble commit: 42ef70c2102a942c46f13eb76872326edd525cec
Sep 17 19:58:15 nimbus-eth1-mainnet-short-benchmark[2160017]: Building Nimble...
Sep 17 19:58:25 nimbus-eth1-mainnet-short-benchmark[2160017]: Replacing nimble binary...
Sep 17 19:58:32 nimbus-eth1-mainnet-short-benchmark[2176684]: Building: build/generate_makefile
Sep 17 19:58:32 nimbus-eth1-mainnet-short-benchmark[2176546]: ROCKSDB CACHED VERSION: 11.8.1
Sep 17 19:58:32 nimbus-eth1-mainnet-short-benchmark[2176947]: RocksDb static libraries already built. Skipping build.
Sep 17 19:58:33 nimbus-eth1-mainnet-short-benchmark[2176684]: Build completed successfully: build/generate_makefile
Sep 17 19:58:33 nimbus-eth1-mainnet-short-benchmark[2177001]: Building: build/nimbus_execution_client
Sep 17 20:00:55 nimbus-eth1-mainnet-short-benchmark[2177001]: Build completed successfully: build/nimbus_execution_client
Sep 17 20:00:55 nimbus-eth1-mainnet-short-benchmark[2154024]: >>> renaming binaries to match commit they were built from
Sep 17 20:00:55 nimbus-eth1-mainnet-short-benchmark[2154024]: >>> creating a symbolic link to the latest version
Sep 17 20:00:55 nimbus-eth1-mainnet-short-benchmark[2154024]: >>> deleting copies that are older than N days
Sep 17 20:00:55 nimbus-eth1-mainnet-short-benchmark[2154024]: <<< ending buildBinaries (success)
Sep 17 20:00:55 nimbus-eth1-mainnet-short-benchmark[2154024]: >>> starting skipOrContinueBenchmark
Sep 17 20:00:55 nimbus-eth1-mainnet-short-benchmark[2154024]: <<< ending skipOrContinueBenchmark (success)
Sep 17 20:00:55 nimbus-eth1-mainnet-short-benchmark[2154024]: >>> starting copyTemplateDatabase
Sep 17 20:00:55 nimbus-eth1-mainnet-short-benchmark[2154024]: >>> Copying template db into nimbus data directory
Sep 17 20:04:10 nimbus-eth1-mainnet-short-benchmark[2154024]: >>> Template db copied
Sep 17 20:04:10 nimbus-eth1-mainnet-short-benchmark[2154024]: >>> making nimbus the owner of the copied files
Sep 17 20:04:10 nimbus-eth1-mainnet-short-benchmark[2154024]: <<< ending copyTemplateDatabase (success)
Sep 17 20:04:10 nimbus-eth1-mainnet-short-benchmark[2154024]: >>> starting startNimbusWithImport
Sep 17 20:04:10 nimbus-eth1-mainnet-short-benchmark[2182719]: INF 2026-09-17 20:04:10.969+00:00 Launching execution client                 version=v0.4.1-479bfcee config="(configFile: none(InputFile), dataDirFlag: some(/data/status-im/nimbus-eth1/data/shared_mainnet_0), era1DirFlag: some(/data/era1), eraDirFlag: some(/data/era), ereDirFlag: none(OutDir), keyStoreDirFlag: none(OutDir), importKey: , trustedSetupFile: none(string), extraData: Nimbus/v0.4.1-479bfcee, gasLimit: none(uint64), maxBlobs: none(byte), network: [mainnet], logLevel: INFO, logFormat: auto, metricsEnabled: false, metricsPort: 9093, metricsAddress: 127.0.0.1, bootstrapNodes: [], elBootstrapNodes: [], bootstrapFile: , elBootstrapFile: , staticPeers: [], staticPeersFile: , reconnectMaxRetry: 0, reconnectInterval: 15, listenAddress: ::, tcpPort: 30303, udpPortFlag: none(Port), maxPeersOpt: none(int), elMaxPeersOpt: none(int), nat: (hasExtIp: false, nat: NatAny), discv5: true, netKey: random, agentString: Nimbus/v0.4.1-479bfcee/linux-amd64/Nim-2.2.12, numThreads: 0, persistBatchSize: 4, dynamicBatchSize: false, rocksdbMaxOpenFiles: 2048, rocksdbWriteBufferSize: 67108864, rocksdbRowCacheSize: 0, rocksdbBlockCacheSize: 2147483648, rocksdbBlockCacheType: hyperclock, rdbVtxCacheSize: 536870912, rdbKeyCacheSize: 1342177280, rdbBranchCacheSize: 1073741824, rdbPrintStats: false, rewriteDatadirId: true, aristoDbMaxSnapshots: 5, parallelStateRootComputation: false, parallelSenderRecovery: true, optimisticStatePrefetch: false, balStatePrefetch: false, balStatePrefetchWorkers: 0, balParallelExecution: false, balPruning: true, eagerStateRootCheck: false, deserializeFcState: true, statelessProvider: false, statelessWitnessValidation: false, cmd: import, maxBlocks: 1000000, chunkSize: 8192, csvStats: some("/data/host-benchmarks/short/da03e0a825a445f3a818e5dfbd0c84de/blocks-import-benchmark.csv"), validation: false, fullValidation: false, storeBodies: false, storeReceipts: false, storeSlotHashes: false)"
Sep 17 20:04:11 nimbus-eth1-mainnet-short-benchmark[2182719]: WRN 2026-09-17 20:04:10.993+00:00 Data directory has insecure permissions. Correcting them. data_dir=/data/status-im/nimbus-eth1/data/shared_mainnet_0 current_permissions=0755 required_permissions=0700
Sep 17 20:04:12 nimbus-eth1-mainnet-short-benchmark[2182719]: INF 2026-09-17 20:04:12.861+00:00 Taskpool started                           numThreads=16
Sep 17 20:04:14 nimbus-eth1-mainnet-short-benchmark[2182719]: CreateIOUring failed: Invalid argument (errno=22), thread=140015077641472
Sep 17 20:04:14 nimbus-eth1-mainnet-short-benchmark[2182719]: INF 2026-09-17 20:04:14.173+00:00 Database initialized                       base="(0xd24fd73f794058a3807db926d8898c6481e902b7edb91ce0d479d6760f276183, 20000000)" finalized="(0xd24fd73f794058a3807db926d8898c6481e902b7edb91ce0d479d6760f276183, 20000000)" head="(0xd4e56740f876aef8c010b86a40d5f56745a118d0906a34e69aec8c0db1cb8fa3, 0)"
Sep 17 20:04:14 nimbus-eth1-mainnet-short-benchmark[2182719]: NTC 2026-09-17 20:04:14.173+00:00 Could not open ere database, falling back to era1/era import ereDir=/data/status-im/nimbus-eth1/data/shared_mainnet_0/ere networkName=mainnet error="No ere files found in /data/status-im/nimbus-eth1/data/shared_mainnet_0/ere"
Sep 17 20:04:14 nimbus-eth1-mainnet-short-benchmark[2182719]: NTC 2026-09-17 20:04:14.173+00:00 Importing era archive                      blockNumber=20000001 dataDir=/data/status-im/nimbus-eth1/data/shared_mainnet_0 eraDir=/data/era
Sep 17 20:04:16 nimbus-eth1-mainnet-short-benchmark[2182719]: NTC 2026-09-17 20:04:16.445+00:00 Matched block to slot number               blockNumber=20000001 slot=9204783
Sep 17 20:10:14 nimbus-eth1-mainnet-short-benchmark[2182719]: INF 2026-09-17 20:10:14.940+00:00 Imported blocks                            blockNumber=20008193 slot=9213020 blocks=8192 txs=1226966 mgas=124237 bps=22.71 tps=3401 mgps=344.4 avgBps=22.71 avgTps=3401 avgMGps=344.4 elapsed=6m766ms100us
Sep 17 20:15:39 nimbus-eth1-mainnet-short-benchmark[2182719]: INF 2026-09-17 20:15:39.731+00:00 Imported blocks                            blockNumber=20016385 slot=9221256 blocks=16384 txs=2540380 mgas=248071 bps=25.22 tps=4043 mgps=381.3 avgBps=23.90 avgTps=3705 avgMGps=361.9 elapsed=11m25s555ms
Sep 17 20:20:51 nimbus-eth1-mainnet-short-benchmark[2182719]: INF 2026-09-17 20:20:51.739+00:00 Imported blocks                            blockNumber=20024577 slot=9229485 blocks=24576 txs=3869398 mgas=372018 bps=26.26 tps=4259 mgps=397.3 avgBps=24.64 avgTps=3878 avgMGps=372.9 elapsed=16m37s565ms
Sep 17 20:25:28 nimbus-eth1-mainnet-short-benchmark[2182719]: INF 2026-09-17 20:25:28.487+00:00 Imported blocks                            blockNumber=20032769 slot=9237722 blocks=32768 txs=5222766 mgas=495797 bps=29.60 tps=4890 mgps=447.3 avgBps=25.71 avgTps=4098 avgMGps=389.1 elapsed=21m14s312ms
Sep 17 20:29:55 nimbus-eth1-mainnet-short-benchmark[2182719]: INF 2026-09-17 20:29:55.591+00:00 Imported blocks                            blockNumber=20040961 slot=9245957 blocks=40960 txs=6566802 mgas=619586 bps=30.67 tps=5031 mgps=463.4 avgBps=26.57 avgTps=4260 avgMGps=402.0 elapsed=25m41s418ms
Sep 17 20:34:42 nimbus-eth1-mainnet-short-benchmark[2182719]: INF 2026-09-17 20:34:42.395+00:00 Imported blocks                            blockNumber=20049153 slot=9254196 blocks=49152 txs=7904746 mgas=743522 bps=28.56 tps=4665 mgps=432.1 avgBps=26.89 avgTps=4323 avgMGps=406.7 elapsed=30m28s222ms
Sep 17 20:39:20 nimbus-eth1-mainnet-short-benchmark[2182719]: INF 2026-09-17 20:39:20.187+00:00 Imported blocks                            blockNumber=20057345 slot=9262435 blocks=57344 txs=9212009 mgas=867360 bps=29.49 tps=4705 mgps=445.8 avgBps=27.23 avgTps=4374 avgMGps=411.8 elapsed=35m6s13ms
Sep 17 20:43:37 nimbus-eth1-mainnet-short-benchmark[2182719]: INF 2026-09-17 20:43:37.195+00:00 Imported blocks                            blockNumber=20065537 slot=9270674 blocks=65536 txs=10559018 mgas=991371 bps=31.87 tps=5241 mgps=482.5 avgBps=27.73 avgTps=4468 avgMGps=419.5 elapsed=39m23s19ms
Sep 17 20:47:39 nimbus-eth1-mainnet-short-benchmark[2182719]: INF 2026-09-17 20:47:39.236+00:00 Imported blocks                            blockNumber=20073729 slot=9278910 blocks=73728 txs=11898676 mgas=1115111 bps=33.85 tps=5534 mgps=511.2 avgBps=28.30 avgTps=4567 avgMGps=428.1 elapsed=43m25s61ms
Sep 17 20:51:31 nimbus-eth1-mainnet-short-benchmark[2182719]: INF 2026-09-17 20:51:31.733+00:00 Imported blocks                            blockNumber=20081921 slot=9287152 blocks=81920 txs=13323263 mgas=1239150 bps=35.23 tps=6127 mgps=533.5 avgBps=28.87 avgTps=4695 avgMGps=436.7 elapsed=47m17s563ms
Sep 17 20:55:22 nimbus-eth1-mainnet-short-benchmark[2182719]: INF 2026-09-17 20:55:22.225+00:00 Imported blocks                            blockNumber=20090113 slot=9295408 blocks=90112 txs=14697082 mgas=1363113 bps=35.54 tps=5960 mgps=537.8 avgBps=29.37 avgTps=4790 avgMGps=444.3 elapsed=51m8s52ms
Sep 17 20:59:29 nimbus-eth1-mainnet-short-benchmark[2182719]: INF 2026-09-17 20:59:29.090+00:00 Imported blocks                            blockNumber=20098305 slot=9303658 blocks=98304 txs=16025683 mgas=1487146 bps=33.18 tps=5381 mgps=502.4 avgBps=29.66 avgTps=4834 avgMGps=448.6 elapsed=55m14s916ms
Sep 17 21:03:45 nimbus-eth1-mainnet-short-benchmark[2182719]: INF 2026-09-17 21:03:45.310+00:00 Imported blocks                            blockNumber=20106497 slot=9311895 blocks=106496 txs=17337157 mgas=1611066 bps=31.97 tps=5118 mgps=483.6 avgBps=29.82 avgTps=4854 avgMGps=451.1 elapsed=59m31s135ms
Sep 17 21:07:48 nimbus-eth1-mainnet-short-benchmark[2182719]: INF 2026-09-17 21:07:48.883+00:00 Imported blocks                            blockNumber=20114689 slot=9320146 blocks=114688 txs=18632097 mgas=1735123 bps=33.63 tps=5316 mgps=509.3 avgBps=30.06 avgTps=4884 avgMGps=454.9 elapsed=1h3m34s
Sep 17 21:11:39 nimbus-eth1-mainnet-short-benchmark[2182719]: INF 2026-09-17 21:11:39.296+00:00 Imported blocks                            blockNumber=20122881 slot=9328409 blocks=122880 txs=19937418 mgas=1859249 bps=35.55 tps=5665 mgps=538.7 avgBps=30.38 avgTps=4928 avgMGps=459.6 elapsed=1h7m25s
Sep 17 21:15:25 nimbus-eth1-mainnet-short-benchmark[2182719]: INF 2026-09-17 21:15:25.512+00:00 Imported blocks                            blockNumber=20131073 slot=9336660 blocks=131072 txs=21214129 mgas=1983500 bps=36.21 tps=5643 mgps=549.2 avgBps=30.69 avgTps=4966 avgMGps=464.4 elapsed=1h11m11s
Sep 17 21:19:10 nimbus-eth1-mainnet-short-benchmark[2182719]: INF 2026-09-17 21:19:10.353+00:00 Imported blocks                            blockNumber=20139265 slot=9344906 blocks=139264 txs=22579079 mgas=2107571 bps=36.43 tps=6070 mgps=551.8 avgBps=30.97 avgTps=5021 avgMGps=468.7 elapsed=1h14m56s
Sep 17 21:23:38 nimbus-eth1-mainnet-short-benchmark[2182719]: INF 2026-09-17 21:23:38.918+00:00 Imported blocks                            blockNumber=20147457 slot=9353153 blocks=147456 txs=24133322 mgas=2231686 bps=30.50 tps=5787 mgps=462.1 avgBps=30.95 avgTps=5064 avgMGps=468.4 elapsed=1h19m24s
Sep 17 21:27:57 nimbus-eth1-mainnet-short-benchmark[2182719]: INF 2026-09-17 21:27:57.518+00:00 Imported blocks                            blockNumber=20155649 slot=9361407 blocks=155648 txs=25424015 mgas=2356018 bps=31.68 tps=4991 mgps=480.8 avgBps=30.98 avgTps=5061 avgMGps=469.0 elapsed=1h23m43s
Sep 17 21:31:55 nimbus-eth1-mainnet-short-benchmark[2182719]: INF 2026-09-17 21:31:55.378+00:00 Imported blocks                            blockNumber=20163841 slot=9369652 blocks=163840 txs=26749549 mgas=2480207 bps=34.44 tps=5572 mgps=522.1 avgBps=31.14 avgTps=5084 avgMGps=471.4 elapsed=1h27m41s
Sep 17 21:35:48 nimbus-eth1-mainnet-short-benchmark[2182719]: INF 2026-09-17 21:35:48.859+00:00 Imported blocks                            blockNumber=20172033 slot=9377892 blocks=172032 txs=28105316 mgas=2604026 bps=35.09 tps=5806 mgps=530.3 avgBps=31.31 avgTps=5114 avgMGps=473.9 elapsed=1h31m34s
Sep 17 21:39:45 nimbus-eth1-mainnet-short-benchmark[2182719]: INF 2026-09-17 21:39:45.964+00:00 Imported blocks                            blockNumber=20180225 slot=9386128 blocks=180224 txs=29524405 mgas=2728170 bps=34.55 tps=5985 mgps=523.6 avgBps=31.44 avgTps=5150 avgMGps=476.0 elapsed=1h35m31s
Sep 17 21:43:26 nimbus-eth1-mainnet-short-benchmark[2182719]: INF 2026-09-17 21:43:26.793+00:00 Imported blocks                            blockNumber=20188417 slot=9394365 blocks=188416 txs=30849021 mgas=2852023 bps=37.10 tps=5998 mgps=560.9 avgBps=31.65 avgTps=5182 avgMGps=479.1 elapsed=1h39m12s
Sep 17 21:47:30 nimbus-eth1-mainnet-short-benchmark[2182719]: INF 2026-09-17 21:47:30.941+00:00 Imported blocks                            blockNumber=20196609 slot=9402602 blocks=196608 txs=32174755 mgas=2976155 bps=33.55 tps=5429 mgps=508.4 avgBps=31.73 avgTps=5192 avgMGps=480.3 elapsed=1h43m16s
Sep 17 21:51:48 nimbus-eth1-mainnet-short-benchmark[2182719]: INF 2026-09-17 21:51:48.834+00:00 Imported blocks                            blockNumber=20204801 slot=9410840 blocks=204800 txs=33475942 mgas=3100410 bps=31.77 tps=5045 mgps=481.8 avgBps=31.73 avgTps=5186 avgMGps=480.3 elapsed=1h47m34s
Sep 17 21:55:47 nimbus-eth1-mainnet-short-benchmark[2182719]: INF 2026-09-17 21:55:47.394+00:00 Imported blocks                            blockNumber=20212993 slot=9419071 blocks=212992 txs=34798508 mgas=3224370 bps=34.34 tps=5544 mgps=519.6 avgBps=31.82 avgTps=5199 avgMGps=481.7 elapsed=1h51m33s
Sep 17 21:59:39 nimbus-eth1-mainnet-short-benchmark[2182719]: INF 2026-09-17 21:59:39.095+00:00 Imported blocks                            blockNumber=20221185 slot=9427313 blocks=221184 txs=36114045 mgas=3348169 bps=35.36 tps=5677 mgps=534.3 avgBps=31.94 avgTps=5215 avgMGps=483.5 elapsed=1h55m24s
Sep 17 22:03:10 nimbus-eth1-mainnet-short-benchmark[2182719]: INF 2026-09-17 22:03:10.396+00:00 Imported blocks                            blockNumber=20229377 slot=9435549 blocks=229376 txs=37421794 mgas=3472031 bps=38.77 tps=6189 mgps=586.2 avgBps=32.14 avgTps=5243 avgMGps=486.5 elapsed=1h58m56s
Sep 17 22:06:53 nimbus-eth1-mainnet-short-benchmark[2182719]: INF 2026-09-17 22:06:53.629+00:00 Imported blocks                            blockNumber=20237569 slot=9443788 blocks=237568 txs=38842064 mgas=3596351 bps=36.70 tps=6362 mgps=556.9 avgBps=32.28 avgTps=5277 avgMGps=488.7 elapsed=2h2m39s
Sep 17 22:10:53 nimbus-eth1-mainnet-short-benchmark[2182719]: INF 2026-09-17 22:10:53.441+00:00 Imported blocks                            blockNumber=20245761 slot=9452021 blocks=245760 txs=40225739 mgas=3720100 bps=34.16 tps=5769 mgps=516.0 avgBps=32.34 avgTps=5293 avgMGps=489.5 elapsed=2h6m39s
Sep 17 22:15:11 nimbus-eth1-mainnet-short-benchmark[2182719]: INF 2026-09-17 22:15:11.286+00:00 Imported blocks                            blockNumber=20253953 slot=9460253 blocks=253952 txs=41454921 mgas=3844385 bps=31.77 tps=4767 mgps=482.0 avgBps=32.32 avgTps=5276 avgMGps=489.3 elapsed=2h10m57s
Sep 17 22:19:14 nimbus-eth1-mainnet-short-benchmark[2182719]: INF 2026-09-17 22:19:14.942+00:00 Imported blocks                            blockNumber=20262145 slot=9468495 blocks=262144 txs=42726051 mgas=3968623 bps=33.62 tps=5216 mgps=509.9 avgBps=32.36 avgTps=5274 avgMGps=489.9 elapsed=2h15m768ms
Sep 17 22:23:02 nimbus-eth1-mainnet-short-benchmark[2182719]: INF 2026-09-17 22:23:02.607+00:00 Imported blocks                            blockNumber=20270337 slot=9476748 blocks=270336 txs=44050436 mgas=4092682 bps=35.98 tps=5817 mgps=544.9 avgBps=32.46 avgTps=5289 avgMGps=491.4 elapsed=2h18m48s
Sep 17 22:26:35 nimbus-eth1-mainnet-short-benchmark[2182719]: INF 2026-09-17 22:26:35.976+00:00 Imported blocks                            blockNumber=20278529 slot=9484981 blocks=278528 txs=45382368 mgas=4216487 bps=38.39 tps=6242 mgps=580.2 avgBps=32.61 avgTps=5312 avgMGps=493.6 elapsed=2h22m21s
Sep 17 22:30:12 nimbus-eth1-mainnet-short-benchmark[2182719]: INF 2026-09-17 22:30:12.745+00:00 Imported blocks                            blockNumber=20286721 slot=9493213 blocks=286720 txs=46733429 mgas=4340363 bps=37.79 tps=6232 mgps=571.5 avgBps=32.74 avgTps=5335 avgMGps=495.6 elapsed=2h25m58s
Sep 17 22:34:10 nimbus-eth1-mainnet-short-benchmark[2182719]: INF 2026-09-17 22:34:10.301+00:00 Imported blocks                            blockNumber=20294913 slot=9501453 blocks=294912 txs=48075887 mgas=4464376 bps=34.48 tps=5651 mgps=522.0 avgBps=32.78 avgTps=5344 avgMGps=496.3 elapsed=2h29m56s
Sep 17 22:38:03 nimbus-eth1-mainnet-short-benchmark[2182719]: INF 2026-09-17 22:38:03.402+00:00 Imported blocks                            blockNumber=20303105 slot=9509696 blocks=303104 txs=49379538 mgas=4588534 bps=35.14 tps=5592 mgps=532.6 avgBps=32.84 avgTps=5350 avgMGps=497.2 elapsed=2h33m49s
Sep 17 22:41:49 nimbus-eth1-mainnet-short-benchmark[2182719]: INF 2026-09-17 22:41:49.591+00:00 Imported blocks                            blockNumber=20311297 slot=9517922 blocks=311296 txs=50637672 mgas=4712596 bps=36.22 tps=5562 mgps=548.5 avgBps=32.92 avgTps=5355 avgMGps=498.4 elapsed=2h37m35s
Sep 17 22:45:27 nimbus-eth1-mainnet-short-benchmark[2182719]: INF 2026-09-17 22:45:27.844+00:00 Imported blocks                            blockNumber=20319489 slot=9526159 blocks=319488 txs=51981692 mgas=4836521 bps=37.53 tps=6158 mgps=567.8 avgBps=33.03 avgTps=5373 avgMGps=500.0 elapsed=2h41m13s
Sep 17 22:48:47 nimbus-eth1-mainnet-short-benchmark[2182719]: INF 2026-09-17 22:48:47.977+00:00 Imported blocks                            blockNumber=20327681 slot=9534381 blocks=327680 txs=53356123 mgas=4960245 bps=40.93 tps=6867 mgps=618.2 avgBps=33.19 avgTps=5403 avgMGps=502.4 elapsed=2h44m33s
Sep 17 22:52:05 nimbus-eth1-mainnet-short-benchmark[2182719]: INF 2026-09-17 22:52:05.690+00:00 Imported blocks                            blockNumber=20335873 slot=9542617 blocks=335872 txs=54719105 mgas=5084025 bps=41.43 tps=6893 mgps=626.1 avgBps=33.35 avgTps=5433 avgMGps=504.8 elapsed=2h47m51s
Sep 17 22:55:43 nimbus-eth1-mainnet-short-benchmark[2182719]: INF 2026-09-17 22:55:43.607+00:00 Imported blocks                            blockNumber=20344065 slot=9550841 blocks=344064 txs=56021853 mgas=5207843 bps=37.59 tps=5978 mgps=568.2 avgBps=33.44 avgTps=5444 avgMGps=506.1 elapsed=2h51m29s
Sep 17 22:59:51 nimbus-eth1-mainnet-short-benchmark[2182719]: INF 2026-09-17 22:59:51.356+00:00 Imported blocks                            blockNumber=20352257 slot=9559072 blocks=352256 txs=57290408 mgas=5332016 bps=33.07 tps=5120 mgps=501.2 avgBps=33.43 avgTps=5436 avgMGps=506.0 elapsed=2h55m37s
Sep 17 23:03:38 nimbus-eth1-mainnet-short-benchmark[2182719]: INF 2026-09-17 23:03:38.648+00:00 Imported blocks                            blockNumber=20360449 slot=9567308 blocks=360448 txs=58543463 mgas=5456201 bps=36.04 tps=5512 mgps=546.4 avgBps=33.48 avgTps=5438 avgMGps=506.9 elapsed=2h59m24s
Sep 17 23:07:15 nimbus-eth1-mainnet-short-benchmark[2182719]: INF 2026-09-17 23:07:15.893+00:00 Imported blocks                            blockNumber=20368641 slot=9575548 blocks=368640 txs=59874056 mgas=5580204 bps=37.71 tps=6124 mgps=570.8 avgBps=33.57 avgTps=5452 avgMGps=508.1 elapsed=3h3m1s
Sep 17 23:11:03 nimbus-eth1-mainnet-short-benchmark[2182719]: INF 2026-09-17 23:11:02.994+00:00 Imported blocks                            blockNumber=20376833 slot=9583774 blocks=376832 txs=61167066 mgas=5704396 bps=36.07 tps=5693 mgps=546.9 avgBps=33.62 avgTps=5457 avgMGps=508.9 elapsed=3h6m48s
Sep 17 23:14:44 nimbus-eth1-mainnet-short-benchmark[2182719]: INF 2026-09-17 23:14:44.967+00:00 Imported blocks                            blockNumber=20385025 slot=9592009 blocks=385024 txs=62480333 mgas=5828235 bps=36.91 tps=5916 mgps=557.9 avgBps=33.68 avgTps=5465 avgMGps=509.9 elapsed=3h10m30s
Sep 17 23:18:26 nimbus-eth1-mainnet-short-benchmark[2182719]: INF 2026-09-17 23:18:26.360+00:00 Imported blocks                            blockNumber=20393217 slot=9600248 blocks=393216 txs=63800597 mgas=5952136 bps=37.00 tps=5963 mgps=559.6 avgBps=33.75 avgTps=5475 avgMGps=510.8 elapsed=3h14m12s
Sep 17 23:21:59 nimbus-eth1-mainnet-short-benchmark[2182719]: INF 2026-09-17 23:21:59.041+00:00 Imported blocks                            blockNumber=20401409 slot=9608486 blocks=401408 txs=65021243 mgas=6076384 bps=38.52 tps=5739 mgps=584.2 avgBps=33.83 avgTps=5480 avgMGps=512.1 elapsed=3h17m44s
Sep 17 23:25:44 nimbus-eth1-mainnet-short-benchmark[2182719]: INF 2026-09-17 23:25:44.833+00:00 Imported blocks                            blockNumber=20409601 slot=9616707 blocks=409600 txs=66199016 mgas=6200666 bps=36.28 tps=5216 mgps=550.4 avgBps=33.88 avgTps=5475 avgMGps=512.8 elapsed=3h21m30s
Sep 17 23:29:22 nimbus-eth1-mainnet-short-benchmark[2182719]: INF 2026-09-17 23:29:22.754+00:00 Imported blocks                            blockNumber=20417793 slot=9624941 blocks=417792 txs=67453930 mgas=6324823 bps=37.59 tps=5758 mgps=569.7 avgBps=33.94 avgTps=5480 avgMGps=513.9 elapsed=3h25m8s
Sep 17 23:32:35 nimbus-eth1-mainnet-short-benchmark[2182719]: INF 2026-09-17 23:32:35.692+00:00 Imported blocks                            blockNumber=20425985 slot=9633187 blocks=425984 txs=68814904 mgas=6448778 bps=42.46 tps=7053 mgps=642.5 avgBps=34.07 avgTps=5504 avgMGps=515.8 elapsed=3h28m21s
Sep 17 23:35:48 nimbus-eth1-mainnet-short-benchmark[2182719]: INF 2026-09-17 23:35:48.249+00:00 Imported blocks                            blockNumber=20434177 slot=9641422 blocks=434176 txs=70124508 mgas=6572711 bps=42.54 tps=6801 mgps=643.6 avgBps=34.20 avgTps=5524 avgMGps=517.8 elapsed=3h31m34s
Sep 17 23:39:11 nimbus-eth1-mainnet-short-benchmark[2182719]: INF 2026-09-17 23:39:11.022+00:00 Imported blocks                            blockNumber=20442369 slot=9649657 blocks=442368 txs=71403576 mgas=6696451 bps=40.40 tps=6307 mgps=610.2 avgBps=34.30 avgTps=5536 avgMGps=519.2 elapsed=3h34m56s
Sep 17 23:42:52 nimbus-eth1-mainnet-short-benchmark[2182719]: INF 2026-09-17 23:42:52.547+00:00 Imported blocks                            blockNumber=20450561 slot=9657896 blocks=450560 txs=72659905 mgas=6820521 bps=36.98 tps=5671 mgps=560.1 avgBps=34.35 avgTps=5538 avgMGps=519.9 elapsed=3h38m38s
Sep 17 23:46:54 nimbus-eth1-mainnet-short-benchmark[2182719]: INF 2026-09-17 23:46:54.751+00:00 Imported blocks                            blockNumber=20458753 slot=9666114 blocks=458752 txs=73838533 mgas=6945116 bps=33.82 tps=4866 mgps=514.4 avgBps=34.34 avgTps=5526 avgMGps=519.8 elapsed=3h42m40s
Sep 17 23:50:33 nimbus-eth1-mainnet-short-benchmark[2182719]: INF 2026-09-17 23:50:33.156+00:00 Imported blocks                            blockNumber=20466945 slot=9674343 blocks=466944 txs=75124748 mgas=7068943 bps=37.51 tps=5889 mgps=567.0 avgBps=34.39 avgTps=5532 avgMGps=520.6 elapsed=3h46m18s
Sep 17 23:54:10 nimbus-eth1-mainnet-short-benchmark[2182719]: INF 2026-09-17 23:54:10.057+00:00 Imported blocks                            blockNumber=20475137 slot=9682575 blocks=475136 txs=76420106 mgas=7192870 bps=37.77 tps=5972 mgps=571.4 avgBps=34.44 avgTps=5539 avgMGps=521.4 elapsed=3h49m55s
Sep 17 23:57:36 nimbus-eth1-mainnet-short-benchmark[2182719]: INF 2026-09-17 23:57:36.094+00:00 Imported blocks                            blockNumber=20483329 slot=9690800 blocks=483328 txs=77675422 mgas=7316939 bps=39.76 tps=6092 mgps=602.2 avgBps=34.52 avgTps=5547 avgMGps=522.6 elapsed=3h53m21s
Sep 18 00:01:02 nimbus-eth1-mainnet-short-benchmark[2182719]: INF 2026-09-18 00:01:02.787+00:00 Imported blocks                            blockNumber=20491521 slot=9699019 blocks=491520 txs=78951232 mgas=7440784 bps=39.63 tps=6172 mgps=599.2 avgBps=34.59 avgTps=5556 avgMGps=523.7 elapsed=3h56m48s
Sep 18 00:04:44 nimbus-eth1-mainnet-short-benchmark[2182719]: INF 2026-09-18 00:04:44.408+00:00 Imported blocks                            blockNumber=20499713 slot=9707248 blocks=499712 txs=80189642 mgas=7564669 bps=36.96 tps=5588 mgps=559.0 avgBps=34.63 avgTps=5557 avgMGps=524.2 elapsed=4h30s233ms
Sep 18 00:08:29 nimbus-eth1-mainnet-short-benchmark[2182719]: INF 2026-09-18 00:08:29.525+00:00 Imported blocks                            blockNumber=20507905 slot=9715488 blocks=507904 txs=81317763 mgas=7689208 bps=36.39 tps=5011 mgps=553.2 avgBps=34.66 avgTps=5548 avgMGps=524.7 elapsed=4h4m15s
Sep 18 00:11:48 nimbus-eth1-mainnet-short-benchmark[2182719]: INF 2026-09-18 00:11:48.606+00:00 Imported blocks                            blockNumber=20516097 slot=9723715 blocks=516096 txs=82520262 mgas=7813209 bps=41.15 tps=6040 mgps=622.9 avgBps=34.74 avgTps=5555 avgMGps=526.0 elapsed=4h7m34s
Sep 18 00:15:20 nimbus-eth1-mainnet-short-benchmark[2182719]: INF 2026-09-18 00:15:20.939+00:00 Imported blocks                            blockNumber=20524289 slot=9731945 blocks=524288 txs=83780075 mgas=7937233 bps=38.58 tps=5933 mgps=584.1 avgBps=34.80 avgTps=5560 avgMGps=526.8 elapsed=4h11m6s
Sep 18 00:18:56 nimbus-eth1-mainnet-short-benchmark[2182719]: INF 2026-09-18 00:18:56.492+00:00 Imported blocks                            blockNumber=20532481 slot=9740183 blocks=532480 txs=85263862 mgas=8061024 bps=38.00 tps=6883 mgps=574.3 avgBps=34.84 avgTps=5579 avgMGps=527.5 elapsed=4h14m42s
Sep 18 00:22:39 nimbus-eth1-mainnet-short-benchmark[2182719]: INF 2026-09-18 00:22:39.489+00:00 Imported blocks                            blockNumber=20540673 slot=9748418 blocks=540672 txs=86612143 mgas=8185090 bps=36.74 tps=6046 mgps=556.4 avgBps=34.87 avgTps=5585 avgMGps=527.9 elapsed=4h18m25s
Sep 18 00:26:27 nimbus-eth1-mainnet-short-benchmark[2182719]: INF 2026-09-18 00:26:27.450+00:00 Imported blocks                            blockNumber=20548865 slot=9756662 blocks=548864 txs=87802991 mgas=8309513 bps=35.94 tps=5223 mgps=545.8 avgBps=34.89 avgTps=5580 avgMGps=528.1 elapsed=4h22m13s
Sep 18 00:30:12 nimbus-eth1-mainnet-short-benchmark[2182719]: INF 2026-09-18 00:30:12.642+00:00 Imported blocks                            blockNumber=20557057 slot=9764892 blocks=557056 txs=88964987 mgas=8433956 bps=36.38 tps=5160 mgps=552.6 avgBps=34.91 avgTps=5574 avgMGps=528.5 elapsed=4h25m58s
Sep 18 00:33:46 nimbus-eth1-mainnet-short-benchmark[2182719]: INF 2026-09-18 00:33:46.523+00:00 Imported blocks                            blockNumber=20565249 slot=9773131 blocks=565248 txs=90186094 mgas=8558113 bps=38.30 tps=5709 mgps=580.5 avgBps=34.95 avgTps=5576 avgMGps=529.2 elapsed=4h29m32s
Sep 18 00:37:22 nimbus-eth1-mainnet-short-benchmark[2182719]: INF 2026-09-18 00:37:22.744+00:00 Imported blocks                            blockNumber=20573441 slot=9781369 blocks=573440 txs=91404654 mgas=8682228 bps=37.89 tps=5635 mgps=574.0 avgBps=34.99 avgTps=5577 avgMGps=529.8 elapsed=4h33m8s
Sep 18 00:40:54 nimbus-eth1-mainnet-short-benchmark[2182719]: INF 2026-09-18 00:40:54.737+00:00 Imported blocks                            blockNumber=20581633 slot=9789611 blocks=581632 txs=92628389 mgas=8806651 bps=38.64 tps=5772 mgps=586.9 avgBps=35.04 avgTps=5579 avgMGps=530.5 elapsed=4h36m40s
Sep 18 00:44:34 nimbus-eth1-mainnet-short-benchmark[2182719]: INF 2026-09-18 00:44:34.658+00:00 Imported blocks                            blockNumber=20589825 slot=9797855 blocks=589824 txs=93887208 mgas=8931023 bps=37.25 tps=5723 mgps=565.5 avgBps=35.07 avgTps=5581 avgMGps=531.0 elapsed=4h40m20s
Sep 18 00:48:17 nimbus-eth1-mainnet-short-benchmark[2182719]: INF 2026-09-18 00:48:17.003+00:00 Imported blocks                            blockNumber=20598017 slot=9806095 blocks=598016 txs=95163338 mgas=9055310 bps=36.84 tps=5739 mgps=559.0 avgBps=35.09 avgTps=5583 avgMGps=531.3 elapsed=4h44m2s
Sep 18 00:52:01 nimbus-eth1-mainnet-short-benchmark[2182719]: INF 2026-09-18 00:52:01.604+00:00 Imported blocks                            blockNumber=20606209 slot=9814347 blocks=606208 txs=96334664 mgas=9179976 bps=36.47 tps=5215 mgps=555.1 avgBps=35.11 avgTps=5578 avgMGps=531.6 elapsed=4h47m47s
Sep 18 00:55:34 nimbus-eth1-mainnet-short-benchmark[2182719]: INF 2026-09-18 00:55:34.885+00:00 Imported blocks                            blockNumber=20614401 slot=9822581 blocks=614400 txs=97573414 mgas=9304574 bps=38.41 tps=5808 mgps=584.2 avgBps=35.15 avgTps=5581 avgMGps=532.3 elapsed=4h51m20s
Sep 18 00:59:09 nimbus-eth1-mainnet-short-benchmark[2182719]: INF 2026-09-18 00:59:09.346+00:00 Imported blocks                            blockNumber=20622593 slot=9830821 blocks=622592 txs=98874772 mgas=9428835 bps=38.20 tps=6067 mgps=579.4 avgBps=35.18 avgTps=5587 avgMGps=532.8 elapsed=4h54m55s
Sep 18 01:02:37 nimbus-eth1-mainnet-short-benchmark[2182719]: INF 2026-09-18 01:02:37.919+00:00 Imported blocks                            blockNumber=20630785 slot=9839058 blocks=630784 txs=100178707 mgas=9553009 bps=39.28 tps=6251 mgps=595.4 avgBps=35.23 avgTps=5595 avgMGps=533.6 elapsed=4h58m23s
Sep 18 01:06:16 nimbus-eth1-mainnet-short-benchmark[2182719]: INF 2026-09-18 01:06:16.112+00:00 Imported blocks                            blockNumber=20638977 slot=9847313 blocks=638976 txs=101489116 mgas=9677171 bps=37.54 tps=6005 mgps=569.1 avgBps=35.26 avgTps=5600 avgMGps=534.0 elapsed=5h2m1s
Sep 18 01:09:50 nimbus-eth1-mainnet-short-benchmark[2182719]: INF 2026-09-18 01:09:50.961+00:00 Imported blocks                            blockNumber=20647169 slot=9855549 blocks=647168 txs=102730058 mgas=9801643 bps=38.13 tps=5775 mgps=579.3 avgBps=35.29 avgTps=5602 avgMGps=534.5 elapsed=5h5m36s
Sep 18 01:13:38 nimbus-eth1-mainnet-short-benchmark[2182719]: INF 2026-09-18 01:13:38.945+00:00 Imported blocks                            blockNumber=20655361 slot=9863778 blocks=655360 txs=103868002 mgas=9926541 bps=35.93 tps=4991 mgps=547.8 avgBps=35.30 avgTps=5594 avgMGps=534.7 elapsed=5h9m24s
Sep 18 01:17:09 nimbus-eth1-mainnet-short-benchmark[2182719]: INF 2026-09-18 01:17:09.778+00:00 Imported blocks                            blockNumber=20663553 slot=9872013 blocks=663552 txs=105112198 mgas=10051274 bps=38.86 tps=5901 mgps=591.6 avgBps=35.34 avgTps=5598 avgMGps=535.3 elapsed=5h12m55s
Sep 18 01:20:30 nimbus-eth1-mainnet-short-benchmark[2182719]: INF 2026-09-18 01:20:30.780+00:00 Imported blocks                            blockNumber=20671745 slot=9880241 blocks=671744 txs=106395904 mgas=10175177 bps=40.76 tps=6386 mgps=616.4 avgBps=35.40 avgTps=5606 avgMGps=536.2 elapsed=5h16m16s
Sep 18 01:23:55 nimbus-eth1-mainnet-short-benchmark[2182719]: INF 2026-09-18 01:23:55.129+00:00 Imported blocks                            blockNumber=20679937 slot=9888471 blocks=679936 txs=107674271 mgas=10299404 bps=40.09 tps=6255 mgps=607.9 avgBps=35.45 avgTps=5613 avgMGps=537.0 elapsed=5h19m40s
Sep 18 01:27:11 nimbus-eth1-mainnet-short-benchmark[2182719]: INF 2026-09-18 01:27:11.186+00:00 Imported blocks                            blockNumber=20688129 slot=9896698 blocks=688128 txs=108938536 mgas=10423298 bps=41.78 tps=6448 mgps=631.9 avgBps=35.51 avgTps=5622 avgMGps=537.9 elapsed=5h22m57s
Sep 18 01:30:40 nimbus-eth1-mainnet-short-benchmark[2182719]: INF 2026-09-18 01:30:40.083+00:00 Imported blocks                            blockNumber=20696321 slot=9904930 blocks=696320 txs=110235786 mgas=10547469 bps=39.22 tps=6210 mgps=594.4 avgBps=35.55 avgTps=5628 avgMGps=538.5 elapsed=5h26m25s
Sep 18 01:34:26 nimbus-eth1-mainnet-short-benchmark[2182719]: INF 2026-09-18 01:34:26.144+00:00 Imported blocks                            blockNumber=20704513 slot=9913154 blocks=704512 txs=111483759 mgas=10671677 bps=36.24 tps=5520 mgps=549.5 avgBps=35.56 avgTps=5627 avgMGps=538.6 elapsed=5h30m11s
Sep 18 01:37:59 nimbus-eth1-mainnet-short-benchmark[2182719]: INF 2026-09-18 01:37:59.445+00:00 Imported blocks                            blockNumber=20712705 slot=9921388 blocks=712704 txs=112764170 mgas=10795980 bps=38.41 tps=6002 mgps=582.8 avgBps=35.59 avgTps=5631 avgMGps=539.1 elapsed=5h33m45s
Sep 18 01:41:18 nimbus-eth1-mainnet-short-benchmark[2182719]: INF 2026-09-18 01:41:18.834+00:00 Imported blocks                            blockNumber=20720897 slot=9929633 blocks=720896 txs=114110517 mgas=10919926 bps=41.09 tps=6752 mgps=621.6 avgBps=35.64 avgTps=5642 avgMGps=539.9 elapsed=5h37m4s
Sep 18 01:44:44 nimbus-eth1-mainnet-short-benchmark[2182719]: INF 2026-09-18 01:44:44.219+00:00 Imported blocks                            blockNumber=20729089 slot=9937869 blocks=729088 txs=115449431 mgas=11043768 bps=39.89 tps=6519 mgps=603.0 avgBps=35.69 avgTps=5650 avgMGps=540.6 elapsed=5h40m30s
Sep 18 01:48:01 nimbus-eth1-mainnet-short-benchmark[2182719]: INF 2026-09-18 01:48:01.548+00:00 Imported blocks                            blockNumber=20737281 slot=9946108 blocks=737280 txs=116784468 mgas=11167784 bps=41.51 tps=6765 mgps=628.5 avgBps=35.74 avgTps=5661 avgMGps=541.4 elapsed=5h43m47s
Sep 18 01:51:28 nimbus-eth1-mainnet-short-benchmark[2182719]: INF 2026-09-18 01:51:28.441+00:00 Imported blocks                            blockNumber=20745473 slot=9954342 blocks=745472 txs=118101003 mgas=11291742 bps=39.59 tps=6363 mgps=599.1 avgBps=35.78 avgTps=5668 avgMGps=542.0 elapsed=5h47m14s
Sep 18 01:55:11 nimbus-eth1-mainnet-short-benchmark[2182719]: INF 2026-09-18 01:55:11.922+00:00 Imported blocks                            blockNumber=20753665 slot=9962581 blocks=753664 txs=119337525 mgas=11415859 bps=36.66 tps=5533 mgps=555.4 avgBps=35.79 avgTps=5667 avgMGps=542.1 elapsed=5h50m57s
Sep 18 01:58:43 nimbus-eth1-mainnet-short-benchmark[2182719]: INF 2026-09-18 01:58:43.511+00:00 Imported blocks                            blockNumber=20761857 slot=9970803 blocks=761856 txs=120564314 mgas=11540225 bps=38.72 tps=5798 mgps=587.8 avgBps=35.82 avgTps=5668 avgMGps=542.6 elapsed=5h54m29s
Sep 18 02:02:03 nimbus-eth1-mainnet-short-benchmark[2182719]: INF 2026-09-18 02:02:03.312+00:00 Imported blocks                            blockNumber=20770049 slot=9979058 blocks=770048 txs=121858083 mgas=11663918 bps=41.00 tps=6475 mgps=619.1 avgBps=35.87 avgTps=5675 avgMGps=543.3 elapsed=5h57m49s
Sep 18 02:05:13 nimbus-eth1-mainnet-short-benchmark[2182719]: INF 2026-09-18 02:05:13.689+00:00 Imported blocks                            blockNumber=20778241 slot=9987307 blocks=778240 txs=123161734 mgas=11787906 bps=43.03 tps=6847 mgps=651.3 avgBps=35.93 avgTps=5686 avgMGps=544.2 elapsed=6h59s519ms
Sep 18 02:08:18 nimbus-eth1-mainnet-short-benchmark[2182719]: INF 2026-09-18 02:08:18.983+00:00 Imported blocks                            blockNumber=20786433 slot=9995542 blocks=786432 txs=124509456 mgas=11911612 bps=44.21 tps=7273 mgps=667.6 avgBps=36.00 avgTps=5699 avgMGps=545.3 elapsed=6h4m4s
Sep 18 02:11:29 nimbus-eth1-mainnet-short-benchmark[2182719]: INF 2026-09-18 02:11:29.176+00:00 Imported blocks                            blockNumber=20794625 slot=10003781 blocks=794624 txs=125848921 mgas=12035338 bps=43.07 tps=7042 mgps=650.5 avgBps=36.06 avgTps=5711 avgMGps=546.2 elapsed=6h7m14s
Sep 18 02:14:45 nimbus-eth1-mainnet-short-benchmark[2182719]: INF 2026-09-18 02:14:45.493+00:00 Imported blocks                            blockNumber=20802817 slot=10012028 blocks=802816 txs=127089868 mgas=12158989 bps=41.73 tps=6321 mgps=629.8 avgBps=36.11 avgTps=5716 avgMGps=546.9 elapsed=6h10m31s
Sep 18 02:18:08 nimbus-eth1-mainnet-short-benchmark[2182719]: INF 2026-09-18 02:18:08.946+00:00 Imported blocks                            blockNumber=20811009 slot=10020249 blocks=811008 txs=128299762 mgas=12282850 bps=40.26 tps=5946 mgps=608.8 avgBps=36.15 avgTps=5718 avgMGps=547.5 elapsed=6h13m54s
Sep 18 02:21:19 nimbus-eth1-mainnet-short-benchmark[2182719]: INF 2026-09-18 02:21:19.072+00:00 Imported blocks                            blockNumber=20819201 slot=10028481 blocks=819200 txs=129596319 mgas=12406594 bps=43.09 tps=6819 mgps=650.9 avgBps=36.21 avgTps=5728 avgMGps=548.4 elapsed=6h17m4s
Sep 18 02:24:27 nimbus-eth1-mainnet-short-benchmark[2182719]: INF 2026-09-18 02:24:27.029+00:00 Imported blocks                            blockNumber=20827393 slot=10036710 blocks=827392 txs=130916729 mgas=12530249 bps=43.58 tps=7024 mgps=657.9 avgBps=36.27 avgTps=5738 avgMGps=549.3 elapsed=6h20m12s
Sep 18 02:27:36 nimbus-eth1-mainnet-short-benchmark[2182719]: INF 2026-09-18 02:27:36.010+00:00 Imported blocks                            blockNumber=20835585 slot=10044938 blocks=835584 txs=132226625 mgas=12654070 bps=43.35 tps=6931 mgps=655.2 avgBps=36.33 avgTps=5748 avgMGps=550.1 elapsed=6h23m21s
Sep 18 02:30:56 nimbus-eth1-mainnet-short-benchmark[2182719]: INF 2026-09-18 02:30:56.659+00:00 Imported blocks                            blockNumber=20843777 slot=10053164 blocks=843776 txs=133604192 mgas=12777730 bps=40.83 tps=6865 mgps=616.3 avgBps=36.37 avgTps=5758 avgMGps=550.7 elapsed=6h26m42s
Sep 18 02:34:44 nimbus-eth1-mainnet-short-benchmark[2182719]: INF 2026-09-18 02:34:44.844+00:00 Imported blocks                            blockNumber=20851969 slot=10061391 blocks=851968 txs=134900706 mgas=12901664 bps=35.90 tps=5681 mgps=543.1 avgBps=36.36 avgTps=5757 avgMGps=550.6 elapsed=6h30m30s
Sep 18 02:38:19 nimbus-eth1-mainnet-short-benchmark[2182719]: INF 2026-09-18 02:38:19.421+00:00 Imported blocks                            blockNumber=20860161 slot=10069622 blocks=860160 txs=136168750 mgas=13025603 bps=38.18 tps=5909 mgps=577.6 avgBps=36.38 avgTps=5758 avgMGps=550.9 elapsed=6h34m5s
Sep 18 02:41:51 nimbus-eth1-mainnet-short-benchmark[2182719]: INF 2026-09-18 02:41:51.526+00:00 Imported blocks                            blockNumber=20868353 slot=10077838 blocks=868352 txs=137550724 mgas=13149742 bps=38.62 tps=6515 mgps=585.3 avgBps=36.40 avgTps=5765 avgMGps=551.2 elapsed=6h37m37s
Sep 18 02:45:22 nimbus-eth1-mainnet-short-benchmark[2182719]: INF 2026-09-18 02:45:22.651+00:00 Imported blocks                            blockNumber=20876545 slot=10086066 blocks=876544 txs=138954673 mgas=13273457 bps=38.80 tps=6649 mgps=586.0 avgBps=36.42 avgTps=5773 avgMGps=551.5 elapsed=6h41m8s
Sep 18 02:48:46 nimbus-eth1-mainnet-short-benchmark[2182719]: INF 2026-09-18 02:48:46.964+00:00 Imported blocks                            blockNumber=20884737 slot=10094286 blocks=884736 txs=140256178 mgas=13397479 bps=40.10 tps=6370 mgps=607.0 avgBps=36.45 avgTps=5778 avgMGps=552.0 elapsed=6h44m32s
Sep 18 02:52:07 nimbus-eth1-mainnet-short-benchmark[2182719]: INF 2026-09-18 02:52:07.461+00:00 Imported blocks                            blockNumber=20892929 slot=10102512 blocks=892928 txs=141581868 mgas=13521575 bps=40.86 tps=6611 mgps=618.9 avgBps=36.49 avgTps=5785 avgMGps=552.5 elapsed=6h47m53s
Sep 18 02:55:29 nimbus-eth1-mainnet-short-benchmark[2182719]: INF 2026-09-18 02:55:29.063+00:00 Imported blocks                            blockNumber=20901121 slot=10110732 blocks=901120 txs=142875889 mgas=13645572 bps=40.64 tps=6418 mgps=615.1 avgBps=36.52 avgTps=5790 avgMGps=553.0 elapsed=6h51m14s
Sep 18 02:58:48 nimbus-eth1-mainnet-short-benchmark[2182719]: INF 2026-09-18 02:58:48.768+00:00 Imported blocks                            blockNumber=20909313 slot=10118953 blocks=909312 txs=144102308 mgas=13769390 bps=41.02 tps=6141 mgps=620.0 avgBps=36.56 avgTps=5793 avgMGps=553.6 elapsed=6h54m34s
Sep 18 03:02:04 nimbus-eth1-mainnet-short-benchmark[2182719]: INF 2026-09-18 03:02:04.417+00:00 Imported blocks                            blockNumber=20917505 slot=10127176 blocks=917504 txs=145406349 mgas=13893087 bps=41.87 tps=6665 mgps=632.2 avgBps=36.60 avgTps=5799 avgMGps=554.2 elapsed=6h57m50s
Sep 18 03:05:10 nimbus-eth1-mainnet-short-benchmark[2182719]: INF 2026-09-18 03:05:10.382+00:00 Imported blocks                            blockNumber=20925697 slot=10135394 blocks=925696 txs=146718394 mgas=14016820 bps=44.05 tps=7055 mgps=665.4 avgBps=36.65 avgTps=5809 avgMGps=555.0 elapsed=7h56s209ms
Sep 18 03:08:29 nimbus-eth1-mainnet-short-benchmark[2182719]: INF 2026-09-18 03:08:29.664+00:00 Imported blocks                            blockNumber=20933889 slot=10143614 blocks=933888 txs=148049109 mgas=14140625 bps=41.11 tps=6677 mgps=621.3 avgBps=36.69 avgTps=5815 avgMGps=555.5 elapsed=7h4m15s
Sep 18 03:11:42 nimbus-eth1-mainnet-short-benchmark[2182719]: INF 2026-09-18 03:11:42.889+00:00 Imported blocks                            blockNumber=20942081 slot=10151840 blocks=942080 txs=149397364 mgas=14264352 bps=42.40 tps=6977 mgps=640.3 avgBps=36.73 avgTps=5824 avgMGps=556.1 elapsed=7h7m28s
Sep 18 03:14:59 nimbus-eth1-mainnet-short-benchmark[2182719]: INF 2026-09-18 03:14:59.982+00:00 Imported blocks                            blockNumber=20950273 slot=10160098 blocks=950272 txs=150765507 mgas=14388237 bps=41.56 tps=6941 mgps=628.6 avgBps=36.77 avgTps=5833 avgMGps=556.7 elapsed=7h10m45s
Sep 18 03:18:32 nimbus-eth1-mainnet-short-benchmark[2182719]: INF 2026-09-18 03:18:32.931+00:00 Imported blocks                            blockNumber=20958465 slot=10168363 blocks=958464 txs=152044771 mgas=14511987 bps=38.47 tps=6007 mgps=581.1 avgBps=36.78 avgTps=5834 avgMGps=556.9 elapsed=7h14m18s
Sep 18 03:21:56 nimbus-eth1-mainnet-short-benchmark[2182719]: INF 2026-09-18 03:21:56.336+00:00 Imported blocks                            blockNumber=20966657 slot=10176609 blocks=966656 txs=153365296 mgas=14635804 bps=40.28 tps=6492 mgps=608.7 avgBps=36.81 avgTps=5839 avgMGps=557.3 elapsed=7h17m42s
Sep 18 03:25:15 nimbus-eth1-mainnet-short-benchmark[2182719]: INF 2026-09-18 03:25:15.837+00:00 Imported blocks                            blockNumber=20974849 slot=10184849 blocks=974848 txs=154744917 mgas=14759580 bps=41.06 tps=6915 mgps=620.4 avgBps=36.84 avgTps=5847 avgMGps=557.8 elapsed=7h21m1s
Sep 18 03:28:43 nimbus-eth1-mainnet-short-benchmark[2182719]: INF 2026-09-18 03:28:43.666+00:00 Imported blocks                            blockNumber=20983041 slot=10193086 blocks=983040 txs=156055229 mgas=14883451 bps=39.42 tps=6304 mgps=596.0 avgBps=36.86 avgTps=5851 avgMGps=558.1 elapsed=7h24m29s
Sep 18 03:31:46 nimbus-eth1-mainnet-short-benchmark[2182719]: INF 2026-09-18 03:31:46.480+00:00 Imported blocks                            blockNumber=20991233 slot=10201319 blocks=991232 txs=157563202 mgas=15007557 bps=44.81 tps=8248 mgps=678.9 avgBps=36.91 avgTps=5867 avgMGps=558.9 elapsed=7h27m32s
Sep 18 03:35:17 nimbus-eth1-mainnet-short-benchmark[2182719]: INF 2026-09-18 03:35:17.593+00:00 Imported blocks                            blockNumber=20999425 slot=10209549 blocks=999424 txs=159003277 mgas=15131383 bps=38.80 tps=6821 mgps=586.5 avgBps=36.93 avgTps=5875 avgMGps=559.1 elapsed=7h31m3s
Sep 18 03:35:32 nimbus-eth1-mainnet-short-benchmark[2182719]: INF 2026-09-18 03:35:32.916+00:00 Imported blocks                            blockNumber=21000001 slot=10210128 blocks=1000000 txs=159109486 mgas=15140191 bps=37.59 tps=6930 mgps=574.8 avgBps=36.93 avgTps=5875 avgMGps=559.1 elapsed=7h31m18s
Sep 18 03:35:32 nimbus-eth1-mainnet-short-benchmark[2182719]: NTC 2026-09-18 03:35:32.916+00:00 Import complete                            blockNumber=21000001 slot=10210128 blocks=1000000 txs=159109486 mgas=15140191
Sep 18 03:35:33 nimbus-eth1-mainnet-short-benchmark[2154024]: <<< ending startNimbusWithImport (success)
Sep 18 03:35:33 nimbus-eth1-mainnet-short-benchmark[2154024]: >>> starting moveBenchmarkingFileToRepo
Sep 18 03:35:33 nimbus-eth1-mainnet-short-benchmark[2154024]: >>> copying debug-csv generated by nimbus to benchmarks repo
Sep 18 03:35:33 nimbus-eth1-mainnet-short-benchmark[2154024]: <<< ending moveBenchmarkingFileToRepo (success)
Sep 18 03:35:33 nimbus-eth1-mainnet-short-benchmark[2154024]: >>> starting generateBuildEnvironmentLogFile
Sep 18 03:35:42 nimbus-eth1-mainnet-short-benchmark[2154024]: <<< ending generateBuildEnvironmentLogFile (success)
Sep 18 03:35:42 nimbus-eth1-mainnet-short-benchmark[2154024]: >>> starting generateSystemdServiceLogs
