=== System Information Report ===
>>> Generated on: Wed Jul 29 10:41:41 AM UTC 2026
==========================
>>> CPU Architecture: x86_64
>>> CPU Byte Order: Little Endian
>>> CPU Cores: 16
>>> CPU Model: AMD Ryzen 7 PRO 8700GE w/ Radeon 780M Graphics
>>> CPU Cache Information:
L1d Cache: 256 KiB (8 instances)
L1i Cache: 256 KiB (8 instances)
L2 Cache: 8 MiB (8 instances)
L3 Cache: 16 MiB (1 instance)
>>> RAM Size: 61Gi
>>> Hard Disk Information:
/dev/md2 : 437G total, 243G free
/dev/md1 : 989M total, 690M free
/dev/nvme0n1p1 : 256M total, 256M free
/dev/nvme1n1 : 1.9T total, 644G free
==========================
=== Nimbus-ETH1 Benchmarking Report ===
>>> Total time spent in benchmarking (nanoseconds): 355155178274303
>>> Total time spent in benchmarking (human readable format): 4 days 2 hours 39 minutes 15 seconds
tail: error writing 'standard output': Broken pipe
>>> Start block number is 1
>>> End block number is 21005282
==========================
=== Comparison of last two benchmarks ===
python /data/status-im/nimbus-eth1/scripts/block-import-stats.py /data/status-im/nimbus-eth1-benchmarks/long-benchmark/20260721T065623_2077499e/blocks-import-benchmark.csv /data/status-im/nimbus-eth1-benchmarks/long-benchmark/20260725T075509_de8585cb/blocks-import-benchmark.csv
blocks-import-benchmark.csv vs blocks-import-benchmark.csv
                         bps_x     bps_y      tps_x      tps_y     time_x     time_y    bpsd    tpsd  timed
block_number                                                                                               
(499713, 2778109]     5,040.58  5,019.70  24,975.92  24,741.44     27m27s     27m22s  -0.73%  -0.73%  0.93%
(2778109, 5056506]    1,650.74  1,613.26  30,381.92  29,869.35   1h29m43s   1h31m11s  -1.75%  -1.75%  2.03%
(5056506, 7334902]      141.35    139.00  15,132.93  14,892.78   4h31m51s   4h36m34s  -1.68%  -1.68%  1.72%
(7334902, 9613299]      117.81    114.78  12,739.66  12,411.52   5h27m14s   5h35m56s  -2.58%  -2.58%  2.65%
(9613299, 11891695]      65.98     64.67  10,347.17  10,139.72    9h50m0s    10h2m5s  -1.99%  -1.99%  2.04%
(11891695, 14170092]     42.77     41.99   8,394.22   8,240.02   14h59m8s  15h15m44s  -1.82%  -1.82%  1.85%
(14170092, 16448488]     37.49     36.88   6,296.77   6,194.39  16h55m48s  17h12m12s  -1.60%  -1.60%  1.63%
(16448488, 18726885]     30.73     30.24   4,508.39   4,436.14  20h59m17s  21h19m36s  -1.59%  -1.59%  1.62%
(18726885, 21005282]     29.18     28.51   4,732.20   4,624.48    22h8m0s  22h37m57s  -2.25%  -2.25%  2.30%

blocks: 20497377, baseline: 96h48m32s, contender: 98h38m41s
Time (total): 1h50m9s, 1.90%

bpsd = blocks per sec diff (+), tpsd = txs per sec diff, timed = time to process diff (-)
+ = more is better, - = less is better
==========================
