Oct 03 01:33:26 nimbus-eth1-mainnet-short-benchmark[233234]: >>> starting cloneOrFetchBenchmarksRepo
Oct 03 01:33:26 nimbus-eth1-mainnet-short-benchmark[233234]: >>> Fetching latest changes for nimbus-eth1-benchmarks...
Oct 03 01:33:28 nimbus-eth1-mainnet-short-benchmark[233281]: HEAD is now at 457d530 chore: update short benchmark Readme
Oct 03 01:33:28 nimbus-eth1-mainnet-short-benchmark[233234]: <<< ending cloneOrFetchBenchmarksRepo (success)
Oct 03 01:33:28 nimbus-eth1-mainnet-short-benchmark[233234]: >>> starting cloneOrFetchNimbusRepo
Oct 03 01:33:29 nimbus-eth1-mainnet-short-benchmark[233234]: >>> Fetching latest changes for nimbus-eth1...
Oct 03 01:33:30 nimbus-eth1-mainnet-short-benchmark[233632]: From https://github.com/status-im/nimbus-eth1
Oct 03 01:33:30 nimbus-eth1-mainnet-short-benchmark[233632]:    7d8bd287a..e1aff1705  master     -> origin/master
Oct 03 01:33:30 nimbus-eth1-mainnet-short-benchmark[233632]: warning: e1aff1705b8f04876825dc339bcc030554a2a7a4:.gitmodules, multiple configurations found for 'submodule.vendor/nim-libplum.path'. Skipping second one!
Oct 03 01:33:30 nimbus-eth1-mainnet-short-benchmark[233632]: warning: e1aff1705b8f04876825dc339bcc030554a2a7a4:.gitmodules, multiple configurations found for 'submodule.vendor/nim-libplum.url'. Skipping second one!
Oct 03 01:33:30 nimbus-eth1-mainnet-short-benchmark[233641]: HEAD is now at e1aff1705 build(deps): bump vendor/nim-json-rpc from `ac5056b` to `8404818` (#4892)
Oct 03 01:33:30 nimbus-eth1-mainnet-short-benchmark[233234]: >>> Found last benchmarked commit: 7d8bd287
Oct 03 01:33:30 nimbus-eth1-mainnet-short-benchmark[233234]: >>> Using next commit: 5948269cf229eae89f5046f9d2ceae77af4c11bd
Oct 03 01:33:30 nimbus-eth1-mainnet-short-benchmark[233657]: HEAD is now at 5948269cf Fix getExecutionPayloadBodyV2 missing BAL (#4890)
Oct 03 01:33:30 nimbus-eth1-mainnet-short-benchmark[233234]: >>> Current commit: 5948269cf
Oct 03 01:33:30 nimbus-eth1-mainnet-short-benchmark[233234]: <<< ending cloneOrFetchNimbusRepo (success)
Oct 03 01:33:30 nimbus-eth1-mainnet-short-benchmark[233234]: >>> starting buildBinaries
Oct 03 01:33:30 nimbus-eth1-mainnet-short-benchmark[233234]: >>> Building binaries for commit 5948269c...
Oct 03 01:33:36 nimbus-eth1-mainnet-short-benchmark[239363]: Building: Nim compiler
Oct 03 01:36:39 nimbus-eth1-mainnet-short-benchmark[239363]: Building custom Nimble commit: 42ef70c2102a942c46f13eb76872326edd525cec
Oct 03 01:36:49 nimbus-eth1-mainnet-short-benchmark[239363]: Building Nimble...
Oct 03 01:36:59 nimbus-eth1-mainnet-short-benchmark[239363]: Replacing nimble binary...
Oct 03 01:37:07 nimbus-eth1-mainnet-short-benchmark[256317]: Building: build/generate_makefile
Oct 03 01:37:07 nimbus-eth1-mainnet-short-benchmark[256178]: ROCKSDB CACHED VERSION: 11.8.1
Oct 03 01:37:07 nimbus-eth1-mainnet-short-benchmark[256581]: RocksDb static libraries already built. Skipping build.
Oct 03 01:37:07 nimbus-eth1-mainnet-short-benchmark[256317]: Build completed successfully: build/generate_makefile
Oct 03 01:37:07 nimbus-eth1-mainnet-short-benchmark[256635]: Building: build/nimbus_execution_client
Oct 03 01:37:33 nimbus-eth1-mainnet-short-benchmark[256753]: @["Unknown constants in file: ", "GAS_LIMIT_SCHEDULE", "GAS_LIMIT", "- EPOCH", "    GAS_LIMIT"]
Oct 03 01:37:33 nimbus-eth1-mainnet-short-benchmark[256753]: @["Unknown constants in file: ", "GAS_LIMIT_SCHEDULE", "GAS_LIMIT", "- EPOCH", "    GAS_LIMIT"]
Oct 03 01:39:29 nimbus-eth1-mainnet-short-benchmark[256635]: Build completed successfully: build/nimbus_execution_client
Oct 03 01:39:29 nimbus-eth1-mainnet-short-benchmark[233234]: >>> renaming binaries to match commit they were built from
Oct 03 01:39:29 nimbus-eth1-mainnet-short-benchmark[233234]: >>> creating a symbolic link to the latest version
Oct 03 01:39:29 nimbus-eth1-mainnet-short-benchmark[233234]: >>> deleting copies that are older than N days
Oct 03 01:39:29 nimbus-eth1-mainnet-short-benchmark[233234]: <<< ending buildBinaries (success)
Oct 03 01:39:29 nimbus-eth1-mainnet-short-benchmark[233234]: >>> starting skipOrContinueBenchmark
Oct 03 01:39:29 nimbus-eth1-mainnet-short-benchmark[233234]: <<< ending skipOrContinueBenchmark (success)
Oct 03 01:39:29 nimbus-eth1-mainnet-short-benchmark[233234]: >>> starting copyTemplateDatabase
Oct 03 01:39:29 nimbus-eth1-mainnet-short-benchmark[233234]: >>> Copying template db into nimbus data directory
Oct 03 01:42:41 nimbus-eth1-mainnet-short-benchmark[233234]: >>> Template db copied
Oct 03 01:42:41 nimbus-eth1-mainnet-short-benchmark[233234]: >>> making nimbus the owner of the copied files
Oct 03 01:42:41 nimbus-eth1-mainnet-short-benchmark[233234]: <<< ending copyTemplateDatabase (success)
Oct 03 01:42:41 nimbus-eth1-mainnet-short-benchmark[233234]: >>> starting startNimbusWithImport
Oct 03 01:42:41 nimbus-eth1-mainnet-short-benchmark[262318]: INF 2026-10-03 01:42:41.165+00:00 Launching execution client                 version=v0.4.2-5948269c config="(configFile: none(InputFile), dataDirFlag: some(/data/status-im/nimbus-eth1/data/shared_mainnet_0), era1DirFlag: some(/data/era1), eraDirFlag: some(/data/era), ereDirFlag: none(OutDir), keyStoreDirFlag: none(OutDir), importKey: , trustedSetupFile: none(string), extraData: Nimbus/v0.4.2-5948269c, gasLimit: none(uint64), maxBlobs: none(byte), network: [mainnet], logLevel: INFO, logFormat: auto, metricsEnabled: false, metricsPort: 9093, metricsAddress: 127.0.0.1, bootstrapNodes: [], elBootstrapNodes: [], bootstrapFile: , elBootstrapFile: , staticPeers: [], staticPeersFile: , reconnectMaxRetry: 0, reconnectInterval: 15, listenAddress: ::, tcpPort: 30303, udpPortFlag: none(Port), maxPeersOpt: none(int), elMaxPeersOpt: none(int), nat: (hasExtIp: false, nat: NatAny), discv5: true, netKey: random, agentString: Nimbus/v0.4.2-5948269c/linux-amd64/Nim-2.2.12, numThreads: 0, persistBatchSize: 4, dynamicBatchSize: false, rocksdbMaxOpenFiles: 2048, rocksdbWriteBufferSize: 67108864, rocksdbRowCacheSize: 0, rocksdbBlockCacheSize: 2147483648, rocksdbBlockCacheType: hyperclock, rdbVtxCacheSize: 684720128, rdbKeyCacheSize: 1342177280, rdbBranchCacheSize: 1395654656, accLeafCacheSize: 1310720, stoLeafCacheSize: 1441792, rdbPrintStats: false, rewriteDatadirId: true, aristoDbMaxSnapshots: 5, debugParallel: none(bool), parallelStateRootComputationFlag: false, parallelSenderRecoveryFlag: true, optimisticStatePrefetchFlag: false, balStatePrefetchFlag: false, balStatePrefetchWorkers: 0, balParallelExecutionFlag: false, balPruning: true, eagerStateRootCheck: false, deserializeFcState: true, statelessProvider: false, statelessWitnessValidation: false, cmd: import, maxBlocks: 1000000, chunkSize: 8192, csvStats: some("/data/host-benchmarks/short/78e3a4d06f854b3c8afe6851e2ec4288/blocks-import-benchmark.csv"), validation: false, fullValidation: false, storeBodies: false, storeReceipts: false, storeSlotHashes: false)"
Oct 03 01:42:41 nimbus-eth1-mainnet-short-benchmark[262318]: WRN 2026-10-03 01:42:41.169+00:00 Data directory has insecure permissions. Correcting them. data_dir=/data/status-im/nimbus-eth1/data/shared_mainnet_0 current_permissions=0755 required_permissions=0700
Oct 03 01:42:43 nimbus-eth1-mainnet-short-benchmark[262318]: INF 2026-10-03 01:42:43.001+00:00 Taskpool started                           numThreads=16
Oct 03 01:42:43 nimbus-eth1-mainnet-short-benchmark[262318]: CreateIOUring failed: Invalid argument (errno=22), thread=139889923767552
Oct 03 01:42:43 nimbus-eth1-mainnet-short-benchmark[262318]: INF 2026-10-03 01:42:43.137+00:00 Database initialized                       base="(0xd24fd73f794058a3807db926d8898c6481e902b7edb91ce0d479d6760f276183, 20000000)" finalized="(0xd24fd73f794058a3807db926d8898c6481e902b7edb91ce0d479d6760f276183, 20000000)" head="(0xd4e56740f876aef8c010b86a40d5f56745a118d0906a34e69aec8c0db1cb8fa3, 0)" startOfHistory=0
Oct 03 01:42:43 nimbus-eth1-mainnet-short-benchmark[262318]: NTC 2026-10-03 01:42:43.137+00:00 Could not open ere database, falling back to era1/era import ereDir=/data/status-im/nimbus-eth1/data/shared_mainnet_0/ere networkName=mainnet error="No ere files found in /data/status-im/nimbus-eth1/data/shared_mainnet_0/ere"
Oct 03 01:42:43 nimbus-eth1-mainnet-short-benchmark[262318]: NTC 2026-10-03 01:42:43.137+00:00 Importing era archive                      blockNumber=20000001 dataDir=/data/status-im/nimbus-eth1/data/shared_mainnet_0 eraDir=/data/era
Oct 03 01:42:45 nimbus-eth1-mainnet-short-benchmark[262318]: NTC 2026-10-03 01:42:45.389+00:00 Matched block to slot number               blockNumber=20000001 slot=9204783
Oct 03 01:48:58 nimbus-eth1-mainnet-short-benchmark[262318]: INF 2026-10-03 01:48:58.879+00:00 Imported blocks                            blockNumber=20008193 slot=9213020 blocks=8192 txs=1226966 mgas=124237 bps=21.80 tps=3265 mgps=330.6 avgBps=21.80 avgTps=3265 avgMGps=330.6 elapsed=6m15s738ms
Oct 03 01:54:27 nimbus-eth1-mainnet-short-benchmark[262318]: INF 2026-10-03 01:54:27.262+00:00 Imported blocks                            blockNumber=20016385 slot=9221256 blocks=16384 txs=2540380 mgas=248071 bps=24.95 tps=3999 mgps=377.1 avgBps=23.27 avgTps=3607 avgMGps=352.3 elapsed=11m44s125ms
Oct 03 01:59:36 nimbus-eth1-mainnet-short-benchmark[262318]: INF 2026-10-03 01:59:36.582+00:00 Imported blocks                            blockNumber=20024577 slot=9229485 blocks=24576 txs=3869398 mgas=372018 bps=26.48 tps=4296 mgps=400.7 avgBps=24.25 avgTps=3818 avgMGps=367.1 elapsed=16m53s444ms
Oct 03 02:04:15 nimbus-eth1-mainnet-short-benchmark[262318]: INF 2026-10-03 02:04:15.666+00:00 Imported blocks                            blockNumber=20032769 slot=9237722 blocks=32768 txs=5222766 mgas=495797 bps=29.35 tps=4849 mgps=443.5 avgBps=25.35 avgTps=4040 avgMGps=383.6 elapsed=21m32s529ms
Oct 03 02:08:42 nimbus-eth1-mainnet-short-benchmark[262318]: INF 2026-10-03 02:08:42.450+00:00 Imported blocks                            blockNumber=20040961 slot=9245957 blocks=40960 txs=6566802 mgas=619586 bps=30.71 tps=5037 mgps=464.0 avgBps=26.27 avgTps=4211 avgMGps=397.3 elapsed=25m59s312ms
Oct 03 02:13:28 nimbus-eth1-mainnet-short-benchmark[262318]: INF 2026-10-03 02:13:28.534+00:00 Imported blocks                            blockNumber=20049153 slot=9254196 blocks=49152 txs=7904746 mgas=743522 bps=28.64 tps=4676 mgps=433.2 avgBps=26.63 avgTps=4283 avgMGps=402.9 elapsed=30m45s393ms
Oct 03 02:18:06 nimbus-eth1-mainnet-short-benchmark[262318]: INF 2026-10-03 02:18:06.642+00:00 Imported blocks                            blockNumber=20057345 slot=9262435 blocks=57344 txs=9212009 mgas=867360 bps=29.46 tps=4700 mgps=445.3 avgBps=27.00 avgTps=4338 avgMGps=408.5 elapsed=35m23s504ms
Oct 03 02:22:24 nimbus-eth1-mainnet-short-benchmark[262318]: INF 2026-10-03 02:22:24.562+00:00 Imported blocks                            blockNumber=20065537 slot=9270674 blocks=65536 txs=10559018 mgas=991371 bps=31.76 tps=5222 mgps=480.8 avgBps=27.52 avgTps=4433 avgMGps=416.3 elapsed=39m41s422ms
Oct 03 02:26:29 nimbus-eth1-mainnet-short-benchmark[262318]: INF 2026-10-03 02:26:29.311+00:00 Imported blocks                            blockNumber=20073729 slot=9278910 blocks=73728 txs=11898676 mgas=1115111 bps=33.47 tps=5473 mgps=505.6 avgBps=28.07 avgTps=4530 avgMGps=424.6 elapsed=43m46s170ms
Oct 03 02:30:24 nimbus-eth1-mainnet-short-benchmark[262318]: INF 2026-10-03 02:30:24.744+00:00 Imported blocks                            blockNumber=20081921 slot=9287152 blocks=81920 txs=13323263 mgas=1239150 bps=34.80 tps=6050 mgps=526.9 avgBps=28.63 avgTps=4655 avgMGps=433.0 elapsed=47m41s602ms
Oct 03 02:34:17 nimbus-eth1-mainnet-short-benchmark[262318]: INF 2026-10-03 02:34:17.380+00:00 Imported blocks                            blockNumber=20090113 slot=9295408 blocks=90112 txs=14697082 mgas=1363113 bps=35.21 tps=5905 mgps=532.9 avgBps=29.12 avgTps=4749 avgMGps=440.5 elapsed=51m34s242ms
Oct 03 02:38:27 nimbus-eth1-mainnet-short-benchmark[262318]: INF 2026-10-03 02:38:27.009+00:00 Imported blocks                            blockNumber=20098305 slot=9303658 blocks=98304 txs=16025683 mgas=1487146 bps=32.82 tps=5322 mgps=496.9 avgBps=29.40 avgTps=4792 avgMGps=444.7 elapsed=55m43s870ms
Oct 03 02:42:48 nimbus-eth1-mainnet-short-benchmark[262318]: INF 2026-10-03 02:42:48.125+00:00 Imported blocks                            blockNumber=20106497 slot=9311895 blocks=106496 txs=17337157 mgas=1611066 bps=31.37 tps=5022 mgps=474.6 avgBps=29.54 avgTps=4809 avgMGps=446.9 elapsed=1h4s985ms
Oct 03 02:46:55 nimbus-eth1-mainnet-short-benchmark[262318]: INF 2026-10-03 02:46:55.113+00:00 Imported blocks                            blockNumber=20114689 slot=9320146 blocks=114688 txs=18632097 mgas=1735123 bps=33.17 tps=5242 mgps=502.3 avgBps=29.77 avgTps=4837 avgMGps=450.5 elapsed=1h4m11s
Oct 03 02:50:47 nimbus-eth1-mainnet-short-benchmark[262318]: INF 2026-10-03 02:50:47.594+00:00 Imported blocks                            blockNumber=20122881 slot=9328409 blocks=122880 txs=19937418 mgas=1859249 bps=35.24 tps=5614 mgps=533.9 avgBps=30.08 avgTps=4881 avgMGps=455.2 elapsed=1h8m4s
Oct 03 02:54:35 nimbus-eth1-mainnet-short-benchmark[262318]: INF 2026-10-03 02:54:35.603+00:00 Imported blocks                            blockNumber=20131073 slot=9336660 blocks=131072 txs=21214129 mgas=1983500 bps=35.93 tps=5599 mgps=544.9 avgBps=30.39 avgTps=4919 avgMGps=459.9 elapsed=1h11m52s
Oct 03 02:58:25 nimbus-eth1-mainnet-short-benchmark[262318]: INF 2026-10-03 02:58:25.092+00:00 Imported blocks                            blockNumber=20139265 slot=9344906 blocks=139264 txs=22579079 mgas=2107571 bps=35.70 tps=5947 mgps=540.6 avgBps=30.66 avgTps=4971 avgMGps=464.0 elapsed=1h15m41s
Oct 03 03:02:59 nimbus-eth1-mainnet-short-benchmark[262318]: INF 2026-10-03 03:02:59.840+00:00 Imported blocks                            blockNumber=20147457 slot=9353153 blocks=147456 txs=24133322 mgas=2231686 bps=29.82 tps=5656 mgps=451.7 avgBps=30.61 avgTps=5010 avgMGps=463.3 elapsed=1h20m16s
Oct 03 03:07:22 nimbus-eth1-mainnet-short-benchmark[262318]: INF 2026-10-03 03:07:22.128+00:00 Imported blocks                            blockNumber=20155649 slot=9361407 blocks=155648 txs=25424015 mgas=2356018 bps=31.23 tps=4920 mgps=474.0 avgBps=30.65 avgTps=5005 avgMGps=463.9 elapsed=1h24m38s
Oct 03 03:11:26 nimbus-eth1-mainnet-short-benchmark[262318]: INF 2026-10-03 03:11:26.065+00:00 Imported blocks                            blockNumber=20163841 slot=9369652 blocks=163840 txs=26749549 mgas=2480207 bps=33.58 tps=5433 mgps=509.1 avgBps=30.78 avgTps=5025 avgMGps=465.9 elapsed=1h28m42s
Oct 03 03:15:22 nimbus-eth1-mainnet-short-benchmark[262318]: INF 2026-10-03 03:15:22.581+00:00 Imported blocks                            blockNumber=20172033 slot=9377892 blocks=172032 txs=28105316 mgas=2604026 bps=34.64 tps=5732 mgps=523.5 avgBps=30.94 avgTps=5055 avgMGps=468.4 elapsed=1h32m39s
Oct 03 03:19:26 nimbus-eth1-mainnet-short-benchmark[262318]: INF 2026-10-03 03:19:26.346+00:00 Imported blocks                            blockNumber=20180225 slot=9386128 blocks=180224 txs=29524405 mgas=2728170 bps=33.61 tps=5821 mgps=509.3 avgBps=31.06 avgTps=5087 avgMGps=470.1 elapsed=1h36m43s
Oct 03 03:23:11 nimbus-eth1-mainnet-short-benchmark[262318]: INF 2026-10-03 03:23:11.235+00:00 Imported blocks                            blockNumber=20188417 slot=9394365 blocks=188416 txs=30849021 mgas=2852023 bps=36.43 tps=5890 mgps=550.7 avgBps=31.26 avgTps=5117 avgMGps=473.1 elapsed=1h40m28s
Oct 03 03:27:21 nimbus-eth1-mainnet-short-benchmark[262318]: INF 2026-10-03 03:27:21.307+00:00 Imported blocks                            blockNumber=20196609 slot=9402602 blocks=196608 txs=32174755 mgas=2976155 bps=32.76 tps=5301 mgps=496.4 avgBps=31.32 avgTps=5124 avgMGps=474.0 elapsed=1h44m38s
Oct 03 03:31:43 nimbus-eth1-mainnet-short-benchmark[262318]: INF 2026-10-03 03:31:43.528+00:00 Imported blocks                            blockNumber=20204801 slot=9410840 blocks=204800 txs=33475942 mgas=3100410 bps=31.24 tps=4962 mgps=473.9 avgBps=31.31 avgTps=5118 avgMGps=474.0 elapsed=1h49m386ms
Oct 03 03:35:45 nimbus-eth1-mainnet-short-benchmark[262318]: INF 2026-10-03 03:35:45.208+00:00 Imported blocks                            blockNumber=20212993 slot=9419071 blocks=212992 txs=34798508 mgas=3224370 bps=33.90 tps=5472 mgps=512.9 avgBps=31.41 avgTps=5130 avgMGps=475.4 elapsed=1h53m2s
Oct 03 03:39:41 nimbus-eth1-mainnet-short-benchmark[262318]: INF 2026-10-03 03:39:41.665+00:00 Imported blocks                            blockNumber=20221185 slot=9427313 blocks=221184 txs=36114045 mgas=3348169 bps=34.64 tps=5563 mgps=523.6 avgBps=31.51 avgTps=5145 avgMGps=477.0 elapsed=1h56m58s
Oct 03 03:43:19 nimbus-eth1-mainnet-short-benchmark[262318]: INF 2026-10-03 03:43:19.474+00:00 Imported blocks                            blockNumber=20229377 slot=9435549 blocks=229376 txs=37421794 mgas=3472031 bps=37.61 tps=6004 mgps=568.7 avgBps=31.70 avgTps=5171 avgMGps=479.8 elapsed=2h36s336ms
Oct 03 03:47:06 nimbus-eth1-mainnet-short-benchmark[262318]: INF 2026-10-03 03:47:06.747+00:00 Imported blocks                            blockNumber=20237569 slot=9443788 blocks=237568 txs=38842064 mgas=3596351 bps=36.05 tps=6249 mgps=547.0 avgBps=31.83 avgTps=5204 avgMGps=481.9 elapsed=2h4m23s
Oct 03 03:51:11 nimbus-eth1-mainnet-short-benchmark[262318]: INF 2026-10-03 03:51:11.167+00:00 Imported blocks                            blockNumber=20245761 slot=9452021 blocks=245760 txs=40225739 mgas=3720100 bps=33.52 tps=5661 mgps=506.3 avgBps=31.88 avgTps=5218 avgMGps=482.6 elapsed=2h8m28s
Oct 03 03:55:29 nimbus-eth1-mainnet-short-benchmark[262318]: INF 2026-10-03 03:55:29.859+00:00 Imported blocks                            blockNumber=20253953 slot=9460253 blocks=253952 txs=41454921 mgas=3844385 bps=31.67 tps=4751 mgps=480.4 avgBps=31.88 avgTps=5203 avgMGps=482.6 elapsed=2h12m46s
Oct 03 03:59:36 nimbus-eth1-mainnet-short-benchmark[262318]: INF 2026-10-03 03:59:36.236+00:00 Imported blocks                            blockNumber=20262145 slot=9468495 blocks=262144 txs=42726051 mgas=3968623 bps=33.25 tps=5159 mgps=504.3 avgBps=31.92 avgTps=5202 avgMGps=483.2 elapsed=2h16m53s
Oct 03 04:03:28 nimbus-eth1-mainnet-short-benchmark[262318]: INF 2026-10-03 04:03:28.489+00:00 Imported blocks                            blockNumber=20270337 slot=9476748 blocks=270336 txs=44050436 mgas=4092682 bps=35.27 tps=5702 mgps=534.1 avgBps=32.01 avgTps=5215 avgMGps=484.6 elapsed=2h20m45s
Oct 03 04:07:04 nimbus-eth1-mainnet-short-benchmark[262318]: INF 2026-10-03 04:07:04.818+00:00 Imported blocks                            blockNumber=20278529 slot=9484981 blocks=278528 txs=45382368 mgas=4216487 bps=37.87 tps=6156 mgps=572.3 avgBps=32.16 avgTps=5239 avgMGps=486.8 elapsed=2h24m21s
Oct 03 04:10:45 nimbus-eth1-mainnet-short-benchmark[262318]: INF 2026-10-03 04:10:45.494+00:00 Imported blocks                            blockNumber=20286721 slot=9493213 blocks=286720 txs=46733429 mgas=4340363 bps=37.12 tps=6122 mgps=561.3 avgBps=32.28 avgTps=5261 avgMGps=488.7 elapsed=2h28m2s
Oct 03 04:14:49 nimbus-eth1-mainnet-short-benchmark[262318]: INF 2026-10-03 04:14:49.323+00:00 Imported blocks                            blockNumber=20294913 slot=9501453 blocks=294912 txs=48075887 mgas=4464376 bps=33.60 tps=5505 mgps=508.6 avgBps=32.31 avgTps=5267 avgMGps=489.2 elapsed=2h32m6s
Oct 03 04:18:47 nimbus-eth1-mainnet-short-benchmark[262318]: INF 2026-10-03 04:18:47.056+00:00 Imported blocks                            blockNumber=20303105 slot=9509696 blocks=303104 txs=49379538 mgas=4588534 bps=34.46 tps=5483 mgps=522.3 avgBps=32.37 avgTps=5273 avgMGps=490.0 elapsed=2h36m3s
Oct 03 04:22:39 nimbus-eth1-mainnet-short-benchmark[262318]: INF 2026-10-03 04:22:39.360+00:00 Imported blocks                            blockNumber=20311297 slot=9517922 blocks=311296 txs=50637672 mgas=4712596 bps=35.26 tps=5415 mgps=534.0 avgBps=32.44 avgTps=5276 avgMGps=491.1 elapsed=2h39m56s
Oct 03 04:26:19 nimbus-eth1-mainnet-short-benchmark[262318]: INF 2026-10-03 04:26:19.745+00:00 Imported blocks                            blockNumber=20319489 slot=9526159 blocks=319488 txs=51981692 mgas=4836521 bps=37.17 tps=6098 mgps=562.3 avgBps=32.55 avgTps=5295 avgMGps=492.7 elapsed=2h43m36s
Oct 03 04:29:43 nimbus-eth1-mainnet-short-benchmark[262318]: INF 2026-10-03 04:29:43.162+00:00 Imported blocks                            blockNumber=20327681 slot=9534381 blocks=327680 txs=53356123 mgas=4960245 bps=40.27 tps=6756 mgps=608.2 avgBps=32.70 avgTps=5324 avgMGps=495.0 elapsed=2h47m24ms
Oct 03 04:33:05 nimbus-eth1-mainnet-short-benchmark[262318]: INF 2026-10-03 04:33:05.763+00:00 Imported blocks                            blockNumber=20335873 slot=9542617 blocks=335872 txs=54719105 mgas=5084025 bps=40.43 tps=6727 mgps=611.0 avgBps=32.86 avgTps=5352 avgMGps=497.3 elapsed=2h50m22s
Oct 03 04:36:49 nimbus-eth1-mainnet-short-benchmark[262318]: INF 2026-10-03 04:36:49.208+00:00 Imported blocks                            blockNumber=20344065 slot=9550841 blocks=344064 txs=56021853 mgas=5207843 bps=36.66 tps=5830 mgps=554.1 avgBps=32.94 avgTps=5362 avgMGps=498.5 elapsed=2h54m6s
Oct 03 04:41:02 nimbus-eth1-mainnet-short-benchmark[262318]: INF 2026-10-03 04:41:02.581+00:00 Imported blocks                            blockNumber=20352257 slot=9559072 blocks=352256 txs=57290408 mgas=5332016 bps=32.33 tps=5006 mgps=490.1 avgBps=32.92 avgTps=5354 avgMGps=498.3 elapsed=2h58m19s
Oct 03 04:44:52 nimbus-eth1-mainnet-short-benchmark[262318]: INF 2026-10-03 04:44:52.793+00:00 Imported blocks                            blockNumber=20360449 slot=9567308 blocks=360448 txs=58543463 mgas=5456201 bps=35.59 tps=5443 mgps=539.4 avgBps=32.98 avgTps=5356 avgMGps=499.2 elapsed=3h2m9s
Oct 03 04:48:35 nimbus-eth1-mainnet-short-benchmark[262318]: INF 2026-10-03 04:48:35.622+00:00 Imported blocks                            blockNumber=20368641 slot=9575548 blocks=368640 txs=59874056 mgas=5580204 bps=36.76 tps=5971 mgps=556.5 avgBps=33.05 avgTps=5368 avgMGps=500.4 elapsed=3h5m52s
Oct 03 04:52:29 nimbus-eth1-mainnet-short-benchmark[262318]: INF 2026-10-03 04:52:29.683+00:00 Imported blocks                            blockNumber=20376833 slot=9583774 blocks=376832 txs=61167066 mgas=5704396 bps=35.00 tps=5524 mgps=530.6 avgBps=33.09 avgTps=5371 avgMGps=501.0 elapsed=3h9m46s
Oct 03 04:56:16 nimbus-eth1-mainnet-short-benchmark[262318]: INF 2026-10-03 04:56:16.072+00:00 Imported blocks                            blockNumber=20385025 slot=9592009 blocks=385024 txs=62480333 mgas=5828235 bps=36.19 tps=5800 mgps=547.0 avgBps=33.15 avgTps=5380 avgMGps=501.9 elapsed=3h13m32s
Oct 03 05:00:04 nimbus-eth1-mainnet-short-benchmark[262318]: INF 2026-10-03 05:00:04.677+00:00 Imported blocks                            blockNumber=20393217 slot=9600248 blocks=393216 txs=63800597 mgas=5952136 bps=35.83 tps=5775 mgps=542.0 avgBps=33.21 avgTps=5387 avgMGps=502.6 elapsed=3h17m21s
Oct 03 05:03:44 nimbus-eth1-mainnet-short-benchmark[262318]: INF 2026-10-03 05:03:44.549+00:00 Imported blocks                            blockNumber=20401409 slot=9608486 blocks=401408 txs=65021243 mgas=6076384 bps=37.26 tps=5551 mgps=565.1 avgBps=33.28 avgTps=5390 avgMGps=503.8 elapsed=3h21m1s
Oct 03 05:07:37 nimbus-eth1-mainnet-short-benchmark[262318]: INF 2026-10-03 05:07:37.294+00:00 Imported blocks                            blockNumber=20409601 slot=9616707 blocks=409600 txs=66199016 mgas=6200666 bps=35.20 tps=5060 mgps=534.0 avgBps=33.32 avgTps=5384 avgMGps=504.4 elapsed=3h24m54s
Oct 03 05:11:21 nimbus-eth1-mainnet-short-benchmark[262318]: INF 2026-10-03 05:11:21.111+00:00 Imported blocks                            blockNumber=20417793 slot=9624941 blocks=417792 txs=67453930 mgas=6324823 bps=36.60 tps=5606 mgps=554.7 avgBps=33.38 avgTps=5388 avgMGps=505.3 elapsed=3h28m37s
Oct 03 05:14:38 nimbus-eth1-mainnet-short-benchmark[262318]: INF 2026-10-03 05:14:38.436+00:00 Imported blocks                            blockNumber=20425985 slot=9633187 blocks=425984 txs=68814904 mgas=6448778 bps=41.52 tps=6897 mgps=628.2 avgBps=33.50 avgTps=5411 avgMGps=507.2 elapsed=3h31m55s
Oct 03 05:17:55 nimbus-eth1-mainnet-short-benchmark[262318]: INF 2026-10-03 05:17:55.533+00:00 Imported blocks                            blockNumber=20434177 slot=9641422 blocks=434176 txs=70124508 mgas=6572711 bps=41.56 tps=6644 mgps=628.8 avgBps=33.62 avgTps=5430 avgMGps=509.0 elapsed=3h35m12s
Oct 03 05:21:25 nimbus-eth1-mainnet-short-benchmark[262318]: INF 2026-10-03 05:21:25.350+00:00 Imported blocks                            blockNumber=20442369 slot=9649657 blocks=442368 txs=71403576 mgas=6696451 bps=39.04 tps=6096 mgps=589.8 avgBps=33.71 avgTps=5441 avgMGps=510.3 elapsed=3h38m42s
Oct 03 05:25:14 nimbus-eth1-mainnet-short-benchmark[262318]: INF 2026-10-03 05:25:14.771+00:00 Imported blocks                            blockNumber=20450561 slot=9657896 blocks=450560 txs=72659905 mgas=6820521 bps=35.71 tps=5476 mgps=540.8 avgBps=33.75 avgTps=5442 avgMGps=510.8 elapsed=3h42m31s
Oct 03 05:29:24 nimbus-eth1-mainnet-short-benchmark[262318]: INF 2026-10-03 05:29:24.920+00:00 Imported blocks                            blockNumber=20458753 slot=9666114 blocks=458752 txs=73838533 mgas=6945116 bps=32.75 tps=4711 mgps=498.1 avgBps=33.73 avgTps=5428 avgMGps=510.6 elapsed=3h46m41s
Oct 03 05:33:10 nimbus-eth1-mainnet-short-benchmark[262318]: INF 2026-10-03 05:33:10.004+00:00 Imported blocks                            blockNumber=20466945 slot=9674343 blocks=466944 txs=75124748 mgas=7068943 bps=36.39 tps=5714 mgps=550.1 avgBps=33.77 avgTps=5433 avgMGps=511.2 elapsed=3h50m26s
Oct 03 05:36:55 nimbus-eth1-mainnet-short-benchmark[262318]: INF 2026-10-03 05:36:55.769+00:00 Imported blocks                            blockNumber=20475137 slot=9682575 blocks=475136 txs=76420106 mgas=7192870 bps=36.29 tps=5737 mgps=548.9 avgBps=33.81 avgTps=5438 avgMGps=511.9 elapsed=3h54m12s
Oct 03 05:40:30 nimbus-eth1-mainnet-short-benchmark[262318]: INF 2026-10-03 05:40:30.874+00:00 Imported blocks                            blockNumber=20483329 slot=9690800 blocks=483328 txs=77675422 mgas=7316939 bps=38.08 tps=5835 mgps=576.8 avgBps=33.88 avgTps=5444 avgMGps=512.8 elapsed=3h57m47s
Oct 03 05:44:01 nimbus-eth1-mainnet-short-benchmark[262318]: INF 2026-10-03 05:44:01.819+00:00 Imported blocks                            blockNumber=20491521 slot=9699019 blocks=491520 txs=78951232 mgas=7440784 bps=38.84 tps=6048 mgps=587.1 avgBps=33.95 avgTps=5452 avgMGps=513.9 elapsed=4h1m18s
Oct 03 05:47:46 nimbus-eth1-mainnet-short-benchmark[262318]: INF 2026-10-03 05:47:46.468+00:00 Imported blocks                            blockNumber=20499713 slot=9707248 blocks=499712 txs=80189642 mgas=7564669 bps=36.47 tps=5512 mgps=551.5 avgBps=33.99 avgTps=5453 avgMGps=514.5 elapsed=4h5m3s
Oct 03 05:51:37 nimbus-eth1-mainnet-short-benchmark[262318]: INF 2026-10-03 05:51:37.353+00:00 Imported blocks                            blockNumber=20507905 slot=9715488 blocks=507904 txs=81317763 mgas=7689208 bps=35.48 tps=4886 mgps=539.4 avgBps=34.01 avgTps=5445 avgMGps=514.9 elapsed=4h8m54s
Oct 03 05:55:03 nimbus-eth1-mainnet-short-benchmark[262318]: INF 2026-10-03 05:55:03.610+00:00 Imported blocks                            blockNumber=20516097 slot=9723715 blocks=516096 txs=82520262 mgas=7813209 bps=39.72 tps=5830 mgps=601.2 avgBps=34.09 avgTps=5450 avgMGps=516.0 elapsed=4h12m20s
Oct 03 05:58:40 nimbus-eth1-mainnet-short-benchmark[262318]: INF 2026-10-03 05:58:40.711+00:00 Imported blocks                            blockNumber=20524289 slot=9731945 blocks=524288 txs=83780075 mgas=7937233 bps=37.73 tps=5802 mgps=571.3 avgBps=34.14 avgTps=5455 avgMGps=516.8 elapsed=4h15m57s
Oct 03 06:02:24 nimbus-eth1-mainnet-short-benchmark[262318]: INF 2026-10-03 06:02:24.628+00:00 Imported blocks                            blockNumber=20532481 slot=9740183 blocks=532480 txs=85263862 mgas=8061024 bps=36.58 tps=6626 mgps=552.8 avgBps=34.17 avgTps=5472 avgMGps=517.3 elapsed=4h19m41s
Oct 03 06:06:13 nimbus-eth1-mainnet-short-benchmark[262318]: INF 2026-10-03 06:06:13.796+00:00 Imported blocks                            blockNumber=20540673 slot=9748418 blocks=540672 txs=86612143 mgas=8185090 bps=35.75 tps=5883 mgps=541.4 avgBps=34.20 avgTps=5478 avgMGps=517.7 elapsed=4h23m30s
Oct 03 06:10:10 nimbus-eth1-mainnet-short-benchmark[262318]: INF 2026-10-03 06:10:10.173+00:00 Imported blocks                            blockNumber=20548865 slot=9756662 blocks=548864 txs=87802991 mgas=8309513 bps=34.66 tps=5037 mgps=526.4 avgBps=34.20 avgTps=5471 avgMGps=517.8 elapsed=4h27m27s
Oct 03 06:14:02 nimbus-eth1-mainnet-short-benchmark[262318]: INF 2026-10-03 06:14:02.710+00:00 Imported blocks                            blockNumber=20557057 slot=9764892 blocks=557056 txs=88964987 mgas=8433956 bps=35.23 tps=4997 mgps=535.2 avgBps=34.22 avgTps=5464 avgMGps=518.1 elapsed=4h31m19s
Oct 03 06:17:43 nimbus-eth1-mainnet-short-benchmark[262318]: INF 2026-10-03 06:17:43.027+00:00 Imported blocks                            blockNumber=20565249 slot=9773131 blocks=565248 txs=90186094 mgas=8558113 bps=37.18 tps=5542 mgps=563.5 avgBps=34.26 avgTps=5465 avgMGps=518.7 elapsed=4h34m59s
Oct 03 06:21:25 nimbus-eth1-mainnet-short-benchmark[262318]: INF 2026-10-03 06:21:25.787+00:00 Imported blocks                            blockNumber=20573441 slot=9781369 blocks=573440 txs=91404654 mgas=8682228 bps=36.78 tps=5470 mgps=557.2 avgBps=34.29 avgTps=5465 avgMGps=519.2 elapsed=4h38m42s
Oct 03 06:25:02 nimbus-eth1-mainnet-short-benchmark[262318]: INF 2026-10-03 06:25:02.384+00:00 Imported blocks                            blockNumber=20581633 slot=9789611 blocks=581632 txs=92628389 mgas=8806651 bps=37.82 tps=5649 mgps=574.4 avgBps=34.34 avgTps=5468 avgMGps=519.9 elapsed=4h42m19s
Oct 03 06:28:49 nimbus-eth1-mainnet-short-benchmark[262318]: INF 2026-10-03 06:28:49.097+00:00 Imported blocks                            blockNumber=20589825 slot=9797855 blocks=589824 txs=93887208 mgas=8931023 bps=36.13 tps=5552 mgps=548.6 avgBps=34.36 avgTps=5469 avgMGps=520.3 elapsed=4h46m5s
Oct 03 06:32:39 nimbus-eth1-mainnet-short-benchmark[262318]: INF 2026-10-03 06:32:39.342+00:00 Imported blocks                            blockNumber=20598017 slot=9806095 blocks=598016 txs=95163338 mgas=9055310 bps=35.58 tps=5542 mgps=539.8 avgBps=34.38 avgTps=5470 avgMGps=520.5 elapsed=4h49m56s
Oct 03 06:36:30 nimbus-eth1-mainnet-short-benchmark[262318]: INF 2026-10-03 06:36:30.527+00:00 Imported blocks                            blockNumber=20606209 slot=9814347 blocks=606208 txs=96334664 mgas=9179976 bps=35.44 tps=5066 mgps=539.3 avgBps=34.39 avgTps=5465 avgMGps=520.8 elapsed=4h53m47s
Oct 03 06:40:13 nimbus-eth1-mainnet-short-benchmark[262318]: INF 2026-10-03 06:40:13.227+00:00 Imported blocks                            blockNumber=20614401 slot=9822581 blocks=614400 txs=97573414 mgas=9304574 bps=36.78 tps=5562 mgps=559.5 avgBps=34.42 avgTps=5466 avgMGps=521.3 elapsed=4h57m30s
Oct 03 06:43:54 nimbus-eth1-mainnet-short-benchmark[262318]: INF 2026-10-03 06:43:54.768+00:00 Imported blocks                            blockNumber=20622593 slot=9830821 blocks=622592 txs=98874772 mgas=9428835 bps=36.98 tps=5874 mgps=560.9 avgBps=34.45 avgTps=5471 avgMGps=521.7 elapsed=5h1m11s
Oct 03 06:47:30 nimbus-eth1-mainnet-short-benchmark[262318]: INF 2026-10-03 06:47:30.309+00:00 Imported blocks                            blockNumber=20630785 slot=9839058 blocks=630784 txs=100178707 mgas=9553009 bps=38.01 tps=6049 mgps=576.1 avgBps=34.49 avgTps=5478 avgMGps=522.4 elapsed=5h4m47s
Oct 03 06:51:17 nimbus-eth1-mainnet-short-benchmark[262318]: INF 2026-10-03 06:51:17.862+00:00 Imported blocks                            blockNumber=20638977 slot=9847313 blocks=638976 txs=101489116 mgas=9677171 bps=36.00 tps=5758 mgps=545.6 avgBps=34.51 avgTps=5481 avgMGps=522.7 elapsed=5h8m34s
Oct 03 06:55:01 nimbus-eth1-mainnet-short-benchmark[262318]: INF 2026-10-03 06:55:01.487+00:00 Imported blocks                            blockNumber=20647169 slot=9855549 blocks=647168 txs=102730058 mgas=9801643 bps=36.63 tps=5549 mgps=556.6 avgBps=34.54 avgTps=5482 avgMGps=523.1 elapsed=5h12m18s
Oct 03 06:59:02 nimbus-eth1-mainnet-short-benchmark[262318]: INF 2026-10-03 06:59:02.176+00:00 Imported blocks                            blockNumber=20655361 slot=9863778 blocks=655360 txs=103868002 mgas=9926541 bps=34.04 tps=4727 mgps=518.9 avgBps=34.53 avgTps=5472 avgMGps=523.0 elapsed=5h16m19s
Oct 03 07:02:40 nimbus-eth1-mainnet-short-benchmark[262318]: INF 2026-10-03 07:02:40.380+00:00 Imported blocks                            blockNumber=20663553 slot=9872013 blocks=663552 txs=105112198 mgas=10051274 bps=37.54 tps=5701 mgps=571.6 avgBps=34.56 avgTps=5475 avgMGps=523.6 elapsed=5h19m57s
Oct 03 07:06:08 nimbus-eth1-mainnet-short-benchmark[262318]: INF 2026-10-03 07:06:08.078+00:00 Imported blocks                            blockNumber=20671745 slot=9880241 blocks=671744 txs=106395904 mgas=10175177 bps=39.44 tps=6180 mgps=596.6 avgBps=34.62 avgTps=5482 avgMGps=524.4 elapsed=5h23m24s
Oct 03 07:09:38 nimbus-eth1-mainnet-short-benchmark[262318]: INF 2026-10-03 07:09:38.635+00:00 Imported blocks                            blockNumber=20679937 slot=9888471 blocks=679936 txs=107674271 mgas=10299404 bps=38.91 tps=6071 mgps=590.0 avgBps=34.66 avgTps=5489 avgMGps=525.1 elapsed=5h26m55s
Oct 03 07:13:02 nimbus-eth1-mainnet-short-benchmark[262318]: INF 2026-10-03 07:13:02.712+00:00 Imported blocks                            blockNumber=20688129 slot=9896698 blocks=688128 txs=108938536 mgas=10423298 bps=40.14 tps=6195 mgps=607.1 avgBps=34.72 avgTps=5496 avgMGps=525.9 elapsed=5h30m19s
Oct 03 07:16:39 nimbus-eth1-mainnet-short-benchmark[262318]: INF 2026-10-03 07:16:39.037+00:00 Imported blocks                            blockNumber=20696321 slot=9904930 blocks=696320 txs=110235786 mgas=10547469 bps=37.87 tps=5996 mgps=574.0 avgBps=34.75 avgTps=5501 avgMGps=526.4 elapsed=5h33m55s
Oct 03 07:20:34 nimbus-eth1-mainnet-short-benchmark[262318]: INF 2026-10-03 07:20:34.101+00:00 Imported blocks                            blockNumber=20704513 slot=9913154 blocks=704512 txs=111483759 mgas=10671677 bps=34.85 tps=5309 mgps=528.4 avgBps=34.75 avgTps=5499 avgMGps=526.5 elapsed=5h37m50s
Oct 03 07:24:12 nimbus-eth1-mainnet-short-benchmark[262318]: INF 2026-10-03 07:24:12.938+00:00 Imported blocks                            blockNumber=20712705 slot=9921388 blocks=712704 txs=112764170 mgas=10795980 bps=37.43 tps=5851 mgps=568.0 avgBps=34.78 avgTps=5503 avgMGps=526.9 elapsed=5h41m29s
Oct 03 07:27:37 nimbus-eth1-mainnet-short-benchmark[262318]: INF 2026-10-03 07:27:37.703+00:00 Imported blocks                            blockNumber=20720897 slot=9929633 blocks=720896 txs=114110517 mgas=10919926 bps=40.01 tps=6574 mgps=605.3 avgBps=34.84 avgTps=5514 avgMGps=527.7 elapsed=5h44m54s
Oct 03 07:31:09 nimbus-eth1-mainnet-short-benchmark[262318]: INF 2026-10-03 07:31:09.104+00:00 Imported blocks                            blockNumber=20729089 slot=9937869 blocks=729088 txs=115449431 mgas=11043768 bps=38.75 tps=6333 mgps=585.8 avgBps=34.87 avgTps=5522 avgMGps=528.3 elapsed=5h48m25s
Oct 03 07:34:32 nimbus-eth1-mainnet-short-benchmark[262318]: INF 2026-10-03 07:34:32.105+00:00 Imported blocks                            blockNumber=20737281 slot=9946108 blocks=737280 txs=116784468 mgas=11167784 bps=40.35 tps=6576 mgps=610.9 avgBps=34.93 avgTps=5532 avgMGps=529.1 elapsed=5h51m48s
Oct 03 07:38:07 nimbus-eth1-mainnet-short-benchmark[262318]: INF 2026-10-03 07:38:07.114+00:00 Imported blocks                            blockNumber=20745473 slot=9954342 blocks=745472 txs=118101003 mgas=11291742 bps=38.10 tps=6123 mgps=576.5 avgBps=34.96 avgTps=5538 avgMGps=529.5 elapsed=5h55m23s
Oct 03 07:41:59 nimbus-eth1-mainnet-short-benchmark[262318]: INF 2026-10-03 07:41:59.287+00:00 Imported blocks                            blockNumber=20753665 slot=9962581 blocks=753664 txs=119337525 mgas=11415859 bps=35.28 tps=5325 mgps=534.6 avgBps=34.96 avgTps=5536 avgMGps=529.6 elapsed=5h59m16s
Oct 03 07:45:36 nimbus-eth1-mainnet-short-benchmark[262318]: INF 2026-10-03 07:45:36.552+00:00 Imported blocks                            blockNumber=20761857 slot=9970803 blocks=761856 txs=120564314 mgas=11540225 bps=37.71 tps=5646 mgps=572.4 avgBps=34.99 avgTps=5537 avgMGps=530.0 elapsed=6h2m53s
Oct 03 07:49:01 nimbus-eth1-mainnet-short-benchmark[262318]: INF 2026-10-03 07:49:01.693+00:00 Imported blocks                            blockNumber=20770049 slot=9979058 blocks=770048 txs=121858083 mgas=11663918 bps=39.93 tps=6306 mgps=603.0 avgBps=35.04 avgTps=5544 avgMGps=530.7 elapsed=6h6m18s
Oct 03 07:52:18 nimbus-eth1-mainnet-short-benchmark[262318]: INF 2026-10-03 07:52:18.558+00:00 Imported blocks                            blockNumber=20778241 slot=9987307 blocks=778240 txs=123161734 mgas=11787906 bps=41.61 tps=6622 mgps=629.8 avgBps=35.09 avgTps=5553 avgMGps=531.6 elapsed=6h9m35s
Oct 03 07:55:28 nimbus-eth1-mainnet-short-benchmark[262318]: INF 2026-10-03 07:55:28.963+00:00 Imported blocks                            blockNumber=20786433 slot=9995542 blocks=786432 txs=124509456 mgas=11911612 bps=43.02 tps=7078 mgps=649.7 avgBps=35.16 avgTps=5566 avgMGps=532.6 elapsed=6h12m45s
Oct 03 07:58:46 nimbus-eth1-mainnet-short-benchmark[262318]: INF 2026-10-03 07:58:46.225+00:00 Imported blocks                            blockNumber=20794625 slot=10003781 blocks=794624 txs=125848921 mgas=12035338 bps=41.53 tps=6790 mgps=627.2 avgBps=35.22 avgTps=5577 avgMGps=533.4 elapsed=6h16m3s
Oct 03 08:02:09 nimbus-eth1-mainnet-short-benchmark[262318]: INF 2026-10-03 08:02:09.354+00:00 Imported blocks                            blockNumber=20802817 slot=10012028 blocks=802816 txs=127089868 mgas=12158989 bps=40.33 tps=6109 mgps=608.7 avgBps=35.26 avgTps=5582 avgMGps=534.1 elapsed=6h19m26s
Oct 03 08:05:39 nimbus-eth1-mainnet-short-benchmark[262318]: INF 2026-10-03 08:05:39.527+00:00 Imported blocks                            blockNumber=20811009 slot=10020249 blocks=811008 txs=128299762 mgas=12282850 bps=38.98 tps=5756 mgps=589.3 avgBps=35.30 avgTps=5583 avgMGps=534.6 elapsed=6h22m56s
Oct 03 08:08:55 nimbus-eth1-mainnet-short-benchmark[262318]: INF 2026-10-03 08:08:55.220+00:00 Imported blocks                            blockNumber=20819201 slot=10028481 blocks=819200 txs=129596319 mgas=12406594 bps=41.86 tps=6625 mgps=632.3 avgBps=35.35 avgTps=5592 avgMGps=535.4 elapsed=6h26m12s
Oct 03 08:12:10 nimbus-eth1-mainnet-short-benchmark[262318]: INF 2026-10-03 08:12:10.981+00:00 Imported blocks                            blockNumber=20827393 slot=10036710 blocks=827392 txs=130916729 mgas=12530249 bps=41.85 tps=6744 mgps=631.7 avgBps=35.41 avgTps=5602 avgMGps=536.2 elapsed=6h29m27s
Oct 03 08:15:27 nimbus-eth1-mainnet-short-benchmark[262318]: INF 2026-10-03 08:15:27.618+00:00 Imported blocks                            blockNumber=20835585 slot=10044938 blocks=835584 txs=132226625 mgas=12654070 bps=41.66 tps=6661 mgps=629.7 avgBps=35.46 avgTps=5611 avgMGps=537.0 elapsed=6h32m44s
Oct 03 08:18:57 nimbus-eth1-mainnet-short-benchmark[262318]: INF 2026-10-03 08:18:57.255+00:00 Imported blocks                            blockNumber=20843777 slot=10053164 blocks=843776 txs=133604192 mgas=12777730 bps=39.08 tps=6571 mgps=589.9 avgBps=35.49 avgTps=5619 avgMGps=537.5 elapsed=6h36m14s
Oct 03 08:22:55 nimbus-eth1-mainnet-short-benchmark[262318]: INF 2026-10-03 08:22:55.900+00:00 Imported blocks                            blockNumber=20851969 slot=10061391 blocks=851968 txs=134900706 mgas=12901664 bps=34.33 tps=5432 mgps=519.3 avgBps=35.48 avgTps=5617 avgMGps=537.3 elapsed=6h40m12s
Oct 03 08:26:39 nimbus-eth1-mainnet-short-benchmark[262318]: INF 2026-10-03 08:26:39.161+00:00 Imported blocks                            blockNumber=20860161 slot=10069622 blocks=860160 txs=136168750 mgas=13025603 bps=36.69 tps=5679 mgps=555.1 avgBps=35.49 avgTps=5618 avgMGps=537.4 elapsed=6h43m56s
Oct 03 08:30:19 nimbus-eth1-mainnet-short-benchmark[262318]: INF 2026-10-03 08:30:19.550+00:00 Imported blocks                            blockNumber=20868353 slot=10077838 blocks=868352 txs=137550724 mgas=13149742 bps=37.17 tps=6270 mgps=563.3 avgBps=35.51 avgTps=5624 avgMGps=537.7 elapsed=6h47m36s
Oct 03 08:33:57 nimbus-eth1-mainnet-short-benchmark[262318]: INF 2026-10-03 08:33:57.822+00:00 Imported blocks                            blockNumber=20876545 slot=10086066 blocks=876544 txs=138954673 mgas=13273457 bps=37.53 tps=6432 mgps=566.8 avgBps=35.52 avgTps=5631 avgMGps=537.9 elapsed=6h51m14s
Oct 03 08:37:30 nimbus-eth1-mainnet-short-benchmark[262318]: INF 2026-10-03 08:37:30.523+00:00 Imported blocks                            blockNumber=20884737 slot=10094286 blocks=884736 txs=140256178 mgas=13397479 bps=38.51 tps=6118 mgps=583.1 avgBps=35.55 avgTps=5635 avgMGps=538.3 elapsed=6h54m47s
Oct 03 08:40:55 nimbus-eth1-mainnet-short-benchmark[262318]: INF 2026-10-03 08:40:55.272+00:00 Imported blocks                            blockNumber=20892929 slot=10102512 blocks=892928 txs=141581868 mgas=13521575 bps=40.01 tps=6474 mgps=606.1 avgBps=35.59 avgTps=5642 avgMGps=538.9 elapsed=6h58m12s
Oct 03 08:44:20 nimbus-eth1-mainnet-short-benchmark[262318]: INF 2026-10-03 08:44:20.265+00:00 Imported blocks                            blockNumber=20901121 slot=10110732 blocks=901120 txs=142875889 mgas=13645572 bps=39.96 tps=6312 mgps=604.9 avgBps=35.62 avgTps=5647 avgMGps=539.4 elapsed=7h1m37s
Oct 03 08:47:45 nimbus-eth1-mainnet-short-benchmark[262318]: INF 2026-10-03 08:47:45.455+00:00 Imported blocks                            blockNumber=20909313 slot=10118953 blocks=909312 txs=144102308 mgas=13769390 bps=39.92 tps=5976 mgps=603.4 avgBps=35.66 avgTps=5650 avgMGps=539.9 elapsed=7h5m2s
Oct 03 08:51:05 nimbus-eth1-mainnet-short-benchmark[262318]: INF 2026-10-03 08:51:05.728+00:00 Imported blocks                            blockNumber=20917505 slot=10127176 blocks=917504 txs=145406349 mgas=13893087 bps=40.90 tps=6511 mgps=617.6 avgBps=35.70 avgTps=5657 avgMGps=540.5 elapsed=7h8m22s
Oct 03 08:54:17 nimbus-eth1-mainnet-short-benchmark[262318]: INF 2026-10-03 08:54:17.737+00:00 Imported blocks                            blockNumber=20925697 slot=10135394 blocks=925696 txs=146718394 mgas=14016820 bps=42.66 tps=6833 mgps=644.4 avgBps=35.75 avgTps=5665 avgMGps=541.3 elapsed=7h11m34s
Oct 03 08:57:44 nimbus-eth1-mainnet-short-benchmark[262318]: INF 2026-10-03 08:57:44.334+00:00 Imported blocks                            blockNumber=20933889 slot=10143614 blocks=933888 txs=148049109 mgas=14140625 bps=39.65 tps=6441 mgps=599.3 avgBps=35.78 avgTps=5672 avgMGps=541.8 elapsed=7h15m1s
Oct 03 09:01:02 nimbus-eth1-mainnet-short-benchmark[262318]: INF 2026-10-03 09:01:02.299+00:00 Imported blocks                            blockNumber=20942081 slot=10151840 blocks=942080 txs=149397364 mgas=14264352 bps=41.38 tps=6810 mgps=625.0 avgBps=35.82 avgTps=5680 avgMGps=542.4 elapsed=7h18m19s
Oct 03 09:04:25 nimbus-eth1-mainnet-short-benchmark[262318]: INF 2026-10-03 09:04:25.172+00:00 Imported blocks                            blockNumber=20950273 slot=10160098 blocks=950272 txs=150765507 mgas=14388237 bps=40.38 tps=6743 mgps=610.6 avgBps=35.86 avgTps=5688 avgMGps=542.9 elapsed=7h21m42s
Oct 03 09:08:03 nimbus-eth1-mainnet-short-benchmark[262318]: INF 2026-10-03 09:08:03.993+00:00 Imported blocks                            blockNumber=20958465 slot=10168363 blocks=958464 txs=152044771 mgas=14511987 bps=37.44 tps=5846 mgps=565.5 avgBps=35.87 avgTps=5690 avgMGps=543.1 elapsed=7h25m20s
Oct 03 09:11:34 nimbus-eth1-mainnet-short-benchmark[262318]: INF 2026-10-03 09:11:34.474+00:00 Imported blocks                            blockNumber=20966657 slot=10176609 blocks=966656 txs=153365296 mgas=14635804 bps=38.92 tps=6273 mgps=588.3 avgBps=35.89 avgTps=5694 avgMGps=543.4 elapsed=7h28m51s
Oct 03 09:15:00 nimbus-eth1-mainnet-short-benchmark[262318]: INF 2026-10-03 09:15:00.343+00:00 Imported blocks                            blockNumber=20974849 slot=10184849 blocks=974848 txs=154744917 mgas=14759580 bps=39.79 tps=6701 mgps=601.2 avgBps=35.92 avgTps=5702 avgMGps=543.9 elapsed=7h32m17s
Oct 03 09:18:33 nimbus-eth1-mainnet-short-benchmark[262318]: INF 2026-10-03 09:18:33.080+00:00 Imported blocks                            blockNumber=20983041 slot=10193086 blocks=983040 txs=156055229 mgas=14883451 bps=38.51 tps=6159 mgps=582.3 avgBps=35.94 avgTps=5705 avgMGps=544.2 elapsed=7h35m49s
Oct 03 09:21:41 nimbus-eth1-mainnet-short-benchmark[262318]: INF 2026-10-03 09:21:41.390+00:00 Imported blocks                            blockNumber=20991233 slot=10201319 blocks=991232 txs=157563202 mgas=15007557 bps=43.50 tps=8007 mgps=659.1 avgBps=35.99 avgTps=5721 avgMGps=545.0 elapsed=7h38m58s
Oct 03 09:25:21 nimbus-eth1-mainnet-short-benchmark[262318]: INF 2026-10-03 09:25:21.766+00:00 Imported blocks                            blockNumber=20999425 slot=10209549 blocks=999424 txs=159003277 mgas=15131383 bps=37.17 tps=6534 mgps=561.9 avgBps=36.00 avgTps=5728 avgMGps=545.1 elapsed=7h42m38s
Oct 03 09:25:37 nimbus-eth1-mainnet-short-benchmark[262318]: INF 2026-10-03 09:25:37.798+00:00 Imported blocks                            blockNumber=21000001 slot=10210128 blocks=1000000 txs=159109486 mgas=15140191 bps=35.93 tps=6625 mgps=549.4 avgBps=36.00 avgTps=5728 avgMGps=545.1 elapsed=7h42m54s
Oct 03 09:25:37 nimbus-eth1-mainnet-short-benchmark[262318]: NTC 2026-10-03 09:25:37.798+00:00 Import complete                            blockNumber=21000001 slot=10210128 blocks=1000000 txs=159109486 mgas=15140191
Oct 03 09:25:38 nimbus-eth1-mainnet-short-benchmark[233234]: <<< ending startNimbusWithImport (success)
Oct 03 09:25:38 nimbus-eth1-mainnet-short-benchmark[233234]: >>> starting moveBenchmarkingFileToRepo
Oct 03 09:25:38 nimbus-eth1-mainnet-short-benchmark[233234]: >>> copying debug-csv generated by nimbus to benchmarks repo
Oct 03 09:25:38 nimbus-eth1-mainnet-short-benchmark[233234]: <<< ending moveBenchmarkingFileToRepo (success)
Oct 03 09:25:38 nimbus-eth1-mainnet-short-benchmark[233234]: >>> starting generateBuildEnvironmentLogFile
Oct 03 09:25:47 nimbus-eth1-mainnet-short-benchmark[233234]: <<< ending generateBuildEnvironmentLogFile (success)
Oct 03 09:25:47 nimbus-eth1-mainnet-short-benchmark[233234]: >>> starting generateSystemdServiceLogs
