Aug 21 19:42:28 nimbus-eth1-mainnet-short-benchmark[2605468]: >>> starting cloneOrFetchBenchmarksRepo
Aug 21 19:42:28 nimbus-eth1-mainnet-short-benchmark[2605468]: >>> Fetching latest changes for nimbus-eth1-benchmarks...
Aug 21 19:42:30 nimbus-eth1-mainnet-short-benchmark[2605515]: HEAD is now at 8cf23b7 chore: update short benchmark Readme
Aug 21 19:42:30 nimbus-eth1-mainnet-short-benchmark[2605468]: <<< ending cloneOrFetchBenchmarksRepo (success)
Aug 21 19:42:30 nimbus-eth1-mainnet-short-benchmark[2605468]: >>> starting cloneOrFetchNimbusRepo
Aug 21 19:42:41 nimbus-eth1-mainnet-short-benchmark[2605468]: >>> Fetching latest changes for nimbus-eth1...
Aug 21 19:42:42 nimbus-eth1-mainnet-short-benchmark[2605863]: From https://github.com/status-im/nimbus-eth1
Aug 21 19:42:42 nimbus-eth1-mainnet-short-benchmark[2605863]:    868cbb2ab..4e225c616  master                  -> origin/master
Aug 21 19:42:42 nimbus-eth1-mainnet-short-benchmark[2605863]:  * [new branch]          snap2-sync-maint-update -> origin/snap2-sync-maint-update
Aug 21 19:42:42 nimbus-eth1-mainnet-short-benchmark[2605892]: HEAD is now at 4e225c616 KVT put and receipt root optimization (#4671)
Aug 21 19:42:42 nimbus-eth1-mainnet-short-benchmark[2605468]: >>> Found last benchmarked commit: cde53ac2
Aug 21 19:42:42 nimbus-eth1-mainnet-short-benchmark[2605468]: >>> Using next commit: 106412b6d6a21f3bcbdb985ed30a79aa91d77e1c
Aug 21 19:42:42 nimbus-eth1-mainnet-short-benchmark[2605908]: HEAD is now at 106412b6d bump nim-stint to optimize SIGNEXTEND, ADDMOD, and SUB opcodes (#4560)
Aug 21 19:42:42 nimbus-eth1-mainnet-short-benchmark[2605468]: >>> Current commit: 106412b6d
Aug 21 19:42:42 nimbus-eth1-mainnet-short-benchmark[2605468]: <<< ending cloneOrFetchNimbusRepo (success)
Aug 21 19:42:42 nimbus-eth1-mainnet-short-benchmark[2605468]: >>> starting buildBinaries
Aug 21 19:42:42 nimbus-eth1-mainnet-short-benchmark[2605468]: >>> Building binaries for commit 106412b6...
Aug 21 19:42:44 nimbus-eth1-mainnet-short-benchmark[2607115]: Submodule path 'vendor/nim-chronicles': checked out 'b8ca1cc63aa0ce037d07a15207efa6b71b86de5e'
Aug 21 19:42:44 nimbus-eth1-mainnet-short-benchmark[2607115]: Submodule path 'vendor/nim-faststreams': checked out '90f7812f64a68d143188469bb5fe8f01d9865b55'
Aug 21 19:42:44 nimbus-eth1-mainnet-short-benchmark[2607115]: Submodule path 'vendor/nim-metrics': checked out 'bbabc0343725ea8d22d73f232d966521b37c2dd6'
Aug 21 19:42:45 nimbus-eth1-mainnet-short-benchmark[2607115]: Submodule path 'vendor/nim-stint': checked out 'd4359be024d8fb96347004528628fc2ae707be3f'
Aug 21 19:42:50 nimbus-eth1-mainnet-short-benchmark[2611414]: Building: Nim compiler
Aug 21 19:45:43 nimbus-eth1-mainnet-short-benchmark[2611414]: Building custom Nimble commit: 42ef70c2102a942c46f13eb76872326edd525cec
Aug 21 19:45:53 nimbus-eth1-mainnet-short-benchmark[2611414]: Building Nimble...
Aug 21 19:46:03 nimbus-eth1-mainnet-short-benchmark[2611414]: Replacing nimble binary...
Aug 21 19:46:10 nimbus-eth1-mainnet-short-benchmark[2627767]: cp: cannot stat '/data/status-im/nimbus-eth1/build/*': No such file or directory
Aug 21 19:46:10 nimbus-eth1-mainnet-short-benchmark[2627742]: ROCKSDB VERSION NOT FOUND
Aug 21 19:46:10 nimbus-eth1-mainnet-short-benchmark[2627897]: make[1]: Entering directory '/data/status-im/nimbus-eth1/vendor/nim-rocksdb/vendor/rocksdb'
Aug 21 19:46:10 nimbus-eth1-mainnet-short-benchmark[2627897]: $DEBUG_LEVEL is 0, $LIB_MODE is static
Aug 21 19:46:11 nimbus-eth1-mainnet-short-benchmark[2627897]: make[1]: Leaving directory '/data/status-im/nimbus-eth1/vendor/nim-rocksdb/vendor/rocksdb'
Aug 21 19:46:11 nimbus-eth1-mainnet-short-benchmark[2628339]: Cleaning up RocksDb build artifacts.
Aug 21 19:46:12 nimbus-eth1-mainnet-short-benchmark[2627771]: Building RocksDb static libraries.
Aug 21 19:49:25 nimbus-eth1-mainnet-short-benchmark[2631866]: Building: build/nimbus_execution_client
Aug 21 19:51:58 nimbus-eth1-mainnet-short-benchmark[2605468]: >>> renaming binaries to match commit they were built from
Aug 21 19:51:58 nimbus-eth1-mainnet-short-benchmark[2605468]: >>> creating a symbolic link to the latest version
Aug 21 19:51:58 nimbus-eth1-mainnet-short-benchmark[2605468]: >>> deleting copies that are older than N days
Aug 21 19:51:58 nimbus-eth1-mainnet-short-benchmark[2605468]: <<< ending buildBinaries (success)
Aug 21 19:51:58 nimbus-eth1-mainnet-short-benchmark[2605468]: >>> starting skipOrContinueBenchmark
Aug 21 19:51:58 nimbus-eth1-mainnet-short-benchmark[2605468]: <<< ending skipOrContinueBenchmark (success)
Aug 21 19:51:58 nimbus-eth1-mainnet-short-benchmark[2605468]: >>> starting copyTemplateDatabase
Aug 21 19:51:58 nimbus-eth1-mainnet-short-benchmark[2605468]: >>> Copying template db into nimbus data directory
Aug 21 19:55:00 nimbus-eth1-mainnet-short-benchmark[2605468]: >>> Template db copied
Aug 21 19:55:00 nimbus-eth1-mainnet-short-benchmark[2605468]: >>> making nimbus the owner of the copied files
Aug 21 19:55:00 nimbus-eth1-mainnet-short-benchmark[2605468]: <<< ending copyTemplateDatabase (success)
Aug 21 19:55:00 nimbus-eth1-mainnet-short-benchmark[2605468]: >>> starting startNimbusWithImport
Aug 21 19:55:00 nimbus-eth1-mainnet-short-benchmark[2637531]: INF 2026-08-21 19:55:00.456+00:00 Launching execution client                 version=v0.3.1-106412b6 config="(configFile: none(InputFile), dataDirFlag: some(/data/status-im/nimbus-eth1/data/shared_mainnet_0), era1DirFlag: some(/data/era1), eraDirFlag: some(/data/era), ereDirFlag: none(OutDir), keyStoreDirFlag: none(OutDir), importKey: , trustedSetupFile: none(string), extraData: Nimbus/v0.3.1-106412b6, gasLimit: none(uint64), maxBlobs: none(byte), network: [mainnet], customNetwork: none(NetworkParams), networkId: 1, networkParams: (config: ..., genesis: (nonce: 0x0000000000000042, timestamp: 0, extraData: [17, 187, 232, 219, 78, 52, 123, 78, 140, 147, 124, 28, 131, 112, 228, 181, 237, 51, 173, 179, 219, 105, 203, 219, 122, 56, 225, 229, 11, 27, 130, 250], gasLimit: 5000, difficulty: 17179869184, mixHash: 0x0000000000000000000000000000000000000000000000000000000000000000, coinbase: 0x0000000000000000000000000000000000000000, alloc: 8893, number: 0, gasUser: 0, parentHash: 0x0000000000000000000000000000000000000000000000000000000000000000, baseFeePerGas: none(), blobGasUsed: -1, excessBlobGas: -1, parentBeaconBlockRoot: none())), logLevel: INFO, logFormat: auto, metricsEnabled: false, metricsPort: 9093, metricsAddress: 127.0.0.1, bootstrapNodes: [], elBootstrapNodes: [], bootstrapFile: , elBootstrapFile: , staticPeers: [], staticPeersFile: , reconnectMaxRetry: 0, reconnectInterval: 15, listenAddress: ::, tcpPort: 30303, udpPortFlag: none(Port), maxPeersOpt: none(int), elMaxPeersOpt: none(int), nat: (hasExtIp: false, nat: NatAny), discv5: true, netKey: random, agentString: Nimbus/v0.3.1-106412b6/linux-amd64/Nim-2.2.10, numThreads: 0, persistBatchSize: 4, dynamicBatchSize: false, rocksdbMaxOpenFiles: 2048, rocksdbWriteBufferSize: 67108864, rocksdbRowCacheSize: 0, rocksdbBlockCacheSize: 2147483648, rocksdbBlockCacheType: hyperclock, rdbVtxCacheSize: 536870912, rdbKeyCacheSize: 1342177280, rdbBranchCacheSize: 1073741824, rdbPrintStats: false, rewriteDatadirId: true, aristoDbMaxSnapshots: 5, parallelStateRootComputation: false, parallelSenderRecovery: true, optimisticStatePrefetch: false, balStatePrefetch: false, balStatePrefetchWorkers: 0, balParallelExecution: false, eagerStateRootCheck: false, deserializeFcState: true, statelessProvider: false, statelessWitnessValidation: false, cmd: import, maxBlocks: 1000000, chunkSize: 8192, csvStats: some("/data/host-benchmarks/short/79c41f4e8bb448bab068f49ce834d2fa/blocks-import-benchmark.csv"), validation: false, fullValidation: false, storeBodies: false, storeReceipts: false, storeSlotHashes: false)"
Aug 21 19:55:00 nimbus-eth1-mainnet-short-benchmark[2637531]: WRN 2026-08-21 19:55:00.456+00:00 Data directory has insecure permissions. Correcting them. data_dir=/data/status-im/nimbus-eth1/data/shared_mainnet_0 current_permissions=0755 required_permissions=0700
Aug 21 19:55:02 nimbus-eth1-mainnet-short-benchmark[2637531]: INF 2026-08-21 19:55:02.364+00:00 Taskpool started                           numThreads=16
Aug 21 19:55:02 nimbus-eth1-mainnet-short-benchmark[2637531]: INF 2026-08-21 19:55:02.484+00:00 Writing data dir ID                        ID=0x0a036d6f6dfe59156bb6359f0243c93d5a421ed688de5aa85a62d15dca8dbd5c
Aug 21 19:55:02 nimbus-eth1-mainnet-short-benchmark[2637531]: INF 2026-08-21 19:55:02.504+00:00 Database initialized                       base="(0xd24fd73f794058a3807db926d8898c6481e902b7edb91ce0d479d6760f276183, 20000000)" finalized="(0xd24fd73f794058a3807db926d8898c6481e902b7edb91ce0d479d6760f276183, 20000000)" head="(0xd4e56740f876aef8c010b86a40d5f56745a118d0906a34e69aec8c0db1cb8fa3, 0)"
Aug 21 19:55:02 nimbus-eth1-mainnet-short-benchmark[2637531]: NTC 2026-08-21 19:55:02.504+00:00 Could not open ere database, falling back to era1/era import ereDir=/data/status-im/nimbus-eth1/data/shared_mainnet_0/ere networkName=mainnet error="No ere files found in /data/status-im/nimbus-eth1/data/shared_mainnet_0/ere"
Aug 21 19:55:02 nimbus-eth1-mainnet-short-benchmark[2637531]: NTC 2026-08-21 19:55:02.504+00:00 Importing era archive                      blockNumber=20000001 dataDir=/data/status-im/nimbus-eth1/data/shared_mainnet_0 eraDir=/data/era
Aug 21 19:55:04 nimbus-eth1-mainnet-short-benchmark[2637531]: NTC 2026-08-21 19:55:04.720+00:00 Matched block to slot number               blockNumber=20000001 slot=9204783
Aug 21 20:01:11 nimbus-eth1-mainnet-short-benchmark[2637531]: INF 2026-08-21 20:01:11.915+00:00 Imported blocks                            blockNumber=20008193 slot=9213020 blocks=8192 txs=1226966 mgas=124237 bps=22.18 tps=3321 mgps=336.3 avgBps=22.18 avgTps=3321 avgMGps=336.3 elapsed=6m9s412ms
Aug 21 20:06:49 nimbus-eth1-mainnet-short-benchmark[2637531]: INF 2026-08-21 20:06:49.162+00:00 Imported blocks                            blockNumber=20016385 slot=9221256 blocks=16384 txs=2540380 mgas=248071 bps=24.29 tps=3894 mgps=367.2 avgBps=23.19 avgTps=3594 avgMGps=351.0 elapsed=11m46s658ms
Aug 21 20:12:09 nimbus-eth1-mainnet-short-benchmark[2637531]: INF 2026-08-21 20:12:09.846+00:00 Imported blocks                            blockNumber=20024577 slot=9229485 blocks=24576 txs=3869398 mgas=372018 bps=25.55 tps=4144 mgps=386.5 avgBps=23.92 avgTps=3766 avgMGps=362.1 elapsed=17m7s341ms
Aug 21 20:16:58 nimbus-eth1-mainnet-short-benchmark[2637531]: INF 2026-08-21 20:16:58.918+00:00 Imported blocks                            blockNumber=20032769 slot=9237722 blocks=32768 txs=5222766 mgas=495797 bps=28.34 tps=4681 mgps=428.2 avgBps=24.89 avgTps=3967 avgMGps=376.6 elapsed=21m56s416ms
Aug 21 20:21:35 nimbus-eth1-mainnet-short-benchmark[2637531]: INF 2026-08-21 20:21:35.766+00:00 Imported blocks                            blockNumber=20040961 slot=9245957 blocks=40960 txs=6566802 mgas=619586 bps=29.59 tps=4854 mgps=447.1 avgBps=25.71 avgTps=4121 avgMGps=388.9 elapsed=26m33s261ms
Aug 21 20:26:38 nimbus-eth1-mainnet-short-benchmark[2637531]: INF 2026-08-21 20:26:38.305+00:00 Imported blocks                            blockNumber=20049153 slot=9254196 blocks=49152 txs=7904746 mgas=743522 bps=27.08 tps=4422 mgps=409.7 avgBps=25.93 avgTps=4169 avgMGps=392.2 elapsed=31m35s801ms
Aug 21 20:31:27 nimbus-eth1-mainnet-short-benchmark[2637531]: INF 2026-08-21 20:31:27.945+00:00 Imported blocks                            blockNumber=20057345 slot=9262435 blocks=57344 txs=9212009 mgas=867360 bps=28.28 tps=4513 mgps=427.6 avgBps=26.24 avgTps=4215 avgMGps=396.9 elapsed=36m25s442ms
Aug 21 20:35:55 nimbus-eth1-mainnet-short-benchmark[2637531]: INF 2026-08-21 20:35:55.277+00:00 Imported blocks                            blockNumber=20065537 slot=9270674 blocks=65536 txs=10559018 mgas=991371 bps=30.64 tps=5038 mgps=463.9 avgBps=26.72 avgTps=4304 avgMGps=404.2 elapsed=40m52s776ms
Aug 21 20:40:08 nimbus-eth1-mainnet-short-benchmark[2637531]: INF 2026-08-21 20:40:08.006+00:00 Imported blocks                            blockNumber=20073729 slot=9278910 blocks=73728 txs=11898676 mgas=1115111 bps=32.41 tps=5300 mgps=489.6 avgBps=27.25 avgTps=4397 avgMGps=412.2 elapsed=45m5s501ms
Aug 21 20:44:11 nimbus-eth1-mainnet-short-benchmark[2637531]: INF 2026-08-21 20:44:11.530+00:00 Imported blocks                            blockNumber=20081921 slot=9287152 blocks=81920 txs=13323263 mgas=1239150 bps=33.64 tps=5849 mgps=509.4 avgBps=27.78 avgTps=4517 avgMGps=420.2 elapsed=49m9s25ms
Aug 21 20:48:12 nimbus-eth1-mainnet-short-benchmark[2637531]: INF 2026-08-21 20:48:12.811+00:00 Imported blocks                            blockNumber=20090113 slot=9295408 blocks=90112 txs=14697082 mgas=1363113 bps=33.95 tps=5693 mgps=513.8 avgBps=28.25 avgTps=4606 avgMGps=427.3 elapsed=53m10s305ms
Aug 21 20:52:30 nimbus-eth1-mainnet-short-benchmark[2637531]: INF 2026-08-21 20:52:30.511+00:00 Imported blocks                            blockNumber=20098305 slot=9303658 blocks=98304 txs=16025683 mgas=1487146 bps=31.79 tps=5155 mgps=481.3 avgBps=28.51 avgTps=4647 avgMGps=431.3 elapsed=57m28s5ms
Aug 21 20:56:59 nimbus-eth1-mainnet-short-benchmark[2637531]: INF 2026-08-21 20:56:59.460+00:00 Imported blocks                            blockNumber=20106497 slot=9311895 blocks=106496 txs=17337157 mgas=1611066 bps=30.46 tps=4876 mgps=460.8 avgBps=28.65 avgTps=4664 avgMGps=433.4 elapsed=1h1m56s
Aug 21 21:01:14 nimbus-eth1-mainnet-short-benchmark[2637531]: INF 2026-08-21 21:01:14.388+00:00 Imported blocks                            blockNumber=20114689 slot=9320146 blocks=114688 txs=18632097 mgas=1735123 bps=32.13 tps=5079 mgps=486.6 avgBps=28.87 avgTps=4691 avgMGps=436.9 elapsed=1h6m11s
Aug 21 21:05:15 nimbus-eth1-mainnet-short-benchmark[2637531]: INF 2026-08-21 21:05:15.621+00:00 Imported blocks                            blockNumber=20122881 slot=9328409 blocks=122880 txs=19937418 mgas=1859249 bps=33.96 tps=5410 mgps=514.5 avgBps=29.17 avgTps=4732 avgMGps=441.3 elapsed=1h10m13s
Aug 21 21:09:13 nimbus-eth1-mainnet-short-benchmark[2637531]: INF 2026-08-21 21:09:13.749+00:00 Imported blocks                            blockNumber=20131073 slot=9336660 blocks=131072 txs=21214129 mgas=1983500 bps=34.40 tps=5361 mgps=521.8 avgBps=29.45 avgTps=4765 avgMGps=445.6 elapsed=1h14m11s
Aug 21 21:13:08 nimbus-eth1-mainnet-short-benchmark[2637531]: INF 2026-08-21 21:13:08.518+00:00 Imported blocks                            blockNumber=20139265 slot=9344906 blocks=139264 txs=22579079 mgas=2107571 bps=34.89 tps=5813 mgps=528.5 avgBps=29.72 avgTps=4818 avgMGps=449.8 elapsed=1h18m6s
Aug 21 21:17:48 nimbus-eth1-mainnet-short-benchmark[2637531]: INF 2026-08-21 21:17:48.410+00:00 Imported blocks                            blockNumber=20147457 slot=9353153 blocks=147456 txs=24133322 mgas=2231686 bps=29.27 tps=5553 mgps=443.4 avgBps=29.69 avgTps=4859 avgMGps=449.4 elapsed=1h22m45s
Aug 21 21:22:18 nimbus-eth1-mainnet-short-benchmark[2637531]: INF 2026-08-21 21:22:18.962+00:00 Imported blocks                            blockNumber=20155649 slot=9361407 blocks=155648 txs=25424015 mgas=2356018 bps=30.28 tps=4770 mgps=459.5 avgBps=29.72 avgTps=4855 avgMGps=449.9 elapsed=1h27m16s
Aug 21 21:26:27 nimbus-eth1-mainnet-short-benchmark[2637531]: INF 2026-08-21 21:26:27.679+00:00 Imported blocks                            blockNumber=20163841 slot=9369652 blocks=163840 txs=26749549 mgas=2480207 bps=32.94 tps=5329 mgps=499.3 avgBps=29.87 avgTps=4876 avgMGps=452.2 elapsed=1h31m25s
Aug 21 21:30:31 nimbus-eth1-mainnet-short-benchmark[2637531]: INF 2026-08-21 21:30:31.343+00:00 Imported blocks                            blockNumber=20172033 slot=9377892 blocks=172032 txs=28105316 mgas=2604026 bps=33.62 tps=5564 mgps=508.2 avgBps=30.03 avgTps=4905 avgMGps=454.5 elapsed=1h35m28s
Aug 21 21:34:39 nimbus-eth1-mainnet-short-benchmark[2637531]: INF 2026-08-21 21:34:39.788+00:00 Imported blocks                            blockNumber=20180225 slot=9386128 blocks=180224 txs=29524405 mgas=2728170 bps=32.97 tps=5711 mgps=499.7 avgBps=30.15 avgTps=4939 avgMGps=456.4 elapsed=1h39m37s
Aug 21 21:38:31 nimbus-eth1-mainnet-short-benchmark[2637531]: INF 2026-08-21 21:38:31.708+00:00 Imported blocks                            blockNumber=20188417 slot=9394365 blocks=188416 txs=30849021 mgas=2852023 bps=35.32 tps=5711 mgps=534.0 avgBps=30.34 avgTps=4968 avgMGps=459.3 elapsed=1h43m29s
Aug 21 21:42:46 nimbus-eth1-mainnet-short-benchmark[2637531]: INF 2026-08-21 21:42:46.809+00:00 Imported blocks                            blockNumber=20196609 slot=9402602 blocks=196608 txs=32174755 mgas=2976155 bps=32.11 tps=5196 mgps=486.6 avgBps=30.41 avgTps=4977 avgMGps=460.4 elapsed=1h47m44s
Aug 21 21:47:18 nimbus-eth1-mainnet-short-benchmark[2637531]: INF 2026-08-21 21:47:18.737+00:00 Imported blocks                            blockNumber=20204801 slot=9410840 blocks=204800 txs=33475942 mgas=3100410 bps=30.13 tps=4785 mgps=456.9 avgBps=30.40 avgTps=4969 avgMGps=460.3 elapsed=1h52m16s
Aug 21 21:51:27 nimbus-eth1-mainnet-short-benchmark[2637531]: INF 2026-08-21 21:51:27.189+00:00 Imported blocks                            blockNumber=20212993 slot=9419071 blocks=212992 txs=34798508 mgas=3224370 bps=32.97 tps=5323 mgps=498.9 avgBps=30.49 avgTps=4982 avgMGps=461.6 elapsed=1h56m24s
Aug 21 21:55:31 nimbus-eth1-mainnet-short-benchmark[2637531]: INF 2026-08-21 21:55:31.990+00:00 Imported blocks                            blockNumber=20221185 slot=9427313 blocks=221184 txs=36114045 mgas=3348169 bps=33.46 tps=5373 mgps=505.7 avgBps=30.59 avgTps=4995 avgMGps=463.1 elapsed=2h29s485ms
Aug 21 21:59:14 nimbus-eth1-mainnet-short-benchmark[2637531]: INF 2026-08-21 21:59:14.935+00:00 Imported blocks                            blockNumber=20229377 slot=9435549 blocks=229376 txs=37421794 mgas=3472031 bps=36.74 tps=5865 mgps=555.6 avgBps=30.78 avgTps=5021 avgMGps=465.9 elapsed=2h4m12s
Aug 21 22:03:08 nimbus-eth1-mainnet-short-benchmark[2637531]: INF 2026-08-21 22:03:08.003+00:00 Imported blocks                            blockNumber=20237569 slot=9443788 blocks=237568 txs=38842064 mgas=3596351 bps=35.15 tps=6093 mgps=533.4 avgBps=30.91 avgTps=5053 avgMGps=467.9 elapsed=2h8m5s
Aug 21 22:07:19 nimbus-eth1-mainnet-short-benchmark[2637531]: INF 2026-08-21 22:07:19.156+00:00 Imported blocks                            blockNumber=20245761 slot=9452021 blocks=245760 txs=40225739 mgas=3720100 bps=32.62 tps=5509 mgps=492.7 avgBps=30.97 avgTps=5068 avgMGps=468.7 elapsed=2h12m16s
Aug 21 22:11:49 nimbus-eth1-mainnet-short-benchmark[2637531]: INF 2026-08-21 22:11:49.416+00:00 Imported blocks                            blockNumber=20253953 slot=9460253 blocks=253952 txs=41454921 mgas=3844385 bps=30.31 tps=4548 mgps=459.9 avgBps=30.94 avgTps=5051 avgMGps=468.4 elapsed=2h16m46s
Aug 21 22:16:06 nimbus-eth1-mainnet-short-benchmark[2637531]: INF 2026-08-21 22:16:06.736+00:00 Imported blocks                            blockNumber=20262145 slot=9468495 blocks=262144 txs=42726051 mgas=3968623 bps=31.84 tps=4939 mgps=482.8 avgBps=30.97 avgTps=5047 avgMGps=468.9 elapsed=2h21m4s
Aug 21 22:20:04 nimbus-eth1-mainnet-short-benchmark[2637531]: INF 2026-08-21 22:20:04.545+00:00 Imported blocks                            blockNumber=20270337 slot=9476748 blocks=270336 txs=44050436 mgas=4092682 bps=34.45 tps=5569 mgps=521.7 avgBps=31.07 avgTps=5062 avgMGps=470.3 elapsed=2h25m2s
Aug 21 22:23:46 nimbus-eth1-mainnet-short-benchmark[2637531]: INF 2026-08-21 22:23:46.974+00:00 Imported blocks                            blockNumber=20278529 slot=9484981 blocks=278528 txs=45382368 mgas=4216487 bps=36.83 tps=5988 mgps=556.6 avgBps=31.21 avgTps=5085 avgMGps=472.5 elapsed=2h28m44s
Aug 21 22:27:36 nimbus-eth1-mainnet-short-benchmark[2637531]: INF 2026-08-21 22:27:36.083+00:00 Imported blocks                            blockNumber=20286721 slot=9493213 blocks=286720 txs=46733429 mgas=4340363 bps=35.76 tps=5897 mgps=540.7 avgBps=31.32 avgTps=5105 avgMGps=474.2 elapsed=2h32m33s
Aug 21 22:31:45 nimbus-eth1-mainnet-short-benchmark[2637531]: INF 2026-08-21 22:31:45.479+00:00 Imported blocks                            blockNumber=20294913 slot=9501453 blocks=294912 txs=48075887 mgas=4464376 bps=32.85 tps=5382 mgps=497.3 avgBps=31.36 avgTps=5112 avgMGps=474.8 elapsed=2h36m42s
Aug 21 22:35:49 nimbus-eth1-mainnet-short-benchmark[2637531]: INF 2026-08-21 22:35:49.596+00:00 Imported blocks                            blockNumber=20303105 slot=9509696 blocks=303104 txs=49379538 mgas=4588534 bps=33.56 tps=5340 mgps=508.6 avgBps=31.42 avgTps=5118 avgMGps=475.6 elapsed=2h40m47s
Aug 21 22:39:47 nimbus-eth1-mainnet-short-benchmark[2637531]: INF 2026-08-21 22:39:47.620+00:00 Imported blocks                            blockNumber=20311297 slot=9517922 blocks=311296 txs=50637672 mgas=4712596 bps=34.42 tps=5285 mgps=521.2 avgBps=31.49 avgTps=5122 avgMGps=476.7 elapsed=2h44m45s
Aug 21 22:43:36 nimbus-eth1-mainnet-short-benchmark[2637531]: INF 2026-08-21 22:43:36.661+00:00 Imported blocks                            blockNumber=20319489 slot=9526159 blocks=319488 txs=51981692 mgas=4836521 bps=35.77 tps=5867 mgps=541.1 avgBps=31.59 avgTps=5139 avgMGps=478.2 elapsed=2h48m34s
Aug 21 22:47:06 nimbus-eth1-mainnet-short-benchmark[2637531]: INF 2026-08-21 22:47:06.866+00:00 Imported blocks                            blockNumber=20327681 slot=9534381 blocks=327680 txs=53356123 mgas=4960245 bps=38.97 tps=6538 mgps=588.6 avgBps=31.74 avgTps=5167 avgMGps=480.4 elapsed=2h52m4s
Aug 21 22:50:37 nimbus-eth1-mainnet-short-benchmark[2637531]: INF 2026-08-21 22:50:37.423+00:00 Imported blocks                            blockNumber=20335873 slot=9542617 blocks=335872 txs=54719105 mgas=5084025 bps=38.91 tps=6473 mgps=587.9 avgBps=31.88 avgTps=5194 avgMGps=482.6 elapsed=2h55m34s
Aug 21 22:54:26 nimbus-eth1-mainnet-short-benchmark[2637531]: INF 2026-08-21 22:54:26.276+00:00 Imported blocks                            blockNumber=20344065 slot=9550841 blocks=344064 txs=56021853 mgas=5207843 bps=35.80 tps=5692 mgps=541.0 avgBps=31.97 avgTps=5204 avgMGps=483.8 elapsed=2h59m23s
Aug 21 22:58:45 nimbus-eth1-mainnet-short-benchmark[2637531]: INF 2026-08-21 22:58:45.864+00:00 Imported blocks                            blockNumber=20352257 slot=9559072 blocks=352256 txs=57290408 mgas=5332016 bps=31.56 tps=4886 mgps=478.3 avgBps=31.96 avgTps=5197 avgMGps=483.7 elapsed=3h3m43s
Aug 21 23:02:43 nimbus-eth1-mainnet-short-benchmark[2637531]: INF 2026-08-21 23:02:43.005+00:00 Imported blocks                            blockNumber=20360449 slot=9567308 blocks=360448 txs=58543463 mgas=5456201 bps=34.54 tps=5283 mgps=523.7 avgBps=32.01 avgTps=5199 avgMGps=484.5 elapsed=3h7m40s
Aug 21 23:06:31 nimbus-eth1-mainnet-short-benchmark[2637531]: INF 2026-08-21 23:06:31.425+00:00 Imported blocks                            blockNumber=20368641 slot=9575548 blocks=368640 txs=59874056 mgas=5580204 bps=35.86 tps=5825 mgps=542.9 avgBps=32.09 avgTps=5211 avgMGps=485.7 elapsed=3h11m28s
Aug 21 23:10:28 nimbus-eth1-mainnet-short-benchmark[2637531]: INF 2026-08-21 23:10:28.970+00:00 Imported blocks                            blockNumber=20376833 slot=9583774 blocks=376832 txs=61167066 mgas=5704396 bps=34.49 tps=5443 mgps=522.8 avgBps=32.14 avgTps=5216 avgMGps=486.5 elapsed=3h15m26s
Aug 21 23:14:20 nimbus-eth1-mainnet-short-benchmark[2637531]: INF 2026-08-21 23:14:20.415+00:00 Imported blocks                            blockNumber=20385025 slot=9592009 blocks=385024 txs=62480333 mgas=5828235 bps=35.40 tps=5674 mgps=535.1 avgBps=32.20 avgTps=5225 avgMGps=487.4 elapsed=3h19m17s
Aug 21 23:18:12 nimbus-eth1-mainnet-short-benchmark[2637531]: INF 2026-08-21 23:18:12.856+00:00 Imported blocks                            blockNumber=20393217 slot=9600248 blocks=393216 txs=63800597 mgas=5952136 bps=35.24 tps=5680 mgps=533.0 avgBps=32.26 avgTps=5233 avgMGps=488.3 elapsed=3h23m10s
Aug 21 23:21:56 nimbus-eth1-mainnet-short-benchmark[2637531]: INF 2026-08-21 23:21:56.960+00:00 Imported blocks                            blockNumber=20401409 slot=9608486 blocks=401408 txs=65021243 mgas=6076384 bps=36.55 tps=5446 mgps=554.4 avgBps=32.33 avgTps=5237 avgMGps=489.5 elapsed=3h26m54s
Aug 21 23:25:54 nimbus-eth1-mainnet-short-benchmark[2637531]: INF 2026-08-21 23:25:54.613+00:00 Imported blocks                            blockNumber=20409601 slot=9616707 blocks=409600 txs=66199016 mgas=6200666 bps=34.47 tps=4955 mgps=523.0 avgBps=32.37 avgTps=5232 avgMGps=490.1 elapsed=3h30m52s
Aug 21 23:29:45 nimbus-eth1-mainnet-short-benchmark[2637531]: INF 2026-08-21 23:29:45.370+00:00 Imported blocks                            blockNumber=20417793 slot=9624941 blocks=417792 txs=67453930 mgas=6324823 bps=35.50 tps=5438 mgps=538.0 avgBps=32.43 avgTps=5235 avgMGps=490.9 elapsed=3h34m42s
Aug 21 23:33:07 nimbus-eth1-mainnet-short-benchmark[2637531]: INF 2026-08-21 23:33:07.091+00:00 Imported blocks                            blockNumber=20425985 slot=9633187 blocks=425984 txs=68814904 mgas=6448778 bps=40.61 tps=6746 mgps=614.5 avgBps=32.56 avgTps=5259 avgMGps=492.9 elapsed=3h38m4s
Aug 21 23:36:29 nimbus-eth1-mainnet-short-benchmark[2637531]: INF 2026-08-21 23:36:29.820+00:00 Imported blocks                            blockNumber=20434177 slot=9641422 blocks=434176 txs=70124508 mgas=6572711 bps=40.41 tps=6459 mgps=611.3 avgBps=32.68 avgTps=5277 avgMGps=494.7 elapsed=3h41m27s
Aug 21 23:40:05 nimbus-eth1-mainnet-short-benchmark[2637531]: INF 2026-08-21 23:40:05.417+00:00 Imported blocks                            blockNumber=20442369 slot=9649657 blocks=442368 txs=71403576 mgas=6696451 bps=38.00 tps=5932 mgps=573.9 avgBps=32.76 avgTps=5288 avgMGps=495.9 elapsed=3h45m2s
Aug 21 23:43:59 nimbus-eth1-mainnet-short-benchmark[2637531]: INF 2026-08-21 23:43:59.378+00:00 Imported blocks                            blockNumber=20450561 slot=9657896 blocks=450560 txs=72659905 mgas=6820521 bps=35.01 tps=5369 mgps=530.3 avgBps=32.80 avgTps=5289 avgMGps=496.5 elapsed=3h48m56s
Aug 21 23:48:13 nimbus-eth1-mainnet-short-benchmark[2637531]: INF 2026-08-21 23:48:13.466+00:00 Imported blocks                            blockNumber=20458753 slot=9666114 blocks=458752 txs=73838533 mgas=6945116 bps=32.24 tps=4638 mgps=490.4 avgBps=32.79 avgTps=5277 avgMGps=496.4 elapsed=3h53m10s
Aug 21 23:52:05 nimbus-eth1-mainnet-short-benchmark[2637531]: INF 2026-08-21 23:52:05.195+00:00 Imported blocks                            blockNumber=20466945 slot=9674343 blocks=466944 txs=75124748 mgas=7068943 bps=35.35 tps=5550 mgps=534.4 avgBps=32.83 avgTps=5282 avgMGps=497.0 elapsed=3h57m2s
Aug 21 23:55:53 nimbus-eth1-mainnet-short-benchmark[2637531]: INF 2026-08-21 23:55:53.292+00:00 Imported blocks                            blockNumber=20475137 slot=9682575 blocks=475136 txs=76420106 mgas=7192870 bps=35.91 tps=5678 mgps=543.3 avgBps=32.88 avgTps=5288 avgMGps=497.7 elapsed=4h50s786ms
Aug 21 23:59:31 nimbus-eth1-mainnet-short-benchmark[2637531]: INF 2026-08-21 23:59:31.572+00:00 Imported blocks                            blockNumber=20483329 slot=9690800 blocks=483328 txs=77675422 mgas=7316939 bps=37.53 tps=5750 mgps=568.4 avgBps=32.95 avgTps=5295 avgMGps=498.8 elapsed=4h4m29s
Aug 22 00:03:06 nimbus-eth1-mainnet-short-benchmark[2637531]: INF 2026-08-22 00:03:06.961+00:00 Imported blocks                            blockNumber=20491521 slot=9699019 blocks=491520 txs=78951232 mgas=7440784 bps=38.03 tps=5923 mgps=575.0 avgBps=33.02 avgTps=5304 avgMGps=499.9 elapsed=4h8m4s
Aug 22 00:06:59 nimbus-eth1-mainnet-short-benchmark[2637531]: INF 2026-08-22 00:06:59.050+00:00 Imported blocks                            blockNumber=20499713 slot=9707248 blocks=499712 txs=80189642 mgas=7564669 bps=35.30 tps=5335 mgps=533.8 avgBps=33.06 avgTps=5304 avgMGps=500.4 elapsed=4h11m56s
Aug 22 00:10:55 nimbus-eth1-mainnet-short-benchmark[2637531]: INF 2026-08-22 00:10:55.751+00:00 Imported blocks                            blockNumber=20507905 slot=9715488 blocks=507904 txs=81317763 mgas=7689208 bps=34.61 tps=4766 mgps=526.2 avgBps=33.08 avgTps=5296 avgMGps=500.8 elapsed=4h15m53s
Aug 22 00:14:28 nimbus-eth1-mainnet-short-benchmark[2637531]: INF 2026-08-22 00:14:28.112+00:00 Imported blocks                            blockNumber=20516097 slot=9723715 blocks=516096 txs=82520262 mgas=7813209 bps=38.58 tps=5662 mgps=583.9 avgBps=33.16 avgTps=5301 avgMGps=502.0 elapsed=4h19m25s
Aug 22 00:18:11 nimbus-eth1-mainnet-short-benchmark[2637531]: INF 2026-08-22 00:18:11.833+00:00 Imported blocks                            blockNumber=20524289 slot=9731945 blocks=524288 txs=83780075 mgas=7937233 bps=36.62 tps=5631 mgps=554.4 avgBps=33.21 avgTps=5306 avgMGps=502.7 elapsed=4h23m9s
Aug 22 00:21:57 nimbus-eth1-mainnet-short-benchmark[2637531]: INF 2026-08-22 00:21:57.917+00:00 Imported blocks                            blockNumber=20532481 slot=9740183 blocks=532480 txs=85263862 mgas=8061024 bps=36.23 tps=6562 mgps=547.5 avgBps=33.25 avgTps=5323 avgMGps=503.3 elapsed=4h26m55s
Aug 22 00:25:50 nimbus-eth1-mainnet-short-benchmark[2637531]: INF 2026-08-22 00:25:50.446+00:00 Imported blocks                            blockNumber=20540673 slot=9748418 blocks=540672 txs=86612143 mgas=8185090 bps=35.23 tps=5798 mgps=533.6 avgBps=33.28 avgTps=5330 avgMGps=503.8 elapsed=4h30m47s
Aug 22 00:29:51 nimbus-eth1-mainnet-short-benchmark[2637531]: INF 2026-08-22 00:29:51.947+00:00 Imported blocks                            blockNumber=20548865 slot=9756662 blocks=548864 txs=87802991 mgas=8309513 bps=33.92 tps=4931 mgps=515.2 avgBps=33.29 avgTps=5324 avgMGps=503.9 elapsed=4h34m49s
Aug 22 00:33:50 nimbus-eth1-mainnet-short-benchmark[2637531]: INF 2026-08-22 00:33:50.043+00:00 Imported blocks                            blockNumber=20557057 slot=9764892 blocks=557056 txs=88964987 mgas=8433956 bps=34.41 tps=4880 mgps=522.7 avgBps=33.30 avgTps=5318 avgMGps=504.2 elapsed=4h38m47s
Aug 22 00:37:36 nimbus-eth1-mainnet-short-benchmark[2637531]: INF 2026-08-22 00:37:36.180+00:00 Imported blocks                            blockNumber=20565249 slot=9773131 blocks=565248 txs=90186094 mgas=8558113 bps=36.23 tps=5399 mgps=549.0 avgBps=33.34 avgTps=5319 avgMGps=504.8 elapsed=4h42m33s
Aug 22 00:41:25 nimbus-eth1-mainnet-short-benchmark[2637531]: INF 2026-08-22 00:41:25.769+00:00 Imported blocks                            blockNumber=20573441 slot=9781369 blocks=573440 txs=91404654 mgas=8682228 bps=35.68 tps=5307 mgps=540.6 avgBps=33.37 avgTps=5319 avgMGps=505.3 elapsed=4h46m23s
Aug 22 00:45:07 nimbus-eth1-mainnet-short-benchmark[2637531]: INF 2026-08-22 00:45:07.934+00:00 Imported blocks                            blockNumber=20581633 slot=9789611 blocks=581632 txs=92628389 mgas=8806651 bps=36.87 tps=5508 mgps=560.1 avgBps=33.42 avgTps=5321 avgMGps=506.0 elapsed=4h50m5s
Aug 22 00:48:57 nimbus-eth1-mainnet-short-benchmark[2637531]: INF 2026-08-22 00:48:57.166+00:00 Imported blocks                            blockNumber=20589825 slot=9797855 blocks=589824 txs=93887208 mgas=8931023 bps=35.74 tps=5491 mgps=542.6 avgBps=33.45 avgTps=5324 avgMGps=506.4 elapsed=4h53m54s
Aug 22 00:52:51 nimbus-eth1-mainnet-short-benchmark[2637531]: INF 2026-08-22 00:52:51.175+00:00 Imported blocks                            blockNumber=20598017 slot=9806095 blocks=598016 txs=95163338 mgas=9055310 bps=35.01 tps=5453 mgps=531.1 avgBps=33.47 avgTps=5325 avgMGps=506.8 elapsed=4h57m48s
Aug 22 00:56:45 nimbus-eth1-mainnet-short-benchmark[2637531]: INF 2026-08-22 00:56:45.600+00:00 Imported blocks                            blockNumber=20606209 slot=9814347 blocks=606208 txs=96334664 mgas=9179976 bps=34.95 tps=4996 mgps=531.8 avgBps=33.49 avgTps=5321 avgMGps=507.1 elapsed=5h1m43s
Aug 22 01:00:30 nimbus-eth1-mainnet-short-benchmark[2637531]: INF 2026-08-22 01:00:30.509+00:00 Imported blocks                            blockNumber=20614401 slot=9822581 blocks=614400 txs=97573414 mgas=9304574 bps=36.42 tps=5507 mgps=554.0 avgBps=33.52 avgTps=5323 avgMGps=507.7 elapsed=5h5m28s
Aug 22 01:04:15 nimbus-eth1-mainnet-short-benchmark[2637531]: INF 2026-08-22 01:04:15.741+00:00 Imported blocks                            blockNumber=20622593 slot=9830821 blocks=622592 txs=98874772 mgas=9428835 bps=36.37 tps=5777 mgps=551.7 avgBps=33.56 avgTps=5329 avgMGps=508.2 elapsed=5h9m13s
Aug 22 01:07:54 nimbus-eth1-mainnet-short-benchmark[2637531]: INF 2026-08-22 01:07:54.802+00:00 Imported blocks                            blockNumber=20630785 slot=9839058 blocks=630784 txs=100178707 mgas=9553009 bps=37.40 tps=5952 mgps=566.8 avgBps=33.60 avgTps=5336 avgMGps=508.9 elapsed=5h12m52s
Aug 22 01:11:40 nimbus-eth1-mainnet-short-benchmark[2637531]: INF 2026-08-22 01:11:40.771+00:00 Imported blocks                            blockNumber=20638977 slot=9847313 blocks=638976 txs=101489116 mgas=9677171 bps=36.25 tps=5799 mgps=549.5 avgBps=33.63 avgTps=5342 avgMGps=509.4 elapsed=5h16m38s
Aug 22 01:15:27 nimbus-eth1-mainnet-short-benchmark[2637531]: INF 2026-08-22 01:15:27.072+00:00 Imported blocks                            blockNumber=20647169 slot=9855549 blocks=647168 txs=102730058 mgas=9801643 bps=36.20 tps=5483 mgps=550.0 avgBps=33.66 avgTps=5343 avgMGps=509.8 elapsed=5h20m24s
Aug 22 01:19:25 nimbus-eth1-mainnet-short-benchmark[2637531]: INF 2026-08-22 01:19:25.093+00:00 Imported blocks                            blockNumber=20655361 slot=9863778 blocks=655360 txs=103868002 mgas=9926541 bps=34.42 tps=4780 mgps=524.7 avgBps=33.67 avgTps=5336 avgMGps=510.0 elapsed=5h24m22s
Aug 22 01:23:07 nimbus-eth1-mainnet-short-benchmark[2637531]: INF 2026-08-22 01:23:07.573+00:00 Imported blocks                            blockNumber=20663553 slot=9872013 blocks=663552 txs=105112198 mgas=10051274 bps=36.82 tps=5592 mgps=560.6 avgBps=33.71 avgTps=5339 avgMGps=510.6 elapsed=5h28m5s
Aug 22 01:26:39 nimbus-eth1-mainnet-short-benchmark[2637531]: INF 2026-08-22 01:26:39.522+00:00 Imported blocks                            blockNumber=20671745 slot=9880241 blocks=671744 txs=106395904 mgas=10175177 bps=38.65 tps=6056 mgps=584.6 avgBps=33.76 avgTps=5347 avgMGps=511.4 elapsed=5h31m37s
Aug 22 01:30:16 nimbus-eth1-mainnet-short-benchmark[2637531]: INF 2026-08-22 01:30:16.499+00:00 Imported blocks                            blockNumber=20679937 slot=9888471 blocks=679936 txs=107674271 mgas=10299404 bps=37.76 tps=5891 mgps=572.5 avgBps=33.80 avgTps=5353 avgMGps=512.1 elapsed=5h35m13s
Aug 22 01:33:43 nimbus-eth1-mainnet-short-benchmark[2637531]: INF 2026-08-22 01:33:43.676+00:00 Imported blocks                            blockNumber=20688129 slot=9896698 blocks=688128 txs=108938536 mgas=10423298 bps=39.54 tps=6102 mgps=598.0 avgBps=33.86 avgTps=5360 avgMGps=512.9 elapsed=5h38m41s
Aug 22 01:37:24 nimbus-eth1-mainnet-short-benchmark[2637531]: INF 2026-08-22 01:37:24.193+00:00 Imported blocks                            blockNumber=20696321 slot=9904930 blocks=696320 txs=110235786 mgas=10547469 bps=37.15 tps=5882 mgps=563.1 avgBps=33.90 avgTps=5366 avgMGps=513.5 elapsed=5h42m21s
Aug 22 01:41:20 nimbus-eth1-mainnet-short-benchmark[2637531]: INF 2026-08-22 01:41:20.786+00:00 Imported blocks                            blockNumber=20704513 slot=9913154 blocks=704512 txs=111483759 mgas=10671677 bps=34.62 tps=5274 mgps=525.0 avgBps=33.91 avgTps=5365 avgMGps=513.6 elapsed=5h46m18s
Aug 22 01:45:03 nimbus-eth1-mainnet-short-benchmark[2637531]: INF 2026-08-22 01:45:03.803+00:00 Imported blocks                            blockNumber=20712705 slot=9921388 blocks=712704 txs=112764170 mgas=10795980 bps=36.73 tps=5741 mgps=557.4 avgBps=33.94 avgTps=5369 avgMGps=514.1 elapsed=5h50m1s
Aug 22 01:48:32 nimbus-eth1-mainnet-short-benchmark[2637531]: INF 2026-08-22 01:48:32.064+00:00 Imported blocks                            blockNumber=20720897 slot=9929633 blocks=720896 txs=114110517 mgas=10919926 bps=39.34 tps=6464 mgps=595.2 avgBps=33.99 avgTps=5380 avgMGps=514.9 elapsed=5h53m29s
Aug 22 01:52:06 nimbus-eth1-mainnet-short-benchmark[2637531]: INF 2026-08-22 01:52:06.941+00:00 Imported blocks                            blockNumber=20729089 slot=9937869 blocks=729088 txs=115449431 mgas=11043768 bps=38.12 tps=6231 mgps=576.3 avgBps=34.03 avgTps=5388 avgMGps=515.5 elapsed=5h57m4s
Aug 22 01:55:34 nimbus-eth1-mainnet-short-benchmark[2637531]: INF 2026-08-22 01:55:34.410+00:00 Imported blocks                            blockNumber=20737281 slot=9946108 blocks=737280 txs=116784468 mgas=11167784 bps=39.49 tps=6434 mgps=597.8 avgBps=34.08 avgTps=5398 avgMGps=516.3 elapsed=6h31s907ms
Aug 22 01:59:11 nimbus-eth1-mainnet-short-benchmark[2637531]: INF 2026-08-22 01:59:11.679+00:00 Imported blocks                            blockNumber=20745473 slot=9954342 blocks=745472 txs=118101003 mgas=11291742 bps=37.70 tps=6059 mgps=570.5 avgBps=34.12 avgTps=5405 avgMGps=516.8 elapsed=6h4m9s
Aug 22 02:03:06 nimbus-eth1-mainnet-short-benchmark[2637531]: INF 2026-08-22 02:03:06.803+00:00 Imported blocks                            blockNumber=20753665 slot=9962581 blocks=753664 txs=119337525 mgas=11415859 bps=34.84 tps=5259 mgps=527.9 avgBps=34.13 avgTps=5403 avgMGps=516.9 elapsed=6h8m4s
Aug 22 02:06:50 nimbus-eth1-mainnet-short-benchmark[2637531]: INF 2026-08-22 02:06:50.624+00:00 Imported blocks                            blockNumber=20761857 slot=9970803 blocks=761856 txs=120564314 mgas=11540225 bps=36.60 tps=5481 mgps=555.7 avgBps=34.15 avgTps=5404 avgMGps=517.3 elapsed=6h11m48s
Aug 22 02:10:19 nimbus-eth1-mainnet-short-benchmark[2637531]: INF 2026-08-22 02:10:19.889+00:00 Imported blocks                            blockNumber=20770049 slot=9979058 blocks=770048 txs=121858083 mgas=11663918 bps=39.15 tps=6182 mgps=591.1 avgBps=34.20 avgTps=5411 avgMGps=518.0 elapsed=6h15m17s
Aug 22 02:13:40 nimbus-eth1-mainnet-short-benchmark[2637531]: INF 2026-08-22 02:13:40.714+00:00 Imported blocks                            blockNumber=20778241 slot=9987307 blocks=778240 txs=123161734 mgas=11787906 bps=40.79 tps=6491 mgps=617.4 avgBps=34.26 avgTps=5421 avgMGps=518.9 elapsed=6h18m38s
Aug 22 02:16:55 nimbus-eth1-mainnet-short-benchmark[2637531]: INF 2026-08-22 02:16:55.772+00:00 Imported blocks                            blockNumber=20786433 slot=9995542 blocks=786432 txs=124509456 mgas=11911612 bps=42.00 tps=6909 mgps=634.2 avgBps=34.32 avgTps=5433 avgMGps=519.9 elapsed=6h21m53s
Aug 22 02:20:17 nimbus-eth1-mainnet-short-benchmark[2637531]: INF 2026-08-22 02:20:17.809+00:00 Imported blocks                            blockNumber=20794625 slot=10003781 blocks=794624 txs=125848921 mgas=12035338 bps=40.55 tps=6629 mgps=612.4 avgBps=34.38 avgTps=5444 avgMGps=520.7 elapsed=6h25m15s
Aug 22 02:23:45 nimbus-eth1-mainnet-short-benchmark[2637531]: INF 2026-08-22 02:23:45.622+00:00 Imported blocks                            blockNumber=20802817 slot=10012028 blocks=802816 txs=127089868 mgas=12158989 bps=39.42 tps=5971 mgps=595.0 avgBps=34.42 avgTps=5449 avgMGps=521.3 elapsed=6h28m43s
Aug 22 02:27:19 nimbus-eth1-mainnet-short-benchmark[2637531]: INF 2026-08-22 02:27:19.499+00:00 Imported blocks                            blockNumber=20811009 slot=10020249 blocks=811008 txs=128299762 mgas=12282850 bps=38.30 tps=5657 mgps=579.1 avgBps=34.46 avgTps=5450 avgMGps=521.9 elapsed=6h32m16s
Aug 22 02:30:39 nimbus-eth1-mainnet-short-benchmark[2637531]: INF 2026-08-22 02:30:39.348+00:00 Imported blocks                            blockNumber=20819201 slot=10028481 blocks=819200 txs=129596319 mgas=12406594 bps=40.99 tps=6487 mgps=619.2 avgBps=34.51 avgTps=5459 avgMGps=522.7 elapsed=6h35m36s
Aug 22 02:33:58 nimbus-eth1-mainnet-short-benchmark[2637531]: INF 2026-08-22 02:33:58.793+00:00 Imported blocks                            blockNumber=20827393 slot=10036710 blocks=827392 txs=130916729 mgas=12530249 bps=41.07 tps=6620 mgps=620.0 avgBps=34.57 avgTps=5469 avgMGps=523.5 elapsed=6h38m56s
Aug 22 02:37:19 nimbus-eth1-mainnet-short-benchmark[2637531]: INF 2026-08-22 02:37:19.382+00:00 Imported blocks                            blockNumber=20835585 slot=10044938 blocks=835584 txs=132226625 mgas=12654070 bps=40.84 tps=6530 mgps=617.3 avgBps=34.62 avgTps=5478 avgMGps=524.3 elapsed=6h42m16s
Aug 22 02:40:53 nimbus-eth1-mainnet-short-benchmark[2637531]: INF 2026-08-22 02:40:53.559+00:00 Imported blocks                            blockNumber=20843777 slot=10053164 blocks=843776 txs=133604192 mgas=12777730 bps=38.25 tps=6431 mgps=577.4 avgBps=34.65 avgTps=5486 avgMGps=524.7 elapsed=6h45m51s
Aug 22 02:44:51 nimbus-eth1-mainnet-short-benchmark[2637531]: INF 2026-08-22 02:44:51.480+00:00 Imported blocks                            blockNumber=20851969 slot=10061391 blocks=851968 txs=134900706 mgas=12901664 bps=34.43 tps=5449 mgps=520.9 avgBps=34.65 avgTps=5486 avgMGps=524.7 elapsed=6h49m48s
Aug 22 02:48:37 nimbus-eth1-mainnet-short-benchmark[2637531]: INF 2026-08-22 02:48:37.421+00:00 Imported blocks                            blockNumber=20860161 slot=10069622 blocks=860160 txs=136168750 mgas=13025603 bps=36.26 tps=5612 mgps=548.5 avgBps=34.66 avgTps=5487 avgMGps=524.9 elapsed=6h53m34s
Aug 22 02:52:20 nimbus-eth1-mainnet-short-benchmark[2637531]: INF 2026-08-22 02:52:20.169+00:00 Imported blocks                            blockNumber=20868353 slot=10077838 blocks=868352 txs=137550724 mgas=13149742 bps=36.78 tps=6204 mgps=557.3 avgBps=34.68 avgTps=5493 avgMGps=525.2 elapsed=6h57m17s
Aug 22 02:56:03 nimbus-eth1-mainnet-short-benchmark[2637531]: INF 2026-08-22 02:56:03.014+00:00 Imported blocks                            blockNumber=20876545 slot=10086066 blocks=876544 txs=138954673 mgas=13273457 bps=36.76 tps=6300 mgps=555.2 avgBps=34.70 avgTps=5500 avgMGps=525.5 elapsed=7h1m511ms
Aug 22 02:59:39 nimbus-eth1-mainnet-short-benchmark[2637531]: INF 2026-08-22 02:59:39.002+00:00 Imported blocks                            blockNumber=20884737 slot=10094286 blocks=884736 txs=140256178 mgas=13397479 bps=37.93 tps=6025 mgps=574.2 avgBps=34.73 avgTps=5505 avgMGps=525.9 elapsed=7h4m36s
Aug 22 03:03:11 nimbus-eth1-mainnet-short-benchmark[2637531]: INF 2026-08-22 03:03:11.719+00:00 Imported blocks                            blockNumber=20892929 slot=10102512 blocks=892928 txs=141581868 mgas=13521575 bps=38.51 tps=6232 mgps=583.4 avgBps=34.76 avgTps=5511 avgMGps=526.4 elapsed=7h8m9s
Aug 22 03:06:43 nimbus-eth1-mainnet-short-benchmark[2637531]: INF 2026-08-22 03:06:43.624+00:00 Imported blocks                            blockNumber=20901121 slot=10110732 blocks=901120 txs=142875889 mgas=13645572 bps=38.66 tps=6106 mgps=585.2 avgBps=34.79 avgTps=5516 avgMGps=526.8 elapsed=7h11m41s
Aug 22 03:10:15 nimbus-eth1-mainnet-short-benchmark[2637531]: INF 2026-08-22 03:10:15.221+00:00 Imported blocks                            blockNumber=20909313 slot=10118953 blocks=909312 txs=144102308 mgas=13769390 bps=38.71 tps=5795 mgps=585.2 avgBps=34.82 avgTps=5518 avgMGps=527.3 elapsed=7h15m12s
Aug 22 03:13:40 nimbus-eth1-mainnet-short-benchmark[2637531]: INF 2026-08-22 03:13:40.906+00:00 Imported blocks                            blockNumber=20917505 slot=10127176 blocks=917504 txs=145406349 mgas=13893087 bps=39.83 tps=6339 mgps=601.4 avgBps=34.86 avgTps=5524 avgMGps=527.9 elapsed=7h18m38s
Aug 22 03:16:58 nimbus-eth1-mainnet-short-benchmark[2637531]: INF 2026-08-22 03:16:58.363+00:00 Imported blocks                            blockNumber=20925697 slot=10135394 blocks=925696 txs=146718394 mgas=14016820 bps=41.49 tps=6644 mgps=626.6 avgBps=34.91 avgTps=5533 avgMGps=528.6 elapsed=7h21m55s
Aug 22 03:20:28 nimbus-eth1-mainnet-short-benchmark[2637531]: INF 2026-08-22 03:20:28.348+00:00 Imported blocks                            blockNumber=20933889 slot=10143614 blocks=933888 txs=148049109 mgas=14140625 bps=39.01 tps=6337 mgps=589.6 avgBps=34.94 avgTps=5539 avgMGps=529.1 elapsed=7h25m25s
Aug 22 03:23:50 nimbus-eth1-mainnet-short-benchmark[2637531]: INF 2026-08-22 03:23:50.873+00:00 Imported blocks                            blockNumber=20942081 slot=10151840 blocks=942080 txs=149397364 mgas=14264352 bps=40.45 tps=6657 mgps=610.9 avgBps=34.98 avgTps=5547 avgMGps=529.7 elapsed=7h28m48s
Aug 22 03:27:18 nimbus-eth1-mainnet-short-benchmark[2637531]: INF 2026-08-22 03:27:18.642+00:00 Imported blocks                            blockNumber=20950273 slot=10160098 blocks=950272 txs=150765507 mgas=14388237 bps=39.43 tps=6584 mgps=596.3 avgBps=35.02 avgTps=5555 avgMGps=530.2 elapsed=7h32m16s
Aug 22 03:31:02 nimbus-eth1-mainnet-short-benchmark[2637531]: INF 2026-08-22 03:31:02.191+00:00 Imported blocks                            blockNumber=20958465 slot=10168363 blocks=958464 txs=152044771 mgas=14511987 bps=36.65 tps=5722 mgps=553.6 avgBps=35.03 avgTps=5557 avgMGps=530.4 elapsed=7h35m59s
Aug 22 03:34:36 nimbus-eth1-mainnet-short-benchmark[2637531]: INF 2026-08-22 03:34:36.344+00:00 Imported blocks                            blockNumber=20966657 slot=10176609 blocks=966656 txs=153365296 mgas=14635804 bps=38.25 tps=6166 mgps=578.2 avgBps=35.06 avgTps=5561 avgMGps=530.8 elapsed=7h39m33s
Aug 22 03:38:09 nimbus-eth1-mainnet-short-benchmark[2637531]: INF 2026-08-22 03:38:09.513+00:00 Imported blocks                            blockNumber=20974849 slot=10184849 blocks=974848 txs=154744917 mgas=14759580 bps=38.43 tps=6471 mgps=580.6 avgBps=35.08 avgTps=5568 avgMGps=531.2 elapsed=7h43m7s
Aug 22 03:41:47 nimbus-eth1-mainnet-short-benchmark[2637531]: INF 2026-08-22 03:41:47.446+00:00 Imported blocks                            blockNumber=20983041 slot=10193086 blocks=983040 txs=156055229 mgas=14883451 bps=37.59 tps=6012 mgps=568.4 avgBps=35.10 avgTps=5572 avgMGps=531.5 elapsed=7h46m44s
Aug 22 03:44:59 nimbus-eth1-mainnet-short-benchmark[2637531]: INF 2026-08-22 03:44:59.143+00:00 Imported blocks                            blockNumber=20991233 slot=10201319 blocks=991232 txs=157563202 mgas=15007557 bps=42.73 tps=7866 mgps=647.4 avgBps=35.15 avgTps=5588 avgMGps=532.2 elapsed=7h49m56s
Aug 22 03:48:40 nimbus-eth1-mainnet-short-benchmark[2637531]: INF 2026-08-22 03:48:40.684+00:00 Imported blocks                            blockNumber=20999425 slot=10209549 blocks=999424 txs=159003277 mgas=15131383 bps=36.98 tps=6500 mgps=558.9 avgBps=35.17 avgTps=5595 avgMGps=532.5 elapsed=7h53m38s
Aug 22 03:48:56 nimbus-eth1-mainnet-short-benchmark[2637531]: INF 2026-08-22 03:48:56.843+00:00 Imported blocks                            blockNumber=21000001 slot=10210128 blocks=1000000 txs=159109486 mgas=15140191 bps=35.64 tps=6571 mgps=545.0 avgBps=35.17 avgTps=5595 avgMGps=532.5 elapsed=7h53m54s
Aug 22 03:48:56 nimbus-eth1-mainnet-short-benchmark[2637531]: NTC 2026-08-22 03:48:56.843+00:00 Import complete                            blockNumber=21000001 slot=10210128 blocks=1000000 txs=159109486 mgas=15140191
Aug 22 03:48:57 nimbus-eth1-mainnet-short-benchmark[2605468]: <<< ending startNimbusWithImport (success)
Aug 22 03:48:57 nimbus-eth1-mainnet-short-benchmark[2605468]: >>> starting moveBenchmarkingFileToRepo
Aug 22 03:48:57 nimbus-eth1-mainnet-short-benchmark[2605468]: >>> copying debug-csv generated by nimbus to benchmarks repo
Aug 22 03:48:57 nimbus-eth1-mainnet-short-benchmark[2605468]: <<< ending moveBenchmarkingFileToRepo (success)
Aug 22 03:48:57 nimbus-eth1-mainnet-short-benchmark[2605468]: >>> starting generateBuildEnvironmentLogFile
Aug 22 03:49:06 nimbus-eth1-mainnet-short-benchmark[2605468]: <<< ending generateBuildEnvironmentLogFile (success)
Aug 22 03:49:06 nimbus-eth1-mainnet-short-benchmark[2605468]: >>> starting generateSystemdServiceLogs
