Sep 22 02:56:10 nimbus-eth1-mainnet-short-benchmark[2776281]: >>> starting cloneOrFetchBenchmarksRepo
Sep 22 02:56:10 nimbus-eth1-mainnet-short-benchmark[2776281]: >>> Fetching latest changes for nimbus-eth1-benchmarks...
Sep 22 02:56:12 nimbus-eth1-mainnet-short-benchmark[2776328]: HEAD is now at 164a6b1 chore: update short benchmark Readme
Sep 22 02:56:12 nimbus-eth1-mainnet-short-benchmark[2776281]: <<< ending cloneOrFetchBenchmarksRepo (success)
Sep 22 02:56:12 nimbus-eth1-mainnet-short-benchmark[2776281]: >>> starting cloneOrFetchNimbusRepo
Sep 22 02:56:21 nimbus-eth1-mainnet-short-benchmark[2776281]: >>> Fetching latest changes for nimbus-eth1...
Sep 22 02:56:21 nimbus-eth1-mainnet-short-benchmark[2776672]: From https://github.com/status-im/nimbus-eth1
Sep 22 02:56:21 nimbus-eth1-mainnet-short-benchmark[2776672]:    8370dde1f..d7c6e2205  master          -> origin/master
Sep 22 02:56:21 nimbus-eth1-mainnet-short-benchmark[2776672]:  + eabe3af29...cdbdf3507 proxy-push-sync -> origin/proxy-push-sync  (forced update)
Sep 22 02:56:21 nimbus-eth1-mainnet-short-benchmark[2776681]: HEAD is now at d7c6e2205 build(deps): bump vendor/nim-lsquic from `c9acf6a` to `fb29383` (#4820)
Sep 22 02:56:21 nimbus-eth1-mainnet-short-benchmark[2776281]: >>> Found last benchmarked commit: 8370dde1
Sep 22 02:56:21 nimbus-eth1-mainnet-short-benchmark[2776281]: >>> Using next commit: d7c6e2205a726cfd1975af730a021546a0bc2966
Sep 22 02:56:21 nimbus-eth1-mainnet-short-benchmark[2776700]: HEAD is now at d7c6e2205 build(deps): bump vendor/nim-lsquic from `c9acf6a` to `fb29383` (#4820)
Sep 22 02:56:21 nimbus-eth1-mainnet-short-benchmark[2776281]: >>> Current commit: d7c6e2205
Sep 22 02:56:21 nimbus-eth1-mainnet-short-benchmark[2776281]: <<< ending cloneOrFetchNimbusRepo (success)
Sep 22 02:56:21 nimbus-eth1-mainnet-short-benchmark[2776281]: >>> starting buildBinaries
Sep 22 02:56:21 nimbus-eth1-mainnet-short-benchmark[2776281]: >>> Building binaries for commit d7c6e220...
Sep 22 02:56:23 nimbus-eth1-mainnet-short-benchmark[2777917]: Submodule path 'vendor/nim-lsquic': checked out 'fb293834a3f90368e1f6c57aec2360cf8d840c5a'
Sep 22 02:56:23 nimbus-eth1-mainnet-short-benchmark[2778220]: Submodule path 'vendor/nim-lsquic/libs/lsquic': checked out '45e45292353a7e64888ea7c6aaa721ec10c25c50'
Sep 22 02:56:24 nimbus-eth1-mainnet-short-benchmark[2778235]: Submodule path 'vendor/nim-lsquic/libs/lsquic/src/liblsquic/ls-qpack': checked out '91567706c41c0d97ab8dc576873ecd472d7869fa'
Sep 22 02:56:24 nimbus-eth1-mainnet-short-benchmark[2778235]: Submodule path 'vendor/nim-lsquic/libs/lsquic/src/lshpack': checked out 'cf0f70dd10b352194c97448eb5d00b4aa484f531'
Sep 22 02:56:29 nimbus-eth1-mainnet-short-benchmark[2782229]: Building: Nim compiler
Sep 22 02:59:21 nimbus-eth1-mainnet-short-benchmark[2782229]: Building custom Nimble commit: 42ef70c2102a942c46f13eb76872326edd525cec
Sep 22 02:59:33 nimbus-eth1-mainnet-short-benchmark[2782229]: Building Nimble...
Sep 22 02:59:43 nimbus-eth1-mainnet-short-benchmark[2782229]: Replacing nimble binary...
Sep 22 02:59:50 nimbus-eth1-mainnet-short-benchmark[2798911]: Building: build/generate_makefile
Sep 22 02:59:51 nimbus-eth1-mainnet-short-benchmark[2798776]: ROCKSDB CACHED VERSION: 11.8.1
Sep 22 02:59:51 nimbus-eth1-mainnet-short-benchmark[2799177]: RocksDb static libraries already built. Skipping build.
Sep 22 02:59:51 nimbus-eth1-mainnet-short-benchmark[2798911]: Build completed successfully: build/generate_makefile
Sep 22 02:59:51 nimbus-eth1-mainnet-short-benchmark[2799231]: Building: build/nimbus_execution_client
Sep 22 03:02:14 nimbus-eth1-mainnet-short-benchmark[2799231]: Build completed successfully: build/nimbus_execution_client
Sep 22 03:02:14 nimbus-eth1-mainnet-short-benchmark[2776281]: >>> renaming binaries to match commit they were built from
Sep 22 03:02:14 nimbus-eth1-mainnet-short-benchmark[2776281]: >>> creating a symbolic link to the latest version
Sep 22 03:02:14 nimbus-eth1-mainnet-short-benchmark[2776281]: >>> deleting copies that are older than N days
Sep 22 03:02:14 nimbus-eth1-mainnet-short-benchmark[2776281]: <<< ending buildBinaries (success)
Sep 22 03:02:14 nimbus-eth1-mainnet-short-benchmark[2776281]: >>> starting skipOrContinueBenchmark
Sep 22 03:02:14 nimbus-eth1-mainnet-short-benchmark[2776281]: <<< ending skipOrContinueBenchmark (success)
Sep 22 03:02:14 nimbus-eth1-mainnet-short-benchmark[2776281]: >>> starting copyTemplateDatabase
Sep 22 03:02:14 nimbus-eth1-mainnet-short-benchmark[2776281]: >>> Copying template db into nimbus data directory
Sep 22 03:05:21 nimbus-eth1-mainnet-short-benchmark[2776281]: >>> Template db copied
Sep 22 03:05:21 nimbus-eth1-mainnet-short-benchmark[2776281]: >>> making nimbus the owner of the copied files
Sep 22 03:05:21 nimbus-eth1-mainnet-short-benchmark[2776281]: <<< ending copyTemplateDatabase (success)
Sep 22 03:05:21 nimbus-eth1-mainnet-short-benchmark[2776281]: >>> starting startNimbusWithImport
Sep 22 03:05:21 nimbus-eth1-mainnet-short-benchmark[2804927]: INF 2026-09-22 03:05:21.128+00:00 Launching execution client                 version=v0.4.1-d7c6e220 config="(configFile: none(InputFile), dataDirFlag: some(/data/status-im/nimbus-eth1/data/shared_mainnet_0), era1DirFlag: some(/data/era1), eraDirFlag: some(/data/era), ereDirFlag: none(OutDir), keyStoreDirFlag: none(OutDir), importKey: , trustedSetupFile: none(string), extraData: Nimbus/v0.4.1-d7c6e220, gasLimit: none(uint64), maxBlobs: none(byte), network: [mainnet], logLevel: INFO, logFormat: auto, metricsEnabled: false, metricsPort: 9093, metricsAddress: 127.0.0.1, bootstrapNodes: [], elBootstrapNodes: [], bootstrapFile: , elBootstrapFile: , staticPeers: [], staticPeersFile: , reconnectMaxRetry: 0, reconnectInterval: 15, listenAddress: ::, tcpPort: 30303, udpPortFlag: none(Port), maxPeersOpt: none(int), elMaxPeersOpt: none(int), nat: (hasExtIp: false, nat: NatAny), discv5: true, netKey: random, agentString: Nimbus/v0.4.1-d7c6e220/linux-amd64/Nim-2.2.12, numThreads: 0, persistBatchSize: 4, dynamicBatchSize: false, rocksdbMaxOpenFiles: 2048, rocksdbWriteBufferSize: 67108864, rocksdbRowCacheSize: 0, rocksdbBlockCacheSize: 2147483648, rocksdbBlockCacheType: hyperclock, rdbVtxCacheSize: 536870912, rdbKeyCacheSize: 1342177280, rdbBranchCacheSize: 1073741824, rdbPrintStats: false, rewriteDatadirId: true, aristoDbMaxSnapshots: 5, debugParallel: none(bool), parallelStateRootComputationFlag: false, parallelSenderRecoveryFlag: true, optimisticStatePrefetchFlag: false, balStatePrefetchFlag: false, balStatePrefetchWorkers: 0, balParallelExecutionFlag: false, balPruning: true, eagerStateRootCheck: false, deserializeFcState: true, statelessProvider: false, statelessWitnessValidation: false, cmd: import, maxBlocks: 1000000, chunkSize: 8192, csvStats: some("/data/host-benchmarks/short/9035c863bd6a4518aef96868de95d3c5/blocks-import-benchmark.csv"), validation: false, fullValidation: false, storeBodies: false, storeReceipts: false, storeSlotHashes: false)"
Sep 22 03:05:21 nimbus-eth1-mainnet-short-benchmark[2804927]: WRN 2026-09-22 03:05:21.136+00:00 Data directory has insecure permissions. Correcting them. data_dir=/data/status-im/nimbus-eth1/data/shared_mainnet_0 current_permissions=0755 required_permissions=0700
Sep 22 03:05:22 nimbus-eth1-mainnet-short-benchmark[2804927]: INF 2026-09-22 03:05:22.968+00:00 Taskpool started                           numThreads=16
Sep 22 03:05:23 nimbus-eth1-mainnet-short-benchmark[2804927]: CreateIOUring failed: Invalid argument (errno=22), thread=140466064751872
Sep 22 03:05:23 nimbus-eth1-mainnet-short-benchmark[2804927]: INF 2026-09-22 03:05:23.124+00:00 Database initialized                       base="(0xd24fd73f794058a3807db926d8898c6481e902b7edb91ce0d479d6760f276183, 20000000)" finalized="(0xd24fd73f794058a3807db926d8898c6481e902b7edb91ce0d479d6760f276183, 20000000)" head="(0xd4e56740f876aef8c010b86a40d5f56745a118d0906a34e69aec8c0db1cb8fa3, 0)"
Sep 22 03:05:23 nimbus-eth1-mainnet-short-benchmark[2804927]: NTC 2026-09-22 03:05:23.124+00:00 Could not open ere database, falling back to era1/era import ereDir=/data/status-im/nimbus-eth1/data/shared_mainnet_0/ere networkName=mainnet error="No ere files found in /data/status-im/nimbus-eth1/data/shared_mainnet_0/ere"
Sep 22 03:05:23 nimbus-eth1-mainnet-short-benchmark[2804927]: NTC 2026-09-22 03:05:23.124+00:00 Importing era archive                      blockNumber=20000001 dataDir=/data/status-im/nimbus-eth1/data/shared_mainnet_0 eraDir=/data/era
Sep 22 03:05:25 nimbus-eth1-mainnet-short-benchmark[2804927]: NTC 2026-09-22 03:05:25.400+00:00 Matched block to slot number               blockNumber=20000001 slot=9204783
Sep 22 03:11:27 nimbus-eth1-mainnet-short-benchmark[2804927]: INF 2026-09-22 03:11:27.375+00:00 Imported blocks                            blockNumber=20008193 slot=9213020 blocks=8192 txs=1226966 mgas=124237 bps=22.49 tps=3368 mgps=341.1 avgBps=22.49 avgTps=3368 avgMGps=341.1 elapsed=6m4s252ms
Sep 22 03:16:51 nimbus-eth1-mainnet-short-benchmark[2804927]: INF 2026-09-22 03:16:51.262+00:00 Imported blocks                            blockNumber=20016385 slot=9221256 blocks=16384 txs=2540380 mgas=248071 bps=25.29 tps=4055 mgps=382.3 avgBps=23.81 avgTps=3691 avgMGps=360.5 elapsed=11m28s140ms
Sep 22 03:21:54 nimbus-eth1-mainnet-short-benchmark[2804927]: INF 2026-09-22 03:21:54.538+00:00 Imported blocks                            blockNumber=20024577 slot=9229485 blocks=24576 txs=3869398 mgas=372018 bps=27.01 tps=4382 mgps=408.7 avgBps=24.79 avgTps=3902 avgMGps=375.2 elapsed=16m31s415ms
Sep 22 03:26:31 nimbus-eth1-mainnet-short-benchmark[2804927]: INF 2026-09-22 03:26:31.882+00:00 Imported blocks                            blockNumber=20032769 slot=9237722 blocks=32768 txs=5222766 mgas=495797 bps=29.54 tps=4879 mgps=446.3 avgBps=25.83 avgTps=4116 avgMGps=390.8 elapsed=21m8s759ms
Sep 22 03:30:54 nimbus-eth1-mainnet-short-benchmark[2804927]: INF 2026-09-22 03:30:54.778+00:00 Imported blocks                            blockNumber=20040961 slot=9245957 blocks=40960 txs=6566802 mgas=619586 bps=31.16 tps=5112 mgps=470.9 avgBps=26.74 avgTps=4287 avgMGps=404.5 elapsed=25m31s655ms
Sep 22 03:35:42 nimbus-eth1-mainnet-short-benchmark[2804927]: INF 2026-09-22 03:35:42.878+00:00 Imported blocks                            blockNumber=20049153 slot=9254196 blocks=49152 txs=7904746 mgas=743522 bps=28.43 tps=4644 mgps=430.2 avgBps=27.01 avgTps=4343 avgMGps=408.6 elapsed=30m19s756ms
Sep 22 03:40:18 nimbus-eth1-mainnet-short-benchmark[2804927]: INF 2026-09-22 03:40:18.874+00:00 Imported blocks                            blockNumber=20057345 slot=9262435 blocks=57344 txs=9212009 mgas=867360 bps=29.68 tps=4736 mgps=448.7 avgBps=27.36 avgTps=4395 avgMGps=413.9 elapsed=34m55s751ms
Sep 22 03:44:36 nimbus-eth1-mainnet-short-benchmark[2804927]: INF 2026-09-22 03:44:36.042+00:00 Imported blocks                            blockNumber=20065537 slot=9270674 blocks=65536 txs=10559018 mgas=991371 bps=31.85 tps=5237 mgps=482.2 avgBps=27.85 avgTps=4487 avgMGps=421.3 elapsed=39m12s918ms
Sep 22 03:48:38 nimbus-eth1-mainnet-short-benchmark[2804927]: INF 2026-09-22 03:48:38.195+00:00 Imported blocks                            blockNumber=20073729 slot=9278910 blocks=73728 txs=11898676 mgas=1115111 bps=33.83 tps=5532 mgps=511.0 avgBps=28.41 avgTps=4585 avgMGps=429.7 elapsed=43m15s70ms
Sep 22 03:52:31 nimbus-eth1-mainnet-short-benchmark[2804927]: INF 2026-09-22 03:52:31.136+00:00 Imported blocks                            blockNumber=20081921 slot=9287152 blocks=81920 txs=13323263 mgas=1239150 bps=35.17 tps=6115 mgps=532.5 avgBps=28.97 avgTps=4711 avgMGps=438.2 elapsed=47m8s13ms
Sep 22 03:56:21 nimbus-eth1-mainnet-short-benchmark[2804927]: INF 2026-09-22 03:56:21.760+00:00 Imported blocks                            blockNumber=20090113 slot=9295408 blocks=90112 txs=14697082 mgas=1363113 bps=35.52 tps=5956 mgps=537.5 avgBps=29.46 avgTps=4805 avgMGps=445.7 elapsed=50m58s638ms
Sep 22 04:00:32 nimbus-eth1-mainnet-short-benchmark[2804927]: INF 2026-09-22 04:00:32.257+00:00 Imported blocks                            blockNumber=20098305 slot=9303658 blocks=98304 txs=16025683 mgas=1487146 bps=32.70 tps=5303 mgps=495.1 avgBps=29.71 avgTps=4842 avgMGps=449.4 elapsed=55m9s137ms
Sep 22 04:04:49 nimbus-eth1-mainnet-short-benchmark[2804927]: INF 2026-09-22 04:04:49.425+00:00 Imported blocks                            blockNumber=20106497 slot=9311895 blocks=106496 txs=17337157 mgas=1611066 bps=31.86 tps=5099 mgps=481.9 avgBps=29.86 avgTps=4861 avgMGps=451.7 elapsed=59m26s302ms
Sep 22 04:08:53 nimbus-eth1-mainnet-short-benchmark[2804927]: INF 2026-09-22 04:08:53.438+00:00 Imported blocks                            blockNumber=20114689 slot=9320146 blocks=114688 txs=18632097 mgas=1735123 bps=33.57 tps=5306 mgps=508.4 avgBps=30.10 avgTps=4889 avgMGps=455.4 elapsed=1h3m30s
Sep 22 04:12:43 nimbus-eth1-mainnet-short-benchmark[2804927]: INF 2026-09-22 04:12:43.702+00:00 Imported blocks                            blockNumber=20122881 slot=9328409 blocks=122880 txs=19937418 mgas=1859249 bps=35.58 tps=5668 mgps=539.1 avgBps=30.41 avgTps=4934 avgMGps=460.1 elapsed=1h7m20s
Sep 22 04:16:29 nimbus-eth1-mainnet-short-benchmark[2804927]: INF 2026-09-22 04:16:29.747+00:00 Imported blocks                            blockNumber=20131073 slot=9336660 blocks=131072 txs=21214129 mgas=1983500 bps=36.24 tps=5648 mgps=549.7 avgBps=30.72 avgTps=4972 avgMGps=464.9 elapsed=1h11m6s
Sep 22 04:20:15 nimbus-eth1-mainnet-short-benchmark[2804927]: INF 2026-09-22 04:20:15.404+00:00 Imported blocks                            blockNumber=20139265 slot=9344906 blocks=139264 txs=22579079 mgas=2107571 bps=36.30 tps=6048 mgps=549.8 avgBps=31.00 avgTps=5026 avgMGps=469.2 elapsed=1h14m52s
Sep 22 04:24:45 nimbus-eth1-mainnet-short-benchmark[2804927]: INF 2026-09-22 04:24:45.864+00:00 Imported blocks                            blockNumber=20147457 slot=9353153 blocks=147456 txs=24133322 mgas=2231686 bps=30.29 tps=5746 mgps=458.9 avgBps=30.96 avgTps=5067 avgMGps=468.6 elapsed=1h19m22s
Sep 22 04:29:04 nimbus-eth1-mainnet-short-benchmark[2804927]: INF 2026-09-22 04:29:04.340+00:00 Imported blocks                            blockNumber=20155649 slot=9361407 blocks=155648 txs=25424015 mgas=2356018 bps=31.69 tps=4993 mgps=481.0 avgBps=31.00 avgTps=5063 avgMGps=469.2 elapsed=1h23m41s
Sep 22 04:33:01 nimbus-eth1-mainnet-short-benchmark[2804927]: INF 2026-09-22 04:33:01.149+00:00 Imported blocks                            blockNumber=20163841 slot=9369652 blocks=163840 txs=26749549 mgas=2480207 bps=34.59 tps=5597 mgps=524.4 avgBps=31.16 avgTps=5087 avgMGps=471.7 elapsed=1h27m38s
Sep 22 04:36:54 nimbus-eth1-mainnet-short-benchmark[2804927]: INF 2026-09-22 04:36:54.742+00:00 Imported blocks                            blockNumber=20172033 slot=9377892 blocks=172032 txs=28105316 mgas=2604026 bps=35.07 tps=5804 mgps=530.1 avgBps=31.33 avgTps=5117 avgMGps=474.2 elapsed=1h31m31s
Sep 22 04:40:52 nimbus-eth1-mainnet-short-benchmark[2804927]: INF 2026-09-22 04:40:52.874+00:00 Imported blocks                            blockNumber=20180225 slot=9386128 blocks=180224 txs=29524405 mgas=2728170 bps=34.40 tps=5959 mgps=521.3 avgBps=31.45 avgTps=5152 avgMGps=476.1 elapsed=1h35m29s
Sep 22 04:44:33 nimbus-eth1-mainnet-short-benchmark[2804927]: INF 2026-09-22 04:44:33.431+00:00 Imported blocks                            blockNumber=20188417 slot=9394365 blocks=188416 txs=30849021 mgas=2852023 bps=37.14 tps=6005 mgps=561.5 avgBps=31.66 avgTps=5184 avgMGps=479.3 elapsed=1h39m10s
Sep 22 04:48:38 nimbus-eth1-mainnet-short-benchmark[2804927]: INF 2026-09-22 04:48:38.796+00:00 Imported blocks                            blockNumber=20196609 slot=9402602 blocks=196608 txs=32174755 mgas=2976155 bps=33.39 tps=5403 mgps=505.9 avgBps=31.73 avgTps=5193 avgMGps=480.4 elapsed=1h43m15s
Sep 22 04:53:00 nimbus-eth1-mainnet-short-benchmark[2804927]: INF 2026-09-22 04:53:00.388+00:00 Imported blocks                            blockNumber=20204801 slot=9410840 blocks=204800 txs=33475942 mgas=3100410 bps=31.32 tps=4974 mgps=475.0 avgBps=31.72 avgTps=5184 avgMGps=480.1 elapsed=1h47m37s
Sep 22 04:56:59 nimbus-eth1-mainnet-short-benchmark[2804927]: INF 2026-09-22 04:56:59.225+00:00 Imported blocks                            blockNumber=20212993 slot=9419071 blocks=212992 txs=34798508 mgas=3224370 bps=34.30 tps=5537 mgps=519.0 avgBps=31.81 avgTps=5196 avgMGps=481.5 elapsed=1h51m36s
Sep 22 05:00:51 nimbus-eth1-mainnet-short-benchmark[2804927]: INF 2026-09-22 05:00:51.661+00:00 Imported blocks                            blockNumber=20221185 slot=9427313 blocks=221184 txs=36114045 mgas=3348169 bps=35.24 tps=5659 mgps=532.6 avgBps=31.92 avgTps=5212 avgMGps=483.2 elapsed=1h55m28s
Sep 22 05:04:26 nimbus-eth1-mainnet-short-benchmark[2804927]: INF 2026-09-22 05:04:26.798+00:00 Imported blocks                            blockNumber=20229377 slot=9435549 blocks=229376 txs=37421794 mgas=3472031 bps=38.08 tps=6078 mgps=575.7 avgBps=32.11 avgTps=5238 avgMGps=486.0 elapsed=1h59m3s
Sep 22 05:08:13 nimbus-eth1-mainnet-short-benchmark[2804927]: INF 2026-09-22 05:08:13.019+00:00 Imported blocks                            blockNumber=20237569 slot=9443788 blocks=237568 txs=38842064 mgas=3596351 bps=36.21 tps=6278 mgps=549.6 avgBps=32.23 avgTps=5270 avgMGps=488.0 elapsed=2h2m49s
Sep 22 05:12:17 nimbus-eth1-mainnet-short-benchmark[2804927]: INF 2026-09-22 05:12:17.447+00:00 Imported blocks                            blockNumber=20245761 slot=9452021 blocks=245760 txs=40225739 mgas=3720100 bps=33.52 tps=5660 mgps=506.3 avgBps=32.28 avgTps=5282 avgMGps=488.6 elapsed=2h6m54s
Sep 22 05:16:35 nimbus-eth1-mainnet-short-benchmark[2804927]: INF 2026-09-22 05:16:35.520+00:00 Imported blocks                            blockNumber=20253953 slot=9460253 blocks=253952 txs=41454921 mgas=3844385 bps=31.74 tps=4762 mgps=481.6 avgBps=32.26 avgTps=5265 avgMGps=488.3 elapsed=2h11m12s
Sep 22 05:20:41 nimbus-eth1-mainnet-short-benchmark[2804927]: INF 2026-09-22 05:20:41.504+00:00 Imported blocks                            blockNumber=20262145 slot=9468495 blocks=262144 txs=42726051 mgas=3968623 bps=33.30 tps=5167 mgps=505.1 avgBps=32.29 avgTps=5262 avgMGps=488.8 elapsed=2h15m18s
Sep 22 05:24:30 nimbus-eth1-mainnet-short-benchmark[2804927]: INF 2026-09-22 05:24:30.581+00:00 Imported blocks                            blockNumber=20270337 slot=9476748 blocks=270336 txs=44050436 mgas=4092682 bps=35.76 tps=5781 mgps=541.6 avgBps=32.39 avgTps=5277 avgMGps=490.3 elapsed=2h19m7s
Sep 22 05:28:04 nimbus-eth1-mainnet-short-benchmark[2804927]: INF 2026-09-22 05:28:04.446+00:00 Imported blocks                            blockNumber=20278529 slot=9484981 blocks=278528 txs=45382368 mgas=4216487 bps=38.30 tps=6227 mgps=578.9 avgBps=32.53 avgTps=5300 avgMGps=492.5 elapsed=2h22m41s
Sep 22 05:31:43 nimbus-eth1-mainnet-short-benchmark[2804927]: INF 2026-09-22 05:31:43.483+00:00 Imported blocks                            blockNumber=20286721 slot=9493213 blocks=286720 txs=46733429 mgas=4340363 bps=37.40 tps=6168 mgps=565.6 avgBps=32.65 avgTps=5322 avgMGps=494.3 elapsed=2h26m20s
Sep 22 05:35:45 nimbus-eth1-mainnet-short-benchmark[2804927]: INF 2026-09-22 05:35:45.419+00:00 Imported blocks                            blockNumber=20294913 slot=9501453 blocks=294912 txs=48075887 mgas=4464376 bps=33.86 tps=5548 mgps=512.6 avgBps=32.69 avgTps=5328 avgMGps=494.8 elapsed=2h30m22s
Sep 22 05:39:41 nimbus-eth1-mainnet-short-benchmark[2804927]: INF 2026-09-22 05:39:41.064+00:00 Imported blocks                            blockNumber=20303105 slot=9509696 blocks=303104 txs=49379538 mgas=4588534 bps=34.76 tps=5532 mgps=526.9 avgBps=32.74 avgTps=5333 avgMGps=495.6 elapsed=2h34m17s
Sep 22 05:43:28 nimbus-eth1-mainnet-short-benchmark[2804927]: INF 2026-09-22 05:43:28.889+00:00 Imported blocks                            blockNumber=20311297 slot=9517922 blocks=311296 txs=50637672 mgas=4712596 bps=35.96 tps=5522 mgps=544.5 avgBps=32.82 avgTps=5338 avgMGps=496.8 elapsed=2h38m5s
Sep 22 05:47:09 nimbus-eth1-mainnet-short-benchmark[2804927]: INF 2026-09-22 05:47:09.006+00:00 Imported blocks                            blockNumber=20319489 slot=9526159 blocks=319488 txs=51981692 mgas=4836521 bps=37.22 tps=6105 mgps=563.0 avgBps=32.92 avgTps=5355 avgMGps=498.3 elapsed=2h41m45s
Sep 22 05:50:29 nimbus-eth1-mainnet-short-benchmark[2804927]: INF 2026-09-22 05:50:29.699+00:00 Imported blocks                            blockNumber=20327681 slot=9534381 blocks=327680 txs=53356123 mgas=4960245 bps=40.82 tps=6848 mgps=616.5 avgBps=33.08 avgTps=5385 avgMGps=500.7 elapsed=2h45m6s
Sep 22 05:53:48 nimbus-eth1-mainnet-short-benchmark[2804927]: INF 2026-09-22 05:53:48.472+00:00 Imported blocks                            blockNumber=20335873 slot=9542617 blocks=335872 txs=54719105 mgas=5084025 bps=41.21 tps=6857 mgps=622.7 avgBps=33.24 avgTps=5414 avgMGps=503.1 elapsed=2h48m25s
Sep 22 05:57:28 nimbus-eth1-mainnet-short-benchmark[2804927]: INF 2026-09-22 05:57:28.121+00:00 Imported blocks                            blockNumber=20344065 slot=9550841 blocks=344064 txs=56021853 mgas=5207843 bps=37.30 tps=5931 mgps=563.7 avgBps=33.32 avgTps=5425 avgMGps=504.4 elapsed=2h52m4s
Sep 22 06:01:39 nimbus-eth1-mainnet-short-benchmark[2804927]: INF 2026-09-22 06:01:39.333+00:00 Imported blocks                            blockNumber=20352257 slot=9559072 blocks=352256 txs=57290408 mgas=5332016 bps=32.61 tps=5049 mgps=494.3 avgBps=33.31 avgTps=5416 avgMGps=504.2 elapsed=2h56m16s
Sep 22 06:05:27 nimbus-eth1-mainnet-short-benchmark[2804927]: INF 2026-09-22 06:05:27.202+00:00 Imported blocks                            blockNumber=20360449 slot=9567308 blocks=360448 txs=58543463 mgas=5456201 bps=35.95 tps=5499 mgps=545.0 avgBps=33.36 avgTps=5418 avgMGps=505.0 elapsed=3h4s78ms
Sep 22 06:09:07 nimbus-eth1-mainnet-short-benchmark[2804927]: INF 2026-09-22 06:09:07.631+00:00 Imported blocks                            blockNumber=20368641 slot=9575548 blocks=368640 txs=59874056 mgas=5580204 bps=37.16 tps=6036 mgps=562.6 avgBps=33.44 avgTps=5430 avgMGps=506.2 elapsed=3h3m44s
Sep 22 06:12:55 nimbus-eth1-mainnet-short-benchmark[2804927]: INF 2026-09-22 06:12:55.756+00:00 Imported blocks                            blockNumber=20376833 slot=9583774 blocks=376832 txs=61167066 mgas=5704396 bps=35.91 tps=5668 mgps=544.4 avgBps=33.49 avgTps=5435 avgMGps=506.9 elapsed=3h7m32s
Sep 22 06:16:40 nimbus-eth1-mainnet-short-benchmark[2804927]: INF 2026-09-22 06:16:40.265+00:00 Imported blocks                            blockNumber=20385025 slot=9592009 blocks=385024 txs=62480333 mgas=5828235 bps=36.49 tps=5849 mgps=551.6 avgBps=33.55 avgTps=5443 avgMGps=507.8 elapsed=3h11m17s
Sep 22 06:20:23 nimbus-eth1-mainnet-short-benchmark[2804927]: INF 2026-09-22 06:20:23.909+00:00 Imported blocks                            blockNumber=20393217 slot=9600248 blocks=393216 txs=63800597 mgas=5952136 bps=36.63 tps=5903 mgps=554.0 avgBps=33.61 avgTps=5452 avgMGps=508.7 elapsed=3h15m787ms
Sep 22 06:23:57 nimbus-eth1-mainnet-short-benchmark[2804927]: INF 2026-09-22 06:23:57.742+00:00 Imported blocks                            blockNumber=20401409 slot=9608486 blocks=401408 txs=65021243 mgas=6076384 bps=38.31 tps=5708 mgps=581.0 avgBps=33.69 avgTps=5457 avgMGps=510.0 elapsed=3h18m34s
Sep 22 06:27:46 nimbus-eth1-mainnet-short-benchmark[2804927]: INF 2026-09-22 06:27:46.759+00:00 Imported blocks                            blockNumber=20409601 slot=9616707 blocks=409600 txs=66199016 mgas=6200666 bps=35.77 tps=5142 mgps=542.7 avgBps=33.73 avgTps=5451 avgMGps=510.6 elapsed=3h22m23s
Sep 22 06:31:26 nimbus-eth1-mainnet-short-benchmark[2804927]: INF 2026-09-22 06:31:26.308+00:00 Imported blocks                            blockNumber=20417793 slot=9624941 blocks=417792 txs=67453930 mgas=6324823 bps=37.31 tps=5715 mgps=565.5 avgBps=33.79 avgTps=5456 avgMGps=511.6 elapsed=3h26m3s
Sep 22 06:34:40 nimbus-eth1-mainnet-short-benchmark[2804927]: INF 2026-09-22 06:34:40.865+00:00 Imported blocks                            blockNumber=20425985 slot=9633187 blocks=425984 txs=68814904 mgas=6448778 bps=42.11 tps=6995 mgps=637.1 avgBps=33.92 avgTps=5479 avgMGps=513.5 elapsed=3h29m17s
Sep 22 06:37:54 nimbus-eth1-mainnet-short-benchmark[2804927]: INF 2026-09-22 06:37:54.730+00:00 Imported blocks                            blockNumber=20434177 slot=9641422 blocks=434176 txs=70124508 mgas=6572711 bps=42.26 tps=6755 mgps=639.3 avgBps=34.05 avgTps=5499 avgMGps=515.4 elapsed=3h32m31s
Sep 22 06:41:17 nimbus-eth1-mainnet-short-benchmark[2804927]: INF 2026-09-22 06:41:17.071+00:00 Imported blocks                            blockNumber=20442369 slot=9649657 blocks=442368 txs=71403576 mgas=6696451 bps=40.49 tps=6321 mgps=611.5 avgBps=34.15 avgTps=5512 avgMGps=516.9 elapsed=3h35m53s
Sep 22 06:45:00 nimbus-eth1-mainnet-short-benchmark[2804927]: INF 2026-09-22 06:45:00.364+00:00 Imported blocks                            blockNumber=20450561 slot=9657896 blocks=450560 txs=72659905 mgas=6820521 bps=36.69 tps=5626 mgps=555.6 avgBps=34.19 avgTps=5514 avgMGps=517.6 elapsed=3h39m37s
Sep 22 06:49:05 nimbus-eth1-mainnet-short-benchmark[2804927]: INF 2026-09-22 06:49:05.065+00:00 Imported blocks                            blockNumber=20458753 slot=9666114 blocks=458752 txs=73838533 mgas=6945116 bps=33.48 tps=4816 mgps=509.2 avgBps=34.18 avgTps=5501 avgMGps=517.4 elapsed=3h43m41s
Sep 22 06:52:45 nimbus-eth1-mainnet-short-benchmark[2804927]: INF 2026-09-22 06:52:45.566+00:00 Imported blocks                            blockNumber=20466945 slot=9674343 blocks=466944 txs=75124748 mgas=7068943 bps=37.15 tps=5833 mgps=561.6 avgBps=34.23 avgTps=5506 avgMGps=518.2 elapsed=3h47m22s
Sep 22 06:56:25 nimbus-eth1-mainnet-short-benchmark[2804927]: INF 2026-09-22 06:56:25.091+00:00 Imported blocks                            blockNumber=20475137 slot=9682575 blocks=475136 txs=76420106 mgas=7192870 bps=37.32 tps=5900 mgps=564.5 avgBps=34.28 avgTps=5512 avgMGps=518.9 elapsed=3h51m1s
Sep 22 06:59:54 nimbus-eth1-mainnet-short-benchmark[2804927]: INF 2026-09-22 06:59:54.368+00:00 Imported blocks                            blockNumber=20483329 slot=9690800 blocks=483328 txs=77675422 mgas=7316939 bps=39.14 tps=5998 mgps=592.9 avgBps=34.35 avgTps=5520 avgMGps=520.0 elapsed=3h54m31s
Sep 22 07:03:21 nimbus-eth1-mainnet-short-benchmark[2804927]: INF 2026-09-22 07:03:21.421+00:00 Imported blocks                            blockNumber=20491521 slot=9699019 blocks=491520 txs=78951232 mgas=7440784 bps=39.56 tps=6161 mgps=598.1 avgBps=34.42 avgTps=5529 avgMGps=521.1 elapsed=3h57m58s
Sep 22 07:07:03 nimbus-eth1-mainnet-short-benchmark[2804927]: INF 2026-09-22 07:07:03.361+00:00 Imported blocks                            blockNumber=20499713 slot=9707248 blocks=499712 txs=80189642 mgas=7564669 bps=36.91 tps=5579 mgps=558.2 avgBps=34.46 avgTps=5530 avgMGps=521.7 elapsed=4h1m40s
Sep 22 07:10:51 nimbus-eth1-mainnet-short-benchmark[2804927]: INF 2026-09-22 07:10:51.454+00:00 Imported blocks                            blockNumber=20507905 slot=9715488 blocks=507904 txs=81317763 mgas=7689208 bps=35.91 tps=4945 mgps=546.0 avgBps=34.48 avgTps=5521 avgMGps=522.1 elapsed=4h5m28s
Sep 22 07:14:11 nimbus-eth1-mainnet-short-benchmark[2804927]: INF 2026-09-22 07:14:11.571+00:00 Imported blocks                            blockNumber=20516097 slot=9723715 blocks=516096 txs=82520262 mgas=7813209 bps=40.94 tps=6009 mgps=619.6 avgBps=34.57 avgTps=5527 avgMGps=523.4 elapsed=4h8m48s
Sep 22 07:17:44 nimbus-eth1-mainnet-short-benchmark[2804927]: INF 2026-09-22 07:17:44.676+00:00 Imported blocks                            blockNumber=20524289 slot=9731945 blocks=524288 txs=83780075 mgas=7937233 bps=38.44 tps=5911 mgps=582.0 avgBps=34.63 avgTps=5533 avgMGps=524.2 elapsed=4h12m21s
Sep 22 07:21:21 nimbus-eth1-mainnet-short-benchmark[2804927]: INF 2026-09-22 07:21:21.293+00:00 Imported blocks                            blockNumber=20532481 slot=9740183 blocks=532480 txs=85263862 mgas=8061024 bps=37.82 tps=6849 mgps=571.5 avgBps=34.67 avgTps=5551 avgMGps=524.9 elapsed=4h15m58s
Sep 22 07:25:04 nimbus-eth1-mainnet-short-benchmark[2804927]: INF 2026-09-22 07:25:04.122+00:00 Imported blocks                            blockNumber=20540673 slot=9748418 blocks=540672 txs=86612143 mgas=8185090 bps=36.76 tps=6050 mgps=556.8 avgBps=34.70 avgTps=5558 avgMGps=525.3 elapsed=4h19m40s
Sep 22 07:28:55 nimbus-eth1-mainnet-short-benchmark[2804927]: INF 2026-09-22 07:28:55.395+00:00 Imported blocks                            blockNumber=20548865 slot=9756662 blocks=548864 txs=87802991 mgas=8309513 bps=35.42 tps=5149 mgps=538.0 avgBps=34.71 avgTps=5552 avgMGps=525.5 elapsed=4h23m32s
Sep 22 07:32:42 nimbus-eth1-mainnet-short-benchmark[2804927]: INF 2026-09-22 07:32:42.808+00:00 Imported blocks                            blockNumber=20557057 slot=9764892 blocks=557056 txs=88964987 mgas=8433956 bps=36.02 tps=5109 mgps=547.2 avgBps=34.73 avgTps=5546 avgMGps=525.8 elapsed=4h27m19s
Sep 22 07:36:17 nimbus-eth1-mainnet-short-benchmark[2804927]: INF 2026-09-22 07:36:17.500+00:00 Imported blocks                            blockNumber=20565249 slot=9773131 blocks=565248 txs=90186094 mgas=8558113 bps=38.16 tps=5687 mgps=578.3 avgBps=34.78 avgTps=5548 avgMGps=526.5 elapsed=4h30m54s
Sep 22 07:39:52 nimbus-eth1-mainnet-short-benchmark[2804927]: INF 2026-09-22 07:39:52.329+00:00 Imported blocks                            blockNumber=20573441 slot=9781369 blocks=573440 txs=91404654 mgas=8682228 bps=38.13 tps=5672 mgps=577.7 avgBps=34.82 avgTps=5550 avgMGps=527.2 elapsed=4h34m29s
Sep 22 07:43:24 nimbus-eth1-mainnet-short-benchmark[2804927]: INF 2026-09-22 07:43:24.562+00:00 Imported blocks                            blockNumber=20581633 slot=9789611 blocks=581632 txs=92628389 mgas=8806651 bps=38.60 tps=5765 mgps=586.3 avgBps=34.87 avgTps=5552 avgMGps=527.9 elapsed=4h38m1s
Sep 22 07:47:05 nimbus-eth1-mainnet-short-benchmark[2804927]: INF 2026-09-22 07:47:05.759+00:00 Imported blocks                            blockNumber=20589825 slot=9797855 blocks=589824 txs=93887208 mgas=8931023 bps=37.04 tps=5691 mgps=562.3 avgBps=34.90 avgTps=5554 avgMGps=528.4 elapsed=4h41m42s
Sep 22 07:50:48 nimbus-eth1-mainnet-short-benchmark[2804927]: INF 2026-09-22 07:50:48.904+00:00 Imported blocks                            blockNumber=20598017 slot=9806095 blocks=598016 txs=95163338 mgas=9055310 bps=36.71 tps=5718 mgps=557.0 avgBps=34.92 avgTps=5556 avgMGps=528.8 elapsed=4h45m25s
Sep 22 07:54:32 nimbus-eth1-mainnet-short-benchmark[2804927]: INF 2026-09-22 07:54:32.741+00:00 Imported blocks                            blockNumber=20606209 slot=9814347 blocks=606208 txs=96334664 mgas=9179976 bps=36.60 tps=5232 mgps=556.9 avgBps=34.94 avgTps=5552 avgMGps=529.1 elapsed=4h49m9s
Sep 22 07:58:07 nimbus-eth1-mainnet-short-benchmark[2804927]: INF 2026-09-22 07:58:07.838+00:00 Imported blocks                            blockNumber=20614401 slot=9822581 blocks=614400 txs=97573414 mgas=9304574 bps=38.09 tps=5759 mgps=579.3 avgBps=34.98 avgTps=5555 avgMGps=529.7 elapsed=4h52m44s
Sep 22 08:01:43 nimbus-eth1-mainnet-short-benchmark[2804927]: INF 2026-09-22 08:01:43.599+00:00 Imported blocks                            blockNumber=20622593 slot=9830821 blocks=622592 txs=98874772 mgas=9428835 bps=37.97 tps=6031 mgps=575.9 avgBps=35.02 avgTps=5560 avgMGps=530.3 elapsed=4h56m20s
Sep 22 08:05:12 nimbus-eth1-mainnet-short-benchmark[2804927]: INF 2026-09-22 08:05:12.628+00:00 Imported blocks                            blockNumber=20630785 slot=9839058 blocks=630784 txs=100178707 mgas=9553009 bps=39.19 tps=6238 mgps=594.0 avgBps=35.06 avgTps=5568 avgMGps=531.0 elapsed=4h59m49s
Sep 22 08:08:51 nimbus-eth1-mainnet-short-benchmark[2804927]: INF 2026-09-22 08:08:51.493+00:00 Imported blocks                            blockNumber=20638977 slot=9847313 blocks=638976 txs=101489116 mgas=9677171 bps=37.43 tps=5987 mgps=567.3 avgBps=35.09 avgTps=5573 avgMGps=531.5 elapsed=5h3m28s
Sep 22 08:12:27 nimbus-eth1-mainnet-short-benchmark[2804927]: INF 2026-09-22 08:12:27.650+00:00 Imported blocks                            blockNumber=20647169 slot=9855549 blocks=647168 txs=102730058 mgas=9801643 bps=37.90 tps=5740 mgps=575.8 avgBps=35.13 avgTps=5575 avgMGps=532.0 elapsed=5h7m4s
Sep 22 08:16:16 nimbus-eth1-mainnet-short-benchmark[2804927]: INF 2026-09-22 08:16:16.874+00:00 Imported blocks                            blockNumber=20655361 slot=9863778 blocks=655360 txs=103868002 mgas=9926541 bps=35.74 tps=4964 mgps=544.9 avgBps=35.13 avgTps=5568 avgMGps=532.1 elapsed=5h10m53s
Sep 22 08:19:49 nimbus-eth1-mainnet-short-benchmark[2804927]: INF 2026-09-22 08:19:49.519+00:00 Imported blocks                            blockNumber=20663553 slot=9872013 blocks=663552 txs=105112198 mgas=10051274 bps=38.52 tps=5851 mgps=586.6 avgBps=35.17 avgTps=5571 avgMGps=532.8 elapsed=5h14m26s
Sep 22 08:23:11 nimbus-eth1-mainnet-short-benchmark[2804927]: INF 2026-09-22 08:23:11.068+00:00 Imported blocks                            blockNumber=20671745 slot=9880241 blocks=671744 txs=106395904 mgas=10175177 bps=40.64 tps=6369 mgps=614.7 avgBps=35.23 avgTps=5579 avgMGps=533.6 elapsed=5h17m47s
Sep 22 08:26:36 nimbus-eth1-mainnet-short-benchmark[2804927]: INF 2026-09-22 08:26:36.097+00:00 Imported blocks                            blockNumber=20679937 slot=9888471 blocks=679936 txs=107674271 mgas=10299404 bps=39.96 tps=6235 mgps=605.9 avgBps=35.28 avgTps=5586 avgMGps=534.4 elapsed=5h21m12s
Sep 22 08:29:54 nimbus-eth1-mainnet-short-benchmark[2804927]: INF 2026-09-22 08:29:54.271+00:00 Imported blocks                            blockNumber=20688129 slot=9896698 blocks=688128 txs=108938536 mgas=10423298 bps=41.34 tps=6379 mgps=625.2 avgBps=35.34 avgTps=5594 avgMGps=535.3 elapsed=5h24m31s
Sep 22 08:33:25 nimbus-eth1-mainnet-short-benchmark[2804927]: INF 2026-09-22 08:33:25.060+00:00 Imported blocks                            blockNumber=20696321 slot=9904930 blocks=696320 txs=110235786 mgas=10547469 bps=38.86 tps=6154 mgps=589.1 avgBps=35.38 avgTps=5600 avgMGps=535.9 elapsed=5h28m1s
Sep 22 08:37:12 nimbus-eth1-mainnet-short-benchmark[2804927]: INF 2026-09-22 08:37:12.552+00:00 Imported blocks                            blockNumber=20704513 slot=9913154 blocks=704512 txs=111483759 mgas=10671677 bps=36.01 tps=5485 mgps=546.0 avgBps=35.39 avgTps=5599 avgMGps=536.0 elapsed=5h31m49s
Sep 22 08:40:45 nimbus-eth1-mainnet-short-benchmark[2804927]: INF 2026-09-22 08:40:45.561+00:00 Imported blocks                            blockNumber=20712705 slot=9921388 blocks=712704 txs=112764170 mgas=10795980 bps=38.46 tps=6011 mgps=583.6 avgBps=35.42 avgTps=5603 avgMGps=536.5 elapsed=5h35m22s
Sep 22 08:44:05 nimbus-eth1-mainnet-short-benchmark[2804927]: INF 2026-09-22 08:44:05.206+00:00 Imported blocks                            blockNumber=20720897 slot=9929633 blocks=720896 txs=114110517 mgas=10919926 bps=41.03 tps=6743 mgps=620.8 avgBps=35.47 avgTps=5615 avgMGps=537.3 elapsed=5h38m42s
Sep 22 08:47:32 nimbus-eth1-mainnet-short-benchmark[2804927]: INF 2026-09-22 08:47:32.404+00:00 Imported blocks                            blockNumber=20729089 slot=9937869 blocks=729088 txs=115449431 mgas=11043768 bps=39.54 tps=6461 mgps=597.7 avgBps=35.51 avgTps=5623 avgMGps=538.0 elapsed=5h42m9s
Sep 22 08:50:50 nimbus-eth1-mainnet-short-benchmark[2804927]: INF 2026-09-22 08:50:50.741+00:00 Imported blocks                            blockNumber=20737281 slot=9946108 blocks=737280 txs=116784468 mgas=11167784 bps=41.30 tps=6731 mgps=625.3 avgBps=35.57 avgTps=5634 avgMGps=538.8 elapsed=5h45m27s
Sep 22 08:54:19 nimbus-eth1-mainnet-short-benchmark[2804927]: INF 2026-09-22 08:54:19.366+00:00 Imported blocks                            blockNumber=20745473 slot=9954342 blocks=745472 txs=118101003 mgas=11291742 bps=39.27 tps=6310 mgps=594.2 avgBps=35.61 avgTps=5640 avgMGps=539.3 elapsed=5h48m56s
Sep 22 08:58:04 nimbus-eth1-mainnet-short-benchmark[2804927]: INF 2026-09-22 08:58:04.546+00:00 Imported blocks                            blockNumber=20753665 slot=9962581 blocks=753664 txs=119337525 mgas=11415859 bps=36.38 tps=5491 mgps=551.2 avgBps=35.61 avgTps=5639 avgMGps=539.5 elapsed=5h52m41s
Sep 22 09:01:37 nimbus-eth1-mainnet-short-benchmark[2804927]: INF 2026-09-22 09:01:37.975+00:00 Imported blocks                            blockNumber=20761857 slot=9970803 blocks=761856 txs=120564314 mgas=11540225 bps=38.38 tps=5747 mgps=582.7 avgBps=35.64 avgTps=5640 avgMGps=539.9 elapsed=5h56m14s
Sep 22 09:04:58 nimbus-eth1-mainnet-short-benchmark[2804927]: INF 2026-09-22 09:04:58.149+00:00 Imported blocks                            blockNumber=20770049 slot=9979058 blocks=770048 txs=121858083 mgas=11663918 bps=40.92 tps=6463 mgps=617.9 avgBps=35.69 avgTps=5648 avgMGps=540.6 elapsed=5h59m35s
Sep 22 09:08:09 nimbus-eth1-mainnet-short-benchmark[2804927]: INF 2026-09-22 09:08:09.194+00:00 Imported blocks                            blockNumber=20778241 slot=9987307 blocks=778240 txs=123161734 mgas=11787906 bps=42.88 tps=6823 mgps=649.0 avgBps=35.75 avgTps=5658 avgMGps=541.6 elapsed=6h2m46s
Sep 22 09:11:14 nimbus-eth1-mainnet-short-benchmark[2804927]: INF 2026-09-22 09:11:14.227+00:00 Imported blocks                            blockNumber=20786433 slot=9995542 blocks=786432 txs=124509456 mgas=11911612 bps=44.27 tps=7283 mgps=668.6 avgBps=35.83 avgTps=5672 avgMGps=542.6 elapsed=6h5m51s
Sep 22 09:14:24 nimbus-eth1-mainnet-short-benchmark[2804927]: INF 2026-09-22 09:14:24.701+00:00 Imported blocks                            blockNumber=20794625 slot=10003781 blocks=794624 txs=125848921 mgas=12035338 bps=43.01 tps=7032 mgps=649.6 avgBps=35.89 avgTps=5683 avgMGps=543.6 elapsed=6h9m1s
Sep 22 09:17:42 nimbus-eth1-mainnet-short-benchmark[2804927]: INF 2026-09-22 09:17:42.374+00:00 Imported blocks                            blockNumber=20802817 slot=10012028 blocks=802816 txs=127089868 mgas=12158989 bps=41.44 tps=6277 mgps=625.5 avgBps=35.94 avgTps=5689 avgMGps=544.3 elapsed=6h12m19s
Sep 22 09:21:07 nimbus-eth1-mainnet-short-benchmark[2804927]: INF 2026-09-22 09:21:07.235+00:00 Imported blocks                            blockNumber=20811009 slot=10020249 blocks=811008 txs=128299762 mgas=12282850 bps=39.99 tps=5906 mgps=604.6 avgBps=35.97 avgTps=5691 avgMGps=544.8 elapsed=6h15m44s
Sep 22 09:24:19 nimbus-eth1-mainnet-short-benchmark[2804927]: INF 2026-09-22 09:24:19.080+00:00 Imported blocks                            blockNumber=20819201 slot=10028481 blocks=819200 txs=129596319 mgas=12406594 bps=42.70 tps=6758 mgps=645.0 avgBps=36.03 avgTps=5700 avgMGps=545.7 elapsed=6h18m55s
Sep 22 09:27:29 nimbus-eth1-mainnet-short-benchmark[2804927]: INF 2026-09-22 09:27:29.029+00:00 Imported blocks                            blockNumber=20827393 slot=10036710 blocks=827392 txs=130916729 mgas=12530249 bps=43.13 tps=6951 mgps=651.0 avgBps=36.09 avgTps=5710 avgMGps=546.6 elapsed=6h22m5s
Sep 22 09:30:42 nimbus-eth1-mainnet-short-benchmark[2804927]: INF 2026-09-22 09:30:42.135+00:00 Imported blocks                            blockNumber=20835585 slot=10044938 blocks=835584 txs=132226625 mgas=12654070 bps=42.42 tps=6783 mgps=641.2 avgBps=36.14 avgTps=5719 avgMGps=547.3 elapsed=6h25m19s
Sep 22 09:34:06 nimbus-eth1-mainnet-short-benchmark[2804927]: INF 2026-09-22 09:34:06.188+00:00 Imported blocks                            blockNumber=20843777 slot=10053164 blocks=843776 txs=133604192 mgas=12777730 bps=40.15 tps=6751 mgps=606.0 avgBps=36.18 avgTps=5728 avgMGps=547.9 elapsed=6h28m43s
Sep 22 09:37:56 nimbus-eth1-mainnet-short-benchmark[2804927]: INF 2026-09-22 09:37:56.104+00:00 Imported blocks                            blockNumber=20851969 slot=10061391 blocks=851968 txs=134900706 mgas=12901664 bps=35.63 tps=5638 mgps=539.0 avgBps=36.17 avgTps=5727 avgMGps=547.8 elapsed=6h32m32s
Sep 22 09:41:34 nimbus-eth1-mainnet-short-benchmark[2804927]: INF 2026-09-22 09:41:34.237+00:00 Imported blocks                            blockNumber=20860161 slot=10069622 blocks=860160 txs=136168750 mgas=13025603 bps=37.56 tps=5813 mgps=568.2 avgBps=36.19 avgTps=5728 avgMGps=548.0 elapsed=6h36m11s
Sep 22 09:45:07 nimbus-eth1-mainnet-short-benchmark[2804927]: INF 2026-09-22 09:45:07.946+00:00 Imported blocks                            blockNumber=20868353 slot=10077838 blocks=868352 txs=137550724 mgas=13149742 bps=38.33 tps=6466 mgps=580.9 avgBps=36.20 avgTps=5734 avgMGps=548.3 elapsed=6h39m44s
Sep 22 09:48:40 nimbus-eth1-mainnet-short-benchmark[2804927]: INF 2026-09-22 09:48:40.655+00:00 Imported blocks                            blockNumber=20876545 slot=10086066 blocks=876544 txs=138954673 mgas=13273457 bps=38.51 tps=6600 mgps=581.6 avgBps=36.22 avgTps=5742 avgMGps=548.5 elapsed=6h43m17s
Sep 22 09:52:06 nimbus-eth1-mainnet-short-benchmark[2804927]: INF 2026-09-22 09:52:06.576+00:00 Imported blocks                            blockNumber=20884737 slot=10094286 blocks=884736 txs=140256178 mgas=13397479 bps=39.78 tps=6320 mgps=602.3 avgBps=36.25 avgTps=5747 avgMGps=549.0 elapsed=6h46m43s
Sep 22 09:55:27 nimbus-eth1-mainnet-short-benchmark[2804927]: INF 2026-09-22 09:55:27.357+00:00 Imported blocks                            blockNumber=20892929 slot=10102512 blocks=892928 txs=141581868 mgas=13521575 bps=40.80 tps=6602 mgps=618.0 avgBps=36.29 avgTps=5754 avgMGps=549.6 elapsed=6h50m4s
Sep 22 09:58:48 nimbus-eth1-mainnet-short-benchmark[2804927]: INF 2026-09-22 09:58:48.714+00:00 Imported blocks                            blockNumber=20901121 slot=10110732 blocks=901120 txs=142875889 mgas=13645572 bps=40.68 tps=6426 mgps=615.8 avgBps=36.33 avgTps=5759 avgMGps=550.1 elapsed=6h53m25s
Sep 22 10:02:09 nimbus-eth1-mainnet-short-benchmark[2804927]: INF 2026-09-22 10:02:09.860+00:00 Imported blocks                            blockNumber=20909313 slot=10118953 blocks=909312 txs=144102308 mgas=13769390 bps=40.73 tps=6097 mgps=615.6 avgBps=36.36 avgTps=5762 avgMGps=550.6 elapsed=6h56m46s
Sep 22 10:05:26 nimbus-eth1-mainnet-short-benchmark[2804927]: INF 2026-09-22 10:05:26.473+00:00 Imported blocks                            blockNumber=20917505 slot=10127176 blocks=917504 txs=145406349 mgas=13893087 bps=41.66 tps=6632 mgps=629.1 avgBps=36.40 avgTps=5769 avgMGps=551.2 elapsed=7h3s352ms
Sep 22 10:08:33 nimbus-eth1-mainnet-short-benchmark[2804927]: INF 2026-09-22 10:08:33.734+00:00 Imported blocks                            blockNumber=20925697 slot=10135394 blocks=925696 txs=146718394 mgas=14016820 bps=43.75 tps=7006 mgps=660.8 avgBps=36.46 avgTps=5778 avgMGps=552.0 elapsed=7h3m10s
Sep 22 10:11:55 nimbus-eth1-mainnet-short-benchmark[2804927]: INF 2026-09-22 10:11:55.083+00:00 Imported blocks                            blockNumber=20933889 slot=10143614 blocks=933888 txs=148049109 mgas=14140625 bps=40.69 tps=6609 mgps=614.9 avgBps=36.49 avgTps=5784 avgMGps=552.5 elapsed=7h6m31s
Sep 22 10:15:09 nimbus-eth1-mainnet-short-benchmark[2804927]: INF 2026-09-22 10:15:09.512+00:00 Imported blocks                            blockNumber=20942081 slot=10151840 blocks=942080 txs=149397364 mgas=14264352 bps=42.13 tps=6934 mgps=636.4 avgBps=36.53 avgTps=5793 avgMGps=553.2 elapsed=7h9m46s
Sep 22 10:18:27 nimbus-eth1-mainnet-short-benchmark[2804927]: INF 2026-09-22 10:18:27.942+00:00 Imported blocks                            blockNumber=20950273 slot=10160098 blocks=950272 txs=150765507 mgas=14388237 bps=41.28 tps=6894 mgps=624.3 avgBps=36.57 avgTps=5802 avgMGps=553.7 elapsed=7h13m4s
Sep 22 10:22:02 nimbus-eth1-mainnet-short-benchmark[2804927]: INF 2026-09-22 10:22:02.139+00:00 Imported blocks                            blockNumber=20958465 slot=10168363 blocks=958464 txs=152044771 mgas=14511987 bps=38.25 tps=5972 mgps=577.7 avgBps=36.58 avgTps=5803 avgMGps=553.9 elapsed=7h16m39s
Sep 22 10:25:26 nimbus-eth1-mainnet-short-benchmark[2804927]: INF 2026-09-22 10:25:26.484+00:00 Imported blocks                            blockNumber=20966657 slot=10176609 blocks=966656 txs=153365296 mgas=14635804 bps=40.09 tps=6462 mgps=605.9 avgBps=36.61 avgTps=5808 avgMGps=554.3 elapsed=7h20m3s
Sep 22 10:28:48 nimbus-eth1-mainnet-short-benchmark[2804927]: INF 2026-09-22 10:28:48.037+00:00 Imported blocks                            blockNumber=20974849 slot=10184849 blocks=974848 txs=154744917 mgas=14759580 bps=40.64 tps=6844 mgps=614.1 avgBps=36.64 avgTps=5816 avgMGps=554.8 elapsed=7h23m24s
Sep 22 10:32:17 nimbus-eth1-mainnet-short-benchmark[2804927]: INF 2026-09-22 10:32:17.030+00:00 Imported blocks                            blockNumber=20983041 slot=10193086 blocks=983040 txs=156055229 mgas=14883451 bps=39.20 tps=6269 mgps=592.7 avgBps=36.66 avgTps=5819 avgMGps=555.1 elapsed=7h26m53s
Sep 22 10:35:21 nimbus-eth1-mainnet-short-benchmark[2804927]: INF 2026-09-22 10:35:21.775+00:00 Imported blocks                            blockNumber=20991233 slot=10201319 blocks=991232 txs=157563202 mgas=15007557 bps=44.34 tps=8162 mgps=671.8 avgBps=36.71 avgTps=5835 avgMGps=555.9 elapsed=7h29m58s
Sep 22 10:38:55 nimbus-eth1-mainnet-short-benchmark[2804927]: INF 2026-09-22 10:38:55.068+00:00 Imported blocks                            blockNumber=20999425 slot=10209549 blocks=999424 txs=159003277 mgas=15131383 bps=38.41 tps=6751 mgps=580.5 avgBps=36.73 avgTps=5843 avgMGps=556.1 elapsed=7h33m31s
Sep 22 10:39:10 nimbus-eth1-mainnet-short-benchmark[2804927]: INF 2026-09-22 10:39:10.464+00:00 Imported blocks                            blockNumber=21000001 slot=10210128 blocks=1000000 txs=159109486 mgas=15140191 bps=37.42 tps=6899 mgps=572.1 avgBps=36.73 avgTps=5843 avgMGps=556.1 elapsed=7h33m47s
Sep 22 10:39:10 nimbus-eth1-mainnet-short-benchmark[2804927]: NTC 2026-09-22 10:39:10.464+00:00 Import complete                            blockNumber=21000001 slot=10210128 blocks=1000000 txs=159109486 mgas=15140191
Sep 22 10:39:11 nimbus-eth1-mainnet-short-benchmark[2776281]: <<< ending startNimbusWithImport (success)
Sep 22 10:39:11 nimbus-eth1-mainnet-short-benchmark[2776281]: >>> starting moveBenchmarkingFileToRepo
Sep 22 10:39:11 nimbus-eth1-mainnet-short-benchmark[2776281]: >>> copying debug-csv generated by nimbus to benchmarks repo
Sep 22 10:39:11 nimbus-eth1-mainnet-short-benchmark[2776281]: <<< ending moveBenchmarkingFileToRepo (success)
Sep 22 10:39:11 nimbus-eth1-mainnet-short-benchmark[2776281]: >>> starting generateBuildEnvironmentLogFile
Sep 22 10:39:20 nimbus-eth1-mainnet-short-benchmark[2776281]: <<< ending generateBuildEnvironmentLogFile (success)
Sep 22 10:39:20 nimbus-eth1-mainnet-short-benchmark[2776281]: >>> starting generateSystemdServiceLogs
