=== System Information Report ===
>>> Generated on: Wed Aug 19 06:06:55 PM UTC 2026
==========================
>>> CPU Architecture: x86_64
>>> CPU Byte Order: Little Endian
>>> CPU Cores: 16
>>> CPU Model: AMD Ryzen 7 PRO 8700GE w/ Radeon 780M Graphics
>>> CPU Cache Information:
L1d Cache: 256 KiB (8 instances)
L1i Cache: 256 KiB (8 instances)
L2 Cache: 8 MiB (8 instances)
L3 Cache: 16 MiB (1 instance)
>>> RAM Size: 61Gi
>>> Hard Disk Information:
/dev/md2 : 437G total, 199G free
/dev/md1 : 989M total, 690M free
/dev/nvme0n1p1 : 256M total, 256M free
/dev/nvme1n1 : 1.9T total, 486G free
==========================
=== Nimbus-ETH1 Benchmarking Report ===
>>> Total time spent in benchmarking (nanoseconds): 28809974230750
>>> Total time spent in benchmarking (human readable format): 8 hours 9 seconds
>>> Start block number is 20000001
>>> End block number is 21000001
==========================
=== Comparison of last two benchmarks ===
sort: write failed: 'standard output': Broken pipe
sort: write error
sort: write failed: 'standard output': Broken pipe
sort: write error
python /data/status-im/nimbus-eth1/scripts/block-import-stats.py /data/status-im/nimbus-eth1-benchmarks/short-benchmark/20260519T101612_038d6d77/blocks-import-benchmark.csv /data/status-im/nimbus-eth1-benchmarks/short-benchmark/20260819T095405_15045803/blocks-import-benchmark.csv
blocks-import-benchmark.csv vs blocks-import-benchmark.csv
                      bps_x  bps_y     tps_x     tps_y   time_x   time_y   bpsd   tpsd   timed
block_number                                                                                  
(20000001, 20111112]  27.06  28.86  4,419.79  4,713.05  1h6m50s  1h2m29s  6.81%  6.81%  -6.35%
(20111112, 20222223]  31.20  32.03  5,104.13  5,237.36  1h1m25s   59m51s  2.64%  2.64%  -2.55%
(20222223, 20333334]  33.09  34.00  5,363.59  5,511.97   53m50s   52m24s  2.76%  2.76%  -2.68%
(20333334, 20444445]  34.66  35.79  5,460.43  5,639.95   55m23s   53m39s  3.25%  3.25%  -3.14%
(20444445, 20555556]  34.16  35.37  5,265.14  5,451.14    52m3s   50m18s  3.51%  3.51%  -3.38%
(20555556, 20666667]  34.04  35.57  5,140.90  5,371.34   56m11s   53m46s  4.50%  4.50%  -4.29%
(20666667, 20777778]  35.86  37.16  5,642.19  5,847.67   49m34s   47m50s  3.64%  3.64%  -3.50%
(20777778, 20888889]  36.89  38.36  5,917.24  6,154.22   51m58s   49m59s  4.00%  4.00%  -3.83%
(20888889, 21000001]  37.13  38.39  6,123.58  6,329.61   51m37s   49m50s  3.40%  3.40%  -3.28%

blocks: 991808, baseline: 8h18m56s, contender: 8h0m9s
Time (total): -18m46s, -3.76%

bpsd = blocks per sec diff (+), tpsd = txs per sec diff, timed = time to process diff (-)
+ = more is better, - = less is better
==========================
