Oct 04 13:03:20 nimbus-eth1-mainnet-short-benchmark[1638636]: >>> starting cloneOrFetchBenchmarksRepo
Oct 04 13:03:20 nimbus-eth1-mainnet-short-benchmark[1638636]: >>> Fetching latest changes for nimbus-eth1-benchmarks...
Oct 04 13:03:22 nimbus-eth1-mainnet-short-benchmark[1638683]: HEAD is now at 1e74a8c chore: update short benchmark Readme
Oct 04 13:03:22 nimbus-eth1-mainnet-short-benchmark[1638636]: <<< ending cloneOrFetchBenchmarksRepo (success)
Oct 04 13:03:22 nimbus-eth1-mainnet-short-benchmark[1638636]: >>> starting cloneOrFetchNimbusRepo
Oct 04 13:03:23 nimbus-eth1-mainnet-short-benchmark[1638636]: >>> Fetching latest changes for nimbus-eth1...
Oct 04 13:03:24 nimbus-eth1-mainnet-short-benchmark[1639034]: From https://github.com/status-im/nimbus-eth1
Oct 04 13:03:24 nimbus-eth1-mainnet-short-benchmark[1639034]:    9bf632a46..f04aa5378  master     -> origin/master
Oct 04 13:03:24 nimbus-eth1-mainnet-short-benchmark[1639042]: HEAD is now at f04aa5378 stateless: build the ZisK guest against ziskos v1.2.0-alpha in CI (#4896)
Oct 04 13:03:24 nimbus-eth1-mainnet-short-benchmark[1638636]: >>> Found last benchmarked commit: 9bf632a4
Oct 04 13:03:24 nimbus-eth1-mainnet-short-benchmark[1638636]: >>> Using next commit: f04aa5378985d40feb78e9e56d453b2acf8f35fb
Oct 04 13:03:24 nimbus-eth1-mainnet-short-benchmark[1639058]: HEAD is now at f04aa5378 stateless: build the ZisK guest against ziskos v1.2.0-alpha in CI (#4896)
Oct 04 13:03:24 nimbus-eth1-mainnet-short-benchmark[1638636]: >>> Current commit: f04aa5378
Oct 04 13:03:24 nimbus-eth1-mainnet-short-benchmark[1638636]: <<< ending cloneOrFetchNimbusRepo (success)
Oct 04 13:03:24 nimbus-eth1-mainnet-short-benchmark[1638636]: >>> starting buildBinaries
Oct 04 13:03:24 nimbus-eth1-mainnet-short-benchmark[1638636]: >>> Building binaries for commit f04aa537...
Oct 04 13:03:30 nimbus-eth1-mainnet-short-benchmark[1644775]: Building: Nim compiler
Oct 04 13:06:34 nimbus-eth1-mainnet-short-benchmark[1644775]: Building custom Nimble commit: 42ef70c2102a942c46f13eb76872326edd525cec
Oct 04 13:06:43 nimbus-eth1-mainnet-short-benchmark[1644775]: Building Nimble...
Oct 04 13:06:53 nimbus-eth1-mainnet-short-benchmark[1644775]: Replacing nimble binary...
Oct 04 13:07:01 nimbus-eth1-mainnet-short-benchmark[1661733]: Building: build/generate_makefile
Oct 04 13:07:01 nimbus-eth1-mainnet-short-benchmark[1661593]: ROCKSDB CACHED VERSION: 11.8.1
Oct 04 13:07:01 nimbus-eth1-mainnet-short-benchmark[1661996]: RocksDb static libraries already built. Skipping build.
Oct 04 13:07:01 nimbus-eth1-mainnet-short-benchmark[1661733]: Build completed successfully: build/generate_makefile
Oct 04 13:07:01 nimbus-eth1-mainnet-short-benchmark[1662055]: Building: build/nimbus_execution_client
Oct 04 13:07:27 nimbus-eth1-mainnet-short-benchmark[1662173]: @["Unknown constants in file: ", "GAS_LIMIT_SCHEDULE", "GAS_LIMIT", "- EPOCH", "    GAS_LIMIT"]
Oct 04 13:07:27 nimbus-eth1-mainnet-short-benchmark[1662173]: @["Unknown constants in file: ", "GAS_LIMIT_SCHEDULE", "GAS_LIMIT", "- EPOCH", "    GAS_LIMIT"]
Oct 04 13:09:23 nimbus-eth1-mainnet-short-benchmark[1662055]: Build completed successfully: build/nimbus_execution_client
Oct 04 13:09:23 nimbus-eth1-mainnet-short-benchmark[1638636]: >>> renaming binaries to match commit they were built from
Oct 04 13:09:23 nimbus-eth1-mainnet-short-benchmark[1638636]: >>> creating a symbolic link to the latest version
Oct 04 13:09:23 nimbus-eth1-mainnet-short-benchmark[1638636]: >>> deleting copies that are older than N days
Oct 04 13:09:23 nimbus-eth1-mainnet-short-benchmark[1638636]: <<< ending buildBinaries (success)
Oct 04 13:09:23 nimbus-eth1-mainnet-short-benchmark[1638636]: >>> starting skipOrContinueBenchmark
Oct 04 13:09:23 nimbus-eth1-mainnet-short-benchmark[1638636]: <<< ending skipOrContinueBenchmark (success)
Oct 04 13:09:23 nimbus-eth1-mainnet-short-benchmark[1638636]: >>> starting copyTemplateDatabase
Oct 04 13:09:23 nimbus-eth1-mainnet-short-benchmark[1638636]: >>> Copying template db into nimbus data directory
Oct 04 13:12:42 nimbus-eth1-mainnet-short-benchmark[1638636]: >>> Template db copied
Oct 04 13:12:42 nimbus-eth1-mainnet-short-benchmark[1638636]: >>> making nimbus the owner of the copied files
Oct 04 13:12:42 nimbus-eth1-mainnet-short-benchmark[1638636]: <<< ending copyTemplateDatabase (success)
Oct 04 13:12:42 nimbus-eth1-mainnet-short-benchmark[1638636]: >>> starting startNimbusWithImport
Oct 04 13:12:42 nimbus-eth1-mainnet-short-benchmark[1667782]: INF 2026-10-04 13:12:42.314+00:00 Launching execution client                 version=v0.4.2-f04aa537 config="(configFile: none(InputFile), dataDirFlag: some(/data/status-im/nimbus-eth1/data/shared_mainnet_0), era1DirFlag: some(/data/era1), eraDirFlag: some(/data/era), ereDirFlag: none(OutDir), keyStoreDirFlag: none(OutDir), importKey: , trustedSetupFile: none(string), extraData: Nimbus/v0.4.2-f04aa537, gasLimit: none(uint64), maxBlobs: none(byte), network: [mainnet], logLevel: INFO, logFormat: auto, metricsEnabled: false, metricsPort: 9093, metricsAddress: 127.0.0.1, bootstrapNodes: [], elBootstrapNodes: [], bootstrapFile: , elBootstrapFile: , staticPeers: [], staticPeersFile: , reconnectMaxRetry: 0, reconnectInterval: 15, listenAddress: ::, tcpPort: 30303, udpPortFlag: none(Port), maxPeersOpt: none(int), elMaxPeersOpt: none(int), nat: (hasExtIp: false, nat: NatAny), discv5: true, netKey: random, agentString: Nimbus/v0.4.2-f04aa537/linux-amd64/Nim-2.2.12, numThreads: 0, persistBatchSize: 4, dynamicBatchSize: false, rocksdbMaxOpenFiles: 2048, rocksdbWriteBufferSize: 67108864, rocksdbRowCacheSize: 0, rocksdbBlockCacheSize: 2147483648, rocksdbBlockCacheType: hyperclock, rdbVtxCacheSize: 684720128, rdbKeyCacheSize: 1342177280, rdbBranchCacheSize: 1395654656, accLeafCacheSize: 1310720, stoLeafCacheSize: 1441792, rdbPrintStats: false, rewriteDatadirId: true, aristoDbMaxSnapshots: 5, debugParallel: none(bool), parallelStateRootComputationFlag: false, parallelSenderRecoveryFlag: true, optimisticStatePrefetchFlag: false, balStatePrefetchFlag: false, balStatePrefetchWorkers: 0, balParallelExecutionFlag: false, balPruning: true, eagerStateRootCheck: false, deserializeFcState: true, statelessProvider: false, statelessWitnessValidation: false, cmd: import, maxBlocks: 1000000, chunkSize: 8192, csvStats: some("/data/host-benchmarks/short/a0bd416547a44a23b83693e7424e939a/blocks-import-benchmark.csv"), validation: false, fullValidation: false, storeBodies: false, storeReceipts: false, storeSlotHashes: false)"
Oct 04 13:12:42 nimbus-eth1-mainnet-short-benchmark[1667782]: WRN 2026-10-04 13:12:42.318+00:00 Data directory has insecure permissions. Correcting them. data_dir=/data/status-im/nimbus-eth1/data/shared_mainnet_0 current_permissions=0755 required_permissions=0700
Oct 04 13:12:44 nimbus-eth1-mainnet-short-benchmark[1667782]: INF 2026-10-04 13:12:44.146+00:00 Taskpool started                           numThreads=16
Oct 04 13:12:44 nimbus-eth1-mainnet-short-benchmark[1667782]: CreateIOUring failed: Invalid argument (errno=22), thread=139891543121152
Oct 04 13:12:44 nimbus-eth1-mainnet-short-benchmark[1667782]: INF 2026-10-04 13:12:44.298+00:00 Database initialized                       base="(0xd24fd73f794058a3807db926d8898c6481e902b7edb91ce0d479d6760f276183, 20000000)" finalized="(0xd24fd73f794058a3807db926d8898c6481e902b7edb91ce0d479d6760f276183, 20000000)" head="(0xd4e56740f876aef8c010b86a40d5f56745a118d0906a34e69aec8c0db1cb8fa3, 0)" startOfHistory=0
Oct 04 13:12:44 nimbus-eth1-mainnet-short-benchmark[1667782]: NTC 2026-10-04 13:12:44.298+00:00 Could not open ere database, falling back to era1/era import ereDir=/data/status-im/nimbus-eth1/data/shared_mainnet_0/ere networkName=mainnet error="No ere files found in /data/status-im/nimbus-eth1/data/shared_mainnet_0/ere"
Oct 04 13:12:44 nimbus-eth1-mainnet-short-benchmark[1667782]: NTC 2026-10-04 13:12:44.298+00:00 Importing era archive                      blockNumber=20000001 dataDir=/data/status-im/nimbus-eth1/data/shared_mainnet_0 eraDir=/data/era
Oct 04 13:12:46 nimbus-eth1-mainnet-short-benchmark[1667782]: NTC 2026-10-04 13:12:46.562+00:00 Matched block to slot number               blockNumber=20000001 slot=9204783
Oct 04 13:18:55 nimbus-eth1-mainnet-short-benchmark[1667782]: INF 2026-10-04 13:18:55.437+00:00 Imported blocks                            blockNumber=20008193 slot=9213020 blocks=8192 txs=1226966 mgas=124237 bps=22.07 tps=3305 mgps=334.7 avgBps=22.07 avgTps=3305 avgMGps=334.7 elapsed=6m11s142ms
Oct 04 13:24:21 nimbus-eth1-mainnet-short-benchmark[1667782]: INF 2026-10-04 13:24:21.352+00:00 Imported blocks                            blockNumber=20016385 slot=9221256 blocks=16384 txs=2540380 mgas=248071 bps=25.14 tps=4029 mgps=380.0 avgBps=23.50 avgTps=3644 avgMGps=355.9 elapsed=11m37s55ms
Oct 04 13:29:29 nimbus-eth1-mainnet-short-benchmark[1667782]: INF 2026-10-04 13:29:29.788+00:00 Imported blocks                            blockNumber=20024577 slot=9229485 blocks=24576 txs=3869398 mgas=372018 bps=26.56 tps=4308 mgps=401.9 avgBps=24.44 avgTps=3848 avgMGps=370.0 elapsed=16m45s490ms
Oct 04 13:34:08 nimbus-eth1-mainnet-short-benchmark[1667782]: INF 2026-10-04 13:34:08.552+00:00 Imported blocks                            blockNumber=20032769 slot=9237722 blocks=32768 txs=5222766 mgas=495797 bps=29.39 tps=4854 mgps=444.0 avgBps=25.52 avgTps=4066 avgMGps=386.1 elapsed=21m24s253ms
Oct 04 13:38:32 nimbus-eth1-mainnet-short-benchmark[1667782]: INF 2026-10-04 13:38:32.768+00:00 Imported blocks                            blockNumber=20040961 slot=9245957 blocks=40960 txs=6566802 mgas=619586 bps=31.00 tps=5086 mgps=468.5 avgBps=26.45 avgTps=4240 avgMGps=400.1 elapsed=25m48s469ms
Oct 04 13:43:19 nimbus-eth1-mainnet-short-benchmark[1667782]: INF 2026-10-04 13:43:19.684+00:00 Imported blocks                            blockNumber=20049153 slot=9254196 blocks=49152 txs=7904746 mgas=743522 bps=28.55 tps=4663 mgps=432.0 avgBps=26.78 avgTps=4306 avgMGps=405.1 elapsed=30m35s387ms
Oct 04 13:47:59 nimbus-eth1-mainnet-short-benchmark[1667782]: INF 2026-10-04 13:47:59.072+00:00 Imported blocks                            blockNumber=20057345 slot=9262435 blocks=57344 txs=9212009 mgas=867360 bps=29.32 tps=4679 mgps=443.2 avgBps=27.12 avgTps=4356 avgMGps=410.1 elapsed=35m14s773ms
Oct 04 13:52:14 nimbus-eth1-mainnet-short-benchmark[1667782]: INF 2026-10-04 13:52:14.252+00:00 Imported blocks                            blockNumber=20065537 slot=9270674 blocks=65536 txs=10559018 mgas=991371 bps=32.10 tps=5278 mgps=486.0 avgBps=27.65 avgTps=4455 avgMGps=418.3 elapsed=39m29s957ms
Oct 04 13:56:16 nimbus-eth1-mainnet-short-benchmark[1667782]: INF 2026-10-04 13:56:16.793+00:00 Imported blocks                            blockNumber=20073729 slot=9278910 blocks=73728 txs=11898676 mgas=1115111 bps=33.78 tps=5523 mgps=510.2 avgBps=28.22 avgTps=4554 avgMGps=426.8 elapsed=43m32s498ms
Oct 04 14:00:12 nimbus-eth1-mainnet-short-benchmark[1667782]: INF 2026-10-04 14:00:12.374+00:00 Imported blocks                            blockNumber=20081921 slot=9287152 blocks=81920 txs=13323263 mgas=1239150 bps=34.77 tps=6047 mgps=526.5 avgBps=28.76 avgTps=4677 avgMGps=435.1 elapsed=47m28s77ms
Oct 04 14:04:04 nimbus-eth1-mainnet-short-benchmark[1667782]: INF 2026-10-04 14:04:04.422+00:00 Imported blocks                            blockNumber=20090113 slot=9295408 blocks=90112 txs=14697082 mgas=1363113 bps=35.30 tps=5920 mgps=534.2 avgBps=29.26 avgTps=4771 avgMGps=442.6 elapsed=51m20s126ms
Oct 04 14:08:14 nimbus-eth1-mainnet-short-benchmark[1667782]: INF 2026-10-04 14:08:14.259+00:00 Imported blocks                            blockNumber=20098305 slot=9303658 blocks=98304 txs=16025683 mgas=1487146 bps=32.79 tps=5317 mgps=496.5 avgBps=29.52 avgTps=4812 avgMGps=446.6 elapsed=55m29s960ms
Oct 04 14:12:33 nimbus-eth1-mainnet-short-benchmark[1667782]: INF 2026-10-04 14:12:33.675+00:00 Imported blocks                            blockNumber=20106497 slot=9311895 blocks=106496 txs=17337157 mgas=1611066 bps=31.58 tps=5055 mgps=477.7 avgBps=29.67 avgTps=4830 avgMGps=448.8 elapsed=59m49s375ms
Oct 04 14:16:37 nimbus-eth1-mainnet-short-benchmark[1667782]: INF 2026-10-04 14:16:37.907+00:00 Imported blocks                            blockNumber=20114689 slot=9320146 blocks=114688 txs=18632097 mgas=1735123 bps=33.54 tps=5302 mgps=507.9 avgBps=29.92 avgTps=4860 avgMGps=452.6 elapsed=1h3m53s
Oct 04 14:20:28 nimbus-eth1-mainnet-short-benchmark[1667782]: INF 2026-10-04 14:20:28.248+00:00 Imported blocks                            blockNumber=20122881 slot=9328409 blocks=122880 txs=19937418 mgas=1859249 bps=35.56 tps=5666 mgps=538.9 avgBps=30.24 avgTps=4905 avgMGps=457.5 elapsed=1h7m43s
Oct 04 14:24:14 nimbus-eth1-mainnet-short-benchmark[1667782]: INF 2026-10-04 14:24:14.945+00:00 Imported blocks                            blockNumber=20131073 slot=9336660 blocks=131072 txs=21214129 mgas=1983500 bps=36.14 tps=5631 mgps=548.1 avgBps=30.55 avgTps=4944 avgMGps=462.3 elapsed=1h11m30s
Oct 04 14:28:02 nimbus-eth1-mainnet-short-benchmark[1667782]: INF 2026-10-04 14:28:02.386+00:00 Imported blocks                            blockNumber=20139265 slot=9344906 blocks=139264 txs=22579079 mgas=2107571 bps=36.02 tps=6001 mgps=545.5 avgBps=30.82 avgTps=4997 avgMGps=466.5 elapsed=1h15m18s
Oct 04 14:32:34 nimbus-eth1-mainnet-short-benchmark[1667782]: INF 2026-10-04 14:32:34.622+00:00 Imported blocks                            blockNumber=20147457 slot=9353153 blocks=147456 txs=24133322 mgas=2231686 bps=30.09 tps=5709 mgps=455.9 avgBps=30.78 avgTps=5037 avgMGps=465.9 elapsed=1h19m50s
Oct 04 14:36:53 nimbus-eth1-mainnet-short-benchmark[1667782]: INF 2026-10-04 14:36:53.854+00:00 Imported blocks                            blockNumber=20155649 slot=9361407 blocks=155648 txs=25424015 mgas=2356018 bps=31.60 tps=4978 mgps=479.6 avgBps=30.82 avgTps=5034 avgMGps=466.6 elapsed=1h24m9s
Oct 04 14:40:53 nimbus-eth1-mainnet-short-benchmark[1667782]: INF 2026-10-04 14:40:53.807+00:00 Imported blocks                            blockNumber=20163841 slot=9369652 blocks=163840 txs=26749549 mgas=2480207 bps=34.14 tps=5524 mgps=517.6 avgBps=30.97 avgTps=5057 avgMGps=468.9 elapsed=1h28m9s
Oct 04 14:44:47 nimbus-eth1-mainnet-short-benchmark[1667782]: INF 2026-10-04 14:44:47.883+00:00 Imported blocks                            blockNumber=20172033 slot=9377892 blocks=172032 txs=28105316 mgas=2604026 bps=35.00 tps=5791 mgps=529.0 avgBps=31.14 avgTps=5088 avgMGps=471.4 elapsed=1h32m3s
Oct 04 14:48:47 nimbus-eth1-mainnet-short-benchmark[1667782]: INF 2026-10-04 14:48:47.844+00:00 Imported blocks                            blockNumber=20180225 slot=9386128 blocks=180224 txs=29524405 mgas=2728170 bps=34.14 tps=5913 mgps=517.4 avgBps=31.27 avgTps=5122 avgMGps=473.3 elapsed=1h36m3s
Oct 04 14:52:32 nimbus-eth1-mainnet-short-benchmark[1667782]: INF 2026-10-04 14:52:32.045+00:00 Imported blocks                            blockNumber=20188417 slot=9394365 blocks=188416 txs=30849021 mgas=2852023 bps=36.54 tps=5908 mgps=552.4 avgBps=31.47 avgTps=5152 avgMGps=476.3 elapsed=1h39m47s
Oct 04 14:56:40 nimbus-eth1-mainnet-short-benchmark[1667782]: INF 2026-10-04 14:56:40.289+00:00 Imported blocks                            blockNumber=20196609 slot=9402602 blocks=196608 txs=32174755 mgas=2976155 bps=33.00 tps=5340 mgps=500.0 avgBps=31.53 avgTps=5159 avgMGps=477.3 elapsed=1h43m55s
Oct 04 15:01:00 nimbus-eth1-mainnet-short-benchmark[1667782]: INF 2026-10-04 15:01:00.238+00:00 Imported blocks                            blockNumber=20204801 slot=9410840 blocks=204800 txs=33475942 mgas=3100410 bps=31.51 tps=5005 mgps=478.0 avgBps=31.53 avgTps=5153 avgMGps=477.3 elapsed=1h48m15s
Oct 04 15:05:00 nimbus-eth1-mainnet-short-benchmark[1667782]: INF 2026-10-04 15:05:00.266+00:00 Imported blocks                            blockNumber=20212993 slot=9419071 blocks=212992 txs=34798508 mgas=3224370 bps=34.13 tps=5510 mgps=516.4 avgBps=31.62 avgTps=5166 avgMGps=478.7 elapsed=1h52m15s
Oct 04 15:08:52 nimbus-eth1-mainnet-short-benchmark[1667782]: INF 2026-10-04 15:08:52.823+00:00 Imported blocks                            blockNumber=20221185 slot=9427313 blocks=221184 txs=36114045 mgas=3348169 bps=35.23 tps=5656 mgps=532.3 avgBps=31.74 avgTps=5182 avgMGps=480.5 elapsed=1h56m8s
Oct 04 15:12:27 nimbus-eth1-mainnet-short-benchmark[1667782]: INF 2026-10-04 15:12:27.644+00:00 Imported blocks                            blockNumber=20229377 slot=9435549 blocks=229376 txs=37421794 mgas=3472031 bps=38.13 tps=6087 mgps=576.6 avgBps=31.93 avgTps=5209 avgMGps=483.3 elapsed=1h59m43s
Oct 04 15:16:11 nimbus-eth1-mainnet-short-benchmark[1667782]: INF 2026-10-04 15:16:11.173+00:00 Imported blocks                            blockNumber=20237569 slot=9443788 blocks=237568 txs=38842064 mgas=3596351 bps=36.65 tps=6353 mgps=556.2 avgBps=32.07 avgTps=5244 avgMGps=485.5 elapsed=2h3m26s
Oct 04 15:20:13 nimbus-eth1-mainnet-short-benchmark[1667782]: INF 2026-10-04 15:20:13.441+00:00 Imported blocks                            blockNumber=20245761 slot=9452021 blocks=245760 txs=40225739 mgas=3720100 bps=33.81 tps=5711 mgps=510.8 avgBps=32.13 avgTps=5258 avgMGps=486.3 elapsed=2h7m29s
Oct 04 15:24:28 nimbus-eth1-mainnet-short-benchmark[1667782]: INF 2026-10-04 15:24:28.898+00:00 Imported blocks                            blockNumber=20253953 slot=9460253 blocks=253952 txs=41454921 mgas=3844385 bps=32.07 tps=4811 mgps=486.5 avgBps=32.13 avgTps=5244 avgMGps=486.3 elapsed=2h11m44s
Oct 04 15:28:33 nimbus-eth1-mainnet-short-benchmark[1667782]: INF 2026-10-04 15:28:33.106+00:00 Imported blocks                            blockNumber=20262145 slot=9468495 blocks=262144 txs=42726051 mgas=3968623 bps=33.55 tps=5205 mgps=508.7 avgBps=32.17 avgTps=5243 avgMGps=487.0 elapsed=2h15m48s
Oct 04 15:32:23 nimbus-eth1-mainnet-short-benchmark[1667782]: INF 2026-10-04 15:32:23.267+00:00 Imported blocks                            blockNumber=20270337 slot=9476748 blocks=270336 txs=44050436 mgas=4092682 bps=35.59 tps=5754 mgps=539.0 avgBps=32.26 avgTps=5257 avgMGps=488.4 elapsed=2h19m38s
Oct 04 15:35:56 nimbus-eth1-mainnet-short-benchmark[1667782]: INF 2026-10-04 15:35:56.104+00:00 Imported blocks                            blockNumber=20278529 slot=9484981 blocks=278528 txs=45382368 mgas=4216487 bps=38.49 tps=6257 mgps=581.7 avgBps=32.42 avgTps=5282 avgMGps=490.8 elapsed=2h23m11s
Oct 04 15:39:33 nimbus-eth1-mainnet-short-benchmark[1667782]: INF 2026-10-04 15:39:33.961+00:00 Imported blocks                            blockNumber=20286721 slot=9493213 blocks=286720 txs=46733429 mgas=4340363 bps=37.60 tps=6201 mgps=568.6 avgBps=32.55 avgTps=5304 avgMGps=492.7 elapsed=2h26m49s
Oct 04 15:43:33 nimbus-eth1-mainnet-short-benchmark[1667782]: INF 2026-10-04 15:43:33.946+00:00 Imported blocks                            blockNumber=20294913 slot=9501453 blocks=294912 txs=48075887 mgas=4464376 bps=34.14 tps=5593 mgps=516.8 avgBps=32.59 avgTps=5312 avgMGps=493.3 elapsed=2h30m49s
Oct 04 15:47:28 nimbus-eth1-mainnet-short-benchmark[1667782]: INF 2026-10-04 15:47:28.570+00:00 Imported blocks                            blockNumber=20303105 slot=9509696 blocks=303104 txs=49379538 mgas=4588534 bps=34.92 tps=5556 mgps=529.2 avgBps=32.65 avgTps=5318 avgMGps=494.2 elapsed=2h34m44s
Oct 04 15:51:17 nimbus-eth1-mainnet-short-benchmark[1667782]: INF 2026-10-04 15:51:17.207+00:00 Imported blocks                            blockNumber=20311297 slot=9517922 blocks=311296 txs=50637672 mgas=4712596 bps=35.83 tps=5502 mgps=542.6 avgBps=32.72 avgTps=5323 avgMGps=495.4 elapsed=2h38m32s
Oct 04 15:54:56 nimbus-eth1-mainnet-short-benchmark[1667782]: INF 2026-10-04 15:54:56.484+00:00 Imported blocks                            blockNumber=20319489 slot=9526159 blocks=319488 txs=51981692 mgas=4836521 bps=37.36 tps=6129 mgps=565.2 avgBps=32.83 avgTps=5341 avgMGps=497.0 elapsed=2h42m12s
Oct 04 15:58:17 nimbus-eth1-mainnet-short-benchmark[1667782]: INF 2026-10-04 15:58:17.077+00:00 Imported blocks                            blockNumber=20327681 slot=9534381 blocks=327680 txs=53356123 mgas=4960245 bps=40.84 tps=6851 mgps=616.8 avgBps=32.99 avgTps=5371 avgMGps=499.4 elapsed=2h45m32s
Oct 04 16:01:36 nimbus-eth1-mainnet-short-benchmark[1667782]: INF 2026-10-04 16:01:36.582+00:00 Imported blocks                            blockNumber=20335873 slot=9542617 blocks=335872 txs=54719105 mgas=5084025 bps=41.06 tps=6831 mgps=620.4 avgBps=33.15 avgTps=5400 avgMGps=501.8 elapsed=2h48m52s
Oct 04 16:05:16 nimbus-eth1-mainnet-short-benchmark[1667782]: INF 2026-10-04 16:05:16.075+00:00 Imported blocks                            blockNumber=20344065 slot=9550841 blocks=344064 txs=56021853 mgas=5207843 bps=37.32 tps=5935 mgps=564.1 avgBps=33.24 avgTps=5411 avgMGps=503.1 elapsed=2h52m31s
Oct 04 16:09:27 nimbus-eth1-mainnet-short-benchmark[1667782]: INF 2026-10-04 16:09:27.136+00:00 Imported blocks                            blockNumber=20352257 slot=9559072 blocks=352256 txs=57290408 mgas=5332016 bps=32.63 tps=5052 mgps=494.6 avgBps=33.22 avgTps=5403 avgMGps=502.9 elapsed=2h56m42s
Oct 04 16:13:16 nimbus-eth1-mainnet-short-benchmark[1667782]: INF 2026-10-04 16:13:16.320+00:00 Imported blocks                            blockNumber=20360449 slot=9567308 blocks=360448 txs=58543463 mgas=5456201 bps=35.74 tps=5467 mgps=541.8 avgBps=33.28 avgTps=5404 avgMGps=503.7 elapsed=3h32s25ms
Oct 04 16:16:56 nimbus-eth1-mainnet-short-benchmark[1667782]: INF 2026-10-04 16:16:56.289+00:00 Imported blocks                            blockNumber=20368641 slot=9575548 blocks=368640 txs=59874056 mgas=5580204 bps=37.24 tps=6049 mgps=563.7 avgBps=33.36 avgTps=5417 avgMGps=504.9 elapsed=3h4m11s
Oct 04 16:20:46 nimbus-eth1-mainnet-short-benchmark[1667782]: INF 2026-10-04 16:20:46.010+00:00 Imported blocks                            blockNumber=20376833 slot=9583774 blocks=376832 txs=61167066 mgas=5704396 bps=35.66 tps=5628 mgps=540.6 avgBps=33.40 avgTps=5421 avgMGps=505.6 elapsed=3h8m1s
Oct 04 16:24:31 nimbus-eth1-mainnet-short-benchmark[1667782]: INF 2026-10-04 16:24:31.459+00:00 Imported blocks                            blockNumber=20385025 slot=9592009 blocks=385024 txs=62480333 mgas=5828235 bps=36.34 tps=5825 mgps=549.3 avgBps=33.46 avgTps=5429 avgMGps=506.5 elapsed=3h11m47s
Oct 04 16:28:16 nimbus-eth1-mainnet-short-benchmark[1667782]: INF 2026-10-04 16:28:16.368+00:00 Imported blocks                            blockNumber=20393217 slot=9600248 blocks=393216 txs=63800597 mgas=5952136 bps=36.42 tps=5870 mgps=550.9 avgBps=33.52 avgTps=5438 avgMGps=507.3 elapsed=3h15m32s
Oct 04 16:31:53 nimbus-eth1-mainnet-short-benchmark[1667782]: INF 2026-10-04 16:31:53.253+00:00 Imported blocks                            blockNumber=20401409 slot=9608486 blocks=401408 txs=65021243 mgas=6076384 bps=37.77 tps=5628 mgps=572.9 avgBps=33.59 avgTps=5441 avgMGps=508.5 elapsed=3h19m8s
Oct 04 16:35:44 nimbus-eth1-mainnet-short-benchmark[1667782]: INF 2026-10-04 16:35:44.105+00:00 Imported blocks                            blockNumber=20409601 slot=9616707 blocks=409600 txs=66199016 mgas=6200666 bps=35.49 tps=5101 mgps=538.4 avgBps=33.63 avgTps=5435 avgMGps=509.1 elapsed=3h22m59s
Oct 04 16:39:27 nimbus-eth1-mainnet-short-benchmark[1667782]: INF 2026-10-04 16:39:27.594+00:00 Imported blocks                            blockNumber=20417793 slot=9624941 blocks=417792 txs=67453930 mgas=6324823 bps=36.65 tps=5615 mgps=555.5 avgBps=33.68 avgTps=5438 avgMGps=509.9 elapsed=3h26m43s
Oct 04 16:42:44 nimbus-eth1-mainnet-short-benchmark[1667782]: INF 2026-10-04 16:42:44.815+00:00 Imported blocks                            blockNumber=20425985 slot=9633187 blocks=425984 txs=68814904 mgas=6448778 bps=41.54 tps=6900 mgps=628.5 avgBps=33.81 avgTps=5461 avgMGps=511.8 elapsed=3h30m516ms
Oct 04 16:45:59 nimbus-eth1-mainnet-short-benchmark[1667782]: INF 2026-10-04 16:45:59.529+00:00 Imported blocks                            blockNumber=20434177 slot=9641422 blocks=434176 txs=70124508 mgas=6572711 bps=42.07 tps=6725 mgps=636.5 avgBps=33.93 avgTps=5480 avgMGps=513.7 elapsed=3h33m15s
Oct 04 16:49:26 nimbus-eth1-mainnet-short-benchmark[1667782]: INF 2026-10-04 16:49:26.770+00:00 Imported blocks                            blockNumber=20442369 slot=9649657 blocks=442368 txs=71403576 mgas=6696451 bps=39.53 tps=6171 mgps=597.1 avgBps=34.02 avgTps=5491 avgMGps=515.0 elapsed=3h36m42s
Oct 04 16:53:13 nimbus-eth1-mainnet-short-benchmark[1667782]: INF 2026-10-04 16:53:13.423+00:00 Imported blocks                            blockNumber=20450561 slot=9657896 blocks=450560 txs=72659905 mgas=6820521 bps=36.14 tps=5543 mgps=547.4 avgBps=34.06 avgTps=5492 avgMGps=515.6 elapsed=3h40m29s
Oct 04 16:57:20 nimbus-eth1-mainnet-short-benchmark[1667782]: INF 2026-10-04 16:57:20.383+00:00 Imported blocks                            blockNumber=20458753 slot=9666114 blocks=458752 txs=73838533 mgas=6945116 bps=33.17 tps=4772 mgps=504.5 avgBps=34.04 avgTps=5479 avgMGps=515.4 elapsed=3h44m36s
Oct 04 17:01:02 nimbus-eth1-mainnet-short-benchmark[1667782]: INF 2026-10-04 17:01:02.856+00:00 Imported blocks                            blockNumber=20466945 slot=9674343 blocks=466944 txs=75124748 mgas=7068943 bps=36.82 tps=5781 mgps=556.6 avgBps=34.09 avgTps=5484 avgMGps=516.0 elapsed=3h48m18s
Oct 04 17:04:45 nimbus-eth1-mainnet-short-benchmark[1667782]: INF 2026-10-04 17:04:45.145+00:00 Imported blocks                            blockNumber=20475137 slot=9682575 blocks=475136 txs=76420106 mgas=7192870 bps=36.85 tps=5827 mgps=557.5 avgBps=34.13 avgTps=5489 avgMGps=516.7 elapsed=3h52m851ms
Oct 04 17:08:17 nimbus-eth1-mainnet-short-benchmark[1667782]: INF 2026-10-04 17:08:17.086+00:00 Imported blocks                            blockNumber=20483329 slot=9690800 blocks=483328 txs=77675422 mgas=7316939 bps=38.65 tps=5923 mgps=585.4 avgBps=34.20 avgTps=5496 avgMGps=517.7 elapsed=3h55m32s
Oct 04 17:11:45 nimbus-eth1-mainnet-short-benchmark[1667782]: INF 2026-10-04 17:11:45.647+00:00 Imported blocks                            blockNumber=20491521 slot=9699019 blocks=491520 txs=78951232 mgas=7440784 bps=39.28 tps=6117 mgps=593.8 avgBps=34.27 avgTps=5505 avgMGps=518.8 elapsed=3h59m1s
Oct 04 17:15:28 nimbus-eth1-mainnet-short-benchmark[1667782]: INF 2026-10-04 17:15:28.760+00:00 Imported blocks                            blockNumber=20499713 slot=9707248 blocks=499712 txs=80189642 mgas=7564669 bps=36.72 tps=5550 mgps=555.3 avgBps=34.31 avgTps=5505 avgMGps=519.4 elapsed=4h2m44s
Oct 04 17:19:18 nimbus-eth1-mainnet-short-benchmark[1667782]: INF 2026-10-04 17:19:18.132+00:00 Imported blocks                            blockNumber=20507905 slot=9715488 blocks=507904 txs=81317763 mgas=7689208 bps=35.71 tps=4918 mgps=542.9 avgBps=34.33 avgTps=5496 avgMGps=519.8 elapsed=4h6m33s
Oct 04 17:22:42 nimbus-eth1-mainnet-short-benchmark[1667782]: INF 2026-10-04 17:22:42.089+00:00 Imported blocks                            blockNumber=20516097 slot=9723715 blocks=516096 txs=82520262 mgas=7813209 bps=40.17 tps=5895 mgps=608.0 avgBps=34.41 avgTps=5502 avgMGps=521.0 elapsed=4h9m57s
Oct 04 17:26:16 nimbus-eth1-mainnet-short-benchmark[1667782]: INF 2026-10-04 17:26:16.854+00:00 Imported blocks                            blockNumber=20524289 slot=9731945 blocks=524288 txs=83780075 mgas=7937233 bps=38.14 tps=5865 mgps=577.5 avgBps=34.46 avgTps=5507 avgMGps=521.8 elapsed=4h13m32s
Oct 04 17:29:57 nimbus-eth1-mainnet-short-benchmark[1667782]: INF 2026-10-04 17:29:57.543+00:00 Imported blocks                            blockNumber=20532481 slot=9740183 blocks=532480 txs=85263862 mgas=8061024 bps=37.12 tps=6723 mgps=560.9 avgBps=34.50 avgTps=5524 avgMGps=522.3 elapsed=4h17m13s
Oct 04 17:33:42 nimbus-eth1-mainnet-short-benchmark[1667782]: INF 2026-10-04 17:33:42.460+00:00 Imported blocks                            blockNumber=20540673 slot=9748418 blocks=540672 txs=86612143 mgas=8185090 bps=36.42 tps=5994 mgps=551.6 avgBps=34.53 avgTps=5531 avgMGps=522.7 elapsed=4h20m58s
Oct 04 17:37:36 nimbus-eth1-mainnet-short-benchmark[1667782]: INF 2026-10-04 17:37:36.249+00:00 Imported blocks                            blockNumber=20548865 slot=9756662 blocks=548864 txs=87802991 mgas=8309513 bps=35.04 tps=5093 mgps=532.2 avgBps=34.54 avgTps=5524 avgMGps=522.9 elapsed=4h24m51s
Oct 04 17:41:26 nimbus-eth1-mainnet-short-benchmark[1667782]: INF 2026-10-04 17:41:26.838+00:00 Imported blocks                            blockNumber=20557057 slot=9764892 blocks=557056 txs=88964987 mgas=8433956 bps=35.53 tps=5039 mgps=539.7 avgBps=34.55 avgTps=5518 avgMGps=523.1 elapsed=4h28m42s
Oct 04 17:45:04 nimbus-eth1-mainnet-short-benchmark[1667782]: INF 2026-10-04 17:45:04.974+00:00 Imported blocks                            blockNumber=20565249 slot=9773131 blocks=565248 txs=90186094 mgas=8558113 bps=37.55 tps=5597 mgps=569.2 avgBps=34.59 avgTps=5519 avgMGps=523.7 elapsed=4h32m20s
Oct 04 17:48:44 nimbus-eth1-mainnet-short-benchmark[1667782]: INF 2026-10-04 17:48:44.631+00:00 Imported blocks                            blockNumber=20573441 slot=9781369 blocks=573440 txs=91404654 mgas=8682228 bps=37.29 tps=5547 mgps=565.0 avgBps=34.63 avgTps=5519 avgMGps=524.3 elapsed=4h36m334ms
Oct 04 17:52:18 nimbus-eth1-mainnet-short-benchmark[1667782]: INF 2026-10-04 17:52:18.184+00:00 Imported blocks                            blockNumber=20581633 slot=9789611 blocks=581632 txs=92628389 mgas=8806651 bps=38.36 tps=5730 mgps=582.6 avgBps=34.67 avgTps=5522 avgMGps=525.0 elapsed=4h39m33s
Oct 04 17:56:00 nimbus-eth1-mainnet-short-benchmark[1667782]: INF 2026-10-04 17:56:00.793+00:00 Imported blocks                            blockNumber=20589825 slot=9797855 blocks=589824 txs=93887208 mgas=8931023 bps=36.80 tps=5654 mgps=558.7 avgBps=34.70 avgTps=5523 avgMGps=525.5 elapsed=4h43m16s
Oct 04 17:59:49 nimbus-eth1-mainnet-short-benchmark[1667782]: INF 2026-10-04 17:59:49.178+00:00 Imported blocks                            blockNumber=20598017 slot=9806095 blocks=598016 txs=95163338 mgas=9055310 bps=35.87 tps=5587 mgps=544.2 avgBps=34.72 avgTps=5524 avgMGps=525.7 elapsed=4h47m4s
Oct 04 18:03:36 nimbus-eth1-mainnet-short-benchmark[1667782]: INF 2026-10-04 18:03:36.199+00:00 Imported blocks                            blockNumber=20606209 slot=9814347 blocks=606208 txs=96334664 mgas=9179976 bps=36.08 tps=5159 mgps=549.1 avgBps=34.74 avgTps=5520 avgMGps=526.0 elapsed=4h50m51s
Oct 04 18:07:14 nimbus-eth1-mainnet-short-benchmark[1667782]: INF 2026-10-04 18:07:14.932+00:00 Imported blocks                            blockNumber=20614401 slot=9822581 blocks=614400 txs=97573414 mgas=9304574 bps=37.45 tps=5663 mgps=569.6 avgBps=34.77 avgTps=5521 avgMGps=526.6 elapsed=4h54m30s
Oct 04 18:10:52 nimbus-eth1-mainnet-short-benchmark[1667782]: INF 2026-10-04 18:10:52.573+00:00 Imported blocks                            blockNumber=20622593 slot=9830821 blocks=622592 txs=98874772 mgas=9428835 bps=37.64 tps=5979 mgps=570.9 avgBps=34.80 avgTps=5527 avgMGps=527.1 elapsed=4h58m8s
Oct 04 18:14:23 nimbus-eth1-mainnet-short-benchmark[1667782]: INF 2026-10-04 18:14:23.714+00:00 Imported blocks                            blockNumber=20630785 slot=9839058 blocks=630784 txs=100178707 mgas=9553009 bps=38.80 tps=6175 mgps=588.1 avgBps=34.85 avgTps=5534 avgMGps=527.8 elapsed=5h1m39s
Oct 04 18:18:04 nimbus-eth1-mainnet-short-benchmark[1667782]: INF 2026-10-04 18:18:04.554+00:00 Imported blocks                            blockNumber=20638977 slot=9847313 blocks=638976 txs=101489116 mgas=9677171 bps=37.09 tps=5933 mgps=562.2 avgBps=34.88 avgTps=5539 avgMGps=528.2 elapsed=5h5m20s
Oct 04 18:21:44 nimbus-eth1-mainnet-short-benchmark[1667782]: INF 2026-10-04 18:21:44.775+00:00 Imported blocks                            blockNumber=20647169 slot=9855549 blocks=647168 txs=102730058 mgas=9801643 bps=37.20 tps=5635 mgps=565.2 avgBps=34.91 avgTps=5540 avgMGps=528.7 elapsed=5h9m476ms
Oct 04 18:25:40 nimbus-eth1-mainnet-short-benchmark[1667782]: INF 2026-10-04 18:25:40.248+00:00 Imported blocks                            blockNumber=20655361 slot=9863778 blocks=655360 txs=103868002 mgas=9926541 bps=34.79 tps=4832 mgps=530.4 avgBps=34.90 avgTps=5531 avgMGps=528.7 elapsed=5h12m55s
Oct 04 18:29:14 nimbus-eth1-mainnet-short-benchmark[1667782]: INF 2026-10-04 18:29:14.757+00:00 Imported blocks                            blockNumber=20663553 slot=9872013 blocks=663552 txs=105112198 mgas=10051274 bps=38.19 tps=5800 mgps=581.5 avgBps=34.94 avgTps=5534 avgMGps=529.3 elapsed=5h16m30s
Oct 04 18:32:37 nimbus-eth1-mainnet-short-benchmark[1667782]: INF 2026-10-04 18:32:37.950+00:00 Imported blocks                            blockNumber=20671745 slot=9880241 blocks=671744 txs=106395904 mgas=10175177 bps=40.32 tps=6317 mgps=609.8 avgBps=35.00 avgTps=5543 avgMGps=530.1 elapsed=5h19m53s
Oct 04 18:36:07 nimbus-eth1-mainnet-short-benchmark[1667782]: INF 2026-10-04 18:36:07.003+00:00 Imported blocks                            blockNumber=20679937 slot=9888471 blocks=679936 txs=107674271 mgas=10299404 bps=39.19 tps=6115 mgps=594.2 avgBps=35.04 avgTps=5549 avgMGps=530.8 elapsed=5h23m22s
Oct 04 18:39:26 nimbus-eth1-mainnet-short-benchmark[1667782]: INF 2026-10-04 18:39:26.764+00:00 Imported blocks                            blockNumber=20688129 slot=9896698 blocks=688128 txs=108938536 mgas=10423298 bps=41.01 tps=6328 mgps=620.2 avgBps=35.10 avgTps=5557 avgMGps=531.7 elapsed=5h26m42s
Oct 04 18:42:58 nimbus-eth1-mainnet-short-benchmark[1667782]: INF 2026-10-04 18:42:58.945+00:00 Imported blocks                            blockNumber=20696321 slot=9904930 blocks=696320 txs=110235786 mgas=10547469 bps=38.61 tps=6113 mgps=585.2 avgBps=35.14 avgTps=5563 avgMGps=532.3 elapsed=5h30m14s
Oct 04 18:46:49 nimbus-eth1-mainnet-short-benchmark[1667782]: INF 2026-10-04 18:46:49.374+00:00 Imported blocks                            blockNumber=20704513 slot=9913154 blocks=704512 txs=111483759 mgas=10671677 bps=35.55 tps=5415 mgps=539.0 avgBps=35.15 avgTps=5561 avgMGps=532.4 elapsed=5h34m5s
Oct 04 18:50:26 nimbus-eth1-mainnet-short-benchmark[1667782]: INF 2026-10-04 18:50:26.879+00:00 Imported blocks                            blockNumber=20712705 slot=9921388 blocks=712704 txs=112764170 mgas=10795980 bps=37.66 tps=5886 mgps=571.5 avgBps=35.17 avgTps=5565 avgMGps=532.8 elapsed=5h37m42s
Oct 04 18:53:47 nimbus-eth1-mainnet-short-benchmark[1667782]: INF 2026-10-04 18:53:47.924+00:00 Imported blocks                            blockNumber=20720897 slot=9929633 blocks=720896 txs=114110517 mgas=10919926 bps=40.75 tps=6696 mgps=616.5 avgBps=35.23 avgTps=5576 avgMGps=533.6 elapsed=5h41m3s
Oct 04 18:57:16 nimbus-eth1-mainnet-short-benchmark[1667782]: INF 2026-10-04 18:57:16.101+00:00 Imported blocks                            blockNumber=20729089 slot=9937869 blocks=729088 txs=115449431 mgas=11043768 bps=39.35 tps=6431 mgps=594.9 avgBps=35.27 avgTps=5584 avgMGps=534.2 elapsed=5h44m31s
Oct 04 19:00:35 nimbus-eth1-mainnet-short-benchmark[1667782]: INF 2026-10-04 19:00:35.586+00:00 Imported blocks                            blockNumber=20737281 slot=9946108 blocks=737280 txs=116784468 mgas=11167784 bps=41.07 tps=6692 mgps=621.7 avgBps=35.33 avgTps=5595 avgMGps=535.1 elapsed=5h47m51s
Oct 04 19:04:06 nimbus-eth1-mainnet-short-benchmark[1667782]: INF 2026-10-04 19:04:06.615+00:00 Imported blocks                            blockNumber=20745473 slot=9954342 blocks=745472 txs=118101003 mgas=11291742 bps=38.82 tps=6238 mgps=587.4 avgBps=35.36 avgTps=5601 avgMGps=535.6 elapsed=5h51m22s
Oct 04 19:07:54 nimbus-eth1-mainnet-short-benchmark[1667782]: INF 2026-10-04 19:07:54.920+00:00 Imported blocks                            blockNumber=20753665 slot=9962581 blocks=753664 txs=119337525 mgas=11415859 bps=35.88 tps=5416 mgps=543.6 avgBps=35.37 avgTps=5599 avgMGps=535.7 elapsed=5h55m10s
Oct 04 19:11:29 nimbus-eth1-mainnet-short-benchmark[1667782]: INF 2026-10-04 19:11:29.785+00:00 Imported blocks                            blockNumber=20761857 slot=9970803 blocks=761856 txs=120564314 mgas=11540225 bps=38.13 tps=5709 mgps=578.8 avgBps=35.39 avgTps=5601 avgMGps=536.1 elapsed=5h58m45s
Oct 04 19:14:52 nimbus-eth1-mainnet-short-benchmark[1667782]: INF 2026-10-04 19:14:52.966+00:00 Imported blocks                            blockNumber=20770049 slot=9979058 blocks=770048 txs=121858083 mgas=11663918 bps=40.32 tps=6367 mgps=608.8 avgBps=35.44 avgTps=5608 avgMGps=536.8 elapsed=6h2m8s
Oct 04 19:18:04 nimbus-eth1-mainnet-short-benchmark[1667782]: INF 2026-10-04 19:18:04.959+00:00 Imported blocks                            blockNumber=20778241 slot=9987307 blocks=778240 txs=123161734 mgas=11787906 bps=42.67 tps=6790 mgps=645.8 avgBps=35.50 avgTps=5618 avgMGps=537.8 elapsed=6h5m20s
Oct 04 19:21:12 nimbus-eth1-mainnet-short-benchmark[1667782]: INF 2026-10-04 19:21:12.085+00:00 Imported blocks                            blockNumber=20786433 slot=9995542 blocks=786432 txs=124509456 mgas=11911612 bps=43.78 tps=7202 mgps=661.1 avgBps=35.57 avgTps=5631 avgMGps=538.8 elapsed=6h8m27s
Oct 04 19:24:25 nimbus-eth1-mainnet-short-benchmark[1667782]: INF 2026-10-04 19:24:25.622+00:00 Imported blocks                            blockNumber=20794625 slot=10003781 blocks=794624 txs=125848921 mgas=12035338 bps=42.33 tps=6921 mgps=639.3 avgBps=35.63 avgTps=5643 avgMGps=539.7 elapsed=6h11m41s
Oct 04 19:27:44 nimbus-eth1-mainnet-short-benchmark[1667782]: INF 2026-10-04 19:27:44.543+00:00 Imported blocks                            blockNumber=20802817 slot=10012028 blocks=802816 txs=127089868 mgas=12158989 bps=41.18 tps=6238 mgps=621.6 avgBps=35.68 avgTps=5648 avgMGps=540.4 elapsed=6h15m244ms
Oct 04 19:31:11 nimbus-eth1-mainnet-short-benchmark[1667782]: INF 2026-10-04 19:31:11.844+00:00 Imported blocks                            blockNumber=20811009 slot=10020249 blocks=811008 txs=128299762 mgas=12282850 bps=39.52 tps=5836 mgps=597.5 avgBps=35.72 avgTps=5650 avgMGps=540.9 elapsed=6h18m27s
Oct 04 19:34:24 nimbus-eth1-mainnet-short-benchmark[1667782]: INF 2026-10-04 19:34:24.934+00:00 Imported blocks                            blockNumber=20819201 slot=10028481 blocks=819200 txs=129596319 mgas=12406594 bps=42.43 tps=6714 mgps=640.9 avgBps=35.77 avgTps=5659 avgMGps=541.8 elapsed=6h21m40s
Oct 04 19:37:35 nimbus-eth1-mainnet-short-benchmark[1667782]: INF 2026-10-04 19:37:35.963+00:00 Imported blocks                            blockNumber=20827393 slot=10036710 blocks=827392 txs=130916729 mgas=12530249 bps=42.88 tps=6912 mgps=647.3 avgBps=35.83 avgTps=5669 avgMGps=542.6 elapsed=6h24m51s
Oct 04 19:40:49 nimbus-eth1-mainnet-short-benchmark[1667782]: INF 2026-10-04 19:40:49.408+00:00 Imported blocks                            blockNumber=20835585 slot=10044938 blocks=835584 txs=132226625 mgas=12654070 bps=42.35 tps=6771 mgps=640.1 avgBps=35.88 avgTps=5678 avgMGps=543.4 elapsed=6h28m5s
Oct 04 19:44:13 nimbus-eth1-mainnet-short-benchmark[1667782]: INF 2026-10-04 19:44:13.557+00:00 Imported blocks                            blockNumber=20843777 slot=10053164 blocks=843776 txs=133604192 mgas=12777730 bps=40.13 tps=6747 mgps=605.7 avgBps=35.92 avgTps=5687 avgMGps=544.0 elapsed=6h31m29s
Oct 04 19:48:10 nimbus-eth1-mainnet-short-benchmark[1667782]: INF 2026-10-04 19:48:10.366+00:00 Imported blocks                            blockNumber=20851969 slot=10061391 blocks=851968 txs=134900706 mgas=12901664 bps=34.59 tps=5474 mgps=523.3 avgBps=35.91 avgTps=5685 avgMGps=543.8 elapsed=6h35m26s
Oct 04 19:51:51 nimbus-eth1-mainnet-short-benchmark[1667782]: INF 2026-10-04 19:51:51.015+00:00 Imported blocks                            blockNumber=20860161 slot=10069622 blocks=860160 txs=136168750 mgas=13025603 bps=37.13 tps=5746 mgps=561.7 avgBps=35.92 avgTps=5686 avgMGps=543.9 elapsed=6h39m6s
Oct 04 19:55:29 nimbus-eth1-mainnet-short-benchmark[1667782]: INF 2026-10-04 19:55:29.328+00:00 Imported blocks                            blockNumber=20868353 slot=10077838 blocks=868352 txs=137550724 mgas=13149742 bps=37.52 tps=6330 mgps=568.6 avgBps=35.93 avgTps=5692 avgMGps=544.2 elapsed=6h42m45s
Oct 04 19:59:03 nimbus-eth1-mainnet-short-benchmark[1667782]: INF 2026-10-04 19:59:03.945+00:00 Imported blocks                            blockNumber=20876545 slot=10086066 blocks=876544 txs=138954673 mgas=13273457 bps=38.17 tps=6541 mgps=576.4 avgBps=35.95 avgTps=5699 avgMGps=544.4 elapsed=6h46m19s
Oct 04 20:02:33 nimbus-eth1-mainnet-short-benchmark[1667782]: INF 2026-10-04 20:02:33.578+00:00 Imported blocks                            blockNumber=20884737 slot=10094286 blocks=884736 txs=140256178 mgas=13397479 bps=39.08 tps=6208 mgps=591.6 avgBps=35.98 avgTps=5703 avgMGps=544.9 elapsed=6h49m49s
Oct 04 20:05:56 nimbus-eth1-mainnet-short-benchmark[1667782]: INF 2026-10-04 20:05:56.011+00:00 Imported blocks                            blockNumber=20892929 slot=10102512 blocks=892928 txs=141581868 mgas=13521575 bps=40.47 tps=6548 mgps=613.0 avgBps=36.02 avgTps=5710 avgMGps=545.4 elapsed=6h53m11s
Oct 04 20:09:20 nimbus-eth1-mainnet-short-benchmark[1667782]: INF 2026-10-04 20:09:20.260+00:00 Imported blocks                            blockNumber=20901121 slot=10110732 blocks=901120 txs=142875889 mgas=13645572 bps=40.11 tps=6335 mgps=607.1 avgBps=36.05 avgTps=5715 avgMGps=545.9 elapsed=6h56m35s
Oct 04 20:12:43 nimbus-eth1-mainnet-short-benchmark[1667782]: INF 2026-10-04 20:12:43.401+00:00 Imported blocks                            blockNumber=20909313 slot=10118953 blocks=909312 txs=144102308 mgas=13769390 bps=40.33 tps=6037 mgps=609.5 avgBps=36.09 avgTps=5718 avgMGps=546.4 elapsed=6h59m59s
Oct 04 20:16:02 nimbus-eth1-mainnet-short-benchmark[1667782]: INF 2026-10-04 20:16:02.410+00:00 Imported blocks                            blockNumber=20917505 slot=10127176 blocks=917504 txs=145406349 mgas=13893087 bps=41.16 tps=6552 mgps=621.6 avgBps=36.12 avgTps=5725 avgMGps=547.0 elapsed=7h3m18s
Oct 04 20:19:10 nimbus-eth1-mainnet-short-benchmark[1667782]: INF 2026-10-04 20:19:10.967+00:00 Imported blocks                            blockNumber=20925697 slot=10135394 blocks=925696 txs=146718394 mgas=14016820 bps=43.45 tps=6958 mgps=656.2 avgBps=36.18 avgTps=5734 avgMGps=547.8 elapsed=7h6m26s
Oct 04 20:22:34 nimbus-eth1-mainnet-short-benchmark[1667782]: INF 2026-10-04 20:22:34.849+00:00 Imported blocks                            blockNumber=20933889 slot=10143614 blocks=933888 txs=148049109 mgas=14140625 bps=40.18 tps=6526 mgps=607.2 avgBps=36.21 avgTps=5740 avgMGps=548.3 elapsed=7h9m50s
Oct 04 20:25:50 nimbus-eth1-mainnet-short-benchmark[1667782]: INF 2026-10-04 20:25:50.106+00:00 Imported blocks                            blockNumber=20942081 slot=10151840 blocks=942080 txs=149397364 mgas=14264352 bps=41.95 tps=6904 mgps=633.7 avgBps=36.25 avgTps=5749 avgMGps=548.9 elapsed=7h13m5s
Oct 04 20:29:10 nimbus-eth1-mainnet-short-benchmark[1667782]: INF 2026-10-04 20:29:10.823+00:00 Imported blocks                            blockNumber=20950273 slot=10160098 blocks=950272 txs=150765507 mgas=14388237 bps=40.81 tps=6816 mgps=617.2 avgBps=36.29 avgTps=5757 avgMGps=549.5 elapsed=7h16m26s
Oct 04 20:32:46 nimbus-eth1-mainnet-short-benchmark[1667782]: INF 2026-10-04 20:32:46.792+00:00 Imported blocks                            blockNumber=20958465 slot=10168363 blocks=958464 txs=152044771 mgas=14511987 bps=37.93 tps=5923 mgps=573.0 avgBps=36.30 avgTps=5758 avgMGps=549.6 elapsed=7h20m2s
Oct 04 20:36:13 nimbus-eth1-mainnet-short-benchmark[1667782]: INF 2026-10-04 20:36:13.417+00:00 Imported blocks                            blockNumber=20966657 slot=10176609 blocks=966656 txs=153365296 mgas=14635804 bps=39.65 tps=6390 mgps=599.2 avgBps=36.33 avgTps=5763 avgMGps=550.0 elapsed=7h23m29s
Oct 04 20:39:38 nimbus-eth1-mainnet-short-benchmark[1667782]: INF 2026-10-04 20:39:38.846+00:00 Imported blocks                            blockNumber=20974849 slot=10184849 blocks=974848 txs=154744917 mgas=14759580 bps=39.88 tps=6715 mgps=602.5 avgBps=36.36 avgTps=5770 avgMGps=550.4 elapsed=7h26m54s
Oct 04 20:43:08 nimbus-eth1-mainnet-short-benchmark[1667782]: INF 2026-10-04 20:43:08.095+00:00 Imported blocks                            blockNumber=20983041 slot=10193086 blocks=983040 txs=156055229 mgas=14883451 bps=39.15 tps=6262 mgps=592.0 avgBps=36.38 avgTps=5774 avgMGps=550.8 elapsed=7h30m23s
Oct 04 20:46:14 nimbus-eth1-mainnet-short-benchmark[1667782]: INF 2026-10-04 20:46:14.141+00:00 Imported blocks                            blockNumber=20991233 slot=10201319 blocks=991232 txs=157563202 mgas=15007557 bps=44.03 tps=8105 mgps=667.1 avgBps=36.43 avgTps=5790 avgMGps=551.5 elapsed=7h33m29s
Oct 04 20:49:51 nimbus-eth1-mainnet-short-benchmark[1667782]: INF 2026-10-04 20:49:51.685+00:00 Imported blocks                            blockNumber=20999425 slot=10209549 blocks=999424 txs=159003277 mgas=15131383 bps=37.66 tps=6619 mgps=569.2 avgBps=36.44 avgTps=5797 avgMGps=551.7 elapsed=7h37m7s
Oct 04 20:50:07 nimbus-eth1-mainnet-short-benchmark[1667782]: INF 2026-10-04 20:50:07.409+00:00 Imported blocks                            blockNumber=21000001 slot=10210128 blocks=1000000 txs=159109486 mgas=15140191 bps=36.63 tps=6754 mgps=560.1 avgBps=36.44 avgTps=5797 avgMGps=551.7 elapsed=7h37m23s
Oct 04 20:50:07 nimbus-eth1-mainnet-short-benchmark[1667782]: NTC 2026-10-04 20:50:07.409+00:00 Import complete                            blockNumber=21000001 slot=10210128 blocks=1000000 txs=159109486 mgas=15140191
Oct 04 20:50:08 nimbus-eth1-mainnet-short-benchmark[1638636]: <<< ending startNimbusWithImport (success)
Oct 04 20:50:08 nimbus-eth1-mainnet-short-benchmark[1638636]: >>> starting moveBenchmarkingFileToRepo
Oct 04 20:50:08 nimbus-eth1-mainnet-short-benchmark[1638636]: >>> copying debug-csv generated by nimbus to benchmarks repo
Oct 04 20:50:08 nimbus-eth1-mainnet-short-benchmark[1638636]: <<< ending moveBenchmarkingFileToRepo (success)
Oct 04 20:50:08 nimbus-eth1-mainnet-short-benchmark[1638636]: >>> starting generateBuildEnvironmentLogFile
Oct 04 20:50:17 nimbus-eth1-mainnet-short-benchmark[1638636]: <<< ending generateBuildEnvironmentLogFile (success)
Oct 04 20:50:17 nimbus-eth1-mainnet-short-benchmark[1638636]: >>> starting generateSystemdServiceLogs
