=== System Information Report ===
>>> Generated on: Thu Sep 24 07:23:50 AM UTC 2026
==========================
>>> CPU Architecture: x86_64
>>> CPU Byte Order: Little Endian
>>> CPU Cores: 16
>>> CPU Model: AMD Ryzen 7 PRO 8700GE w/ Radeon 780M Graphics
>>> CPU Cache Information:
L1d Cache: 256 KiB (8 instances)
L1i Cache: 256 KiB (8 instances)
L2 Cache: 8 MiB (8 instances)
L3 Cache: 16 MiB (1 instance)
>>> RAM Size: 61Gi
>>> Hard Disk Information:
/dev/md2 : 437G total, 199G free
/dev/md1 : 989M total, 690M free
/dev/nvme0n1p1 : 256M total, 256M free
/dev/nvme1n1 : 1.9T total, 487G free
==========================
=== Nimbus-ETH1 Benchmarking Report ===
>>> Total time spent in benchmarking (nanoseconds): 27941802625353
>>> Total time spent in benchmarking (human readable format): 7 hours 45 minutes 41 seconds
>>> Start block number is 20000001
>>> End block number is 21000001
==========================
=== Comparison of last two benchmarks ===
sort: write failed: 'standard output': Broken pipe
sort: write error
python /data/status-im/nimbus-eth1/scripts/block-import-stats.py /data/status-im/nimbus-eth1-benchmarks/short-benchmark/20260923T153111_2f0ae87c/blocks-import-benchmark.csv /data/status-im/nimbus-eth1-benchmarks/short-benchmark/20260923T232855_4f282d85/blocks-import-benchmark.csv
blocks-import-benchmark.csv vs blocks-import-benchmark.csv
                      bps_x  bps_y     tps_x     tps_y   time_x   time_y    bpsd    tpsd   timed
block_number                                                                                    
(20000001, 20111112]  29.82  29.86  4,870.22  4,875.96  1h0m30s  1h0m23s   0.17%   0.17%  -0.15%
(20111112, 20222223]  33.54  33.57  5,485.27  5,490.36   57m10s    57m6s   0.10%   0.10%  -0.10%
(20222223, 20333334]  35.23  35.40  5,710.97  5,737.90   50m35s   50m21s   0.46%   0.46%  -0.45%
(20333334, 20444445]  36.64  36.86  5,773.36  5,808.46   52m23s    52m4s   0.60%   0.60%  -0.60%
(20444445, 20555556]  36.25  36.29  5,585.45  5,591.67    49m4s    49m1s   0.12%   0.12%  -0.12%
(20555556, 20666667]  36.30  36.37  5,481.90  5,492.97   52m42s   52m35s   0.21%   0.21%  -0.21%
(20666667, 20777778]  38.16  38.16  6,004.00  6,004.52   46m36s   46m36s  -0.00%  -0.00%   0.01%
(20777778, 20888889]  39.27  39.27  6,299.74  6,299.95   48m52s   48m51s   0.01%   0.01%  -0.01%
(20888889, 21000001]  39.15  39.30  6,454.11  6,477.28   48m52s   48m40s   0.37%   0.37%  -0.37%

blocks: 991808, baseline: 7h46m47s, contender: 7h45m41s
Time (total): -1m5s, -0.23%

bpsd = blocks per sec diff (+), tpsd = txs per sec diff, timed = time to process diff (-)
+ = more is better, - = less is better
==========================
