=== System Information Report ===
>>> Generated on: Fri Sep 25 03:17:09 PM UTC 2026
==========================
>>> CPU Architecture: x86_64
>>> CPU Byte Order: Little Endian
>>> CPU Cores: 16
>>> CPU Model: AMD Ryzen 7 PRO 8700GE w/ Radeon 780M Graphics
>>> CPU Cache Information:
L1d Cache: 256 KiB (8 instances)
L1i Cache: 256 KiB (8 instances)
L2 Cache: 8 MiB (8 instances)
L3 Cache: 16 MiB (1 instance)
>>> RAM Size: 61Gi
>>> Hard Disk Information:
/dev/md2 : 437G total, 199G free
/dev/md1 : 989M total, 690M free
/dev/nvme0n1p1 : 256M total, 256M free
/dev/nvme1n1 : 1.9T total, 486G free
==========================
=== Nimbus-ETH1 Benchmarking Report ===
>>> Total time spent in benchmarking (nanoseconds): 27880455613149
>>> Total time spent in benchmarking (human readable format): 7 hours 44 minutes 40 seconds
>>> Start block number is 20000001
>>> End block number is 21000001
==========================
=== Comparison of last two benchmarks ===
sort: write failed: 'standard output': Broken pipe
sort: write error
sort: write failed: 'standard output': Broken pipe
sort: write error
python /data/status-im/nimbus-eth1/scripts/block-import-stats.py /data/status-im/nimbus-eth1-benchmarks/short-benchmark/20260924T232222_5f52bd29/blocks-import-benchmark.csv /data/status-im/nimbus-eth1-benchmarks/short-benchmark/20260925T072313_88794416/blocks-import-benchmark.csv
blocks-import-benchmark.csv vs blocks-import-benchmark.csv
                      bps_x  bps_y     tps_x     tps_y   time_x   time_y   bpsd   tpsd   timed
block_number                                                                                  
(20000001, 20111112]  29.69  29.97  4,848.41  4,893.34  1h0m49s  1h0m11s  0.99%  0.99%  -0.98%
(20111112, 20222223]  33.35  33.74  5,453.59  5,516.70   57m30s   56m50s  1.16%  1.16%  -1.15%
(20222223, 20333334]  35.13  35.52  5,694.09  5,757.57   50m44s   50m11s  1.12%  1.12%  -1.10%
(20333334, 20444445]  36.43  36.99  5,739.45  5,828.97   52m42s   51m54s  1.55%  1.55%  -1.52%
(20444445, 20555556]  35.97  36.43  5,542.81  5,613.61   49m28s   48m49s  1.30%  1.30%  -1.28%
(20555556, 20666667]  35.97  36.35  5,432.41  5,489.56   53m11s   52m37s  1.07%  1.07%  -1.05%
(20666667, 20777778]  37.75  38.07  5,941.18  5,991.07    47m6s   46m43s  0.85%  0.85%  -0.84%
(20777778, 20888889]  39.08  39.43  6,269.85  6,324.83    49m6s   48m39s  0.91%  0.91%  -0.90%
(20888889, 21000001]  39.08  39.30  6,442.50  6,477.10   48m59s   48m42s  0.54%  0.54%  -0.53%

blocks: 991808, baseline: 7h49m39s, contender: 7h44m40s
Time (total): -4m59s, -1.06%

bpsd = blocks per sec diff (+), tpsd = txs per sec diff, timed = time to process diff (-)
+ = more is better, - = less is better
==========================
