Sep 25 07:23:01 nimbus-eth1-mainnet-short-benchmark[188476]: >>> starting cloneOrFetchBenchmarksRepo
Sep 25 07:23:01 nimbus-eth1-mainnet-short-benchmark[188476]: >>> Fetching latest changes for nimbus-eth1-benchmarks...
Sep 25 07:23:03 nimbus-eth1-mainnet-short-benchmark[188525]: HEAD is now at a0e04b3 chore: update short benchmark Readme
Sep 25 07:23:03 nimbus-eth1-mainnet-short-benchmark[188476]: <<< ending cloneOrFetchBenchmarksRepo (success)
Sep 25 07:23:03 nimbus-eth1-mainnet-short-benchmark[188476]: >>> starting cloneOrFetchNimbusRepo
Sep 25 07:23:12 nimbus-eth1-mainnet-short-benchmark[188476]: >>> Fetching latest changes for nimbus-eth1...
Sep 25 07:23:13 nimbus-eth1-mainnet-short-benchmark[188873]: From https://github.com/status-im/nimbus-eth1
Sep 25 07:23:13 nimbus-eth1-mainnet-short-benchmark[188873]:    5f52bd298..823efde80  master                  -> origin/master
Sep 25 07:23:13 nimbus-eth1-mainnet-short-benchmark[188873]:  * [new branch]          proxy-anchor-guarantees -> origin/proxy-anchor-guarantees
Sep 25 07:23:13 nimbus-eth1-mainnet-short-benchmark[188873]:  * [new branch]          spec-align              -> origin/spec-align
Sep 25 07:23:13 nimbus-eth1-mainnet-short-benchmark[188873]:    fe89b506f..67ef9b3fc  wasm-deploy             -> origin/wasm-deploy
Sep 25 07:23:13 nimbus-eth1-mainnet-short-benchmark[188883]: HEAD is now at 823efde80 filter out parsed genesis states from Git LFS across all supported networks (#4845)
Sep 25 07:23:13 nimbus-eth1-mainnet-short-benchmark[188476]: >>> Found last benchmarked commit: 5f52bd29
Sep 25 07:23:13 nimbus-eth1-mainnet-short-benchmark[188476]: >>> Using next commit: 88794416de1c81ca940b631cc5ace32b24cbd3aa
Sep 25 07:23:13 nimbus-eth1-mainnet-short-benchmark[188899]: HEAD is now at 88794416d build(deps): bump vendor/nim-eth from `46419b5` to `bfa9344` (#4830)
Sep 25 07:23:13 nimbus-eth1-mainnet-short-benchmark[188476]: >>> Current commit: 88794416d
Sep 25 07:23:13 nimbus-eth1-mainnet-short-benchmark[188476]: <<< ending cloneOrFetchNimbusRepo (success)
Sep 25 07:23:13 nimbus-eth1-mainnet-short-benchmark[188476]: >>> starting buildBinaries
Sep 25 07:23:13 nimbus-eth1-mainnet-short-benchmark[188476]: >>> Building binaries for commit 88794416...
Sep 25 07:23:15 nimbus-eth1-mainnet-short-benchmark[190115]: Submodule path 'vendor/nim-eth': checked out 'bfa934481e2e1c3a7c6f05e4ff6b79f7d06c55f7'
Sep 25 07:23:21 nimbus-eth1-mainnet-short-benchmark[194436]: Building: Nim compiler
Sep 25 07:26:22 nimbus-eth1-mainnet-short-benchmark[194436]: Building custom Nimble commit: 42ef70c2102a942c46f13eb76872326edd525cec
Sep 25 07:26:32 nimbus-eth1-mainnet-short-benchmark[194436]: Building Nimble...
Sep 25 07:26:42 nimbus-eth1-mainnet-short-benchmark[194436]: Replacing nimble binary...
Sep 25 07:26:49 nimbus-eth1-mainnet-short-benchmark[211138]: Building: build/generate_makefile
Sep 25 07:26:50 nimbus-eth1-mainnet-short-benchmark[211001]: ROCKSDB CACHED VERSION: 11.8.1
Sep 25 07:26:50 nimbus-eth1-mainnet-short-benchmark[211402]: RocksDb static libraries already built. Skipping build.
Sep 25 07:26:50 nimbus-eth1-mainnet-short-benchmark[211138]: Build completed successfully: build/generate_makefile
Sep 25 07:26:50 nimbus-eth1-mainnet-short-benchmark[211456]: Building: build/nimbus_execution_client
Sep 25 07:29:12 nimbus-eth1-mainnet-short-benchmark[211456]: Build completed successfully: build/nimbus_execution_client
Sep 25 07:29:12 nimbus-eth1-mainnet-short-benchmark[188476]: >>> renaming binaries to match commit they were built from
Sep 25 07:29:12 nimbus-eth1-mainnet-short-benchmark[188476]: >>> creating a symbolic link to the latest version
Sep 25 07:29:12 nimbus-eth1-mainnet-short-benchmark[188476]: >>> deleting copies that are older than N days
Sep 25 07:29:12 nimbus-eth1-mainnet-short-benchmark[188476]: <<< ending buildBinaries (success)
Sep 25 07:29:12 nimbus-eth1-mainnet-short-benchmark[188476]: >>> starting skipOrContinueBenchmark
Sep 25 07:29:12 nimbus-eth1-mainnet-short-benchmark[188476]: <<< ending skipOrContinueBenchmark (success)
Sep 25 07:29:12 nimbus-eth1-mainnet-short-benchmark[188476]: >>> starting copyTemplateDatabase
Sep 25 07:29:12 nimbus-eth1-mainnet-short-benchmark[188476]: >>> Copying template db into nimbus data directory
Sep 25 07:32:25 nimbus-eth1-mainnet-short-benchmark[188476]: >>> Template db copied
Sep 25 07:32:25 nimbus-eth1-mainnet-short-benchmark[188476]: >>> making nimbus the owner of the copied files
Sep 25 07:32:25 nimbus-eth1-mainnet-short-benchmark[188476]: <<< ending copyTemplateDatabase (success)
Sep 25 07:32:25 nimbus-eth1-mainnet-short-benchmark[188476]: >>> starting startNimbusWithImport
Sep 25 07:32:25 nimbus-eth1-mainnet-short-benchmark[217155]: INF 2026-09-25 07:32:25.988+00:00 Launching execution client                 version=v0.4.1-88794416 config="(configFile: none(InputFile), dataDirFlag: some(/data/status-im/nimbus-eth1/data/shared_mainnet_0), era1DirFlag: some(/data/era1), eraDirFlag: some(/data/era), ereDirFlag: none(OutDir), keyStoreDirFlag: none(OutDir), importKey: , trustedSetupFile: none(string), extraData: Nimbus/v0.4.1-88794416, gasLimit: none(uint64), maxBlobs: none(byte), network: [mainnet], logLevel: INFO, logFormat: auto, metricsEnabled: false, metricsPort: 9093, metricsAddress: 127.0.0.1, bootstrapNodes: [], elBootstrapNodes: [], bootstrapFile: , elBootstrapFile: , staticPeers: [], staticPeersFile: , reconnectMaxRetry: 0, reconnectInterval: 15, listenAddress: ::, tcpPort: 30303, udpPortFlag: none(Port), maxPeersOpt: none(int), elMaxPeersOpt: none(int), nat: (hasExtIp: false, nat: NatAny), discv5: true, netKey: random, agentString: Nimbus/v0.4.1-88794416/linux-amd64/Nim-2.2.12, numThreads: 0, persistBatchSize: 4, dynamicBatchSize: false, rocksdbMaxOpenFiles: 2048, rocksdbWriteBufferSize: 67108864, rocksdbRowCacheSize: 0, rocksdbBlockCacheSize: 2147483648, rocksdbBlockCacheType: hyperclock, rdbVtxCacheSize: 536870912, rdbKeyCacheSize: 1342177280, rdbBranchCacheSize: 1312817152, rdbPrintStats: false, rewriteDatadirId: true, aristoDbMaxSnapshots: 5, debugParallel: none(bool), parallelStateRootComputationFlag: false, parallelSenderRecoveryFlag: true, optimisticStatePrefetchFlag: false, balStatePrefetchFlag: false, balStatePrefetchWorkers: 0, balParallelExecutionFlag: false, balPruning: true, eagerStateRootCheck: false, deserializeFcState: true, statelessProvider: false, statelessWitnessValidation: false, cmd: import, maxBlocks: 1000000, chunkSize: 8192, csvStats: some("/data/host-benchmarks/short/e13d72392fa84420af4b52f2ad5abd95/blocks-import-benchmark.csv"), validation: false, fullValidation: false, storeBodies: false, storeReceipts: false, storeSlotHashes: false)"
Sep 25 07:32:26 nimbus-eth1-mainnet-short-benchmark[217155]: WRN 2026-09-25 07:32:25.992+00:00 Data directory has insecure permissions. Correcting them. data_dir=/data/status-im/nimbus-eth1/data/shared_mainnet_0 current_permissions=0755 required_permissions=0700
Sep 25 07:32:27 nimbus-eth1-mainnet-short-benchmark[217155]: INF 2026-09-25 07:32:27.820+00:00 Taskpool started                           numThreads=16
Sep 25 07:32:27 nimbus-eth1-mainnet-short-benchmark[217155]: CreateIOUring failed: Invalid argument (errno=22), thread=140705624136960
Sep 25 07:32:27 nimbus-eth1-mainnet-short-benchmark[217155]: INF 2026-09-25 07:32:27.964+00:00 Database initialized                       base="(0xd24fd73f794058a3807db926d8898c6481e902b7edb91ce0d479d6760f276183, 20000000)" finalized="(0xd24fd73f794058a3807db926d8898c6481e902b7edb91ce0d479d6760f276183, 20000000)" head="(0xd4e56740f876aef8c010b86a40d5f56745a118d0906a34e69aec8c0db1cb8fa3, 0)"
Sep 25 07:32:27 nimbus-eth1-mainnet-short-benchmark[217155]: NTC 2026-09-25 07:32:27.964+00:00 Could not open ere database, falling back to era1/era import ereDir=/data/status-im/nimbus-eth1/data/shared_mainnet_0/ere networkName=mainnet error="No ere files found in /data/status-im/nimbus-eth1/data/shared_mainnet_0/ere"
Sep 25 07:32:27 nimbus-eth1-mainnet-short-benchmark[217155]: NTC 2026-09-25 07:32:27.964+00:00 Importing era archive                      blockNumber=20000001 dataDir=/data/status-im/nimbus-eth1/data/shared_mainnet_0 eraDir=/data/era
Sep 25 07:32:30 nimbus-eth1-mainnet-short-benchmark[217155]: NTC 2026-09-25 07:32:30.172+00:00 Matched block to slot number               blockNumber=20000001 slot=9204783
Sep 25 07:38:35 nimbus-eth1-mainnet-short-benchmark[217155]: INF 2026-09-25 07:38:35.799+00:00 Imported blocks                            blockNumber=20008193 slot=9213020 blocks=8192 txs=1226966 mgas=124237 bps=22.27 tps=3335 mgps=337.8 avgBps=22.27 avgTps=3335 avgMGps=337.8 elapsed=6m7s831ms
Sep 25 07:44:03 nimbus-eth1-mainnet-short-benchmark[217155]: INF 2026-09-25 07:44:03.274+00:00 Imported blocks                            blockNumber=20016385 slot=9221256 blocks=16384 txs=2540380 mgas=248071 bps=25.02 tps=4010 mgps=378.1 avgBps=23.56 avgTps=3653 avgMGps=356.8 elapsed=11m35s306ms
Sep 25 07:49:15 nimbus-eth1-mainnet-short-benchmark[217155]: INF 2026-09-25 07:49:15.266+00:00 Imported blocks                            blockNumber=20024577 slot=9229485 blocks=24576 txs=3869398 mgas=372018 bps=26.26 tps=4259 mgps=397.3 avgBps=24.40 avgTps=3841 avgMGps=369.3 elapsed=16m47s298ms
Sep 25 07:53:55 nimbus-eth1-mainnet-short-benchmark[217155]: INF 2026-09-25 07:53:55.222+00:00 Imported blocks                            blockNumber=20032769 slot=9237722 blocks=32768 txs=5222766 mgas=495797 bps=29.26 tps=4834 mgps=442.1 avgBps=25.46 avgTps=4057 avgMGps=385.2 elapsed=21m27s255ms
Sep 25 07:58:22 nimbus-eth1-mainnet-short-benchmark[217155]: INF 2026-09-25 07:58:22.394+00:00 Imported blocks                            blockNumber=20040961 slot=9245957 blocks=40960 txs=6566802 mgas=619586 bps=30.66 tps=5030 mgps=463.3 avgBps=26.35 avgTps=4224 avgMGps=398.6 elapsed=25m54s427ms
Sep 25 08:03:13 nimbus-eth1-mainnet-short-benchmark[217155]: INF 2026-09-25 08:03:13.046+00:00 Imported blocks                            blockNumber=20049153 slot=9254196 blocks=49152 txs=7904746 mgas=743522 bps=28.18 tps=4603 mgps=426.4 avgBps=26.64 avgTps=4284 avgMGps=403.0 elapsed=30m45s79ms
Sep 25 08:07:51 nimbus-eth1-mainnet-short-benchmark[217155]: INF 2026-09-25 08:07:51.006+00:00 Imported blocks                            blockNumber=20057345 slot=9262435 blocks=57344 txs=9212009 mgas=867360 bps=29.47 tps=4703 mgps=445.5 avgBps=27.01 avgTps=4339 avgMGps=408.5 elapsed=35m23s41ms
Sep 25 08:12:10 nimbus-eth1-mainnet-short-benchmark[217155]: INF 2026-09-25 08:12:10.599+00:00 Imported blocks                            blockNumber=20065537 slot=9270674 blocks=65536 txs=10559018 mgas=991371 bps=31.56 tps=5188 mgps=477.7 avgBps=27.51 avgTps=4431 avgMGps=416.1 elapsed=39m42s633ms
Sep 25 08:16:15 nimbus-eth1-mainnet-short-benchmark[217155]: INF 2026-09-25 08:16:15.755+00:00 Imported blocks                            blockNumber=20073729 slot=9278910 blocks=73728 txs=11898676 mgas=1115111 bps=33.42 tps=5464 mgps=504.7 avgBps=28.06 avgTps=4528 avgMGps=424.4 elapsed=43m47s789ms
Sep 25 08:20:12 nimbus-eth1-mainnet-short-benchmark[217155]: INF 2026-09-25 08:20:12.300+00:00 Imported blocks                            blockNumber=20081921 slot=9287152 blocks=81920 txs=13323263 mgas=1239150 bps=34.63 tps=6022 mgps=524.4 avgBps=28.60 avgTps=4651 avgMGps=432.6 elapsed=47m44s333ms
Sep 25 08:24:06 nimbus-eth1-mainnet-short-benchmark[217155]: INF 2026-09-25 08:24:06.544+00:00 Imported blocks                            blockNumber=20090113 slot=9295408 blocks=90112 txs=14697082 mgas=1363113 bps=34.97 tps=5864 mgps=529.2 avgBps=29.08 avgTps=4743 avgMGps=439.9 elapsed=51m38s579ms
Sep 25 08:28:17 nimbus-eth1-mainnet-short-benchmark[217155]: INF 2026-09-25 08:28:17.101+00:00 Imported blocks                            blockNumber=20098305 slot=9303658 blocks=98304 txs=16025683 mgas=1487146 bps=32.70 tps=5302 mgps=495.0 avgBps=29.35 avgTps=4785 avgMGps=444.0 elapsed=55m49s135ms
Sep 25 08:32:39 nimbus-eth1-mainnet-short-benchmark[217155]: INF 2026-09-25 08:32:39.777+00:00 Imported blocks                            blockNumber=20106497 slot=9311895 blocks=106496 txs=17337157 mgas=1611066 bps=31.19 tps=4992 mgps=471.8 avgBps=29.49 avgTps=4800 avgMGps=446.1 elapsed=1h11s811ms
Sep 25 08:36:48 nimbus-eth1-mainnet-short-benchmark[217155]: INF 2026-09-25 08:36:48.398+00:00 Imported blocks                            blockNumber=20114689 slot=9320146 blocks=114688 txs=18632097 mgas=1735123 bps=32.95 tps=5208 mgps=499.0 avgBps=29.71 avgTps=4826 avgMGps=449.5 elapsed=1h4m20s
Sep 25 08:40:39 nimbus-eth1-mainnet-short-benchmark[217155]: INF 2026-09-25 08:40:39.706+00:00 Imported blocks                            blockNumber=20122881 slot=9328409 blocks=122880 txs=19937418 mgas=1859249 bps=35.42 tps=5643 mgps=536.6 avgBps=30.03 avgTps=4872 avgMGps=454.4 elapsed=1h8m11s
Sep 25 08:44:27 nimbus-eth1-mainnet-short-benchmark[217155]: INF 2026-09-25 08:44:27.775+00:00 Imported blocks                            blockNumber=20131073 slot=9336660 blocks=131072 txs=21214129 mgas=1983500 bps=35.92 tps=5597 mgps=544.8 avgBps=30.34 avgTps=4910 avgMGps=459.2 elapsed=1h11m59s
Sep 25 08:48:17 nimbus-eth1-mainnet-short-benchmark[217155]: INF 2026-09-25 08:48:17.508+00:00 Imported blocks                            blockNumber=20139265 slot=9344906 blocks=139264 txs=22579079 mgas=2107571 bps=35.66 tps=5941 mgps=540.1 avgBps=30.61 avgTps=4962 avgMGps=463.2 elapsed=1h15m49s
Sep 25 08:52:52 nimbus-eth1-mainnet-short-benchmark[217155]: INF 2026-09-25 08:52:52.884+00:00 Imported blocks                            blockNumber=20147457 slot=9353153 blocks=147456 txs=24133322 mgas=2231686 bps=29.75 tps=5644 mgps=450.7 avgBps=30.56 avgTps=5001 avgMGps=462.5 elapsed=1h20m24s
Sep 25 08:57:15 nimbus-eth1-mainnet-short-benchmark[217155]: INF 2026-09-25 08:57:15.908+00:00 Imported blocks                            blockNumber=20155649 slot=9361407 blocks=155648 txs=25424015 mgas=2356018 bps=31.15 tps=4907 mgps=472.7 avgBps=30.59 avgTps=4996 avgMGps=463.1 elapsed=1h24m47s
Sep 25 09:01:18 nimbus-eth1-mainnet-short-benchmark[217155]: INF 2026-09-25 09:01:18.097+00:00 Imported blocks                            blockNumber=20163841 slot=9369652 blocks=163840 txs=26749549 mgas=2480207 bps=33.82 tps=5473 mgps=512.8 avgBps=30.74 avgTps=5018 avgMGps=465.3 elapsed=1h28m50s
Sep 25 09:05:13 nimbus-eth1-mainnet-short-benchmark[217155]: INF 2026-09-25 09:05:13.821+00:00 Imported blocks                            blockNumber=20172033 slot=9377892 blocks=172032 txs=28105316 mgas=2604026 bps=34.75 tps=5751 mgps=525.3 avgBps=30.91 avgTps=5049 avgMGps=467.9 elapsed=1h32m45s
Sep 25 09:09:15 nimbus-eth1-mainnet-short-benchmark[217155]: INF 2026-09-25 09:09:15.374+00:00 Imported blocks                            blockNumber=20180225 slot=9386128 blocks=180224 txs=29524405 mgas=2728170 bps=33.91 tps=5874 mgps=513.9 avgBps=31.03 avgTps=5083 avgMGps=469.8 elapsed=1h36m47s
Sep 25 09:13:00 nimbus-eth1-mainnet-short-benchmark[217155]: INF 2026-09-25 09:13:00.039+00:00 Imported blocks                            blockNumber=20188417 slot=9394365 blocks=188416 txs=30849021 mgas=2852023 bps=36.46 tps=5895 mgps=551.3 avgBps=31.24 avgTps=5114 avgMGps=472.8 elapsed=1h40m32s
Sep 25 09:17:10 nimbus-eth1-mainnet-short-benchmark[217155]: INF 2026-09-25 09:17:10.743+00:00 Imported blocks                            blockNumber=20196609 slot=9402602 blocks=196608 txs=32174755 mgas=2976155 bps=32.68 tps=5288 mgps=495.1 avgBps=31.29 avgTps=5121 avgMGps=473.7 elapsed=1h44m42s
Sep 25 09:21:32 nimbus-eth1-mainnet-short-benchmark[217155]: INF 2026-09-25 09:21:32.343+00:00 Imported blocks                            blockNumber=20204801 slot=9410840 blocks=204800 txs=33475942 mgas=3100410 bps=31.32 tps=4973 mgps=475.0 avgBps=31.29 avgTps=5115 avgMGps=473.8 elapsed=1h49m4s
Sep 25 09:25:33 nimbus-eth1-mainnet-short-benchmark[217155]: INF 2026-09-25 09:25:33.964+00:00 Imported blocks                            blockNumber=20212993 slot=9419071 blocks=212992 txs=34798508 mgas=3224370 bps=33.90 tps=5473 mgps=513.0 avgBps=31.39 avgTps=5127 avgMGps=475.2 elapsed=1h53m5s
Sep 25 09:29:30 nimbus-eth1-mainnet-short-benchmark[217155]: INF 2026-09-25 09:29:30.557+00:00 Imported blocks                            blockNumber=20221185 slot=9427313 blocks=221184 txs=36114045 mgas=3348169 bps=34.62 tps=5560 mgps=523.2 avgBps=31.50 avgTps=5142 avgMGps=476.8 elapsed=1h57m2s
Sep 25 09:33:07 nimbus-eth1-mainnet-short-benchmark[217155]: INF 2026-09-25 09:33:07.386+00:00 Imported blocks                            blockNumber=20229377 slot=9435549 blocks=229376 txs=37421794 mgas=3472031 bps=37.78 tps=6031 mgps=571.2 avgBps=31.68 avgTps=5169 avgMGps=479.6 elapsed=2h39s419ms
Sep 25 09:36:53 nimbus-eth1-mainnet-short-benchmark[217155]: INF 2026-09-25 09:36:53.922+00:00 Imported blocks                            blockNumber=20237569 slot=9443788 blocks=237568 txs=38842064 mgas=3596351 bps=36.16 tps=6269 mgps=548.8 avgBps=31.82 avgTps=5202 avgMGps=481.7 elapsed=2h4m25s
Sep 25 09:41:00 nimbus-eth1-mainnet-short-benchmark[217155]: INF 2026-09-25 09:41:00.959+00:00 Imported blocks                            blockNumber=20245761 slot=9452021 blocks=245760 txs=40225739 mgas=3720100 bps=33.16 tps=5601 mgps=500.9 avgBps=31.86 avgTps=5215 avgMGps=482.3 elapsed=2h8m32s
Sep 25 09:45:22 nimbus-eth1-mainnet-short-benchmark[217155]: INF 2026-09-25 09:45:22.391+00:00 Imported blocks                            blockNumber=20253953 slot=9460253 blocks=253952 txs=41454921 mgas=3844385 bps=31.33 tps=4701 mgps=475.4 avgBps=31.85 avgTps=5198 avgMGps=482.1 elapsed=2h12m54s
Sep 25 09:49:29 nimbus-eth1-mainnet-short-benchmark[217155]: INF 2026-09-25 09:49:29.756+00:00 Imported blocks                            blockNumber=20262145 slot=9468495 blocks=262144 txs=42726051 mgas=3968623 bps=33.12 tps=5138 mgps=502.3 avgBps=31.88 avgTps=5196 avgMGps=482.7 elapsed=2h17m1s
Sep 25 09:53:22 nimbus-eth1-mainnet-short-benchmark[217155]: INF 2026-09-25 09:53:22.184+00:00 Imported blocks                            blockNumber=20270337 slot=9476748 blocks=270336 txs=44050436 mgas=4092682 bps=35.24 tps=5697 mgps=533.7 avgBps=31.98 avgTps=5210 avgMGps=484.1 elapsed=2h20m54s
Sep 25 09:56:59 nimbus-eth1-mainnet-short-benchmark[217155]: INF 2026-09-25 09:56:59.305+00:00 Imported blocks                            blockNumber=20278529 slot=9484981 blocks=278528 txs=45382368 mgas=4216487 bps=37.73 tps=6134 mgps=570.2 avgBps=32.12 avgTps=5233 avgMGps=486.3 elapsed=2h24m31s
Sep 25 10:00:42 nimbus-eth1-mainnet-short-benchmark[217155]: INF 2026-09-25 10:00:42.562+00:00 Imported blocks                            blockNumber=20286721 slot=9493213 blocks=286720 txs=46733429 mgas=4340363 bps=36.69 tps=6051 mgps=554.9 avgBps=32.24 avgTps=5254 avgMGps=488.0 elapsed=2h28m14s
Sep 25 10:04:46 nimbus-eth1-mainnet-short-benchmark[217155]: INF 2026-09-25 10:04:46.695+00:00 Imported blocks                            blockNumber=20294913 slot=9501453 blocks=294912 txs=48075887 mgas=4464376 bps=33.56 tps=5498 mgps=508.0 avgBps=32.27 avgTps=5260 avgMGps=488.5 elapsed=2h32m18s
Sep 25 10:08:43 nimbus-eth1-mainnet-short-benchmark[217155]: INF 2026-09-25 10:08:43.875+00:00 Imported blocks                            blockNumber=20303105 slot=9509696 blocks=303104 txs=49379538 mgas=4588534 bps=34.54 tps=5496 mgps=523.5 avgBps=32.33 avgTps=5266 avgMGps=489.4 elapsed=2h36m15s
Sep 25 10:12:35 nimbus-eth1-mainnet-short-benchmark[217155]: INF 2026-09-25 10:12:35.976+00:00 Imported blocks                            blockNumber=20311297 slot=9517922 blocks=311296 txs=50637672 mgas=4712596 bps=35.29 tps=5420 mgps=534.5 avgBps=32.40 avgTps=5270 avgMGps=490.5 elapsed=2h40m8s
Sep 25 10:16:18 nimbus-eth1-mainnet-short-benchmark[217155]: INF 2026-09-25 10:16:18.385+00:00 Imported blocks                            blockNumber=20319489 slot=9526159 blocks=319488 txs=51981692 mgas=4836521 bps=36.83 tps=6042 mgps=557.2 avgBps=32.50 avgTps=5287 avgMGps=492.0 elapsed=2h43m50s
Sep 25 10:19:41 nimbus-eth1-mainnet-short-benchmark[217155]: INF 2026-09-25 10:19:41.614+00:00 Imported blocks                            blockNumber=20327681 slot=9534381 blocks=327680 txs=53356123 mgas=4960245 bps=40.31 tps=6763 mgps=608.8 avgBps=32.66 avgTps=5317 avgMGps=494.4 elapsed=2h47m13s
Sep 25 10:23:04 nimbus-eth1-mainnet-short-benchmark[217155]: INF 2026-09-25 10:23:04.659+00:00 Imported blocks                            blockNumber=20335873 slot=9542617 blocks=335872 txs=54719105 mgas=5084025 bps=40.35 tps=6712 mgps=609.6 avgBps=32.81 avgTps=5345 avgMGps=496.6 elapsed=2h50m36s
Sep 25 10:26:48 nimbus-eth1-mainnet-short-benchmark[217155]: INF 2026-09-25 10:26:48.964+00:00 Imported blocks                            blockNumber=20344065 slot=9550841 blocks=344064 txs=56021853 mgas=5207843 bps=36.52 tps=5807 mgps=552.0 avgBps=32.89 avgTps=5355 avgMGps=497.8 elapsed=2h54m20s
Sep 25 10:31:04 nimbus-eth1-mainnet-short-benchmark[217155]: INF 2026-09-25 10:31:04.536+00:00 Imported blocks                            blockNumber=20352257 slot=9559072 blocks=352256 txs=57290408 mgas=5332016 bps=32.05 tps=4963 mgps=485.9 avgBps=32.87 avgTps=5345 avgMGps=497.5 elapsed=2h58m36s
Sep 25 10:34:56 nimbus-eth1-mainnet-short-benchmark[217155]: INF 2026-09-25 10:34:56.569+00:00 Imported blocks                            blockNumber=20360449 slot=9567308 blocks=360448 txs=58543463 mgas=5456201 bps=35.31 tps=5400 mgps=535.2 avgBps=32.92 avgTps=5347 avgMGps=498.3 elapsed=3h2m28s
Sep 25 10:38:39 nimbus-eth1-mainnet-short-benchmark[217155]: INF 2026-09-25 10:38:39.462+00:00 Imported blocks                            blockNumber=20368641 slot=9575548 blocks=368640 txs=59874056 mgas=5580204 bps=36.75 tps=5969 mgps=556.3 avgBps=33.00 avgTps=5359 avgMGps=499.5 elapsed=3h6m11s
Sep 25 10:42:31 nimbus-eth1-mainnet-short-benchmark[217155]: INF 2026-09-25 10:42:31.695+00:00 Imported blocks                            blockNumber=20376833 slot=9583774 blocks=376832 txs=61167066 mgas=5704396 bps=35.27 tps=5567 mgps=534.8 avgBps=33.04 avgTps=5363 avgMGps=500.2 elapsed=3h10m3s
Sep 25 10:46:20 nimbus-eth1-mainnet-short-benchmark[217155]: INF 2026-09-25 10:46:20.047+00:00 Imported blocks                            blockNumber=20385025 slot=9592009 blocks=385024 txs=62480333 mgas=5828235 bps=35.87 tps=5751 mgps=542.3 avgBps=33.10 avgTps=5371 avgMGps=501.0 elapsed=3h13m52s
Sep 25 10:50:08 nimbus-eth1-mainnet-short-benchmark[217155]: INF 2026-09-25 10:50:08.412+00:00 Imported blocks                            blockNumber=20393217 slot=9600248 blocks=393216 txs=63800597 mgas=5952136 bps=35.87 tps=5781 mgps=542.6 avgBps=33.15 avgTps=5379 avgMGps=501.8 elapsed=3h17m40s
Sep 25 10:53:46 nimbus-eth1-mainnet-short-benchmark[217155]: INF 2026-09-25 10:53:46.153+00:00 Imported blocks                            blockNumber=20401409 slot=9608486 blocks=401408 txs=65021243 mgas=6076384 bps=37.62 tps=5605 mgps=570.6 avgBps=33.23 avgTps=5383 avgMGps=503.1 elapsed=3h21m18s
Sep 25 10:57:40 nimbus-eth1-mainnet-short-benchmark[217155]: INF 2026-09-25 10:57:40.718+00:00 Imported blocks                            blockNumber=20409601 slot=9616707 blocks=409600 txs=66199016 mgas=6200666 bps=34.92 tps=5021 mgps=529.8 avgBps=33.27 avgTps=5376 avgMGps=503.6 elapsed=3h25m12s
Sep 25 11:01:26 nimbus-eth1-mainnet-short-benchmark[217155]: INF 2026-09-25 11:01:26.726+00:00 Imported blocks                            blockNumber=20417793 slot=9624941 blocks=417792 txs=67453930 mgas=6324823 bps=36.25 tps=5552 mgps=549.3 avgBps=33.32 avgTps=5379 avgMGps=504.4 elapsed=3h28m58s
Sep 25 11:04:46 nimbus-eth1-mainnet-short-benchmark[217155]: INF 2026-09-25 11:04:46.492+00:00 Imported blocks                            blockNumber=20425985 slot=9633187 blocks=425984 txs=68814904 mgas=6448778 bps=41.01 tps=6812 mgps=620.5 avgBps=33.44 avgTps=5402 avgMGps=506.2 elapsed=3h32m18s
Sep 25 11:08:05 nimbus-eth1-mainnet-short-benchmark[217155]: INF 2026-09-25 11:08:05.121+00:00 Imported blocks                            blockNumber=20434177 slot=9641422 blocks=434176 txs=70124508 mgas=6572711 bps=41.24 tps=6593 mgps=623.9 avgBps=33.56 avgTps=5420 avgMGps=508.0 elapsed=3h35m37s
Sep 25 11:11:36 nimbus-eth1-mainnet-short-benchmark[217155]: INF 2026-09-25 11:11:35.994+00:00 Imported blocks                            blockNumber=20442369 slot=9649657 blocks=442368 txs=71403576 mgas=6696451 bps=38.85 tps=6065 mgps=586.8 avgBps=33.65 avgTps=5430 avgMGps=509.3 elapsed=3h39m8s
Sep 25 11:15:25 nimbus-eth1-mainnet-short-benchmark[217155]: INF 2026-09-25 11:15:25.055+00:00 Imported blocks                            blockNumber=20450561 slot=9657896 blocks=450560 txs=72659905 mgas=6820521 bps=35.76 tps=5484 mgps=541.7 avgBps=33.68 avgTps=5431 avgMGps=509.9 elapsed=3h42m57s
Sep 25 11:19:34 nimbus-eth1-mainnet-short-benchmark[217155]: INF 2026-09-25 11:19:34.335+00:00 Imported blocks                            blockNumber=20458753 slot=9666114 blocks=458752 txs=73838533 mgas=6945116 bps=32.86 tps=4728 mgps=499.8 avgBps=33.67 avgTps=5418 avgMGps=509.7 elapsed=3h47m6s
Sep 25 11:23:19 nimbus-eth1-mainnet-short-benchmark[217155]: INF 2026-09-25 11:23:19.972+00:00 Imported blocks                            blockNumber=20466945 slot=9674343 blocks=466944 txs=75124748 mgas=7068943 bps=36.31 tps=5700 mgps=548.8 avgBps=33.71 avgTps=5423 avgMGps=510.3 elapsed=3h50m52s
Sep 25 11:27:07 nimbus-eth1-mainnet-short-benchmark[217155]: INF 2026-09-25 11:27:07.165+00:00 Imported blocks                            blockNumber=20475137 slot=9682575 blocks=475136 txs=76420106 mgas=7192870 bps=36.06 tps=5701 mgps=545.5 avgBps=33.75 avgTps=5427 avgMGps=510.9 elapsed=3h54m39s
Sep 25 11:30:41 nimbus-eth1-mainnet-short-benchmark[217155]: INF 2026-09-25 11:30:41.782+00:00 Imported blocks                            blockNumber=20483329 slot=9690800 blocks=483328 txs=77675422 mgas=7316939 bps=38.17 tps=5849 mgps=578.1 avgBps=33.81 avgTps=5434 avgMGps=511.9 elapsed=3h58m13s
Sep 25 11:34:15 nimbus-eth1-mainnet-short-benchmark[217155]: INF 2026-09-25 11:34:15.139+00:00 Imported blocks                            blockNumber=20491521 slot=9699019 blocks=491520 txs=78951232 mgas=7440784 bps=38.40 tps=5979 mgps=580.5 avgBps=33.88 avgTps=5442 avgMGps=512.9 elapsed=4h1m47s
Sep 25 11:38:00 nimbus-eth1-mainnet-short-benchmark[217155]: INF 2026-09-25 11:38:00.995+00:00 Imported blocks                            blockNumber=20499713 slot=9707248 blocks=499712 txs=80189642 mgas=7564669 bps=36.27 tps=5483 mgps=548.5 avgBps=33.92 avgTps=5442 avgMGps=513.4 elapsed=4h5m33s
Sep 25 11:41:55 nimbus-eth1-mainnet-short-benchmark[217155]: INF 2026-09-25 11:41:55.092+00:00 Imported blocks                            blockNumber=20507905 slot=9715488 blocks=507904 txs=81317763 mgas=7689208 bps=34.99 tps=4819 mgps=532.0 avgBps=33.93 avgTps=5433 avgMGps=513.7 elapsed=4h9m27s
Sep 25 11:45:20 nimbus-eth1-mainnet-short-benchmark[217155]: INF 2026-09-25 11:45:20.273+00:00 Imported blocks                            blockNumber=20516097 slot=9723715 blocks=516096 txs=82520262 mgas=7813209 bps=39.93 tps=5860 mgps=604.3 avgBps=34.02 avgTps=5438 avgMGps=515.0 elapsed=4h12m52s
Sep 25 11:48:58 nimbus-eth1-mainnet-short-benchmark[217155]: INF 2026-09-25 11:48:58.082+00:00 Imported blocks                            blockNumber=20524289 slot=9731945 blocks=524288 txs=83780075 mgas=7937233 bps=37.61 tps=5784 mgps=569.4 avgBps=34.07 avgTps=5443 avgMGps=515.7 elapsed=4h16m30s
Sep 25 11:52:42 nimbus-eth1-mainnet-short-benchmark[217155]: INF 2026-09-25 11:52:42.723+00:00 Imported blocks                            blockNumber=20532481 slot=9740183 blocks=532480 txs=85263862 mgas=8061024 bps=36.47 tps=6605 mgps=551.1 avgBps=34.10 avgTps=5460 avgMGps=516.2 elapsed=4h20m14s
Sep 25 11:56:30 nimbus-eth1-mainnet-short-benchmark[217155]: INF 2026-09-25 11:56:30.272+00:00 Imported blocks                            blockNumber=20540673 slot=9748418 blocks=540672 txs=86612143 mgas=8185090 bps=36.00 tps=5925 mgps=545.2 avgBps=34.13 avgTps=5467 avgMGps=516.7 elapsed=4h24m2s
Sep 25 12:00:25 nimbus-eth1-mainnet-short-benchmark[217155]: INF 2026-09-25 12:00:25.804+00:00 Imported blocks                            blockNumber=20548865 slot=9756662 blocks=548864 txs=87802991 mgas=8309513 bps=34.78 tps=5055 mgps=528.3 avgBps=34.14 avgTps=5461 avgMGps=516.8 elapsed=4h27m57s
Sep 25 12:04:18 nimbus-eth1-mainnet-short-benchmark[217155]: INF 2026-09-25 12:04:18.605+00:00 Imported blocks                            blockNumber=20557057 slot=9764892 blocks=557056 txs=88964987 mgas=8433956 bps=35.19 tps=4991 mgps=534.5 avgBps=34.15 avgTps=5454 avgMGps=517.1 elapsed=4h31m50s
Sep 25 12:07:59 nimbus-eth1-mainnet-short-benchmark[217155]: INF 2026-09-25 12:07:59.470+00:00 Imported blocks                            blockNumber=20565249 slot=9773131 blocks=565248 txs=90186094 mgas=8558113 bps=37.09 tps=5528 mgps=562.1 avgBps=34.19 avgTps=5455 avgMGps=517.7 elapsed=4h35m31s
Sep 25 12:11:43 nimbus-eth1-mainnet-short-benchmark[217155]: INF 2026-09-25 12:11:43.091+00:00 Imported blocks                            blockNumber=20573441 slot=9781369 blocks=573440 txs=91404654 mgas=8682228 bps=36.63 tps=5449 mgps=555.0 avgBps=34.22 avgTps=5455 avgMGps=518.2 elapsed=4h39m15s
Sep 25 12:15:22 nimbus-eth1-mainnet-short-benchmark[217155]: INF 2026-09-25 12:15:22.292+00:00 Imported blocks                            blockNumber=20581633 slot=9789611 blocks=581632 txs=92628389 mgas=8806651 bps=37.37 tps=5582 mgps=567.6 avgBps=34.27 avgTps=5456 avgMGps=518.8 elapsed=4h42m54s
Sep 25 12:19:09 nimbus-eth1-mainnet-short-benchmark[217155]: INF 2026-09-25 12:19:09.556+00:00 Imported blocks                            blockNumber=20589825 slot=9797855 blocks=589824 txs=93887208 mgas=8931023 bps=36.05 tps=5538 mgps=547.2 avgBps=34.29 avgTps=5458 avgMGps=519.2 elapsed=4h46m41s
Sep 25 12:23:01 nimbus-eth1-mainnet-short-benchmark[217155]: INF 2026-09-25 12:23:01.985+00:00 Imported blocks                            blockNumber=20598017 slot=9806095 blocks=598016 txs=95163338 mgas=9055310 bps=35.25 tps=5490 mgps=534.7 avgBps=34.30 avgTps=5458 avgMGps=519.4 elapsed=4h50m34s
Sep 25 12:26:53 nimbus-eth1-mainnet-short-benchmark[217155]: INF 2026-09-25 12:26:53.478+00:00 Imported blocks                            blockNumber=20606209 slot=9814347 blocks=606208 txs=96334664 mgas=9179976 bps=35.39 tps=5059 mgps=538.5 avgBps=34.32 avgTps=5453 avgMGps=519.7 elapsed=4h54m25s
Sep 25 12:30:36 nimbus-eth1-mainnet-short-benchmark[217155]: INF 2026-09-25 12:30:36.835+00:00 Imported blocks                            blockNumber=20614401 slot=9822581 blocks=614400 txs=97573414 mgas=9304574 bps=36.68 tps=5546 mgps=557.8 avgBps=34.35 avgTps=5454 avgMGps=520.1 elapsed=4h58m8s
Sep 25 12:34:20 nimbus-eth1-mainnet-short-benchmark[217155]: INF 2026-09-25 12:34:20.368+00:00 Imported blocks                            blockNumber=20622593 slot=9830821 blocks=622592 txs=98874772 mgas=9428835 bps=36.65 tps=5821 mgps=555.9 avgBps=34.37 avgTps=5458 avgMGps=520.6 elapsed=5h1m52s
Sep 25 12:37:56 nimbus-eth1-mainnet-short-benchmark[217155]: INF 2026-09-25 12:37:56.145+00:00 Imported blocks                            blockNumber=20630785 slot=9839058 blocks=630784 txs=100178707 mgas=9553009 bps=37.96 tps=6042 mgps=575.5 avgBps=34.42 avgTps=5465 avgMGps=521.2 elapsed=5h5m28s
Sep 25 12:41:43 nimbus-eth1-mainnet-short-benchmark[217155]: INF 2026-09-25 12:41:43.969+00:00 Imported blocks                            blockNumber=20638977 slot=9847313 blocks=638976 txs=101489116 mgas=9677171 bps=35.96 tps=5751 mgps=545.0 avgBps=34.44 avgTps=5469 avgMGps=521.5 elapsed=5h9m16s
Sep 25 12:45:28 nimbus-eth1-mainnet-short-benchmark[217155]: INF 2026-09-25 12:45:28.526+00:00 Imported blocks                            blockNumber=20647169 slot=9855549 blocks=647168 txs=102730058 mgas=9801643 bps=36.48 tps=5526 mgps=554.3 avgBps=34.46 avgTps=5470 avgMGps=521.9 elapsed=5h13m559ms
Sep 25 12:49:26 nimbus-eth1-mainnet-short-benchmark[217155]: INF 2026-09-25 12:49:26.527+00:00 Imported blocks                            blockNumber=20655361 slot=9863778 blocks=655360 txs=103868002 mgas=9926541 bps=34.42 tps=4781 mgps=524.8 avgBps=34.46 avgTps=5461 avgMGps=521.9 elapsed=5h16m58s
Sep 25 12:53:03 nimbus-eth1-mainnet-short-benchmark[217155]: INF 2026-09-25 12:53:03.200+00:00 Imported blocks                            blockNumber=20663553 slot=9872013 blocks=663552 txs=105112198 mgas=10051274 bps=37.81 tps=5742 mgps=575.7 avgBps=34.50 avgTps=5464 avgMGps=522.5 elapsed=5h20m35s
Sep 25 12:56:32 nimbus-eth1-mainnet-short-benchmark[217155]: INF 2026-09-25 12:56:32.153+00:00 Imported blocks                            blockNumber=20671745 slot=9880241 blocks=671744 txs=106395904 mgas=10175177 bps=39.20 tps=6143 mgps=593.0 avgBps=34.55 avgTps=5471 avgMGps=523.3 elapsed=5h24m4s
Sep 25 13:00:04 nimbus-eth1-mainnet-short-benchmark[217155]: INF 2026-09-25 13:00:04.942+00:00 Imported blocks                            blockNumber=20679937 slot=9888471 blocks=679936 txs=107674271 mgas=10299404 bps=38.50 tps=6007 mgps=583.8 avgBps=34.59 avgTps=5477 avgMGps=524.0 elapsed=5h27m36s
Sep 25 13:03:29 nimbus-eth1-mainnet-short-benchmark[217155]: INF 2026-09-25 13:03:29.771+00:00 Imported blocks                            blockNumber=20688129 slot=9896698 blocks=688128 txs=108938536 mgas=10423298 bps=39.99 tps=6172 mgps=604.9 avgBps=34.65 avgTps=5484 avgMGps=524.8 elapsed=5h31m1s
Sep 25 13:07:07 nimbus-eth1-mainnet-short-benchmark[217155]: INF 2026-09-25 13:07:07.664+00:00 Imported blocks                            blockNumber=20696321 slot=9904930 blocks=696320 txs=110235786 mgas=10547469 bps=37.60 tps=5953 mgps=569.9 avgBps=34.68 avgTps=5489 avgMGps=525.3 elapsed=5h34m39s
Sep 25 13:11:03 nimbus-eth1-mainnet-short-benchmark[217155]: INF 2026-09-25 13:11:03.496+00:00 Imported blocks                            blockNumber=20704513 slot=9913154 blocks=704512 txs=111483759 mgas=10671677 bps=34.74 tps=5291 mgps=526.7 avgBps=34.68 avgTps=5487 avgMGps=525.3 elapsed=5h38m35s
Sep 25 13:14:45 nimbus-eth1-mainnet-short-benchmark[217155]: INF 2026-09-25 13:14:45.665+00:00 Imported blocks                            blockNumber=20712705 slot=9921388 blocks=712704 txs=112764170 mgas=10795980 bps=36.87 tps=5763 mgps=559.5 avgBps=34.70 avgTps=5490 avgMGps=525.7 elapsed=5h42m17s
Sep 25 13:18:11 nimbus-eth1-mainnet-short-benchmark[217155]: INF 2026-09-25 13:18:11.910+00:00 Imported blocks                            blockNumber=20720897 slot=9929633 blocks=720896 txs=114110517 mgas=10919926 bps=39.72 tps=6527 mgps=601.0 avgBps=34.75 avgTps=5500 avgMGps=526.4 elapsed=5h45m43s
Sep 25 13:21:44 nimbus-eth1-mainnet-short-benchmark[217155]: INF 2026-09-25 13:21:44.195+00:00 Imported blocks                            blockNumber=20729089 slot=9937869 blocks=729088 txs=115449431 mgas=11043768 bps=38.59 tps=6307 mgps=583.4 avgBps=34.79 avgTps=5509 avgMGps=527.0 elapsed=5h49m16s
Sep 25 13:25:09 nimbus-eth1-mainnet-short-benchmark[217155]: INF 2026-09-25 13:25:09.148+00:00 Imported blocks                            blockNumber=20737281 slot=9946108 blocks=737280 txs=116784468 mgas=11167784 bps=39.97 tps=6513 mgps=605.1 avgBps=34.84 avgTps=5518 avgMGps=527.7 elapsed=5h52m41s
Sep 25 13:28:47 nimbus-eth1-mainnet-short-benchmark[217155]: INF 2026-09-25 13:28:47.213+00:00 Imported blocks                            blockNumber=20745473 slot=9954342 blocks=745472 txs=118101003 mgas=11291742 bps=37.57 tps=6037 mgps=568.4 avgBps=34.87 avgTps=5524 avgMGps=528.2 elapsed=5h56m19s
Sep 25 13:32:41 nimbus-eth1-mainnet-short-benchmark[217155]: INF 2026-09-25 13:32:41.610+00:00 Imported blocks                            blockNumber=20753665 slot=9962581 blocks=753664 txs=119337525 mgas=11415859 bps=34.95 tps=5275 mgps=529.5 avgBps=34.87 avgTps=5521 avgMGps=528.2 elapsed=6h13s644ms
Sep 25 13:36:19 nimbus-eth1-mainnet-short-benchmark[217155]: INF 2026-09-25 13:36:19.895+00:00 Imported blocks                            blockNumber=20761857 slot=9970803 blocks=761856 txs=120564314 mgas=11540225 bps=37.53 tps=5620 mgps=569.7 avgBps=34.90 avgTps=5522 avgMGps=528.6 elapsed=6h3m51s
Sep 25 13:39:46 nimbus-eth1-mainnet-short-benchmark[217155]: INF 2026-09-25 13:39:46.236+00:00 Imported blocks                            blockNumber=20770049 slot=9979058 blocks=770048 txs=121858083 mgas=11663918 bps=39.70 tps=6270 mgps=599.5 avgBps=34.94 avgTps=5529 avgMGps=529.3 elapsed=6h7m18s
Sep 25 13:43:03 nimbus-eth1-mainnet-short-benchmark[217155]: INF 2026-09-25 13:43:03.757+00:00 Imported blocks                            blockNumber=20778241 slot=9987307 blocks=778240 txs=123161734 mgas=11787906 bps=41.47 tps=6599 mgps=627.7 avgBps=35.00 avgTps=5538 avgMGps=530.1 elapsed=6h10m35s
Sep 25 13:46:15 nimbus-eth1-mainnet-short-benchmark[217155]: INF 2026-09-25 13:46:15.962+00:00 Imported blocks                            blockNumber=20786433 slot=9995542 blocks=786432 txs=124509456 mgas=11911612 bps=42.62 tps=7011 mgps=643.6 avgBps=35.06 avgTps=5551 avgMGps=531.1 elapsed=6h13m47s
Sep 25 13:49:33 nimbus-eth1-mainnet-short-benchmark[217155]: INF 2026-09-25 13:49:33.684+00:00 Imported blocks                            blockNumber=20794625 slot=10003781 blocks=794624 txs=125848921 mgas=12035338 bps=41.43 tps=6774 mgps=625.8 avgBps=35.12 avgTps=5562 avgMGps=531.9 elapsed=6h17m5s
Sep 25 13:52:57 nimbus-eth1-mainnet-short-benchmark[217155]: INF 2026-09-25 13:52:57.221+00:00 Imported blocks                            blockNumber=20802817 slot=10012028 blocks=802816 txs=127089868 mgas=12158989 bps=40.25 tps=6096 mgps=607.5 avgBps=35.17 avgTps=5566 avgMGps=532.6 elapsed=6h20m29s
Sep 25 13:56:28 nimbus-eth1-mainnet-short-benchmark[217155]: INF 2026-09-25 13:56:28.902+00:00 Imported blocks                            blockNumber=20811009 slot=10020249 blocks=811008 txs=128299762 mgas=12282850 bps=38.70 tps=5715 mgps=585.1 avgBps=35.20 avgTps=5568 avgMGps=533.1 elapsed=6h24m937ms
Sep 25 13:59:45 nimbus-eth1-mainnet-short-benchmark[217155]: INF 2026-09-25 13:59:45.699+00:00 Imported blocks                            blockNumber=20819201 slot=10028481 blocks=819200 txs=129596319 mgas=12406594 bps=41.63 tps=6588 mgps=628.8 avgBps=35.25 avgTps=5576 avgMGps=533.9 elapsed=6h27m17s
Sep 25 14:03:02 nimbus-eth1-mainnet-short-benchmark[217155]: INF 2026-09-25 14:03:02.136+00:00 Imported blocks                            blockNumber=20827393 slot=10036710 blocks=827392 txs=130916729 mgas=12530249 bps=41.70 tps=6721 mgps=629.5 avgBps=35.31 avgTps=5586 avgMGps=534.7 elapsed=6h30m34s
Sep 25 14:06:21 nimbus-eth1-mainnet-short-benchmark[217155]: INF 2026-09-25 14:06:21.709+00:00 Imported blocks                            blockNumber=20835585 slot=10044938 blocks=835584 txs=132226625 mgas=12654070 bps=41.05 tps=6563 mgps=620.4 avgBps=35.36 avgTps=5594 avgMGps=535.4 elapsed=6h33m53s
Sep 25 14:09:49 nimbus-eth1-mainnet-short-benchmark[217155]: INF 2026-09-25 14:09:49.746+00:00 Imported blocks                            blockNumber=20843777 slot=10053164 blocks=843776 txs=133604192 mgas=12777730 bps=39.38 tps=6621 mgps=594.4 avgBps=35.39 avgTps=5603 avgMGps=535.9 elapsed=6h37m21s
Sep 25 14:13:47 nimbus-eth1-mainnet-short-benchmark[217155]: INF 2026-09-25 14:13:47.651+00:00 Imported blocks                            blockNumber=20851969 slot=10061391 blocks=851968 txs=134900706 mgas=12901664 bps=34.43 tps=5449 mgps=520.9 avgBps=35.38 avgTps=5602 avgMGps=535.8 elapsed=6h41m19s
Sep 25 14:17:32 nimbus-eth1-mainnet-short-benchmark[217155]: INF 2026-09-25 14:17:32.380+00:00 Imported blocks                            blockNumber=20860161 slot=10069622 blocks=860160 txs=136168750 mgas=13025603 bps=36.45 tps=5642 mgps=551.5 avgBps=35.39 avgTps=5602 avgMGps=535.9 elapsed=6h45m4s
Sep 25 14:21:12 nimbus-eth1-mainnet-short-benchmark[217155]: INF 2026-09-25 14:21:12.749+00:00 Imported blocks                            blockNumber=20868353 slot=10077838 blocks=868352 txs=137550724 mgas=13149742 bps=37.17 tps=6271 mgps=563.3 avgBps=35.41 avgTps=5608 avgMGps=536.2 elapsed=6h48m44s
Sep 25 14:24:52 nimbus-eth1-mainnet-short-benchmark[217155]: INF 2026-09-25 14:24:52.418+00:00 Imported blocks                            blockNumber=20876545 slot=10086066 blocks=876544 txs=138954673 mgas=13273457 bps=37.29 tps=6391 mgps=563.2 avgBps=35.42 avgTps=5615 avgMGps=536.4 elapsed=6h52m24s
Sep 25 14:28:25 nimbus-eth1-mainnet-short-benchmark[217155]: INF 2026-09-25 14:28:25.827+00:00 Imported blocks                            blockNumber=20884737 slot=10094286 blocks=884736 txs=140256178 mgas=13397479 bps=38.39 tps=6098 mgps=581.1 avgBps=35.45 avgTps=5619 avgMGps=536.8 elapsed=6h55m57s
Sep 25 14:31:52 nimbus-eth1-mainnet-short-benchmark[217155]: INF 2026-09-25 14:31:52.688+00:00 Imported blocks                            blockNumber=20892929 slot=10102512 blocks=892928 txs=141581868 mgas=13521575 bps=39.60 tps=6408 mgps=599.9 avgBps=35.48 avgTps=5626 avgMGps=537.3 elapsed=6h59m24s
Sep 25 14:35:20 nimbus-eth1-mainnet-short-benchmark[217155]: INF 2026-09-25 14:35:20.413+00:00 Imported blocks                            blockNumber=20901121 slot=10110732 blocks=901120 txs=142875889 mgas=13645572 bps=39.44 tps=6229 mgps=596.9 avgBps=35.52 avgTps=5631 avgMGps=537.8 elapsed=7h2m52s
Sep 25 14:38:48 nimbus-eth1-mainnet-short-benchmark[217155]: INF 2026-09-25 14:38:48.278+00:00 Imported blocks                            blockNumber=20909313 slot=10118953 blocks=909312 txs=144102308 mgas=13769390 bps=39.41 tps=5900 mgps=595.7 avgBps=35.55 avgTps=5633 avgMGps=538.3 elapsed=7h6m20s
Sep 25 14:42:12 nimbus-eth1-mainnet-short-benchmark[217155]: INF 2026-09-25 14:42:12.215+00:00 Imported blocks                            blockNumber=20917505 slot=10127176 blocks=917504 txs=145406349 mgas=13893087 bps=40.17 tps=6394 mgps=606.6 avgBps=35.58 avgTps=5639 avgMGps=538.8 elapsed=7h9m44s
Sep 25 14:45:24 nimbus-eth1-mainnet-short-benchmark[217155]: INF 2026-09-25 14:45:24.928+00:00 Imported blocks                            blockNumber=20925697 slot=10135394 blocks=925696 txs=146718394 mgas=14016820 bps=42.51 tps=6808 mgps=642.1 avgBps=35.64 avgTps=5648 avgMGps=539.6 elapsed=7h12m56s
Sep 25 14:48:53 nimbus-eth1-mainnet-short-benchmark[217155]: INF 2026-09-25 14:48:53.401+00:00 Imported blocks                            blockNumber=20933889 slot=10143614 blocks=933888 txs=148049109 mgas=14140625 bps=39.29 tps=6383 mgps=593.9 avgBps=35.66 avgTps=5653 avgMGps=540.0 elapsed=7h16m25s
Sep 25 14:52:13 nimbus-eth1-mainnet-short-benchmark[217155]: INF 2026-09-25 14:52:13.526+00:00 Imported blocks                            blockNumber=20942081 slot=10151840 blocks=942080 txs=149397364 mgas=14264352 bps=40.93 tps=6737 mgps=618.2 avgBps=35.70 avgTps=5662 avgMGps=540.6 elapsed=7h19m45s
Sep 25 14:55:39 nimbus-eth1-mainnet-short-benchmark[217155]: INF 2026-09-25 14:55:39.143+00:00 Imported blocks                            blockNumber=20950273 slot=10160098 blocks=950272 txs=150765507 mgas=14388237 bps=39.84 tps=6653 mgps=602.5 avgBps=35.74 avgTps=5669 avgMGps=541.1 elapsed=7h23m11s
Sep 25 14:59:20 nimbus-eth1-mainnet-short-benchmark[217155]: INF 2026-09-25 14:59:20.348+00:00 Imported blocks                            blockNumber=20958465 slot=10168363 blocks=958464 txs=152044771 mgas=14511987 bps=37.03 tps=5783 mgps=559.4 avgBps=35.75 avgTps=5670 avgMGps=541.2 elapsed=7h26m52s
Sep 25 15:02:52 nimbus-eth1-mainnet-short-benchmark[217155]: INF 2026-09-25 15:02:52.833+00:00 Imported blocks                            blockNumber=20966657 slot=10176609 blocks=966656 txs=153365296 mgas=14635804 bps=38.55 tps=6214 mgps=582.7 avgBps=35.77 avgTps=5674 avgMGps=541.6 elapsed=7h30m24s
Sep 25 15:06:22 nimbus-eth1-mainnet-short-benchmark[217155]: INF 2026-09-25 15:06:22.558+00:00 Imported blocks                            blockNumber=20974849 slot=10184849 blocks=974848 txs=154744917 mgas=14759580 bps=39.06 tps=6578 mgps=590.2 avgBps=35.79 avgTps=5681 avgMGps=541.9 elapsed=7h33m54s
Sep 25 15:09:58 nimbus-eth1-mainnet-short-benchmark[217155]: INF 2026-09-25 15:09:58.931+00:00 Imported blocks                            blockNumber=20983041 slot=10193086 blocks=983040 txs=156055229 mgas=14883451 bps=37.86 tps=6055 mgps=572.5 avgBps=35.81 avgTps=5684 avgMGps=542.2 elapsed=7h37m30s
Sep 25 15:13:10 nimbus-eth1-mainnet-short-benchmark[217155]: INF 2026-09-25 15:13:10.205+00:00 Imported blocks                            blockNumber=20991233 slot=10201319 blocks=991232 txs=157563202 mgas=15007557 bps=42.83 tps=7883 mgps=648.8 avgBps=35.86 avgTps=5700 avgMGps=542.9 elapsed=7h40m42s
Sep 25 15:16:52 nimbus-eth1-mainnet-short-benchmark[217155]: INF 2026-09-25 15:16:52.441+00:00 Imported blocks                            blockNumber=20999425 slot=10209549 blocks=999424 txs=159003277 mgas=15131383 bps=36.86 tps=6479 mgps=557.2 avgBps=35.87 avgTps=5706 avgMGps=543.0 elapsed=7h44m24s
Sep 25 15:17:08 nimbus-eth1-mainnet-short-benchmark[217155]: INF 2026-09-25 15:17:08.421+00:00 Imported blocks                            blockNumber=21000001 slot=10210128 blocks=1000000 txs=159109486 mgas=15140191 bps=36.04 tps=6645 mgps=551.1 avgBps=35.87 avgTps=5706 avgMGps=543.0 elapsed=7h44m40s
Sep 25 15:17:08 nimbus-eth1-mainnet-short-benchmark[217155]: NTC 2026-09-25 15:17:08.421+00:00 Import complete                            blockNumber=21000001 slot=10210128 blocks=1000000 txs=159109486 mgas=15140191
Sep 25 15:17:09 nimbus-eth1-mainnet-short-benchmark[188476]: <<< ending startNimbusWithImport (success)
Sep 25 15:17:09 nimbus-eth1-mainnet-short-benchmark[188476]: >>> starting moveBenchmarkingFileToRepo
Sep 25 15:17:09 nimbus-eth1-mainnet-short-benchmark[188476]: >>> copying debug-csv generated by nimbus to benchmarks repo
Sep 25 15:17:09 nimbus-eth1-mainnet-short-benchmark[188476]: <<< ending moveBenchmarkingFileToRepo (success)
Sep 25 15:17:09 nimbus-eth1-mainnet-short-benchmark[188476]: >>> starting generateBuildEnvironmentLogFile
Sep 25 15:17:18 nimbus-eth1-mainnet-short-benchmark[188476]: <<< ending generateBuildEnvironmentLogFile (success)
Sep 25 15:17:18 nimbus-eth1-mainnet-short-benchmark[188476]: >>> starting generateSystemdServiceLogs
