Aug 22 03:50:44 nimbus-eth1-mainnet-short-benchmark[2709970]: >>> starting cloneOrFetchBenchmarksRepo
Aug 22 03:50:45 nimbus-eth1-mainnet-short-benchmark[2709970]: >>> Fetching latest changes for nimbus-eth1-benchmarks...
Aug 22 03:50:46 nimbus-eth1-mainnet-short-benchmark[2710019]: HEAD is now at 6445700 chore: update short benchmark Readme
Aug 22 03:50:47 nimbus-eth1-mainnet-short-benchmark[2709970]: <<< ending cloneOrFetchBenchmarksRepo (success)
Aug 22 03:50:47 nimbus-eth1-mainnet-short-benchmark[2709970]: >>> starting cloneOrFetchNimbusRepo
Aug 22 03:50:57 nimbus-eth1-mainnet-short-benchmark[2709970]: >>> Fetching latest changes for nimbus-eth1...
Aug 22 03:50:58 nimbus-eth1-mainnet-short-benchmark[2710362]: From https://github.com/status-im/nimbus-eth1
Aug 22 03:50:58 nimbus-eth1-mainnet-short-benchmark[2710362]:    4e225c616..7e573f7ce  master     -> origin/master
Aug 22 03:50:58 nimbus-eth1-mainnet-short-benchmark[2710370]: HEAD is now at 7e573f7ce Snap2 sync maint update (#4672)
Aug 22 03:50:58 nimbus-eth1-mainnet-short-benchmark[2709970]: >>> Found last benchmarked commit: 106412b6
Aug 22 03:50:58 nimbus-eth1-mainnet-short-benchmark[2709970]: >>> Using next commit: a8f02b0ce3ddf85672864b240f1644b1666c4839
Aug 22 03:50:58 nimbus-eth1-mainnet-short-benchmark[2710386]: HEAD is now at a8f02b0ce Additional modexp precompile optimizations (#4562)
Aug 22 03:50:58 nimbus-eth1-mainnet-short-benchmark[2709970]: >>> Current commit: a8f02b0ce
Aug 22 03:50:58 nimbus-eth1-mainnet-short-benchmark[2709970]: <<< ending cloneOrFetchNimbusRepo (success)
Aug 22 03:50:58 nimbus-eth1-mainnet-short-benchmark[2709970]: >>> starting buildBinaries
Aug 22 03:50:58 nimbus-eth1-mainnet-short-benchmark[2709970]: >>> Building binaries for commit a8f02b0c...
Aug 22 03:51:00 nimbus-eth1-mainnet-short-benchmark[2711591]: Submodule path 'vendor/nim-kzg4844': checked out '94fba95e7462157478eb24bf03dc963f037c7c52'
Aug 22 03:51:00 nimbus-eth1-mainnet-short-benchmark[2711591]: Submodule path 'vendor/nim-stew': checked out '01a709ad7a809404dcb2c93b7fe756d2470fe942'
Aug 22 03:51:06 nimbus-eth1-mainnet-short-benchmark[2715905]: Building: Nim compiler
Aug 22 03:53:59 nimbus-eth1-mainnet-short-benchmark[2715905]: Building custom Nimble commit: 42ef70c2102a942c46f13eb76872326edd525cec
Aug 22 03:54:10 nimbus-eth1-mainnet-short-benchmark[2715905]: Building Nimble...
Aug 22 03:54:20 nimbus-eth1-mainnet-short-benchmark[2715905]: Replacing nimble binary...
Aug 22 03:54:27 nimbus-eth1-mainnet-short-benchmark[2732242]: cp: cannot stat '/data/status-im/nimbus-eth1/build/*': No such file or directory
Aug 22 03:54:27 nimbus-eth1-mainnet-short-benchmark[2732218]: ROCKSDB VERSION NOT FOUND
Aug 22 03:54:28 nimbus-eth1-mainnet-short-benchmark[2732370]: make[1]: Entering directory '/data/status-im/nimbus-eth1/vendor/nim-rocksdb/vendor/rocksdb'
Aug 22 03:54:28 nimbus-eth1-mainnet-short-benchmark[2732370]: $DEBUG_LEVEL is 0, $LIB_MODE is static
Aug 22 03:54:28 nimbus-eth1-mainnet-short-benchmark[2732370]: make[1]: Leaving directory '/data/status-im/nimbus-eth1/vendor/nim-rocksdb/vendor/rocksdb'
Aug 22 03:54:28 nimbus-eth1-mainnet-short-benchmark[2732815]: Cleaning up RocksDb build artifacts.
Aug 22 03:54:29 nimbus-eth1-mainnet-short-benchmark[2732245]: Building RocksDb static libraries.
Aug 22 03:57:42 nimbus-eth1-mainnet-short-benchmark[2736333]: Building: build/nimbus_execution_client
Aug 22 04:00:14 nimbus-eth1-mainnet-short-benchmark[2709970]: >>> renaming binaries to match commit they were built from
Aug 22 04:00:14 nimbus-eth1-mainnet-short-benchmark[2709970]: >>> creating a symbolic link to the latest version
Aug 22 04:00:14 nimbus-eth1-mainnet-short-benchmark[2709970]: >>> deleting copies that are older than N days
Aug 22 04:00:14 nimbus-eth1-mainnet-short-benchmark[2709970]: <<< ending buildBinaries (success)
Aug 22 04:00:14 nimbus-eth1-mainnet-short-benchmark[2709970]: >>> starting skipOrContinueBenchmark
Aug 22 04:00:14 nimbus-eth1-mainnet-short-benchmark[2709970]: <<< ending skipOrContinueBenchmark (success)
Aug 22 04:00:14 nimbus-eth1-mainnet-short-benchmark[2709970]: >>> starting copyTemplateDatabase
Aug 22 04:00:14 nimbus-eth1-mainnet-short-benchmark[2709970]: >>> Copying template db into nimbus data directory
Aug 22 04:03:27 nimbus-eth1-mainnet-short-benchmark[2709970]: >>> Template db copied
Aug 22 04:03:27 nimbus-eth1-mainnet-short-benchmark[2709970]: >>> making nimbus the owner of the copied files
Aug 22 04:03:27 nimbus-eth1-mainnet-short-benchmark[2709970]: <<< ending copyTemplateDatabase (success)
Aug 22 04:03:27 nimbus-eth1-mainnet-short-benchmark[2709970]: >>> starting startNimbusWithImport
Aug 22 04:03:27 nimbus-eth1-mainnet-short-benchmark[2742007]: INF 2026-08-22 04:03:27.627+00:00 Launching execution client                 version=v0.3.1-a8f02b0c config="(configFile: none(InputFile), dataDirFlag: some(/data/status-im/nimbus-eth1/data/shared_mainnet_0), era1DirFlag: some(/data/era1), eraDirFlag: some(/data/era), ereDirFlag: none(OutDir), keyStoreDirFlag: none(OutDir), importKey: , trustedSetupFile: none(string), extraData: Nimbus/v0.3.1-a8f02b0c, gasLimit: none(uint64), maxBlobs: none(byte), network: [mainnet], customNetwork: none(NetworkParams), networkId: 1, networkParams: (config: ..., genesis: (nonce: 0x0000000000000042, timestamp: 0, extraData: [17, 187, 232, 219, 78, 52, 123, 78, 140, 147, 124, 28, 131, 112, 228, 181, 237, 51, 173, 179, 219, 105, 203, 219, 122, 56, 225, 229, 11, 27, 130, 250], gasLimit: 5000, difficulty: 17179869184, mixHash: 0x0000000000000000000000000000000000000000000000000000000000000000, coinbase: 0x0000000000000000000000000000000000000000, alloc: 8893, number: 0, gasUser: 0, parentHash: 0x0000000000000000000000000000000000000000000000000000000000000000, baseFeePerGas: none(), blobGasUsed: -1, excessBlobGas: -1, parentBeaconBlockRoot: none())), logLevel: INFO, logFormat: auto, metricsEnabled: false, metricsPort: 9093, metricsAddress: 127.0.0.1, bootstrapNodes: [], elBootstrapNodes: [], bootstrapFile: , elBootstrapFile: , staticPeers: [], staticPeersFile: , reconnectMaxRetry: 0, reconnectInterval: 15, listenAddress: ::, tcpPort: 30303, udpPortFlag: none(Port), maxPeersOpt: none(int), elMaxPeersOpt: none(int), nat: (hasExtIp: false, nat: NatAny), discv5: true, netKey: random, agentString: Nimbus/v0.3.1-a8f02b0c/linux-amd64/Nim-2.2.10, numThreads: 0, persistBatchSize: 4, dynamicBatchSize: false, rocksdbMaxOpenFiles: 2048, rocksdbWriteBufferSize: 67108864, rocksdbRowCacheSize: 0, rocksdbBlockCacheSize: 2147483648, rocksdbBlockCacheType: hyperclock, rdbVtxCacheSize: 536870912, rdbKeyCacheSize: 1342177280, rdbBranchCacheSize: 1073741824, rdbPrintStats: false, rewriteDatadirId: true, aristoDbMaxSnapshots: 5, parallelStateRootComputation: false, parallelSenderRecovery: true, optimisticStatePrefetch: false, balStatePrefetch: false, balStatePrefetchWorkers: 0, balParallelExecution: false, eagerStateRootCheck: false, deserializeFcState: true, statelessProvider: false, statelessWitnessValidation: false, cmd: import, maxBlocks: 1000000, chunkSize: 8192, csvStats: some("/data/host-benchmarks/short/14ea417c68234c9db4a4604af1ffcb2b/blocks-import-benchmark.csv"), validation: false, fullValidation: false, storeBodies: false, storeReceipts: false, storeSlotHashes: false)"
Aug 22 04:03:27 nimbus-eth1-mainnet-short-benchmark[2742007]: WRN 2026-08-22 04:03:27.627+00:00 Data directory has insecure permissions. Correcting them. data_dir=/data/status-im/nimbus-eth1/data/shared_mainnet_0 current_permissions=0755 required_permissions=0700
Aug 22 04:03:29 nimbus-eth1-mainnet-short-benchmark[2742007]: INF 2026-08-22 04:03:29.539+00:00 Taskpool started                           numThreads=16
Aug 22 04:03:29 nimbus-eth1-mainnet-short-benchmark[2742007]: INF 2026-08-22 04:03:29.655+00:00 Writing data dir ID                        ID=0x0a036d6f6dfe59156bb6359f0243c93d5a421ed688de5aa85a62d15dca8dbd5c
Aug 22 04:03:29 nimbus-eth1-mainnet-short-benchmark[2742007]: INF 2026-08-22 04:03:29.679+00:00 Database initialized                       base="(0xd24fd73f794058a3807db926d8898c6481e902b7edb91ce0d479d6760f276183, 20000000)" finalized="(0xd24fd73f794058a3807db926d8898c6481e902b7edb91ce0d479d6760f276183, 20000000)" head="(0xd4e56740f876aef8c010b86a40d5f56745a118d0906a34e69aec8c0db1cb8fa3, 0)"
Aug 22 04:03:29 nimbus-eth1-mainnet-short-benchmark[2742007]: NTC 2026-08-22 04:03:29.679+00:00 Could not open ere database, falling back to era1/era import ereDir=/data/status-im/nimbus-eth1/data/shared_mainnet_0/ere networkName=mainnet error="No ere files found in /data/status-im/nimbus-eth1/data/shared_mainnet_0/ere"
Aug 22 04:03:29 nimbus-eth1-mainnet-short-benchmark[2742007]: NTC 2026-08-22 04:03:29.679+00:00 Importing era archive                      blockNumber=20000001 dataDir=/data/status-im/nimbus-eth1/data/shared_mainnet_0 eraDir=/data/era
Aug 22 04:03:31 nimbus-eth1-mainnet-short-benchmark[2742007]: NTC 2026-08-22 04:03:31.915+00:00 Matched block to slot number               blockNumber=20000001 slot=9204783
Aug 22 04:09:48 nimbus-eth1-mainnet-short-benchmark[2742007]: INF 2026-08-22 04:09:48.754+00:00 Imported blocks                            blockNumber=20008193 slot=9213020 blocks=8192 txs=1226966 mgas=124237 bps=21.61 tps=3236 mgps=327.7 avgBps=21.61 avgTps=3236 avgMGps=327.7 elapsed=6m19s79ms
Aug 22 04:15:26 nimbus-eth1-mainnet-short-benchmark[2742007]: INF 2026-08-22 04:15:26.397+00:00 Imported blocks                            blockNumber=20016385 slot=9221256 blocks=16384 txs=2540380 mgas=248071 bps=24.26 tps=3889 mgps=366.8 avgBps=22.86 avgTps=3544 avgMGps=346.1 elapsed=11m56s723ms
Aug 22 04:20:47 nimbus-eth1-mainnet-short-benchmark[2742007]: INF 2026-08-22 04:20:47.004+00:00 Imported blocks                            blockNumber=20024577 slot=9229485 blocks=24576 txs=3869398 mgas=372018 bps=25.55 tps=4145 mgps=386.6 avgBps=23.69 avgTps=3730 avgMGps=358.6 elapsed=17m17s324ms
Aug 22 04:25:32 nimbus-eth1-mainnet-short-benchmark[2742007]: INF 2026-08-22 04:25:32.700+00:00 Imported blocks                            blockNumber=20032769 slot=9237722 blocks=32768 txs=5222766 mgas=495797 bps=28.67 tps=4737 mgps=433.3 avgBps=24.77 avgTps=3947 avgMGps=374.7 elapsed=22m3s22ms
Aug 22 04:30:08 nimbus-eth1-mainnet-short-benchmark[2742007]: INF 2026-08-22 04:30:08.424+00:00 Imported blocks                            blockNumber=20040961 slot=9245957 blocks=40960 txs=6566802 mgas=619586 bps=29.71 tps=4874 mgps=449.0 avgBps=25.62 avgTps=4107 avgMGps=387.5 elapsed=26m38s746ms
Aug 22 04:35:10 nimbus-eth1-mainnet-short-benchmark[2742007]: INF 2026-08-22 04:35:10.136+00:00 Imported blocks                            blockNumber=20049153 slot=9254196 blocks=49152 txs=7904746 mgas=743522 bps=27.15 tps=4434 mgps=410.8 avgBps=25.86 avgTps=4159 avgMGps=391.2 elapsed=31m40s459ms
Aug 22 04:39:59 nimbus-eth1-mainnet-short-benchmark[2742007]: INF 2026-08-22 04:39:59.468+00:00 Imported blocks                            blockNumber=20057345 slot=9262435 blocks=57344 txs=9212009 mgas=867360 bps=28.31 tps=4518 mgps=428.0 avgBps=26.19 avgTps=4206 avgMGps=396.1 elapsed=36m29s787ms
Aug 22 04:44:24 nimbus-eth1-mainnet-short-benchmark[2742007]: INF 2026-08-22 04:44:24.772+00:00 Imported blocks                            blockNumber=20065537 slot=9270674 blocks=65536 txs=10559018 mgas=991371 bps=30.88 tps=5077 mgps=467.4 avgBps=26.69 avgTps=4300 avgMGps=403.8 elapsed=40m55s93ms
Aug 22 04:48:38 nimbus-eth1-mainnet-short-benchmark[2742007]: INF 2026-08-22 04:48:38.496+00:00 Imported blocks                            blockNumber=20073729 slot=9278910 blocks=73728 txs=11898676 mgas=1115111 bps=32.29 tps=5279 mgps=487.7 avgBps=27.22 avgTps=4392 avgMGps=411.7 elapsed=45m8s816ms
Aug 22 04:52:40 nimbus-eth1-mainnet-short-benchmark[2742007]: INF 2026-08-22 04:52:40.813+00:00 Imported blocks                            blockNumber=20081921 slot=9287152 blocks=81920 txs=13323263 mgas=1239150 bps=33.81 tps=5878 mgps=511.9 avgBps=27.76 avgTps=4514 avgMGps=419.9 elapsed=49m11s135ms
Aug 22 04:56:42 nimbus-eth1-mainnet-short-benchmark[2742007]: INF 2026-08-22 04:56:42.689+00:00 Imported blocks                            blockNumber=20090113 slot=9295408 blocks=90112 txs=14697082 mgas=1363113 bps=33.87 tps=5679 mgps=512.5 avgBps=28.22 avgTps=4602 avgMGps=426.9 elapsed=53m13s14ms
Aug 22 05:01:00 nimbus-eth1-mainnet-short-benchmark[2742007]: INF 2026-08-22 05:01:00.122+00:00 Imported blocks                            blockNumber=20098305 slot=9303658 blocks=98304 txs=16025683 mgas=1487146 bps=31.82 tps=5160 mgps=481.8 avgBps=28.49 avgTps=4644 avgMGps=431.0 elapsed=57m30s445ms
Aug 22 05:05:28 nimbus-eth1-mainnet-short-benchmark[2742007]: INF 2026-08-22 05:05:28.894+00:00 Imported blocks                            blockNumber=20106497 slot=9311895 blocks=106496 txs=17337157 mgas=1611066 bps=30.48 tps=4879 mgps=461.1 avgBps=28.63 avgTps=4661 avgMGps=433.2 elapsed=1h1m59s
Aug 22 05:09:42 nimbus-eth1-mainnet-short-benchmark[2742007]: INF 2026-08-22 05:09:42.234+00:00 Imported blocks                            blockNumber=20114689 slot=9320146 blocks=114688 txs=18632097 mgas=1735123 bps=32.34 tps=5111 mgps=489.7 avgBps=28.87 avgTps=4690 avgMGps=436.8 elapsed=1h6m12s
Aug 22 05:13:42 nimbus-eth1-mainnet-short-benchmark[2742007]: INF 2026-08-22 05:13:42.895+00:00 Imported blocks                            blockNumber=20122881 slot=9328409 blocks=122880 txs=19937418 mgas=1859249 bps=34.04 tps=5423 mgps=515.8 avgBps=29.17 avgTps=4732 avgMGps=441.3 elapsed=1h10m13s
Aug 22 05:17:40 nimbus-eth1-mainnet-short-benchmark[2742007]: INF 2026-08-22 05:17:40.627+00:00 Imported blocks                            blockNumber=20131073 slot=9336660 blocks=131072 txs=21214129 mgas=1983500 bps=34.46 tps=5370 mgps=522.7 avgBps=29.45 avgTps=4766 avgMGps=445.6 elapsed=1h14m10s
Aug 22 05:21:36 nimbus-eth1-mainnet-short-benchmark[2742007]: INF 2026-08-22 05:21:36.412+00:00 Imported blocks                            blockNumber=20139265 slot=9344906 blocks=139264 txs=22579079 mgas=2107571 bps=34.74 tps=5788 mgps=526.2 avgBps=29.71 avgTps=4817 avgMGps=449.7 elapsed=1h18m6s
Aug 22 05:26:17 nimbus-eth1-mainnet-short-benchmark[2742007]: INF 2026-08-22 05:26:17.260+00:00 Imported blocks                            blockNumber=20147457 slot=9353153 blocks=147456 txs=24133322 mgas=2231686 bps=29.17 tps=5534 mgps=441.9 avgBps=29.68 avgTps=4858 avgMGps=449.2 elapsed=1h22m47s
Aug 22 05:30:47 nimbus-eth1-mainnet-short-benchmark[2742007]: INF 2026-08-22 05:30:47.060+00:00 Imported blocks                            blockNumber=20155649 slot=9361407 blocks=155648 txs=25424015 mgas=2356018 bps=30.36 tps=4783 mgps=460.8 avgBps=29.72 avgTps=4854 avgMGps=449.8 elapsed=1h27m17s
Aug 22 05:34:55 nimbus-eth1-mainnet-short-benchmark[2742007]: INF 2026-08-22 05:34:55.061+00:00 Imported blocks                            blockNumber=20163841 slot=9369652 blocks=163840 txs=26749549 mgas=2480207 bps=33.03 tps=5344 mgps=500.7 avgBps=29.87 avgTps=4876 avgMGps=452.1 elapsed=1h31m25s
Aug 22 05:38:59 nimbus-eth1-mainnet-short-benchmark[2742007]: INF 2026-08-22 05:38:59.517+00:00 Imported blocks                            blockNumber=20172033 slot=9377892 blocks=172032 txs=28105316 mgas=2604026 bps=33.51 tps=5546 mgps=506.5 avgBps=30.02 avgTps=4905 avgMGps=454.5 elapsed=1h35m29s
Aug 22 05:43:07 nimbus-eth1-mainnet-short-benchmark[2742007]: INF 2026-08-22 05:43:07.470+00:00 Imported blocks                            blockNumber=20180225 slot=9386128 blocks=180224 txs=29524405 mgas=2728170 bps=33.04 tps=5723 mgps=500.7 avgBps=30.15 avgTps=4939 avgMGps=456.4 elapsed=1h39m37s
Aug 22 05:46:58 nimbus-eth1-mainnet-short-benchmark[2742007]: INF 2026-08-22 05:46:58.878+00:00 Imported blocks                            blockNumber=20188417 slot=9394365 blocks=188416 txs=30849021 mgas=2852023 bps=35.40 tps=5724 mgps=535.2 avgBps=30.34 avgTps=4968 avgMGps=459.3 elapsed=1h43m29s
Aug 22 05:51:17 nimbus-eth1-mainnet-short-benchmark[2742007]: INF 2026-08-22 05:51:17.395+00:00 Imported blocks                            blockNumber=20196609 slot=9402602 blocks=196608 txs=32174755 mgas=2976155 bps=31.69 tps=5128 mgps=480.2 avgBps=30.40 avgTps=4974 avgMGps=460.2 elapsed=1h47m47s
Aug 22 05:55:48 nimbus-eth1-mainnet-short-benchmark[2742007]: INF 2026-08-22 05:55:48.363+00:00 Imported blocks                            blockNumber=20204801 slot=9410840 blocks=204800 txs=33475942 mgas=3100410 bps=30.23 tps=4802 mgps=458.6 avgBps=30.39 avgTps=4967 avgMGps=460.1 elapsed=1h52m18s
Aug 22 05:59:57 nimbus-eth1-mainnet-short-benchmark[2742007]: INF 2026-08-22 05:59:57.755+00:00 Imported blocks                            blockNumber=20212993 slot=9419071 blocks=212992 txs=34798508 mgas=3224370 bps=32.85 tps=5303 mgps=497.0 avgBps=30.48 avgTps=4979 avgMGps=461.4 elapsed=1h56m28s
Aug 22 06:04:00 nimbus-eth1-mainnet-short-benchmark[2742007]: INF 2026-08-22 06:04:00.784+00:00 Imported blocks                            blockNumber=20221185 slot=9427313 blocks=221184 txs=36114045 mgas=3348169 bps=33.71 tps=5413 mgps=509.4 avgBps=30.59 avgTps=4994 avgMGps=463.0 elapsed=2h31s104ms
Aug 22 06:07:44 nimbus-eth1-mainnet-short-benchmark[2742007]: INF 2026-08-22 06:07:44.717+00:00 Imported blocks                            blockNumber=20229377 slot=9435549 blocks=229376 txs=37421794 mgas=3472031 bps=36.58 tps=5839 mgps=553.1 avgBps=30.77 avgTps=5019 avgMGps=465.7 elapsed=2h4m15s
Aug 22 06:11:38 nimbus-eth1-mainnet-short-benchmark[2742007]: INF 2026-08-22 06:11:38.325+00:00 Imported blocks                            blockNumber=20237569 slot=9443788 blocks=237568 txs=38842064 mgas=3596351 bps=35.07 tps=6079 mgps=532.2 avgBps=30.90 avgTps=5051 avgMGps=467.7 elapsed=2h8m8s
Aug 22 06:15:50 nimbus-eth1-mainnet-short-benchmark[2742007]: INF 2026-08-22 06:15:50.566+00:00 Imported blocks                            blockNumber=20245761 slot=9452021 blocks=245760 txs=40225739 mgas=3720100 bps=32.48 tps=5485 mgps=490.6 avgBps=30.95 avgTps=5065 avgMGps=468.5 elapsed=2h12m20s
Aug 22 06:20:20 nimbus-eth1-mainnet-short-benchmark[2742007]: INF 2026-08-22 06:20:20.054+00:00 Imported blocks                            blockNumber=20253953 slot=9460253 blocks=253952 txs=41454921 mgas=3844385 bps=30.40 tps=4561 mgps=461.2 avgBps=30.93 avgTps=5049 avgMGps=468.2 elapsed=2h16m50s
Aug 22 06:24:36 nimbus-eth1-mainnet-short-benchmark[2742007]: INF 2026-08-22 06:24:36.274+00:00 Imported blocks                            blockNumber=20262145 slot=9468495 blocks=262144 txs=42726051 mgas=3968623 bps=31.97 tps=4961 mgps=484.9 avgBps=30.96 avgTps=5046 avgMGps=468.7 elapsed=2h21m6s
Aug 22 06:28:35 nimbus-eth1-mainnet-short-benchmark[2742007]: INF 2026-08-22 06:28:35.447+00:00 Imported blocks                            blockNumber=20270337 slot=9476748 blocks=270336 txs=44050436 mgas=4092682 bps=34.25 tps=5537 mgps=518.7 avgBps=31.05 avgTps=5059 avgMGps=470.1 elapsed=2h25m5s
Aug 22 06:32:18 nimbus-eth1-mainnet-short-benchmark[2742007]: INF 2026-08-22 06:32:18.580+00:00 Imported blocks                            blockNumber=20278529 slot=9484981 blocks=278528 txs=45382368 mgas=4216487 bps=36.71 tps=5969 mgps=554.9 avgBps=31.19 avgTps=5082 avgMGps=472.2 elapsed=2h28m48s
Aug 22 06:36:05 nimbus-eth1-mainnet-short-benchmark[2742007]: INF 2026-08-22 06:36:05.240+00:00 Imported blocks                            blockNumber=20286721 slot=9493213 blocks=286720 txs=46733429 mgas=4340363 bps=36.14 tps=5960 mgps=546.5 avgBps=31.32 avgTps=5104 avgMGps=474.1 elapsed=2h32m35s
Aug 22 06:40:13 nimbus-eth1-mainnet-short-benchmark[2742007]: INF 2026-08-22 06:40:13.653+00:00 Imported blocks                            blockNumber=20294913 slot=9501453 blocks=294912 txs=48075887 mgas=4464376 bps=32.98 tps=5404 mgps=499.2 avgBps=31.36 avgTps=5112 avgMGps=474.7 elapsed=2h36m43s
Aug 22 06:44:19 nimbus-eth1-mainnet-short-benchmark[2742007]: INF 2026-08-22 06:44:19.209+00:00 Imported blocks                            blockNumber=20303105 slot=9509696 blocks=303104 txs=49379538 mgas=4588534 bps=33.36 tps=5308 mgps=505.6 avgBps=31.41 avgTps=5117 avgMGps=475.5 elapsed=2h40m49s
Aug 22 06:48:17 nimbus-eth1-mainnet-short-benchmark[2742007]: INF 2026-08-22 06:48:17.258+00:00 Imported blocks                            blockNumber=20311297 slot=9517922 blocks=311296 txs=50637672 mgas=4712596 bps=34.41 tps=5285 mgps=521.2 avgBps=31.48 avgTps=5121 avgMGps=476.6 elapsed=2h44m47s
Aug 22 06:52:07 nimbus-eth1-mainnet-short-benchmark[2742007]: INF 2026-08-22 06:52:07.423+00:00 Imported blocks                            blockNumber=20319489 slot=9526159 blocks=319488 txs=51981692 mgas=4836521 bps=35.59 tps=5839 mgps=538.4 avgBps=31.58 avgTps=5137 avgMGps=478.0 elapsed=2h48m37s
Aug 22 06:55:36 nimbus-eth1-mainnet-short-benchmark[2742007]: INF 2026-08-22 06:55:36.696+00:00 Imported blocks                            blockNumber=20327681 slot=9534381 blocks=327680 txs=53356123 mgas=4960245 bps=39.15 tps=6567 mgps=591.2 avgBps=31.73 avgTps=5166 avgMGps=480.3 elapsed=2h52m7s
Aug 22 06:59:03 nimbus-eth1-mainnet-short-benchmark[2742007]: INF 2026-08-22 06:59:03.137+00:00 Imported blocks                            blockNumber=20335873 slot=9542617 blocks=335872 txs=54719105 mgas=5084025 bps=39.68 tps=6602 mgps=599.6 avgBps=31.89 avgTps=5194 avgMGps=482.7 elapsed=2h55m33s
Aug 22 07:02:51 nimbus-eth1-mainnet-short-benchmark[2742007]: INF 2026-08-22 07:02:51.586+00:00 Imported blocks                            blockNumber=20344065 slot=9550841 blocks=344064 txs=56021853 mgas=5207843 bps=35.86 tps=5702 mgps=542.0 avgBps=31.97 avgTps=5205 avgMGps=483.9 elapsed=2h59m21s
Aug 22 07:07:12 nimbus-eth1-mainnet-short-benchmark[2742007]: INF 2026-08-22 07:07:12.350+00:00 Imported blocks                            blockNumber=20352257 slot=9559072 blocks=352256 txs=57290408 mgas=5332016 bps=31.42 tps=4864 mgps=476.2 avgBps=31.96 avgTps=5197 avgMGps=483.7 elapsed=3h3m42s
Aug 22 07:11:11 nimbus-eth1-mainnet-short-benchmark[2742007]: INF 2026-08-22 07:11:11.510+00:00 Imported blocks                            blockNumber=20360449 slot=9567308 blocks=360448 txs=58543463 mgas=5456201 bps=34.25 tps=5239 mgps=519.3 avgBps=32.01 avgTps=5198 avgMGps=484.5 elapsed=3h7m41s
Aug 22 07:14:59 nimbus-eth1-mainnet-short-benchmark[2742007]: INF 2026-08-22 07:14:59.747+00:00 Imported blocks                            blockNumber=20368641 slot=9575548 blocks=368640 txs=59874056 mgas=5580204 bps=35.89 tps=5829 mgps=543.3 avgBps=32.08 avgTps=5210 avgMGps=485.7 elapsed=3h11m30s
Aug 22 07:18:58 nimbus-eth1-mainnet-short-benchmark[2742007]: INF 2026-08-22 07:18:58.216+00:00 Imported blocks                            blockNumber=20376833 slot=9583774 blocks=376832 txs=61167066 mgas=5704396 bps=34.35 tps=5422 mgps=520.8 avgBps=32.13 avgTps=5215 avgMGps=486.4 elapsed=3h15m28s
Aug 22 07:22:51 nimbus-eth1-mainnet-short-benchmark[2742007]: INF 2026-08-22 07:22:51.352+00:00 Imported blocks                            blockNumber=20385025 slot=9592009 blocks=385024 txs=62480333 mgas=5828235 bps=35.14 tps=5632 mgps=531.2 avgBps=32.19 avgTps=5223 avgMGps=487.2 elapsed=3h19m21s
Aug 22 07:26:44 nimbus-eth1-mainnet-short-benchmark[2742007]: INF 2026-08-22 07:26:44.745+00:00 Imported blocks                            blockNumber=20393217 slot=9600248 blocks=393216 txs=63800597 mgas=5952136 bps=35.10 tps=5656 mgps=530.9 avgBps=32.24 avgTps=5231 avgMGps=488.1 elapsed=3h23m15s
Aug 22 07:30:27 nimbus-eth1-mainnet-short-benchmark[2742007]: INF 2026-08-22 07:30:27.938+00:00 Imported blocks                            blockNumber=20401409 slot=9608486 blocks=401408 txs=65021243 mgas=6076384 bps=36.70 tps=5468 mgps=556.7 avgBps=32.32 avgTps=5235 avgMGps=489.3 elapsed=3h26m58s
Aug 22 07:34:26 nimbus-eth1-mainnet-short-benchmark[2742007]: INF 2026-08-22 07:34:26.099+00:00 Imported blocks                            blockNumber=20409601 slot=9616707 blocks=409600 txs=66199016 mgas=6200666 bps=34.40 tps=4945 mgps=521.8 avgBps=32.36 avgTps=5230 avgMGps=489.9 elapsed=3h30m56s
Aug 22 07:38:15 nimbus-eth1-mainnet-short-benchmark[2742007]: INF 2026-08-22 07:38:15.363+00:00 Imported blocks                            blockNumber=20417793 slot=9624941 blocks=417792 txs=67453930 mgas=6324823 bps=35.73 tps=5473 mgps=541.5 avgBps=32.42 avgTps=5234 avgMGps=490.8 elapsed=3h34m45s
Aug 22 07:41:37 nimbus-eth1-mainnet-short-benchmark[2742007]: INF 2026-08-22 07:41:37.928+00:00 Imported blocks                            blockNumber=20425985 slot=9633187 blocks=425984 txs=68814904 mgas=6448778 bps=40.44 tps=6718 mgps=611.9 avgBps=32.55 avgTps=5257 avgMGps=492.7 elapsed=3h38m8s
Aug 22 07:45:00 nimbus-eth1-mainnet-short-benchmark[2742007]: INF 2026-08-22 07:45:00.394+00:00 Imported blocks                            blockNumber=20434177 slot=9641422 blocks=434176 txs=70124508 mgas=6572711 bps=40.46 tps=6468 mgps=612.1 avgBps=32.67 avgTps=5276 avgMGps=494.5 elapsed=3h41m30s
Aug 22 07:48:34 nimbus-eth1-mainnet-short-benchmark[2742007]: INF 2026-08-22 07:48:34.191+00:00 Imported blocks                            blockNumber=20442369 slot=9649657 blocks=442368 txs=71403576 mgas=6696451 bps=38.32 tps=5982 mgps=578.8 avgBps=32.76 avgTps=5287 avgMGps=495.9 elapsed=3h45m4s
Aug 22 07:52:26 nimbus-eth1-mainnet-short-benchmark[2742007]: INF 2026-08-22 07:52:26.587+00:00 Imported blocks                            blockNumber=20450561 slot=9657896 blocks=450560 txs=72659905 mgas=6820521 bps=35.25 tps=5405 mgps=533.9 avgBps=32.80 avgTps=5289 avgMGps=496.5 elapsed=3h48m56s
Aug 22 07:56:41 nimbus-eth1-mainnet-short-benchmark[2742007]: INF 2026-08-22 07:56:41.948+00:00 Imported blocks                            blockNumber=20458753 slot=9666114 blocks=458752 txs=73838533 mgas=6945116 bps=32.08 tps=4615 mgps=487.9 avgBps=32.79 avgTps=5277 avgMGps=496.4 elapsed=3h53m12s
Aug 22 08:00:32 nimbus-eth1-mainnet-short-benchmark[2742007]: INF 2026-08-22 08:00:32.488+00:00 Imported blocks                            blockNumber=20466945 slot=9674343 blocks=466944 txs=75124748 mgas=7068943 bps=35.53 tps=5578 mgps=537.1 avgBps=32.83 avgTps=5281 avgMGps=497.0 elapsed=3h57m2s
Aug 22 08:04:20 nimbus-eth1-mainnet-short-benchmark[2742007]: INF 2026-08-22 08:04:20.829+00:00 Imported blocks                            blockNumber=20475137 slot=9682575 blocks=475136 txs=76420106 mgas=7192870 bps=35.88 tps=5673 mgps=542.7 avgBps=32.88 avgTps=5288 avgMGps=497.7 elapsed=4h51s152ms
Aug 22 08:07:59 nimbus-eth1-mainnet-short-benchmark[2742007]: INF 2026-08-22 08:07:59.058+00:00 Imported blocks                            blockNumber=20483329 slot=9690800 blocks=483328 txs=77675422 mgas=7316939 bps=37.54 tps=5752 mgps=568.5 avgBps=32.95 avgTps=5295 avgMGps=498.8 elapsed=4h4m29s
Aug 22 08:11:35 nimbus-eth1-mainnet-short-benchmark[2742007]: INF 2026-08-22 08:11:35.523+00:00 Imported blocks                            blockNumber=20491521 slot=9699019 blocks=491520 txs=78951232 mgas=7440784 bps=37.84 tps=5893 mgps=572.1 avgBps=33.02 avgTps=5303 avgMGps=499.9 elapsed=4h8m5s
Aug 22 08:15:26 nimbus-eth1-mainnet-short-benchmark[2742007]: INF 2026-08-22 08:15:26.920+00:00 Imported blocks                            blockNumber=20499713 slot=9707248 blocks=499712 txs=80189642 mgas=7564669 bps=35.40 tps=5351 mgps=535.4 avgBps=33.06 avgTps=5304 avgMGps=500.4 elapsed=4h11m57s
Aug 22 08:19:24 nimbus-eth1-mainnet-short-benchmark[2742007]: INF 2026-08-22 08:19:24.652+00:00 Imported blocks                            blockNumber=20507905 slot=9715488 blocks=507904 txs=81317763 mgas=7689208 bps=34.46 tps=4745 mgps=523.9 avgBps=33.08 avgTps=5295 avgMGps=500.8 elapsed=4h15m54s
Aug 22 08:22:56 nimbus-eth1-mainnet-short-benchmark[2742007]: INF 2026-08-22 08:22:56.565+00:00 Imported blocks                            blockNumber=20516097 slot=9723715 blocks=516096 txs=82520262 mgas=7813209 bps=38.66 tps=5674 mgps=585.1 avgBps=33.15 avgTps=5301 avgMGps=501.9 elapsed=4h19m26s
Aug 22 08:26:39 nimbus-eth1-mainnet-short-benchmark[2742007]: INF 2026-08-22 08:26:39.398+00:00 Imported blocks                            blockNumber=20524289 slot=9731945 blocks=524288 txs=83780075 mgas=7937233 bps=36.76 tps=5653 mgps=556.6 avgBps=33.20 avgTps=5305 avgMGps=502.7 elapsed=4h23m9s
Aug 22 08:30:24 nimbus-eth1-mainnet-short-benchmark[2742007]: INF 2026-08-22 08:30:24.835+00:00 Imported blocks                            blockNumber=20532481 slot=9740183 blocks=532480 txs=85263862 mgas=8061024 bps=36.34 tps=6581 mgps=549.1 avgBps=33.25 avgTps=5323 avgMGps=503.3 elapsed=4h26m55s
Aug 22 08:34:15 nimbus-eth1-mainnet-short-benchmark[2742007]: INF 2026-08-22 08:34:15.823+00:00 Imported blocks                            blockNumber=20540673 slot=9748418 blocks=540672 txs=86612143 mgas=8185090 bps=35.46 tps=5836 mgps=537.1 avgBps=33.28 avgTps=5331 avgMGps=503.8 elapsed=4h30m46s
Aug 22 08:38:16 nimbus-eth1-mainnet-short-benchmark[2742007]: INF 2026-08-22 08:38:16.524+00:00 Imported blocks                            blockNumber=20548865 slot=9756662 blocks=548864 txs=87802991 mgas=8309513 bps=34.03 tps=4947 mgps=516.9 avgBps=33.29 avgTps=5325 avgMGps=504.0 elapsed=4h34m46s
Aug 22 08:42:15 nimbus-eth1-mainnet-short-benchmark[2742007]: INF 2026-08-22 08:42:15.893+00:00 Imported blocks                            blockNumber=20557057 slot=9764892 blocks=557056 txs=88964987 mgas=8433956 bps=34.22 tps=4854 mgps=519.9 avgBps=33.30 avgTps=5318 avgMGps=504.2 elapsed=4h38m46s
Aug 22 08:46:00 nimbus-eth1-mainnet-short-benchmark[2742007]: INF 2026-08-22 08:46:00.953+00:00 Imported blocks                            blockNumber=20565249 slot=9773131 blocks=565248 txs=90186094 mgas=8558113 bps=36.40 tps=5425 mgps=551.7 avgBps=33.35 avgTps=5320 avgMGps=504.9 elapsed=4h42m31s
Aug 22 08:49:47 nimbus-eth1-mainnet-short-benchmark[2742007]: INF 2026-08-22 08:49:47.946+00:00 Imported blocks                            blockNumber=20573441 slot=9781369 blocks=573440 txs=91404654 mgas=8682228 bps=36.09 tps=5368 mgps=546.8 avgBps=33.38 avgTps=5320 avgMGps=505.4 elapsed=4h46m18s
Aug 22 08:53:30 nimbus-eth1-mainnet-short-benchmark[2742007]: INF 2026-08-22 08:53:30.615+00:00 Imported blocks                            blockNumber=20581633 slot=9789611 blocks=581632 txs=92628389 mgas=8806651 bps=36.79 tps=5495 mgps=558.8 avgBps=33.43 avgTps=5323 avgMGps=506.1 elapsed=4h50m938ms
Aug 22 08:57:21 nimbus-eth1-mainnet-short-benchmark[2742007]: INF 2026-08-22 08:57:21.072+00:00 Imported blocks                            blockNumber=20589825 slot=9797855 blocks=589824 txs=93887208 mgas=8931023 bps=35.55 tps=5462 mgps=539.7 avgBps=33.45 avgTps=5325 avgMGps=506.5 elapsed=4h53m51s
Aug 22 09:01:14 nimbus-eth1-mainnet-short-benchmark[2742007]: INF 2026-08-22 09:01:14.388+00:00 Imported blocks                            blockNumber=20598017 slot=9806095 blocks=598016 txs=95163338 mgas=9055310 bps=35.11 tps=5469 mgps=532.7 avgBps=33.47 avgTps=5326 avgMGps=506.9 elapsed=4h57m44s
Aug 22 09:05:11 nimbus-eth1-mainnet-short-benchmark[2742007]: INF 2026-08-22 09:05:11.245+00:00 Imported blocks                            blockNumber=20606209 slot=9814347 blocks=606208 txs=96334664 mgas=9179976 bps=34.59 tps=4945 mgps=526.3 avgBps=33.49 avgTps=5321 avgMGps=507.1 elapsed=5h1m41s
Aug 22 09:08:55 nimbus-eth1-mainnet-short-benchmark[2742007]: INF 2026-08-22 09:08:55.458+00:00 Imported blocks                            blockNumber=20614401 slot=9822581 blocks=614400 txs=97573414 mgas=9304574 bps=36.54 tps=5524 mgps=555.7 avgBps=33.53 avgTps=5324 avgMGps=507.7 elapsed=5h5m25s
Aug 22 09:12:40 nimbus-eth1-mainnet-short-benchmark[2742007]: INF 2026-08-22 09:12:40.127+00:00 Imported blocks                            blockNumber=20622593 slot=9830821 blocks=622592 txs=98874772 mgas=9428835 bps=36.46 tps=5792 mgps=553.1 avgBps=33.56 avgTps=5330 avgMGps=508.3 elapsed=5h9m10s
Aug 22 09:16:18 nimbus-eth1-mainnet-short-benchmark[2742007]: INF 2026-08-22 09:16:18.228+00:00 Imported blocks                            blockNumber=20630785 slot=9839058 blocks=630784 txs=100178707 mgas=9553009 bps=37.56 tps=5978 mgps=569.3 avgBps=33.61 avgTps=5337 avgMGps=509.0 elapsed=5h12m48s
Aug 22 09:20:06 nimbus-eth1-mainnet-short-benchmark[2742007]: INF 2026-08-22 09:20:06.616+00:00 Imported blocks                            blockNumber=20638977 slot=9847313 blocks=638976 txs=101489116 mgas=9677171 bps=35.87 tps=5737 mgps=543.6 avgBps=33.64 avgTps=5342 avgMGps=509.4 elapsed=5h16m36s
Aug 22 09:23:52 nimbus-eth1-mainnet-short-benchmark[2742007]: INF 2026-08-22 09:23:52.205+00:00 Imported blocks                            blockNumber=20647169 slot=9855549 blocks=647168 txs=102730058 mgas=9801643 bps=36.31 tps=5500 mgps=551.8 avgBps=33.67 avgTps=5344 avgMGps=509.9 elapsed=5h20m22s
Aug 22 09:27:51 nimbus-eth1-mainnet-short-benchmark[2742007]: INF 2026-08-22 09:27:51.302+00:00 Imported blocks                            blockNumber=20655361 slot=9863778 blocks=655360 txs=103868002 mgas=9926541 bps=34.26 tps=4759 mgps=522.4 avgBps=33.67 avgTps=5337 avgMGps=510.1 elapsed=5h24m21s
Aug 22 09:31:33 nimbus-eth1-mainnet-short-benchmark[2742007]: INF 2026-08-22 09:31:33.227+00:00 Imported blocks                            blockNumber=20663553 slot=9872013 blocks=663552 txs=105112198 mgas=10051274 bps=36.91 tps=5606 mgps=562.1 avgBps=33.71 avgTps=5340 avgMGps=510.6 elapsed=5h28m3s
Aug 22 09:35:04 nimbus-eth1-mainnet-short-benchmark[2742007]: INF 2026-08-22 09:35:04.756+00:00 Imported blocks                            blockNumber=20671745 slot=9880241 blocks=671744 txs=106395904 mgas=10175177 bps=38.73 tps=6068 mgps=585.8 avgBps=33.76 avgTps=5347 avgMGps=511.4 elapsed=5h31m35s
Aug 22 09:38:41 nimbus-eth1-mainnet-short-benchmark[2742007]: INF 2026-08-22 09:38:41.380+00:00 Imported blocks                            blockNumber=20679937 slot=9888471 blocks=679936 txs=107674271 mgas=10299404 bps=37.82 tps=5901 mgps=573.5 avgBps=33.81 avgTps=5353 avgMGps=512.1 elapsed=5h35m11s
Aug 22 09:42:07 nimbus-eth1-mainnet-short-benchmark[2742007]: INF 2026-08-22 09:42:07.526+00:00 Imported blocks                            blockNumber=20688129 slot=9896698 blocks=688128 txs=108938536 mgas=10423298 bps=39.74 tps=6132 mgps=601.0 avgBps=33.87 avgTps=5361 avgMGps=513.0 elapsed=5h38m37s
Aug 22 09:45:47 nimbus-eth1-mainnet-short-benchmark[2742007]: INF 2026-08-22 09:45:47.422+00:00 Imported blocks                            blockNumber=20696321 slot=9904930 blocks=696320 txs=110235786 mgas=10547469 bps=37.25 tps=5899 mgps=564.7 avgBps=33.90 avgTps=5367 avgMGps=513.6 elapsed=5h42m17s
Aug 22 09:49:43 nimbus-eth1-mainnet-short-benchmark[2742007]: INF 2026-08-22 09:49:43.875+00:00 Imported blocks                            blockNumber=20704513 slot=9913154 blocks=704512 txs=111483759 mgas=10671677 bps=34.65 tps=5277 mgps=525.3 avgBps=33.91 avgTps=5366 avgMGps=513.7 elapsed=5h46m14s
Aug 22 09:53:25 nimbus-eth1-mainnet-short-benchmark[2742007]: INF 2026-08-22 09:53:25.824+00:00 Imported blocks                            blockNumber=20712705 slot=9921388 blocks=712704 txs=112764170 mgas=10795980 bps=36.91 tps=5768 mgps=560.0 avgBps=33.94 avgTps=5370 avgMGps=514.2 elapsed=5h49m56s
Aug 22 09:56:55 nimbus-eth1-mainnet-short-benchmark[2742007]: INF 2026-08-22 09:56:55.489+00:00 Imported blocks                            blockNumber=20720897 slot=9929633 blocks=720896 txs=114110517 mgas=10919926 bps=39.07 tps=6421 mgps=591.2 avgBps=34.00 avgTps=5381 avgMGps=514.9 elapsed=5h53m25s
Aug 22 10:00:32 nimbus-eth1-mainnet-short-benchmark[2742007]: INF 2026-08-22 10:00:32.922+00:00 Imported blocks                            blockNumber=20729089 slot=9937869 blocks=729088 txs=115449431 mgas=11043768 bps=37.68 tps=6157 mgps=569.6 avgBps=34.03 avgTps=5388 avgMGps=515.5 elapsed=5h57m3s
Aug 22 10:04:01 nimbus-eth1-mainnet-short-benchmark[2742007]: INF 2026-08-22 10:04:01.323+00:00 Imported blocks                            blockNumber=20737281 slot=9946108 blocks=737280 txs=116784468 mgas=11167784 bps=39.31 tps=6406 mgps=595.1 avgBps=34.08 avgTps=5398 avgMGps=516.3 elapsed=6h31s644ms
Aug 22 10:07:41 nimbus-eth1-mainnet-short-benchmark[2742007]: INF 2026-08-22 10:07:41.048+00:00 Imported blocks                            blockNumber=20745473 slot=9954342 blocks=745472 txs=118101003 mgas=11291742 bps=37.28 tps=5991 mgps=564.1 avgBps=34.12 avgTps=5404 avgMGps=516.8 elapsed=6h4m11s
Aug 22 10:11:35 nimbus-eth1-mainnet-short-benchmark[2742007]: INF 2026-08-22 10:11:35.976+00:00 Imported blocks                            blockNumber=20753665 slot=9962581 blocks=753664 txs=119337525 mgas=11415859 bps=34.87 tps=5263 mgps=528.3 avgBps=34.12 avgTps=5403 avgMGps=516.9 elapsed=6h8m6s
Aug 22 10:15:19 nimbus-eth1-mainnet-short-benchmark[2742007]: INF 2026-08-22 10:15:19.821+00:00 Imported blocks                            blockNumber=20761857 slot=9970803 blocks=761856 txs=120564314 mgas=11540225 bps=36.60 tps=5480 mgps=555.6 avgBps=34.15 avgTps=5404 avgMGps=517.3 elapsed=6h11m50s
Aug 22 10:18:50 nimbus-eth1-mainnet-short-benchmark[2742007]: INF 2026-08-22 10:18:50.486+00:00 Imported blocks                            blockNumber=20770049 slot=9979058 blocks=770048 txs=121858083 mgas=11663918 bps=38.89 tps=6141 mgps=587.2 avgBps=34.19 avgTps=5410 avgMGps=517.9 elapsed=6h15m20s
Aug 22 10:22:10 nimbus-eth1-mainnet-short-benchmark[2742007]: INF 2026-08-22 10:22:10.363+00:00 Imported blocks                            blockNumber=20778241 slot=9987307 blocks=778240 txs=123161734 mgas=11787906 bps=40.99 tps=6522 mgps=620.3 avgBps=34.25 avgTps=5420 avgMGps=518.8 elapsed=6h18m40s
Aug 22 10:25:28 nimbus-eth1-mainnet-short-benchmark[2742007]: INF 2026-08-22 10:25:28.033+00:00 Imported blocks                            blockNumber=20786433 slot=9995542 blocks=786432 txs=124509456 mgas=11911612 bps=41.44 tps=6817 mgps=625.8 avgBps=34.31 avgTps=5432 avgMGps=519.7 elapsed=6h21m58s
Aug 22 10:28:49 nimbus-eth1-mainnet-short-benchmark[2742007]: INF 2026-08-22 10:28:49.582+00:00 Imported blocks                            blockNumber=20794625 slot=10003781 blocks=794624 txs=125848921 mgas=12035338 bps=40.65 tps=6645 mgps=613.9 avgBps=34.37 avgTps=5443 avgMGps=520.6 elapsed=6h25m19s
Aug 22 10:32:15 nimbus-eth1-mainnet-short-benchmark[2742007]: INF 2026-08-22 10:32:15.983+00:00 Imported blocks                            blockNumber=20802817 slot=10012028 blocks=802816 txs=127089868 mgas=12158989 bps=39.69 tps=6012 mgps=599.1 avgBps=34.42 avgTps=5448 avgMGps=521.3 elapsed=6h28m46s
Aug 22 10:35:51 nimbus-eth1-mainnet-short-benchmark[2742007]: INF 2026-08-22 10:35:51.056+00:00 Imported blocks                            blockNumber=20811009 slot=10020249 blocks=811008 txs=128299762 mgas=12282850 bps=38.09 tps=5625 mgps=575.9 avgBps=34.45 avgTps=5449 avgMGps=521.8 elapsed=6h32m21s
Aug 22 10:39:12 nimbus-eth1-mainnet-short-benchmark[2742007]: INF 2026-08-22 10:39:12.281+00:00 Imported blocks                            blockNumber=20819201 slot=10028481 blocks=819200 txs=129596319 mgas=12406594 bps=40.71 tps=6443 mgps=614.9 avgBps=34.50 avgTps=5458 avgMGps=522.5 elapsed=6h35m42s
Aug 22 10:42:32 nimbus-eth1-mainnet-short-benchmark[2742007]: INF 2026-08-22 10:42:32.658+00:00 Imported blocks                            blockNumber=20827393 slot=10036710 blocks=827392 txs=130916729 mgas=12530249 bps=40.88 tps=6589 mgps=617.1 avgBps=34.56 avgTps=5467 avgMGps=523.3 elapsed=6h39m2s
Aug 22 10:45:52 nimbus-eth1-mainnet-short-benchmark[2742007]: INF 2026-08-22 10:45:52.555+00:00 Imported blocks                            blockNumber=20835585 slot=10044938 blocks=835584 txs=132226625 mgas=12654070 bps=40.98 tps=6552 mgps=619.4 avgBps=34.61 avgTps=5476 avgMGps=524.1 elapsed=6h42m22s
Aug 22 10:49:25 nimbus-eth1-mainnet-short-benchmark[2742007]: INF 2026-08-22 10:49:25.020+00:00 Imported blocks                            blockNumber=20843777 slot=10053164 blocks=843776 txs=133604192 mgas=12777730 bps=38.56 tps=6483 mgps=582.0 avgBps=34.64 avgTps=5485 avgMGps=524.6 elapsed=6h45m55s
Aug 22 10:53:22 nimbus-eth1-mainnet-short-benchmark[2742007]: INF 2026-08-22 10:53:22.093+00:00 Imported blocks                            blockNumber=20851969 slot=10061391 blocks=851968 txs=134900706 mgas=12901664 bps=34.55 tps=5468 mgps=522.8 avgBps=34.64 avgTps=5485 avgMGps=524.6 elapsed=6h49m52s
Aug 22 10:57:08 nimbus-eth1-mainnet-short-benchmark[2742007]: INF 2026-08-22 10:57:08.250+00:00 Imported blocks                            blockNumber=20860161 slot=10069622 blocks=860160 txs=136168750 mgas=13025603 bps=36.22 tps=5606 mgps=548.0 avgBps=34.66 avgTps=5486 avgMGps=524.8 elapsed=6h53m38s
Aug 22 11:00:52 nimbus-eth1-mainnet-short-benchmark[2742007]: INF 2026-08-22 11:00:52.130+00:00 Imported blocks                            blockNumber=20868353 slot=10077838 blocks=868352 txs=137550724 mgas=13149742 bps=36.59 tps=6172 mgps=554.5 avgBps=34.68 avgTps=5492 avgMGps=525.1 elapsed=6h57m22s
Aug 22 11:04:34 nimbus-eth1-mainnet-short-benchmark[2742007]: INF 2026-08-22 11:04:34.527+00:00 Imported blocks                            blockNumber=20876545 slot=10086066 blocks=876544 txs=138954673 mgas=13273457 bps=36.84 tps=6312 mgps=556.3 avgBps=34.69 avgTps=5499 avgMGps=525.4 elapsed=7h1m4s
Aug 22 11:08:12 nimbus-eth1-mainnet-short-benchmark[2742007]: INF 2026-08-22 11:08:12.244+00:00 Imported blocks                            blockNumber=20884737 slot=10094286 blocks=884736 txs=140256178 mgas=13397479 bps=37.63 tps=5978 mgps=569.7 avgBps=34.72 avgTps=5504 avgMGps=525.8 elapsed=7h4m42s
Aug 22 11:11:43 nimbus-eth1-mainnet-short-benchmark[2742007]: INF 2026-08-22 11:11:43.361+00:00 Imported blocks                            blockNumber=20892929 slot=10102512 blocks=892928 txs=141581868 mgas=13521575 bps=38.80 tps=6279 mgps=587.8 avgBps=34.75 avgTps=5510 avgMGps=526.3 elapsed=7h8m13s
Aug 22 11:15:13 nimbus-eth1-mainnet-short-benchmark[2742007]: INF 2026-08-22 11:15:13.398+00:00 Imported blocks                            blockNumber=20901121 slot=10110732 blocks=901120 txs=142875889 mgas=13645572 bps=39.00 tps=6160 mgps=590.4 avgBps=34.79 avgTps=5515 avgMGps=526.8 elapsed=7h11m43s
Aug 22 11:18:43 nimbus-eth1-mainnet-short-benchmark[2742007]: INF 2026-08-22 11:18:43.327+00:00 Imported blocks                            blockNumber=20909313 slot=10118953 blocks=909312 txs=144102308 mgas=13769390 bps=39.02 tps=5842 mgps=589.8 avgBps=34.82 avgTps=5518 avgMGps=527.3 elapsed=7h15m13s
Aug 22 11:22:07 nimbus-eth1-mainnet-short-benchmark[2742007]: INF 2026-08-22 11:22:07.988+00:00 Imported blocks                            blockNumber=20917505 slot=10127176 blocks=917504 txs=145406349 mgas=13893087 bps=40.03 tps=6371 mgps=604.4 avgBps=34.86 avgTps=5524 avgMGps=527.9 elapsed=7h18m38s
Aug 22 11:25:24 nimbus-eth1-mainnet-short-benchmark[2742007]: INF 2026-08-22 11:25:24.553+00:00 Imported blocks                            blockNumber=20925697 slot=10135394 blocks=925696 txs=146718394 mgas=14016820 bps=41.68 tps=6674 mgps=629.5 avgBps=34.91 avgTps=5533 avgMGps=528.6 elapsed=7h21m54s
Aug 22 11:28:54 nimbus-eth1-mainnet-short-benchmark[2742007]: INF 2026-08-22 11:28:54.110+00:00 Imported blocks                            blockNumber=20933889 slot=10143614 blocks=933888 txs=148049109 mgas=14140625 bps=39.09 tps=6350 mgps=590.8 avgBps=34.95 avgTps=5539 avgMGps=529.1 elapsed=7h25m24s
Aug 22 11:32:17 nimbus-eth1-mainnet-short-benchmark[2742007]: INF 2026-08-22 11:32:17.184+00:00 Imported blocks                            blockNumber=20942081 slot=10151840 blocks=942080 txs=149397364 mgas=14264352 bps=40.34 tps=6639 mgps=609.3 avgBps=34.99 avgTps=5548 avgMGps=529.7 elapsed=7h28m47s
Aug 22 11:35:45 nimbus-eth1-mainnet-short-benchmark[2742007]: INF 2026-08-22 11:35:45.985+00:00 Imported blocks                            blockNumber=20950273 slot=10160098 blocks=950272 txs=150765507 mgas=14388237 bps=39.23 tps=6552 mgps=593.3 avgBps=35.02 avgTps=5555 avgMGps=530.2 elapsed=7h32m16s
Aug 22 11:39:29 nimbus-eth1-mainnet-short-benchmark[2742007]: INF 2026-08-22 11:39:29.993+00:00 Imported blocks                            blockNumber=20958465 slot=10168363 blocks=958464 txs=152044771 mgas=14511987 bps=36.57 tps=5710 mgps=552.4 avgBps=35.03 avgTps=5557 avgMGps=530.4 elapsed=7h36m316ms
Aug 22 11:43:04 nimbus-eth1-mainnet-short-benchmark[2742007]: INF 2026-08-22 11:43:04.802+00:00 Imported blocks                            blockNumber=20966657 slot=10176609 blocks=966656 txs=153365296 mgas=14635804 bps=38.14 tps=6147 mgps=576.4 avgBps=35.06 avgTps=5561 avgMGps=530.8 elapsed=7h39m35s
Aug 22 11:46:35 nimbus-eth1-mainnet-short-benchmark[2742007]: INF 2026-08-22 11:46:35.607+00:00 Imported blocks                            blockNumber=20974849 slot=10184849 blocks=974848 txs=154744917 mgas=14759580 bps=38.86 tps=6544 mgps=587.2 avgBps=35.08 avgTps=5569 avgMGps=531.2 elapsed=7h43m5s
Aug 22 11:50:13 nimbus-eth1-mainnet-short-benchmark[2742007]: INF 2026-08-22 11:50:13.872+00:00 Imported blocks                            blockNumber=20983041 slot=10193086 blocks=983040 txs=156055229 mgas=14883451 bps=37.53 tps=6003 mgps=567.5 avgBps=35.10 avgTps=5572 avgMGps=531.5 elapsed=7h46m44s
Aug 22 11:53:24 nimbus-eth1-mainnet-short-benchmark[2742007]: INF 2026-08-22 11:53:24.966+00:00 Imported blocks                            blockNumber=20991233 slot=10201319 blocks=991232 txs=157563202 mgas=15007557 bps=42.87 tps=7891 mgps=649.5 avgBps=35.16 avgTps=5588 avgMGps=532.3 elapsed=7h49m55s
Aug 22 11:57:07 nimbus-eth1-mainnet-short-benchmark[2742007]: INF 2026-08-22 11:57:07.138+00:00 Imported blocks                            blockNumber=20999425 slot=10209549 blocks=999424 txs=159003277 mgas=15131383 bps=36.87 tps=6481 mgps=557.3 avgBps=35.17 avgTps=5595 avgMGps=532.5 elapsed=7h53m37s
Aug 22 11:57:23 nimbus-eth1-mainnet-short-benchmark[2742007]: INF 2026-08-22 11:57:23.118+00:00 Imported blocks                            blockNumber=21000001 slot=10210128 blocks=1000000 txs=159109486 mgas=15140191 bps=36.04 tps=6645 mgps=551.1 avgBps=35.17 avgTps=5595 avgMGps=532.5 elapsed=7h53m53s
Aug 22 11:57:23 nimbus-eth1-mainnet-short-benchmark[2742007]: NTC 2026-08-22 11:57:23.118+00:00 Import complete                            blockNumber=21000001 slot=10210128 blocks=1000000 txs=159109486 mgas=15140191
Aug 22 11:57:24 nimbus-eth1-mainnet-short-benchmark[2709970]: <<< ending startNimbusWithImport (success)
Aug 22 11:57:24 nimbus-eth1-mainnet-short-benchmark[2709970]: >>> starting moveBenchmarkingFileToRepo
Aug 22 11:57:24 nimbus-eth1-mainnet-short-benchmark[2709970]: >>> copying debug-csv generated by nimbus to benchmarks repo
Aug 22 11:57:24 nimbus-eth1-mainnet-short-benchmark[2709970]: <<< ending moveBenchmarkingFileToRepo (success)
Aug 22 11:57:24 nimbus-eth1-mainnet-short-benchmark[2709970]: >>> starting generateBuildEnvironmentLogFile
Aug 22 11:57:32 nimbus-eth1-mainnet-short-benchmark[2709970]: <<< ending generateBuildEnvironmentLogFile (success)
Aug 22 11:57:32 nimbus-eth1-mainnet-short-benchmark[2709970]: >>> starting generateSystemdServiceLogs
