Jul 30 10:19:12 nimbus-eth1-mainnet-short-benchmark[220555]: >>> starting cloneOrFetchBenchmarksRepo
Jul 30 10:19:13 nimbus-eth1-mainnet-short-benchmark[220555]: >>> Fetching latest changes for nimbus-eth1-benchmarks...
Jul 30 10:19:14 nimbus-eth1-mainnet-short-benchmark[220602]: HEAD is now at f98ceb0 chore: update short benchmark Readme
Jul 30 10:19:15 nimbus-eth1-mainnet-short-benchmark[220555]: <<< ending cloneOrFetchBenchmarksRepo (success)
Jul 30 10:19:15 nimbus-eth1-mainnet-short-benchmark[220555]: >>> starting cloneOrFetchNimbusRepo
Jul 30 10:19:25 nimbus-eth1-mainnet-short-benchmark[220555]: >>> Fetching latest changes for nimbus-eth1...
Jul 30 10:19:26 nimbus-eth1-mainnet-short-benchmark[220959]: From https://github.com/status-im/nimbus-eth1
Jul 30 10:19:26 nimbus-eth1-mainnet-short-benchmark[220959]:  * [new branch]          dependabot/submodules/vendor/nim-ssz-serialization-dd67833 -> origin/dependabot/submodules/vendor/nim-ssz-serialization-dd67833
Jul 30 10:19:26 nimbus-eth1-mainnet-short-benchmark[220959]:  * [new branch]          fc-queue-time-budget   -> origin/fc-queue-time-budget
Jul 30 10:19:26 nimbus-eth1-mainnet-short-benchmark[220959]:  + 1ac2e2c85...8f84900e5 nix/add-service-module -> origin/nix/add-service-module  (forced update)
Jul 30 10:19:26 nimbus-eth1-mainnet-short-benchmark[220959]:    15ae49eaf..daeb892fd  wasm-deploy            -> origin/wasm-deploy
Jul 30 10:19:26 nimbus-eth1-mainnet-short-benchmark[220959]: Fetching submodule vendor/nim-ssz-serialization
Jul 30 10:19:26 nimbus-eth1-mainnet-short-benchmark[220959]: From https://github.com/status-im/nim-ssz-serialization
Jul 30 10:19:26 nimbus-eth1-mainnet-short-benchmark[220959]:    e7e0cd9..dd67833  master     -> origin/master
Jul 30 10:19:26 nimbus-eth1-mainnet-short-benchmark[220977]: warning: unable to rmdir 'vendor/libtommath': Directory not empty
Jul 30 10:19:26 nimbus-eth1-mainnet-short-benchmark[220977]: HEAD is now at bdd25396d use stable nimbus-eth2 image for kurtosis again (#4587)
Jul 30 10:19:26 nimbus-eth1-mainnet-short-benchmark[220555]: >>> Found last benchmarked commit: 664b3c62
Jul 30 10:19:26 nimbus-eth1-mainnet-short-benchmark[220555]: >>> Using next commit: 928910fc4223b98569bccfd382a52d051725f052
Jul 30 10:19:26 nimbus-eth1-mainnet-short-benchmark[220993]: HEAD is now at 928910fc4 build(deps): bump vendor/nim-stint from `c3e76a0` to `584cd66` (#4431)
Jul 30 10:19:26 nimbus-eth1-mainnet-short-benchmark[220555]: >>> Current commit: 928910fc4
Jul 30 10:19:26 nimbus-eth1-mainnet-short-benchmark[220555]: <<< ending cloneOrFetchNimbusRepo (success)
Jul 30 10:19:26 nimbus-eth1-mainnet-short-benchmark[220555]: >>> starting buildBinaries
Jul 30 10:19:26 nimbus-eth1-mainnet-short-benchmark[220555]: >>> Building binaries for commit 928910fc...
Jul 30 10:19:28 nimbus-eth1-mainnet-short-benchmark[222141]: Submodule path 'vendor/nim-bearssl': checked out '18ddb79d6720e262f82527ff2c846bf464fd6e33'
Jul 30 10:19:28 nimbus-eth1-mainnet-short-benchmark[222141]: Submodule path 'vendor/nim-chronos': checked out 'df521d12bd4565da3af01a09142d3e3e0b4fc3d5'
Jul 30 10:19:28 nimbus-eth1-mainnet-short-benchmark[222141]: Submodule path 'vendor/nim-http-utils': checked out 'a9ca86095e262251d8ebafa1c6504fd476c41e43'
Jul 30 10:19:29 nimbus-eth1-mainnet-short-benchmark[222141]: Submodule path 'vendor/nim-snappy': checked out '27f02540c5a3f02413465bafacb93b0cfe877344'
Jul 30 10:19:29 nimbus-eth1-mainnet-short-benchmark[222141]: Submodule path 'vendor/nim-stint': checked out '584cd6631bdacc14494b895e334fdf2274fda8c4'
Jul 30 10:19:34 nimbus-eth1-mainnet-short-benchmark[226362]: Building: Nim compiler
Jul 30 10:21:27 nimbus-eth1-mainnet-short-benchmark[226362]: Building custom Nimble commit: 42ef70c2102a942c46f13eb76872326edd525cec
Jul 30 10:21:37 nimbus-eth1-mainnet-short-benchmark[226362]: Building Nimble...
Jul 30 10:21:47 nimbus-eth1-mainnet-short-benchmark[226362]: Replacing nimble binary...
Jul 30 10:21:47 nimbus-eth1-mainnet-short-benchmark[235267]: cp: cannot stat '/data/status-im/nimbus-eth1/build/*': No such file or directory
Jul 30 10:21:47 nimbus-eth1-mainnet-short-benchmark[235243]: ROCKSDB VERSION NOT FOUND
Jul 30 10:21:47 nimbus-eth1-mainnet-short-benchmark[235394]: make[1]: Entering directory '/data/status-im/nimbus-eth1/vendor/nim-rocksdb/vendor/rocksdb'
Jul 30 10:21:47 nimbus-eth1-mainnet-short-benchmark[235394]: $DEBUG_LEVEL is 0, $LIB_MODE is static
Jul 30 10:21:48 nimbus-eth1-mainnet-short-benchmark[235394]: make[1]: Leaving directory '/data/status-im/nimbus-eth1/vendor/nim-rocksdb/vendor/rocksdb'
Jul 30 10:21:48 nimbus-eth1-mainnet-short-benchmark[235840]: Cleaning up RocksDb build artifacts.
Jul 30 10:21:48 nimbus-eth1-mainnet-short-benchmark[235271]: Building RocksDb static libraries.
Jul 30 10:25:02 nimbus-eth1-mainnet-short-benchmark[239361]: Building: build/nimbus_execution_client
Jul 30 10:27:27 nimbus-eth1-mainnet-short-benchmark[220555]: >>> renaming binaries to match commit they were built from
Jul 30 10:27:27 nimbus-eth1-mainnet-short-benchmark[220555]: >>> creating a symbolic link to the latest version
Jul 30 10:27:27 nimbus-eth1-mainnet-short-benchmark[220555]: >>> deleting copies that are older than N days
Jul 30 10:27:27 nimbus-eth1-mainnet-short-benchmark[220555]: <<< ending buildBinaries (success)
Jul 30 10:27:27 nimbus-eth1-mainnet-short-benchmark[220555]: >>> starting skipOrContinueBenchmark
Jul 30 10:27:27 nimbus-eth1-mainnet-short-benchmark[220555]: <<< ending skipOrContinueBenchmark (success)
Jul 30 10:27:27 nimbus-eth1-mainnet-short-benchmark[220555]: >>> starting copyTemplateDatabase
Jul 30 10:27:27 nimbus-eth1-mainnet-short-benchmark[220555]: >>> Copying template db into nimbus data directory
Jul 30 10:30:37 nimbus-eth1-mainnet-short-benchmark[220555]: >>> Template db copied
Jul 30 10:30:37 nimbus-eth1-mainnet-short-benchmark[220555]: >>> making nimbus the owner of the copied files
Jul 30 10:30:37 nimbus-eth1-mainnet-short-benchmark[220555]: <<< ending copyTemplateDatabase (success)
Jul 30 10:30:37 nimbus-eth1-mainnet-short-benchmark[220555]: >>> starting startNimbusWithImport
Jul 30 10:30:37 nimbus-eth1-mainnet-short-benchmark[245166]: INF 2026-07-30 10:30:37.779+00:00 Launching execution client                 version=v0.3.1-928910fc config="(configFile: none(InputFile), dataDirFlag: some(/data/status-im/nimbus-eth1/data/shared_mainnet_0), era1DirFlag: some(/data/era1), eraDirFlag: some(/data/era), ereDirFlag: none(OutDir), keyStoreDirFlag: none(OutDir), importKey: , trustedSetupFile: none(string), extraData: Nimbus/v0.3.1-928910fc, gasLimit: 60000000, maxBlobs: none(byte), network: [mainnet], customNetwork: none(NetworkParams), networkId: 1, networkParams: (config: ..., genesis: (nonce: 0x0000000000000042, timestamp: 0, extraData: [17, 187, 232, 219, 78, 52, 123, 78, 140, 147, 124, 28, 131, 112, 228, 181, 237, 51, 173, 179, 219, 105, 203, 219, 122, 56, 225, 229, 11, 27, 130, 250], gasLimit: 5000, difficulty: 17179869184, mixHash: 0x0000000000000000000000000000000000000000000000000000000000000000, coinbase: 0x0000000000000000000000000000000000000000, alloc: 8893, number: 0, gasUser: 0, parentHash: 0x0000000000000000000000000000000000000000000000000000000000000000, baseFeePerGas: none(), blobGasUsed: -1, excessBlobGas: -1, parentBeaconBlockRoot: none())), logLevel: INFO, logFormat: auto, metricsEnabled: false, metricsPort: 9093, metricsAddress: 127.0.0.1, bootstrapNodes: [], bootstrapFile: , staticPeers: [], staticPeersFile: , reconnectMaxRetry: 0, reconnectInterval: 15, listenAddress: ::, tcpPort: 30303, udpPortFlag: none(Port), maxPeers: 25, nat: (hasExtIp: false, nat: NatAny), discovery: [V4, V5], netKey: random, agentString: Nimbus/v0.3.1-928910fc/linux-amd64/Nim-2.2.10, numThreads: 0, persistBatchSize: 4, dynamicBatchSize: false, rocksdbMaxOpenFiles: 2048, rocksdbWriteBufferSize: 67108864, rocksdbRowCacheSize: 0, rocksdbBlockCacheSize: 2147483648, rocksdbBlockCacheType: hyperclock, rdbVtxCacheSize: 536870912, rdbKeyCacheSize: 1342177280, rdbBranchCacheSize: 1073741824, rdbPrintStats: false, rewriteDatadirId: true, aristoDbMaxSnapshots: 5, parallelStateRootComputation: false, optimisticStatePrefetch: false, balStatePrefetch: false, balStatePrefetchWorkers: 0, eagerStateRootCheck: false, deserializeFcState: true, statelessProviderEnabled: false, statelessWitnessValidation: false, cmd: import, maxBlocks: 1000000, chunkSize: 8192, csvStats: some("/data/host-benchmarks/short/8715d5c282614748a5547384a5a794fa/blocks-import-benchmark.csv"), validation: false, fullValidation: false, storeBodies: false, storeReceipts: false, storeSlotHashes: false)"
Jul 30 10:30:37 nimbus-eth1-mainnet-short-benchmark[245166]: WRN 2026-07-30 10:30:37.779+00:00 Data directory has insecure permissions. Correcting them. data_dir=/data/status-im/nimbus-eth1/data/shared_mainnet_0 current_permissions=0755 required_permissions=0700
Jul 30 10:30:39 nimbus-eth1-mainnet-short-benchmark[245166]: INF 2026-07-30 10:30:39.687+00:00 Taskpool started                           numThreads=16
Jul 30 10:30:39 nimbus-eth1-mainnet-short-benchmark[245166]: INF 2026-07-30 10:30:39.791+00:00 Writing data dir ID                        ID=0x0a036d6f6dfe59156bb6359f0243c93d5a421ed688de5aa85a62d15dca8dbd5c
Jul 30 10:30:39 nimbus-eth1-mainnet-short-benchmark[245166]: INF 2026-07-30 10:30:39.815+00:00 Database initialized                       base="(0xd24fd73f794058a3807db926d8898c6481e902b7edb91ce0d479d6760f276183, 20000000)" finalized="(0xd24fd73f794058a3807db926d8898c6481e902b7edb91ce0d479d6760f276183, 20000000)" head="(0xd4e56740f876aef8c010b86a40d5f56745a118d0906a34e69aec8c0db1cb8fa3, 0)"
Jul 30 10:30:39 nimbus-eth1-mainnet-short-benchmark[245166]: NTC 2026-07-30 10:30:39.815+00:00 Could not open ere database, falling back to era1/era import ereDir=/data/status-im/nimbus-eth1/data/shared_mainnet_0/ere networkName=mainnet error="No ere files found in /data/status-im/nimbus-eth1/data/shared_mainnet_0/ere"
Jul 30 10:30:39 nimbus-eth1-mainnet-short-benchmark[245166]: NTC 2026-07-30 10:30:39.815+00:00 Importing era archive                      blockNumber=20000001 dataDir=/data/status-im/nimbus-eth1/data/shared_mainnet_0 eraDir=/data/era
Jul 30 10:30:42 nimbus-eth1-mainnet-short-benchmark[245166]: NTC 2026-07-30 10:30:42.087+00:00 Matched block to slot number               blockNumber=20000001 slot=9204783
Jul 30 10:37:13 nimbus-eth1-mainnet-short-benchmark[245166]: INF 2026-07-30 10:37:13.474+00:00 Imported blocks                            blockNumber=20008193 slot=9213020 blocks=8192 txs=1226966 mgas=124237 bps=20.81 tps=3116 mgps=315.6 avgBps=20.81 avgTps=3116 avgMGps=315.6 elapsed=6m33s662ms
Jul 30 10:42:58 nimbus-eth1-mainnet-short-benchmark[245166]: INF 2026-07-30 10:42:58.313+00:00 Imported blocks                            blockNumber=20016385 slot=9221256 blocks=16384 txs=2540380 mgas=248071 bps=23.76 tps=3808 mgps=359.1 avgBps=22.19 avgTps=3439 avgMGps=335.9 elapsed=12m18s500ms
Jul 30 10:48:22 nimbus-eth1-mainnet-short-benchmark[245166]: INF 2026-07-30 10:48:22.576+00:00 Imported blocks                            blockNumber=20024577 slot=9229485 blocks=24576 txs=3869398 mgas=372018 bps=25.26 tps=4098 mgps=382.2 avgBps=23.12 avgTps=3640 avgMGps=350.1 elapsed=17m42s759ms
Jul 30 10:53:13 nimbus-eth1-mainnet-short-benchmark[245166]: INF 2026-07-30 10:53:13.280+00:00 Imported blocks                            blockNumber=20032769 slot=9237722 blocks=32768 txs=5222766 mgas=495797 bps=28.18 tps=4655 mgps=425.8 avgBps=24.21 avgTps=3858 avgMGps=366.3 elapsed=22m33s463ms
Jul 30 10:57:56 nimbus-eth1-mainnet-short-benchmark[245166]: INF 2026-07-30 10:57:56.868+00:00 Imported blocks                            blockNumber=20040961 slot=9245957 blocks=40960 txs=6566802 mgas=619586 bps=28.89 tps=4739 mgps=436.5 avgBps=25.02 avgTps=4011 avgMGps=378.5 elapsed=27m17s54ms
Jul 30 11:02:58 nimbus-eth1-mainnet-short-benchmark[245166]: INF 2026-07-30 11:02:58.768+00:00 Imported blocks                            blockNumber=20049153 slot=9254196 blocks=49152 txs=7904746 mgas=743522 bps=27.13 tps=4431 mgps=410.5 avgBps=25.35 avgTps=4076 avgMGps=383.5 elapsed=32m18s954ms
Jul 30 11:07:48 nimbus-eth1-mainnet-short-benchmark[245166]: INF 2026-07-30 11:07:48.427+00:00 Imported blocks                            blockNumber=20057345 slot=9262435 blocks=57344 txs=9212009 mgas=867360 bps=28.28 tps=4513 mgps=427.5 avgBps=25.73 avgTps=4133 avgMGps=389.2 elapsed=37m8s611ms
Jul 30 11:12:19 nimbus-eth1-mainnet-short-benchmark[245166]: INF 2026-07-30 11:12:19.932+00:00 Imported blocks                            blockNumber=20065537 slot=9270674 blocks=65536 txs=10559018 mgas=991371 bps=30.17 tps=4961 mgps=456.8 avgBps=26.21 avgTps=4223 avgMGps=396.5 elapsed=41m40s117ms
Jul 30 11:16:39 nimbus-eth1-mainnet-short-benchmark[245166]: INF 2026-07-30 11:16:39.548+00:00 Imported blocks                            blockNumber=20073729 slot=9278910 blocks=73728 txs=11898676 mgas=1115111 bps=31.55 tps=5160 mgps=476.6 avgBps=26.72 avgTps=4311 avgMGps=404.1 elapsed=45m59s731ms
Jul 30 11:20:47 nimbus-eth1-mainnet-short-benchmark[245166]: INF 2026-07-30 11:20:47.196+00:00 Imported blocks                            blockNumber=20081921 slot=9287152 blocks=81920 txs=13323263 mgas=1239150 bps=33.08 tps=5752 mgps=500.9 avgBps=27.24 avgTps=4430 avgMGps=412.0 elapsed=50m7s383ms
Jul 30 11:24:54 nimbus-eth1-mainnet-short-benchmark[245166]: INF 2026-07-30 11:24:54.401+00:00 Imported blocks                            blockNumber=20090113 slot=9295408 blocks=90112 txs=14697082 mgas=1363113 bps=33.14 tps=5557 mgps=501.5 avgBps=27.69 avgTps=4515 avgMGps=418.8 elapsed=54m14s586ms
Jul 30 11:29:18 nimbus-eth1-mainnet-short-benchmark[245166]: INF 2026-07-30 11:29:18.705+00:00 Imported blocks                            blockNumber=20098305 slot=9303658 blocks=98304 txs=16025683 mgas=1487146 bps=30.99 tps=5026 mgps=469.3 avgBps=27.94 avgTps=4554 avgMGps=422.6 elapsed=58m38s891ms
Jul 30 11:33:50 nimbus-eth1-mainnet-short-benchmark[245166]: INF 2026-07-30 11:33:50.637+00:00 Imported blocks                            blockNumber=20106497 slot=9311895 blocks=106496 txs=17337157 mgas=1611066 bps=30.13 tps=4822 mgps=455.7 avgBps=28.09 avgTps=4573 avgMGps=425.0 elapsed=1h3m10s
Jul 30 11:38:09 nimbus-eth1-mainnet-short-benchmark[245166]: INF 2026-07-30 11:38:09.649+00:00 Imported blocks                            blockNumber=20114689 slot=9320146 blocks=114688 txs=18632097 mgas=1735123 bps=31.63 tps=4999 mgps=479.0 avgBps=28.32 avgTps=4600 avgMGps=428.4 elapsed=1h7m29s
Jul 30 11:42:15 nimbus-eth1-mainnet-short-benchmark[245166]: INF 2026-07-30 11:42:15.558+00:00 Imported blocks                            blockNumber=20122881 slot=9328409 blocks=122880 txs=19937418 mgas=1859249 bps=33.31 tps=5308 mgps=504.8 avgBps=28.61 avgTps=4641 avgMGps=432.8 elapsed=1h11m35s
Jul 30 11:46:18 nimbus-eth1-mainnet-short-benchmark[245166]: INF 2026-07-30 11:46:18.606+00:00 Imported blocks                            blockNumber=20131073 slot=9336660 blocks=131072 txs=21214129 mgas=1983500 bps=33.71 tps=5252 mgps=511.2 avgBps=28.88 avgTps=4673 avgMGps=437.0 elapsed=1h15m38s
Jul 30 11:50:19 nimbus-eth1-mainnet-short-benchmark[245166]: INF 2026-07-30 11:50:18.999+00:00 Imported blocks                            blockNumber=20139265 slot=9344906 blocks=139264 txs=22579079 mgas=2107571 bps=34.08 tps=5678 mgps=516.1 avgBps=29.14 avgTps=4724 avgMGps=441.0 elapsed=1h19m39s
Jul 30 11:55:03 nimbus-eth1-mainnet-short-benchmark[245166]: INF 2026-07-30 11:55:03.967+00:00 Imported blocks                            blockNumber=20147457 slot=9353153 blocks=147456 txs=24133322 mgas=2231686 bps=28.75 tps=5454 mgps=435.5 avgBps=29.12 avgTps=4765 avgMGps=440.7 elapsed=1h24m24s
Jul 30 11:59:36 nimbus-eth1-mainnet-short-benchmark[245166]: INF 2026-07-30 11:59:36.303+00:00 Imported blocks                            blockNumber=20155649 slot=9361407 blocks=155648 txs=25424015 mgas=2356018 bps=30.08 tps=4739 mgps=456.5 avgBps=29.17 avgTps=4764 avgMGps=441.5 elapsed=1h28m56s
Jul 30 12:03:49 nimbus-eth1-mainnet-short-benchmark[245166]: INF 2026-07-30 12:03:49.459+00:00 Imported blocks                            blockNumber=20163841 slot=9369652 blocks=163840 txs=26749549 mgas=2480207 bps=32.36 tps=5235 mgps=490.6 avgBps=29.31 avgTps=4785 avgMGps=443.7 elapsed=1h33m9s
Jul 30 12:07:56 nimbus-eth1-mainnet-short-benchmark[245166]: INF 2026-07-30 12:07:56.644+00:00 Imported blocks                            blockNumber=20172033 slot=9377892 blocks=172032 txs=28105316 mgas=2604026 bps=33.14 tps=5484 mgps=500.9 avgBps=29.47 avgTps=4815 avgMGps=446.1 elapsed=1h37m16s
Jul 30 12:12:08 nimbus-eth1-mainnet-short-benchmark[245166]: INF 2026-07-30 12:12:08.240+00:00 Imported blocks                            blockNumber=20180225 slot=9386128 blocks=180224 txs=29524405 mgas=2728170 bps=32.56 tps=5640 mgps=493.4 avgBps=29.60 avgTps=4849 avgMGps=448.1 elapsed=1h41m28s
Jul 30 12:16:03 nimbus-eth1-mainnet-short-benchmark[245166]: INF 2026-07-30 12:16:03.353+00:00 Imported blocks                            blockNumber=20188417 slot=9394365 blocks=188416 txs=30849021 mgas=2852023 bps=34.84 tps=5633 mgps=526.8 avgBps=29.80 avgTps=4878 avgMGps=451.0 elapsed=1h45m23s
Jul 30 12:20:24 nimbus-eth1-mainnet-short-benchmark[245166]: INF 2026-07-30 12:20:24.265+00:00 Imported blocks                            blockNumber=20196609 slot=9402602 blocks=196608 txs=32174755 mgas=2976155 bps=31.40 tps=5081 mgps=475.8 avgBps=29.86 avgTps=4886 avgMGps=452.0 elapsed=1h49m44s
Jul 30 12:24:58 nimbus-eth1-mainnet-short-benchmark[245166]: INF 2026-07-30 12:24:58.465+00:00 Imported blocks                            blockNumber=20204801 slot=9410840 blocks=204800 txs=33475942 mgas=3100410 bps=29.88 tps=4745 mgps=453.2 avgBps=29.86 avgTps=4880 avgMGps=452.0 elapsed=1h54m18s
Jul 30 12:29:10 nimbus-eth1-mainnet-short-benchmark[245166]: INF 2026-07-30 12:29:10.898+00:00 Imported blocks                            blockNumber=20212993 slot=9419071 blocks=212992 txs=34798508 mgas=3224370 bps=32.45 tps=5239 mgps=491.1 avgBps=29.95 avgTps=4893 avgMGps=453.4 elapsed=1h58m31s
Jul 30 12:33:18 nimbus-eth1-mainnet-short-benchmark[245166]: INF 2026-07-30 12:33:18.906+00:00 Imported blocks                            blockNumber=20221185 slot=9427313 blocks=221184 txs=36114045 mgas=3348169 bps=33.03 tps=5304 mgps=499.2 avgBps=30.06 avgTps=4907 avgMGps=455.0 elapsed=2h2m39s
Jul 30 12:37:06 nimbus-eth1-mainnet-short-benchmark[245166]: INF 2026-07-30 12:37:06.543+00:00 Imported blocks                            blockNumber=20229377 slot=9435549 blocks=229376 txs=37421794 mgas=3472031 bps=35.99 tps=5744 mgps=544.1 avgBps=30.23 avgTps=4932 avgMGps=457.6 elapsed=2h6m26s
Jul 30 12:41:04 nimbus-eth1-mainnet-short-benchmark[245166]: INF 2026-07-30 12:41:04.239+00:00 Imported blocks                            blockNumber=20237569 slot=9443788 blocks=237568 txs=38842064 mgas=3596351 bps=34.46 tps=5975 mgps=523.0 avgBps=30.36 avgTps=4964 avgMGps=459.6 elapsed=2h10m24s
Jul 30 12:45:19 nimbus-eth1-mainnet-short-benchmark[245166]: INF 2026-07-30 12:45:19.108+00:00 Imported blocks                            blockNumber=20245761 slot=9452021 blocks=245760 txs=40225739 mgas=3720100 bps=32.14 tps=5429 mgps=485.5 avgBps=30.42 avgTps=4978 avgMGps=460.4 elapsed=2h14m39s
Jul 30 12:49:51 nimbus-eth1-mainnet-short-benchmark[245166]: INF 2026-07-30 12:49:51.940+00:00 Imported blocks                            blockNumber=20253953 slot=9460253 blocks=253952 txs=41454921 mgas=3844385 bps=30.03 tps=4505 mgps=455.5 avgBps=30.41 avgTps=4963 avgMGps=460.3 elapsed=2h19m12s
Jul 30 12:54:11 nimbus-eth1-mainnet-short-benchmark[245166]: INF 2026-07-30 12:54:11.376+00:00 Imported blocks                            blockNumber=20262145 slot=9468495 blocks=262144 txs=42726051 mgas=3968623 bps=31.58 tps=4899 mgps=478.9 avgBps=30.44 avgTps=4961 avgMGps=460.8 elapsed=2h23m31s
Jul 30 12:58:15 nimbus-eth1-mainnet-short-benchmark[245166]: INF 2026-07-30 12:58:15.173+00:00 Imported blocks                            blockNumber=20270337 slot=9476748 blocks=270336 txs=44050436 mgas=4092682 bps=33.60 tps=5432 mgps=508.8 avgBps=30.53 avgTps=4974 avgMGps=462.2 elapsed=2h27m35s
Jul 30 13:02:00 nimbus-eth1-mainnet-short-benchmark[245166]: INF 2026-07-30 13:02:00.797+00:00 Imported blocks                            blockNumber=20278529 slot=9484981 blocks=278528 txs=45382368 mgas=4216487 bps=36.31 tps=5903 mgps=548.7 avgBps=30.67 avgTps=4997 avgMGps=464.3 elapsed=2h31m20s
Jul 30 13:05:52 nimbus-eth1-mainnet-short-benchmark[245166]: INF 2026-07-30 13:05:52.794+00:00 Imported blocks                            blockNumber=20286721 slot=9493213 blocks=286720 txs=46733429 mgas=4340363 bps=35.31 tps=5823 mgps=534.0 avgBps=30.79 avgTps=5018 avgMGps=466.1 elapsed=2h35m12s
Jul 30 13:10:04 nimbus-eth1-mainnet-short-benchmark[245166]: INF 2026-07-30 13:10:04.155+00:00 Imported blocks                            blockNumber=20294913 slot=9501453 blocks=294912 txs=48075887 mgas=4464376 bps=32.59 tps=5340 mgps=493.4 avgBps=30.83 avgTps=5026 avgMGps=466.8 elapsed=2h39m24s
Jul 30 13:14:14 nimbus-eth1-mainnet-short-benchmark[245166]: INF 2026-07-30 13:14:14.835+00:00 Imported blocks                            blockNumber=20303105 slot=9509696 blocks=303104 txs=49379538 mgas=4588534 bps=32.68 tps=5200 mgps=495.3 avgBps=30.88 avgTps=5031 avgMGps=467.5 elapsed=2h43m35s
Jul 30 13:18:17 nimbus-eth1-mainnet-short-benchmark[245166]: INF 2026-07-30 13:18:17.891+00:00 Imported blocks                            blockNumber=20311297 slot=9517922 blocks=311296 txs=50637672 mgas=4712596 bps=33.70 tps=5176 mgps=510.4 avgBps=30.95 avgTps=5034 avgMGps=468.5 elapsed=2h47m38s
Jul 30 13:22:10 nimbus-eth1-mainnet-short-benchmark[245166]: INF 2026-07-30 13:22:10.400+00:00 Imported blocks                            blockNumber=20319489 slot=9526159 blocks=319488 txs=51981692 mgas=4836521 bps=35.23 tps=5780 mgps=533.0 avgBps=31.05 avgTps=5051 avgMGps=470.0 elapsed=2h51m30s
Jul 30 13:25:44 nimbus-eth1-mainnet-short-benchmark[245166]: INF 2026-07-30 13:25:44.325+00:00 Imported blocks                            blockNumber=20327681 slot=9534381 blocks=327680 txs=53356123 mgas=4960245 bps=38.29 tps=6424 mgps=578.3 avgBps=31.19 avgTps=5079 avgMGps=472.2 elapsed=2h55m4s
Jul 30 13:29:16 nimbus-eth1-mainnet-short-benchmark[245166]: INF 2026-07-30 13:29:16.614+00:00 Imported blocks                            blockNumber=20335873 slot=9542617 blocks=335872 txs=54719105 mgas=5084025 bps=38.59 tps=6420 mgps=583.1 avgBps=31.34 avgTps=5105 avgMGps=474.4 elapsed=2h58m36s
Jul 30 13:33:07 nimbus-eth1-mainnet-short-benchmark[245166]: INF 2026-07-30 13:33:07.183+00:00 Imported blocks                            blockNumber=20344065 slot=9550841 blocks=344064 txs=56021853 mgas=5207843 bps=35.53 tps=5650 mgps=537.0 avgBps=31.43 avgTps=5117 avgMGps=475.7 elapsed=3h2m27s
Jul 30 13:37:30 nimbus-eth1-mainnet-short-benchmark[245166]: INF 2026-07-30 13:37:30.415+00:00 Imported blocks                            blockNumber=20352257 slot=9559072 blocks=352256 txs=57290408 mgas=5332016 bps=31.12 tps=4819 mgps=471.7 avgBps=31.42 avgTps=5110 avgMGps=475.6 elapsed=3h6m50s
Jul 30 13:41:31 nimbus-eth1-mainnet-short-benchmark[245166]: INF 2026-07-30 13:41:31.096+00:00 Imported blocks                            blockNumber=20360449 slot=9567308 blocks=360448 txs=58543463 mgas=5456201 bps=34.04 tps=5206 mgps=516.0 avgBps=31.48 avgTps=5112 avgMGps=476.5 elapsed=3h10m51s
Jul 30 13:45:22 nimbus-eth1-mainnet-short-benchmark[245166]: INF 2026-07-30 13:45:22.320+00:00 Imported blocks                            blockNumber=20368641 slot=9575548 blocks=368640 txs=59874056 mgas=5580204 bps=35.43 tps=5754 mgps=536.3 avgBps=31.55 avgTps=5125 avgMGps=477.7 elapsed=3h14m42s
Jul 30 13:49:22 nimbus-eth1-mainnet-short-benchmark[245166]: INF 2026-07-30 13:49:22.493+00:00 Imported blocks                            blockNumber=20376833 slot=9583774 blocks=376832 txs=61167066 mgas=5704396 bps=34.11 tps=5383 mgps=517.1 avgBps=31.61 avgTps=5130 avgMGps=478.4 elapsed=3h18m42s
Jul 30 13:53:19 nimbus-eth1-mainnet-short-benchmark[245166]: INF 2026-07-30 13:53:19.169+00:00 Imported blocks                            blockNumber=20385025 slot=9592009 blocks=385024 txs=62480333 mgas=5828235 bps=34.61 tps=5548 mgps=523.2 avgBps=31.66 avgTps=5138 avgMGps=479.3 elapsed=3h22m39s
Jul 30 13:57:14 nimbus-eth1-mainnet-short-benchmark[245166]: INF 2026-07-30 13:57:14.690+00:00 Imported blocks                            blockNumber=20393217 slot=9600248 blocks=393216 txs=63800597 mgas=5952136 bps=34.78 tps=5605 mgps=526.1 avgBps=31.72 avgTps=5147 avgMGps=480.2 elapsed=3h26m34s
Jul 30 14:01:01 nimbus-eth1-mainnet-short-benchmark[245166]: INF 2026-07-30 14:01:01.611+00:00 Imported blocks                            blockNumber=20401409 slot=9608486 blocks=401408 txs=65021243 mgas=6076384 bps=36.10 tps=5379 mgps=547.5 avgBps=31.80 avgTps=5151 avgMGps=481.4 elapsed=3h30m21s
Jul 30 14:05:01 nimbus-eth1-mainnet-short-benchmark[245166]: INF 2026-07-30 14:05:01.599+00:00 Imported blocks                            blockNumber=20409601 slot=9616707 blocks=409600 txs=66199016 mgas=6200666 bps=34.14 tps=4907 mgps=517.9 avgBps=31.85 avgTps=5146 avgMGps=482.1 elapsed=3h34m21s
Jul 30 14:08:53 nimbus-eth1-mainnet-short-benchmark[245166]: INF 2026-07-30 14:08:53.956+00:00 Imported blocks                            blockNumber=20417793 slot=9624941 blocks=417792 txs=67453930 mgas=6324823 bps=35.26 tps=5400 mgps=534.3 avgBps=31.91 avgTps=5151 avgMGps=483.0 elapsed=3h38m14s
Jul 30 14:12:20 nimbus-eth1-mainnet-short-benchmark[245166]: INF 2026-07-30 14:12:20.153+00:00 Imported blocks                            blockNumber=20425985 slot=9633187 blocks=425984 txs=68814904 mgas=6448778 bps=39.73 tps=6600 mgps=601.1 avgBps=32.03 avgTps=5173 avgMGps=484.9 elapsed=3h41m40s
Jul 30 14:15:47 nimbus-eth1-mainnet-short-benchmark[245166]: INF 2026-07-30 14:15:47.030+00:00 Imported blocks                            blockNumber=20434177 slot=9641422 blocks=434176 txs=70124508 mgas=6572711 bps=39.60 tps=6330 mgps=599.1 avgBps=32.14 avgTps=5191 avgMGps=486.6 elapsed=3h45m7s
Jul 30 14:19:24 nimbus-eth1-mainnet-short-benchmark[245166]: INF 2026-07-30 14:19:24.047+00:00 Imported blocks                            blockNumber=20442369 slot=9649657 blocks=442368 txs=71403576 mgas=6696451 bps=37.75 tps=5893 mgps=570.2 avgBps=32.23 avgTps=5202 avgMGps=487.9 elapsed=3h48m44s
Jul 30 14:23:22 nimbus-eth1-mainnet-short-benchmark[245166]: INF 2026-07-30 14:23:22.672+00:00 Imported blocks                            blockNumber=20450561 slot=9657896 blocks=450560 txs=72659905 mgas=6820521 bps=34.33 tps=5264 mgps=519.9 avgBps=32.27 avgTps=5203 avgMGps=488.5 elapsed=3h52m42s
Jul 30 14:27:38 nimbus-eth1-mainnet-short-benchmark[245166]: INF 2026-07-30 14:27:38.464+00:00 Imported blocks                            blockNumber=20458753 slot=9666114 blocks=458752 txs=73838533 mgas=6945116 bps=32.03 tps=4607 mgps=487.1 avgBps=32.26 avgTps=5193 avgMGps=488.5 elapsed=3h56m58s
Jul 30 14:31:32 nimbus-eth1-mainnet-short-benchmark[245166]: INF 2026-07-30 14:31:32.525+00:00 Imported blocks                            blockNumber=20466945 slot=9674343 blocks=466944 txs=75124748 mgas=7068943 bps=35.00 tps=5495 mgps=529.0 avgBps=32.31 avgTps=5197 avgMGps=489.1 elapsed=4h52s714ms
Jul 30 14:35:25 nimbus-eth1-mainnet-short-benchmark[245166]: INF 2026-07-30 14:35:25.821+00:00 Imported blocks                            blockNumber=20475137 slot=9682575 blocks=475136 txs=76420106 mgas=7192870 bps=35.11 tps=5552 mgps=531.2 avgBps=32.35 avgTps=5203 avgMGps=489.8 elapsed=4h4m46s
Jul 30 14:39:07 nimbus-eth1-mainnet-short-benchmark[245166]: INF 2026-07-30 14:39:07.334+00:00 Imported blocks                            blockNumber=20483329 slot=9690800 blocks=483328 txs=77675422 mgas=7316939 bps=36.98 tps=5667 mgps=560.1 avgBps=32.42 avgTps=5210 avgMGps=490.8 elapsed=4h8m27s
Jul 30 14:42:47 nimbus-eth1-mainnet-short-benchmark[245166]: INF 2026-07-30 14:42:47.687+00:00 Imported blocks                            blockNumber=20491521 slot=9699019 blocks=491520 txs=78951232 mgas=7440784 bps=37.18 tps=5789 mgps=562.0 avgBps=32.49 avgTps=5218 avgMGps=491.9 elapsed=4h12m7s
Jul 30 14:46:42 nimbus-eth1-mainnet-short-benchmark[245166]: INF 2026-07-30 14:46:42.948+00:00 Imported blocks                            blockNumber=20499713 slot=9707248 blocks=499712 txs=80189642 mgas=7564669 bps=34.82 tps=5264 mgps=526.6 avgBps=32.53 avgTps=5219 avgMGps=492.4 elapsed=4h16m3s
Jul 30 14:50:43 nimbus-eth1-mainnet-short-benchmark[245166]: INF 2026-07-30 14:50:43.244+00:00 Imported blocks                            blockNumber=20507905 slot=9715488 blocks=507904 txs=81317763 mgas=7689208 bps=34.09 tps=4694 mgps=518.3 avgBps=32.55 avgTps=5211 avgMGps=492.8 elapsed=4h20m3s
Jul 30 14:54:19 nimbus-eth1-mainnet-short-benchmark[245166]: INF 2026-07-30 14:54:19.205+00:00 Imported blocks                            blockNumber=20516097 slot=9723715 blocks=516096 txs=82520262 mgas=7813209 bps=37.93 tps=5568 mgps=574.2 avgBps=32.62 avgTps=5216 avgMGps=493.9 elapsed=4h23m39s
Jul 30 14:58:05 nimbus-eth1-mainnet-short-benchmark[245166]: INF 2026-07-30 14:58:05.682+00:00 Imported blocks                            blockNumber=20524289 slot=9731945 blocks=524288 txs=83780075 mgas=7937233 bps=36.17 tps=5562 mgps=547.6 avgBps=32.67 avgTps=5221 avgMGps=494.7 elapsed=4h27m25s
Jul 30 15:01:56 nimbus-eth1-mainnet-short-benchmark[245166]: INF 2026-07-30 15:01:56.126+00:00 Imported blocks                            blockNumber=20532481 slot=9740183 blocks=532480 txs=85263862 mgas=8061024 bps=35.55 tps=6438 mgps=537.2 avgBps=32.72 avgTps=5238 avgMGps=495.3 elapsed=4h31m16s
Jul 30 15:05:51 nimbus-eth1-mainnet-short-benchmark[245166]: INF 2026-07-30 15:05:51.955+00:00 Imported blocks                            blockNumber=20540673 slot=9748418 blocks=540672 txs=86612143 mgas=8185090 bps=34.74 tps=5717 mgps=526.1 avgBps=32.74 avgTps=5245 avgMGps=495.7 elapsed=4h35m12s
Jul 30 15:09:55 nimbus-eth1-mainnet-short-benchmark[245166]: INF 2026-07-30 15:09:55.476+00:00 Imported blocks                            blockNumber=20548865 slot=9756662 blocks=548864 txs=87802991 mgas=8309513 bps=33.64 tps=4890 mgps=510.9 avgBps=32.76 avgTps=5240 avgMGps=495.9 elapsed=4h39m15s
Jul 30 15:13:56 nimbus-eth1-mainnet-short-benchmark[245166]: INF 2026-07-30 15:13:56.724+00:00 Imported blocks                            blockNumber=20557057 slot=9764892 blocks=557056 txs=88964987 mgas=8433956 bps=33.96 tps=4816 mgps=515.8 avgBps=32.77 avgTps=5234 avgMGps=496.2 elapsed=4h43m16s
Jul 30 15:17:47 nimbus-eth1-mainnet-short-benchmark[245166]: INF 2026-07-30 15:17:47.601+00:00 Imported blocks                            blockNumber=20565249 slot=9773131 blocks=565248 txs=90186094 mgas=8558113 bps=35.48 tps=5288 mgps=537.8 avgBps=32.81 avgTps=5234 avgMGps=496.8 elapsed=4h47m7s
Jul 30 15:21:39 nimbus-eth1-mainnet-short-benchmark[245166]: INF 2026-07-30 15:21:39.842+00:00 Imported blocks                            blockNumber=20573441 slot=9781369 blocks=573440 txs=91404654 mgas=8682228 bps=35.27 tps=5246 mgps=534.4 avgBps=32.84 avgTps=5235 avgMGps=497.3 elapsed=4h51m29ms
Jul 30 15:25:26 nimbus-eth1-mainnet-short-benchmark[245166]: INF 2026-07-30 15:25:26.382+00:00 Imported blocks                            blockNumber=20581633 slot=9789611 blocks=581632 txs=92628389 mgas=8806651 bps=36.16 tps=5401 mgps=549.2 avgBps=32.89 avgTps=5237 avgMGps=497.9 elapsed=4h54m46s
Jul 30 15:29:21 nimbus-eth1-mainnet-short-benchmark[245166]: INF 2026-07-30 15:29:21.555+00:00 Imported blocks                            blockNumber=20589825 slot=9797855 blocks=589824 txs=93887208 mgas=8931023 bps=34.83 tps=5352 mgps=528.9 avgBps=32.91 avgTps=5238 avgMGps=498.3 elapsed=4h58m41s
Jul 30 15:33:19 nimbus-eth1-mainnet-short-benchmark[245166]: INF 2026-07-30 15:33:19.988+00:00 Imported blocks                            blockNumber=20598017 slot=9806095 blocks=598016 txs=95163338 mgas=9055310 bps=34.36 tps=5352 mgps=521.3 avgBps=32.93 avgTps=5240 avgMGps=498.6 elapsed=5h2m40s
Jul 30 15:37:17 nimbus-eth1-mainnet-short-benchmark[245166]: INF 2026-07-30 15:37:17.552+00:00 Imported blocks                            blockNumber=20606209 slot=9814347 blocks=606208 txs=96334664 mgas=9179976 bps=34.48 tps=4930 mgps=524.8 avgBps=32.95 avgTps=5236 avgMGps=499.0 elapsed=5h6m37s
Jul 30 15:41:06 nimbus-eth1-mainnet-short-benchmark[245166]: INF 2026-07-30 15:41:06.217+00:00 Imported blocks                            blockNumber=20614401 slot=9822581 blocks=614400 txs=97573414 mgas=9304574 bps=35.83 tps=5417 mgps=544.9 avgBps=32.99 avgTps=5238 avgMGps=499.5 elapsed=5h10m26s
Jul 30 15:44:57 nimbus-eth1-mainnet-short-benchmark[245166]: INF 2026-07-30 15:44:57.570+00:00 Imported blocks                            blockNumber=20622593 slot=9830821 blocks=622592 txs=98874772 mgas=9428835 bps=35.41 tps=5624 mgps=537.1 avgBps=33.02 avgTps=5243 avgMGps=500.0 elapsed=5h14m17s
Jul 30 15:48:39 nimbus-eth1-mainnet-short-benchmark[245166]: INF 2026-07-30 15:48:39.958+00:00 Imported blocks                            blockNumber=20630785 slot=9839058 blocks=630784 txs=100178707 mgas=9553009 bps=36.84 tps=5863 mgps=558.4 avgBps=33.06 avgTps=5250 avgMGps=500.7 elapsed=5h18m144ms
Jul 30 15:52:30 nimbus-eth1-mainnet-short-benchmark[245166]: INF 2026-07-30 15:52:30.343+00:00 Imported blocks                            blockNumber=20638977 slot=9847313 blocks=638976 txs=101489116 mgas=9677171 bps=35.56 tps=5687 mgps=538.9 avgBps=33.09 avgTps=5255 avgMGps=501.1 elapsed=5h21m50s
Jul 30 15:56:20 nimbus-eth1-mainnet-short-benchmark[245166]: INF 2026-07-30 15:56:20.032+00:00 Imported blocks                            blockNumber=20647169 slot=9855549 blocks=647168 txs=102730058 mgas=9801643 bps=35.67 tps=5402 mgps=541.9 avgBps=33.12 avgTps=5257 avgMGps=501.6 elapsed=5h25m40s
Jul 30 16:00:21 nimbus-eth1-mainnet-short-benchmark[245166]: INF 2026-07-30 16:00:21.520+00:00 Imported blocks                            blockNumber=20655361 slot=9863778 blocks=655360 txs=103868002 mgas=9926541 bps=33.92 tps=4712 mgps=517.2 avgBps=33.13 avgTps=5250 avgMGps=501.8 elapsed=5h29m41s
Jul 30 16:04:06 nimbus-eth1-mainnet-short-benchmark[245166]: INF 2026-07-30 16:04:06.357+00:00 Imported blocks                            blockNumber=20663553 slot=9872013 blocks=663552 txs=105112198 mgas=10051274 bps=36.44 tps=5533 mgps=554.8 avgBps=33.17 avgTps=5253 avgMGps=502.4 elapsed=5h33m26s
Jul 30 16:07:41 nimbus-eth1-mainnet-short-benchmark[245166]: INF 2026-07-30 16:07:41.742+00:00 Imported blocks                            blockNumber=20671745 slot=9880241 blocks=671744 txs=106395904 mgas=10175177 bps=38.03 tps=5960 mgps=575.3 avgBps=33.22 avgTps=5261 avgMGps=503.2 elapsed=5h37m1s
Jul 30 16:11:21 nimbus-eth1-mainnet-short-benchmark[245166]: INF 2026-07-30 16:11:21.851+00:00 Imported blocks                            blockNumber=20679937 slot=9888471 blocks=679936 txs=107674271 mgas=10299404 bps=37.22 tps=5807 mgps=564.4 avgBps=33.26 avgTps=5267 avgMGps=503.8 elapsed=5h40m42s
Jul 30 16:14:53 nimbus-eth1-mainnet-short-benchmark[245166]: INF 2026-07-30 16:14:53.508+00:00 Imported blocks                            blockNumber=20688129 slot=9896698 blocks=688128 txs=108938536 mgas=10423298 bps=38.70 tps=5973 mgps=585.4 avgBps=33.32 avgTps=5274 avgMGps=504.7 elapsed=5h44m13s
Jul 30 16:18:37 nimbus-eth1-mainnet-short-benchmark[245166]: INF 2026-07-30 16:18:37.765+00:00 Imported blocks                            blockNumber=20696321 slot=9904930 blocks=696320 txs=110235786 mgas=10547469 bps=36.53 tps=5784 mgps=553.7 avgBps=33.35 avgTps=5280 avgMGps=505.2 elapsed=5h47m57s
Jul 30 16:22:38 nimbus-eth1-mainnet-short-benchmark[245166]: INF 2026-07-30 16:22:38.465+00:00 Imported blocks                            blockNumber=20704513 slot=9913154 blocks=704512 txs=111483759 mgas=10671677 bps=34.03 tps=5184 mgps=516.0 avgBps=33.36 avgTps=5278 avgMGps=505.3 elapsed=5h51m58s
Jul 30 16:26:27 nimbus-eth1-mainnet-short-benchmark[245166]: INF 2026-07-30 16:26:27.278+00:00 Imported blocks                            blockNumber=20712705 slot=9921388 blocks=712704 txs=112764170 mgas=10795980 bps=35.80 tps=5595 mgps=543.3 avgBps=33.39 avgTps=5282 avgMGps=505.7 elapsed=5h55m47s
Jul 30 16:30:00 nimbus-eth1-mainnet-short-benchmark[245166]: INF 2026-07-30 16:30:00.307+00:00 Imported blocks                            blockNumber=20720897 slot=9929633 blocks=720896 txs=114110517 mgas=10919926 bps=38.45 tps=6319 mgps=581.8 avgBps=33.44 avgTps=5292 avgMGps=506.5 elapsed=5h59m20s
Jul 30 16:33:40 nimbus-eth1-mainnet-short-benchmark[245166]: INF 2026-07-30 16:33:40.012+00:00 Imported blocks                            blockNumber=20729089 slot=9937869 blocks=729088 txs=115449431 mgas=11043768 bps=37.29 tps=6094 mgps=563.7 avgBps=33.47 avgTps=5300 avgMGps=507.1 elapsed=6h3m198ms
Jul 30 16:37:11 nimbus-eth1-mainnet-short-benchmark[245166]: INF 2026-07-30 16:37:11.113+00:00 Imported blocks                            blockNumber=20737281 slot=9946108 blocks=737280 txs=116784468 mgas=11167784 bps=38.81 tps=6324 mgps=587.5 avgBps=33.53 avgTps=5310 avgMGps=507.8 elapsed=6h6m31s
Jul 30 16:40:53 nimbus-eth1-mainnet-short-benchmark[245166]: INF 2026-07-30 16:40:53.418+00:00 Imported blocks                            blockNumber=20745473 slot=9954342 blocks=745472 txs=118101003 mgas=11291742 bps=36.85 tps=5922 mgps=557.6 avgBps=33.56 avgTps=5316 avgMGps=508.3 elapsed=6h10m13s
Jul 30 16:44:50 nimbus-eth1-mainnet-short-benchmark[245166]: INF 2026-07-30 16:44:50.490+00:00 Imported blocks                            blockNumber=20753665 slot=9962581 blocks=753664 txs=119337525 mgas=11415859 bps=34.55 tps=5215 mgps=523.5 avgBps=33.57 avgTps=5315 avgMGps=508.5 elapsed=6h14m10s
Jul 30 16:48:38 nimbus-eth1-mainnet-short-benchmark[245166]: INF 2026-07-30 16:48:38.215+00:00 Imported blocks                            blockNumber=20761857 slot=9970803 blocks=761856 txs=120564314 mgas=11540225 bps=35.97 tps=5387 mgps=546.1 avgBps=33.59 avgTps=5316 avgMGps=508.9 elapsed=6h17m58s
Jul 30 16:52:11 nimbus-eth1-mainnet-short-benchmark[245166]: INF 2026-07-30 16:52:11.840+00:00 Imported blocks                            blockNumber=20770049 slot=9979058 blocks=770048 txs=121858083 mgas=11663918 bps=38.35 tps=6056 mgps=579.0 avgBps=33.64 avgTps=5323 avgMGps=509.5 elapsed=6h21m32s
Jul 30 16:55:36 nimbus-eth1-mainnet-short-benchmark[245166]: INF 2026-07-30 16:55:36.561+00:00 Imported blocks                            blockNumber=20778241 slot=9987307 blocks=778240 txs=123161734 mgas=11787906 bps=40.01 tps=6367 mgps=605.6 avgBps=33.69 avgTps=5332 avgMGps=510.4 elapsed=6h24m56s
Jul 30 16:58:58 nimbus-eth1-mainnet-short-benchmark[245166]: INF 2026-07-30 16:58:58.094+00:00 Imported blocks                            blockNumber=20786433 slot=9995542 blocks=786432 txs=124509456 mgas=11911612 bps=40.65 tps=6687 mgps=613.8 avgBps=33.75 avgTps=5344 avgMGps=511.3 elapsed=6h28m18s
Jul 30 17:02:23 nimbus-eth1-mainnet-short-benchmark[245166]: INF 2026-07-30 17:02:23.475+00:00 Imported blocks                            blockNumber=20794625 slot=10003781 blocks=794624 txs=125848921 mgas=12035338 bps=39.89 tps=6521 mgps=602.4 avgBps=33.81 avgTps=5354 avgMGps=512.1 elapsed=6h31m43s
Jul 30 17:05:55 nimbus-eth1-mainnet-short-benchmark[245166]: INF 2026-07-30 17:05:55.748+00:00 Imported blocks                            blockNumber=20802817 slot=10012028 blocks=802816 txs=127089868 mgas=12158989 bps=38.59 tps=5845 mgps=582.5 avgBps=33.85 avgTps=5358 avgMGps=512.7 elapsed=6h35m15s
Jul 30 17:09:33 nimbus-eth1-mainnet-short-benchmark[245166]: INF 2026-07-30 17:09:33.705+00:00 Imported blocks                            blockNumber=20811009 slot=10020249 blocks=811008 txs=128299762 mgas=12282850 bps=37.59 tps=5551 mgps=568.3 avgBps=33.89 avgTps=5360 avgMGps=513.2 elapsed=6h38m53s
Jul 30 17:12:58 nimbus-eth1-mainnet-short-benchmark[245166]: INF 2026-07-30 17:12:58.694+00:00 Imported blocks                            blockNumber=20819201 slot=10028481 blocks=819200 txs=129596319 mgas=12406594 bps=39.96 tps=6324 mgps=603.7 avgBps=33.94 avgTps=5368 avgMGps=514.0 elapsed=6h42m18s
Jul 30 17:16:22 nimbus-eth1-mainnet-short-benchmark[245166]: INF 2026-07-30 17:16:22.743+00:00 Imported blocks                            blockNumber=20827393 slot=10036710 blocks=827392 txs=130916729 mgas=12530249 bps=40.15 tps=6471 mgps=606.0 avgBps=33.99 avgTps=5378 avgMGps=514.7 elapsed=6h45m42s
Jul 30 17:19:46 nimbus-eth1-mainnet-short-benchmark[245166]: INF 2026-07-30 17:19:46.648+00:00 Imported blocks                            blockNumber=20835585 slot=10044938 blocks=835584 txs=132226625 mgas=12654070 bps=40.18 tps=6423 mgps=607.2 avgBps=34.04 avgTps=5386 avgMGps=515.5 elapsed=6h49m6s
Jul 30 17:23:24 nimbus-eth1-mainnet-short-benchmark[245166]: INF 2026-07-30 17:23:24.105+00:00 Imported blocks                            blockNumber=20843777 slot=10053164 blocks=843776 txs=133604192 mgas=12777730 bps=37.67 tps=6334 mgps=568.7 avgBps=34.07 avgTps=5395 avgMGps=516.0 elapsed=6h52m44s
Jul 30 17:27:24 nimbus-eth1-mainnet-short-benchmark[245166]: INF 2026-07-30 17:27:24.810+00:00 Imported blocks                            blockNumber=20851969 slot=10061391 blocks=851968 txs=134900706 mgas=12901664 bps=34.03 tps=5386 mgps=514.9 avgBps=34.07 avgTps=5394 avgMGps=516.0 elapsed=6h56m44s
Jul 30 17:31:15 nimbus-eth1-mainnet-short-benchmark[245166]: INF 2026-07-30 17:31:15.523+00:00 Imported blocks                            blockNumber=20860161 slot=10069622 blocks=860160 txs=136168750 mgas=13025603 bps=35.51 tps=5496 mgps=537.2 avgBps=34.09 avgTps=5395 avgMGps=516.2 elapsed=7h35s709ms
Jul 30 17:35:03 nimbus-eth1-mainnet-short-benchmark[245166]: INF 2026-07-30 17:35:03.007+00:00 Imported blocks                            blockNumber=20868353 slot=10077838 blocks=868352 txs=137550724 mgas=13149742 bps=36.01 tps=6075 mgps=545.7 avgBps=34.10 avgTps=5401 avgMGps=516.4 elapsed=7h4m23s
Jul 30 17:38:48 nimbus-eth1-mainnet-short-benchmark[245166]: INF 2026-07-30 17:38:48.020+00:00 Imported blocks                            blockNumber=20876545 slot=10086066 blocks=876544 txs=138954673 mgas=13273457 bps=36.41 tps=6239 mgps=549.8 avgBps=34.12 avgTps=5409 avgMGps=516.7 elapsed=7h8m8s
Jul 30 17:42:29 nimbus-eth1-mainnet-short-benchmark[245166]: INF 2026-07-30 17:42:29.341+00:00 Imported blocks                            blockNumber=20884737 slot=10094286 blocks=884736 txs=140256178 mgas=13397479 bps=37.01 tps=5880 mgps=560.4 avgBps=34.15 avgTps=5413 avgMGps=517.1 elapsed=7h11m49s
Jul 30 17:46:02 nimbus-eth1-mainnet-short-benchmark[245166]: INF 2026-07-30 17:46:02.946+00:00 Imported blocks                            blockNumber=20892929 slot=10102512 blocks=892928 txs=141581868 mgas=13521575 bps=38.35 tps=6206 mgps=581.0 avgBps=34.18 avgTps=5419 avgMGps=517.6 elapsed=7h15m23s
Jul 30 17:49:38 nimbus-eth1-mainnet-short-benchmark[245166]: INF 2026-07-30 17:49:38.859+00:00 Imported blocks                            blockNumber=20901121 slot=10110732 blocks=901120 txs=142875889 mgas=13645572 bps=37.94 tps=5993 mgps=574.3 avgBps=34.21 avgTps=5424 avgMGps=518.1 elapsed=7h18m59s
Jul 30 17:53:13 nimbus-eth1-mainnet-short-benchmark[245166]: INF 2026-07-30 17:53:13.912+00:00 Imported blocks                            blockNumber=20909313 slot=10118953 blocks=909312 txs=144102308 mgas=13769390 bps=38.09 tps=5702 mgps=575.8 avgBps=34.24 avgTps=5426 avgMGps=518.5 elapsed=7h22m34s
Jul 30 17:56:43 nimbus-eth1-mainnet-short-benchmark[245166]: INF 2026-07-30 17:56:43.425+00:00 Imported blocks                            blockNumber=20917505 slot=10127176 blocks=917504 txs=145406349 mgas=13893087 bps=39.10 tps=6223 mgps=590.4 avgBps=34.28 avgTps=5432 avgMGps=519.1 elapsed=7h26m3s
Jul 30 18:00:04 nimbus-eth1-mainnet-short-benchmark[245166]: INF 2026-07-30 18:00:04.414+00:00 Imported blocks                            blockNumber=20925697 slot=10135394 blocks=925696 txs=146718394 mgas=14016820 bps=40.76 tps=6527 mgps=615.6 avgBps=34.33 avgTps=5441 avgMGps=519.8 elapsed=7h29m24s
Jul 30 18:03:38 nimbus-eth1-mainnet-short-benchmark[245166]: INF 2026-07-30 18:03:38.199+00:00 Imported blocks                            blockNumber=20933889 slot=10143614 blocks=933888 txs=148049109 mgas=14140625 bps=38.32 tps=6224 mgps=579.1 avgBps=34.36 avgTps=5447 avgMGps=520.3 elapsed=7h32m58s
Jul 30 18:07:05 nimbus-eth1-mainnet-short-benchmark[245166]: INF 2026-07-30 18:07:05.764+00:00 Imported blocks                            blockNumber=20942081 slot=10151840 blocks=942080 txs=149397364 mgas=14264352 bps=39.47 tps=6495 mgps=596.1 avgBps=34.40 avgTps=5455 avgMGps=520.9 elapsed=7h36m25s
Jul 30 18:10:37 nimbus-eth1-mainnet-short-benchmark[245166]: INF 2026-07-30 18:10:37.589+00:00 Imported blocks                            blockNumber=20950273 slot=10160098 blocks=950272 txs=150765507 mgas=14388237 bps=38.67 tps=6458 mgps=584.8 avgBps=34.43 avgTps=5462 avgMGps=521.4 elapsed=7h39m57s
Jul 30 18:14:25 nimbus-eth1-mainnet-short-benchmark[245166]: INF 2026-07-30 18:14:25.474+00:00 Imported blocks                            blockNumber=20958465 slot=10168363 blocks=958464 txs=152044771 mgas=14511987 bps=35.95 tps=5613 mgps=543.0 avgBps=34.45 avgTps=5464 avgMGps=521.5 elapsed=7h43m45s
Jul 30 18:18:02 nimbus-eth1-mainnet-short-benchmark[245166]: INF 2026-07-30 18:18:02.627+00:00 Imported blocks                            blockNumber=20966657 slot=10176609 blocks=966656 txs=153365296 mgas=14635804 bps=37.72 tps=6081 mgps=570.2 avgBps=34.47 avgTps=5468 avgMGps=521.9 elapsed=7h47m22s
Jul 30 18:21:36 nimbus-eth1-mainnet-short-benchmark[245166]: INF 2026-07-30 18:21:36.700+00:00 Imported blocks                            blockNumber=20974849 slot=10184849 blocks=974848 txs=154744917 mgas=14759580 bps=38.27 tps=6444 mgps=578.2 avgBps=34.50 avgTps=5476 avgMGps=522.3 elapsed=7h50m56s
Jul 30 18:25:17 nimbus-eth1-mainnet-short-benchmark[245166]: INF 2026-07-30 18:25:17.829+00:00 Imported blocks                            blockNumber=20983041 slot=10193086 blocks=983040 txs=156055229 mgas=14883451 bps=37.05 tps=5925 mgps=560.2 avgBps=34.52 avgTps=5479 avgMGps=522.6 elapsed=7h54m38s
Jul 30 18:28:32 nimbus-eth1-mainnet-short-benchmark[245166]: INF 2026-07-30 18:28:32.614+00:00 Imported blocks                            blockNumber=20991233 slot=10201319 blocks=991232 txs=157563202 mgas=15007557 bps=42.06 tps=7741 mgps=637.1 avgBps=34.57 avgTps=5495 avgMGps=523.4 elapsed=7h57m52s
Jul 30 18:32:17 nimbus-eth1-mainnet-short-benchmark[245166]: INF 2026-07-30 18:32:17.723+00:00 Imported blocks                            blockNumber=20999425 slot=10209549 blocks=999424 txs=159003277 mgas=15131383 bps=36.39 tps=6397 mgps=550.1 avgBps=34.58 avgTps=5502 avgMGps=523.6 elapsed=8h1m37s
Jul 30 18:32:33 nimbus-eth1-mainnet-short-benchmark[245166]: INF 2026-07-30 18:32:33.887+00:00 Imported blocks                            blockNumber=21000001 slot=10210128 blocks=1000000 txs=159109486 mgas=15140191 bps=35.64 tps=6571 mgps=545.0 avgBps=34.59 avgTps=5502 avgMGps=523.6 elapsed=8h1m54s
Jul 30 18:32:33 nimbus-eth1-mainnet-short-benchmark[245166]: NTC 2026-07-30 18:32:33.887+00:00 Import complete                            blockNumber=21000001 slot=10210128 blocks=1000000 txs=159109486 mgas=15140191
Jul 30 18:32:34 nimbus-eth1-mainnet-short-benchmark[220555]: <<< ending startNimbusWithImport (success)
Jul 30 18:32:34 nimbus-eth1-mainnet-short-benchmark[220555]: >>> starting moveBenchmarkingFileToRepo
Jul 30 18:32:34 nimbus-eth1-mainnet-short-benchmark[220555]: >>> copying debug-csv generated by nimbus to benchmarks repo
Jul 30 18:32:34 nimbus-eth1-mainnet-short-benchmark[220555]: <<< ending moveBenchmarkingFileToRepo (success)
Jul 30 18:32:34 nimbus-eth1-mainnet-short-benchmark[220555]: >>> starting generateBuildEnvironmentLogFile
Jul 30 18:32:43 nimbus-eth1-mainnet-short-benchmark[220555]: <<< ending generateBuildEnvironmentLogFile (success)
Jul 30 18:32:43 nimbus-eth1-mainnet-short-benchmark[220555]: >>> starting generateSystemdServiceLogs
