Aug 23 12:29:08 nimbus-eth1-mainnet-short-benchmark[3139542]: >>> starting cloneOrFetchBenchmarksRepo
Aug 23 12:29:08 nimbus-eth1-mainnet-short-benchmark[3139542]: >>> Fetching latest changes for nimbus-eth1-benchmarks...
Aug 23 12:29:10 nimbus-eth1-mainnet-short-benchmark[3139589]: HEAD is now at 3f244a2 chore: update short benchmark Readme
Aug 23 12:29:10 nimbus-eth1-mainnet-short-benchmark[3139542]: <<< ending cloneOrFetchBenchmarksRepo (success)
Aug 23 12:29:10 nimbus-eth1-mainnet-short-benchmark[3139542]: >>> starting cloneOrFetchNimbusRepo
Aug 23 12:29:21 nimbus-eth1-mainnet-short-benchmark[3139542]: >>> Fetching latest changes for nimbus-eth1...
Aug 23 12:29:22 nimbus-eth1-mainnet-short-benchmark[3139955]: HEAD is now at 7e573f7ce Snap2 sync maint update (#4672)
Aug 23 12:29:22 nimbus-eth1-mainnet-short-benchmark[3139542]: >>> Found last benchmarked commit: 45719096
Aug 23 12:29:22 nimbus-eth1-mainnet-short-benchmark[3139542]: >>> Using next commit: 7d3f348584313184c409473dba1ee5e21c0a82dd
Aug 23 12:29:22 nimbus-eth1-mainnet-short-benchmark[3139971]: HEAD is now at 7d3f34858 Detach networkParams from ExecutionClientConf (#4569)
Aug 23 12:29:22 nimbus-eth1-mainnet-short-benchmark[3139542]: >>> Current commit: 7d3f34858
Aug 23 12:29:22 nimbus-eth1-mainnet-short-benchmark[3139542]: <<< ending cloneOrFetchNimbusRepo (success)
Aug 23 12:29:22 nimbus-eth1-mainnet-short-benchmark[3139542]: >>> starting buildBinaries
Aug 23 12:29:22 nimbus-eth1-mainnet-short-benchmark[3139542]: >>> Building binaries for commit 7d3f3485...
Aug 23 12:29:24 nimbus-eth1-mainnet-short-benchmark[3141176]: Submodule path 'vendor/nim-lsquic': checked out 'd6d8f81d854cbc575f6206aa6d72bcdfbe5d07aa'
Aug 23 12:29:30 nimbus-eth1-mainnet-short-benchmark[3145455]: Building: Nim compiler
Aug 23 12:32:36 nimbus-eth1-mainnet-short-benchmark[3145455]: Building custom Nimble commit: 42ef70c2102a942c46f13eb76872326edd525cec
Aug 23 12:32:47 nimbus-eth1-mainnet-short-benchmark[3145455]: Building Nimble...
Aug 23 12:32:57 nimbus-eth1-mainnet-short-benchmark[3145455]: Replacing nimble binary...
Aug 23 12:33:04 nimbus-eth1-mainnet-short-benchmark[3161827]: cp: cannot stat '/data/status-im/nimbus-eth1/build/*': No such file or directory
Aug 23 12:33:04 nimbus-eth1-mainnet-short-benchmark[3161806]: ROCKSDB VERSION NOT FOUND
Aug 23 12:33:04 nimbus-eth1-mainnet-short-benchmark[3161957]: make[1]: Entering directory '/data/status-im/nimbus-eth1/vendor/nim-rocksdb/vendor/rocksdb'
Aug 23 12:33:04 nimbus-eth1-mainnet-short-benchmark[3161957]: $DEBUG_LEVEL is 0, $LIB_MODE is static
Aug 23 12:33:05 nimbus-eth1-mainnet-short-benchmark[3161957]: make[1]: Leaving directory '/data/status-im/nimbus-eth1/vendor/nim-rocksdb/vendor/rocksdb'
Aug 23 12:33:05 nimbus-eth1-mainnet-short-benchmark[3162406]: Cleaning up RocksDb build artifacts.
Aug 23 12:33:06 nimbus-eth1-mainnet-short-benchmark[3161832]: Building RocksDb static libraries.
Aug 23 12:36:19 nimbus-eth1-mainnet-short-benchmark[3165941]: Building: build/nimbus_execution_client
Aug 23 12:38:52 nimbus-eth1-mainnet-short-benchmark[3139542]: >>> renaming binaries to match commit they were built from
Aug 23 12:38:52 nimbus-eth1-mainnet-short-benchmark[3139542]: >>> creating a symbolic link to the latest version
Aug 23 12:38:52 nimbus-eth1-mainnet-short-benchmark[3139542]: >>> deleting copies that are older than N days
Aug 23 12:38:52 nimbus-eth1-mainnet-short-benchmark[3139542]: <<< ending buildBinaries (success)
Aug 23 12:38:52 nimbus-eth1-mainnet-short-benchmark[3139542]: >>> starting skipOrContinueBenchmark
Aug 23 12:38:52 nimbus-eth1-mainnet-short-benchmark[3139542]: <<< ending skipOrContinueBenchmark (success)
Aug 23 12:38:52 nimbus-eth1-mainnet-short-benchmark[3139542]: >>> starting copyTemplateDatabase
Aug 23 12:38:52 nimbus-eth1-mainnet-short-benchmark[3139542]: >>> Copying template db into nimbus data directory
Aug 23 12:42:08 nimbus-eth1-mainnet-short-benchmark[3139542]: >>> Template db copied
Aug 23 12:42:08 nimbus-eth1-mainnet-short-benchmark[3139542]: >>> making nimbus the owner of the copied files
Aug 23 12:42:08 nimbus-eth1-mainnet-short-benchmark[3139542]: <<< ending copyTemplateDatabase (success)
Aug 23 12:42:08 nimbus-eth1-mainnet-short-benchmark[3139542]: >>> starting startNimbusWithImport
Aug 23 12:42:08 nimbus-eth1-mainnet-short-benchmark[3171628]: INF 2026-08-23 12:42:08.296+00:00 Launching execution client                 version=v0.3.1-7d3f3485 config="(configFile: none(InputFile), dataDirFlag: some(/data/status-im/nimbus-eth1/data/shared_mainnet_0), era1DirFlag: some(/data/era1), eraDirFlag: some(/data/era), ereDirFlag: none(OutDir), keyStoreDirFlag: none(OutDir), importKey: , trustedSetupFile: none(string), extraData: Nimbus/v0.3.1-7d3f3485, gasLimit: none(uint64), maxBlobs: none(byte), network: [mainnet], logLevel: INFO, logFormat: auto, metricsEnabled: false, metricsPort: 9093, metricsAddress: 127.0.0.1, bootstrapNodes: [], elBootstrapNodes: [], bootstrapFile: , elBootstrapFile: , staticPeers: [], staticPeersFile: , reconnectMaxRetry: 0, reconnectInterval: 15, listenAddress: ::, tcpPort: 30303, udpPortFlag: none(Port), maxPeersOpt: none(int), elMaxPeersOpt: none(int), nat: (hasExtIp: false, nat: NatAny), discv5: true, netKey: random, agentString: Nimbus/v0.3.1-7d3f3485/linux-amd64/Nim-2.2.10, numThreads: 0, persistBatchSize: 4, dynamicBatchSize: false, rocksdbMaxOpenFiles: 2048, rocksdbWriteBufferSize: 67108864, rocksdbRowCacheSize: 0, rocksdbBlockCacheSize: 2147483648, rocksdbBlockCacheType: hyperclock, rdbVtxCacheSize: 536870912, rdbKeyCacheSize: 1342177280, rdbBranchCacheSize: 1073741824, rdbPrintStats: false, rewriteDatadirId: true, aristoDbMaxSnapshots: 5, parallelStateRootComputation: false, parallelSenderRecovery: true, optimisticStatePrefetch: false, balStatePrefetch: false, balStatePrefetchWorkers: 0, balParallelExecution: false, eagerStateRootCheck: false, deserializeFcState: true, statelessProvider: false, statelessWitnessValidation: false, cmd: import, maxBlocks: 1000000, chunkSize: 8192, csvStats: some("/data/host-benchmarks/short/210d0a3632654d41b767b39c8450200a/blocks-import-benchmark.csv"), validation: false, fullValidation: false, storeBodies: false, storeReceipts: false, storeSlotHashes: false)"
Aug 23 12:42:08 nimbus-eth1-mainnet-short-benchmark[3171628]: WRN 2026-08-23 12:42:08.300+00:00 Data directory has insecure permissions. Correcting them. data_dir=/data/status-im/nimbus-eth1/data/shared_mainnet_0 current_permissions=0755 required_permissions=0700
Aug 23 12:42:10 nimbus-eth1-mainnet-short-benchmark[3171628]: INF 2026-08-23 12:42:10.216+00:00 Taskpool started                           numThreads=16
Aug 23 12:42:10 nimbus-eth1-mainnet-short-benchmark[3171628]: INF 2026-08-23 12:42:10.324+00:00 Writing data dir ID                        ID=0x0a036d6f6dfe59156bb6359f0243c93d5a421ed688de5aa85a62d15dca8dbd5c
Aug 23 12:42:10 nimbus-eth1-mainnet-short-benchmark[3171628]: INF 2026-08-23 12:42:10.344+00:00 Database initialized                       base="(0xd24fd73f794058a3807db926d8898c6481e902b7edb91ce0d479d6760f276183, 20000000)" finalized="(0xd24fd73f794058a3807db926d8898c6481e902b7edb91ce0d479d6760f276183, 20000000)" head="(0xd4e56740f876aef8c010b86a40d5f56745a118d0906a34e69aec8c0db1cb8fa3, 0)"
Aug 23 12:42:10 nimbus-eth1-mainnet-short-benchmark[3171628]: NTC 2026-08-23 12:42:10.344+00:00 Could not open ere database, falling back to era1/era import ereDir=/data/status-im/nimbus-eth1/data/shared_mainnet_0/ere networkName=mainnet error="No ere files found in /data/status-im/nimbus-eth1/data/shared_mainnet_0/ere"
Aug 23 12:42:10 nimbus-eth1-mainnet-short-benchmark[3171628]: NTC 2026-08-23 12:42:10.344+00:00 Importing era archive                      blockNumber=20000001 dataDir=/data/status-im/nimbus-eth1/data/shared_mainnet_0 eraDir=/data/era
Aug 23 12:42:12 nimbus-eth1-mainnet-short-benchmark[3171628]: NTC 2026-08-23 12:42:12.588+00:00 Matched block to slot number               blockNumber=20000001 slot=9204783
Aug 23 12:48:33 nimbus-eth1-mainnet-short-benchmark[3171628]: INF 2026-08-23 12:48:33.902+00:00 Imported blocks                            blockNumber=20008193 slot=9213020 blocks=8192 txs=1226966 mgas=124237 bps=21.36 tps=3198 mgps=323.9 avgBps=21.36 avgTps=3198 avgMGps=323.9 elapsed=6m23s562ms
Aug 23 12:54:07 nimbus-eth1-mainnet-short-benchmark[3171628]: INF 2026-08-23 12:54:07.786+00:00 Imported blocks                            blockNumber=20016385 slot=9221256 blocks=16384 txs=2540380 mgas=248071 bps=24.54 tps=3933 mgps=370.9 avgBps=22.84 avgTps=3540 avgMGps=345.8 elapsed=11m57s443ms
Aug 23 12:59:30 nimbus-eth1-mainnet-short-benchmark[3171628]: INF 2026-08-23 12:59:30.345+00:00 Imported blocks                            blockNumber=20024577 slot=9229485 blocks=24576 txs=3869398 mgas=372018 bps=25.40 tps=4120 mgps=384.3 avgBps=23.63 avgTps=3720 avgMGps=357.7 elapsed=17m20s5ms
Aug 23 13:04:14 nimbus-eth1-mainnet-short-benchmark[3171628]: INF 2026-08-23 13:04:14.729+00:00 Imported blocks                            blockNumber=20032769 slot=9237722 blocks=32768 txs=5222766 mgas=495797 bps=28.81 tps=4758 mgps=435.3 avgBps=24.74 avgTps=3943 avgMGps=374.4 elapsed=22m4s387ms
Aug 23 13:08:51 nimbus-eth1-mainnet-short-benchmark[3171628]: INF 2026-08-23 13:08:51.253+00:00 Imported blocks                            blockNumber=20040961 slot=9245957 blocks=40960 txs=6566802 mgas=619586 bps=29.62 tps=4860 mgps=447.7 avgBps=25.59 avgTps=4101 avgMGps=387.0 elapsed=26m40s914ms
Aug 23 13:13:47 nimbus-eth1-mainnet-short-benchmark[3171628]: INF 2026-08-23 13:13:47.445+00:00 Imported blocks                            blockNumber=20049153 slot=9254196 blocks=49152 txs=7904746 mgas=743522 bps=27.66 tps=4517 mgps=418.4 avgBps=25.91 avgTps=4166 avgMGps=391.9 elapsed=31m37s106ms
Aug 23 13:18:38 nimbus-eth1-mainnet-short-benchmark[3171628]: INF 2026-08-23 13:18:38.617+00:00 Imported blocks                            blockNumber=20057345 slot=9262435 blocks=57344 txs=9212009 mgas=867360 bps=28.13 tps=4489 mgps=425.3 avgBps=26.21 avgTps=4209 avgMGps=396.4 elapsed=36m28s277ms
Aug 23 13:23:05 nimbus-eth1-mainnet-short-benchmark[3171628]: INF 2026-08-23 13:23:05.985+00:00 Imported blocks                            blockNumber=20065537 slot=9270674 blocks=65536 txs=10559018 mgas=991371 bps=30.64 tps=5038 mgps=463.8 avgBps=26.69 avgTps=4299 avgMGps=403.7 elapsed=40m55s644ms
Aug 23 13:27:19 nimbus-eth1-mainnet-short-benchmark[3171628]: INF 2026-08-23 13:27:19.753+00:00 Imported blocks                            blockNumber=20073729 slot=9278910 blocks=73728 txs=11898676 mgas=1115111 bps=32.28 tps=5279 mgps=487.6 avgBps=27.21 avgTps=4391 avgMGps=411.6 elapsed=45m9s412ms
Aug 23 13:31:23 nimbus-eth1-mainnet-short-benchmark[3171628]: INF 2026-08-23 13:31:23.562+00:00 Imported blocks                            blockNumber=20081921 slot=9287152 blocks=81920 txs=13323263 mgas=1239150 bps=33.60 tps=5843 mgps=508.8 avgBps=27.74 avgTps=4511 avgMGps=419.6 elapsed=49m13s222ms
Aug 23 13:35:26 nimbus-eth1-mainnet-short-benchmark[3171628]: INF 2026-08-23 13:35:26.818+00:00 Imported blocks                            blockNumber=20090113 slot=9295408 blocks=90112 txs=14697082 mgas=1363113 bps=33.68 tps=5647 mgps=509.6 avgBps=28.19 avgTps=4597 avgMGps=426.4 elapsed=53m16s476ms
Aug 23 13:39:45 nimbus-eth1-mainnet-short-benchmark[3171628]: INF 2026-08-23 13:39:45.735+00:00 Imported blocks                            blockNumber=20098305 slot=9303658 blocks=98304 txs=16025683 mgas=1487146 bps=31.64 tps=5131 mgps=479.1 avgBps=28.45 avgTps=4637 avgMGps=430.4 elapsed=57m35s391ms
Aug 23 13:44:13 nimbus-eth1-mainnet-short-benchmark[3171628]: INF 2026-08-23 13:44:13.907+00:00 Imported blocks                            blockNumber=20106497 slot=9311895 blocks=106496 txs=17337157 mgas=1611066 bps=30.55 tps=4890 mgps=462.1 avgBps=28.60 avgTps=4656 avgMGps=432.7 elapsed=1h2m3s
Aug 23 13:48:27 nimbus-eth1-mainnet-short-benchmark[3171628]: INF 2026-08-23 13:48:27.823+00:00 Imported blocks                            blockNumber=20114689 slot=9320146 blocks=114688 txs=18632097 mgas=1735123 bps=32.26 tps=5099 mgps=488.6 avgBps=28.83 avgTps=4684 avgMGps=436.2 elapsed=1h6m17s
Aug 23 13:52:27 nimbus-eth1-mainnet-short-benchmark[3171628]: INF 2026-08-23 13:52:27.736+00:00 Imported blocks                            blockNumber=20122881 slot=9328409 blocks=122880 txs=19937418 mgas=1859249 bps=34.15 tps=5440 mgps=517.4 avgBps=29.14 avgTps=4727 avgMGps=440.9 elapsed=1h10m17s
Aug 23 13:56:27 nimbus-eth1-mainnet-short-benchmark[3171628]: INF 2026-08-23 13:56:27.600+00:00 Imported blocks                            blockNumber=20131073 slot=9336660 blocks=131072 txs=21214129 mgas=1983500 bps=34.15 tps=5322 mgps=518.0 avgBps=29.41 avgTps=4759 avgMGps=445.0 elapsed=1h14m17s
Aug 23 14:00:23 nimbus-eth1-mainnet-short-benchmark[3171628]: INF 2026-08-23 14:00:23.297+00:00 Imported blocks                            blockNumber=20139265 slot=9344906 blocks=139264 txs=22579079 mgas=2107571 bps=34.76 tps=5791 mgps=526.4 avgBps=29.68 avgTps=4811 avgMGps=449.1 elapsed=1h18m12s
Aug 23 14:05:04 nimbus-eth1-mainnet-short-benchmark[3171628]: INF 2026-08-23 14:05:04.661+00:00 Imported blocks                            blockNumber=20147457 slot=9353153 blocks=147456 txs=24133322 mgas=2231686 bps=29.12 tps=5523 mgps=441.1 avgBps=29.64 avgTps=4851 avgMGps=448.6 elapsed=1h22m54s
Aug 23 14:09:33 nimbus-eth1-mainnet-short-benchmark[3171628]: INF 2026-08-23 14:09:33.441+00:00 Imported blocks                            blockNumber=20155649 slot=9361407 blocks=155648 txs=25424015 mgas=2356018 bps=30.48 tps=4802 mgps=462.6 avgBps=29.69 avgTps=4849 avgMGps=449.4 elapsed=1h27m23s
Aug 23 14:13:44 nimbus-eth1-mainnet-short-benchmark[3171628]: INF 2026-08-23 14:13:44.938+00:00 Imported blocks                            blockNumber=20163841 slot=9369652 blocks=163840 txs=26749549 mgas=2480207 bps=32.57 tps=5270 mgps=493.8 avgBps=29.82 avgTps=4868 avgMGps=451.4 elapsed=1h31m34s
Aug 23 14:17:48 nimbus-eth1-mainnet-short-benchmark[3171628]: INF 2026-08-23 14:17:48.618+00:00 Imported blocks                            blockNumber=20172033 slot=9377892 blocks=172032 txs=28105316 mgas=2604026 bps=33.62 tps=5563 mgps=508.1 avgBps=29.98 avgTps=4897 avgMGps=453.8 elapsed=1h35m38s
Aug 23 14:21:58 nimbus-eth1-mainnet-short-benchmark[3171628]: INF 2026-08-23 14:21:58.503+00:00 Imported blocks                            blockNumber=20180225 slot=9386128 blocks=180224 txs=29524405 mgas=2728170 bps=32.78 tps=5679 mgps=496.8 avgBps=30.10 avgTps=4930 avgMGps=455.6 elapsed=1h39m48s
Aug 23 14:25:50 nimbus-eth1-mainnet-short-benchmark[3171628]: INF 2026-08-23 14:25:50.111+00:00 Imported blocks                            blockNumber=20188417 slot=9394365 blocks=188416 txs=30849021 mgas=2852023 bps=35.37 tps=5719 mgps=534.8 avgBps=30.29 avgTps=4959 avgMGps=458.5 elapsed=1h43m39s
Aug 23 14:30:05 nimbus-eth1-mainnet-short-benchmark[3171628]: INF 2026-08-23 14:30:05.844+00:00 Imported blocks                            blockNumber=20196609 slot=9402602 blocks=196608 txs=32174755 mgas=2976155 bps=32.03 tps=5184 mgps=485.4 avgBps=30.36 avgTps=4968 avgMGps=459.6 elapsed=1h47m55s
Aug 23 14:34:37 nimbus-eth1-mainnet-short-benchmark[3171628]: INF 2026-08-23 14:34:37.408+00:00 Imported blocks                            blockNumber=20204801 slot=9410840 blocks=204800 txs=33475942 mgas=3100410 bps=30.17 tps=4791 mgps=457.6 avgBps=30.35 avgTps=4961 avgMGps=459.5 elapsed=1h52m27s
Aug 23 14:38:45 nimbus-eth1-mainnet-short-benchmark[3171628]: INF 2026-08-23 14:38:45.820+00:00 Imported blocks                            blockNumber=20212993 slot=9419071 blocks=212992 txs=34798508 mgas=3224370 bps=32.98 tps=5324 mgps=499.0 avgBps=30.45 avgTps=4974 avgMGps=460.9 elapsed=1h56m35s
Aug 23 14:42:50 nimbus-eth1-mainnet-short-benchmark[3171628]: INF 2026-08-23 14:42:50.149+00:00 Imported blocks                            blockNumber=20221185 slot=9427313 blocks=221184 txs=36114045 mgas=3348169 bps=33.53 tps=5384 mgps=506.7 avgBps=30.55 avgTps=4988 avgMGps=462.5 elapsed=2h39s808ms
Aug 23 14:46:36 nimbus-eth1-mainnet-short-benchmark[3171628]: INF 2026-08-23 14:46:36.798+00:00 Imported blocks                            blockNumber=20229377 slot=9435549 blocks=229376 txs=37421794 mgas=3472031 bps=36.14 tps=5769 mgps=546.5 avgBps=30.72 avgTps=5011 avgMGps=465.0 elapsed=2h4m26s
Aug 23 14:50:30 nimbus-eth1-mainnet-short-benchmark[3171628]: INF 2026-08-23 14:50:30.226+00:00 Imported blocks                            blockNumber=20237569 slot=9443788 blocks=237568 txs=38842064 mgas=3596351 bps=35.09 tps=6084 mgps=532.6 avgBps=30.85 avgTps=5044 avgMGps=467.1 elapsed=2h8m19s
Aug 23 14:54:42 nimbus-eth1-mainnet-short-benchmark[3171628]: INF 2026-08-23 14:54:42.191+00:00 Imported blocks                            blockNumber=20245761 slot=9452021 blocks=245760 txs=40225739 mgas=3720100 bps=32.51 tps=5491 mgps=491.1 avgBps=30.91 avgTps=5058 avgMGps=467.8 elapsed=2h12m31s
Aug 23 14:59:12 nimbus-eth1-mainnet-short-benchmark[3171628]: INF 2026-08-23 14:59:12.407+00:00 Imported blocks                            blockNumber=20253953 slot=9460253 blocks=253952 txs=41454921 mgas=3844385 bps=30.32 tps=4548 mgps=459.9 avgBps=30.89 avgTps=5041 avgMGps=467.6 elapsed=2h17m2s
Aug 23 15:03:29 nimbus-eth1-mainnet-short-benchmark[3171628]: INF 2026-08-23 15:03:29.779+00:00 Imported blocks                            blockNumber=20262145 slot=9468495 blocks=262144 txs=42726051 mgas=3968623 bps=31.83 tps=4938 mgps=482.7 avgBps=30.92 avgTps=5038 avgMGps=468.0 elapsed=2h21m19s
Aug 23 15:07:28 nimbus-eth1-mainnet-short-benchmark[3171628]: INF 2026-08-23 15:07:28.964+00:00 Imported blocks                            blockNumber=20270337 slot=9476748 blocks=270336 txs=44050436 mgas=4092682 bps=34.25 tps=5537 mgps=518.7 avgBps=31.01 avgTps=5052 avgMGps=469.4 elapsed=2h25m18s
Aug 23 15:11:11 nimbus-eth1-mainnet-short-benchmark[3171628]: INF 2026-08-23 15:11:11.417+00:00 Imported blocks                            blockNumber=20278529 slot=9484981 blocks=278528 txs=45382368 mgas=4216487 bps=36.82 tps=5987 mgps=556.5 avgBps=31.15 avgTps=5075 avgMGps=471.6 elapsed=2h29m1s
Aug 23 15:14:59 nimbus-eth1-mainnet-short-benchmark[3171628]: INF 2026-08-23 15:14:59.509+00:00 Imported blocks                            blockNumber=20286721 slot=9493213 blocks=286720 txs=46733429 mgas=4340363 bps=35.92 tps=5923 mgps=543.1 avgBps=31.27 avgTps=5096 avgMGps=473.4 elapsed=2h32m49s
Aug 23 15:19:09 nimbus-eth1-mainnet-short-benchmark[3171628]: INF 2026-08-23 15:19:09.578+00:00 Imported blocks                            blockNumber=20294913 slot=9501453 blocks=294912 txs=48075887 mgas=4464376 bps=32.76 tps=5368 mgps=495.9 avgBps=31.31 avgTps=5104 avgMGps=474.0 elapsed=2h36m59s
Aug 23 15:23:14 nimbus-eth1-mainnet-short-benchmark[3171628]: INF 2026-08-23 15:23:14.970+00:00 Imported blocks                            blockNumber=20303105 slot=9509696 blocks=303104 txs=49379538 mgas=4588534 bps=33.38 tps=5312 mgps=506.0 avgBps=31.36 avgTps=5109 avgMGps=474.8 elapsed=2h41m4s
Aug 23 15:27:13 nimbus-eth1-mainnet-short-benchmark[3171628]: INF 2026-08-23 15:27:13.463+00:00 Imported blocks                            blockNumber=20311297 slot=9517922 blocks=311296 txs=50637672 mgas=4712596 bps=34.35 tps=5275 mgps=520.2 avgBps=31.43 avgTps=5113 avgMGps=475.9 elapsed=2h45m3s
Aug 23 15:31:01 nimbus-eth1-mainnet-short-benchmark[3171628]: INF 2026-08-23 15:31:01.756+00:00 Imported blocks                            blockNumber=20319489 slot=9526159 blocks=319488 txs=51981692 mgas=4836521 bps=35.88 tps=5887 mgps=542.8 avgBps=31.53 avgTps=5130 avgMGps=477.4 elapsed=2h48m51s
Aug 23 15:34:33 nimbus-eth1-mainnet-short-benchmark[3171628]: INF 2026-08-23 15:34:33.981+00:00 Imported blocks                            blockNumber=20327681 slot=9534381 blocks=327680 txs=53356123 mgas=4960245 bps=38.60 tps=6476 mgps=583.0 avgBps=31.68 avgTps=5158 avgMGps=479.5 elapsed=2h52m23s
Aug 23 15:38:02 nimbus-eth1-mainnet-short-benchmark[3171628]: INF 2026-08-23 15:38:02.710+00:00 Imported blocks                            blockNumber=20335873 slot=9542617 blocks=335872 txs=54719105 mgas=5084025 bps=39.25 tps=6530 mgps=593.0 avgBps=31.83 avgTps=5185 avgMGps=481.8 elapsed=2h55m52s
Aug 23 15:41:52 nimbus-eth1-mainnet-short-benchmark[3171628]: INF 2026-08-23 15:41:52.466+00:00 Imported blocks                            blockNumber=20344065 slot=9550841 blocks=344064 txs=56021853 mgas=5207843 bps=35.66 tps=5670 mgps=538.9 avgBps=31.91 avgTps=5195 avgMGps=483.0 elapsed=2h59m42s
Aug 23 15:46:13 nimbus-eth1-mainnet-short-benchmark[3171628]: INF 2026-08-23 15:46:13.203+00:00 Imported blocks                            blockNumber=20352257 slot=9559072 blocks=352256 txs=57290408 mgas=5332016 bps=31.42 tps=4865 mgps=476.2 avgBps=31.90 avgTps=5188 avgMGps=482.8 elapsed=3h4m2s
Aug 23 15:50:11 nimbus-eth1-mainnet-short-benchmark[3171628]: INF 2026-08-23 15:50:11.503+00:00 Imported blocks                            blockNumber=20360449 slot=9567308 blocks=360448 txs=58543463 mgas=5456201 bps=34.38 tps=5258 mgps=521.1 avgBps=31.95 avgTps=5189 avgMGps=483.7 elapsed=3h8m1s
Aug 23 15:53:59 nimbus-eth1-mainnet-short-benchmark[3171628]: INF 2026-08-23 15:53:59.440+00:00 Imported blocks                            blockNumber=20368641 slot=9575548 blocks=368640 txs=59874056 mgas=5580204 bps=35.94 tps=5837 mgps=544.0 avgBps=32.03 avgTps=5202 avgMGps=484.9 elapsed=3h11m49s
Aug 23 15:57:59 nimbus-eth1-mainnet-short-benchmark[3171628]: INF 2026-08-23 15:57:59.841+00:00 Imported blocks                            blockNumber=20376833 slot=9583774 blocks=376832 txs=61167066 mgas=5704396 bps=34.08 tps=5378 mgps=516.6 avgBps=32.07 avgTps=5205 avgMGps=485.5 elapsed=3h15m49s
Aug 23 16:01:52 nimbus-eth1-mainnet-short-benchmark[3171628]: INF 2026-08-23 16:01:52.889+00:00 Imported blocks                            blockNumber=20385025 slot=9592009 blocks=385024 txs=62480333 mgas=5828235 bps=35.15 tps=5635 mgps=531.4 avgBps=32.13 avgTps=5214 avgMGps=486.4 elapsed=3h19m42s
Aug 23 16:05:47 nimbus-eth1-mainnet-short-benchmark[3171628]: INF 2026-08-23 16:05:47.214+00:00 Imported blocks                            blockNumber=20393217 slot=9600248 blocks=393216 txs=63800597 mgas=5952136 bps=34.96 tps=5634 mgps=528.8 avgBps=32.19 avgTps=5222 avgMGps=487.2 elapsed=3h23m36s
Aug 23 16:09:31 nimbus-eth1-mainnet-short-benchmark[3171628]: INF 2026-08-23 16:09:31.211+00:00 Imported blocks                            blockNumber=20401409 slot=9608486 blocks=401408 txs=65021243 mgas=6076384 bps=36.57 tps=5449 mgps=554.7 avgBps=32.27 avgTps=5226 avgMGps=488.4 elapsed=3h27m20s
Aug 23 16:13:29 nimbus-eth1-mainnet-short-benchmark[3171628]: INF 2026-08-23 16:13:29.716+00:00 Imported blocks                            blockNumber=20409601 slot=9616707 blocks=409600 txs=66199016 mgas=6200666 bps=34.35 tps=4938 mgps=521.1 avgBps=32.30 avgTps=5221 avgMGps=489.0 elapsed=3h31m19s
Aug 23 16:17:19 nimbus-eth1-mainnet-short-benchmark[3171628]: INF 2026-08-23 16:17:19.084+00:00 Imported blocks                            blockNumber=20417793 slot=9624941 blocks=417792 txs=67453930 mgas=6324823 bps=35.71 tps=5471 mgps=541.3 avgBps=32.37 avgTps=5225 avgMGps=490.0 elapsed=3h35m8s
Aug 23 16:20:42 nimbus-eth1-mainnet-short-benchmark[3171628]: INF 2026-08-23 16:20:42.025+00:00 Imported blocks                            blockNumber=20425985 slot=9633187 blocks=425984 txs=68814904 mgas=6448778 bps=40.37 tps=6706 mgps=610.8 avgBps=32.49 avgTps=5248 avgMGps=491.8 elapsed=3h38m31s
Aug 23 16:24:05 nimbus-eth1-mainnet-short-benchmark[3171628]: INF 2026-08-23 16:24:05.091+00:00 Imported blocks                            blockNumber=20434177 slot=9641422 blocks=434176 txs=70124508 mgas=6572711 bps=40.34 tps=6449 mgps=610.3 avgBps=32.61 avgTps=5266 avgMGps=493.6 elapsed=3h41m54s
Aug 23 16:27:38 nimbus-eth1-mainnet-short-benchmark[3171628]: INF 2026-08-23 16:27:38.380+00:00 Imported blocks                            blockNumber=20442369 slot=9649657 blocks=442368 txs=71403576 mgas=6696451 bps=38.41 tps=5996 mgps=580.2 avgBps=32.70 avgTps=5278 avgMGps=495.0 elapsed=3h45m28s
Aug 23 16:31:32 nimbus-eth1-mainnet-short-benchmark[3171628]: INF 2026-08-23 16:31:32.328+00:00 Imported blocks                            blockNumber=20450561 slot=9657896 blocks=450560 txs=72659905 mgas=6820521 bps=35.02 tps=5370 mgps=530.3 avgBps=32.74 avgTps=5279 avgMGps=495.6 elapsed=3h49m21s
Aug 23 16:35:46 nimbus-eth1-mainnet-short-benchmark[3171628]: INF 2026-08-23 16:35:46.929+00:00 Imported blocks                            blockNumber=20458753 slot=9666114 blocks=458752 txs=73838533 mgas=6945116 bps=32.18 tps=4629 mgps=489.4 avgBps=32.73 avgTps=5267 avgMGps=495.5 elapsed=3h53m36s
Aug 23 16:39:38 nimbus-eth1-mainnet-short-benchmark[3171628]: INF 2026-08-23 16:39:38.457+00:00 Imported blocks                            blockNumber=20466945 slot=9674343 blocks=466944 txs=75124748 mgas=7068943 bps=35.38 tps=5555 mgps=534.8 avgBps=32.77 avgTps=5272 avgMGps=496.1 elapsed=3h57m28s
Aug 23 16:43:27 nimbus-eth1-mainnet-short-benchmark[3171628]: INF 2026-08-23 16:43:27.058+00:00 Imported blocks                            blockNumber=20475137 slot=9682575 blocks=475136 txs=76420106 mgas=7192870 bps=35.84 tps=5666 mgps=542.1 avgBps=32.82 avgTps=5278 avgMGps=496.9 elapsed=4h1m16s
Aug 23 16:47:07 nimbus-eth1-mainnet-short-benchmark[3171628]: INF 2026-08-23 16:47:07.771+00:00 Imported blocks                            blockNumber=20483329 slot=9690800 blocks=483328 txs=77675422 mgas=7316939 bps=37.12 tps=5687 mgps=562.1 avgBps=32.89 avgTps=5284 avgMGps=497.8 elapsed=4h4m57s
Aug 23 16:50:44 nimbus-eth1-mainnet-short-benchmark[3171628]: INF 2026-08-23 16:50:44.228+00:00 Imported blocks                            blockNumber=20491521 slot=9699019 blocks=491520 txs=78951232 mgas=7440784 bps=37.85 tps=5894 mgps=572.1 avgBps=32.96 avgTps=5293 avgMGps=498.9 elapsed=4h8m33s
Aug 23 16:54:40 nimbus-eth1-mainnet-short-benchmark[3171628]: INF 2026-08-23 16:54:40.896+00:00 Imported blocks                            blockNumber=20499713 slot=9707248 blocks=499712 txs=80189642 mgas=7564669 bps=34.61 tps=5232 mgps=523.4 avgBps=32.98 avgTps=5292 avgMGps=499.3 elapsed=4h12m30s
Aug 23 16:58:39 nimbus-eth1-mainnet-short-benchmark[3171628]: INF 2026-08-23 16:58:39.073+00:00 Imported blocks                            blockNumber=20507905 slot=9715488 blocks=507904 txs=81317763 mgas=7689208 bps=34.40 tps=4736 mgps=522.9 avgBps=33.00 avgTps=5284 avgMGps=499.7 elapsed=4h16m28s
Aug 23 17:02:11 nimbus-eth1-mainnet-short-benchmark[3171628]: INF 2026-08-23 17:02:11.582+00:00 Imported blocks                            blockNumber=20516097 slot=9723715 blocks=516096 txs=82520262 mgas=7813209 bps=38.55 tps=5658 mgps=583.5 avgBps=33.08 avgTps=5289 avgMGps=500.8 elapsed=4h20m1s
Aug 23 17:05:56 nimbus-eth1-mainnet-short-benchmark[3171628]: INF 2026-08-23 17:05:56.295+00:00 Imported blocks                            blockNumber=20524289 slot=9731945 blocks=524288 txs=83780075 mgas=7937233 bps=36.46 tps=5606 mgps=551.9 avgBps=33.13 avgTps=5293 avgMGps=501.5 elapsed=4h23m45s
Aug 23 17:09:44 nimbus-eth1-mainnet-short-benchmark[3171628]: INF 2026-08-23 17:09:44.748+00:00 Imported blocks                            blockNumber=20532481 slot=9740183 blocks=532480 txs=85263862 mgas=8061024 bps=35.86 tps=6494 mgps=541.9 avgBps=33.17 avgTps=5310 avgMGps=502.1 elapsed=4h27m34s
Aug 23 17:13:37 nimbus-eth1-mainnet-short-benchmark[3171628]: INF 2026-08-23 17:13:37.880+00:00 Imported blocks                            blockNumber=20540673 slot=9748418 blocks=540672 txs=86612143 mgas=8185090 bps=35.14 tps=5783 mgps=532.2 avgBps=33.20 avgTps=5317 avgMGps=502.5 elapsed=4h31m27s
Aug 23 17:17:40 nimbus-eth1-mainnet-short-benchmark[3171628]: INF 2026-08-23 17:17:40.621+00:00 Imported blocks                            blockNumber=20548865 slot=9756662 blocks=548864 txs=87802991 mgas=8309513 bps=33.75 tps=4905 mgps=512.6 avgBps=33.20 avgTps=5311 avgMGps=502.7 elapsed=4h35m30s
Aug 23 17:21:39 nimbus-eth1-mainnet-short-benchmark[3171628]: INF 2026-08-23 17:21:39.117+00:00 Imported blocks                            blockNumber=20557057 slot=9764892 blocks=557056 txs=88964987 mgas=8433956 bps=34.35 tps=4872 mgps=521.8 avgBps=33.22 avgTps=5305 avgMGps=503.0 elapsed=4h39m28s
Aug 23 17:25:26 nimbus-eth1-mainnet-short-benchmark[3171628]: INF 2026-08-23 17:25:26.806+00:00 Imported blocks                            blockNumber=20565249 slot=9773131 blocks=565248 txs=90186094 mgas=8558113 bps=35.98 tps=5363 mgps=545.3 avgBps=33.26 avgTps=5306 avgMGps=503.5 elapsed=4h43m16s
Aug 23 17:29:16 nimbus-eth1-mainnet-short-benchmark[3171628]: INF 2026-08-23 17:29:16.563+00:00 Imported blocks                            blockNumber=20573441 slot=9781369 blocks=573440 txs=91404654 mgas=8682228 bps=35.66 tps=5303 mgps=540.2 avgBps=33.29 avgTps=5306 avgMGps=504.0 elapsed=4h47m6s
Aug 23 17:32:59 nimbus-eth1-mainnet-short-benchmark[3171628]: INF 2026-08-23 17:32:59.608+00:00 Imported blocks                            blockNumber=20581633 slot=9789611 blocks=581632 txs=92628389 mgas=8806651 bps=36.73 tps=5486 mgps=557.8 avgBps=33.33 avgTps=5308 avgMGps=504.7 elapsed=4h50m49s
Aug 23 17:36:51 nimbus-eth1-mainnet-short-benchmark[3171628]: INF 2026-08-23 17:36:51.704+00:00 Imported blocks                            blockNumber=20589825 slot=9797855 blocks=589824 txs=93887208 mgas=8931023 bps=35.30 tps=5423 mgps=535.9 avgBps=33.36 avgTps=5309 avgMGps=505.1 elapsed=4h54m41s
Aug 23 17:40:48 nimbus-eth1-mainnet-short-benchmark[3171628]: INF 2026-08-23 17:40:48.633+00:00 Imported blocks                            blockNumber=20598017 slot=9806095 blocks=598016 txs=95163338 mgas=9055310 bps=34.58 tps=5386 mgps=524.6 avgBps=33.37 avgTps=5310 avgMGps=505.4 elapsed=4h58m38s
Aug 23 17:44:45 nimbus-eth1-mainnet-short-benchmark[3171628]: INF 2026-08-23 17:44:45.142+00:00 Imported blocks                            blockNumber=20606209 slot=9814347 blocks=606208 txs=96334664 mgas=9179976 bps=34.64 tps=4952 mgps=527.1 avgBps=33.39 avgTps=5306 avgMGps=505.7 elapsed=5h2m34s
Aug 23 17:48:31 nimbus-eth1-mainnet-short-benchmark[3171628]: INF 2026-08-23 17:48:31.455+00:00 Imported blocks                            blockNumber=20614401 slot=9822581 blocks=614400 txs=97573414 mgas=9304574 bps=36.20 tps=5473 mgps=550.6 avgBps=33.43 avgTps=5308 avgMGps=506.2 elapsed=5h6m21s
Aug 23 17:52:18 nimbus-eth1-mainnet-short-benchmark[3171628]: INF 2026-08-23 17:52:18.183+00:00 Imported blocks                            blockNumber=20622593 slot=9830821 blocks=622592 txs=98874772 mgas=9428835 bps=36.13 tps=5739 mgps=548.1 avgBps=33.46 avgTps=5313 avgMGps=506.7 elapsed=5h10m7s
Aug 23 17:55:58 nimbus-eth1-mainnet-short-benchmark[3171628]: INF 2026-08-23 17:55:58.392+00:00 Imported blocks                            blockNumber=20630785 slot=9839058 blocks=630784 txs=100178707 mgas=9553009 bps=37.20 tps=5921 mgps=563.9 avgBps=33.50 avgTps=5320 avgMGps=507.4 elapsed=5h13m48s
Aug 23 17:59:45 nimbus-eth1-mainnet-short-benchmark[3171628]: INF 2026-08-23 17:59:45.877+00:00 Imported blocks                            blockNumber=20638977 slot=9847313 blocks=638976 txs=101489116 mgas=9677171 bps=36.01 tps=5760 mgps=545.8 avgBps=33.53 avgTps=5325 avgMGps=507.8 elapsed=5h17m35s
Aug 23 18:03:32 nimbus-eth1-mainnet-short-benchmark[3171628]: INF 2026-08-23 18:03:32.398+00:00 Imported blocks                            blockNumber=20647169 slot=9855549 blocks=647168 txs=102730058 mgas=9801643 bps=36.16 tps=5478 mgps=549.5 avgBps=33.56 avgTps=5327 avgMGps=508.3 elapsed=5h21m22s
Aug 23 18:07:33 nimbus-eth1-mainnet-short-benchmark[3171628]: INF 2026-08-23 18:07:33.042+00:00 Imported blocks                            blockNumber=20655361 slot=9863778 blocks=655360 txs=103868002 mgas=9926541 bps=34.04 tps=4728 mgps=519.0 avgBps=33.57 avgTps=5320 avgMGps=508.5 elapsed=5h25m22s
Aug 23 18:11:16 nimbus-eth1-mainnet-short-benchmark[3171628]: INF 2026-08-23 18:11:16.479+00:00 Imported blocks                            blockNumber=20663553 slot=9872013 blocks=663552 txs=105112198 mgas=10051274 bps=36.66 tps=5568 mgps=558.3 avgBps=33.60 avgTps=5323 avgMGps=509.0 elapsed=5h29m6s
Aug 23 18:14:48 nimbus-eth1-mainnet-short-benchmark[3171628]: INF 2026-08-23 18:14:48.476+00:00 Imported blocks                            blockNumber=20671745 slot=9880241 blocks=671744 txs=106395904 mgas=10175177 bps=38.64 tps=6055 mgps=584.5 avgBps=33.66 avgTps=5330 avgMGps=509.8 elapsed=5h32m38s
Aug 23 18:18:25 nimbus-eth1-mainnet-short-benchmark[3171628]: INF 2026-08-23 18:18:25.593+00:00 Imported blocks                            blockNumber=20679937 slot=9888471 blocks=679936 txs=107674271 mgas=10299404 bps=37.73 tps=5887 mgps=572.2 avgBps=33.70 avgTps=5336 avgMGps=510.5 elapsed=5h36m15s
Aug 23 18:21:52 nimbus-eth1-mainnet-short-benchmark[3171628]: INF 2026-08-23 18:21:52.822+00:00 Imported blocks                            blockNumber=20688129 slot=9896698 blocks=688128 txs=108938536 mgas=10423298 bps=39.53 tps=6100 mgps=597.9 avgBps=33.76 avgTps=5344 avgMGps=511.4 elapsed=5h39m42s
Aug 23 18:25:35 nimbus-eth1-mainnet-short-benchmark[3171628]: INF 2026-08-23 18:25:35.075+00:00 Imported blocks                            blockNumber=20696321 slot=9904930 blocks=696320 txs=110235786 mgas=10547469 bps=36.86 tps=5836 mgps=558.7 avgBps=33.79 avgTps=5350 avgMGps=511.9 elapsed=5h43m24s
Aug 23 18:29:33 nimbus-eth1-mainnet-short-benchmark[3171628]: INF 2026-08-23 18:29:33.432+00:00 Imported blocks                            blockNumber=20704513 slot=9913154 blocks=704512 txs=111483759 mgas=10671677 bps=34.37 tps=5235 mgps=521.1 avgBps=33.80 avgTps=5348 avgMGps=512.0 elapsed=5h47m23s
Aug 23 18:33:17 nimbus-eth1-mainnet-short-benchmark[3171628]: INF 2026-08-23 18:33:17.596+00:00 Imported blocks                            blockNumber=20712705 slot=9921388 blocks=712704 txs=112764170 mgas=10795980 bps=36.54 tps=5711 mgps=554.5 avgBps=33.83 avgTps=5352 avgMGps=512.5 elapsed=5h51m7s
Aug 23 18:36:48 nimbus-eth1-mainnet-short-benchmark[3171628]: INF 2026-08-23 18:36:47.997+00:00 Imported blocks                            blockNumber=20720897 slot=9929633 blocks=720896 txs=114110517 mgas=10919926 bps=38.94 tps=6398 mgps=589.1 avgBps=33.88 avgTps=5362 avgMGps=513.2 elapsed=5h54m37s
Aug 23 18:40:24 nimbus-eth1-mainnet-short-benchmark[3171628]: INF 2026-08-23 18:40:24.638+00:00 Imported blocks                            blockNumber=20729089 slot=9937869 blocks=729088 txs=115449431 mgas=11043768 bps=37.81 tps=6180 mgps=571.7 avgBps=33.92 avgTps=5371 avgMGps=513.8 elapsed=5h58m14s
Aug 23 18:43:53 nimbus-eth1-mainnet-short-benchmark[3171628]: INF 2026-08-23 18:43:53.859+00:00 Imported blocks                            blockNumber=20737281 slot=9946108 blocks=737280 txs=116784468 mgas=11167784 bps=39.16 tps=6381 mgps=592.8 avgBps=33.97 avgTps=5380 avgMGps=514.6 elapsed=6h1m43s
Aug 23 18:47:32 nimbus-eth1-mainnet-short-benchmark[3171628]: INF 2026-08-23 18:47:32.040+00:00 Imported blocks                            blockNumber=20745473 slot=9954342 blocks=745472 txs=118101003 mgas=11291742 bps=37.55 tps=6034 mgps=568.1 avgBps=34.01 avgTps=5387 avgMGps=515.1 elapsed=6h5m21s
Aug 23 18:51:27 nimbus-eth1-mainnet-short-benchmark[3171628]: INF 2026-08-23 18:51:27.169+00:00 Imported blocks                            blockNumber=20753665 slot=9962581 blocks=753664 txs=119337525 mgas=11415859 bps=34.84 tps=5258 mgps=527.9 avgBps=34.01 avgTps=5386 avgMGps=515.2 elapsed=6h9m16s
Aug 23 18:55:11 nimbus-eth1-mainnet-short-benchmark[3171628]: INF 2026-08-23 18:55:11.066+00:00 Imported blocks                            blockNumber=20761857 slot=9970803 blocks=761856 txs=120564314 mgas=11540225 bps=36.59 tps=5479 mgps=555.5 avgBps=34.04 avgTps=5386 avgMGps=515.6 elapsed=6h13m724ms
Aug 23 18:58:41 nimbus-eth1-mainnet-short-benchmark[3171628]: INF 2026-08-23 18:58:41.795+00:00 Imported blocks                            blockNumber=20770049 slot=9979058 blocks=770048 txs=121858083 mgas=11663918 bps=38.88 tps=6139 mgps=587.0 avgBps=34.09 avgTps=5393 avgMGps=516.3 elapsed=6h16m31s
Aug 23 19:02:02 nimbus-eth1-mainnet-short-benchmark[3171628]: INF 2026-08-23 19:02:02.812+00:00 Imported blocks                            blockNumber=20778241 slot=9987307 blocks=778240 txs=123161734 mgas=11787906 bps=40.75 tps=6485 mgps=616.8 avgBps=34.14 avgTps=5403 avgMGps=517.2 elapsed=6h19m52s
Aug 23 19:05:18 nimbus-eth1-mainnet-short-benchmark[3171628]: INF 2026-08-23 19:05:18.581+00:00 Imported blocks                            blockNumber=20786433 slot=9995542 blocks=786432 txs=124509456 mgas=11911612 bps=41.84 tps=6884 mgps=631.9 avgBps=34.21 avgTps=5416 avgMGps=518.2 elapsed=6h23m8s
Aug 23 19:08:42 nimbus-eth1-mainnet-short-benchmark[3171628]: INF 2026-08-23 19:08:42.074+00:00 Imported blocks                            blockNumber=20794625 slot=10003781 blocks=794624 txs=125848921 mgas=12035338 bps=40.26 tps=6582 mgps=608.0 avgBps=34.26 avgTps=5426 avgMGps=518.9 elapsed=6h26m31s
Aug 23 19:12:10 nimbus-eth1-mainnet-short-benchmark[3171628]: INF 2026-08-23 19:12:10.175+00:00 Imported blocks                            blockNumber=20802817 slot=10012028 blocks=802816 txs=127089868 mgas=12158989 bps=39.37 tps=5963 mgps=594.2 avgBps=34.31 avgTps=5431 avgMGps=519.6 elapsed=6h29m59s
Aug 23 19:15:45 nimbus-eth1-mainnet-short-benchmark[3171628]: INF 2026-08-23 19:15:45.540+00:00 Imported blocks                            blockNumber=20811009 slot=10020249 blocks=811008 txs=128299762 mgas=12282850 bps=38.04 tps=5617 mgps=575.1 avgBps=34.34 avgTps=5432 avgMGps=520.1 elapsed=6h33m35s
Aug 23 19:19:07 nimbus-eth1-mainnet-short-benchmark[3171628]: INF 2026-08-23 19:19:07.101+00:00 Imported blocks                            blockNumber=20819201 slot=10028481 blocks=819200 txs=129596319 mgas=12406594 bps=40.64 tps=6432 mgps=613.9 avgBps=34.40 avgTps=5441 avgMGps=520.9 elapsed=6h36m56s
Aug 23 19:22:28 nimbus-eth1-mainnet-short-benchmark[3171628]: INF 2026-08-23 19:22:28.490+00:00 Imported blocks                            blockNumber=20827393 slot=10036710 blocks=827392 txs=130916729 mgas=12530249 bps=40.68 tps=6556 mgps=614.0 avgBps=34.45 avgTps=5450 avgMGps=521.7 elapsed=6h40m18s
Aug 23 19:25:48 nimbus-eth1-mainnet-short-benchmark[3171628]: INF 2026-08-23 19:25:48.828+00:00 Imported blocks                            blockNumber=20835585 slot=10044938 blocks=835584 txs=132226625 mgas=12654070 bps=40.89 tps=6538 mgps=618.1 avgBps=34.50 avgTps=5459 avgMGps=522.5 elapsed=6h43m38s
Aug 23 19:29:21 nimbus-eth1-mainnet-short-benchmark[3171628]: INF 2026-08-23 19:29:21.469+00:00 Imported blocks                            blockNumber=20843777 slot=10053164 blocks=843776 txs=133604192 mgas=12777730 bps=38.52 tps=6478 mgps=581.5 avgBps=34.54 avgTps=5468 avgMGps=523.0 elapsed=6h47m11s
Aug 23 19:33:20 nimbus-eth1-mainnet-short-benchmark[3171628]: INF 2026-08-23 19:33:20.281+00:00 Imported blocks                            blockNumber=20851969 slot=10061391 blocks=851968 txs=134900706 mgas=12901664 bps=34.30 tps=5429 mgps=519.0 avgBps=34.53 avgTps=5468 avgMGps=523.0 elapsed=6h51m9s
Aug 23 19:37:07 nimbus-eth1-mainnet-short-benchmark[3171628]: INF 2026-08-23 19:37:07.678+00:00 Imported blocks                            blockNumber=20860161 slot=10069622 blocks=860160 txs=136168750 mgas=13025603 bps=36.03 tps=5576 mgps=545.0 avgBps=34.55 avgTps=5469 avgMGps=523.2 elapsed=6h54m57s
Aug 23 19:40:50 nimbus-eth1-mainnet-short-benchmark[3171628]: INF 2026-08-23 19:40:50.259+00:00 Imported blocks                            blockNumber=20868353 slot=10077838 blocks=868352 txs=137550724 mgas=13149742 bps=36.80 tps=6208 mgps=557.7 avgBps=34.57 avgTps=5475 avgMGps=523.5 elapsed=6h58m39s
Aug 23 19:44:34 nimbus-eth1-mainnet-short-benchmark[3171628]: INF 2026-08-23 19:44:34.012+00:00 Imported blocks                            blockNumber=20876545 slot=10086066 blocks=876544 txs=138954673 mgas=13273457 bps=36.61 tps=6274 mgps=552.9 avgBps=34.59 avgTps=5482 avgMGps=523.7 elapsed=7h2m23s
Aug 23 19:48:10 nimbus-eth1-mainnet-short-benchmark[3171628]: INF 2026-08-23 19:48:10.984+00:00 Imported blocks                            blockNumber=20884737 slot=10094286 blocks=884736 txs=140256178 mgas=13397479 bps=37.76 tps=5998 mgps=571.6 avgBps=34.61 avgTps=5487 avgMGps=524.1 elapsed=7h6m643ms
Aug 23 19:51:42 nimbus-eth1-mainnet-short-benchmark[3171628]: INF 2026-08-23 19:51:42.501+00:00 Imported blocks                            blockNumber=20892929 slot=10102512 blocks=892928 txs=141581868 mgas=13521575 bps=38.73 tps=6267 mgps=586.7 avgBps=34.65 avgTps=5493 avgMGps=524.7 elapsed=7h9m32s
Aug 23 19:55:14 nimbus-eth1-mainnet-short-benchmark[3171628]: INF 2026-08-23 19:55:14.842+00:00 Imported blocks                            blockNumber=20901121 slot=10110732 blocks=901120 txs=142875889 mgas=13645572 bps=38.58 tps=6094 mgps=584.0 avgBps=34.68 avgTps=5498 avgMGps=525.1 elapsed=7h13m4s
Aug 23 19:58:45 nimbus-eth1-mainnet-short-benchmark[3171628]: INF 2026-08-23 19:58:45.835+00:00 Imported blocks                            blockNumber=20909313 slot=10118953 blocks=909312 txs=144102308 mgas=13769390 bps=38.83 tps=5812 mgps=586.8 avgBps=34.71 avgTps=5501 avgMGps=525.6 elapsed=7h16m35s
Aug 23 20:02:12 nimbus-eth1-mainnet-short-benchmark[3171628]: INF 2026-08-23 20:02:12.648+00:00 Imported blocks                            blockNumber=20917505 slot=10127176 blocks=917504 txs=145406349 mgas=13893087 bps=39.61 tps=6305 mgps=598.1 avgBps=34.75 avgTps=5507 avgMGps=526.2 elapsed=7h20m2s
Aug 23 20:05:32 nimbus-eth1-mainnet-short-benchmark[3171628]: INF 2026-08-23 20:05:32.298+00:00 Imported blocks                            blockNumber=20925697 slot=10135394 blocks=925696 txs=146718394 mgas=14016820 bps=41.03 tps=6571 mgps=619.7 avgBps=34.80 avgTps=5515 avgMGps=526.9 elapsed=7h23m21s
Aug 23 20:09:04 nimbus-eth1-mainnet-short-benchmark[3171628]: INF 2026-08-23 20:09:04.775+00:00 Imported blocks                            blockNumber=20933889 slot=10143614 blocks=933888 txs=148049109 mgas=14140625 bps=38.55 tps=6262 mgps=582.7 avgBps=34.83 avgTps=5521 avgMGps=527.4 elapsed=7h26m54s
Aug 23 20:12:30 nimbus-eth1-mainnet-short-benchmark[3171628]: INF 2026-08-23 20:12:30.396+00:00 Imported blocks                            blockNumber=20942081 slot=10151840 blocks=942080 txs=149397364 mgas=14264352 bps=39.84 tps=6557 mgps=601.7 avgBps=34.87 avgTps=5529 avgMGps=527.9 elapsed=7h30m20s
Aug 23 20:15:59 nimbus-eth1-mainnet-short-benchmark[3171628]: INF 2026-08-23 20:15:59.649+00:00 Imported blocks                            blockNumber=20950273 slot=10160098 blocks=950272 txs=150765507 mgas=14388237 bps=39.15 tps=6538 mgps=592.0 avgBps=34.90 avgTps=5536 avgMGps=528.4 elapsed=7h33m49s
Aug 23 20:19:42 nimbus-eth1-mainnet-short-benchmark[3171628]: INF 2026-08-23 20:19:42.869+00:00 Imported blocks                            blockNumber=20958465 slot=10168363 blocks=958464 txs=152044771 mgas=14511987 bps=36.70 tps=5730 mgps=554.4 avgBps=34.91 avgTps=5538 avgMGps=528.6 elapsed=7h37m32s
Aug 23 20:23:18 nimbus-eth1-mainnet-short-benchmark[3171628]: INF 2026-08-23 20:23:18.218+00:00 Imported blocks                            blockNumber=20966657 slot=10176609 blocks=966656 txs=153365296 mgas=14635804 bps=38.04 tps=6132 mgps=575.0 avgBps=34.94 avgTps=5543 avgMGps=529.0 elapsed=7h41m7s
Aug 23 20:26:49 nimbus-eth1-mainnet-short-benchmark[3171628]: INF 2026-08-23 20:26:49.371+00:00 Imported blocks                            blockNumber=20974849 slot=10184849 blocks=974848 txs=154744917 mgas=14759580 bps=38.80 tps=6533 mgps=586.2 avgBps=34.97 avgTps=5550 avgMGps=529.4 elapsed=7h44m39s
Aug 23 20:30:27 nimbus-eth1-mainnet-short-benchmark[3171628]: INF 2026-08-23 20:30:27.252+00:00 Imported blocks                            blockNumber=20983041 slot=10193086 blocks=983040 txs=156055229 mgas=14883451 bps=37.60 tps=6013 mgps=568.5 avgBps=34.99 avgTps=5554 avgMGps=529.7 elapsed=7h48m16s
Aug 23 20:33:41 nimbus-eth1-mainnet-short-benchmark[3171628]: INF 2026-08-23 20:33:41.726+00:00 Imported blocks                            blockNumber=20991233 slot=10201319 blocks=991232 txs=157563202 mgas=15007557 bps=42.12 tps=7754 mgps=638.2 avgBps=35.04 avgTps=5569 avgMGps=530.5 elapsed=7h51m31s
Aug 23 20:37:25 nimbus-eth1-mainnet-short-benchmark[3171628]: INF 2026-08-23 20:37:25.558+00:00 Imported blocks                            blockNumber=20999425 slot=10209549 blocks=999424 txs=159003277 mgas=15131383 bps=36.60 tps=6433 mgps=553.2 avgBps=35.05 avgTps=5576 avgMGps=530.6 elapsed=7h55m15s
Aug 23 20:37:41 nimbus-eth1-mainnet-short-benchmark[3171628]: INF 2026-08-23 20:37:41.570+00:00 Imported blocks                            blockNumber=21000001 slot=10210128 blocks=1000000 txs=159109486 mgas=15140191 bps=35.97 tps=6633 mgps=550.1 avgBps=35.05 avgTps=5576 avgMGps=530.7 elapsed=7h55m31s
Aug 23 20:37:41 nimbus-eth1-mainnet-short-benchmark[3171628]: NTC 2026-08-23 20:37:41.570+00:00 Import complete                            blockNumber=21000001 slot=10210128 blocks=1000000 txs=159109486 mgas=15140191
Aug 23 20:37:42 nimbus-eth1-mainnet-short-benchmark[3139542]: <<< ending startNimbusWithImport (success)
Aug 23 20:37:42 nimbus-eth1-mainnet-short-benchmark[3139542]: >>> starting moveBenchmarkingFileToRepo
Aug 23 20:37:42 nimbus-eth1-mainnet-short-benchmark[3139542]: >>> copying debug-csv generated by nimbus to benchmarks repo
Aug 23 20:37:42 nimbus-eth1-mainnet-short-benchmark[3139542]: <<< ending moveBenchmarkingFileToRepo (success)
Aug 23 20:37:42 nimbus-eth1-mainnet-short-benchmark[3139542]: >>> starting generateBuildEnvironmentLogFile
Aug 23 20:37:51 nimbus-eth1-mainnet-short-benchmark[3139542]: <<< ending generateBuildEnvironmentLogFile (success)
Aug 23 20:37:51 nimbus-eth1-mainnet-short-benchmark[3139542]: >>> starting generateSystemdServiceLogs
