Sep 08 23:30:04 nimbus-eth1-mainnet-short-benchmark[910794]: >>> starting cloneOrFetchBenchmarksRepo
Sep 08 23:30:04 nimbus-eth1-mainnet-short-benchmark[910794]: >>> Fetching latest changes for nimbus-eth1-benchmarks...
Sep 08 23:30:06 nimbus-eth1-mainnet-short-benchmark[910845]: HEAD is now at b2702d7 chore: update short benchmark Readme
Sep 08 23:30:06 nimbus-eth1-mainnet-short-benchmark[910794]: <<< ending cloneOrFetchBenchmarksRepo (success)
Sep 08 23:30:06 nimbus-eth1-mainnet-short-benchmark[910794]: >>> starting cloneOrFetchNimbusRepo
Sep 08 23:30:20 nimbus-eth1-mainnet-short-benchmark[910794]: >>> Fetching latest changes for nimbus-eth1...
Sep 08 23:30:21 nimbus-eth1-mainnet-short-benchmark[911194]: From https://github.com/status-im/nimbus-eth1
Sep 08 23:30:21 nimbus-eth1-mainnet-short-benchmark[911194]:    1a2c63f44..328dc7cc1  fix-inbound-connections -> origin/fix-inbound-connections
Sep 08 23:30:21 nimbus-eth1-mainnet-short-benchmark[911194]:    5bf9692bd..4d18f5c9a  zkvm-guest-accelerators -> origin/zkvm-guest-accelerators
Sep 08 23:30:21 nimbus-eth1-mainnet-short-benchmark[911203]: HEAD is now at 74bf6dd8d Avoid redundant seq copies when fetching KVT values (#4759)
Sep 08 23:30:21 nimbus-eth1-mainnet-short-benchmark[910794]: >>> Found last benchmarked commit: 39fbf4d3
Sep 08 23:30:21 nimbus-eth1-mainnet-short-benchmark[910794]: >>> Using next commit: 05ea01293ef8f65ccc7185832556dfcb30e84688
Sep 08 23:30:21 nimbus-eth1-mainnet-short-benchmark[911219]: HEAD is now at 05ea01293 Bump nim-web3 (#4719)
Sep 08 23:30:21 nimbus-eth1-mainnet-short-benchmark[910794]: >>> Current commit: 05ea01293
Sep 08 23:30:21 nimbus-eth1-mainnet-short-benchmark[910794]: <<< ending cloneOrFetchNimbusRepo (success)
Sep 08 23:30:21 nimbus-eth1-mainnet-short-benchmark[910794]: >>> starting buildBinaries
Sep 08 23:30:21 nimbus-eth1-mainnet-short-benchmark[910794]: >>> Building binaries for commit 05ea0129...
Sep 08 23:30:25 nimbus-eth1-mainnet-short-benchmark[912460]: Submodule path 'vendor/nim-normalize': checked out '354594fe987c811ba142dddfa0dcef9a5d60273e'
Sep 08 23:30:26 nimbus-eth1-mainnet-short-benchmark[912460]: Submodule path 'vendor/nim-web3': checked out 'd968a01b80d87eaa0011aa773d07b395116aa022'
Sep 08 23:30:31 nimbus-eth1-mainnet-short-benchmark[916781]: Building: Nim compiler
Sep 08 23:33:23 nimbus-eth1-mainnet-short-benchmark[916781]: Building custom Nimble commit: 42ef70c2102a942c46f13eb76872326edd525cec
Sep 08 23:33:33 nimbus-eth1-mainnet-short-benchmark[916781]: Building Nimble...
Sep 08 23:33:43 nimbus-eth1-mainnet-short-benchmark[916781]: Replacing nimble binary...
Sep 08 23:33:51 nimbus-eth1-mainnet-short-benchmark[933276]: Building: build/generate_makefile
Sep 08 23:33:51 nimbus-eth1-mainnet-short-benchmark[933140]: ROCKSDB CACHED VERSION: 11.1.2
Sep 08 23:33:51 nimbus-eth1-mainnet-short-benchmark[933542]: RocksDb static libraries already built. Skipping build.
Sep 08 23:33:51 nimbus-eth1-mainnet-short-benchmark[933276]: Build completed successfully: build/generate_makefile
Sep 08 23:33:51 nimbus-eth1-mainnet-short-benchmark[933594]: Building: build/nimbus_execution_client
Sep 08 23:36:13 nimbus-eth1-mainnet-short-benchmark[933594]: Build completed successfully: build/nimbus_execution_client
Sep 08 23:36:13 nimbus-eth1-mainnet-short-benchmark[910794]: >>> renaming binaries to match commit they were built from
Sep 08 23:36:13 nimbus-eth1-mainnet-short-benchmark[910794]: >>> creating a symbolic link to the latest version
Sep 08 23:36:13 nimbus-eth1-mainnet-short-benchmark[910794]: >>> deleting copies that are older than N days
Sep 08 23:36:13 nimbus-eth1-mainnet-short-benchmark[910794]: <<< ending buildBinaries (success)
Sep 08 23:36:13 nimbus-eth1-mainnet-short-benchmark[910794]: >>> starting skipOrContinueBenchmark
Sep 08 23:36:13 nimbus-eth1-mainnet-short-benchmark[910794]: <<< ending skipOrContinueBenchmark (success)
Sep 08 23:36:13 nimbus-eth1-mainnet-short-benchmark[910794]: >>> starting copyTemplateDatabase
Sep 08 23:36:13 nimbus-eth1-mainnet-short-benchmark[910794]: >>> Copying template db into nimbus data directory
Sep 08 23:39:24 nimbus-eth1-mainnet-short-benchmark[910794]: >>> Template db copied
Sep 08 23:39:24 nimbus-eth1-mainnet-short-benchmark[910794]: >>> making nimbus the owner of the copied files
Sep 08 23:39:24 nimbus-eth1-mainnet-short-benchmark[910794]: <<< ending copyTemplateDatabase (success)
Sep 08 23:39:24 nimbus-eth1-mainnet-short-benchmark[910794]: >>> starting startNimbusWithImport
Sep 08 23:39:24 nimbus-eth1-mainnet-short-benchmark[939279]: INF 2026-09-08 23:39:24.374+00:00 Launching execution client                 version=v0.4.0-05ea0129 config="(configFile: none(InputFile), dataDirFlag: some(/data/status-im/nimbus-eth1/data/shared_mainnet_0), era1DirFlag: some(/data/era1), eraDirFlag: some(/data/era), ereDirFlag: none(OutDir), keyStoreDirFlag: none(OutDir), importKey: , trustedSetupFile: none(string), extraData: Nimbus/v0.4.0-05ea0129, gasLimit: none(uint64), maxBlobs: none(byte), network: [mainnet], logLevel: INFO, logFormat: auto, metricsEnabled: false, metricsPort: 9093, metricsAddress: 127.0.0.1, bootstrapNodes: [], elBootstrapNodes: [], bootstrapFile: , elBootstrapFile: , staticPeers: [], staticPeersFile: , reconnectMaxRetry: 0, reconnectInterval: 15, listenAddress: ::, tcpPort: 30303, udpPortFlag: none(Port), maxPeersOpt: none(int), elMaxPeersOpt: none(int), nat: (hasExtIp: false, nat: NatAny), discv5: true, netKey: random, agentString: Nimbus/v0.4.0-05ea0129/linux-amd64/Nim-2.2.10, numThreads: 0, persistBatchSize: 4, dynamicBatchSize: false, rocksdbMaxOpenFiles: 2048, rocksdbWriteBufferSize: 67108864, rocksdbRowCacheSize: 0, rocksdbBlockCacheSize: 2147483648, rocksdbBlockCacheType: hyperclock, rdbVtxCacheSize: 536870912, rdbKeyCacheSize: 1342177280, rdbBranchCacheSize: 1073741824, rdbPrintStats: false, rewriteDatadirId: true, aristoDbMaxSnapshots: 5, parallelStateRootComputation: false, parallelSenderRecovery: true, optimisticStatePrefetch: false, balStatePrefetch: false, balStatePrefetchWorkers: 0, balParallelExecution: false, balPruning: true, eagerStateRootCheck: false, deserializeFcState: true, statelessProvider: false, statelessWitnessValidation: false, cmd: import, maxBlocks: 1000000, chunkSize: 8192, csvStats: some("/data/host-benchmarks/short/98b78f245d7c4f3cbb72d5aa7a0c0a74/blocks-import-benchmark.csv"), validation: false, fullValidation: false, storeBodies: false, storeReceipts: false, storeSlotHashes: false)"
Sep 08 23:39:24 nimbus-eth1-mainnet-short-benchmark[939279]: WRN 2026-09-08 23:39:24.378+00:00 Data directory has insecure permissions. Correcting them. data_dir=/data/status-im/nimbus-eth1/data/shared_mainnet_0 current_permissions=0755 required_permissions=0700
Sep 08 23:39:26 nimbus-eth1-mainnet-short-benchmark[939279]: INF 2026-09-08 23:39:26.209+00:00 Taskpool started                           numThreads=16
Sep 08 23:39:26 nimbus-eth1-mainnet-short-benchmark[939279]: INF 2026-09-08 23:39:26.353+00:00 Database initialized                       base="(0xd24fd73f794058a3807db926d8898c6481e902b7edb91ce0d479d6760f276183, 20000000)" finalized="(0xd24fd73f794058a3807db926d8898c6481e902b7edb91ce0d479d6760f276183, 20000000)" head="(0xd4e56740f876aef8c010b86a40d5f56745a118d0906a34e69aec8c0db1cb8fa3, 0)"
Sep 08 23:39:26 nimbus-eth1-mainnet-short-benchmark[939279]: NTC 2026-09-08 23:39:26.353+00:00 Could not open ere database, falling back to era1/era import ereDir=/data/status-im/nimbus-eth1/data/shared_mainnet_0/ere networkName=mainnet error="No ere files found in /data/status-im/nimbus-eth1/data/shared_mainnet_0/ere"
Sep 08 23:39:26 nimbus-eth1-mainnet-short-benchmark[939279]: NTC 2026-09-08 23:39:26.353+00:00 Importing era archive                      blockNumber=20000001 dataDir=/data/status-im/nimbus-eth1/data/shared_mainnet_0 eraDir=/data/era
Sep 08 23:39:28 nimbus-eth1-mainnet-short-benchmark[939279]: NTC 2026-09-08 23:39:28.633+00:00 Matched block to slot number               blockNumber=20000001 slot=9204783
Sep 08 23:45:28 nimbus-eth1-mainnet-short-benchmark[939279]: INF 2026-09-08 23:45:28.316+00:00 Imported blocks                            blockNumber=20008193 slot=9213020 blocks=8192 txs=1226966 mgas=124237 bps=22.63 tps=3389 mgps=343.2 avgBps=22.63 avgTps=3389 avgMGps=343.2 elapsed=6m1s966ms
Sep 08 23:50:51 nimbus-eth1-mainnet-short-benchmark[939279]: INF 2026-09-08 23:50:51.980+00:00 Imported blocks                            blockNumber=20016385 slot=9221256 blocks=16384 txs=2540380 mgas=248071 bps=25.31 tps=4058 mgps=382.6 avgBps=23.90 avgTps=3705 avgMGps=361.8 elapsed=11m25s623ms
Sep 08 23:55:58 nimbus-eth1-mainnet-short-benchmark[939279]: INF 2026-09-08 23:55:58.848+00:00 Imported blocks                            blockNumber=20024577 slot=9229485 blocks=24576 txs=3869398 mgas=372018 bps=26.70 tps=4330 mgps=403.9 avgBps=24.76 avgTps=3898 avgMGps=374.8 elapsed=16m32s492ms
Sep 09 00:00:33 nimbus-eth1-mainnet-short-benchmark[939279]: INF 2026-09-09 00:00:33.048+00:00 Imported blocks                            blockNumber=20032769 slot=9237722 blocks=32768 txs=5222766 mgas=495797 bps=29.88 tps=4935 mgps=451.4 avgBps=25.87 avgTps=4123 avgMGps=391.4 elapsed=21m6s693ms
Sep 09 00:05:00 nimbus-eth1-mainnet-short-benchmark[939279]: INF 2026-09-09 00:05:00.132+00:00 Imported blocks                            blockNumber=20040961 slot=9245957 blocks=40960 txs=6566802 mgas=619586 bps=30.67 tps=5032 mgps=463.5 avgBps=26.71 avgTps=4281 avgMGps=404.0 elapsed=25m33s776ms
Sep 09 00:09:45 nimbus-eth1-mainnet-short-benchmark[939279]: INF 2026-09-09 00:09:45.500+00:00 Imported blocks                            blockNumber=20049153 slot=9254196 blocks=49152 txs=7904746 mgas=743522 bps=28.71 tps=4688 mgps=434.3 avgBps=27.02 avgTps=4345 avgMGps=408.7 elapsed=30m19s146ms
Sep 09 00:14:17 nimbus-eth1-mainnet-short-benchmark[939279]: INF 2026-09-09 00:14:17.476+00:00 Imported blocks                            blockNumber=20057345 slot=9262435 blocks=57344 txs=9212009 mgas=867360 bps=30.12 tps=4806 mgps=455.3 avgBps=27.42 avgTps=4405 avgMGps=414.8 elapsed=34m51s120ms
Sep 09 00:18:31 nimbus-eth1-mainnet-short-benchmark[939279]: INF 2026-09-09 00:18:31.796+00:00 Imported blocks                            blockNumber=20065537 slot=9270674 blocks=65536 txs=10559018 mgas=991371 bps=32.21 tps=5296 mgps=487.6 avgBps=27.94 avgTps=4501 avgMGps=422.7 elapsed=39m5s443ms
Sep 09 00:22:34 nimbus-eth1-mainnet-short-benchmark[939279]: INF 2026-09-09 00:22:34.165+00:00 Imported blocks                            blockNumber=20073729 slot=9278910 blocks=73728 txs=11898676 mgas=1115111 bps=33.80 tps=5527 mgps=510.5 avgBps=28.49 avgTps=4597 avgMGps=430.9 elapsed=43m7s811ms
Sep 09 00:26:24 nimbus-eth1-mainnet-short-benchmark[939279]: INF 2026-09-09 00:26:24.162+00:00 Imported blocks                            blockNumber=20081921 slot=9287152 blocks=81920 txs=13323263 mgas=1239150 bps=35.62 tps=6193 mgps=539.3 avgBps=29.07 avgTps=4728 avgMGps=439.8 elapsed=46m57s807ms
Sep 09 00:30:12 nimbus-eth1-mainnet-short-benchmark[939279]: INF 2026-09-09 00:30:12.871+00:00 Imported blocks                            blockNumber=20090113 slot=9295408 blocks=90112 txs=14697082 mgas=1363113 bps=35.82 tps=6006 mgps=542.0 avgBps=29.58 avgTps=4824 avgMGps=447.4 elapsed=50m46s515ms
Sep 09 00:34:19 nimbus-eth1-mainnet-short-benchmark[939279]: INF 2026-09-09 00:34:19.011+00:00 Imported blocks                            blockNumber=20098305 slot=9303658 blocks=98304 txs=16025683 mgas=1487146 bps=33.28 tps=5397 mgps=503.9 avgBps=29.86 avgTps=4867 avgMGps=451.7 elapsed=54m52s658ms
Sep 09 00:38:35 nimbus-eth1-mainnet-short-benchmark[939279]: INF 2026-09-09 00:38:34.999+00:00 Imported blocks                            blockNumber=20106497 slot=9311895 blocks=106496 txs=17337157 mgas=1611066 bps=32.00 tps=5123 mgps=484.1 avgBps=30.01 avgTps=4885 avgMGps=454.0 elapsed=59m8s643ms
Sep 09 00:42:36 nimbus-eth1-mainnet-short-benchmark[939279]: INF 2026-09-09 00:42:36.504+00:00 Imported blocks                            blockNumber=20114689 slot=9320146 blocks=114688 txs=18632097 mgas=1735123 bps=33.92 tps=5361 mgps=513.7 avgBps=30.26 avgTps=4915 avgMGps=457.8 elapsed=1h3m10s
Sep 09 00:46:25 nimbus-eth1-mainnet-short-benchmark[939279]: INF 2026-09-09 00:46:25.641+00:00 Imported blocks                            blockNumber=20122881 slot=9328409 blocks=122880 txs=19937418 mgas=1859249 bps=35.75 tps=5696 mgps=541.7 avgBps=30.57 avgTps=4960 avgMGps=462.6 elapsed=1h6m59s
Sep 09 00:50:10 nimbus-eth1-mainnet-short-benchmark[939279]: INF 2026-09-09 00:50:10.822+00:00 Imported blocks                            blockNumber=20131073 slot=9336660 blocks=131072 txs=21214129 mgas=1983500 bps=36.38 tps=5669 mgps=551.8 avgBps=30.88 avgTps=4998 avgMGps=467.3 elapsed=1h10m44s
Sep 09 00:53:53 nimbus-eth1-mainnet-short-benchmark[939279]: INF 2026-09-09 00:53:53.655+00:00 Imported blocks                            blockNumber=20139265 slot=9344906 blocks=139264 txs=22579079 mgas=2107571 bps=36.76 tps=6125 mgps=556.8 avgBps=31.17 avgTps=5054 avgMGps=471.8 elapsed=1h14m27s
Sep 09 00:58:21 nimbus-eth1-mainnet-short-benchmark[939279]: INF 2026-09-09 00:58:21.015+00:00 Imported blocks                            blockNumber=20147457 slot=9353153 blocks=147456 txs=24133322 mgas=2231686 bps=30.64 tps=5813 mgps=464.2 avgBps=31.14 avgTps=5097 avgMGps=471.4 elapsed=1h18m54s
Sep 09 01:02:38 nimbus-eth1-mainnet-short-benchmark[939279]: INF 2026-09-09 01:02:38.391+00:00 Imported blocks                            blockNumber=20155649 slot=9361407 blocks=155648 txs=25424015 mgas=2356018 bps=31.83 tps=5014 mgps=483.1 avgBps=31.18 avgTps=5092 avgMGps=472.0 elapsed=1h23m12s
Sep 09 01:06:36 nimbus-eth1-mainnet-short-benchmark[939279]: INF 2026-09-09 01:06:36.112+00:00 Imported blocks                            blockNumber=20163841 slot=9369652 blocks=163840 txs=26749549 mgas=2480207 bps=34.46 tps=5576 mgps=522.4 avgBps=31.33 avgTps=5114 avgMGps=474.2 elapsed=1h27m9s
Sep 09 01:10:31 nimbus-eth1-mainnet-short-benchmark[939279]: INF 2026-09-09 01:10:31.692+00:00 Imported blocks                            blockNumber=20172033 slot=9377892 blocks=172032 txs=28105316 mgas=2604026 bps=34.77 tps=5754 mgps=525.6 avgBps=31.48 avgTps=5142 avgMGps=476.5 elapsed=1h31m5s
Sep 09 01:14:28 nimbus-eth1-mainnet-short-benchmark[939279]: INF 2026-09-09 01:14:28.529+00:00 Imported blocks                            blockNumber=20180225 slot=9386128 blocks=180224 txs=29524405 mgas=2728170 bps=34.59 tps=5991 mgps=524.2 avgBps=31.61 avgTps=5177 avgMGps=478.4 elapsed=1h35m2s
Sep 09 01:18:08 nimbus-eth1-mainnet-short-benchmark[939279]: INF 2026-09-09 01:18:08.214+00:00 Imported blocks                            blockNumber=20188417 slot=9394365 blocks=188416 txs=30849021 mgas=2852023 bps=37.29 tps=6029 mgps=563.8 avgBps=31.82 avgTps=5209 avgMGps=481.6 elapsed=1h38m41s
Sep 09 01:22:12 nimbus-eth1-mainnet-short-benchmark[939279]: INF 2026-09-09 01:22:12.567+00:00 Imported blocks                            blockNumber=20196609 slot=9402602 blocks=196608 txs=32174755 mgas=2976155 bps=33.53 tps=5425 mgps=508.0 avgBps=31.88 avgTps=5217 avgMGps=482.7 elapsed=1h42m46s
Sep 09 01:26:30 nimbus-eth1-mainnet-short-benchmark[939279]: INF 2026-09-09 01:26:30.799+00:00 Imported blocks                            blockNumber=20204801 slot=9410840 blocks=204800 txs=33475942 mgas=3100410 bps=31.72 tps=5038 mgps=481.2 avgBps=31.88 avgTps=5210 avgMGps=482.6 elapsed=1h47m4s
Sep 09 01:30:27 nimbus-eth1-mainnet-short-benchmark[939279]: INF 2026-09-09 01:30:27.756+00:00 Imported blocks                            blockNumber=20212993 slot=9419071 blocks=212992 txs=34798508 mgas=3224370 bps=34.57 tps=5581 mgps=523.1 avgBps=31.97 avgTps=5223 avgMGps=484.0 elapsed=1h51m1s
Sep 09 01:34:20 nimbus-eth1-mainnet-short-benchmark[939279]: INF 2026-09-09 01:34:20.912+00:00 Imported blocks                            blockNumber=20221185 slot=9427313 blocks=221184 txs=36114045 mgas=3348169 bps=35.13 tps=5642 mgps=531.0 avgBps=32.08 avgTps=5238 avgMGps=485.6 elapsed=1h54m54s
Sep 09 01:37:53 nimbus-eth1-mainnet-short-benchmark[939279]: INF 2026-09-09 01:37:53.793+00:00 Imported blocks                            blockNumber=20229377 slot=9435549 blocks=229376 txs=37421794 mgas=3472031 bps=38.48 tps=6143 mgps=581.8 avgBps=32.27 avgTps=5265 avgMGps=488.5 elapsed=1h58m27s
Sep 09 01:41:36 nimbus-eth1-mainnet-short-benchmark[939279]: INF 2026-09-09 01:41:36.758+00:00 Imported blocks                            blockNumber=20237569 slot=9443788 blocks=237568 txs=38842064 mgas=3596351 bps=36.74 tps=6369 mgps=557.6 avgBps=32.41 avgTps=5298 avgMGps=490.6 elapsed=2h2m10s
Sep 09 01:45:38 nimbus-eth1-mainnet-short-benchmark[939279]: INF 2026-09-09 01:45:38.527+00:00 Imported blocks                            blockNumber=20245761 slot=9452021 blocks=245760 txs=40225739 mgas=3720100 bps=33.88 tps=5723 mgps=511.8 avgBps=32.46 avgTps=5312 avgMGps=491.3 elapsed=2h6m12s
Sep 09 01:49:56 nimbus-eth1-mainnet-short-benchmark[939279]: INF 2026-09-09 01:49:56.059+00:00 Imported blocks                            blockNumber=20253953 slot=9460253 blocks=253952 txs=41454921 mgas=3844385 bps=31.81 tps=4772 mgps=482.6 avgBps=32.43 avgTps=5294 avgMGps=491.0 elapsed=2h10m29s
Sep 09 01:54:00 nimbus-eth1-mainnet-short-benchmark[939279]: INF 2026-09-09 01:54:00.872+00:00 Imported blocks                            blockNumber=20262145 slot=9468495 blocks=262144 txs=42726051 mgas=3968623 bps=33.46 tps=5192 mgps=507.5 avgBps=32.47 avgTps=5291 avgMGps=491.5 elapsed=2h14m34s
Sep 09 01:57:49 nimbus-eth1-mainnet-short-benchmark[939279]: INF 2026-09-09 01:57:49.369+00:00 Imported blocks                            blockNumber=20270337 slot=9476748 blocks=270336 txs=44050436 mgas=4092682 bps=35.85 tps=5796 mgps=542.9 avgBps=32.56 avgTps=5305 avgMGps=492.9 elapsed=2h18m23s
Sep 09 02:01:22 nimbus-eth1-mainnet-short-benchmark[939279]: INF 2026-09-09 02:01:22.950+00:00 Imported blocks                            blockNumber=20278529 slot=9484981 blocks=278528 txs=45382368 mgas=4216487 bps=38.36 tps=6236 mgps=579.7 avgBps=32.70 avgTps=5328 avgMGps=495.1 elapsed=2h21m56s
Sep 09 02:05:00 nimbus-eth1-mainnet-short-benchmark[939279]: INF 2026-09-09 02:05:00.750+00:00 Imported blocks                            blockNumber=20286721 slot=9493213 blocks=286720 txs=46733429 mgas=4340363 bps=37.61 tps=6203 mgps=568.8 avgBps=32.83 avgTps=5350 avgMGps=496.9 elapsed=2h25m34s
Sep 09 02:08:57 nimbus-eth1-mainnet-short-benchmark[939279]: INF 2026-09-09 02:08:57.191+00:00 Imported blocks                            blockNumber=20294913 slot=9501453 blocks=294912 txs=48075887 mgas=4464376 bps=34.65 tps=5677 mgps=524.5 avgBps=32.87 avgTps=5359 avgMGps=497.7 elapsed=2h29m30s
Sep 09 02:12:50 nimbus-eth1-mainnet-short-benchmark[939279]: INF 2026-09-09 02:12:50.336+00:00 Imported blocks                            blockNumber=20303105 slot=9509696 blocks=303104 txs=49379538 mgas=4588534 bps=35.14 tps=5591 mgps=532.5 avgBps=32.93 avgTps=5365 avgMGps=498.5 elapsed=2h33m23s
Sep 09 02:16:36 nimbus-eth1-mainnet-short-benchmark[939279]: INF 2026-09-09 02:16:36.325+00:00 Imported blocks                            blockNumber=20311297 slot=9517922 blocks=311296 txs=50637672 mgas=4712596 bps=36.25 tps=5567 mgps=549.0 avgBps=33.01 avgTps=5369 avgMGps=499.7 elapsed=2h37m9s
Sep 09 02:20:14 nimbus-eth1-mainnet-short-benchmark[939279]: INF 2026-09-09 02:20:14.826+00:00 Imported blocks                            blockNumber=20319489 slot=9526159 blocks=319488 txs=51981692 mgas=4836521 bps=37.49 tps=6151 mgps=567.2 avgBps=33.11 avgTps=5387 avgMGps=501.3 elapsed=2h40m48s
Sep 09 02:23:33 nimbus-eth1-mainnet-short-benchmark[939279]: INF 2026-09-09 02:23:33.427+00:00 Imported blocks                            blockNumber=20327681 slot=9534381 blocks=327680 txs=53356123 mgas=4960245 bps=41.25 tps=6920 mgps=623.0 avgBps=33.28 avgTps=5418 avgMGps=503.7 elapsed=2h44m7s
Sep 09 02:26:51 nimbus-eth1-mainnet-short-benchmark[939279]: INF 2026-09-09 02:26:51.952+00:00 Imported blocks                            blockNumber=20335873 slot=9542617 blocks=335872 txs=54719105 mgas=5084025 bps=41.26 tps=6865 mgps=623.5 avgBps=33.43 avgTps=5447 avgMGps=506.1 elapsed=2h47m25s
Sep 09 02:30:31 nimbus-eth1-mainnet-short-benchmark[939279]: INF 2026-09-09 02:30:31.741+00:00 Imported blocks                            blockNumber=20344065 slot=9550841 blocks=344064 txs=56021853 mgas=5207843 bps=37.27 tps=5927 mgps=563.3 avgBps=33.52 avgTps=5457 avgMGps=507.3 elapsed=2h51m5s
Sep 09 02:34:39 nimbus-eth1-mainnet-short-benchmark[939279]: INF 2026-09-09 02:34:39.801+00:00 Imported blocks                            blockNumber=20352257 slot=9559072 blocks=352256 txs=57290408 mgas=5332016 bps=33.02 tps=5113 mgps=500.6 avgBps=33.51 avgTps=5449 avgMGps=507.2 elapsed=2h55m13s
Sep 09 02:38:25 nimbus-eth1-mainnet-short-benchmark[939279]: INF 2026-09-09 02:38:25.982+00:00 Imported blocks                            blockNumber=20360449 slot=9567308 blocks=360448 txs=58543463 mgas=5456201 bps=36.22 tps=5540 mgps=549.1 avgBps=33.56 avgTps=5451 avgMGps=508.0 elapsed=2h58m59s
Sep 09 02:42:03 nimbus-eth1-mainnet-short-benchmark[939279]: INF 2026-09-09 02:42:03.795+00:00 Imported blocks                            blockNumber=20368641 slot=9575548 blocks=368640 txs=59874056 mgas=5580204 bps=37.61 tps=6108 mgps=569.3 avgBps=33.64 avgTps=5464 avgMGps=509.3 elapsed=3h2m37s
Sep 09 02:45:50 nimbus-eth1-mainnet-short-benchmark[939279]: INF 2026-09-09 02:45:50.000+00:00 Imported blocks                            blockNumber=20376833 slot=9583774 blocks=376832 txs=61167066 mgas=5704396 bps=36.22 tps=5716 mgps=549.0 avgBps=33.69 avgTps=5469 avgMGps=510.1 elapsed=3h6m23s
Sep 09 02:49:30 nimbus-eth1-mainnet-short-benchmark[939279]: INF 2026-09-09 02:49:30.177+00:00 Imported blocks                            blockNumber=20385025 slot=9592009 blocks=385024 txs=62480333 mgas=5828235 bps=37.21 tps=5964 mgps=562.4 avgBps=33.76 avgTps=5478 avgMGps=511.1 elapsed=3h10m3s
Sep 09 02:53:11 nimbus-eth1-mainnet-short-benchmark[939279]: INF 2026-09-09 02:53:11.550+00:00 Imported blocks                            blockNumber=20393217 slot=9600248 blocks=393216 txs=63800597 mgas=5952136 bps=37.01 tps=5963 mgps=559.7 avgBps=33.82 avgTps=5488 avgMGps=512.0 elapsed=3h13m45s
Sep 09 02:56:42 nimbus-eth1-mainnet-short-benchmark[939279]: INF 2026-09-09 02:56:42.627+00:00 Imported blocks                            blockNumber=20401409 slot=9608486 blocks=401408 txs=65021243 mgas=6076384 bps=38.81 tps=5782 mgps=588.6 avgBps=33.91 avgTps=5493 avgMGps=513.4 elapsed=3h17m16s
Sep 09 03:00:27 nimbus-eth1-mainnet-short-benchmark[939279]: INF 2026-09-09 03:00:27.664+00:00 Imported blocks                            blockNumber=20409601 slot=9616707 blocks=409600 txs=66199016 mgas=6200666 bps=36.40 tps=5233 mgps=552.3 avgBps=33.96 avgTps=5488 avgMGps=514.1 elapsed=3h21m1s
Sep 09 03:04:06 nimbus-eth1-mainnet-short-benchmark[939279]: INF 2026-09-09 03:04:06.029+00:00 Imported blocks                            blockNumber=20417793 slot=9624941 blocks=417792 txs=67453930 mgas=6324823 bps=37.51 tps=5746 mgps=568.6 avgBps=34.02 avgTps=5493 avgMGps=515.1 elapsed=3h24m39s
Sep 09 03:07:19 nimbus-eth1-mainnet-short-benchmark[939279]: INF 2026-09-09 03:07:19.818+00:00 Imported blocks                            blockNumber=20425985 slot=9633187 blocks=425984 txs=68814904 mgas=6448778 bps=42.27 tps=7023 mgps=639.6 avgBps=34.15 avgTps=5516 avgMGps=517.0 elapsed=3h27m53s
Sep 09 03:10:30 nimbus-eth1-mainnet-short-benchmark[939279]: INF 2026-09-09 03:10:30.695+00:00 Imported blocks                            blockNumber=20434177 slot=9641422 blocks=434176 txs=70124508 mgas=6572711 bps=42.92 tps=6861 mgps=649.3 avgBps=34.28 avgTps=5537 avgMGps=519.0 elapsed=3h31m4s
Sep 09 03:13:52 nimbus-eth1-mainnet-short-benchmark[939279]: INF 2026-09-09 03:13:52.900+00:00 Imported blocks                            blockNumber=20442369 slot=9649657 blocks=442368 txs=71403576 mgas=6696451 bps=40.51 tps=6325 mgps=611.9 avgBps=34.38 avgTps=5549 avgMGps=520.5 elapsed=3h34m26s
Sep 09 03:17:34 nimbus-eth1-mainnet-short-benchmark[939279]: INF 2026-09-09 03:17:34.333+00:00 Imported blocks                            blockNumber=20450561 slot=9657896 blocks=450560 txs=72659905 mgas=6820521 bps=37.00 tps=5673 mgps=560.3 avgBps=34.43 avgTps=5551 avgMGps=521.1 elapsed=3h38m7s
Sep 09 03:21:35 nimbus-eth1-mainnet-short-benchmark[939279]: INF 2026-09-09 03:21:35.374+00:00 Imported blocks                            blockNumber=20458753 slot=9666114 blocks=458752 txs=73838533 mgas=6945116 bps=33.99 tps=4889 mgps=516.9 avgBps=34.42 avgTps=5539 avgMGps=521.1 elapsed=3h42m9s
Sep 09 03:25:13 nimbus-eth1-mainnet-short-benchmark[939279]: INF 2026-09-09 03:25:13.631+00:00 Imported blocks                            blockNumber=20466945 slot=9674343 blocks=466944 txs=75124748 mgas=7068943 bps=37.53 tps=5893 mgps=567.4 avgBps=34.47 avgTps=5545 avgMGps=521.8 elapsed=3h45m47s
Sep 09 03:28:50 nimbus-eth1-mainnet-short-benchmark[939279]: INF 2026-09-09 03:28:50.408+00:00 Imported blocks                            blockNumber=20475137 slot=9682575 blocks=475136 txs=76420106 mgas=7192870 bps=37.79 tps=5975 mgps=571.7 avgBps=34.52 avgTps=5552 avgMGps=522.6 elapsed=3h49m24s
Sep 09 03:32:16 nimbus-eth1-mainnet-short-benchmark[939279]: INF 2026-09-09 03:32:16.777+00:00 Imported blocks                            blockNumber=20483329 slot=9690800 blocks=483328 txs=77675422 mgas=7316939 bps=39.70 tps=6082 mgps=601.2 avgBps=34.60 avgTps=5559 avgMGps=523.7 elapsed=3h52m50s
Sep 09 03:35:40 nimbus-eth1-mainnet-short-benchmark[939279]: INF 2026-09-09 03:35:40.358+00:00 Imported blocks                            blockNumber=20491521 slot=9699019 blocks=491520 txs=78951232 mgas=7440784 bps=40.24 tps=6266 mgps=608.3 avgBps=34.68 avgTps=5570 avgMGps=525.0 elapsed=3h56m14s
Sep 09 03:39:19 nimbus-eth1-mainnet-short-benchmark[939279]: INF 2026-09-09 03:39:19.995+00:00 Imported blocks                            blockNumber=20499713 slot=9707248 blocks=499712 txs=80189642 mgas=7564669 bps=37.30 tps=5638 mgps=564.0 avgBps=34.72 avgTps=5571 avgMGps=525.6 elapsed=3h59m53s
Sep 09 03:43:04 nimbus-eth1-mainnet-short-benchmark[939279]: INF 2026-09-09 03:43:04.572+00:00 Imported blocks                            blockNumber=20507905 slot=9715488 blocks=507904 txs=81317763 mgas=7689208 bps=36.48 tps=5023 mgps=554.6 avgBps=34.74 avgTps=5562 avgMGps=526.0 elapsed=4h3m38s
Sep 09 03:46:24 nimbus-eth1-mainnet-short-benchmark[939279]: INF 2026-09-09 03:46:24.509+00:00 Imported blocks                            blockNumber=20516097 slot=9723715 blocks=516096 txs=82520262 mgas=7813209 bps=40.97 tps=6014 mgps=620.2 avgBps=34.83 avgTps=5568 avgMGps=527.3 elapsed=4h6m58s
Sep 09 03:49:55 nimbus-eth1-mainnet-short-benchmark[939279]: INF 2026-09-09 03:49:55.454+00:00 Imported blocks                            blockNumber=20524289 slot=9731945 blocks=524288 txs=83780075 mgas=7937233 bps=38.83 tps=5972 mgps=587.9 avgBps=34.88 avgTps=5574 avgMGps=528.1 elapsed=4h10m29s
Sep 09 03:53:31 nimbus-eth1-mainnet-short-benchmark[939279]: INF 2026-09-09 03:53:31.363+00:00 Imported blocks                            blockNumber=20532481 slot=9740183 blocks=532480 txs=85263862 mgas=8061024 bps=37.94 tps=6872 mgps=573.4 avgBps=34.93 avgTps=5592 avgMGps=528.8 elapsed=4h14m5s
Sep 09 03:57:13 nimbus-eth1-mainnet-short-benchmark[939279]: INF 2026-09-09 03:57:13.180+00:00 Imported blocks                            blockNumber=20540673 slot=9748418 blocks=540672 txs=86612143 mgas=8185090 bps=36.93 tps=6078 mgps=559.3 avgBps=34.96 avgTps=5599 avgMGps=529.2 elapsed=4h17m46s
Sep 09 04:01:00 nimbus-eth1-mainnet-short-benchmark[939279]: INF 2026-09-09 04:01:00.197+00:00 Imported blocks                            blockNumber=20548865 slot=9756662 blocks=548864 txs=87802991 mgas=8309513 bps=36.09 tps=5245 mgps=548.1 avgBps=34.97 avgTps=5594 avgMGps=529.5 elapsed=4h21m33s
Sep 09 04:04:48 nimbus-eth1-mainnet-short-benchmark[939279]: INF 2026-09-09 04:04:48.565+00:00 Imported blocks                            blockNumber=20557057 slot=9764892 blocks=557056 txs=88964987 mgas=8433956 bps=35.87 tps=5088 mgps=544.9 avgBps=34.99 avgTps=5587 avgMGps=529.7 elapsed=4h25m22s
Sep 09 04:08:22 nimbus-eth1-mainnet-short-benchmark[939279]: INF 2026-09-09 04:08:22.514+00:00 Imported blocks                            blockNumber=20565249 slot=9773131 blocks=565248 txs=90186094 mgas=8558113 bps=38.29 tps=5707 mgps=580.3 avgBps=35.03 avgTps=5589 avgMGps=530.4 elapsed=4h28m56s
Sep 09 04:11:57 nimbus-eth1-mainnet-short-benchmark[939279]: INF 2026-09-09 04:11:57.115+00:00 Imported blocks                            blockNumber=20573441 slot=9781369 blocks=573440 txs=91404654 mgas=8682228 bps=38.17 tps=5678 mgps=578.4 avgBps=35.07 avgTps=5590 avgMGps=531.0 elapsed=4h32m30s
Sep 09 04:15:29 nimbus-eth1-mainnet-short-benchmark[939279]: INF 2026-09-09 04:15:29.380+00:00 Imported blocks                            blockNumber=20581633 slot=9789611 blocks=581632 txs=92628389 mgas=8806651 bps=38.59 tps=5765 mgps=586.2 avgBps=35.12 avgTps=5592 avgMGps=531.7 elapsed=4h36m3s
Sep 09 04:19:08 nimbus-eth1-mainnet-short-benchmark[939279]: INF 2026-09-09 04:19:08.397+00:00 Imported blocks                            blockNumber=20589825 slot=9797855 blocks=589824 txs=93887208 mgas=8931023 bps=37.40 tps=5747 mgps=567.9 avgBps=35.15 avgTps=5594 avgMGps=532.2 elapsed=4h39m42s
Sep 09 04:22:49 nimbus-eth1-mainnet-short-benchmark[939279]: INF 2026-09-09 04:22:49.906+00:00 Imported blocks                            blockNumber=20598017 slot=9806095 blocks=598016 txs=95163338 mgas=9055310 bps=36.98 tps=5761 mgps=561.1 avgBps=35.17 avgTps=5596 avgMGps=532.6 elapsed=4h43m23s
Sep 09 04:26:31 nimbus-eth1-mainnet-short-benchmark[939279]: INF 2026-09-09 04:26:31.407+00:00 Imported blocks                            blockNumber=20606209 slot=9814347 blocks=606208 txs=96334664 mgas=9179976 bps=36.98 tps=5288 mgps=562.8 avgBps=35.19 avgTps=5592 avgMGps=532.9 elapsed=4h47m5s
Sep 09 04:30:06 nimbus-eth1-mainnet-short-benchmark[939279]: INF 2026-09-09 04:30:06.584+00:00 Imported blocks                            blockNumber=20614401 slot=9822581 blocks=614400 txs=97573414 mgas=9304574 bps=38.07 tps=5756 mgps=579.1 avgBps=35.23 avgTps=5594 avgMGps=533.5 elapsed=4h50m40s
Sep 09 04:33:40 nimbus-eth1-mainnet-short-benchmark[939279]: INF 2026-09-09 04:33:40.649+00:00 Imported blocks                            blockNumber=20622593 slot=9830821 blocks=622592 txs=98874772 mgas=9428835 bps=38.27 tps=6079 mgps=580.5 avgBps=35.27 avgTps=5600 avgMGps=534.1 elapsed=4h54m14s
Sep 09 04:37:06 nimbus-eth1-mainnet-short-benchmark[939279]: INF 2026-09-09 04:37:06.678+00:00 Imported blocks                            blockNumber=20630785 slot=9839058 blocks=630784 txs=100178707 mgas=9553009 bps=39.76 tps=6328 mgps=602.7 avgBps=35.32 avgTps=5609 avgMGps=534.9 elapsed=4h57m40s
Sep 09 04:40:41 nimbus-eth1-mainnet-short-benchmark[939279]: INF 2026-09-09 04:40:41.675+00:00 Imported blocks                            blockNumber=20638977 slot=9847313 blocks=638976 txs=101489116 mgas=9677171 bps=38.10 tps=6095 mgps=577.5 avgBps=35.35 avgTps=5614 avgMGps=535.4 elapsed=5h1m15s
Sep 09 04:44:16 nimbus-eth1-mainnet-short-benchmark[939279]: INF 2026-09-09 04:44:16.340+00:00 Imported blocks                            blockNumber=20647169 slot=9855549 blocks=647168 txs=102730058 mgas=9801643 bps=38.16 tps=5780 mgps=579.8 avgBps=35.38 avgTps=5616 avgMGps=535.9 elapsed=5h4m49s
Sep 09 04:48:02 nimbus-eth1-mainnet-short-benchmark[939279]: INF 2026-09-09 04:48:02.509+00:00 Imported blocks                            blockNumber=20655361 slot=9863778 blocks=655360 txs=103868002 mgas=9926541 bps=36.22 tps=5031 mgps=552.2 avgBps=35.39 avgTps=5609 avgMGps=536.1 elapsed=5h8m36s
Sep 09 04:51:32 nimbus-eth1-mainnet-short-benchmark[939279]: INF 2026-09-09 04:51:32.562+00:00 Imported blocks                            blockNumber=20663553 slot=9872013 blocks=663552 txs=105112198 mgas=10051274 bps=39.00 tps=5923 mgps=593.8 avgBps=35.43 avgTps=5613 avgMGps=536.7 elapsed=5h12m6s
Sep 09 04:54:52 nimbus-eth1-mainnet-short-benchmark[939279]: INF 2026-09-09 04:54:52.768+00:00 Imported blocks                            blockNumber=20671745 slot=9880241 blocks=671744 txs=106395904 mgas=10175177 bps=40.92 tps=6412 mgps=618.9 avgBps=35.49 avgTps=5621 avgMGps=537.6 elapsed=5h15m26s
Sep 09 04:58:17 nimbus-eth1-mainnet-short-benchmark[939279]: INF 2026-09-09 04:58:17.941+00:00 Imported blocks                            blockNumber=20679937 slot=9888471 blocks=679936 txs=107674271 mgas=10299404 bps=39.93 tps=6230 mgps=605.5 avgBps=35.54 avgTps=5628 avgMGps=538.3 elapsed=5h18m51s
Sep 09 05:01:33 nimbus-eth1-mainnet-short-benchmark[939279]: INF 2026-09-09 05:01:33.330+00:00 Imported blocks                            blockNumber=20688129 slot=9896698 blocks=688128 txs=108938536 mgas=10423298 bps=41.93 tps=6470 mgps=634.1 avgBps=35.60 avgTps=5636 avgMGps=539.3 elapsed=5h22m6s
Sep 09 05:05:01 nimbus-eth1-mainnet-short-benchmark[939279]: INF 2026-09-09 05:05:01.803+00:00 Imported blocks                            blockNumber=20696321 slot=9904930 blocks=696320 txs=110235786 mgas=10547469 bps=39.30 tps=6222 mgps=595.6 avgBps=35.64 avgTps=5642 avgMGps=539.9 elapsed=5h25m35s
Sep 09 05:08:48 nimbus-eth1-mainnet-short-benchmark[939279]: INF 2026-09-09 05:08:48.120+00:00 Imported blocks                            blockNumber=20704513 slot=9913154 blocks=704512 txs=111483759 mgas=10671677 bps=36.20 tps=5514 mgps=548.8 avgBps=35.65 avgTps=5641 avgMGps=540.0 elapsed=5h29m21s
Sep 09 05:12:20 nimbus-eth1-mainnet-short-benchmark[939279]: INF 2026-09-09 05:12:20.569+00:00 Imported blocks                            blockNumber=20712705 slot=9921388 blocks=712704 txs=112764170 mgas=10795980 bps=38.56 tps=6026 mgps=585.1 avgBps=35.68 avgTps=5645 avgMGps=540.5 elapsed=5h32m54s
Sep 09 05:15:38 nimbus-eth1-mainnet-short-benchmark[939279]: INF 2026-09-09 05:15:38.362+00:00 Imported blocks                            blockNumber=20720897 slot=9929633 blocks=720896 txs=114110517 mgas=10919926 bps=41.42 tps=6806 mgps=626.6 avgBps=35.74 avgTps=5656 avgMGps=541.3 elapsed=5h36m12s
Sep 09 05:19:03 nimbus-eth1-mainnet-short-benchmark[939279]: INF 2026-09-09 05:19:03.855+00:00 Imported blocks                            blockNumber=20729089 slot=9937869 blocks=729088 txs=115449431 mgas=11043768 bps=39.86 tps=6515 mgps=602.7 avgBps=35.78 avgTps=5665 avgMGps=542.0 elapsed=5h39m37s
Sep 09 05:22:19 nimbus-eth1-mainnet-short-benchmark[939279]: INF 2026-09-09 05:22:19.709+00:00 Imported blocks                            blockNumber=20737281 slot=9946108 blocks=737280 txs=116784468 mgas=11167784 bps=41.83 tps=6816 mgps=633.2 avgBps=35.84 avgTps=5676 avgMGps=542.8 elapsed=5h42m53s
Sep 09 05:25:46 nimbus-eth1-mainnet-short-benchmark[939279]: INF 2026-09-09 05:25:46.682+00:00 Imported blocks                            blockNumber=20745473 slot=9954342 blocks=745472 txs=118101003 mgas=11291742 bps=39.58 tps=6361 mgps=598.9 avgBps=35.87 avgTps=5683 avgMGps=543.4 elapsed=5h46m20s
Sep 09 05:29:29 nimbus-eth1-mainnet-short-benchmark[939279]: INF 2026-09-09 05:29:29.951+00:00 Imported blocks                            blockNumber=20753665 slot=9962581 blocks=753664 txs=119337525 mgas=11415859 bps=36.69 tps=5538 mgps=555.9 avgBps=35.88 avgTps=5681 avgMGps=543.5 elapsed=5h50m3s
Sep 09 05:33:00 nimbus-eth1-mainnet-short-benchmark[939279]: INF 2026-09-09 05:33:00.228+00:00 Imported blocks                            blockNumber=20761857 slot=9970803 blocks=761856 txs=120564314 mgas=11540225 bps=38.96 tps=5834 mgps=591.4 avgBps=35.91 avgTps=5683 avgMGps=544.0 elapsed=5h53m33s
Sep 09 05:36:19 nimbus-eth1-mainnet-short-benchmark[939279]: INF 2026-09-09 05:36:19.141+00:00 Imported blocks                            blockNumber=20770049 slot=9979058 blocks=770048 txs=121858083 mgas=11663918 bps=41.18 tps=6504 mgps=621.8 avgBps=35.96 avgTps=5690 avgMGps=544.7 elapsed=5h56m52s
Sep 09 05:39:29 nimbus-eth1-mainnet-short-benchmark[939279]: INF 2026-09-09 05:39:29.586+00:00 Imported blocks                            blockNumber=20778241 slot=9987307 blocks=778240 txs=123161734 mgas=11787906 bps=43.02 tps=6845 mgps=651.1 avgBps=36.02 avgTps=5701 avgMGps=545.7 elapsed=6h3s232ms
Sep 09 05:42:35 nimbus-eth1-mainnet-short-benchmark[939279]: INF 2026-09-09 05:42:35.408+00:00 Imported blocks                            blockNumber=20786433 slot=9995542 blocks=786432 txs=124509456 mgas=11911612 bps=44.09 tps=7252 mgps=665.7 avgBps=36.09 avgTps=5714 avgMGps=546.7 elapsed=6h3m9s
Sep 09 05:45:45 nimbus-eth1-mainnet-short-benchmark[939279]: INF 2026-09-09 05:45:45.477+00:00 Imported blocks                            blockNumber=20794625 slot=10003781 blocks=794624 txs=125848921 mgas=12035338 bps=43.10 tps=7047 mgps=650.9 avgBps=36.15 avgTps=5725 avgMGps=547.6 elapsed=6h6m19s
Sep 09 05:49:00 nimbus-eth1-mainnet-short-benchmark[939279]: INF 2026-09-09 05:49:00.666+00:00 Imported blocks                            blockNumber=20802817 slot=10012028 blocks=802816 txs=127089868 mgas=12158989 bps=41.97 tps=6357 mgps=633.5 avgBps=36.20 avgTps=5731 avgMGps=548.3 elapsed=6h9m34s
Sep 09 05:52:24 nimbus-eth1-mainnet-short-benchmark[939279]: INF 2026-09-09 05:52:24.527+00:00 Imported blocks                            blockNumber=20811009 slot=10020249 blocks=811008 txs=128299762 mgas=12282850 bps=40.18 tps=5934 mgps=607.6 avgBps=36.24 avgTps=5733 avgMGps=548.9 elapsed=6h12m58s
Sep 09 05:55:34 nimbus-eth1-mainnet-short-benchmark[939279]: INF 2026-09-09 05:55:34.177+00:00 Imported blocks                            blockNumber=20819201 slot=10028481 blocks=819200 txs=129596319 mgas=12406594 bps=43.19 tps=6836 mgps=652.5 avgBps=36.30 avgTps=5742 avgMGps=549.7 elapsed=6h16m7s
Sep 09 05:58:43 nimbus-eth1-mainnet-short-benchmark[939279]: INF 2026-09-09 05:58:43.070+00:00 Imported blocks                            blockNumber=20827393 slot=10036710 blocks=827392 txs=130916729 mgas=12530249 bps=43.37 tps=6990 mgps=654.6 avgBps=36.36 avgTps=5752 avgMGps=550.6 elapsed=6h19m16s
Sep 09 06:01:53 nimbus-eth1-mainnet-short-benchmark[939279]: INF 2026-09-09 06:01:53.815+00:00 Imported blocks                            blockNumber=20835585 slot=10044938 blocks=835584 txs=132226625 mgas=12654070 bps=42.95 tps=6867 mgps=649.1 avgBps=36.41 avgTps=5762 avgMGps=551.4 elapsed=6h22m27s
Sep 09 06:05:17 nimbus-eth1-mainnet-short-benchmark[939279]: INF 2026-09-09 06:05:17.084+00:00 Imported blocks                            blockNumber=20843777 slot=10053164 blocks=843776 txs=133604192 mgas=12777730 bps=40.30 tps=6776 mgps=608.3 avgBps=36.45 avgTps=5771 avgMGps=551.9 elapsed=6h25m50s
Sep 09 06:09:04 nimbus-eth1-mainnet-short-benchmark[939279]: INF 2026-09-09 06:09:04.113+00:00 Imported blocks                            blockNumber=20851969 slot=10061391 blocks=851968 txs=134900706 mgas=12901664 bps=36.08 tps=5710 mgps=545.9 avgBps=36.44 avgTps=5770 avgMGps=551.9 elapsed=6h29m37s
Sep 09 06:12:41 nimbus-eth1-mainnet-short-benchmark[939279]: INF 2026-09-09 06:12:41.542+00:00 Imported blocks                            blockNumber=20860161 slot=10069622 blocks=860160 txs=136168750 mgas=13025603 bps=37.68 tps=5832 mgps=570.0 avgBps=36.45 avgTps=5771 avgMGps=552.0 elapsed=6h33m15s
Sep 09 06:16:13 nimbus-eth1-mainnet-short-benchmark[939279]: INF 2026-09-09 06:16:13.487+00:00 Imported blocks                            blockNumber=20868353 slot=10077838 blocks=868352 txs=137550724 mgas=13149742 bps=38.65 tps=6520 mgps=585.7 avgBps=36.47 avgTps=5777 avgMGps=552.3 elapsed=6h36m47s
Sep 09 06:19:43 nimbus-eth1-mainnet-short-benchmark[939279]: INF 2026-09-09 06:19:43.788+00:00 Imported blocks                            blockNumber=20876545 slot=10086066 blocks=876544 txs=138954673 mgas=13273457 bps=38.95 tps=6675 mgps=588.3 avgBps=36.50 avgTps=5785 avgMGps=552.7 elapsed=6h40m17s
Sep 09 06:23:07 nimbus-eth1-mainnet-short-benchmark[939279]: INF 2026-09-09 06:23:07.049+00:00 Imported blocks                            blockNumber=20884737 slot=10094286 blocks=884736 txs=140256178 mgas=13397479 bps=40.30 tps=6403 mgps=610.2 avgBps=36.53 avgTps=5790 avgMGps=553.1 elapsed=6h43m40s
Sep 09 06:26:27 nimbus-eth1-mainnet-short-benchmark[939279]: INF 2026-09-09 06:26:27.150+00:00 Imported blocks                            blockNumber=20892929 slot=10102512 blocks=892928 txs=141581868 mgas=13521575 bps=40.94 tps=6625 mgps=620.2 avgBps=36.56 avgTps=5797 avgMGps=553.7 elapsed=6h47m798ms
Sep 09 06:29:48 nimbus-eth1-mainnet-short-benchmark[939279]: INF 2026-09-09 06:29:48.168+00:00 Imported blocks                            blockNumber=20901121 slot=10110732 blocks=901120 txs=142875889 mgas=13645572 bps=40.75 tps=6437 mgps=616.9 avgBps=36.60 avgTps=5802 avgMGps=554.2 elapsed=6h50m21s
Sep 09 06:33:06 nimbus-eth1-mainnet-short-benchmark[939279]: INF 2026-09-09 06:33:06.973+00:00 Imported blocks                            blockNumber=20909313 slot=10118953 blocks=909312 txs=144102308 mgas=13769390 bps=41.21 tps=6168 mgps=622.8 avgBps=36.64 avgTps=5805 avgMGps=554.8 elapsed=6h53m40s
Sep 09 06:36:21 nimbus-eth1-mainnet-short-benchmark[939279]: INF 2026-09-09 06:36:21.246+00:00 Imported blocks                            blockNumber=20917505 slot=10127176 blocks=917504 txs=145406349 mgas=13893087 bps=42.17 tps=6712 mgps=636.7 avgBps=36.68 avgTps=5812 avgMGps=555.4 elapsed=6h56m54s
Sep 09 06:39:27 nimbus-eth1-mainnet-short-benchmark[939279]: INF 2026-09-09 06:39:27.943+00:00 Imported blocks                            blockNumber=20925697 slot=10135394 blocks=925696 txs=146718394 mgas=14016820 bps=43.88 tps=7027 mgps=662.8 avgBps=36.73 avgTps=5821 avgMGps=556.2 elapsed=7h1s587ms
Sep 09 06:42:46 nimbus-eth1-mainnet-short-benchmark[939279]: INF 2026-09-09 06:42:46.600+00:00 Imported blocks                            blockNumber=20933889 slot=10143614 blocks=933888 txs=148049109 mgas=14140625 bps=41.24 tps=6698 mgps=623.2 avgBps=36.77 avgTps=5828 avgMGps=556.7 elapsed=7h3m20s
Sep 09 06:46:00 nimbus-eth1-mainnet-short-benchmark[939279]: INF 2026-09-09 06:46:00.334+00:00 Imported blocks                            blockNumber=20942081 slot=10151840 blocks=942080 txs=149397364 mgas=14264352 bps=42.29 tps=6959 mgps=638.7 avgBps=36.81 avgTps=5837 avgMGps=557.3 elapsed=7h6m33s
Sep 09 06:49:19 nimbus-eth1-mainnet-short-benchmark[939279]: INF 2026-09-09 06:49:19.391+00:00 Imported blocks                            blockNumber=20950273 slot=10160098 blocks=950272 txs=150765507 mgas=14388237 bps=41.15 tps=6873 mgps=622.4 avgBps=36.84 avgTps=5845 avgMGps=557.8 elapsed=7h9m53s
Sep 09 06:52:48 nimbus-eth1-mainnet-short-benchmark[939279]: INF 2026-09-09 06:52:48.756+00:00 Imported blocks                            blockNumber=20958465 slot=10168363 blocks=958464 txs=152044771 mgas=14511987 bps=39.13 tps=6110 mgps=591.1 avgBps=36.86 avgTps=5847 avgMGps=558.1 elapsed=7h13m22s
Sep 09 06:56:10 nimbus-eth1-mainnet-short-benchmark[939279]: INF 2026-09-09 06:56:10.325+00:00 Imported blocks                            blockNumber=20966657 slot=10176609 blocks=966656 txs=153365296 mgas=14635804 bps=40.64 tps=6551 mgps=614.3 avgBps=36.89 avgTps=5852 avgMGps=558.5 elapsed=7h16m43s
Sep 09 06:59:32 nimbus-eth1-mainnet-short-benchmark[939279]: INF 2026-09-09 06:59:32.350+00:00 Imported blocks                            blockNumber=20974849 slot=10184849 blocks=974848 txs=154744917 mgas=14759580 bps=40.55 tps=6828 mgps=612.7 avgBps=36.92 avgTps=5860 avgMGps=558.9 elapsed=7h20m5s
Sep 09 07:02:59 nimbus-eth1-mainnet-short-benchmark[939279]: INF 2026-09-09 07:02:59.663+00:00 Imported blocks                            blockNumber=20983041 slot=10193086 blocks=983040 txs=156055229 mgas=14883451 bps=39.52 tps=6320 mgps=597.5 avgBps=36.94 avgTps=5863 avgMGps=559.2 elapsed=7h23m33s
Sep 09 07:06:02 nimbus-eth1-mainnet-short-benchmark[939279]: INF 2026-09-09 07:06:02.501+00:00 Imported blocks                            blockNumber=20991233 slot=10201319 blocks=991232 txs=157563202 mgas=15007557 bps=44.80 tps=8247 mgps=678.8 avgBps=36.99 avgTps=5880 avgMGps=560.1 elapsed=7h26m36s
Sep 09 07:09:33 nimbus-eth1-mainnet-short-benchmark[939279]: INF 2026-09-09 07:09:33.246+00:00 Imported blocks                            blockNumber=20999425 slot=10209549 blocks=999424 txs=159003277 mgas=15131383 bps=38.87 tps=6833 mgps=587.6 avgBps=37.01 avgTps=5887 avgMGps=560.3 elapsed=7h30m6s
Sep 09 07:09:48 nimbus-eth1-mainnet-short-benchmark[939279]: INF 2026-09-09 07:09:48.593+00:00 Imported blocks                            blockNumber=21000001 slot=10210128 blocks=1000000 txs=159109486 mgas=15140191 bps=37.53 tps=6920 mgps=573.9 avgBps=37.01 avgTps=5888 avgMGps=560.3 elapsed=7h30m22s
Sep 09 07:09:48 nimbus-eth1-mainnet-short-benchmark[939279]: NTC 2026-09-09 07:09:48.593+00:00 Import complete                            blockNumber=21000001 slot=10210128 blocks=1000000 txs=159109486 mgas=15140191
Sep 09 07:09:49 nimbus-eth1-mainnet-short-benchmark[910794]: <<< ending startNimbusWithImport (success)
Sep 09 07:09:49 nimbus-eth1-mainnet-short-benchmark[910794]: >>> starting moveBenchmarkingFileToRepo
Sep 09 07:09:49 nimbus-eth1-mainnet-short-benchmark[910794]: >>> copying debug-csv generated by nimbus to benchmarks repo
Sep 09 07:09:49 nimbus-eth1-mainnet-short-benchmark[910794]: <<< ending moveBenchmarkingFileToRepo (success)
Sep 09 07:09:49 nimbus-eth1-mainnet-short-benchmark[910794]: >>> starting generateBuildEnvironmentLogFile
Sep 09 07:09:58 nimbus-eth1-mainnet-short-benchmark[910794]: <<< ending generateBuildEnvironmentLogFile (success)
Sep 09 07:09:58 nimbus-eth1-mainnet-short-benchmark[910794]: >>> starting generateSystemdServiceLogs
