=== System Information Report ===
>>> Generated on: Sun Aug 23 12:27:21 PM UTC 2026
==========================
>>> CPU Architecture: x86_64
>>> CPU Byte Order: Little Endian
>>> CPU Cores: 16
>>> CPU Model: AMD Ryzen 7 PRO 8700GE w/ Radeon 780M Graphics
>>> CPU Cache Information:
L1d Cache: 256 KiB (8 instances)
L1i Cache: 256 KiB (8 instances)
L2 Cache: 8 MiB (8 instances)
L3 Cache: 16 MiB (1 instance)
>>> RAM Size: 61Gi
>>> Hard Disk Information:
/dev/md2 : 437G total, 199G free
/dev/md1 : 989M total, 690M free
/dev/nvme0n1p1 : 256M total, 256M free
/dev/nvme1n1 : 1.9T total, 486G free
==========================
=== Nimbus-ETH1 Benchmarking Report ===
>>> Total time spent in benchmarking (nanoseconds): 28520305469939
>>> Total time spent in benchmarking (human readable format): 7 hours 55 minutes 20 seconds
>>> Start block number is 20000001
>>> End block number is 21000001
==========================
=== Comparison of last two benchmarks ===
sort: write failed: 'standard output': Broken pipe
sort: write error
sort: write failed: 'standard output': Broken pipe
sort: write error
python /data/status-im/nimbus-eth1/scripts/block-import-stats.py /data/status-im/nimbus-eth1-benchmarks/short-benchmark/20260822T200952_343a2f87/blocks-import-benchmark.csv /data/status-im/nimbus-eth1-benchmarks/short-benchmark/20260823T041919_45719096/blocks-import-benchmark.csv
blocks-import-benchmark.csv vs blocks-import-benchmark.csv
                      bps_x  bps_y     tps_x     tps_y   time_x   time_y    bpsd    tpsd   timed
block_number                                                                                    
(20000001, 20111112]  29.12  29.15  4,755.52  4,759.68  1h1m59s  1h1m50s   0.17%   0.17%  -0.17%
(20111112, 20222223]  32.68  32.67  5,345.42  5,342.78   58m40s   58m41s  -0.04%  -0.04%   0.04%
(20222223, 20333334]  34.39  34.34  5,575.51  5,566.59   51m49s   51m53s  -0.13%  -0.13%   0.14%
(20333334, 20444445]  36.25  36.14  5,711.67  5,694.43   52m58s    53m7s  -0.29%  -0.29%   0.29%
(20444445, 20555556]  35.67  35.62  5,499.06  5,489.16   49m51s   49m56s  -0.15%  -0.15%   0.15%
(20555556, 20666667]  35.83  35.81  5,412.01  5,408.11   53m22s   53m25s  -0.08%  -0.08%   0.08%
(20666667, 20777778]  37.55  37.51  5,908.14  5,902.10   47m21s   47m24s  -0.11%  -0.11%   0.11%
(20777778, 20888889]  38.72  38.70  6,211.52  6,208.27   49m32s   49m33s  -0.04%  -0.04%   0.04%
(20888889, 21000001]  38.83  38.67  6,402.80  6,375.42   49m18s   49m28s  -0.42%  -0.42%   0.42%

blocks: 991808, baseline: 7h54m54s, contender: 7h55m20s
Time (total): 25s, 0.09%

bpsd = blocks per sec diff (+), tpsd = txs per sec diff, timed = time to process diff (-)
+ = more is better, - = less is better
==========================
