Aug 23 04:19:07 nimbus-eth1-mainnet-short-benchmark[3030452]: >>> starting cloneOrFetchBenchmarksRepo
Aug 23 04:19:07 nimbus-eth1-mainnet-short-benchmark[3030452]: >>> Fetching latest changes for nimbus-eth1-benchmarks...
Aug 23 04:19:09 nimbus-eth1-mainnet-short-benchmark[3030499]: HEAD is now at 0509c08 chore: update short benchmark Readme
Aug 23 04:19:09 nimbus-eth1-mainnet-short-benchmark[3030452]: <<< ending cloneOrFetchBenchmarksRepo (success)
Aug 23 04:19:09 nimbus-eth1-mainnet-short-benchmark[3030452]: >>> starting cloneOrFetchNimbusRepo
Aug 23 04:19:19 nimbus-eth1-mainnet-short-benchmark[3030452]: >>> Fetching latest changes for nimbus-eth1...
Aug 23 04:19:19 nimbus-eth1-mainnet-short-benchmark[3030864]: HEAD is now at 7e573f7ce Snap2 sync maint update (#4672)
Aug 23 04:19:19 nimbus-eth1-mainnet-short-benchmark[3030452]: >>> Found last benchmarked commit: 343a2f87
Aug 23 04:19:19 nimbus-eth1-mainnet-short-benchmark[3030452]: >>> Using next commit: 45719096065c53886232169bc2a7e2c398059c80
Aug 23 04:19:19 nimbus-eth1-mainnet-short-benchmark[3030880]: HEAD is now at 457190960 Bump nimbus-eth2 (#4570)
Aug 23 04:19:19 nimbus-eth1-mainnet-short-benchmark[3030452]: >>> Current commit: 457190960
Aug 23 04:19:19 nimbus-eth1-mainnet-short-benchmark[3030452]: <<< ending cloneOrFetchNimbusRepo (success)
Aug 23 04:19:19 nimbus-eth1-mainnet-short-benchmark[3030452]: >>> starting buildBinaries
Aug 23 04:19:19 nimbus-eth1-mainnet-short-benchmark[3030452]: >>> Building binaries for commit 45719096...
Aug 23 04:19:22 nimbus-eth1-mainnet-short-benchmark[3032086]: Submodule path 'vendor/nim-stint': checked out '91277c984c66196255947b3c58657de7538f62af'
Aug 23 04:19:22 nimbus-eth1-mainnet-short-benchmark[3032086]: Submodule path 'vendor/nimbus-eth2': checked out '31b321558b380308131295d4c43d0631daf2789f'
Aug 23 04:19:22 nimbus-eth1-mainnet-short-benchmark[3032911]: Submodule path 'vendor/nimbus-eth2/vendor/nim-bearssl': checked out '945ac7beb5f18172c04f253e6210ebe9b0545050'
Aug 23 04:19:27 nimbus-eth1-mainnet-short-benchmark[3036374]: Building: Nim compiler
Aug 23 04:22:34 nimbus-eth1-mainnet-short-benchmark[3036374]: Building custom Nimble commit: 42ef70c2102a942c46f13eb76872326edd525cec
Aug 23 04:22:44 nimbus-eth1-mainnet-short-benchmark[3036374]: Building Nimble...
Aug 23 04:22:55 nimbus-eth1-mainnet-short-benchmark[3036374]: Replacing nimble binary...
Aug 23 04:23:02 nimbus-eth1-mainnet-short-benchmark[3052776]: cp: cannot stat '/data/status-im/nimbus-eth1/build/*': No such file or directory
Aug 23 04:23:02 nimbus-eth1-mainnet-short-benchmark[3052750]: ROCKSDB VERSION NOT FOUND
Aug 23 04:23:02 nimbus-eth1-mainnet-short-benchmark[3052903]: make[1]: Entering directory '/data/status-im/nimbus-eth1/vendor/nim-rocksdb/vendor/rocksdb'
Aug 23 04:23:02 nimbus-eth1-mainnet-short-benchmark[3052903]: $DEBUG_LEVEL is 0, $LIB_MODE is static
Aug 23 04:23:03 nimbus-eth1-mainnet-short-benchmark[3052903]: make[1]: Leaving directory '/data/status-im/nimbus-eth1/vendor/nim-rocksdb/vendor/rocksdb'
Aug 23 04:23:03 nimbus-eth1-mainnet-short-benchmark[3053348]: Cleaning up RocksDb build artifacts.
Aug 23 04:23:03 nimbus-eth1-mainnet-short-benchmark[3052779]: Building RocksDb static libraries.
Aug 23 04:26:17 nimbus-eth1-mainnet-short-benchmark[3056894]: Building: build/nimbus_execution_client
Aug 23 04:28:50 nimbus-eth1-mainnet-short-benchmark[3030452]: >>> renaming binaries to match commit they were built from
Aug 23 04:28:50 nimbus-eth1-mainnet-short-benchmark[3030452]: >>> creating a symbolic link to the latest version
Aug 23 04:28:50 nimbus-eth1-mainnet-short-benchmark[3030452]: >>> deleting copies that are older than N days
Aug 23 04:28:50 nimbus-eth1-mainnet-short-benchmark[3030452]: <<< ending buildBinaries (success)
Aug 23 04:28:50 nimbus-eth1-mainnet-short-benchmark[3030452]: >>> starting skipOrContinueBenchmark
Aug 23 04:28:50 nimbus-eth1-mainnet-short-benchmark[3030452]: <<< ending skipOrContinueBenchmark (success)
Aug 23 04:28:50 nimbus-eth1-mainnet-short-benchmark[3030452]: >>> starting copyTemplateDatabase
Aug 23 04:28:50 nimbus-eth1-mainnet-short-benchmark[3030452]: >>> Copying template db into nimbus data directory
Aug 23 04:31:57 nimbus-eth1-mainnet-short-benchmark[3030452]: >>> Template db copied
Aug 23 04:31:57 nimbus-eth1-mainnet-short-benchmark[3030452]: >>> making nimbus the owner of the copied files
Aug 23 04:31:58 nimbus-eth1-mainnet-short-benchmark[3030452]: <<< ending copyTemplateDatabase (success)
Aug 23 04:31:58 nimbus-eth1-mainnet-short-benchmark[3030452]: >>> starting startNimbusWithImport
Aug 23 04:31:58 nimbus-eth1-mainnet-short-benchmark[3062610]: INF 2026-08-23 04:31:58.085+00:00 Launching execution client                 version=v0.3.1-45719096 config="(configFile: none(InputFile), dataDirFlag: some(/data/status-im/nimbus-eth1/data/shared_mainnet_0), era1DirFlag: some(/data/era1), eraDirFlag: some(/data/era), ereDirFlag: none(OutDir), keyStoreDirFlag: none(OutDir), importKey: , trustedSetupFile: none(string), extraData: Nimbus/v0.3.1-45719096, gasLimit: none(uint64), maxBlobs: none(byte), network: [mainnet], customNetwork: none(NetworkParams), networkId: 1, networkParams: (config: ..., genesis: (nonce: 0x0000000000000042, timestamp: 0, extraData: [17, 187, 232, 219, 78, 52, 123, 78, 140, 147, 124, 28, 131, 112, 228, 181, 237, 51, 173, 179, 219, 105, 203, 219, 122, 56, 225, 229, 11, 27, 130, 250], gasLimit: 5000, difficulty: 17179869184, mixHash: 0x0000000000000000000000000000000000000000000000000000000000000000, coinbase: 0x0000000000000000000000000000000000000000, alloc: 8893, number: 0, gasUser: 0, parentHash: 0x0000000000000000000000000000000000000000000000000000000000000000, baseFeePerGas: none(), blobGasUsed: -1, excessBlobGas: -1, parentBeaconBlockRoot: none()), networkId: 0, custom: false), logLevel: INFO, logFormat: auto, metricsEnabled: false, metricsPort: 9093, metricsAddress: 127.0.0.1, bootstrapNodes: [], elBootstrapNodes: [], bootstrapFile: , elBootstrapFile: , staticPeers: [], staticPeersFile: , reconnectMaxRetry: 0, reconnectInterval: 15, listenAddress: ::, tcpPort: 30303, udpPortFlag: none(Port), maxPeersOpt: none(int), elMaxPeersOpt: none(int), nat: (hasExtIp: false, nat: NatAny), discv5: true, netKey: random, agentString: Nimbus/v0.3.1-45719096/linux-amd64/Nim-2.2.10, numThreads: 0, persistBatchSize: 4, dynamicBatchSize: false, rocksdbMaxOpenFiles: 2048, rocksdbWriteBufferSize: 67108864, rocksdbRowCacheSize: 0, rocksdbBlockCacheSize: 2147483648, rocksdbBlockCacheType: hyperclock, rdbVtxCacheSize: 536870912, rdbKeyCacheSize: 1342177280, rdbBranchCacheSize: 1073741824, rdbPrintStats: false, rewriteDatadirId: true, aristoDbMaxSnapshots: 5, parallelStateRootComputation: false, parallelSenderRecovery: true, optimisticStatePrefetch: false, balStatePrefetch: false, balStatePrefetchWorkers: 0, balParallelExecution: false, eagerStateRootCheck: false, deserializeFcState: true, statelessProvider: false, statelessWitnessValidation: false, cmd: import, maxBlocks: 1000000, chunkSize: 8192, csvStats: some("/data/host-benchmarks/short/8b422de6b2634a5db315bb7d40643e8f/blocks-import-benchmark.csv"), validation: false, fullValidation: false, storeBodies: false, storeReceipts: false, storeSlotHashes: false)"
Aug 23 04:31:58 nimbus-eth1-mainnet-short-benchmark[3062610]: WRN 2026-08-23 04:31:58.085+00:00 Data directory has insecure permissions. Correcting them. data_dir=/data/status-im/nimbus-eth1/data/shared_mainnet_0 current_permissions=0755 required_permissions=0700
Aug 23 04:32:00 nimbus-eth1-mainnet-short-benchmark[3062610]: INF 2026-08-23 04:31:59.997+00:00 Taskpool started                           numThreads=16
Aug 23 04:32:00 nimbus-eth1-mainnet-short-benchmark[3062610]: INF 2026-08-23 04:32:00.117+00:00 Writing data dir ID                        ID=0x0a036d6f6dfe59156bb6359f0243c93d5a421ed688de5aa85a62d15dca8dbd5c
Aug 23 04:32:00 nimbus-eth1-mainnet-short-benchmark[3062610]: INF 2026-08-23 04:32:00.141+00:00 Database initialized                       base="(0xd24fd73f794058a3807db926d8898c6481e902b7edb91ce0d479d6760f276183, 20000000)" finalized="(0xd24fd73f794058a3807db926d8898c6481e902b7edb91ce0d479d6760f276183, 20000000)" head="(0xd4e56740f876aef8c010b86a40d5f56745a118d0906a34e69aec8c0db1cb8fa3, 0)"
Aug 23 04:32:00 nimbus-eth1-mainnet-short-benchmark[3062610]: NTC 2026-08-23 04:32:00.141+00:00 Could not open ere database, falling back to era1/era import ereDir=/data/status-im/nimbus-eth1/data/shared_mainnet_0/ere networkName=mainnet error="No ere files found in /data/status-im/nimbus-eth1/data/shared_mainnet_0/ere"
Aug 23 04:32:00 nimbus-eth1-mainnet-short-benchmark[3062610]: NTC 2026-08-23 04:32:00.141+00:00 Importing era archive                      blockNumber=20000001 dataDir=/data/status-im/nimbus-eth1/data/shared_mainnet_0 eraDir=/data/era
Aug 23 04:32:02 nimbus-eth1-mainnet-short-benchmark[3062610]: NTC 2026-08-23 04:32:02.433+00:00 Matched block to slot number               blockNumber=20000001 slot=9204783
Aug 23 04:38:16 nimbus-eth1-mainnet-short-benchmark[3062610]: INF 2026-08-23 04:38:16.648+00:00 Imported blocks                            blockNumber=20008193 slot=9213020 blocks=8192 txs=1226966 mgas=124237 bps=21.76 tps=3258 mgps=330.0 avgBps=21.76 avgTps=3258 avgMGps=330.0 elapsed=6m16s504ms
Aug 23 04:43:49 nimbus-eth1-mainnet-short-benchmark[3062610]: INF 2026-08-23 04:43:49.083+00:00 Imported blocks                            blockNumber=20016385 slot=9221256 blocks=16384 txs=2540380 mgas=248071 bps=24.64 tps=3950 mgps=372.5 avgBps=23.11 avgTps=3583 avgMGps=349.9 elapsed=11m48s941ms
Aug 23 04:49:08 nimbus-eth1-mainnet-short-benchmark[3062610]: INF 2026-08-23 04:49:08.171+00:00 Imported blocks                            blockNumber=20024577 slot=9229485 blocks=24576 txs=3869398 mgas=372018 bps=25.67 tps=4165 mgps=388.4 avgBps=23.91 avgTps=3763 avgMGps=361.9 elapsed=17m8s31ms
Aug 23 04:53:57 nimbus-eth1-mainnet-short-benchmark[3062610]: INF 2026-08-23 04:53:57.307+00:00 Imported blocks                            blockNumber=20032769 slot=9237722 blocks=32768 txs=5222766 mgas=495797 bps=28.33 tps=4680 mgps=428.1 avgBps=24.88 avgTps=3965 avgMGps=376.4 elapsed=21m57s164ms
Aug 23 04:58:31 nimbus-eth1-mainnet-short-benchmark[3062610]: INF 2026-08-23 04:58:31.507+00:00 Imported blocks                            blockNumber=20040961 slot=9245957 blocks=40960 txs=6566802 mgas=619586 bps=29.88 tps=4901 mgps=451.5 avgBps=25.74 avgTps=4126 avgMGps=389.3 elapsed=26m31s364ms
Aug 23 05:03:30 nimbus-eth1-mainnet-short-benchmark[3062610]: INF 2026-08-23 05:03:30.111+00:00 Imported blocks                            blockNumber=20049153 slot=9254196 blocks=49152 txs=7904746 mgas=743522 bps=27.43 tps=4480 mgps=415.0 avgBps=26.01 avgTps=4182 avgMGps=393.4 elapsed=31m29s971ms
Aug 23 05:08:17 nimbus-eth1-mainnet-short-benchmark[3062610]: INF 2026-08-23 05:08:17.550+00:00 Imported blocks                            blockNumber=20057345 slot=9262435 blocks=57344 txs=9212009 mgas=867360 bps=28.50 tps=4547 mgps=430.8 avgBps=26.34 avgTps=4230 avgMGps=398.3 elapsed=36m17s410ms
Aug 23 05:12:43 nimbus-eth1-mainnet-short-benchmark[3062610]: INF 2026-08-23 05:12:43.251+00:00 Imported blocks                            blockNumber=20065537 slot=9270674 blocks=65536 txs=10559018 mgas=991371 bps=30.83 tps=5069 mgps=466.7 avgBps=26.82 avgTps=4321 avgMGps=405.8 elapsed=40m43s108ms
Aug 23 05:16:56 nimbus-eth1-mainnet-short-benchmark[3062610]: INF 2026-08-23 05:16:56.967+00:00 Imported blocks                            blockNumber=20073729 slot=9278910 blocks=73728 txs=11898676 mgas=1115111 bps=32.29 tps=5280 mgps=487.7 avgBps=27.34 avgTps=4412 avgMGps=413.5 elapsed=44m56s824ms
Aug 23 05:20:59 nimbus-eth1-mainnet-short-benchmark[3062610]: INF 2026-08-23 05:20:59.856+00:00 Imported blocks                            blockNumber=20081921 slot=9287152 blocks=81920 txs=13323263 mgas=1239150 bps=33.73 tps=5865 mgps=510.7 avgBps=27.87 avgTps=4532 avgMGps=421.5 elapsed=48m59s713ms
Aug 23 05:25:01 nimbus-eth1-mainnet-short-benchmark[3062610]: INF 2026-08-23 05:25:01.972+00:00 Imported blocks                            blockNumber=20090113 slot=9295408 blocks=90112 txs=14697082 mgas=1363113 bps=33.83 tps=5674 mgps=512.0 avgBps=28.32 avgTps=4619 avgMGps=428.4 elapsed=53m1s830ms
Aug 23 05:29:21 nimbus-eth1-mainnet-short-benchmark[3062610]: INF 2026-08-23 05:29:21.573+00:00 Imported blocks                            blockNumber=20098305 slot=9303658 blocks=98304 txs=16025683 mgas=1487146 bps=31.56 tps=5117 mgps=477.8 avgBps=28.56 avgTps=4656 avgMGps=432.1 elapsed=57m21s434ms
Aug 23 05:33:50 nimbus-eth1-mainnet-short-benchmark[3062610]: INF 2026-08-23 05:33:50.149+00:00 Imported blocks                            blockNumber=20106497 slot=9311895 blocks=106496 txs=17337157 mgas=1611066 bps=30.50 tps=4883 mgps=461.4 avgBps=28.71 avgTps=4673 avgMGps=434.2 elapsed=1h1m50s
Aug 23 05:38:03 nimbus-eth1-mainnet-short-benchmark[3062610]: INF 2026-08-23 05:38:03.173+00:00 Imported blocks                            blockNumber=20114689 slot=9320146 blocks=114688 txs=18632097 mgas=1735123 bps=32.38 tps=5117 mgps=490.3 avgBps=28.94 avgTps=4701 avgMGps=437.8 elapsed=1h6m3s
Aug 23 05:42:04 nimbus-eth1-mainnet-short-benchmark[3062610]: INF 2026-08-23 05:42:04.954+00:00 Imported blocks                            blockNumber=20122881 slot=9328409 blocks=122880 txs=19937418 mgas=1859249 bps=33.88 tps=5398 mgps=513.4 avgBps=29.22 avgTps=4741 avgMGps=442.2 elapsed=1h10m4s
Aug 23 05:46:03 nimbus-eth1-mainnet-short-benchmark[3062610]: INF 2026-08-23 05:46:03.466+00:00 Imported blocks                            blockNumber=20131073 slot=9336660 blocks=131072 txs=21214129 mgas=1983500 bps=34.35 tps=5352 mgps=520.9 avgBps=29.50 avgTps=4774 avgMGps=446.4 elapsed=1h14m3s
Aug 23 05:49:59 nimbus-eth1-mainnet-short-benchmark[3062610]: INF 2026-08-23 05:49:59.335+00:00 Imported blocks                            blockNumber=20139265 slot=9344906 blocks=139264 txs=22579079 mgas=2107571 bps=34.73 tps=5786 mgps=526.0 avgBps=29.76 avgTps=4825 avgMGps=450.4 elapsed=1h17m59s
Aug 23 05:54:39 nimbus-eth1-mainnet-short-benchmark[3062610]: INF 2026-08-23 05:54:39.823+00:00 Imported blocks                            blockNumber=20147457 slot=9353153 blocks=147456 txs=24133322 mgas=2231686 bps=29.21 tps=5541 mgps=442.5 avgBps=29.73 avgTps=4865 avgMGps=450.0 elapsed=1h22m39s
Aug 23 05:59:12 nimbus-eth1-mainnet-short-benchmark[3062610]: INF 2026-08-23 05:59:12.327+00:00 Imported blocks                            blockNumber=20155649 slot=9361407 blocks=155648 txs=25424015 mgas=2356018 bps=30.06 tps=4736 mgps=456.3 avgBps=29.75 avgTps=4859 avgMGps=450.3 elapsed=1h27m12s
Aug 23 06:03:20 nimbus-eth1-mainnet-short-benchmark[3062610]: INF 2026-08-23 06:03:20.892+00:00 Imported blocks                            blockNumber=20163841 slot=9369652 blocks=163840 txs=26749549 mgas=2480207 bps=32.96 tps=5332 mgps=499.6 avgBps=29.89 avgTps=4880 avgMGps=452.5 elapsed=1h31m20s
Aug 23 06:07:27 nimbus-eth1-mainnet-short-benchmark[3062610]: INF 2026-08-23 06:07:27.180+00:00 Imported blocks                            blockNumber=20172033 slot=9377892 blocks=172032 txs=28105316 mgas=2604026 bps=33.26 tps=5504 mgps=502.7 avgBps=30.04 avgTps=4907 avgMGps=454.7 elapsed=1h35m27s
Aug 23 06:11:37 nimbus-eth1-mainnet-short-benchmark[3062610]: INF 2026-08-23 06:11:37.913+00:00 Imported blocks                            blockNumber=20180225 slot=9386128 blocks=180224 txs=29524405 mgas=2728170 bps=32.67 tps=5659 mgps=495.1 avgBps=30.15 avgTps=4939 avgMGps=456.4 elapsed=1h39m37s
Aug 23 06:15:29 nimbus-eth1-mainnet-short-benchmark[3062610]: INF 2026-08-23 06:15:29.005+00:00 Imported blocks                            blockNumber=20188417 slot=9394365 blocks=188416 txs=30849021 mgas=2852023 bps=35.45 tps=5732 mgps=536.0 avgBps=30.35 avgTps=4968 avgMGps=459.3 elapsed=1h43m28s
Aug 23 06:19:44 nimbus-eth1-mainnet-short-benchmark[3062610]: INF 2026-08-23 06:19:44.162+00:00 Imported blocks                            blockNumber=20196609 slot=9402602 blocks=196608 txs=32174755 mgas=2976155 bps=32.11 tps=5195 mgps=486.5 avgBps=30.42 avgTps=4977 avgMGps=460.4 elapsed=1h47m44s
Aug 23 06:24:16 nimbus-eth1-mainnet-short-benchmark[3062610]: INF 2026-08-23 06:24:16.278+00:00 Imported blocks                            blockNumber=20204801 slot=9410840 blocks=204800 txs=33475942 mgas=3100410 bps=30.11 tps=4781 mgps=456.6 avgBps=30.40 avgTps=4969 avgMGps=460.3 elapsed=1h52m16s
Aug 23 06:28:26 nimbus-eth1-mainnet-short-benchmark[3062610]: INF 2026-08-23 06:28:26.462+00:00 Imported blocks                            blockNumber=20212993 slot=9419071 blocks=212992 txs=34798508 mgas=3224370 bps=32.74 tps=5286 mgps=495.5 avgBps=30.49 avgTps=4980 avgMGps=461.5 elapsed=1h56m26s
Aug 23 06:32:31 nimbus-eth1-mainnet-short-benchmark[3062610]: INF 2026-08-23 06:32:31.359+00:00 Imported blocks                            blockNumber=20221185 slot=9427313 blocks=221184 txs=36114045 mgas=3348169 bps=33.45 tps=5371 mgps=505.5 avgBps=30.59 avgTps=4994 avgMGps=463.0 elapsed=2h31s217ms
Aug 23 06:36:15 nimbus-eth1-mainnet-short-benchmark[3062610]: INF 2026-08-23 06:36:15.804+00:00 Imported blocks                            blockNumber=20229377 slot=9435549 blocks=229376 txs=37421794 mgas=3472031 bps=36.50 tps=5826 mgps=551.9 avgBps=30.77 avgTps=5019 avgMGps=465.7 elapsed=2h4m15s
Aug 23 06:40:11 nimbus-eth1-mainnet-short-benchmark[3062610]: INF 2026-08-23 06:40:11.564+00:00 Imported blocks                            blockNumber=20237569 slot=9443788 blocks=237568 txs=38842064 mgas=3596351 bps=34.75 tps=6024 mgps=527.3 avgBps=30.89 avgTps=5050 avgMGps=467.6 elapsed=2h8m11s
Aug 23 06:44:24 nimbus-eth1-mainnet-short-benchmark[3062610]: INF 2026-08-23 06:44:24.437+00:00 Imported blocks                            blockNumber=20245761 slot=9452021 blocks=245760 txs=40225739 mgas=3720100 bps=32.40 tps=5471 mgps=489.4 avgBps=30.94 avgTps=5063 avgMGps=468.3 elapsed=2h12m24s
Aug 23 06:48:53 nimbus-eth1-mainnet-short-benchmark[3062610]: INF 2026-08-23 06:48:53.505+00:00 Imported blocks                            blockNumber=20253953 slot=9460253 blocks=253952 txs=41454921 mgas=3844385 bps=30.45 tps=4568 mgps=461.9 avgBps=30.92 avgTps=5047 avgMGps=468.1 elapsed=2h16m53s
Aug 23 06:53:09 nimbus-eth1-mainnet-short-benchmark[3062610]: INF 2026-08-23 06:53:09.717+00:00 Imported blocks                            blockNumber=20262145 slot=9468495 blocks=262144 txs=42726051 mgas=3968623 bps=31.97 tps=4961 mgps=484.9 avgBps=30.95 avgTps=5044 avgMGps=468.6 elapsed=2h21m9s
Aug 23 06:57:10 nimbus-eth1-mainnet-short-benchmark[3062610]: INF 2026-08-23 06:57:10.214+00:00 Imported blocks                            blockNumber=20270337 slot=9476748 blocks=270336 txs=44050436 mgas=4092682 bps=34.06 tps=5506 mgps=515.8 avgBps=31.04 avgTps=5057 avgMGps=469.9 elapsed=2h25m10s
Aug 23 07:00:54 nimbus-eth1-mainnet-short-benchmark[3062610]: INF 2026-08-23 07:00:54.295+00:00 Imported blocks                            blockNumber=20278529 slot=9484981 blocks=278528 txs=45382368 mgas=4216487 bps=36.56 tps=5944 mgps=552.5 avgBps=31.18 avgTps=5079 avgMGps=472.0 elapsed=2h28m54s
Aug 23 07:04:42 nimbus-eth1-mainnet-short-benchmark[3062610]: INF 2026-08-23 07:04:42.940+00:00 Imported blocks                            blockNumber=20286721 slot=9493213 blocks=286720 txs=46733429 mgas=4340363 bps=35.83 tps=5908 mgps=541.8 avgBps=31.29 avgTps=5100 avgMGps=473.7 elapsed=2h32m42s
Aug 23 07:08:54 nimbus-eth1-mainnet-short-benchmark[3062610]: INF 2026-08-23 07:08:54.836+00:00 Imported blocks                            blockNumber=20294913 slot=9501453 blocks=294912 txs=48075887 mgas=4464376 bps=32.52 tps=5329 mgps=492.3 avgBps=31.32 avgTps=5106 avgMGps=474.2 elapsed=2h36m54s
Aug 23 07:13:00 nimbus-eth1-mainnet-short-benchmark[3062610]: INF 2026-08-23 07:13:00.909+00:00 Imported blocks                            blockNumber=20303105 slot=9509696 blocks=303104 txs=49379538 mgas=4588534 bps=33.29 tps=5297 mgps=504.5 avgBps=31.37 avgTps=5111 avgMGps=475.0 elapsed=2h41m770ms
Aug 23 07:17:00 nimbus-eth1-mainnet-short-benchmark[3062610]: INF 2026-08-23 07:17:00.717+00:00 Imported blocks                            blockNumber=20311297 slot=9517922 blocks=311296 txs=50637672 mgas=4712596 bps=34.16 tps=5246 mgps=517.3 avgBps=31.44 avgTps=5114 avgMGps=476.0 elapsed=2h45m575ms
Aug 23 07:20:52 nimbus-eth1-mainnet-short-benchmark[3062610]: INF 2026-08-23 07:20:52.470+00:00 Imported blocks                            blockNumber=20319489 slot=9526159 blocks=319488 txs=51981692 mgas=4836521 bps=35.35 tps=5799 mgps=534.7 avgBps=31.53 avgTps=5130 avgMGps=477.3 elapsed=2h48m52s
Aug 23 07:24:24 nimbus-eth1-mainnet-short-benchmark[3062610]: INF 2026-08-23 07:24:24.555+00:00 Imported blocks                            blockNumber=20327681 slot=9534381 blocks=327680 txs=53356123 mgas=4960245 bps=38.63 tps=6480 mgps=583.4 avgBps=31.68 avgTps=5157 avgMGps=479.5 elapsed=2h52m24s
Aug 23 07:27:53 nimbus-eth1-mainnet-short-benchmark[3062610]: INF 2026-08-23 07:27:53.424+00:00 Imported blocks                            blockNumber=20335873 slot=9542617 blocks=335872 txs=54719105 mgas=5084025 bps=39.22 tps=6525 mgps=592.6 avgBps=31.83 avgTps=5185 avgMGps=481.7 elapsed=2h55m53s
Aug 23 07:31:41 nimbus-eth1-mainnet-short-benchmark[3062610]: INF 2026-08-23 07:31:41.309+00:00 Imported blocks                            blockNumber=20344065 slot=9550841 blocks=344064 txs=56021853 mgas=5207843 bps=35.95 tps=5716 mgps=543.3 avgBps=31.91 avgTps=5196 avgMGps=483.0 elapsed=2h59m41s
Aug 23 07:36:01 nimbus-eth1-mainnet-short-benchmark[3062610]: INF 2026-08-23 07:36:01.849+00:00 Imported blocks                            blockNumber=20352257 slot=9559072 blocks=352256 txs=57290408 mgas=5332016 bps=31.44 tps=4868 mgps=476.6 avgBps=31.90 avgTps=5188 avgMGps=482.9 elapsed=3h4m1s
Aug 23 07:39:59 nimbus-eth1-mainnet-short-benchmark[3062610]: INF 2026-08-23 07:39:59.210+00:00 Imported blocks                            blockNumber=20360449 slot=9567308 blocks=360448 txs=58543463 mgas=5456201 bps=34.51 tps=5279 mgps=523.2 avgBps=31.96 avgTps=5190 avgMGps=483.7 elapsed=3h7m59s
Aug 23 07:43:48 nimbus-eth1-mainnet-short-benchmark[3062610]: INF 2026-08-23 07:43:48.510+00:00 Imported blocks                            blockNumber=20368641 slot=9575548 blocks=368640 txs=59874056 mgas=5580204 bps=35.73 tps=5802 mgps=540.8 avgBps=32.03 avgTps=5202 avgMGps=484.9 elapsed=3h11m48s
Aug 23 07:47:46 nimbus-eth1-mainnet-short-benchmark[3062610]: INF 2026-08-23 07:47:46.951+00:00 Imported blocks                            blockNumber=20376833 slot=9583774 blocks=376832 txs=61167066 mgas=5704396 bps=34.36 tps=5422 mgps=520.9 avgBps=32.08 avgTps=5207 avgMGps=485.6 elapsed=3h15m46s
Aug 23 07:51:40 nimbus-eth1-mainnet-short-benchmark[3062610]: INF 2026-08-23 07:51:40.468+00:00 Imported blocks                            blockNumber=20385025 slot=9592009 blocks=385024 txs=62480333 mgas=5828235 bps=35.08 tps=5623 mgps=530.3 avgBps=32.14 avgTps=5215 avgMGps=486.5 elapsed=3h19m40s
Aug 23 07:55:33 nimbus-eth1-mainnet-short-benchmark[3062610]: INF 2026-08-23 07:55:33.216+00:00 Imported blocks                            blockNumber=20393217 slot=9600248 blocks=393216 txs=63800597 mgas=5952136 bps=35.20 tps=5672 mgps=532.3 avgBps=32.20 avgTps=5223 avgMGps=487.4 elapsed=3h23m33s
Aug 23 07:59:18 nimbus-eth1-mainnet-short-benchmark[3062610]: INF 2026-08-23 07:59:18.005+00:00 Imported blocks                            blockNumber=20401409 slot=9608486 blocks=401408 txs=65021243 mgas=6076384 bps=36.44 tps=5430 mgps=552.7 avgBps=32.27 avgTps=5227 avgMGps=488.5 elapsed=3h27m17s
Aug 23 08:03:17 nimbus-eth1-mainnet-short-benchmark[3062610]: INF 2026-08-23 08:03:17.890+00:00 Imported blocks                            blockNumber=20409601 slot=9616707 blocks=409600 txs=66199016 mgas=6200666 bps=34.15 tps=4909 mgps=518.1 avgBps=32.31 avgTps=5221 avgMGps=489.1 elapsed=3h31m17s
Aug 23 08:07:09 nimbus-eth1-mainnet-short-benchmark[3062610]: INF 2026-08-23 08:07:09.327+00:00 Imported blocks                            blockNumber=20417793 slot=9624941 blocks=417792 txs=67453930 mgas=6324823 bps=35.40 tps=5422 mgps=536.5 avgBps=32.36 avgTps=5225 avgMGps=489.9 elapsed=3h35m9s
Aug 23 08:10:32 nimbus-eth1-mainnet-short-benchmark[3062610]: INF 2026-08-23 08:10:32.876+00:00 Imported blocks                            blockNumber=20425985 slot=9633187 blocks=425984 txs=68814904 mgas=6448778 bps=40.25 tps=6686 mgps=609.0 avgBps=32.49 avgTps=5247 avgMGps=491.8 elapsed=3h38m32s
Aug 23 08:13:56 nimbus-eth1-mainnet-short-benchmark[3062610]: INF 2026-08-23 08:13:56.809+00:00 Imported blocks                            blockNumber=20434177 slot=9641422 blocks=434176 txs=70124508 mgas=6572711 bps=40.17 tps=6421 mgps=607.7 avgBps=32.60 avgTps=5265 avgMGps=493.6 elapsed=3h41m56s
Aug 23 08:17:32 nimbus-eth1-mainnet-short-benchmark[3062610]: INF 2026-08-23 08:17:32.154+00:00 Imported blocks                            blockNumber=20442369 slot=9649657 blocks=442368 txs=71403576 mgas=6696451 bps=38.04 tps=5939 mgps=574.6 avgBps=32.69 avgTps=5276 avgMGps=494.9 elapsed=3h45m32s
Aug 23 08:21:25 nimbus-eth1-mainnet-short-benchmark[3062610]: INF 2026-08-23 08:21:25.910+00:00 Imported blocks                            blockNumber=20450561 slot=9657896 blocks=450560 txs=72659905 mgas=6820521 bps=35.04 tps=5374 mgps=530.8 avgBps=32.73 avgTps=5278 avgMGps=495.5 elapsed=3h49m25s
Aug 23 08:25:40 nimbus-eth1-mainnet-short-benchmark[3062610]: INF 2026-08-23 08:25:40.735+00:00 Imported blocks                            blockNumber=20458753 slot=9666114 blocks=458752 txs=73838533 mgas=6945116 bps=32.15 tps=4625 mgps=488.9 avgBps=32.72 avgTps=5266 avgMGps=495.4 elapsed=3h53m40s
Aug 23 08:29:33 nimbus-eth1-mainnet-short-benchmark[3062610]: INF 2026-08-23 08:29:33.835+00:00 Imported blocks                            blockNumber=20466945 slot=9674343 blocks=466944 txs=75124748 mgas=7068943 bps=35.14 tps=5517 mgps=531.2 avgBps=32.76 avgTps=5270 avgMGps=495.9 elapsed=3h57m33s
Aug 23 08:33:22 nimbus-eth1-mainnet-short-benchmark[3062610]: INF 2026-08-23 08:33:22.904+00:00 Imported blocks                            blockNumber=20475137 slot=9682575 blocks=475136 txs=76420106 mgas=7192870 bps=35.76 tps=5654 mgps=541.0 avgBps=32.81 avgTps=5276 avgMGps=496.7 elapsed=4h1m22s
Aug 23 08:37:02 nimbus-eth1-mainnet-short-benchmark[3062610]: INF 2026-08-23 08:37:02.065+00:00 Imported blocks                            blockNumber=20483329 slot=9690800 blocks=483328 txs=77675422 mgas=7316939 bps=37.38 tps=5727 mgps=566.1 avgBps=32.88 avgTps=5283 avgMGps=497.7 elapsed=4h5m1s
Aug 23 08:40:37 nimbus-eth1-mainnet-short-benchmark[3062610]: INF 2026-08-23 08:40:37.894+00:00 Imported blocks                            blockNumber=20491521 slot=9699019 blocks=491520 txs=78951232 mgas=7440784 bps=37.96 tps=5911 mgps=573.8 avgBps=32.95 avgTps=5292 avgMGps=498.8 elapsed=4h8m37s
Aug 23 08:44:30 nimbus-eth1-mainnet-short-benchmark[3062610]: INF 2026-08-23 08:44:30.203+00:00 Imported blocks                            blockNumber=20499713 slot=9707248 blocks=499712 txs=80189642 mgas=7564669 bps=35.26 tps=5330 mgps=533.3 avgBps=32.98 avgTps=5293 avgMGps=499.3 elapsed=4h12m30s
Aug 23 08:48:27 nimbus-eth1-mainnet-short-benchmark[3062610]: INF 2026-08-23 08:48:27.683+00:00 Imported blocks                            blockNumber=20507905 slot=9715488 blocks=507904 txs=81317763 mgas=7689208 bps=34.50 tps=4750 mgps=524.4 avgBps=33.01 avgTps=5284 avgMGps=499.7 elapsed=4h16m27s
Aug 23 08:52:00 nimbus-eth1-mainnet-short-benchmark[3062610]: INF 2026-08-23 08:52:00.916+00:00 Imported blocks                            blockNumber=20516097 slot=9723715 blocks=516096 txs=82520262 mgas=7813209 bps=38.42 tps=5639 mgps=581.5 avgBps=33.08 avgTps=5289 avgMGps=500.8 elapsed=4h20m778ms
Aug 23 08:55:45 nimbus-eth1-mainnet-short-benchmark[3062610]: INF 2026-08-23 08:55:45.725+00:00 Imported blocks                            blockNumber=20524289 slot=9731945 blocks=524288 txs=83780075 mgas=7937233 bps=36.44 tps=5603 mgps=551.7 avgBps=33.13 avgTps=5293 avgMGps=501.5 elapsed=4h23m45s
Aug 23 08:59:33 nimbus-eth1-mainnet-short-benchmark[3062610]: INF 2026-08-23 08:59:33.706+00:00 Imported blocks                            blockNumber=20532481 slot=9740183 blocks=532480 txs=85263862 mgas=8061024 bps=35.93 tps=6508 mgps=543.0 avgBps=33.17 avgTps=5311 avgMGps=502.1 elapsed=4h27m33s
Aug 23 09:03:27 nimbus-eth1-mainnet-short-benchmark[3062610]: INF 2026-08-23 09:03:27.095+00:00 Imported blocks                            blockNumber=20540673 slot=9748418 blocks=540672 txs=86612143 mgas=8185090 bps=35.10 tps=5776 mgps=531.6 avgBps=33.20 avgTps=5317 avgMGps=502.6 elapsed=4h31m26s
Aug 23 09:07:28 nimbus-eth1-mainnet-short-benchmark[3062610]: INF 2026-08-23 09:07:28.267+00:00 Imported blocks                            blockNumber=20548865 slot=9756662 blocks=548864 txs=87802991 mgas=8309513 bps=33.97 tps=4937 mgps=515.9 avgBps=33.21 avgTps=5312 avgMGps=502.7 elapsed=4h35m28s
Aug 23 09:11:28 nimbus-eth1-mainnet-short-benchmark[3062610]: INF 2026-08-23 09:11:28.212+00:00 Imported blocks                            blockNumber=20557057 slot=9764892 blocks=557056 txs=88964987 mgas=8433956 bps=34.14 tps=4842 mgps=518.6 avgBps=33.22 avgTps=5305 avgMGps=503.0 elapsed=4h39m28s
Aug 23 09:15:16 nimbus-eth1-mainnet-short-benchmark[3062610]: INF 2026-08-23 09:15:16.553+00:00 Imported blocks                            blockNumber=20565249 slot=9773131 blocks=565248 txs=90186094 mgas=8558113 bps=35.88 tps=5347 mgps=543.7 avgBps=33.26 avgTps=5306 avgMGps=503.5 elapsed=4h43m16s
Aug 23 09:19:05 nimbus-eth1-mainnet-short-benchmark[3062610]: INF 2026-08-23 09:19:05.333+00:00 Imported blocks                            blockNumber=20573441 slot=9781369 blocks=573440 txs=91404654 mgas=8682228 bps=35.81 tps=5326 mgps=542.5 avgBps=33.29 avgTps=5306 avgMGps=504.0 elapsed=4h47m5s
Aug 23 09:22:50 nimbus-eth1-mainnet-short-benchmark[3062610]: INF 2026-08-23 09:22:50.318+00:00 Imported blocks                            blockNumber=20581633 slot=9789611 blocks=581632 txs=92628389 mgas=8806651 bps=36.41 tps=5439 mgps=553.0 avgBps=33.33 avgTps=5308 avgMGps=504.7 elapsed=4h50m50s
Aug 23 09:26:38 nimbus-eth1-mainnet-short-benchmark[3062610]: INF 2026-08-23 09:26:38.947+00:00 Imported blocks                            blockNumber=20589825 slot=9797855 blocks=589824 txs=93887208 mgas=8931023 bps=35.83 tps=5505 mgps=544.0 avgBps=33.36 avgTps=5310 avgMGps=505.2 elapsed=4h54m38s
Aug 23 09:30:34 nimbus-eth1-mainnet-short-benchmark[3062610]: INF 2026-08-23 09:30:34.120+00:00 Imported blocks                            blockNumber=20598017 slot=9806095 blocks=598016 txs=95163338 mgas=9055310 bps=34.83 tps=5426 mgps=528.5 avgBps=33.38 avgTps=5312 avgMGps=505.5 elapsed=4h58m33s
Aug 23 09:34:27 nimbus-eth1-mainnet-short-benchmark[3062610]: INF 2026-08-23 09:34:27.836+00:00 Imported blocks                            blockNumber=20606209 slot=9814347 blocks=606208 txs=96334664 mgas=9179976 bps=35.05 tps=5011 mgps=533.4 avgBps=33.40 avgTps=5308 avgMGps=505.8 elapsed=5h2m27s
Aug 23 09:38:14 nimbus-eth1-mainnet-short-benchmark[3062610]: INF 2026-08-23 09:38:14.209+00:00 Imported blocks                            blockNumber=20614401 slot=9822581 blocks=614400 txs=97573414 mgas=9304574 bps=36.19 tps=5472 mgps=550.4 avgBps=33.44 avgTps=5310 avgMGps=506.4 elapsed=5h6m14s
Aug 23 09:41:58 nimbus-eth1-mainnet-short-benchmark[3062610]: INF 2026-08-23 09:41:58.746+00:00 Imported blocks                            blockNumber=20622593 slot=9830821 blocks=622592 txs=98874772 mgas=9428835 bps=36.48 tps=5795 mgps=553.4 avgBps=33.48 avgTps=5316 avgMGps=507.0 elapsed=5h9m58s
Aug 23 09:45:37 nimbus-eth1-mainnet-short-benchmark[3062610]: INF 2026-08-23 09:45:37.051+00:00 Imported blocks                            blockNumber=20630785 slot=9839058 blocks=630784 txs=100178707 mgas=9553009 bps=37.53 tps=5973 mgps=568.8 avgBps=33.52 avgTps=5323 avgMGps=507.7 elapsed=5h13m36s
Aug 23 09:49:24 nimbus-eth1-mainnet-short-benchmark[3062610]: INF 2026-08-23 09:49:24.271+00:00 Imported blocks                            blockNumber=20638977 slot=9847313 blocks=638976 txs=101489116 mgas=9677171 bps=36.05 tps=5767 mgps=546.4 avgBps=33.55 avgTps=5329 avgMGps=508.1 elapsed=5h17m24s
Aug 23 09:53:11 nimbus-eth1-mainnet-short-benchmark[3062610]: INF 2026-08-23 09:53:11.568+00:00 Imported blocks                            blockNumber=20647169 slot=9855549 blocks=647168 txs=102730058 mgas=9801643 bps=36.04 tps=5459 mgps=547.6 avgBps=33.58 avgTps=5330 avgMGps=508.6 elapsed=5h21m11s
Aug 23 09:57:11 nimbus-eth1-mainnet-short-benchmark[3062610]: INF 2026-08-23 09:57:11.141+00:00 Imported blocks                            blockNumber=20655361 slot=9863778 blocks=655360 txs=103868002 mgas=9926541 bps=34.19 tps=4749 mgps=521.3 avgBps=33.59 avgTps=5323 avgMGps=508.8 elapsed=5h25m11s
Aug 23 10:00:53 nimbus-eth1-mainnet-short-benchmark[3062610]: INF 2026-08-23 10:00:53.478+00:00 Imported blocks                            blockNumber=20663553 slot=9872013 blocks=663552 txs=105112198 mgas=10051274 bps=36.85 tps=5596 mgps=561.0 avgBps=33.63 avgTps=5326 avgMGps=509.4 elapsed=5h28m53s
Aug 23 10:04:25 nimbus-eth1-mainnet-short-benchmark[3062610]: INF 2026-08-23 10:04:25.283+00:00 Imported blocks                            blockNumber=20671745 slot=9880241 blocks=671744 txs=106395904 mgas=10175177 bps=38.68 tps=6060 mgps=585.0 avgBps=33.68 avgTps=5334 avgMGps=510.2 elapsed=5h32m25s
Aug 23 10:08:03 nimbus-eth1-mainnet-short-benchmark[3062610]: INF 2026-08-23 10:08:03.560+00:00 Imported blocks                            blockNumber=20679937 slot=9888471 blocks=679936 txs=107674271 mgas=10299404 bps=37.53 tps=5856 mgps=569.1 avgBps=33.72 avgTps=5340 avgMGps=510.8 elapsed=5h36m3s
Aug 23 10:11:32 nimbus-eth1-mainnet-short-benchmark[3062610]: INF 2026-08-23 10:11:32.257+00:00 Imported blocks                            blockNumber=20688129 slot=9896698 blocks=688128 txs=108938536 mgas=10423298 bps=39.25 tps=6057 mgps=593.6 avgBps=33.78 avgTps=5347 avgMGps=511.6 elapsed=5h39m32s
Aug 23 10:15:13 nimbus-eth1-mainnet-short-benchmark[3062610]: INF 2026-08-23 10:15:13.145+00:00 Imported blocks                            blockNumber=20696321 slot=9904930 blocks=696320 txs=110235786 mgas=10547469 bps=37.09 tps=5872 mgps=562.1 avgBps=33.81 avgTps=5353 avgMGps=512.2 elapsed=5h43m13s
Aug 23 10:19:10 nimbus-eth1-mainnet-short-benchmark[3062610]: INF 2026-08-23 10:19:10.786+00:00 Imported blocks                            blockNumber=20704513 slot=9913154 blocks=704512 txs=111483759 mgas=10671677 bps=34.47 tps=5251 mgps=522.7 avgBps=33.82 avgTps=5351 avgMGps=512.3 elapsed=5h47m10s
Aug 23 10:22:55 nimbus-eth1-mainnet-short-benchmark[3062610]: INF 2026-08-23 10:22:55.763+00:00 Imported blocks                            blockNumber=20712705 slot=9921388 blocks=712704 txs=112764170 mgas=10795980 bps=36.41 tps=5691 mgps=552.5 avgBps=33.85 avgTps=5355 avgMGps=512.7 elapsed=5h50m55s
Aug 23 10:26:24 nimbus-eth1-mainnet-short-benchmark[3062610]: INF 2026-08-23 10:26:24.104+00:00 Imported blocks                            blockNumber=20720897 slot=9929633 blocks=720896 txs=114110517 mgas=10919926 bps=39.32 tps=6462 mgps=594.9 avgBps=33.90 avgTps=5366 avgMGps=513.5 elapsed=5h54m23s
Aug 23 10:30:00 nimbus-eth1-mainnet-short-benchmark[3062610]: INF 2026-08-23 10:30:00.637+00:00 Imported blocks                            blockNumber=20729089 slot=9937869 blocks=729088 txs=115449431 mgas=11043768 bps=37.83 tps=6183 mgps=571.9 avgBps=33.94 avgTps=5374 avgMGps=514.1 elapsed=5h58m499ms
Aug 23 10:33:29 nimbus-eth1-mainnet-short-benchmark[3062610]: INF 2026-08-23 10:33:29.542+00:00 Imported blocks                            blockNumber=20737281 slot=9946108 blocks=737280 txs=116784468 mgas=11167784 bps=39.21 tps=6390 mgps=593.6 avgBps=33.99 avgTps=5384 avgMGps=514.9 elapsed=6h1m29s
Aug 23 10:37:08 nimbus-eth1-mainnet-short-benchmark[3062610]: INF 2026-08-23 10:37:08.179+00:00 Imported blocks                            blockNumber=20745473 slot=9954342 blocks=745472 txs=118101003 mgas=11291742 bps=37.47 tps=6021 mgps=567.0 avgBps=34.03 avgTps=5390 avgMGps=515.4 elapsed=6h5m8s
Aug 23 10:41:04 nimbus-eth1-mainnet-short-benchmark[3062610]: INF 2026-08-23 10:41:04.287+00:00 Imported blocks                            blockNumber=20753665 slot=9962581 blocks=753664 txs=119337525 mgas=11415859 bps=34.70 tps=5237 mgps=525.7 avgBps=34.03 avgTps=5389 avgMGps=515.5 elapsed=6h9m4s
Aug 23 10:44:47 nimbus-eth1-mainnet-short-benchmark[3062610]: INF 2026-08-23 10:44:47.840+00:00 Imported blocks                            blockNumber=20761857 slot=9970803 blocks=761856 txs=120564314 mgas=11540225 bps=36.64 tps=5487 mgps=556.3 avgBps=34.06 avgTps=5390 avgMGps=515.9 elapsed=6h12m47s
Aug 23 10:48:18 nimbus-eth1-mainnet-short-benchmark[3062610]: INF 2026-08-23 10:48:18.081+00:00 Imported blocks                            blockNumber=20770049 slot=9979058 blocks=770048 txs=121858083 mgas=11663918 bps=38.96 tps=6153 mgps=588.3 avgBps=34.11 avgTps=5397 avgMGps=516.6 elapsed=6h16m17s
Aug 23 10:51:39 nimbus-eth1-mainnet-short-benchmark[3062610]: INF 2026-08-23 10:51:39.534+00:00 Imported blocks                            blockNumber=20778241 slot=9987307 blocks=778240 txs=123161734 mgas=11787906 bps=40.66 tps=6471 mgps=615.5 avgBps=34.16 avgTps=5406 avgMGps=517.5 elapsed=6h19m39s
Aug 23 10:54:56 nimbus-eth1-mainnet-short-benchmark[3062610]: INF 2026-08-23 10:54:56.452+00:00 Imported blocks                            blockNumber=20786433 slot=9995542 blocks=786432 txs=124509456 mgas=11911612 bps=41.60 tps=6844 mgps=628.2 avgBps=34.23 avgTps=5419 avgMGps=518.4 elapsed=6h22m56s
Aug 23 10:58:19 nimbus-eth1-mainnet-short-benchmark[3062610]: INF 2026-08-23 10:58:19.169+00:00 Imported blocks                            blockNumber=20794625 slot=10003781 blocks=794624 txs=125848921 mgas=12035338 bps=40.41 tps=6607 mgps=610.3 avgBps=34.28 avgTps=5429 avgMGps=519.2 elapsed=6h26m19s
Aug 23 11:01:47 nimbus-eth1-mainnet-short-benchmark[3062610]: INF 2026-08-23 11:01:47.442+00:00 Imported blocks                            blockNumber=20802817 slot=10012028 blocks=802816 txs=127089868 mgas=12158989 bps=39.33 tps=5958 mgps=593.7 avgBps=34.33 avgTps=5434 avgMGps=519.9 elapsed=6h29m47s
Aug 23 11:05:23 nimbus-eth1-mainnet-short-benchmark[3062610]: INF 2026-08-23 11:05:23.751+00:00 Imported blocks                            blockNumber=20811009 slot=10020249 blocks=811008 txs=128299762 mgas=12282850 bps=37.87 tps=5593 mgps=572.6 avgBps=34.36 avgTps=5435 avgMGps=520.4 elapsed=6h33m23s
Aug 23 11:08:44 nimbus-eth1-mainnet-short-benchmark[3062610]: INF 2026-08-23 11:08:44.840+00:00 Imported blocks                            blockNumber=20819201 slot=10028481 blocks=819200 txs=129596319 mgas=12406594 bps=40.74 tps=6447 mgps=615.4 avgBps=34.41 avgTps=5444 avgMGps=521.2 elapsed=6h36m44s
Aug 23 11:12:04 nimbus-eth1-mainnet-short-benchmark[3062610]: INF 2026-08-23 11:12:04.893+00:00 Imported blocks                            blockNumber=20827393 slot=10036710 blocks=827392 txs=130916729 mgas=12530249 bps=40.95 tps=6600 mgps=618.1 avgBps=34.47 avgTps=5453 avgMGps=522.0 elapsed=6h40m4s
Aug 23 11:15:25 nimbus-eth1-mainnet-short-benchmark[3062610]: INF 2026-08-23 11:15:25.386+00:00 Imported blocks                            blockNumber=20835585 slot=10044938 blocks=835584 txs=132226625 mgas=12654070 bps=40.86 tps=6533 mgps=617.6 avgBps=34.52 avgTps=5462 avgMGps=522.8 elapsed=6h43m25s
Aug 23 11:18:57 nimbus-eth1-mainnet-short-benchmark[3062610]: INF 2026-08-23 11:18:57.755+00:00 Imported blocks                            blockNumber=20843777 slot=10053164 blocks=843776 txs=133604192 mgas=12777730 bps=38.58 tps=6486 mgps=582.3 avgBps=34.56 avgTps=5471 avgMGps=523.3 elapsed=6h46m57s
Aug 23 11:22:56 nimbus-eth1-mainnet-short-benchmark[3062610]: INF 2026-08-23 11:22:56.676+00:00 Imported blocks                            blockNumber=20851969 slot=10061391 blocks=851968 txs=134900706 mgas=12901664 bps=34.29 tps=5426 mgps=518.7 avgBps=34.55 avgTps=5471 avgMGps=523.3 elapsed=6h50m56s
Aug 23 11:26:44 nimbus-eth1-mainnet-short-benchmark[3062610]: INF 2026-08-23 11:26:44.408+00:00 Imported blocks                            blockNumber=20860161 slot=10069622 blocks=860160 txs=136168750 mgas=13025603 bps=35.97 tps=5568 mgps=544.2 avgBps=34.57 avgTps=5472 avgMGps=523.4 elapsed=6h54m44s
Aug 23 11:30:29 nimbus-eth1-mainnet-short-benchmark[3062610]: INF 2026-08-23 11:30:29.317+00:00 Imported blocks                            blockNumber=20868353 slot=10077838 blocks=868352 txs=137550724 mgas=13149742 bps=36.42 tps=6144 mgps=552.0 avgBps=34.58 avgTps=5478 avgMGps=523.7 elapsed=6h58m29s
Aug 23 11:34:12 nimbus-eth1-mainnet-short-benchmark[3062610]: INF 2026-08-23 11:34:12.626+00:00 Imported blocks                            blockNumber=20876545 slot=10086066 blocks=876544 txs=138954673 mgas=13273457 bps=36.68 tps=6287 mgps=554.0 avgBps=34.60 avgTps=5485 avgMGps=524.0 elapsed=7h2m12s
Aug 23 11:37:51 nimbus-eth1-mainnet-short-benchmark[3062610]: INF 2026-08-23 11:37:51.483+00:00 Imported blocks                            blockNumber=20884737 slot=10094286 blocks=884736 txs=140256178 mgas=13397479 bps=37.43 tps=5946 mgps=566.7 avgBps=34.63 avgTps=5489 avgMGps=524.3 elapsed=7h5m51s
Aug 23 11:41:23 nimbus-eth1-mainnet-short-benchmark[3062610]: INF 2026-08-23 11:41:23.976+00:00 Imported blocks                            blockNumber=20892929 slot=10102512 blocks=892928 txs=141581868 mgas=13521575 bps=38.55 tps=6238 mgps=584.0 avgBps=34.66 avgTps=5495 avgMGps=524.8 elapsed=7h9m23s
Aug 23 11:44:55 nimbus-eth1-mainnet-short-benchmark[3062610]: INF 2026-08-23 11:44:55.481+00:00 Imported blocks                            blockNumber=20901121 slot=10110732 blocks=901120 txs=142875889 mgas=13645572 bps=38.73 tps=6118 mgps=586.3 avgBps=34.69 avgTps=5500 avgMGps=525.3 elapsed=7h12m55s
Aug 23 11:48:27 nimbus-eth1-mainnet-short-benchmark[3062610]: INF 2026-08-23 11:48:27.706+00:00 Imported blocks                            blockNumber=20909313 slot=10118953 blocks=909312 txs=144102308 mgas=13769390 bps=38.60 tps=5778 mgps=583.4 avgBps=34.72 avgTps=5502 avgMGps=525.8 elapsed=7h16m27s
Aug 23 11:51:55 nimbus-eth1-mainnet-short-benchmark[3062610]: INF 2026-08-23 11:51:55.007+00:00 Imported blocks                            blockNumber=20917505 slot=10127176 blocks=917504 txs=145406349 mgas=13893087 bps=39.52 tps=6290 mgps=596.7 avgBps=34.76 avgTps=5508 avgMGps=526.4 elapsed=7h19m54s
Aug 23 11:55:13 nimbus-eth1-mainnet-short-benchmark[3062610]: INF 2026-08-23 11:55:13.824+00:00 Imported blocks                            blockNumber=20925697 slot=10135394 blocks=925696 txs=146718394 mgas=14016820 bps=41.20 tps=6599 mgps=622.3 avgBps=34.81 avgTps=5517 avgMGps=527.1 elapsed=7h23m13s
Aug 23 11:58:44 nimbus-eth1-mainnet-short-benchmark[3062610]: INF 2026-08-23 11:58:44.629+00:00 Imported blocks                            blockNumber=20933889 slot=10143614 blocks=933888 txs=148049109 mgas=14140625 bps=38.86 tps=6312 mgps=587.3 avgBps=34.84 avgTps=5523 avgMGps=527.5 elapsed=7h26m44s
Aug 23 12:02:10 nimbus-eth1-mainnet-short-benchmark[3062610]: INF 2026-08-23 12:02:10.494+00:00 Imported blocks                            blockNumber=20942081 slot=10151840 blocks=942080 txs=149397364 mgas=14264352 bps=39.79 tps=6549 mgps=601.0 avgBps=34.88 avgTps=5531 avgMGps=528.1 elapsed=7h30m10s
Aug 23 12:05:40 nimbus-eth1-mainnet-short-benchmark[3062610]: INF 2026-08-23 12:05:40.615+00:00 Imported blocks                            blockNumber=20950273 slot=10160098 blocks=950272 txs=150765507 mgas=14388237 bps=38.99 tps=6511 mgps=589.6 avgBps=34.91 avgTps=5538 avgMGps=528.6 elapsed=7h33m40s
Aug 23 12:09:24 nimbus-eth1-mainnet-short-benchmark[3062610]: INF 2026-08-23 12:09:24.688+00:00 Imported blocks                            blockNumber=20958465 slot=10168363 blocks=958464 txs=152044771 mgas=14511987 bps=36.56 tps=5709 mgps=552.3 avgBps=34.92 avgTps=5540 avgMGps=528.8 elapsed=7h37m24s
Aug 23 12:12:59 nimbus-eth1-mainnet-short-benchmark[3062610]: INF 2026-08-23 12:12:59.177+00:00 Imported blocks                            blockNumber=20966657 slot=10176609 blocks=966656 txs=153365296 mgas=14635804 bps=38.19 tps=6156 mgps=577.3 avgBps=34.95 avgTps=5544 avgMGps=529.2 elapsed=7h40m59s
Aug 23 12:16:30 nimbus-eth1-mainnet-short-benchmark[3062610]: INF 2026-08-23 12:16:30.202+00:00 Imported blocks                            blockNumber=20974849 slot=10184849 blocks=974848 txs=154744917 mgas=14759580 bps=38.82 tps=6537 mgps=586.6 avgBps=34.98 avgTps=5552 avgMGps=529.6 elapsed=7h44m30s
Aug 23 12:20:08 nimbus-eth1-mainnet-short-benchmark[3062610]: INF 2026-08-23 12:20:08.827+00:00 Imported blocks                            blockNumber=20983041 slot=10193086 blocks=983040 txs=156055229 mgas=14883451 bps=37.47 tps=5993 mgps=566.6 avgBps=35.00 avgTps=5555 avgMGps=529.9 elapsed=7h48m8s
Aug 23 12:23:21 nimbus-eth1-mainnet-short-benchmark[3062610]: INF 2026-08-23 12:23:21.180+00:00 Imported blocks                            blockNumber=20991233 slot=10201319 blocks=991232 txs=157563202 mgas=15007557 bps=42.59 tps=7839 mgps=645.2 avgBps=35.05 avgTps=5571 avgMGps=530.7 elapsed=7h51m21s
Aug 23 12:27:04 nimbus-eth1-mainnet-short-benchmark[3062610]: INF 2026-08-23 12:27:04.201+00:00 Imported blocks                            blockNumber=20999425 slot=10209549 blocks=999424 txs=159003277 mgas=15131383 bps=36.73 tps=6457 mgps=555.2 avgBps=35.06 avgTps=5578 avgMGps=530.9 elapsed=7h55m4s
Aug 23 12:27:20 nimbus-eth1-mainnet-short-benchmark[3062610]: INF 2026-08-23 12:27:20.445+00:00 Imported blocks                            blockNumber=21000001 slot=10210128 blocks=1000000 txs=159109486 mgas=15140191 bps=35.46 tps=6539 mgps=542.3 avgBps=35.06 avgTps=5578 avgMGps=530.9 elapsed=7h55m20s
Aug 23 12:27:20 nimbus-eth1-mainnet-short-benchmark[3062610]: NTC 2026-08-23 12:27:20.445+00:00 Import complete                            blockNumber=21000001 slot=10210128 blocks=1000000 txs=159109486 mgas=15140191
Aug 23 12:27:21 nimbus-eth1-mainnet-short-benchmark[3030452]: <<< ending startNimbusWithImport (success)
Aug 23 12:27:21 nimbus-eth1-mainnet-short-benchmark[3030452]: >>> starting moveBenchmarkingFileToRepo
Aug 23 12:27:21 nimbus-eth1-mainnet-short-benchmark[3030452]: >>> copying debug-csv generated by nimbus to benchmarks repo
Aug 23 12:27:21 nimbus-eth1-mainnet-short-benchmark[3030452]: <<< ending moveBenchmarkingFileToRepo (success)
Aug 23 12:27:21 nimbus-eth1-mainnet-short-benchmark[3030452]: >>> starting generateBuildEnvironmentLogFile
Aug 23 12:27:30 nimbus-eth1-mainnet-short-benchmark[3030452]: <<< ending generateBuildEnvironmentLogFile (success)
Aug 23 12:27:30 nimbus-eth1-mainnet-short-benchmark[3030452]: >>> starting generateSystemdServiceLogs
