Oct 01 00:49:36 nimbus-eth1-mainnet-short-benchmark[3391330]: >>> starting cloneOrFetchBenchmarksRepo
Oct 01 00:49:36 nimbus-eth1-mainnet-short-benchmark[3391330]: >>> Fetching latest changes for nimbus-eth1-benchmarks...
Oct 01 00:49:38 nimbus-eth1-mainnet-short-benchmark[3391378]: HEAD is now at fc4c0d4 chore: update short benchmark Readme
Oct 01 00:49:38 nimbus-eth1-mainnet-short-benchmark[3391330]: <<< ending cloneOrFetchBenchmarksRepo (success)
Oct 01 00:49:38 nimbus-eth1-mainnet-short-benchmark[3391330]: >>> starting cloneOrFetchNimbusRepo
Oct 01 00:49:47 nimbus-eth1-mainnet-short-benchmark[3391330]: >>> Fetching latest changes for nimbus-eth1...
Oct 01 00:49:48 nimbus-eth1-mainnet-short-benchmark[3391731]: From https://github.com/status-im/nimbus-eth1
Oct 01 00:49:48 nimbus-eth1-mainnet-short-benchmark[3391731]:    4772f522d..de28e835d  master     -> origin/master
Oct 01 00:49:48 nimbus-eth1-mainnet-short-benchmark[3391731]: warning: dca1e783a7a63b76b203b69148c7fa45b68f2daf:.gitmodules, multiple configurations found for 'submodule.vendor/nim-libplum.path'. Skipping second one!
Oct 01 00:49:48 nimbus-eth1-mainnet-short-benchmark[3391731]: warning: dca1e783a7a63b76b203b69148c7fa45b68f2daf:.gitmodules, multiple configurations found for 'submodule.vendor/nim-libplum.url'. Skipping second one!
Oct 01 00:49:48 nimbus-eth1-mainnet-short-benchmark[3391741]: HEAD is now at de28e835d Beacon sync fix edge case for fcu header resolution tool (#4879)
Oct 01 00:49:48 nimbus-eth1-mainnet-short-benchmark[3391330]: >>> Found last benchmarked commit: 4772f522
Oct 01 00:49:48 nimbus-eth1-mainnet-short-benchmark[3391330]: >>> Using next commit: de28e835db32843fd1984d6592f75f097ea95573
Oct 01 00:49:48 nimbus-eth1-mainnet-short-benchmark[3391760]: HEAD is now at de28e835d Beacon sync fix edge case for fcu header resolution tool (#4879)
Oct 01 00:49:48 nimbus-eth1-mainnet-short-benchmark[3391330]: >>> Current commit: de28e835d
Oct 01 00:49:48 nimbus-eth1-mainnet-short-benchmark[3391330]: <<< ending cloneOrFetchNimbusRepo (success)
Oct 01 00:49:48 nimbus-eth1-mainnet-short-benchmark[3391330]: >>> starting buildBinaries
Oct 01 00:49:48 nimbus-eth1-mainnet-short-benchmark[3391330]: >>> Building binaries for commit de28e835...
Oct 01 00:49:50 nimbus-eth1-mainnet-short-benchmark[3393029]: Submodule path 'vendor/nim-eth': checked out '52d5420a4fc13cef79136dbaa524445a352c6591'
Oct 01 00:49:56 nimbus-eth1-mainnet-short-benchmark[3397475]: Building: Nim compiler
Oct 01 00:52:55 nimbus-eth1-mainnet-short-benchmark[3397475]: Building custom Nimble commit: 42ef70c2102a942c46f13eb76872326edd525cec
Oct 01 00:53:07 nimbus-eth1-mainnet-short-benchmark[3397475]: Building Nimble...
Oct 01 00:53:17 nimbus-eth1-mainnet-short-benchmark[3397475]: Replacing nimble binary...
Oct 01 00:53:24 nimbus-eth1-mainnet-short-benchmark[3414420]: Building: build/generate_makefile
Oct 01 00:53:25 nimbus-eth1-mainnet-short-benchmark[3414285]: ROCKSDB CACHED VERSION: 11.8.1
Oct 01 00:53:25 nimbus-eth1-mainnet-short-benchmark[3414688]: RocksDb static libraries already built. Skipping build.
Oct 01 00:53:25 nimbus-eth1-mainnet-short-benchmark[3414420]: Build completed successfully: build/generate_makefile
Oct 01 00:53:25 nimbus-eth1-mainnet-short-benchmark[3414742]: Building: build/nimbus_execution_client
Oct 01 00:53:52 nimbus-eth1-mainnet-short-benchmark[3414860]: @["Unknown constants in file: ", "GAS_LIMIT_SCHEDULE", "GAS_LIMIT", "- EPOCH", "    GAS_LIMIT"]
Oct 01 00:53:52 nimbus-eth1-mainnet-short-benchmark[3414860]: @["Unknown constants in file: ", "GAS_LIMIT_SCHEDULE", "GAS_LIMIT", "- EPOCH", "    GAS_LIMIT"]
Oct 01 00:55:50 nimbus-eth1-mainnet-short-benchmark[3414742]: Build completed successfully: build/nimbus_execution_client
Oct 01 00:55:50 nimbus-eth1-mainnet-short-benchmark[3391330]: >>> renaming binaries to match commit they were built from
Oct 01 00:55:50 nimbus-eth1-mainnet-short-benchmark[3391330]: >>> creating a symbolic link to the latest version
Oct 01 00:55:50 nimbus-eth1-mainnet-short-benchmark[3391330]: >>> deleting copies that are older than N days
Oct 01 00:55:50 nimbus-eth1-mainnet-short-benchmark[3391330]: <<< ending buildBinaries (success)
Oct 01 00:55:50 nimbus-eth1-mainnet-short-benchmark[3391330]: >>> starting skipOrContinueBenchmark
Oct 01 00:55:50 nimbus-eth1-mainnet-short-benchmark[3391330]: <<< ending skipOrContinueBenchmark (success)
Oct 01 00:55:50 nimbus-eth1-mainnet-short-benchmark[3391330]: >>> starting copyTemplateDatabase
Oct 01 00:55:50 nimbus-eth1-mainnet-short-benchmark[3391330]: >>> Copying template db into nimbus data directory
Oct 01 00:59:05 nimbus-eth1-mainnet-short-benchmark[3391330]: >>> Template db copied
Oct 01 00:59:05 nimbus-eth1-mainnet-short-benchmark[3391330]: >>> making nimbus the owner of the copied files
Oct 01 00:59:05 nimbus-eth1-mainnet-short-benchmark[3391330]: <<< ending copyTemplateDatabase (success)
Oct 01 00:59:05 nimbus-eth1-mainnet-short-benchmark[3391330]: >>> starting startNimbusWithImport
Oct 01 00:59:05 nimbus-eth1-mainnet-short-benchmark[3420443]: INF 2026-10-01 00:59:05.633+00:00 Launching execution client                 version=v0.4.2-de28e835 config="(configFile: none(InputFile), dataDirFlag: some(/data/status-im/nimbus-eth1/data/shared_mainnet_0), era1DirFlag: some(/data/era1), eraDirFlag: some(/data/era), ereDirFlag: none(OutDir), keyStoreDirFlag: none(OutDir), importKey: , trustedSetupFile: none(string), extraData: Nimbus/v0.4.2-de28e835, gasLimit: none(uint64), maxBlobs: none(byte), network: [mainnet], logLevel: INFO, logFormat: auto, metricsEnabled: false, metricsPort: 9093, metricsAddress: 127.0.0.1, bootstrapNodes: [], elBootstrapNodes: [], bootstrapFile: , elBootstrapFile: , staticPeers: [], staticPeersFile: , reconnectMaxRetry: 0, reconnectInterval: 15, listenAddress: ::, tcpPort: 30303, udpPortFlag: none(Port), maxPeersOpt: none(int), elMaxPeersOpt: none(int), nat: (hasExtIp: false, nat: NatAny), discv5: true, netKey: random, agentString: Nimbus/v0.4.2-de28e835/linux-amd64/Nim-2.2.12, numThreads: 0, persistBatchSize: 4, dynamicBatchSize: false, rocksdbMaxOpenFiles: 2048, rocksdbWriteBufferSize: 67108864, rocksdbRowCacheSize: 0, rocksdbBlockCacheSize: 2147483648, rocksdbBlockCacheType: hyperclock, rdbVtxCacheSize: 684720128, rdbKeyCacheSize: 1342177280, rdbBranchCacheSize: 1395654656, rdbPrintStats: false, rewriteDatadirId: true, aristoDbMaxSnapshots: 5, debugParallel: none(bool), parallelStateRootComputationFlag: false, parallelSenderRecoveryFlag: true, optimisticStatePrefetchFlag: false, balStatePrefetchFlag: false, balStatePrefetchWorkers: 0, balParallelExecutionFlag: false, balPruning: true, eagerStateRootCheck: false, deserializeFcState: true, statelessProvider: false, statelessWitnessValidation: false, cmd: import, maxBlocks: 1000000, chunkSize: 8192, csvStats: some("/data/host-benchmarks/short/46392e1827d74f3c892c3b59b1aa5646/blocks-import-benchmark.csv"), validation: false, fullValidation: false, storeBodies: false, storeReceipts: false, storeSlotHashes: false)"
Oct 01 00:59:05 nimbus-eth1-mainnet-short-benchmark[3420443]: WRN 2026-10-01 00:59:05.641+00:00 Data directory has insecure permissions. Correcting them. data_dir=/data/status-im/nimbus-eth1/data/shared_mainnet_0 current_permissions=0755 required_permissions=0700
Oct 01 00:59:07 nimbus-eth1-mainnet-short-benchmark[3420443]: INF 2026-10-01 00:59:07.469+00:00 Taskpool started                           numThreads=16
Oct 01 00:59:07 nimbus-eth1-mainnet-short-benchmark[3420443]: CreateIOUring failed: Invalid argument (errno=22), thread=140661510425856
Oct 01 00:59:07 nimbus-eth1-mainnet-short-benchmark[3420443]: INF 2026-10-01 00:59:07.601+00:00 Database initialized                       base="(0xd24fd73f794058a3807db926d8898c6481e902b7edb91ce0d479d6760f276183, 20000000)" finalized="(0xd24fd73f794058a3807db926d8898c6481e902b7edb91ce0d479d6760f276183, 20000000)" head="(0xd4e56740f876aef8c010b86a40d5f56745a118d0906a34e69aec8c0db1cb8fa3, 0)" startOfHistory=0
Oct 01 00:59:07 nimbus-eth1-mainnet-short-benchmark[3420443]: NTC 2026-10-01 00:59:07.601+00:00 Could not open ere database, falling back to era1/era import ereDir=/data/status-im/nimbus-eth1/data/shared_mainnet_0/ere networkName=mainnet error="No ere files found in /data/status-im/nimbus-eth1/data/shared_mainnet_0/ere"
Oct 01 00:59:07 nimbus-eth1-mainnet-short-benchmark[3420443]: NTC 2026-10-01 00:59:07.601+00:00 Importing era archive                      blockNumber=20000001 dataDir=/data/status-im/nimbus-eth1/data/shared_mainnet_0 eraDir=/data/era
Oct 01 00:59:09 nimbus-eth1-mainnet-short-benchmark[3420443]: NTC 2026-10-01 00:59:09.861+00:00 Matched block to slot number               blockNumber=20000001 slot=9204783
Oct 01 01:05:20 nimbus-eth1-mainnet-short-benchmark[3420443]: INF 2026-10-01 01:05:20.620+00:00 Imported blocks                            blockNumber=20008193 slot=9213020 blocks=8192 txs=1226966 mgas=124237 bps=21.96 tps=3289 mgps=333.1 avgBps=21.96 avgTps=3289 avgMGps=333.1 elapsed=6m13s16ms
Oct 01 01:10:44 nimbus-eth1-mainnet-short-benchmark[3420443]: INF 2026-10-01 01:10:44.967+00:00 Imported blocks                            blockNumber=20016385 slot=9221256 blocks=16384 txs=2540380 mgas=248071 bps=25.26 tps=4049 mgps=381.8 avgBps=23.49 avgTps=3642 avgMGps=355.7 elapsed=11m37s364ms
Oct 01 01:15:53 nimbus-eth1-mainnet-short-benchmark[3420443]: INF 2026-10-01 01:15:53.823+00:00 Imported blocks                            blockNumber=20024577 slot=9229485 blocks=24576 txs=3869398 mgas=372018 bps=26.52 tps=4303 mgps=401.3 avgBps=24.42 avgTps=3845 avgMGps=369.7 elapsed=16m46s221ms
Oct 01 01:20:34 nimbus-eth1-mainnet-short-benchmark[3420443]: INF 2026-10-01 01:20:34.339+00:00 Imported blocks                            blockNumber=20032769 slot=9237722 blocks=32768 txs=5222766 mgas=495797 bps=29.20 tps=4824 mgps=441.3 avgBps=25.47 avgTps=4058 avgMGps=385.3 elapsed=21m26s735ms
Oct 01 01:25:03 nimbus-eth1-mainnet-short-benchmark[3420443]: INF 2026-10-01 01:25:03.647+00:00 Imported blocks                            blockNumber=20040961 slot=9245957 blocks=40960 txs=6566802 mgas=619586 bps=30.42 tps=4990 mgps=459.7 avgBps=26.32 avgTps=4220 avgMGps=398.2 elapsed=25m56s45ms
Oct 01 01:29:57 nimbus-eth1-mainnet-short-benchmark[3420443]: INF 2026-10-01 01:29:57.995+00:00 Imported blocks                            blockNumber=20049153 slot=9254196 blocks=49152 txs=7904746 mgas=743522 bps=27.83 tps=4545 mgps=421.1 avgBps=26.56 avgTps=4271 avgMGps=401.8 elapsed=30m50s392ms
Oct 01 01:34:34 nimbus-eth1-mainnet-short-benchmark[3420443]: INF 2026-10-01 01:34:34.903+00:00 Imported blocks                            blockNumber=20057345 slot=9262435 blocks=57344 txs=9212009 mgas=867360 bps=29.58 tps=4720 mgps=447.2 avgBps=26.96 avgTps=4330 avgMGps=407.7 elapsed=35m27s298ms
Oct 01 01:38:52 nimbus-eth1-mainnet-short-benchmark[3420443]: INF 2026-10-01 01:38:52.811+00:00 Imported blocks                            blockNumber=20065537 slot=9270674 blocks=65536 txs=10559018 mgas=991371 bps=31.76 tps=5222 mgps=480.8 avgBps=27.48 avgTps=4426 avgMGps=415.6 elapsed=39m45s206ms
Oct 01 01:42:58 nimbus-eth1-mainnet-short-benchmark[3420443]: INF 2026-10-01 01:42:58.368+00:00 Imported blocks                            blockNumber=20073729 slot=9278910 blocks=73728 txs=11898676 mgas=1115111 bps=33.36 tps=5455 mgps=503.9 avgBps=28.03 avgTps=4522 avgMGps=423.9 elapsed=43m50s763ms
Oct 01 01:46:54 nimbus-eth1-mainnet-short-benchmark[3420443]: INF 2026-10-01 01:46:54.968+00:00 Imported blocks                            blockNumber=20081921 slot=9287152 blocks=81920 txs=13323263 mgas=1239150 bps=34.62 tps=6021 mgps=524.3 avgBps=28.57 avgTps=4646 avgMGps=432.2 elapsed=47m47s365ms
Oct 01 01:50:46 nimbus-eth1-mainnet-short-benchmark[3420443]: INF 2026-10-01 01:50:46.697+00:00 Imported blocks                            blockNumber=20090113 slot=9295408 blocks=90112 txs=14697082 mgas=1363113 bps=35.35 tps=5928 mgps=534.9 avgBps=29.08 avgTps=4742 avgMGps=439.8 elapsed=51m39s96ms
Oct 01 01:54:56 nimbus-eth1-mainnet-short-benchmark[3420443]: INF 2026-10-01 01:54:56.101+00:00 Imported blocks                            blockNumber=20098305 slot=9303658 blocks=98304 txs=16025683 mgas=1487146 bps=32.85 tps=5327 mgps=497.3 avgBps=29.36 avgTps=4785 avgMGps=444.1 elapsed=55m48s498ms
Oct 01 01:59:18 nimbus-eth1-mainnet-short-benchmark[3420443]: INF 2026-10-01 01:59:18.082+00:00 Imported blocks                            blockNumber=20106497 slot=9311895 blocks=106496 txs=17337157 mgas=1611066 bps=31.27 tps=5005 mgps=473.0 avgBps=29.50 avgTps=4801 avgMGps=446.2 elapsed=1h10s480ms
Oct 01 02:03:25 nimbus-eth1-mainnet-short-benchmark[3420443]: INF 2026-10-01 02:03:25.266+00:00 Imported blocks                            blockNumber=20114689 slot=9320146 blocks=114688 txs=18632097 mgas=1735123 bps=33.14 tps=5238 mgps=501.9 avgBps=29.73 avgTps=4829 avgMGps=449.8 elapsed=1h4m17s
Oct 01 02:07:14 nimbus-eth1-mainnet-short-benchmark[3420443]: INF 2026-10-01 02:07:14.639+00:00 Imported blocks                            blockNumber=20122881 slot=9328409 blocks=122880 txs=19937418 mgas=1859249 bps=35.71 tps=5690 mgps=541.2 avgBps=30.07 avgTps=4878 avgMGps=454.9 elapsed=1h8m7s
Oct 01 02:11:03 nimbus-eth1-mainnet-short-benchmark[3420443]: INF 2026-10-01 02:11:03.195+00:00 Imported blocks                            blockNumber=20131073 slot=9336660 blocks=131072 txs=21214129 mgas=1983500 bps=35.84 tps=5585 mgps=543.6 avgBps=30.37 avgTps=4915 avgMGps=459.6 elapsed=1h11m55s
Oct 01 02:14:52 nimbus-eth1-mainnet-short-benchmark[3420443]: INF 2026-10-01 02:14:52.852+00:00 Imported blocks                            blockNumber=20139265 slot=9344906 blocks=139264 txs=22579079 mgas=2107571 bps=35.67 tps=5943 mgps=540.2 avgBps=30.64 avgTps=4967 avgMGps=463.7 elapsed=1h15m45s
Oct 01 02:19:28 nimbus-eth1-mainnet-short-benchmark[3420443]: INF 2026-10-01 02:19:28.460+00:00 Imported blocks                            blockNumber=20147457 slot=9353153 blocks=147456 txs=24133322 mgas=2231686 bps=29.72 tps=5639 mgps=450.3 avgBps=30.59 avgTps=5006 avgMGps=462.9 elapsed=1h20m20s
Oct 01 02:23:49 nimbus-eth1-mainnet-short-benchmark[3420443]: INF 2026-10-01 02:23:49.988+00:00 Imported blocks                            blockNumber=20155649 slot=9361407 blocks=155648 txs=25424015 mgas=2356018 bps=31.32 tps=4935 mgps=475.4 avgBps=30.62 avgTps=5002 avgMGps=463.6 elapsed=1h24m42s
Oct 01 02:27:51 nimbus-eth1-mainnet-short-benchmark[3420443]: INF 2026-10-01 02:27:51.812+00:00 Imported blocks                            blockNumber=20163841 slot=9369652 blocks=163840 txs=26749549 mgas=2480207 bps=33.88 tps=5481 mgps=513.5 avgBps=30.77 avgTps=5024 avgMGps=465.8 elapsed=1h28m44s
Oct 01 02:31:46 nimbus-eth1-mainnet-short-benchmark[3420443]: INF 2026-10-01 02:31:46.741+00:00 Imported blocks                            blockNumber=20172033 slot=9377892 blocks=172032 txs=28105316 mgas=2604026 bps=34.87 tps=5771 mgps=527.1 avgBps=30.95 avgTps=5055 avgMGps=468.4 elapsed=1h32m39s
Oct 01 02:35:47 nimbus-eth1-mainnet-short-benchmark[3420443]: INF 2026-10-01 02:35:47.362+00:00 Imported blocks                            blockNumber=20180225 slot=9386128 blocks=180224 txs=29524405 mgas=2728170 bps=34.04 tps=5897 mgps=515.9 avgBps=31.07 avgTps=5090 avgMGps=470.4 elapsed=1h36m39s
Oct 01 02:39:30 nimbus-eth1-mainnet-short-benchmark[3420443]: INF 2026-10-01 02:39:30.562+00:00 Imported blocks                            blockNumber=20188417 slot=9394365 blocks=188416 txs=30849021 mgas=2852023 bps=36.70 tps=5934 mgps=554.9 avgBps=31.28 avgTps=5121 avgMGps=473.5 elapsed=1h40m22s
Oct 01 02:43:40 nimbus-eth1-mainnet-short-benchmark[3420443]: INF 2026-10-01 02:43:40.503+00:00 Imported blocks                            blockNumber=20196609 slot=9402602 blocks=196608 txs=32174755 mgas=2976155 bps=32.78 tps=5304 mgps=496.6 avgBps=31.34 avgTps=5129 avgMGps=474.4 elapsed=1h44m32s
Oct 01 02:48:00 nimbus-eth1-mainnet-short-benchmark[3420443]: INF 2026-10-01 02:48:00.779+00:00 Imported blocks                            blockNumber=20204801 slot=9410840 blocks=204800 txs=33475942 mgas=3100410 bps=31.47 tps=4999 mgps=477.4 avgBps=31.35 avgTps=5123 avgMGps=474.6 elapsed=1h48m53s
Oct 01 02:52:01 nimbus-eth1-mainnet-short-benchmark[3420443]: INF 2026-10-01 02:52:01.384+00:00 Imported blocks                            blockNumber=20212993 slot=9419071 blocks=212992 txs=34798508 mgas=3224370 bps=34.05 tps=5496 mgps=515.2 avgBps=31.44 avgTps=5137 avgMGps=476.0 elapsed=1h52m53s
Oct 01 02:55:57 nimbus-eth1-mainnet-short-benchmark[3420443]: INF 2026-10-01 02:55:57.024+00:00 Imported blocks                            blockNumber=20221185 slot=9427313 blocks=221184 txs=36114045 mgas=3348169 bps=34.76 tps=5582 mgps=525.4 avgBps=31.56 avgTps=5152 avgMGps=477.7 elapsed=1h56m49s
Oct 01 02:59:32 nimbus-eth1-mainnet-short-benchmark[3420443]: INF 2026-10-01 02:59:32.917+00:00 Imported blocks                            blockNumber=20229377 slot=9435549 blocks=229376 txs=37421794 mgas=3472031 bps=37.94 tps=6057 mgps=573.7 avgBps=31.75 avgTps=5179 avgMGps=480.5 elapsed=2h25s315ms
Oct 01 03:03:19 nimbus-eth1-mainnet-short-benchmark[3420443]: INF 2026-10-01 03:03:19.618+00:00 Imported blocks                            blockNumber=20237569 slot=9443788 blocks=237568 txs=38842064 mgas=3596351 bps=36.14 tps=6264 mgps=548.4 avgBps=31.88 avgTps=5212 avgMGps=482.6 elapsed=2h4m12s
Oct 01 03:07:25 nimbus-eth1-mainnet-short-benchmark[3420443]: INF 2026-10-01 03:07:25.155+00:00 Imported blocks                            blockNumber=20245761 slot=9452021 blocks=245760 txs=40225739 mgas=3720100 bps=33.36 tps=5635 mgps=504.0 avgBps=31.93 avgTps=5225 avgMGps=483.3 elapsed=2h8m17s
Oct 01 03:11:44 nimbus-eth1-mainnet-short-benchmark[3420443]: INF 2026-10-01 03:11:44.983+00:00 Imported blocks                            blockNumber=20253953 slot=9460253 blocks=253952 txs=41454921 mgas=3844385 bps=31.53 tps=4730 mgps=478.3 avgBps=31.91 avgTps=5209 avgMGps=483.1 elapsed=2h12m37s
Oct 01 03:15:50 nimbus-eth1-mainnet-short-benchmark[3420443]: INF 2026-10-01 03:15:50.991+00:00 Imported blocks                            blockNumber=20262145 slot=9468495 blocks=262144 txs=42726051 mgas=3968623 bps=33.30 tps=5166 mgps=505.0 avgBps=31.96 avgTps=5208 avgMGps=483.8 elapsed=2h16m43s
Oct 01 03:19:42 nimbus-eth1-mainnet-short-benchmark[3420443]: INF 2026-10-01 03:19:42.572+00:00 Imported blocks                            blockNumber=20270337 slot=9476748 blocks=270336 txs=44050436 mgas=4092682 bps=35.37 tps=5718 mgps=535.7 avgBps=32.05 avgTps=5222 avgMGps=485.2 elapsed=2h20m34s
Oct 01 03:23:17 nimbus-eth1-mainnet-short-benchmark[3420443]: INF 2026-10-01 03:23:17.625+00:00 Imported blocks                            blockNumber=20278529 slot=9484981 blocks=278528 txs=45382368 mgas=4216487 bps=38.09 tps=6193 mgps=575.7 avgBps=32.20 avgTps=5246 avgMGps=487.5 elapsed=2h24m10s
Oct 01 03:26:56 nimbus-eth1-mainnet-short-benchmark[3420443]: INF 2026-10-01 03:26:56.386+00:00 Imported blocks                            blockNumber=20286721 slot=9493213 blocks=286720 txs=46733429 mgas=4340363 bps=37.45 tps=6175 mgps=566.3 avgBps=32.33 avgTps=5269 avgMGps=489.4 elapsed=2h27m48s
Oct 01 03:30:58 nimbus-eth1-mainnet-short-benchmark[3420443]: INF 2026-10-01 03:30:58.071+00:00 Imported blocks                            blockNumber=20294913 slot=9501453 blocks=294912 txs=48075887 mgas=4464376 bps=33.90 tps=5554 mgps=513.1 avgBps=32.37 avgTps=5276 avgMGps=490.0 elapsed=2h31m50s
Oct 01 03:34:54 nimbus-eth1-mainnet-short-benchmark[3420443]: INF 2026-10-01 03:34:54.963+00:00 Imported blocks                            blockNumber=20303105 slot=9509696 blocks=303104 txs=49379538 mgas=4588534 bps=34.58 tps=5503 mgps=524.1 avgBps=32.43 avgTps=5282 avgMGps=490.9 elapsed=2h35m47s
Oct 01 03:38:46 nimbus-eth1-mainnet-short-benchmark[3420443]: INF 2026-10-01 03:38:46.020+00:00 Imported blocks                            blockNumber=20311297 slot=9517922 blocks=311296 txs=50637672 mgas=4712596 bps=35.45 tps=5445 mgps=536.9 avgBps=32.50 avgTps=5286 avgMGps=492.0 elapsed=2h39m38s
Oct 01 03:42:28 nimbus-eth1-mainnet-short-benchmark[3420443]: INF 2026-10-01 03:42:28.681+00:00 Imported blocks                            blockNumber=20319489 slot=9526159 blocks=319488 txs=51981692 mgas=4836521 bps=36.79 tps=6036 mgps=556.6 avgBps=32.60 avgTps=5303 avgMGps=493.5 elapsed=2h43m21s
Oct 01 03:45:50 nimbus-eth1-mainnet-short-benchmark[3420443]: INF 2026-10-01 03:45:50.582+00:00 Imported blocks                            blockNumber=20327681 slot=9534381 blocks=327680 txs=53356123 mgas=4960245 bps=40.57 tps=6807 mgps=612.8 avgBps=32.76 avgTps=5334 avgMGps=495.9 elapsed=2h46m42s
Oct 01 03:49:11 nimbus-eth1-mainnet-short-benchmark[3420443]: INF 2026-10-01 03:49:11.603+00:00 Imported blocks                            blockNumber=20335873 slot=9542617 blocks=335872 txs=54719105 mgas=5084025 bps=40.75 tps=6780 mgps=615.8 avgBps=32.92 avgTps=5362 avgMGps=498.2 elapsed=2h50m3s
Oct 01 03:52:53 nimbus-eth1-mainnet-short-benchmark[3420443]: INF 2026-10-01 03:52:53.212+00:00 Imported blocks                            blockNumber=20344065 slot=9550841 blocks=344064 txs=56021853 mgas=5207843 bps=36.97 tps=5878 mgps=558.7 avgBps=33.00 avgTps=5373 avgMGps=499.5 elapsed=2h53m45s
Oct 01 03:57:06 nimbus-eth1-mainnet-short-benchmark[3420443]: INF 2026-10-01 03:57:06.317+00:00 Imported blocks                            blockNumber=20352257 slot=9559072 blocks=352256 txs=57290408 mgas=5332016 bps=32.37 tps=5011 mgps=490.6 avgBps=32.99 avgTps=5364 avgMGps=499.3 elapsed=2h57m58s
Oct 01 04:00:56 nimbus-eth1-mainnet-short-benchmark[3420443]: INF 2026-10-01 04:00:56.797+00:00 Imported blocks                            blockNumber=20360449 slot=9567308 blocks=360448 txs=58543463 mgas=5456201 bps=35.54 tps=5436 mgps=538.8 avgBps=33.04 avgTps=5366 avgMGps=500.1 elapsed=3h1m49s
Oct 01 04:04:38 nimbus-eth1-mainnet-short-benchmark[3420443]: INF 2026-10-01 04:04:38.910+00:00 Imported blocks                            blockNumber=20368641 slot=9575548 blocks=368640 txs=59874056 mgas=5580204 bps=36.88 tps=5990 mgps=558.3 avgBps=33.12 avgTps=5378 avgMGps=501.3 elapsed=3h5m31s
Oct 01 04:08:33 nimbus-eth1-mainnet-short-benchmark[3420443]: INF 2026-10-01 04:08:33.607+00:00 Imported blocks                            blockNumber=20376833 slot=9583774 blocks=376832 txs=61167066 mgas=5704396 bps=34.91 tps=5509 mgps=529.2 avgBps=33.15 avgTps=5381 avgMGps=501.9 elapsed=3h9m26s
Oct 01 04:12:19 nimbus-eth1-mainnet-short-benchmark[3420443]: INF 2026-10-01 04:12:19.408+00:00 Imported blocks                            blockNumber=20385025 slot=9592009 blocks=385024 txs=62480333 mgas=5828235 bps=36.28 tps=5815 mgps=548.4 avgBps=33.22 avgTps=5390 avgMGps=502.8 elapsed=3h13m11s
Oct 01 04:16:05 nimbus-eth1-mainnet-short-benchmark[3420443]: INF 2026-10-01 04:16:05.453+00:00 Imported blocks                            blockNumber=20393217 slot=9600248 blocks=393216 txs=63800597 mgas=5952136 bps=36.24 tps=5840 mgps=548.1 avgBps=33.27 avgTps=5398 avgMGps=503.7 elapsed=3h16m57s
Oct 01 04:19:43 nimbus-eth1-mainnet-short-benchmark[3420443]: INF 2026-10-01 04:19:43.993+00:00 Imported blocks                            blockNumber=20401409 slot=9608486 blocks=401408 txs=65021243 mgas=6076384 bps=37.48 tps=5585 mgps=568.5 avgBps=33.35 avgTps=5402 avgMGps=504.8 elapsed=3h20m36s
Oct 01 04:23:36 nimbus-eth1-mainnet-short-benchmark[3420443]: INF 2026-10-01 04:23:36.606+00:00 Imported blocks                            blockNumber=20409601 slot=9616707 blocks=409600 txs=66199016 mgas=6200666 bps=35.22 tps=5063 mgps=534.3 avgBps=33.38 avgTps=5395 avgMGps=505.4 elapsed=3h24m29s
Oct 01 04:27:20 nimbus-eth1-mainnet-short-benchmark[3420443]: INF 2026-10-01 04:27:20.439+00:00 Imported blocks                            blockNumber=20417793 slot=9624941 blocks=417792 txs=67453930 mgas=6324823 bps=36.60 tps=5606 mgps=554.7 avgBps=33.44 avgTps=5399 avgMGps=506.3 elapsed=3h28m12s
Oct 01 04:30:37 nimbus-eth1-mainnet-short-benchmark[3420443]: INF 2026-10-01 04:30:37.892+00:00 Imported blocks                            blockNumber=20425985 slot=9633187 blocks=425984 txs=68814904 mgas=6448778 bps=41.49 tps=6892 mgps=627.8 avgBps=33.57 avgTps=5422 avgMGps=508.2 elapsed=3h31m30s
Oct 01 04:33:54 nimbus-eth1-mainnet-short-benchmark[3420443]: INF 2026-10-01 04:33:54.436+00:00 Imported blocks                            blockNumber=20434177 slot=9641422 blocks=434176 txs=70124508 mgas=6572711 bps=41.68 tps=6663 mgps=630.6 avgBps=33.69 avgTps=5441 avgMGps=510.0 elapsed=3h34m46s
Oct 01 04:37:22 nimbus-eth1-mainnet-short-benchmark[3420443]: INF 2026-10-01 04:37:22.913+00:00 Imported blocks                            blockNumber=20442369 slot=9649657 blocks=442368 txs=71403576 mgas=6696451 bps=39.29 tps=6135 mgps=593.5 avgBps=33.78 avgTps=5452 avgMGps=511.4 elapsed=3h38m15s
Oct 01 04:41:09 nimbus-eth1-mainnet-short-benchmark[3420443]: INF 2026-10-01 04:41:09.938+00:00 Imported blocks                            blockNumber=20450561 slot=9657896 blocks=450560 txs=72659905 mgas=6820521 bps=36.08 tps=5533 mgps=546.5 avgBps=33.82 avgTps=5453 avgMGps=512.0 elapsed=3h42m2s
Oct 01 04:45:18 nimbus-eth1-mainnet-short-benchmark[3420443]: INF 2026-10-01 04:45:18.530+00:00 Imported blocks                            blockNumber=20458753 slot=9666114 blocks=458752 txs=73838533 mgas=6945116 bps=32.95 tps=4741 mgps=501.2 avgBps=33.80 avgTps=5440 avgMGps=511.8 elapsed=3h46m10s
Oct 01 04:49:02 nimbus-eth1-mainnet-short-benchmark[3420443]: INF 2026-10-01 04:49:02.931+00:00 Imported blocks                            blockNumber=20466945 slot=9674343 blocks=466944 txs=75124748 mgas=7068943 bps=36.51 tps=5731 mgps=551.8 avgBps=33.85 avgTps=5445 avgMGps=512.4 elapsed=3h49m55s
Oct 01 04:52:47 nimbus-eth1-mainnet-short-benchmark[3420443]: INF 2026-10-01 04:52:47.932+00:00 Imported blocks                            blockNumber=20475137 slot=9682575 blocks=475136 txs=76420106 mgas=7192870 bps=36.41 tps=5757 mgps=550.8 avgBps=33.89 avgTps=5450 avgMGps=513.0 elapsed=3h53m40s
Oct 01 04:56:19 nimbus-eth1-mainnet-short-benchmark[3420443]: INF 2026-10-01 04:56:19.929+00:00 Imported blocks                            blockNumber=20483329 slot=9690800 blocks=483328 txs=77675422 mgas=7316939 bps=38.64 tps=5921 mgps=585.2 avgBps=33.96 avgTps=5457 avgMGps=514.1 elapsed=3h57m12s
Oct 01 04:59:50 nimbus-eth1-mainnet-short-benchmark[3420443]: INF 2026-10-01 04:59:50.962+00:00 Imported blocks                            blockNumber=20491521 slot=9699019 blocks=491520 txs=78951232 mgas=7440784 bps=38.82 tps=6045 mgps=586.9 avgBps=34.03 avgTps=5466 avgMGps=515.2 elapsed=4h43s361ms
Oct 01 05:03:35 nimbus-eth1-mainnet-short-benchmark[3420443]: INF 2026-10-01 05:03:35.786+00:00 Imported blocks                            blockNumber=20499713 slot=9707248 blocks=499712 txs=80189642 mgas=7564669 bps=36.44 tps=5508 mgps=551.0 avgBps=34.07 avgTps=5466 avgMGps=515.7 elapsed=4h4m28s
Oct 01 05:07:27 nimbus-eth1-mainnet-short-benchmark[3420443]: INF 2026-10-01 05:07:26.999+00:00 Imported blocks                            blockNumber=20507905 slot=9715488 blocks=507904 txs=81317763 mgas=7689208 bps=35.43 tps=4879 mgps=538.6 avgBps=34.09 avgTps=5457 avgMGps=516.1 elapsed=4h8m19s
Oct 01 05:10:50 nimbus-eth1-mainnet-short-benchmark[3420443]: INF 2026-10-01 05:10:50.256+00:00 Imported blocks                            blockNumber=20516097 slot=9723715 blocks=516096 txs=82520262 mgas=7813209 bps=40.30 tps=5916 mgps=610.1 avgBps=34.17 avgTps=5463 avgMGps=517.3 elapsed=4h11m42s
Oct 01 05:14:27 nimbus-eth1-mainnet-short-benchmark[3420443]: INF 2026-10-01 05:14:27.337+00:00 Imported blocks                            blockNumber=20524289 slot=9731945 blocks=524288 txs=83780075 mgas=7937233 bps=37.74 tps=5803 mgps=571.3 avgBps=34.22 avgTps=5468 avgMGps=518.1 elapsed=4h15m19s
Oct 01 05:18:09 nimbus-eth1-mainnet-short-benchmark[3420443]: INF 2026-10-01 05:18:09.650+00:00 Imported blocks                            blockNumber=20532481 slot=9740183 blocks=532480 txs=85263862 mgas=8061024 bps=36.85 tps=6674 mgps=556.8 avgBps=34.26 avgTps=5486 avgMGps=518.7 elapsed=4h19m2s
Oct 01 05:21:56 nimbus-eth1-mainnet-short-benchmark[3420443]: INF 2026-10-01 05:21:56.359+00:00 Imported blocks                            blockNumber=20540673 slot=9748418 blocks=540672 txs=86612143 mgas=8185090 bps=36.13 tps=5947 mgps=547.2 avgBps=34.29 avgTps=5492 avgMGps=519.1 elapsed=4h22m48s
Oct 01 05:25:50 nimbus-eth1-mainnet-short-benchmark[3420443]: INF 2026-10-01 05:25:50.615+00:00 Imported blocks                            blockNumber=20548865 slot=9756662 blocks=548864 txs=87802991 mgas=8309513 bps=34.97 tps=5083 mgps=531.1 avgBps=34.30 avgTps=5486 avgMGps=519.2 elapsed=4h26m43s
Oct 01 05:29:42 nimbus-eth1-mainnet-short-benchmark[3420443]: INF 2026-10-01 05:29:42.052+00:00 Imported blocks                            blockNumber=20557057 slot=9764892 blocks=557056 txs=88964987 mgas=8433956 bps=35.40 tps=5020 mgps=537.7 avgBps=34.31 avgTps=5480 avgMGps=519.5 elapsed=4h30m34s
Oct 01 05:33:21 nimbus-eth1-mainnet-short-benchmark[3420443]: INF 2026-10-01 05:33:21.325+00:00 Imported blocks                            blockNumber=20565249 slot=9773131 blocks=565248 txs=90186094 mgas=8558113 bps=37.36 tps=5568 mgps=566.2 avgBps=34.35 avgTps=5481 avgMGps=520.1 elapsed=4h34m13s
Oct 01 05:37:03 nimbus-eth1-mainnet-short-benchmark[3420443]: INF 2026-10-01 05:37:03.410+00:00 Imported blocks                            blockNumber=20573441 slot=9781369 blocks=573440 txs=91404654 mgas=8682228 bps=36.89 tps=5486 mgps=558.9 avgBps=34.39 avgTps=5481 avgMGps=520.6 elapsed=4h37m55s
Oct 01 05:40:40 nimbus-eth1-mainnet-short-benchmark[3420443]: INF 2026-10-01 05:40:40.230+00:00 Imported blocks                            blockNumber=20581633 slot=9789611 blocks=581632 txs=92628389 mgas=8806651 bps=37.78 tps=5644 mgps=573.9 avgBps=34.43 avgTps=5483 avgMGps=521.3 elapsed=4h41m32s
Oct 01 05:44:24 nimbus-eth1-mainnet-short-benchmark[3420443]: INF 2026-10-01 05:44:24.931+00:00 Imported blocks                            blockNumber=20589825 slot=9797855 blocks=589824 txs=93887208 mgas=8931023 bps=36.46 tps=5602 mgps=553.5 avgBps=34.46 avgTps=5484 avgMGps=521.8 elapsed=4h45m17s
Oct 01 05:48:14 nimbus-eth1-mainnet-short-benchmark[3420443]: INF 2026-10-01 05:48:14.748+00:00 Imported blocks                            blockNumber=20598017 slot=9806095 blocks=598016 txs=95163338 mgas=9055310 bps=35.65 tps=5552 mgps=540.8 avgBps=34.47 avgTps=5485 avgMGps=522.0 elapsed=4h49m7s
Oct 01 05:52:03 nimbus-eth1-mainnet-short-benchmark[3420443]: INF 2026-10-01 05:52:03.705+00:00 Imported blocks                            blockNumber=20606209 slot=9814347 blocks=606208 txs=96334664 mgas=9179976 bps=35.78 tps=5115 mgps=544.5 avgBps=34.49 avgTps=5481 avgMGps=522.3 elapsed=4h52m56s
Oct 01 05:55:43 nimbus-eth1-mainnet-short-benchmark[3420443]: INF 2026-10-01 05:55:43.993+00:00 Imported blocks                            blockNumber=20614401 slot=9822581 blocks=614400 txs=97573414 mgas=9304574 bps=37.19 tps=5623 mgps=565.6 avgBps=34.52 avgTps=5482 avgMGps=522.8 elapsed=4h56m36s
Oct 01 05:59:24 nimbus-eth1-mainnet-short-benchmark[3420443]: INF 2026-10-01 05:59:24.458+00:00 Imported blocks                            blockNumber=20622593 slot=9830821 blocks=622592 txs=98874772 mgas=9428835 bps=37.16 tps=5902 mgps=563.6 avgBps=34.56 avgTps=5487 avgMGps=523.3 elapsed=5h16s856ms
Oct 01 06:02:59 nimbus-eth1-mainnet-short-benchmark[3420443]: INF 2026-10-01 06:02:59.375+00:00 Imported blocks                            blockNumber=20630785 slot=9839058 blocks=630784 txs=100178707 mgas=9553009 bps=38.12 tps=6067 mgps=577.8 avgBps=34.60 avgTps=5494 avgMGps=524.0 elapsed=5h3m51s
Oct 01 06:06:44 nimbus-eth1-mainnet-short-benchmark[3420443]: INF 2026-10-01 06:06:44.108+00:00 Imported blocks                            blockNumber=20638977 slot=9847313 blocks=638976 txs=101489116 mgas=9677171 bps=36.45 tps=5830 mgps=552.5 avgBps=34.62 avgTps=5498 avgMGps=524.3 elapsed=5h7m36s
Oct 01 06:10:24 nimbus-eth1-mainnet-short-benchmark[3420443]: INF 2026-10-01 06:10:24.657+00:00 Imported blocks                            blockNumber=20647169 slot=9855549 blocks=647168 txs=102730058 mgas=9801643 bps=37.14 tps=5626 mgps=564.4 avgBps=34.65 avgTps=5500 avgMGps=524.8 elapsed=5h11m17s
Oct 01 06:14:22 nimbus-eth1-mainnet-short-benchmark[3420443]: INF 2026-10-01 06:14:22.101+00:00 Imported blocks                            blockNumber=20655361 slot=9863778 blocks=655360 txs=103868002 mgas=9926541 bps=34.50 tps=4792 mgps=526.0 avgBps=34.65 avgTps=5491 avgMGps=524.8 elapsed=5h15m14s
Oct 01 06:17:57 nimbus-eth1-mainnet-short-benchmark[3420443]: INF 2026-10-01 06:17:57.562+00:00 Imported blocks                            blockNumber=20663553 slot=9872013 blocks=663552 txs=105112198 mgas=10051274 bps=38.02 tps=5774 mgps=578.9 avgBps=34.69 avgTps=5494 avgMGps=525.4 elapsed=5h18m49s
Oct 01 06:21:22 nimbus-eth1-mainnet-short-benchmark[3420443]: INF 2026-10-01 06:21:22.171+00:00 Imported blocks                            blockNumber=20671745 slot=9880241 blocks=671744 txs=106395904 mgas=10175177 bps=40.04 tps=6273 mgps=605.6 avgBps=34.74 avgTps=5502 avgMGps=526.3 elapsed=5h22m14s
Oct 01 06:24:51 nimbus-eth1-mainnet-short-benchmark[3420443]: INF 2026-10-01 06:24:51.668+00:00 Imported blocks                            blockNumber=20679937 slot=9888471 blocks=679936 txs=107674271 mgas=10299404 bps=39.10 tps=6102 mgps=593.0 avgBps=34.79 avgTps=5509 avgMGps=527.0 elapsed=5h25m44s
Oct 01 06:28:12 nimbus-eth1-mainnet-short-benchmark[3420443]: INF 2026-10-01 06:28:12.821+00:00 Imported blocks                            blockNumber=20688129 slot=9896698 blocks=688128 txs=108938536 mgas=10423298 bps=40.73 tps=6285 mgps=615.9 avgBps=34.85 avgTps=5517 avgMGps=527.9 elapsed=5h29m5s
Oct 01 06:31:46 nimbus-eth1-mainnet-short-benchmark[3420443]: INF 2026-10-01 06:31:46.406+00:00 Imported blocks                            blockNumber=20696321 slot=9904930 blocks=696320 txs=110235786 mgas=10547469 bps=38.35 tps=6073 mgps=581.4 avgBps=34.89 avgTps=5523 avgMGps=528.5 elapsed=5h32m38s
Oct 01 06:35:39 nimbus-eth1-mainnet-short-benchmark[3420443]: INF 2026-10-01 06:35:39.163+00:00 Imported blocks                            blockNumber=20704513 slot=9913154 blocks=704512 txs=111483759 mgas=10671677 bps=35.20 tps=5361 mgps=533.6 avgBps=34.89 avgTps=5521 avgMGps=528.5 elapsed=5h36m31s
Oct 01 06:39:18 nimbus-eth1-mainnet-short-benchmark[3420443]: INF 2026-10-01 06:39:18.084+00:00 Imported blocks                            blockNumber=20712705 slot=9921388 blocks=712704 txs=112764170 mgas=10795980 bps=37.42 tps=5848 mgps=567.8 avgBps=34.92 avgTps=5524 avgMGps=528.9 elapsed=5h40m10s
Oct 01 06:42:41 nimbus-eth1-mainnet-short-benchmark[3420443]: INF 2026-10-01 06:42:41.013+00:00 Imported blocks                            blockNumber=20720897 slot=9929633 blocks=720896 txs=114110517 mgas=10919926 bps=40.37 tps=6634 mgps=610.8 avgBps=34.97 avgTps=5535 avgMGps=529.7 elapsed=5h43m33s
Oct 01 06:46:12 nimbus-eth1-mainnet-short-benchmark[3420443]: INF 2026-10-01 06:46:12.918+00:00 Imported blocks                            blockNumber=20729089 slot=9937869 blocks=729088 txs=115449431 mgas=11043768 bps=38.66 tps=6318 mgps=584.4 avgBps=35.01 avgTps=5543 avgMGps=530.3 elapsed=5h47m5s
Oct 01 06:49:34 nimbus-eth1-mainnet-short-benchmark[3420443]: INF 2026-10-01 06:49:34.923+00:00 Imported blocks                            blockNumber=20737281 slot=9946108 blocks=737280 txs=116784468 mgas=11167784 bps=40.55 tps=6608 mgps=613.9 avgBps=35.06 avgTps=5553 avgMGps=531.1 elapsed=5h50m27s
Oct 01 06:53:08 nimbus-eth1-mainnet-short-benchmark[3420443]: INF 2026-10-01 06:53:08.708+00:00 Imported blocks                            blockNumber=20745473 slot=9954342 blocks=745472 txs=118101003 mgas=11291742 bps=38.32 tps=6158 mgps=579.8 avgBps=35.10 avgTps=5560 avgMGps=531.6 elapsed=5h54m1s
Oct 01 06:56:59 nimbus-eth1-mainnet-short-benchmark[3420443]: INF 2026-10-01 06:56:59.749+00:00 Imported blocks                            blockNumber=20753665 slot=9962581 blocks=753664 txs=119337525 mgas=11415859 bps=35.46 tps=5351 mgps=537.2 avgBps=35.10 avgTps=5557 avgMGps=531.7 elapsed=5h57m52s
Oct 01 07:00:36 nimbus-eth1-mainnet-short-benchmark[3420443]: INF 2026-10-01 07:00:36.782+00:00 Imported blocks                            blockNumber=20761857 slot=9970803 blocks=761856 txs=120564314 mgas=11540225 bps=37.75 tps=5652 mgps=573.0 avgBps=35.13 avgTps=5558 avgMGps=532.1 elapsed=6h1m29s
Oct 01 07:04:00 nimbus-eth1-mainnet-short-benchmark[3420443]: INF 2026-10-01 07:04:00.995+00:00 Imported blocks                            blockNumber=20770049 slot=9979058 blocks=770048 txs=121858083 mgas=11663918 bps=40.11 tps=6335 mgps=605.7 avgBps=35.17 avgTps=5565 avgMGps=532.8 elapsed=6h4m53s
Oct 01 07:07:16 nimbus-eth1-mainnet-short-benchmark[3420443]: INF 2026-10-01 07:07:16.168+00:00 Imported blocks                            blockNumber=20778241 slot=9987307 blocks=778240 txs=123161734 mgas=11787906 bps=41.97 tps=6679 mgps=635.3 avgBps=35.23 avgTps=5575 avgMGps=533.7 elapsed=6h8m8s
Oct 01 07:10:25 nimbus-eth1-mainnet-short-benchmark[3420443]: INF 2026-10-01 07:10:25.613+00:00 Imported blocks                            blockNumber=20786433 slot=9995542 blocks=786432 txs=124509456 mgas=11911612 bps=43.24 tps=7114 mgps=653.0 avgBps=35.30 avgTps=5588 avgMGps=534.7 elapsed=6h11m18s
Oct 01 07:13:41 nimbus-eth1-mainnet-short-benchmark[3420443]: INF 2026-10-01 07:13:41.762+00:00 Imported blocks                            blockNumber=20794625 slot=10003781 blocks=794624 txs=125848921 mgas=12035338 bps=41.76 tps=6828 mgps=630.8 avgBps=35.36 avgTps=5599 avgMGps=535.5 elapsed=6h14m34s
Oct 01 07:17:04 nimbus-eth1-mainnet-short-benchmark[3420443]: INF 2026-10-01 07:17:04.208+00:00 Imported blocks                            blockNumber=20802817 slot=10012028 blocks=802816 txs=127089868 mgas=12158989 bps=40.47 tps=6129 mgps=610.8 avgBps=35.40 avgTps=5604 avgMGps=536.2 elapsed=6h17m56s
Oct 01 07:20:33 nimbus-eth1-mainnet-short-benchmark[3420443]: INF 2026-10-01 07:20:33.173+00:00 Imported blocks                            blockNumber=20811009 slot=10020249 blocks=811008 txs=128299762 mgas=12282850 bps=39.20 tps=5789 mgps=592.7 avgBps=35.44 avgTps=5606 avgMGps=536.7 elapsed=6h21m25s
Oct 01 07:23:48 nimbus-eth1-mainnet-short-benchmark[3420443]: INF 2026-10-01 07:23:48.358+00:00 Imported blocks                            blockNumber=20819201 slot=10028481 blocks=819200 txs=129596319 mgas=12406594 bps=41.97 tps=6642 mgps=634.0 avgBps=35.49 avgTps=5614 avgMGps=537.5 elapsed=6h24m40s
Oct 01 07:27:02 nimbus-eth1-mainnet-short-benchmark[3420443]: INF 2026-10-01 07:27:02.263+00:00 Imported blocks                            blockNumber=20827393 slot=10036710 blocks=827392 txs=130916729 mgas=12530249 bps=42.25 tps=6809 mgps=637.7 avgBps=35.55 avgTps=5624 avgMGps=538.4 elapsed=6h27m54s
Oct 01 07:30:18 nimbus-eth1-mainnet-short-benchmark[3420443]: INF 2026-10-01 07:30:18.208+00:00 Imported blocks                            blockNumber=20835585 slot=10044938 blocks=835584 txs=132226625 mgas=12654070 bps=41.81 tps=6684 mgps=631.9 avgBps=35.60 avgTps=5633 avgMGps=539.1 elapsed=6h31m10s
Oct 01 07:33:45 nimbus-eth1-mainnet-short-benchmark[3420443]: INF 2026-10-01 07:33:45.633+00:00 Imported blocks                            blockNumber=20843777 slot=10053164 blocks=843776 txs=133604192 mgas=12777730 bps=39.49 tps=6641 mgps=596.2 avgBps=35.64 avgTps=5642 avgMGps=539.6 elapsed=6h34m38s
Oct 01 07:37:44 nimbus-eth1-mainnet-short-benchmark[3420443]: INF 2026-10-01 07:37:44.610+00:00 Imported blocks                            blockNumber=20851969 slot=10061391 blocks=851968 txs=134900706 mgas=12901664 bps=34.28 tps=5425 mgps=518.6 avgBps=35.62 avgTps=5640 avgMGps=539.4 elapsed=6h38m37s
Oct 01 07:41:26 nimbus-eth1-mainnet-short-benchmark[3420443]: INF 2026-10-01 07:41:26.771+00:00 Imported blocks                            blockNumber=20860161 slot=10069622 blocks=860160 txs=136168750 mgas=13025603 bps=36.87 tps=5707 mgps=557.9 avgBps=35.63 avgTps=5640 avgMGps=539.6 elapsed=6h42m19s
Oct 01 07:45:06 nimbus-eth1-mainnet-short-benchmark[3420443]: INF 2026-10-01 07:45:06.688+00:00 Imported blocks                            blockNumber=20868353 slot=10077838 blocks=868352 txs=137550724 mgas=13149742 bps=37.25 tps=6284 mgps=564.5 avgBps=35.65 avgTps=5646 avgMGps=539.8 elapsed=6h45m59s
Oct 01 07:48:42 nimbus-eth1-mainnet-short-benchmark[3420443]: INF 2026-10-01 07:48:42.885+00:00 Imported blocks                            blockNumber=20876545 slot=10086066 blocks=876544 txs=138954673 mgas=13273457 bps=37.89 tps=6493 mgps=572.2 avgBps=35.67 avgTps=5654 avgMGps=540.1 elapsed=6h49m35s
Oct 01 07:52:12 nimbus-eth1-mainnet-short-benchmark[3420443]: INF 2026-10-01 07:52:12.650+00:00 Imported blocks                            blockNumber=20884737 slot=10094286 blocks=884736 txs=140256178 mgas=13397479 bps=39.05 tps=6204 mgps=591.3 avgBps=35.70 avgTps=5658 avgMGps=540.5 elapsed=6h53m5s
Oct 01 07:55:36 nimbus-eth1-mainnet-short-benchmark[3420443]: INF 2026-10-01 07:55:36.515+00:00 Imported blocks                            blockNumber=20892929 slot=10102512 blocks=892928 txs=141581868 mgas=13521575 bps=40.18 tps=6502 mgps=608.7 avgBps=35.73 avgTps=5665 avgMGps=541.1 elapsed=6h56m28s
Oct 01 07:59:02 nimbus-eth1-mainnet-short-benchmark[3420443]: INF 2026-10-01 07:59:02.200+00:00 Imported blocks                            blockNumber=20901121 slot=10110732 blocks=901120 txs=142875889 mgas=13645572 bps=39.83 tps=6291 mgps=602.9 avgBps=35.77 avgTps=5670 avgMGps=541.6 elapsed=6h59m54s
Oct 01 08:02:26 nimbus-eth1-mainnet-short-benchmark[3420443]: INF 2026-10-01 08:02:26.201+00:00 Imported blocks                            blockNumber=20909313 slot=10118953 blocks=909312 txs=144102308 mgas=13769390 bps=40.16 tps=6011 mgps=606.9 avgBps=35.80 avgTps=5673 avgMGps=542.1 elapsed=7h3m18s
Oct 01 08:05:46 nimbus-eth1-mainnet-short-benchmark[3420443]: INF 2026-10-01 08:05:46.758+00:00 Imported blocks                            blockNumber=20917505 slot=10127176 blocks=917504 txs=145406349 mgas=13893087 bps=40.85 tps=6502 mgps=616.8 avgBps=35.84 avgTps=5680 avgMGps=542.7 elapsed=7h6m39s
Oct 01 08:08:56 nimbus-eth1-mainnet-short-benchmark[3420443]: INF 2026-10-01 08:08:56.424+00:00 Imported blocks                            blockNumber=20925697 slot=10135394 blocks=925696 txs=146718394 mgas=14016820 bps=43.19 tps=6917 mgps=652.4 avgBps=35.90 avgTps=5689 avgMGps=543.5 elapsed=7h9m48s
Oct 01 08:12:20 nimbus-eth1-mainnet-short-benchmark[3420443]: INF 2026-10-01 08:12:20.893+00:00 Imported blocks                            blockNumber=20933889 slot=10143614 blocks=933888 txs=148049109 mgas=14140625 bps=40.06 tps=6508 mgps=605.5 avgBps=35.93 avgTps=5695 avgMGps=544.0 elapsed=7h13m13s
Oct 01 08:15:37 nimbus-eth1-mainnet-short-benchmark[3420443]: INF 2026-10-01 08:15:37.422+00:00 Imported blocks                            blockNumber=20942081 slot=10151840 blocks=942080 txs=149397364 mgas=14264352 bps=41.68 tps=6860 mgps=629.6 avgBps=35.97 avgTps=5704 avgMGps=544.7 elapsed=7h16m29s
Oct 01 08:19:01 nimbus-eth1-mainnet-short-benchmark[3420443]: INF 2026-10-01 08:19:01.443+00:00 Imported blocks                            blockNumber=20950273 slot=10160098 blocks=950272 txs=150765507 mgas=14388237 bps=40.15 tps=6705 mgps=607.2 avgBps=36.00 avgTps=5712 avgMGps=545.1 elapsed=7h19m53s
Oct 01 08:22:39 nimbus-eth1-mainnet-short-benchmark[3420443]: INF 2026-10-01 08:22:39.912+00:00 Imported blocks                            blockNumber=20958465 slot=10168363 blocks=958464 txs=152044771 mgas=14511987 bps=37.50 tps=5855 mgps=566.4 avgBps=36.02 avgTps=5713 avgMGps=545.3 elapsed=7h23m32s
Oct 01 08:26:09 nimbus-eth1-mainnet-short-benchmark[3420443]: INF 2026-10-01 08:26:09.205+00:00 Imported blocks                            blockNumber=20966657 slot=10176609 blocks=966656 txs=153365296 mgas=14635804 bps=39.14 tps=6309 mgps=591.6 avgBps=36.04 avgTps=5717 avgMGps=545.7 elapsed=7h27m1s
Oct 01 08:29:35 nimbus-eth1-mainnet-short-benchmark[3420443]: INF 2026-10-01 08:29:35.718+00:00 Imported blocks                            blockNumber=20974849 slot=10184849 blocks=974848 txs=154744917 mgas=14759580 bps=39.67 tps=6680 mgps=599.4 avgBps=36.07 avgTps=5725 avgMGps=546.1 elapsed=7h30m28s
Oct 01 08:33:09 nimbus-eth1-mainnet-short-benchmark[3420443]: INF 2026-10-01 08:33:09.383+00:00 Imported blocks                            blockNumber=20983041 slot=10193086 blocks=983040 txs=156055229 mgas=14883451 bps=38.34 tps=6132 mgps=579.7 avgBps=36.09 avgTps=5728 avgMGps=546.3 elapsed=7h34m1s
Oct 01 08:36:17 nimbus-eth1-mainnet-short-benchmark[3420443]: INF 2026-10-01 08:36:17.148+00:00 Imported blocks                            blockNumber=20991233 slot=10201319 blocks=991232 txs=157563202 mgas=15007557 bps=43.63 tps=8031 mgps=661.0 avgBps=36.14 avgTps=5744 avgMGps=547.1 elapsed=7h37m9s
Oct 01 08:39:54 nimbus-eth1-mainnet-short-benchmark[3420443]: INF 2026-10-01 08:39:54.689+00:00 Imported blocks                            blockNumber=20999425 slot=10209549 blocks=999424 txs=159003277 mgas=15131383 bps=37.66 tps=6619 mgps=569.2 avgBps=36.15 avgTps=5751 avgMGps=547.3 elapsed=7h40m47s
Oct 01 08:40:10 nimbus-eth1-mainnet-short-benchmark[3420443]: INF 2026-10-01 08:40:10.473+00:00 Imported blocks                            blockNumber=21000001 slot=10210128 blocks=1000000 txs=159109486 mgas=15140191 bps=36.50 tps=6729 mgps=558.1 avgBps=36.15 avgTps=5751 avgMGps=547.3 elapsed=7h41m2s
Oct 01 08:40:10 nimbus-eth1-mainnet-short-benchmark[3420443]: NTC 2026-10-01 08:40:10.473+00:00 Import complete                            blockNumber=21000001 slot=10210128 blocks=1000000 txs=159109486 mgas=15140191
Oct 01 08:40:11 nimbus-eth1-mainnet-short-benchmark[3391330]: <<< ending startNimbusWithImport (success)
Oct 01 08:40:11 nimbus-eth1-mainnet-short-benchmark[3391330]: >>> starting moveBenchmarkingFileToRepo
Oct 01 08:40:11 nimbus-eth1-mainnet-short-benchmark[3391330]: >>> copying debug-csv generated by nimbus to benchmarks repo
Oct 01 08:40:11 nimbus-eth1-mainnet-short-benchmark[3391330]: <<< ending moveBenchmarkingFileToRepo (success)
Oct 01 08:40:11 nimbus-eth1-mainnet-short-benchmark[3391330]: >>> starting generateBuildEnvironmentLogFile
Oct 01 08:40:20 nimbus-eth1-mainnet-short-benchmark[3391330]: <<< ending generateBuildEnvironmentLogFile (success)
Oct 01 08:40:20 nimbus-eth1-mainnet-short-benchmark[3391330]: >>> starting generateSystemdServiceLogs
