=== System Information Report ===
>>> Generated on: Fri Sep  4 07:23:29 PM UTC 2026
==========================
>>> CPU Architecture: x86_64
>>> CPU Byte Order: Little Endian
>>> CPU Cores: 16
>>> CPU Model: AMD Ryzen 7 PRO 8700GE w/ Radeon 780M Graphics
>>> CPU Cache Information:
L1d Cache: 256 KiB (8 instances)
L1i Cache: 256 KiB (8 instances)
L2 Cache: 8 MiB (8 instances)
L3 Cache: 16 MiB (1 instance)
>>> RAM Size: 61Gi
>>> Hard Disk Information:
/dev/md2 : 437G total, 199G free
/dev/md1 : 989M total, 690M free
/dev/nvme0n1p1 : 256M total, 256M free
/dev/nvme1n1 : 1.9T total, 487G free
==========================
=== Nimbus-ETH1 Benchmarking Report ===
>>> Total time spent in benchmarking (nanoseconds): 27359697394009
>>> Total time spent in benchmarking (human readable format): 7 hours 35 minutes 59 seconds
>>> Start block number is 20000001
>>> End block number is 21000001
==========================
=== Comparison of last two benchmarks ===
sort: write failed: 'standard output': Broken pipe
sort: write error
sort: write failed: 'standard output': Broken pipe
sort: write error
python /data/status-im/nimbus-eth1/scripts/block-import-stats.py /data/status-im/nimbus-eth1-benchmarks/short-benchmark/20260904T035558_868cbb2a/blocks-import-benchmark.csv /data/status-im/nimbus-eth1-benchmarks/short-benchmark/20260904T113825_4e225c61/blocks-import-benchmark.csv
blocks-import-benchmark.csv vs blocks-import-benchmark.csv
                      bps_x  bps_y     tps_x     tps_y  time_x  time_y    bpsd    tpsd  timed
block_number                                                                                 
(20000001, 20111112]  30.50  30.21  4,981.31  4,933.81  59m11s  59m48s  -0.99%  -0.99%  1.00%
(20111112, 20222223]  34.44  34.14  5,632.60  5,583.70  55m40s   56m9s  -0.87%  -0.87%  0.88%
(20222223, 20333334]  36.15  35.73  5,859.64  5,791.81  49m17s  49m52s  -1.15%  -1.15%  1.17%
(20333334, 20444445]  38.11  37.65  6,004.69  5,931.88  50m22s  50m59s  -1.20%  -1.20%  1.22%
(20444445, 20555556]  37.60  37.26  5,793.82  5,741.46  47m18s  47m45s  -0.92%  -0.92%  0.93%
(20555556, 20666667]  37.73  37.41  5,698.12  5,649.08  50m41s   51m7s  -0.86%  -0.86%  0.87%
(20666667, 20777778]  39.49  39.15  6,214.53  6,161.04   45m1s  45m25s  -0.85%  -0.85%  0.86%
(20777778, 20888889]  40.91  40.39  6,561.88  6,478.07  46m52s  47m30s  -1.30%  -1.30%  1.32%
(20888889, 21000001]  40.87  40.45  6,735.73  6,667.70  46m47s  47m20s  -1.02%  -1.02%  1.03%

blocks: 991808, baseline: 7h31m15s, contender: 7h35m59s
Time (total): 4m43s, 1.05%

bpsd = blocks per sec diff (+), tpsd = txs per sec diff, timed = time to process diff (-)
+ = more is better, - = less is better
==========================
