Sep 15 10:27:58 nimbus-eth1-mainnet-short-benchmark[3056010]: >>> starting cloneOrFetchBenchmarksRepo
Sep 15 10:27:58 nimbus-eth1-mainnet-short-benchmark[3056010]: >>> Fetching latest changes for nimbus-eth1-benchmarks...
Sep 15 10:28:00 nimbus-eth1-mainnet-short-benchmark[3056070]: HEAD is now at b64fcd6 chore: update short benchmark Readme
Sep 15 10:28:00 nimbus-eth1-mainnet-short-benchmark[3056010]: <<< ending cloneOrFetchBenchmarksRepo (success)
Sep 15 10:28:00 nimbus-eth1-mainnet-short-benchmark[3056010]: >>> starting cloneOrFetchNimbusRepo
Sep 15 10:28:01 nimbus-eth1-mainnet-short-benchmark[3056010]: >>> Fetching latest changes for nimbus-eth1...
Sep 15 10:28:02 nimbus-eth1-mainnet-short-benchmark[3056412]: From https://github.com/status-im/nimbus-eth1
Sep 15 10:28:02 nimbus-eth1-mainnet-short-benchmark[3056412]:    0f35be0f3..0d06e05a0  master     -> origin/master
Sep 15 10:28:02 nimbus-eth1-mainnet-short-benchmark[3056424]: HEAD is now at 0d06e05a0 Snap2 sync fix partial sto mpt range accounting (#4795)
Sep 15 10:28:02 nimbus-eth1-mainnet-short-benchmark[3056010]: >>> Found last benchmarked commit: 0f35be0f
Sep 15 10:28:02 nimbus-eth1-mainnet-short-benchmark[3056010]: >>> Using next commit: 0d06e05a07e9334c5c15603f18c52da051c1ccef
Sep 15 10:28:02 nimbus-eth1-mainnet-short-benchmark[3056440]: HEAD is now at 0d06e05a0 Snap2 sync fix partial sto mpt range accounting (#4795)
Sep 15 10:28:02 nimbus-eth1-mainnet-short-benchmark[3056010]: >>> Current commit: 0d06e05a0
Sep 15 10:28:02 nimbus-eth1-mainnet-short-benchmark[3056010]: <<< ending cloneOrFetchNimbusRepo (success)
Sep 15 10:28:02 nimbus-eth1-mainnet-short-benchmark[3056010]: >>> starting buildBinaries
Sep 15 10:28:02 nimbus-eth1-mainnet-short-benchmark[3056010]: >>> Building binaries for commit 0d06e05a...
Sep 15 10:28:08 nimbus-eth1-mainnet-short-benchmark[3061960]: Building: Nim compiler
Sep 15 10:31:11 nimbus-eth1-mainnet-short-benchmark[3061960]: Building custom Nimble commit: 42ef70c2102a942c46f13eb76872326edd525cec
Sep 15 10:31:22 nimbus-eth1-mainnet-short-benchmark[3061960]: Building Nimble...
Sep 15 10:31:32 nimbus-eth1-mainnet-short-benchmark[3061960]: Replacing nimble binary...
Sep 15 10:31:39 nimbus-eth1-mainnet-short-benchmark[3078667]: Building: build/generate_makefile
Sep 15 10:31:39 nimbus-eth1-mainnet-short-benchmark[3078532]: ROCKSDB CACHED VERSION: 11.8.1
Sep 15 10:31:39 nimbus-eth1-mainnet-short-benchmark[3078931]: RocksDb static libraries already built. Skipping build.
Sep 15 10:31:40 nimbus-eth1-mainnet-short-benchmark[3078667]: Build completed successfully: build/generate_makefile
Sep 15 10:31:40 nimbus-eth1-mainnet-short-benchmark[3078987]: Building: build/nimbus_execution_client
Sep 15 10:34:00 nimbus-eth1-mainnet-short-benchmark[3078987]: Build completed successfully: build/nimbus_execution_client
Sep 15 10:34:00 nimbus-eth1-mainnet-short-benchmark[3056010]: >>> renaming binaries to match commit they were built from
Sep 15 10:34:00 nimbus-eth1-mainnet-short-benchmark[3056010]: >>> creating a symbolic link to the latest version
Sep 15 10:34:00 nimbus-eth1-mainnet-short-benchmark[3056010]: >>> deleting copies that are older than N days
Sep 15 10:34:00 nimbus-eth1-mainnet-short-benchmark[3056010]: <<< ending buildBinaries (success)
Sep 15 10:34:00 nimbus-eth1-mainnet-short-benchmark[3056010]: >>> starting skipOrContinueBenchmark
Sep 15 10:34:00 nimbus-eth1-mainnet-short-benchmark[3056010]: <<< ending skipOrContinueBenchmark (success)
Sep 15 10:34:00 nimbus-eth1-mainnet-short-benchmark[3056010]: >>> starting copyTemplateDatabase
Sep 15 10:34:00 nimbus-eth1-mainnet-short-benchmark[3056010]: >>> Copying template db into nimbus data directory
Sep 15 10:37:08 nimbus-eth1-mainnet-short-benchmark[3056010]: >>> Template db copied
Sep 15 10:37:08 nimbus-eth1-mainnet-short-benchmark[3056010]: >>> making nimbus the owner of the copied files
Sep 15 10:37:08 nimbus-eth1-mainnet-short-benchmark[3056010]: <<< ending copyTemplateDatabase (success)
Sep 15 10:37:08 nimbus-eth1-mainnet-short-benchmark[3056010]: >>> starting startNimbusWithImport
Sep 15 10:37:08 nimbus-eth1-mainnet-short-benchmark[3084705]: INF 2026-09-15 10:37:08.961+00:00 Launching execution client                 version=v0.4.1-0d06e05a config="(configFile: none(InputFile), dataDirFlag: some(/data/status-im/nimbus-eth1/data/shared_mainnet_0), era1DirFlag: some(/data/era1), eraDirFlag: some(/data/era), ereDirFlag: none(OutDir), keyStoreDirFlag: none(OutDir), importKey: , trustedSetupFile: none(string), extraData: Nimbus/v0.4.1-0d06e05a, gasLimit: none(uint64), maxBlobs: none(byte), network: [mainnet], logLevel: INFO, logFormat: auto, metricsEnabled: false, metricsPort: 9093, metricsAddress: 127.0.0.1, bootstrapNodes: [], elBootstrapNodes: [], bootstrapFile: , elBootstrapFile: , staticPeers: [], staticPeersFile: , reconnectMaxRetry: 0, reconnectInterval: 15, listenAddress: ::, tcpPort: 30303, udpPortFlag: none(Port), maxPeersOpt: none(int), elMaxPeersOpt: none(int), nat: (hasExtIp: false, nat: NatAny), discv5: true, netKey: random, agentString: Nimbus/v0.4.1-0d06e05a/linux-amd64/Nim-2.2.12, numThreads: 0, persistBatchSize: 4, dynamicBatchSize: false, rocksdbMaxOpenFiles: 2048, rocksdbWriteBufferSize: 67108864, rocksdbRowCacheSize: 0, rocksdbBlockCacheSize: 2147483648, rocksdbBlockCacheType: hyperclock, rdbVtxCacheSize: 536870912, rdbKeyCacheSize: 1342177280, rdbBranchCacheSize: 1073741824, rdbPrintStats: false, rewriteDatadirId: true, aristoDbMaxSnapshots: 5, parallelStateRootComputation: false, parallelSenderRecovery: true, optimisticStatePrefetch: false, balStatePrefetch: false, balStatePrefetchWorkers: 0, balParallelExecution: false, balPruning: true, eagerStateRootCheck: false, deserializeFcState: true, statelessProvider: false, statelessWitnessValidation: false, cmd: import, maxBlocks: 1000000, chunkSize: 8192, csvStats: some("/data/host-benchmarks/short/716622873f0c42b99f737d071e096e50/blocks-import-benchmark.csv"), validation: false, fullValidation: false, storeBodies: false, storeReceipts: false, storeSlotHashes: false)"
Sep 15 10:37:08 nimbus-eth1-mainnet-short-benchmark[3084705]: WRN 2026-09-15 10:37:08.965+00:00 Data directory has insecure permissions. Correcting them. data_dir=/data/status-im/nimbus-eth1/data/shared_mainnet_0 current_permissions=0755 required_permissions=0700
Sep 15 10:37:10 nimbus-eth1-mainnet-short-benchmark[3084705]: INF 2026-09-15 10:37:10.801+00:00 Taskpool started                           numThreads=16
Sep 15 10:37:10 nimbus-eth1-mainnet-short-benchmark[3084705]: CreateIOUring failed: Invalid argument (errno=22), thread=139955336129792
Sep 15 10:37:10 nimbus-eth1-mainnet-short-benchmark[3084705]: INF 2026-09-15 10:37:10.949+00:00 Database initialized                       base="(0xd24fd73f794058a3807db926d8898c6481e902b7edb91ce0d479d6760f276183, 20000000)" finalized="(0xd24fd73f794058a3807db926d8898c6481e902b7edb91ce0d479d6760f276183, 20000000)" head="(0xd4e56740f876aef8c010b86a40d5f56745a118d0906a34e69aec8c0db1cb8fa3, 0)"
Sep 15 10:37:10 nimbus-eth1-mainnet-short-benchmark[3084705]: NTC 2026-09-15 10:37:10.949+00:00 Could not open ere database, falling back to era1/era import ereDir=/data/status-im/nimbus-eth1/data/shared_mainnet_0/ere networkName=mainnet error="No ere files found in /data/status-im/nimbus-eth1/data/shared_mainnet_0/ere"
Sep 15 10:37:10 nimbus-eth1-mainnet-short-benchmark[3084705]: NTC 2026-09-15 10:37:10.949+00:00 Importing era archive                      blockNumber=20000001 dataDir=/data/status-im/nimbus-eth1/data/shared_mainnet_0 eraDir=/data/era
Sep 15 10:37:13 nimbus-eth1-mainnet-short-benchmark[3084705]: NTC 2026-09-15 10:37:13.193+00:00 Matched block to slot number               blockNumber=20000001 slot=9204783
Sep 15 10:43:20 nimbus-eth1-mainnet-short-benchmark[3084705]: INF 2026-09-15 10:43:20.659+00:00 Imported blocks                            blockNumber=20008193 slot=9213020 blocks=8192 txs=1226966 mgas=124237 bps=22.16 tps=3318 mgps=336.0 avgBps=22.16 avgTps=3318 avgMGps=336.0 elapsed=6m9s706ms
Sep 15 10:48:43 nimbus-eth1-mainnet-short-benchmark[3084705]: INF 2026-09-15 10:48:43.775+00:00 Imported blocks                            blockNumber=20016385 slot=9221256 blocks=16384 txs=2540380 mgas=248071 bps=25.35 tps=4064 mgps=383.2 avgBps=23.65 avgTps=3666 avgMGps=358.1 elapsed=11m32s822ms
Sep 15 10:53:50 nimbus-eth1-mainnet-short-benchmark[3084705]: INF 2026-09-15 10:53:50.458+00:00 Imported blocks                            blockNumber=20024577 slot=9229485 blocks=24576 txs=3869398 mgas=372018 bps=26.71 tps=4333 mgps=404.2 avgBps=24.59 avgTps=3871 avgMGps=372.2 elapsed=16m39s507ms
Sep 15 10:58:28 nimbus-eth1-mainnet-short-benchmark[3084705]: INF 2026-09-15 10:58:28.246+00:00 Imported blocks                            blockNumber=20032769 slot=9237722 blocks=32768 txs=5222766 mgas=495797 bps=29.49 tps=4871 mgps=445.6 avgBps=25.65 avgTps=4088 avgMGps=388.2 elapsed=21m17s293ms
Sep 15 11:02:52 nimbus-eth1-mainnet-short-benchmark[3084705]: INF 2026-09-15 11:02:52.574+00:00 Imported blocks                            blockNumber=20040961 slot=9245957 blocks=40960 txs=6566802 mgas=619586 bps=30.99 tps=5084 mgps=468.3 avgBps=26.57 avgTps=4259 avgMGps=401.9 elapsed=25m41s622ms
Sep 15 11:07:40 nimbus-eth1-mainnet-short-benchmark[3084705]: INF 2026-09-15 11:07:40.106+00:00 Imported blocks                            blockNumber=20049153 slot=9254196 blocks=49152 txs=7904746 mgas=743522 bps=28.49 tps=4653 mgps=431.0 avgBps=26.87 avgTps=4321 avgMGps=406.5 elapsed=30m29s156ms
Sep 15 11:12:16 nimbus-eth1-mainnet-short-benchmark[3084705]: INF 2026-09-15 11:12:16.646+00:00 Imported blocks                            blockNumber=20057345 slot=9262435 blocks=57344 txs=9212009 mgas=867360 bps=29.62 tps=4727 mgps=447.8 avgBps=27.23 avgTps=4374 avgMGps=411.9 elapsed=35m5s694ms
Sep 15 11:16:32 nimbus-eth1-mainnet-short-benchmark[3084705]: INF 2026-09-15 11:16:32.655+00:00 Imported blocks                            blockNumber=20065537 slot=9270674 blocks=65536 txs=10559018 mgas=991371 bps=32.00 tps=5261 mgps=484.4 avgBps=27.75 avgTps=4470 avgMGps=419.8 elapsed=39m21s702ms
Sep 15 11:20:34 nimbus-eth1-mainnet-short-benchmark[3084705]: INF 2026-09-15 11:20:34.151+00:00 Imported blocks                            blockNumber=20073729 slot=9278910 blocks=73728 txs=11898676 mgas=1115111 bps=33.92 tps=5547 mgps=512.4 avgBps=28.32 avgTps=4570 avgMGps=428.4 elapsed=43m23s200ms
Sep 15 11:24:26 nimbus-eth1-mainnet-short-benchmark[3084705]: INF 2026-09-15 11:24:26.476+00:00 Imported blocks                            blockNumber=20081921 slot=9287152 blocks=81920 txs=13323263 mgas=1239150 bps=35.26 tps=6131 mgps=533.9 avgBps=28.89 avgTps=4698 avgMGps=437.0 elapsed=47m15s524ms
Sep 15 11:28:17 nimbus-eth1-mainnet-short-benchmark[3084705]: INF 2026-09-15 11:28:17.484+00:00 Imported blocks                            blockNumber=20090113 slot=9295408 blocks=90112 txs=14697082 mgas=1363113 bps=35.46 tps=5947 mgps=536.6 avgBps=29.39 avgTps=4792 avgMGps=444.5 elapsed=51m6s534ms
Sep 15 11:32:25 nimbus-eth1-mainnet-short-benchmark[3084705]: INF 2026-09-15 11:32:25.573+00:00 Imported blocks                            blockNumber=20098305 slot=9303658 blocks=98304 txs=16025683 mgas=1487146 bps=33.02 tps=5355 mgps=500.0 avgBps=29.66 avgTps=4834 avgMGps=448.7 elapsed=55m14s622ms
Sep 15 11:36:42 nimbus-eth1-mainnet-short-benchmark[3084705]: INF 2026-09-15 11:36:42.413+00:00 Imported blocks                            blockNumber=20106497 slot=9311895 blocks=106496 txs=17337157 mgas=1611066 bps=31.90 tps=5106 mgps=482.5 avgBps=29.82 avgTps=4854 avgMGps=451.1 elapsed=59m31s463ms
Sep 15 11:40:45 nimbus-eth1-mainnet-short-benchmark[3084705]: INF 2026-09-15 11:40:45.170+00:00 Imported blocks                            blockNumber=20114689 slot=9320146 blocks=114688 txs=18632097 mgas=1735123 bps=33.75 tps=5334 mgps=511.0 avgBps=30.07 avgTps=4884 avgMGps=454.9 elapsed=1h3m34s
Sep 15 11:44:34 nimbus-eth1-mainnet-short-benchmark[3084705]: INF 2026-09-15 11:44:34.742+00:00 Imported blocks                            blockNumber=20122881 slot=9328409 blocks=122880 txs=19937418 mgas=1859249 bps=35.68 tps=5685 mgps=540.7 avgBps=30.39 avgTps=4930 avgMGps=459.8 elapsed=1h7m23s
Sep 15 11:48:20 nimbus-eth1-mainnet-short-benchmark[3084705]: INF 2026-09-15 11:48:20.171+00:00 Imported blocks                            blockNumber=20131073 slot=9336660 blocks=131072 txs=21214129 mgas=1983500 bps=36.34 tps=5663 mgps=551.2 avgBps=30.70 avgTps=4969 avgMGps=464.6 elapsed=1h11m9s
Sep 15 11:52:06 nimbus-eth1-mainnet-short-benchmark[3084705]: INF 2026-09-15 11:52:06.244+00:00 Imported blocks                            blockNumber=20139265 slot=9344906 blocks=139264 txs=22579079 mgas=2107571 bps=36.24 tps=6037 mgps=548.8 avgBps=30.98 avgTps=5022 avgMGps=468.8 elapsed=1h14m55s
Sep 15 11:56:35 nimbus-eth1-mainnet-short-benchmark[3084705]: INF 2026-09-15 11:56:35.568+00:00 Imported blocks                            blockNumber=20147457 slot=9353153 blocks=147456 txs=24133322 mgas=2231686 bps=30.42 tps=5770 mgps=460.8 avgBps=30.95 avgTps=5065 avgMGps=468.4 elapsed=1h19m24s
Sep 15 12:00:52 nimbus-eth1-mainnet-short-benchmark[3084705]: INF 2026-09-15 12:00:52.896+00:00 Imported blocks                            blockNumber=20155649 slot=9361407 blocks=155648 txs=25424015 mgas=2356018 bps=31.83 tps=5015 mgps=483.2 avgBps=30.99 avgTps=5062 avgMGps=469.1 elapsed=1h23m41s
Sep 15 12:04:50 nimbus-eth1-mainnet-short-benchmark[3084705]: INF 2026-09-15 12:04:50.281+00:00 Imported blocks                            blockNumber=20163841 slot=9369652 blocks=163840 txs=26749549 mgas=2480207 bps=34.51 tps=5583 mgps=523.1 avgBps=31.15 avgTps=5086 avgMGps=471.6 elapsed=1h27m39s
Sep 15 12:08:42 nimbus-eth1-mainnet-short-benchmark[3084705]: INF 2026-09-15 12:08:42.665+00:00 Imported blocks                            blockNumber=20172033 slot=9377892 blocks=172032 txs=28105316 mgas=2604026 bps=35.25 tps=5834 mgps=532.8 avgBps=31.33 avgTps=5117 avgMGps=474.2 elapsed=1h31m31s
Sep 15 12:12:40 nimbus-eth1-mainnet-short-benchmark[3084705]: INF 2026-09-15 12:12:40.758+00:00 Imported blocks                            blockNumber=20180225 slot=9386128 blocks=180224 txs=29524405 mgas=2728170 bps=34.41 tps=5960 mgps=521.4 avgBps=31.45 avgTps=5152 avgMGps=476.1 elapsed=1h35m29s
Sep 15 12:16:20 nimbus-eth1-mainnet-short-benchmark[3084705]: INF 2026-09-15 12:16:20.771+00:00 Imported blocks                            blockNumber=20188417 slot=9394365 blocks=188416 txs=30849021 mgas=2852023 bps=37.23 tps=6020 mgps=562.9 avgBps=31.67 avgTps=5184 avgMGps=479.3 elapsed=1h39m9s
Sep 15 12:20:25 nimbus-eth1-mainnet-short-benchmark[3084705]: INF 2026-09-15 12:20:25.163+00:00 Imported blocks                            blockNumber=20196609 slot=9402602 blocks=196608 txs=32174755 mgas=2976155 bps=33.52 tps=5424 mgps=507.9 avgBps=31.74 avgTps=5194 avgMGps=480.5 elapsed=1h43m14s
Sep 15 12:24:43 nimbus-eth1-mainnet-short-benchmark[3084705]: INF 2026-09-15 12:24:43.084+00:00 Imported blocks                            blockNumber=20204801 slot=9410840 blocks=204800 txs=33475942 mgas=3100410 bps=31.76 tps=5044 mgps=481.8 avgBps=31.74 avgTps=5188 avgMGps=480.5 elapsed=1h47m32s
Sep 15 12:28:39 nimbus-eth1-mainnet-short-benchmark[3084705]: INF 2026-09-15 12:28:39.884+00:00 Imported blocks                            blockNumber=20212993 slot=9419071 blocks=212992 txs=34798508 mgas=3224370 bps=34.59 tps=5585 mgps=523.5 avgBps=31.84 avgTps=5202 avgMGps=482.0 elapsed=1h51m28s
Sep 15 12:32:32 nimbus-eth1-mainnet-short-benchmark[3084705]: INF 2026-09-15 12:32:32.273+00:00 Imported blocks                            blockNumber=20221185 slot=9427313 blocks=221184 txs=36114045 mgas=3348169 bps=35.25 tps=5660 mgps=532.7 avgBps=31.96 avgTps=5217 avgMGps=483.7 elapsed=1h55m21s
Sep 15 12:36:05 nimbus-eth1-mainnet-short-benchmark[3084705]: INF 2026-09-15 12:36:05.522+00:00 Imported blocks                            blockNumber=20229377 slot=9435549 blocks=229376 txs=37421794 mgas=3472031 bps=38.42 tps=6132 mgps=580.8 avgBps=32.15 avgTps=5245 avgMGps=486.6 elapsed=1h58m54s
Sep 15 12:39:48 nimbus-eth1-mainnet-short-benchmark[3084705]: INF 2026-09-15 12:39:48.803+00:00 Imported blocks                            blockNumber=20237569 slot=9443788 blocks=237568 txs=38842064 mgas=3596351 bps=36.69 tps=6360 mgps=556.8 avgBps=32.29 avgTps=5278 avgMGps=488.8 elapsed=2h2m37s
Sep 15 12:43:48 nimbus-eth1-mainnet-short-benchmark[3084705]: INF 2026-09-15 12:43:48.836+00:00 Imported blocks                            blockNumber=20245761 slot=9452021 blocks=245760 txs=40225739 mgas=3720100 bps=34.13 tps=5764 mgps=515.6 avgBps=32.35 avgTps=5294 avgMGps=489.6 elapsed=2h6m37s
Sep 15 12:48:06 nimbus-eth1-mainnet-short-benchmark[3084705]: INF 2026-09-15 12:48:06.480+00:00 Imported blocks                            blockNumber=20253953 slot=9460253 blocks=253952 txs=41454921 mgas=3844385 bps=31.80 tps=4770 mgps=482.4 avgBps=32.33 avgTps=5277 avgMGps=489.4 elapsed=2h10m55s
Sep 15 12:52:10 nimbus-eth1-mainnet-short-benchmark[3084705]: INF 2026-09-15 12:52:10.561+00:00 Imported blocks                            blockNumber=20262145 slot=9468495 blocks=262144 txs=42726051 mgas=3968623 bps=33.56 tps=5207 mgps=509.0 avgBps=32.37 avgTps=5275 avgMGps=490.0 elapsed=2h14m59s
Sep 15 12:55:58 nimbus-eth1-mainnet-short-benchmark[3084705]: INF 2026-09-15 12:55:58.005+00:00 Imported blocks                            blockNumber=20270337 slot=9476748 blocks=270336 txs=44050436 mgas=4092682 bps=36.02 tps=5822 mgps=545.4 avgBps=32.46 avgTps=5290 avgMGps=491.5 elapsed=2h18m47s
Sep 15 12:59:31 nimbus-eth1-mainnet-short-benchmark[3084705]: INF 2026-09-15 12:59:31.034+00:00 Imported blocks                            blockNumber=20278529 slot=9484981 blocks=278528 txs=45382368 mgas=4216487 bps=38.46 tps=6252 mgps=581.2 avgBps=32.61 avgTps=5314 avgMGps=493.7 elapsed=2h22m20s
Sep 15 13:03:08 nimbus-eth1-mainnet-short-benchmark[3084705]: INF 2026-09-15 13:03:08.207+00:00 Imported blocks                            blockNumber=20286721 slot=9493213 blocks=286720 txs=46733429 mgas=4340363 bps=37.72 tps=6221 mgps=570.4 avgBps=32.74 avgTps=5336 avgMGps=495.6 elapsed=2h25m57s
Sep 15 13:07:08 nimbus-eth1-mainnet-short-benchmark[3084705]: INF 2026-09-15 13:07:08.068+00:00 Imported blocks                            blockNumber=20294913 slot=9501453 blocks=294912 txs=48075887 mgas=4464376 bps=34.15 tps=5596 mgps=517.0 avgBps=32.78 avgTps=5343 avgMGps=496.2 elapsed=2h29m57s
Sep 15 13:11:02 nimbus-eth1-mainnet-short-benchmark[3084705]: INF 2026-09-15 13:11:02.069+00:00 Imported blocks                            blockNumber=20303105 slot=9509696 blocks=303104 txs=49379538 mgas=4588534 bps=35.01 tps=5571 mgps=530.6 avgBps=32.84 avgTps=5349 avgMGps=497.1 elapsed=2h33m51s
Sep 15 13:14:49 nimbus-eth1-mainnet-short-benchmark[3084705]: INF 2026-09-15 13:14:49.110+00:00 Imported blocks                            blockNumber=20311297 slot=9517922 blocks=311296 txs=50637672 mgas=4712596 bps=36.08 tps=5541 mgps=546.4 avgBps=32.91 avgTps=5353 avgMGps=498.3 elapsed=2h37m38s
Sep 15 13:18:28 nimbus-eth1-mainnet-short-benchmark[3084705]: INF 2026-09-15 13:18:28.046+00:00 Imported blocks                            blockNumber=20319489 slot=9526159 blocks=319488 txs=51981692 mgas=4836521 bps=37.42 tps=6138 mgps=566.0 avgBps=33.01 avgTps=5371 avgMGps=499.8 elapsed=2h41m17s
Sep 15 13:21:48 nimbus-eth1-mainnet-short-benchmark[3084705]: INF 2026-09-15 13:21:48.544+00:00 Imported blocks                            blockNumber=20327681 slot=9534381 blocks=327680 txs=53356123 mgas=4960245 bps=40.86 tps=6855 mgps=617.1 avgBps=33.17 avgTps=5401 avgMGps=502.2 elapsed=2h44m37s
Sep 15 13:25:06 nimbus-eth1-mainnet-short-benchmark[3084705]: INF 2026-09-15 13:25:06.577+00:00 Imported blocks                            blockNumber=20335873 slot=9542617 blocks=335872 txs=54719105 mgas=5084025 bps=41.37 tps=6882 mgps=625.0 avgBps=33.34 avgTps=5430 avgMGps=504.6 elapsed=2h47m55s
Sep 15 13:28:44 nimbus-eth1-mainnet-short-benchmark[3084705]: INF 2026-09-15 13:28:44.698+00:00 Imported blocks                            blockNumber=20344065 slot=9550841 blocks=344064 txs=56021853 mgas=5207843 bps=37.56 tps=5972 mgps=567.7 avgBps=33.42 avgTps=5442 avgMGps=505.9 elapsed=2h51m33s
Sep 15 13:32:53 nimbus-eth1-mainnet-short-benchmark[3084705]: INF 2026-09-15 13:32:53.926+00:00 Imported blocks                            blockNumber=20352257 slot=9559072 blocks=352256 txs=57290408 mgas=5332016 bps=32.87 tps=5089 mgps=498.2 avgBps=33.41 avgTps=5433 avgMGps=505.7 elapsed=2h55m42s
Sep 15 13:36:40 nimbus-eth1-mainnet-short-benchmark[3084705]: INF 2026-09-15 13:36:40.127+00:00 Imported blocks                            blockNumber=20360449 slot=9567308 blocks=360448 txs=58543463 mgas=5456201 bps=36.22 tps=5539 mgps=549.0 avgBps=33.47 avgTps=5436 avgMGps=506.6 elapsed=2h59m29s
Sep 15 13:40:18 nimbus-eth1-mainnet-short-benchmark[3084705]: INF 2026-09-15 13:40:18.960+00:00 Imported blocks                            blockNumber=20368641 slot=9575548 blocks=368640 txs=59874056 mgas=5580204 bps=37.44 tps=6080 mgps=566.7 avgBps=33.55 avgTps=5449 avgMGps=507.8 elapsed=3h3m8s
Sep 15 13:44:04 nimbus-eth1-mainnet-short-benchmark[3084705]: INF 2026-09-15 13:44:04.673+00:00 Imported blocks                            blockNumber=20376833 slot=9583774 blocks=376832 txs=61167066 mgas=5704396 bps=36.29 tps=5728 mgps=550.2 avgBps=33.60 avgTps=5454 avgMGps=508.7 elapsed=3h6m53s
Sep 15 13:47:45 nimbus-eth1-mainnet-short-benchmark[3084705]: INF 2026-09-15 13:47:45.838+00:00 Imported blocks                            blockNumber=20385025 slot=9592009 blocks=385024 txs=62480333 mgas=5828235 bps=37.04 tps=5937 mgps=559.9 avgBps=33.67 avgTps=5464 avgMGps=509.7 elapsed=3h10m34s
Sep 15 13:51:26 nimbus-eth1-mainnet-short-benchmark[3084705]: INF 2026-09-15 13:51:26.955+00:00 Imported blocks                            blockNumber=20393217 slot=9600248 blocks=393216 txs=63800597 mgas=5952136 bps=37.05 tps=5970 mgps=560.3 avgBps=33.74 avgTps=5473 avgMGps=510.6 elapsed=3h14m16s
Sep 15 13:54:58 nimbus-eth1-mainnet-short-benchmark[3084705]: INF 2026-09-15 13:54:58.423+00:00 Imported blocks                            blockNumber=20401409 slot=9608486 blocks=401408 txs=65021243 mgas=6076384 bps=38.74 tps=5772 mgps=587.6 avgBps=33.82 avgTps=5478 avgMGps=512.0 elapsed=3h17m47s
Sep 15 13:58:47 nimbus-eth1-mainnet-short-benchmark[3084705]: INF 2026-09-15 13:58:47.972+00:00 Imported blocks                            blockNumber=20409601 slot=9616707 blocks=409600 txs=66199016 mgas=6200666 bps=35.69 tps=5130 mgps=541.4 avgBps=33.86 avgTps=5472 avgMGps=512.6 elapsed=3h21m37s
Sep 15 14:02:26 nimbus-eth1-mainnet-short-benchmark[3084705]: INF 2026-09-15 14:02:26.521+00:00 Imported blocks                            blockNumber=20417793 slot=9624941 blocks=417792 txs=67453930 mgas=6324823 bps=37.48 tps=5741 mgps=568.1 avgBps=33.92 avgTps=5477 avgMGps=513.6 elapsed=3h25m15s
Sep 15 14:05:38 nimbus-eth1-mainnet-short-benchmark[3084705]: INF 2026-09-15 14:05:38.174+00:00 Imported blocks                            blockNumber=20425985 slot=9633187 blocks=425984 txs=68814904 mgas=6448778 bps=42.74 tps=7101 mgps=646.8 avgBps=34.06 avgTps=5502 avgMGps=515.6 elapsed=3h28m27s
Sep 15 14:08:50 nimbus-eth1-mainnet-short-benchmark[3084705]: INF 2026-09-15 14:08:50.544+00:00 Imported blocks                            blockNumber=20434177 slot=9641422 blocks=434176 txs=70124508 mgas=6572711 bps=42.59 tps=6807 mgps=644.3 avgBps=34.19 avgTps=5521 avgMGps=517.6 elapsed=3h31m39s
Sep 15 14:12:12 nimbus-eth1-mainnet-short-benchmark[3084705]: INF 2026-09-15 14:12:12.553+00:00 Imported blocks                            blockNumber=20442369 slot=9649657 blocks=442368 txs=71403576 mgas=6696451 bps=40.55 tps=6331 mgps=612.5 avgBps=34.29 avgTps=5534 avgMGps=519.0 elapsed=3h35m1s
Sep 15 14:15:54 nimbus-eth1-mainnet-short-benchmark[3084705]: INF 2026-09-15 14:15:54.085+00:00 Imported blocks                            blockNumber=20450561 slot=9657896 blocks=450560 txs=72659905 mgas=6820521 bps=36.98 tps=5671 mgps=560.1 avgBps=34.33 avgTps=5536 avgMGps=519.7 elapsed=3h38m43s
Sep 15 14:19:56 nimbus-eth1-mainnet-short-benchmark[3084705]: INF 2026-09-15 14:19:56.198+00:00 Imported blocks                            blockNumber=20458753 slot=9666114 blocks=458752 txs=73838533 mgas=6945116 bps=33.84 tps=4868 mgps=514.6 avgBps=34.32 avgTps=5524 avgMGps=519.6 elapsed=3h42m45s
Sep 15 14:23:35 nimbus-eth1-mainnet-short-benchmark[3084705]: INF 2026-09-15 14:23:35.731+00:00 Imported blocks                            blockNumber=20466945 slot=9674343 blocks=466944 txs=75124748 mgas=7068943 bps=37.32 tps=5858 mgps=564.1 avgBps=34.37 avgTps=5530 avgMGps=520.4 elapsed=3h46m24s
Sep 15 14:27:12 nimbus-eth1-mainnet-short-benchmark[3084705]: INF 2026-09-15 14:27:12.292+00:00 Imported blocks                            blockNumber=20475137 slot=9682575 blocks=475136 txs=76420106 mgas=7192870 bps=37.83 tps=5981 mgps=572.3 avgBps=34.43 avgTps=5537 avgMGps=521.2 elapsed=3h50m1s
Sep 15 14:30:38 nimbus-eth1-mainnet-short-benchmark[3084705]: INF 2026-09-15 14:30:38.393+00:00 Imported blocks                            blockNumber=20483329 slot=9690800 blocks=483328 txs=77675422 mgas=7316939 bps=39.75 tps=6090 mgps=602.0 avgBps=34.51 avgTps=5545 avgMGps=522.4 elapsed=3h53m27s
Sep 15 14:34:02 nimbus-eth1-mainnet-short-benchmark[3084705]: INF 2026-09-15 14:34:02.558+00:00 Imported blocks                            blockNumber=20491521 slot=9699019 blocks=491520 txs=78951232 mgas=7440784 bps=40.12 tps=6248 mgps=606.6 avgBps=34.59 avgTps=5555 avgMGps=523.6 elapsed=3h56m51s
Sep 15 14:37:43 nimbus-eth1-mainnet-short-benchmark[3084705]: INF 2026-09-15 14:37:43.298+00:00 Imported blocks                            blockNumber=20499713 slot=9707248 blocks=499712 txs=80189642 mgas=7564669 bps=37.11 tps=5610 mgps=561.2 avgBps=34.62 avgTps=5556 avgMGps=524.1 elapsed=4h32s345ms
Sep 15 14:41:28 nimbus-eth1-mainnet-short-benchmark[3084705]: INF 2026-09-15 14:41:28.327+00:00 Imported blocks                            blockNumber=20507905 slot=9715488 blocks=507904 txs=81317763 mgas=7689208 bps=36.40 tps=5013 mgps=553.4 avgBps=34.65 avgTps=5547 avgMGps=524.6 elapsed=4h4m17s
Sep 15 14:44:47 nimbus-eth1-mainnet-short-benchmark[3084705]: INF 2026-09-15 14:44:47.020+00:00 Imported blocks                            blockNumber=20516097 slot=9723715 blocks=516096 txs=82520262 mgas=7813209 bps=41.23 tps=6052 mgps=624.1 avgBps=34.74 avgTps=5554 avgMGps=525.9 elapsed=4h7m36s
Sep 15 14:48:18 nimbus-eth1-mainnet-short-benchmark[3084705]: INF 2026-09-15 14:48:18.781+00:00 Imported blocks                            blockNumber=20524289 slot=9731945 blocks=524288 txs=83780075 mgas=7937233 bps=38.68 tps=5949 mgps=585.7 avgBps=34.80 avgTps=5560 avgMGps=526.8 elapsed=4h11m7s
Sep 15 14:51:54 nimbus-eth1-mainnet-short-benchmark[3084705]: INF 2026-09-15 14:51:54.842+00:00 Imported blocks                            blockNumber=20532481 slot=9740183 blocks=532480 txs=85263862 mgas=8061024 bps=37.92 tps=6867 mgps=572.9 avgBps=34.84 avgTps=5578 avgMGps=527.4 elapsed=4h14m43s
Sep 15 14:55:36 nimbus-eth1-mainnet-short-benchmark[3084705]: INF 2026-09-15 14:55:36.147+00:00 Imported blocks                            blockNumber=20540673 slot=9748418 blocks=540672 txs=86612143 mgas=8185090 bps=37.02 tps=6092 mgps=560.6 avgBps=34.87 avgTps=5586 avgMGps=527.9 elapsed=4h18m25s
Sep 15 14:59:23 nimbus-eth1-mainnet-short-benchmark[3084705]: INF 2026-09-15 14:59:23.711+00:00 Imported blocks                            blockNumber=20548865 slot=9756662 blocks=548864 txs=87802991 mgas=8309513 bps=36.00 tps=5233 mgps=546.8 avgBps=34.89 avgTps=5580 avgMGps=528.2 elapsed=4h22m12s
Sep 15 15:03:09 nimbus-eth1-mainnet-short-benchmark[3084705]: INF 2026-09-15 15:03:09.504+00:00 Imported blocks                            blockNumber=20557057 slot=9764892 blocks=557056 txs=88964987 mgas=8433956 bps=36.28 tps=5146 mgps=551.1 avgBps=34.91 avgTps=5574 avgMGps=528.5 elapsed=4h25m58s
Sep 15 15:06:44 nimbus-eth1-mainnet-short-benchmark[3084705]: INF 2026-09-15 15:06:44.173+00:00 Imported blocks                            blockNumber=20565249 slot=9773131 blocks=565248 txs=90186094 mgas=8558113 bps=38.16 tps=5688 mgps=578.4 avgBps=34.95 avgTps=5576 avgMGps=529.2 elapsed=4h29m33s
Sep 15 15:10:20 nimbus-eth1-mainnet-short-benchmark[3084705]: INF 2026-09-15 15:10:20.498+00:00 Imported blocks                            blockNumber=20573441 slot=9781369 blocks=573440 txs=91404654 mgas=8682228 bps=37.87 tps=5633 mgps=573.7 avgBps=34.99 avgTps=5577 avgMGps=529.7 elapsed=4h33m9s
Sep 15 15:13:50 nimbus-eth1-mainnet-short-benchmark[3084705]: INF 2026-09-15 15:13:50.971+00:00 Imported blocks                            blockNumber=20581633 slot=9789611 blocks=581632 txs=92628389 mgas=8806651 bps=38.92 tps=5814 mgps=591.2 avgBps=35.04 avgTps=5580 avgMGps=530.5 elapsed=4h36m40s
Sep 15 15:17:30 nimbus-eth1-mainnet-short-benchmark[3084705]: INF 2026-09-15 15:17:30.244+00:00 Imported blocks                            blockNumber=20589825 slot=9797855 blocks=589824 txs=93887208 mgas=8931023 bps=37.36 tps=5740 mgps=567.2 avgBps=35.07 avgTps=5582 avgMGps=531.0 elapsed=4h40m19s
Sep 15 15:21:11 nimbus-eth1-mainnet-short-benchmark[3084705]: INF 2026-09-15 15:21:11.156+00:00 Imported blocks                            blockNumber=20598017 slot=9806095 blocks=598016 txs=95163338 mgas=9055310 bps=37.08 tps=5776 mgps=562.6 avgBps=35.09 avgTps=5584 avgMGps=531.4 elapsed=4h44m204ms
Sep 15 15:24:55 nimbus-eth1-mainnet-short-benchmark[3084705]: INF 2026-09-15 15:24:55.337+00:00 Imported blocks                            blockNumber=20606209 slot=9814347 blocks=606208 txs=96334664 mgas=9179976 bps=36.54 tps=5224 mgps=556.1 avgBps=35.11 avgTps=5579 avgMGps=531.7 elapsed=4h47m44s
Sep 15 15:28:31 nimbus-eth1-mainnet-short-benchmark[3084705]: INF 2026-09-15 15:28:31.214+00:00 Imported blocks                            blockNumber=20614401 slot=9822581 blocks=614400 txs=97573414 mgas=9304574 bps=37.95 tps=5738 mgps=577.2 avgBps=35.15 avgTps=5581 avgMGps=532.3 elapsed=4h51m20s
Sep 15 15:32:06 nimbus-eth1-mainnet-short-benchmark[3084705]: INF 2026-09-15 15:32:06.480+00:00 Imported blocks                            blockNumber=20622593 slot=9830821 blocks=622592 txs=98874772 mgas=9428835 bps=38.06 tps=6045 mgps=577.3 avgBps=35.18 avgTps=5587 avgMGps=532.8 elapsed=4h54m55s
Sep 15 15:35:33 nimbus-eth1-mainnet-short-benchmark[3084705]: INF 2026-09-15 15:35:33.433+00:00 Imported blocks                            blockNumber=20630785 slot=9839058 blocks=630784 txs=100178707 mgas=9553009 bps=39.58 tps=6300 mgps=600.0 avgBps=35.23 avgTps=5595 avgMGps=533.6 elapsed=4h58m22s
Sep 15 15:39:10 nimbus-eth1-mainnet-short-benchmark[3084705]: INF 2026-09-15 15:39:10.898+00:00 Imported blocks                            blockNumber=20638977 slot=9847313 blocks=638976 txs=101489116 mgas=9677171 bps=37.67 tps=6025 mgps=571.0 avgBps=35.26 avgTps=5600 avgMGps=534.1 elapsed=5h1m59s
Sep 15 15:42:44 nimbus-eth1-mainnet-short-benchmark[3084705]: INF 2026-09-15 15:42:44.931+00:00 Imported blocks                            blockNumber=20647169 slot=9855549 blocks=647168 txs=102730058 mgas=9801643 bps=38.27 tps=5797 mgps=581.6 avgBps=35.30 avgTps=5603 avgMGps=534.6 elapsed=5h5m33s
Sep 15 15:46:31 nimbus-eth1-mainnet-short-benchmark[3084705]: INF 2026-09-15 15:46:31.400+00:00 Imported blocks                            blockNumber=20655361 slot=9863778 blocks=655360 txs=103868002 mgas=9926541 bps=36.17 tps=5024 mgps=551.5 avgBps=35.31 avgTps=5596 avgMGps=534.8 elapsed=5h9m20s
Sep 15 15:50:02 nimbus-eth1-mainnet-short-benchmark[3084705]: INF 2026-09-15 15:50:02.529+00:00 Imported blocks                            blockNumber=20663553 slot=9872013 blocks=663552 txs=105112198 mgas=10051274 bps=38.80 tps=5893 mgps=590.8 avgBps=35.35 avgTps=5599 avgMGps=535.5 elapsed=5h12m51s
Sep 15 15:53:23 nimbus-eth1-mainnet-short-benchmark[3084705]: INF 2026-09-15 15:53:23.654+00:00 Imported blocks                            blockNumber=20671745 slot=9880241 blocks=671744 txs=106395904 mgas=10175177 bps=40.73 tps=6382 mgps=616.0 avgBps=35.41 avgTps=5607 avgMGps=536.3 elapsed=5h16m12s
Sep 15 15:56:48 nimbus-eth1-mainnet-short-benchmark[3084705]: INF 2026-09-15 15:56:48.579+00:00 Imported blocks                            blockNumber=20679937 slot=9888471 blocks=679936 txs=107674271 mgas=10299404 bps=39.98 tps=6238 mgps=606.2 avgBps=35.45 avgTps=5614 avgMGps=537.1 elapsed=5h19m37s
Sep 15 16:00:06 nimbus-eth1-mainnet-short-benchmark[3084705]: INF 2026-09-15 16:00:06.336+00:00 Imported blocks                            blockNumber=20688129 slot=9896698 blocks=688128 txs=108938536 mgas=10423298 bps=41.42 tps=6393 mgps=626.5 avgBps=35.52 avgTps=5622 avgMGps=538.0 elapsed=5h22m55s
Sep 15 16:03:35 nimbus-eth1-mainnet-short-benchmark[3084705]: INF 2026-09-15 16:03:35.258+00:00 Imported blocks                            blockNumber=20696321 slot=9904930 blocks=696320 txs=110235786 mgas=10547469 bps=39.21 tps=6209 mgps=594.3 avgBps=35.56 avgTps=5628 avgMGps=538.6 elapsed=5h26m24s
Sep 15 16:07:22 nimbus-eth1-mainnet-short-benchmark[3084705]: INF 2026-09-15 16:07:22.518+00:00 Imported blocks                            blockNumber=20704513 slot=9913154 blocks=704512 txs=111483759 mgas=10671677 bps=36.05 tps=5491 mgps=546.5 avgBps=35.56 avgTps=5627 avgMGps=538.7 elapsed=5h30m11s
Sep 15 16:10:56 nimbus-eth1-mainnet-short-benchmark[3084705]: INF 2026-09-15 16:10:56.619+00:00 Imported blocks                            blockNumber=20712705 slot=9921388 blocks=712704 txs=112764170 mgas=10795980 bps=38.26 tps=5980 mgps=580.6 avgBps=35.59 avgTps=5630 avgMGps=539.1 elapsed=5h33m45s
Sep 15 16:14:15 nimbus-eth1-mainnet-short-benchmark[3084705]: INF 2026-09-15 16:14:15.868+00:00 Imported blocks                            blockNumber=20720897 slot=9929633 blocks=720896 txs=114110517 mgas=10919926 bps=41.11 tps=6756 mgps=622.1 avgBps=35.64 avgTps=5642 avgMGps=539.9 elapsed=5h37m4s
Sep 15 16:17:41 nimbus-eth1-mainnet-short-benchmark[3084705]: INF 2026-09-15 16:17:41.518+00:00 Imported blocks                            blockNumber=20729089 slot=9937869 blocks=729088 txs=115449431 mgas=11043768 bps=39.84 tps=6510 mgps=602.2 avgBps=35.69 avgTps=5650 avgMGps=540.6 elapsed=5h40m30s
Sep 15 16:20:57 nimbus-eth1-mainnet-short-benchmark[3084705]: INF 2026-09-15 16:20:57.975+00:00 Imported blocks                            blockNumber=20737281 slot=9946108 blocks=737280 txs=116784468 mgas=11167784 bps=41.70 tps=6795 mgps=631.3 avgBps=35.74 avgTps=5661 avgMGps=541.4 elapsed=5h43m47s
Sep 15 16:24:26 nimbus-eth1-mainnet-short-benchmark[3084705]: INF 2026-09-15 16:24:26.100+00:00 Imported blocks                            blockNumber=20745473 slot=9954342 blocks=745472 txs=118101003 mgas=11291742 bps=39.36 tps=6325 mgps=595.6 avgBps=35.78 avgTps=5668 avgMGps=542.0 elapsed=5h47m15s
Sep 15 16:28:09 nimbus-eth1-mainnet-short-benchmark[3084705]: INF 2026-09-15 16:28:09.341+00:00 Imported blocks                            blockNumber=20753665 slot=9962581 blocks=753664 txs=119337525 mgas=11415859 bps=36.70 tps=5538 mgps=556.0 avgBps=35.79 avgTps=5666 avgMGps=542.1 elapsed=5h50m58s
Sep 15 16:31:40 nimbus-eth1-mainnet-short-benchmark[3084705]: INF 2026-09-15 16:31:40.466+00:00 Imported blocks                            blockNumber=20761857 slot=9970803 blocks=761856 txs=120564314 mgas=11540225 bps=38.80 tps=5810 mgps=589.1 avgBps=35.82 avgTps=5668 avgMGps=542.6 elapsed=5h54m29s
Sep 15 16:34:58 nimbus-eth1-mainnet-short-benchmark[3084705]: INF 2026-09-15 16:34:58.503+00:00 Imported blocks                            blockNumber=20770049 slot=9979058 blocks=770048 txs=121858083 mgas=11663918 bps=41.37 tps=6533 mgps=624.6 avgBps=35.87 avgTps=5676 avgMGps=543.3 elapsed=5h57m47s
Sep 15 16:38:08 nimbus-eth1-mainnet-short-benchmark[3084705]: INF 2026-09-15 16:38:08.012+00:00 Imported blocks                            blockNumber=20778241 slot=9987307 blocks=778240 txs=123161734 mgas=11787906 bps=43.23 tps=6879 mgps=654.3 avgBps=35.93 avgTps=5686 avgMGps=544.3 elapsed=6h57s60ms
Sep 15 16:41:13 nimbus-eth1-mainnet-short-benchmark[3084705]: INF 2026-09-15 16:41:13.142+00:00 Imported blocks                            blockNumber=20786433 slot=9995542 blocks=786432 txs=124509456 mgas=11911612 bps=44.25 tps=7279 mgps=668.2 avgBps=36.01 avgTps=5700 avgMGps=545.3 elapsed=6h4m2s
Sep 15 16:44:22 nimbus-eth1-mainnet-short-benchmark[3084705]: INF 2026-09-15 16:44:22.303+00:00 Imported blocks                            blockNumber=20794625 slot=10003781 blocks=794624 txs=125848921 mgas=12035338 bps=43.31 tps=7081 mgps=654.1 avgBps=36.07 avgTps=5712 avgMGps=546.3 elapsed=6h7m11s
Sep 15 16:47:38 nimbus-eth1-mainnet-short-benchmark[3084705]: INF 2026-09-15 16:47:38.436+00:00 Imported blocks                            blockNumber=20802817 slot=10012028 blocks=802816 txs=127089868 mgas=12158989 bps=41.77 tps=6327 mgps=630.4 avgBps=36.12 avgTps=5717 avgMGps=547.0 elapsed=6h10m27s
Sep 15 16:51:01 nimbus-eth1-mainnet-short-benchmark[3084705]: INF 2026-09-15 16:51:01.169+00:00 Imported blocks                            blockNumber=20811009 slot=10020249 blocks=811008 txs=128299762 mgas=12282850 bps=40.41 tps=5967 mgps=611.0 avgBps=36.16 avgTps=5719 avgMGps=547.6 elapsed=6h13m50s
Sep 15 16:54:12 nimbus-eth1-mainnet-short-benchmark[3084705]: INF 2026-09-15 16:54:12.214+00:00 Imported blocks                            blockNumber=20819201 slot=10028481 blocks=819200 txs=129596319 mgas=12406594 bps=42.88 tps=6786 mgps=647.7 avgBps=36.21 avgTps=5728 avgMGps=548.4 elapsed=6h17m1s
Sep 15 16:57:22 nimbus-eth1-mainnet-short-benchmark[3084705]: INF 2026-09-15 16:57:22.392+00:00 Imported blocks                            blockNumber=20827393 slot=10036710 blocks=827392 txs=130916729 mgas=12530249 bps=43.08 tps=6943 mgps=650.2 avgBps=36.27 avgTps=5739 avgMGps=549.3 elapsed=6h20m11s
Sep 15 17:00:32 nimbus-eth1-mainnet-short-benchmark[3084705]: INF 2026-09-15 17:00:32.353+00:00 Imported blocks                            blockNumber=20835585 slot=10044938 blocks=835584 txs=132226625 mgas=12654070 bps=43.12 tps=6895 mgps=651.8 avgBps=36.33 avgTps=5748 avgMGps=550.1 elapsed=6h23m21s
Sep 15 17:03:57 nimbus-eth1-mainnet-short-benchmark[3084705]: INF 2026-09-15 17:03:57.050+00:00 Imported blocks                            blockNumber=20843777 slot=10053164 blocks=843776 txs=133604192 mgas=12777730 bps=40.02 tps=6729 mgps=604.1 avgBps=36.36 avgTps=5757 avgMGps=550.6 elapsed=6h26m46s
Sep 15 17:07:44 nimbus-eth1-mainnet-short-benchmark[3084705]: INF 2026-09-15 17:07:44.687+00:00 Imported blocks                            blockNumber=20851969 slot=10061391 blocks=851968 txs=134900706 mgas=12901664 bps=35.99 tps=5695 mgps=544.4 avgBps=36.36 avgTps=5756 avgMGps=550.6 elapsed=6h30m33s
Sep 15 17:11:19 nimbus-eth1-mainnet-short-benchmark[3084705]: INF 2026-09-15 17:11:19.360+00:00 Imported blocks                            blockNumber=20860161 slot=10069622 blocks=860160 txs=136168750 mgas=13025603 bps=38.16 tps=5906 mgps=577.3 avgBps=36.37 avgTps=5758 avgMGps=550.8 elapsed=6h34m8s
Sep 15 17:14:51 nimbus-eth1-mainnet-short-benchmark[3084705]: INF 2026-09-15 17:14:51.325+00:00 Imported blocks                            blockNumber=20868353 slot=10077838 blocks=868352 txs=137550724 mgas=13149742 bps=38.65 tps=6519 mgps=585.7 avgBps=36.39 avgTps=5764 avgMGps=551.1 elapsed=6h37m40s
Sep 15 17:18:23 nimbus-eth1-mainnet-short-benchmark[3084705]: INF 2026-09-15 17:18:23.362+00:00 Imported blocks                            blockNumber=20876545 slot=10086066 blocks=876544 txs=138954673 mgas=13273457 bps=38.63 tps=6621 mgps=583.5 avgBps=36.41 avgTps=5772 avgMGps=551.4 elapsed=6h41m12s
Sep 15 17:21:48 nimbus-eth1-mainnet-short-benchmark[3084705]: INF 2026-09-15 17:21:48.427+00:00 Imported blocks                            blockNumber=20884737 slot=10094286 blocks=884736 txs=140256178 mgas=13397479 bps=39.95 tps=6346 mgps=604.8 avgBps=36.44 avgTps=5777 avgMGps=551.8 elapsed=6h44m37s
Sep 15 17:25:07 nimbus-eth1-mainnet-short-benchmark[3084705]: INF 2026-09-15 17:25:07.648+00:00 Imported blocks                            blockNumber=20892929 slot=10102512 blocks=892928 txs=141581868 mgas=13521575 bps=41.12 tps=6654 mgps=622.9 avgBps=36.48 avgTps=5784 avgMGps=552.4 elapsed=6h47m56s
Sep 15 17:28:28 nimbus-eth1-mainnet-short-benchmark[3084705]: INF 2026-09-15 17:28:28.293+00:00 Imported blocks                            blockNumber=20901121 slot=10110732 blocks=901120 txs=142875889 mgas=13645572 bps=40.83 tps=6449 mgps=618.0 avgBps=36.52 avgTps=5789 avgMGps=553.0 elapsed=6h51m17s
Sep 15 17:31:46 nimbus-eth1-mainnet-short-benchmark[3084705]: INF 2026-09-15 17:31:46.762+00:00 Imported blocks                            blockNumber=20909313 slot=10118953 blocks=909312 txs=144102308 mgas=13769390 bps=41.28 tps=6179 mgps=623.9 avgBps=36.55 avgTps=5792 avgMGps=553.5 elapsed=6h54m35s
Sep 15 17:35:01 nimbus-eth1-mainnet-short-benchmark[3084705]: INF 2026-09-15 17:35:01.211+00:00 Imported blocks                            blockNumber=20917505 slot=10127176 blocks=917504 txs=145406349 mgas=13893087 bps=42.13 tps=6706 mgps=636.1 avgBps=36.60 avgTps=5799 avgMGps=554.2 elapsed=6h57m50s
Sep 15 17:38:06 nimbus-eth1-mainnet-short-benchmark[3084705]: INF 2026-09-15 17:38:06.781+00:00 Imported blocks                            blockNumber=20925697 slot=10135394 blocks=925696 txs=146718394 mgas=14016820 bps=44.14 tps=7070 mgps=666.8 avgBps=36.65 avgTps=5809 avgMGps=555.0 elapsed=7h55s830ms
Sep 15 17:41:26 nimbus-eth1-mainnet-short-benchmark[3084705]: INF 2026-09-15 17:41:26.474+00:00 Imported blocks                            blockNumber=20933889 slot=10143614 blocks=933888 txs=148049109 mgas=14140625 bps=41.02 tps=6663 mgps=620.0 avgBps=36.69 avgTps=5815 avgMGps=555.5 elapsed=7h4m15s
Sep 15 17:44:38 nimbus-eth1-mainnet-short-benchmark[3084705]: INF 2026-09-15 17:44:38.935+00:00 Imported blocks                            blockNumber=20942081 slot=10151840 blocks=942080 txs=149397364 mgas=14264352 bps=42.56 tps=7005 mgps=642.9 avgBps=36.73 avgTps=5824 avgMGps=556.2 elapsed=7h7m27s
Sep 15 17:47:56 nimbus-eth1-mainnet-short-benchmark[3084705]: INF 2026-09-15 17:47:56.664+00:00 Imported blocks                            blockNumber=20950273 slot=10160098 blocks=950272 txs=150765507 mgas=14388237 bps=41.43 tps=6919 mgps=626.5 avgBps=36.77 avgTps=5833 avgMGps=556.7 elapsed=7h10m45s
Sep 15 17:51:27 nimbus-eth1-mainnet-short-benchmark[3084705]: INF 2026-09-15 17:51:27.449+00:00 Imported blocks                            blockNumber=20958465 slot=10168363 blocks=958464 txs=152044771 mgas=14511987 bps=38.86 tps=6068 mgps=587.1 avgBps=36.78 avgTps=5835 avgMGps=556.9 elapsed=7h14m16s
Sep 15 17:54:51 nimbus-eth1-mainnet-short-benchmark[3084705]: INF 2026-09-15 17:54:51.054+00:00 Imported blocks                            blockNumber=20966657 slot=10176609 blocks=966656 txs=153365296 mgas=14635804 bps=40.23 tps=6485 mgps=608.1 avgBps=36.81 avgTps=5840 avgMGps=557.3 elapsed=7h17m40s
Sep 15 17:58:10 nimbus-eth1-mainnet-short-benchmark[3084705]: INF 2026-09-15 17:58:10.796+00:00 Imported blocks                            blockNumber=20974849 slot=10184849 blocks=974848 txs=154744917 mgas=14759580 bps=41.01 tps=6907 mgps=619.7 avgBps=36.84 avgTps=5848 avgMGps=557.8 elapsed=7h20m59s
Sep 15 18:01:38 nimbus-eth1-mainnet-short-benchmark[3084705]: INF 2026-09-15 18:01:38.717+00:00 Imported blocks                            blockNumber=20983041 slot=10193086 blocks=983040 txs=156055229 mgas=14883451 bps=39.40 tps=6301 mgps=595.7 avgBps=36.86 avgTps=5851 avgMGps=558.1 elapsed=7h24m27s
Sep 15 18:04:39 nimbus-eth1-mainnet-short-benchmark[3084705]: INF 2026-09-15 18:04:39.507+00:00 Imported blocks                            blockNumber=20991233 slot=10201319 blocks=991232 txs=157563202 mgas=15007557 bps=45.31 tps=8341 mgps=686.5 avgBps=36.92 avgTps=5868 avgMGps=559.0 elapsed=7h27m28s
Sep 15 18:08:10 nimbus-eth1-mainnet-short-benchmark[3084705]: INF 2026-09-15 18:08:10.592+00:00 Imported blocks                            blockNumber=20999425 slot=10209549 blocks=999424 txs=159003277 mgas=15131383 bps=38.81 tps=6822 mgps=586.6 avgBps=36.93 avgTps=5876 avgMGps=559.2 elapsed=7h30m59s
Sep 15 18:08:25 nimbus-eth1-mainnet-short-benchmark[3084705]: INF 2026-09-15 18:08:25.848+00:00 Imported blocks                            blockNumber=21000001 slot=10210128 blocks=1000000 txs=159109486 mgas=15140191 bps=37.75 tps=6960 mgps=577.2 avgBps=36.93 avgTps=5876 avgMGps=559.2 elapsed=7h31m14s
Sep 15 18:08:25 nimbus-eth1-mainnet-short-benchmark[3084705]: NTC 2026-09-15 18:08:25.848+00:00 Import complete                            blockNumber=21000001 slot=10210128 blocks=1000000 txs=159109486 mgas=15140191
Sep 15 18:08:26 nimbus-eth1-mainnet-short-benchmark[3056010]: <<< ending startNimbusWithImport (success)
Sep 15 18:08:26 nimbus-eth1-mainnet-short-benchmark[3056010]: >>> starting moveBenchmarkingFileToRepo
Sep 15 18:08:26 nimbus-eth1-mainnet-short-benchmark[3056010]: >>> copying debug-csv generated by nimbus to benchmarks repo
Sep 15 18:08:26 nimbus-eth1-mainnet-short-benchmark[3056010]: <<< ending moveBenchmarkingFileToRepo (success)
Sep 15 18:08:26 nimbus-eth1-mainnet-short-benchmark[3056010]: >>> starting generateBuildEnvironmentLogFile
Sep 15 18:08:35 nimbus-eth1-mainnet-short-benchmark[3056010]: <<< ending generateBuildEnvironmentLogFile (success)
Sep 15 18:08:35 nimbus-eth1-mainnet-short-benchmark[3056010]: >>> starting generateSystemdServiceLogs
