=== System Information Report ===
>>> Generated on: Tue Aug 11 10:13:39 AM UTC 2026
==========================
>>> CPU Architecture: x86_64
>>> CPU Byte Order: Little Endian
>>> CPU Cores: 16
>>> CPU Model: AMD Ryzen 7 PRO 8700GE w/ Radeon 780M Graphics
>>> CPU Cache Information:
L1d Cache: 256 KiB (8 instances)
L1i Cache: 256 KiB (8 instances)
L2 Cache: 8 MiB (8 instances)
L3 Cache: 16 MiB (1 instance)
>>> RAM Size: 61Gi
>>> Hard Disk Information:
/dev/md2 : 437G total, 199G free
/dev/md1 : 989M total, 690M free
/dev/nvme0n1p1 : 256M total, 256M free
/dev/nvme1n1 : 1.9T total, 481G free
==========================
=== Nimbus-ETH1 Benchmarking Report ===
>>> Total time spent in benchmarking (nanoseconds): 28836779874306
>>> Total time spent in benchmarking (human readable format): 8 hours 36 seconds
>>> Start block number is 20000001
>>> End block number is 21000001
==========================
=== Comparison of last two benchmarks ===
sort: write failed: 'standard output': Broken pipe
sort: write error
sort: write failed: 'standard output': Broken pipe
sort: write error
python /data/status-im/nimbus-eth1/scripts/block-import-stats.py /data/status-im/nimbus-eth1-benchmarks/short-benchmark/20260810T174855_d9b33108/blocks-import-benchmark.csv /data/status-im/nimbus-eth1-benchmarks/short-benchmark/20260811T020138_60e55018/blocks-import-benchmark.csv
blocks-import-benchmark.csv vs blocks-import-benchmark.csv
                      bps_x  bps_y     tps_x     tps_y   time_x   time_y    bpsd    tpsd   timed
block_number                                                                                    
(20000001, 20111112]  28.86  28.90  4,711.21  4,719.10  1h2m26s  1h2m22s   0.14%   0.14%  -0.14%
(20111112, 20222223]  32.39  32.30  5,297.86  5,283.18   59m11s   59m20s  -0.27%  -0.27%   0.27%
(20222223, 20333334]  34.12  33.92  5,531.02  5,497.62   52m13s   52m31s  -0.58%  -0.58%   0.59%
(20333334, 20444445]  35.83  35.76  5,645.48  5,634.99   53m35s   53m40s  -0.18%  -0.18%   0.18%
(20444445, 20555556]  35.38  35.29  5,452.31  5,439.41   50m16s   50m23s  -0.23%  -0.23%   0.24%
(20555556, 20666667]  35.52  35.40  5,364.49  5,346.50   53m50s    54m1s  -0.32%  -0.32%   0.33%
(20666667, 20777778]  37.20  37.06  5,853.21  5,831.66   47m47s   47m58s  -0.37%  -0.37%   0.37%
(20777778, 20888889]  38.35  38.20  6,152.39  6,128.51    50m0s   50m11s  -0.38%  -0.38%   0.38%
(20888889, 21000001]  38.33  38.18  6,319.06  6,294.89   49m58s    50m6s  -0.38%  -0.38%   0.38%

blocks: 991808, baseline: 7h59m20s, contender: 8h0m36s
Time (total): 1m16s, 0.27%

bpsd = blocks per sec diff (+), tpsd = txs per sec diff, timed = time to process diff (-)
+ = more is better, - = less is better
==========================
