Sep 26 12:23:47 nimbus-eth1-mainnet-short-benchmark[3556591]: >>> starting cloneOrFetchBenchmarksRepo
Sep 26 12:23:47 nimbus-eth1-mainnet-short-benchmark[3556591]: >>> Fetching latest changes for nimbus-eth1-benchmarks...
Sep 26 12:23:49 nimbus-eth1-mainnet-short-benchmark[3556638]: HEAD is now at 8b7f5a4 chore: update long benchmark Readme
Sep 26 12:23:49 nimbus-eth1-mainnet-short-benchmark[3556591]: <<< ending cloneOrFetchBenchmarksRepo (success)
Sep 26 12:23:49 nimbus-eth1-mainnet-short-benchmark[3556591]: >>> starting cloneOrFetchNimbusRepo
Sep 26 12:23:50 nimbus-eth1-mainnet-short-benchmark[3556591]: >>> Fetching latest changes for nimbus-eth1...
Sep 26 12:23:51 nimbus-eth1-mainnet-short-benchmark[3556982]: From https://github.com/status-im/nimbus-eth1
Sep 26 12:23:51 nimbus-eth1-mainnet-short-benchmark[3556982]:    27008edb5..714bb5bd9  master      -> origin/master
Sep 26 12:23:51 nimbus-eth1-mainnet-short-benchmark[3556982]:  + 8d2837844...94e7aaacf simulate-v1 -> origin/simulate-v1  (forced update)
Sep 26 12:23:51 nimbus-eth1-mainnet-short-benchmark[3556992]: HEAD is now at 714bb5bd9 EVM: move logEntries from LogResult to vmState (#4852)
Sep 26 12:23:51 nimbus-eth1-mainnet-short-benchmark[3556591]: >>> Found last benchmarked commit: 27008edb
Sep 26 12:23:51 nimbus-eth1-mainnet-short-benchmark[3556591]: >>> Using next commit: 714bb5bd95ba88507dd4c397577c8c2dd544e3a3
Sep 26 12:23:51 nimbus-eth1-mainnet-short-benchmark[3557008]: HEAD is now at 714bb5bd9 EVM: move logEntries from LogResult to vmState (#4852)
Sep 26 12:23:51 nimbus-eth1-mainnet-short-benchmark[3556591]: >>> Current commit: 714bb5bd9
Sep 26 12:23:51 nimbus-eth1-mainnet-short-benchmark[3556591]: <<< ending cloneOrFetchNimbusRepo (success)
Sep 26 12:23:51 nimbus-eth1-mainnet-short-benchmark[3556591]: >>> starting buildBinaries
Sep 26 12:23:51 nimbus-eth1-mainnet-short-benchmark[3556591]: >>> Building binaries for commit 714bb5bd...
Sep 26 12:23:57 nimbus-eth1-mainnet-short-benchmark[3562538]: Building: Nim compiler
Sep 26 12:27:01 nimbus-eth1-mainnet-short-benchmark[3562538]: Building custom Nimble commit: 42ef70c2102a942c46f13eb76872326edd525cec
Sep 26 12:27:11 nimbus-eth1-mainnet-short-benchmark[3562538]: Building Nimble...
Sep 26 12:27:21 nimbus-eth1-mainnet-short-benchmark[3562538]: Replacing nimble binary...
Sep 26 12:27:28 nimbus-eth1-mainnet-short-benchmark[3579320]: Building: build/generate_makefile
Sep 26 12:27:28 nimbus-eth1-mainnet-short-benchmark[3579184]: ROCKSDB CACHED VERSION: 11.8.1
Sep 26 12:27:28 nimbus-eth1-mainnet-short-benchmark[3579585]: RocksDb static libraries already built. Skipping build.
Sep 26 12:27:29 nimbus-eth1-mainnet-short-benchmark[3579320]: Build completed successfully: build/generate_makefile
Sep 26 12:27:29 nimbus-eth1-mainnet-short-benchmark[3579639]: Building: build/nimbus_execution_client
Sep 26 12:29:50 nimbus-eth1-mainnet-short-benchmark[3579639]: Build completed successfully: build/nimbus_execution_client
Sep 26 12:29:50 nimbus-eth1-mainnet-short-benchmark[3556591]: >>> renaming binaries to match commit they were built from
Sep 26 12:29:50 nimbus-eth1-mainnet-short-benchmark[3556591]: >>> creating a symbolic link to the latest version
Sep 26 12:29:50 nimbus-eth1-mainnet-short-benchmark[3556591]: >>> deleting copies that are older than N days
Sep 26 12:29:50 nimbus-eth1-mainnet-short-benchmark[3556591]: <<< ending buildBinaries (success)
Sep 26 12:29:50 nimbus-eth1-mainnet-short-benchmark[3556591]: >>> starting skipOrContinueBenchmark
Sep 26 12:29:51 nimbus-eth1-mainnet-short-benchmark[3556591]: <<< ending skipOrContinueBenchmark (success)
Sep 26 12:29:51 nimbus-eth1-mainnet-short-benchmark[3556591]: >>> starting copyTemplateDatabase
Sep 26 12:29:51 nimbus-eth1-mainnet-short-benchmark[3556591]: >>> Copying template db into nimbus data directory
Sep 26 12:33:01 nimbus-eth1-mainnet-short-benchmark[3556591]: >>> Template db copied
Sep 26 12:33:01 nimbus-eth1-mainnet-short-benchmark[3556591]: >>> making nimbus the owner of the copied files
Sep 26 12:33:01 nimbus-eth1-mainnet-short-benchmark[3556591]: <<< ending copyTemplateDatabase (success)
Sep 26 12:33:01 nimbus-eth1-mainnet-short-benchmark[3556591]: >>> starting startNimbusWithImport
Sep 26 12:33:01 nimbus-eth1-mainnet-short-benchmark[3585577]: INF 2026-09-26 12:33:01.241+00:00 Launching execution client                 version=v0.4.1-714bb5bd config="(configFile: none(InputFile), dataDirFlag: some(/data/status-im/nimbus-eth1/data/shared_mainnet_0), era1DirFlag: some(/data/era1), eraDirFlag: some(/data/era), ereDirFlag: none(OutDir), keyStoreDirFlag: none(OutDir), importKey: , trustedSetupFile: none(string), extraData: Nimbus/v0.4.1-714bb5bd, gasLimit: none(uint64), maxBlobs: none(byte), network: [mainnet], logLevel: INFO, logFormat: auto, metricsEnabled: false, metricsPort: 9093, metricsAddress: 127.0.0.1, bootstrapNodes: [], elBootstrapNodes: [], bootstrapFile: , elBootstrapFile: , staticPeers: [], staticPeersFile: , reconnectMaxRetry: 0, reconnectInterval: 15, listenAddress: ::, tcpPort: 30303, udpPortFlag: none(Port), maxPeersOpt: none(int), elMaxPeersOpt: none(int), nat: (hasExtIp: false, nat: NatAny), discv5: true, netKey: random, agentString: Nimbus/v0.4.1-714bb5bd/linux-amd64/Nim-2.2.12, numThreads: 0, persistBatchSize: 4, dynamicBatchSize: false, rocksdbMaxOpenFiles: 2048, rocksdbWriteBufferSize: 67108864, rocksdbRowCacheSize: 0, rocksdbBlockCacheSize: 2147483648, rocksdbBlockCacheType: hyperclock, rdbVtxCacheSize: 536870912, rdbKeyCacheSize: 1342177280, rdbBranchCacheSize: 1312817152, rdbPrintStats: false, rewriteDatadirId: true, aristoDbMaxSnapshots: 5, debugParallel: none(bool), parallelStateRootComputationFlag: false, parallelSenderRecoveryFlag: true, optimisticStatePrefetchFlag: false, balStatePrefetchFlag: false, balStatePrefetchWorkers: 0, balParallelExecutionFlag: false, balPruning: true, eagerStateRootCheck: false, deserializeFcState: true, statelessProvider: false, statelessWitnessValidation: false, cmd: import, maxBlocks: 1000000, chunkSize: 8192, csvStats: some("/data/host-benchmarks/short/4a444b253f3d4092996ac3ad3e34c29f/blocks-import-benchmark.csv"), validation: false, fullValidation: false, storeBodies: false, storeReceipts: false, storeSlotHashes: false)"
Sep 26 12:33:01 nimbus-eth1-mainnet-short-benchmark[3585577]: WRN 2026-09-26 12:33:01.245+00:00 Data directory has insecure permissions. Correcting them. data_dir=/data/status-im/nimbus-eth1/data/shared_mainnet_0 current_permissions=0755 required_permissions=0700
Sep 26 12:33:03 nimbus-eth1-mainnet-short-benchmark[3585577]: INF 2026-09-26 12:33:03.073+00:00 Taskpool started                           numThreads=16
Sep 26 12:33:03 nimbus-eth1-mainnet-short-benchmark[3585577]: CreateIOUring failed: Invalid argument (errno=22), thread=140451156970752
Sep 26 12:33:03 nimbus-eth1-mainnet-short-benchmark[3585577]: INF 2026-09-26 12:33:03.249+00:00 Database initialized                       base="(0xd24fd73f794058a3807db926d8898c6481e902b7edb91ce0d479d6760f276183, 20000000)" finalized="(0xd24fd73f794058a3807db926d8898c6481e902b7edb91ce0d479d6760f276183, 20000000)" head="(0xd4e56740f876aef8c010b86a40d5f56745a118d0906a34e69aec8c0db1cb8fa3, 0)"
Sep 26 12:33:03 nimbus-eth1-mainnet-short-benchmark[3585577]: NTC 2026-09-26 12:33:03.249+00:00 Could not open ere database, falling back to era1/era import ereDir=/data/status-im/nimbus-eth1/data/shared_mainnet_0/ere networkName=mainnet error="No ere files found in /data/status-im/nimbus-eth1/data/shared_mainnet_0/ere"
Sep 26 12:33:03 nimbus-eth1-mainnet-short-benchmark[3585577]: NTC 2026-09-26 12:33:03.249+00:00 Importing era archive                      blockNumber=20000001 dataDir=/data/status-im/nimbus-eth1/data/shared_mainnet_0 eraDir=/data/era
Sep 26 12:33:05 nimbus-eth1-mainnet-short-benchmark[3585577]: NTC 2026-09-26 12:33:05.601+00:00 Matched block to slot number               blockNumber=20000001 slot=9204783
Sep 26 12:39:08 nimbus-eth1-mainnet-short-benchmark[3585577]: INF 2026-09-26 12:39:08.752+00:00 Imported blocks                            blockNumber=20008193 slot=9213020 blocks=8192 txs=1226966 mgas=124237 bps=22.41 tps=3356 mgps=339.9 avgBps=22.41 avgTps=3356 avgMGps=339.9 elapsed=6m5s502ms
Sep 26 12:44:29 nimbus-eth1-mainnet-short-benchmark[3585577]: INF 2026-09-26 12:44:29.535+00:00 Imported blocks                            blockNumber=20016385 slot=9221256 blocks=16384 txs=2540380 mgas=248071 bps=25.54 tps=4094 mgps=386.0 avgBps=23.87 avgTps=3701 avgMGps=361.5 elapsed=11m26s286ms
Sep 26 12:49:42 nimbus-eth1-mainnet-short-benchmark[3585577]: INF 2026-09-26 12:49:42.611+00:00 Imported blocks                            blockNumber=20024577 slot=9229485 blocks=24576 txs=3869398 mgas=372018 bps=26.17 tps=4245 mgps=395.9 avgBps=24.59 avgTps=3871 avgMGps=372.3 elapsed=16m39s362ms
Sep 26 12:54:17 nimbus-eth1-mainnet-short-benchmark[3585577]: INF 2026-09-26 12:54:17.039+00:00 Imported blocks                            blockNumber=20032769 slot=9237722 blocks=32768 txs=5222766 mgas=495797 bps=29.85 tps=4931 mgps=451.0 avgBps=25.72 avgTps=4100 avgMGps=389.2 elapsed=21m13s790ms
Sep 26 12:58:44 nimbus-eth1-mainnet-short-benchmark[3585577]: INF 2026-09-26 12:58:44.879+00:00 Imported blocks                            blockNumber=20040961 slot=9245957 blocks=40960 txs=6566802 mgas=619586 bps=30.59 tps=5018 mgps=462.2 avgBps=26.57 avgTps=4259 avgMGps=401.9 elapsed=25m41s629ms
Sep 26 13:03:34 nimbus-eth1-mainnet-short-benchmark[3585577]: INF 2026-09-26 13:03:34.563+00:00 Imported blocks                            blockNumber=20049153 slot=9254196 blocks=49152 txs=7904746 mgas=743522 bps=28.28 tps=4618 mgps=427.8 avgBps=26.84 avgTps=4316 avgMGps=406.0 elapsed=30m31s311ms
Sep 26 13:08:09 nimbus-eth1-mainnet-short-benchmark[3585577]: INF 2026-09-26 13:08:09.987+00:00 Imported blocks                            blockNumber=20057345 slot=9262435 blocks=57344 txs=9212009 mgas=867360 bps=29.74 tps=4746 mgps=449.6 avgBps=27.22 avgTps=4372 avgMGps=411.7 elapsed=35m6s736ms
Sep 26 13:12:26 nimbus-eth1-mainnet-short-benchmark[3585577]: INF 2026-09-26 13:12:26.932+00:00 Imported blocks                            blockNumber=20065537 slot=9270674 blocks=65536 txs=10559018 mgas=991371 bps=31.88 tps=5242 mgps=482.6 avgBps=27.73 avgTps=4467 avgMGps=419.4 elapsed=39m23s683ms
Sep 26 13:16:32 nimbus-eth1-mainnet-short-benchmark[3585577]: INF 2026-09-26 13:16:32.468+00:00 Imported blocks                            blockNumber=20073729 slot=9278910 blocks=73728 txs=11898676 mgas=1115111 bps=33.36 tps=5456 mgps=504.0 avgBps=28.26 avgTps=4560 avgMGps=427.4 elapsed=43m29s217ms
Sep 26 13:20:28 nimbus-eth1-mainnet-short-benchmark[3585577]: INF 2026-09-26 13:20:28.641+00:00 Imported blocks                            blockNumber=20081921 slot=9287152 blocks=81920 txs=13323263 mgas=1239150 bps=34.69 tps=6031 mgps=525.2 avgBps=28.79 avgTps=4682 avgMGps=435.5 elapsed=47m25s393ms
Sep 26 13:24:20 nimbus-eth1-mainnet-short-benchmark[3585577]: INF 2026-09-26 13:24:20.842+00:00 Imported blocks                            blockNumber=20090113 slot=9295408 blocks=90112 txs=14697082 mgas=1363113 bps=35.28 tps=5916 mgps=533.9 avgBps=29.28 avgTps=4775 avgMGps=442.9 elapsed=51m17s592ms
Sep 26 13:28:28 nimbus-eth1-mainnet-short-benchmark[3585577]: INF 2026-09-26 13:28:28.846+00:00 Imported blocks                            blockNumber=20098305 slot=9303658 blocks=98304 txs=16025683 mgas=1487146 bps=33.03 tps=5357 mgps=500.1 avgBps=29.56 avgTps=4818 avgMGps=447.2 elapsed=55m25s596ms
Sep 26 13:32:49 nimbus-eth1-mainnet-short-benchmark[3585577]: INF 2026-09-26 13:32:49.426+00:00 Imported blocks                            blockNumber=20106497 slot=9311895 blocks=106496 txs=17337157 mgas=1611066 bps=31.44 tps=5032 mgps=475.6 avgBps=29.70 avgTps=4834 avgMGps=449.2 elapsed=59m46s176ms
Sep 26 13:36:57 nimbus-eth1-mainnet-short-benchmark[3585577]: INF 2026-09-26 13:36:57.187+00:00 Imported blocks                            blockNumber=20114689 slot=9320146 blocks=114688 txs=18632097 mgas=1735123 bps=33.06 tps=5226 mgps=500.7 avgBps=29.91 avgTps=4859 avgMGps=452.6 elapsed=1h3m53s
Sep 26 13:40:47 nimbus-eth1-mainnet-short-benchmark[3585577]: INF 2026-09-26 13:40:47.412+00:00 Imported blocks                            blockNumber=20122881 slot=9328409 blocks=122880 txs=19937418 mgas=1859249 bps=35.58 tps=5669 mgps=539.2 avgBps=30.24 avgTps=4905 avgMGps=457.5 elapsed=1h7m44s
Sep 26 13:44:35 nimbus-eth1-mainnet-short-benchmark[3585577]: INF 2026-09-26 13:44:35.764+00:00 Imported blocks                            blockNumber=20131073 slot=9336660 blocks=131072 txs=21214129 mgas=1983500 bps=35.87 tps=5590 mgps=544.1 avgBps=30.54 avgTps=4942 avgMGps=462.1 elapsed=1h11m32s
Sep 26 13:48:25 nimbus-eth1-mainnet-short-benchmark[3585577]: INF 2026-09-26 13:48:25.465+00:00 Imported blocks                            blockNumber=20139265 slot=9344906 blocks=139264 txs=22579079 mgas=2107571 bps=35.66 tps=5942 mgps=540.1 avgBps=30.80 avgTps=4992 avgMGps=466.0 elapsed=1h15m22s
Sep 26 13:53:01 nimbus-eth1-mainnet-short-benchmark[3585577]: INF 2026-09-26 13:53:01.329+00:00 Imported blocks                            blockNumber=20147457 slot=9353153 blocks=147456 txs=24133322 mgas=2231686 bps=29.70 tps=5634 mgps=449.9 avgBps=30.73 avgTps=5029 avgMGps=465.1 elapsed=1h19m58s
Sep 26 13:57:23 nimbus-eth1-mainnet-short-benchmark[3585577]: INF 2026-09-26 13:57:23.578+00:00 Imported blocks                            blockNumber=20155649 slot=9361407 blocks=155648 txs=25424015 mgas=2356018 bps=31.24 tps=4921 mgps=474.1 avgBps=30.76 avgTps=5024 avgMGps=465.6 elapsed=1h24m20s
Sep 26 14:01:25 nimbus-eth1-mainnet-short-benchmark[3585577]: INF 2026-09-26 14:01:25.730+00:00 Imported blocks                            blockNumber=20163841 slot=9369652 blocks=163840 txs=26749549 mgas=2480207 bps=33.83 tps=5474 mgps=512.9 avgBps=30.90 avgTps=5044 avgMGps=467.7 elapsed=1h28m22s
Sep 26 14:05:23 nimbus-eth1-mainnet-short-benchmark[3585577]: INF 2026-09-26 14:05:23.419+00:00 Imported blocks                            blockNumber=20172033 slot=9377892 blocks=172032 txs=28105316 mgas=2604026 bps=34.47 tps=5703 mgps=520.9 avgBps=31.05 avgTps=5073 avgMGps=470.0 elapsed=1h32m20s
Sep 26 14:09:24 nimbus-eth1-mainnet-short-benchmark[3585577]: INF 2026-09-26 14:09:24.711+00:00 Imported blocks                            blockNumber=20180225 slot=9386128 blocks=180224 txs=29524405 mgas=2728170 bps=33.95 tps=5881 mgps=514.5 avgBps=31.17 avgTps=5106 avgMGps=471.9 elapsed=1h36m21s
Sep 26 14:13:07 nimbus-eth1-mainnet-short-benchmark[3585577]: INF 2026-09-26 14:13:07.068+00:00 Imported blocks                            blockNumber=20188417 slot=9394365 blocks=188416 txs=30849021 mgas=2852023 bps=36.84 tps=5957 mgps=557.0 avgBps=31.38 avgTps=5138 avgMGps=475.0 elapsed=1h40m3s
Sep 26 14:17:15 nimbus-eth1-mainnet-short-benchmark[3585577]: INF 2026-09-26 14:17:15.381+00:00 Imported blocks                            blockNumber=20196609 slot=9402602 blocks=196608 txs=32174755 mgas=2976155 bps=32.99 tps=5338 mgps=499.9 avgBps=31.45 avgTps=5146 avgMGps=476.0 elapsed=1h44m12s
Sep 26 14:21:37 nimbus-eth1-mainnet-short-benchmark[3585577]: INF 2026-09-26 14:21:37.517+00:00 Imported blocks                            blockNumber=20204801 slot=9410840 blocks=204800 txs=33475942 mgas=3100410 bps=31.25 tps=4963 mgps=474.0 avgBps=31.44 avgTps=5138 avgMGps=475.9 elapsed=1h48m34s
Sep 26 14:25:38 nimbus-eth1-mainnet-short-benchmark[3585577]: INF 2026-09-26 14:25:38.142+00:00 Imported blocks                            blockNumber=20212993 slot=9419071 blocks=212992 txs=34798508 mgas=3224370 bps=34.04 tps=5496 mgps=515.2 avgBps=31.53 avgTps=5151 avgMGps=477.3 elapsed=1h52m34s
Sep 26 14:29:32 nimbus-eth1-mainnet-short-benchmark[3585577]: INF 2026-09-26 14:29:32.830+00:00 Imported blocks                            blockNumber=20221185 slot=9427313 blocks=221184 txs=36114045 mgas=3348169 bps=34.91 tps=5605 mgps=527.5 avgBps=31.64 avgTps=5166 avgMGps=479.0 elapsed=1h56m29s
Sep 26 14:33:08 nimbus-eth1-mainnet-short-benchmark[3585577]: INF 2026-09-26 14:33:08.335+00:00 Imported blocks                            blockNumber=20229377 slot=9435549 blocks=229376 txs=37421794 mgas=3472031 bps=38.01 tps=6068 mgps=574.7 avgBps=31.84 avgTps=5193 avgMGps=481.9 elapsed=2h5s86ms
Sep 26 14:36:56 nimbus-eth1-mainnet-short-benchmark[3585577]: INF 2026-09-26 14:36:56.528+00:00 Imported blocks                            blockNumber=20237569 slot=9443788 blocks=237568 txs=38842064 mgas=3596351 bps=35.90 tps=6224 mgps=544.8 avgBps=31.96 avgTps=5225 avgMGps=483.8 elapsed=2h3m53s
Sep 26 14:41:01 nimbus-eth1-mainnet-short-benchmark[3585577]: INF 2026-09-26 14:41:01.565+00:00 Imported blocks                            blockNumber=20245761 slot=9452021 blocks=245760 txs=40225739 mgas=3720100 bps=33.43 tps=5646 mgps=505.0 avgBps=32.01 avgTps=5238 avgMGps=484.5 elapsed=2h7m58s
Sep 26 14:45:21 nimbus-eth1-mainnet-short-benchmark[3585577]: INF 2026-09-26 14:45:21.445+00:00 Imported blocks                            blockNumber=20253953 slot=9460253 blocks=253952 txs=41454921 mgas=3844385 bps=31.52 tps=4729 mgps=478.2 avgBps=31.99 avgTps=5222 avgMGps=484.3 elapsed=2h12m18s
Sep 26 14:49:28 nimbus-eth1-mainnet-short-benchmark[3585577]: INF 2026-09-26 14:49:28.929+00:00 Imported blocks                            blockNumber=20262145 slot=9468495 blocks=262144 txs=42726051 mgas=3968623 bps=33.10 tps=5136 mgps=502.0 avgBps=32.02 avgTps=5219 avgMGps=484.8 elapsed=2h16m25s
Sep 26 14:53:19 nimbus-eth1-mainnet-short-benchmark[3585577]: INF 2026-09-26 14:53:19.346+00:00 Imported blocks                            blockNumber=20270337 slot=9476748 blocks=270336 txs=44050436 mgas=4092682 bps=35.55 tps=5747 mgps=538.4 avgBps=32.12 avgTps=5234 avgMGps=486.3 elapsed=2h20m16s
Sep 26 14:56:55 nimbus-eth1-mainnet-short-benchmark[3585577]: INF 2026-09-26 14:56:55.435+00:00 Imported blocks                            blockNumber=20278529 slot=9484981 blocks=278528 txs=45382368 mgas=4216487 bps=37.91 tps=6163 mgps=572.9 avgBps=32.27 avgTps=5257 avgMGps=488.5 elapsed=2h23m52s
Sep 26 15:00:36 nimbus-eth1-mainnet-short-benchmark[3585577]: INF 2026-09-26 15:00:36.528+00:00 Imported blocks                            blockNumber=20286721 slot=9493213 blocks=286720 txs=46733429 mgas=4340363 bps=37.05 tps=6110 mgps=560.3 avgBps=32.39 avgTps=5278 avgMGps=490.3 elapsed=2h27m33s
Sep 26 15:04:38 nimbus-eth1-mainnet-short-benchmark[3585577]: INF 2026-09-26 15:04:38.485+00:00 Imported blocks                            blockNumber=20294913 slot=9501453 blocks=294912 txs=48075887 mgas=4464376 bps=33.86 tps=5548 mgps=512.5 avgBps=32.42 avgTps=5285 avgMGps=490.8 elapsed=2h31m35s
Sep 26 15:08:34 nimbus-eth1-mainnet-short-benchmark[3585577]: INF 2026-09-26 15:08:34.398+00:00 Imported blocks                            blockNumber=20303105 slot=9509696 blocks=303104 txs=49379538 mgas=4588534 bps=34.73 tps=5526 mgps=526.3 avgBps=32.48 avgTps=5291 avgMGps=491.7 elapsed=2h35m31s
Sep 26 15:12:25 nimbus-eth1-mainnet-short-benchmark[3585577]: INF 2026-09-26 15:12:25.035+00:00 Imported blocks                            blockNumber=20311297 slot=9517922 blocks=311296 txs=50637672 mgas=4712596 bps=35.52 tps=5455 mgps=537.9 avgBps=32.56 avgTps=5295 avgMGps=492.9 elapsed=2h39m21s
Sep 26 15:16:05 nimbus-eth1-mainnet-short-benchmark[3585577]: INF 2026-09-26 15:16:05.555+00:00 Imported blocks                            blockNumber=20319489 slot=9526159 blocks=319488 txs=51981692 mgas=4836521 bps=37.15 tps=6094 mgps=562.0 avgBps=32.66 avgTps=5313 avgMGps=494.4 elapsed=2h43m2s
Sep 26 15:19:27 nimbus-eth1-mainnet-short-benchmark[3585577]: INF 2026-09-26 15:19:27.649+00:00 Imported blocks                            blockNumber=20327681 slot=9534381 blocks=327680 txs=53356123 mgas=4960245 bps=40.53 tps=6800 mgps=612.2 avgBps=32.82 avgTps=5343 avgMGps=496.8 elapsed=2h46m24s
Sep 26 15:22:49 nimbus-eth1-mainnet-short-benchmark[3585577]: INF 2026-09-26 15:22:49.674+00:00 Imported blocks                            blockNumber=20335873 slot=9542617 blocks=335872 txs=54719105 mgas=5084025 bps=40.55 tps=6746 mgps=612.7 avgBps=32.97 avgTps=5371 avgMGps=499.1 elapsed=2h49m46s
Sep 26 15:26:29 nimbus-eth1-mainnet-short-benchmark[3585577]: INF 2026-09-26 15:26:29.655+00:00 Imported blocks                            blockNumber=20344065 slot=9550841 blocks=344064 txs=56021853 mgas=5207843 bps=37.24 tps=5922 mgps=562.9 avgBps=33.06 avgTps=5383 avgMGps=500.4 elapsed=2h53m26s
Sep 26 15:30:43 nimbus-eth1-mainnet-short-benchmark[3585577]: INF 2026-09-26 15:30:43.171+00:00 Imported blocks                            blockNumber=20352257 slot=9559072 blocks=352256 txs=57290408 mgas=5332016 bps=32.31 tps=5003 mgps=489.8 avgBps=33.04 avgTps=5374 avgMGps=500.2 elapsed=2h57m39s
Sep 26 15:34:33 nimbus-eth1-mainnet-short-benchmark[3585577]: INF 2026-09-26 15:34:33.152+00:00 Imported blocks                            blockNumber=20360449 slot=9567308 blocks=360448 txs=58543463 mgas=5456201 bps=35.62 tps=5448 mgps=540.0 avgBps=33.10 avgTps=5375 avgMGps=501.0 elapsed=3h1m29s
Sep 26 15:38:16 nimbus-eth1-mainnet-short-benchmark[3585577]: INF 2026-09-26 15:38:16.933+00:00 Imported blocks                            blockNumber=20368641 slot=9575548 blocks=368640 txs=59874056 mgas=5580204 bps=36.61 tps=5945 mgps=554.1 avgBps=33.17 avgTps=5387 avgMGps=502.1 elapsed=3h5m13s
Sep 26 15:42:08 nimbus-eth1-mainnet-short-benchmark[3585577]: INF 2026-09-26 15:42:08.901+00:00 Imported blocks                            blockNumber=20376833 slot=9583774 blocks=376832 txs=61167066 mgas=5704396 bps=35.32 tps=5574 mgps=535.4 avgBps=33.21 avgTps=5391 avgMGps=502.8 elapsed=3h9m5s
Sep 26 15:45:54 nimbus-eth1-mainnet-short-benchmark[3585577]: INF 2026-09-26 15:45:54.942+00:00 Imported blocks                            blockNumber=20385025 slot=9592009 blocks=385024 txs=62480333 mgas=5828235 bps=36.24 tps=5809 mgps=547.9 avgBps=33.27 avgTps=5399 avgMGps=503.7 elapsed=3h12m51s
Sep 26 15:49:40 nimbus-eth1-mainnet-short-benchmark[3585577]: INF 2026-09-26 15:49:40.699+00:00 Imported blocks                            blockNumber=20393217 slot=9600248 blocks=393216 txs=63800597 mgas=5952136 bps=36.29 tps=5848 mgps=548.8 avgBps=33.33 avgTps=5407 avgMGps=504.5 elapsed=3h16m37s
Sep 26 15:53:16 nimbus-eth1-mainnet-short-benchmark[3585577]: INF 2026-09-26 15:53:16.880+00:00 Imported blocks                            blockNumber=20401409 slot=9608486 blocks=401408 txs=65021243 mgas=6076384 bps=37.89 tps=5646 mgps=574.7 avgBps=33.41 avgTps=5412 avgMGps=505.8 elapsed=3h20m13s
Sep 26 15:57:09 nimbus-eth1-mainnet-short-benchmark[3585577]: INF 2026-09-26 15:57:09.009+00:00 Imported blocks                            blockNumber=20409601 slot=9616707 blocks=409600 txs=66199016 mgas=6200666 bps=35.29 tps=5073 mgps=535.4 avgBps=33.45 avgTps=5405 avgMGps=506.4 elapsed=3h24m5s
Sep 26 16:00:52 nimbus-eth1-mainnet-short-benchmark[3585577]: INF 2026-09-26 16:00:52.846+00:00 Imported blocks                            blockNumber=20417793 slot=9624941 blocks=417792 txs=67453930 mgas=6324823 bps=36.60 tps=5606 mgps=554.7 avgBps=33.50 avgTps=5409 avgMGps=507.2 elapsed=3h27m49s
Sep 26 16:04:11 nimbus-eth1-mainnet-short-benchmark[3585577]: INF 2026-09-26 16:04:11.535+00:00 Imported blocks                            blockNumber=20425985 slot=9633187 blocks=425984 txs=68814904 mgas=6448778 bps=41.23 tps=6849 mgps=623.9 avgBps=33.63 avgTps=5432 avgMGps=509.0 elapsed=3h31m8s
Sep 26 16:07:29 nimbus-eth1-mainnet-short-benchmark[3585577]: INF 2026-09-26 16:07:29.040+00:00 Imported blocks                            blockNumber=20434177 slot=9641422 blocks=434176 txs=70124508 mgas=6572711 bps=41.48 tps=6630 mgps=627.5 avgBps=33.75 avgTps=5450 avgMGps=510.9 elapsed=3h34m25s
Sep 26 16:10:58 nimbus-eth1-mainnet-short-benchmark[3585577]: INF 2026-09-26 16:10:58.545+00:00 Imported blocks                            blockNumber=20442369 slot=9649657 blocks=442368 txs=71403576 mgas=6696451 bps=39.10 tps=6105 mgps=590.6 avgBps=33.83 avgTps=5460 avgMGps=512.1 elapsed=3h37m55s
Sep 26 16:14:45 nimbus-eth1-mainnet-short-benchmark[3585577]: INF 2026-09-26 16:14:45.458+00:00 Imported blocks                            blockNumber=20450561 slot=9657896 blocks=450560 txs=72659905 mgas=6820521 bps=36.10 tps=5536 mgps=546.8 avgBps=33.87 avgTps=5462 avgMGps=512.7 elapsed=3h41m42s
Sep 26 16:18:53 nimbus-eth1-mainnet-short-benchmark[3585577]: INF 2026-09-26 16:18:53.906+00:00 Imported blocks                            blockNumber=20458753 slot=9666114 blocks=458752 txs=73838533 mgas=6945116 bps=32.97 tps=4743 mgps=501.5 avgBps=33.85 avgTps=5449 avgMGps=512.5 elapsed=3h45m50s
Sep 26 16:22:40 nimbus-eth1-mainnet-short-benchmark[3585577]: INF 2026-09-26 16:22:40.023+00:00 Imported blocks                            blockNumber=20466945 slot=9674343 blocks=466944 txs=75124748 mgas=7068943 bps=36.23 tps=5688 mgps=547.6 avgBps=33.89 avgTps=5452 avgMGps=513.1 elapsed=3h49m36s
Sep 26 16:26:23 nimbus-eth1-mainnet-short-benchmark[3585577]: INF 2026-09-26 16:26:23.560+00:00 Imported blocks                            blockNumber=20475137 slot=9682575 blocks=475136 txs=76420106 mgas=7192870 bps=36.65 tps=5794 mgps=554.4 avgBps=33.94 avgTps=5458 avgMGps=513.8 elapsed=3h53m20s
Sep 26 16:29:58 nimbus-eth1-mainnet-short-benchmark[3585577]: INF 2026-09-26 16:29:58.093+00:00 Imported blocks                            blockNumber=20483329 slot=9690800 blocks=483328 txs=77675422 mgas=7316939 bps=38.18 tps=5851 mgps=578.3 avgBps=34.00 avgTps=5464 avgMGps=514.7 elapsed=3h56m54s
Sep 26 16:33:28 nimbus-eth1-mainnet-short-benchmark[3585577]: INF 2026-09-26 16:33:28.874+00:00 Imported blocks                            blockNumber=20491521 slot=9699019 blocks=491520 txs=78951232 mgas=7440784 bps=38.87 tps=6052 mgps=587.6 avgBps=34.07 avgTps=5472 avgMGps=515.8 elapsed=4h25s624ms
Sep 26 16:37:14 nimbus-eth1-mainnet-short-benchmark[3585577]: INF 2026-09-26 16:37:14.183+00:00 Imported blocks                            blockNumber=20499713 slot=9707248 blocks=499712 txs=80189642 mgas=7564669 bps=36.36 tps=5496 mgps=549.8 avgBps=34.11 avgTps=5473 avgMGps=516.3 elapsed=4h4m10s
Sep 26 16:41:05 nimbus-eth1-mainnet-short-benchmark[3585577]: INF 2026-09-26 16:41:05.587+00:00 Imported blocks                            blockNumber=20507905 slot=9715488 blocks=507904 txs=81317763 mgas=7689208 bps=35.40 tps=4875 mgps=538.2 avgBps=34.13 avgTps=5464 avgMGps=516.7 elapsed=4h8m2s
Sep 26 16:44:31 nimbus-eth1-mainnet-short-benchmark[3585577]: INF 2026-09-26 16:44:31.745+00:00 Imported blocks                            blockNumber=20516097 slot=9723715 blocks=516096 txs=82520262 mgas=7813209 bps=39.74 tps=5832 mgps=601.5 avgBps=34.20 avgTps=5469 avgMGps=517.8 elapsed=4h11m28s
Sep 26 16:48:09 nimbus-eth1-mainnet-short-benchmark[3585577]: INF 2026-09-26 16:48:09.177+00:00 Imported blocks                            blockNumber=20524289 slot=9731945 blocks=524288 txs=83780075 mgas=7937233 bps=37.68 tps=5794 mgps=570.4 avgBps=34.25 avgTps=5473 avgMGps=518.6 elapsed=4h15m5s
Sep 26 16:51:52 nimbus-eth1-mainnet-short-benchmark[3585577]: INF 2026-09-26 16:51:52.938+00:00 Imported blocks                            blockNumber=20532481 slot=9740183 blocks=532480 txs=85263862 mgas=8061024 bps=36.61 tps=6631 mgps=553.2 avgBps=34.29 avgTps=5490 avgMGps=519.1 elapsed=4h18m49s
Sep 26 16:55:39 nimbus-eth1-mainnet-short-benchmark[3585577]: INF 2026-09-26 16:55:39.247+00:00 Imported blocks                            blockNumber=20540673 slot=9748418 blocks=540672 txs=86612143 mgas=8185090 bps=36.20 tps=5957 mgps=548.2 avgBps=34.32 avgTps=5497 avgMGps=519.5 elapsed=4h22m35s
Sep 26 16:59:33 nimbus-eth1-mainnet-short-benchmark[3585577]: INF 2026-09-26 16:59:33.140+00:00 Imported blocks                            blockNumber=20548865 slot=9756662 blocks=548864 txs=87802991 mgas=8309513 bps=35.02 tps=5091 mgps=532.0 avgBps=34.33 avgTps=5491 avgMGps=519.7 elapsed=4h26m29s
Sep 26 17:03:25 nimbus-eth1-mainnet-short-benchmark[3585577]: INF 2026-09-26 17:03:25.849+00:00 Imported blocks                            blockNumber=20557057 slot=9764892 blocks=557056 txs=88964987 mgas=8433956 bps=35.20 tps=4993 mgps=534.7 avgBps=34.34 avgTps=5484 avgMGps=519.9 elapsed=4h30m22s
Sep 26 17:07:05 nimbus-eth1-mainnet-short-benchmark[3585577]: INF 2026-09-26 17:07:05.789+00:00 Imported blocks                            blockNumber=20565249 slot=9773131 blocks=565248 txs=90186094 mgas=8558113 bps=37.25 tps=5551 mgps=564.5 avgBps=34.38 avgTps=5484 avgMGps=520.5 elapsed=4h34m2s
Sep 26 17:10:45 nimbus-eth1-mainnet-short-benchmark[3585577]: INF 2026-09-26 17:10:45.334+00:00 Imported blocks                            blockNumber=20573441 slot=9781369 blocks=573440 txs=91404654 mgas=8682228 bps=37.31 tps=5550 mgps=565.3 avgBps=34.42 avgTps=5485 avgMGps=521.1 elapsed=4h37m42s
Sep 26 17:14:22 nimbus-eth1-mainnet-short-benchmark[3585577]: INF 2026-09-26 17:14:22.031+00:00 Imported blocks                            blockNumber=20581633 slot=9789611 blocks=581632 txs=92628389 mgas=8806651 bps=37.80 tps=5647 mgps=574.2 avgBps=34.46 avgTps=5487 avgMGps=521.8 elapsed=4h41m18s
Sep 26 17:18:06 nimbus-eth1-mainnet-short-benchmark[3585577]: INF 2026-09-26 17:18:06.708+00:00 Imported blocks                            blockNumber=20589825 slot=9797855 blocks=589824 txs=93887208 mgas=8931023 bps=36.46 tps=5602 mgps=553.6 avgBps=34.49 avgTps=5489 avgMGps=522.2 elapsed=4h45m3s
Sep 26 17:21:56 nimbus-eth1-mainnet-short-benchmark[3585577]: INF 2026-09-26 17:21:56.017+00:00 Imported blocks                            blockNumber=20598017 slot=9806095 blocks=598016 txs=95163338 mgas=9055310 bps=35.72 tps=5565 mgps=542.0 avgBps=34.50 avgTps=5490 avgMGps=522.4 elapsed=4h48m52s
Sep 26 17:25:44 nimbus-eth1-mainnet-short-benchmark[3585577]: INF 2026-09-26 17:25:44.010+00:00 Imported blocks                            blockNumber=20606209 slot=9814347 blocks=606208 txs=96334664 mgas=9179976 bps=35.93 tps=5137 mgps=546.8 avgBps=34.52 avgTps=5485 avgMGps=522.8 elapsed=4h52m40s
Sep 26 17:29:25 nimbus-eth1-mainnet-short-benchmark[3585577]: INF 2026-09-26 17:29:25.223+00:00 Imported blocks                            blockNumber=20614401 slot=9822581 blocks=614400 txs=97573414 mgas=9304574 bps=37.03 tps=5599 mgps=563.2 avgBps=34.55 avgTps=5487 avgMGps=523.3 elapsed=4h56m21s
Sep 26 17:33:04 nimbus-eth1-mainnet-short-benchmark[3585577]: INF 2026-09-26 17:33:04.811+00:00 Imported blocks                            blockNumber=20622593 slot=9830821 blocks=622592 txs=98874772 mgas=9428835 bps=37.31 tps=5926 mgps=565.9 avgBps=34.59 avgTps=5492 avgMGps=523.8 elapsed=5h1s560ms
Sep 26 17:36:39 nimbus-eth1-mainnet-short-benchmark[3585577]: INF 2026-09-26 17:36:39.652+00:00 Imported blocks                            blockNumber=20630785 slot=9839058 blocks=630784 txs=100178707 mgas=9553009 bps=38.13 tps=6069 mgps=578.0 avgBps=34.63 avgTps=5499 avgMGps=524.4 elapsed=5h3m36s
Sep 26 17:40:24 nimbus-eth1-mainnet-short-benchmark[3585577]: INF 2026-09-26 17:40:24.773+00:00 Imported blocks                            blockNumber=20638977 slot=9847313 blocks=638976 txs=101489116 mgas=9677171 bps=36.39 tps=5820 mgps=551.5 avgBps=34.65 avgTps=5503 avgMGps=524.7 elapsed=5h7m21s
Sep 26 17:44:04 nimbus-eth1-mainnet-short-benchmark[3585577]: INF 2026-09-26 17:44:04.602+00:00 Imported blocks                            blockNumber=20647169 slot=9855549 blocks=647168 txs=102730058 mgas=9801643 bps=37.27 tps=5645 mgps=566.2 avgBps=34.68 avgTps=5504 avgMGps=525.2 elapsed=5h11m1s
Sep 26 17:48:01 nimbus-eth1-mainnet-short-benchmark[3585577]: INF 2026-09-26 17:48:01.487+00:00 Imported blocks                            blockNumber=20655361 slot=9863778 blocks=655360 txs=103868002 mgas=9926541 bps=34.58 tps=4803 mgps=527.3 avgBps=34.68 avgTps=5496 avgMGps=525.3 elapsed=5h14m58s
Sep 26 17:51:37 nimbus-eth1-mainnet-short-benchmark[3585577]: INF 2026-09-26 17:51:37.620+00:00 Imported blocks                            blockNumber=20663553 slot=9872013 blocks=663552 txs=105112198 mgas=10051274 bps=37.90 tps=5756 mgps=577.1 avgBps=34.71 avgTps=5499 avgMGps=525.8 elapsed=5h18m34s
Sep 26 17:55:02 nimbus-eth1-mainnet-short-benchmark[3585577]: INF 2026-09-26 17:55:02.657+00:00 Imported blocks                            blockNumber=20671745 slot=9880241 blocks=671744 txs=106395904 mgas=10175177 bps=39.95 tps=6260 mgps=604.3 avgBps=34.77 avgTps=5507 avgMGps=526.7 elapsed=5h21m59s
Sep 26 17:58:31 nimbus-eth1-mainnet-short-benchmark[3585577]: INF 2026-09-26 17:58:31.542+00:00 Imported blocks                            blockNumber=20679937 slot=9888471 blocks=679936 txs=107674271 mgas=10299404 bps=39.22 tps=6119 mgps=594.7 avgBps=34.82 avgTps=5513 avgMGps=527.4 elapsed=5h25m28s
Sep 26 18:01:54 nimbus-eth1-mainnet-short-benchmark[3585577]: INF 2026-09-26 18:01:54.507+00:00 Imported blocks                            blockNumber=20688129 slot=9896698 blocks=688128 txs=108938536 mgas=10423298 bps=40.36 tps=6229 mgps=610.4 avgBps=34.88 avgTps=5521 avgMGps=528.3 elapsed=5h28m51s
Sep 26 18:05:28 nimbus-eth1-mainnet-short-benchmark[3585577]: INF 2026-09-26 18:05:28.860+00:00 Imported blocks                            blockNumber=20696321 slot=9904930 blocks=696320 txs=110235786 mgas=10547469 bps=38.22 tps=6051 mgps=579.3 avgBps=34.91 avgTps=5526 avgMGps=528.8 elapsed=5h32m25s
Sep 26 18:09:21 nimbus-eth1-mainnet-short-benchmark[3585577]: INF 2026-09-26 18:09:21.625+00:00 Imported blocks                            blockNumber=20704513 slot=9913154 blocks=704512 txs=111483759 mgas=10671677 bps=35.19 tps=5361 mgps=533.6 avgBps=34.91 avgTps=5524 avgMGps=528.9 elapsed=5h36m18s
Sep 26 18:13:01 nimbus-eth1-mainnet-short-benchmark[3585577]: INF 2026-09-26 18:13:01.342+00:00 Imported blocks                            blockNumber=20712705 slot=9921388 blocks=712704 txs=112764170 mgas=10795980 bps=37.28 tps=5827 mgps=565.7 avgBps=34.94 avgTps=5528 avgMGps=529.3 elapsed=5h39m58s
Sep 26 18:16:25 nimbus-eth1-mainnet-short-benchmark[3585577]: INF 2026-09-26 18:16:25.187+00:00 Imported blocks                            blockNumber=20720897 slot=9929633 blocks=720896 txs=114110517 mgas=10919926 bps=40.19 tps=6604 mgps=608.0 avgBps=34.99 avgTps=5538 avgMGps=530.0 elapsed=5h43m21s
Sep 26 18:19:56 nimbus-eth1-mainnet-short-benchmark[3585577]: INF 2026-09-26 18:19:56.484+00:00 Imported blocks                            blockNumber=20729089 slot=9937869 blocks=729088 txs=115449431 mgas=11043768 bps=38.77 tps=6336 mgps=586.1 avgBps=35.03 avgTps=5546 avgMGps=530.6 elapsed=5h46m53s
Sep 26 18:23:19 nimbus-eth1-mainnet-short-benchmark[3585577]: INF 2026-09-26 18:23:19.121+00:00 Imported blocks                            blockNumber=20737281 slot=9946108 blocks=737280 txs=116784468 mgas=11167784 bps=40.43 tps=6588 mgps=612.0 avgBps=35.08 avgTps=5556 avgMGps=531.4 elapsed=5h50m15s
Sep 26 18:26:52 nimbus-eth1-mainnet-short-benchmark[3585577]: INF 2026-09-26 18:26:52.074+00:00 Imported blocks                            blockNumber=20745473 slot=9954342 blocks=745472 txs=118101003 mgas=11291742 bps=38.47 tps=6182 mgps=582.1 avgBps=35.12 avgTps=5563 avgMGps=531.9 elapsed=5h53m48s
Sep 26 18:30:41 nimbus-eth1-mainnet-short-benchmark[3585577]: INF 2026-09-26 18:30:41.959+00:00 Imported blocks                            blockNumber=20753665 slot=9962581 blocks=753664 txs=119337525 mgas=11415859 bps=35.63 tps=5378 mgps=539.9 avgBps=35.12 avgTps=5561 avgMGps=532.0 elapsed=5h57m38s
Sep 26 18:34:19 nimbus-eth1-mainnet-short-benchmark[3585577]: INF 2026-09-26 18:34:19.868+00:00 Imported blocks                            blockNumber=20761857 slot=9970803 blocks=761856 txs=120564314 mgas=11540225 bps=37.59 tps=5629 mgps=570.7 avgBps=35.15 avgTps=5561 avgMGps=532.4 elapsed=6h1m16s
Sep 26 18:37:43 nimbus-eth1-mainnet-short-benchmark[3585577]: INF 2026-09-26 18:37:43.565+00:00 Imported blocks                            blockNumber=20770049 slot=9979058 blocks=770048 txs=121858083 mgas=11663918 bps=40.22 tps=6351 mgps=607.2 avgBps=35.19 avgTps=5569 avgMGps=533.1 elapsed=6h4m40s
Sep 26 18:40:58 nimbus-eth1-mainnet-short-benchmark[3585577]: INF 2026-09-26 18:40:58.878+00:00 Imported blocks                            blockNumber=20778241 slot=9987307 blocks=778240 txs=123161734 mgas=11787906 bps=41.94 tps=6674 mgps=634.8 avgBps=35.25 avgTps=5579 avgMGps=534.0 elapsed=6h7m55s
Sep 26 18:44:09 nimbus-eth1-mainnet-short-benchmark[3585577]: INF 2026-09-26 18:44:09.079+00:00 Imported blocks                            blockNumber=20786433 slot=9995542 blocks=786432 txs=124509456 mgas=11911612 bps=43.07 tps=7085 mgps=650.4 avgBps=35.32 avgTps=5591 avgMGps=535.0 elapsed=6h11m5s
Sep 26 18:47:25 nimbus-eth1-mainnet-short-benchmark[3585577]: INF 2026-09-26 18:47:25.164+00:00 Imported blocks                            blockNumber=20794625 slot=10003781 blocks=794624 txs=125848921 mgas=12035338 bps=41.78 tps=6830 mgps=631.0 avgBps=35.38 avgTps=5602 avgMGps=535.8 elapsed=6h14m21s
Sep 26 18:50:46 nimbus-eth1-mainnet-short-benchmark[3585577]: INF 2026-09-26 18:50:46.758+00:00 Imported blocks                            blockNumber=20802817 slot=10012028 blocks=802816 txs=127089868 mgas=12158989 bps=40.64 tps=6155 mgps=613.4 avgBps=35.42 avgTps=5607 avgMGps=536.5 elapsed=6h17m43s
Sep 26 18:54:17 nimbus-eth1-mainnet-short-benchmark[3585577]: INF 2026-09-26 18:54:17.051+00:00 Imported blocks                            blockNumber=20811009 slot=10020249 blocks=811008 txs=128299762 mgas=12282850 bps=38.96 tps=5753 mgps=589.0 avgBps=35.46 avgTps=5609 avgMGps=537.0 elapsed=6h21m13s
Sep 26 18:57:33 nimbus-eth1-mainnet-short-benchmark[3585577]: INF 2026-09-26 18:57:33.160+00:00 Imported blocks                            blockNumber=20819201 slot=10028481 blocks=819200 txs=129596319 mgas=12406594 bps=41.77 tps=6611 mgps=631.0 avgBps=35.51 avgTps=5617 avgMGps=537.8 elapsed=6h24m29s
Sep 26 19:00:47 nimbus-eth1-mainnet-short-benchmark[3585577]: INF 2026-09-26 19:00:47.981+00:00 Imported blocks                            blockNumber=20827393 slot=10036710 blocks=827392 txs=130916729 mgas=12530249 bps=42.05 tps=6777 mgps=634.7 avgBps=35.56 avgTps=5627 avgMGps=538.6 elapsed=6h27m44s
Sep 26 19:04:03 nimbus-eth1-mainnet-short-benchmark[3585577]: INF 2026-09-26 19:04:03.802+00:00 Imported blocks                            blockNumber=20835585 slot=10044938 blocks=835584 txs=132226625 mgas=12654070 bps=41.83 tps=6689 mgps=632.3 avgBps=35.62 avgTps=5636 avgMGps=539.4 elapsed=6h31m554ms
Sep 26 19:07:32 nimbus-eth1-mainnet-short-benchmark[3585577]: INF 2026-09-26 19:07:32.115+00:00 Imported blocks                            blockNumber=20843777 slot=10053164 blocks=843776 txs=133604192 mgas=12777730 bps=39.33 tps=6613 mgps=593.6 avgBps=35.65 avgTps=5644 avgMGps=539.9 elapsed=6h34m28s
Sep 26 19:11:26 nimbus-eth1-mainnet-short-benchmark[3585577]: INF 2026-09-26 19:11:26.624+00:00 Imported blocks                            blockNumber=20851969 slot=10061391 blocks=851968 txs=134900706 mgas=12901664 bps=34.93 tps=5528 mgps=528.5 avgBps=35.64 avgTps=5643 avgMGps=539.7 elapsed=6h38m23s
Sep 26 19:15:10 nimbus-eth1-mainnet-short-benchmark[3585577]: INF 2026-09-26 19:15:10.313+00:00 Imported blocks                            blockNumber=20860161 slot=10069622 blocks=860160 txs=136168750 mgas=13025603 bps=36.62 tps=5668 mgps=554.1 avgBps=35.65 avgTps=5643 avgMGps=539.9 elapsed=6h42m7s
Sep 26 19:18:51 nimbus-eth1-mainnet-short-benchmark[3585577]: INF 2026-09-26 19:18:51.734+00:00 Imported blocks                            blockNumber=20868353 slot=10077838 blocks=868352 txs=137550724 mgas=13149742 bps=37.00 tps=6241 mgps=560.6 avgBps=35.66 avgTps=5649 avgMGps=540.1 elapsed=6h45m48s
Sep 26 19:22:30 nimbus-eth1-mainnet-short-benchmark[3585577]: INF 2026-09-26 19:22:30.151+00:00 Imported blocks                            blockNumber=20876545 slot=10086066 blocks=876544 txs=138954673 mgas=13273457 bps=37.51 tps=6427 mgps=566.4 avgBps=35.68 avgTps=5656 avgMGps=540.3 elapsed=6h49m26s
Sep 26 19:26:03 nimbus-eth1-mainnet-short-benchmark[3585577]: INF 2026-09-26 19:26:03.632+00:00 Imported blocks                            blockNumber=20884737 slot=10094286 blocks=884736 txs=140256178 mgas=13397479 bps=38.37 tps=6096 mgps=581.0 avgBps=35.70 avgTps=5659 avgMGps=540.6 elapsed=6h53m382ms
Sep 26 19:29:31 nimbus-eth1-mainnet-short-benchmark[3585577]: INF 2026-09-26 19:29:31.189+00:00 Imported blocks                            blockNumber=20892929 slot=10102512 blocks=892928 txs=141581868 mgas=13521575 bps=39.47 tps=6386 mgps=597.9 avgBps=35.73 avgTps=5666 avgMGps=541.1 elapsed=6h56m27s
Sep 26 19:32:57 nimbus-eth1-mainnet-short-benchmark[3585577]: INF 2026-09-26 19:32:57.782+00:00 Imported blocks                            blockNumber=20901121 slot=10110732 blocks=901120 txs=142875889 mgas=13645572 bps=39.65 tps=6263 mgps=600.2 avgBps=35.77 avgTps=5670 avgMGps=541.6 elapsed=6h59m54s
Sep 26 19:36:23 nimbus-eth1-mainnet-short-benchmark[3585577]: INF 2026-09-26 19:36:23.519+00:00 Imported blocks                            blockNumber=20909313 slot=10118953 blocks=909312 txs=144102308 mgas=13769390 bps=39.82 tps=5961 mgps=601.8 avgBps=35.80 avgTps=5673 avgMGps=542.1 elapsed=7h3m20s
Sep 26 19:39:46 nimbus-eth1-mainnet-short-benchmark[3585577]: INF 2026-09-26 19:39:46.416+00:00 Imported blocks                            blockNumber=20917505 slot=10127176 blocks=917504 txs=145406349 mgas=13893087 bps=40.37 tps=6427 mgps=609.7 avgBps=35.84 avgTps=5679 avgMGps=542.6 elapsed=7h6m43s
Sep 26 19:42:58 nimbus-eth1-mainnet-short-benchmark[3585577]: INF 2026-09-26 19:42:58.346+00:00 Imported blocks                            blockNumber=20925697 slot=10135394 blocks=925696 txs=146718394 mgas=14016820 bps=42.68 tps=6836 mgps=644.7 avgBps=35.89 avgTps=5687 avgMGps=543.4 elapsed=7h9m55s
Sep 26 19:46:24 nimbus-eth1-mainnet-short-benchmark[3585577]: INF 2026-09-26 19:46:24.679+00:00 Imported blocks                            blockNumber=20933889 slot=10143614 blocks=933888 txs=148049109 mgas=14140625 bps=39.70 tps=6449 mgps=600.0 avgBps=35.92 avgTps=5693 avgMGps=543.8 elapsed=7h13m21s
Sep 26 19:49:44 nimbus-eth1-mainnet-short-benchmark[3585577]: INF 2026-09-26 19:49:44.976+00:00 Imported blocks                            blockNumber=20942081 slot=10151840 blocks=942080 txs=149397364 mgas=14264352 bps=40.90 tps=6731 mgps=617.7 avgBps=35.95 avgTps=5701 avgMGps=544.4 elapsed=7h16m41s
Sep 26 19:53:08 nimbus-eth1-mainnet-short-benchmark[3585577]: INF 2026-09-26 19:53:08.489+00:00 Imported blocks                            blockNumber=20950273 slot=10160098 blocks=950272 txs=150765507 mgas=14388237 bps=40.25 tps=6722 mgps=608.7 avgBps=35.99 avgTps=5709 avgMGps=544.9 elapsed=7h20m5s
Sep 26 19:56:47 nimbus-eth1-mainnet-short-benchmark[3585577]: INF 2026-09-26 19:56:47.370+00:00 Imported blocks                            blockNumber=20958465 slot=10168363 blocks=958464 txs=152044771 mgas=14511987 bps=37.43 tps=5844 mgps=565.4 avgBps=36.00 avgTps=5710 avgMGps=545.1 elapsed=7h23m44s
Sep 26 20:00:18 nimbus-eth1-mainnet-short-benchmark[3585577]: INF 2026-09-26 20:00:18.756+00:00 Imported blocks                            blockNumber=20966657 slot=10176609 blocks=966656 txs=153365296 mgas=14635804 bps=38.75 tps=6247 mgps=585.7 avgBps=36.02 avgTps=5715 avgMGps=545.4 elapsed=7h27m15s
Sep 26 20:03:45 nimbus-eth1-mainnet-short-benchmark[3585577]: INF 2026-09-26 20:03:45.765+00:00 Imported blocks                            blockNumber=20974849 slot=10184849 blocks=974848 txs=154744917 mgas=14759580 bps=39.57 tps=6664 mgps=597.9 avgBps=36.05 avgTps=5722 avgMGps=545.8 elapsed=7h30m42s
Sep 26 20:07:19 nimbus-eth1-mainnet-short-benchmark[3585577]: INF 2026-09-26 20:07:19.986+00:00 Imported blocks                            blockNumber=20983041 slot=10193086 blocks=983040 txs=156055229 mgas=14883451 bps=38.24 tps=6116 mgps=578.2 avgBps=36.07 avgTps=5725 avgMGps=546.0 elapsed=7h34m16s
Sep 26 20:10:30 nimbus-eth1-mainnet-short-benchmark[3585577]: INF 2026-09-26 20:10:30.127+00:00 Imported blocks                            blockNumber=20991233 slot=10201319 blocks=991232 txs=157563202 mgas=15007557 bps=43.08 tps=7930 mgps=652.7 avgBps=36.11 avgTps=5740 avgMGps=546.8 elapsed=7h37m26s
Sep 26 20:14:10 nimbus-eth1-mainnet-short-benchmark[3585577]: INF 2026-09-26 20:14:10.916+00:00 Imported blocks                            blockNumber=20999425 slot=10209549 blocks=999424 txs=159003277 mgas=15131383 bps=37.10 tps=6522 mgps=560.8 avgBps=36.12 avgTps=5746 avgMGps=546.9 elapsed=7h41m7s
Sep 26 20:14:26 nimbus-eth1-mainnet-short-benchmark[3585577]: INF 2026-09-26 20:14:26.964+00:00 Imported blocks                            blockNumber=21000001 slot=10210128 blocks=1000000 txs=159109486 mgas=15140191 bps=35.89 tps=6618 mgps=548.8 avgBps=36.12 avgTps=5747 avgMGps=546.9 elapsed=7h41m23s
Sep 26 20:14:26 nimbus-eth1-mainnet-short-benchmark[3585577]: NTC 2026-09-26 20:14:26.964+00:00 Import complete                            blockNumber=21000001 slot=10210128 blocks=1000000 txs=159109486 mgas=15140191
Sep 26 20:14:27 nimbus-eth1-mainnet-short-benchmark[3556591]: <<< ending startNimbusWithImport (success)
Sep 26 20:14:27 nimbus-eth1-mainnet-short-benchmark[3556591]: >>> starting moveBenchmarkingFileToRepo
Sep 26 20:14:27 nimbus-eth1-mainnet-short-benchmark[3556591]: >>> copying debug-csv generated by nimbus to benchmarks repo
Sep 26 20:14:27 nimbus-eth1-mainnet-short-benchmark[3556591]: <<< ending moveBenchmarkingFileToRepo (success)
Sep 26 20:14:27 nimbus-eth1-mainnet-short-benchmark[3556591]: >>> starting generateBuildEnvironmentLogFile
Sep 26 20:14:36 nimbus-eth1-mainnet-short-benchmark[3556591]: <<< ending generateBuildEnvironmentLogFile (success)
Sep 26 20:14:36 nimbus-eth1-mainnet-short-benchmark[3556591]: >>> starting generateSystemdServiceLogs
